
U-Boot SPL 2014.07-00097-g772e173 (Jul 25 2014 - 20:02:52)


U-Boot 2014.07-00097-g772e173 (Jul 25 2014 - 20:02:52)

TEGRA124
Board: NVIDIA Jetson TK1
I2C:   ready
DRAM:  2 GiB
MMC:   Tegra SD/MMC: 0, Tegra SD/MMC: 1
In:    serial
Out:   serial
Err:   serial
Net:   Net Initialization Skipped
No ethernet found.
Hit any key to stop autoboot:  2  0 
Tegra124 (Jetson TK1) # 
Tegra124 (Jetson TK1) # usb reset
(Re)start USB...
USB0:   USB EHCI 1.10
scanning bus 0 for devices... 1 USB Device(s) found
USB1:   USB EHCI 1.10
scanning bus 1 for devices... 2 USB Device(s) found
       scanning usb for storage devices... 0 Storage Device(s) found
       scanning usb for ethernet devices... 
Warning: asx0 using MAC address from net device
1 Ethernet Device(s) found
Tegra124 (Jetson TK1) # setenv bootargs 'ignore_loglevel console=ttyS0,115200n8 rw root=/dev/mmcblk0p1 rootwait gpt debug noinitrd earlyprintk init=/bin/bash'
Tegra124 (Jetson TK1) # setenv ipaddr 192.168.100.102; setenv serverip 192.168.100.1; setenv tftpserverip 192.168.100.1
Tegra124 (Jetson TK1) # tftpboot 0x82000000 zImage.multi_v7_defconfig
Using asx0 device
TFTP from server 192.168.100.1; our IP address is 192.168.100.102
Filename 'zImage.multi_v7_defconfig'.
Load address: 0x82000000
Loading: *#################################################################
	 #################################################################
	 #################################################################
	 #################################################################
	 #################################################################
	 #################################################################
	 ########################################################
	 3.1 MiB/s
done
Bytes transferred = 6538088 (63c368 hex)
Tegra124 (Jetson TK1) # tftpboot 0x83000000 tegra124-jetson-tk1.dtb
Using asx0 device
TFTP from server 192.168.100.1; our IP address is 192.168.100.102
Filename 'tegra124-jetson-tk1.dtb'.
Load address: 0x83000000
Loading: *#####
	 3.1 MiB/s
done
Bytes transferred = 64138 (fa8a hex)
Tegra124 (Jetson TK1) # bootz 0x82000000 - 0x83000000
Kernel image @ 0x82000000 [ 0x000000 - 0x63c368 ]
## Flattened Device Tree blob at 83000000
   Booting using the fdt blob at 0x83000000
   Using Device Tree in place at 83000000, end 83012a89

Starting kernel ...

[    0.000000] Booting Linux on physical CPU 0x0
[    0.000000] Linux version 4.4.0-rc1-53999-g8005c49 (pwalmsley@sellafield) (gcc version 4.7.3 20130328 (prerelease) (crosstool-NG linaro-1.13.1-4.7-2013.04-20130415 - Linaro GCC 2013.04) ) #1 SMP Thu Dec 10 04:34:37 PST 2015
[    0.000000] CPU: ARMv7 Processor [413fc0f3] revision 3 (ARMv7), cr=10c5387d
[    0.000000] CPU: PIPT / VIPT nonaliasing data cache, PIPT instruction cache
[    0.000000] Machine model: NVIDIA Tegra124 Jetson TK1
[    0.000000] debug: ignoring loglevel setting.
[    0.000000] cma: Reserved 64 MiB at 0xfb800000
[    0.000000] Memory policy: Data cache writealloc
[    0.000000] On node 0 totalpages: 524032
[    0.000000] free_area_init_node: node 0, pgdat c0fbffc0, node_mem_map eeff8000
[    0.000000]   DMA zone: 1536 pages used for memmap
[    0.000000]   DMA zone: 0 pages reserved
[    0.000000]   DMA zone: 196608 pages, LIFO batch:31
[    0.000000]   HighMem zone: 327424 pages, LIFO batch:31
[    0.000000] PERCPU: Embedded 12 pages/cpu @eef8f000 s19136 r8192 d21824 u49152
[    0.000000] pcpu-alloc: s19136 r8192 d21824 u49152 alloc=12*4096
[    0.000000] pcpu-alloc: [0] 0 [0] 1 [0] 2 [0] 3 
[    0.000000] Built 1 zonelists in Zone order, mobility grouping on.  Total pages: 522496
[    0.000000] Kernel command line: ignore_loglevel console=ttyS0,115200n8 rw root=/dev/mmcblk0p1 rootwait gpt debug noinitrd earlyprintk init=/bin/bash
[    0.000000] PID hash table entries: 4096 (order: 2, 16384 bytes)
[    0.000000] Dentry cache hash table entries: 131072 (order: 7, 524288 bytes)
[    0.000000] Inode-cache hash table entries: 65536 (order: 6, 262144 bytes)
[    0.000000] Memory: 1998496K/2096128K available (8231K kernel code, 1039K rwdata, 3732K rodata, 1048K init, 340K bss, 32096K reserved, 65536K cma-reserved, 1244160K highmem)
[    0.000000] Virtual kernel memory layout:
[    0.000000]     vector  : 0xffff0000 - 0xffff1000   (   4 kB)
[    0.000000]     fixmap  : 0xffc00000 - 0xfff00000   (3072 kB)
[    0.000000]     vmalloc : 0xf0800000 - 0xff800000   ( 240 MB)
[    0.000000]     lowmem  : 0xc0000000 - 0xf0000000   ( 768 MB)
[    0.000000]     pkmap   : 0xbfe00000 - 0xc0000000   (   2 MB)
[    0.000000]     modules : 0xbf000000 - 0xbfe00000   (  14 MB)
[    0.000000]       .text : 0xc0208000 - 0xc0db7c60   (11968 kB)
[    0.000000]       .init : 0xc0db8000 - 0xc0ebe000   (1048 kB)
[    0.000000]       .data : 0xc0ebe000 - 0xc0fc1f20   (1040 kB)
[    0.000000]        .bss : 0xc0fc4000 - 0xc10193e8   ( 341 kB)
[    0.000000] SLUB: HWalign=64, Order=0-3, MinObjects=0, CPUs=4, Nodes=1
[    0.000000] Hierarchical RCU implementation.
[    0.000000] 	Build-time adjustment of leaf fanout to 32.
[    0.000000] 	RCU restricting CPUs from NR_CPUS=16 to nr_cpu_ids=4.
[    0.000000] RCU: Adjusting geometry for rcu_fanout_leaf=32, nr_cpu_ids=4
[    0.000000] NR_IRQS:16 nr_irqs:16 16
[    0.000000] /interrupt-controller@60004000: 160 interrupts forwarded to /interrupt-controller@0,50041000
[    0.000000] L2C: failed to init: -19
[    0.000009] sched_clock: 32 bits at 1000kHz, resolution 1000ns, wraps every 2147483647500ns
[    0.000028] clocksource: timer_us: mask: 0xffffffff max_cycles: 0xffffffff, max_idle_ns: 1911260446275 ns
[    0.000040] Switching to timer-based delay loop, resolution 1000ns
[    0.004427] Architected cp15 timer(s) running at 12.00MHz (virt).
[    0.004444] clocksource: arch_sys_counter: mask: 0xffffffffffffff max_cycles: 0x2c47f4ee7, max_idle_ns: 440795202497 ns
[    0.004461] sched_clock: 56 bits at 12MHz, resolution 83ns, wraps every 4398046511096ns
[    0.004473] Switching to timer-based delay loop, resolution 83ns
[    0.004891] Console: colour dummy device 80x30
[    0.004916] Calibrating delay loop (skipped), value calculated using timer frequency.. 24.00 BogoMIPS (lpj=60000)
[    0.004930] pid_max: default: 32768 minimum: 301
[    0.005035] Mount-cache hash table entries: 2048 (order: 1, 8192 bytes)
[    0.005047] Mountpoint-cache hash table entries: 2048 (order: 1, 8192 bytes)
[    0.005625] CPU: Testing write buffer coherency: ok
[    0.005839] /cpus/cpu@0 missing clock-frequency property
[    0.005877] /cpus/cpu@1 missing clock-frequency property
[    0.005915] /cpus/cpu@2 missing clock-frequency property
[    0.005953] /cpus/cpu@3 missing clock-frequency property
[    0.005964] CPU0: thread -1, cpu 0, socket 0, mpidr 80000000
[    0.006009] Setting up static identity map for 0x80209000 - 0x80209098
[    0.008964] Tegra Revision: A01 SKU: 129 CPU Process: 1 SoC Process: 1
[    0.010323] CPU1: thread -1, cpu 1, socket 0, mpidr 80000001
[    0.010922] CPU2: thread -1, cpu 2, socket 0, mpidr 80000002
[    0.011519] CPU3: thread -1, cpu 3, socket 0, mpidr 80000003
[    0.011584] Brought up 4 CPUs
[    0.011604] SMP: Total of 4 processors activated (96.00 BogoMIPS).
[    0.011611] CPU: All CPU(s) started in SVC mode.
[    0.013044] devtmpfs: initialized
[    0.031082] VFP support v0.3: implementor 41 architecture 4 part 30 variant f rev 0
[    0.031845] clocksource: jiffies: mask: 0xffffffff max_cycles: 0xffffffff, max_idle_ns: 9556302231375000 ns
[    0.033478] pinctrl core: initialized pinctrl subsystem
[    0.035167] NET: Registered protocol family 16
[    0.037176] DMA: preallocated 256 KiB pool for atomic coherent allocations
[    0.049667] cpuidle: using governor ladder
[    0.064686] cpuidle: using governor menu
[    0.081286] No ATAGs?
[    0.081318] hw-breakpoint: found 5 (+1 reserved) breakpoint and 4 watchpoint registers.
[    0.081329] hw-breakpoint: maximum watchpoint size is 8 bytes.
[    0.086254] Serial: AMBA PL011 UART driver
[    0.115555] +USB0_VBUS_SW: Failed to request enable GPIO108: -517
[    0.115672] reg-fixed-voltage regulators:regulator@7: Failed to register regulator: -517
[    0.115891] +5V_USB_HS: Failed to request enable GPIO109: -517
[    0.115996] reg-fixed-voltage regulators:regulator@8: Failed to register regulator: -517
[    0.116287] +1.05V_RUN_AVDD_HDMI_PLL: Failed to request enable GPIO63: -517
[    0.116392] reg-fixed-voltage regulators:regulator@11: Failed to register regulator: -517
[    0.116608] +5V_HDMI_CON: Failed to request enable GPIO86: -517
[    0.116711] reg-fixed-voltage regulators:regulator@12: Failed to register regulator: -517
[    0.116923] +5V_SATA: Failed to request enable GPIO242: -517
[    0.117027] reg-fixed-voltage regulators:regulator@13: Failed to register regulator: -517
[    0.117239] +12V_SATA: Failed to request enable GPIO242: -517
[    0.117343] reg-fixed-voltage regulators:regulator@14: Failed to register regulator: -517
[    0.120627] vgaarb: loaded
[    0.121602] SCSI subsystem initialized
[    0.121785] libata version 3.00 loaded.
[    0.122073] usbcore: registered new interface driver usbfs
[    0.122138] usbcore: registered new interface driver hub
[    0.122212] usbcore: registered new device driver usb
[    0.125864] pps_core: LinuxPPS API ver. 1 registered
[    0.125873] pps_core: Software ver. 5.3.6 - Copyright 2005-2007 Rodolfo Giometti <giometti@linux.it>
[    0.125905] PTP clock support registered
[    0.126134] EDAC MC: Ver: 3.0.0
[    0.129267] clocksource: Switched to clocksource arch_sys_counter
[    0.141030] NET: Registered protocol family 2
[    0.141537] TCP established hash table entries: 8192 (order: 3, 32768 bytes)
[    0.141637] TCP bind hash table entries: 8192 (order: 4, 65536 bytes)
[    0.141823] TCP: Hash tables configured (established 8192 bind 8192)
[    0.141875] UDP hash table entries: 512 (order: 2, 16384 bytes)
[    0.141917] UDP-Lite hash table entries: 512 (order: 2, 16384 bytes)
[    0.142088] NET: Registered protocol family 1
[    0.142335] RPC: Registered named UNIX socket transport module.
[    0.142344] RPC: Registered udp transport module.
[    0.142351] RPC: Registered tcp transport module.
[    0.142358] RPC: Registered tcp NFSv4.1 backchannel transport module.
[    0.142380] PCI: CLS 0 bytes, default 64
[    0.143351] hw perfevents: enabled with armv7_cortex_a15 PMU driver, 7 counters available
[    0.144947] futex hash table entries: 1024 (order: 4, 65536 bytes)
[    0.157223] squashfs: version 4.0 (2009/01/31) Phillip Lougher
[    0.158118] NFS: Registering the id_resolver key type
[    0.158155] Key type id_resolver registered
[    0.158164] Key type id_legacy registered
[    0.158248] ntfs: driver 2.1.32 [Flags: R/O].
[    0.159677] bounce: pool size: 64 pages
[    0.159888] Block layer SCSI generic (bsg) driver version 0.4 loaded (major 249)
[    0.159908] io scheduler noop registered
[    0.159926] io scheduler deadline registered
[    0.159968] io scheduler cfq registered (default)
[    0.177611] tegra-pcie 1003000.pcie-controller: 2x1, 1x1 configuration
[    0.177663] tegra-pcie 1003000.pcie-controller: Failed to get supply 'avddio-pex': -517
[    0.185097] tegra-apbdma 60020000.dma: Tegra20 APB DMA driver register 32 channels
[    0.186435] tegra-pmc 7000e400.pmc: emergency thermal reset enabled
[    0.251505] Serial: 8250/16550 driver, 4 ports, IRQ sharing disabled
[    0.253904] SuperH (H)SCI(F) driver initialized
[    0.254888] msm_serial: driver initialized
[    0.255717] console [ttyS0] disabled
[    0.255752] 70006300.serial: ttyS0 at MMIO 0x70006300 (irq = 331, base_baud = 25500000) is a Tegra
[    1.074869] console [ttyS0] enabled
[    1.079176] STMicroelectronics ASC driver initialized
[    1.086664] [drm] Initialized drm 1.1.0 20060810
[    1.093681] tegra-hdmi 54280000.hdmi: failed to get HDMI regulator
[    1.107893] loop: module loaded
[    1.111373] at24 0-0056: 256 byte 24c02 EEPROM, writable, 8 bytes/write
[    1.119629] as3722 4-0040: AS3722 with revision 0x1 found
[    1.142894] +5V_SYS: supplied by +VDD_MUX
[    1.146966] +1.05V_RUN: supplied by +5V_SYS
[    1.151274] tegra-ahci 70027000.sata: Failed to get supply 'hvdd': -517
[    1.157946] tegra-ahci 70027000.sata: Failed to get regulators
[    1.169222] m25p80 spi32765.0: w25q32dw (4096 Kbytes)
[    1.174305] spi32765.0: 'partitions' subnode not found on /spi@0,7000da00/spi-flash@0. Trying to parse direct subnodes as partitions.
[    1.189396] libphy: Fixed MDIO Bus: probed
[    1.194181] CAN device driver interface
[    1.199537] igb: Intel(R) Gigabit Ethernet Network Driver - version 5.3.0-k
[    1.206504] igb: Copyright (c) 2007-2014 Intel Corporation.
[    1.215375] pegasus: v0.9.3 (2013/04/25), Pegasus/Pegasus II USB Ethernet driver
[    1.222830] usbcore: registered new interface driver pegasus
[    1.228564] usbcore: registered new interface driver asix
[    1.234022] usbcore: registered new interface driver ax88179_178a
[    1.240173] usbcore: registered new interface driver cdc_ether
[    1.246083] usbcore: registered new interface driver smsc75xx
[    1.251902] usbcore: registered new interface driver smsc95xx
[    1.257708] usbcore: registered new interface driver net1080
[    1.263426] usbcore: registered new interface driver cdc_subset
[    1.269408] usbcore: registered new interface driver zaurus
[    1.275071] usbcore: registered new interface driver cdc_ncm
[    1.280999] tegra-phy 7d004000.usb-phy: no vbus regulator
[    1.288326] ehci_hcd: USB 2.0 'Enhanced' Host Controller (EHCI) Driver
[    1.294871] ehci-pci: EHCI PCI platform driver
[    1.299374] ehci-platform: EHCI generic platform driver
[    1.304831] ehci-omap: OMAP-EHCI Host Controller driver
[    1.310213] ehci-orion: EHCI orion driver
[    1.314382] SPEAr-ehci: EHCI SPEAr driver
[    1.318542] ehci-st: EHCI STMicroelectronics driver
[    1.323581] ehci-exynos: EHCI EXYNOS driver
[    1.327948] ehci-atmel: EHCI Atmel driver
[    1.332120] tegra-ehci: Tegra EHCI driver
[    1.336466] tegra-ehci 7d004000.usb: EHCI Host Controller
[    1.341898] tegra-ehci 7d004000.usb: new USB bus registered, assigned bus number 1
[    1.349640] tegra-ehci 7d004000.usb: irq 348, io mem 0x7d004000
[    1.364290] tegra-ehci 7d004000.usb: USB 2.0 started, EHCI 1.10
[    1.371031] hub 1-0:1.0: USB hub found
[    1.374830] hub 1-0:1.0: 1 port detected
[    1.379374] ohci_hcd: USB 1.1 'Open' Host Controller (OHCI) Driver
[    1.385579] ohci-pci: OHCI PCI platform driver
[    1.390090] ohci-platform: OHCI generic platform driver
[    1.395513] ohci-omap3: OHCI OMAP3 driver
[    1.399690] SPEAr-ohci: OHCI SPEAr driver
[    1.403846] ohci-st: OHCI STMicroelectronics driver
[    1.408888] ohci-atmel: OHCI Atmel driver
[    1.413460] usbcore: registered new interface driver usb-storage
[    1.421116] mousedev: PS/2 mouse device common for all mice
[    1.430597] as3722-rtc as3722-rtc: rtc core: registered as3722-rtc as rtc0
[    1.437484] as3722-rtc as3722-rtc: RTC interrupt 371
[    1.445879] tegra_rtc 7000e000.rtc: rtc core: registered 7000e000.rtc as rtc1
[    1.453069] tegra_rtc 7000e000.rtc: Tegra internal Real Time Clock
[    1.459872] i2c /dev entries driver
[    1.469120] 0-004c supply vcc not found, using dummy regulator
[    1.481746] sdhci: Secure Digital Host Controller Interface driver
[    1.487944] sdhci: Copyright(c) Pierre Ossman
[    1.493949] Synopsys Designware Multimedia Card Interface Driver
[    1.501130] sdhci-pltfm: SDHCI platform and OF driver helper
[    1.507553] sdhci-tegra 700b0400.sdhci: Got CD GPIO
[    1.512458] sdhci-tegra 700b0400.sdhci: Got WP GPIO
[    1.517392] mmc0: Unknown controller version (3). You may experience problems.
[    1.524750] sdhci-tegra 700b0400.sdhci: No vmmc regulator found
[    1.530841] mmc0: Unknown controller version (3). You may experience problems.
[    1.538204] sdhci-tegra 700b0600.sdhci: No vmmc regulator found
[    1.544143] sdhci-tegra 700b0600.sdhci: No vqmmc regulator found
[    1.550162] mmc0: Invalid maximum block size, assuming 512 bytes
[    1.589289] mmc0: SDHCI controller on 700b0600.sdhci [700b0600.sdhci] using ADMA 64-bit
[    1.598793] ledtrig-cpu: registered to indicate activity on CPUs
[    1.605021] usbcore: registered new interface driver usbhid
[    1.610602] usbhid: USB HID core driver
[    1.621324] NET: Registered protocol family 10
[    1.626526] sit: IPv6 over IPv4 tunneling driver
[    1.631886] NET: Registered protocol family 17
[    1.636370] can: controller area network core (rev 20120528 abi 9)
[    1.642677] NET: Registered protocol family 29
[    1.647149] can: raw protocol (rev 20120528)
[    1.651490] can: broadcast manager protocol (rev 20120528 t)
[    1.657179] can: netlink gateway (rev 20130117) max_hops=1
[    1.663189] Key type dns_resolver registered
[    1.668098] ThumbEE CPU extension supported.
[    1.672452] Registering SWP/SWPB emulation handler
[    1.693347] tegra-pcie 1003000.pcie-controller: 2x1, 1x1 configuration
[    1.700285] +3.3V_SYS: supplied by +VDD_MUX
[    1.704558] +3.3V_LP0: supplied by +3.3V_SYS
[    1.709180] +1.35V_LP0(sd2): supplied by +5V_SYS
[    1.713731] mmc0: MAN_BKOPS_EN bit is not set
[    1.717429] mmc0: new high speed MMC card at address 0001
[    1.720177] mmcblk0: mmc0:0001 SEM16G 14.6 GiB 
[    1.720845] mmcblk0boot0: mmc0:0001 SEM16G partition 1 4.00 MiB
[    1.721726] mmcblk0boot1: mmc0:0001 SEM16G partition 2 4.00 MiB
[    1.722349] mmcblk0rpmb: mmc0:0001 SEM16G partition 3 4.00 MiB
[    1.724729] Primary GPT is invalid, using alternate GPT.
[    1.724761]  mmcblk0: p1 p2 p3 p4 p5 p6 p7 p8 p9
[    1.755936] +1.05V_RUN_AVDD: supplied by +1.35V_LP0(sd2)
[    1.763000] tegra-pcie 1003000.pcie-controller: probing port 0, using 2 lanes
[    1.772522] tegra-pcie 1003000.pcie-controller: Slot present pin change, signature: 00000008
[    2.206524] tegra-pcie 1003000.pcie-controller: link 0 down, retrying
[    2.642601] tegra-pcie 1003000.pcie-controller: link 0 down, retrying
[    3.078688] tegra-pcie 1003000.pcie-controller: link 0 down, retrying
[    3.087317] tegra-pcie 1003000.pcie-controller: link 0 down, ignoring
[    3.093829] tegra-pcie 1003000.pcie-controller: probing port 1, using 1 lanes
[    3.103324] tegra-pcie 1003000.pcie-controller: Slot present pin change, signature: 00000000
[    3.536882] tegra-pcie 1003000.pcie-controller: link 1 down, retrying
[    3.972628] tegra-pcie 1003000.pcie-controller: link 1 down, retrying
[    4.408551] tegra-pcie 1003000.pcie-controller: link 1 down, retrying
[    4.417187] tegra-pcie 1003000.pcie-controller: link 1 down, ignoring
[    4.423909] tegra-pcie 1003000.pcie-controller: PCI host bridge to bus 0000:00
[    4.431151] pci_bus 0000:00: root bus resource [mem 0x13000000-0x1fffffff]
[    4.438032] pci_bus 0000:00: root bus resource [mem 0x20000000-0x3fffffff pref]
[    4.445348] pci_bus 0000:00: root bus resource [bus 00-ff]
[    4.450841] pci_bus 0000:00: root bus resource [io  0x1000-0xffff]
[    4.457051] PCI: bus0: Fast back to back transfers enabled
[    4.463387] +5V_HDMI_CON: supplied by +5V_SYS
[    4.467888] +1.05V_RUN_AVDD_HDMI_PLL: supplied by +1.05V_RUN
[    4.473703] +3.3V_RUN: supplied by +3.3V_SYS
[    4.478031] +3.3V_AVDD_HDMI_AP_GATED: supplied by +3.3V_RUN
[    4.486203] [drm] Supports vblank timestamp caching Rev 2 (21.10.2013).
[    4.492863] [drm] No driver support for vblank timestamp query.
[    4.598949] tegra-hdmi 54280000.hdmi: cannot set audio to 44100 at 297000000 pclk
[    4.750465] Console: switching to colour frame buffer device 512x135
[    4.844503] drm drm: fb0:  frame buffer device
[    4.859421] [drm] Initialized tegra 0.0.0 20120330 on minor 0
[    4.866509] +5V_SATA: supplied by +5V_SYS
[    4.870753] +12V_SATA: supplied by +VDD_MUX
[    4.875701] tegra-ahci 70027000.sata: AHCI 0001.0301 32 slots 2 ports 3 Gbps 0x1 impl platform mode
[    4.884779] tegra-ahci 70027000.sata: flags: 64bit ncq sntf pm led pio slum part sadm sds apst 
[    4.895769] scsi host0: tegra-ahci
[    4.900421] scsi host1: tegra-ahci
[    4.904176] ata1: SATA max UDMA/133 mmio [mem 0x70027000-0x70028fff] port 0x100 irq 341
[    4.912214] ata2: DUMMY
[    4.916180] +5V_USB_HS: supplied by +5V_SYS
[    4.921836] tegra-ehci 7d008000.usb: EHCI Host Controller
[    4.927306] tegra-ehci 7d008000.usb: new USB bus registered, assigned bus number 2
[    4.935099] tegra-ehci 7d008000.usb: irq 349, io mem 0x7d008000
[    4.949423] tegra-ehci 7d008000.usb: USB 2.0 started, EHCI 1.10
[    4.956602] hub 2-0:1.0: USB hub found
[    4.960455] hub 2-0:1.0: 1 port detected
[    4.966011] cpu: dev_pm_opp_of_cpumask_add_table: couldn't find opp table for cpu:0, -19
[    4.974225] cpufreq: cpufreq_online: CPU0: Running at unlisted freq: 696000 KHz
[    4.981593] cpufreq: cpufreq_online: CPU0: Unlisted initial frequency changed to: 714000 KHz
[    4.990811] sdhci-tegra 700b0400.sdhci: Got CD GPIO
[    4.995717] sdhci-tegra 700b0400.sdhci: Got WP GPIO
[    5.000653] mmc1: Unknown controller version (3). You may experience problems.
[    5.008018] +VDDIO_SDMMC3: supplied by +3.3V_RUN
[    5.012729] sdhci-tegra 700b0400.sdhci: No vmmc regulator found
[    5.018670] mmc1: Invalid maximum block size, assuming 512 bytes
[    5.059555] mmc1: SDHCI controller on 700b0400.sdhci [700b0400.sdhci] using ADMA 64-bit
[    5.068231] input: gpio-keys as /devices/soc0/gpio-keys/input/input0
[    5.075473] as3722-rtc as3722-rtc: setting system clock to 2000-01-01 00:00:18 UTC (946684818)
[    5.087874] +1.8V_RUN_CAM: disabling
[    5.091778] +2.8V_RUN_CAM: disabling
[    5.095460] +1.2V_RUN_CAM_FRONT: disabling
[    5.099649] +1.05V_RUN_CAM_REAR: disabling
[    5.103838] +3.3V_RUN_TOUCH: disabling
[    5.107677] +2.8V_RUN_CAM_AF: disabling
[    5.111601] +1.8V_RUN_VPP_FUSE: disabling
[    5.115699] +USB0_VBUS_SW: disabling
[    5.239350] ata1: SATA link down (SStatus 0 SControl 300)
[    5.245427] EXT4-fs (mmcblk0p1): couldn't mount as ext3 due to feature incompatibilities
[    5.253992] EXT4-fs (mmcblk0p1): couldn't mount as ext2 due to feature incompatibilities
[    5.270225] EXT4-fs (mmcblk0p1): recovery complete
[    5.275052] EXT4-fs (mmcblk0p1): mounted filesystem with ordered data mode. Opts: (null)
[    5.275115] usb 2-1: new high-speed USB device number 2 using tegra-ehci
[    5.289989] VFS: Mounted root (ext4 filesystem) on device 179:1.
[    5.297804] devtmpfs: mounted
[    5.301106] Freeing unused kernel memory: 1048K (c0db8000 - c0ebe000)
bash: cannot set terminal process group (-1): Inappropriate ioctl for device
bash: no job control in this shell
root@(none):/# 