

U-Boot 2015.04-00466-gedec83e90172 (Mar 14 2016 - 10:42:01)

TEGRA124
Model: Acer Chromebook 13 CB5-311
DRAM:  4 GiB
C:   Tegra SD/MMC: 0, Tegra SD/MMC: 1, Tegra SD/MMC: 2
MMC init failed
Using default environment

In:    serial
Out:   serial
Err:   serial
Net:   Net Initialization Skipped
No ethernet found.
Hit any key to stop autoboot:  2  0 
Tegra124 (Nyan-big) # 
Tegra124 (Nyan-big) # usb start
starting USB...
USB0:   USB EHCI 1.10
scanning bus 0 for devices... 2 USB Device(s) found
USB1:   USB EHCI 1.10
scanning bus 1 for devices... 2 USB Device(s) found
       scanning usb for storage devices... 1 Storage Device(s) found
       scanning usb for ethernet devices... 
Warning: asx0 using MAC address from net device
1 Ethernet Device(s) found
Tegra124 (Nyan-big) # mw 0x7000e4a0 0x00080000
Tegra124 (Nyan-big) # setenv bootargs 'ignore_loglevel console=ttyS0,115200n8 rw root=PARTUUID=4d36e82a-b3c0-4b4b-bfcd-afe5217ac023 rootwait gpt debug noinitrd earlyprintk init=/bin/bash'
Tegra124 (Nyan-big) # setenv ipaddr 192.168.100.102; setenv serverip 192.168.100.1; setenv tftpserverip 192.168.100.1
Tegra124 (Nyan-big) # tftpboot 0x82000000 zImage.multi_v7_defconfig
Using asx0 device
TFTP from server 192.168.100.1; our IP address is 192.168.100.102
Filename 'zImage.multi_v7_defconfig'.
Load address: 0x82000000
Loading: *#################################################################
	 #################################################################
	 #################################################################
	 #################################################################
	 #################################################################
	 #################################################################
	 #################################################################
	 #################################################################
	 ###########################
	 2.9 MiB/s
done
Bytes transferred = 8019864 (7a5f98 hex)
Tegra124 (Nyan-big) # tftpboot 0x83000000 tegra124-nyan-big.dtb
Using asx0 device
TFTP from server 192.168.100.1; our IP address is 192.168.100.102
Filename 'tegra124-nyan-big.dtb'.
Load address: 0x83000000
Loading: *#####
	 3.3 MiB/s
done
Bytes transferred = 68183 (10a57 hex)
Tegra124 (Nyan-big) # bootz 0x82000000 - 0x83000000
Kernel image @ 0x82000000 [ 0x000000 - 0x7a5f98 ]
## Flattened Device Tree blob at 83000000
   Booting using the fdt blob at 0x83000000
   Using Device Tree in place at 83000000, end 83013a56

Starting kernel ...

[    0.000000] Booting Linux on physical CPU 0x0
[    0.000000] Linux version 4.13.0-rc1-184950-g5771a8c (jonathanh@sellafield) (gcc version 4.7.3 20130328 (prerelease) (crosstool-NG linaro-1.13.1-4.7-2013.04-20130415 - Linaro GCC 2013.04)) #1 SMP Mon Jul 17 13:06:57 PDT 2017
[    0.000000] CPU: ARMv7 Processor [413fc0f3] revision 3 (ARMv7), cr=10c5387d
[    0.000000] CPU: div instructions available: patching division code
[    0.000000] CPU: PIPT / VIPT nonaliasing data cache, PIPT instruction cache
[    0.000000] OF: fdt: Machine model: Acer Chromebook 13 CB5-311
[    0.000000] OF: fdt: Ignoring memory range 0x100000000 - 0x17ffff000
[    0.000000] debug: ignoring loglevel setting.
[    0.000000] Memory policy: Data cache writealloc
[    0.000000] efi: Getting EFI parameters from FDT:
[    0.000000] efi: UEFI not found.
[    0.000000] cma: Reserved 64 MiB at 0xfb800000
[    0.000000] On node 0 totalpages: 524287
[    0.000000] free_area_init_node: node 0, pgdat c157f140, node_mem_map eeff8000
[    0.000000]   DMA zone: 1536 pages used for memmap
[    0.000000]   DMA zone: 0 pages reserved
[    0.000000]   DMA zone: 196608 pages, LIFO batch:31
[    0.000000]   HighMem zone: 327679 pages, LIFO batch:31
[    0.000000] percpu: Embedded 17 pages/cpu @eef81000 s39488 r8192 d21952 u69632
[    0.000000] pcpu-alloc: s39488 r8192 d21952 u69632 alloc=17*4096
[    0.000000] pcpu-alloc: [0] 0 [0] 1 [0] 2 [0] 3 
[    0.000000] Built 1 zonelists in Zone order, mobility grouping on.  Total pages: 522751
[    0.000000] Kernel command line: ignore_loglevel console=ttyS0,115200n8 rw root=PARTUUID=4d36e82a-b3c0-4b4b-bfcd-afe5217ac023 rootwait gpt debug noinitrd earlyprintk init=/bin/bash
[    0.000000] PID hash table entries: 4096 (order: 2, 16384 bytes)
[    0.000000] Dentry cache hash table entries: 131072 (order: 7, 524288 bytes)
[    0.000000] Inode-cache hash table entries: 65536 (order: 6, 262144 bytes)
[    0.000000] Memory: 1994448K/2097148K available (10240K kernel code, 1563K rwdata, 4452K rodata, 2048K init, 402K bss, 37164K reserved, 65536K cma-reserved, 1245180K highmem)
[    0.000000] Virtual kernel memory layout:
[    0.000000]     vector  : 0xffff0000 - 0xffff1000   (   4 kB)
[    0.000000]     fixmap  : 0xffc00000 - 0xfff00000   (3072 kB)
[    0.000000]     vmalloc : 0xf0800000 - 0xff800000   ( 240 MB)
[    0.000000]     lowmem  : 0xc0000000 - 0xf0000000   ( 768 MB)
[    0.000000]     pkmap   : 0xbfe00000 - 0xc0000000   (   2 MB)
[    0.000000]     modules : 0xbf000000 - 0xbfe00000   (  14 MB)
[    0.000000]       .text : 0xc0208000 - 0xc0d00000   (11232 kB)
[    0.000000]       .init : 0xc1200000 - 0xc1400000   (2048 kB)
[    0.000000]       .data : 0xc1400000 - 0xc1586f28   (1564 kB)
[    0.000000]        .bss : 0xc158fcbc - 0xc15f46fc   ( 403 kB)
[    0.000000] SLUB: HWalign=64, Order=0-3, MinObjects=0, CPUs=4, Nodes=1
[    0.000000] Hierarchical RCU implementation.
[    0.000000] 	RCU event tracing is enabled.
[    0.000000] 	RCU restricting CPUs from NR_CPUS=16 to nr_cpu_ids=4.
[    0.000000] RCU: Adjusting geometry for rcu_fanout_leaf=16, nr_cpu_ids=4
[    0.000000] NR_IRQS: 16, nr_irqs: 16, preallocated irqs: 16
[    0.000000] /interrupt-controller@60004000: 160 interrupts forwarded to /interrupt-controller@50041000
[    0.000000] Tegra clk 127: register failed with -17
[    0.000004] sched_clock: 32 bits at 1000kHz, resolution 1000ns, wraps every 2147483647500ns
[    0.000011] clocksource: timer_us: mask: 0xffffffff max_cycles: 0xffffffff, max_idle_ns: 1911260446275 ns
[    0.000017] Switching to timer-based delay loop, resolution 1000ns
[    0.001756] arch_timer: cp15 timer(s) running at 12.00MHz (virt).
[    0.001763] clocksource: arch_sys_counter: mask: 0xffffffffffffff max_cycles: 0x2c47f4ee7, max_idle_ns: 440795202497 ns
[    0.001770] sched_clock: 56 bits at 12MHz, resolution 83ns, wraps every 4398046511096ns
[    0.001774] Switching to timer-based delay loop, resolution 83ns
[    0.001988] Console: colour dummy device 80x30
[    0.002003] Calibrating delay loop (skipped), value calculated using timer frequency.. 24.00 BogoMIPS (lpj=120000)
[    0.002009] pid_max: default: 32768 minimum: 301
[    0.002046] Mount-cache hash table entries: 2048 (order: 1, 8192 bytes)
[    0.002052] Mountpoint-cache hash table entries: 2048 (order: 1, 8192 bytes)
[    0.002245] CPU: Testing write buffer coherency: ok
[    0.002366] /cpus/cpu@0 missing clock-frequency property
[    0.002381] /cpus/cpu@1 missing clock-frequency property
[    0.002396] /cpus/cpu@2 missing clock-frequency property
[    0.002411] /cpus/cpu@3 missing clock-frequency property
[    0.002417] CPU0: thread -1, cpu 0, socket 0, mpidr 80000000
[    0.002530] Setting up static identity map for 0x80300000 - 0x803000a0
[    0.003240] Hierarchical SRCU implementation.
[    0.003915] Tegra Revision: A01 SKU: 131 CPU Process: 1 SoC Process: 1
[    0.004187] EFI services will not be available.
[    0.004243] smp: Bringing up secondary CPUs ...
[    0.004468] CPU1: thread -1, cpu 1, socket 0, mpidr 80000001
[    0.011962] CPU2: thread -1, cpu 2, socket 0, mpidr 80000002
[    0.021974] CPU3: thread -1, cpu 3, socket 0, mpidr 80000003
[    0.031750] smp: Brought up 1 node, 4 CPUs
[    0.031757] SMP: Total of 4 processors activated (96.00 BogoMIPS).
[    0.031761] CPU: All CPU(s) started in SVC mode.
[    0.032308] devtmpfs: initialized
[    0.038023] VFP support v0.3: implementor 41 architecture 4 part 30 variant f rev 0
[    0.038225] clocksource: jiffies: mask: 0xffffffff max_cycles: 0xffffffff, max_idle_ns: 19112604462750000 ns
[    0.038234] futex hash table entries: 1024 (order: 4, 65536 bytes)
[    0.038798] pinctrl core: initialized pinctrl subsystem
[    0.039461] DMI not present or invalid.
[    0.039544] random: get_random_u32 called from bucket_table_alloc+0xe8/0x254 with crng_init=0
[    0.039579] NET: Registered protocol family 16
[    0.040334] DMA: preallocated 256 KiB pool for atomic coherent allocations
[    0.041284] cpuidle: using governor menu
[    0.050336] No ATAGs?
[    0.050391] hw-breakpoint: found 5 (+1 reserved) breakpoint and 4 watchpoint registers.
[    0.050397] hw-breakpoint: maximum watchpoint size is 8 bytes.
[    0.053246] Serial: AMBA PL011 UART driver
[    0.053608] tegra-mc 70019000.memory-controller: no memory timings for RAM code 0 registered
[    0.059188] AT91: Could not find identification node
[    0.059399] +5V_SYS: supplied by +VDD_MUX
[    0.059500] +3.3V_SYS: supplied by +VDD_MUX
[    0.059721] +VDD_LED: Failed to request enable GPIO122: -517
[    0.059727] reg-fixed-voltage regulators:regulator@5: Failed to register regulator: -517
[    0.059762] +5V_VDD_TS_SW: Failed to request enable GPIO81: -517
[    0.059767] reg-fixed-voltage regulators:regulator@6: Failed to register regulator: -517
[    0.059801] +5V_USB_HS: Failed to request enable GPIO108: -517
[    0.059805] reg-fixed-voltage regulators:regulator@7: Failed to register regulator: -517
[    0.059838] +5V_USB_SS: Failed to request enable GPIO109: -517
[    0.059843] reg-fixed-voltage regulators:regulator@8: Failed to register regulator: -517
[    0.059935] +1.05V_RUN_AVDD_HDMI_PLL: Failed to request enable GPIO63: -517
[    0.059939] reg-fixed-voltage regulators:regulator@11: Failed to register regulator: -517
[    0.059973] +5V_HDMI_CON: Failed to request enable GPIO86: -517
[    0.059978] reg-fixed-voltage regulators:regulator@12: Failed to register regulator: -517
[    0.061001] vgaarb: loaded
[    0.061283] SCSI subsystem initialized
[    0.061349] libata version 3.00 loaded.
[    0.061439] usbcore: registered new interface driver usbfs
[    0.061461] usbcore: registered new interface driver hub
[    0.061487] usbcore: registered new device driver usb
[    0.062820] pps_core: LinuxPPS API ver. 1 registered
[    0.062824] pps_core: Software ver. 5.3.6 - Copyright 2005-2007 Rodolfo Giometti <giometti@linux.it>
[    0.062832] PTP clock support registered
[    0.062898] EDAC MC: Ver: 3.0.0
[    0.063029] dmi: Firmware registration failed.
[    0.063332] tegra-emc 7001b000.emc: no memory timings for RAM code 0 found in DT
[    0.063341] tegra-emc: probe of 7001b000.emc failed with error -2
[    0.063779] clocksource: Switched to clocksource arch_sys_counter
[    0.083483] NET: Registered protocol family 2
[    0.083686] TCP established hash table entries: 8192 (order: 3, 32768 bytes)
[    0.083720] TCP bind hash table entries: 8192 (order: 4, 65536 bytes)
[    0.083797] TCP: Hash tables configured (established 8192 bind 8192)
[    0.083833] UDP hash table entries: 512 (order: 2, 16384 bytes)
[    0.083848] UDP-Lite hash table entries: 512 (order: 2, 16384 bytes)
[    0.083907] NET: Registered protocol family 1
[    0.084069] RPC: Registered named UNIX socket transport module.
[    0.084073] RPC: Registered udp transport module.
[    0.084076] RPC: Registered tcp transport module.
[    0.084079] RPC: Registered tcp NFSv4.1 backchannel transport module.
[    0.084084] PCI: CLS 0 bytes, default 64
[    0.084643] hw perfevents: enabled with armv7_cortex_a15 PMU driver, 7 counters available
[    0.085315] workingset: timestamp_bits=30 max_order=19 bucket_order=0
[    0.088189] squashfs: version 4.0 (2009/01/31) Phillip Lougher
[    0.088455] NFS: Registering the id_resolver key type
[    0.088468] Key type id_resolver registered
[    0.088471] Key type id_legacy registered
[    0.088489] ntfs: driver 2.1.32 [Flags: R/O].
[    0.088737] random: fast init done
[    0.089077] bounce: pool size: 64 pages
[    0.089097] Block layer SCSI generic (bsg) driver version 0.4 loaded (major 248)
[    0.089102] io scheduler noop registered
[    0.089105] io scheduler deadline registered
[    0.089163] io scheduler cfq registered (default)
[    0.089167] io scheduler mq-deadline registered
[    0.089170] io scheduler kyber registered
[    0.090403] tegra-xusb-padctl 7009f000.padctl: failed to setup XUSB ports: -517
[    0.101047] tegra-apbdma 60020000.dma: Tegra20 APB DMA driver register 32 channels
[    0.101923] tegra-pmc 7000e400.pmc: i2c-thermtrip node not found, emergency thermal reset disabled.
[    0.120829] Serial: 8250/16550 driver, 4 ports, IRQ sharing disabled
[    0.121908] console [ttyS0] disabled
[    0.121926] 70006000.serial: ttyS0 at MMIO 0x70006000 (irq = 333, base_baud = 25500000) is a Tegra
[    1.033288] console [ttyS0] enabled
[    1.037069] SuperH (H)SCI(F) driver initialized
[    1.041948] msm_serial: driver initialized
[    1.046105] STMicroelectronics ASC driver initialized
[    1.053172] tegra-hdmi 54280000.hdmi: failed to get HDMI regulator
[    1.059717] tegra-dpaux 545c0000.dpaux: failed to get VDD supply: -517
[    1.067198] panel-simple panel: panel supply power not found, using dummy regulator
[    1.077903] brd: module loaded
[    1.083376] loop: module loaded
[    1.087479] as3722 4-0040: AS3722 with revision 0x1 found
[    1.097523] as3722-sd2: supplied by +5V_SYS
[    1.101933] as3722-sd3: supplied by +5V_SYS
[    1.106270] +1.35V_LP0(sd3): Bringing 0uV into 1350000-1350000uV
[    1.112440] as3722-sd4: supplied by +5V_SYS
[    1.116812] +1.05V_RUN: Bringing 0uV into 1050000-1050000uV
[    1.122551] as3722-sd5: supplied by +5V_SYS
[    1.128134] as3722-ldo0: supplied by +1.35V_LP0(sd2)
[    1.133861] +1.8V_RUN_CAM: Bringing 0uV into 1800000-1800000uV
[    1.139866] as3722-ldo2: supplied by +1.8V_VDDIO
[    1.145486] as3722-ldo3: supplied by +3.3V_SYS
[    1.149930] +1.00V_LP0_VDD_RTC: Bringing 1100000uV into 1000000-1000000uV
[    1.157493] as3722-ldo4: supplied by +3.3V_SYS
[    1.162083] +3.3V_RUN_CAM: Bringing 0uV into 2800000-2800000uV
[    1.168093] as3722-ldo5: supplied by +1.8V_VDDIO
[    1.172857] +1.2V_RUN_CAM_FRONT: Bringing 0uV into 1200000-1200000uV
[    1.179535] +VDDIO_SDMMC3: Bringing 0uV into 1800000-1800000uV
[    1.185552] as3722-ldo7: supplied by +1.8V_VDDIO
[    1.190316] +1.05V_RUN_CAM_REAR: Bringing 0uV into 1050000-1050000uV
[    1.196865] as3722-ldo9: supplied by +5V_SYS
[    1.201423] +2.8V_RUN_TOUCH: Bringing 0uV into 2800000-2800000uV
[    1.207621] as3722-ldo10: supplied by +5V_SYS
[    1.212122] +2.8V_RUN_CAM_AF: Bringing 0uV into 2800000-2800000uV
[    1.218559] +1.8V_RUN_VPP_FUSE: Bringing 0uV into 1800000-1800000uV
[    1.237012] m25p80 spi32765.0: w25q32dw (4096 Kbytes)
[    1.243077] libphy: Fixed MDIO Bus: probed
[    1.247575] CAN device driver interface
[    1.251719] bgmac_bcma: Broadcom 47xx GBit MAC driver loaded
[    1.257834] e1000e: Intel(R) PRO/1000 Network Driver - 3.2.6-k
[    1.263650] e1000e: Copyright(c) 1999 - 2015 Intel Corporation.
[    1.269580] igb: Intel(R) Gigabit Ethernet Network Driver - version 5.4.0-k
[    1.276530] igb: Copyright (c) 2007-2014 Intel Corporation.
[    1.283392] pegasus: v0.9.3 (2013/04/25), Pegasus/Pegasus II USB Ethernet driver
[    1.290798] usbcore: registered new interface driver pegasus
[    1.296464] usbcore: registered new interface driver asix
[    1.301859] usbcore: registered new interface driver ax88179_178a
[    1.307951] usbcore: registered new interface driver cdc_ether
[    1.313790] usbcore: registered new interface driver smsc75xx
[    1.319537] usbcore: registered new interface driver smsc95xx
[    1.325286] usbcore: registered new interface driver net1080
[    1.330940] usbcore: registered new interface driver cdc_subset
[    1.336860] usbcore: registered new interface driver zaurus
[    1.342435] usbcore: registered new interface driver cdc_ncm
[    1.348762] ehci_hcd: USB 2.0 'Enhanced' Host Controller (EHCI) Driver
[    1.355283] ehci-pci: EHCI PCI platform driver
[    1.359728] ehci-platform: EHCI generic platform driver
[    1.365013] ehci-orion: EHCI orion driver
[    1.369065] SPEAr-ehci: EHCI SPEAr driver
[    1.373109] ehci-st: EHCI STMicroelectronics driver
[    1.378025] ehci-exynos: EHCI EXYNOS driver
[    1.382253] ehci-atmel: EHCI Atmel driver
[    1.386302] tegra-ehci: Tegra EHCI driver
[    1.390363] ohci_hcd: USB 1.1 'Open' Host Controller (OHCI) Driver
[    1.396537] ohci-pci: OHCI PCI platform driver
[    1.400980] ohci-platform: OHCI generic platform driver
[    1.406258] SPEAr-ohci: OHCI SPEAr driver
[    1.410304] ohci-st: OHCI STMicroelectronics driver
[    1.415220] ohci-atmel: OHCI Atmel driver
[    1.419476] usbcore: registered new interface driver usb-storage
[    1.426625] elan_i2c 1-0015: 1-0015 supply vcc not found, using dummy regulator
[    1.435286] as3722-rtc as3722-rtc: rtc core: registered as3722-rtc as rtc0
[    1.442144] as3722-rtc as3722-rtc: RTC interrupt 372
[    1.449103] tegra_rtc 7000e000.rtc: rtc core: registered 7000e000.rtc as rtc1
[    1.456243] tegra_rtc 7000e000.rtc: Tegra internal Real Time Clock
[    1.462591] i2c /dev entries driver
[    1.468529] lm90 0-004c: 0-004c supply vcc not found, using dummy regulator
[    1.479957] sdhci: Secure Digital Host Controller Interface driver
[    1.486139] sdhci: Copyright(c) Pierre Ossman
[    1.491024] Synopsys Designware Multimedia Card Interface Driver
[    1.497467] sdhci-pltfm: SDHCI platform and OF driver helper
[    1.503402] sdhci-tegra 700b0000.sdhci: allocated mmc-pwrseq
[    1.517209] sdhci-tegra 700b0400.sdhci: Got CD GPIO
[    1.522080] sdhci-tegra 700b0400.sdhci: Got WP GPIO
[    1.541898] mmc0: Unknown controller version (3). You may experience problems.
[    1.549139] mmc0: Invalid maximum block size, assuming 512 bytes
[    1.604723] elan_i2c 1-0015: Elan Touchpad: Module ID: 0x002a, Firmware: 0x0005, Sample: 0x0007, IAP: 0x0009
[    1.613795] mmc0: SDHCI controller on 700b0600.sdhci [700b0600.sdhci] using ADMA
[    1.622046] ledtrig-cpu: registered to indicate activity on CPUs
[    1.622164] input: Elan Touchpad as /devices/soc0/7000c400.i2c/i2c-1/1-0015/input/input0
[    1.636233] usbcore: registered new interface driver usbhid
[    1.641790] usbhid: USB HID core driver
[    1.647050] NET: Registered protocol family 10
[    1.652838] Segment Routing with IPv6
[    1.656520] sit: IPv6, IPv4 and MPLS over IPv4 tunneling driver
[    1.662644] NET: Registered protocol family 17
[    1.667084] can: controller area network core (rev 20170425 abi 9)
[    1.673267] NET: Registered protocol family 29
[    1.677704] can: raw protocol (rev 20170425)
[    1.681961] can: broadcast manager protocol (rev 20170425 t)
[    1.687610] can: netlink gateway (rev 20170425) max_hops=1
[    1.693211] Key type dns_resolver registered
[    1.697709] ThumbEE CPU extension supported.
[    1.701968] Registering SWP/SWPB emulation handler
[    1.713692] +3.3V_RUN: supplied by +3.3V_SYS
[    1.718898] +VDD_LED: supplied by +VDD_MUX
[    1.723096] +3.3V_AVDD_HDMI_AP_GATED: supplied by +3.3V_RUN
[    1.728745] +1.8V_RUN_CAM: supplied by +3.3V_RUN
[    1.733439] +VDDIO_SDMMC3: supplied by +3.3V_RUN
[    1.738176] +1.8V_RUN_VPP_FUSE: supplied by +3.3V_RUN
[    1.743486] +5V_VDD_TS_SW: supplied by +5V_SYS
[    1.748305] +5V_USB_HS: supplied by +5V_SYS
[    1.752706] +5V_USB_SS: supplied by +5V_SYS
[    1.758138] +3.3V_PANEL: supplied by +3.3V_RUN
[    1.763593] +3.3V_LP0: supplied by +3.3V_SYS
[    1.768898] +1.05V_RUN_AVDD_HDMI_PLL: supplied by +1.05V_RUN
[    1.768969] elan_i2c 1-0015: failed to read report data: -121
[    1.780661] +5V_HDMI_CON: supplied by +5V_SYS
[    1.785788]  usb3-0: usb3-0 supply vbus not found, using dummy regulator
[    1.792516]  usb3-1: usb3-1 supply vbus not found, using dummy regulator
[    1.805949] tegra-sor 54540000.sor: failed to probe output: -517
[    1.812468] panel-simple panel: panel supply power not found, using dummy regulator
[    1.821214] sdhci-tegra 700b0000.sdhci: allocated mmc-pwrseq
[    1.833928] mmc1: Unknown controller version (3). You may experience problems.
[    1.841204] mmc1: Invalid maximum block size, assuming 512 bytes
[    1.847706] mmc1: Switching to 3.3V signalling voltage failed
[    1.859178] mmc0: new high speed MMC card at address 0001
[    1.864960] mmcblk0: mmc0:0001 MMC16G 14.4 GiB 
[    1.869605] mmcblk0boot0: mmc0:0001 MMC16G partition 1 2.00 MiB
[    1.875942] mmcblk0boot1: mmc0:0001 MMC16G partition 2 2.00 MiB
[    1.882106] mmcblk0rpmb: mmc0:0001 MMC16G partition 3 128 KiB
[    1.891885]  mmcblk0: p1 p2 p3 p4 p5 p6 p7 p8 p9 p10 p11 p12
[    1.903839] mmc1: SDHCI controller on 700b0000.sdhci [700b0000.sdhci] using ADMA
[    1.907235] elan_i2c 1-0015: invalid report id data (ff)
[    1.917278] sdhci-tegra 700b0400.sdhci: Got CD GPIO
[    1.922147] sdhci-tegra 700b0400.sdhci: Got WP GPIO
[    1.933935] mmc2: Unknown controller version (3). You may experience problems.
[    1.941231] mmc2: Invalid maximum block size, assuming 512 bytes
[    1.978093] mmc1: new high speed SDIO card at address 0001
[    2.003893] mmc2: SDHCI controller on 700b0400.sdhci [700b0400.sdhci] using ADMA
[    2.017171] input: gpio-keys as /devices/soc0/gpio-keys/input/input1
[    2.025003] as3722-rtc as3722-rtc: setting system clock to 2000-01-01 00:00:22 UTC (946684822)
[    2.034015] +3.3V_AVDD_HDMI_AP_GATED: disabling
[    2.038542] +1.05V_RUN: disabling
[    2.042003] +1.8V_RUN_CAM: disabling
[    2.045847] +3.3V_RUN_CAM: disabling
[    2.049582] +1.2V_RUN_CAM_FRONT: disabling
[    2.054810] +1.05V_RUN_CAM_REAR: disabling
[    2.061032] +2.8V_RUN_TOUCH: disabling
[    2.065023] +2.8V_RUN_CAM_AF: disabling
[    2.069017] +1.8V_RUN_VPP_FUSE: disabling
[    2.073185] +VDD_LED: disabling
[    2.076362] +5V_VDD_TS_SW: disabling
[    2.079941] +5V_USB_HS: disabling
[    2.083247] +5V_USB_SS: disabling
[    2.086591] +3.3V_PANEL: disabling
[    2.089992] +1.05V_RUN_AVDD_HDMI_PLL: disabling
[    2.094553] +5V_HDMI_CON: disabling
[    2.098926] EXT4-fs (mmcblk0p3): couldn't mount as ext3 due to feature incompatibilities
[    2.107637] EXT4-fs (mmcblk0p3): couldn't mount as ext2 due to feature incompatibilities
[    2.195732] mmc2: new high speed SDHC card at address 0007
[    2.201381] mmcblk2: mmc2:0007 SD08G 7.42 GiB 
[    2.214946] GPT:Primary header alternate_lba != Alt. header my_lba
[    2.221119] GPT:3014591 != 15564799
[    2.224627] GPT:Primary header thinks Alt. header is not at the end of the disk.
[    2.232005] GPT:3014591 != 15564799
[    2.235486] GPT: Use GNU Parted to correct GPT errors.
[    2.240632]  mmcblk2: p1 p2 p3 p4 p5 p6 p7 p8 p9 p10 p11 p12
[    2.267448] EXT4-fs (mmcblk0p3): recovery complete
[    2.272236] EXT4-fs (mmcblk0p3): mounted filesystem with ordered data mode. Opts: (null)
[    2.280361] VFS: Mounted root (ext4 filesystem) on device 179:3.
[    2.287340] devtmpfs: mounted
[    2.290994] Freeing unused kernel memory: 2048K
bash: cannot set terminal process group (-1): Inappropriate ioctl for device
bash: no job control in this shell
root@(none):/# mount -t sysfs none /sys
root@(none):/# 
root@(none):/# mount -t debugfs none /sys/kernel/debug
root@(none):/# 
root@(none):/# rtcwake -d rtc1 -m mem -s 3
rtcwake: assuming RTC uses UTC ...
rtcwake: wakeup from "mem" using /dev/rtc1 at Thu Jan  1 00:00:27 1970
[    4.785832] PM: Syncing filesystems ... done.
[    4.791897] Freezing user space processes ... (elapsed 0.001 seconds) done.
[    4.800016] OOM killer disabled.
[    4.803235] Freezing remaining freezable tasks ... (elapsed 0.001 seconds) done.
[    4.811781] Suspending console(s) (use no_console_suspend to debug)
[    4.838501] Disabling non-boot CPUs ...
[    4.894041] IRQ352 no longer affine to CPU1
[    4.953941] IRQ17 no longer affine to CPU2
[    4.954053] IRQ353 no longer affine to CPU2
[    5.004070] IRQ354 no longer affine to CPU3
[    5.004401] Entering suspend state LP1
[    5.004401] Suspended for 2.930 seconds
[    5.004412] Enabling non-boot CPUs ...
[    5.004707] CPU1 is up
[    5.004955] CPU2 is up
[    5.005209] CPU3 is up
[    5.163932] mmc1: Switching to 3.3V signalling voltage failed
[    5.301576] OOM killer enabled.
[    5.304717] Restarting tasks ... done.
root@(none):/# 
root@(none):/# rtcwake -d rtc1 -m mem -s 3
rtcwake: assuming RTC uses UTC ...
rtcwake: wakeup from "mem" using /dev/rtc1 at Thu Jan  1 00:00:31 1970
[    5.932819] PM: Syncing filesystems ... done.
[    5.938296] Freezing user space processes ... (elapsed 0.001 seconds) done.
[    5.946325] OOM killer disabled.
[    5.949541] Freezing remaining freezable tasks ... (elapsed 0.001 seconds) done.
[    5.958081] Suspending console(s) (use no_console_suspend to debug)
[    5.983303] Disabling non-boot CPUs ...
[    6.033971] IRQ352 no longer affine to CPU1
[    6.084018] IRQ353 no longer affine to CPU2
[    6.143886] IRQ17 no longer affine to CPU3
[    6.143996] IRQ354 no longer affine to CPU3
[    6.144374] Entering suspend state LP1
[    6.144374] Suspended for 2.859 seconds
[    6.144385] Enabling non-boot CPUs ...
[    6.144685] CPU1 is up
[    6.144935] CPU2 is up
[    6.145189] CPU3 is up
[    6.303983] mmc1: Switching to 3.3V signalling voltage failed
[    6.441353] OOM killer enabled.
[    6.444489] Restarting tasks ... done.
root@(none):/# 
root@(none):/# rtcwake -d rtc1 -m mem -s 3
rtcwake: assuming RTC uses UTC ...
rtcwake: wakeup from "mem" using /dev/rtc1 at Thu Jan  1 00:00:35 1970
[    7.073020] PM: Syncing filesystems ... done.
[    7.078727] Freezing user space processes ... (elapsed 0.001 seconds) done.
[    7.086851] OOM killer disabled.
[    7.090070] Freezing remaining freezable tasks ... (elapsed 0.001 seconds) done.
[    7.098649] Suspending console(s) (use no_console_suspend to debug)
[    7.123536] Disabling non-boot CPUs ...
[    7.163888] IRQ17 no longer affine to CPU1
[    7.163944] IRQ352 no longer affine to CPU1
[    7.284332] Entering suspend state LP1
[    7.284332] Suspended for 2.859 seconds
[    7.284343] Enabling non-boot CPUs ...
[    7.284642] CPU1 is up
[    7.284891] CPU2 is up
[    7.285138] CPU3 is up
[    7.443961] mmc1: Switching to 3.3V signalling voltage failed
[    7.572907] OOM killer enabled.
[    7.576043] Restarting tasks ... done.
root@(none):/# 
root@(none):/# rtcwake -d rtc1 -m mem -s 3
rtcwake: assuming RTC uses UTC ...
rtcwake: wakeup from "mem" using /dev/rtc1 at Thu Jan  1 00:00:39 1970
[    8.212937] PM: Syncing filesystems ... done.
[    8.218546] Freezing user space processes ... (elapsed 0.001 seconds) done.
[    8.226665] OOM killer disabled.
[    8.229881] Freezing remaining freezable tasks ... (elapsed 0.001 seconds) done.
[    8.238442] Suspending console(s) (use no_console_suspend to debug)
[    8.263719] Disabling non-boot CPUs ...
[    8.444257] Entering suspend state LP1
[    8.444257] Suspended for 2.840 seconds
[    8.444268] Enabling non-boot CPUs ...
[    8.444569] CPU1 is up
[    8.444817] CPU2 is up
[    8.445069] CPU3 is up
[    8.603949] mmc1: Switching to 3.3V signalling voltage failed
[    8.724516] OOM killer enabled.
[    8.727645] Restarting tasks ... done.
root@(none):/# 
root@(none):/# rtcwake -d rtc1 -m mem -s 3
rtcwake: assuming RTC uses UTC ...
rtcwake: wakeup from "mem" using /dev/rtc1 at Thu Jan  1 00:00:43 1970
[    9.372741] PM: Syncing filesystems ... done.
[    9.378354] Freezing user space processes ... (elapsed 0.001 seconds) done.
[    9.386467] OOM killer disabled.
[    9.389683] Freezing remaining freezable tasks ... (elapsed 0.001 seconds) done.
[    9.398221] Suspending console(s) (use no_console_suspend to debug)
[    9.423454] Disabling non-boot CPUs ...
[    9.594278] Entering suspend state LP1
[    9.594278] Suspended for 2.849 seconds
[    9.594288] Enabling non-boot CPUs ...
[    9.594591] CPU1 is up
[    9.594843] CPU2 is up
[    9.595090] CPU3 is up
[    9.753732] mmc1: Switching to 3.3V signalling voltage failed
[    9.874258] OOM killer enabled.
[    9.877387] Restarting tasks ... done.
root@(none):/# 
root@(none):/# rtcwake -d rtc1 -m mem -s 3
rtcwake: assuming RTC uses UTC ...
rtcwake: wakeup from "mem" using /dev/rtc1 at Thu Jan  1 00:00:47 1970
[   10.522646] PM: Syncing filesystems ... done.
[   10.528117] Freezing user space processes ... (elapsed 0.001 seconds) done.
[   10.536239] OOM killer disabled.
[   10.539458] Freezing remaining freezable tasks ... (elapsed 0.001 seconds) done.
[   10.548043] Suspending console(s) (use no_console_suspend to debug)
[   10.573255] Disabling non-boot CPUs ...
[   10.623860] migrate_irqs: 8 callbacks suppressed
[   10.623863] IRQ352 no longer affine to CPU1
[   10.703913] IRQ353 no longer affine to CPU2
[   10.763889] IRQ354 no longer affine to CPU3
[   10.764238] Entering suspend state LP1
[   10.764238] Suspended for 2.829 seconds
[   10.764249] Enabling non-boot CPUs ...
[   10.764550] CPU1 is up
[   10.764799] CPU2 is up
[   10.765053] CPU3 is up
[   10.923803] mmc1: Switching to 3.3V signalling voltage failed
[   11.060166] OOM killer enabled.
[   11.063295] Restarting tasks ... done.
root@(none):/# 
root@(none):/# rtcwake -d rtc1 -m mem -s 3
rtcwake: assuming RTC uses UTC ...
rtcwake: wakeup from "mem" using /dev/rtc1 at Thu Jan  1 00:00:51 1970
[   11.692399] PM: Syncing filesystems ... done.
[   11.698024] Freezing user space processes ... (elapsed 0.001 seconds) done.
[   11.706059] OOM killer disabled.
[   11.709275] Freezing remaining freezable tasks ... (elapsed 0.001 seconds) done.
[   11.717819] Suspending console(s) (use no_console_suspend to debug)
[   11.743660] Disabling non-boot CPUs ...
[   11.783834] IRQ352 no longer affine to CPU1
[   11.843890] IRQ353 no longer affine to CPU2
[   11.883860] IRQ354 no longer affine to CPU3
[   11.884178] Entering suspend state LP1
[   11.884178] Suspended for 2.880 seconds
[   11.884189] Enabling non-boot CPUs ...
[   11.884490] CPU1 is up
[   11.884738] CPU2 is up
[   11.884985] CPU3 is up
[   12.043819] mmc1: Switching to 3.3V signalling voltage failed
[   12.176874] OOM killer enabled.
[   12.180003] Restarting tasks ... done.
root@(none):/# 
root@(none):/# rtcwake -d rtc1 -m mem -s 3
rtcwake: assuming RTC uses UTC ...
rtcwake: wakeup from "mem" using /dev/rtc1 at Thu Jan  1 00:00:55 1970
[   12.812865] PM: Syncing filesystems ... done.
[   12.818576] Freezing user space processes ... (elapsed 0.001 seconds) done.
[   12.826702] OOM killer disabled.
[   12.829921] Freezing remaining freezable tasks ... (elapsed 0.001 seconds) done.
[   12.838520] Suspending console(s) (use no_console_suspend to debug)
[   12.864881] Disabling non-boot CPUs ...
[   12.913806] IRQ352 no longer affine to CPU1
[   12.963856] IRQ353 no longer affine to CPU2
[   13.023725] IRQ17 no longer affine to CPU3
[   13.023833] IRQ354 no longer affine to CPU3
[   13.024142] Entering suspend state LP1
[   13.024142] Suspended for 2.859 seconds
[   13.024153] Enabling non-boot CPUs ...
[   13.024453] CPU1 is up
[   13.024706] CPU2 is up
[   13.024962] CPU3 is up
[   13.183831] mmc1: Switching to 3.3V signalling voltage failed
[   13.321238] OOM killer enabled.
[   13.324373] Restarting tasks ... done.
root@(none):/# 
root@(none):/# rtcwake -d rtc1 -m mem -s 3
rtcwake: assuming RTC uses UTC ...
rtcwake: wakeup from "mem" using /dev/rtc1 at Thu Jan  1 00:00:59 1970
[   13.952623] PM: Syncing filesystems ... done.
[   13.958091] Freezing user space processes ... (elapsed 0.001 seconds) done.
[   13.966124] OOM killer disabled.
[   13.969339] Freezing remaining freezable tasks ... (elapsed 0.001 seconds) done.
[   13.977881] Suspending console(s) (use no_console_suspend to debug)
[   14.003506] Disabling non-boot CPUs ...
[   14.164165] Entering suspend state LP1
[   14.164165] Suspended for 2.859 seconds
[   14.164176] Enabling non-boot CPUs ...
[   14.164476] CPU1 is up
[   14.164727] CPU2 is up
[   14.164976] CPU3 is up
[   14.323790] mmc1: Switching to 3.3V signalling voltage failed
[   14.444568] OOM killer enabled.
[   14.447697] Restarting tasks ... done.
root@(none):/# 
root@(none):/# rtcwake -d rtc1 -m mem -s 3
rtcwake: assuming RTC uses UTC ...
rtcwake: wakeup from "mem" using /dev/rtc1 at Thu Jan  1 00:01:03 1970
[   15.092821] PM: Syncing filesystems ... done.
[   15.098392] Freezing user space processes ... (elapsed 0.001 seconds) done.
[   15.106511] OOM killer disabled.
[   15.109728] Freezing remaining freezable tasks ... (elapsed 0.001 seconds) done.
[   15.118279] Suspending console(s) (use no_console_suspend to debug)
[   15.144570] Disabling non-boot CPUs ...
[   15.304130] Entering suspend state LP1
[   15.304130] Suspended for 2.859 seconds
[   15.304140] Enabling non-boot CPUs ...
[   15.304442] CPU1 is up
[   15.304693] CPU2 is up
[   15.304946] CPU3 is up
[   15.463774] mmc1: Switching to 3.3V signalling voltage failed
[   15.584475] OOM killer enabled.
[   15.587605] Restarting tasks ... done.
root@(none):/# 
root@(none):/# NVTB SYSTEM SUSPEND TEST COMPLETE
