Diff for ./qemu-vexpress64/__internal/defconfig_log.txt
--- /tmp/fooa	2016-05-08 15:12:18.675350324 -0700
+++ /tmp/foob	2016-05-08 15:12:18.679350323 -0700
@@ -1,5 +1,5 @@
 Booting Linux on physical CPU 0x0
-Linux version 4.6.0-rc6+ (pwalmsley@tamien) (gcc version 4.9.2 20140904 (prerelease) (crosstool-NG linaro-1.13.1-4.9-2014.09 - Linaro GCC 4.9-2014.09) ) #1 SMP PREEMPT Tue May 3 07:35:35 PDT 2016
+Linux version 4.6.0-rc7+ (pwalmsley@tamien) (gcc version 4.9.2 20140904 (prerelease) (crosstool-NG linaro-1.13.1-4.9-2014.09 - Linaro GCC 4.9-2014.09) ) #1 SMP PREEMPT Sun May 8 15:07:15 PDT 2016
 Boot CPU: AArch64 Processor [411fd070]
 Memory limited to 1024MB
 efi: Getting EFI parameters from FDT:
@@ -94,7 +94,7 @@
 kvm [1]: HYP mode not available
 futex hash table entries: 256 (order: 3, 32768 bytes)
 audit: initializing netlink subsys (disabled)
-audit: type=2000 audit(0.552:1): initialized
+audit: type=2000 audit(0.668:1): initialized
 workingset: timestamp_bits=44 max_order=18 bucket_order=0
 squashfs: version 4.0 (2009/01/31) Phillip Lougher
 NFS: Registering the id_resolver key type
@@ -154,7 +154,7 @@
 Key type dns_resolver registered
 registered taskstats version 1
 input: gpio-keys as /devices/platform/gpio-keys/input/input0
-rtc-pl031 9010000.pl031: setting system clock to 2016-05-03 14:36:05 UTC (1462286165)
+rtc-pl031 9010000.pl031: setting system clock to 2016-05-08 22:07:48 UTC (1462745268)
 ALSA device list:
   No soundcards found.
 uart-pl011 9000000.pl011: no DMA platform data
Diff for ./tegra114-dalmore-a04/tegra114-dalmore/multi_v7_defconfig_log.txt
--- /tmp/fooa	2016-05-08 15:12:18.699350322 -0700
+++ /tmp/foob	2016-05-08 15:12:18.699350322 -0700
@@ -41,18 +41,18 @@
 	 #################
 	 3.1 MiB/s
 done
-Bytes transferred = 6919032 (699378 hex)
+Bytes transferred = 6918384 (6990f0 hex)
 Tegra114 (Dalmore) # tftpboot 0x82000000 tegra114-dalmore.dtb
 Using asx0 device
 TFTP from server 192.168.100.1; our IP address is 192.168.100.100
 Filename 'tegra114-dalmore.dtb'.
 Load address: 0x82000000
 Loading: *###
-	 3 MiB/s
+	 2.8 MiB/s
 done
 Bytes transferred = 34894 (884e hex)
 Tegra114 (Dalmore) # bootz 0x81000000 - 0x82000000
-Kernel image @ 0x81000000 [ 0x000000 - 0x699378 ]
+Kernel image @ 0x81000000 [ 0x000000 - 0x6990f0 ]
 ## Flattened Device Tree blob at 82000000
    Booting using the fdt blob at 0x82000000
    Loading Device Tree to 8fff4000, end 8ffff84d ... OK
@@ -60,7 +60,7 @@
 Starting kernel ...
 
 Booting Linux on physical CPU 0x0
-Linux version 4.6.0-rc6-83187-g04974df (pwalmsley@sellafield) (gcc version 4.7.3 20130328 (prerelease) (crosstool-NG linaro-1.13.1-4.7-2013.04-20130415 - Linaro GCC 2013.04) ) #1 SMP Tue May 3 07:33:44 PDT 2016
+Linux version 4.6.0-rc7-83433-g44549e8 (pwalmsley@sellafield) (gcc version 4.7.3 20130328 (prerelease) (crosstool-NG linaro-1.13.1-4.7-2013.04-20130415 - Linaro GCC 2013.04) ) #1 SMP Sun May 8 15:04:55 PDT 2016
 CPU: ARMv7 Processor [412fc0f2] revision 2 (ARMv7), cr=10c5387d
 CPU: div instructions available: patching division code
 CPU: PIPT / VIPT nonaliasing data cache, PIPT instruction cache
@@ -90,7 +90,7 @@
     lowmem  : 0xc0000000 - 0xf0000000   ( 768 MB)
     pkmap   : 0xbfe00000 - 0xc0000000   (   2 MB)
     modules : 0xbf000000 - 0xbfe00000   (  14 MB)
-      .text : 0xc0208000 - 0xc104fa90   (14623 kB)
+      .text : 0xc0208000 - 0xc104fa10   (14623 kB)
       .init : 0xc1100000 - 0xc1300000   (2048 kB)
       .data : 0xc1300000 - 0xc141d400   (1141 kB)
        .bss : 0xc141f000 - 0xc1474518   ( 342 kB)
@@ -280,8 +280,8 @@
 [drm] No driver support for vblank timestamp query.
 mmc0: new high speed SDHC card at address aaaa
 mmcblk0: mmc0:aaaa SL16G 14.8 GiB 
- mmcblk0: p1 p2 p3
 mmc1: new high speed MMC card at address 0001
+ mmcblk0: p1 p2 p3
 mmcblk1: mmc1:0001 SEM32G 29.1 GiB 
 mmcblk1boot0: mmc1:0001 SEM32G partition 1 4.00 MiB
 mmcblk1boot1: mmc1:0001 SEM32G partition 2 4.00 MiB
@@ -298,7 +298,7 @@
 hub 1-0:1.0: USB hub found
 hub 1-0:1.0: 1 port detected
 input: gpio-keys as /devices/soc0/gpio-keys/input/input0
-palmas-rtc 7000d000.i2c:tps65913@58:rtc: setting system clock to 2000-02-26 01:55:15 UTC (951530115)
+palmas-rtc 7000d000.i2c:tps65913@58:rtc: setting system clock to 2000-03-02 09:26:39 UTC (951989199)
 dvdd_ts: disabling
 usb1_vbus: disabling
 vdd_cam_1v8_reg: disabling
@@ -310,4 +310,5 @@
 Freeing unused kernel memory: 2048K (c1100000 - c1300000)
 bash: cannot set terminal process group (-1): Inappropriate ioctl for device
 bash: no job control in this shell
-root@(none):/# [    2.229304] usb 1-1: new high-speed USB device number 2 using tegra-ehci
+usb 1-1: new high-speed USB device number 2 using tegra-ehci
+root@(none):/# 
\ No newline at end of file
Diff for ./tegra114-dalmore-a04/tegra114-dalmore/tegra_defconfig_log.txt
--- /tmp/fooa	2016-05-08 15:12:18.707350322 -0700
+++ /tmp/foob	2016-05-08 15:12:18.707350322 -0700
@@ -14,7 +14,7 @@
 Err:   serial
 Net:   Net Initialization Skipped
 No ethernet found.
-Hit any key to stop autoboot:  2  1  0 
+Hit any key to stop autoboot:  2  0 
 Tegra114 (Dalmore) # 
 Tegra114 (Dalmore) # usb reset
 (Re)start USB...
@@ -27,7 +27,6 @@
 Tegra114 (Dalmore) # setenv bootargs 'ignore_loglevel console=ttyS0,115200n8 rw root=PARTUUID=7369c667-ff51-ec4a-29cd-baabf2fbe346 rootwait gpt debug earlyprintk init=/bin/bash'
 Tegra114 (Dalmore) # setenv ipaddr 192.168.100.100; setenv serverip 192.168.100.1; setenv tftpserverip 192.168.100.1
 Tegra114 (Dalmore) # tftpboot 0x81000000 zImage.tegra_defconfig
-Waiting for Ethernet connection... done.
 Using asx0 device
 TFTP from server 192.168.100.1; our IP address is 192.168.100.100
 Filename 'zImage.tegra_defconfig'.
@@ -38,20 +37,20 @@
 	 #################################################################
 	 #################################################################
 	 ######################################
-	 3.3 MiB/s
+	 3.1 MiB/s
 done
-Bytes transferred = 5316424 (511f48 hex)
+Bytes transferred = 5317128 (512208 hex)
 Tegra114 (Dalmore) # tftpboot 0x82000000 tegra114-dalmore.dtb
 Using asx0 device
 TFTP from server 192.168.100.1; our IP address is 192.168.100.100
 Filename 'tegra114-dalmore.dtb'.
 Load address: 0x82000000
 Loading: *###
-	 2.8 MiB/s
+	 2.6 MiB/s
 done
 Bytes transferred = 34894 (884e hex)
 Tegra114 (Dalmore) # bootz 0x81000000 - 0x82000000
-Kernel image @ 0x81000000 [ 0x000000 - 0x511f48 ]
+Kernel image @ 0x81000000 [ 0x000000 - 0x512208 ]
 ## Flattened Device Tree blob at 82000000
    Booting using the fdt blob at 0x82000000
    Loading Device Tree to 8fff4000, end 8ffff84d ... OK
@@ -60,7 +59,7 @@
 
 Uncompressing Linux... done, booting the kernel.
 Booting Linux on physical CPU 0x0
-Linux version 4.6.0-rc6-83187-g04974df (pwalmsley@kaivo) (gcc version 4.7.3 20130328 (prerelease) (crosstool-NG linaro-1.13.1-4.7-2013.04-20130415 - Linaro GCC 2013.04) ) #1 SMP PREEMPT Tue May 3 07:33:39 PDT 2016
+Linux version 4.6.0-rc7-83433-g44549e8 (pwalmsley@kaivo) (gcc version 4.7.3 20130328 (prerelease) (crosstool-NG linaro-1.13.1-4.7-2013.04-20130415 - Linaro GCC 2013.04) ) #1 SMP PREEMPT Sun May 8 15:04:48 PDT 2016
 CPU: ARMv7 Processor [412fc0f2] revision 2 (ARMv7), cr=10c5387d
 CPU: div instructions available: patching division code
 CPU: PIPT / VIPT nonaliasing data cache, PIPT instruction cache
@@ -91,7 +90,7 @@
     lowmem  : 0xc0000000 - 0xf0000000   ( 768 MB)
     pkmap   : 0xbfe00000 - 0xc0000000   (   2 MB)
     modules : 0xbf000000 - 0xbfe00000   (  14 MB)
-      .text : 0xc0008000 - 0xc0ab22a8   (10921 kB)
+      .text : 0xc0008000 - 0xc0ab22b8   (10921 kB)
       .init : 0xc0b00000 - 0xc0c00000   (1024 kB)
       .data : 0xc0c00000 - 0xc0c5dfc0   ( 376 kB)
        .bss : 0xc0c5f000 - 0xc0cb9a04   ( 363 kB)
@@ -296,7 +295,7 @@
 hub 1-0:1.0: USB hub found
 hub 1-0:1.0: 1 port detected
 input: gpio-keys as /devices/soc0/gpio-keys/input/input1
-palmas-rtc 7000d000.i2c:tps65913@58:rtc: setting system clock to 2000-02-26 01:52:47 UTC (951529967)
+palmas-rtc 7000d000.i2c:tps65913@58:rtc: setting system clock to 2000-03-02 09:24:05 UTC (951989045)
 dvdd_ts: disabling
 usb1_vbus: disabling
 vdd_cam_1v8_reg: disabling
@@ -310,5 +309,4 @@
 Freeing unused kernel memory: 1024K (c0b00000 - c0c00000)
 bash: cannot set terminal process group (-1): Inappropriate ioctl for device
 bash: no job control in this shell
-usb 1-1: new high-speed USB device number 2 using tegra-ehci
-root@(none):/# 
\ No newline at end of file
+root@(none):/# [    2.414553] usb 1-1: new high-speed USB device number 2 using tegra-ehci
Diff for ./tegra124-jetson-tk1/tegra124-jetson-tk1/multi_v7_defconfig_log.txt
--- /tmp/fooa	2016-05-08 15:12:18.743350318 -0700
+++ /tmp/foob	2016-05-08 15:12:18.743350318 -0700
@@ -34,20 +34,20 @@
 	 #################################################################
 	 #################################################################
 	 #################
-	 3.5 MiB/s
+	 3.8 MiB/s
 done
-Bytes transferred = 6919032 (699378 hex)
+Bytes transferred = 6918384 (6990f0 hex)
 Tegra124 (Jetson TK1) # tftpboot 0x83000000 tegra124-jetson-tk1.dtb
 Using eth_rtl8169 device
 TFTP from server 192.168.100.1; our IP address is 192.168.100.102
 Filename 'tegra124-jetson-tk1.dtb'.
 Load address: 0x83000000
 Loading: *#####
-	 3.6 MiB/s
+	 3.2 MiB/s
 done
 Bytes transferred = 64138 (fa8a hex)
 Tegra124 (Jetson TK1) # bootz 0x82000000 - 0x83000000
-Kernel image @ 0x82000000 [ 0x000000 - 0x699378 ]
+Kernel image @ 0x82000000 [ 0x000000 - 0x6990f0 ]
 ## Flattened Device Tree blob at 83000000
    Booting using the fdt blob at 0x83000000
    Using Device Tree in place at 83000000, end 83012a89
@@ -55,7 +55,7 @@
 Starting kernel ...
 
 Booting Linux on physical CPU 0x0
-Linux version 4.6.0-rc6-83187-g04974df (pwalmsley@sellafield) (gcc version 4.7.3 20130328 (prerelease) (crosstool-NG linaro-1.13.1-4.7-2013.04-20130415 - Linaro GCC 2013.04) ) #1 SMP Tue May 3 07:33:44 PDT 2016
+Linux version 4.6.0-rc7-83433-g44549e8 (pwalmsley@sellafield) (gcc version 4.7.3 20130328 (prerelease) (crosstool-NG linaro-1.13.1-4.7-2013.04-20130415 - Linaro GCC 2013.04) ) #1 SMP Sun May 8 15:04:55 PDT 2016
 CPU: ARMv7 Processor [413fc0f3] revision 3 (ARMv7), cr=10c5387d
 CPU: div instructions available: patching division code
 CPU: PIPT / VIPT nonaliasing data cache, PIPT instruction cache
@@ -85,7 +85,7 @@
     lowmem  : 0xc0000000 - 0xf0000000   ( 768 MB)
     pkmap   : 0xbfe00000 - 0xc0000000   (   2 MB)
     modules : 0xbf000000 - 0xbfe00000   (  14 MB)
-      .text : 0xc0208000 - 0xc104fa90   (14623 kB)
+      .text : 0xc0208000 - 0xc104fa10   (14623 kB)
       .init : 0xc1100000 - 0xc1300000   (2048 kB)
       .data : 0xc1300000 - 0xc141d400   (1141 kB)
        .bss : 0xc141f000 - 0xc1474518   ( 342 kB)
@@ -281,13 +281,10 @@
 +1.35V_LP0(sd2): supplied by +5V_SYS
 +1.05V_RUN_AVDD: supplied by +1.35V_LP0(sd2)
 tegra-pcie 1003000.pcie-controller: probing port 0, using 2 lanes
+tegra-pcie 1003000.pcie-controller: Slot present pin change, signature: 00000008
 mmc0: new high speed MMC card at address 0001
 mmcblk0: mmc0:0001 SEM16G 14.7 GiB 
 mmcblk0boot0: mmc0:0001 SEM16G partition 1 4.00 MiB
-mmcblk0boot1: mmc0:0001 SEM16G partition 2 4.00 MiB
-mmcblk0rpmb: mmc0:0001 SEM16G partition 3 4.00 MiB
- mmcblk0: p1
-tegra-pcie 1003000.pcie-controller: Slot present pin change, signature: 00000008
 tegra-pcie 1003000.pcie-controller: probing port 1, using 1 lanes
 tegra-pcie 1003000.pcie-controller: Slot present pin change, signature: 00000000
 tegra-pcie 1003000.pcie-controller: PCI host bridge to bus 0000:00
@@ -341,7 +338,7 @@
 pcie_pme 0000:00:02.0:pcie01: service driver pcie_pme loaded
 r8169 Gigabit Ethernet driver 2.3LK-NAPI loaded
 r8169 0000:02:00.0: enabling device (0140 -> 0143)
-r8169 0000:02:00.0 eth0: RTL8168g/8111g at 0xf0a1c000, 00:04:4b:3a:d9:81, XID 0c000800 IRQ 391
+r8169 0000:02:00.0 eth0: RTL8168g/8111g at 0xf0a12000, 00:04:4b:3a:d9:81, XID 0c000800 IRQ 391
 r8169 0000:02:00.0 eth0: jumbo features [frames: 9200 bytes, tx checksumming: ko]
 +5V_HDMI_CON: supplied by +5V_SYS
 +1.05V_RUN_AVDD_HDMI_PLL: supplied by +1.05V_RUN
@@ -349,8 +346,12 @@
 +3.3V_AVDD_HDMI_AP_GATED: supplied by +3.3V_RUN
 [drm] Supports vblank timestamp caching Rev 2 (21.10.2013).
 [drm] No driver support for vblank timestamp query.
-tegra-hdmi 54280000.hdmi: cannot set audio to 44100 at 297000000 pclk
-Console: switching to colour frame buffer device 512x135
+drm drm: No connectors reported connected with modes
+[drm] Cannot find any crtc or sizes - going 1024x768
+mmcblk0boot1: mmc0:0001 SEM16G partition 2 4.00 MiB
+mmcblk0rpmb: mmc0:0001 SEM16G partition 3 4.00 MiB
+ mmcblk0: p1
+Console: switching to colour frame buffer device 128x48
 drm drm: fb0:  frame buffer device
 [drm] Initialized tegra 0.0.0 20120330 on minor 0
 +5V_SATA: supplied by +5V_SYS
@@ -369,7 +370,6 @@
 hub 2-0:1.0: USB hub found
 hub 2-0:1.0: 1 port detected
 cpu: dev_pm_opp_of_cpumask_add_table: couldn't find opp table for cpu:0, -19
-cpu cpu0: dev_pm_opp_get_max_volt_latency: Invalid regulator (-6)
 cpufreq: cpufreq_online: CPU0: Running at unlisted freq: 696000 KHz
 cpufreq: cpufreq_online: CPU0: Unlisted initial frequency changed to: 714000 KHz
 sdhci-tegra 700b0400.sdhci: Got CD GPIO
@@ -379,7 +379,7 @@
 mmc1: Invalid maximum block size, assuming 512 bytes
 mmc1: SDHCI controller on 700b0400.sdhci [700b0400.sdhci] using ADMA 64-bit
 input: gpio-keys as /devices/soc0/gpio-keys/input/input0
-as3722-rtc as3722-rtc: setting system clock to 2000-01-01 00:02:03 UTC (946684923)
+as3722-rtc as3722-rtc: setting system clock to 2000-01-01 00:02:07 UTC (946684927)
 +1.8V_RUN_CAM: disabling
 +2.8V_RUN_CAM: disabling
 +1.2V_RUN_CAM_FRONT: disabling
Diff for ./tegra124-jetson-tk1/tegra124-jetson-tk1/tegra_defconfig_log.txt
--- /tmp/fooa	2016-05-08 15:12:18.755350319 -0700
+++ /tmp/foob	2016-05-08 15:12:18.755350319 -0700
@@ -34,7 +34,7 @@
 	 ######################################
 	 4 MiB/s
 done
-Bytes transferred = 5316424 (511f48 hex)
+Bytes transferred = 5317128 (512208 hex)
 Tegra124 (Jetson TK1) # tftpboot 0x83000000 tegra124-jetson-tk1.dtb
 Using eth_rtl8169 device
 TFTP from server 192.168.100.1; our IP address is 192.168.100.102
@@ -45,7 +45,7 @@
 done
 Bytes transferred = 64138 (fa8a hex)
 Tegra124 (Jetson TK1) # bootz 0x82000000 - 0x83000000
-Kernel image @ 0x82000000 [ 0x000000 - 0x511f48 ]
+Kernel image @ 0x82000000 [ 0x000000 - 0x512208 ]
 ## Flattened Device Tree blob at 83000000
    Booting using the fdt blob at 0x83000000
    Using Device Tree in place at 83000000, end 83012a89
@@ -54,7 +54,7 @@
 
 Uncompressing Linux... done, booting the kernel.
 Booting Linux on physical CPU 0x0
-Linux version 4.6.0-rc6-83187-g04974df (pwalmsley@kaivo) (gcc version 4.7.3 20130328 (prerelease) (crosstool-NG linaro-1.13.1-4.7-2013.04-20130415 - Linaro GCC 2013.04) ) #1 SMP PREEMPT Tue May 3 07:33:39 PDT 2016
+Linux version 4.6.0-rc7-83433-g44549e8 (pwalmsley@kaivo) (gcc version 4.7.3 20130328 (prerelease) (crosstool-NG linaro-1.13.1-4.7-2013.04-20130415 - Linaro GCC 2013.04) ) #1 SMP PREEMPT Sun May 8 15:04:48 PDT 2016
 CPU: ARMv7 Processor [413fc0f3] revision 3 (ARMv7), cr=10c5387d
 CPU: div instructions available: patching division code
 CPU: PIPT / VIPT nonaliasing data cache, PIPT instruction cache
@@ -85,7 +85,7 @@
     lowmem  : 0xc0000000 - 0xf0000000   ( 768 MB)
     pkmap   : 0xbfe00000 - 0xc0000000   (   2 MB)
     modules : 0xbf000000 - 0xbfe00000   (  14 MB)
-      .text : 0xc0008000 - 0xc0ab22a8   (10921 kB)
+      .text : 0xc0008000 - 0xc0ab22b8   (10921 kB)
       .init : 0xc0b00000 - 0xc0c00000   (1024 kB)
       .data : 0xc0c00000 - 0xc0c5dfc0   ( 376 kB)
        .bss : 0xc0c5f000 - 0xc0cb9a04   ( 363 kB)
@@ -371,7 +371,6 @@
 hub 2-0:1.0: USB hub found
 hub 2-0:1.0: 1 port detected
 cpu: dev_pm_opp_of_cpumask_add_table: couldn't find opp table for cpu:0, -19
-cpu cpu0: dev_pm_opp_get_max_volt_latency: Invalid regulator (-6)
 cpufreq: cpufreq_online: CPU0: Running at unlisted freq: 696000 KHz
 cpufreq: cpufreq_online: CPU0: Unlisted initial frequency changed to: 714000 KHz
 sdhci-tegra 700b0400.sdhci: Got CD GPIO
Diff for ./tegra132-norrin/tegra132-norrin/defconfig_log.txt
--- /tmp/fooa	2016-05-08 15:12:18.771350317 -0700
+++ /tmp/foob	2016-05-08 15:12:18.775350317 -0700
@@ -31,7 +31,7 @@
 MSENC clock is set to  79200 KHz
 Vde clock is set to 204000 KHz
 
-Bootloader-Cpu Init at (time stamp): 1800835 us
+Bootloader-Cpu Init at (time stamp): 1800933 us
 
 Pinmux changes applied in kernel way
 
@@ -62,22 +62,22 @@
 Board Id Read Time: 3 us
 Power Rail enable Time: 1 us
 
-Miscellaneous avp time: 1800809  us
-Bootloader (AosInit) time: 734226 us
-Bootloader Main Init time: 183569 us
-BlockDevMgrInit time: 157577 us
+Miscellaneous avp time: 1800907  us
+Bootloader (AosInit) time: 734230 us
+Bootloader Main Init time: 180059 us
+BlockDevMgrInit time: 157532 us
 PartMgrInit time: 8 us
 StorMgrInit time: 30 us
 FsMgrInit time: 2 us
-Partition Table load: 77010 us 
-Display init time: 574523 us
+Partition Table load: 76776 us 
+Display init time: 574663 us
 Kernel read time: 325 msec
 Load Kernel Size:   14102528 Bytes
 Bl Kernel ReadSpeed: 43392000 Bytes/sec
-Pre-Kernel Jump time: 1571372 us
-Clearing 32 Bit State and Warm resetting to 64bit mode: 5611201 us
+Pre-Kernel Jump time: 1568947 us
+Clearing 32 Bit State and Warm resetting to 64bit mode: 5607081 us
 Booting Linux on physical CPU 0x0
-Linux version 4.6.0-rc6+ (pwalmsley@tamien) (gcc version 4.9.2 20140904 (prerelease) (crosstool-NG linaro-1.13.1-4.9-2014.09 - Linaro GCC 4.9-2014.09) ) #1 SMP PREEMPT Tue May 3 07:35:35 PDT 2016
+Linux version 4.6.0-rc7+ (pwalmsley@tamien) (gcc version 4.9.2 20140904 (prerelease) (crosstool-NG linaro-1.13.1-4.9-2014.09 - Linaro GCC 4.9-2014.09) ) #1 SMP PREEMPT Sun May 8 15:07:15 PDT 2016
 Boot CPU: AArch64 Processor [4e0f0000]
 Memory limited to 1734MB
 efi: Getting EFI parameters from FDT:
@@ -179,7 +179,7 @@
 kvm [1]: HYP mode not available
 futex hash table entries: 256 (order: 3, 32768 bytes)
 audit: initializing netlink subsys (disabled)
-audit: type=2000 audit(1.051:1): initialized
+audit: type=2000 audit(1.043:1): initialized
 workingset: timestamp_bits=44 max_order=19 bucket_order=0
 squashfs: version 4.0 (2009/01/31) Phillip Lougher
 NFS: Registering the id_resolver key type
Diff for ./tegra20-trimslice/tegra20-trimslice/multi_v7_defconfig_log.txt
--- /tmp/fooa	2016-05-08 15:12:18.807350315 -0700
+++ /tmp/foob	2016-05-08 15:12:18.811350313 -0700
@@ -47,9 +47,9 @@
 	 #################################################################
 	 #################################################################
 	 #################
-	 905.3 KiB/s
+	 906.3 KiB/s
 done
-Bytes transferred = 6919032 (699378 hex)
+Bytes transferred = 6918384 (6990f0 hex)
 Tegra20 (TrimSlice) # tftpboot 0x02408000 tegra20-trimslice.dtb
 Using RTL8169#0 device
 TFTP from server 192.168.100.1; our IP address is 192.168.100.103
@@ -60,7 +60,7 @@
 done
 Bytes transferred = 21130 (528a hex)
 Tegra20 (TrimSlice) # bootz 0x00408000 - 0x02408000
-Kernel image @ 0x408000 [ 0x000000 - 0x699378 ]
+Kernel image @ 0x408000 [ 0x000000 - 0x6990f0 ]
 ## Flattened Device Tree blob at 02408000
    Booting using the fdt blob at 0x2408000
    Using Device Tree in place at 02408000, end 02410289
@@ -68,7 +68,7 @@
 Starting kernel ...
 
 Booting Linux on physical CPU 0x0
-Linux version 4.6.0-rc6-83187-g04974df (pwalmsley@sellafield) (gcc version 4.7.3 20130328 (prerelease) (crosstool-NG linaro-1.13.1-4.7-2013.04-20130415 - Linaro GCC 2013.04) ) #1 SMP Tue May 3 07:33:44 PDT 2016
+Linux version 4.6.0-rc7-83433-g44549e8 (pwalmsley@sellafield) (gcc version 4.7.3 20130328 (prerelease) (crosstool-NG linaro-1.13.1-4.7-2013.04-20130415 - Linaro GCC 2013.04) ) #1 SMP Sun May 8 15:04:55 PDT 2016
 CPU: ARMv7 Processor [411fc090] revision 0 (ARMv7), cr=10c5387d
 CPU: PIPT / VIPT nonaliasing data cache, VIPT aliasing instruction cache
 Machine model: Compulab TrimSlice board
@@ -97,7 +97,7 @@
     lowmem  : 0xc0000000 - 0xf0000000   ( 768 MB)
     pkmap   : 0xbfe00000 - 0xc0000000   (   2 MB)
     modules : 0xbf000000 - 0xbfe00000   (  14 MB)
-      .text : 0xc0208000 - 0xc104fa90   (14623 kB)
+      .text : 0xc0208000 - 0xc104fa10   (14623 kB)
       .init : 0xc1100000 - 0xc1300000   (2048 kB)
       .data : 0xc1300000 - 0xc141d400   (1141 kB)
        .bss : 0xc141f000 - 0xc1474518   ( 342 kB)
@@ -337,12 +337,12 @@
 hub 1-1:1.0: USB hub found
 hub 1-1:1.0: 4 ports detected
 usb 1-1.2: new high-speed USB device number 3 using tegra-ehci
+asix 1-1.2:1.0 eth1: register 'asix' at usb-c5008000.usb-1.2, ASIX AX88772 USB 2.0 Ethernet, 00:60:6e:60:6c:68
 EXT4-fs (mmcblk0p1): recovery complete
 EXT4-fs (mmcblk0p1): mounted filesystem with ordered data mode. Opts: (null)
 VFS: Mounted root (ext3 filesystem) on device 179:1.
 devtmpfs: mounted
 Freeing unused kernel memory: 2048K (c1100000 - c1300000)
-asix 1-1.2:1.0 eth1: register 'asix' at usb-c5008000.usb-1.2, ASIX AX88772 USB 2.0 Ethernet, 00:60:6e:60:6c:68
 bash: cannot set terminal process group (-1): Inappropriate ioctl for device
 bash: no job control in this shell
 root@(none):/# 
\ No newline at end of file
Diff for ./tegra20-trimslice/tegra20-trimslice/tegra_defconfig_log.txt
--- /tmp/fooa	2016-05-08 15:12:18.831350312 -0700
+++ /tmp/foob	2016-05-08 15:12:18.835350311 -0700
@@ -45,20 +45,20 @@
 	 #################################################################
 	 #################################################################
 	 ######################################
-	 907.2 KiB/s
+	 904.3 KiB/s
 done
-Bytes transferred = 5316424 (511f48 hex)
+Bytes transferred = 5317128 (512208 hex)
 Tegra20 (TrimSlice) # tftpboot 0x02408000 tegra20-trimslice.dtb
 Using RTL8169#0 device
 TFTP from server 192.168.100.1; our IP address is 192.168.100.103
 Filename 'tegra20-trimslice.dtb'.
 Load address: 0x2408000
 Loading: *##
-	 859.4 KiB/s
+	 896.5 KiB/s
 done
 Bytes transferred = 21130 (528a hex)
 Tegra20 (TrimSlice) # bootz 0x00408000 - 0x02408000
-Kernel image @ 0x408000 [ 0x000000 - 0x511f48 ]
+Kernel image @ 0x408000 [ 0x000000 - 0x512208 ]
 ## Flattened Device Tree blob at 02408000
    Booting using the fdt blob at 0x2408000
    Using Device Tree in place at 02408000, end 02410289
@@ -67,7 +67,7 @@
 
 Uncompressing Linux... done, booting the kernel.
 Booting Linux on physical CPU 0x0
-Linux version 4.6.0-rc6-83187-g04974df (pwalmsley@kaivo) (gcc version 4.7.3 20130328 (prerelease) (crosstool-NG linaro-1.13.1-4.7-2013.04-20130415 - Linaro GCC 2013.04) ) #1 SMP PREEMPT Tue May 3 07:33:39 PDT 2016
+Linux version 4.6.0-rc7-83433-g44549e8 (pwalmsley@kaivo) (gcc version 4.7.3 20130328 (prerelease) (crosstool-NG linaro-1.13.1-4.7-2013.04-20130415 - Linaro GCC 2013.04) ) #1 SMP PREEMPT Sun May 8 15:04:48 PDT 2016
 CPU: ARMv7 Processor [411fc090] revision 0 (ARMv7), cr=10c5387d
 CPU: PIPT / VIPT nonaliasing data cache, VIPT aliasing instruction cache
 Machine model: Compulab TrimSlice board
@@ -97,7 +97,7 @@
     lowmem  : 0xc0000000 - 0xf0000000   ( 768 MB)
     pkmap   : 0xbfe00000 - 0xc0000000   (   2 MB)
     modules : 0xbf000000 - 0xbfe00000   (  14 MB)
-      .text : 0xc0008000 - 0xc0ab22a8   (10921 kB)
+      .text : 0xc0008000 - 0xc0ab22b8   (10921 kB)
       .init : 0xc0b00000 - 0xc0c00000   (1024 kB)
       .data : 0xc0c00000 - 0xc0c5dfc0   ( 376 kB)
        .bss : 0xc0c5f000 - 0xc0cb9a04   ( 363 kB)
@@ -304,16 +304,11 @@
 tlv320aic23-codec 2-001a: ASoC: no dapm match for MICIN --> NULL --> Mic Input
 tlv320aic23-codec 2-001a: ASoC: Failed to add route MICIN -> NULL -> Mic Input
 tegra-snd-trimslice sound: tlv320aic23-hifi <-> 70002800.i2s mapping ok
-mmc0: host does not support reading read-only switch, assuming write-enable
-usb 1-1: new high-speed USB device number 2 using tegra-ehci
 NET: Registered protocol family 10
-mip6: Mobile IPv6
-mmc0: new high speed SDHC card at address b368
-mmcblk0: mmc0:b368 NCard 3.70 GiB 
- mmcblk0: p1
+usb 1-1: new high-speed USB device number 2 using tegra-ehci
 mmc1: new high speed SD card at address b368
 mmcblk1: mmc1:b368 NCard 1.83 GiB (ro)
- mmcblk1: p1 p2
+mip6: Mobile IPv6
 sit: IPv6 over IPv4 tunneling driver
 NET: Registered protocol family 17
 NET: Registered protocol family 15
@@ -334,8 +329,10 @@
 tegra-ehci c5000000.usb: EHCI Host Controller
 tegra-ehci c5000000.usb: new USB bus registered, assigned bus number 2
 tegra-ehci c5000000.usb: irq 288, io mem 0xc5000000
-hub 1-1:1.0: USB hub found
-hub 1-1:1.0: 4 ports detected
+mmc0: host does not support reading read-only switch, assuming write-enable
+mmc0: new high speed SDHC card at address b368
+mmcblk0: mmc0:b368 NCard 3.70 GiB 
+ mmcblk0: p1
 tegra-ehci c5000000.usb: USB 2.0 started, EHCI 1.00
 hub 2-0:1.0: USB hub found
 hub 2-0:1.0: 1 port detected
@@ -343,12 +340,15 @@
 rtc-em3027 2-0056: hctosys: unable to read the hardware clock
 ALSA device list:
   #0: tegra-trimslice
+hub 1-1:1.0: USB hub found
+hub 1-1:1.0: 4 ports detected
+ mmcblk1: p1 p2
 EXT4-fs (mmcblk0p1): mounting ext3 file system using the ext4 subsystem
 usb 1-1.2: new high-speed USB device number 3 using tegra-ehci
 asix 1-1.2:1.0 eth1: register 'asix' at usb-c5008000.usb-1.2, ASIX AX88772 USB 2.0 Ethernet, 00:60:6e:60:6c:68
 EXT4-fs (mmcblk0p1): recovery complete
 EXT4-fs (mmcblk0p1): mounted filesystem with ordered data mode. Opts: (null)
-VFS: Mounted root (ext3 filesystem) on device 179:1.
+VFS: Mounted root (ext3 filesystem) on device 179:17.
 devtmpfs: mounted
 Freeing unused kernel memory: 1024K (c0b00000 - c0c00000)
 bash: cannot set terminal process group (-1): Inappropriate ioctl for device
Diff for ./tegra210-p2371-0000/tegra210-p2371-0000/defconfig_log.txt
--- /tmp/fooa	2016-05-08 15:12:18.843350313 -0700
+++ /tmp/foob	2016-05-08 15:12:18.847350312 -0700
@@ -64,17 +64,17 @@
 Loading and Validation of Secure OS Successful
 NvTbootPackSdramParams: start. 
 NvTbootPackSdramParams: done. 
-Tegraboot started after 846458 us
-Basic modules init took 348559 us
+Tegraboot started after 754264 us
+Basic modules init took 349077 us
 Sec Bootdevice Read Time = 202 ms, Read Size = 8459 KB
-Next stage binary read took 14366 us
-Carveout took 252722 us
-CPU initialization took 92301 us
-Total time taken by TegraBoot 707948 us
+Next stage binary read took 14371 us
+Carveout took 252719 us
+CPU initialization took 92317 us
+Total time taken by TegraBoot 708484 us
 
 Starting CPU & Halting co-processor 
 
-64b[0001.683] LPDDR4 Training: Number of tables = 10
+64b[0001.593] LPDDR4 Training: Number of tables = 10
 EMC Training (SRC-freq: 204000; DST-freq: 408000)
 EMC Training Successful
 EMC Training (SRC-freq: 204000; DST-freq: 665600)
@@ -108,7 +108,7 @@
 Tegra210 (P2371-0000) # 
 Tegra210 (P2371-0000) # ums 0 mmc 0
 UMS: disk start sector: 0x0, count: 0x1d5a000
-|/-\|/-\/-\|/-\/-\|/-\/-\|/-\/-\|/-\/-\|/-\/-\|/-\/-\|/-\/-\|/-\/-\|/-\/-\|/-\/-\|/-\/-\|/-\/-\|/-\/-\|/-\/-\|/-\/-\|CTRL+C - Operation aborted
+|/-\|/-\/-\|/-\/-\|/-\/-\|/-\/-\|/-\/-\|/-\/-\|/-\/-\|/-\/-\|/-\/-\|/-\/-\|/-\/-\CTRL+C - Operation aborted
 Tegra210 (P2371-0000) # 
 Tegra210 (P2371-0000) # env set fdt_copy_node_names /cpus:/psci
 Tegra210 (P2371-0000) # setenv rootpart 1
@@ -117,9 +117,9 @@
 Tegra210 (P2371-0000) # part uuid ${devtype} ${devnum}:${rootpart} uuid
 Tegra210 (P2371-0000) # setenv bootargs ignore_loglevel console=ttyS0,115200n8 earlycon=uart8250,mmio32,0x70006000 rw root=PARTUUID=00000000-0001-0000-788f-a75600000000 rootwait debug earlyprintk init=/bin/bash
 Tegra210 (P2371-0000) # load ${devtype} ${devnum}:${rootpart} ${kernel_addr_r} /boot/Image.defconfig
-11674624 bytes read in 724 ms (15.4 MiB/s)
+11674624 bytes read in 725 ms (15.4 MiB/s)
 Tegra210 (P2371-0000) # load ${devtype} ${devnum}:${rootpart} ${fdt_addr_r} /boot/tegra210-p2371-0000.dtb
-37136 bytes read in 454 ms (79.1 KiB/s)
+37136 bytes read in 453 ms (79.1 KiB/s)
 Tegra210 (P2371-0000) # load ${devtype} ${devnum}:${rootpart} ${ramdisk_addr_r} /boot/tegra-ramdisk.img
 1627787 bytes read in 494 ms (3.1 MiB/s)
 Tegra210 (P2371-0000) # ramdisk_size=${filesize}
@@ -131,7 +131,7 @@
 Starting kernel ...
 
 Booting Linux on physical CPU 0x0
-Linux version 4.6.0-rc6+ (pwalmsley@tamien) (gcc version 4.9.2 20140904 (prerelease) (crosstool-NG linaro-1.13.1-4.9-2014.09 - Linaro GCC 4.9-2014.09) ) #1 SMP PREEMPT Tue May 3 07:35:35 PDT 2016
+Linux version 4.6.0-rc7+ (pwalmsley@tamien) (gcc version 4.9.2 20140904 (prerelease) (crosstool-NG linaro-1.13.1-4.9-2014.09 - Linaro GCC 4.9-2014.09) ) #1 SMP PREEMPT Sun May 8 15:07:15 PDT 2016
 Boot CPU: AArch64 Processor [411fd071]
 debug: ignoring loglevel setting.
 earlycon: uart8250 at MMIO32 0x0000000070006000 (options '')
@@ -259,7 +259,7 @@
 kvm [1]: timer IRQ3
 futex hash table entries: 1024 (order: 5, 131072 bytes)
 audit: initializing netlink subsys (disabled)
-audit: type=2000 audit(0.359:1): initialized
+audit: type=2000 audit(0.363:1): initialized
 workingset: timestamp_bits=44 max_order=20 bucket_order=0
 squashfs: version 4.0 (2009/01/31) Phillip Lougher
 NFS: Registering the id_resolver key type
Diff for ./tegra30-beaver/tegra30-beaver/multi_v7_defconfig_log.txt
--- /tmp/fooa	2016-05-08 15:12:18.859350310 -0700
+++ /tmp/foob	2016-05-08 15:12:18.863350310 -0700
@@ -39,20 +39,20 @@
 	 #################################################################
 	 #################################################################
 	 #################
-	 2.8 MiB/s
+	 3.1 MiB/s
 done
-Bytes transferred = 6919032 (699378 hex)
+Bytes transferred = 6918384 (6990f0 hex)
 Tegra30 (Beaver) # tftpboot 0x82000000 tegra30-beaver.dtb
 Using asx0 device
 TFTP from server 192.168.100.1; our IP address is 192.168.100.101
 Filename 'tegra30-beaver.dtb'.
 Load address: 0x82000000
 Loading: *####
-	 2.6 MiB/s
+	 2.9 MiB/s
 done
 Bytes transferred = 51467 (c90b hex)
 Tegra30 (Beaver) # bootz 0x81000000 - 0x82000000
-Kernel image @ 0x81000000 [ 0x000000 - 0x699378 ]
+Kernel image @ 0x81000000 [ 0x000000 - 0x6990f0 ]
 ## Flattened Device Tree blob at 82000000
    Booting using the fdt blob at 0x82000000
    Loading Device Tree to 8fff0000, end 8ffff90a ... OK
@@ -60,7 +60,7 @@
 Starting kernel ...
 
 Booting Linux on physical CPU 0x0
-Linux version 4.6.0-rc6-83187-g04974df (pwalmsley@sellafield) (gcc version 4.7.3 20130328 (prerelease) (crosstool-NG linaro-1.13.1-4.7-2013.04-20130415 - Linaro GCC 2013.04) ) #1 SMP Tue May 3 07:33:44 PDT 2016
+Linux version 4.6.0-rc7-83433-g44549e8 (pwalmsley@sellafield) (gcc version 4.7.3 20130328 (prerelease) (crosstool-NG linaro-1.13.1-4.7-2013.04-20130415 - Linaro GCC 2013.04) ) #1 SMP Sun May 8 15:04:55 PDT 2016
 CPU: ARMv7 Processor [412fc099] revision 9 (ARMv7), cr=10c5387d
 CPU: PIPT / VIPT nonaliasing data cache, VIPT aliasing instruction cache
 Machine model: NVIDIA Tegra30 Beaver evaluation board
@@ -89,7 +89,7 @@
     lowmem  : 0xc0000000 - 0xf0000000   ( 768 MB)
     pkmap   : 0xbfe00000 - 0xc0000000   (   2 MB)
     modules : 0xbf000000 - 0xbfe00000   (  14 MB)
-      .text : 0xc0208000 - 0xc104fa90   (14623 kB)
+      .text : 0xc0208000 - 0xc104fa10   (14623 kB)
       .init : 0xc1100000 - 0xc1300000   (2048 kB)
       .data : 0xc1300000 - 0xc141d400   (1141 kB)
        .bss : 0xc141f000 - 0xc1474518   ( 342 kB)
@@ -282,9 +282,10 @@
 sys_3v3_pexs: supplied by sys_3v3,vdd_3v3_alw
 tegra-pcie 3000.pcie-controller: probing port 0, using 2 lanes
 mmc1: new high speed MMC card at address 0001
+tegra-pcie 3000.pcie-controller: probing port 2, using 2 lanes
 mmcblk1: mmc1:0001 SEM16G 14.8 GiB 
+mmc0: error -110 whilst initialising SD card
 mmcblk1boot0: mmc1:0001 SEM16G partition 1 1.00 MiB
-tegra-pcie 3000.pcie-controller: probing port 2, using 2 lanes
 mmcblk1boot1: mmc1:0001 SEM16G partition 2 1.00 MiB
 mmcblk1rpmb: mmc1:0001 SEM16G partition 3 128 KiB
 Primary GPT is invalid, using alternate GPT.
@@ -362,4 +363,4 @@
 Freeing unused kernel memory: 2048K (c1100000 - c1300000)
 bash: cannot set terminal process group (-1): Inappropriate ioctl for device
 bash: no job control in this shell
-root@(none):/# [    3.708939] usb 2-1: new high-speed USB device number 2 using tegra-ehci
+root@(none):/# [    3.828531] usb 2-1: new high-speed USB device number 2 using tegra-ehci
Diff for ./tegra30-beaver/tegra30-beaver/tegra_defconfig_log.txt
--- /tmp/fooa	2016-05-08 15:12:18.883350308 -0700
+++ /tmp/foob	2016-05-08 15:12:18.883350308 -0700
@@ -37,20 +37,20 @@
 	 #################################################################
 	 #################################################################
 	 ######################################
-	 3.3 MiB/s
+	 3.2 MiB/s
 done
-Bytes transferred = 5316424 (511f48 hex)
+Bytes transferred = 5317128 (512208 hex)
 Tegra30 (Beaver) # tftpboot 0x82000000 tegra30-beaver.dtb
 Using asx0 device
 TFTP from server 192.168.100.1; our IP address is 192.168.100.101
 Filename 'tegra30-beaver.dtb'.
 Load address: 0x82000000
 Loading: *####
-	 3.3 MiB/s
+	 3.1 MiB/s
 done
 Bytes transferred = 51467 (c90b hex)
 Tegra30 (Beaver) # bootz 0x81000000 - 0x82000000
-Kernel image @ 0x81000000 [ 0x000000 - 0x511f48 ]
+Kernel image @ 0x81000000 [ 0x000000 - 0x512208 ]
 ## Flattened Device Tree blob at 82000000
    Booting using the fdt blob at 0x82000000
    Loading Device Tree to 8fff0000, end 8ffff90a ... OK
@@ -59,7 +59,7 @@
 
 Uncompressing Linux... done, booting the kernel.
 Booting Linux on physical CPU 0x0
-Linux version 4.6.0-rc6-83187-g04974df (pwalmsley@kaivo) (gcc version 4.7.3 20130328 (prerelease) (crosstool-NG linaro-1.13.1-4.7-2013.04-20130415 - Linaro GCC 2013.04) ) #1 SMP PREEMPT Tue May 3 07:33:39 PDT 2016
+Linux version 4.6.0-rc7-83433-g44549e8 (pwalmsley@kaivo) (gcc version 4.7.3 20130328 (prerelease) (crosstool-NG linaro-1.13.1-4.7-2013.04-20130415 - Linaro GCC 2013.04) ) #1 SMP PREEMPT Sun May 8 15:04:48 PDT 2016
 CPU: ARMv7 Processor [412fc099] revision 9 (ARMv7), cr=10c5387d
 CPU: PIPT / VIPT nonaliasing data cache, VIPT aliasing instruction cache
 Machine model: NVIDIA Tegra30 Beaver evaluation board
@@ -89,7 +89,7 @@
     lowmem  : 0xc0000000 - 0xf0000000   ( 768 MB)
     pkmap   : 0xbfe00000 - 0xc0000000   (   2 MB)
     modules : 0xbf000000 - 0xbfe00000   (  14 MB)
-      .text : 0xc0008000 - 0xc0ab22a8   (10921 kB)
+      .text : 0xc0008000 - 0xc0ab22b8   (10921 kB)
       .init : 0xc0b00000 - 0xc0c00000   (1024 kB)
       .data : 0xc0c00000 - 0xc0c5dfc0   ( 376 kB)
        .bss : 0xc0c5f000 - 0xc0cb9a04   ( 363 kB)
@@ -261,6 +261,7 @@
 mmcblk1rpmb: mmc1:0001 SEM16G partition 3 128 KiB
 Primary GPT is invalid, using alternate GPT.
  mmcblk1: p1 p2 p3 p4 p5
+mmc0: error -110 whilst initialising SD card
 tegra30-i2s 70080400.i2s: DMA channels sourced from device 70080000.ahub
 tegra-snd-rt5640 sound: rt5640-aif1 <-> 70080400.i2s mapping ok
 input: NVIDIA Tegra Beaver Headphones as /devices/soc0/sound/sound/card0/input0
@@ -360,7 +361,7 @@
 VFS: Mounted root (ext3 filesystem) on device 179:1.
 devtmpfs: mounted
 Freeing unused kernel memory: 1024K (c0b00000 - c0c00000)
-bash: cannot set terminal process group [    3.990603] usb 2-1: new high-speed USB device number 2 using tegra-ehci
-(-1): Inappropriate ioctl for device
+bash: cannot set terminal process group (-1): Inappropriate ioctl for device
 bash: no job control in this shell
+usb 2-1: new high-speed USB device number 2 using tegra-ehci
 root@(none):/# 
\ No newline at end of file
