[0000.867] [TegraBoot] (version 23.00.2015.14-mobile-1ef66670)
[0000.872] Processing in cold boot mode Bootloader 2
[0000.877] A01Q Bootrom Patch rev = 3
[0000.880] Power-up reason: on button
[0000.883] No Battery Present
[0000.886] Platform has Ddr4 type ram
[0000.890] max77620 disabling SD1 Remote Sense
[0000.894] Setting Ddr voltage to 1125mv
[0000.898] Serial Number of Pmic Max77663: 0x40daf
[0000.906] Entering ramdump check
[0000.909] Get RamDumpCarveOut = 0x0
[0000.912] RamDumpCarveOut=0x0,  RamDumperFlag=0xe59ff3f8
[0000.917] Last reboot was clean, booting normally!
[0000.922] Sdram initialization is successful 
[0000.926] SecureOs Carveout Base=0xff800000 Size=0x00800000
[0000.932] GSC1 Carveout Base=0xff700000 Size=0x00100000
[0000.958] GSC2 Carveout Base=0xff600000 Size=0x00100000
[0000.984] GSC3 Carveout Base=0xff500000 Size=0x00100000
[0000.990] GSC4 Carveout Base=0xff400000 Size=0x00100000
[0000.995] GSC5 Carveout Base=0xff300000 Size=0x00100000
[0001.000] BpmpFw Carveout Base=0xff2c0000 Size=0x00040000
[0001.005] Lp0 Carveout Base=0xff2bf000 Size=0x00001000
[0001.021] RamDump Carveout Base=0xff23f000 Size=0x00080000
[0001.026] Platform-DebugCarveout: 0
[0001.030] Nck Carveout Base=0xff03f000 Size=0x00200000
[0001.079] Using GPT Primary to query partitions 
[0001.085] Loading Tboot-CPU binary
[0001.134] Verifying bootloader in OdmNonSecureSBK mode
[0001.144] Bootloader load address is 0xa0000000,                            entry address is 0xa0000258
[0001.153] Bootloader downloaded successfully.
[0001.157] Downloaded Tboot-CPU binary to 0xa0000258
[0001.162] MAX77620_GPIO1 Configured.
[0001.166] MAX77620_GPIO5 Configured.
[0001.169] CPU power rail is up
[0001.172] CPU clock enabled
[0001.176] Performing RAM repair
[0001.179] Updating A64 Warmreset Address to 0xa00002e9
[0001.198] Bootloader DTB Load Address: 0x83000000
[0001.215] Kernel DTB Load Address: 0x83080000
[0001.221] Loading cboot binary
[0001.314] Verifying bootloader in OdmNonSecureSBK mode
[0001.402] Bootloader load address is 0x8010fda8,                            entry address is 0x80110000
[0001.411] Bootloader downloaded successfully.
[0001.416] GPT: Partition NOT found ! 
[0001.419] Find Partition via GPT Failed
[0001.423] function NvTbootGetBinaryOffsets: 0x845208 error
[0001.428] Error in NvTbootLoadBinary: 0x845208 !
[0001.432] GPT: Partition NOT found ! 
[0001.436] No FB partition
[0001.438] Next binary entry address: 0x80110000 
[0001.443] BoardId: 2595
[0001.448] dram memory type is 3
[0001.453] WB0 init successful
[0001.480] Bpmp FW successfully loaded
[0001.483] Set NvDecSticky Bits
[0001.487] GSC1 address : ff700000
[0001.490] GSC2 address : ff600000
[0001.494] GSC3 address : ff500000
[0001.498] GSC4 address : ff400000
[0001.502] GSC5 address : ff300000
[0001.505] GSC MC Settings done
[0001.510] TOS old plaintext Image length 61440
[0001.516] *** Secure OS image signature not verified ***
[0001.521] Loading and Validation of Secure OS Successful
[0001.526] NvTbootPackSdramParams: start. 
[0001.532] NvTbootPackSdramParams: done. 
[0001.535] Tegraboot started after 862510 us
[0001.539] Basic modules init took 350592 us
[0001.543] Sec Bootdevice Read Time = 202 ms, Read Size = 8459 KB
[0001.549] Next stage binary read took 14384 us
[0001.553] Carveout took 252672 us
[0001.556] CPU initialization took 92454 us
[0001.560] Total time taken by TegraBoot 710102 us

[0001.565] Starting CPU & Halting co-processor 

64b[0001.700] LPDDR4 Training: Number of tables = 10
[0001.705] EMC Training (SRC-freq: 204000; DST-freq: 408000)
[0001.711] EMC Training Successful
[0001.714] EMC Training (SRC-freq: 204000; DST-freq: 665600)
[0001.720] EMC Training Successful
[0001.723] EMC Training (SRC-freq: 204000; DST-freq: 800000)
[0001.734] EMC Training Successful
[0001.737] EMC Training (SRC-freq: 204000; DST-freq: 1065600)
[0001.760] EMC Training Successful
[0001.763] EMC Training (SRC-freq: 204000; DST-freq: 1331200)
[0001.785] EMC Training Successful
[0001.788] EMC Training (SRC-freq: 204000; DST-freq: 1600000)
[0001.807] EMC Training Successful
[0001.810] Switching to 800000 KHz Success
[0001.844] LPDDR4 Training: Number of tables = 10


U-Boot 2015.07-rc2-g2ac3917 (Nov 09 2015 - 13:12:08 -0800)

TEGRA210
Model: NVIDIA P2371-0000
DRAM:  3 GiB
MC:   Tegra SD/MMC: 0, Tegra SD/MMC: 1
*** Warning - bad CRC, using default environment

In:    serial
Out:   serial
Err:   serial
Net:   Net Initialization Skipped
No ethernet found.
Hit any key to stop autoboot:  2  1  0 
Tegra210 (P2371-0000) # 
Tegra210 (P2371-0000) # ums 0 mmc 0
UMS: disk start sector: 0x0, count: 0x1d5a000
|/-\|/-\/-\|/-\/-\|/-\/-\|/-\/-\|/-\/-\|/-\/-\|/-\/-\|/-\/-CTRL+C - Operation aborted
Tegra210 (P2371-0000) # 
Tegra210 (P2371-0000) # env set fdt_copy_node_names /cpus:/psci
Tegra210 (P2371-0000) # setenv rootpart 1
Tegra210 (P2371-0000) # setenv devtype mmc
Tegra210 (P2371-0000) # setenv devnum 0
Tegra210 (P2371-0000) # part uuid ${devtype} ${devnum}:${rootpart} uuid
Tegra210 (P2371-0000) # setenv bootargs ignore_loglevel console=ttyS0,115200n8 earlycon=uart8250,mmio32,0x70006000 rw root=PARTUUID=00000000-0001-0000-788f-a75600000000 rootwait debug earlyprintk init=/bin/bash
Tegra210 (P2371-0000) # load ${devtype} ${devnum}:${rootpart} ${kernel_addr_r} /boot/Image.defconfig
16513536 bytes read in 836 ms (18.8 MiB/s)
Tegra210 (P2371-0000) # load ${devtype} ${devnum}:${rootpart} ${fdt_addr_r} /boot/tegra210-p2371-0000.dtb
44764 bytes read in 454 ms (95.7 KiB/s)
Tegra210 (P2371-0000) # load ${devtype} ${devnum}:${rootpart} ${ramdisk_addr_r} /boot/tegra-ramdisk.img
1627787 bytes read in 494 ms (3.1 MiB/s)
Tegra210 (P2371-0000) # ramdisk_size=${filesize}
Tegra210 (P2371-0000) # booti ${kernel_addr_r} - ${fdt_addr_r}
## Flattened Device Tree blob at 82000000
   Booting using the fdt blob at 0x82000000
   Using Device Tree in place at 0000000082000000, end 000000008200dedb

Starting kernel ...

[    0.000000] Booting Linux on physical CPU 0x0000000000 [0x411fd071]
[    0.000000] Linux version 4.15.0-rc7-335524-gb2cd1df66037 (jonathanh@tamien) (gcc version 4.9.2 20140904 (prerelease) (crosstool-NG linaro-1.13.1-4.9-2014.09 - Linaro GCC 4.9-2014.09)) #1 SMP PREEMPT Sun Jan 7 15:15:44 PST 2018
[    0.000000] Machine model: NVIDIA Tegra210 P2371 (P2530/P2595) reference design
[    0.000000] debug: ignoring loglevel setting.
[    0.000000] earlycon: uart8250 at MMIO32 0x0000000070006000 (options '')
[    0.000000] bootconsole [uart8250] enabled
[    0.000000] efi: Getting EFI parameters from FDT:
[    0.000000] efi: UEFI not found.
[    0.000000] cma: Reserved 16 MiB at 0x00000000fe000000
[    0.000000] NUMA: No NUMA configuration found
[    0.000000] NUMA: Faking a node at [mem 0x0000000000000000-0x000000013fffffff]
[    0.000000] NUMA: NODE_DATA [mem 0x13ffb6e00-0x13ffb88ff]
[    0.000000] Zone ranges:
[    0.000000]   DMA      [mem 0x0000000080000000-0x00000000ffffffff]
[    0.000000]   Normal   [mem 0x0000000100000000-0x000000013fffffff]
[    0.000000] Movable zone start for each node
[    0.000000] Early memory node ranges
[    0.000000]   node   0: [mem 0x0000000080000000-0x00000000ff1fffff]
[    0.000000]   node   0: [mem 0x0000000100000000-0x000000013fffffff]
[    0.000000] Initmem setup node 0 [mem 0x0000000080000000-0x000000013fffffff]
[    0.000000] On node 0 totalpages: 782848
[    0.000000]   DMA zone: 8192 pages used for memmap
[    0.000000]   DMA zone: 0 pages reserved
[    0.000000]   DMA zone: 520704 pages, LIFO batch:31
[    0.000000]   Normal zone: 4096 pages used for memmap
[    0.000000]   Normal zone: 262144 pages, LIFO batch:31
[    0.000000] psci: probing for conduit method from DT.
[    0.000000] psci: PSCIv0.2 detected in firmware.
[    0.000000] psci: Using standard PSCI v0.2 function IDs
[    0.000000] psci: MIGRATE_INFO_TYPE not supported.
[    0.000000] random: fast init done
[    0.000000] percpu: Embedded 23 pages/cpu @        (ptrval) s55168 r8192 d30848 u94208
[    0.000000] pcpu-alloc: s55168 r8192 d30848 u94208 alloc=23*4096
[    0.000000] pcpu-alloc: [0] 0 [0] 1 [0] 2 [0] 3 
[    0.000000] Detected PIPT I-cache on CPU0
[    0.000000] CPU features: enabling workaround for ARM erratum 832075
[    0.000000] CPU features: enabling workaround for ARM erratum 834220
[    0.000000] Built 1 zonelists, mobility grouping on.  Total pages: 770560
[    0.000000] Policy zone: Normal
[    0.000000] Kernel command line: ignore_loglevel console=ttyS0,115200n8 earlycon=uart8250,mmio32,0x70006000 rw root=PARTUUID=00000000-0001-0000-788f-a75600000000 rootwait debug earlyprintk init=/bin/bash
[    0.000000] software IO TLB [mem 0xfa000000-0xfe000000] (64MB) mapped at [        (ptrval)-        (ptrval)]
[    0.000000] Memory: 2982628K/3131392K available (9404K kernel code, 1150K rwdata, 4460K rodata, 1088K init, 395K bss, 132380K reserved, 16384K cma-reserved)
[    0.000000] Virtual kernel memory layout:
[    0.000000]     modules : 0xffff000000000000 - 0xffff000008000000   (   128 MB)
[    0.000000]     vmalloc : 0xffff000008000000 - 0xffff7dffbfff0000   (129022 GB)
[    0.000000]       .text : 0x        (ptrval) - 0x        (ptrval)   (  9408 KB)
[    0.000000]     .rodata : 0x        (ptrval) - 0x        (ptrval)   (  4480 KB)
[    0.000000]       .init : 0x        (ptrval) - 0x        (ptrval)   (  1088 KB)
[    0.000000]       .data : 0x        (ptrval) - 0x        (ptrval)   (  1151 KB)
[    0.000000]        .bss : 0x        (ptrval) - 0x        (ptrval)   (   396 KB)
[    0.000000]     fixed   : 0xffff7dfffe7fb000 - 0xffff7dfffec00000   (  4116 KB)
[    0.000000]     PCI I/O : 0xffff7dfffee00000 - 0xffff7dffffe00000   (    16 MB)
[    0.000000]     vmemmap : 0xffff7e0000000000 - 0xffff800000000000   (  2048 GB maximum)
[    0.000000]               0xffff7e0000000000 - 0xffff7e0003000000   (    48 MB actual)
[    0.000000]     memory  : 0xffff800000000000 - 0xffff8000c0000000   (  3072 MB)
[    0.000000] SLUB: HWalign=64, Order=0-3, MinObjects=0, CPUs=4, Nodes=1
[    0.000000] Preemptible hierarchical RCU implementation.
[    0.000000] 	RCU restricting CPUs from NR_CPUS=64 to nr_cpu_ids=4.
[    0.000000] 	Tasks RCU enabled.
[    0.000000] RCU: Adjusting geometry for rcu_fanout_leaf=16, nr_cpu_ids=4
[    0.000000] NR_IRQS: 64, nr_irqs: 64, preallocated irqs: 0
[    0.000000] GIC: Using split EOI/Deactivate mode
[    0.000000] /interrupt-controller@60004000: 192 interrupts forwarded to /interrupt-controller@50041000
[    0.000000] boot misc1 0x0: expected 0x20
[    0.000000]  (comparison mask = 0xffffff)
[    0.000000] PLL_X already enabled. Postponing set full defaults
[    0.000000] arch_timer: cp15 timer(s) running at 19.20MHz (phys).
[    0.000000] clocksource: arch_sys_counter: mask: 0xffffffffffffff max_cycles: 0x46d987e47, max_idle_ns: 440795202767 ns
[    0.000004] sched_clock: 56 bits at 19MHz, resolution 52ns, wraps every 4398046511078ns
[    0.008448] Console: colour dummy device 80x25
[    0.013094] Calibrating delay loop (skipped), value calculated using timer frequency.. 38.40 BogoMIPS (lpj=76800)
[    0.023719] pid_max: default: 32768 minimum: 301
[    0.028569] Security Framework initialized
[    0.034970] Dentry cache hash table entries: 524288 (order: 10, 4194304 bytes)
[    0.043519] Inode-cache hash table entries: 262144 (order: 9, 2097152 bytes)
[    0.050872] Mount-cache hash table entries: 8192 (order: 4, 65536 bytes)
[    0.057842] Mountpoint-cache hash table entries: 8192 (order: 4, 65536 bytes)
[    0.081304] ASID allocator initialised with 65536 entries
[    0.086968] Hierarchical SRCU implementation.
[    0.100494] Speedo Revision 4
[    0.103583] Tegra Revision: A01 SKU: 1 CPU Process: -22 SoC Process: -22
[    0.111436] EFI services will not be available.
[    0.124153] smp: Bringing up secondary CPUs ...
[    0.156979] Detected PIPT I-cache on CPU1
[    0.157023] CPU1: Booted secondary processor 0x0000000001 [0x411fd071]
[    0.185034] Detected PIPT I-cache on CPU2
[    0.185070] CPU2: Booted secondary processor 0x0000000002 [0x411fd071]
[    0.213100] Detected PIPT I-cache on CPU3
[    0.213134] CPU3: Booted secondary processor 0x0000000003 [0x411fd071]
[    0.213211] smp: Brought up 1 node, 4 CPUs
[    0.250122] SMP: Total of 4 processors activated.
[    0.254984] CPU features: detected feature: 32-bit EL0 Support
[    0.261341] CPU: All CPU(s) started at EL2
[    0.265591] alternatives: patching kernel code
[    0.274553] devtmpfs: initialized
[    0.285417] clocksource: jiffies: mask: 0xffffffff max_cycles: 0xffffffff, max_idle_ns: 7645041785100000 ns
[    0.295562] futex hash table entries: 1024 (order: 5, 131072 bytes)
[    0.302510] pinctrl core: initialized pinctrl subsystem
[    0.309376] DMI not present or invalid.
[    0.313679] NET: Registered protocol family 16
[    0.318619] audit: initializing netlink subsys (disabled)
[    0.324311] audit: type=2000 audit(0.268:1): state=initialized audit_enabled=0 res=1
[    0.332341] cpuidle: using governor menu
[    0.333247] vdso: 2 pages (1 code @ 00000000b5e8c395, 1 data @ 00000000a731730d)
[    0.333261] hw-breakpoint: found 6 breakpoint and 4 watchpoint registers.
[    0.337454] DMA: preallocated 256 KiB pool for atomic allocations
[    0.339724] Serial: AMBA PL011 UART driver
[    0.364681] HugeTLB registered 2.00 MiB page size, pre-allocated 0 pages
[    0.372594] ACPI: Interpreter disabled.
[    0.377366] vgaarb: loaded
[    0.380408] SCSI subsystem initialized
[    0.384461] libata version 3.00 loaded.
[    0.388731] usbcore: registered new interface driver usbfs
[    0.394471] usbcore: registered new interface driver hub
[    0.400436] usbcore: registered new device driver usb
[    0.406632] pps_core: LinuxPPS API ver. 1 registered
[    0.411785] pps_core: Software ver. 5.3.6 - Copyright 2005-2007 Rodolfo Giometti <giometti@linux.it>
[    0.421265] PTP clock support registered
[    0.425461] EDAC MC: Ver: 3.0.0
[    0.429010] dmi: Firmware registration failed.
[    0.433900] Advanced Linux Sound Architecture Driver Initialized.
[    0.440867] clocksource: Switched to clocksource arch_sys_counter
[    0.447334] VFS: Disk quotas dquot_6.6.0
[    0.451468] VFS: Dquot-cache hash table entries: 512 (order 0, 4096 bytes)
[    0.458749] pnp: PnP ACPI: disabled
[    0.469023] NET: Registered protocol family 2
[    0.474065] TCP established hash table entries: 32768 (order: 6, 262144 bytes)
[    0.481857] TCP bind hash table entries: 32768 (order: 7, 524288 bytes)
[    0.488984] TCP: Hash tables configured (established 32768 bind 32768)
[    0.495866] UDP hash table entries: 2048 (order: 4, 65536 bytes)
[    0.502147] UDP-Lite hash table entries: 2048 (order: 4, 65536 bytes)
[    0.508985] NET: Registered protocol family 1
[    0.513786] RPC: Registered named UNIX socket transport module.
[    0.519925] RPC: Registered udp transport module.
[    0.524794] RPC: Registered tcp transport module.
[    0.529663] RPC: Registered tcp NFSv4.1 backchannel transport module.
[    0.536332] PCI: CLS 0 bytes, default 128
[    0.541100] kvm [1]: 8-bit VMID
[    0.544347] kvm [1]: IDMAP page: 8099f000
[    0.548517] kvm [1]: HYP VA range: 800000000000:ffffffffffff
[    0.555323] kvm [1]: vgic-v2@50044000
[    0.559225] kvm [1]: vgic interrupt IRQ1
[    0.563307] kvm [1]: virtual timer IRQ4
[    0.567380] kvm [1]: Hyp mode initialized successfully
[    0.575603] Initialise system trusted keyrings
[    0.580337] workingset: timestamp_bits=44 max_order=20 bucket_order=0
[    0.593247] squashfs: version 4.0 (2009/01/31) Phillip Lougher
[    0.599897] NFS: Registering the id_resolver key type
[    0.605155] Key type id_resolver registered
[    0.609485] Key type id_legacy registered
[    0.613646] nfs4filelayout_init: NFSv4 File Layout Driver Registering...
[    0.620724] 9p: Installing v9fs 9p2000 file system support
[    0.629047] Key type asymmetric registered
[    0.633293] Asymmetric key parser 'x509' registered
[    0.638494] Block layer SCSI generic (bsg) driver version 0.4 loaded (major 245)
[    0.646155] io scheduler noop registered
[    0.650405] io scheduler cfq registered (default)
[    0.655280] io scheduler mq-deadline registered
[    0.659972] io scheduler kyber registered
[    0.678016] tegra-apbdma 60020000.dma: Tegra20 APB DMA driver register 32 channels
[    0.687673] tegra-pmc 7000e400.pmc: i2c-thermtrip node not found, emergency thermal reset disabled.
[    0.700683] Serial: 8250/16550 driver, 4 ports, IRQ sharing enabled
[    0.709140] console [ttyS0] disabled
[    0.712899] 70006000.serial: ttyS0 at MMIO 0x70006000 (irq = 313, base_baud = 25500000) is a Tegra
[    0.722212] console [ttyS0] enabled
[    0.722212] console [ttyS0] enabled
[    0.729300] bootconsole [uart8250] disabled
[    0.729300] bootconsole [uart8250] disabled
[    0.738331] SuperH (H)SCI(F) driver initialized
[    0.743135] msm_serial: driver initialized
[    0.747770] cacheinfo: Unable to detect cache hierarchy for CPU 0
[    0.759508] loop: module loaded
[    0.765540] libphy: Fixed MDIO Bus: probed
[    0.770102] tun: Universal TUN/TAP device driver, 1.6
[    0.775708] thunder-xcv, ver 1.0
[    0.779000] thunder-BGX, ver 1.0
[    0.782280] thunder-nic, ver 1.0
[    0.785759] e1000e: Intel(R) PRO/1000 Network Driver - 3.2.6-k
[    0.791600] e1000e: Copyright(c) 1999 - 2015 Intel Corporation.
[    0.797566] igb: Intel(R) Gigabit Ethernet Network Driver - version 5.4.0-k
[    0.804531] igb: Copyright (c) 2007-2014 Intel Corporation.
[    0.810155] igbvf: Intel(R) Gigabit Virtual Function Network Driver - version 2.4.0-k
[    0.817992] igbvf: Copyright (c) 2009 - 2012 Intel Corporation.
[    0.824158] sky2: driver version 1.30
[    0.828206] VFIO - User Level meta-driver version: 0.3
[    0.834190] ehci_hcd: USB 2.0 'Enhanced' Host Controller (EHCI) Driver
[    0.840728] ehci-pci: EHCI PCI platform driver
[    0.845215] ehci-platform: EHCI generic platform driver
[    0.850526] ehci-orion: EHCI orion driver
[    0.854607] ehci-exynos: EHCI EXYNOS driver
[    0.858866] ohci_hcd: USB 1.1 'Open' Host Controller (OHCI) Driver
[    0.865055] ohci-pci: OHCI PCI platform driver
[    0.869545] ohci-platform: OHCI generic platform driver
[    0.874850] ohci-exynos: OHCI EXYNOS driver
[    0.879383] usbcore: registered new interface driver usb-storage
[    0.887399] tegra_rtc 7000e000.rtc: rtc core: registered 7000e000.rtc as rtc1
[    0.894604] tegra_rtc 7000e000.rtc: Tegra internal Real Time Clock
[    0.900950] i2c /dev entries driver
[    0.907027] sdhci: Secure Digital Host Controller Interface driver
[    0.913215] sdhci: Copyright(c) Pierre Ossman
[    0.917741] Synopsys Designware Multimedia Card Interface Driver
[    0.924275] sdhci-pltfm: SDHCI platform and OF driver helper
[    0.938313] mmc0: Unknown controller version (3). You may experience problems.
[    0.992880] mmc0: SDHCI controller on 700b0600.sdhci [700b0600.sdhci] using ADMA 64-bit
[    1.001712] ledtrig-cpu: registered to indicate activity on CPUs
[    1.008698] usbcore: registered new interface driver usbhid
[    1.014289] usbhid: USB HID core driver
[    1.019752] NET: Registered protocol family 17
[    1.024284] 9pnet: Installing 9P2000 support
[    1.028628] Key type dns_resolver registered
[    1.033477] registered taskstats version 1
[    1.037587] Loading compiled-in X.509 certificates
[    1.051492] hctosys: unable to open rtc device (rtc0)
[    1.057094] ALSA device list:
[    1.060057]   No soundcards found.
[    1.063810] Waiting for root device PARTUUID=00000000-0001-0000-788f-a75600000000...
[    1.074887] mmc0: new high speed MMC card at address 0001
[    1.080664] mmcblk0: mmc0:0001 SDW16G 14.7 GiB 
[    1.085361] mmcblk0boot0: mmc0:0001 SDW16G partition 1 4.00 MiB
[    1.091433] mmcblk0boot1: mmc0:0001 SDW16G partition 2 4.00 MiB
[    1.097484] mmcblk0rpmb: mmc0:0001 SDW16G partition 3 4.00 MiB, chardev (240:0)
[    1.106761]  mmcblk0: p1 p2 p3 p4 p5 p6 p7 p8 p9 p10 p11 p12 p13 p14 p15 p16 p17 p18
[    1.141573] EXT4-fs (mmcblk0p1): couldn't mount as ext3 due to feature incompatibilities
[    1.164924] EXT4-fs (mmcblk0p1): mounted filesystem with ordered data mode. Opts: (null)
[    1.173064] VFS: Mounted root (ext4 filesystem) on device 179:1.
[    1.182878] devtmpfs: mounted
[    1.186517] Freeing unused kernel memory: 1088K
bash: cannot set terminal process group (-1): Inappropriate ioctl for device
bash: no job control in this shell
root@(none):/# 