

U-Boot 2011.03 (Jun 11 2013 - 06:07:37)

T114
Board: NVIDIA Dalmore
DRAM:  2 GiB
MMC:   Tegra2 SD/MMC: 0, Tegra2 SD/MMC: 1
In:    serial
Out:   serial
Err:   serial
Net:   Net Initialization Skipped
No ethernet found.
Hit any key to stop autoboot:  2  0 
Dalmore #
Dalmore #usb reset
(Re)start USB...
USB:   Register 10011 NbrPorts 1
USB EHCI 1.10
scanning bus for devices... 2 USB Device(s) found
       scanning bus for storage devices... 0 Storage Device(s) found
       scanning bus for ethernet devices... 1 Ethernet Device(s) found
Dalmore #setenv bootargs 'ignore_loglevel console=ttyS0,115200n8 rw root=/dev/mmcblk0p1 rootwait gpt init=/bin/bash'
Dalmore #setenv ipaddr 192.168.100.100; setenv serverip 192.168.100.1; setenv tftpserverip 192.168.100.1
Dalmore #tftpboot 0x81000000 zImage.multi_v7_defconfig
Waiting for Ethernet connection... done.
Using asx0 device
TFTP from server 192.168.100.1; our IP address is 192.168.100.100
Filename 'zImage.multi_v7_defconfig'.
Load address: 0x81000000
Loading: *#################################################  2.8 MiB/s
done
Bytes transferred = 3939208 (3c1b88 hex)
Dalmore #tftpboot 0x82000000 tegra114-dalmore.dtb
Using asx0 device
TFTP from server 192.168.100.1; our IP address is 192.168.100.100
Filename 'tegra114-dalmore.dtb'.
Load address: 0x82000000
Loading: *#################################################  2.5 MiB/s
done
Bytes transferred = 29073 (7191 hex)
Dalmore #bootz 0x81000000 - 0x82000000
## Flattened Device Tree blob at 82000000
   Booting using the fdt blob at 0x82000000
   Loading Device Tree to 81ff5000, end 81fff190 ... OK

Starting kernel ...

Timer summary in microseconds:
       Mark    Elapsed  Stage
          0          0  awake
  2,164,718  2,164,718  usb_start
  6,168,205  4,003,487  eth_start
  6,168,202         -3  tftp start
  9,944,837  3,776,635  tftp done
 11,180,216  1,235,379  start_kernel
[    0.000000] Booting Linux on physical CPU 0x0
[    0.000000] Linux version 3.12.0-rc5-23779-g61e6cfa (pwalmsley@tamien) (gcc version 4.5.1 (Sourcery G++ Lite 2010.09-50) ) #1 SMP Mon Oct 14 12:09:41 PDT 2013
[    0.000000] CPU: ARMv7 Processor [412fc0f2] revision 2 (ARMv7), cr=10c5387d
[    0.000000] CPU: PIPT / VIPT nonaliasing data cache, PIPT instruction cache
[    0.000000] Machine: NVIDIA Tegra SoC (Flattened Device Tree), model: NVIDIA Tegra114 Dalmore evaluation board
[    0.000000] debug: ignoring loglevel setting.
[    0.000000] Memory policy: ECC disabled, Data cache writealloc
[    0.000000] On node 0 totalpages: 524032
[    0.000000] free_area_init_node: node 0, pgdat c07a2a00, node_mem_map c07ea000
[    0.000000]   DMA zone: 1520 pages used for memmap
[    0.000000]   DMA zone: 0 pages reserved
[    0.000000]   DMA zone: 194560 pages, LIFO batch:31
[    0.000000]   HighMem zone: 2574 pages used for memmap
[    0.000000]   HighMem zone: 329472 pages, LIFO batch:31
[    0.000000] Tegra Revision: A01 SKU: 0 CPU Process: 1 Core Process: 1
[    0.000000] PERCPU: Embedded 5 pages/cpu @c1802000 s6976 r0 d13504 u32768
[    0.000000] pcpu-alloc: s6976 r0 d13504 u32768 alloc=8*4096
[    0.000000] pcpu-alloc: [0] 0 [0] 1 [0] 2 [0] 3 
[    0.000000] Built 1 zonelists in Zone order, mobility grouping on.  Total pages: 522512
[    0.000000] Kernel command line: ignore_loglevel console=ttyS0,115200n8 rw root=/dev/mmcblk0p1 rootwait gpt init=/bin/bash
[    0.000000] PID hash table entries: 4096 (order: 2, 16384 bytes)
[    0.000000] Dentry cache hash table entries: 131072 (order: 7, 524288 bytes)
[    0.000000] Inode-cache hash table entries: 65536 (order: 6, 262144 bytes)
[    0.000000] Memory: 2070616K/2096128K available (5332K kernel code, 589K rwdata, 1388K rodata, 474K init, 278K bss, 25512K reserved, 1317888K highmem)
[    0.000000] Virtual kernel memory layout:
[    0.000000]     vector  : 0xffff0000 - 0xffff1000   (   4 kB)
[    0.000000]     fixmap  : 0xfff00000 - 0xfffe0000   ( 896 kB)
[    0.000000]     vmalloc : 0xf0000000 - 0xff000000   ( 240 MB)
[    0.000000]     lowmem  : 0xc0000000 - 0xef800000   ( 760 MB)
[    0.000000]     pkmap   : 0xbfe00000 - 0xc0000000   (   2 MB)
[    0.000000]       .text : 0xc0008000 - 0xc069851c   (6722 kB)
[    0.000000]       .init : 0xc0699000 - 0xc070fb40   ( 475 kB)
[    0.000000]       .data : 0xc0710000 - 0xc07a37e0   ( 590 kB)
[    0.000000]        .bss : 0xc07a37e8 - 0xc07e9334   ( 279 kB)
[    0.000000] SLUB: HWalign=64, Order=0-3, MinObjects=0, CPUs=4, Nodes=1
[    0.000000] Hierarchical RCU implementation.
[    0.000000] NR_IRQS:16 nr_irqs:16 16
[    0.000000] sched_clock: 32 bits at 1000kHz, resolution 1000ns, wraps every 4294967ms
[    0.000000] Architected cp15 timer(s) running at 12.00MHz (virt).
[    0.000000] Switching to timer-based delay loop
[    0.000000] sched_clock: ARM arch timer >56 bits at 12000kHz, resolution 83ns
[    0.000000] Console: colour dummy device 80x30
[   11.124810] Calibrating delay loop (skipped), value calculated using timer frequency.. 24.00 BogoMIPS (lpj=120000)
[   11.124827] pid_max: default: 32768 minimum: 301
[   11.124973] Mount-cache hash table entries: 512
[   11.132741] CPU: Testing write buffer coherency: ok
[   11.132984] /cpus/cpu@0 missing clock-frequency property
[   11.133009] /cpus/cpu@1 missing clock-frequency property
[   11.133033] /cpus/cpu@2 missing clock-frequency property
[   11.133059] /cpus/cpu@3 missing clock-frequency property
[   11.133072] CPU0: thread -1, cpu 0, socket 0, mpidr 80000000
[   11.133098] Setting up static identity map for 0xc0510960 - 0xc05109f8
[   11.133304] unable to find compatible sirf rstc node in dtb
[   11.134519] CPU1: Booted secondary processor
[   11.134546] CPU1: thread -1, cpu 1, socket 0, mpidr 80000001
[   11.135075] CPU2: Booted secondary processor
[   11.135099] CPU2: thread -1, cpu 2, socket 0, mpidr 80000002
[   11.135611] CPU3: Booted secondary processor
[   11.135635] CPU3: thread -1, cpu 3, socket 0, mpidr 80000003
[   11.135724] Brought up 4 CPUs
[   11.135750] SMP: Total of 4 processors activated.
[   11.135758] CPU: All CPU(s) started in SVC mode.
[   11.136400] devtmpfs: initialized
[   11.141726] VFP support v0.3: implementor 41 architecture 4 part 30 variant f rev 0
[   11.141917] pinctrl core: initialized pinctrl subsystem
[   11.142273] regulator-dummy: no parameters
[   11.144886] NET: Registered protocol family 16
[   11.145125] DMA: preallocated 256 KiB pool for atomic coherent allocations
[   11.155230] Serial: AMBA PL011 UART driver
[   11.160265] bio: create slab <bio-0> at 0
[   11.161640] edma-dma-engine edma-dma-engine.0: Can't allocate PaRAM dummy slot
[   11.161662] edma-dma-engine: probe of edma-dma-engine.0 failed with error -5
[   11.162055] vdd_ac_bat: 5000 mV 
[   11.162241] dvdd_ts: Failed to request enable GPIO61: -517
[   11.162331] reg-fixed-voltage 1.regulator: Failed to register regulator: -517
[   11.162350] platform 1.regulator: Driver reg-fixed-voltage requests probe deferral
[   11.162465] lcd_bl_en: Failed to request enable GPIO58: -517
[   11.162543] reg-fixed-voltage 2.regulator: Failed to register regulator: -517
[   11.162560] platform 2.regulator: Driver reg-fixed-voltage requests probe deferral
[   11.162674] usb1_vbus: Failed to request enable GPIO108: -517
[   11.162750] reg-fixed-voltage 3.regulator: Failed to register regulator: -517
[   11.162766] platform 3.regulator: Driver reg-fixed-voltage requests probe deferral
[   11.162879] usb2_vbus: Failed to request enable GPIO86: -517
[   11.162952] reg-fixed-voltage 4.regulator: Failed to register regulator: -517
[   11.162969] platform 4.regulator: Driver reg-fixed-voltage requests probe deferral
[   11.163081] vdd_hdmi_5v0: Failed to request enable GPIO81: -517
[   11.163155] reg-fixed-voltage 5.regulator: Failed to register regulator: -517
[   11.163171] platform 5.regulator: Driver reg-fixed-voltage requests probe deferral
[   11.163226] platform 6.regulator: Driver reg-fixed-voltage requests probe deferral
[   11.164339] SCSI subsystem initialized
[   11.164491] libata version 3.00 loaded.
[   11.164671] usbcore: registered new interface driver usbfs
[   11.164725] usbcore: registered new interface driver hub
[   11.164814] usbcore: registered new device driver usb
[   11.167476] vdd-cpu: 500 <--> 1520 mV at 1100 mV 
[   11.167675] genirq: Setting trigger mode 8 for irq 118 failed (gic_set_type+0x0/0x100)
[   11.167868] pps_core: LinuxPPS API ver. 1 registered
[   11.167877] pps_core: Software ver. 5.3.6 - Copyright 2005-2007 Rodolfo Giometti <giometti@linux.it>
[   11.167898] PTP clock support registered
[   11.167931] EDAC MC: Ver: 3.0.0
[   11.168825] Switched to clocksource arch_sys_counter
[   11.176452] NET: Registered protocol family 2
[   11.176954] TCP established hash table entries: 8192 (order: 4, 65536 bytes)
[   11.177139] TCP bind hash table entries: 8192 (order: 4, 65536 bytes)
[   11.177316] TCP: Hash tables configured (established 8192 bind 8192)
[   11.177374] TCP: reno registered
[   11.177389] UDP hash table entries: 512 (order: 2, 16384 bytes)
[   11.177429] UDP-Lite hash table entries: 512 (order: 2, 16384 bytes)
[   11.177656] NET: Registered protocol family 1
[   11.177923] RPC: Registered named UNIX socket transport module.
[   11.177933] RPC: Registered udp transport module.
[   11.177941] RPC: Registered tcp transport module.
[   11.177948] RPC: Registered tcp NFSv4.1 backchannel transport module.
[   11.178431] mop500-uib: failed to get adapter i2c2
[   11.179905] bounce pool size: 64 pages
[   11.187189] NFS: Registering the id_resolver key type
[   11.187229] Key type id_resolver registered
[   11.187239] Key type id_legacy registered
[   11.187480] Block layer SCSI generic (bsg) driver version 0.4 loaded (major 251)
[   11.187491] io scheduler noop registered
[   11.187499] io scheduler deadline registered
[   11.187629] io scheduler cfq registered (default)
[   11.196149] tegra-apbdma 6000a000.dma: Tegra20 APB DMA driver register 32 channels
[   11.243784] Serial: 8250/16550 driver, 4 ports, IRQ sharing disabled
[   11.244892] Serial: IMX driver
[   11.245882] 70006300.serial: ttyS0 at MMIO 0x70006300 (irq = 122, base_baud = 25500000) is a Tegra
[   11.973428] console [ttyS0] enabled
[   11.977810] serial: Freescale lpuart driver
[   11.982253] [drm] Initialized drm 1.1.0 20060810
[   11.989363] ehci_hcd: USB 2.0 'Enhanced' Host Controller (EHCI) Driver
[   11.995872] ehci-platform: EHCI generic platform driver
[   12.001169] ehci-omap: OMAP-EHCI Host Controller driver
[   12.006463] ehci-orion: EHCI orion driver
[   12.010530] SPEAr-ehci: EHCI SPEAr driver
[   12.014596] tegra-ehci: Tegra EHCI driver
[   12.018781] platform 7d008000.usb: Driver tegra-ehci requests probe deferral
[   12.026068] usbcore: registered new interface driver usb-storage
[   12.032609] platform 7d008000.usb-phy: Driver tegra-phy requests probe deferral
[   12.040633] mousedev: PS/2 mouse device common for all mice
[   12.046875] tegra_rtc 7000e000.rtc: rtc core: registered 7000e000.rtc as rtc0
[   12.053989] tegra_rtc 7000e000.rtc: Tegra internal Real Time Clock
[   12.060761] sdhci: Secure Digital Host Controller Interface driver
[   12.066917] sdhci: Copyright(c) Pierre Ossman
[   12.071565] sdhci-pltfm: SDHCI platform and OF driver helper
[   12.077660] sdhci-tegra 78000400.sdhci: Got CD GPIO #170.
[   12.084055] mmc0: no vqmmc regulator found
[   12.088147] mmc0: no vmmc regulator found
[   12.092134] mmc0: Invalid maximum block size, assuming 512 bytes
[   12.134957] mmc0: SDHCI controller on 78000400.sdhci [78000400.sdhci] using ADMA
[   12.142414] mmc1: no vqmmc regulator found
[   12.146506] mmc1: no vmmc regulator found
[   12.150492] mmc1: Invalid maximum block size, assuming 512 bytes
[   12.194719] mmc1: SDHCI controller on 78000600.sdhci [78000600.sdhci] using ADMA
[   12.202482] usbcore: registered new interface driver usbhid
[   12.208037] usbhid: USB HID core driver
[   12.212078] TCP: cubic registered
[   12.215860] NET: Registered protocol family 10
[   12.220901] sit: IPv6 over IPv4 tunneling driver
[   12.226094] Key type dns_resolver registered
[   12.230466] Registering SWP/SWPB emulation handler
[   12.238327] dvdd_ts: 1800 mV 
[   12.241573] lcd_bl_en: 5000 mV 
[   12.244976] usb1_vbus: 5000 mV 
[   12.248132] reg-fixed-voltage 3.regulator: Failed to find supply vin
[   12.254556] reg-fixed-voltage 3.regulator: Failed to register regulator: -517
[   12.261661] platform 3.regulator: Driver reg-fixed-voltage requests probe deferral
[   12.269645] usb2_vbus: 5000 mV 
[   12.272795] reg-fixed-voltage 4.regulator: Failed to find supply vin
[   12.279209] reg-fixed-voltage 4.regulator: Failed to register regulator: -517
[   12.286326] platform 4.regulator: Driver reg-fixed-voltage requests probe deferral
[   12.294219] vdd_hdmi_5v0: 5000 mV 
[   12.297642] reg-fixed-voltage 5.regulator: Failed to find supply vin
[   12.304040] reg-fixed-voltage 5.regulator: Failed to register regulator: -517
[   12.311164] platform 5.regulator: Driver reg-fixed-voltage requests probe deferral
[   12.316524] mmc1: BKOPS_EN bit is not set
[   12.322979] platform 6.regulator: Driver reg-fixed-voltage requests probe deferral
[   12.330996] platform 7d008000.usb: Driver tegra-ehci requests probe deferral
[   12.338399] platform 7d008000.usb-phy: Driver tegra-phy requests probe deferral
[   12.342883] mmc1: new HS200 MMC card at address 0001
[   12.343318] mmcblk0: mmc1:0001 SEM32G 29.1 GiB 
[   12.343476] mmcblk0boot0: mmc1:0001 SEM32G partition 1 4.00 MiB
[   12.343630] mmcblk0boot1: mmc1:0001 SEM32G partition 2 4.00 MiB
[   12.343786] mmcblk0rpmb: mmc1:0001 SEM32G partition 3 4.00 MiB
[   12.346150] Primary GPT is invalid, using alternate GPT.
[   12.346175]  mmcblk0: p1 p2 p3 p4 p5
[   12.348969]  mmcblk0boot1: unknown partition table
[   12.350527]  mmcblk0boot0: unknown partition table
[   12.391279] usb1_vbus: 5000 mV 
[   12.394450] reg-fixed-voltage 3.regulator: Failed to find supply vin
[   12.400853] reg-fixed-voltage 3.regulator: Failed to register regulator: -517
[   12.407970] platform 3.regulator: Driver reg-fixed-voltage requests probe deferral
[   12.415896] usb2_vbus: 5000 mV 
[   12.419046] reg-fixed-voltage 4.regulator: Failed to find supply vin
[   12.425458] reg-fixed-voltage 4.regulator: Failed to register regulator: -517
[   12.432561] platform 4.regulator: Driver reg-fixed-voltage requests probe deferral
[   12.440468] vdd_hdmi_5v0: 5000 mV 
[   12.443892] reg-fixed-voltage 5.regulator: Failed to find supply vin
[   12.450287] reg-fixed-voltage 5.regulator: Failed to register regulator: -517
[   12.457405] platform 5.regulator: Driver reg-fixed-voltage requests probe deferral
[   12.465232] platform 6.regulator: Driver reg-fixed-voltage requests probe deferral
[   12.473225] platform 7d008000.usb: Driver tegra-ehci requests probe deferral
[   12.480387] tegra_rtc 7000e000.rtc: setting system clock to 1970-01-01 00:00:13 UTC (13)
[   12.493323] EXT4-fs (mmcblk0p1): mounting ext3 file system using the ext4 subsystem
[   12.537716] EXT4-fs (mmcblk0p1): recovery complete
[   12.542495] EXT4-fs (mmcblk0p1): mounted filesystem with ordered data mode. Opts: (null)
[   12.550593] VFS: Mounted root (ext3 filesystem) on device 179:1.
[   12.558640] devtmpfs: mounted
[   12.562019] Freeing unused kernel memory: 472K (c0699000 - c070f000)
bash: cannot set terminal process group (-1): Inappropriate ioctl for device
bash: no job control in this shell
I have no name!@(none):/# 