
U-Boot SPL 2014.01-00219-gc4d376f (Feb 18 2014 - 19:57:32)


U-Boot 2014.01-00219-gc4d376f (Feb 18 2014 - 19:57:32)

TEGRA114
Board: NVIDIA Dalmore
I2C:   ready
DRAM:  2 GiB
MMC:   Tegra SD/MMC: 0, Tegra SD/MMC: 1
In:    serial
Out:   serial
Err:   serial
Net:   Net Initialization Skipped
No ethernet found.
Hit any key to stop autoboot:  2  0 
Tegra114 (Dalmore) # 
Tegra114 (Dalmore) # usb reset
(Re)start USB...
USB0:   USB EHCI 1.10
scanning bus 0 for devices... 2 USB Device(s) found
       scanning usb for storage devices... 0 Storage Device(s) found
       scanning usb for ethernet devices... 
Warning: asx0 using MAC address from net device
1 Ethernet Device(s) found
Tegra114 (Dalmore) # setenv bootargs 'ignore_loglevel console=ttyS0,115200n8 rw root=/dev/mmcblk0p1 rootwait gpt debug init=/bin/bash'
Tegra114 (Dalmore) # setenv ipaddr 192.168.100.100; setenv serverip 192.168.100.1; setenv tftpserverip 192.168.100.1
Tegra114 (Dalmore) # tftpboot 0x81000000 zImage.multi_v7_defconfig
Using asx0 device
TFTP from server 192.168.100.1; our IP address is 192.168.100.100
Filename 'zImage.multi_v7_defconfig'.
Load address: 0x81000000
Loading: *#################################################################
	 #################################################################
	 #################################################################
	 #################################################################
	 ################################################
	 3.3 MiB/s
done
Bytes transferred = 4507464 (44c748 hex)
Tegra114 (Dalmore) # tftpboot 0x82000000 tegra114-dalmore.dtb
Using asx0 device
TFTP from server 192.168.100.1; our IP address is 192.168.100.100
Filename 'tegra114-dalmore.dtb'.
Load address: 0x82000000
Loading: *###
	 2.3 MiB/s
done
Bytes transferred = 34059 (850b hex)
Tegra114 (Dalmore) # bootz 0x81000000 - 0x82000000
Kernel image @ 0x81000000 [ 0x000000 - 0x44c748 ]
## Flattened Device Tree blob at 82000000
   Booting using the fdt blob at 0x82000000
   Loading Device Tree to 8fff4000, end 8ffff50a ... OK

Starting kernel ...

[    0.000000] Booting Linux on physical CPU 0x0
[    0.000000] Linux version 3.14.0-rc7-50878-gdcb99fd (pwalmsley@tamien) (gcc version 4.7.3 20130328 (prerelease) (crosstool-NG linaro-1.13.1-4.7-2013.04-20130415 - Linaro GCC 2013.04) ) #1 SMP Mon Mar 17 23:18:37 PDT 2014
[    0.000000] CPU: ARMv7 Processor [412fc0f2] revision 2 (ARMv7), cr=10c5387d
[    0.000000] CPU: PIPT / VIPT nonaliasing data cache, PIPT instruction cache
[    0.000000] Machine model: NVIDIA Tegra114 Dalmore evaluation board
[    0.000000] debug: ignoring loglevel setting.
[    0.000000] cma: CMA: reserved 16 MiB at ae800000
[    0.000000] Memory policy: Data cache writealloc
[    0.000000] On node 0 totalpages: 524032
[    0.000000] free_area_init_node: node 0, pgdat c0936f40, node_mem_map ed7f1000
[    0.000000]   DMA zone: 1520 pages used for memmap
[    0.000000]   DMA zone: 0 pages reserved
[    0.000000]   DMA zone: 194560 pages, LIFO batch:31
[    0.000000]   HighMem zone: 2574 pages used for memmap
[    0.000000]   HighMem zone: 329472 pages, LIFO batch:31
[    0.000000] Tegra Revision: A01 SKU: 0 CPU Process: 1 Core Process: 1
[    0.000000] PERCPU: Embedded 7 pages/cpu @ed7b8000 s8192 r8192 d12288 u32768
[    0.000000] pcpu-alloc: s8192 r8192 d12288 u32768 alloc=8*4096
[    0.000000] pcpu-alloc: [0] 0 [0] 1 [0] 2 [0] 3 
[    0.000000] Built 1 zonelists in Zone order, mobility grouping on.  Total pages: 522512
[    0.000000] Kernel command line: ignore_loglevel console=ttyS0,115200n8 rw root=/dev/mmcblk0p1 rootwait gpt debug init=/bin/bash
[    0.000000] PID hash table entries: 4096 (order: 2, 16384 bytes)
[    0.000000] Dentry cache hash table entries: 131072 (order: 7, 524288 bytes)
[    0.000000] Inode-cache hash table entries: 65536 (order: 6, 262144 bytes)
[    0.000000] Memory: 2052564K/2096128K available (5843K kernel code, 706K rwdata, 2340K rodata, 512K init, 284K bss, 43564K reserved, 1317888K highmem)
[    0.000000] Virtual kernel memory layout:
[    0.000000]     vector  : 0xffff0000 - 0xffff1000   (   4 kB)
[    0.000000]     fixmap  : 0xfff00000 - 0xfffe0000   ( 896 kB)
[    0.000000]     vmalloc : 0xf0000000 - 0xff000000   ( 240 MB)
[    0.000000]     lowmem  : 0xc0000000 - 0xef800000   ( 760 MB)
[    0.000000]     pkmap   : 0xbfe00000 - 0xc0000000   (   2 MB)
[    0.000000]     modules : 0xbf000000 - 0xbfe00000   (  14 MB)
[    0.000000]       .text : 0xc0008000 - 0xc0806020   (8185 kB)
[    0.000000]       .init : 0xc0807000 - 0xc0887000   ( 512 kB)
[    0.000000]       .data : 0xc0888000 - 0xc0938ac0   ( 707 kB)
[    0.000000]        .bss : 0xc0938ac8 - 0xc097fbc0   ( 285 kB)
[    0.000000] SLUB: HWalign=64, Order=0-3, MinObjects=0, CPUs=4, Nodes=1
[    0.000000] Hierarchical RCU implementation.
[    0.000000] NR_IRQS:16 nr_irqs:16 16
[    0.000008] sched_clock: 32 bits at 1000kHz, resolution 1000ns, wraps every 2147483648000ns
[    0.001551] Architected cp15 timer(s) running at 12.00MHz (virt).
[    0.001574] sched_clock: 56 bits at 12MHz, resolution 83ns, wraps every 2863311536128ns
[    0.001583] Switching to timer-based delay loop
[    0.001792] Console: colour dummy device 80x30
[    0.001821] Calibrating delay loop (skipped), value calculated using timer frequency.. 24.00 BogoMIPS (lpj=120000)
[    0.001837] pid_max: default: 32768 minimum: 301
[    0.002013] Mount-cache hash table entries: 512
[    0.010950] CPU: Testing write buffer coherency: ok
[    0.011160] /cpus/cpu@0 missing clock-frequency property
[    0.011183] /cpus/cpu@1 missing clock-frequency property
[    0.011205] /cpus/cpu@2 missing clock-frequency property
[    0.011230] /cpus/cpu@3 missing clock-frequency property
[    0.011242] CPU0: thread -1, cpu 0, socket 0, mpidr 80000000
[    0.011265] Setting up static identity map for 0x80585b10 - 0x80585ba8
[    0.011524] unable to find compatible sirf rstc node in dtb
[    0.012937] CPU1: Booted secondary processor
[    0.012963] CPU1: thread -1, cpu 1, socket 0, mpidr 80000001
[    0.013528] CPU2: Booted secondary processor
[    0.013552] CPU2: thread -1, cpu 2, socket 0, mpidr 80000002
[    0.014117] CPU3: Booted secondary processor
[    0.014140] CPU3: thread -1, cpu 3, socket 0, mpidr 80000003
[    0.014301] Brought up 4 CPUs
[    0.014328] SMP: Total of 4 processors activated.
[    0.014335] CPU: All CPU(s) started in SVC mode.
[    0.014972] devtmpfs: initialized
[    0.020635] VFP support v0.3: implementor 41 architecture 4 part 30 variant f rev 0
[    0.021068] pinctrl core: initialized pinctrl subsystem
[    0.021503] regulator-dummy: no parameters
[    0.022255] NET: Registered protocol family 16
[    0.024551] DMA: preallocated 256 KiB pool for atomic coherent allocations
[    0.025391] cpuidle: using governor ladder
[    0.025401] cpuidle: using governor menu
[    0.037313] No ATAGs?
[    0.039254] Serial: AMBA PL011 UART driver
[    0.047723] bio: create slab <bio-0> at 0
[    0.049707] edma-dma-engine edma-dma-engine.0: Can't allocate PaRAM dummy slot
[    0.049729] edma-dma-engine: probe of edma-dma-engine.0 failed with error -5
[    0.050253] vdd_ac_bat: 5000 mV 
[    0.050476] dvdd_ts: Failed to request enable GPIO61: -517
[    0.050570] reg-fixed-voltage 1.regulator: Failed to register regulator: -517
[    0.050591] platform 1.regulator: Driver reg-fixed-voltage requests probe deferral
[    0.050752] usb1_vbus: Failed to request enable GPIO108: -517
[    0.050836] reg-fixed-voltage 3.regulator: Failed to register regulator: -517
[    0.050856] platform 3.regulator: Driver reg-fixed-voltage requests probe deferral
[    0.051015] usb2_vbus: Failed to request enable GPIO86: -517
[    0.051098] reg-fixed-voltage 4.regulator: Failed to register regulator: -517
[    0.051117] platform 4.regulator: Driver reg-fixed-voltage requests probe deferral
[    0.051275] vdd_hdmi_5v0: Failed to request enable GPIO81: -517
[    0.051357] reg-fixed-voltage 5.regulator: Failed to register regulator: -517
[    0.051376] platform 5.regulator: Driver reg-fixed-voltage requests probe deferral
[    0.051458] platform 6.regulator: Driver reg-fixed-voltage requests probe deferral
[    0.053257] vgaarb: loaded
[    0.053781] SCSI subsystem initialized
[    0.053953] libata version 3.00 loaded.
[    0.054277] usbcore: registered new interface driver usbfs
[    0.054345] usbcore: registered new interface driver hub
[    0.054441] usbcore: registered new device driver usb
[    0.057634] vdd-cpu: 500 <--> 1520 mV at 1100 mV 
[    0.058070] tps65090 2-0048: No cache defaults, reading back from HW
[    0.059564] vdd-sys-5v0: no parameters
[    0.059611] vdd-sys-5v0: supplied by vdd_ac_bat
[    0.060021] vdd-sys-3v3: no parameters
[    0.060062] vdd-sys-3v3: supplied by vdd_ac_bat
[    0.060460] vdd-ao: no parameters
[    0.060506] vdd-ao: supplied by vdd_ac_bat
[    0.060686] vdd-lcd-bl: no parameters
[    0.060726] vdd-lcd-bl: supplied by vdd_ac_bat
[    0.060890] TPS65090_RAILSFET2: no parameters
[    0.060930] TPS65090_RAILSFET2: supplied by vdd_ac_bat
[    0.061104] vdd-modem-3v3: no parameters
[    0.061146] vdd-modem-3v3: supplied by vdd-sys-3v3
[    0.061332] avdd-lcd: no parameters
[    0.061369] avdd-lcd: supplied by vdd-sys-3v3
[    0.061557] vdd-lvds: no parameters
[    0.061593] vdd-lvds: supplied by vdd-sys-3v3
[    0.061767] vdd-sd-slot: no parameters
[    0.061804] vdd-sd-slot: supplied by vdd-sys-3v3
[    0.061988] vdd-com-3v3: no parameters
[    0.062025] vdd-com-3v3: supplied by vdd-sys-3v3
[    0.062192] vdd-sby-5v0: no parameters
[    0.062228] vdd-sby-5v0: supplied by vdd_ac_bat
[    0.062399] vdd-sby-3v3: no parameters
[    0.062435] vdd-sby-3v3: supplied by vdd_ac_bat
[    0.062818] genirq: Setting trigger mode 8 for irq 118 failed (gic_set_type+0x0/0xfc)
[    0.063136] palmas 2-0058: Irq flag is 0x00000000
[    0.065678] palmas 2-0058: Muxing GPIO ff, PWM 0, LED 0
[    0.068841] vddio-ddr: 1350 mV 
[    0.069055] vddio-ddr: supplied by vdd-ao
[    0.070547] vddio-1v8: 1800 mV 
[    0.070757] vddio-1v8: supplied by vdd-ao
[    0.072260] vdd-core: 900 <--> 1400 mV at 1100 mV 
[    0.072470] vdd-core: supplied by vdd-sys-3v3
[    0.073424] SMPS6: no parameters
[    0.075069] avdd-pll: 1050 mV 
[    0.075283] avdd-pll: supplied by vdd-sys-3v3
[    0.077042] sdhci-vdd-sd-slot: 2800 mV 
[    0.077253] sdhci-vdd-sd-slot: supplied by vdd-sys-3v3
[    0.077737] SMPS10_OUT2: at 5000 mV 
[    0.078241] SMPS10_OUT1: at 5000 mV 
[    0.078894] avdd-cam1: 2800 mV 
[    0.079101] avdd-cam1: supplied by vdd-sys-3v3
[    0.080010] avdd-cam2: 2800 mV 
[    0.080217] avdd-cam2: supplied by vdd-sys-3v3
[    0.081490] avdd-dsi-csi: 1200 mV 
[    0.081699] avdd-dsi-csi: supplied by vddio-1v8
[    0.082776] vpp-fuse: 1800 mV 
[    0.082983] vpp-fuse: supplied by vdd-sys-3v3
[    0.083736] LDO5: no parameters
[    0.083947] LDO5: supplied by vdd_ac_bat
[    0.084709] vdd-sensor-2v85: 2850 mV 
[    0.084918] vdd-sensor-2v85: supplied by vdd-sys-3v3
[    0.085843] vdd-af-cam1: 2800 mV 
[    0.086051] vdd-af-cam1: supplied by vdd-sys-3v3
[    0.091508] vdd-rtc: 900 mV 
[    0.091720] vdd-rtc: supplied by vdd-ao
[    0.101677] vddio-sdmmc-2: 1800 <--> 3300 mV at 3300 mV 
[    0.101885] vddio-sdmmc-2: supplied by sdhci-vdd-sd-slot
[    0.102961] hvdd-usb: 3300 mV 
[    0.103169] hvdd-usb: supplied by vdd-sys-5v0
[    0.111528] avdd-usb: 3300 mV 
[    0.111740] avdd-usb: supplied by vdd-sys-5v0
[    0.112510] rail-3v3: no parameters
[    0.113090] rail-5v0: no parameters
[    0.113519] REGEN3: no parameters
[    0.113668] SYSEN1: no parameters
[    0.113815] SYSEN2: no parameters
[    0.114516] Linux video capture interface: v2.00
[    0.114567] pps_core: LinuxPPS API ver. 1 registered
[    0.114575] pps_core: Software ver. 5.3.6 - Copyright 2005-2007 Rodolfo Giometti <giometti@linux.it>
[    0.114600] PTP clock support registered
[    0.114647] EDAC MC: Ver: 3.0.0
[    0.115289] platform 70019010.iommu: Driver tegra-smmu requests probe deferral
[    0.115477] Advanced Linux Sound Architecture Driver Initialized.
[    0.116421] Switched to clocksource arch_sys_counter
[    0.126633] NET: Registered protocol family 2
[    0.127114] TCP established hash table entries: 8192 (order: 3, 32768 bytes)
[    0.127204] TCP bind hash table entries: 8192 (order: 4, 65536 bytes)
[    0.127390] TCP: Hash tables configured (established 8192 bind 8192)
[    0.127437] TCP: reno registered
[    0.127450] UDP hash table entries: 512 (order: 2, 16384 bytes)
[    0.127491] UDP-Lite hash table entries: 512 (order: 2, 16384 bytes)
[    0.127726] NET: Registered protocol family 1
[    0.127983] RPC: Registered named UNIX socket transport module.
[    0.127993] RPC: Registered udp transport module.
[    0.128001] RPC: Registered tcp transport module.
[    0.128009] RPC: Registered tcp NFSv4.1 backchannel transport module.
[    0.128020] PCI: CLS 0 bytes, default 64
[    0.129806] futex hash table entries: 1024 (order: 4, 65536 bytes)
[    0.130386] bounce pool size: 64 pages
[    0.141620] squashfs: version 4.0 (2009/01/31) Phillip Lougher
[    0.142544] NFS: Registering the id_resolver key type
[    0.142575] Key type id_resolver registered
[    0.142584] Key type id_legacy registered
[    0.142628] msgmni has been set to 1466
[    0.143237] Block layer SCSI generic (bsg) driver version 0.4 loaded (major 250)
[    0.143248] io scheduler noop registered
[    0.143256] io scheduler deadline registered
[    0.143457] io scheduler cfq registered (default)
[    0.158204] tegra-apbdma 6000a000.dma: Tegra20 APB DMA driver register 32 channels
[    0.222519] Serial: 8250/16550 driver, 4 ports, IRQ sharing disabled
[    0.224054] Serial: IMX driver
[    0.225106] 70006300.serial: ttyS0 at MMIO 0x70006300 (irq = 122, base_baud = 25500000) is a Tegra
[    1.262605] console [ttyS0] enabled
[    1.266791] STMicroelectronics ASC driver initialized
[    1.272561] serial: Freescale lpuart driver
[    1.276948] [drm] Initialized drm 1.1.0 20060810
[    1.282236] platform 54300000.dsi: Driver tegra-dsi requests probe deferral
[    1.289687] tegra-hdmi 54280000.hdmi: failed to get VDD regulator
[    1.295784] platform 54280000.hdmi: Driver tegra-hdmi requests probe deferral
[    1.309118] loop: module loaded
[    1.315612] m25p80 spi32766.0: w25q32dw (4096 Kbytes)
[    1.323579] pegasus: v0.9.3 (2013/04/25), Pegasus/Pegasus II USB Ethernet driver
[    1.331036] usbcore: registered new interface driver pegasus
[    1.336773] usbcore: registered new interface driver asix
[    1.342205] usbcore: registered new interface driver ax88179_178a
[    1.348340] usbcore: registered new interface driver cdc_ether
[    1.354222] usbcore: registered new interface driver smsc75xx
[    1.360030] usbcore: registered new interface driver smsc95xx
[    1.365807] usbcore: registered new interface driver net1080
[    1.371507] usbcore: registered new interface driver cdc_subset
[    1.377468] usbcore: registered new interface driver zaurus
[    1.383110] usbcore: registered new interface driver cdc_ncm
[    1.388786] ehci_hcd: USB 2.0 'Enhanced' Host Controller (EHCI) Driver
[    1.395301] ehci-pci: EHCI PCI platform driver
[    1.399792] ehci-platform: EHCI generic platform driver
[    1.405153] ehci-omap: OMAP-EHCI Host Controller driver
[    1.410496] ehci-orion: EHCI orion driver
[    1.414616] SPEAr-ehci: EHCI SPEAr driver
[    1.418749] tegra-ehci: Tegra EHCI driver
[    1.422958] platform 7d008000.usb: Driver tegra-ehci requests probe deferral
[    1.430500] usbcore: registered new interface driver usb-storage
[    1.437153] platform 7d008000.usb-phy: Driver tegra-phy requests probe deferral
[    1.445496] mousedev: PS/2 mouse device common for all mice
[    1.454920] palmas-rtc rtc.8: rtc core: registered rtc.8 as rtc0
[    1.462329] tegra_rtc 7000e000.rtc: rtc core: registered 7000e000.rtc as rtc1
[    1.469487] tegra_rtc 7000e000.rtc: Tegra internal Real Time Clock
[    1.476127] i2c /dev entries driver
[    1.481324] sbs-battery 0-000b: sbs_probe: Failed to get device status
[    1.487867] sbs-battery: probe of 0-000b failed with error -121
[    1.499192] sdhci: Secure Digital Host Controller Interface driver
[    1.505362] sdhci: Copyright(c) Pierre Ossman
[    1.510374] sdhci-pltfm: SDHCI platform and OF driver helper
[    1.516615] sdhci-tegra 78000400.sdhci: Got CD GPIO #170.
[    1.523047] mmc0: no vqmmc regulator found
[    1.527158] mmc0: no vmmc regulator found
[    1.531160] mmc0: Invalid maximum block size, assuming 512 bytes
[    1.576446] mmc0: SDHCI controller on 78000400.sdhci [78000400.sdhci] using ADMA
[    1.583950] mmc1: no vqmmc regulator found
[    1.588066] mmc1: no vmmc regulator found
[    1.592069] mmc1: Invalid maximum block size, assuming 512 bytes
[    1.636436] mmc1: SDHCI controller on 78000600.sdhci [78000600.sdhci] using ADMA
[    1.646431] usbcore: registered new interface driver usbhid
[    1.654013] usbhid: USB HID core driver
[    1.771840] mmc1: BKOPS_EN bit is not set
[    1.803235] mmc1: new HS200 MMC card at address 0001
[    1.808648] mmcblk0: mmc1:0001 SEM32G 29.1 GiB 
[    1.813368] mmcblk0boot0: mmc1:0001 SEM32G partition 1 4.00 MiB
[    1.819479] mmcblk0boot1: mmc1:0001 SEM32G partition 2 4.00 MiB
[    1.825565] mmcblk0rpmb: mmc1:0001 SEM32G partition 3 4.00 MiB
[    1.834347]  mmcblk0: p1 p2 p3 p4 p5 p6 p7 p8
[    1.842212]  mmcblk0boot1: unknown partition table
[    1.848559]  mmcblk0boot0: unknown partition table
[    2.078477] tegra30-i2s 70080400.i2s: DMA channels sourced from device 70080000.ahub
[    2.094645] tegra-snd-rt5640 sound.5: rt5640-aif1 <-> 70080400.i2s mapping ok
[    2.105378] input: NVIDIA Tegra Dalmore Headphones as /devices/soc0/sound.5/sound/card0/input0
[    2.115353] TCP: cubic registered
[    2.118687] NET: Registered protocol family 17
[    2.123296] Key type dns_resolver registered
[    2.128098] Registering SWP/SWPB emulation handler
[    2.135333] regulator-dummy: disabling
[    2.139511] dvdd_ts: 1800 mV 
[    2.142810] usb1_vbus: 5000 mV 
[    2.145987] usb1_vbus: supplied by vdd-sys-5v0
[    2.150768] usb2_vbus: 5000 mV 
[    2.153940] usb2_vbus: supplied by vdd-sys-5v0
[    2.158845] vdd_hdmi_5v0: 5000 mV 
[    2.162291] vdd_hdmi_5v0: supplied by vdd-sys-5v0
[    2.168528] vdd_cam_1v8_reg: 1800 mV 
[    2.177299] [drm] Supports vblank timestamp caching Rev 2 (21.10.2013).
[    2.183908] [drm] No driver support for vblank timestamp query.
[    2.238157] Console: switching to colour frame buffer device 240x75
[    2.265646] host1x drm: fb0:  frame buffer device
[    2.270379] host1x drm: registered panic notifier
[    2.275090] [drm] Initialized tegra 0.0.0 20120330 on minor 0
[    2.281425] platform 7d008000.usb: Driver tegra-ehci requests probe deferral
[    2.289852] tegra-ehci 7d008000.usb: EHCI Host Controller
[    2.295267] tegra-ehci 7d008000.usb: new USB bus registered, assigned bus number 1
[    2.303480] tegra-ehci 7d008000.usb: irq 129, io mem 0x7d008000
[    2.326553] tegra-ehci 7d008000.usb: USB 2.0 started, EHCI 1.10
[    2.333545] hub 1-0:1.0: USB hub found
[    2.337397] hub 1-0:1.0: 1 port detected
[    2.342514] input: gpio-keys.3 as /devices/soc0/gpio-keys.3/input/input1
[    2.350428] palmas-rtc rtc.8: setting system clock to 2000-01-31 21:30:16 UTC (949354216)
[    2.358666] spear_cpufreq: Invalid cpufreq_tbl
[    2.372365] ALSA device list:
[    2.375513]   #0: NVIDIA Tegra Dalmore
[    2.380790] EXT4-fs (mmcblk0p1): mounting ext3 file system using the ext4 subsystem
[    2.404959] EXT4-fs (mmcblk0p1): recovery complete
[    2.409796] EXT4-fs (mmcblk0p1): mounted filesystem with ordered data mode. Opts: (null)
[    2.417930] VFS: Mounted root (ext3 filesystem) on device 179:1.
[    2.431780] devtmpfs: mounted
[    2.435172] Freeing unused kernel memory: 512K (c0807000 - c0887000)
bash: cannot set terminal process group (-1): Inappropriate ioctl for device
bash: no job control in this shell
[    2.656617] usb 1-1: new high-speed USB device number 2 using tegra-ehci
root@(none):/# 