
U-Boot SPL 2014.01-00219-gc4d376f (Feb 18 2014 - 19:57:18)


U-Boot 2014.01-00219-gc4d376f (Feb 18 2014 - 19:57:18)

TEGRA30
Board: NVIDIA Beaver
I2C:   ready
DRAM:  2 GiB
MMC:   Tegra SD/MMC: 0, Tegra SD/MMC: 1
In:    serial
Out:   serial
Err:   serial
Net:   Net Initialization Skipped
No ethernet found.
Hit any key to stop autoboot:  2  0 
Tegra30 (Beaver) # 
Tegra30 (Beaver) # usb reset
(Re)start USB...
USB0:   USB EHCI 1.00
scanning bus 0 for devices... 2 USB Device(s) found
       scanning usb for storage devices... 0 Storage Device(s) found
       scanning usb for ethernet devices... 
Warning: asx0 using MAC address from net device
1 Ethernet Device(s) found
Tegra30 (Beaver) # setenv bootargs 'ignore_loglevel console=ttyS0,115200n8 rw root=PARTUUID=edbe1840-3633-c751-7993-b0ac834f81e0 rootwait gpt debug noinitrd earlyprintk init=/bin/bash'
Tegra30 (Beaver) # setenv ipaddr 192.168.100.101; setenv serverip 192.168.100.1; setenv tftpserverip 192.168.100.1
Tegra30 (Beaver) # tftpboot 0x81000000 zImage.multi_v7_defconfig
Using asx0 device
TFTP from server 192.168.100.1; our IP address is 192.168.100.101
Filename 'zImage.multi_v7_defconfig'.
Load address: 0x81000000
Loading: *#################################################################
	 #################################################################
	 #################################################################
	 #################################################################
	 #################################################################
	 #################################################################
	 #################################################################
	 #################################################################
	 #############################
	 2.8 MiB/s
done
Bytes transferred = 8057344 (7af200 hex)
Tegra30 (Beaver) # tftpboot 0x82000000 tegra30-beaver.dtb
Using asx0 device
TFTP from server 192.168.100.1; our IP address is 192.168.100.101
Filename 'tegra30-beaver.dtb'.
Load address: 0x82000000
Loading: *####
	 2.7 MiB/s
done
Bytes transferred = 51470 (c90e hex)
Tegra30 (Beaver) # bootz 0x81000000 - 0x82000000
Kernel image @ 0x81000000 [ 0x000000 - 0x7af200 ]
## Flattened Device Tree blob at 82000000
   Booting using the fdt blob at 0x82000000
   Loading Device Tree to 8fff0000, end 8ffff90d ... OK

Starting kernel ...

[    0.000000] Booting Linux on physical CPU 0x0
[    0.000000] Linux version 4.15.0-rc1-333438-g4fbd8d194f06 (jonathanh@tamien) (gcc version 4.7.3 20130328 (prerelease) (crosstool-NG linaro-1.13.1-4.7-2013.04-20130415 - Linaro GCC 2013.04)) #1 SMP Mon Dec 4 13:33:57 PST 2017
[    0.000000] CPU: ARMv7 Processor [412fc099] revision 9 (ARMv7), cr=10c5387d
[    0.000000] CPU: PIPT / VIPT nonaliasing data cache, VIPT aliasing instruction cache
[    0.000000] OF: fdt: Machine model: NVIDIA Tegra30 Beaver evaluation board
[    0.000000] debug: ignoring loglevel setting.
[    0.000000] Memory policy: Data cache writealloc
[    0.000000] efi: Getting EFI parameters from FDT:
[    0.000000] efi: UEFI not found.
[    0.000000] cma: Reserved 64 MiB at 0xfb800000
[    0.000000] On node 0 totalpages: 524032
[    0.000000]   DMA zone: 1536 pages used for memmap
[    0.000000]   DMA zone: 0 pages reserved
[    0.000000]   DMA zone: 196608 pages, LIFO batch:31
[    0.000000]   HighMem zone: 327424 pages, LIFO batch:31
[    0.000000] random: fast init done
[    0.000000] percpu: Embedded 17 pages/cpu @eef8c000 s39040 r8192 d22400 u69632
[    0.000000] pcpu-alloc: s39040 r8192 d22400 u69632 alloc=17*4096
[    0.000000] pcpu-alloc: [0] 0 [0] 1 [0] 2 [0] 3 
[    0.000000] Built 1 zonelists, mobility grouping on.  Total pages: 522496
[    0.000000] Kernel command line: ignore_loglevel console=ttyS0,115200n8 rw root=PARTUUID=edbe1840-3633-c751-7993-b0ac834f81e0 rootwait gpt debug noinitrd earlyprintk init=/bin/bash
[    0.000000] Dentry cache hash table entries: 131072 (order: 7, 524288 bytes)
[    0.000000] Inode-cache hash table entries: 65536 (order: 6, 262144 bytes)
[    0.000000] Memory: 1992476K/2096128K available (11264K kernel code, 1602K rwdata, 4296K rodata, 2048K init, 404K bss, 38116K reserved, 65536K cma-reserved, 1244160K highmem)
[    0.000000] Virtual kernel memory layout:
[    0.000000]     vector  : 0xffff0000 - 0xffff1000   (   4 kB)
[    0.000000]     fixmap  : 0xffc00000 - 0xfff00000   (3072 kB)
[    0.000000]     vmalloc : 0xf0800000 - 0xff800000   ( 240 MB)
[    0.000000]     lowmem  : 0xc0000000 - 0xf0000000   ( 768 MB)
[    0.000000]     pkmap   : 0xbfe00000 - 0xc0000000   (   2 MB)
[    0.000000]     modules : 0xbf000000 - 0xbfe00000   (  14 MB)
[    0.000000]       .text : 0xc0208000 - 0xc0e00000   (12256 kB)
[    0.000000]       .init : 0xc1300000 - 0xc1500000   (2048 kB)
[    0.000000]       .data : 0xc1500000 - 0xc1690a5c   (1603 kB)
[    0.000000]        .bss : 0xc1690a5c - 0xc16f5ca4   ( 405 kB)
[    0.000000] SLUB: HWalign=64, Order=0-3, MinObjects=0, CPUs=4, Nodes=1
[    0.000000] Hierarchical RCU implementation.
[    0.000000] 	RCU event tracing is enabled.
[    0.000000] 	RCU restricting CPUs from NR_CPUS=16 to nr_cpu_ids=4.
[    0.000000] RCU: Adjusting geometry for rcu_fanout_leaf=16, nr_cpu_ids=4
[    0.000000] NR_IRQS: 16, nr_irqs: 16, preallocated irqs: 16
[    0.000000] /interrupt-controller@60004000: 160 interrupts forwarded to /interrupt-controller@50041000
[    0.000000] L2C: platform modifies aux control register: 0x02080000 -> 0x3e480001
[    0.000000] L2C: DT/platform modifies aux control register: 0x02080000 -> 0x3e480001
[    0.000000] L2C-310 erratum 769419 enabled
[    0.000000] L2C-310 enabling early BRESP for Cortex-A9
[    0.000000] L2C-310: enabling full line of zeros but not enabled in Cortex-A9
[    0.000000] L2C-310 dynamic clock gating enabled, standby mode enabled
[    0.000000] L2C-310 cache controller enabled, 8 ways, 1024 kB
[    0.000000] L2C-310: CACHE_ID 0x410000c7, AUX_CTRL 0x4e480001
[    0.000012] sched_clock: 32 bits at 1000kHz, resolution 1000ns, wraps every 2147483647500ns
[    0.000028] clocksource: timer_us: mask: 0xffffffff max_cycles: 0xffffffff, max_idle_ns: 1911260446275 ns
[    0.000037] Switching to timer-based delay loop, resolution 1000ns
[    0.002995] Console: colour dummy device 80x30
[    0.003026] Calibrating delay loop (skipped), value calculated using timer frequency.. 2.00 BogoMIPS (lpj=10000)
[    0.003036] pid_max: default: 32768 minimum: 301
[    0.003112] Mount-cache hash table entries: 2048 (order: 1, 8192 bytes)
[    0.003121] Mountpoint-cache hash table entries: 2048 (order: 1, 8192 bytes)
[    0.003530] CPU: Testing write buffer coherency: ok
[    0.003839] CPU0: thread -1, cpu 0, socket 0, mpidr 80000000
[    0.004067] Setting up static identity map for 0x80300000 - 0x803000a0
[    0.005401] Hierarchical SRCU implementation.
[    0.006741] Tegra Revision: A03 SKU: 128 CPU Process: 4 SoC Process: 0
[    0.007309] EFI services will not be available.
[    0.007411] smp: Bringing up secondary CPUs ...
[    0.010384] CPU1: thread -1, cpu 1, socket 0, mpidr 80000001
[    0.020361] CPU2: thread -1, cpu 2, socket 0, mpidr 80000002
[    0.030342] CPU3: thread -1, cpu 3, socket 0, mpidr 80000003
[    0.030396] smp: Brought up 1 node, 4 CPUs
[    0.030408] SMP: Total of 4 processors activated (8.00 BogoMIPS).
[    0.030413] CPU: All CPU(s) started in SVC mode.
[    0.031138] devtmpfs: initialized
[    0.038045] VFP support v0.3: implementor 41 architecture 3 part 30 variant 9 rev 4
[    0.038467] clocksource: jiffies: mask: 0xffffffff max_cycles: 0xffffffff, max_idle_ns: 19112604462750000 ns
[    0.038486] futex hash table entries: 1024 (order: 4, 65536 bytes)
[    0.041932] pinctrl core: initialized pinctrl subsystem
[    0.043304] DMI not present or invalid.
[    0.043550] NET: Registered protocol family 16
[    0.046472] DMA: preallocated 256 KiB pool for atomic coherent allocations
[    0.048168] cpuidle: using governor menu
[    0.061509] No ATAGs?
[    0.061614] hw-breakpoint: found 5 (+1 reserved) breakpoint and 1 watchpoint registers.
[    0.061626] hw-breakpoint: maximum watchpoint size is 4 bytes.
[    0.065938] Serial: AMBA PL011 UART driver
[    0.066542] tegra-mc 7000f000.memory-controller: no memory timings for RAM code 3 registered
[    0.066636] iommu: Adding device reg-dummy to group 0
[    0.066660] iommu: Adding device 3000.pcie to group 1
[    0.066680] iommu: Adding device 50000000.host1x to group 2
[    0.066698] iommu: Adding device 54040000.mpe to group 3
[    0.066724] iommu: Adding device 54080000.vi to group 4
[    0.066742] iommu: Adding device 540c0000.epp to group 5
[    0.066766] iommu: Adding device 54100000.isp to group 6
[    0.066784] iommu: Adding device 54140000.gr2d to group 7
[    0.066802] iommu: Adding device 54180000.gr3d to group 8
[    0.066867] iommu: Adding device 54200000.dc to group 9
[    0.066907] iommu: Adding device 54240000.dc to group 10
[    0.066931] iommu: Adding device 54280000.hdmi to group 11
[    0.066950] iommu: Adding device 50040600.timer to group 12
[    0.066969] iommu: Adding device 50043000.cache-controller to group 13
[    0.066987] iommu: Adding device 60005000.timer to group 14
[    0.067004] iommu: Adding device 60007000.flow-controller to group 15
[    0.067028] iommu: Adding device 6000a000.dma to group 16
[    0.067046] iommu: Adding device 6000c000.ahb to group 17
[    0.067064] iommu: Adding device 6000d000.gpio to group 18
[    0.067080] iommu: Adding device 70000800.apbmisc to group 19
[    0.067103] iommu: Adding device 70000868.pinmux to group 20
[    0.067121] iommu: Adding device 70006000.serial to group 21
[    0.067139] iommu: Adding device 7000e000.rtc to group 22
[    0.067157] iommu: Adding device 7000c000.i2c to group 23
[    0.067175] iommu: Adding device 7000c400.i2c to group 24
[    0.067193] iommu: Adding device 7000c500.i2c to group 25
[    0.067216] iommu: Adding device 7000c700.i2c to group 26
[    0.067240] iommu: Adding device 7000d000.i2c to group 27
[    0.067262] iommu: Adding device 7000da00.spi to group 28
[    0.067282] iommu: Adding device 7000e400.pmc to group 29
[    0.067299] iommu: Adding device 7000f000.memory-controller to group 30
[    0.067316] iommu: Adding device 7000f800.fuse to group 31
[    0.067334] iommu: Adding device 70080000.ahub to group 32
[    0.067353] iommu: Adding device 78000000.sdhci to group 33
[    0.067370] iommu: Adding device 78000600.sdhci to group 34
[    0.067388] iommu: Adding device 7d000000.usb to group 35
[    0.067406] iommu: Adding device 7d000000.usb-phy to group 36
[    0.067434] iommu: Adding device 7d004000.usb to group 37
[    0.067454] iommu: Adding device 7d004000.usb-phy to group 38
[    0.067472] iommu: Adding device 7d008000.usb to group 39
[    0.067490] iommu: Adding device 7d008000.usb-phy to group 40
[    0.067507] iommu: Adding device pmu to group 41
[    0.067523] iommu: Adding device clocks to group 42
[    0.067539] iommu: Adding device gpio-leds to group 43
[    0.067557] iommu: Adding device regulators to group 44
[    0.067578] iommu: Adding device regulators:regulator@0 to group 45
[    0.067612] iommu: Adding device regulators:regulator@1 to group 46
[    0.067630] iommu: Adding device regulators:regulator@2 to group 47
[    0.067656] iommu: Adding device regulators:regulator@3 to group 48
[    0.067674] iommu: Adding device regulators:regulator@4 to group 49
[    0.067692] iommu: Adding device regulators:regulator@5 to group 50
[    0.067710] iommu: Adding device regulators:regulator@6 to group 51
[    0.067728] iommu: Adding device regulators:regulator@7 to group 52
[    0.067750] iommu: Adding device regulators:regulator@8 to group 53
[    0.067767] iommu: Adding device sound to group 54
[    0.076302] AT91: Could not find identification node
[    0.076790] vdd_5v_sata: Failed to request enable GPIO30: -517
[    0.076805] reg-fixed-voltage regulators:regulator@3: Failed to register regulator: -517
[    0.076855] usb1_vbus: Failed to request enable GPIO238: -517
[    0.076862] reg-fixed-voltage regulators:regulator@4: Failed to register regulator: -517
[    0.076911] usb3_vbus: Failed to request enable GPIO236: -517
[    0.076917] reg-fixed-voltage regulators:regulator@5: Failed to register regulator: -517
[    0.077024] sys_3v3_pexs: Failed to request enable GPIO95: -517
[    0.077031] reg-fixed-voltage regulators:regulator@7: Failed to register regulator: -517
[    0.078830] vgaarb: loaded
[    0.079304] SCSI subsystem initialized
[    0.079459] libata version 3.00 loaded.
[    0.079594] usbcore: registered new interface driver usbfs
[    0.079622] usbcore: registered new interface driver hub
[    0.079657] usbcore: registered new device driver usb
[    0.084068] iommu: Adding device tps65910-gpio to group 55
[    0.084344] iommu: Adding device tps65910-pmic to group 56
[    0.086817] vrtc: supplied by vdd_5v_in
[    0.090099] vio: supplied by vdd_5v_in
[    0.101826] vdd1: supplied by vdd_5v_in
[    0.103185] vddio_ddr_1v2: Bringing 600000uV into 1200000-1200000uV
[    0.111824] vdd2: supplied by vdd_5v_in
[    0.131814] ldo1: supplied by vdd_1v5_gen
[    0.134177] ldo2: supplied by vdd_1v5_gen
[    0.134649] vdd_sata,avdd_plle: Bringing 1200000uV into 1050000-1050000uV
[    0.136871] ldo3: supplied by vdd_5v_in
[    0.139209] ldo4: supplied by vdd_5v_in
[    0.141810] ldo5: supplied by vdd_5v_in
[    0.151805] ldo6: supplied by vdd_1v8_gen
[    0.152276] avdd_dsi_csi,pwrdet_mipi: Bringing 1000000uV into 1200000-1200000uV
[    0.154510] ldo7: supplied by vdd_1v8_gen
[    0.161803] ldo8: supplied by vdd_1v8_gen
[    0.170086] iommu: Adding device tps65910-rtc to group 57
[    0.170209] iommu: Adding device tps65910-power to group 58
[    0.171965] pps_core: LinuxPPS API ver. 1 registered
[    0.171971] pps_core: Software ver. 5.3.6 - Copyright 2005-2007 Rodolfo Giometti <giometti@linux.it>
[    0.171987] PTP clock support registered
[    0.172121] EDAC MC: Ver: 3.0.0
[    0.172315] dmi: Firmware registration failed.
[    0.173652] clocksource: Switched to clocksource timer_us
[    0.203835] NET: Registered protocol family 2
[    0.204227] TCP established hash table entries: 8192 (order: 3, 32768 bytes)
[    0.204284] TCP bind hash table entries: 8192 (order: 4, 65536 bytes)
[    0.204368] TCP: Hash tables configured (established 8192 bind 8192)
[    0.204518] UDP hash table entries: 512 (order: 2, 16384 bytes)
[    0.204584] UDP-Lite hash table entries: 512 (order: 2, 16384 bytes)
[    0.204759] NET: Registered protocol family 1
[    0.205110] RPC: Registered named UNIX socket transport module.
[    0.205119] RPC: Registered udp transport module.
[    0.205124] RPC: Registered tcp transport module.
[    0.205128] RPC: Registered tcp NFSv4.1 backchannel transport module.
[    0.205138] PCI: CLS 0 bytes, default 64
[    0.205945] hw perfevents: no interrupt-affinity property for /pmu, guessing.
[    0.206192] hw perfevents: enabled with armv7_cortex_a9 PMU driver, 7 counters available
[    0.206700] iommu: Adding device alarmtimer to group 59
[    0.207276] Initialise system trusted keyrings
[    0.207401] workingset: timestamp_bits=30 max_order=19 bucket_order=0
[    0.210584] squashfs: version 4.0 (2009/01/31) Phillip Lougher
[    0.210982] NFS: Registering the id_resolver key type
[    0.211003] Key type id_resolver registered
[    0.211007] Key type id_legacy registered
[    0.211036] ntfs: driver 2.1.32 [Flags: R/O].
[    0.211941] Key type asymmetric registered
[    0.211950] Asymmetric key parser 'x509' registered
[    0.211985] bounce: pool size: 64 pages
[    0.212025] Block layer SCSI generic (bsg) driver version 0.4 loaded (major 247)
[    0.212034] io scheduler noop registered
[    0.212039] io scheduler deadline registered
[    0.212185] io scheduler cfq registered (default)
[    0.212192] io scheduler mq-deadline registered
[    0.212197] io scheduler kyber registered
[    0.218864] tegra30-pinctrl 70000868.pinmux: invalid group "sdmmc3_dat6_pd3" for function "rsvd1"
[    0.218880] tegra30-pinctrl 70000868.pinmux: invalid group "sdmmc3_dat7_pd4" for function "rsvd1"
[    0.218895] tegra30-pinctrl 70000868.pinmux: invalid group "vi_vsync_pd6" for function "rsvd1"
[    0.218904] tegra30-pinctrl 70000868.pinmux: invalid group "vi_hsync_pd7" for function "rsvd1"
[    0.219371] tegra30-pinctrl 70000868.pinmux: invalid group "hdmi_int_pn7" for function "rsvd1"
[    0.219416] tegra30-pinctrl 70000868.pinmux: invalid group "ulpi_data3_po4" for function "rsvd1"
[    0.219750] tegra30-pinctrl 70000868.pinmux: invalid group "vi_d10_pt2" for function "rsvd1"
[    0.219762] tegra30-pinctrl 70000868.pinmux: invalid group "vi_d11_pt3" for function "rsvd1"
[    0.219774] tegra30-pinctrl 70000868.pinmux: invalid group "vi_d0_pt4" for function "rsvd1"
[    0.219815] tegra30-pinctrl 70000868.pinmux: invalid group "pu0" for function "rsvd1"
[    0.219845] tegra30-pinctrl 70000868.pinmux: invalid group "pu3" for function "rsvd1"
[    0.219876] tegra30-pinctrl 70000868.pinmux: invalid group "pu6" for function "rsvd1"
[    0.219917] tegra30-pinctrl 70000868.pinmux: invalid group "pv3" for function "rsvd1"
[    0.220426] tegra30-pinctrl 70000868.pinmux: invalid group "pbb0" for function "rsvd1"
[    0.220543] tegra30-pinctrl 70000868.pinmux: invalid group "pcc1" for function "rsvd1"
[    0.226021] tegra-pcie 3000.pcie: 2x3 configuration
[    0.226171] tegra-pcie 3000.pcie: Failed to get supply 'hvdd-pex': -517
[    0.231917] tegra-apbdma 6000a000.dma: Tegra20 APB DMA driver register 32 channels
[    0.234128] tegra-pmc 7000e400.pmc: i2c-thermtrip node not found, emergency thermal reset disabled.
[    0.263402] Serial: 8250/16550 driver, 4 ports, IRQ sharing disabled
[    0.263490] iommu: Adding device serial8250 to group 60
[    0.265578] console [ttyS0] disabled
[    0.265618] 70006000.serial: ttyS0 at MMIO 0x70006000 (irq = 331, base_baud = 25500000) is a Tegra
[    1.639006] console [ttyS0] enabled
[    1.643031] SuperH (H)SCI(F) driver initialized
[    1.648197] msm_serial: driver initialized
[    1.652415] STMicroelectronics ASC driver initialized
[    1.677461] tegra-hdmi 54280000.hdmi: failed to get HDMI regulator
[    1.690427] brd: module loaded
[    1.698984] loop: module loaded
[    1.708052] m25p80 spi0.1: w25q32 (4096 Kbytes)
[    1.713850] iommu: Adding device Fixed MDIO bus.0 to group 61
[    1.720007] libphy: Fixed MDIO Bus: probed
[    1.724736] CAN device driver interface
[    1.729122] bgmac_bcma: Broadcom 47xx GBit MAC driver loaded
[    1.735544] e1000e: Intel(R) PRO/1000 Network Driver - 3.2.6-k
[    1.741360] e1000e: Copyright(c) 1999 - 2015 Intel Corporation.
[    1.747308] igb: Intel(R) Gigabit Ethernet Network Driver - version 5.4.0-k
[    1.754258] igb: Copyright (c) 2007-2014 Intel Corporation.
[    1.761995] pegasus: v0.9.3 (2013/04/25), Pegasus/Pegasus II USB Ethernet driver
[    1.769442] usbcore: registered new interface driver pegasus
[    1.775123] usbcore: registered new interface driver asix
[    1.780524] usbcore: registered new interface driver ax88179_178a
[    1.786630] usbcore: registered new interface driver cdc_ether
[    1.792470] usbcore: registered new interface driver smsc75xx
[    1.798232] usbcore: registered new interface driver smsc95xx
[    1.803995] usbcore: registered new interface driver net1080
[    1.809654] usbcore: registered new interface driver cdc_subset
[    1.815583] usbcore: registered new interface driver zaurus
[    1.821170] usbcore: registered new interface driver cdc_ncm
[    1.827020] tegra-phy 7d000000.usb-phy: no vbus regulator
[    1.834828] ehci_hcd: USB 2.0 'Enhanced' Host Controller (EHCI) Driver
[    1.841339] ehci-pci: EHCI PCI platform driver
[    1.845812] ehci-platform: EHCI generic platform driver
[    1.851148] ehci-orion: EHCI orion driver
[    1.855248] SPEAr-ehci: EHCI SPEAr driver
[    1.859321] ehci-st: EHCI STMicroelectronics driver
[    1.864275] ehci-exynos: EHCI EXYNOS driver
[    1.868534] ehci-atmel: EHCI Atmel driver
[    1.872603] tegra-ehci: Tegra EHCI driver
[    1.876913] ohci_hcd: USB 1.1 'Open' Host Controller (OHCI) Driver
[    1.883087] ohci-pci: OHCI PCI platform driver
[    1.887559] ohci-platform: OHCI generic platform driver
[    1.892885] SPEAr-ohci: OHCI SPEAr driver
[    1.896978] ohci-st: OHCI STMicroelectronics driver
[    1.901925] ohci-atmel: OHCI Atmel driver
[    1.906379] usbcore: registered new interface driver usb-storage
[    1.915920] iommu: Adding device ci_hdrc.0 to group 62
[    1.926619] tegra_rtc 7000e000.rtc: rtc core: registered 7000e000.rtc as rtc1
[    1.933788] tegra_rtc 7000e000.rtc: Tegra internal Real Time Clock
[    1.952507] tps65910-rtc tps65910-rtc: rtc core: registered tps65910-rtc as rtc0
[    1.960099] i2c /dev entries driver
[    1.971997] sdhci: Secure Digital Host Controller Interface driver
[    1.978183] sdhci: Copyright(c) Pierre Ossman
[    1.983515] Synopsys Designware Multimedia Card Interface Driver
[    1.990385] sdhci-pltfm: SDHCI platform and OF driver helper
[    1.996585] sdhci-tegra 78000000.sdhci: Got CD GPIO
[    2.001459] sdhci-tegra 78000000.sdhci: Got WP GPIO
[    2.014599] mmc0: Invalid maximum block size, assuming 512 bytes
[    2.083768] mmc0: SDHCI controller on 78000000.sdhci [78000000.sdhci] using ADMA
[    2.100134] mmc1: Invalid maximum block size, assuming 512 bytes
[    2.163675] mmc1: SDHCI controller on 78000600.sdhci [78000600.sdhci] using ADMA
[    2.172582] ledtrig-cpu: registered to indicate activity on CPUs
[    2.178869] usbcore: registered new interface driver usbhid
[    2.184439] usbhid: USB HID core driver
[    2.190841] NET: Registered protocol family 10
[    2.195982] Segment Routing with IPv6
[    2.199678] sit: IPv6, IPv4 and MPLS over IPv4 tunneling driver
[    2.205992] NET: Registered protocol family 17
[    2.210429] can: controller area network core (rev 20170425 abi 9)
[    2.216655] NET: Registered protocol family 29
[    2.221086] can: raw protocol (rev 20170425)
[    2.225361] can: broadcast manager protocol (rev 20170425 t)
[    2.231008] can: netlink gateway (rev 20170425) max_hops=1
[    2.236765] Key type dns_resolver registered
[    2.241395] ThumbEE CPU extension supported.
[    2.245678] Registering SWP/SWPB emulation handler
[    2.250851] Loading compiled-in X.509 certificates
[    2.266767] vdd_ddr: supplied by vdd_5v_in
[    2.271705] vdd_5v_sata: supplied by vdd_5v_in
[    2.276502] usb1_vbus: supplied by vdd_5v_in
[    2.281082] usb3_vbus: supplied by vdd_5v_in
[    2.286609] sys_3v3,vdd_3v3_alw: supplied by vdd_5v_in
[    2.292532] sys_3v3_pexs: supplied by sys_3v3,vdd_3v3_alw
[    2.297378] mmc1: new high speed MMC card at address 0001
[    2.298165] mmcblk1: mmc1:0001 SEM16G 14.8 GiB 
[    2.298666] mmcblk1boot0: mmc1:0001 SEM16G partition 1 1.00 MiB
[    2.299123] mmcblk1boot1: mmc1:0001 SEM16G partition 2 1.00 MiB
[    2.301107] mmc0: new ultra high speed DDR50 SDHC card at address aaaa
[    2.301323] mmcblk0: mmc0:aaaa SS04G 3.69 GiB 
[    2.308403] mmcblk1rpmb: mmc1:0001 SEM16G partition 3 128 KiB, chardev (237:0)
[    2.312042] Primary GPT is invalid, using alternate GPT.
[    2.312059]  mmcblk1: p1 p2 p3 p4 p5
[    2.330187]  mmcblk0: p1 p2 p3
[    2.349963] +VDD_5V_HDMI: supplied by sys_3v3,vdd_3v3_alw
[    2.356180] tegra-pcie 3000.pcie: 2x3 configuration
[    2.363925] tegra-pcie 3000.pcie: probing port 0, using 2 lanes
[    2.428105] tegra-pcie 3000.pcie: probing port 2, using 2 lanes
[    2.837858] tegra-pcie 3000.pcie: link 2 down, retrying
[    3.246891] tegra-pcie 3000.pcie: link 2 down, retrying
[    3.655928] tegra-pcie 3000.pcie: link 2 down, retrying
[    3.663151] tegra-pcie 3000.pcie: link 2 down, ignoring
[    3.668484] tegra-pcie 3000.pcie: PCI host bridge to bus 0000:00
[    3.674493] pci_bus 0000:00: root bus resource [io  0x0000-0xffff]
[    3.680658] pci_bus 0000:00: root bus resource [mem 0x20000000-0x27ffffff]
[    3.687531] pci_bus 0000:00: root bus resource [mem 0x28000000-0x3fffffff pref]
[    3.694832] pci_bus 0000:00: root bus resource [bus 00-ff]
[    3.700328] pci 0000:00:01.0: [10de:0e1c] type 01 class 0x060400
[    3.706343] pci_bus 0000:00: 2-byte config write to 0000:00:01.0 offset 0x4 may corrupt adjacent RW1C bits
[    3.715986] pci_bus 0000:00: 2-byte config write to 0000:00:01.0 offset 0x4 may corrupt adjacent RW1C bits
[    3.725640] pci 0000:00:01.0: enabling Extended Tags
[    3.730592] pci_bus 0000:00: 2-byte config write to 0000:00:01.0 offset 0x88 may corrupt adjacent RW1C bits
[    3.740340] pci_bus 0000:00: 2-byte config write to 0000:00:01.0 offset 0x52 may corrupt adjacent RW1C bits
[    3.750084] pci 0000:00:01.0: PME# supported from D0 D1 D2 D3hot D3cold
[    3.756692] pci_bus 0000:00: 2-byte config write to 0000:00:01.0 offset 0x4c may corrupt adjacent RW1C bits
[    3.766552] pci_bus 0000:00: 2-byte config write to 0000:00:01.0 offset 0x3e may corrupt adjacent RW1C bits
[    3.776285] pci_bus 0000:00: 2-byte config write to 0000:00:01.0 offset 0x4 may corrupt adjacent RW1C bits
[    3.785927] pci_bus 0000:00: 1-byte config write to 0000:00:01.0 offset 0xc may corrupt adjacent RW1C bits
[    3.795565] PCI: bus0: Fast back to back transfers disabled
[    3.801126] pci 0000:00:01.0: bridge configuration invalid ([bus 00-00]), reconfiguring
[    3.809119] pci_bus 0000:00: 2-byte config write to 0000:00:01.0 offset 0x3e may corrupt adjacent RW1C bits
[    3.818847] pci_bus 0000:00: 2-byte config write to 0000:00:01.0 offset 0x3e may corrupt adjacent RW1C bits
[    3.828647] pci 0000:01:00.0: [10ec:8168] type 00 class 0x020000
[    3.834669] pci 0000:01:00.0: reg 0x10: [io  0x0000-0x00ff]
[    3.840242] pci 0000:01:00.0: reg 0x18: [mem 0x00000000-0x00000fff 64bit pref]
[    3.847467] pci 0000:01:00.0: reg 0x20: [mem 0x00000000-0x00003fff 64bit pref]
[    3.854778] PCI: bus1: Fast back to back transfers disabled
[    3.860340] pci_bus 0000:01: busn_res: [bus 01-ff] end is updated to 01
[    3.866974] pci 0000:00:01.0: BAR 9: assigned [mem 0x28000000-0x280fffff 64bit pref]
[    3.874710] pci 0000:00:01.0: BAR 7: assigned [io  0x1000-0x1fff]
[    3.880791] pci 0000:01:00.0: BAR 4: assigned [mem 0x28000000-0x28003fff 64bit pref]
[    3.888535] pci 0000:01:00.0: BAR 2: assigned [mem 0x28004000-0x28004fff 64bit pref]
[    3.896276] pci 0000:01:00.0: BAR 0: assigned [io  0x1000-0x10ff]
[    3.902358] pci 0000:00:01.0: PCI bridge to [bus 01]
[    3.907317] pci 0000:00:01.0:   bridge window [io  0x1000-0x1fff]
[    3.913397] pci 0000:00:01.0:   bridge window [mem 0x28000000-0x280fffff 64bit pref]
[    3.921149] pci 0000:00:01.0: nv_msi_ht_cap_quirk didn't locate host bridge
[    3.928200] pcieport 0000:00:01.0: enabling device (0140 -> 0143)
[    3.934498] pcieport 0000:00:01.0: Signaling PME with IRQ 375
[    3.940475] r8169 Gigabit Ethernet driver 2.3LK-NAPI loaded
[    3.946067] r8169 0000:01:00.0: enabling device (0140 -> 0143)
[    3.951909] r8169 0000:01:00.0 (unnamed net_device) (uninitialized): not PCI Express
[    3.960452] r8169 0000:01:00.0 eth0: RTL8168evl/8111evl at 0xf0a2a000, 02:04:4b:01:60:a6, XID 0c900800 IRQ 18
[    3.970367] r8169 0000:01:00.0 eth0: jumbo features [frames: 9200 bytes, tx checksumming: ko]
[    3.982590] [drm] Supports vblank timestamp caching Rev 2 (21.10.2013).
[    3.989205] [drm] No driver support for vblank timestamp query.
[    3.995158] [drm] Cannot find any crtc or sizes
[    3.999692] [drm] Initialized tegra 0.0.0 20120330 for drm on minor 0
[    4.009053] tegra-ehci 7d004000.usb: EHCI Host Controller
[    4.014474] tegra-ehci 7d004000.usb: new USB bus registered, assigned bus number 1
[    4.022233] tegra-ehci 7d004000.usb: irq 344, io mem 0x7d004000
[    4.028200] [drm] Cannot find any crtc or sizes
[    4.054050] tegra-ehci 7d004000.usb: USB 2.0 started, EHCI 1.00
[    4.061231] hub 1-0:1.0: USB hub found
[    4.065011] hub 1-0:1.0: 1 port detected
[    4.070157] tegra-ehci 7d008000.usb: EHCI Host Controller
[    4.075570] tegra-ehci 7d008000.usb: new USB bus registered, assigned bus number 2
[    4.083309] tegra-ehci 7d008000.usb: irq 345, io mem 0x7d008000
[    4.114047] tegra-ehci 7d008000.usb: USB 2.0 started, EHCI 1.00
[    4.121199] hub 2-0:1.0: USB hub found
[    4.124973] hub 2-0:1.0: 1 port detected
[    4.135305] tps65910-rtc tps65910-rtc: setting system clock to 2000-01-01 00:00:02 UTC (946684802)
[    4.144820] vdd_sata,avdd_plle: disabling
[    4.149564] usb1_vbus: disabling
[    4.154343] EXT4-fs (mmcblk1p1): mounting ext3 file system using the ext4 subsystem
[    4.169327] EXT4-fs (mmcblk1p1): warning: mounting fs with errors, running e2fsck is recommended
[    4.179543] EXT4-fs (mmcblk1p1): recovery complete
[    4.184354] EXT4-fs (mmcblk1p1): mounted filesystem with ordered data mode. Opts: (null)
[    4.192456] VFS: Mounted root (ext3 filesystem) on device 179:1.
[    4.201858] devtmpfs: mounted
[    4.207384] Freeing unused kernel memory: 2048K
bash: cannot set terminal process group (-1): Inappropriate ioctl for device
bash: no job control in this shell
root@(none):/# [    4.494063] usb 2-1: new high-speed USB device number 2 using tegra-ehci
mount -t sysfs none /sys
root@(none):/# 
root@(none):/# mount -t debugfs none /sys/kernel/debug
root@(none):/# 
root@(none):/# rtcwake -d rtc1 -m mem -s 3
rtcwake: wakeup from "mem" using /dev/rtc1 at Thu Jan  1 00:00:24 1970
[    9.051009] PM: suspend entry (deep)
[    9.054608] PM: Syncing filesystems ... done.
[    9.061011] Freezing user space processes ... (elapsed 0.001 seconds) done.
[    9.069081] OOM killer disabled.
[    9.072296] Freezing remaining freezable tasks ... (elapsed 0.001 seconds) done.
[    9.080810] Suspending console(s) (use no_console_suspend to debug)
[    9.113827] pci_generic_config_write32: 20 callbacks suppressed
[    9.113839] pci_bus 0000:00: 2-byte config write to 0000:00:01.0 offset 0x9c may corrupt adjacent RW1C bits
[    9.159454] Disabling non-boot CPUs ...
[    9.313824] IRQ17 no longer affine to CPU3
[    9.314335] Entering suspend state LP1
[    9.314347] Enabling non-boot CPUs ...
[    9.314999] CPU1 is up
[    9.315608] CPU2 is up
[    9.316282] CPU3 is up
[    9.317302] pci_bus 0000:00: 2-byte config write to 0000:00:01.0 offset 0x4c may corrupt adjacent RW1C bits
[    9.317313] pci_bus 0000:00: 2-byte config write to 0000:00:01.0 offset 0x88 may corrupt adjacent RW1C bits
[    9.317319] pci_bus 0000:00: 2-byte config write to 0000:00:01.0 offset 0x90 may corrupt adjacent RW1C bits
[    9.317324] pci_bus 0000:00: 2-byte config write to 0000:00:01.0 offset 0x98 may corrupt adjacent RW1C bits
[    9.317328] pci_bus 0000:00: 2-byte config write to 0000:00:01.0 offset 0x9c may corrupt adjacent RW1C bits
[    9.317347] pci_bus 0000:00: 2-byte config write to 0000:00:01.0 offset 0x52 may corrupt adjacent RW1C bits
[    9.317353] pci_bus 0000:00: 2-byte config write to 0000:00:01.0 offset 0x52 may corrupt adjacent RW1C bits
[    9.317359] pci_bus 0000:00: 2-byte config write to 0000:00:01.0 offset 0x5c may corrupt adjacent RW1C bits
[    9.317365] pci_bus 0000:00: 2-byte config write to 0000:00:01.0 offset 0x52 may corrupt adjacent RW1C bits
[    9.317384] pcieport 0000:00:01.0: nv_msi_ht_cap_quirk didn't locate host bridge
[   10.036684] OOM killer enabled.
[   10.039813] Restarting tasks ... done.
[   10.043935] PM: suspend exit
root@(none):/# 
root@(none):/# rtcwake -d rtc1 -m mem -s 3
rtcwake: wakeup from "mem" using /dev/rtc1 at Thu Jan  1 00:00:29 1970
[   10.649078] PM: suspend entry (deep)
[   10.652651] PM: Syncing filesystems ... done.
[   10.659159] Freezing user space processes ... (elapsed 0.001 seconds) done.
[   10.667240] OOM killer disabled.
[   10.670455] Freezing remaining freezable tasks ... (elapsed 0.001 seconds) done.
[   10.678969] Suspending console(s) (use no_console_suspend to debug)
[   10.771683] Disabling non-boot CPUs ...
[   10.903792] IRQ17 no longer affine to CPU3
[   10.904202] Entering suspend state LP1
[   10.904219] Enabling non-boot CPUs ...
[   10.905065] CPU1 is up
[   10.905841] CPU2 is up
[   10.906673] CPU3 is up
[   10.907924] pcieport 0000:00:01.0: nv_msi_ht_cap_quirk didn't locate host bridge
[   11.539620] OOM killer enabled.
[   11.542749] Restarting tasks ... done.
[   11.546904] PM: suspend exit
root@(none):/# 
root@(none):/# rtcwake -d rtc1 -m mem -s 3
rtcwake: wakeup from "mem" using /dev/rtc1 at Thu Jan  1 00:00:34 1970
[   12.243453] PM: suspend entry (deep)
[   12.247061] PM: Syncing filesystems ... done.
[   12.253216] Freezing user space processes ... (elapsed 0.001 seconds) done.
[   12.261303] OOM killer disabled.
[   12.264540] Freezing remaining freezable tasks ... (elapsed 0.001 seconds) done.
[   12.273062] Suspending console(s) (use no_console_suspend to debug)
[   12.359931] Disabling non-boot CPUs ...
[   12.433855] IRQ17 no longer affine to CPU2
[   12.494280] Entering suspend state LP1
[   12.494296] Enabling non-boot CPUs ...
[   12.495137] CPU1 is up
[   12.495905] CPU2 is up
[   12.496714] CPU3 is up
[   12.497928] pcieport 0000:00:01.0: nv_msi_ht_cap_quirk didn't locate host bridge
[   13.119595] OOM killer enabled.
[   13.122726] Restarting tasks ... done.
[   13.126903] PM: suspend exit
root@(none):/# 
root@(none):/# rtcwake -d rtc1 -m mem -s 3
rtcwake: wakeup from "mem" using /dev/rtc1 at Thu Jan  1 00:00:39 1970
[   13.845100] PM: suspend entry (deep)
[   13.848682] PM: Syncing filesystems ... done.
[   13.855363] Freezing user space processes ... (elapsed 0.001 seconds) done.
[   13.863452] OOM killer disabled.
[   13.866689] Freezing remaining freezable tasks ... (elapsed 0.001 seconds) done.
[   13.875233] Suspending console(s) (use no_console_suspend to debug)
[   13.943893] Disabling non-boot CPUs ...
[   14.053831] IRQ17 no longer affine to CPU2
[   14.114215] Entering suspend state LP1
[   14.114229] Enabling non-boot CPUs ...
[   14.115106] CPU1 is up
[   14.115873] CPU2 is up
[   14.116674] CPU3 is up
[   14.117926] pcieport 0000:00:01.0: nv_msi_ht_cap_quirk didn't locate host bridge
[   14.127357] pci_generic_config_write32: 37 callbacks suppressed
[   14.127372] pci_bus 0000:00: 2-byte config write to 0000:00:01.0 offset 0x9c may corrupt adjacent RW1C bits
[   14.764613] OOM killer enabled.
[   14.767742] Restarting tasks ... done.
[   14.771883] PM: suspend exit
root@(none):/# 
root@(none):/# rtcwake -d rtc1 -m mem -s 3
rtcwake: wakeup from "mem" using /dev/rtc1 at Thu Jan  1 00:00:44 1970
[   15.454143] PM: suspend entry (deep)
[   15.457723] PM: Syncing filesystems ... done.
[   15.463929] Freezing user space processes ... (elapsed 0.001 seconds) done.
[   15.472023] OOM killer disabled.
[   15.475256] Freezing remaining freezable tasks ... (elapsed 0.001 seconds) done.
[   15.483801] Suspending console(s) (use no_console_suspend to debug)
[   15.524797] pci_bus 0000:00: 2-byte config write to 0000:00:01.0 offset 0x9c may corrupt adjacent RW1C bits
[   15.569909] Disabling non-boot CPUs ...
[   15.643803] IRQ17 no longer affine to CPU2
[   15.704229] Entering suspend state LP1
[   15.704244] Enabling non-boot CPUs ...
[   15.705091] CPU1 is up
[   15.705861] CPU2 is up
[   15.706677] CPU3 is up
[   15.707858] pci_bus 0000:00: 2-byte config write to 0000:00:01.0 offset 0x4c may corrupt adjacent RW1C bits
[   15.707870] pci_bus 0000:00: 2-byte config write to 0000:00:01.0 offset 0x88 may corrupt adjacent RW1C bits
[   15.707877] pci_bus 0000:00: 2-byte config write to 0000:00:01.0 offset 0x90 may corrupt adjacent RW1C bits
[   15.707882] pci_bus 0000:00: 2-byte config write to 0000:00:01.0 offset 0x98 may corrupt adjacent RW1C bits
[   15.707886] pci_bus 0000:00: 2-byte config write to 0000:00:01.0 offset 0x9c may corrupt adjacent RW1C bits
[   15.707908] pci_bus 0000:00: 2-byte config write to 0000:00:01.0 offset 0x52 may corrupt adjacent RW1C bits
[   15.707916] pci_bus 0000:00: 2-byte config write to 0000:00:01.0 offset 0x52 may corrupt adjacent RW1C bits
[   15.707922] pci_bus 0000:00: 2-byte config write to 0000:00:01.0 offset 0x5c may corrupt adjacent RW1C bits
[   15.707945] pcieport 0000:00:01.0: nv_msi_ht_cap_quirk didn't locate host bridge
[   16.416584] OOM killer enabled.
[   16.419715] Restarting tasks ... done.
[   16.423873] PM: suspend exit
root@(none):/# 
root@(none):/# rtcwake -d rtc1 -m mem -s 3
rtcwake: wakeup from "mem" using /dev/rtc1 at Thu Jan  1 00:00:49 1970
[   17.044027] PM: suspend entry (deep)
[   17.047607] PM: Syncing filesystems ... done.
[   17.053774] Freezing user space processes ... (elapsed 0.001 seconds) done.
[   17.061867] OOM killer disabled.
[   17.065101] Freezing remaining freezable tasks ... (elapsed 0.001 seconds) done.
[   17.073643] Suspending console(s) (use no_console_suspend to debug)
[   17.163278] Disabling non-boot CPUs ...
[   17.233754] IRQ17 no longer affine to CPU2
[   17.294232] Entering suspend state LP1
[   17.294248] Enabling non-boot CPUs ...
[   17.295084] CPU1 is up
[   17.295849] CPU2 is up
[   17.296669] CPU3 is up
[   17.297913] pcieport 0000:00:01.0: nv_msi_ht_cap_quirk didn't locate host bridge
[   17.938741] OOM killer enabled.
[   17.941876] Restarting tasks ... done.
[   17.946036] PM: suspend exit
root@(none):/# 
root@(none):/# rtcwake -d rtc1 -m mem -s 3
rtcwake: wakeup from "mem" using /dev/rtc1 at Thu Jan  1 00:00:54 1970
[   18.634592] PM: suspend entry (deep)
[   18.638169] PM: Syncing filesystems ... done.
[   18.644870] Freezing user space processes ... (elapsed 0.001 seconds) done.
[   18.652964] OOM killer disabled.
[   18.656198] Freezing remaining freezable tasks ... (elapsed 0.001 seconds) done.
[   18.664745] Suspending console(s) (use no_console_suspend to debug)
[   18.733835] Disabling non-boot CPUs ...
[   18.843747] IRQ17 no longer affine to CPU2
[   18.904158] Entering suspend state LP1
[   18.904172] Enabling non-boot CPUs ...
[   18.905014] CPU1 is up
[   18.905781] CPU2 is up
[   18.906600] CPU3 is up
[   18.907849] pcieport 0000:00:01.0: nv_msi_ht_cap_quirk didn't locate host bridge
[   19.539502] OOM killer enabled.
[   19.542633] Restarting tasks ... done.
[   19.546792] PM: suspend exit
root@(none):/# 
root@(none):/# rtcwake -d rtc1 -m mem -s 3
rtcwake: wakeup from "mem" using /dev/rtc1 at Thu Jan  1 00:00:59 1970
[   20.243874] PM: suspend entry (deep)
[   20.247453] PM: Syncing filesystems ... done.
[   20.253658] Freezing user space processes ... (elapsed 0.001 seconds) done.
[   20.261752] OOM killer disabled.
[   20.264986] Freezing remaining freezable tasks ... (elapsed 0.001 seconds) done.
[   20.273528] Suspending console(s) (use no_console_suspend to debug)
[   20.314707] pci_generic_config_write32: 27 callbacks suppressed
[   20.314722] pci_bus 0000:00: 2-byte config write to 0000:00:01.0 offset 0x9c may corrupt adjacent RW1C bits
[   20.359810] Disabling non-boot CPUs ...
[   20.433735] IRQ17 no longer affine to CPU2
[   20.494157] Entering suspend state LP1
[   20.494172] Enabling non-boot CPUs ...
[   20.495020] CPU1 is up
[   20.495792] CPU2 is up
[   20.496603] CPU3 is up
[   20.497774] pci_bus 0000:00: 2-byte config write to 0000:00:01.0 offset 0x4c may corrupt adjacent RW1C bits
[   20.497787] pci_bus 0000:00: 2-byte config write to 0000:00:01.0 offset 0x88 may corrupt adjacent RW1C bits
[   20.497795] pci_bus 0000:00: 2-byte config write to 0000:00:01.0 offset 0x90 may corrupt adjacent RW1C bits
[   20.497799] pci_bus 0000:00: 2-byte config write to 0000:00:01.0 offset 0x98 may corrupt adjacent RW1C bits
[   20.497806] pci_bus 0000:00: 2-byte config write to 0000:00:01.0 offset 0x9c may corrupt adjacent RW1C bits
[   20.497826] pci_bus 0000:00: 2-byte config write to 0000:00:01.0 offset 0x52 may corrupt adjacent RW1C bits
[   20.497833] pci_bus 0000:00: 2-byte config write to 0000:00:01.0 offset 0x52 may corrupt adjacent RW1C bits
[   20.497841] pci_bus 0000:00: 2-byte config write to 0000:00:01.0 offset 0x5c may corrupt adjacent RW1C bits
[   20.497846] pci_bus 0000:00: 2-byte config write to 0000:00:01.0 offset 0x52 may corrupt adjacent RW1C bits
[   20.497868] pcieport 0000:00:01.0: nv_msi_ht_cap_quirk didn't locate host bridge
[   21.222109] OOM killer enabled.
[   21.225248] Restarting tasks ... done.
[   21.229378] PM: suspend exit
root@(none):/# 
root@(none):/# rtcwake -d rtc1 -m mem -s 3
rtcwake: wakeup from "mem" using /dev/rtc1 at Thu Jan  1 00:01:04 1970
[   21.834527] PM: suspend entry (deep)
[   21.838105] PM: Syncing filesystems ... done.
[   21.844805] Freezing user space processes ... (elapsed 0.001 seconds) done.
[   21.852901] OOM killer disabled.
[   21.856133] Freezing remaining freezable tasks ... (elapsed 0.001 seconds) done.
[   21.864677] Suspending console(s) (use no_console_suspend to debug)
[   21.963222] Disabling non-boot CPUs ...
[   22.033717] IRQ17 no longer affine to CPU2
[   22.094116] Entering suspend state LP1
[   22.094131] Enabling non-boot CPUs ...
[   22.095015] CPU1 is up
[   22.095781] CPU2 is up
[   22.096620] CPU3 is up
[   22.097893] pcieport 0000:00:01.0: nv_msi_ht_cap_quirk didn't locate host bridge
[   22.719464] OOM killer enabled.
[   22.722593] Restarting tasks ... done.
[   22.726748] PM: suspend exit
root@(none):/# 
root@(none):/# rtcwake -d rtc1 -m mem -s 3
rtcwake: wakeup from "mem" using /dev/rtc1 at Thu Jan  1 00:01:09 1970
[   23.433828] PM: suspend entry (deep)
[   23.437410] PM: Syncing filesystems ... done.
[   23.443611] Freezing user space processes ... (elapsed 0.001 seconds) done.
[   23.451698] OOM killer disabled.
[   23.454931] Freezing remaining freezable tasks ... (elapsed 0.001 seconds) done.
[   23.463477] Suspending console(s) (use no_console_suspend to debug)
[   23.549769] Disabling non-boot CPUs ...
[   23.623694] IRQ17 no longer affine to CPU2
[   23.684105] Entering suspend state LP1
[   23.684117] Enabling non-boot CPUs ...
[   23.684961] CPU1 is up
[   23.685725] CPU2 is up
[   23.686547] CPU3 is up
[   23.687773] pcieport 0000:00:01.0: nv_msi_ht_cap_quirk didn't locate host bridge
[   24.308913] OOM killer enabled.
[   24.312042] Restarting tasks ... done.
[   24.316201] PM: suspend exit
root@(none):/# 
root@(none):/# NVTB SYSTEM SUSPEND TEST COMPLETE
