
U-Boot SPL 2014.01-00219-gc4d376f (Feb 18 2014 - 19:57:32)


U-Boot 2014.01-00219-gc4d376f (Feb 18 2014 - 19:57:32)

TEGRA114
Board: NVIDIA Dalmore
I2C:   ready
DRAM:  2 GiB
MMC:   Tegra SD/MMC: 0, Tegra SD/MMC: 1
In:    serial
Out:   serial
Err:   serial
Net:   Net Initialization Skipped
No ethernet found.
Hit any key to stop autoboot:  2  0 
Tegra114 (Dalmore) # 
Tegra114 (Dalmore) # usb reset
(Re)start USB...
USB0:   USB EHCI 1.10
scanning bus 0 for devices... 2 USB Device(s) found
       scanning usb for storage devices... 0 Storage Device(s) found
       scanning usb for ethernet devices... 
Warning: asx0 using MAC address from net device
1 Ethernet Device(s) found
Tegra114 (Dalmore) # setenv bootargs 'ignore_loglevel console=ttyS0,115200n8 rw root=PARTUUID=7369c667-ff51-ec4a-29cd-baabf2fbe346 rootwait gpt debug earlyprintk init=/bin/bash'
Tegra114 (Dalmore) # setenv ipaddr 192.168.100.100; setenv serverip 192.168.100.1; setenv tftpserverip 192.168.100.1
Tegra114 (Dalmore) # tftpboot 0x81000000 zImage.multi_v7_defconfig
Using asx0 device
TFTP from server 192.168.100.1; our IP address is 192.168.100.100
Filename 'zImage.multi_v7_defconfig'.
Load address: 0x81000000
Loading: *#################################################################
	 #################################################################
	 #################################################################
	 #################################################################
	 #################################################################
	 #################################################################
	 #################################################################
	 #############################
	 3.2 MiB/s
done
Bytes transferred = 7101528 (6c5c58 hex)
Tegra114 (Dalmore) # tftpboot 0x82000000 tegra114-dalmore.dtb
Using asx0 device
TFTP from server 192.168.100.1; our IP address is 192.168.100.100
Filename 'tegra114-dalmore.dtb'.
Load address: 0x82000000
Loading: *###
	 2.6 MiB/s
done
Bytes transferred = 34956 (888c hex)
Tegra114 (Dalmore) # bootz 0x81000000 - 0x82000000
Kernel image @ 0x81000000 [ 0x000000 - 0x6c5c58 ]
## Flattened Device Tree blob at 82000000
   Booting using the fdt blob at 0x82000000
   Loading Device Tree to 8fff4000, end 8ffff88b ... OK

Starting kernel ...

[    0.000000] Booting Linux on physical CPU 0x0
[    0.000000] Linux version 4.8.0-111631-gc8d2bc9 (pwalmsley@sellafield) (gcc version 4.7.3 20130328 (prerelease) (crosstool-NG linaro-1.13.1-4.7-2013.04-20130415 - Linaro GCC 2013.04) ) #1 SMP Sun Oct 2 17:05:04 PDT 2016
[    0.000000] CPU: ARMv7 Processor [412fc0f2] revision 2 (ARMv7), cr=10c5387d
[    0.000000] CPU: div instructions available: patching division code
[    0.000000] CPU: PIPT / VIPT nonaliasing data cache, PIPT instruction cache
[    0.000000] OF: fdt:Machine model: NVIDIA Tegra114 Dalmore evaluation board
[    0.000000] debug: ignoring loglevel setting.
[    0.000000] cma: Reserved 64 MiB at 0xfb800000
[    0.000000] Memory policy: Data cache writealloc
[    0.000000] On node 0 totalpages: 524032
[    0.000000] free_area_init_node: node 0, pgdat c141d380, node_mem_map eeff8000
[    0.000000]   DMA zone: 1536 pages used for memmap
[    0.000000]   DMA zone: 0 pages reserved
[    0.000000]   DMA zone: 196608 pages, LIFO batch:31
[    0.000000]   HighMem zone: 327424 pages, LIFO batch:31
[    0.000000] percpu: Embedded 14 pages/cpu @eef9b000 s25984 r8192 d23168 u57344
[    0.000000] pcpu-alloc: s25984 r8192 d23168 u57344 alloc=14*4096
[    0.000000] pcpu-alloc: [0] 0 [0] 1 [0] 2 [0] 3 
[    0.000000] Built 1 zonelists in Zone order, mobility grouping on.  Total pages: 522496
[    0.000000] Kernel command line: ignore_loglevel console=ttyS0,115200n8 rw root=PARTUUID=7369c667-ff51-ec4a-29cd-baabf2fbe346 rootwait gpt debug earlyprintk init=/bin/bash
[    0.000000] PID hash table entries: 4096 (order: 2, 16384 bytes)
[    0.000000] Dentry cache hash table entries: 131072 (order: 7, 524288 bytes)
[    0.000000] Inode-cache hash table entries: 65536 (order: 6, 262144 bytes)
[    0.000000] Memory: 1995092K/2096128K available (9216K kernel code, 1148K rwdata, 3972K rodata, 2048K init, 343K bss, 35500K reserved, 65536K cma-reserved, 1244160K highmem)
[    0.000000] Virtual kernel memory layout:
[    0.000000]     vector  : 0xffff0000 - 0xffff1000   (   4 kB)
[    0.000000]     fixmap  : 0xffc00000 - 0xfff00000   (3072 kB)
[    0.000000]     vmalloc : 0xf0800000 - 0xff800000   ( 240 MB)
[    0.000000]     lowmem  : 0xc0000000 - 0xf0000000   ( 768 MB)
[    0.000000]     pkmap   : 0xbfe00000 - 0xc0000000   (   2 MB)
[    0.000000]     modules : 0xbf000000 - 0xbfe00000   (  14 MB)
[    0.000000]       .text : 0xc0208000 - 0xc0c00000   (10208 kB)
[    0.000000]       .init : 0xc1100000 - 0xc1300000   (2048 kB)
[    0.000000]       .data : 0xc1300000 - 0xc141f200   (1149 kB)
[    0.000000]        .bss : 0xc1421000 - 0xc1476c48   ( 344 kB)
[    0.000000] SLUB: HWalign=64, Order=0-3, MinObjects=0, CPUs=4, Nodes=1
[    0.000000] Hierarchical RCU implementation.
[    0.000000] 	Build-time adjustment of leaf fanout to 32.
[    0.000000] 	RCU restricting CPUs from NR_CPUS=16 to nr_cpu_ids=4.
[    0.000000] RCU: Adjusting geometry for rcu_fanout_leaf=32, nr_cpu_ids=4
[    0.000000] NR_IRQS:16 nr_irqs:16 16
[    0.000000] /interrupt-controller@60004000: 160 interrupts forwarded to /interrupt-controller@50041000
[    0.000000] Tegra clk 127: register failed with -17
[    0.000008] sched_clock: 32 bits at 1000kHz, resolution 1000ns, wraps every 2147483647500ns
[    0.000026] clocksource: timer_us: mask: 0xffffffff max_cycles: 0xffffffff, max_idle_ns: 1911260446275 ns
[    0.000040] Switching to timer-based delay loop, resolution 1000ns
[    0.003160] arm_arch_timer: Architected cp15 timer(s) running at 12.00MHz (virt).
[    0.003177] clocksource: arch_sys_counter: mask: 0xffffffffffffff max_cycles: 0x2c47f4ee7, max_idle_ns: 440795202497 ns
[    0.003196] sched_clock: 56 bits at 12MHz, resolution 83ns, wraps every 4398046511096ns
[    0.003207] Switching to timer-based delay loop, resolution 83ns
[    0.003603] Console: colour dummy device 80x30
[    0.003631] Calibrating delay loop (skipped), value calculated using timer frequency.. 24.00 BogoMIPS (lpj=60000)
[    0.003645] pid_max: default: 32768 minimum: 301
[    0.003741] Mount-cache hash table entries: 2048 (order: 1, 8192 bytes)
[    0.003752] Mountpoint-cache hash table entries: 2048 (order: 1, 8192 bytes)
[    0.004379] CPU: Testing write buffer coherency: ok
[    0.004590] /cpus/cpu@0 missing clock-frequency property
[    0.004618] /cpus/cpu@1 missing clock-frequency property
[    0.004646] /cpus/cpu@2 missing clock-frequency property
[    0.004676] /cpus/cpu@3 missing clock-frequency property
[    0.004688] CPU0: thread -1, cpu 0, socket 0, mpidr 80000000
[    0.004711] Setting up static identity map for 0x80300000 - 0x80300098
[    0.007262] Tegra Revision: A01 SKU: 0 CPU Process: 1 SoC Process: 0
[    0.008590] CPU1: thread -1, cpu 1, socket 0, mpidr 80000001
[    0.009193] CPU2: thread -1, cpu 2, socket 0, mpidr 80000002
[    0.009781] CPU3: thread -1, cpu 3, socket 0, mpidr 80000003
[    0.009868] Brought up 4 CPUs
[    0.009887] SMP: Total of 4 processors activated (96.00 BogoMIPS).
[    0.009895] CPU: All CPU(s) started in SVC mode.
[    0.011354] devtmpfs: initialized
[    0.022889] VFP support v0.3: implementor 41 architecture 4 part 30 variant f rev 0
[    0.023278] clocksource: jiffies: mask: 0xffffffff max_cycles: 0xffffffff, max_idle_ns: 9556302231375000 ns
[    0.024633] pinctrl core: initialized pinctrl subsystem
[    0.026238] NET: Registered protocol family 16
[    0.028268] DMA: preallocated 256 KiB pool for atomic coherent allocations
[    0.043109] cpuidle: using governor menu
[    0.058060] No ATAGs?
[    0.058088] hw-breakpoint: found 5 (+1 reserved) breakpoint and 4 watchpoint registers.
[    0.058098] hw-breakpoint: maximum watchpoint size is 8 bytes.
[    0.063122] Serial: AMBA PL011 UART driver
[    0.064482] tegra-mc 70019000.memory-controller: no memory timings for RAM code 3 registered
[    0.092602] dvdd_ts: Failed to request enable GPIO61: -517
[    0.092617] reg-fixed-voltage regulators:regulator@1: Failed to register regulator: -517
[    0.092710] usb1_vbus: Failed to request enable GPIO108: -517
[    0.092724] reg-fixed-voltage regulators:regulator@3: Failed to register regulator: -517
[    0.092816] usb2_vbus: Failed to request enable GPIO86: -517
[    0.092828] reg-fixed-voltage regulators:regulator@4: Failed to register regulator: -517
[    0.093251] VDD_5V0_HDMI_CON: Failed to request enable GPIO81: -517
[    0.093265] reg-fixed-voltage regulators:regulator@7: Failed to register regulator: -517
[    0.095971] vgaarb: loaded
[    0.096774] SCSI subsystem initialized
[    0.096944] libata version 3.00 loaded.
[    0.097237] usbcore: registered new interface driver usbfs
[    0.097314] usbcore: registered new interface driver hub
[    0.097395] usbcore: registered new device driver usb
[    0.100891] tps65090 2-0048: No cache defaults, reading back from HW
[    0.102802] TPS65090_RAILSDCDC1: supplied by vdd_ac_bat
[    0.103367] vdd_hdmi_5v0: supplied by vdd-sys-5v0
[    0.104141] TPS65090_RAILSDCDC2: supplied by vdd_ac_bat
[    0.105202] TPS65090_RAILSDCDC3: supplied by vdd_ac_bat
[    0.105748] TPS65090_RAILSFET1: supplied by vdd_ac_bat
[    0.106139] TPS65090_RAILSFET2: supplied by vdd_ac_bat
[    0.106503] TPS65090_RAILSFET3: supplied by vdd-sys-3v3
[    0.107043] TPS65090_RAILSFET4: supplied by vdd-sys-3v3
[    0.107573] TPS65090_RAILSFET5: supplied by vdd-sys-3v3
[    0.108099] TPS65090_RAILSFET6: supplied by vdd-sys-3v3
[    0.108967] TPS65090_RAILSFET7: supplied by vdd-sys-3v3
[    0.109500] TPS65090_RAILSLDO1: supplied by vdd_ac_bat
[    0.109725] TPS65090_RAILSLDO2: supplied by vdd_ac_bat
[    0.110570] palmas 2-0058: Irq flag is 0x00000004
[    0.112566] palmas 2-0058: Muxing GPIO ff, PWM 0, LED 0
[    0.115156] SMPS12: supplied by vdd-ao
[    0.116781] SMPS3: supplied by vdd-ao
[    0.118535] SMPS457: supplied by vdd-sys-3v3
[    0.121457] SMPS8: supplied by vdd-sys-3v3
[    0.122325] random: fast init done
[    0.123086] SMPS9: supplied by vdd-sys-3v3
[    0.123607] sdhci-vdd-sd-slot: Bringing 2840000uV into 2800000-2800000uV
[    0.124342] sdhci-vdd-sd-slot: ramp_delay not set
[    0.126343] LDO1: supplied by vdd-sys-3v3
[    0.127540] LDO2: supplied by vdd-sys-3v3
[    0.128776] LDO3: supplied by vddio-1v8
[    0.129980] LDO4: supplied by vdd-sys-3v3
[    0.131199] LDO5: supplied by vdd_ac_bat
[    0.131978] LDO6: supplied by vdd-sys-3v3
[    0.132488] vdd-sensor-2v85: Bringing 2900000uV into 2850000-2850000uV
[    0.133794] LDO7: supplied by vdd-sys-3v3
[    0.135543] LDO8: supplied by vdd-ao
[    0.136053] vdd-rtc: Bringing 675000uV into 900000-900000uV
[    0.139191] LDO9: supplied by sdhci-vdd-sd-slot
[    0.144524] LDOLN: supplied by vdd-sys-5v0
[    0.145747] LDOUSB: supplied by vdd-sys-5v0
[    0.152434] pps_core: LinuxPPS API ver. 1 registered
[    0.152444] pps_core: Software ver. 5.3.6 - Copyright 2005-2007 Rodolfo Giometti <giometti@linux.it>
[    0.152468] PTP clock support registered
[    0.152672] EDAC MC: Ver: 3.0.0
[    0.155112] clocksource: Switched to clocksource arch_sys_counter
[    0.165871] NET: Registered protocol family 2
[    0.166396] TCP established hash table entries: 8192 (order: 3, 32768 bytes)
[    0.166495] TCP bind hash table entries: 8192 (order: 4, 65536 bytes)
[    0.166682] TCP: Hash tables configured (established 8192 bind 8192)
[    0.166734] UDP hash table entries: 512 (order: 2, 16384 bytes)
[    0.166775] UDP-Lite hash table entries: 512 (order: 2, 16384 bytes)
[    0.166936] NET: Registered protocol family 1
[    0.167281] RPC: Registered named UNIX socket transport module.
[    0.167291] RPC: Registered udp transport module.
[    0.167299] RPC: Registered tcp transport module.
[    0.167307] RPC: Registered tcp NFSv4.1 backchannel transport module.
[    0.167318] PCI: CLS 0 bytes, default 64
[    0.169464] futex hash table entries: 1024 (order: 4, 65536 bytes)
[    0.169982] workingset: timestamp_bits=30 max_order=19 bucket_order=0
[    0.181535] squashfs: version 4.0 (2009/01/31) Phillip Lougher
[    0.182431] NFS: Registering the id_resolver key type
[    0.182456] Key type id_resolver registered
[    0.182465] Key type id_legacy registered
[    0.182512] ntfs: driver 2.1.32 [Flags: R/O].
[    0.183815] bounce: pool size: 64 pages
[    0.184031] Block layer SCSI generic (bsg) driver version 0.4 loaded (major 248)
[    0.184042] io scheduler noop registered
[    0.184050] io scheduler deadline registered
[    0.184247] io scheduler cfq registered (default)
[    0.188539] libphy: mdio_driver_register: phy-bcm-ns2-pci
[    0.212602] tegra-apbdma 6000a000.dma: Tegra20 APB DMA driver register 32 channels
[    0.214400] tegra-pmc 7000e400.pmc: i2c-thermtrip node not found, emergency thermal reset disabled.
[    0.282132] Serial: 8250/16550 driver, 4 ports, IRQ sharing disabled
[    0.285208] console [ttyS0] disabled
[    0.285243] 70006300.serial: ttyS0 at MMIO 0x70006300 (irq = 329, base_baud = 25500000) is a Tegra
[    1.249026] console [ttyS0] enabled
[    1.253330] SuperH (H)SCI(F) driver initialized
[    1.258812] msm_serial: driver initialized
[    1.263105] STMicroelectronics ASC driver initialized
[    1.271726] [drm] Initialized drm 1.1.0 20060810
[    1.279379] tegra-hdmi 54280000.hdmi: failed to get HDMI regulator
[    1.304244] brd: module loaded
[    1.313570] loop: module loaded
[    1.333091] m25p80 spi32766.0: w25q32dw (4096 Kbytes)
[    1.341752] libphy: Fixed MDIO Bus: probed
[    1.346682] CAN device driver interface
[    1.352514] igb: Intel(R) Gigabit Ethernet Network Driver - version 5.3.0-k
[    1.359480] igb: Copyright (c) 2007-2014 Intel Corporation.
[    1.368139] pegasus: v0.9.3 (2013/04/25), Pegasus/Pegasus II USB Ethernet driver
[    1.375599] usbcore: registered new interface driver pegasus
[    1.381332] usbcore: registered new interface driver asix
[    1.386785] usbcore: registered new interface driver ax88179_178a
[    1.392930] usbcore: registered new interface driver cdc_ether
[    1.398834] usbcore: registered new interface driver smsc75xx
[    1.404651] usbcore: registered new interface driver smsc95xx
[    1.410448] usbcore: registered new interface driver net1080
[    1.416159] usbcore: registered new interface driver cdc_subset
[    1.422130] usbcore: registered new interface driver zaurus
[    1.427780] usbcore: registered new interface driver cdc_ncm
[    1.435374] ehci_hcd: USB 2.0 'Enhanced' Host Controller (EHCI) Driver
[    1.441909] ehci-pci: EHCI PCI platform driver
[    1.446408] ehci-platform: EHCI generic platform driver
[    1.451838] ehci-orion: EHCI orion driver
[    1.455993] SPEAr-ehci: EHCI SPEAr driver
[    1.460155] ehci-st: EHCI STMicroelectronics driver
[    1.465181] ehci-exynos: EHCI EXYNOS driver
[    1.469507] ehci-atmel: EHCI Atmel driver
[    1.473663] tegra-ehci: Tegra EHCI driver
[    1.477973] ohci_hcd: USB 1.1 'Open' Host Controller (OHCI) Driver
[    1.484177] ohci-pci: OHCI PCI platform driver
[    1.488684] ohci-platform: OHCI generic platform driver
[    1.494075] ohci-omap3: OHCI OMAP3 driver
[    1.498230] SPEAr-ohci: OHCI SPEAr driver
[    1.502391] ohci-st: OHCI STMicroelectronics driver
[    1.507417] ohci-atmel: OHCI Atmel driver
[    1.512142] usbcore: registered new interface driver usb-storage
[    1.519684] mousedev: PS/2 mouse device common for all mice
[    1.530016] palmas-rtc 7000d000.i2c:tps65913@58:rtc: rtc core: registered 7000d000.i2c:tps659 as rtc0
[    1.541138] tegra_rtc 7000e000.rtc: rtc core: registered 7000e000.rtc as rtc1
[    1.548330] tegra_rtc 7000e000.rtc: Tegra internal Real Time Clock
[    1.555049] i2c /dev entries driver
[    1.562809] sbs-battery 0-000b: sbs_probe: Failed to get device status
[    1.569368] sbs-battery: probe of 0-000b failed with error -121
[    1.587416] sdhci: Secure Digital Host Controller Interface driver
[    1.593617] sdhci: Copyright(c) Pierre Ossman
[    1.599433] Synopsys Designware Multimedia Card Interface Driver
[    1.606494] sdhci-pltfm: SDHCI platform and OF driver helper
[    1.612880] sdhci-tegra 78000400.sdhci: Got CD GPIO
[    1.617791] sdhci-tegra 78000400.sdhci: Got WP GPIO
[    1.623859] mmc0: Invalid maximum block size, assuming 512 bytes
[    1.675257] mmc0: SDHCI controller on 78000400.sdhci [78000400.sdhci] using ADMA
[    1.682946] mmc1: Invalid maximum block size, assuming 512 bytes
[    1.735123] mmc1: SDHCI controller on 78000600.sdhci [78000600.sdhci] using ADMA
[    1.744373] ledtrig-cpu: registered to indicate activity on CPUs
[    1.750733] usbcore: registered new interface driver usbhid
[    1.756317] usbhid: USB HID core driver
[    1.766243] NET: Registered protocol family 10
[    1.771582] sit: IPv6, IPv4 and MPLS over IPv4 tunneling driver
[    1.778202] NET: Registered protocol family 17
[    1.782672] can: controller area network core (rev 20120528 abi 9)
[    1.788925] NET: Registered protocol family 29
[    1.793382] can: raw protocol (rev 20120528)
[    1.797662] can: broadcast manager protocol (rev 20160617 t)
[    1.803337] can: netlink gateway (rev 20130117) max_hops=1
[    1.809207] Key type dns_resolver registered
[    1.814139] ThumbEE CPU extension supported.
[    1.818433] Registering SWP/SWPB emulation handler
[    1.831402] usb1_vbus: supplied by vdd-sys-5v0
[    1.845458] usb2_vbus: supplied by vdd-sys-5v0
[    1.859821] mmc0: new high speed SDHC card at address aaaa
[    1.859858] VDD_5V0_HDMI_CON: supplied by vdd-sys-5v0
[    1.866223] [drm] Supports vblank timestamp caching Rev 2 (21.10.2013).
[    1.866227] [drm] No driver support for vblank timestamp query.
[    1.886043] mmcblk0: mmc0:aaaa SL16G 14.8 GiB 
[    1.919457]  mmcblk0: p1 p2 p3
[    1.922935] mmc1: new high speed MMC card at address 0001
[    1.924007] mmcblk1: mmc1:0001 SEM32G 29.1 GiB 
[    1.924909] mmcblk1boot0: mmc1:0001 SEM32G partition 1 4.00 MiB
[    1.926205] mmcblk1boot1: mmc1:0001 SEM32G partition 2 4.00 MiB
[    1.927196] mmcblk1rpmb: mmc1:0001 SEM32G partition 3 4.00 MiB
[    1.929929]  mmcblk1: p1 p2 p3 p4 p5 p6 p7 p8
[    1.933254] Console: switching to colour frame buffer device 240x75
[    1.996509] drm drm: fb0:  frame buffer device
[    2.020253] [drm] Initialized tegra 0.0.0 20120330 on minor 0
[    2.031321] tegra-ehci 7d008000.usb: EHCI Host Controller
[    2.036803] tegra-ehci 7d008000.usb: new USB bus registered, assigned bus number 1
[    2.044775] tegra-ehci 7d008000.usb: irq 339, io mem 0x7d008000
[    2.065243] tegra-ehci 7d008000.usb: USB 2.0 started, EHCI 1.10
[    2.072419] hub 1-0:1.0: USB hub found
[    2.076285] hub 1-0:1.0: 1 port detected
[    2.081856] input: gpio-keys as /devices/soc0/gpio-keys/input/input0
[    2.090255] palmas-rtc 7000d000.i2c:tps65913@58:rtc: setting system clock to 2000-07-27 11:30:46 UTC (964697446)
[    2.115678] dvdd_ts: disabling
[    2.118736] usb1_vbus: disabling
[    2.122009] vdd_cam_1v8_reg: disabling
[    2.127587] EXT4-fs (mmcblk1p1): mounting ext3 file system using the ext4 subsystem
[    2.210339] EXT4-fs (mmcblk1p1): recovery complete
[    2.216817] EXT4-fs (mmcblk1p1): mounted filesystem with ordered data mode. Opts: (null)
[    2.225005] VFS: Mounted root (ext3 filesystem) on device 179:17.
[    2.235558] devtmpfs: mounted
[    2.240424] Freeing unused kernel memory: 2048K (c1100000 - c1300000)
bash: cannot set terminal process group (-1): Inappropriate ioctl for device
bash: no job control in this shell
root@(none):/# [    2.415266] usb 1-1: new high-speed USB device number 2 using tegra-ehci
