
U-Boot SPL 2015.04-rc3-00209-ga74ef40 (Mar 16 2015 - 14:43:39)


U-Boot 2015.04-rc3-00209-ga74ef40 (Mar 16 2015 - 14:43:39)

TEGRA20
Model: Compulab TrimSlice board
DRAM:  1 GiB
MMC:   Tegra SD/MMC: 0, Tegra SD/MMC: 1
SF: Detected W25Q80BL with page size 256 Bytes, erase size 4 KiB, total 1 MiB
tegra-pcie: PCI regions:
tegra-pcie:   I/O: 0x82000000-0x82010000
tegra-pcie:   non-prefetchable memory: 0xa0000000-0xa8000000
tegra-pcie:   prefetchable memory: 0xa8000000-0xc0000000
tegra-pcie: dual-mode configuration
tegra-pcie: probing port 0, using 2 lanes
In:    serial
Out:   serial
Err:   serial
Net:   RTL8169#0
Hit any key to stop autoboot:  2  1  0 
Tegra20 (TrimSlice) # 
Tegra20 (TrimSlice) # usb reset
resetting USB...
USB0:   USB EHCI 1.00
scanning bus 0 for devices... 3 USB Device(s) found
USB1:   USB EHCI 1.00
scanning bus 1 for devices... 1 USB Device(s) found
USB2:   lowlevel init failed
       scanning usb for storage devices... 0 Storage Device(s) found
       scanning usb for ethernet devices... 
Warning: asx0 using MAC address from net device
1 Ethernet Device(s) found
Tegra20 (TrimSlice) # setenv bootargs 'ignore_loglevel console=ttyS0,115200n8 rw root=PARTUUID=11eb23c1-01 rootwait gpt debug noinitrd earlyprintk init=/bin/bash'
Tegra20 (TrimSlice) # setenv ipaddr 192.168.100.103; setenv serverip 192.168.100.1; setenv tftpserverip 192.168.100.1
Tegra20 (TrimSlice) # tftpboot 0x00408000 zImage.multi_v7_defconfig
Using RTL8169#0 device
TFTP from server 192.168.100.1; our IP address is 192.168.100.103
Filename 'zImage.multi_v7_defconfig'.
Load address: 0x408000
Loading: *#################################################################
	 #################################################################
	 #################################################################
	 #################################################################
	 #################################################################
	 #################################################################
	 #################################################################
	 #################
	 4.1 MiB/s
done
Bytes transferred = 6915288 (6984d8 hex)
Tegra20 (TrimSlice) # tftpboot 0x02408000 tegra20-trimslice.dtb
Using RTL8169#0 device
TFTP from server 192.168.100.1; our IP address is 192.168.100.103
Filename 'tegra20-trimslice.dtb'.
Load address: 0x2408000
Loading: *##
	 3.4 MiB/s
done
Bytes transferred = 21130 (528a hex)
Tegra20 (TrimSlice) # bootz 0x00408000 - 0x02408000
Kernel image @ 0x408000 [ 0x000000 - 0x6984d8 ]
## Flattened Device Tree blob at 02408000
   Booting using the fdt blob at 0x2408000
   Using Device Tree in place at 02408000, end 02410289

Starting kernel ...

[    0.000000] Booting Linux on physical CPU 0x0
[    0.000000] Linux version 4.6.0-rc1-81957-gf55532a (pwalmsley@sellafield) (gcc version 4.7.3 20130328 (prerelease) (crosstool-NG linaro-1.13.1-4.7-2013.04-20130415 - Linaro GCC 2013.04) ) #1 SMP Wed Mar 30 01:35:14 PDT 2016
[    0.000000] CPU: ARMv7 Processor [411fc090] revision 0 (ARMv7), cr=10c5387d
[    0.000000] CPU: PIPT / VIPT nonaliasing data cache, VIPT aliasing instruction cache
[    0.000000] Machine model: Compulab TrimSlice board
[    0.000000] debug: ignoring loglevel setting.
[    0.000000] cma: Reserved 64 MiB at 0x3c000000
[    0.000000] Memory policy: Data cache writealloc
[    0.000000] On node 0 totalpages: 262144
[    0.000000] free_area_init_node: node 0, pgdat c141b440, node_mem_map ef7f8000
[    0.000000]   DMA zone: 1536 pages used for memmap
[    0.000000]   DMA zone: 0 pages reserved
[    0.000000]   DMA zone: 196608 pages, LIFO batch:31
[    0.000000]   HighMem zone: 65536 pages, LIFO batch:15
[    0.000000] percpu: Embedded 12 pages/cpu @ef7cb000 s19776 r8192 d21184 u49152
[    0.000000] pcpu-alloc: s19776 r8192 d21184 u49152 alloc=12*4096
[    0.000000] pcpu-alloc: [0] 0 [0] 1 
[    0.000000] Built 1 zonelists in Zone order, mobility grouping on.  Total pages: 260608
[    0.000000] Kernel command line: ignore_loglevel console=ttyS0,115200n8 rw root=PARTUUID=11eb23c1-01 rootwait gpt debug noinitrd earlyprintk init=/bin/bash
[    0.000000] PID hash table entries: 4096 (order: 2, 16384 bytes)
[    0.000000] Dentry cache hash table entries: 131072 (order: 7, 524288 bytes)
[    0.000000] Inode-cache hash table entries: 65536 (order: 6, 262144 bytes)
[    0.000000] Memory: 955940K/1048576K available (9522K kernel code, 1141K rwdata, 4108K rodata, 2048K init, 341K bss, 27100K reserved, 65536K cma-reserved, 196608K highmem)
[    0.000000] Virtual kernel memory layout:
[    0.000000]     vector  : 0xffff0000 - 0xffff1000   (   4 kB)
[    0.000000]     fixmap  : 0xffc00000 - 0xfff00000   (3072 kB)
[    0.000000]     vmalloc : 0xf0800000 - 0xff800000   ( 240 MB)
[    0.000000]     lowmem  : 0xc0000000 - 0xf0000000   ( 768 MB)
[    0.000000]     pkmap   : 0xbfe00000 - 0xc0000000   (   2 MB)
[    0.000000]     modules : 0xbf000000 - 0xbfe00000   (  14 MB)
[    0.000000]       .text : 0xc0208000 - 0xc104fa58   (14623 kB)
[    0.000000]       .init : 0xc1100000 - 0xc1300000   (2048 kB)
[    0.000000]       .data : 0xc1300000 - 0xc141d480   (1142 kB)
[    0.000000]        .bss : 0xc141f000 - 0xc1474558   ( 342 kB)
[    0.000000] SLUB: HWalign=64, Order=0-3, MinObjects=0, CPUs=2, Nodes=1
[    0.000000] Hierarchical RCU implementation.
[    0.000000] 	Build-time adjustment of leaf fanout to 32.
[    0.000000] 	RCU restricting CPUs from NR_CPUS=16 to nr_cpu_ids=2.
[    0.000000] RCU: Adjusting geometry for rcu_fanout_leaf=32, nr_cpu_ids=2
[    0.000000] NR_IRQS:16 nr_irqs:16 16
[    0.000000] /interrupt-controller@60004000: 128 interrupts forwarded to /interrupt-controller@50041000
[    0.000000] L2C: platform modifies aux control register: 0x02080000 -> 0x3e480001
[    0.000000] L2C: DT/platform modifies aux control register: 0x02080000 -> 0x3e480001
[    0.000000] L2C-310 errata 727915 769419 enabled
[    0.000000] L2C-310 enabling early BRESP for Cortex-A9
[    0.000000] L2C-310: enabling full line of zeros but not enabled in Cortex-A9
[    0.000000] L2C-310 ID prefetch enabled, offset 1 lines
[    0.000000] L2C-310 cache controller enabled, 8 ways, 1024 kB
[    0.000000] L2C-310: CACHE_ID 0x410000c4, AUX_CTRL 0x7e480001
[    0.000010] sched_clock: 32 bits at 1000kHz, resolution 1000ns, wraps every 2147483647500ns
[    0.000026] clocksource: timer_us: mask: 0xffffffff max_cycles: 0xffffffff, max_idle_ns: 1911260446275 ns
[    0.000037] Switching to timer-based delay loop, resolution 1000ns
[    0.001613] Console: colour dummy device 80x30
[    0.001634] Calibrating delay loop (skipped), value calculated using timer frequency.. 2.00 BogoMIPS (lpj=5000)
[    0.001644] pid_max: default: 32768 minimum: 301
[    0.001719] Mount-cache hash table entries: 2048 (order: 1, 8192 bytes)
[    0.001728] Mountpoint-cache hash table entries: 2048 (order: 1, 8192 bytes)
[    0.002204] CPU: Testing write buffer coherency: ok
[    0.002384] CPU0: thread -1, cpu 0, socket 0, mpidr 80000000
[    0.002429] Setting up static identity map for 0x300000 - 0x300098
[    0.003811] Tegra Revision: A03 prime SKU: 8 CPU Process: 1 SoC Process: 2
[    0.004855] CPU1: thread -1, cpu 1, socket 0, mpidr 80000001
[    0.004926] Brought up 2 CPUs
[    0.004938] SMP: Total of 2 processors activated (4.00 BogoMIPS).
[    0.004943] CPU: All CPU(s) started in SVC mode.
[    0.005585] devtmpfs: initialized
[    0.009493] VFP support v0.3: implementor 41 architecture 3 part 30 variant 9 rev 1
[    0.009861] clocksource: jiffies: mask: 0xffffffff max_cycles: 0xffffffff, max_idle_ns: 9556302231375000 ns
[    0.012950] pinctrl core: initialized pinctrl subsystem
[    0.014262] NET: Registered protocol family 16
[    0.016285] DMA: preallocated 256 KiB pool for atomic coherent allocations
[    0.029924] cpuidle: using governor menu
[    0.041037] No ATAGs?
[    0.041065] hw-breakpoint: found 5 (+1 reserved) breakpoint and 1 watchpoint registers.
[    0.041072] hw-breakpoint: maximum watchpoint size is 4 bytes.
[    0.044733] Serial: AMBA PL011 UART driver
[    0.068542] usb1_vbus: Failed to request enable GPIO170: -517
[    0.068556] reg-fixed-voltage regulators:regulator@2: Failed to register regulator: -517
[    0.072393] vgaarb: loaded
[    0.073145] SCSI subsystem initialized
[    0.073267] libata version 3.00 loaded.
[    0.073482] usbcore: registered new interface driver usbfs
[    0.073528] usbcore: registered new interface driver hub
[    0.073567] usbcore: registered new device driver usb
[    0.075716] pps_core: LinuxPPS API ver. 1 registered
[    0.075723] pps_core: Software ver. 5.3.6 - Copyright 2005-2007 Rodolfo Giometti <giometti@linux.it>
[    0.075744] PTP clock support registered
[    0.075912] EDAC MC: Ver: 3.0.0
[    0.077812] clocksource: Switched to clocksource timer_us
[    0.085766] NET: Registered protocol family 2
[    0.086195] TCP established hash table entries: 8192 (order: 3, 32768 bytes)
[    0.086270] TCP bind hash table entries: 8192 (order: 4, 65536 bytes)
[    0.086384] TCP: Hash tables configured (established 8192 bind 8192)
[    0.086445] UDP hash table entries: 512 (order: 2, 16384 bytes)
[    0.086494] UDP-Lite hash table entries: 512 (order: 2, 16384 bytes)
[    0.086654] NET: Registered protocol family 1
[    0.086889] RPC: Registered named UNIX socket transport module.
[    0.086897] RPC: Registered udp transport module.
[    0.086902] RPC: Registered tcp transport module.
[    0.086908] RPC: Registered tcp NFSv4.1 backchannel transport module.
[    0.086925] PCI: CLS 0 bytes, default 64
[    0.087725] hw perfevents: enabled with armv7_cortex_a9 PMU driver, 7 counters available
[    0.088811] futex hash table entries: 512 (order: 3, 32768 bytes)
[    0.089445] workingset: timestamp_bits=28 max_order=18 bucket_order=0
[    0.097259] squashfs: version 4.0 (2009/01/31) Phillip Lougher
[    0.097893] NFS: Registering the id_resolver key type
[    0.097920] Key type id_resolver registered
[    0.097926] Key type id_legacy registered
[    0.097974] ntfs: driver 2.1.32 [Flags: R/O].
[    0.098964] bounce: pool size: 64 pages
[    0.099122] Block layer SCSI generic (bsg) driver version 0.4 loaded (major 248)
[    0.099136] io scheduler noop registered
[    0.099146] io scheduler deadline registered
[    0.099174] io scheduler cfq registered (default)
[    0.110498] tegra-pcie 80003000.pcie-controller: dual-mode configuration
[    0.111075] tegra-pcie 80003000.pcie-controller: probing port 0, using 2 lanes
[    0.193265] tegra-pcie 80003000.pcie-controller: PCI host bridge to bus 0000:00
[    0.193277] pci_bus 0000:00: root bus resource [io  0x0000-0xffff]
[    0.193286] pci_bus 0000:00: root bus resource [mem 0xa0000000-0xa7ffffff]
[    0.193294] pci_bus 0000:00: root bus resource [mem 0xa8000000-0xbfffffff pref]
[    0.193304] pci_bus 0000:00: root bus resource [bus 00-ff]
[    0.193334] pci 0000:00:01.0: [10de:0bf0] type 01 class 0x060000
[    0.193392] pci 0000:00:01.0: PME# supported from D0 D1 D2 D3hot D3cold
[    0.193585] PCI: bus0: Fast back to back transfers disabled
[    0.193596] pci 0000:00:01.0: bridge configuration invalid ([bus 00-00]), reconfiguring
[    0.193722] pci 0000:01:00.0: [10ec:8168] type 00 class 0x020000
[    0.193744] pci 0000:01:00.0: reg 0x10: [io  0x0000-0x00ff]
[    0.193766] pci 0000:01:00.0: reg 0x18: [mem 0x00000000-0x00000fff 64bit pref]
[    0.193782] pci 0000:01:00.0: reg 0x20: [mem 0x00000000-0x00003fff 64bit pref]
[    0.193795] pci 0000:01:00.0: reg 0x30: [mem 0x00000000-0x0001ffff pref]
[    0.193868] pci 0000:01:00.0: supports D1 D2
[    0.193876] pci 0000:01:00.0: PME# supported from D0 D1 D2 D3hot D3cold
[    0.202845] PCI: bus1: Fast back to back transfers disabled
[    0.202857] pci_bus 0000:01: busn_res: [bus 01-ff] end is updated to 01
[    0.202870] Disabling cpuidle LP2 state, since PCIe IRQs are in use
[    0.202924] pci 0000:00:01.0: BAR 8: assigned [mem 0xa0000000-0xa00fffff]
[    0.202935] pci 0000:00:01.0: BAR 9: assigned [mem 0xa8000000-0xa80fffff 64bit pref]
[    0.202945] pci 0000:00:01.0: BAR 7: assigned [io  0x1000-0x1fff]
[    0.202956] pci 0000:01:00.0: BAR 6: assigned [mem 0xa0000000-0xa001ffff pref]
[    0.202966] pci 0000:01:00.0: BAR 4: assigned [mem 0xa8000000-0xa8003fff 64bit pref]
[    0.202983] pci 0000:01:00.0: BAR 2: assigned [mem 0xa8004000-0xa8004fff 64bit pref]
[    0.202999] pci 0000:01:00.0: BAR 0: assigned [io  0x1000-0x10ff]
[    0.203009] pci 0000:00:01.0: PCI bridge to [bus 01]
[    0.203017] pci 0000:00:01.0:   bridge window [io  0x1000-0x1fff]
[    0.203026] pci 0000:00:01.0:   bridge window [mem 0xa0000000-0xa00fffff]
[    0.203034] pci 0000:00:01.0:   bridge window [mem 0xa8000000-0xa80fffff 64bit pref]
[    0.203054] pci 0000:00:01.0: nv_msi_ht_cap_quirk didn't locate host bridge
[    0.203118] pcieport 0000:00:01.0: enabling device (0140 -> 0143)
[    0.203268] pcieport 0000:00:01.0: Signaling PME through PCIe PME interrupt
[    0.203277] pci 0000:01:00.0: Signaling PME through PCIe PME interrupt
[    0.203286] pcie_pme 0000:00:01.0:pcie01: service driver pcie_pme loaded
[    0.207151] tegra-apbdma 6000a000.dma: Tegra20 APB DMA driver register 16 channels
[    0.253016] Serial: 8250/16550 driver, 4 ports, IRQ sharing disabled
[    0.255387] console [ttyS0] disabled
[    0.255421] 70006000.serial: ttyS0 at MMIO 0x70006000 (irq = 279, base_baud = 13500000) is a Tegra
[    1.199013] console [ttyS0] enabled
[    1.203117] SuperH (H)SCI(F) driver initialized
[    1.208418] msm_serial: driver initialized
[    1.212652] STMicroelectronics ASC driver initialized
[    1.219479] [drm] Initialized drm 1.1.0 20060810
[    1.226225] 54280000.hdmi supply hdmi not found, using dummy regulator
[    1.235796] [drm] Supports vblank timestamp caching Rev 2 (21.10.2013).
[    1.242422] [drm] No driver support for vblank timestamp query.
[    1.248361] drm drm: No connectors reported connected with modes
[    1.254369] [drm] Cannot find any crtc or sizes - going 1024x768
[    1.276432] Console: switching to colour frame buffer device 128x48
[    1.291125] drm drm: fb0:  frame buffer device
[    1.307820] [drm] Initialized tegra 0.0.0 20120330 on minor 0
[    1.322157] brd: module loaded
[    1.329426] loop: module loaded
[    1.338206] m25p80 spi32766.0: found s25fl008k, expected w25q80bl
[    1.344313] m25p80 spi32766.0: s25fl008k (1024 Kbytes)
[    1.351911] libphy: Fixed MDIO Bus: probed
[    1.356551] CAN device driver interface
[    1.361911] igb: Intel(R) Gigabit Ethernet Network Driver - version 5.3.0-k
[    1.368871] igb: Copyright (c) 2007-2014 Intel Corporation.
[    1.374998] r8169 Gigabit Ethernet driver 2.3LK-NAPI loaded
[    1.380596] r8169 0000:01:00.0: enabling device (0140 -> 0143)
[    1.387189] r8169 0000:01:00.0 eth0: RTL8168d/8111d at 0xf0878000, 00:01:c0:13:7d:63, XID 081000c0 IRQ 296
[    1.396845] r8169 0000:01:00.0 eth0: jumbo features [frames: 9200 bytes, tx checksumming: ko]
[    1.407402] pegasus: v0.9.3 (2013/04/25), Pegasus/Pegasus II USB Ethernet driver
[    1.414862] usbcore: registered new interface driver pegasus
[    1.420574] usbcore: registered new interface driver asix
[    1.426012] usbcore: registered new interface driver ax88179_178a
[    1.432140] usbcore: registered new interface driver cdc_ether
[    1.438024] usbcore: registered new interface driver smsc75xx
[    1.443817] usbcore: registered new interface driver smsc95xx
[    1.449597] usbcore: registered new interface driver net1080
[    1.455301] usbcore: registered new interface driver cdc_subset
[    1.461255] usbcore: registered new interface driver zaurus
[    1.466894] usbcore: registered new interface driver cdc_ncm
[    1.472865] tegra-phy c5004000.usb-phy: no vbus regulator
[    1.479363] tegra-phy c5008000.usb-phy: no vbus regulator
[    1.486000] ehci_hcd: USB 2.0 'Enhanced' Host Controller (EHCI) Driver
[    1.492533] ehci-pci: EHCI PCI platform driver
[    1.497017] ehci-platform: EHCI generic platform driver
[    1.502405] ehci-omap: OMAP-EHCI Host Controller driver
[    1.507740] ehci-orion: EHCI orion driver
[    1.511859] SPEAr-ehci: EHCI SPEAr driver
[    1.515982] ehci-st: EHCI STMicroelectronics driver
[    1.520978] ehci-exynos: EHCI EXYNOS driver
[    1.525290] ehci-atmel: EHCI Atmel driver
[    1.529411] tegra-ehci: Tegra EHCI driver
[    1.554015] ulpi_phy_power_on: ulpi write failed
[    1.558636] tegra-ehci c5004000.usb: Failed to power on the phy
[    1.564565] tegra-ehci: probe of c5004000.usb failed with error -110
[    1.573553] tegra-ehci c5008000.usb: EHCI Host Controller
[    1.578968] tegra-ehci c5008000.usb: new USB bus registered, assigned bus number 1
[    1.586773] tegra-ehci c5008000.usb: irq 290, io mem 0xc5008000
[    1.597827] tegra-ehci c5008000.usb: USB 2.0 started, EHCI 1.00
[    1.604364] hub 1-0:1.0: USB hub found
[    1.608164] hub 1-0:1.0: 1 port detected
[    1.612400] ohci_hcd: USB 1.1 'Open' Host Controller (OHCI) Driver
[    1.618593] ohci-pci: OHCI PCI platform driver
[    1.623086] ohci-platform: OHCI generic platform driver
[    1.628469] ohci-omap3: OHCI OMAP3 driver
[    1.632577] SPEAr-ohci: OHCI SPEAr driver
[    1.636705] ohci-st: OHCI STMicroelectronics driver
[    1.641690] ohci-atmel: OHCI Atmel driver
[    1.646306] usbcore: registered new interface driver usb-storage
[    1.653623] mousedev: PS/2 mouse device common for all mice
[    1.661094] rtc-em3027 2-0056: rtc core: registered rtc-em3027 as rtc0
[    1.668848] tegra_rtc 7000e000.rtc: rtc core: registered 7000e000.rtc as rtc1
[    1.676015] tegra_rtc 7000e000.rtc: Tegra internal Real Time Clock
[    1.682635] i2c /dev entries driver
[    1.694562] sdhci: Secure Digital Host Controller Interface driver
[    1.700752] sdhci: Copyright(c) Pierre Ossman
[    1.706353] Synopsys Designware Multimedia Card Interface Driver
[    1.713264] sdhci-pltfm: SDHCI platform and OF driver helper
[    1.719767] mmc0: Invalid maximum block size, assuming 512 bytes
[    1.752830] mmc0: SDHCI controller on c8000000.sdhci [c8000000.sdhci] using ADMA
[    1.760333] sdhci-tegra c8000600.sdhci: Got CD GPIO
[    1.765225] sdhci-tegra c8000600.sdhci: Got WP GPIO
[    1.770259] mmc1: Invalid maximum block size, assuming 512 bytes
[    1.802911] mmc1: SDHCI controller on c8000600.sdhci [c8000600.sdhci] using ADMA
[    1.811701] ledtrig-cpu: registered to indicate activity on CPUs
[    1.818026] usbcore: registered new interface driver usbhid
[    1.823599] usbhid: USB HID core driver
[    1.831901] NET: Registered protocol family 10
[    1.837124] sit: IPv6 over IPv4 tunneling driver
[    1.842227] NET: Registered protocol family 17
[    1.846690] can: controller area network core (rev 20120528 abi 9)
[    1.852921] NET: Registered protocol family 29
[    1.857357] can: raw protocol (rev 20120528)
[    1.861635] can: broadcast manager protocol (rev 20120528 t)
[    1.867297] can: netlink gateway (rev 20130117) max_hops=1
[    1.873133] Key type dns_resolver registered
[    1.877753] ThumbEE CPU extension supported.
[    1.882043] Registering SWP/SWPB emulation handler
[    1.891662] utmi_phy_clk_enable: timeout waiting for phy to stabilize
[    1.898135] tegra-ehci c5000000.usb: EHCI Host Controller
[    1.903555] tegra-ehci c5000000.usb: new USB bus registered, assigned bus number 2
[    1.911407] tegra-ehci c5000000.usb: irq 288, io mem 0xc5000000
[    1.927839] usb 1-1: new high-speed USB device number 2 using tegra-ehci
[    1.942826] tegra-ehci c5000000.usb: USB 2.0 started, EHCI 1.00
[    1.949426] hub 2-0:1.0: USB hub found
[    1.953243] hub 2-0:1.0: 1 port detected
[    1.958107] input: gpio-keys as /devices/soc0/gpio-keys/input/input0
[    1.965013] rtc-em3027 2-0056: setting system clock to 2014-12-28 13:13:58 UTC (1419772438)
[    1.977178] Waiting for root device PARTUUID=11eb23c1-01...
[    1.984918] mmc0: host does not support reading read-only switch, assuming write-enable
[    1.994726] mmc0: new high speed SDHC card at address b368
[    2.000644] mmcblk0: mmc0:b368 NCard 3.70 GiB 
[    2.007839]  mmcblk0: p1
[    2.014077] mmc1: new high speed SD card at address b368
[    2.019861] mmcblk1: mmc1:b368 NCard 1.83 GiB (ro)
[    2.074140] hub 1-1:1.0: USB hub found
[    2.078037]  mmcblk1: p1 p2
[    2.078050] hub 1-1:1.0: 4 ports detected
[    2.188679] EXT4-fs (mmcblk0p1): mounting ext3 file system using the ext4 subsystem
[    2.275889] EXT4-fs (mmcblk0p1): recovery complete
[    2.280712] EXT4-fs (mmcblk0p1): mounted filesystem with ordered data mode. Opts: (null)
[    2.288864] VFS: Mounted root (ext3 filesystem) on device 179:1.
[    2.298390] devtmpfs: mounted
[    2.304067] Freeing unused kernel memory: 2048K (c1100000 - c1300000)
[    2.367955] usb 1-1.2: new high-speed USB device number 3 using tegra-ehci
bash: cannot set terminal process group (-1): Inappropriate ioctl for device
bash: no job control in this shell
root@(none):/# mount -t sysfs none /sys
root@(none):/# 
root@(none):/# mount -t debugfs none /sys/kernel/debug
root@(none):/# 
root@(none):/# rtcwake -d rtc1 -m mem -s 3
rtcwake: assuming RTC uses UTC ...
rtcwake: wakeup from "mem" using /dev/rtc1 at Thu Jan  1 00:00:23 1970
[    7.580895] PM: Syncing filesystems ... done.
[    7.627233] Freezing user space processes ... (elapsed 0.001 seconds) done.
[    7.635723] Freezing remaining freezable tasks ... (elapsed 0.001 seconds) done.
[    7.644798] Suspending console(s) (use no_console_suspend to debug)
[    7.681023] PM: suspend of devices complete after 27.278 msecs
[    7.684799] PM: late suspend of devices complete after 3.745 msecs
[    7.703460] PM: noirq suspend of devices complete after 18.631 msecs
[    7.703471] Disabling non-boot CPUs ...
[    7.705391] CPU1: shutdown
[    7.720955] Entering suspend state LP1
[    7.721006] Enabling non-boot CPUs ...
[    7.747079] CPU1 is up
[    7.747899] pcieport 0000:00:01.0: nv_msi_ht_cap_quirk didn't locate host bridge
[    7.763065] PM: noirq resume of devices complete after 15.954 msecs
[    7.766514] PM: early resume of devices complete after 2.861 msecs
[    7.828867] PM: resume of devices complete after 62.321 msecs
[    7.892391] Restarting tasks ... done.
root@(none):/# 
root@(none):/# rtcwake -d rtc1 -m mem -s 3
rtcwake: assuming RTC uses UTC ...
rtcwake: wakeup from "mem" using /dev/rtc1 at Thu Jan  1 00:00:27 1970
[    8.528645] PM: Syncing filesystems ... done.
[    8.561410] Freezing user space processes ... (elapsed 0.001 seconds) done.
[    8.569819] Freezing remaining freezable tasks ... (elapsed 0.001 seconds) done.
[    8.578703] Suspending console(s) (use no_console_suspend to debug)
[    8.606346] PM: suspend of devices complete after 19.529 msecs
[    8.609937] PM: late suspend of devices complete after 3.561 msecs
[    8.628389] PM: noirq suspend of devices complete after 18.422 msecs
[    8.628399] Disabling non-boot CPUs ...
[    8.630324] CPU1: shutdown
[    8.645914] Entering suspend state LP1
[    8.645963] Enabling non-boot CPUs ...
[    8.672047] CPU1 is up
[    8.673072] pcieport 0000:00:01.0: nv_msi_ht_cap_quirk didn't locate host bridge
[    8.688055] PM: noirq resume of devices complete after 15.976 msecs
[    8.691784] PM: early resume of devices complete after 2.943 msecs
[    8.756233] PM: resume of devices complete after 64.417 msecs
[    8.820385] Restarting tasks ... done.
root@(none):/# 
root@(none):/# rtcwake -d rtc1 -m mem -s 3
rtcwake: assuming RTC uses UTC ...
rtcwake: wakeup from "mem" using /dev/rtc1 at Thu Jan  1 00:00:31 1970
[    9.457958] PM: Syncing filesystems ... done.
[    9.503442] Freezing user space processes ... (elapsed 0.001 seconds) done.
[    9.511967] Freezing remaining freezable tasks ... (elapsed 0.001 seconds) done.
[    9.520757] Suspending console(s) (use no_console_suspend to debug)
[    9.555740] PM: suspend of devices complete after 26.061 msecs
[    9.559349] PM: late suspend of devices complete after 3.578 msecs
[    9.573326] PM: noirq suspend of devices complete after 13.947 msecs
[    9.573337] Disabling non-boot CPUs ...
[    9.575141] CPU1: shutdown
[    9.600848] Entering suspend state LP1
[    9.600897] Enabling non-boot CPUs ...
[    9.626979] CPU1 is up
[    9.628317] pcieport 0000:00:01.0: nv_msi_ht_cap_quirk didn't locate host bridge
[    9.642967] PM: noirq resume of devices complete after 15.956 msecs
[    9.646664] PM: early resume of devices complete after 2.923 msecs
[    9.716235] PM: resume of devices complete after 69.539 msecs
[    9.780381] Restarting tasks ... done.
root@(none):/# 
root@(none):/# rtcwake -d rtc1 -m mem -s 3
rtcwake: assuming RTC uses UTC ...
rtcwake: wakeup from "mem" using /dev/rtc1 at Thu Jan  1 00:00:35 1970
[   10.412386] PM: Syncing filesystems ... done.
[   10.457924] Freezing user space processes ... (elapsed 0.001 seconds) done.
[   10.466388] Freezing remaining freezable tasks ... (elapsed 0.001 seconds) done.
[   10.475508] Suspending console(s) (use no_console_suspend to debug)
[   10.510003] PM: suspend of devices complete after 25.590 msecs
[   10.513606] PM: late suspend of devices complete after 3.572 msecs
[   10.528273] PM: noirq suspend of devices complete after 14.635 msecs
[   10.528284] Disabling non-boot CPUs ...
[   10.530072] CPU1: shutdown
[   10.555805] Entering suspend state LP1
[   10.555854] Enabling non-boot CPUs ...
[   10.581889] CPU1 is up
[   10.583267] pcieport 0000:00:01.0: nv_msi_ht_cap_quirk didn't locate host bridge
[   10.597909] PM: noirq resume of devices complete after 15.985 msecs
[   10.601659] PM: early resume of devices complete after 2.956 msecs
[   10.666095] PM: resume of devices complete after 64.403 msecs
[   10.730248] Restarting tasks ... done.
root@(none):/# 
root@(none):/# rtcwake -d rtc1 -m mem -s 3
rtcwake: assuming RTC uses UTC ...
rtcwake: wakeup from "mem" using /dev/rtc1 at Thu Jan  1 00:00:39 1970
[   11.363247] PM: Syncing filesystems ... done.
[   11.408685] Freezing user space processes ... (elapsed 0.001 seconds) done.
[   11.417209] Freezing remaining freezable tasks ... (elapsed 0.001 seconds) done.
[   11.426286] Suspending console(s) (use no_console_suspend to debug)
[   11.456217] PM: suspend of devices complete after 21.055 msecs
[   11.459825] PM: late suspend of devices complete after 3.577 msecs
[   11.478251] PM: noirq suspend of devices complete after 18.396 msecs
[   11.478261] Disabling non-boot CPUs ...
[   11.480108] CPU1: shutdown
[   11.495718] Entering suspend state LP1
[   11.495768] Enabling non-boot CPUs ...
[   11.521876] CPU1 is up
[   11.523425] pcieport 0000:00:01.0: nv_msi_ht_cap_quirk didn't locate host bridge
[   11.537852] PM: noirq resume of devices complete after 15.943 msecs
[   11.541576] PM: early resume of devices complete after 2.929 msecs
[   11.606081] PM: resume of devices complete after 64.472 msecs
[   11.670240] Restarting tasks ... done.
root@(none):/# 
root@(none):/# rtcwake -d rtc1 -m mem -s 3
rtcwake: assuming RTC uses UTC ...
rtcwake: wakeup from "mem" using /dev/rtc1 at Thu Jan  1 00:00:43 1970
[   12.308336] PM: Syncing filesystems ... done.
[   12.353765] Freezing user space processes ... (elapsed 0.001 seconds) done.
[   12.362299] Freezing remaining freezable tasks ... (elapsed 0.001 seconds) done.
[   12.371386] Suspending console(s) (use no_console_suspend to debug)
[   12.405465] PM: suspend of devices complete after 25.199 msecs
[   12.409205] PM: late suspend of devices complete after 3.707 msecs
[   12.428135] PM: noirq suspend of devices complete after 18.899 msecs
[   12.428146] Disabling non-boot CPUs ...
[   12.429962] CPU1: shutdown
[   12.445641] Entering suspend state LP1
[   12.445690] Enabling non-boot CPUs ...
[   12.471757] CPU1 is up
[   12.472858] pcieport 0000:00:01.0: nv_msi_ht_cap_quirk didn't locate host bridge
[   12.487786] PM: noirq resume of devices complete after 15.995 msecs
[   12.491488] PM: early resume of devices complete after 2.918 msecs
[   12.556040] PM: resume of devices complete after 64.519 msecs
[   12.620183] Restarting tasks ... done.
root@(none):/# 
root@(none):/# rtcwake -d rtc1 -m mem -s 3
rtcwake: assuming RTC uses UTC ...
rtcwake: wakeup from "mem" using /dev/rtc1 at Thu Jan  1 00:00:47 1970
[   13.262710] PM: Syncing filesystems ... done.
[   13.308154] Freezing user space processes ... (elapsed 0.001 seconds) done.
[   13.316668] Freezing remaining freezable tasks ... (elapsed 0.001 seconds) done.
[   13.325749] Suspending console(s) (use no_console_suspend to debug)
[   13.360148] PM: suspend of devices complete after 25.486 msecs
[   13.363735] PM: late suspend of devices complete after 3.557 msecs
[   13.378106] PM: noirq suspend of devices complete after 14.341 msecs
[   13.378117] Disabling non-boot CPUs ...
[   13.380054] CPU1: shutdown
[   13.405602] Entering suspend state LP1
[   13.405652] Enabling non-boot CPUs ...
[   13.431755] CPU1 is up
[   13.433012] pcieport 0000:00:01.0: nv_msi_ht_cap_quirk didn't locate host bridge
[   13.447754] PM: noirq resume of devices complete after 15.966 msecs
[   13.451446] PM: early resume of devices complete after 2.917 msecs
[   13.520939] PM: resume of devices complete after 69.461 msecs
[   13.585081] Restarting tasks ... done.
root@(none):/# 
root@(none):/# rtcwake -d rtc1 -m mem -s 3
rtcwake: assuming RTC uses UTC ...
rtcwake: wakeup from "mem" using /dev/rtc1 at Thu Jan  1 00:00:51 1970
[   14.222122] PM: Syncing filesystems ... done.
[   14.267641] Freezing user space processes ... (elapsed 0.001 seconds) done.
[   14.276128] Freezing remaining freezable tasks ... (elapsed 0.001 seconds) done.
[   14.285253] Suspending console(s) (use no_console_suspend to debug)
[   14.319997] PM: suspend of devices complete after 25.841 msecs
[   14.323589] PM: late suspend of devices complete after 3.561 msecs
[   14.338031] PM: noirq suspend of devices complete after 14.411 msecs
[   14.338041] Disabling non-boot CPUs ...
[   14.339977] CPU1: shutdown
[   14.365587] Entering suspend state LP1
[   14.365636] Enabling non-boot CPUs ...
[   14.391634] CPU1 is up
[   14.392648] pcieport 0000:00:01.0: nv_msi_ht_cap_quirk didn't locate host bridge
[   14.407681] PM: noirq resume of devices complete after 16.014 msecs
[   14.411377] PM: early resume of devices complete after 2.926 msecs
[   14.475957] PM: resume of devices complete after 64.548 msecs
[   14.540127] Restarting tasks ... done.
root@(none):/# 
root@(none):/# rtcwake -d rtc1 -m mem -s 3
rtcwake: assuming RTC uses UTC ...
rtcwake: wakeup from "mem" using /dev/rtc1 at Thu Jan  1 00:00:55 1970
[   15.180316] PM: Syncing filesystems ... done.
[   15.225762] Freezing user space processes ... (elapsed 0.001 seconds) done.
[   15.234364] Freezing remaining freezable tasks ... (elapsed 0.001 seconds) done.
[   15.243485] Suspending console(s) (use no_console_suspend to debug)
[   15.280739] PM: suspend of devices complete after 28.341 msecs
[   15.284464] PM: late suspend of devices complete after 3.693 msecs
[   15.303000] PM: noirq suspend of devices complete after 18.506 msecs
[   15.303011] Disabling non-boot CPUs ...
[   15.304839] CPU1: shutdown
[   15.320483] Entering suspend state LP1
[   15.320534] Enabling non-boot CPUs ...
[   15.346610] CPU1 is up
[   15.347440] pcieport 0000:00:01.0: nv_msi_ht_cap_quirk didn't locate host bridge
[   15.362556] PM: noirq resume of devices complete after 15.914 msecs
[   15.366003] PM: early resume of devices complete after 2.856 msecs
[   15.425774] PM: resume of devices complete after 59.741 msecs
[   15.489880] Restarting tasks ... done.
root@(none):/# 
root@(none):/# rtcwake -d rtc1 -m mem -s 3
rtcwake: assuming RTC uses UTC ...
rtcwake: wakeup from "mem" using /dev/rtc1 at Thu Jan  1 00:00:59 1970
[   16.132672] PM: Syncing filesystems ... done.
[   16.165415] Freezing user space processes ... (elapsed 0.001 seconds) done.
[   16.173829] Freezing remaining freezable tasks ... (elapsed 0.001 seconds) done.
[   16.182730] Suspending console(s) (use no_console_suspend to debug)
[   16.209960] PM: suspend of devices complete after 19.118 msecs
[   16.213614] PM: late suspend of devices complete after 3.624 msecs
[   16.227944] PM: noirq suspend of devices complete after 14.299 msecs
[   16.227955] Disabling non-boot CPUs ...
[   16.229981] CPU1: shutdown
[   16.255410] Entering suspend state LP1
[   16.255459] Enabling non-boot CPUs ...
[   16.281555] CPU1 is up
[   16.282553] pcieport 0000:00:01.0: nv_msi_ht_cap_quirk didn't locate host bridge
[   16.297557] PM: noirq resume of devices complete after 15.969 msecs
[   16.301303] PM: early resume of devices complete after 2.966 msecs
[   16.365518] PM: resume of devices complete after 64.182 msecs
[   16.429674] Restarting tasks ... done.
root@(none):/# 
root@(none):/# NVTB SYSTEM SUSPEND TEST COMPLETE
