Diff for ./qemu-vexpress64/__internal/defconfig_log.txt
--- /tmp/fooa	2017-01-23 02:54:02.752168401 -0800
+++ /tmp/foob	2017-01-23 02:54:02.752168401 -0800
@@ -1,5 +1,5 @@
 Booting Linux on physical CPU 0x0
-Linux version 4.10.0-rc4-166515-g49def18 (pwalmsley@tamien) (gcc version 4.9.2 20140904 (prerelease) (crosstool-NG linaro-1.13.1-4.9-2014.09 - Linaro GCC 4.9-2014.09) ) #1 SMP PREEMPT Mon Jan 16 02:38:55 PST 2017
+Linux version 4.10.0-rc5-142388-g7a308bb (pwalmsley@sellafield) (gcc version 4.9.2 20140904 (prerelease) (crosstool-NG linaro-1.13.1-4.9-2014.09 - Linaro GCC 4.9-2014.09) ) #1 SMP PREEMPT Mon Jan 23 02:38:30 PST 2017
 Boot CPU: AArch64 Processor [411fd070]
 Memory limited to 1024MB
 efi: Getting EFI parameters from FDT:
@@ -18,15 +18,15 @@
 PID hash table entries: 4096 (order: 3, 32768 bytes)
 Dentry cache hash table entries: 131072 (order: 8, 1048576 bytes)
 Inode-cache hash table entries: 65536 (order: 7, 524288 bytes)
-Memory: 998944K/1048576K available (8508K kernel code, 944K rwdata, 4108K rodata, 1024K init, 395K bss, 33248K reserved, 16384K cma-reserved)
+Memory: 998944K/1048576K available (8508K kernel code, 946K rwdata, 4108K rodata, 1024K init, 393K bss, 33248K reserved, 16384K cma-reserved)
 Virtual kernel memory layout:
     modules : 0xffff000000000000 - 0xffff000008000000   (   128 MB)
     vmalloc : 0xffff000008000000 - 0xffff7dffbfff0000   (129022 GB)
       .text : 0xffff000008080000 - 0xffff0000088d0000   (  8512 KB)
     .rodata : 0xffff0000088d0000 - 0xffff000008ce0000   (  4160 KB)
       .init : 0xffff000008ce0000 - 0xffff000008de0000   (  1024 KB)
-      .data : 0xffff000008de0000 - 0xffff000008ecc200   (   945 KB)
-       .bss : 0xffff000008ecc200 - 0xffff000008f2ee50   (   396 KB)
+      .data : 0xffff000008de0000 - 0xffff000008ecca00   (   947 KB)
+       .bss : 0xffff000008ecca00 - 0xffff000008f2ee50   (   394 KB)
     fixed   : 0xffff7dfffe7fd000 - 0xffff7dfffec00000   (  4108 KB)
     PCI I/O : 0xffff7dfffee00000 - 0xffff7dffffe00000   (    16 MB)
     vmemmap : 0xffff7e0000000000 - 0xffff800000000000   (  2048 GB maximum)
@@ -101,7 +101,7 @@
 kvm [1]: HYP mode not available
 futex hash table entries: 256 (order: 3, 32768 bytes)
 audit: initializing netlink subsys (disabled)
-audit: type=2000 audit(0.676:1): initialized
+audit: type=2000 audit(1.104:1): initialized
 workingset: timestamp_bits=46 max_order=18 bucket_order=0
 squashfs: version 4.0 (2009/01/31) Phillip Lougher
 NFS: Registering the id_resolver key type
@@ -167,7 +167,7 @@
 Key type dns_resolver registered
 registered taskstats version 1
 input: gpio-keys as /devices/platform/gpio-keys/input/input0
-rtc-pl031 9010000.pl031: setting system clock to 2017-01-16 10:39:38 UTC (1484563178)
+rtc-pl031 9010000.pl031: setting system clock to 2017-01-23 10:39:23 UTC (1485167963)
 ALSA device list:
   No soundcards found.
 uart-pl011 9000000.pl011: no DMA platform data
Diff for ./tegra114-dalmore-a04/tegra114-dalmore/multi_v7_defconfig_log.txt
--- /tmp/fooa	2017-01-23 02:54:02.760168426 -0800
+++ /tmp/foob	2017-01-23 02:54:02.764168439 -0800
@@ -39,9 +39,9 @@
 	 #################################################################
 	 #################################################################
 	 ##################################################
-	 3.2 MiB/s
+	 3.1 MiB/s
 done
-Bytes transferred = 7404048 (70fa10 hex)
+Bytes transferred = 7412960 (711ce0 hex)
 Tegra114 (Dalmore) # tftpboot 0x82000000 tegra114-dalmore.dtb
 Using asx0 device
 TFTP from server 192.168.100.1; our IP address is 192.168.100.100
@@ -52,7 +52,7 @@
 done
 Bytes transferred = 35044 (88e4 hex)
 Tegra114 (Dalmore) # bootz 0x81000000 - 0x82000000
-Kernel image @ 0x81000000 [ 0x000000 - 0x70fa10 ]
+Kernel image @ 0x81000000 [ 0x000000 - 0x711ce0 ]
 ## Flattened Device Tree blob at 82000000
    Booting using the fdt blob at 0x82000000
    Loading Device Tree to 8fff4000, end 8ffff8e3 ... OK
@@ -60,7 +60,7 @@
 Starting kernel ...
 
 Booting Linux on physical CPU 0x0
-Linux version 4.10.0-rc4-142082-g49def18 (pwalmsley@sellafield) (gcc version 4.7.3 20130328 (prerelease) (crosstool-NG linaro-1.13.1-4.7-2013.04-20130415 - Linaro GCC 2013.04) ) #1 SMP Mon Jan 16 02:34:38 PST 2017
+Linux version 4.10.0-rc5-142388-g7a308bb (pwalmsley@sellafield) (gcc version 4.7.3 20130328 (prerelease) (crosstool-NG linaro-1.13.1-4.7-2013.04-20130415 - Linaro GCC 2013.04) ) #1 SMP Mon Jan 23 02:35:51 PST 2017
 CPU: ARMv7 Processor [412fc0f2] revision 2 (ARMv7), cr=10c5387d
 CPU: div instructions available: patching division code
 CPU: PIPT / VIPT nonaliasing data cache, PIPT instruction cache
@@ -71,7 +71,7 @@
 cma: Reserved 64 MiB at 0xfb800000
 Memory policy: Data cache writealloc
 On node 0 totalpages: 524032
-free_area_init_node: node 0, pgdat c142b0c0, node_mem_map eeff8000
+free_area_init_node: node 0, pgdat c142b4c0, node_mem_map eeff8000
   DMA zone: 1536 pages used for memmap
   DMA zone: 0 pages reserved
   DMA zone: 196608 pages, LIFO batch:31
@@ -84,7 +84,7 @@
 PID hash table entries: 4096 (order: 2, 16384 bytes)
 Dentry cache hash table entries: 131072 (order: 7, 524288 bytes)
 Inode-cache hash table entries: 65536 (order: 6, 262144 bytes)
-Memory: 1994944K/2096128K available (9216K kernel code, 1202K rwdata, 4140K rodata, 2048K init, 472K bss, 35648K reserved, 65536K cma-reserved, 1244160K highmem)
+Memory: 1994880K/2096128K available (9216K kernel code, 1203K rwdata, 4148K rodata, 2048K init, 536K bss, 35712K reserved, 65536K cma-reserved, 1244160K highmem)
 Virtual kernel memory layout:
     vector  : 0xffff0000 - 0xffff1000   (   4 kB)
     fixmap  : 0xffc00000 - 0xfff00000   (3072 kB)
@@ -94,8 +94,8 @@
     modules : 0xbf000000 - 0xbfe00000   (  14 MB)
       .text : 0xc0208000 - 0xc0c00000   (10208 kB)
       .init : 0xc1100000 - 0xc1300000   (2048 kB)
-      .data : 0xc1300000 - 0xc142cbc0   (1203 kB)
-       .bss : 0xc142e000 - 0xc14a41d0   ( 473 kB)
+      .data : 0xc1300000 - 0xc142cfc0   (1204 kB)
+       .bss : 0xc142e000 - 0xc14b41d0   ( 537 kB)
 SLUB: HWalign=64, Order=0-3, MinObjects=0, CPUs=4, Nodes=1
 Hierarchical RCU implementation.
 	Build-time adjustment of leaf fanout to 32.
@@ -328,7 +328,7 @@
 hub 1-0:1.0: USB hub found
 hub 1-0:1.0: 1 port detected
 input: gpio-keys as /devices/soc0/gpio-keys/input/input0
-palmas-rtc 7000d000.i2c:tps65913@58:rtc: setting system clock to 2000-11-09 22:07:56 UTC (973807676)
+palmas-rtc 7000d000.i2c:tps65913@58:rtc: setting system clock to 2000-11-16 22:09:36 UTC (974412576)
 dvdd_ts: disabling
 usb1_vbus: disabling
 vdd_cam_1v8_reg: disabling
@@ -340,4 +340,4 @@
 Freeing unused kernel memory: 2048K
 bash: cannot set terminal process group (-1): Inappropriate ioctl for device
 bash: no job control in this shell
-root@(none):/# [    2.579972] usb 1-1: new high-speed USB device number 2 using tegra-ehci
+root@(none):/# [    2.579930] usb 1-1: new high-speed USB device number 2 using tegra-ehci
Diff for ./tegra114-dalmore-a04/tegra114-dalmore/tegra_defconfig_log.txt
--- /tmp/fooa	2017-01-23 02:54:02.772168464 -0800
+++ /tmp/foob	2017-01-23 02:54:02.772168464 -0800
@@ -37,9 +37,9 @@
 	 #################################################################
 	 #################################################################
 	 ###################################################
-	 3.3 MiB/s
+	 2.9 MiB/s
 done
-Bytes transferred = 5507488 (5409a0 hex)
+Bytes transferred = 5507592 (540a08 hex)
 Tegra114 (Dalmore) # tftpboot 0x82000000 tegra114-dalmore.dtb
 Using asx0 device
 TFTP from server 192.168.100.1; our IP address is 192.168.100.100
@@ -50,7 +50,7 @@
 done
 Bytes transferred = 35044 (88e4 hex)
 Tegra114 (Dalmore) # bootz 0x81000000 - 0x82000000
-Kernel image @ 0x81000000 [ 0x000000 - 0x5409a0 ]
+Kernel image @ 0x81000000 [ 0x000000 - 0x540a08 ]
 ## Flattened Device Tree blob at 82000000
    Booting using the fdt blob at 0x82000000
    Loading Device Tree to 8fff4000, end 8ffff8e3 ... OK
@@ -59,7 +59,7 @@
 
 Uncompressing Linux... done, booting the kernel.
 Booting Linux on physical CPU 0x0
-Linux version 4.10.0-rc4-142082-g49def18 (pwalmsley@kaivo) (gcc version 4.7.3 20130328 (prerelease) (crosstool-NG linaro-1.13.1-4.7-2013.04-20130415 - Linaro GCC 2013.04) ) #1 SMP PREEMPT Mon Jan 16 02:34:32 PST 2017
+Linux version 4.10.0-rc5-142388-g7a308bb (pwalmsley@kaivo) (gcc version 4.7.3 20130328 (prerelease) (crosstool-NG linaro-1.13.1-4.7-2013.04-20130415 - Linaro GCC 2013.04) ) #1 SMP PREEMPT Mon Jan 23 02:35:40 PST 2017
 CPU: ARMv7 Processor [412fc0f2] revision 2 (ARMv7), cr=10c5387d
 CPU: div instructions available: patching division code
 CPU: PIPT / VIPT nonaliasing data cache, PIPT instruction cache
@@ -69,7 +69,7 @@
 cma: Reserved 64 MiB at 0xfbc00000
 Memory policy: Data cache writealloc
 On node 0 totalpages: 524032
-free_area_init_node: node 0, pgdat c0d5f280, node_mem_map eeff7000
+free_area_init_node: node 0, pgdat c0d5f5c0, node_mem_map eeff7000
   Normal zone: 1536 pages used for memmap
   Normal zone: 0 pages reserved
   Normal zone: 196608 pages, LIFO batch:31
@@ -82,7 +82,7 @@
 PID hash table entries: 4096 (order: 2, 16384 bytes)
 Dentry cache hash table entries: 131072 (order: 7, 524288 bytes)
 Inode-cache hash table entries: 65536 (order: 6, 262144 bytes)
-Memory: 1999956K/2096128K available (8192K kernel code, 386K rwdata, 2476K rodata, 1024K init, 369K bss, 30636K reserved, 65536K cma-reserved, 1244160K highmem)
+Memory: 1999956K/2096128K available (8192K kernel code, 387K rwdata, 2476K rodata, 1024K init, 369K bss, 30636K reserved, 65536K cma-reserved, 1244160K highmem)
 Virtual kernel memory layout:
     vector  : 0xffff0000 - 0xffff1000   (   4 kB)
     fixmap  : 0xffc00000 - 0xfff00000   (3072 kB)
@@ -92,7 +92,7 @@
     modules : 0xbf000000 - 0xbfe00000   (  14 MB)
       .text : 0xc0008000 - 0xc0900000   (9184 kB)
       .init : 0xc0c00000 - 0xc0d00000   (1024 kB)
-      .data : 0xc0d00000 - 0xc0d60940   ( 387 kB)
+      .data : 0xc0d00000 - 0xc0d60c80   ( 388 kB)
        .bss : 0xc0d62000 - 0xc0dbe7e8   ( 370 kB)
 Preemptible hierarchical RCU implementation.
 	Build-time adjustment of leaf fanout to 32.
@@ -322,7 +322,7 @@
 hub 1-0:1.0: USB hub found
 hub 1-0:1.0: 1 port detected
 input: gpio-keys as /devices/soc0/gpio-keys/input/input1
-palmas-rtc 7000d000.i2c:tps65913@58:rtc: setting system clock to 2000-11-09 22:05:11 UTC (973807511)
+palmas-rtc 7000d000.i2c:tps65913@58:rtc: setting system clock to 2000-11-16 22:06:45 UTC (974412405)
 dvdd_ts: disabling
 usb1_vbus: disabling
 vdd_cam_1v8_reg: disabling
Diff for ./tegra124-jetson-tk1/tegra124-jetson-tk1/multi_v7_defconfig_log.txt
--- /tmp/fooa	2017-01-23 02:54:02.784168502 -0800
+++ /tmp/foob	2017-01-23 02:54:02.788168516 -0800
@@ -34,9 +34,9 @@
 	 #################################################################
 	 #################################################################
 	 ##################################################
-	 3.9 MiB/s
+	 4 MiB/s
 done
-Bytes transferred = 7404048 (70fa10 hex)
+Bytes transferred = 7412960 (711ce0 hex)
 Tegra124 (Jetson TK1) # tftpboot 0x83000000 tegra124-jetson-tk1.dtb
 Using eth_rtl8169 device
 TFTP from server 192.168.100.1; our IP address is 192.168.100.102
@@ -47,7 +47,7 @@
 done
 Bytes transferred = 67133 (1063d hex)
 Tegra124 (Jetson TK1) # bootz 0x82000000 - 0x83000000
-Kernel image @ 0x82000000 [ 0x000000 - 0x70fa10 ]
+Kernel image @ 0x82000000 [ 0x000000 - 0x711ce0 ]
 ## Flattened Device Tree blob at 83000000
    Booting using the fdt blob at 0x83000000
    Using Device Tree in place at 83000000, end 8301363c
@@ -55,7 +55,7 @@
 Starting kernel ...
 
 Booting Linux on physical CPU 0x0
-Linux version 4.10.0-rc4-142082-g49def18 (pwalmsley@sellafield) (gcc version 4.7.3 20130328 (prerelease) (crosstool-NG linaro-1.13.1-4.7-2013.04-20130415 - Linaro GCC 2013.04) ) #1 SMP Mon Jan 16 02:34:38 PST 2017
+Linux version 4.10.0-rc5-142388-g7a308bb (pwalmsley@sellafield) (gcc version 4.7.3 20130328 (prerelease) (crosstool-NG linaro-1.13.1-4.7-2013.04-20130415 - Linaro GCC 2013.04) ) #1 SMP Mon Jan 23 02:35:51 PST 2017
 CPU: ARMv7 Processor [413fc0f3] revision 3 (ARMv7), cr=10c5387d
 CPU: div instructions available: patching division code
 CPU: PIPT / VIPT nonaliasing data cache, PIPT instruction cache
@@ -66,7 +66,7 @@
 cma: Reserved 64 MiB at 0xfb800000
 Memory policy: Data cache writealloc
 On node 0 totalpages: 524032
-free_area_init_node: node 0, pgdat c142b0c0, node_mem_map eeff8000
+free_area_init_node: node 0, pgdat c142b4c0, node_mem_map eeff8000
   DMA zone: 1536 pages used for memmap
   DMA zone: 0 pages reserved
   DMA zone: 196608 pages, LIFO batch:31
@@ -79,7 +79,7 @@
 PID hash table entries: 4096 (order: 2, 16384 bytes)
 Dentry cache hash table entries: 131072 (order: 7, 524288 bytes)
 Inode-cache hash table entries: 65536 (order: 6, 262144 bytes)
-Memory: 1994824K/2096128K available (9216K kernel code, 1202K rwdata, 4140K rodata, 2048K init, 472K bss, 35768K reserved, 65536K cma-reserved, 1244160K highmem)
+Memory: 1994760K/2096128K available (9216K kernel code, 1203K rwdata, 4148K rodata, 2048K init, 536K bss, 35832K reserved, 65536K cma-reserved, 1244160K highmem)
 Virtual kernel memory layout:
     vector  : 0xffff0000 - 0xffff1000   (   4 kB)
     fixmap  : 0xffc00000 - 0xfff00000   (3072 kB)
@@ -89,8 +89,8 @@
     modules : 0xbf000000 - 0xbfe00000   (  14 MB)
       .text : 0xc0208000 - 0xc0c00000   (10208 kB)
       .init : 0xc1100000 - 0xc1300000   (2048 kB)
-      .data : 0xc1300000 - 0xc142cbc0   (1203 kB)
-       .bss : 0xc142e000 - 0xc14a41d0   ( 473 kB)
+      .data : 0xc1300000 - 0xc142cfc0   (1204 kB)
+       .bss : 0xc142e000 - 0xc14b41d0   ( 537 kB)
 SLUB: HWalign=64, Order=0-3, MinObjects=0, CPUs=4, Nodes=1
 Hierarchical RCU implementation.
 	Build-time adjustment of leaf fanout to 32.
@@ -314,13 +314,13 @@
 +12V_SATA: supplied by +VDD_MUX
 usb2-0 supply vbus not found, using dummy regulator
 usb2-1 supply vbus not found, using dummy regulator
-usb3-0 supply vbus not found, using dummy regulator
 mmc0: new high speed MMC card at address 0001
 mmcblk0: mmc0:0001 SEM16G 14.7 GiB 
 mmcblk0boot0: mmc0:0001 SEM16G partition 1 4.00 MiB
 mmcblk0boot1: mmc0:0001 SEM16G partition 2 4.00 MiB
 mmcblk0rpmb: mmc0:0001 SEM16G partition 3 4.00 MiB
  mmcblk0: p1
+usb3-0 supply vbus not found, using dummy regulator
 tegra-pcie 1003000.pcie-controller: 2x1, 1x1 configuration
 tegra-pcie 1003000.pcie-controller: Failed to get supply 'avddio-pex': -517
 tegra124-dfll 70110000.clock: couldn't get vdd_cpu regulator
@@ -394,6 +394,7 @@
 pci 0000:01:00.0: reg 0x10: [mem 0x00000000-0x00001fff 64bit]
 pci 0000:01:00.0: PME# supported from D0 D3hot D3cold
 mmc1: new high speed SDHC card at address aaaa
+mmcblk1: mmc1:aaaa SD04G 3.69 GiB 
 PCI: bus1: Fast back to back transfers disabled
 pci_bus 0000:01: busn_res: [bus 01-ff] end is updated to 01
 pci 0000:02:00.0: [10ec:8168] type 00 class 0x020000
@@ -402,7 +403,6 @@
 pci 0000:02:00.0: reg 0x20: [mem 0x00000000-0x00003fff 64bit pref]
 pci 0000:02:00.0: supports D1 D2
 pci 0000:02:00.0: PME# supported from D0 D1 D2 D3hot D3cold
-mmcblk1: mmc1:aaaa SD04G 3.69 GiB 
  mmcblk1: p1 p2 p3
 PCI: bus2: Fast back to back transfers disabled
 pci_bus 0000:02: busn_res: [bus 02-ff] end is updated to 02
@@ -440,7 +440,7 @@
 cpufreq: cpufreq_online: CPU0: Running at unlisted freq: 696000 KHz
 cpufreq: cpufreq_online: CPU0: Unlisted initial frequency changed to: 714000 KHz
 input: gpio-keys as /devices/soc0/gpio-keys/input/input0
-as3722-rtc as3722-rtc: setting system clock to 2000-01-01 00:02:08 UTC (946684928)
+as3722-rtc as3722-rtc: setting system clock to 2000-01-01 00:00:14 UTC (946684814)
 +USB0_VBUS_SW: disabling
 +1.8V_RUN_CAM: disabling
 +2.8V_RUN_CAM: disabling
Diff for ./tegra124-jetson-tk1/tegra124-jetson-tk1/tegra_defconfig_log.txt
--- /tmp/fooa	2017-01-23 02:54:02.792168529 -0800
+++ /tmp/foob	2017-01-23 02:54:02.792168529 -0800
@@ -32,20 +32,20 @@
 	 #################################################################
 	 #################################################################
 	 ###################################################
-	 4 MiB/s
+	 3.4 MiB/s
 done
-Bytes transferred = 5507488 (5409a0 hex)
+Bytes transferred = 5507592 (540a08 hex)
 Tegra124 (Jetson TK1) # tftpboot 0x83000000 tegra124-jetson-tk1.dtb
 Using eth_rtl8169 device
 TFTP from server 192.168.100.1; our IP address is 192.168.100.102
 Filename 'tegra124-jetson-tk1.dtb'.
 Load address: 0x83000000
 Loading: *#####
-	 3.8 MiB/s
+	 3.6 MiB/s
 done
 Bytes transferred = 67133 (1063d hex)
 Tegra124 (Jetson TK1) # bootz 0x82000000 - 0x83000000
-Kernel image @ 0x82000000 [ 0x000000 - 0x5409a0 ]
+Kernel image @ 0x82000000 [ 0x000000 - 0x540a08 ]
 ## Flattened Device Tree blob at 83000000
    Booting using the fdt blob at 0x83000000
    Using Device Tree in place at 83000000, end 8301363c
@@ -54,7 +54,7 @@
 
 Uncompressing Linux... done, booting the kernel.
 Booting Linux on physical CPU 0x0
-Linux version 4.10.0-rc4-142082-g49def18 (pwalmsley@kaivo) (gcc version 4.7.3 20130328 (prerelease) (crosstool-NG linaro-1.13.1-4.7-2013.04-20130415 - Linaro GCC 2013.04) ) #1 SMP PREEMPT Mon Jan 16 02:34:32 PST 2017
+Linux version 4.10.0-rc5-142388-g7a308bb (pwalmsley@kaivo) (gcc version 4.7.3 20130328 (prerelease) (crosstool-NG linaro-1.13.1-4.7-2013.04-20130415 - Linaro GCC 2013.04) ) #1 SMP PREEMPT Mon Jan 23 02:35:40 PST 2017
 CPU: ARMv7 Processor [413fc0f3] revision 3 (ARMv7), cr=10c5387d
 CPU: div instructions available: patching division code
 CPU: PIPT / VIPT nonaliasing data cache, PIPT instruction cache
@@ -64,7 +64,7 @@
 cma: Reserved 64 MiB at 0xfbc00000
 Memory policy: Data cache writealloc
 On node 0 totalpages: 524032
-free_area_init_node: node 0, pgdat c0d5f280, node_mem_map eeff7000
+free_area_init_node: node 0, pgdat c0d5f5c0, node_mem_map eeff7000
   Normal zone: 1536 pages used for memmap
   Normal zone: 0 pages reserved
   Normal zone: 196608 pages, LIFO batch:31
@@ -77,7 +77,7 @@
 PID hash table entries: 4096 (order: 2, 16384 bytes)
 Dentry cache hash table entries: 131072 (order: 7, 524288 bytes)
 Inode-cache hash table entries: 65536 (order: 6, 262144 bytes)
-Memory: 1999836K/2096128K available (8192K kernel code, 386K rwdata, 2476K rodata, 1024K init, 369K bss, 30756K reserved, 65536K cma-reserved, 1244160K highmem)
+Memory: 1999836K/2096128K available (8192K kernel code, 387K rwdata, 2476K rodata, 1024K init, 369K bss, 30756K reserved, 65536K cma-reserved, 1244160K highmem)
 Virtual kernel memory layout:
     vector  : 0xffff0000 - 0xffff1000   (   4 kB)
     fixmap  : 0xffc00000 - 0xfff00000   (3072 kB)
@@ -87,7 +87,7 @@
     modules : 0xbf000000 - 0xbfe00000   (  14 MB)
       .text : 0xc0008000 - 0xc0900000   (9184 kB)
       .init : 0xc0c00000 - 0xc0d00000   (1024 kB)
-      .data : 0xc0d00000 - 0xc0d60940   ( 387 kB)
+      .data : 0xc0d00000 - 0xc0d60c80   ( 388 kB)
        .bss : 0xc0d62000 - 0xc0dbe7e8   ( 370 kB)
 Preemptible hierarchical RCU implementation.
 	Build-time adjustment of leaf fanout to 32.
@@ -375,8 +375,8 @@
 mmc1: SDHCI controller on 700b0400.sdhci [700b0400.sdhci] using ADMA
 tegra-pcie 1003000.pcie-controller: 2x1, 1x1 configuration
 tegra-pcie 1003000.pcie-controller: probing port 0, using 2 lanes
-ata1: SATA link down (SStatus 0 SControl 300)
 tegra-pcie 1003000.pcie-controller: Slot present pin change, signature: 00000008
+ata1: SATA link down (SStatus 0 SControl 300)
 tegra-pcie 1003000.pcie-controller: probing port 1, using 1 lanes
 tegra-pcie 1003000.pcie-controller: Slot present pin change, signature: 00000000
 tegra-pcie 1003000.pcie-controller: PCI host bridge to bus 0000:00
Diff for ./tegra124-nyan-big/tegra124-nyan-big/multi_v7_defconfig_log.txt
--- /tmp/fooa	2017-01-23 02:54:02.816168606 -0800
+++ /tmp/foob	2017-01-23 02:54:02.820168619 -0800
@@ -14,7 +14,7 @@
 Err:   serial
 Net:   Net Initialization Skipped
 No ethernet found.
-Hit any key to stop autoboot:  2  0 
+Hit any key to stop autoboot:  2  1  0 
 Tegra124 (Nyan-big) # 
 Tegra124 (Nyan-big) # usb start
 starting USB...
@@ -44,18 +44,18 @@
 	 ##################################################
 	 3.6 MiB/s
 done
-Bytes transferred = 7404048 (70fa10 hex)
+Bytes transferred = 7412960 (711ce0 hex)
 Tegra124 (Nyan-big) # tftpboot 0x83000000 tegra124-nyan-big.dtb
 Using asx0 device
 TFTP from server 192.168.100.1; our IP address is 192.168.100.102
 Filename 'tegra124-nyan-big.dtb'.
 Load address: 0x83000000
 Loading: *#####
-	 3.4 MiB/s
+	 3.2 MiB/s
 done
 Bytes transferred = 67943 (10967 hex)
 Tegra124 (Nyan-big) # bootz 0x82000000 - 0x83000000
-Kernel image @ 0x82000000 [ 0x000000 - 0x70fa10 ]
+Kernel image @ 0x82000000 [ 0x000000 - 0x711ce0 ]
 ## Flattened Device Tree blob at 83000000
    Booting using the fdt blob at 0x83000000
    Using Device Tree in place at 83000000, end 83013966
@@ -63,7 +63,7 @@
 Starting kernel ...
 
 Booting Linux on physical CPU 0x0
-Linux version 4.10.0-rc4-142082-g49def18 (pwalmsley@sellafield) (gcc version 4.7.3 20130328 (prerelease) (crosstool-NG linaro-1.13.1-4.7-2013.04-20130415 - Linaro GCC 2013.04) ) #1 SMP Mon Jan 16 02:34:38 PST 2017
+Linux version 4.10.0-rc5-142388-g7a308bb (pwalmsley@sellafield) (gcc version 4.7.3 20130328 (prerelease) (crosstool-NG linaro-1.13.1-4.7-2013.04-20130415 - Linaro GCC 2013.04) ) #1 SMP Mon Jan 23 02:35:51 PST 2017
 CPU: ARMv7 Processor [413fc0f3] revision 3 (ARMv7), cr=10c5387d
 CPU: div instructions available: patching division code
 CPU: PIPT / VIPT nonaliasing data cache, PIPT instruction cache
@@ -75,7 +75,7 @@
 cma: Reserved 64 MiB at 0xfb800000
 Memory policy: Data cache writealloc
 On node 0 totalpages: 524287
-free_area_init_node: node 0, pgdat c142b0c0, node_mem_map eeff8000
+free_area_init_node: node 0, pgdat c142b4c0, node_mem_map eeff8000
   DMA zone: 1536 pages used for memmap
   DMA zone: 0 pages reserved
   DMA zone: 196608 pages, LIFO batch:31
@@ -88,7 +88,7 @@
 PID hash table entries: 4096 (order: 2, 16384 bytes)
 Dentry cache hash table entries: 131072 (order: 7, 524288 bytes)
 Inode-cache hash table entries: 65536 (order: 6, 262144 bytes)
-Memory: 1995840K/2097148K available (9216K kernel code, 1202K rwdata, 4140K rodata, 2048K init, 472K bss, 35772K reserved, 65536K cma-reserved, 1245180K highmem)
+Memory: 1995776K/2097148K available (9216K kernel code, 1203K rwdata, 4148K rodata, 2048K init, 536K bss, 35836K reserved, 65536K cma-reserved, 1245180K highmem)
 Virtual kernel memory layout:
     vector  : 0xffff0000 - 0xffff1000   (   4 kB)
     fixmap  : 0xffc00000 - 0xfff00000   (3072 kB)
@@ -98,8 +98,8 @@
     modules : 0xbf000000 - 0xbfe00000   (  14 MB)
       .text : 0xc0208000 - 0xc0c00000   (10208 kB)
       .init : 0xc1100000 - 0xc1300000   (2048 kB)
-      .data : 0xc1300000 - 0xc142cbc0   (1203 kB)
-       .bss : 0xc142e000 - 0xc14a41d0   ( 473 kB)
+      .data : 0xc1300000 - 0xc142cfc0   (1204 kB)
+       .bss : 0xc142e000 - 0xc14b41d0   ( 537 kB)
 SLUB: HWalign=64, Order=0-3, MinObjects=0, CPUs=4, Nodes=1
 Hierarchical RCU implementation.
 	Build-time adjustment of leaf fanout to 32.
@@ -295,6 +295,8 @@
 mmc0: Unknown controller version (3). You may experience problems.
 mmc0: Invalid maximum block size, assuming 512 bytes
 mmc0: SDHCI controller on 700b0600.sdhci [700b0600.sdhci] using ADMA
+elan_i2c 1-0015: Elan Touchpad: Module ID: 0x002a, Firmware: 0x0005, Sample: 0x0007, IAP: 0x0009
+input: Elan Touchpad as /devices/soc0/7000c400.i2c/i2c-1/1-0015/input/input0
 ledtrig-cpu: registered to indicate activity on CPUs
 usbcore: registered new interface driver usbhid
 usbhid: USB HID core driver
@@ -308,9 +310,7 @@
 can: broadcast manager protocol (rev 20161123 t)
 can: netlink gateway (rev 20130117) max_hops=1
 Key type dns_resolver registered
-elan_i2c 1-0015: Elan Touchpad: Module ID: 0x002a, Firmware: 0x0005, Sample: 0x0007, IAP: 0x0009
 ThumbEE CPU extension supported.
-input: Elan Touchpad as /devices/soc0/7000c400.i2c/i2c-1/1-0015/input/input0
 Registering SWP/SWPB emulation handler
 +3.3V_RUN: supplied by +3.3V_SYS
 +3.3V_AVDD_HDMI_AP_GATED: supplied by +3.3V_RUN
@@ -323,15 +323,8 @@
 +5V_USB_SS: supplied by +5V_SYS
 +3.3V_PANEL: supplied by +3.3V_RUN
 +3.3V_LP0: supplied by +3.3V_SYS
-mmc0: new high speed MMC card at address 0001
-mmcblk0: mmc0:0001 MMC16G 14.4 GiB 
-mmcblk0boot0: mmc0:0001 MMC16G partition 1 2.00 MiB
-mmcblk0boot1: mmc0:0001 MMC16G partition 2 2.00 MiB
-mmcblk0rpmb: mmc0:0001 MMC16G partition 3 128 KiB
- mmcblk0: p1 p2 p3 p4 p5 p6 p7 p8 p9 p10 p11 p12
-+1.05V_RUN_AVDD_HDMI_PLL: supplied by +1.05V_RUN
-elan_i2c 1-0015: failed to read report data: -121
 elan_i2c 1-0015: failed to read report data: -121
++1.05V_RUN_AVDD_HDMI_PLL: supplied by +1.05V_RUN
 +5V_HDMI_CON: supplied by +5V_SYS
 usb3-0 supply vbus not found, using dummy regulator
 usb3-1 supply vbus not found, using dummy regulator
@@ -341,14 +334,20 @@
 mmc1: Unknown controller version (3). You may experience problems.
 mmc1: Invalid maximum block size, assuming 512 bytes
 mmc1: Switching to 3.3V signalling voltage failed
+mmc0: new high speed MMC card at address 0001
+mmcblk0: mmc0:0001 MMC16G 14.4 GiB 
+mmcblk0boot0: mmc0:0001 MMC16G partition 1 2.00 MiB
+mmcblk0boot1: mmc0:0001 MMC16G partition 2 2.00 MiB
+mmcblk0rpmb: mmc0:0001 MMC16G partition 3 128 KiB
+ mmcblk0: p1 p2 p3 p4 p5 p6 p7 p8 p9 p10 p11 p12
 mmc1: SDHCI controller on 700b0000.sdhci [700b0000.sdhci] using ADMA
 sdhci-tegra 700b0400.sdhci: Got CD GPIO
 sdhci-tegra 700b0400.sdhci: Got WP GPIO
 mmc2: Unknown controller version (3). You may experience problems.
 mmc2: Invalid maximum block size, assuming 512 bytes
-elan_i2c 1-0015: invalid report id data (ff)
 mmc1: new high speed SDIO card at address 0001
 mmc2: SDHCI controller on 700b0400.sdhci [700b0400.sdhci] using ADMA
+elan_i2c 1-0015: invalid report id data (ff)
 [drm] Supports vblank timestamp caching Rev 2 (21.10.2013).
 [drm] No driver support for vblank timestamp query.
 mmc2: new high speed SDHC card at address 0007
@@ -363,7 +362,7 @@
 drm drm: fb0:  frame buffer device
 [drm] Initialized tegra 0.0.0 20120330 on minor 0
 input: gpio-keys as /devices/soc0/gpio-keys/input/input1
-as3722-rtc as3722-rtc: setting system clock to 2000-01-01 00:00:23 UTC (946684823)
+as3722-rtc as3722-rtc: setting system clock to 2000-01-01 00:00:24 UTC (946684824)
 +1.8V_RUN_CAM: disabling
 +3.3V_RUN_CAM: disabling
 +1.2V_RUN_CAM_FRONT: disabling
Diff for ./tegra124-nyan-big/tegra124-nyan-big/tegra_defconfig_log.txt
--- /tmp/fooa	2017-01-23 02:54:02.828168644 -0800
+++ /tmp/foob	2017-01-23 02:54:02.828168644 -0800
@@ -14,7 +14,7 @@
 Err:   serial
 Net:   Net Initialization Skipped
 No ethernet found.
-Hit any key to stop autoboot:  2  1  0 
+Hit any key to stop autoboot:  2  0 
 Tegra124 (Nyan-big) # 
 Tegra124 (Nyan-big) # usb start
 starting USB...
@@ -40,20 +40,20 @@
 	 #################################################################
 	 #################################################################
 	 ###################################################
-	 3.5 MiB/s
+	 3.4 MiB/s
 done
-Bytes transferred = 5507488 (5409a0 hex)
+Bytes transferred = 5507592 (540a08 hex)
 Tegra124 (Nyan-big) # tftpboot 0x83000000 tegra124-nyan-big.dtb
 Using asx0 device
 TFTP from server 192.168.100.1; our IP address is 192.168.100.102
 Filename 'tegra124-nyan-big.dtb'.
 Load address: 0x83000000
 Loading: *#####
-	 3.2 MiB/s
+	 3.4 MiB/s
 done
 Bytes transferred = 67943 (10967 hex)
 Tegra124 (Nyan-big) # bootz 0x82000000 - 0x83000000
-Kernel image @ 0x82000000 [ 0x000000 - 0x5409a0 ]
+Kernel image @ 0x82000000 [ 0x000000 - 0x540a08 ]
 ## Flattened Device Tree blob at 83000000
    Booting using the fdt blob at 0x83000000
    Using Device Tree in place at 83000000, end 83013966
@@ -62,7 +62,7 @@
 
 Uncompressing Linux... done, booting the kernel.
 Booting Linux on physical CPU 0x0
-Linux version 4.10.0-rc4-142082-g49def18 (pwalmsley@kaivo) (gcc version 4.7.3 20130328 (prerelease) (crosstool-NG linaro-1.13.1-4.7-2013.04-20130415 - Linaro GCC 2013.04) ) #1 SMP PREEMPT Mon Jan 16 02:34:32 PST 2017
+Linux version 4.10.0-rc5-142388-g7a308bb (pwalmsley@kaivo) (gcc version 4.7.3 20130328 (prerelease) (crosstool-NG linaro-1.13.1-4.7-2013.04-20130415 - Linaro GCC 2013.04) ) #1 SMP PREEMPT Mon Jan 23 02:35:40 PST 2017
 CPU: ARMv7 Processor [413fc0f3] revision 3 (ARMv7), cr=10c5387d
 CPU: div instructions available: patching division code
 CPU: PIPT / VIPT nonaliasing data cache, PIPT instruction cache
@@ -73,7 +73,7 @@
 cma: Reserved 64 MiB at 0xfbc00000
 Memory policy: Data cache writealloc
 On node 0 totalpages: 524287
-free_area_init_node: node 0, pgdat c0d5f280, node_mem_map eeff7000
+free_area_init_node: node 0, pgdat c0d5f5c0, node_mem_map eeff7000
   Normal zone: 1536 pages used for memmap
   Normal zone: 0 pages reserved
   Normal zone: 196608 pages, LIFO batch:31
@@ -86,7 +86,7 @@
 PID hash table entries: 4096 (order: 2, 16384 bytes)
 Dentry cache hash table entries: 131072 (order: 7, 524288 bytes)
 Inode-cache hash table entries: 65536 (order: 6, 262144 bytes)
-Memory: 2000852K/2097148K available (8192K kernel code, 386K rwdata, 2476K rodata, 1024K init, 369K bss, 30760K reserved, 65536K cma-reserved, 1245180K highmem)
+Memory: 2000852K/2097148K available (8192K kernel code, 387K rwdata, 2476K rodata, 1024K init, 369K bss, 30760K reserved, 65536K cma-reserved, 1245180K highmem)
 Virtual kernel memory layout:
     vector  : 0xffff0000 - 0xffff1000   (   4 kB)
     fixmap  : 0xffc00000 - 0xfff00000   (3072 kB)
@@ -96,7 +96,7 @@
     modules : 0xbf000000 - 0xbfe00000   (  14 MB)
       .text : 0xc0008000 - 0xc0900000   (9184 kB)
       .init : 0xc0c00000 - 0xc0d00000   (1024 kB)
-      .data : 0xc0d00000 - 0xc0d60940   ( 387 kB)
+      .data : 0xc0d00000 - 0xc0d60c80   ( 388 kB)
        .bss : 0xc0d62000 - 0xc0dbe7e8   ( 370 kB)
 Preemptible hierarchical RCU implementation.
 	Build-time adjustment of leaf fanout to 32.
@@ -235,6 +235,7 @@
 as3722-ldo10: supplied by +5V_SYS
 +2.8V_RUN_CAM_AF: Bringing 0uV into 2800000-2800000uV
 +1.8V_RUN_VPP_FUSE: Bringing 0uV into 1800000-1800000uV
+cros-ec-spi spi32766.0: packet too long (249 bytes, expected 4)
 cros-ec-spi spi32766.0: Chrome EC device registered
 random: fast init done
 m25p80 spi32765.0: w25q32dw (4096 Kbytes)
@@ -286,50 +287,50 @@
 tegra30-i2s 70301100.i2s: DMA channels sourced from device 70300000.ahub
 BUG: scheduling while atomic: kworker/0:1/37/0x00000002
 Modules linked in:
-CPU: 0 PID: 37 Comm: kworker/0:1 Not tainted 4.10.0-rc4-142082-g49def18 #1
+CPU: 0 PID: 37 Comm: kworker/0:1 Not tainted 4.10.0-rc5-142388-g7a308bb #1
 Hardware name: NVIDIA Tegra SoC (Flattened Device Tree)
 Workqueue: events_freezable mmc_rescan
-[<c010f308>] (unwind_backtrace) from [<c010a900>] (show_stack+0x10/0x14)
-[<c010a900>] (show_stack) from [<c034ddbc>] (dump_stack+0x84/0xa4)
-[<c034ddbc>] (dump_stack) from [<c01b4c30>] (__schedule_bug+0x60/0x80)
-[<c01b4c30>] (__schedule_bug) from [<c08294b8>] (__schedule+0x528/0x60c)
-[<c08294b8>] (__schedule) from [<c082976c>] (schedule+0x50/0xc0)
-[<c082976c>] (schedule) from [<c08299c8>] (schedule_preempt_disabled+0x24/0x40)
-[<c08299c8>] (schedule_preempt_disabled) from [<c082d930>] (__mutex_lock_slowpath+0x400/0x6f0)
-[<c082d930>] (__mutex_lock_slowpath) from [<c03c5bcc>] (clk_prepare_lock+0x3c/0xe4)
-[<c03c5bcc>] (clk_prepare_lock) from [<c03c80d4>] (clk_set_rate+0x14/0x30)
-[<c03c80d4>] (clk_set_rate) from [<c05de720>] (tegra_sdhci_set_clock+0x28/0xdc)
-[<c05de720>] (tegra_sdhci_set_clock) from [<c05dd88c>] (sdhci_set_ios+0x2d8/0x584)
-[<c05dd88c>] (sdhci_set_ios) from [<c05c7c74>] (mmc_set_bus_mode+0x18/0x1c)
-[<c05c7c74>] (mmc_set_bus_mode) from [<c05cab78>] (mmc_init_card+0xb4/0x1824)
-[<c05cab78>] (mmc_init_card) from [<c05cc65c>] (mmc_attach_mmc+0x8c/0x14c)
-[<c05cc65c>] (mmc_attach_mmc) from [<c05c8be0>] (mmc_rescan+0x274/0x34c)
-[<c05c8be0>] (mmc_rescan) from [<c0134c34>] (process_one_work+0x120/0x31c)
-[<c0134c34>] (process_one_work) from [<c0134e94>] (worker_thread+0x2c/0x4b4)
-[<c0134e94>] (worker_thread) from [<c013a3a0>] (kthread+0xfc/0x134)
-[<c013a3a0>] (kthread) from [<c0107938>] (ret_from_fork+0x14/0x3c)
+[<c010f358>] (unwind_backtrace) from [<c010a900>] (show_stack+0x10/0x14)
+[<c010a900>] (show_stack) from [<c034df7c>] (dump_stack+0x84/0xa4)
+[<c034df7c>] (dump_stack) from [<c01b4d9c>] (__schedule_bug+0x60/0x80)
+[<c01b4d9c>] (__schedule_bug) from [<c0829778>] (__schedule+0x528/0x60c)
+[<c0829778>] (__schedule) from [<c0829a2c>] (schedule+0x50/0xc0)
+[<c0829a2c>] (schedule) from [<c0829c88>] (schedule_preempt_disabled+0x24/0x40)
+[<c0829c88>] (schedule_preempt_disabled) from [<c082dbf0>] (__mutex_lock_slowpath+0x400/0x6f0)
+[<c082dbf0>] (__mutex_lock_slowpath) from [<c03c5d8c>] (clk_prepare_lock+0x3c/0xe4)
+[<c03c5d8c>] (clk_prepare_lock) from [<c03c8294>] (clk_set_rate+0x14/0x30)
+[<c03c8294>] (clk_set_rate) from [<c05de8a8>] (tegra_sdhci_set_clock+0x28/0xdc)
+[<c05de8a8>] (tegra_sdhci_set_clock) from [<c05dda14>] (sdhci_set_ios+0x2d8/0x584)
+[<c05dda14>] (sdhci_set_ios) from [<c05c7e34>] (mmc_set_bus_mode+0x18/0x1c)
+[<c05c7e34>] (mmc_set_bus_mode) from [<c05cad38>] (mmc_init_card+0xb4/0x1824)
+[<c05cad38>] (mmc_init_card) from [<c05cc81c>] (mmc_attach_mmc+0x8c/0x14c)
+[<c05cc81c>] (mmc_attach_mmc) from [<c05c8da0>] (mmc_rescan+0x274/0x34c)
+[<c05c8da0>] (mmc_rescan) from [<c0134cb0>] (process_one_work+0x120/0x31c)
+[<c0134cb0>] (process_one_work) from [<c0134f10>] (worker_thread+0x2c/0x4b4)
+[<c0134f10>] (worker_thread) from [<c013a41c>] (kthread+0xfc/0x134)
+[<c013a41c>] (kthread) from [<c0107938>] (ret_from_fork+0x14/0x3c)
 BUG: scheduling while atomic: kworker/0:1/37/0x00000000
 Modules linked in:
-CPU: 0 PID: 37 Comm: kworker/0:1 Tainted: G        W       4.10.0-rc4-142082-g49def18 #1
+CPU: 0 PID: 37 Comm: kworker/0:1 Tainted: G        W       4.10.0-rc5-142388-g7a308bb #1
 Hardware name: NVIDIA Tegra SoC (Flattened Device Tree)
 Workqueue: events_freezable mmc_rescan
-[<c010f308>] (unwind_backtrace) from [<c010a900>] (show_stack+0x10/0x14)
-[<c010a900>] (show_stack) from [<c034ddbc>] (dump_stack+0x84/0xa4)
-[<c034ddbc>] (dump_stack) from [<c01b4c30>] (__schedule_bug+0x60/0x80)
-[<c01b4c30>] (__schedule_bug) from [<c08294b8>] (__schedule+0x528/0x60c)
-[<c08294b8>] (__schedule) from [<c082976c>] (schedule+0x50/0xc0)
-[<c082976c>] (schedule) from [<c082f304>] (schedule_timeout+0x1c0/0x2e4)
-[<c082f304>] (schedule_timeout) from [<c082a0b8>] (wait_for_common+0xbc/0x148)
-[<c082a0b8>] (wait_for_common) from [<c05c67a4>] (mmc_wait_for_req_done+0x7c/0x104)
-[<c05c67a4>] (mmc_wait_for_req_done) from [<c05c6968>] (mmc_wait_for_cmd+0x58/0x78)
-[<c05c6968>] (mmc_wait_for_cmd) from [<c05cd02c>] (mmc_go_idle+0x78/0xec)
-[<c05cd02c>] (mmc_go_idle) from [<c05caaf8>] (mmc_init_card+0x34/0x1824)
-[<c05caaf8>] (mmc_init_card) from [<c05cc65c>] (mmc_attach_mmc+0x8c/0x14c)
-[<c05cc65c>] (mmc_attach_mmc) from [<c05c8be0>] (mmc_rescan+0x274/0x34c)
-[<c05c8be0>] (mmc_rescan) from [<c0134c34>] (process_one_work+0x120/0x31c)
-[<c0134c34>] (process_one_work) from [<c0134e94>] (worker_thread+0x2c/0x4b4)
-[<c0134e94>] (worker_thread) from [<c013a3a0>] (kthread+0xfc/0x134)
-[<c013a3a0>] (kthread) from [<c0107938>] (ret_from_fork+0x14/0x3c)
+[<c010f358>] (unwind_backtrace) from [<c010a900>] (show_stack+0x10/0x14)
+[<c010a900>] (show_stack) from [<c034df7c>] (dump_stack+0x84/0xa4)
+[<c034df7c>] (dump_stack) from [<c01b4d9c>] (__schedule_bug+0x60/0x80)
+[<c01b4d9c>] (__schedule_bug) from [<c0829778>] (__schedule+0x528/0x60c)
+[<c0829778>] (__schedule) from [<c0829a2c>] (schedule+0x50/0xc0)
+[<c0829a2c>] (schedule) from [<c082f5c4>] (schedule_timeout+0x1c0/0x2e4)
+[<c082f5c4>] (schedule_timeout) from [<c082a378>] (wait_for_common+0xbc/0x148)
+[<c082a378>] (wait_for_common) from [<c05c6964>] (mmc_wait_for_req_done+0x7c/0x104)
+[<c05c6964>] (mmc_wait_for_req_done) from [<c05c6b28>] (mmc_wait_for_cmd+0x58/0x78)
+[<c05c6b28>] (mmc_wait_for_cmd) from [<c05cd1ec>] (mmc_go_idle+0x78/0xec)
+[<c05cd1ec>] (mmc_go_idle) from [<c05cacb8>] (mmc_init_card+0x34/0x1824)
+[<c05cacb8>] (mmc_init_card) from [<c05cc81c>] (mmc_attach_mmc+0x8c/0x14c)
+[<c05cc81c>] (mmc_attach_mmc) from [<c05c8da0>] (mmc_rescan+0x274/0x34c)
+[<c05c8da0>] (mmc_rescan) from [<c0134cb0>] (process_one_work+0x120/0x31c)
+[<c0134cb0>] (process_one_work) from [<c0134f10>] (worker_thread+0x2c/0x4b4)
+[<c0134f10>] (worker_thread) from [<c013a41c>] (kthread+0xfc/0x134)
+[<c013a41c>] (kthread) from [<c0107938>] (ret_from_fork+0x14/0x3c)
 max98090 0-0010: MAX98090 REVID=0x43
 max98090 0-0010: use default 2.8v micbias
 tegra-snd-max98090 sound: HiFi <-> 70301100.i2s mapping ok
@@ -416,7 +417,7 @@
 drm drm: fb0:  frame buffer device
 [drm] Initialized tegra 0.0.0 20120330 on minor 0
 input: gpio-keys as /devices/soc0/gpio-keys/input/input4
-as3722-rtc as3722-rtc: setting system clock to 2000-01-01 00:00:23 UTC (946684823)
+as3722-rtc as3722-rtc: setting system clock to 2000-01-01 00:00:22 UTC (946684822)
 +1.8V_RUN_CAM: disabling
 +1.2V_RUN_CAM_FRONT: disabling
 +1.05V_RUN_CAM_REAR: disabling
@@ -428,13 +429,13 @@
   #0: tegra-hda at 0x70038000 irq 343
   #1: GoogleNyanBig
 EXT4-fs (mmcblk0p3): couldn't mount as ext3 due to feature incompatibilities
+uvcvideo: Found UVC 1.00 device HD WebCam (1bcf:2c67)
+input: HD WebCam as /devices/soc0/70090000.usb/usb1/1-2/1-2:1.0/input/input5
 EXT4-fs (mmcblk0p3): recovery complete
 EXT4-fs (mmcblk0p3): mounted filesystem with ordered data mode. Opts: (null)
-uvcvideo: Found UVC 1.00 device HD WebCam (1bcf:2c67)
 VFS: Mounted root (ext4 filesystem) on device 179:3.
 devtmpfs: mounted
 Freeing unused kernel memory: 1024K
-input: HD WebCam as /devices/soc0/70090000.usb/usb1/1-2/1-2:1.0/input/input5
 bash: cannot set terminal process group (-1): Inappropriate ioctl for device
 bash: no job control in this shell
-root@(none):/# [    3.247467] usb 1-3: new high-speed USB device number 3 using tegra-xusb
+root@(none):/# 
\ No newline at end of file
Diff for ./tegra132-norrin/tegra132-norrin/defconfig_log.txt
--- /tmp/fooa	2017-01-23 02:54:02.852168721 -0800
+++ /tmp/foob	2017-01-23 02:54:02.852168721 -0800
@@ -1,6 +1,3 @@
-Rebooting device after flashing.
-TegraBoot Init
-Processing in cold boot mode
 NVRM Initialized shmoo database
 NVRM CLOCKS: PLLX0:      0 Khz
 NVRM CLOCKS: PLLM0:      792000 Khz
@@ -31,7 +28,7 @@
 MSENC clock is set to  79200 KHz
 Vde clock is set to 204000 KHz
 
-Bootloader-Cpu Init at (time stamp): 1800645 us
+Bootloader-Cpu Init at (time stamp): 1800656 us
 
 Pinmux changes applied in kernel way
 
@@ -59,23 +56,23 @@
 The proc BoardInfo: 0x0176:0x0001:0x01:0x43:0x00
 FastbootAddAtag: setting ATAG (0)
 
-Board Id Read Time: 3 us
+Board Id Read Time: 4 us
 Power Rail enable Time: 1 us
 
-Miscellaneous avp time: 1800619  us
-Bootloader (AosInit) time: 733430 us
-Bootloader Main Init time: 180285 us
-BlockDevMgrInit time: 157523 us
+Miscellaneous avp time: 1800629  us
+Bootloader (AosInit) time: 733428 us
+Bootloader Main Init time: 180273 us
+BlockDevMgrInit time: 157488 us
 PartMgrInit time: 8 us
-StorMgrInit time: 31 us
+StorMgrInit time: 30 us
 FsMgrInit time: 2 us
-Partition Table load: 77133 us 
-Display init time: 574360 us
-Kernel read time: 378 msec
+Partition Table load: 77138 us 
+Display init time: 574499 us
+Kernel read time: 379 msec
 Load Kernel Size:   16304128 Bytes
-Bl Kernel ReadSpeed: 43132000 Bytes/sec
-Pre-Kernel Jump time: 1740219 us
-Clearing 32 Bit State and Warm resetting to 64bit mode: 5844303 us
+Bl Kernel ReadSpeed: 43018000 Bytes/sec
+Pre-Kernel Jump time: 1739974 us
+Clearing 32 Bit State and Warm resetting to 64bit mode: 5842909 us
 Booting Linux on physical CPU 0x0
 Linux version 4.8.0-239303-g3477d16 (pwalmsley@tamien) (gcc version 4.9.2 20140904 (prerelease) (crosstool-NG linaro-1.13.1-4.9-2014.09 - Linaro GCC 4.9-2014.09) ) #1 SMP PREEMPT Fri Oct 7 01:12:37 PDT 2016
 Boot CPU: AArch64 Processor [4e0f0000]
@@ -184,7 +181,7 @@
 kvm [1]: HYP mode not available
 futex hash table entries: 256 (order: 3, 32768 bytes)
 audit: initializing netlink subsys (disabled)
-audit: type=2000 audit(1.155:1): initialized
+audit: type=2000 audit(1.175:1): initialized
 workingset: timestamp_bits=46 max_order=19 bucket_order=0
 squashfs: version 4.0 (2009/01/31) Phillip Lougher
 NFS: Registering the id_resolver key type
Diff for ./tegra20-trimslice/tegra20-trimslice/multi_v7_defconfig_log.txt
--- /tmp/fooa	2017-01-23 02:54:02.872168785 -0800
+++ /tmp/foob	2017-01-23 02:54:02.872168785 -0800
@@ -47,9 +47,9 @@
 	 #################################################################
 	 #################################################################
 	 ##################################################
-	 3.9 MiB/s
+	 4 MiB/s
 done
-Bytes transferred = 7404048 (70fa10 hex)
+Bytes transferred = 7412960 (711ce0 hex)
 Tegra20 (TrimSlice) # tftpboot 0x02408000 tegra20-trimslice.dtb
 Using RTL8169#0 device
 TFTP from server 192.168.100.1; our IP address is 192.168.100.103
@@ -60,7 +60,7 @@
 done
 Bytes transferred = 21404 (539c hex)
 Tegra20 (TrimSlice) # bootz 0x00408000 - 0x02408000
-Kernel image @ 0x408000 [ 0x000000 - 0x70fa10 ]
+Kernel image @ 0x408000 [ 0x000000 - 0x711ce0 ]
 ## Flattened Device Tree blob at 02408000
    Booting using the fdt blob at 0x2408000
    Using Device Tree in place at 02408000, end 0241039b
@@ -68,7 +68,7 @@
 Starting kernel ...
 
 Booting Linux on physical CPU 0x0
-Linux version 4.10.0-rc4-142082-g49def18 (pwalmsley@sellafield) (gcc version 4.7.3 20130328 (prerelease) (crosstool-NG linaro-1.13.1-4.7-2013.04-20130415 - Linaro GCC 2013.04) ) #1 SMP Mon Jan 16 02:34:38 PST 2017
+Linux version 4.10.0-rc5-142388-g7a308bb (pwalmsley@sellafield) (gcc version 4.7.3 20130328 (prerelease) (crosstool-NG linaro-1.13.1-4.7-2013.04-20130415 - Linaro GCC 2013.04) ) #1 SMP Mon Jan 23 02:35:51 PST 2017
 CPU: ARMv7 Processor [411fc090] revision 0 (ARMv7), cr=10c5387d
 CPU: PIPT / VIPT nonaliasing data cache, VIPT aliasing instruction cache
 OF: fdt:Machine model: Compulab TrimSlice board
@@ -78,7 +78,7 @@
 cma: Reserved 64 MiB at 0x3c000000
 Memory policy: Data cache writealloc
 On node 0 totalpages: 262144
-free_area_init_node: node 0, pgdat c142b0c0, node_mem_map ef7f8000
+free_area_init_node: node 0, pgdat c142b4c0, node_mem_map ef7f8000
   DMA zone: 1536 pages used for memmap
   DMA zone: 0 pages reserved
   DMA zone: 196608 pages, LIFO batch:31
@@ -91,7 +91,7 @@
 PID hash table entries: 4096 (order: 2, 16384 bytes)
 Dentry cache hash table entries: 131072 (order: 7, 524288 bytes)
 Inode-cache hash table entries: 65536 (order: 6, 262144 bytes)
-Memory: 955748K/1048576K available (9216K kernel code, 1202K rwdata, 4140K rodata, 2048K init, 472K bss, 27292K reserved, 65536K cma-reserved, 196608K highmem)
+Memory: 955684K/1048576K available (9216K kernel code, 1203K rwdata, 4148K rodata, 2048K init, 536K bss, 27356K reserved, 65536K cma-reserved, 196608K highmem)
 Virtual kernel memory layout:
     vector  : 0xffff0000 - 0xffff1000   (   4 kB)
     fixmap  : 0xffc00000 - 0xfff00000   (3072 kB)
@@ -101,8 +101,8 @@
     modules : 0xbf000000 - 0xbfe00000   (  14 MB)
       .text : 0xc0208000 - 0xc0c00000   (10208 kB)
       .init : 0xc1100000 - 0xc1300000   (2048 kB)
-      .data : 0xc1300000 - 0xc142cbc0   (1203 kB)
-       .bss : 0xc142e000 - 0xc14a41d0   ( 473 kB)
+      .data : 0xc1300000 - 0xc142cfc0   (1204 kB)
+       .bss : 0xc142e000 - 0xc14b41d0   ( 537 kB)
 SLUB: HWalign=64, Order=0-3, MinObjects=0, CPUs=2, Nodes=1
 Hierarchical RCU implementation.
 	Build-time adjustment of leaf fanout to 32.
@@ -343,7 +343,7 @@
 hub 2-0:1.0: USB hub found
 hub 2-0:1.0: 1 port detected
 input: gpio-keys as /devices/soc0/gpio-keys/input/input0
-rtc-em3027 2-0056: setting system clock to 2015-02-06 04:07:27 UTC (1423195647)
+rtc-em3027 2-0056: setting system clock to 2015-02-06 04:25:40 UTC (1423196740)
 EXT4-fs (mmcblk0p1): mounting ext3 file system using the ext4 subsystem
 mmc1: new high speed SD card at address b368
 mmcblk1: mmc1:b368 NCard 1.83 GiB (ro)
Diff for ./tegra20-trimslice/tegra20-trimslice/tegra_defconfig_log.txt
--- /tmp/fooa	2017-01-23 02:54:02.884168825 -0800
+++ /tmp/foob	2017-01-23 02:54:02.884168825 -0800
@@ -45,20 +45,20 @@
 	 #################################################################
 	 #################################################################
 	 ###################################################
-	 4.1 MiB/s
+	 3.6 MiB/s
 done
-Bytes transferred = 5507488 (5409a0 hex)
+Bytes transferred = 5507592 (540a08 hex)
 Tegra20 (TrimSlice) # tftpboot 0x02408000 tegra20-trimslice.dtb
 Using RTL8169#0 device
 TFTP from server 192.168.100.1; our IP address is 192.168.100.103
 Filename 'tegra20-trimslice.dtb'.
 Load address: 0x2408000
 Loading: *##
-	 3.4 MiB/s
+	 2.9 MiB/s
 done
 Bytes transferred = 21404 (539c hex)
 Tegra20 (TrimSlice) # bootz 0x00408000 - 0x02408000
-Kernel image @ 0x408000 [ 0x000000 - 0x5409a0 ]
+Kernel image @ 0x408000 [ 0x000000 - 0x540a08 ]
 ## Flattened Device Tree blob at 02408000
    Booting using the fdt blob at 0x2408000
    Using Device Tree in place at 02408000, end 0241039b
@@ -67,7 +67,7 @@
 
 Uncompressing Linux... done, booting the kernel.
 Booting Linux on physical CPU 0x0
-Linux version 4.10.0-rc4-142082-g49def18 (pwalmsley@kaivo) (gcc version 4.7.3 20130328 (prerelease) (crosstool-NG linaro-1.13.1-4.7-2013.04-20130415 - Linaro GCC 2013.04) ) #1 SMP PREEMPT Mon Jan 16 02:34:32 PST 2017
+Linux version 4.10.0-rc5-142388-g7a308bb (pwalmsley@kaivo) (gcc version 4.7.3 20130328 (prerelease) (crosstool-NG linaro-1.13.1-4.7-2013.04-20130415 - Linaro GCC 2013.04) ) #1 SMP PREEMPT Mon Jan 23 02:35:40 PST 2017
 CPU: ARMv7 Processor [411fc090] revision 0 (ARMv7), cr=10c5387d
 CPU: PIPT / VIPT nonaliasing data cache, VIPT aliasing instruction cache
 OF: fdt:Machine model: Compulab TrimSlice board
@@ -76,7 +76,7 @@
 cma: Reserved 64 MiB at 0x3c000000
 Memory policy: Data cache writealloc
 On node 0 totalpages: 262144
-free_area_init_node: node 0, pgdat c0d5f280, node_mem_map ef7f7000
+free_area_init_node: node 0, pgdat c0d5f5c0, node_mem_map ef7f7000
   Normal zone: 1536 pages used for memmap
   Normal zone: 0 pages reserved
   Normal zone: 196608 pages, LIFO batch:31
@@ -89,7 +89,7 @@
 PID hash table entries: 4096 (order: 2, 16384 bytes)
 Dentry cache hash table entries: 131072 (order: 7, 524288 bytes)
 Inode-cache hash table entries: 65536 (order: 6, 262144 bytes)
-Memory: 960760K/1048576K available (8192K kernel code, 386K rwdata, 2476K rodata, 1024K init, 369K bss, 22280K reserved, 65536K cma-reserved, 196608K highmem)
+Memory: 960760K/1048576K available (8192K kernel code, 387K rwdata, 2476K rodata, 1024K init, 369K bss, 22280K reserved, 65536K cma-reserved, 196608K highmem)
 Virtual kernel memory layout:
     vector  : 0xffff0000 - 0xffff1000   (   4 kB)
     fixmap  : 0xffc00000 - 0xfff00000   (3072 kB)
@@ -99,7 +99,7 @@
     modules : 0xbf000000 - 0xbfe00000   (  14 MB)
       .text : 0xc0008000 - 0xc0900000   (9184 kB)
       .init : 0xc0c00000 - 0xc0d00000   (1024 kB)
-      .data : 0xc0d00000 - 0xc0d60940   ( 387 kB)
+      .data : 0xc0d00000 - 0xc0d60c80   ( 388 kB)
        .bss : 0xc0d62000 - 0xc0dbe7e8   ( 370 kB)
 Preemptible hierarchical RCU implementation.
 	Build-time adjustment of leaf fanout to 32.
@@ -310,16 +310,16 @@
 tlv320aic23-codec 2-001a: ASoC: no dapm match for RLINEIN --> NULL --> Line Input
 tlv320aic23-codec 2-001a: ASoC: Failed to add route RLINEIN -> NULL -> Line Input
 tlv320aic23-codec 2-001a: Control not supported for path MICIN -> [NULL] -> Mic Input
-tlv320aic23-codec 2-001a: ASoC: no dapm match for MICIN --> NULL --> Mic Input
-tlv320aic23-codec 2-001a: ASoC: Failed to add route MICIN -> NULL -> Mic Input
-tegra-snd-trimslice sound: tlv320aic23-hifi <-> 70002800.i2s mapping ok
-NET: Registered protocol family 10
 mmc0: host does not support reading read-only switch, assuming write-enable
 mmc0: new high speed SDHC card at address b368
-usb 1-1: new high-speed USB device number 2 using tegra-ehci
 mmcblk0: mmc0:b368 NCard 3.70 GiB 
  mmcblk0: p1
+tlv320aic23-codec 2-001a: ASoC: no dapm match for MICIN --> NULL --> Mic Input
+tlv320aic23-codec 2-001a: ASoC: Failed to add route MICIN -> NULL -> Mic Input
+tegra-snd-trimslice sound: tlv320aic23-hifi <-> 70002800.i2s mapping ok
+usb 1-1: new high-speed USB device number 2 using tegra-ehci
 mmc1: new high speed SD card at address b368
+NET: Registered protocol family 10
 mmcblk1: mmc1:b368 NCard 1.83 GiB (ro)
  mmcblk1: p1 p2
 Segment Routing with IPv6
@@ -350,7 +350,7 @@
 hub 2-0:1.0: USB hub found
 hub 2-0:1.0: 1 port detected
 input: gpio-keys as /devices/soc0/gpio-keys/input/input0
-rtc-em3027 2-0056: setting system clock to 2015-02-06 04:05:56 UTC (1423195556)
+rtc-em3027 2-0056: setting system clock to 2015-02-06 04:24:07 UTC (1423196647)
 ALSA device list:
   #0: tegra-trimslice
 EXT4-fs (mmcblk0p1): mounting ext3 file system using the ext4 subsystem
Diff for ./tegra210-p2371-0000/tegra210-p2371-0000/defconfig_log.txt
--- /tmp/fooa	2017-01-23 02:54:02.904168888 -0800
+++ /tmp/foob	2017-01-23 02:54:02.904168888 -0800
@@ -1,7 +1,7 @@
 [TegraBoot] (version 23.00.2015.14-mobile-1ef66670)
 Processing in cold boot mode Bootloader 2
 A01Q Bootrom Patch rev = 3
-Power-up reason: on button
+Power-up reason: pmu watchdog
 No Battery Present
 Platform has Ddr4 type ram
 max77620 disabling SD1 Remote Sense
@@ -64,17 +64,17 @@
 Loading and Validation of Secure OS Successful
 NvTbootPackSdramParams: start. 
 NvTbootPackSdramParams: done. 
-Tegraboot started after 758186 us
-Basic modules init took 348424 us
+Tegraboot started after 801365 us
+Basic modules init took 348645 us
 Sec Bootdevice Read Time = 202 ms, Read Size = 8459 KB
-Next stage binary read took 14360 us
-Carveout took 252714 us
-CPU initialization took 92310 us
-Total time taken by TegraBoot 707808 us
+Next stage binary read took 14371 us
+Carveout took 252722 us
+CPU initialization took 92306 us
+Total time taken by TegraBoot 708044 us
 
 Starting CPU & Halting co-processor 
 
-64b[0001.596] LPDDR4 Training: Number of tables = 10
+64b[0001.639] LPDDR4 Training: Number of tables = 10
 EMC Training (SRC-freq: 204000; DST-freq: 408000)
 EMC Training Successful
 EMC Training (SRC-freq: 204000; DST-freq: 665600)
@@ -108,7 +108,7 @@
 Tegra210 (P2371-0000) # 
 Tegra210 (P2371-0000) # ums 0 mmc 0
 UMS: disk start sector: 0x0, count: 0x1d5a000
-|/-\|/-\/-\|/-\/-\|/-\/-\|/-\/-\|/-\/-\|/-\/-\|/-\/-\|/-\/-\CTRL+C - Operation aborted
+|/-\|/-\/-\|/-\/-\|/-\/-\|/-\/-\|/-\/-\|/-\/-\|/-\/-\|/-\/-\|/-\/-\|/-\/-\|/-\/-\|/-\CTRL+C - Operation aborted
 Tegra210 (P2371-0000) # 
 Tegra210 (P2371-0000) # env set fdt_copy_node_names /cpus:/psci
 Tegra210 (P2371-0000) # setenv rootpart 1
@@ -117,11 +117,11 @@
 Tegra210 (P2371-0000) # part uuid ${devtype} ${devnum}:${rootpart} uuid
 Tegra210 (P2371-0000) # setenv bootargs ignore_loglevel console=ttyS0,115200n8 earlycon=uart8250,mmio32,0x70006000 rw root=PARTUUID=00000000-0001-0000-788f-a75600000000 rootwait debug earlyprintk init=/bin/bash
 Tegra210 (P2371-0000) # load ${devtype} ${devnum}:${rootpart} ${kernel_addr_r} /boot/Image.defconfig
-14991872 bytes read in 794 ms (18 MiB/s)
+14993920 bytes read in 796 ms (18 MiB/s)
 Tegra210 (P2371-0000) # load ${devtype} ${devnum}:${rootpart} ${fdt_addr_r} /boot/tegra210-p2371-0000.dtb
-44882 bytes read in 454 ms (95.7 KiB/s)
+44882 bytes read in 461 ms (94.7 KiB/s)
 Tegra210 (P2371-0000) # load ${devtype} ${devnum}:${rootpart} ${ramdisk_addr_r} /boot/tegra-ramdisk.img
-1627787 bytes read in 503 ms (3.1 MiB/s)
+1627787 bytes read in 495 ms (3.1 MiB/s)
 Tegra210 (P2371-0000) # ramdisk_size=${filesize}
 Tegra210 (P2371-0000) # booti ${kernel_addr_r} - ${fdt_addr_r}
 ## Flattened Device Tree blob at 82000000
@@ -131,7 +131,7 @@
 Starting kernel ...
 
 Booting Linux on physical CPU 0x0
-Linux version 4.10.0-rc4-166515-g49def18 (pwalmsley@tamien) (gcc version 4.9.2 20140904 (prerelease) (crosstool-NG linaro-1.13.1-4.9-2014.09 - Linaro GCC 4.9-2014.09) ) #1 SMP PREEMPT Mon Jan 16 02:38:55 PST 2017
+Linux version 4.10.0-rc5-142388-g7a308bb (pwalmsley@sellafield) (gcc version 4.9.2 20140904 (prerelease) (crosstool-NG linaro-1.13.1-4.9-2014.09 - Linaro GCC 4.9-2014.09) ) #1 SMP PREEMPT Mon Jan 23 02:38:30 PST 2017
 Boot CPU: AArch64 Processor [411fd071]
 debug: ignoring loglevel setting.
 earlycon: uart8250 at MMIO32 0x0000000070006000 (options '')
@@ -161,15 +161,15 @@
 Dentry cache hash table entries: 524288 (order: 10, 4194304 bytes)
 Inode-cache hash table entries: 262144 (order: 9, 2097152 bytes)
 software IO TLB [mem 0xfa000000-0xfe000000] (64MB) mapped at [ffff80007a000000-ffff80007dffffff]
-Memory: 2977948K/3131392K available (8508K kernel code, 944K rwdata, 4108K rodata, 1024K init, 395K bss, 137060K reserved, 16384K cma-reserved)
+Memory: 2977948K/3131392K available (8508K kernel code, 946K rwdata, 4108K rodata, 1024K init, 393K bss, 137060K reserved, 16384K cma-reserved)
 Virtual kernel memory layout:
     modules : 0xffff000000000000 - 0xffff000008000000   (   128 MB)
     vmalloc : 0xffff000008000000 - 0xffff7dffbfff0000   (129022 GB)
       .text : 0xffff000008080000 - 0xffff0000088d0000   (  8512 KB)
     .rodata : 0xffff0000088d0000 - 0xffff000008ce0000   (  4160 KB)
       .init : 0xffff000008ce0000 - 0xffff000008de0000   (  1024 KB)
-      .data : 0xffff000008de0000 - 0xffff000008ecc200   (   945 KB)
-       .bss : 0xffff000008ecc200 - 0xffff000008f2ee50   (   396 KB)
+      .data : 0xffff000008de0000 - 0xffff000008ecca00   (   947 KB)
+       .bss : 0xffff000008ecca00 - 0xffff000008f2ee50   (   394 KB)
     fixed   : 0xffff7dfffe7fd000 - 0xffff7dfffec00000   (  4108 KB)
     PCI I/O : 0xffff7dfffee00000 - 0xffff7dffffe00000   (    16 MB)
     vmemmap : 0xffff7e0000000000 - 0xffff800000000000   (  2048 GB maximum)
@@ -342,6 +342,6 @@
 devtmpfs: mounted
 Freeing unused kernel memory: 1024K
 bash: cannot set terminal process group (-1): Inappropriate ioctl for device
-bash: no job contr[    1.348701] random: fast init done
+bash: no job contr[    1.350193] random: fast init done
 ol in this shell
 root@(none):/# 
\ No newline at end of file
Diff for ./tegra210-smaug/tegra210-smaug/defconfig_log.txt
--- /tmp/fooa	2017-01-23 02:54:02.928168965 -0800
+++ /tmp/foob	2017-01-23 02:54:02.928168965 -0800
@@ -1,5 +1,4 @@
-15200n8')
-bootconsole [uart0] enabled
+	2dL000000] bootconsole [uart0] enabled
 psci: probing for conduit method from DT.
 psci: PSCIv1.0 detected in firmware.
 psci: Using standard PSCI v0.2 function IDs
@@ -14,15 +13,15 @@
 Dentry cache hash table entries: 524288 (order: 10, 4194304 bytes)
 Inode-cache hash table entries: 262144 (order: 9, 2097152 bytes)
 software IO TLB [mem 0xf1400000-0xf5400000] (64MB) mapped at [ffff800071400000-ffff8000753fffff]
-Memory: 2832136K/2988032K available (8508K kernel code, 944K rwdata, 4108K rodata, 1024K init, 395K bss, 139512K reserved, 16384K cma-reserved)
+Memory: 2832132K/2988032K available (8508K kernel code, 946K rwdata, 4108K rodata, 1024K init, 393K bss, 139516K reserved, 16384K cma-reserved)
 Virtual kernel memory layout:
     modules : 0xffff000000000000 - 0xffff000008000000   (   128 MB)
     vmalloc : 0xffff000008000000 - 0xffff7dffbfff0000   (129022 GB)
       .text : 0xffff000008080000 - 0xffff0000088d0000   (  8512 KB)
     .rodata : 0xffff0000088d0000 - 0xffff000008ce0000   (  4160 KB)
       .init : 0xffff000008ce0000 - 0xffff000008de0000   (  1024 KB)
-      .data : 0xffff000008de0000 - 0xffff000008ecc200   (   945 KB)
-       .bss : 0xffff000008ecc200 - 0xffff000008f2ee50   (   396 KB)
+      .data : 0xffff000008de0000 - 0xffff000008ecca00   (   947 KB)
+       .bss : 0xffff000008ecca00 - 0xffff000008f2ee50   (   394 KB)
     fixed   : 0xffff7dfffe7fd000 - 0xffff7dfffec00000   (  4108 KB)
     PCI I/O : 0xffff7dfffee00000 - 0xffff7dffffe00000   (    16 MB)
     vmemmap : 0xffff7e0000000000 - 0xffff800000000000   (  2048 GB maximum)
@@ -51,7 +50,7 @@
  (comparison mask = 0xf8000000)
 boot misc2 0x0: expected 0xf400f0da
  (comparison mask = 0xffffffff)
-boot misc3 0x3600: expected 0x2004f400
+boot misc3 0x3648: expected 0x2004f400
  (comparison mask = 0xffffffff)
 PLL_P already enabled. Postponing set full defaults
 PLL_X already enabled. Postponing set full defaults
@@ -64,7 +63,7 @@
 console [tty0] enabled
 bootconsole [uart0] disabled
 Booting Linux on physical CPU 0x0
-Linux version 4.10.0-rc4-166515-g49def18 (pwalmsley@tamien) (gcc version 4.9.2 20140904 (prerelease) (crosstool-NG linaro-1.13.1-4.9-2014.09 - Linaro GCC 4.9-2014.09) ) #1 SMP PREEMPT Mon Jan 16 02:38:55 PST 2017
+Linux version 4.10.0-rc5-142388-g7a308bb (pwalmsley@sellafield) (gcc version 4.9.2 20140904 (prerelease) (crosstool-NG linaro-1.13.1-4.9-2014.09 - Linaro GCC 4.9-2014.09) ) #1 SMP PREEMPT Mon Jan 23 02:38:30 PST 2017
 Boot CPU: AArch64 Processor [411fd071]
 efi: Getting EFI parameters from FDT:
 efi: UEFI not found.
@@ -85,15 +84,15 @@
 Dentry cache hash table entries: 524288 (order: 10, 4194304 bytes)
 Inode-cache hash table entries: 262144 (order: 9, 2097152 bytes)
 software IO TLB [mem 0xf1400000-0xf5400000] (64MB) mapped at [ffff800071400000-ffff8000753fffff]
-Memory: 2832136K/2988032K available (8508K kernel code, 944K rwdata, 4108K rodata, 1024K init, 395K bss, 139512K reserved, 16384K cma-reserved)
+Memory: 2832132K/2988032K available (8508K kernel code, 946K rwdata, 4108K rodata, 1024K init, 393K bss, 139516K reserved, 16384K cma-reserved)
 Virtual kernel memory layout:
     modules : 0xffff000000000000 - 0xffff000008000000   (   128 MB)
     vmalloc : 0xffff000008000000 - 0xffff7dffbfff0000   (129022 GB)
       .text : 0xffff000008080000 - 0xffff0000088d0000   (  8512 KB)
     .rodata : 0xffff0000088d0000 - 0xffff000008ce0000   (  4160 KB)
       .init : 0xffff000008ce0000 - 0xffff000008de0000   (  1024 KB)
-      .data : 0xffff000008de0000 - 0xffff000008ecc200   (   945 KB)
-       .bss : 0xffff000008ecc200 - 0xffff000008f2ee50   (   396 KB)
+      .data : 0xffff000008de0000 - 0xffff000008ecca00   (   947 KB)
+       .bss : 0xffff000008ecca00 - 0xffff000008f2ee50   (   394 KB)
     fixed   : 0xffff7dfffe7fd000 - 0xffff7dfffec00000   (  4108 KB)
     PCI I/O : 0xffff7dfffee00000 - 0xffff7dffffe00000   (    16 MB)
     vmemmap : 0xffff7e0000000000 - 0xffff800000000000   (  2048 GB maximum)
@@ -122,7 +121,7 @@
  (comparison mask = 0xf8000000)
 boot misc2 0x0: expected 0xf400f0da
  (comparison mask = 0xffffffff)
-boot misc3 0x3600: expected 0x2004f400
+boot misc3 0x3648: expected 0x2004f400
  (comparison mask = 0xffffffff)
 PLL_P already enabled. Postponing set full defaults
 PLL_X already enabled. Postponing set full defaults
@@ -200,7 +199,7 @@
 RPC: Registered tcp transport module.
 RPC: Registered tcp NFSv4.1 backchannel transport module.
 Unpacking initramfs...
-Freeing initrd memory: 2360K
+Freeing initrd memory: 2364K
 kvm [1]: 8-bit VMID
 kvm [1]: IDMAP page: 808b9000
 kvm [1]: HYP VA range: 800000000000:ffffffffffff
@@ -210,7 +209,7 @@
 kvm [1]: virtual timer IRQ4
 futex hash table entries: 1024 (order: 5, 131072 bytes)
 audit: initializing netlink subsys (disabled)
-audit: type=2000 audit(0.359:1): initialized
+audit: type=2000 audit(0.363:1): initialized
 workingset: timestamp_bits=46 max_order=20 bucket_order=0
 squashfs: version 4.0 (2009/01/31) Phillip Lougher
 NFS: Registering the id_resolver key type
@@ -279,8 +278,8 @@
 tegra_rtc 7000e000.rtc: rtc core: registered 7000e000.rtc as rtc1
 tegra_rtc 7000e000.rtc: Tegra internal Real Time Clock
 i2c /dev entries driver
-(NULL device *): hwmon_device_register() is deprecated. Please convert the driver to use hwmon_device_register_with_info().
-bq27xxx-battery 2-0055: support ver. 1.2.0 enabled
+bq27xxx-battery 2-0055: failed to register battery
+bq27xxx-battery: probe of 2-0055 failed with error -22
 sdhci: Secure Digital Host Controller Interface driver
 sdhci: Copyright(c) Pierre Ossman
 Synopsys Designware Multimedia Card Interface Driver
@@ -299,18 +298,18 @@
 tegra-i2c 7000d100.i2c: could not find pctldev for node /host1x@50000000/dpaux@545c0000/pinmux-i2c, deferring probe
 mmc0: new high speed MMC card at address 0001
 mmcblk0: mmc0:0001 BGND3R 29.1 GiB 
-max77686-rtc max77620-rtc: setting system clock to 2000-10-27 16:06:58 UTC (972662818)
+max77686-rtc max77620-rtc: setting system clock to 2000-11-03 16:06:54 UTC (973267614)
 mmcblk0boot0: mmc0:0001 BGND3R partition 1 4.00 MiB
 mmcblk0boot1: mmc0:0001 BGND3R partition 2 4.00 MiB
 mmcblk0rpmb: mmc0:0001 BGND3R partition 3 4.00 MiB
- mmcblk0: p1 p2 p3 p4 p5 p6 p7 p8 p9 p10 p11
-tegra-i2c 7000d100.i2c: could not find pctldev for node /host1x@50000000/dpaux@545c0000/pinmux-i2c, deferring probe
 PP1200_AVDD: disabling
 PP1200_RCAM: disabling
 PP2800L_RCAM: disabling
 PP2800L_FCAM: disabling
 PP_LDO6: disabling
 PPLCD_VDD: disabling
+ mmcblk0: p1 p2 p3 p4 p5 p6 p7 p8 p9 p10 p11
+tegra-i2c 7000d100.i2c: could not find pctldev for node /host1x@50000000/dpaux@545c0000/pinmux-i2c, deferring probe
 PP1800_LCDIO: disabling
 PP1800_CAM: disabling
 ALSA device list:
Diff for ./tegra30-beaver/tegra30-beaver/multi_v7_defconfig_log.txt
--- /tmp/fooa	2017-01-23 02:54:02.944169016 -0800
+++ /tmp/foob	2017-01-23 02:54:02.944169016 -0800
@@ -41,18 +41,18 @@
 	 ##################################################
 	 3.2 MiB/s
 done
-Bytes transferred = 7404048 (70fa10 hex)
+Bytes transferred = 7412960 (711ce0 hex)
 Tegra30 (Beaver) # tftpboot 0x82000000 tegra30-beaver.dtb
 Using asx0 device
 TFTP from server 192.168.100.1; our IP address is 192.168.100.101
 Filename 'tegra30-beaver.dtb'.
 Load address: 0x82000000
 Loading: *####
-	 2.9 MiB/s
+	 3.3 MiB/s
 done
 Bytes transferred = 51804 (ca5c hex)
 Tegra30 (Beaver) # bootz 0x81000000 - 0x82000000
-Kernel image @ 0x81000000 [ 0x000000 - 0x70fa10 ]
+Kernel image @ 0x81000000 [ 0x000000 - 0x711ce0 ]
 ## Flattened Device Tree blob at 82000000
    Booting using the fdt blob at 0x82000000
    Loading Device Tree to 8fff0000, end 8ffffa5b ... OK
@@ -60,7 +60,7 @@
 Starting kernel ...
 
 Booting Linux on physical CPU 0x0
-Linux version 4.10.0-rc4-142082-g49def18 (pwalmsley@sellafield) (gcc version 4.7.3 20130328 (prerelease) (crosstool-NG linaro-1.13.1-4.7-2013.04-20130415 - Linaro GCC 2013.04) ) #1 SMP Mon Jan 16 02:34:38 PST 2017
+Linux version 4.10.0-rc5-142388-g7a308bb (pwalmsley@sellafield) (gcc version 4.7.3 20130328 (prerelease) (crosstool-NG linaro-1.13.1-4.7-2013.04-20130415 - Linaro GCC 2013.04) ) #1 SMP Mon Jan 23 02:35:51 PST 2017
 CPU: ARMv7 Processor [412fc099] revision 9 (ARMv7), cr=10c5387d
 CPU: PIPT / VIPT nonaliasing data cache, VIPT aliasing instruction cache
 OF: fdt:Machine model: NVIDIA Tegra30 Beaver evaluation board
@@ -70,7 +70,7 @@
 cma: Reserved 64 MiB at 0xfb800000
 Memory policy: Data cache writealloc
 On node 0 totalpages: 524032
-free_area_init_node: node 0, pgdat c142b0c0, node_mem_map eeff8000
+free_area_init_node: node 0, pgdat c142b4c0, node_mem_map eeff8000
   DMA zone: 1536 pages used for memmap
   DMA zone: 0 pages reserved
   DMA zone: 196608 pages, LIFO batch:31
@@ -83,7 +83,7 @@
 PID hash table entries: 4096 (order: 2, 16384 bytes)
 Dentry cache hash table entries: 131072 (order: 7, 524288 bytes)
 Inode-cache hash table entries: 65536 (order: 6, 262144 bytes)
-Memory: 1994864K/2096128K available (9216K kernel code, 1202K rwdata, 4140K rodata, 2048K init, 472K bss, 35728K reserved, 65536K cma-reserved, 1244160K highmem)
+Memory: 1994800K/2096128K available (9216K kernel code, 1203K rwdata, 4148K rodata, 2048K init, 536K bss, 35792K reserved, 65536K cma-reserved, 1244160K highmem)
 Virtual kernel memory layout:
     vector  : 0xffff0000 - 0xffff1000   (   4 kB)
     fixmap  : 0xffc00000 - 0xfff00000   (3072 kB)
@@ -93,8 +93,8 @@
     modules : 0xbf000000 - 0xbfe00000   (  14 MB)
       .text : 0xc0208000 - 0xc0c00000   (10208 kB)
       .init : 0xc1100000 - 0xc1300000   (2048 kB)
-      .data : 0xc1300000 - 0xc142cbc0   (1203 kB)
-       .bss : 0xc142e000 - 0xc14a41d0   ( 473 kB)
+      .data : 0xc1300000 - 0xc142cfc0   (1204 kB)
+       .bss : 0xc142e000 - 0xc14b41d0   ( 537 kB)
 SLUB: HWalign=64, Order=0-3, MinObjects=0, CPUs=4, Nodes=1
 Hierarchical RCU implementation.
 	Build-time adjustment of leaf fanout to 32.
@@ -311,12 +311,12 @@
 mmcblk1: mmc1:0001 SEM16G 14.8 GiB 
 mmcblk1boot0: mmc1:0001 SEM16G partition 1 1.00 MiB
 mmcblk1boot1: mmc1:0001 SEM16G partition 2 1.00 MiB
-mmcblk1rpmb: mmc1:0001 SEM16G partition 3 128 KiB
 mmc0: new ultra high speed DDR50 SDHC card at address aaaa
+mmcblk1rpmb: mmc1:0001 SEM16G partition 3 128 KiB
 mmcblk0: mmc0:aaaa SS04G 3.69 GiB 
 Primary GPT is invalid, using alternate GPT.
-tegra-pcie 3000.pcie-controller: probing port 2, using 2 lanes
  mmcblk1: p1 p2 p3 p4 p5
+tegra-pcie 3000.pcie-controller: probing port 2, using 2 lanes
  mmcblk0: p1 p2 p3
 tegra-pcie 3000.pcie-controller: link 2 down, retrying
 tegra-pcie 3000.pcie-controller: link 2 down, retrying
@@ -395,5 +395,5 @@
 Freeing unused kernel memory: 2048K
 bash: cannot set terminal process group (-1): Inappropriate ioctl for device
 bash: no job control in this shell
-root@(none):/# [    4.143567] usb 2-1: new high-speed USB device number 2 using tegra-ehci
+root@(none):/# [    4.173933] usb 2-1: new high-speed USB device number 2 using tegra-ehci
 asix 2-1:1.0 eth1: register 'asix' at usb-7d008000.usb-1, ASIX AX88772 USB 2.0 Ethernet, 00:50:b6:0f:67:60
Diff for ./tegra30-beaver/tegra30-beaver/tegra_defconfig_log.txt
--- /tmp/fooa	2017-01-23 02:54:02.952169043 -0800
+++ /tmp/foob	2017-01-23 02:54:02.952169043 -0800
@@ -37,20 +37,20 @@
 	 #################################################################
 	 #################################################################
 	 ###################################################
-	 3.2 MiB/s
+	 2.8 MiB/s
 done
-Bytes transferred = 5507488 (5409a0 hex)
+Bytes transferred = 5507592 (540a08 hex)
 Tegra30 (Beaver) # tftpboot 0x82000000 tegra30-beaver.dtb
 Using asx0 device
 TFTP from server 192.168.100.1; our IP address is 192.168.100.101
 Filename 'tegra30-beaver.dtb'.
 Load address: 0x82000000
 Loading: *####
-	 3.1 MiB/s
+	 2.9 MiB/s
 done
 Bytes transferred = 51804 (ca5c hex)
 Tegra30 (Beaver) # bootz 0x81000000 - 0x82000000
-Kernel image @ 0x81000000 [ 0x000000 - 0x5409a0 ]
+Kernel image @ 0x81000000 [ 0x000000 - 0x540a08 ]
 ## Flattened Device Tree blob at 82000000
    Booting using the fdt blob at 0x82000000
    Loading Device Tree to 8fff0000, end 8ffffa5b ... OK
@@ -59,7 +59,7 @@
 
 Uncompressing Linux... done, booting the kernel.
 Booting Linux on physical CPU 0x0
-Linux version 4.10.0-rc4-142082-g49def18 (pwalmsley@kaivo) (gcc version 4.7.3 20130328 (prerelease) (crosstool-NG linaro-1.13.1-4.7-2013.04-20130415 - Linaro GCC 2013.04) ) #1 SMP PREEMPT Mon Jan 16 02:34:32 PST 2017
+Linux version 4.10.0-rc5-142388-g7a308bb (pwalmsley@kaivo) (gcc version 4.7.3 20130328 (prerelease) (crosstool-NG linaro-1.13.1-4.7-2013.04-20130415 - Linaro GCC 2013.04) ) #1 SMP PREEMPT Mon Jan 23 02:35:40 PST 2017
 CPU: ARMv7 Processor [412fc099] revision 9 (ARMv7), cr=10c5387d
 CPU: PIPT / VIPT nonaliasing data cache, VIPT aliasing instruction cache
 OF: fdt:Machine model: NVIDIA Tegra30 Beaver evaluation board
@@ -68,7 +68,7 @@
 cma: Reserved 64 MiB at 0xfbc00000
 Memory policy: Data cache writealloc
 On node 0 totalpages: 524032
-free_area_init_node: node 0, pgdat c0d5f280, node_mem_map eeff7000
+free_area_init_node: node 0, pgdat c0d5f5c0, node_mem_map eeff7000
   Normal zone: 1536 pages used for memmap
   Normal zone: 0 pages reserved
   Normal zone: 196608 pages, LIFO batch:31
@@ -81,7 +81,7 @@
 PID hash table entries: 4096 (order: 2, 16384 bytes)
 Dentry cache hash table entries: 131072 (order: 7, 524288 bytes)
 Inode-cache hash table entries: 65536 (order: 6, 262144 bytes)
-Memory: 1999876K/2096128K available (8192K kernel code, 386K rwdata, 2476K rodata, 1024K init, 369K bss, 30716K reserved, 65536K cma-reserved, 1244160K highmem)
+Memory: 1999876K/2096128K available (8192K kernel code, 387K rwdata, 2476K rodata, 1024K init, 369K bss, 30716K reserved, 65536K cma-reserved, 1244160K highmem)
 Virtual kernel memory layout:
     vector  : 0xffff0000 - 0xffff1000   (   4 kB)
     fixmap  : 0xffc00000 - 0xfff00000   (3072 kB)
@@ -91,7 +91,7 @@
     modules : 0xbf000000 - 0xbfe00000   (  14 MB)
       .text : 0xc0008000 - 0xc0900000   (9184 kB)
       .init : 0xc0c00000 - 0xc0d00000   (1024 kB)
-      .data : 0xc0d00000 - 0xc0d60940   ( 387 kB)
+      .data : 0xc0d00000 - 0xc0d60c80   ( 388 kB)
        .bss : 0xc0d62000 - 0xc0dbe7e8   ( 370 kB)
 Preemptible hierarchical RCU implementation.
 	Build-time adjustment of leaf fanout to 32.
@@ -391,4 +391,4 @@
 Freeing unused kernel memory: 1024K
 bash: cannot set terminal process group (-1): Inappropriate ioctl for device
 bash: no job control in this shell
-root@(none):/# [    4.490277] usb 2-1: new high-speed USB device number 2 using tegra-ehci
+root@(none):/# [    4.490404] usb 2-1: new high-speed USB device number 2 using tegra-ehci
