
U-Boot SPL 2016.05-rc2 (Apr 21 2016 - 16:23:00)
Trying to boot from RAM


U-Boot 2016.05-rc2 (Apr 21 2016 - 16:23:00 -0700)

TEGRA124
Model: NVIDIA Jetson TK1
Board: NVIDIA Jetson TK1
DRAM:  2 GiB
MMC:   Tegra SD/MMC: 0, Tegra SD/MMC: 1
In:    serial
Out:   serial
Err:   serial
Net:   No ethernet found.
Hit any key to stop autoboot:  2  0 
Tegra124 (Jetson TK1) # 
Tegra124 (Jetson TK1) # pci enum
Tegra124 (Jetson TK1) # setenv bootargs 'ignore_loglevel console=ttyS0,115200n8 rw root=PARTUUID=b1791faa-84e8-4e27-83a1-9fb0a77e8803 rootwait gpt debug noinitrd earlyprintk init=/bin/bash'
Tegra124 (Jetson TK1) # setenv ipaddr 192.168.100.102; setenv serverip 192.168.100.1; setenv tftpserverip 192.168.100.1
Tegra124 (Jetson TK1) # tftpboot 0x82000000 zImage.multi_v7_defconfig

Warning: eth_rtl8169 using MAC address from ROM
Using eth_rtl8169 device
TFTP from server 192.168.100.1; our IP address is 192.168.100.102
Filename 'zImage.multi_v7_defconfig'.
Load address: 0x82000000
Loading: *#################################################################
	 #################################################################
	 #################################################################
	 #################################################################
	 #################################################################
	 #################################################################
	 #################################################################
	 #############################
	 4 MiB/s
done
Bytes transferred = 7101528 (6c5c58 hex)
Tegra124 (Jetson TK1) # tftpboot 0x83000000 tegra124-jetson-tk1.dtb
Using eth_rtl8169 device
TFTP from server 192.168.100.1; our IP address is 192.168.100.102
Filename 'tegra124-jetson-tk1.dtb'.
Load address: 0x83000000
Loading: *#####
	 4 MiB/s
done
Bytes transferred = 66405 (10365 hex)
Tegra124 (Jetson TK1) # bootz 0x82000000 - 0x83000000
Kernel image @ 0x82000000 [ 0x000000 - 0x6c5c58 ]
## Flattened Device Tree blob at 83000000
   Booting using the fdt blob at 0x83000000
   Using Device Tree in place at 83000000, end 83013364

Starting kernel ...

[    0.000000] Booting Linux on physical CPU 0x0
[    0.000000] Linux version 4.8.0-111631-gc8d2bc9 (pwalmsley@sellafield) (gcc version 4.7.3 20130328 (prerelease) (crosstool-NG linaro-1.13.1-4.7-2013.04-20130415 - Linaro GCC 2013.04) ) #1 SMP Sun Oct 2 17:05:04 PDT 2016
[    0.000000] CPU: ARMv7 Processor [413fc0f3] revision 3 (ARMv7), cr=10c5387d
[    0.000000] CPU: div instructions available: patching division code
[    0.000000] CPU: PIPT / VIPT nonaliasing data cache, PIPT instruction cache
[    0.000000] OF: fdt:Machine model: NVIDIA Tegra124 Jetson TK1
[    0.000000] debug: ignoring loglevel setting.
[    0.000000] cma: Reserved 64 MiB at 0xfb800000
[    0.000000] Memory policy: Data cache writealloc
[    0.000000] On node 0 totalpages: 524032
[    0.000000] free_area_init_node: node 0, pgdat c141d380, node_mem_map eeff8000
[    0.000000]   DMA zone: 1536 pages used for memmap
[    0.000000]   DMA zone: 0 pages reserved
[    0.000000]   DMA zone: 196608 pages, LIFO batch:31
[    0.000000]   HighMem zone: 327424 pages, LIFO batch:31
[    0.000000] percpu: Embedded 14 pages/cpu @eef85000 s25984 r8192 d23168 u57344
[    0.000000] pcpu-alloc: s25984 r8192 d23168 u57344 alloc=14*4096
[    0.000000] pcpu-alloc: [0] 0 [0] 1 [0] 2 [0] 3 
[    0.000000] Built 1 zonelists in Zone order, mobility grouping on.  Total pages: 522496
[    0.000000] Kernel command line: ignore_loglevel console=ttyS0,115200n8 rw root=PARTUUID=b1791faa-84e8-4e27-83a1-9fb0a77e8803 rootwait gpt debug noinitrd earlyprintk init=/bin/bash
[    0.000000] PID hash table entries: 4096 (order: 2, 16384 bytes)
[    0.000000] Dentry cache hash table entries: 131072 (order: 7, 524288 bytes)
[    0.000000] Inode-cache hash table entries: 65536 (order: 6, 262144 bytes)
[    0.000000] Memory: 1994972K/2096128K available (9216K kernel code, 1148K rwdata, 3972K rodata, 2048K init, 343K bss, 35620K reserved, 65536K cma-reserved, 1244160K highmem)
[    0.000000] Virtual kernel memory layout:
[    0.000000]     vector  : 0xffff0000 - 0xffff1000   (   4 kB)
[    0.000000]     fixmap  : 0xffc00000 - 0xfff00000   (3072 kB)
[    0.000000]     vmalloc : 0xf0800000 - 0xff800000   ( 240 MB)
[    0.000000]     lowmem  : 0xc0000000 - 0xf0000000   ( 768 MB)
[    0.000000]     pkmap   : 0xbfe00000 - 0xc0000000   (   2 MB)
[    0.000000]     modules : 0xbf000000 - 0xbfe00000   (  14 MB)
[    0.000000]       .text : 0xc0208000 - 0xc0c00000   (10208 kB)
[    0.000000]       .init : 0xc1100000 - 0xc1300000   (2048 kB)
[    0.000000]       .data : 0xc1300000 - 0xc141f200   (1149 kB)
[    0.000000]        .bss : 0xc1421000 - 0xc1476c48   ( 344 kB)
[    0.000000] SLUB: HWalign=64, Order=0-3, MinObjects=0, CPUs=4, Nodes=1
[    0.000000] Hierarchical RCU implementation.
[    0.000000] 	Build-time adjustment of leaf fanout to 32.
[    0.000000] 	RCU restricting CPUs from NR_CPUS=16 to nr_cpu_ids=4.
[    0.000000] RCU: Adjusting geometry for rcu_fanout_leaf=32, nr_cpu_ids=4
[    0.000000] NR_IRQS:16 nr_irqs:16 16
[    0.000000] /interrupt-controller@60004000: 160 interrupts forwarded to /interrupt-controller@50041000
[    0.000000] Tegra clk 127: register failed with -17
[    0.000009] sched_clock: 32 bits at 1000kHz, resolution 1000ns, wraps every 2147483647500ns
[    0.000030] clocksource: timer_us: mask: 0xffffffff max_cycles: 0xffffffff, max_idle_ns: 1911260446275 ns
[    0.000044] Switching to timer-based delay loop, resolution 1000ns
[    0.005459] arm_arch_timer: Architected cp15 timer(s) running at 12.00MHz (virt).
[    0.005477] clocksource: arch_sys_counter: mask: 0xffffffffffffff max_cycles: 0x2c47f4ee7, max_idle_ns: 440795202497 ns
[    0.005495] sched_clock: 56 bits at 12MHz, resolution 83ns, wraps every 4398046511096ns
[    0.005507] Switching to timer-based delay loop, resolution 83ns
[    0.005963] Console: colour dummy device 80x30
[    0.005989] Calibrating delay loop (skipped), value calculated using timer frequency.. 24.00 BogoMIPS (lpj=60000)
[    0.006004] pid_max: default: 32768 minimum: 301
[    0.006099] Mount-cache hash table entries: 2048 (order: 1, 8192 bytes)
[    0.006109] Mountpoint-cache hash table entries: 2048 (order: 1, 8192 bytes)
[    0.006704] CPU: Testing write buffer coherency: ok
[    0.006920] /cpus/cpu@0 missing clock-frequency property
[    0.006961] /cpus/cpu@1 missing clock-frequency property
[    0.007003] /cpus/cpu@2 missing clock-frequency property
[    0.007045] /cpus/cpu@3 missing clock-frequency property
[    0.007057] CPU0: thread -1, cpu 0, socket 0, mpidr 80000000
[    0.007078] Setting up static identity map for 0x80300000 - 0x80300098
[    0.010774] Tegra Revision: A01 SKU: 129 CPU Process: 1 SoC Process: 1
[    0.012153] CPU1: thread -1, cpu 1, socket 0, mpidr 80000001
[    0.015832] CPU2: thread -1, cpu 2, socket 0, mpidr 80000002
[    0.020829] CPU3: thread -1, cpu 3, socket 0, mpidr 80000003
[    0.025364] Brought up 4 CPUs
[    0.025383] SMP: Total of 4 processors activated (96.00 BogoMIPS).
[    0.025390] CPU: All CPU(s) started in SVC mode.
[    0.026847] devtmpfs: initialized
[    0.047182] VFP support v0.3: implementor 41 architecture 4 part 30 variant f rev 0
[    0.047617] clocksource: jiffies: mask: 0xffffffff max_cycles: 0xffffffff, max_idle_ns: 9556302231375000 ns
[    0.048962] pinctrl core: initialized pinctrl subsystem
[    0.050718] NET: Registered protocol family 16
[    0.052636] DMA: preallocated 256 KiB pool for atomic coherent allocations
[    0.065484] cpuidle: using governor menu
[    0.084232] No ATAGs?
[    0.084259] hw-breakpoint: found 5 (+1 reserved) breakpoint and 4 watchpoint registers.
[    0.084269] hw-breakpoint: maximum watchpoint size is 8 bytes.
[    0.090559] Serial: AMBA PL011 UART driver
[    0.125588] +5V_SYS: supplied by +VDD_MUX
[    0.125909] +3.3V_SYS: supplied by +VDD_MUX
[    0.126535] +USB0_VBUS_SW: Failed to request enable GPIO108: -517
[    0.126550] reg-fixed-voltage regulators:regulator@7: Failed to register regulator: -517
[    0.126639] +5V_USB_HS: Failed to request enable GPIO109: -517
[    0.126652] reg-fixed-voltage regulators:regulator@8: Failed to register regulator: -517
[    0.126813] +1.05V_RUN_AVDD_HDMI_PLL: Failed to request enable GPIO63: -517
[    0.126827] reg-fixed-voltage regulators:regulator@11: Failed to register regulator: -517
[    0.126910] +5V_HDMI_CON: Failed to request enable GPIO86: -517
[    0.126921] reg-fixed-voltage regulators:regulator@12: Failed to register regulator: -517
[    0.127004] +5V_SATA: Failed to request enable GPIO242: -517
[    0.127016] reg-fixed-voltage regulators:regulator@13: Failed to register regulator: -517
[    0.127099] +12V_SATA: Failed to request enable GPIO242: -517
[    0.127111] reg-fixed-voltage regulators:regulator@14: Failed to register regulator: -517
[    0.130379] vgaarb: loaded
[    0.131220] SCSI subsystem initialized
[    0.131372] libata version 3.00 loaded.
[    0.131651] usbcore: registered new interface driver usbfs
[    0.131719] usbcore: registered new interface driver hub
[    0.131790] usbcore: registered new device driver usb
[    0.135378] pps_core: LinuxPPS API ver. 1 registered
[    0.135387] pps_core: Software ver. 5.3.6 - Copyright 2005-2007 Rodolfo Giometti <giometti@linux.it>
[    0.135409] PTP clock support registered
[    0.135609] EDAC MC: Ver: 3.0.0
[    0.138838] clocksource: Switched to clocksource arch_sys_counter
[    0.150073] NET: Registered protocol family 2
[    0.150589] TCP established hash table entries: 8192 (order: 3, 32768 bytes)
[    0.150687] TCP bind hash table entries: 8192 (order: 4, 65536 bytes)
[    0.150874] TCP: Hash tables configured (established 8192 bind 8192)
[    0.150924] UDP hash table entries: 512 (order: 2, 16384 bytes)
[    0.150966] UDP-Lite hash table entries: 512 (order: 2, 16384 bytes)
[    0.151127] NET: Registered protocol family 1
[    0.151447] RPC: Registered named UNIX socket transport module.
[    0.151457] RPC: Registered udp transport module.
[    0.151464] RPC: Registered tcp transport module.
[    0.151472] RPC: Registered tcp NFSv4.1 backchannel transport module.
[    0.151482] PCI: CLS 0 bytes, default 64
[    0.152664] hw perfevents: enabled with armv7_cortex_a15 PMU driver, 7 counters available
[    0.154168] futex hash table entries: 1024 (order: 4, 65536 bytes)
[    0.154885] workingset: timestamp_bits=30 max_order=19 bucket_order=0
[    0.165937] squashfs: version 4.0 (2009/01/31) Phillip Lougher
[    0.166782] NFS: Registering the id_resolver key type
[    0.166805] Key type id_resolver registered
[    0.166813] Key type id_legacy registered
[    0.166855] ntfs: driver 2.1.32 [Flags: R/O].
[    0.168118] bounce: pool size: 64 pages
[    0.168326] Block layer SCSI generic (bsg) driver version 0.4 loaded (major 248)
[    0.168336] io scheduler noop registered
[    0.168344] io scheduler deadline registered
[    0.168541] io scheduler cfq registered (default)
[    0.174295] usb2-0 supply vbus not found, using dummy regulator
[    0.174427] usb2-1 supply vbus not found, using dummy regulator
[    0.174820] tegra-xusb-padctl 7009f000.padctl: failed to setup XUSB ports: -517
[    0.175526] libphy: mdio_driver_register: phy-bcm-ns2-pci
[    0.191597] tegra-pcie 1003000.pcie-controller: 2x1, 1x1 configuration
[    0.191652] tegra-pcie 1003000.pcie-controller: Failed to get supply 'avddio-pex': -517
[    0.198893] tegra-apbdma 60020000.dma: Tegra20 APB DMA driver register 32 channels
[    0.200867] tegra-pmc 7000e400.pmc: emergency thermal reset enabled
[    0.266997] Serial: 8250/16550 driver, 4 ports, IRQ sharing disabled
[    0.269992] console [ttyS0] disabled
[    0.270027] 70006300.serial: ttyS0 at MMIO 0x70006300 (irq = 335, base_baud = 25500000) is a Tegra
[    1.127718] console [ttyS0] enabled
[    1.132144] SuperH (H)SCI(F) driver initialized
[    1.137732] msm_serial: driver initialized
[    1.142048] STMicroelectronics ASC driver initialized
[    1.147973] 70006000.serial: ttyTHS1 at MMIO 0x70006000 (irq = 333, base_baud = 0) is a TEGRA_UART
[    1.157272] 70006040.serial: ttyTHS2 at MMIO 0x70006040 (irq = 334, base_baud = 0) is a TEGRA_UART
[    1.169711] [drm] Initialized drm 1.1.0 20060810
[    1.177618] tegra-hdmi 54280000.hdmi: failed to get HDMI regulator
[    1.197388] brd: module loaded
[    1.206537] loop: module loaded
[    1.210162] at24 0-0056: 256 byte 24c02 EEPROM, writable, 8 bytes/write
[    1.218456] as3722 4-0040: AS3722 with revision 0x1 found
[    1.229581] as3722-sd2: supplied by +5V_SYS
[    1.234225] as3722-sd3: supplied by +5V_SYS
[    1.238617] +1.35V_LP0(sd3): Bringing 0uV into 1350000-1350000uV
[    1.245022] as3722-sd4: supplied by +5V_SYS
[    1.249677] as3722-sd5: supplied by +5V_SYS
[    1.255752] as3722-ldo0: supplied by +1.35V_LP0(sd2)
[    1.261858] +1.8V_RUN_CAM: Bringing 0uV into 1800000-1800000uV
[    1.268121] as3722-ldo2: supplied by +1.8V_VDDIO
[    1.274084] as3722-ldo3: supplied by +3.3V_SYS
[    1.278567] +1.05V_LP0_VDD_RTC: Bringing 1100000uV into 1000000-1000000uV
[    1.286398] as3722-ldo4: supplied by +3.3V_SYS
[    1.291073] +2.8V_RUN_CAM: Bringing 0uV into 2800000-2800000uV
[    1.297326] as3722-ldo5: supplied by +1.8V_VDDIO
[    1.302174] +1.2V_RUN_CAM_FRONT: Bringing 0uV into 1200000-1200000uV
[    1.309179] +VDDIO_SDMMC3: bypassed regulator has no supply!
[    1.314852] +VDDIO_SDMMC3: failed to get the current voltage(-517)
[    1.321043] as3722-regulator as3722-regulator: regulator 13 register failed -517
[    1.333520] tegra-ahci 70027000.sata: couldn't get PHY in node sata: -517
[    1.353439] random: fast init done
[    1.357011] m25p80 spi32765.0: w25q32dw (4096 Kbytes)
[    1.365529] libphy: Fixed MDIO Bus: probed
[    1.370555] CAN device driver interface
[    1.376713] igb: Intel(R) Gigabit Ethernet Network Driver - version 5.3.0-k
[    1.383689] igb: Copyright (c) 2007-2014 Intel Corporation.
[    1.392774] pegasus: v0.9.3 (2013/04/25), Pegasus/Pegasus II USB Ethernet driver
[    1.400246] usbcore: registered new interface driver pegasus
[    1.405976] usbcore: registered new interface driver asix
[    1.411439] usbcore: registered new interface driver ax88179_178a
[    1.417580] usbcore: registered new interface driver cdc_ether
[    1.423483] usbcore: registered new interface driver smsc75xx
[    1.429299] usbcore: registered new interface driver smsc95xx
[    1.435091] usbcore: registered new interface driver net1080
[    1.440802] usbcore: registered new interface driver cdc_subset
[    1.446766] usbcore: registered new interface driver zaurus
[    1.452415] usbcore: registered new interface driver cdc_ncm
[    1.458297] tegra-phy 7d004000.usb-phy: no vbus regulator
[    1.465744] ehci_hcd: USB 2.0 'Enhanced' Host Controller (EHCI) Driver
[    1.472282] ehci-pci: EHCI PCI platform driver
[    1.476777] ehci-platform: EHCI generic platform driver
[    1.482237] ehci-orion: EHCI orion driver
[    1.486404] SPEAr-ehci: EHCI SPEAr driver
[    1.490582] ehci-st: EHCI STMicroelectronics driver
[    1.495622] ehci-exynos: EHCI EXYNOS driver
[    1.499995] ehci-atmel: EHCI Atmel driver
[    1.504162] tegra-ehci: Tegra EHCI driver
[    1.510994] tegra-ehci 7d004000.usb: EHCI Host Controller
[    1.516421] tegra-ehci 7d004000.usb: new USB bus registered, assigned bus number 1
[    1.524204] tegra-ehci 7d004000.usb: irq 354, io mem 0x7d004000
[    1.543862] tegra-ehci 7d004000.usb: USB 2.0 started, EHCI 1.10
[    1.550624] hub 1-0:1.0: USB hub found
[    1.554434] hub 1-0:1.0: 1 port detected
[    1.559000] ohci_hcd: USB 1.1 'Open' Host Controller (OHCI) Driver
[    1.565208] ohci-pci: OHCI PCI platform driver
[    1.569720] ohci-platform: OHCI generic platform driver
[    1.575140] ohci-omap3: OHCI OMAP3 driver
[    1.579316] SPEAr-ohci: OHCI SPEAr driver
[    1.583474] ohci-st: OHCI STMicroelectronics driver
[    1.588513] ohci-atmel: OHCI Atmel driver
[    1.593372] usbcore: registered new interface driver usb-storage
[    1.601116] mousedev: PS/2 mouse device common for all mice
[    1.610155] as3722-rtc as3722-rtc: rtc core: registered as3722-rtc as rtc0
[    1.617046] as3722-rtc as3722-rtc: RTC interrupt 377
[    1.625446] tegra_rtc 7000e000.rtc: rtc core: registered 7000e000.rtc as rtc1
[    1.632637] tegra_rtc 7000e000.rtc: Tegra internal Real Time Clock
[    1.639410] i2c /dev entries driver
[    1.650163] 0-004c supply vcc not found, using dummy regulator
[    1.665838] sdhci: Secure Digital Host Controller Interface driver
[    1.672033] sdhci: Copyright(c) Pierre Ossman
[    1.678079] Synopsys Designware Multimedia Card Interface Driver
[    1.685293] sdhci-pltfm: SDHCI platform and OF driver helper
[    1.691764] sdhci-tegra 700b0400.sdhci: Got CD GPIO
[    1.696674] sdhci-tegra 700b0400.sdhci: Got WP GPIO
[    1.701807] mmc0: Unknown controller version (3). You may experience problems.
[    1.709124] mmc0: Invalid maximum block size, assuming 512 bytes
[    1.758866] mmc0: SDHCI controller on 700b0600.sdhci [700b0600.sdhci] using ADMA 64-bit
[    1.768932] ledtrig-cpu: registered to indicate activity on CPUs
[    1.775365] usbcore: registered new interface driver usbhid
[    1.780948] usbhid: USB HID core driver
[    1.789652] tegra124-dfll 70110000.clock: couldn't get vdd_cpu regulator
[    1.807078] NET: Registered protocol family 10
[    1.812490] sit: IPv6, IPv4 and MPLS over IPv4 tunneling driver
[    1.819207] NET: Registered protocol family 17
[    1.823653] can: controller area network core (rev 20120528 abi 9)
[    1.829912] NET: Registered protocol family 29
[    1.834362] can: raw protocol (rev 20120528)
[    1.838624] can: broadcast manager protocol (rev 20160617 t)
[    1.844292] can: netlink gateway (rev 20130117) max_hops=1
[    1.850152] Key type dns_resolver registered
[    1.855041] ThumbEE CPU extension supported.
[    1.859331] Registering SWP/SWPB emulation handler
[    1.868195] +3.3V_RUN: supplied by +3.3V_SYS
[    1.873506] +3.3V_AVDD_HDMI_AP_GATED: supplied by +3.3V_RUN
[    1.879687] +USB0_VBUS_SW: supplied by +5V_SYS
[    1.884816] +5V_USB_HS: supplied by +5V_SYS
[    1.890899] +3.3V_LP0: supplied by +3.3V_SYS
[    1.896931] +5V_HDMI_CON: supplied by +5V_SYS
[    1.902011] +5V_SATA: supplied by +5V_SYS
[    1.906744] +12V_SATA: supplied by +VDD_MUX
[    1.908450] mmc0: new high speed MMC card at address 0001
[    1.909913] mmcblk0: mmc0:0001 SEM16G 14.7 GiB 
[    1.911059] mmcblk0boot0: mmc0:0001 SEM16G partition 1 4.00 MiB
[    1.912209] mmcblk0boot1: mmc0:0001 SEM16G partition 2 4.00 MiB
[    1.913050] mmcblk0rpmb: mmc0:0001 SEM16G partition 3 4.00 MiB
[    1.915387]  mmcblk0: p1
[    1.943134] usb2-0 supply vbus not found, using dummy regulator
[    1.949275] usb2-1 supply vbus not found, using dummy regulator
[    1.955661] usb3-0 supply vbus not found, using dummy regulator
[    1.962881] tegra-pcie 1003000.pcie-controller: 2x1, 1x1 configuration
[    1.969520] tegra-pcie 1003000.pcie-controller: Failed to get supply 'avddio-pex': -517
[    1.979458] tegra-hdmi 54280000.hdmi: failed to get PLL regulator
[    1.990920] as3722-sd2: supplied by +5V_SYS
[    1.995497] as3722-sd3: supplied by +5V_SYS
[    2.000077] as3722-sd4: supplied by +5V_SYS
[    2.004506] +1.05V_RUN_AVDD_HDMI_PLL: supplied by +1.05V_RUN
[    2.010341] as3722-sd5: supplied by +5V_SYS
[    2.016522] as3722-ldo0: supplied by +1.35V_LP0(sd2)
[    2.022347] as3722-ldo1: supplied by +3.3V_RUN
[    2.027187] as3722-ldo2: supplied by +1.8V_VDDIO
[    2.032828] as3722-ldo3: supplied by +3.3V_SYS
[    2.038172] as3722-ldo4: supplied by +3.3V_SYS
[    2.042887] as3722-ldo5: supplied by +1.8V_VDDIO
[    2.047781] as3722-ldo6: supplied by +3.3V_RUN
[    2.052514] as3722-ldo7: supplied by +1.8V_VDDIO
[    2.057882] +1.05V_RUN_CAM_REAR: Bringing 0uV into 1050000-1050000uV
[    2.064979] as3722-ldo9: supplied by +5V_SYS
[    2.070542] +3.3V_RUN_TOUCH: Bringing 0uV into 2800000-2800000uV
[    2.077145] as3722-ldo10: supplied by +5V_SYS
[    2.082038] +2.8V_RUN_CAM_AF: Bringing 0uV into 2800000-2800000uV
[    2.088712] as3722-ldo11: supplied by +3.3V_RUN
[    2.093773] +1.8V_RUN_VPP_FUSE: Bringing 0uV into 1800000-1800000uV
[    2.103734] tegra-ahci 70027000.sata: AHCI 0001.0301 32 slots 2 ports 3 Gbps 0x1 impl platform mode
[    2.112810] tegra-ahci 70027000.sata: flags: 64bit ncq sntf pm led pio slum part sadm sds apst 
[    2.123759] scsi host0: tegra-ahci
[    2.128445] scsi host1: tegra-ahci
[    2.132230] ata1: SATA max UDMA/133 mmio [mem 0x70027000-0x70028fff] port 0x100 irq 345
[    2.140244] ata2: DUMMY
[    2.145752] tegra-ehci 7d008000.usb: EHCI Host Controller
[    2.151191] tegra-ehci 7d008000.usb: new USB bus registered, assigned bus number 2
[    2.158965] tegra-ehci 7d008000.usb: irq 355, io mem 0x7d008000
[    2.178962] tegra-ehci 7d008000.usb: USB 2.0 started, EHCI 1.10
[    2.186092] hub 2-0:1.0: USB hub found
[    2.189943] hub 2-0:1.0: 1 port detected
[    2.196411] sdhci-tegra 700b0400.sdhci: Got CD GPIO
[    2.201363] sdhci-tegra 700b0400.sdhci: Got WP GPIO
[    2.206487] mmc1: Unknown controller version (3). You may experience problems.
[    2.213818] mmc1: Invalid maximum block size, assuming 512 bytes
[    2.264441] mmc1: SDHCI controller on 700b0400.sdhci [700b0400.sdhci] using ADMA 64-bit
[    2.277059] tegra-pcie 1003000.pcie-controller: 2x1, 1x1 configuration
[    2.285719] tegra-pcie 1003000.pcie-controller: probing port 0, using 2 lanes
[    2.295022] tegra-pcie 1003000.pcie-controller: Slot present pin change, signature: 00000008
[    2.319039] tegra-pcie 1003000.pcie-controller: probing port 1, using 1 lanes
[    2.328274] tegra-pcie 1003000.pcie-controller: Slot present pin change, signature: 00000000
[    2.342527] tegra-pcie 1003000.pcie-controller: PCI host bridge to bus 0000:00
[    2.349783] pci_bus 0000:00: root bus resource [io  0x0000-0xffff]
[    2.356006] pci_bus 0000:00: root bus resource [mem 0x13000000-0x1fffffff]
[    2.362915] pci_bus 0000:00: root bus resource [mem 0x20000000-0x3fffffff pref]
[    2.370262] pci_bus 0000:00: root bus resource [bus 00-ff]
[    2.375816] pci 0000:00:01.0: [10de:0e12] type 01 class 0x060400
[    2.381985] pci 0000:00:01.0: PME# supported from D0 D1 D2 D3hot D3cold
[    2.388993] pci 0000:00:02.0: [10de:0e13] type 01 class 0x060400
[    2.395163] pci 0000:00:02.0: PME# supported from D0 D1 D2 D3hot D3cold
[    2.402174] PCI: bus0: Fast back to back transfers disabled
[    2.407791] pci 0000:00:01.0: bridge configuration invalid ([bus 00-00]), reconfiguring
[    2.415853] pci 0000:00:02.0: bridge configuration invalid ([bus 00-00]), reconfiguring
[    2.424161] pci 0000:01:00.0: [8086:4232] type 00 class 0x028000
[    2.430265] pci 0000:01:00.0: reg 0x10: [mem 0x00000000-0x00001fff 64bit]
[    2.437307] pci 0000:01:00.0: PME# supported from D0 D3hot D3cold
[    2.453995] PCI: bus1: Fast back to back transfers disabled
[    2.459621] pci_bus 0000:01: busn_res: [bus 01-ff] end is updated to 01
[    2.462397] ata1: SATA link down (SStatus 0 SControl 300)
[    2.471963] pci 0000:02:00.0: [10ec:8168] type 00 class 0x020000
[    2.478044] pci 0000:02:00.0: reg 0x10: [io  0x0000-0x00ff]
[    2.483701] pci 0000:02:00.0: reg 0x18: [mem 0x00000000-0x00000fff 64bit]
[    2.490557] pci 0000:02:00.0: reg 0x20: [mem 0x00000000-0x00003fff 64bit pref]
[    2.497988] pci 0000:02:00.0: supports D1 D2
[    2.502302] pci 0000:02:00.0: PME# supported from D0 D1 D2 D3hot D3cold
[    2.523987] PCI: bus2: Fast back to back transfers disabled
[    2.529595] pci_bus 0000:02: busn_res: [bus 02-ff] end is updated to 02
[    2.536389] pci 0000:00:01.0: BAR 8: assigned [mem 0x13000000-0x130fffff]
[    2.543220] pci 0000:00:02.0: BAR 8: assigned [mem 0x13100000-0x131fffff]
[    2.550025] pci 0000:00:02.0: BAR 9: assigned [mem 0x20000000-0x200fffff 64bit pref]
[    2.557811] pci 0000:00:02.0: BAR 7: assigned [io  0x1000-0x1fff]
[    2.563962] pci 0000:01:00.0: BAR 0: assigned [mem 0x13000000-0x13001fff 64bit]
[    2.571346] pci 0000:00:01.0: PCI bridge to [bus 01]
[    2.576369] pci 0000:00:01.0:   bridge window [mem 0x13000000-0x130fffff]
[    2.583223] pci 0000:02:00.0: BAR 4: assigned [mem 0x20000000-0x20003fff 64bit pref]
[    2.591034] pci 0000:02:00.0: BAR 2: assigned [mem 0x13100000-0x13100fff 64bit]
[    2.598411] pci 0000:02:00.0: BAR 0: assigned [io  0x1000-0x10ff]
[    2.604559] pci 0000:00:02.0: PCI bridge to [bus 02]
[    2.609571] pci 0000:00:02.0:   bridge window [io  0x1000-0x1fff]
[    2.615715] pci 0000:00:02.0:   bridge window [mem 0x13100000-0x131fffff]
[    2.622550] pci 0000:00:02.0:   bridge window [mem 0x20000000-0x200fffff 64bit pref]
[    2.630379] pci 0000:00:01.0: nv_msi_ht_cap_quirk didn't locate host bridge
[    2.637499] pcieport 0000:00:01.0: enabling device (0140 -> 0142)
[    2.643927] pcieport 0000:00:01.0: Signaling PME through PCIe PME interrupt
[    2.650930] pci 0000:01:00.0: Signaling PME through PCIe PME interrupt
[    2.657507] pcie_pme 0000:00:01.0:pcie001: service driver pcie_pme loaded
[    2.664468] pci 0000:00:02.0: nv_msi_ht_cap_quirk didn't locate host bridge
[    2.671578] pcieport 0000:00:02.0: enabling device (0140 -> 0143)
[    2.677983] pcieport 0000:00:02.0: Signaling PME through PCIe PME interrupt
[    2.684986] pci 0000:02:00.0: Signaling PME through PCIe PME interrupt
[    2.691563] pcie_pme 0000:00:02.0:pcie001: service driver pcie_pme loaded
[    2.698750] r8169 Gigabit Ethernet driver 2.3LK-NAPI loaded
[    2.704395] r8169 0000:02:00.0: enabling device (0140 -> 0143)
[    2.726610] r8169 0000:02:00.0 eth0: RTL8168g/8111g at 0xf0a50000, 00:04:4b:3a:d9:81, XID 0c000800 IRQ 395
[    2.736307] r8169 0000:02:00.0 eth0: jumbo features [frames: 9200 bytes, tx checksumming: ko]
[    2.746640] mmc1: new high speed SDHC card at address aaaa
[    2.753873] mmcblk1: mmc1:aaaa SD04G 3.69 GiB 
[    2.754372] [drm] Supports vblank timestamp caching Rev 2 (21.10.2013).
[    2.754376] [drm] No driver support for vblank timestamp query.
[    2.754424] drm drm: No connectors reported connected with modes
[    2.754432] [drm] Cannot find any crtc or sizes - going 1024x768
[    2.793380]  mmcblk1: p1 p2 p3
[    2.885418] Console: switching to colour frame buffer device 128x48
[    2.902033] drm drm: fb0:  frame buffer device
[    2.923948] [drm] Initialized tegra 0.0.0 20120330 on minor 0
[    2.931436] of: dev_pm_opp_of_cpumask_add_table: couldn't find opp table for cpu:0, -19
[    2.939518] cpufreq: cpufreq_online: CPU0: Running at unlisted freq: 696000 KHz
[    2.946852] cpufreq: cpufreq_online: CPU0: Unlisted initial frequency changed to: 714000 KHz
[    2.956049] input: gpio-keys as /devices/soc0/gpio-keys/input/input0
[    2.963338] as3722-rtc as3722-rtc: setting system clock to 2000-01-01 00:00:12 UTC (946684812)
[    2.975205] +USB0_VBUS_SW: disabling
[    2.978778] +1.8V_RUN_CAM: disabling
[    2.982578] +2.8V_RUN_CAM: disabling
[    2.986475] +1.2V_RUN_CAM_FRONT: disabling
[    2.990818] +1.05V_RUN_CAM_REAR: disabling
[    2.995107] +3.3V_RUN_TOUCH: disabling
[    2.999112] +2.8V_RUN_CAM_AF: disabling
[    3.003112] +1.8V_RUN_VPP_FUSE: disabling
[    3.008377] EXT4-fs (mmcblk0p1): mounting ext3 file system using the ext4 subsystem
[    3.050259] EXT4-fs (mmcblk0p1): recovery complete
[    3.055871] EXT4-fs (mmcblk0p1): mounted filesystem with ordered data mode. Opts: (null)
[    3.063979] VFS: Mounted root (ext3 filesystem) on device 179:1.
[    3.073883] devtmpfs: mounted
[    3.077453] Freeing unused kernel memory: 2048K (c1100000 - c1300000)
bash: cannot set terminal process group (-1): Inappropriate ioctl for device
bash: no job control in this shell
root@(none):/# 