
U-Boot SPL 2014.07-00097-g772e173 (Jul 25 2014 - 20:02:52)


U-Boot 2014.07-00097-g772e173 (Jul 25 2014 - 20:02:52)

TEGRA124
Board: NVIDIA Jetson TK1
I2C:   ready
DRAM:  2 GiB
MMC:   Tegra SD/MMC: 0, Tegra SD/MMC: 1
In:    serial
Out:   serial
Err:   serial
Net:   Net Initialization Skipped
No ethernet found.
Hit any key to stop autoboot:  2  0 
Tegra124 (Jetson TK1) # 
Tegra124 (Jetson TK1) # usb reset
(Re)start USB...
USB0:   USB EHCI 1.10
scanning bus 0 for devices... 1 USB Device(s) found
USB1:   USB EHCI 1.10
scanning bus 1 for devices... 2 USB Device(s) found
       scanning usb for storage devices... 0 Storage Device(s) found
       scanning usb for ethernet devices... 
Warning: asx0 using MAC address from net device
1 Ethernet Device(s) found
Tegra124 (Jetson TK1) # setenv bootargs 'ignore_loglevel console=ttyS0,115200n8 rw root=/dev/mmcblk0p1 rootwait gpt debug init=/bin/bash noinitrd'
Tegra124 (Jetson TK1) # setenv ipaddr 192.168.100.102; setenv serverip 192.168.100.1; setenv tftpserverip 192.168.100.1
Tegra124 (Jetson TK1) # tftpboot 0x81000000 zImage.multi_v7_defconfig
Using asx0 device
TFTP from server 192.168.100.1; our IP address is 192.168.100.102
Filename 'zImage.multi_v7_defconfig'.
Load address: 0x81000000
Loading: *#################################################################
	 #################################################################
	 #################################################################
	 #################################################################
	 #################################################################
	 ####################################
	 2.8 MiB/s
done
Bytes transferred = 5288264 (50b148 hex)
Tegra124 (Jetson TK1) # tftpboot 0x82000000 tegra124-jetson-tk1.dtb
Using asx0 device
TFTP from server 192.168.100.1; our IP address is 192.168.100.102
Filename 'tegra124-jetson-tk1.dtb'.
Load address: 0x82000000
Loading: *####
	 2.5 MiB/s
done
Bytes transferred = 47577 (b9d9 hex)
Tegra124 (Jetson TK1) # bootz 0x81000000 - 0x82000000
Kernel image @ 0x81000000 [ 0x000000 - 0x50b148 ]
## Flattened Device Tree blob at 82000000
   Booting using the fdt blob at 0x82000000
   Using Device Tree in place at 82000000, end 8200e9d8

Starting kernel ...

[    0.000000] Booting Linux on physical CPU 0x0
[    0.000000] Linux version 3.18.0-rc2-103936-gcac7f24 (pwalmsley@tamien) (gcc version 4.7.3 20130328 (prerelease) (crosstool-NG linaro-1.13.1-4.7-2013.04-20130415 - Linaro GCC 2013.04) ) #1 SMP Sun Oct 26 17:04:36 PDT 2014
[    0.000000] CPU: ARMv7 Processor [413fc0f3] revision 3 (ARMv7), cr=10c5387d
[    0.000000] CPU: PIPT / VIPT nonaliasing data cache, PIPT instruction cache
[    0.000000] Machine model: NVIDIA Tegra124 Jetson TK1
[    0.000000] debug: ignoring loglevel setting.
[    0.000000] cma: Reserved 64 MiB at fb800000
[    0.000000] Memory policy: Data cache writealloc
[    0.000000] On node 0 totalpages: 524032
[    0.000000] free_area_init_node: node 0, pgdat c0d0d5c0, node_mem_map ee7f8000
[    0.000000]   DMA zone: 1520 pages used for memmap
[    0.000000]   DMA zone: 0 pages reserved
[    0.000000]   DMA zone: 194560 pages, LIFO batch:31
[    0.000000]   HighMem zone: 2574 pages used for memmap
[    0.000000]   HighMem zone: 329472 pages, LIFO batch:31
[    0.000000] PERCPU: Embedded 10 pages/cpu @ee79f000 s8512 r8192 d24256 u40960
[    0.000000] pcpu-alloc: s8512 r8192 d24256 u40960 alloc=10*4096
[    0.000000] pcpu-alloc: [0] 0 [0] 1 [0] 2 [0] 3 
[    0.000000] Built 1 zonelists in Zone order, mobility grouping on.  Total pages: 522512
[    0.000000] Kernel command line: ignore_loglevel console=ttyS0,115200n8 rw root=/dev/mmcblk0p1 rootwait gpt debug init=/bin/bash noinitrd
[    0.000000] PID hash table entries: 4096 (order: 2, 16384 bytes)
[    0.000000] Dentry cache hash table entries: 131072 (order: 7, 524288 bytes)
[    0.000000] Inode-cache hash table entries: 65536 (order: 6, 262144 bytes)
[    0.000000] Memory: 2001376K/2096128K available (6854K kernel code, 933K rwdata, 2780K rodata, 724K init, 308K bss, 94752K reserved, 1252352K highmem)
[    0.000000] Virtual kernel memory layout:
[    0.000000]     vector  : 0xffff0000 - 0xffff1000   (   4 kB)
[    0.000000]     fixmap  : 0xffc00000 - 0xffe00000   (2048 kB)
[    0.000000]     vmalloc : 0xf0000000 - 0xff000000   ( 240 MB)
[    0.000000]     lowmem  : 0xc0000000 - 0xef800000   ( 760 MB)
[    0.000000]     pkmap   : 0xbfe00000 - 0xc0000000   (   2 MB)
[    0.000000]     modules : 0xbf000000 - 0xbfe00000   (  14 MB)
[    0.000000]       .text : 0xc0208000 - 0xc0b70d00   (9636 kB)
[    0.000000]       .init : 0xc0b71000 - 0xc0c26000   ( 724 kB)
[    0.000000]       .data : 0xc0c26000 - 0xc0d0f440   ( 934 kB)
[    0.000000]        .bss : 0xc0d0f440 - 0xc0d5c6e8   ( 309 kB)
[    0.000000] SLUB: HWalign=64, Order=0-3, MinObjects=0, CPUs=4, Nodes=1
[    0.000000] Hierarchical RCU implementation.
[    0.000000] 	RCU restricting CPUs from NR_CPUS=8 to nr_cpu_ids=4.
[    0.000000] RCU: Adjusting geometry for rcu_fanout_leaf=16, nr_cpu_ids=4
[    0.000000] NR_IRQS:16 nr_irqs:16 16
[    0.000000] L2C: failed to init: -19
[    0.000009] sched_clock: 32 bits at 1000kHz, resolution 1000ns, wraps every 2147483648000ns
[    0.000030] Switching to timer-based delay loop, resolution 1000ns
[    0.003773] Console: colour dummy device 80x30
[    0.003797] Calibrating delay loop (skipped), value calculated using timer frequency.. 2.00 BogoMIPS (lpj=5000)
[    0.003813] pid_max: default: 32768 minimum: 301
[    0.003933] Mount-cache hash table entries: 2048 (order: 1, 8192 bytes)
[    0.003945] Mountpoint-cache hash table entries: 2048 (order: 1, 8192 bytes)
[    0.004464] CPU: Testing write buffer coherency: ok
[    0.004657] /cpus/cpu@0 missing clock-frequency property
[    0.004685] /cpus/cpu@1 missing clock-frequency property
[    0.004713] /cpus/cpu@2 missing clock-frequency property
[    0.004742] /cpus/cpu@3 missing clock-frequency property
[    0.004755] CPU0: thread -1, cpu 0, socket 0, mpidr 80000000
[    0.004796] Setting up static identity map for 0x80879d18 - 0x80879db0
[    0.006982] Tegra Revision: A01 SKU: 129 CPU Process: 1 Core Process: 1
[    0.008158] CPU1: Booted secondary processor
[    0.008184] CPU1: thread -1, cpu 1, socket 0, mpidr 80000001
[    0.008695] CPU2: Booted secondary processor
[    0.008720] CPU2: thread -1, cpu 2, socket 0, mpidr 80000002
[    0.009217] CPU3: Booted secondary processor
[    0.009241] CPU3: thread -1, cpu 3, socket 0, mpidr 80000003
[    0.009306] Brought up 4 CPUs
[    0.009333] SMP: Total of 4 processors activated.
[    0.009340] CPU: All CPU(s) started in SVC mode.
[    0.009881] devtmpfs: initialized
[    0.015346] VFP support v0.3: implementor 41 architecture 4 part 30 variant f rev 0
[    0.017190] pinctrl core: initialized pinctrl subsystem
[    0.017630] regulator-dummy: no parameters
[    0.032496] NET: Registered protocol family 16
[    0.034474] DMA: preallocated 256 KiB pool for atomic coherent allocations
[    0.048419] cpuidle: using governor ladder
[    0.063436] cpuidle: using governor menu
[    0.076965] No ATAGs?
[    0.077003] hw-breakpoint: found 5 (+1 reserved) breakpoint and 4 watchpoint registers.
[    0.077013] hw-breakpoint: maximum watchpoint size is 8 bytes.
[    0.077175] EXYNOS: PMU not supported
[    0.079950] Serial: AMBA PL011 UART driver
[    0.106941] edma-dma-engine edma-dma-engine.0: Can't allocate PaRAM dummy slot
[    0.106965] edma-dma-engine: probe of edma-dma-engine.0 failed with error -22
[    0.107563] +VDD_MUX: 12000 mV 
[    0.107781] +5V_SYS: 5000 mV 
[    0.107827] +5V_SYS: supplied by +VDD_MUX
[    0.108077] +3.3V_SYS: 3300 mV 
[    0.108121] +3.3V_SYS: supplied by +VDD_MUX
[    0.108266] platform regulators:regulator@3: Driver reg-fixed-voltage requests probe deferral
[    0.108431] +3.3V_AVDD_HDMI_AP_GATED: 3300 mV 
[    0.108479] reg-fixed-voltage regulators:regulator@4: Failed to find supply vin
[    0.108609] reg-fixed-voltage regulators:regulator@4: Failed to register regulator: -517
[    0.108632] platform regulators:regulator@4: Driver reg-fixed-voltage requests probe deferral
[    0.108802] +USB0_VBUS_SW: Failed to request enable GPIO108: -517
[    0.108894] reg-fixed-voltage regulators:regulator@7: Failed to register regulator: -517
[    0.108915] platform regulators:regulator@7: Driver reg-fixed-voltage requests probe deferral
[    0.109083] +5V_USB_HS: Failed to request enable GPIO109: -517
[    0.109174] reg-fixed-voltage regulators:regulator@8: Failed to register regulator: -517
[    0.109195] platform regulators:regulator@8: Driver reg-fixed-voltage requests probe deferral
[    0.109272] platform regulators:regulator@10: Driver reg-fixed-voltage requests probe deferral
[    0.109439] +1.05V_RUN_AVDD_HDMI_PLL: Failed to request enable GPIO63: -517
[    0.109529] reg-fixed-voltage regulators:regulator@11: Failed to register regulator: -517
[    0.109549] platform regulators:regulator@11: Driver reg-fixed-voltage requests probe deferral
[    0.109715] +5V_HDMI_CON: Failed to request enable GPIO86: -517
[    0.109803] reg-fixed-voltage regulators:regulator@12: Failed to register regulator: -517
[    0.109824] platform regulators:regulator@12: Driver reg-fixed-voltage requests probe deferral
[    0.109988] +5V_SATA: Failed to request enable GPIO242: -517
[    0.110076] reg-fixed-voltage regulators:regulator@13: Failed to register regulator: -517
[    0.110096] platform regulators:regulator@13: Driver reg-fixed-voltage requests probe deferral
[    0.110261] +12V_SATA: Failed to request enable GPIO242: -517
[    0.110350] reg-fixed-voltage regulators:regulator@14: Failed to register regulator: -517
[    0.110371] platform regulators:regulator@14: Driver reg-fixed-voltage requests probe deferral
[    0.112661] vgaarb: loaded
[    0.113319] SCSI subsystem initialized
[    0.113483] libata version 3.00 loaded.
[    0.113824] usbcore: registered new interface driver usbfs
[    0.113892] usbcore: registered new interface driver hub
[    0.113969] usbcore: registered new device driver usb
[    0.117231] Linux video capture interface: v2.00
[    0.117290] pps_core: LinuxPPS API ver. 1 registered
[    0.117299] pps_core: Software ver. 5.3.6 - Copyright 2005-2007 Rodolfo Giometti <giometti@linux.it>
[    0.117329] PTP clock support registered
[    0.117553] EDAC MC: Ver: 3.0.0
[    0.118385] Advanced Linux Sound Architecture Driver Initialized.
[    0.119476] Switched to clocksource timer_us
[    0.130198] NET: Registered protocol family 2
[    0.130768] TCP established hash table entries: 8192 (order: 3, 32768 bytes)
[    0.130859] TCP bind hash table entries: 8192 (order: 4, 65536 bytes)
[    0.131045] TCP: Hash tables configured (established 8192 bind 8192)
[    0.131090] TCP: reno registered
[    0.131103] UDP hash table entries: 512 (order: 2, 16384 bytes)
[    0.131146] UDP-Lite hash table entries: 512 (order: 2, 16384 bytes)
[    0.131323] NET: Registered protocol family 1
[    0.131570] RPC: Registered named UNIX socket transport module.
[    0.131579] RPC: Registered udp transport module.
[    0.131587] RPC: Registered tcp transport module.
[    0.131594] RPC: Registered tcp NFSv4.1 backchannel transport module.
[    0.131617] PCI: CLS 0 bytes, default 64
[    0.133818] futex hash table entries: 1024 (order: 4, 65536 bytes)
[    0.145945] squashfs: version 4.0 (2009/01/31) Phillip Lougher
[    0.146736] NFS: Registering the id_resolver key type
[    0.146772] Key type id_resolver registered
[    0.146782] Key type id_legacy registered
[    0.146843] msgmni has been set to 1462
[    0.147267] bounce: pool size: 64 pages
[    0.147477] Block layer SCSI generic (bsg) driver version 0.4 loaded (major 249)
[    0.147493] io scheduler noop registered
[    0.147507] io scheduler deadline registered
[    0.147708] io scheduler cfq registered (default)
[    0.160750] tegra-pcie 1003000.pcie-controller: 2x1, 1x1 configuration
[    0.160799] tegra-pcie 1003000.pcie-controller: Failed to get supply 'avddio-pex': -517
[    0.160832] platform 1003000.pcie-controller: Driver tegra-pcie requests probe deferral
[    0.165619] tegra-apbdma 60020000.dma: Tegra20 APB DMA driver register 32 channels
[    0.232417] Serial: 8250/16550 driver, 4 ports, IRQ sharing disabled
[    0.234263] Serial: IMX driver
[    0.234772] msm_serial: driver initialized
[    0.235597] console [ttyS0] disabled
[    0.235636] of_serial 70006300.serial: ttyS0 at MMIO 0x70006300 (irq = 122, base_baud = 25500000) is a Tegra
[    1.143242] console [ttyS0] enabled
[    1.147456] STMicroelectronics ASC driver initialized
[    1.153347] serial: Freescale lpuart driver
[    1.157762] [drm] Initialized drm 1.1.0 20060810
[    1.163647] tegra-hdmi 54280000.hdmi: failed to get HDMI regulator
[    1.169851] platform 54280000.hdmi: Driver tegra-hdmi requests probe deferral
[    1.182980] loop: module loaded
[    1.186447] at24 0-0056: 256 byte 24c02 EEPROM, writable, 8 bytes/write
[    1.194253] as3722 4-0040: AS3722 with revision 0x1 found
[    1.203454] +VDD_CPU_AP: 700 <--> 1400 mV at 1000 mV 3500 mA 
[    1.210222] +VDD_CORE: 700 <--> 1350 mV at 1100 mV 2500 mA 
[    1.216457] +1.35V_LP0(sd2): 1350 mV 
[    1.220192] +1.35V_LP0(sd2): supplied by +5V_SYS
[    1.225299] +1.35V_LP0(sd3): 1350 mV 
[    1.229018] +1.35V_LP0(sd3): supplied by +5V_SYS
[    1.234108] +1.05V_RUN: 1050 mV 
[    1.237407] +1.05V_RUN: supplied by +5V_SYS
[    1.241944] +1.8V_VDDIO: 1800 mV 
[    1.245329] +1.8V_VDDIO: supplied by +5V_SYS
[    1.250967] +VDD_GPU_AP: 650 <--> 1200 mV at 1000 mV 3500 mA 
[    1.257086] +1.05V_RUN_AVDD: 1050 mV at 300 mA 
[    1.261688] +1.05V_RUN_AVDD: supplied by +1.35V_LP0(sd2)
[    1.267933] +1.8V_RUN_CAM: 1800 mV at 150 mA 
[    1.272372] as3722-regulator as3722-regulator: Failed to find supply vin-ldo1-6
[    1.279795] as3722-regulator as3722-regulator: regulator 8 register failed -517
[    1.288334] platform as3722-regulator: Driver as3722-regulator requests probe deferral
[    1.298301] tegra-ahci 70027000.sata: Failed to get supply 'avdd': -517
[    1.304930] tegra-ahci 70027000.sata: Failed to get regulators
[    1.310807] platform 70027000.sata: Driver tegra-ahci requests probe deferral
[    1.321397] m25p80 spi32765.0: w25q32dw (4096 Kbytes)
[    1.328326] CAN device driver interface
[    1.333208] igb: Intel(R) Gigabit Ethernet Network Driver - version 5.2.15-k
[    1.340261] igb: Copyright (c) 2007-2014 Intel Corporation.
[    1.347565] pegasus: v0.9.3 (2013/04/25), Pegasus/Pegasus II USB Ethernet driver
[    1.355017] usbcore: registered new interface driver pegasus
[    1.360754] usbcore: registered new interface driver asix
[    1.366215] usbcore: registered new interface driver ax88179_178a
[    1.372367] usbcore: registered new interface driver cdc_ether
[    1.378279] usbcore: registered new interface driver smsc75xx
[    1.384101] usbcore: registered new interface driver smsc95xx
[    1.389900] usbcore: registered new interface driver net1080
[    1.395613] usbcore: registered new interface driver cdc_subset
[    1.401585] usbcore: registered new interface driver zaurus
[    1.407250] usbcore: registered new interface driver cdc_ncm
[    1.413235] ehci_hcd: USB 2.0 'Enhanced' Host Controller (EHCI) Driver
[    1.419772] ehci-pci: EHCI PCI platform driver
[    1.424261] ehci-platform: EHCI generic platform driver
[    1.429675] ehci-omap: OMAP-EHCI Host Controller driver
[    1.435041] ehci-orion: EHCI orion driver
[    1.439177] SPEAr-ehci: EHCI SPEAr driver
[    1.443329] tegra-ehci: Tegra EHCI driver
[    1.447593] platform 7d004000.usb: Driver tegra-ehci requests probe deferral
[    1.454794] platform 7d008000.usb: Driver tegra-ehci requests probe deferral
[    1.461926] ohci_hcd: USB 1.1 'Open' Host Controller (OHCI) Driver
[    1.468125] ohci-pci: OHCI PCI platform driver
[    1.472629] ohci-platform: OHCI generic platform driver
[    1.477996] ohci-omap3: OHCI OMAP3 driver
[    1.482146] SPEAr-ohci: OHCI SPEAr driver
[    1.486686] usbcore: registered new interface driver usb-storage
[    1.492913] tegra-phy 7d004000.usb-phy: no vbus regulator
[    1.498596] platform 7d008000.usb-phy: Driver tegra-phy requests probe deferral
[    1.507309] mousedev: PS/2 mouse device common for all mice
[    1.516180] as3722-rtc as3722-rtc: rtc core: registered as3722-rtc as rtc0
[    1.523068] as3722-rtc as3722-rtc: RTC interrupt 464
[    1.531080] tegra_rtc 7000e000.rtc: rtc core: registered 7000e000.rtc as rtc1
[    1.538240] tegra_rtc 7000e000.rtc: Tegra internal Real Time Clock
[    1.544971] i2c /dev entries driver
[    1.550678] usbcore: registered new interface driver uvcvideo
[    1.556430] USB Video Class driver (1.1.1)
[    1.560540] gspca_main: v2.14.0 registered
[    1.565632] 0-004c supply vcc not found, using dummy regulator
[    1.575996] sdhci: Secure Digital Host Controller Interface driver
[    1.582185] sdhci: Copyright(c) Pierre Ossman
[    1.587515] Synopsys Designware Multimedia Card Interface Driver
[    1.594357] sdhci-pltfm: SDHCI platform and OF driver helper
[    1.600680] sdhci-tegra 700b0400.sdhci: Got CD GPIO
[    1.605583] sdhci-tegra 700b0400.sdhci: Got WP GPIO
[    1.610503] mmc0: Unknown controller version (3). You may experience problems.
[    1.617822] sdhci-tegra 700b0400.sdhci: No vmmc regulator found
[    1.623784] platform 700b0400.sdhci: Driver sdhci-tegra requests probe deferral
[    1.631220] mmc0: Unknown controller version (3). You may experience problems.
[    1.638488] sdhci-tegra 700b0600.sdhci: No vmmc regulator found
[    1.644417] sdhci-tegra 700b0600.sdhci: No vqmmc regulator found
[    1.650427] mmc0: Invalid maximum block size, assuming 512 bytes
[    1.689501] mmc0: SDHCI controller on 700b0600.sdhci [700b0600.sdhci] using ADMA
[    1.698103] ledtrig-cpu: registered to indicate activity on CPUs
[    1.704360] usbcore: registered new interface driver usbhid
[    1.709948] usbhid: USB HID core driver
[    1.753488] mmc0: BKOPS_EN bit is not set
[    1.760810] mmc0: new high speed MMC card at address 0001
[    1.766580] mmcblk0: mmc0:0001 SEM16G 14.6 GiB 
[    1.771252] mmcblk0boot0: mmc0:0001 SEM16G partition 1 4.00 MiB
[    1.777286] mmcblk0boot1: mmc0:0001 SEM16G partition 2 4.00 MiB
[    1.783319] mmcblk0rpmb: mmc0:0001 SEM16G partition 3 4.00 MiB
[    1.791156] Primary GPT is invalid, using alternate GPT.
[    1.796508]  mmcblk0: p1 p2 p3 p4 p5 p6 p7 p8 p9
[    2.132152] tegra30-i2s 70301100.i2s: DMA channels sourced from device 70300000.ahub
[    2.148771] tegra-snd-rt5640 sound: rt5640-aif1 <-> 70301100.i2s mapping ok
[    2.158808] input: NVIDIA Tegra Jetson TK1 Headphones as /devices/soc0/sound/sound/card0/input0
[    2.168852] TCP: cubic registered
[    2.172197] NET: Registered protocol family 17
[    2.176670] can: controller area network core (rev 20120528 abi 9)
[    2.182918] NET: Registered protocol family 29
[    2.187382] can: raw protocol (rev 20120528)
[    2.191667] can: broadcast manager protocol (rev 20120528 t)
[    2.197345] can: netlink gateway (rev 20130117) max_hops=1
[    2.203212] Key type dns_resolver registered
[    2.208078] ThumbEE CPU extension supported.
[    2.212376] Registering SWP/SWPB emulation handler
[    2.219895] +3.3V_RUN: 3300 mV 
[    2.223120] +3.3V_RUN: supplied by +3.3V_SYS
[    2.227863] +3.3V_AVDD_HDMI_AP_GATED: 3300 mV 
[    2.232396] +3.3V_AVDD_HDMI_AP_GATED: supplied by +3.3V_RUN
[    2.238442] +USB0_VBUS_SW: 5000 mV 
[    2.242043] +USB0_VBUS_SW: supplied by +5V_SYS
[    2.246965] +5V_USB_HS: 5000 mV 
[    2.250302] +5V_USB_HS: supplied by +5V_SYS
[    2.257276] +3.3V_LP0: 3300 mV 
[    2.260537] +3.3V_LP0: supplied by +3.3V_SYS
[    2.265260] +1.05V_RUN_AVDD_HDMI_PLL: 1050 mV 
[    2.269758] reg-fixed-voltage regulators:regulator@11: Failed to find supply vin
[    2.277272] reg-fixed-voltage regulators:regulator@11: Failed to register regulator: -517
[    2.285467] platform regulators:regulator@11: Driver reg-fixed-voltage requests probe deferral
[    2.294998] +5V_HDMI_CON: 5000 mV 
[    2.298436] +5V_HDMI_CON: supplied by +5V_SYS
[    2.303153] +5V_SATA: 5000 mV 
[    2.306267] +5V_SATA: supplied by +5V_SYS
[    2.310619] +12V_SATA: 12000 mV 
[    2.313884] +12V_SATA: supplied by +VDD_MUX
[    2.318498] tegra-pcie 1003000.pcie-controller: 2x1, 1x1 configuration
[    2.325067] tegra-pcie 1003000.pcie-controller: Failed to get supply 'avddio-pex': -517
[    2.333095] platform 1003000.pcie-controller: Driver tegra-pcie requests probe deferral
[    2.341893] tegra-hdmi 54280000.hdmi: failed to get PLL regulator
[    2.348053] platform 54280000.hdmi: Driver tegra-hdmi requests probe deferral
[    2.357009] +VDD_CPU_AP: 700 <--> 1400 mV at 1000 mV 3500 mA 
[    2.363437] +VDD_CORE: 700 <--> 1350 mV at 1100 mV 2500 mA 
[    2.369545] +1.35V_LP0(sd2): 1350 mV 
[    2.373303] +1.35V_LP0(sd2): supplied by +5V_SYS
[    2.378185] +1.35V_LP0(sd3): 1350 mV 
[    2.381977] +1.35V_LP0(sd3): supplied by +5V_SYS
[    2.386856] +1.05V_RUN: 1050 mV 
[    2.390214] +1.05V_RUN: supplied by +5V_SYS
[    2.394653] +1.8V_VDDIO: 1800 mV 
[    2.398059] +1.8V_VDDIO: supplied by +5V_SYS
[    2.403756] +VDD_GPU_AP: 650 <--> 1200 mV at 1000 mV 3500 mA 
[    2.409783] +1.05V_RUN_AVDD: 1050 mV at 300 mA 
[    2.414384] +1.05V_RUN_AVDD: supplied by +1.35V_LP0(sd2)
[    2.420390] +1.8V_RUN_CAM: 1800 mV at 150 mA 
[    2.424886] +1.8V_RUN_CAM: supplied by +3.3V_RUN
[    2.431085] +1.2V_GEN_AVDD: 1200 mV at 150 mA 
[    2.435648] +1.2V_GEN_AVDD: supplied by +1.8V_VDDIO
[    2.442463] +1.05V_LP0_VDD_RTC: 1000 mV at 150 mA 
[    2.447375] +1.05V_LP0_VDD_RTC: supplied by +3.3V_SYS
[    2.453528] +2.8V_RUN_CAM: 2800 mV at 150 mA 
[    2.458042] +2.8V_RUN_CAM: supplied by +3.3V_SYS
[    2.463982] +1.2V_RUN_CAM_FRONT: 1200 mV at 150 mA 
[    2.468991] +1.2V_RUN_CAM_FRONT: supplied by +1.8V_VDDIO
[    2.475266] +VDDIO_SDMMC3: 1800 <--> 3300 mV at 150 mA 
[    2.480646] +VDDIO_SDMMC3: supplied by +3.3V_RUN
[    2.486368] +1.05V_RUN_CAM_REAR: 1050 mV at 150 mA 
[    2.491384] +1.05V_RUN_CAM_REAR: supplied by +1.8V_VDDIO
[    2.498681] +3.3V_RUN_TOUCH: 2800 mV at 150 mA 
[    2.503356] +3.3V_RUN_TOUCH: supplied by +5V_SYS
[    2.509032] +2.8V_RUN_CAM_AF: 2800 mV at 150 mA 
[    2.513782] +2.8V_RUN_CAM_AF: supplied by +5V_SYS
[    2.519689] +1.8V_RUN_VPP_FUSE: 1800 mV at 150 mA 
[    2.524620] +1.8V_RUN_VPP_FUSE: supplied by +3.3V_RUN
[    2.532024] tegra-ahci 70027000.sata: AHCI 0001.0301 32 slots 2 ports 3 Gbps 0x1 impl platform mode
[    2.541095] tegra-ahci 70027000.sata: flags: 64bit ncq sntf pm led pio slum part sadm sds apst 
[    2.552094] scsi host0: ahci_platform
[    2.556725] scsi host1: ahci_platform
[    2.560747] ata1: SATA max UDMA/133 mmio [mem 0x70027000-0x70028fff] port 0x100 irq 55
[    2.568671] ata2: DUMMY
[    2.574634] tegra-ehci 7d004000.usb: EHCI Host Controller
[    2.580092] tegra-ehci 7d004000.usb: new USB bus registered, assigned bus number 1
[    2.587841] tegra-ehci 7d004000.usb: irq 53, io mem 0x7d004000
[    2.599512] tegra-ehci 7d004000.usb: USB 2.0 started, EHCI 1.10
[    2.606270] hub 1-0:1.0: USB hub found
[    2.610087] hub 1-0:1.0: 1 port detected
[    2.615356] platform 7d008000.usb: Driver tegra-ehci requests probe deferral
[    2.624231] sdhci-tegra 700b0400.sdhci: Got CD GPIO
[    2.629174] sdhci-tegra 700b0400.sdhci: Got WP GPIO
[    2.634134] mmc1: Unknown controller version (3). You may experience problems.
[    2.641550] sdhci-tegra 700b0400.sdhci: No vmmc regulator found
[    2.647534] mmc1: Invalid maximum block size, assuming 512 bytes
[    2.690076] mmc1: SDHCI controller on 700b0400.sdhci [700b0400.sdhci] using ADMA
[    2.697937] +1.05V_RUN_AVDD_HDMI_PLL: 1050 mV 
[    2.702471] +1.05V_RUN_AVDD_HDMI_PLL: supplied by +1.05V_RUN
[    2.708722] tegra-pcie 1003000.pcie-controller: 2x1, 1x1 configuration
[    2.716286] tegra-pcie 1003000.pcie-controller: probing port 0, using 2 lanes
[    2.725578] tegra-pcie 1003000.pcie-controller: Slot present pin change, signature: 00000008
[    2.894569] ata1: SATA link down (SStatus 0 SControl 300)
[    3.162855] tegra-pcie 1003000.pcie-controller: link 0 down, retrying
[    3.599038] tegra-pcie 1003000.pcie-controller: link 0 down, retrying
[    4.034540] tegra-pcie 1003000.pcie-controller: link 0 down, retrying
[    4.043174] tegra-pcie 1003000.pcie-controller: link 0 down, ignoring
[    4.049682] tegra-pcie 1003000.pcie-controller: probing port 1, using 1 lanes
[    4.059185] tegra-pcie 1003000.pcie-controller: Slot present pin change, signature: 00000000
[    4.493295] tegra-pcie 1003000.pcie-controller: link 1 down, retrying
[    4.929609] tegra-pcie 1003000.pcie-controller: link 1 down, retrying
[    5.365915] tegra-pcie 1003000.pcie-controller: link 1 down, retrying
[    5.374558] tegra-pcie 1003000.pcie-controller: link 1 down, ignoring
[    5.381286] tegra-pcie 1003000.pcie-controller: PCI host bridge to bus 0000:00
[    5.388524] pci_bus 0000:00: root bus resource [mem 0x13000000-0x1fffffff]
[    5.395406] pci_bus 0000:00: root bus resource [mem 0x20000000-0x3fffffff pref]
[    5.402719] pci_bus 0000:00: root bus resource [bus 00-ff]
[    5.408211] pci_bus 0000:00: root bus resource [io  0x1000-0xffff]
[    5.414423] PCI: bus0: Fast back to back transfers enabled
[    5.421801] [drm] Supports vblank timestamp caching Rev 2 (21.10.2013).
[    5.428450] [drm] No driver support for vblank timestamp query.
[    5.434417] host1x drm: No connectors reported connected with modes
[    5.440719] [drm] Cannot find any crtc or sizes - going 1024x768
[    5.456475] Console: switching to colour frame buffer device 128x48
[    5.470092] host1x drm: fb0:  frame buffer device
[    5.474808] host1x drm: registered panic notifier
[    5.494646] [drm] Initialized tegra 0.0.0 20120330 on minor 0
[    5.501340] tegra-ehci 7d008000.usb: EHCI Host Controller
[    5.506780] tegra-ehci 7d008000.usb: new USB bus registered, assigned bus number 2
[    5.514645] tegra-ehci 7d008000.usb: irq 129, io mem 0x7d008000
[    5.529630] tegra-ehci 7d008000.usb: USB 2.0 started, EHCI 1.10
[    5.536462] hub 2-0:1.0: USB hub found
[    5.540281] hub 2-0:1.0: 1 port detected
[    5.545452] input: gpio-keys as /devices/soc0/gpio-keys/input/input1
[    5.553002] as3722-rtc as3722-rtc: setting system clock to 2000-02-01 00:00:20 UTC (949363220)
[    5.572392] +1.05V_RUN_AVDD_HDMI_PLL: disabling
[    5.576939] +1.8V_RUN_VPP_FUSE: disabling
[    5.581390] +2.8V_RUN_CAM_AF: disabling
[    5.585601] +3.3V_RUN_TOUCH: disabling
[    5.589702] +1.05V_RUN_CAM_REAR: disabling
[    5.593928] +1.2V_RUN_CAM_FRONT: disabling
[    5.598379] +2.8V_RUN_CAM: disabling
[    5.602108] +1.8V_RUN_CAM: disabling
[    5.605826] +USB0_VBUS_SW: disabling
[    5.609399] +3.3V_AVDD_HDMI_AP_GATED: disabling
[    5.614263] ALSA device list:
[    5.617241]   #0: NVIDIA Tegra Jetson TK1
[    5.622534] EXT4-fs (mmcblk0p1): couldn't mount as ext3 due to feature incompatibilities
[    5.631334] EXT4-fs (mmcblk0p1): couldn't mount as ext2 due to feature incompatibilities
[    5.645914] EXT4-fs (mmcblk0p1): recovery complete
[    5.650769] EXT4-fs (mmcblk0p1): mounted filesystem with ordered data mode. Opts: (null)
[    5.658945] VFS: Mounted root (ext4 filesystem) on device 179:1.
[    5.666541] devtmpfs: mounted
[    5.670250] Freeing unused kernel memory: 724K (c0b71000 - c0c26000)
[    5.849549] usb 2-1: new high-speed USB device number 2 using tegra-ehci
bash: cannot set terminal process group (-1): Inappropriate ioctl for device
bash: no job control in this shell
root@(none):/# 