0.000000] efi: Getting EFI parameters from FDT:
[    0.000000] efi: UEFI not found.
[    0.000000] cma: Reserved 16 MiB at 0x00000000f5400000
[    0.000000] earlycon: uart0 at MMIO 0x0000000070006000 (options '115200n8')
[    0.000000] bootconsole [uart0] enabled
[    0.000000] psci: probing for conduit method from DT.
[    0.000000] psci: PSCIv1.0 detected in firmware.
[    0.000000] psci: Using standard PSCI v0.2 function IDs
[    0.000000] psci: MIGRATE_INFO_UP_CPU reported invalid physical ID (0x80000000)
[    0.000000] percpu: Embedded 21 pages/cpu @ffff8000bff4d000 s48000 r8192 d29824 u86016
[    0.000000] Detected PIPT I-cache on CPU0
[    0.000000] CPU features: enabling workaround for ARM erratum 832075
[    0.000000] CPU features: enabling workaround for ARM erratum 834220
[    0.000000] Built 1 zonelists in Zone order, mobility grouping on.  Total pages: 735336
[    0.000000] Kernel command line: cros_secure vpr=0x08000000@0xf6800000 earlycon
[    0.000000] log_buf_len individual max cpu contribution: 4096 bytes
[    0.000000] log_buf_len total cpu_extra contributions: 12288 bytes
[    0.000000] log_buf_len min size: 16384 bytes
[    0.000000] log_buf_len: 32768 bytes
[    0.000000] early log buf free: 14420(88%)
[    0.000000] PID hash table entries: 4096 (order: 3, 32768 bytes)
[    0.000000] Dentry cache hash table entries: 524288 (order: 10, 4194304 bytes)
[    0.000000] Inode-cache hash table entries: 262144 (order: 9, 2097152 bytes)
[    0.000000] software IO TLB [mem 0xf1400000-0xf5400000] (64MB) mapped at [ffff800071400000-ffff8000753fffff]
[    0.000000] Memory: 2832756K/2988032K available (8252K kernel code, 858K rwdata, 3904K rodata, 1024K init, 281K bss, 138892K reserved, 16384K cma-reserved)
[    0.000000] Virtual kernel memory layout:
[    0.000000]     modules : 0xffff000000000000 - 0xffff000008000000   (   128 MB)
[    0.000000]     vmalloc : 0xffff000008000000 - 0xffff7dffbfff0000   (129022 GB)
[    0.000000]       .text : 0xffff000008080000 - 0xffff000008890000   (  8256 KB)
[    0.000000]     .rodata : 0xffff000008890000 - 0xffff000008c70000   (  3968 KB)
[    0.000000]       .init : 0xffff000008c70000 - 0xffff000008d70000   (  1024 KB)
[    0.000000]       .data : 0xffff000008d70000 - 0xffff000008e46a00   (   859 KB)
[    0.000000]        .bss : 0xffff000008e46a00 - 0xffff000008e8cf40   (   282 KB)
[    0.000000]     fixed   : 0xffff7dfffe7fd000 - 0xffff7dfffec00000   (  4108 KB)
[    0.000000]     PCI I/O : 0xffff7dfffee00000 - 0xffff7dffffe00000   (    16 MB)
[    0.000000]     vmemmap : 0xffff7e0000000000 - 0xffff800000000000   (  2048 GB maximum)
[    0.000000]               0xffff7e0000000000 - 0xffff7e0003000000   (    48 MB actual)
[    0.000000]     memory  : 0xffff800000000000 - 0xffff8000c0000000   (  3072 MB)
[    0.000000] SLUB: HWalign=64, Order=0-3, MinObjects=0, CPUs=4, Nodes=1
[    0.000000] Preemptible hierarchical RCU implementation.
[    0.000000] 	Build-time adjustment of leaf fanout to 64.
[    0.000000] 	RCU restricting CPUs from NR_CPUS=64 to nr_cpu_ids=4.
[    0.000000] RCU: Adjusting geometry for rcu_fanout_leaf=64, nr_cpu_ids=4
[    0.000000] NR_IRQS:64 nr_irqs:64 0
[    0.000000] GIC: Using split EOI/Deactivate mode
[    0.000000] /interrupt-controller@60004000: 192 interrupts forwarded to /interrupt-controller@50041000
[    0.000000] boot misc0 0x0: expected 0x80000
[    0.000000]  (comparison mask = 0x400ffffb)
[    0.000000] boot misc2 0x1f720005: expected 0x1f720f05
[    0.000000]  (comparison mask = 0xffffff17)
[    0.000000] PLL_C already enabled. Postponing set full defaults
[    0.000000] PLL_MB already enabled. Postponing set full defaults
[    0.000000] PLL_U already enabled. Postponing set full defaults
[    0.000000] PLL_D already enabled. Postponing set full defaults
[    0.000000] PLL_DP already enabled. Postponing set full defaults
[    0.000000] boot misc0 0x0: expected 0x20
[    0.000000]  (comparison mask = 0x7ffffff)
[    0.000000] boot misc1 0x90000000: expected 0xc0000000
[    0.000000]  (comparison mask = 0xf8000000)
[    0.000000] boot misc2 0x0: expected 0xf400f0da
[    0.000000]  (comparison mask = 0xffffffff)
[    0.000000] boot misc3 0x5068: expected 0x2004f400
[    0.000000]  (comparison mask = 0xffffffff)
[    0.000000] PLL_P already enabled. Postponing set full defaults
[    0.000000] PLL_X already enabled. Postponing set full defaults
[    0.000000] boot misc1 0x0: expected 0x20
[    0.000000]  (comparison mask = 0xffffff)
[    0.000000] arm_arch_timer: Architected cp15 timer(s) running at 19.20MHz (phys).
[    0.000000] clocksource: arch_sys_counter: mask: 0xffffffffffffff max_cycles: 0x46d987e47, max_idle_ns: 440795202767 ns
[    0.000002] sched_clock: 56 bits at 19MHz, resolution 52ns, wraps every 4398046511078ns
[    0.008346] Console: colour dummy device 80x25
[    0.012914] console [tty0] enabled
[    0.016408] bootconsole [uart0] disabled
[    0.000000] Booting Linux on physical CPU 0x0
[    0.000000] Linux version 4.9.0-rc5-152502-ga25f094 (pwalmsley@tamien) (gcc version 4.9.2 20140904 (prerelease) (crosstool-NG linaro-1.13.1-4.9-2014.09 - Linaro GCC 4.9-2014.09) ) #1 SMP PREEMPT Mon Nov 14 02:07:04 PST 2016
[    0.000000] Boot CPU: AArch64 Processor [411fd071]
[    0.000000] efi: Getting EFI parameters from FDT:
[    0.000000] efi: UEFI not found.
[    0.000000] cma: Reserved 16 MiB at 0x00000000f5400000
[    0.000000] earlycon: uart0 at MMIO 0x0000000070006000 (options '115200n8')
[    0.000000] bootconsole [uart0] enabled
[    0.000000] psci: probing for conduit method from DT.
[    0.000000] psci: PSCIv1.0 detected in firmware.
[    0.000000] psci: Using standard PSCI v0.2 function IDs
[    0.000000] psci: MIGRATE_INFO_UP_CPU reported invalid physical ID (0x80000000)
[    0.000000] percpu: Embedded 21 pages/cpu @ffff8000bff4d000 s48000 r8192 d29824 u86016
[    0.000000] Detected PIPT I-cache on CPU0
[    0.000000] CPU features: enabling workaround for ARM erratum 832075
[    0.000000] CPU features: enabling workaround for ARM erratum 834220
[    0.000000] Built 1 zonelists in Zone order, mobility grouping on.  Total pages: 735336
[    0.000000] Kernel command line: cros_secure vpr=0x08000000@0xf6800000 earlycon
[    0.000000] log_buf_len individual max cpu contribution: 4096 bytes
[    0.000000] log_buf_len total cpu_extra contributions: 12288 bytes
[    0.000000] log_buf_len min size: 16384 bytes
[    0.000000] log_buf_len: 32768 bytes
[    0.000000] early log buf free: 14420(88%)
[    0.000000] PID hash table entries: 4096 (order: 3, 32768 bytes)
[    0.000000] Dentry cache hash table entries: 524288 (order: 10, 4194304 bytes)
[    0.000000] Inode-cache hash table entries: 262144 (order: 9, 2097152 bytes)
[    0.000000] software IO TLB [mem 0xf1400000-0xf5400000] (64MB) mapped at [ffff800071400000-ffff8000753fffff]
[    0.000000] Memory: 2832756K/2988032K available (8252K kernel code, 858K rwdata, 3904K rodata, 1024K init, 281K bss, 138892K reserved, 16384K cma-reserved)
[    0.000000] Virtual kernel memory layout:
[    0.000000]     modules : 0xffff000000000000 - 0xffff000008000000   (   128 MB)
[    0.000000]     vmalloc : 0xffff000008000000 - 0xffff7dffbfff0000   (129022 GB)
[    0.000000]       .text : 0xffff000008080000 - 0xffff000008890000   (  8256 KB)
[    0.000000]     .rodata : 0xffff000008890000 - 0xffff000008c70000   (  3968 KB)
[    0.000000]       .init : 0xffff000008c70000 - 0xffff000008d70000   (  1024 KB)
[    0.000000]       .data : 0xffff000008d70000 - 0xffff000008e46a00   (   859 KB)
[    0.000000]        .bss : 0xffff000008e46a00 - 0xffff000008e8cf40   (   282 KB)
[    0.000000]     fixed   : 0xffff7dfffe7fd000 - 0xffff7dfffec00000   (  4108 KB)
[    0.000000]     PCI I/O : 0xffff7dfffee00000 - 0xffff7dffffe00000   (    16 MB)
[    0.000000]     vmemmap : 0xffff7e0000000000 - 0xffff800000000000   (  2048 GB maximum)
[    0.000000]               0xffff7e0000000000 - 0xffff7e0003000000   (    48 MB actual)
[    0.000000]     memory  : 0xffff800000000000 - 0xffff8000c0000000   (  3072 MB)
[    0.000000] SLUB: HWalign=64, Order=0-3, MinObjects=0, CPUs=4, Nodes=1
[    0.000000] Preemptible hierarchical RCU implementation.
[    0.000000] 	Build-time adjustment of leaf fanout to 64.
[    0.000000] 	RCU restricting CPUs from NR_CPUS=64 to nr_cpu_ids=4.
[    0.000000] RCU: Adjusting geometry for rcu_fanout_leaf=64, nr_cpu_ids=4
[    0.000000] NR_IRQS:64 nr_irqs:64 0
[    0.000000] GIC: Using split EOI/Deactivate mode
[    0.000000] /interrupt-controller@60004000: 192 interrupts forwarded to /interrupt-controller@50041000
[    0.000000] boot misc0 0x0: expected 0x80000
[    0.000000]  (comparison mask = 0x400ffffb)
[    0.000000] boot misc2 0x1f720005: expected 0x1f720f05
[    0.000000]  (comparison mask = 0xffffff17)
[    0.000000] PLL_C already enabled. Postponing set full defaults
[    0.000000] PLL_MB already enabled. Postponing set full defaults
[    0.000000] PLL_U already enabled. Postponing set full defaults
[    0.000000] PLL_D already enabled. Postponing set full defaults
[    0.000000] PLL_DP already enabled. Postponing set full defaults
[    0.000000] boot misc0 0x0: expected 0x20
[    0.000000]  (comparison mask = 0x7ffffff)
[    0.000000] boot misc1 0x90000000: expected 0xc0000000
[    0.000000]  (comparison mask = 0xf8000000)
[    0.000000] boot misc2 0x0: expected 0xf400f0da
[    0.000000]  (comparison mask = 0xffffffff)
[    0.000000] boot misc3 0x5068: expected 0x2004f400
[    0.000000]  (comparison mask = 0xffffffff)
[    0.000000] PLL_P already enabled. Postponing set full defaults
[    0.000000] PLL_X already enabled. Postponing set full defaults
[    0.000000] boot misc1 0x0: expected 0x20
[    0.000000]  (comparison mask = 0xffffff)
[    0.000000] arm_arch_timer: Architected cp15 timer(s) running at 19.20MHz (phys).
[    0.000000] clocksource: arch_sys_counter: mask: 0xffffffffffffff max_cycles: 0x46d987e47, max_idle_ns: 440795202767 ns
[    0.000002] sched_clock: 56 bits at 19MHz, resolution 52ns, wraps every 4398046511078ns
[    0.008346] Console: colour dummy device 80x25
[    0.012914] console [tty0] enabled
[    0.016408] bootconsole [uart0] disabled
[    0.020451] Calibrating delay loop (skipped), value calculated using timer frequency.. 38.40 BogoMIPS (lpj=76800)
[    0.020464] pid_max: default: 32768 minimum: 301
[    0.020511] Security Framework initialized
[    0.020539] Mount-cache hash table entries: 8192 (order: 4, 65536 bytes)
[    0.020547] Mountpoint-cache hash table entries: 8192 (order: 4, 65536 bytes)
[    0.021136] ASID allocator initialised with 65536 entries
[    0.053183] Speedo Revision 4
[    0.053200] Tegra Revision: A02 SKU: 19 CPU Process: 0 SoC Process: 0
[    0.100620] EFI services will not be available.
[    0.148708] Detected PIPT I-cache on CPU1
[    0.148735] CPU1: Booted secondary processor [411fd071]
[    0.180740] Detected PIPT I-cache on CPU2
[    0.180758] CPU2: Booted secondary processor [411fd071]
[    0.212784] Detected PIPT I-cache on CPU3
[    0.212802] CPU3: Booted secondary processor [411fd071]
[    0.212842] Brought up 4 CPUs
[    0.212874] SMP: Total of 4 processors activated.
[    0.212882] CPU features: detected feature: 32-bit EL0 Support
[    0.212917] CPU: All CPU(s) started at EL2
[    0.212933] alternatives: patching kernel code
[    0.215279] devtmpfs: initialized
[    0.221834] DMI not present or invalid.
[    0.221978] clocksource: jiffies: mask: 0xffffffff max_cycles: 0xffffffff, max_idle_ns: 7645041785100000 ns
[    0.222218] pinctrl core: initialized pinctrl subsystem
[    0.223086] NET: Registered protocol family 16
[    0.232770] cpuidle: using governor menu
[    0.233248] vdso: 2 pages (1 code @ ffff000008897000, 1 data @ ffff000008d74000)
[    0.233271] hw-breakpoint: found 6 breakpoint and 4 watchpoint registers.
[    0.233728] DMA: preallocated 256 KiB pool for atomic allocations
[    0.234785] Serial: AMBA PL011 UART driver
[    0.273096] HugeTLB registered 2 MB page size, pre-allocated 0 pages
[    0.273705] ACPI: Interpreter disabled.
[    0.274055] PPLCD_VDD: Failed to request enable GPIO172: -517
[    0.274071] reg-fixed-voltage regulators:regulator@1: Failed to register regulator: -517
[    0.274393] PP1800_LCDIO: Failed to request enable GPIO171: -517
[    0.274407] reg-fixed-voltage regulators:regulator@5: Failed to register regulator: -517
[    0.274454] PP1800_CAM: Failed to request enable GPIO83: -517
[    0.274466] reg-fixed-voltage regulators:regulator@6: Failed to register regulator: -517
[    0.274843] vgaarb: loaded
[    0.274986] SCSI subsystem initialized
[    0.275241] usbcore: registered new interface driver usbfs
[    0.275281] usbcore: registered new interface driver hub
[    0.275329] usbcore: registered new device driver usb
[    0.276051] tegra-i2c 7000d100.i2c: could not find pctldev for node /host1x@50000000/dpaux@545c0000/pinmux-i2c, deferring probe
[    0.276137] pps_core: LinuxPPS API ver. 1 registered
[    0.276147] pps_core: Software ver. 5.3.6 - Copyright 2005-2007 Rodolfo Giometti <giometti@linux.it>
[    0.276171] PTP clock support registered
[    0.276263] dmi: Firmware registration failed.
[    0.276687] Advanced Linux Sound Architecture Driver Initialized.
[    0.277124] clocksource: Switched to clocksource arch_sys_counter
[    0.277210] VFS: Disk quotas dquot_6.6.0
[    0.277250] VFS: Dquot-cache hash table entries: 512 (order 0, 4096 bytes)
[    0.277393] pnp: PnP ACPI: disabled
[    0.281852] NET: Registered protocol family 2
[    0.282180] TCP established hash table entries: 32768 (order: 6, 262144 bytes)
[    0.282306] TCP bind hash table entries: 32768 (order: 7, 524288 bytes)
[    0.282507] TCP: Hash tables configured (established 32768 bind 32768)
[    0.282568] UDP hash table entries: 2048 (order: 4, 65536 bytes)
[    0.282598] UDP-Lite hash table entries: 2048 (order: 4, 65536 bytes)
[    0.282707] NET: Registered protocol family 1
[    0.282906] RPC: Registered named UNIX socket transport module.
[    0.282919] RPC: Registered udp transport module.
[    0.282927] RPC: Registered tcp transport module.
[    0.282936] RPC: Registered tcp NFSv4.1 backchannel transport module.
[    0.283053] Unpacking initramfs...
[    0.372198] Freeing initrd memory: 2364K (ffff80000a070000 - ffff80000a2bf000)
[    0.372477] kvm [1]: 8-bit VMID
[    0.372490] kvm [1]: IDMAP page: 80880000
[    0.372501] kvm [1]: HYP VA range: 800000000000:ffffffffffff
[    0.373155] kvm [1]: Hyp mode initialized successfully
[    0.373198] kvm [1]: vgic-v2@50044000
[    0.373283] kvm [1]: vgic interrupt IRQ1
[    0.373300] kvm [1]: virtual timer IRQ4
[    0.374526] futex hash table entries: 1024 (order: 5, 131072 bytes)
[    0.374594] audit: initializing netlink subsys (disabled)
[    0.374624] audit: type=2000 audit(0.363:1): initialized
[    0.374877] workingset: timestamp_bits=46 max_order=20 bucket_order=0
[    0.380238] squashfs: version 4.0 (2009/01/31) Phillip Lougher
[    0.380711] NFS: Registering the id_resolver key type
[    0.380735] Key type id_resolver registered
[    0.380744] Key type id_legacy registered
[    0.380758] nfs4filelayout_init: NFSv4 File Layout Driver Registering...
[    0.380862] 9p: Installing v9fs 9p2000 file system support
[    0.382325] Block layer SCSI generic (bsg) driver version 0.4 loaded (major 247)
[    0.382345] io scheduler noop registered
[    0.382433] io scheduler cfq registered (default)
[    0.383507] usb3-0 supply vbus not found, using dummy regulator
[    0.384401] libphy: mdio_driver_register: phy-bcm-ns2-pci
[    0.392453] tegra-apbdma 60020000.dma: Tegra20 APB DMA driver register 32 channels
[    0.393402] tegra-pmc 7000e400.pmc: i2c-thermtrip node not found, emergency thermal reset disabled.
[    0.393647] xenfs: not registering filesystem on non-xen platform
[    0.396623] Serial: 8250/16550 driver, 4 ports, IRQ sharing disabled
[    0.397957] 70006000.serial: ttyS0 at MMIO 0x70006000 (irq = 313, base_baud = 25500000) is a Tegra
[    1.374638] console [ttyS0] enabled
[    1.378497] SuperH (H)SCI(F) driver initialized
[    1.383295] msm_serial: driver initialized
[    1.387748] Unable to detect cache hierarchy from DT for CPU 0
[    1.396828] loop: module loaded
[    1.402869] cros-ec-i2c 0-001e: Chrome EC device registered
[    1.409083] max77620 1-003c: PMIC Version OTP:0x35 and ES:0x8
[    1.422388] PP1200_RCAM: Bringing 1050000uV into 1200000-1200000uV
[    1.429618] PP2800L_RCAM: Bringing 3100000uV into 2800000-2800000uV
[    1.436350] PP1100_SOC_RTC: Bringing 1000000uV into 850000-850000uV
[    1.443211] PP2800L_FCAM: Bringing 3100000uV into 2800000-2800000uV
[    1.449954] PP_LDO6: Bringing 2800000uV into 1800000-1800000uV
[    1.459335] hisi_sas: driver version v1.6
[    1.465179] libphy: Fixed MDIO Bus: probed
[    1.469739] tun: Universal TUN/TAP device driver, 1.6
[    1.474792] tun: (C) 1999-2004 Max Krasnyansky <maxk@qualcomm.com>
[    1.481689] e1000e: Intel(R) PRO/1000 Network Driver - 3.2.6-k
[    1.487522] e1000e: Copyright(c) 1999 - 2015 Intel Corporation.
[    1.493494] igb: Intel(R) Gigabit Ethernet Network Driver - version 5.4.0-k
[    1.500451] igb: Copyright (c) 2007-2014 Intel Corporation.
[    1.506070] igbvf: Intel(R) Gigabit Virtual Function Network Driver - version 2.4.0-k
[    1.513898] igbvf: Copyright (c) 2009 - 2012 Intel Corporation.
[    1.519858] sky2: driver version 1.30
[    1.523903] VFIO - User Level meta-driver version: 0.3
[    1.530928] ehci_hcd: USB 2.0 'Enhanced' Host Controller (EHCI) Driver
[    1.537460] ehci-pci: EHCI PCI platform driver
[    1.541948] ehci-platform: EHCI generic platform driver
[    1.547261] ehci-exynos: EHCI EXYNOS driver
[    1.551517] ehci-msm: Qualcomm On-Chip EHCI Host Controller
[    1.557168] ohci_hcd: USB 1.1 'Open' Host Controller (OHCI) Driver
[    1.563352] ohci-pci: OHCI PCI platform driver
[    1.567838] ohci-platform: OHCI generic platform driver
[    1.573144] ohci-exynos: OHCI EXYNOS driver
[    1.637769] tegra-xusb 70090000.usb: Firmware timestamp: 2015-08-10 09:47:54 UTC
[    1.645180] tegra-xusb 70090000.usb: xHCI Host Controller
[    1.650588] tegra-xusb 70090000.usb: new USB bus registered, assigned bus number 1
[    1.659119] tegra-xusb 70090000.usb: hcc params 0x0184f525 hci version 0x100 quirks 0x00010010
[    1.667759] tegra-xusb 70090000.usb: irq 319, io mem 0x70090000
[    1.674074] hub 1-0:1.0: USB hub found
[    1.677846] hub 1-0:1.0: 5 ports detected
[    1.682174] tegra-xusb 70090000.usb: xHCI Host Controller
[    1.687579] tegra-xusb 70090000.usb: new USB bus registered, assigned bus number 2
[    1.695192] usb usb2: We don't know the algorithms for LPM for this host, disabling LPM.
[    1.703570] hub 2-0:1.0: USB hub found
[    1.707338] hub 2-0:1.0: 4 ports detected
[    1.711838] usbcore: registered new interface driver usb-storage
[    1.718489] mousedev: PS/2 mouse device common for all mice
[    1.813466] random: fast init done
[    1.849252] max77686-rtc max77620-rtc: rtc core: registered max77620-rtc as rtc0
[    1.857223] tegra_rtc 7000e000.rtc: rtc core: registered 7000e000.rtc as rtc1
[    1.864378] tegra_rtc 7000e000.rtc: Tegra internal Real Time Clock
[    1.870639] i2c /dev entries driver
[    1.875458] bq27xxx-battery 2-0055: support ver. 1.2.0 enabled
[    1.897650] sdhci: Secure Digital Host Controller Interface driver
[    1.903862] sdhci: Copyright(c) Pierre Ossman
[    1.908404] Synopsys Designware Multimedia Card Interface Driver
[    1.914692] sdhci-pltfm: SDHCI platform and OF driver helper
[    1.920534] mmc0: Unknown controller version (3). You may experience problems.
[    1.973137] mmc0: SDHCI controller on 700b0600.sdhci [700b0600.sdhci] using ADMA 64-bit
[    1.983739] ledtrig-cpu: registered to indicate activity on CPUs
[    1.993549] usbcore: registered new interface driver usbhid
[    1.999277] usbhid: USB HID core driver
[    2.004208] NET: Registered protocol family 17
[    2.008791] 9pnet: Installing 9P2000 support
[    2.013185] Key type dns_resolver registered
[    2.021174] registered taskstats version 1
[    2.030105] tegra-i2c 7000d100.i2c: could not find pctldev for node /host1x@50000000/dpaux@545c0000/pinmux-i2c, deferring probe
[    2.042565] input: gpio-keys as /devices/platform/gpio-keys/input/input0
[    2.049491] tegra-i2c 7000d100.i2c: could not find pctldev for node /host1x@50000000/dpaux@545c0000/pinmux-i2c, deferring probe
[    2.077128] mmc0: new high speed MMC card at address 0001
[    2.082782] mmcblk0: mmc0:0001 BGND3R 29.1 GiB 
[    2.087421] mmcblk0boot0: mmc0:0001 BGND3R partition 1 4.00 MiB
[    2.093459] max77686-rtc max77620-rtc: setting system clock to 2000-08-25 15:36:07 UTC (967217767)
[    2.093464] mmcblk0boot1: mmc0:0001 BGND3R partition 2 4.00 MiB
[    2.093562] mmcblk0rpmb: mmc0:0001 BGND3R partition 3 4.00 MiB
[    2.096021]  mmcblk0: p1 p2 p3 p4 p5 p6 p7 p8 p9 p10 p11
[    2.097728] tegra-i2c 7000d100.i2c: could not find pctldev for node /host1x@50000000/dpaux@545c0000/pinmux-i2c, deferring probe
[    2.131377] PP1200_AVDD: disabling
[    2.134857] PP1200_RCAM: disabling
[    2.138323] PP2800L_RCAM: disabling
[    2.141877] PP2800L_FCAM: disabling
[    2.145428] PP_LDO6: disabling
[    2.148563] PPLCD_VDD: disabling
[    2.151811] PP1800_LCDIO: disabling
[    2.155316] PP1800_CAM: disabling
[    2.158631] ALSA device list:
[    2.161597]   No soundcards found.
[    2.165512] Freeing unused kernel memory: 1024K (ffff800000c70000 - ffff800000d70000)

System initialization...

Mounting /proc :[SUCCESS]
Mounting /sys :[SUCCESS]
Mounting /dev :[SUCCESS]
Mounting /dev/pts :[SUCCESS]
Mounting /sys/kernel/debug :[SUCCESS]
Mounting other filesystems :[SUCCESS]
Enabling hot-plug :[SUCCESS]
Populating /dev :[SUCCESS]
Starting syslogd :[SUCCESS]
Starting telnetd :[SUCCESS]

System initialization complete.

Please press Enter to activate this console. 