Diff for ./tegra114-dalmore-a04/tegra114-dalmore/multi_v7_defconfig_log.txt
--- /tmp/fooa	2015-01-11 13:09:23.413012274 -0800
+++ /tmp/foob	2015-01-11 13:09:23.417012437 -0800
@@ -38,20 +38,20 @@
 	 #################################################################
 	 #################################################################
 	 ##
-	 3.2 MiB/s
+	 3 MiB/s
 done
-Bytes transferred = 5745792 (57ac80 hex)
+Bytes transferred = 5746800 (57b070 hex)
 Tegra114 (Dalmore) # tftpboot 0x82000000 tegra114-dalmore.dtb
 Using asx0 device
 TFTP from server 192.168.100.1; our IP address is 192.168.100.100
 Filename 'tegra114-dalmore.dtb'.
 Load address: 0x82000000
 Loading: *###
-	 2.5 MiB/s
+	 2.8 MiB/s
 done
 Bytes transferred = 34638 (874e hex)
 Tegra114 (Dalmore) # bootz 0x81000000 - 0x82000000
-Kernel image @ 0x81000000 [ 0x000000 - 0x57ac80 ]
+Kernel image @ 0x81000000 [ 0x000000 - 0x57b070 ]
 ## Flattened Device Tree blob at 82000000
    Booting using the fdt blob at 0x82000000
    Loading Device Tree to 8fff4000, end 8ffff74d ... OK
@@ -59,7 +59,7 @@
 Starting kernel ...
 
 Booting Linux on physical CPU 0x0
-Linux version 3.19.0-rc3-12685-gb1940cd (pwalmsley@tamien) (gcc version 4.7.3 20130328 (prerelease) (crosstool-NG linaro-1.13.1-4.7-2013.04-20130415 - Linaro GCC 2013.04) ) #1 SMP Thu Jan 8 02:28:36 PST 2015
+Linux version 3.19.0-rc4-12904-geaa27f3 (pwalmsley@tamien) (gcc version 4.7.3 20130328 (prerelease) (crosstool-NG linaro-1.13.1-4.7-2013.04-20130415 - Linaro GCC 2013.04) ) #1 SMP Sun Jan 11 13:04:23 PST 2015
 CPU: ARMv7 Processor [412fc0f2] revision 2 (ARMv7), cr=10c5387d
 CPU: PIPT / VIPT nonaliasing data cache, PIPT instruction cache
 Machine model: NVIDIA Tegra114 Dalmore evaluation board
@@ -67,7 +67,7 @@
 cma: Reserved 64 MiB at 0xfb800000
 Memory policy: Data cache writealloc
 On node 0 totalpages: 524032
-free_area_init_node: node 0, pgdat c0dfc840, node_mem_map ee7f8000
+free_area_init_node: node 0, pgdat c0dfc8c0, node_mem_map ee7f8000
   DMA zone: 1520 pages used for memmap
   DMA zone: 0 pages reserved
   DMA zone: 194560 pages, LIFO batch:31
@@ -80,7 +80,7 @@
 PID hash table entries: 4096 (order: 2, 16384 bytes)
 Dentry cache hash table entries: 131072 (order: 7, 524288 bytes)
 Inode-cache hash table entries: 65536 (order: 6, 262144 bytes)
-Memory: 2000480K/2096128K available (7473K kernel code, 953K rwdata, 3052K rodata, 768K init, 306K bss, 30112K reserved, 65536K cma-reserved, 1252352K highmem)
+Memory: 2000480K/2096128K available (7477K kernel code, 953K rwdata, 3052K rodata, 764K init, 306K bss, 30112K reserved, 65536K cma-reserved, 1252352K highmem)
 Virtual kernel memory layout:
     vector  : 0xffff0000 - 0xffff1000   (   4 kB)
     fixmap  : 0xffc00000 - 0xfff00000   (3072 kB)
@@ -88,10 +88,10 @@
     lowmem  : 0xc0000000 - 0xef800000   ( 760 MB)
     pkmap   : 0xbfe00000 - 0xc0000000   (   2 MB)
     modules : 0xbf000000 - 0xbfe00000   (  14 MB)
-      .text : 0xc0208000 - 0xc0c4f8cc   (10527 kB)
-      .init : 0xc0c50000 - 0xc0d10000   ( 768 kB)
-      .data : 0xc0d10000 - 0xc0dfe720   ( 954 kB)
-       .bss : 0xc0dfe720 - 0xc0e4b068   ( 307 kB)
+      .text : 0xc0208000 - 0xc0c508ac   (10531 kB)
+      .init : 0xc0c51000 - 0xc0d10000   ( 764 kB)
+      .data : 0xc0d10000 - 0xc0dfe7a0   ( 954 kB)
+       .bss : 0xc0dfe7a0 - 0xc0e4b0e8   ( 307 kB)
 SLUB: HWalign=64, Order=0-3, MinObjects=0, CPUs=4, Nodes=1
 Hierarchical RCU implementation.
 	RCU restricting CPUs from NR_CPUS=8 to nr_cpu_ids=4.
@@ -114,7 +114,7 @@
 /cpus/cpu@2 missing clock-frequency property
 /cpus/cpu@3 missing clock-frequency property
 CPU0: thread -1, cpu 0, socket 0, mpidr 80000000
-Setting up static identity map for 0x80910f60 - 0x80910ff8
+Setting up static identity map for 0x809112d8 - 0x80911370
 Tegra Revision: A01 SKU: 0 CPU Process: 1 Core Process: 0
 CPU1: thread -1, cpu 1, socket 0, mpidr 80000001
 CPU2: thread -1, cpu 2, socket 0, mpidr 80000002
@@ -323,7 +323,7 @@
 host1x drm: registered panic notifier
 [drm] Initialized tegra 0.0.0 20120330 on minor 0
 input: gpio-keys as /devices/soc0/gpio-keys/input/input1
-palmas-rtc 7000d000.i2c:tps65913@58:rtc: setting system clock to 2000-06-15 05:47:57 UTC (961048077)
+palmas-rtc 7000d000.i2c:tps65913@58:rtc: setting system clock to 2000-06-18 16:23:54 UTC (961345434)
 vdd_cam_1v8_reg: disabling
 vdd_hdmi_5v0: disabling
 usb1_vbus: disabling
@@ -335,7 +335,7 @@
 EXT4-fs (mmcblk0p1): mounted filesystem with ordered data mode. Opts: (null)
 VFS: Mounted root (ext3 filesystem) on device 179:1.
 devtmpfs: mounted
-Freeing unused kernel memory: 768K (c0c50000 - c0d10000)
+Freeing unused kernel memory: 764K (c0c51000 - c0d10000)
 bash: cannot set terminal process group (-1): Inappropriate ioctl for device
 bash: no job control in this shell
 root@(none):/# 
\ No newline at end of file
Diff for ./tegra114-dalmore-a04/tegra114-dalmore/tegra_defconfig_log.txt
--- /tmp/fooa	2015-01-11 13:09:23.421012579 -0800
+++ /tmp/foob	2015-01-11 13:09:23.425012603 -0800
@@ -37,9 +37,9 @@
 	 #################################################################
 	 #################################################################
 	 #
-	 2.8 MiB/s
+	 3 MiB/s
 done
-Bytes transferred = 4779416 (48ed98 hex)
+Bytes transferred = 4777304 (48e558 hex)
 Tegra114 (Dalmore) # tftpboot 0x82000000 tegra114-dalmore.dtb
 Using asx0 device
 TFTP from server 192.168.100.1; our IP address is 192.168.100.100
@@ -50,7 +50,7 @@
 done
 Bytes transferred = 34638 (874e hex)
 Tegra114 (Dalmore) # bootz 0x81000000 - 0x82000000
-Kernel image @ 0x81000000 [ 0x000000 - 0x48ed98 ]
+Kernel image @ 0x81000000 [ 0x000000 - 0x48e558 ]
 ## Flattened Device Tree blob at 82000000
    Booting using the fdt blob at 0x82000000
    Loading Device Tree to 8fff4000, end 8ffff74d ... OK
@@ -61,7 +61,7 @@
 Booting Linux on physical CPU 0x0
 Initializing cgroup subsys cpu
 Initializing cgroup subsys cpuacct
-Linux version 3.19.0-rc3-117901-gb1940cd (pwalmsley@kaivo) (gcc version 4.7.3 20130328 (prerelease) (crosstool-NG linaro-1.13.1-4.7-2013.04-20130415 - Linaro GCC 2013.04) ) #1 SMP PREEMPT Thu Jan 8 02:27:43 PST 2015
+Linux version 3.19.0-rc4-118120-geaa27f3 (pwalmsley@kaivo) (gcc version 4.7.3 20130328 (prerelease) (crosstool-NG linaro-1.13.1-4.7-2013.04-20130415 - Linaro GCC 2013.04) ) #1 SMP PREEMPT Sun Jan 11 13:03:21 PST 2015
 CPU: ARMv7 Processor [412fc0f2] revision 2 (ARMv7), cr=10c5387d
 CPU: PIPT / VIPT nonaliasing data cache, PIPT instruction cache
 Machine model: NVIDIA Tegra114 Dalmore evaluation board
@@ -90,7 +90,7 @@
     lowmem  : 0xc0000000 - 0xef800000   ( 760 MB)
     pkmap   : 0xbfe00000 - 0xc0000000   (   2 MB)
     modules : 0xbf000000 - 0xbfe00000   (  14 MB)
-      .text : 0xc0008000 - 0xc088d0b8   (8725 kB)
+      .text : 0xc0008000 - 0xc088d098   (8725 kB)
       .init : 0xc088e000 - 0xc08da000   ( 304 kB)
       .data : 0xc08da000 - 0xc0930300   ( 345 kB)
        .bss : 0xc0930300 - 0xc0987c24   ( 351 kB)
@@ -115,7 +115,7 @@
 /cpus/cpu@2 missing clock-frequency property
 /cpus/cpu@3 missing clock-frequency property
 CPU0: thread -1, cpu 0, socket 0, mpidr 80000000
-Setting up static identity map for 0x806334e8 - 0x80633580
+Setting up static identity map for 0x806336b8 - 0x80633750
 Tegra Revision: A01 SKU: 0 CPU Process: 1 Core Process: 0
 CPU1: thread -1, cpu 1, socket 0, mpidr 80000001
 CPU2: thread -1, cpu 2, socket 0, mpidr 80000002
@@ -316,7 +316,7 @@
 host1x drm: registered panic notifier
 [drm] Initialized tegra 0.0.0 20120330 on minor 0
 input: gpio-keys as /devices/soc0/gpio-keys/input/input1
-palmas-rtc 7000d000.i2c:tps65913@58:rtc: setting system clock to 2000-06-15 05:47:20 UTC (961048040)
+palmas-rtc 7000d000.i2c:tps65913@58:rtc: setting system clock to 2000-06-18 16:23:12 UTC (961345392)
 vdd_cam_1v8_reg: disabling
 vdd_hdmi_5v0: disabling
 usb1_vbus: disabling
Diff for ./tegra124-jetson-tk1/tegra124-jetson-tk1/multi_v7_defconfig_log.txt
--- /tmp/fooa	2015-01-11 13:09:23.429012600 -0800
+++ /tmp/foob	2015-01-11 13:09:23.433012581 -0800
@@ -40,20 +40,20 @@
 	 #################################################################
 	 #################################################################
 	 ##
-	 3.1 MiB/s
+	 3 MiB/s
 done
-Bytes transferred = 5745792 (57ac80 hex)
+Bytes transferred = 5746800 (57b070 hex)
 Tegra124 (Jetson TK1) # tftpboot 0x82000000 tegra124-jetson-tk1.dtb
 Using asx0 device
 TFTP from server 192.168.100.1; our IP address is 192.168.100.102
 Filename 'tegra124-jetson-tk1.dtb'.
 Load address: 0x82000000
 Loading: *####
-	 2.9 MiB/s
+	 2.7 MiB/s
 done
 Bytes transferred = 48898 (bf02 hex)
 Tegra124 (Jetson TK1) # bootz 0x81000000 - 0x82000000
-Kernel image @ 0x81000000 [ 0x000000 - 0x57ac80 ]
+Kernel image @ 0x81000000 [ 0x000000 - 0x57b070 ]
 ## Flattened Device Tree blob at 82000000
    Booting using the fdt blob at 0x82000000
    Using Device Tree in place at 82000000, end 8200ef01
@@ -61,7 +61,7 @@
 Starting kernel ...
 
 Booting Linux on physical CPU 0x0
-Linux version 3.19.0-rc3-12685-gb1940cd (pwalmsley@tamien) (gcc version 4.7.3 20130328 (prerelease) (crosstool-NG linaro-1.13.1-4.7-2013.04-20130415 - Linaro GCC 2013.04) ) #1 SMP Thu Jan 8 02:28:36 PST 2015
+Linux version 3.19.0-rc4-12904-geaa27f3 (pwalmsley@tamien) (gcc version 4.7.3 20130328 (prerelease) (crosstool-NG linaro-1.13.1-4.7-2013.04-20130415 - Linaro GCC 2013.04) ) #1 SMP Sun Jan 11 13:04:23 PST 2015
 CPU: ARMv7 Processor [413fc0f3] revision 3 (ARMv7), cr=10c5387d
 CPU: PIPT / VIPT nonaliasing data cache, PIPT instruction cache
 Machine model: NVIDIA Tegra124 Jetson TK1
@@ -69,7 +69,7 @@
 cma: Reserved 64 MiB at 0xfb800000
 Memory policy: Data cache writealloc
 On node 0 totalpages: 524032
-free_area_init_node: node 0, pgdat c0dfc840, node_mem_map ee7f8000
+free_area_init_node: node 0, pgdat c0dfc8c0, node_mem_map ee7f8000
   DMA zone: 1520 pages used for memmap
   DMA zone: 0 pages reserved
   DMA zone: 194560 pages, LIFO batch:31
@@ -82,7 +82,7 @@
 PID hash table entries: 4096 (order: 2, 16384 bytes)
 Dentry cache hash table entries: 131072 (order: 7, 524288 bytes)
 Inode-cache hash table entries: 65536 (order: 6, 262144 bytes)
-Memory: 2000416K/2096128K available (7473K kernel code, 953K rwdata, 3052K rodata, 768K init, 306K bss, 30176K reserved, 65536K cma-reserved, 1252352K highmem)
+Memory: 2000416K/2096128K available (7477K kernel code, 953K rwdata, 3052K rodata, 764K init, 306K bss, 30176K reserved, 65536K cma-reserved, 1252352K highmem)
 Virtual kernel memory layout:
     vector  : 0xffff0000 - 0xffff1000   (   4 kB)
     fixmap  : 0xffc00000 - 0xfff00000   (3072 kB)
@@ -90,10 +90,10 @@
     lowmem  : 0xc0000000 - 0xef800000   ( 760 MB)
     pkmap   : 0xbfe00000 - 0xc0000000   (   2 MB)
     modules : 0xbf000000 - 0xbfe00000   (  14 MB)
-      .text : 0xc0208000 - 0xc0c4f8cc   (10527 kB)
-      .init : 0xc0c50000 - 0xc0d10000   ( 768 kB)
-      .data : 0xc0d10000 - 0xc0dfe720   ( 954 kB)
-       .bss : 0xc0dfe720 - 0xc0e4b068   ( 307 kB)
+      .text : 0xc0208000 - 0xc0c508ac   (10531 kB)
+      .init : 0xc0c51000 - 0xc0d10000   ( 764 kB)
+      .data : 0xc0d10000 - 0xc0dfe7a0   ( 954 kB)
+       .bss : 0xc0dfe7a0 - 0xc0e4b0e8   ( 307 kB)
 SLUB: HWalign=64, Order=0-3, MinObjects=0, CPUs=4, Nodes=1
 Hierarchical RCU implementation.
 	RCU restricting CPUs from NR_CPUS=8 to nr_cpu_ids=4.
@@ -116,7 +116,7 @@
 /cpus/cpu@2 missing clock-frequency property
 /cpus/cpu@3 missing clock-frequency property
 CPU0: thread -1, cpu 0, socket 0, mpidr 80000000
-Setting up static identity map for 0x80910f60 - 0x80910ff8
+Setting up static identity map for 0x809112d8 - 0x80911370
 Tegra Revision: A01 SKU: 129 CPU Process: 1 Core Process: 1
 CPU1: thread -1, cpu 1, socket 0, mpidr 80000001
 CPU2: thread -1, cpu 2, socket 0, mpidr 80000002
@@ -380,7 +380,7 @@
 host1x drm: registered panic notifier
 [drm] Initialized tegra 0.0.0 20120330 on minor 0
 input: gpio-keys as /devices/soc0/gpio-keys/input/input1
-as3722-rtc as3722-rtc: setting system clock to 2000-02-01 00:00:50 UTC (949363250)
+as3722-rtc as3722-rtc: setting system clock to 2000-02-01 00:00:19 UTC (949363219)
 +1.05V_RUN_AVDD_HDMI_PLL: disabling
 +1.8V_RUN_VPP_FUSE: disabling
 +2.8V_RUN_CAM_AF: disabling
@@ -399,7 +399,7 @@
 EXT4-fs (mmcblk0p1): mounted filesystem with ordered data mode. Opts: (null)
 VFS: Mounted root (ext4 filesystem) on device 179:1.
 devtmpfs: mounted
-Freeing unused kernel memory: 768K (c0c50000 - c0d10000)
+Freeing unused kernel memory: 764K (c0c51000 - c0d10000)
 bash: cannot set terminal process group (-1): Inappropriate ioctl for device
 bash: no job control in this shell
 root@(none):/# 
\ No newline at end of file
Diff for ./tegra124-jetson-tk1/tegra124-jetson-tk1/tegra_defconfig_log.txt
--- /tmp/fooa	2015-01-11 13:09:23.437012557 -0800
+++ /tmp/foob	2015-01-11 13:09:23.441012537 -0800
@@ -41,18 +41,18 @@
 	 #
 	 2.8 MiB/s
 done
-Bytes transferred = 4779416 (48ed98 hex)
+Bytes transferred = 4777304 (48e558 hex)
 Tegra124 (Jetson TK1) # tftpboot 0x82000000 tegra124-jetson-tk1.dtb
 Using asx0 device
 TFTP from server 192.168.100.1; our IP address is 192.168.100.102
 Filename 'tegra124-jetson-tk1.dtb'.
 Load address: 0x82000000
 Loading: *####
-	 2.6 MiB/s
+	 3.1 MiB/s
 done
 Bytes transferred = 48898 (bf02 hex)
 Tegra124 (Jetson TK1) # bootz 0x81000000 - 0x82000000
-Kernel image @ 0x81000000 [ 0x000000 - 0x48ed98 ]
+Kernel image @ 0x81000000 [ 0x000000 - 0x48e558 ]
 ## Flattened Device Tree blob at 82000000
    Booting using the fdt blob at 0x82000000
    Using Device Tree in place at 82000000, end 8200ef01
@@ -63,7 +63,7 @@
 Booting Linux on physical CPU 0x0
 Initializing cgroup subsys cpu
 Initializing cgroup subsys cpuacct
-Linux version 3.19.0-rc3-117901-gb1940cd (pwalmsley@kaivo) (gcc version 4.7.3 20130328 (prerelease) (crosstool-NG linaro-1.13.1-4.7-2013.04-20130415 - Linaro GCC 2013.04) ) #1 SMP PREEMPT Thu Jan 8 02:27:43 PST 2015
+Linux version 3.19.0-rc4-118120-geaa27f3 (pwalmsley@kaivo) (gcc version 4.7.3 20130328 (prerelease) (crosstool-NG linaro-1.13.1-4.7-2013.04-20130415 - Linaro GCC 2013.04) ) #1 SMP PREEMPT Sun Jan 11 13:03:21 PST 2015
 CPU: ARMv7 Processor [413fc0f3] revision 3 (ARMv7), cr=10c5387d
 CPU: PIPT / VIPT nonaliasing data cache, PIPT instruction cache
 Machine model: NVIDIA Tegra124 Jetson TK1
@@ -92,7 +92,7 @@
     lowmem  : 0xc0000000 - 0xef800000   ( 760 MB)
     pkmap   : 0xbfe00000 - 0xc0000000   (   2 MB)
     modules : 0xbf000000 - 0xbfe00000   (  14 MB)
-      .text : 0xc0008000 - 0xc088d0b8   (8725 kB)
+      .text : 0xc0008000 - 0xc088d098   (8725 kB)
       .init : 0xc088e000 - 0xc08da000   ( 304 kB)
       .data : 0xc08da000 - 0xc0930300   ( 345 kB)
        .bss : 0xc0930300 - 0xc0987c24   ( 351 kB)
@@ -117,7 +117,7 @@
 /cpus/cpu@2 missing clock-frequency property
 /cpus/cpu@3 missing clock-frequency property
 CPU0: thread -1, cpu 0, socket 0, mpidr 80000000
-Setting up static identity map for 0x806334e8 - 0x80633580
+Setting up static identity map for 0x806336b8 - 0x80633750
 Tegra Revision: A01 SKU: 129 CPU Process: 1 Core Process: 1
 CPU1: thread -1, cpu 1, socket 0, mpidr 80000001
 CPU2: thread -1, cpu 2, socket 0, mpidr 80000002
Diff for ./tegra30-beaver/tegra30-beaver/multi_v7_defconfig_log.txt
--- /tmp/fooa	2015-01-11 13:09:23.445012520 -0800
+++ /tmp/foob	2015-01-11 13:09:23.449012517 -0800
@@ -38,9 +38,9 @@
 	 #################################################################
 	 #################################################################
 	 ##
-	 2.9 MiB/s
+	 2.8 MiB/s
 done
-Bytes transferred = 5745792 (57ac80 hex)
+Bytes transferred = 5746800 (57b070 hex)
 Tegra30 (Beaver) # tftpboot 0x82000000 tegra30-beaver.dtb
 Using asx0 device
 TFTP from server 192.168.100.1; our IP address is 192.168.100.101
@@ -51,7 +51,7 @@
 done
 Bytes transferred = 24641 (6041 hex)
 Tegra30 (Beaver) # bootz 0x81000000 - 0x82000000
-Kernel image @ 0x81000000 [ 0x000000 - 0x57ac80 ]
+Kernel image @ 0x81000000 [ 0x000000 - 0x57b070 ]
 ## Flattened Device Tree blob at 82000000
    Booting using the fdt blob at 0x82000000
    Loading Device Tree to 8fff6000, end 8ffff040 ... OK
@@ -59,7 +59,7 @@
 Starting kernel ...
 
 Booting Linux on physical CPU 0x0
-Linux version 3.19.0-rc3-12685-gb1940cd (pwalmsley@tamien) (gcc version 4.7.3 20130328 (prerelease) (crosstool-NG linaro-1.13.1-4.7-2013.04-20130415 - Linaro GCC 2013.04) ) #1 SMP Thu Jan 8 02:28:36 PST 2015
+Linux version 3.19.0-rc4-12904-geaa27f3 (pwalmsley@tamien) (gcc version 4.7.3 20130328 (prerelease) (crosstool-NG linaro-1.13.1-4.7-2013.04-20130415 - Linaro GCC 2013.04) ) #1 SMP Sun Jan 11 13:04:23 PST 2015
 CPU: ARMv7 Processor [412fc099] revision 9 (ARMv7), cr=10c5387d
 CPU: PIPT / VIPT nonaliasing data cache, VIPT aliasing instruction cache
 Machine model: NVIDIA Tegra30 Beaver evaluation board
@@ -67,7 +67,7 @@
 cma: Reserved 64 MiB at 0xfb800000
 Memory policy: Data cache writealloc
 On node 0 totalpages: 524032
-free_area_init_node: node 0, pgdat c0dfc840, node_mem_map ee7f8000
+free_area_init_node: node 0, pgdat c0dfc8c0, node_mem_map ee7f8000
   DMA zone: 1520 pages used for memmap
   DMA zone: 0 pages reserved
   DMA zone: 194560 pages, LIFO batch:31
@@ -80,7 +80,7 @@
 PID hash table entries: 4096 (order: 2, 16384 bytes)
 Dentry cache hash table entries: 131072 (order: 7, 524288 bytes)
 Inode-cache hash table entries: 65536 (order: 6, 262144 bytes)
-Memory: 2000528K/2096128K available (7473K kernel code, 953K rwdata, 3052K rodata, 768K init, 306K bss, 30064K reserved, 65536K cma-reserved, 1252352K highmem)
+Memory: 2000528K/2096128K available (7477K kernel code, 953K rwdata, 3052K rodata, 764K init, 306K bss, 30064K reserved, 65536K cma-reserved, 1252352K highmem)
 Virtual kernel memory layout:
     vector  : 0xffff0000 - 0xffff1000   (   4 kB)
     fixmap  : 0xffc00000 - 0xfff00000   (3072 kB)
@@ -88,10 +88,10 @@
     lowmem  : 0xc0000000 - 0xef800000   ( 760 MB)
     pkmap   : 0xbfe00000 - 0xc0000000   (   2 MB)
     modules : 0xbf000000 - 0xbfe00000   (  14 MB)
-      .text : 0xc0208000 - 0xc0c4f8cc   (10527 kB)
-      .init : 0xc0c50000 - 0xc0d10000   ( 768 kB)
-      .data : 0xc0d10000 - 0xc0dfe720   ( 954 kB)
-       .bss : 0xc0dfe720 - 0xc0e4b068   ( 307 kB)
+      .text : 0xc0208000 - 0xc0c508ac   (10531 kB)
+      .init : 0xc0c51000 - 0xc0d10000   ( 764 kB)
+      .data : 0xc0d10000 - 0xc0dfe7a0   ( 954 kB)
+       .bss : 0xc0dfe7a0 - 0xc0e4b0e8   ( 307 kB)
 SLUB: HWalign=64, Order=0-3, MinObjects=0, CPUs=4, Nodes=1
 Hierarchical RCU implementation.
 	RCU restricting CPUs from NR_CPUS=8 to nr_cpu_ids=4.
@@ -115,7 +115,7 @@
 Mountpoint-cache hash table entries: 2048 (order: 1, 8192 bytes)
 CPU: Testing write buffer coherency: ok
 CPU0: thread -1, cpu 0, socket 0, mpidr 80000000
-Setting up static identity map for 0x80910f60 - 0x80910ff8
+Setting up static identity map for 0x809112d8 - 0x80911370
 Tegra Revision: A03 SKU: 128 CPU Process: 4 Core Process: 0
 CPU1: thread -1, cpu 1, socket 0, mpidr 80000001
 CPU2: thread -1, cpu 2, socket 0, mpidr 80000002
@@ -362,7 +362,7 @@
 EXT4-fs (mmcblk0p1): mounted filesystem with ordered data mode. Opts: (null)
 VFS: Mounted root (ext3 filesystem) on device 179:1.
 devtmpfs: mounted
-Freeing unused kernel memory: 768K (c0c50000 - c0d10000)
+Freeing unused kernel memory: 764K (c0c51000 - c0d10000)
 bash: cannot set terminal process group (-1): Inappropriate ioctl for device
 bash: no job control in this shell
 root@(none):/# 
\ No newline at end of file
Diff for ./tegra30-beaver/tegra30-beaver/tegra_defconfig_log.txt
--- /tmp/fooa	2015-01-11 13:09:23.453012521 -0800
+++ /tmp/foob	2015-01-11 13:09:23.453012521 -0800
@@ -37,9 +37,9 @@
 	 #################################################################
 	 #################################################################
 	 #
-	 2.8 MiB/s
+	 2.9 MiB/s
 done
-Bytes transferred = 4779416 (48ed98 hex)
+Bytes transferred = 4777304 (48e558 hex)
 Tegra30 (Beaver) # tftpboot 0x82000000 tegra30-beaver.dtb
 Using asx0 device
 TFTP from server 192.168.100.1; our IP address is 192.168.100.101
@@ -50,7 +50,7 @@
 done
 Bytes transferred = 24641 (6041 hex)
 Tegra30 (Beaver) # bootz 0x81000000 - 0x82000000
-Kernel image @ 0x81000000 [ 0x000000 - 0x48ed98 ]
+Kernel image @ 0x81000000 [ 0x000000 - 0x48e558 ]
 ## Flattened Device Tree blob at 82000000
    Booting using the fdt blob at 0x82000000
    Loading Device Tree to 8fff6000, end 8ffff040 ... OK
@@ -61,7 +61,7 @@
 Booting Linux on physical CPU 0x0
 Initializing cgroup subsys cpu
 Initializing cgroup subsys cpuacct
-Linux version 3.19.0-rc3-117901-gb1940cd (pwalmsley@kaivo) (gcc version 4.7.3 20130328 (prerelease) (crosstool-NG linaro-1.13.1-4.7-2013.04-20130415 - Linaro GCC 2013.04) ) #1 SMP PREEMPT Thu Jan 8 02:27:43 PST 2015
+Linux version 3.19.0-rc4-118120-geaa27f3 (pwalmsley@kaivo) (gcc version 4.7.3 20130328 (prerelease) (crosstool-NG linaro-1.13.1-4.7-2013.04-20130415 - Linaro GCC 2013.04) ) #1 SMP PREEMPT Sun Jan 11 13:03:21 PST 2015
 CPU: ARMv7 Processor [412fc099] revision 9 (ARMv7), cr=10c5387d
 CPU: PIPT / VIPT nonaliasing data cache, VIPT aliasing instruction cache
 Machine model: NVIDIA Tegra30 Beaver evaluation board
@@ -90,7 +90,7 @@
     lowmem  : 0xc0000000 - 0xef800000   ( 760 MB)
     pkmap   : 0xbfe00000 - 0xc0000000   (   2 MB)
     modules : 0xbf000000 - 0xbfe00000   (  14 MB)
-      .text : 0xc0008000 - 0xc088d0b8   (8725 kB)
+      .text : 0xc0008000 - 0xc088d098   (8725 kB)
       .init : 0xc088e000 - 0xc08da000   ( 304 kB)
       .data : 0xc08da000 - 0xc0930300   ( 345 kB)
        .bss : 0xc0930300 - 0xc0987c24   ( 351 kB)
@@ -116,7 +116,7 @@
 Initializing cgroup subsys debug
 CPU: Testing write buffer coherency: ok
 CPU0: thread -1, cpu 0, socket 0, mpidr 80000000
-Setting up static identity map for 0x806334e8 - 0x80633580
+Setting up static identity map for 0x806336b8 - 0x80633750
 Tegra Revision: A03 SKU: 128 CPU Process: 4 Core Process: 0
 CPU1: thread -1, cpu 1, socket 0, mpidr 80000001
 CPU2: thread -1, cpu 2, socket 0, mpidr 80000002
