
U-Boot SPL 2014.01-00219-gc4d376f (Feb 18 2014 - 19:57:18)


U-Boot 2014.01-00219-gc4d376f (Feb 18 2014 - 19:57:18)

TEGRA30
Board: NVIDIA Beaver
I2C:   ready
DRAM:  2 GiB
MMC:   Tegra SD/MMC: 0, Tegra SD/MMC: 1
In:    serial
Out:   serial
Err:   serial
Net:   Net Initialization Skipped
No ethernet found.
Hit any key to stop autoboot:  2  0 
Tegra30 (Beaver) # 
Tegra30 (Beaver) # usb reset
(Re)start USB...
USB0:   USB EHCI 1.00
scanning bus 0 for devices... 2 USB Device(s) found
       scanning usb for storage devices... 0 Storage Device(s) found
       scanning usb for ethernet devices... 
Warning: asx0 using MAC address from net device
1 Ethernet Device(s) found
Tegra30 (Beaver) # setenv bootargs 'ignore_loglevel console=ttyS0,115200n8 rw root=PARTUUID=edbe1840-3633-c751-7993-b0ac834f81e0 rootwait gpt debug noinitrd earlyprintk init=/bin/bash'
Tegra30 (Beaver) # setenv ipaddr 192.168.100.101; setenv serverip 192.168.100.1; setenv tftpserverip 192.168.100.1
Tegra30 (Beaver) # tftpboot 0x81000000 zImage.multi_v7_defconfig
Using asx0 device
TFTP from server 192.168.100.1; our IP address is 192.168.100.101
Filename 'zImage.multi_v7_defconfig'.
Load address: 0x81000000
Loading: *#################################################################
	 #################################################################
	 #################################################################
	 #################################################################
	 #################################################################
	 #################################################################
	 #################################################################
	 #################################################################
	 ##############################
	 3.3 MiB/s
done
Bytes transferred = 8061440 (7b0200 hex)
Tegra30 (Beaver) # tftpboot 0x82000000 tegra30-beaver.dtb
Using asx0 device
TFTP from server 192.168.100.1; our IP address is 192.168.100.101
Filename 'tegra30-beaver.dtb'.
Load address: 0x82000000
Loading: *####
	 2.6 MiB/s
done
Bytes transferred = 51470 (c90e hex)
Tegra30 (Beaver) # bootz 0x81000000 - 0x82000000
Kernel image @ 0x81000000 [ 0x000000 - 0x7b0200 ]
## Flattened Device Tree blob at 82000000
   Booting using the fdt blob at 0x82000000
   Loading Device Tree to 8fff0000, end 8ffff90d ... OK

Starting kernel ...

[    0.000000] Booting Linux on physical CPU 0x0
[    0.000000] Linux version 4.15.0-rc4-334808-g1291a0d5049d (jonathanh@tamien) (gcc version 4.7.3 20130328 (prerelease) (crosstool-NG linaro-1.13.1-4.7-2013.04-20130415 - Linaro GCC 2013.04)) #1 SMP Sun Dec 17 19:33:47 PST 2017
[    0.000000] CPU: ARMv7 Processor [412fc099] revision 9 (ARMv7), cr=10c5387d
[    0.000000] CPU: PIPT / VIPT nonaliasing data cache, VIPT aliasing instruction cache
[    0.000000] OF: fdt: Machine model: NVIDIA Tegra30 Beaver evaluation board
[    0.000000] debug: ignoring loglevel setting.
[    0.000000] Memory policy: Data cache writealloc
[    0.000000] efi: Getting EFI parameters from FDT:
[    0.000000] efi: UEFI not found.
[    0.000000] cma: Reserved 64 MiB at 0xfb800000
[    0.000000] On node 0 totalpages: 524032
[    0.000000]   DMA zone: 1536 pages used for memmap
[    0.000000]   DMA zone: 0 pages reserved
[    0.000000]   DMA zone: 196608 pages, LIFO batch:31
[    0.000000]   HighMem zone: 327424 pages, LIFO batch:31
[    0.000000] random: fast init done
[    0.000000] percpu: Embedded 17 pages/cpu @(ptrval) s39040 r8192 d22400 u69632
[    0.000000] pcpu-alloc: s39040 r8192 d22400 u69632 alloc=17*4096
[    0.000000] pcpu-alloc: [0] 0 [0] 1 [0] 2 [0] 3 
[    0.000000] Built 1 zonelists, mobility grouping on.  Total pages: 522496
[    0.000000] Kernel command line: ignore_loglevel console=ttyS0,115200n8 rw root=PARTUUID=edbe1840-3633-c751-7993-b0ac834f81e0 rootwait gpt debug noinitrd earlyprintk init=/bin/bash
[    0.000000] Dentry cache hash table entries: 131072 (order: 7, 524288 bytes)
[    0.000000] Inode-cache hash table entries: 65536 (order: 6, 262144 bytes)
[    0.000000] Memory: 1992476K/2096128K available (11264K kernel code, 1602K rwdata, 4296K rodata, 2048K init, 404K bss, 38116K reserved, 65536K cma-reserved, 1244160K highmem)
[    0.000000] Virtual kernel memory layout:
[    0.000000]     vector  : 0xffff0000 - 0xffff1000   (   4 kB)
[    0.000000]     fixmap  : 0xffc00000 - 0xfff00000   (3072 kB)
[    0.000000]     vmalloc : 0xf0800000 - 0xff800000   ( 240 MB)
[    0.000000]     lowmem  : 0xc0000000 - 0xf0000000   ( 768 MB)
[    0.000000]     pkmap   : 0xbfe00000 - 0xc0000000   (   2 MB)
[    0.000000]     modules : 0xbf000000 - 0xbfe00000   (  14 MB)
[    0.000000]       .text : 0x(ptrval) - 0x(ptrval)   (12256 kB)
[    0.000000]       .init : 0x(ptrval) - 0x(ptrval)   (2048 kB)
[    0.000000]       .data : 0x(ptrval) - 0x(ptrval)   (1603 kB)
[    0.000000]        .bss : 0x(ptrval) - 0x(ptrval)   ( 405 kB)
[    0.000000] SLUB: HWalign=64, Order=0-3, MinObjects=0, CPUs=4, Nodes=1
[    0.000000] Hierarchical RCU implementation.
[    0.000000] 	RCU event tracing is enabled.
[    0.000000] 	RCU restricting CPUs from NR_CPUS=16 to nr_cpu_ids=4.
[    0.000000] RCU: Adjusting geometry for rcu_fanout_leaf=16, nr_cpu_ids=4
[    0.000000] NR_IRQS: 16, nr_irqs: 16, preallocated irqs: 16
[    0.000000] /interrupt-controller@60004000: 160 interrupts forwarded to /interrupt-controller@50041000
[    0.000000] L2C: platform modifies aux control register: 0x02080000 -> 0x3e480001
[    0.000000] L2C: DT/platform modifies aux control register: 0x02080000 -> 0x3e480001
[    0.000000] L2C-310 erratum 769419 enabled
[    0.000000] L2C-310 enabling early BRESP for Cortex-A9
[    0.000000] L2C-310: enabling full line of zeros but not enabled in Cortex-A9
[    0.000000] L2C-310 dynamic clock gating enabled, standby mode enabled
[    0.000000] L2C-310 cache controller enabled, 8 ways, 1024 kB
[    0.000000] L2C-310: CACHE_ID 0x410000c7, AUX_CTRL 0x4e480001
[    0.000014] sched_clock: 32 bits at 1000kHz, resolution 1000ns, wraps every 2147483647500ns
[    0.000031] clocksource: timer_us: mask: 0xffffffff max_cycles: 0xffffffff, max_idle_ns: 1911260446275 ns
[    0.000040] Switching to timer-based delay loop, resolution 1000ns
[    0.003061] Console: colour dummy device 80x30
[    0.003091] Calibrating delay loop (skipped), value calculated using timer frequency.. 2.00 BogoMIPS (lpj=10000)
[    0.003101] pid_max: default: 32768 minimum: 301
[    0.003176] Mount-cache hash table entries: 2048 (order: 1, 8192 bytes)
[    0.003186] Mountpoint-cache hash table entries: 2048 (order: 1, 8192 bytes)
[    0.003590] CPU: Testing write buffer coherency: ok
[    0.003901] CPU0: thread -1, cpu 0, socket 0, mpidr 80000000
[    0.004133] Setting up static identity map for 0x80300000 - 0x803000a0
[    0.005478] Hierarchical SRCU implementation.
[    0.006841] Tegra Revision: A03 SKU: 128 CPU Process: 4 SoC Process: 0
[    0.007421] EFI services will not be available.
[    0.007530] smp: Bringing up secondary CPUs ...
[    0.010374] CPU1: thread -1, cpu 1, socket 0, mpidr 80000001
[    0.020353] CPU2: thread -1, cpu 2, socket 0, mpidr 80000002
[    0.030330] CPU3: thread -1, cpu 3, socket 0, mpidr 80000003
[    0.030385] smp: Brought up 1 node, 4 CPUs
[    0.030398] SMP: Total of 4 processors activated (8.00 BogoMIPS).
[    0.030403] CPU: All CPU(s) started in SVC mode.
[    0.031115] devtmpfs: initialized
[    0.038075] VFP support v0.3: implementor 41 architecture 3 part 30 variant 9 rev 4
[    0.038493] clocksource: jiffies: mask: 0xffffffff max_cycles: 0xffffffff, max_idle_ns: 19112604462750000 ns
[    0.038511] futex hash table entries: 1024 (order: 4, 65536 bytes)
[    0.041958] pinctrl core: initialized pinctrl subsystem
[    0.043361] DMI not present or invalid.
[    0.043606] NET: Registered protocol family 16
[    0.046090] DMA: preallocated 256 KiB pool for atomic coherent allocations
[    0.047748] cpuidle: using governor menu
[    0.061453] No ATAGs?
[    0.061563] hw-breakpoint: found 5 (+1 reserved) breakpoint and 1 watchpoint registers.
[    0.061574] hw-breakpoint: maximum watchpoint size is 4 bytes.
[    0.066021] Serial: AMBA PL011 UART driver
[    0.066642] tegra-mc 7000f000.memory-controller: no memory timings for RAM code 3 registered
[    0.066737] iommu: Adding device reg-dummy to group 0
[    0.066762] iommu: Adding device 3000.pcie to group 1
[    0.066781] iommu: Adding device 50000000.host1x to group 2
[    0.066799] iommu: Adding device 54040000.mpe to group 3
[    0.066823] iommu: Adding device 54080000.vi to group 4
[    0.066842] iommu: Adding device 540c0000.epp to group 5
[    0.066867] iommu: Adding device 54100000.isp to group 6
[    0.066886] iommu: Adding device 54140000.gr2d to group 7
[    0.066903] iommu: Adding device 54180000.gr3d to group 8
[    0.066968] iommu: Adding device 54200000.dc to group 9
[    0.067007] iommu: Adding device 54240000.dc to group 10
[    0.067031] iommu: Adding device 54280000.hdmi to group 11
[    0.067049] iommu: Adding device 50040600.timer to group 12
[    0.067067] iommu: Adding device 50043000.cache-controller to group 13
[    0.067084] iommu: Adding device 60005000.timer to group 14
[    0.067102] iommu: Adding device 60007000.flow-controller to group 15
[    0.067126] iommu: Adding device 6000a000.dma to group 16
[    0.067143] iommu: Adding device 6000c000.ahb to group 17
[    0.067161] iommu: Adding device 6000d000.gpio to group 18
[    0.067177] iommu: Adding device 70000800.apbmisc to group 19
[    0.067199] iommu: Adding device 70000868.pinmux to group 20
[    0.067217] iommu: Adding device 70006000.serial to group 21
[    0.067233] iommu: Adding device 7000e000.rtc to group 22
[    0.067252] iommu: Adding device 7000c000.i2c to group 23
[    0.067269] iommu: Adding device 7000c400.i2c to group 24
[    0.067286] iommu: Adding device 7000c500.i2c to group 25
[    0.067308] iommu: Adding device 7000c700.i2c to group 26
[    0.067332] iommu: Adding device 7000d000.i2c to group 27
[    0.067356] iommu: Adding device 7000da00.spi to group 28
[    0.067375] iommu: Adding device 7000e400.pmc to group 29
[    0.067392] iommu: Adding device 7000f000.memory-controller to group 30
[    0.067409] iommu: Adding device 7000f800.fuse to group 31
[    0.067427] iommu: Adding device 70080000.ahub to group 32
[    0.067446] iommu: Adding device 78000000.sdhci to group 33
[    0.067463] iommu: Adding device 78000600.sdhci to group 34
[    0.067481] iommu: Adding device 7d000000.usb to group 35
[    0.067499] iommu: Adding device 7d000000.usb-phy to group 36
[    0.067528] iommu: Adding device 7d004000.usb to group 37
[    0.067548] iommu: Adding device 7d004000.usb-phy to group 38
[    0.067565] iommu: Adding device 7d008000.usb to group 39
[    0.067584] iommu: Adding device 7d008000.usb-phy to group 40
[    0.067601] iommu: Adding device pmu to group 41
[    0.067617] iommu: Adding device clocks to group 42
[    0.067632] iommu: Adding device gpio-leds to group 43
[    0.067650] iommu: Adding device regulators to group 44
[    0.067671] iommu: Adding device regulators:regulator@0 to group 45
[    0.067709] iommu: Adding device regulators:regulator@1 to group 46
[    0.067728] iommu: Adding device regulators:regulator@2 to group 47
[    0.067752] iommu: Adding device regulators:regulator@3 to group 48
[    0.067771] iommu: Adding device regulators:regulator@4 to group 49
[    0.067789] iommu: Adding device regulators:regulator@5 to group 50
[    0.067807] iommu: Adding device regulators:regulator@6 to group 51
[    0.067825] iommu: Adding device regulators:regulator@7 to group 52
[    0.067847] iommu: Adding device regulators:regulator@8 to group 53
[    0.067865] iommu: Adding device sound to group 54
[    0.076458] AT91: Could not find identification node
[    0.076951] vdd_5v_sata: Failed to request enable GPIO30: -517
[    0.076967] reg-fixed-voltage regulators:regulator@3: Failed to register regulator: -517
[    0.077017] usb1_vbus: Failed to request enable GPIO238: -517
[    0.077024] reg-fixed-voltage regulators:regulator@4: Failed to register regulator: -517
[    0.077073] usb3_vbus: Failed to request enable GPIO236: -517
[    0.077080] reg-fixed-voltage regulators:regulator@5: Failed to register regulator: -517
[    0.077183] sys_3v3_pexs: Failed to request enable GPIO95: -517
[    0.077191] reg-fixed-voltage regulators:regulator@7: Failed to register regulator: -517
[    0.079031] vgaarb: loaded
[    0.079504] SCSI subsystem initialized
[    0.079649] libata version 3.00 loaded.
[    0.079779] usbcore: registered new interface driver usbfs
[    0.079809] usbcore: registered new interface driver hub
[    0.079845] usbcore: registered new device driver usb
[    0.084246] iommu: Adding device tps65910-gpio to group 55
[    0.084517] iommu: Adding device tps65910-pmic to group 56
[    0.086993] vrtc: supplied by vdd_5v_in
[    0.090265] vio: supplied by vdd_5v_in
[    0.101819] vdd1: supplied by vdd_5v_in
[    0.103176] vddio_ddr_1v2: Bringing 600000uV into 1200000-1200000uV
[    0.111815] vdd2: supplied by vdd_5v_in
[    0.131804] ldo1: supplied by vdd_1v5_gen
[    0.134169] ldo2: supplied by vdd_1v5_gen
[    0.134641] vdd_sata,avdd_plle: Bringing 1200000uV into 1050000-1050000uV
[    0.136863] ldo3: supplied by vdd_5v_in
[    0.139202] ldo4: supplied by vdd_5v_in
[    0.141801] ldo5: supplied by vdd_5v_in
[    0.151796] ldo6: supplied by vdd_1v8_gen
[    0.152267] avdd_dsi_csi,pwrdet_mipi: Bringing 1000000uV into 1200000-1200000uV
[    0.154499] ldo7: supplied by vdd_1v8_gen
[    0.161795] ldo8: supplied by vdd_1v8_gen
[    0.170079] iommu: Adding device tps65910-rtc to group 57
[    0.170195] iommu: Adding device tps65910-power to group 58
[    0.171943] pps_core: LinuxPPS API ver. 1 registered
[    0.171950] pps_core: Software ver. 5.3.6 - Copyright 2005-2007 Rodolfo Giometti <giometti@linux.it>
[    0.171966] PTP clock support registered
[    0.172105] EDAC MC: Ver: 3.0.0
[    0.172298] dmi: Firmware registration failed.
[    0.173660] clocksource: Switched to clocksource timer_us
[    0.203378] NET: Registered protocol family 2
[    0.203817] TCP established hash table entries: 8192 (order: 3, 32768 bytes)
[    0.203874] TCP bind hash table entries: 8192 (order: 4, 65536 bytes)
[    0.203960] TCP: Hash tables configured (established 8192 bind 8192)
[    0.204102] UDP hash table entries: 512 (order: 2, 16384 bytes)
[    0.204169] UDP-Lite hash table entries: 512 (order: 2, 16384 bytes)
[    0.204339] NET: Registered protocol family 1
[    0.204688] RPC: Registered named UNIX socket transport module.
[    0.204696] RPC: Registered udp transport module.
[    0.204700] RPC: Registered tcp transport module.
[    0.204704] RPC: Registered tcp NFSv4.1 backchannel transport module.
[    0.204714] PCI: CLS 0 bytes, default 64
[    0.205530] hw perfevents: no interrupt-affinity property for /pmu, guessing.
[    0.205775] hw perfevents: enabled with armv7_cortex_a9 PMU driver, 7 counters available
[    0.206283] iommu: Adding device alarmtimer to group 59
[    0.206863] Initialise system trusted keyrings
[    0.206981] workingset: timestamp_bits=30 max_order=19 bucket_order=0
[    0.210170] squashfs: version 4.0 (2009/01/31) Phillip Lougher
[    0.210567] NFS: Registering the id_resolver key type
[    0.210587] Key type id_resolver registered
[    0.210592] Key type id_legacy registered
[    0.210621] ntfs: driver 2.1.32 [Flags: R/O].
[    0.211543] Key type asymmetric registered
[    0.211555] Asymmetric key parser 'x509' registered
[    0.211588] bounce: pool size: 64 pages
[    0.211631] Block layer SCSI generic (bsg) driver version 0.4 loaded (major 247)
[    0.211641] io scheduler noop registered
[    0.211646] io scheduler deadline registered
[    0.211796] io scheduler cfq registered (default)
[    0.211803] io scheduler mq-deadline registered
[    0.211808] io scheduler kyber registered
[    0.218712] tegra30-pinctrl 70000868.pinmux: invalid group "sdmmc3_dat6_pd3" for function "rsvd1"
[    0.218728] tegra30-pinctrl 70000868.pinmux: invalid group "sdmmc3_dat7_pd4" for function "rsvd1"
[    0.218741] tegra30-pinctrl 70000868.pinmux: invalid group "vi_vsync_pd6" for function "rsvd1"
[    0.218750] tegra30-pinctrl 70000868.pinmux: invalid group "vi_hsync_pd7" for function "rsvd1"
[    0.219196] tegra30-pinctrl 70000868.pinmux: invalid group "hdmi_int_pn7" for function "rsvd1"
[    0.219238] tegra30-pinctrl 70000868.pinmux: invalid group "ulpi_data3_po4" for function "rsvd1"
[    0.219557] tegra30-pinctrl 70000868.pinmux: invalid group "vi_d10_pt2" for function "rsvd1"
[    0.219569] tegra30-pinctrl 70000868.pinmux: invalid group "vi_d11_pt3" for function "rsvd1"
[    0.219580] tegra30-pinctrl 70000868.pinmux: invalid group "vi_d0_pt4" for function "rsvd1"
[    0.219619] tegra30-pinctrl 70000868.pinmux: invalid group "pu0" for function "rsvd1"
[    0.219648] tegra30-pinctrl 70000868.pinmux: invalid group "pu3" for function "rsvd1"
[    0.219677] tegra30-pinctrl 70000868.pinmux: invalid group "pu6" for function "rsvd1"
[    0.219716] tegra30-pinctrl 70000868.pinmux: invalid group "pv3" for function "rsvd1"
[    0.220207] tegra30-pinctrl 70000868.pinmux: invalid group "pbb0" for function "rsvd1"
[    0.220320] tegra30-pinctrl 70000868.pinmux: invalid group "pcc1" for function "rsvd1"
[    0.225924] tegra-pcie 3000.pcie: 2x3 configuration
[    0.226074] tegra-pcie 3000.pcie: Failed to get supply 'hvdd-pex': -517
[    0.231950] tegra-apbdma 6000a000.dma: Tegra20 APB DMA driver register 32 channels
[    0.234192] tegra-pmc 7000e400.pmc: i2c-thermtrip node not found, emergency thermal reset disabled.
[    0.263568] Serial: 8250/16550 driver, 4 ports, IRQ sharing disabled
[    0.263712] iommu: Adding device serial8250 to group 60
[    0.265762] console [ttyS0] disabled
[    0.265800] 70006000.serial: ttyS0 at MMIO 0x70006000 (irq = 331, base_baud = 25500000) is a Tegra
[    1.639319] console [ttyS0] enabled
[    1.643343] SuperH (H)SCI(F) driver initialized
[    1.648530] msm_serial: driver initialized
[    1.652747] STMicroelectronics ASC driver initialized
[    1.677869] tegra-hdmi 54280000.hdmi: failed to get HDMI regulator
[    1.690894] brd: module loaded
[    1.699499] loop: module loaded
[    1.708710] m25p80 spi0.1: w25q32 (4096 Kbytes)
[    1.714552] iommu: Adding device Fixed MDIO bus.0 to group 61
[    1.720716] libphy: Fixed MDIO Bus: probed
[    1.725441] CAN device driver interface
[    1.729843] bgmac_bcma: Broadcom 47xx GBit MAC driver loaded
[    1.736288] e1000e: Intel(R) PRO/1000 Network Driver - 3.2.6-k
[    1.742104] e1000e: Copyright(c) 1999 - 2015 Intel Corporation.
[    1.748053] igb: Intel(R) Gigabit Ethernet Network Driver - version 5.4.0-k
[    1.755004] igb: Copyright (c) 2007-2014 Intel Corporation.
[    1.762795] pegasus: v0.9.3 (2013/04/25), Pegasus/Pegasus II USB Ethernet driver
[    1.770244] usbcore: registered new interface driver pegasus
[    1.775920] usbcore: registered new interface driver asix
[    1.781326] usbcore: registered new interface driver ax88179_178a
[    1.787433] usbcore: registered new interface driver cdc_ether
[    1.793273] usbcore: registered new interface driver smsc75xx
[    1.799035] usbcore: registered new interface driver smsc95xx
[    1.804799] usbcore: registered new interface driver net1080
[    1.810458] usbcore: registered new interface driver cdc_subset
[    1.816387] usbcore: registered new interface driver zaurus
[    1.821971] usbcore: registered new interface driver cdc_ncm
[    1.827816] tegra-phy 7d000000.usb-phy: no vbus regulator
[    1.835648] ehci_hcd: USB 2.0 'Enhanced' Host Controller (EHCI) Driver
[    1.842161] ehci-pci: EHCI PCI platform driver
[    1.846636] ehci-platform: EHCI generic platform driver
[    1.851975] ehci-orion: EHCI orion driver
[    1.856077] SPEAr-ehci: EHCI SPEAr driver
[    1.860151] ehci-st: EHCI STMicroelectronics driver
[    1.865107] ehci-exynos: EHCI EXYNOS driver
[    1.869369] ehci-atmel: EHCI Atmel driver
[    1.873442] tegra-ehci: Tegra EHCI driver
[    1.877751] ohci_hcd: USB 1.1 'Open' Host Controller (OHCI) Driver
[    1.883939] ohci-pci: OHCI PCI platform driver
[    1.888395] ohci-platform: OHCI generic platform driver
[    1.893736] SPEAr-ohci: OHCI SPEAr driver
[    1.897820] ohci-st: OHCI STMicroelectronics driver
[    1.902763] ohci-atmel: OHCI Atmel driver
[    1.907228] usbcore: registered new interface driver usb-storage
[    1.916809] iommu: Adding device ci_hdrc.0 to group 62
[    1.927535] tegra_rtc 7000e000.rtc: rtc core: registered 7000e000.rtc as rtc1
[    1.934711] tegra_rtc 7000e000.rtc: Tegra internal Real Time Clock
[    1.953480] tps65910-rtc tps65910-rtc: rtc core: registered tps65910-rtc as rtc0
[    1.961075] i2c /dev entries driver
[    1.973099] sdhci: Secure Digital Host Controller Interface driver
[    1.979289] sdhci: Copyright(c) Pierre Ossman
[    1.984658] Synopsys Designware Multimedia Card Interface Driver
[    1.991529] sdhci-pltfm: SDHCI platform and OF driver helper
[    1.997739] sdhci-tegra 78000000.sdhci: Got CD GPIO
[    2.002613] sdhci-tegra 78000000.sdhci: Got WP GPIO
[    2.015759] mmc0: Invalid maximum block size, assuming 512 bytes
[    2.083780] mmc0: SDHCI controller on 78000000.sdhci [78000000.sdhci] using ADMA
[    2.100154] mmc1: Invalid maximum block size, assuming 512 bytes
[    2.163682] mmc1: SDHCI controller on 78000600.sdhci [78000600.sdhci] using ADMA
[    2.172607] ledtrig-cpu: registered to indicate activity on CPUs
[    2.178891] usbcore: registered new interface driver usbhid
[    2.184462] usbhid: USB HID core driver
[    2.190896] NET: Registered protocol family 10
[    2.196027] Segment Routing with IPv6
[    2.199725] sit: IPv6, IPv4 and MPLS over IPv4 tunneling driver
[    2.206029] NET: Registered protocol family 17
[    2.210466] can: controller area network core (rev 20170425 abi 9)
[    2.216697] NET: Registered protocol family 29
[    2.221127] can: raw protocol (rev 20170425)
[    2.225400] can: broadcast manager protocol (rev 20170425 t)
[    2.231047] can: netlink gateway (rev 20170425) max_hops=1
[    2.236793] Key type dns_resolver registered
[    2.241428] ThumbEE CPU extension supported.
[    2.245709] Registering SWP/SWPB emulation handler
[    2.250882] Loading compiled-in X.509 certificates
[    2.266834] vdd_ddr: supplied by vdd_5v_in
[    2.271799] vdd_5v_sata: supplied by vdd_5v_in
[    2.276599] usb1_vbus: supplied by vdd_5v_in
[    2.281183] usb3_vbus: supplied by vdd_5v_in
[    2.287120] sys_3v3,vdd_3v3_alw: supplied by vdd_5v_in
[    2.293059] sys_3v3_pexs: supplied by sys_3v3,vdd_3v3_alw
[    2.297408] mmc1: new high speed MMC card at address 0001
[    2.298181] mmcblk1: mmc1:0001 SEM16G 14.8 GiB 
[    2.298689] mmcblk1boot0: mmc1:0001 SEM16G partition 1 1.00 MiB
[    2.299142] mmcblk1boot1: mmc1:0001 SEM16G partition 2 1.00 MiB
[    2.301135] mmc0: new ultra high speed DDR50 SDHC card at address aaaa
[    2.301359] mmcblk0: mmc0:aaaa SS04G 3.69 GiB 
[    2.304413] mmcblk1rpmb: mmc1:0001 SEM16G partition 3 128 KiB, chardev (237:0)
[    2.308048] Primary GPT is invalid, using alternate GPT.
[    2.308067]  mmcblk1: p1 p2 p3 p4 p5
[    2.325952]  mmcblk0: p1 p2 p3
[    2.350503] +VDD_5V_HDMI: supplied by sys_3v3,vdd_3v3_alw
[    2.356749] tegra-pcie 3000.pcie: 2x3 configuration
[    2.364471] tegra-pcie 3000.pcie: probing port 0, using 2 lanes
[    2.428667] tegra-pcie 3000.pcie: probing port 2, using 2 lanes
[    2.838470] tegra-pcie 3000.pcie: link 2 down, retrying
[    3.247576] tegra-pcie 3000.pcie: link 2 down, retrying
[    3.656674] tegra-pcie 3000.pcie: link 2 down, retrying
[    3.663899] tegra-pcie 3000.pcie: link 2 down, ignoring
[    3.669214] tegra-pcie 3000.pcie: PCI host bridge to bus 0000:00
[    3.675226] pci_bus 0000:00: root bus resource [io  0x0000-0xffff]
[    3.681391] pci_bus 0000:00: root bus resource [mem 0x20000000-0x27ffffff]
[    3.688258] pci_bus 0000:00: root bus resource [mem 0x28000000-0x3fffffff pref]
[    3.695561] pci_bus 0000:00: root bus resource [bus 00-ff]
[    3.701056] pci 0000:00:01.0: [10de:0e1c] type 01 class 0x060400
[    3.707072] pci_bus 0000:00: 2-byte config write to 0000:00:01.0 offset 0x4 may corrupt adjacent RW1C bits
[    3.716715] pci_bus 0000:00: 2-byte config write to 0000:00:01.0 offset 0x4 may corrupt adjacent RW1C bits
[    3.726367] pci 0000:00:01.0: enabling Extended Tags
[    3.731320] pci_bus 0000:00: 2-byte config write to 0000:00:01.0 offset 0x88 may corrupt adjacent RW1C bits
[    3.741069] pci_bus 0000:00: 2-byte config write to 0000:00:01.0 offset 0x52 may corrupt adjacent RW1C bits
[    3.750812] pci 0000:00:01.0: PME# supported from D0 D1 D2 D3hot D3cold
[    3.757422] pci_bus 0000:00: 2-byte config write to 0000:00:01.0 offset 0x4c may corrupt adjacent RW1C bits
[    3.767282] pci_bus 0000:00: 2-byte config write to 0000:00:01.0 offset 0x3e may corrupt adjacent RW1C bits
[    3.777016] pci_bus 0000:00: 2-byte config write to 0000:00:01.0 offset 0x4 may corrupt adjacent RW1C bits
[    3.786658] pci_bus 0000:00: 1-byte config write to 0000:00:01.0 offset 0xc may corrupt adjacent RW1C bits
[    3.796296] PCI: bus0: Fast back to back transfers disabled
[    3.801856] pci 0000:00:01.0: bridge configuration invalid ([bus 00-00]), reconfiguring
[    3.809850] pci_bus 0000:00: 2-byte config write to 0000:00:01.0 offset 0x3e may corrupt adjacent RW1C bits
[    3.819578] pci_bus 0000:00: 2-byte config write to 0000:00:01.0 offset 0x3e may corrupt adjacent RW1C bits
[    3.829379] pci 0000:01:00.0: [10ec:8168] type 00 class 0x020000
[    3.835401] pci 0000:01:00.0: reg 0x10: [io  0x0000-0x00ff]
[    3.840974] pci 0000:01:00.0: reg 0x18: [mem 0x00000000-0x00000fff 64bit pref]
[    3.848198] pci 0000:01:00.0: reg 0x20: [mem 0x00000000-0x00003fff 64bit pref]
[    3.855510] PCI: bus1: Fast back to back transfers disabled
[    3.861071] pci_bus 0000:01: busn_res: [bus 01-ff] end is updated to 01
[    3.867705] pci 0000:00:01.0: BAR 9: assigned [mem 0x28000000-0x280fffff 64bit pref]
[    3.875441] pci 0000:00:01.0: BAR 7: assigned [io  0x1000-0x1fff]
[    3.881522] pci 0000:01:00.0: BAR 4: assigned [mem 0x28000000-0x28003fff 64bit pref]
[    3.889266] pci 0000:01:00.0: BAR 2: assigned [mem 0x28004000-0x28004fff 64bit pref]
[    3.897008] pci 0000:01:00.0: BAR 0: assigned [io  0x1000-0x10ff]
[    3.903089] pci 0000:00:01.0: PCI bridge to [bus 01]
[    3.908048] pci 0000:00:01.0:   bridge window [io  0x1000-0x1fff]
[    3.914137] pci 0000:00:01.0:   bridge window [mem 0x28000000-0x280fffff 64bit pref]
[    3.921879] pci 0000:00:01.0: nv_msi_ht_cap_quirk didn't locate host bridge
[    3.928921] pcieport 0000:00:01.0: enabling device (0140 -> 0143)
[    3.935217] pcieport 0000:00:01.0: Signaling PME with IRQ 375
[    3.941188] r8169 Gigabit Ethernet driver 2.3LK-NAPI loaded
[    3.946783] r8169 0000:01:00.0: enabling device (0140 -> 0143)
[    3.952626] r8169 0000:01:00.0 (unnamed net_device) (uninitialized): not PCI Express
[    3.961268] r8169 0000:01:00.0 eth0: RTL8168evl/8111evl at 0x4c60cccc, 02:04:4b:01:60:a6, XID 0c900800 IRQ 18
[    3.971184] r8169 0000:01:00.0 eth0: jumbo features [frames: 9200 bytes, tx checksumming: ko]
[    3.983970] [drm] Supports vblank timestamp caching Rev 2 (21.10.2013).
[    3.990570] [drm] No driver support for vblank timestamp query.
[    3.996517] [drm] Cannot find any crtc or sizes
[    4.001094] [drm] Initialized tegra 0.0.0 20120330 for drm on minor 0
[    4.010619] tegra-ehci 7d004000.usb: EHCI Host Controller
[    4.016039] tegra-ehci 7d004000.usb: new USB bus registered, assigned bus number 1
[    4.023829] tegra-ehci 7d004000.usb: irq 344, io mem 0x7d004000
[    4.029776] [drm] Cannot find any crtc or sizes
[    4.054057] tegra-ehci 7d004000.usb: USB 2.0 started, EHCI 1.00
[    4.061273] hub 1-0:1.0: USB hub found
[    4.065053] hub 1-0:1.0: 1 port detected
[    4.070244] tegra-ehci 7d008000.usb: EHCI Host Controller
[    4.075657] tegra-ehci 7d008000.usb: new USB bus registered, assigned bus number 2
[    4.083397] tegra-ehci 7d008000.usb: irq 345, io mem 0x7d008000
[    4.114054] tegra-ehci 7d008000.usb: USB 2.0 started, EHCI 1.00
[    4.121153] hub 2-0:1.0: USB hub found
[    4.124927] hub 2-0:1.0: 1 port detected
[    4.135266] tps65910-rtc tps65910-rtc: setting system clock to 2000-01-01 00:00:02 UTC (946684802)
[    4.144785] vdd_sata,avdd_plle: disabling
[    4.149530] usb1_vbus: disabling
[    4.154323] EXT4-fs (mmcblk1p1): mounting ext3 file system using the ext4 subsystem
[    4.169291] EXT4-fs (mmcblk1p1): warning: mounting fs with errors, running e2fsck is recommended
[    4.179503] EXT4-fs (mmcblk1p1): recovery complete
[    4.184311] EXT4-fs (mmcblk1p1): mounted filesystem with ordered data mode. Opts: (null)
[    4.192410] VFS: Mounted root (ext3 filesystem) on device 179:1.
[    4.201820] devtmpfs: mounted
[    4.207303] Freeing unused kernel memory: 2048K
bash: cannot set terminal process group (-1): Inappropriate ioctl for device
bash: no job control in this shell
root@(none):/# [    4.494073] usb 2-1: new high-speed USB device number 2 using tegra-ehci
[    5.184252] asix 2-1:1.0 eth1: register 'asix' at usb-7d008000.usb-1, ASIX AX88772 USB 2.0 Ethernet, 00:50:b6:0f:67:60
mount -t sysfs none /sys
root@(none):/# 
root@(none):/# mount -t debugfs none /sys/kernel/debug
root@(none):/# 
root@(none):/# rtcwake -d rtc1 -m mem -s 3
rtcwake: wakeup from "mem" using /dev/rtc1 at Thu Jan  1 00:00:22 1970
[    7.410584] PM: suspend entry (deep)
[    7.414189] PM: Syncing filesystems ... done.
[    7.420579] Freezing user space processes ... (elapsed 0.001 seconds) done.
[    7.428647] OOM killer disabled.
[    7.431863] Freezing remaining freezable tasks ... (elapsed 0.001 seconds) done.
[    7.440378] Suspending console(s) (use no_console_suspend to debug)
[    7.529677] Disabling non-boot CPUs ...
[    7.693811] IRQ17 no longer affine to CPU3
[    7.694312] Entering suspend state LP1
[    7.694324] Enabling non-boot CPUs ...
[    7.694972] CPU1 is up
[    7.695580] CPU2 is up
[    7.696260] CPU3 is up
[    7.697204] pcieport 0000:00:01.0: nv_msi_ht_cap_quirk didn't locate host bridge
[    8.313815] OOM killer enabled.
[    8.316944] Restarting tasks ... done.
[    8.321001] PM: suspend exit
root@(none):/# 
root@(none):/# rtcwake -d rtc1 -m mem -s 3
rtcwake: wakeup from "mem" using /dev/rtc1 at Thu Jan  1 00:00:27 1970
[    9.325403] PM: suspend entry (deep)
[    9.328977] PM: Syncing filesystems ... done.
[    9.334334] Freezing user space processes ... (elapsed 0.001 seconds) done.
[    9.342386] OOM killer disabled.
[    9.345618] Freezing remaining freezable tasks ... (elapsed 0.001 seconds) done.
[    9.354129] Suspending console(s) (use no_console_suspend to debug)
[    9.394592] pci_generic_config_write32: 32 callbacks suppressed
[    9.394604] pci_bus 0000:00: 2-byte config write to 0000:00:01.0 offset 0x9c may corrupt adjacent RW1C bits
[    9.439565] Disabling non-boot CPUs ...
[    9.483930] IRQ17 no longer affine to CPU1
[    9.584187] Entering suspend state LP1
[    9.584202] Enabling non-boot CPUs ...
[    9.585050] CPU1 is up
[    9.585811] CPU2 is up
[    9.586649] CPU3 is up
[    9.587820] pci_bus 0000:00: 2-byte config write to 0000:00:01.0 offset 0x4c may corrupt adjacent RW1C bits
[    9.587835] pci_bus 0000:00: 2-byte config write to 0000:00:01.0 offset 0x88 may corrupt adjacent RW1C bits
[    9.587842] pci_bus 0000:00: 2-byte config write to 0000:00:01.0 offset 0x90 may corrupt adjacent RW1C bits
[    9.587847] pci_bus 0000:00: 2-byte config write to 0000:00:01.0 offset 0x98 may corrupt adjacent RW1C bits
[    9.587852] pci_bus 0000:00: 2-byte config write to 0000:00:01.0 offset 0x9c may corrupt adjacent RW1C bits
[    9.587874] pci_bus 0000:00: 2-byte config write to 0000:00:01.0 offset 0x52 may corrupt adjacent RW1C bits
[    9.587881] pci_bus 0000:00: 2-byte config write to 0000:00:01.0 offset 0x52 may corrupt adjacent RW1C bits
[    9.587887] pci_bus 0000:00: 2-byte config write to 0000:00:01.0 offset 0x5c may corrupt adjacent RW1C bits
[    9.587893] pci_bus 0000:00: 2-byte config write to 0000:00:01.0 offset 0x52 may corrupt adjacent RW1C bits
[    9.587916] pcieport 0000:00:01.0: nv_msi_ht_cap_quirk didn't locate host bridge
[   10.312306] OOM killer enabled.
[   10.315443] Restarting tasks ... done.
[   10.319579] PM: suspend exit
root@(none):/# 
root@(none):/# rtcwake -d rtc1 -m mem -s 3
rtcwake: wakeup from "mem" using /dev/rtc1 at Thu Jan  1 00:00:32 1970
[   11.248432] PM: suspend entry (deep)
[   11.252008] PM: Syncing filesystems ... done.
[   11.258166] Freezing user space processes ... (elapsed 0.001 seconds) done.
[   11.266266] OOM killer disabled.
[   11.269482] Freezing remaining freezable tasks ... (elapsed 0.001 seconds) done.
[   11.278023] Suspending console(s) (use no_console_suspend to debug)
[   11.372842] Disabling non-boot CPUs ...
[   11.423965] IRQ17 no longer affine to CPU1
[   11.534258] Entering suspend state LP1
[   11.534271] Enabling non-boot CPUs ...
[   11.535118] CPU1 is up
[   11.535891] CPU2 is up
[   11.536719] CPU3 is up
[   11.537888] pcieport 0000:00:01.0: nv_msi_ht_cap_quirk didn't locate host bridge
[   12.159664] OOM killer enabled.
[   12.162799] Restarting tasks ... done.
[   12.167016] PM: suspend exit
root@(none):/# 
root@(none):/# rtcwake -d rtc1 -m mem -s 3
rtcwake: wakeup from "mem" using /dev/rtc1 at Thu Jan  1 00:00:37 1970
[   13.184437] PM: suspend entry (deep)
[   13.188018] PM: Syncing filesystems ... done.
[   13.194722] Freezing user space processes ... (elapsed 0.001 seconds) done.
[   13.202817] OOM killer disabled.
[   13.206049] Freezing remaining freezable tasks ... (elapsed 0.001 seconds) done.
[   13.214595] Suspending console(s) (use no_console_suspend to debug)
[   13.303381] Disabling non-boot CPUs ...
[   13.373805] IRQ17 no longer affine to CPU2
[   13.434222] Entering suspend state LP1
[   13.434236] Enabling non-boot CPUs ...
[   13.435084] CPU1 is up
[   13.435845] CPU2 is up
[   13.436687] CPU3 is up
[   13.437852] pcieport 0000:00:01.0: nv_msi_ht_cap_quirk didn't locate host bridge
[   14.059109] OOM killer enabled.
[   14.062240] Restarting tasks ... done.
[   14.066398] PM: suspend exit
root@(none):/# 
root@(none):/# rtcwake -d rtc1 -m mem -s 3
rtcwake: wakeup from "mem" using /dev/rtc1 at Thu Jan  1 00:00:42 1970
[   15.084627] PM: suspend entry (deep)
[   15.088210] PM: Syncing filesystems ... done.
[   15.093878] Freezing user space processes ... (elapsed 0.001 seconds) done.
[   15.101966] OOM killer disabled.
[   15.105199] Freezing remaining freezable tasks ... (elapsed 0.001 seconds) done.
[   15.113748] Suspending console(s) (use no_console_suspend to debug)
[   15.153757] pci_generic_config_write32: 26 callbacks suppressed
[   15.153773] pci_bus 0000:00: 2-byte config write to 0000:00:01.0 offset 0x9c may corrupt adjacent RW1C bits
[   15.200124] Disabling non-boot CPUs ...
[   15.273780] IRQ17 no longer affine to CPU2
[   15.334194] Entering suspend state LP1
[   15.334210] Enabling non-boot CPUs ...
[   15.335064] CPU1 is up
[   15.335837] CPU2 is up
[   15.336659] CPU3 is up
[   15.337790] pci_bus 0000:00: 2-byte config write to 0000:00:01.0 offset 0x4c may corrupt adjacent RW1C bits
[   15.337804] pci_bus 0000:00: 2-byte config write to 0000:00:01.0 offset 0x88 may corrupt adjacent RW1C bits
[   15.337811] pci_bus 0000:00: 2-byte config write to 0000:00:01.0 offset 0x90 may corrupt adjacent RW1C bits
[   15.337816] pci_bus 0000:00: 2-byte config write to 0000:00:01.0 offset 0x98 may corrupt adjacent RW1C bits
[   15.337821] pci_bus 0000:00: 2-byte config write to 0000:00:01.0 offset 0x9c may corrupt adjacent RW1C bits
[   15.337842] pci_bus 0000:00: 2-byte config write to 0000:00:01.0 offset 0x52 may corrupt adjacent RW1C bits
[   15.337850] pci_bus 0000:00: 2-byte config write to 0000:00:01.0 offset 0x52 may corrupt adjacent RW1C bits
[   15.337858] pci_bus 0000:00: 2-byte config write to 0000:00:01.0 offset 0x5c may corrupt adjacent RW1C bits
[   15.337864] pci_bus 0000:00: 2-byte config write to 0000:00:01.0 offset 0x52 may corrupt adjacent RW1C bits
[   15.337886] pcieport 0000:00:01.0: nv_msi_ht_cap_quirk didn't locate host bridge
[   16.062196] OOM killer enabled.
[   16.065333] Restarting tasks ... done.
[   16.069480] PM: suspend exit
root@(none):/# 
root@(none):/# rtcwake -d rtc1 -m mem -s 3
rtcwake: wakeup from "mem" using /dev/rtc1 at Thu Jan  1 00:00:47 1970
[   16.983877] PM: suspend entry (deep)
[   16.987455] PM: Syncing filesystems ... done.
[   16.993604] Freezing user space processes ... (elapsed 0.001 seconds) done.
[   17.001687] OOM killer disabled.
[   17.004914] Freezing remaining freezable tasks ... (elapsed 0.001 seconds) done.
[   17.013448] Suspending console(s) (use no_console_suspend to debug)
[   17.102312] Disabling non-boot CPUs ...
[   17.193752] IRQ17 no longer affine to CPU2
[   17.254175] Entering suspend state LP1
[   17.254194] Enabling non-boot CPUs ...
[   17.255036] CPU1 is up
[   17.255813] CPU2 is up
[   17.256637] CPU3 is up
[   17.257836] pcieport 0000:00:01.0: nv_msi_ht_cap_quirk didn't locate host bridge
[   17.879582] OOM killer enabled.
[   17.882711] Restarting tasks ... done.
[   17.886868] PM: suspend exit
root@(none):/# 
root@(none):/# rtcwake -d rtc1 -m mem -s 3
rtcwake: wakeup from "mem" using /dev/rtc1 at Thu Jan  1 00:00:52 1970
[   18.904577] PM: suspend entry (deep)
[   18.908160] PM: Syncing filesystems ... done.
[   18.914838] Freezing user space processes ... (elapsed 0.001 seconds) done.
[   18.922930] OOM killer disabled.
[   18.926163] Freezing remaining freezable tasks ... (elapsed 0.001 seconds) done.
[   18.934716] Suspending console(s) (use no_console_suspend to debug)
[   19.023279] Disabling non-boot CPUs ...
[   19.093738] IRQ17 no longer affine to CPU2
[   19.154136] Entering suspend state LP1
[   19.154150] Enabling non-boot CPUs ...
[   19.155041] CPU1 is up
[   19.155808] CPU2 is up
[   19.156645] CPU3 is up
[   19.157842] pcieport 0000:00:01.0: nv_msi_ht_cap_quirk didn't locate host bridge
[   19.779596] OOM killer enabled.
[   19.782726] Restarting tasks ... done.
[   19.786880] PM: suspend exit
root@(none):/# 
root@(none):/# rtcwake -d rtc1 -m mem -s 3
rtcwake: wakeup from "mem" using /dev/rtc1 at Thu Jan  1 00:00:57 1970
[   20.804312] PM: suspend entry (deep)
[   20.807890] PM: Syncing filesystems ... done.
[   20.813565] Freezing user space processes ... (elapsed 0.001 seconds) done.
[   20.821657] OOM killer disabled.
[   20.824886] Freezing remaining freezable tasks ... (elapsed 0.001 seconds) done.
[   20.833420] Suspending console(s) (use no_console_suspend to debug)
[   20.875232] pci_generic_config_write32: 26 callbacks suppressed
[   20.875248] pci_bus 0000:00: 2-byte config write to 0000:00:01.0 offset 0x9c may corrupt adjacent RW1C bits
[   20.923254] Disabling non-boot CPUs ...
[   20.993705] IRQ17 no longer affine to CPU2
[   21.054117] Entering suspend state LP1
[   21.054133] Enabling non-boot CPUs ...
[   21.054980] CPU1 is up
[   21.055756] CPU2 is up
[   21.056591] CPU3 is up
[   21.057711] pci_bus 0000:00: 2-byte config write to 0000:00:01.0 offset 0x4c may corrupt adjacent RW1C bits
[   21.057725] pci_bus 0000:00: 2-byte config write to 0000:00:01.0 offset 0x88 may corrupt adjacent RW1C bits
[   21.057732] pci_bus 0000:00: 2-byte config write to 0000:00:01.0 offset 0x90 may corrupt adjacent RW1C bits
[   21.057737] pci_bus 0000:00: 2-byte config write to 0000:00:01.0 offset 0x98 may corrupt adjacent RW1C bits
[   21.057744] pci_bus 0000:00: 2-byte config write to 0000:00:01.0 offset 0x9c may corrupt adjacent RW1C bits
[   21.057765] pci_bus 0000:00: 2-byte config write to 0000:00:01.0 offset 0x52 may corrupt adjacent RW1C bits
[   21.057772] pci_bus 0000:00: 2-byte config write to 0000:00:01.0 offset 0x52 may corrupt adjacent RW1C bits
[   21.057779] pci_bus 0000:00: 2-byte config write to 0000:00:01.0 offset 0x5c may corrupt adjacent RW1C bits
[   21.057785] pci_bus 0000:00: 2-byte config write to 0000:00:01.0 offset 0x52 may corrupt adjacent RW1C bits
[   21.057808] pcieport 0000:00:01.0: nv_msi_ht_cap_quirk didn't locate host bridge
[   21.782109] OOM killer enabled.
[   21.785247] Restarting tasks ... done.
[   21.789392] PM: suspend exit
root@(none):/# 
root@(none):/# rtcwake -d rtc1 -m mem -s 3
rtcwake: wakeup from "mem" using /dev/rtc1 at Thu Jan  1 00:01:02 1970
[   22.698653] PM: suspend entry (deep)
[   22.702236] PM: Syncing filesystems ... done.
[   22.708410] Freezing user space processes ... (elapsed 0.001 seconds) done.
[   22.716512] OOM killer disabled.
[   22.719729] Freezing remaining freezable tasks ... (elapsed 0.001 seconds) done.
[   22.728282] Suspending console(s) (use no_console_suspend to debug)
[   22.823811] Disabling non-boot CPUs ...
[   22.933678] IRQ17 no longer affine to CPU2
[   22.994114] Entering suspend state LP1
[   22.994130] Enabling non-boot CPUs ...
[   22.994981] CPU1 is up
[   22.995770] CPU2 is up
[   22.996589] CPU3 is up
[   22.997761] pcieport 0000:00:01.0: nv_msi_ht_cap_quirk didn't locate host bridge
[   23.618964] OOM killer enabled.
[   23.622096] Restarting tasks ... done.
[   23.626258] PM: suspend exit
root@(none):/# 
root@(none):/# rtcwake -d rtc1 -m mem -s 3
rtcwake: wakeup from "mem" using /dev/rtc1 at Thu Jan  1 00:01:07 1970
[   24.653806] PM: suspend entry (deep)
[   24.657386] PM: Syncing filesystems ... done.
[   24.663590] Freezing user space processes ... (elapsed 0.001 seconds) done.
[   24.671681] OOM killer disabled.
[   24.674917] Freezing remaining freezable tasks ... (elapsed 0.001 seconds) done.
[   24.683462] Suspending console(s) (use no_console_suspend to debug)
[   24.769330] Disabling non-boot CPUs ...
[   24.843656] IRQ17 no longer affine to CPU2
[   24.904077] Entering suspend state LP1
[   24.904089] Enabling non-boot CPUs ...
[   24.904935] CPU1 is up
[   24.905710] CPU2 is up
[   24.906526] CPU3 is up
[   24.907683] pcieport 0000:00:01.0: nv_msi_ht_cap_quirk didn't locate host bridge
[   25.538913] OOM killer enabled.
[   25.542045] Restarting tasks ... done.
[   25.547891] PM: suspend exit
root@(none):/# 
root@(none):/# NVTB SYSTEM SUSPEND TEST COMPLETE
