
U-Boot SPL 2016.05-rc2 (Apr 21 2016 - 16:23:00)
Trying to boot from RAM


U-Boot 2016.05-rc2 (Apr 21 2016 - 16:23:00 -0700)

TEGRA124
Model: NVIDIA Jetson TK1
Board: NVIDIA Jetson TK1
DRAM:  2 GiB
MC:   Tegra SD/MMC: 0, Tegra SD/MMC: 1
In:    serial
Out:   serial
Err:   serial
Net:   No ethernet found.
Hit any key to stop autoboot:  2  0 
Tegra124 (Jetson TK1) # 
Tegra124 (Jetson TK1) # pci enum
Tegra124 (Jetson TK1) # setenv bootargs 'ignore_loglevel console=ttyS0,115200n8 rw root=PARTUUID=b1791faa-84e8-4e27-83a1-9fb0a77e8803 rootwait gpt debug noinitrd earlyprintk init=/bin/bash'
Tegra124 (Jetson TK1) # setenv ipaddr 192.168.100.102; setenv serverip 192.168.100.1; setenv tftpserverip 192.168.100.1
Tegra124 (Jetson TK1) # tftpboot 0x82000000 zImage.multi_v7_defconfig

Warning: eth_rtl8169 using MAC address from ROM
Using eth_rtl8169 device
TFTP from server 192.168.100.1; our IP address is 192.168.100.102
Filename 'zImage.multi_v7_defconfig'.
Load address: 0x82000000
Loading: *#################################################################
	 #################################################################
	 #################################################################
	 #################################################################
	 #################################################################
	 #################################################################
	 #################################################################
	 #############################
	 4 MiB/s
done
Bytes transferred = 7100848 (6c59b0 hex)
Tegra124 (Jetson TK1) # tftpboot 0x83000000 tegra124-jetson-tk1.dtb
Using eth_rtl8169 device
TFTP from server 192.168.100.1; our IP address is 192.168.100.102
Filename 'tegra124-jetson-tk1.dtb'.
Load address: 0x83000000
Loading: *#####
	 4 MiB/s
done
Bytes transferred = 66405 (10365 hex)
Tegra124 (Jetson TK1) # bootz 0x82000000 - 0x83000000
Kernel image @ 0x82000000 [ 0x000000 - 0x6c59b0 ]
## Flattened Device Tree blob at 83000000
   Booting using the fdt blob at 0x83000000
   Using Device Tree in place at 83000000, end 83013364

Starting kernel ...

[    0.000000] Booting Linux on physical CPU 0x0
[    0.000000] Linux version 4.8.0-rc7-111321-g3be7988 (pwalmsley@sellafield) (gcc version 4.7.3 20130328 (prerelease) (crosstool-NG linaro-1.13.1-4.7-2013.04-20130415 - Linaro GCC 2013.04) ) #1 SMP Mon Sep 19 07:34:20 PDT 2016
[    0.000000] CPU: ARMv7 Processor [413fc0f3] revision 3 (ARMv7), cr=10c5387d
[    0.000000] CPU: div instructions available: patching division code
[    0.000000] CPU: PIPT / VIPT nonaliasing data cache, PIPT instruction cache
[    0.000000] OF: fdt:Machine model: NVIDIA Tegra124 Jetson TK1
[    0.000000] debug: ignoring loglevel setting.
[    0.000000] cma: Reserved 64 MiB at 0xfb800000
[    0.000000] Memory policy: Data cache writealloc
[    0.000000] On node 0 totalpages: 524032
[    0.000000] free_area_init_node: node 0, pgdat c141d380, node_mem_map eeff8000
[    0.000000]   DMA zone: 1536 pages used for memmap
[    0.000000]   DMA zone: 0 pages reserved
[    0.000000]   DMA zone: 196608 pages, LIFO batch:31
[    0.000000]   HighMem zone: 327424 pages, LIFO batch:31
[    0.000000] percpu: Embedded 14 pages/cpu @eef85000 s25984 r8192 d23168 u57344
[    0.000000] pcpu-alloc: s25984 r8192 d23168 u57344 alloc=14*4096
[    0.000000] pcpu-alloc: [0] 0 [0] 1 [0] 2 [0] 3 
[    0.000000] Built 1 zonelists in Zone order, mobility grouping on.  Total pages: 522496
[    0.000000] Kernel command line: ignore_loglevel console=ttyS0,115200n8 rw root=PARTUUID=b1791faa-84e8-4e27-83a1-9fb0a77e8803 rootwait gpt debug noinitrd earlyprintk init=/bin/bash
[    0.000000] PID hash table entries: 4096 (order: 2, 16384 bytes)
[    0.000000] Dentry cache hash table entries: 131072 (order: 7, 524288 bytes)
[    0.000000] Inode-cache hash table entries: 65536 (order: 6, 262144 bytes)
[    0.000000] Memory: 1994972K/2096128K available (9216K kernel code, 1148K rwdata, 3972K rodata, 2048K init, 343K bss, 35620K reserved, 65536K cma-reserved, 1244160K highmem)
[    0.000000] Virtual kernel memory layout:
[    0.000000]     vector  : 0xffff0000 - 0xffff1000   (   4 kB)
[    0.000000]     fixmap  : 0xffc00000 - 0xfff00000   (3072 kB)
[    0.000000]     vmalloc : 0xf0800000 - 0xff800000   ( 240 MB)
[    0.000000]     lowmem  : 0xc0000000 - 0xf0000000   ( 768 MB)
[    0.000000]     pkmap   : 0xbfe00000 - 0xc0000000   (   2 MB)
[    0.000000]     modules : 0xbf000000 - 0xbfe00000   (  14 MB)
[    0.000000]       .text : 0xc0208000 - 0xc0c00000   (10208 kB)
[    0.000000]       .init : 0xc1100000 - 0xc1300000   (2048 kB)
[    0.000000]       .data : 0xc1300000 - 0xc141f200   (1149 kB)
[    0.000000]        .bss : 0xc1421000 - 0xc1476c48   ( 344 kB)
[    0.000000] SLUB: HWalign=64, Order=0-3, MinObjects=0, CPUs=4, Nodes=1
[    0.000000] Hierarchical RCU implementation.
[    0.000000] 	Build-time adjustment of leaf fanout to 32.
[    0.000000] 	RCU restricting CPUs from NR_CPUS=16 to nr_cpu_ids=4.
[    0.000000] RCU: Adjusting geometry for rcu_fanout_leaf=32, nr_cpu_ids=4
[    0.000000] NR_IRQS:16 nr_irqs:16 16
[    0.000000] /interrupt-controller@60004000: 160 interrupts forwarded to /interrupt-controller@50041000
[    0.000000] Tegra clk 127: register failed with -17
[    0.000008] sched_clock: 32 bits at 1000kHz, resolution 1000ns, wraps every 2147483647500ns
[    0.000030] clocksource: timer_us: mask: 0xffffffff max_cycles: 0xffffffff, max_idle_ns: 1911260446275 ns
[    0.000043] Switching to timer-based delay loop, resolution 1000ns
[    0.005444] arm_arch_timer: Architected cp15 timer(s) running at 12.00MHz (virt).
[    0.005462] clocksource: arch_sys_counter: mask: 0xffffffffffffff max_cycles: 0x2c47f4ee7, max_idle_ns: 440795202497 ns
[    0.005479] sched_clock: 56 bits at 12MHz, resolution 83ns, wraps every 4398046511096ns
[    0.005491] Switching to timer-based delay loop, resolution 83ns
[    0.005975] Console: colour dummy device 80x30
[    0.006003] Calibrating delay loop (skipped), value calculated using timer frequency.. 24.00 BogoMIPS (lpj=60000)
[    0.006017] pid_max: default: 32768 minimum: 301
[    0.006114] Mount-cache hash table entries: 2048 (order: 1, 8192 bytes)
[    0.006126] Mountpoint-cache hash table entries: 2048 (order: 1, 8192 bytes)
[    0.006723] CPU: Testing write buffer coherency: ok
[    0.006941] /cpus/cpu@0 missing clock-frequency property
[    0.006982] /cpus/cpu@1 missing clock-frequency property
[    0.007023] /cpus/cpu@2 missing clock-frequency property
[    0.007065] /cpus/cpu@3 missing clock-frequency property
[    0.007076] CPU0: thread -1, cpu 0, socket 0, mpidr 80000000
[    0.007097] Setting up static identity map for 0x80300000 - 0x80300098
[    0.010787] Tegra Revision: A01 SKU: 129 CPU Process: 1 SoC Process: 1
[    0.012160] CPU1: thread -1, cpu 1, socket 0, mpidr 80000001
[    0.015840] CPU2: thread -1, cpu 2, socket 0, mpidr 80000002
[    0.020841] CPU3: thread -1, cpu 3, socket 0, mpidr 80000003
[    0.025377] Brought up 4 CPUs
[    0.025397] SMP: Total of 4 processors activated (96.00 BogoMIPS).
[    0.025404] CPU: All CPU(s) started in SVC mode.
[    0.026861] devtmpfs: initialized
[    0.047149] VFP support v0.3: implementor 41 architecture 4 part 30 variant f rev 0
[    0.047587] clocksource: jiffies: mask: 0xffffffff max_cycles: 0xffffffff, max_idle_ns: 9556302231375000 ns
[    0.048932] pinctrl core: initialized pinctrl subsystem
[    0.050684] NET: Registered protocol family 16
[    0.052606] DMA: preallocated 256 KiB pool for atomic coherent allocations
[    0.065495] cpuidle: using governor menu
[    0.084450] No ATAGs?
[    0.084478] hw-breakpoint: found 5 (+1 reserved) breakpoint and 4 watchpoint registers.
[    0.084488] hw-breakpoint: maximum watchpoint size is 8 bytes.
[    0.090800] Serial: AMBA PL011 UART driver
[    0.125665] +5V_SYS: supplied by +VDD_MUX
[    0.125956] +3.3V_SYS: supplied by +VDD_MUX
[    0.126586] +USB0_VBUS_SW: Failed to request enable GPIO108: -517
[    0.126601] reg-fixed-voltage regulators:regulator@7: Failed to register regulator: -517
[    0.126688] +5V_USB_HS: Failed to request enable GPIO109: -517
[    0.126702] reg-fixed-voltage regulators:regulator@8: Failed to register regulator: -517
[    0.126863] +1.05V_RUN_AVDD_HDMI_PLL: Failed to request enable GPIO63: -517
[    0.126876] reg-fixed-voltage regulators:regulator@11: Failed to register regulator: -517
[    0.126958] +5V_HDMI_CON: Failed to request enable GPIO86: -517
[    0.126970] reg-fixed-voltage regulators:regulator@12: Failed to register regulator: -517
[    0.127051] +5V_SATA: Failed to request enable GPIO242: -517
[    0.127063] reg-fixed-voltage regulators:regulator@13: Failed to register regulator: -517
[    0.127146] +12V_SATA: Failed to request enable GPIO242: -517
[    0.127159] reg-fixed-voltage regulators:regulator@14: Failed to register regulator: -517
[    0.130455] vgaarb: loaded
[    0.131298] SCSI subsystem initialized
[    0.131463] libata version 3.00 loaded.
[    0.131747] usbcore: registered new interface driver usbfs
[    0.131813] usbcore: registered new interface driver hub
[    0.131886] usbcore: registered new device driver usb
[    0.135486] pps_core: LinuxPPS API ver. 1 registered
[    0.135495] pps_core: Software ver. 5.3.6 - Copyright 2005-2007 Rodolfo Giometti <giometti@linux.it>
[    0.135518] PTP clock support registered
[    0.135746] EDAC MC: Ver: 3.0.0
[    0.138945] clocksource: Switched to clocksource arch_sys_counter
[    0.150159] NET: Registered protocol family 2
[    0.150678] TCP established hash table entries: 8192 (order: 3, 32768 bytes)
[    0.150776] TCP bind hash table entries: 8192 (order: 4, 65536 bytes)
[    0.150962] TCP: Hash tables configured (established 8192 bind 8192)
[    0.151012] UDP hash table entries: 512 (order: 2, 16384 bytes)
[    0.151053] UDP-Lite hash table entries: 512 (order: 2, 16384 bytes)
[    0.151206] NET: Registered protocol family 1
[    0.151536] RPC: Registered named UNIX socket transport module.
[    0.151546] RPC: Registered udp transport module.
[    0.151553] RPC: Registered tcp transport module.
[    0.151560] RPC: Registered tcp NFSv4.1 backchannel transport module.
[    0.151570] PCI: CLS 0 bytes, default 64
[    0.152756] hw perfevents: enabled with armv7_cortex_a15 PMU driver, 7 counters available
[    0.154284] futex hash table entries: 1024 (order: 4, 65536 bytes)
[    0.154997] workingset: timestamp_bits=30 max_order=19 bucket_order=0
[    0.166099] squashfs: version 4.0 (2009/01/31) Phillip Lougher
[    0.166949] NFS: Registering the id_resolver key type
[    0.166971] Key type id_resolver registered
[    0.166979] Key type id_legacy registered
[    0.167021] ntfs: driver 2.1.32 [Flags: R/O].
[    0.168260] bounce: pool size: 64 pages
[    0.168467] Block layer SCSI generic (bsg) driver version 0.4 loaded (major 248)
[    0.168477] io scheduler noop registered
[    0.168485] io scheduler deadline registered
[    0.168687] io scheduler cfq registered (default)
[    0.174431] usb2-0 supply vbus not found, using dummy regulator
[    0.174559] usb2-1 supply vbus not found, using dummy regulator
[    0.174950] tegra-xusb-padctl 7009f000.padctl: failed to setup XUSB ports: -517
[    0.175647] libphy: mdio_driver_register: phy-bcm-ns2-pci
[    0.191832] tegra-pcie 1003000.pcie-controller: 2x1, 1x1 configuration
[    0.191884] tegra-pcie 1003000.pcie-controller: Failed to get supply 'avddio-pex': -517
[    0.199139] tegra-apbdma 60020000.dma: Tegra20 APB DMA driver register 32 channels
[    0.201125] tegra-pmc 7000e400.pmc: emergency thermal reset enabled
[    0.266640] Serial: 8250/16550 driver, 4 ports, IRQ sharing disabled
[    0.269611] console [ttyS0] disabled
[    0.269646] 70006300.serial: ttyS0 at MMIO 0x70006300 (irq = 335, base_baud = 25500000) is a Tegra
[    1.127831] console [ttyS0] enabled
[    1.132253] SuperH (H)SCI(F) driver initialized
[    1.137826] msm_serial: driver initialized
[    1.142144] STMicroelectronics ASC driver initialized
[    1.148075] 70006000.serial: ttyTHS1 at MMIO 0x70006000 (irq = 333, base_baud = 0) is a TEGRA_UART
[    1.157372] 70006040.serial: ttyTHS2 at MMIO 0x70006040 (irq = 334, base_baud = 0) is a TEGRA_UART
[    1.169827] [drm] Initialized drm 1.1.0 20060810
[    1.177755] tegra-hdmi 54280000.hdmi: failed to get HDMI regulator
[    1.197437] brd: module loaded
[    1.206545] loop: module loaded
[    1.210170] at24 0-0056: 256 byte 24c02 EEPROM, writable, 8 bytes/write
[    1.218453] as3722 4-0040: AS3722 with revision 0x1 found
[    1.229744] as3722-sd2: supplied by +5V_SYS
[    1.234402] as3722-sd3: supplied by +5V_SYS
[    1.238795] +1.35V_LP0(sd3): Bringing 0uV into 1350000-1350000uV
[    1.245185] as3722-sd4: supplied by +5V_SYS
[    1.249843] as3722-sd5: supplied by +5V_SYS
[    1.255912] as3722-ldo0: supplied by +1.35V_LP0(sd2)
[    1.262007] +1.8V_RUN_CAM: Bringing 0uV into 1800000-1800000uV
[    1.268268] as3722-ldo2: supplied by +1.8V_VDDIO
[    1.274225] as3722-ldo3: supplied by +3.3V_SYS
[    1.278709] +1.05V_LP0_VDD_RTC: Bringing 1100000uV into 1000000-1000000uV
[    1.286535] as3722-ldo4: supplied by +3.3V_SYS
[    1.291209] +2.8V_RUN_CAM: Bringing 0uV into 2800000-2800000uV
[    1.297460] as3722-ldo5: supplied by +1.8V_VDDIO
[    1.302305] +1.2V_RUN_CAM_FRONT: Bringing 0uV into 1200000-1200000uV
[    1.309302] +VDDIO_SDMMC3: bypassed regulator has no supply!
[    1.314977] +VDDIO_SDMMC3: failed to get the current voltage(-517)
[    1.321170] as3722-regulator as3722-regulator: regulator 13 register failed -517
[    1.333642] tegra-ahci 70027000.sata: couldn't get PHY in node sata: -517
[    1.353567] random: fast init done
[    1.357139] m25p80 spi32765.0: w25q32dw (4096 Kbytes)
[    1.365658] libphy: Fixed MDIO Bus: probed
[    1.370691] CAN device driver interface
[    1.376902] igb: Intel(R) Gigabit Ethernet Network Driver - version 5.3.0-k
[    1.383881] igb: Copyright (c) 2007-2014 Intel Corporation.
[    1.393025] pegasus: v0.9.3 (2013/04/25), Pegasus/Pegasus II USB Ethernet driver
[    1.400495] usbcore: registered new interface driver pegasus
[    1.406235] usbcore: registered new interface driver asix
[    1.411701] usbcore: registered new interface driver ax88179_178a
[    1.417841] usbcore: registered new interface driver cdc_ether
[    1.423745] usbcore: registered new interface driver smsc75xx
[    1.429569] usbcore: registered new interface driver smsc95xx
[    1.435363] usbcore: registered new interface driver net1080
[    1.441074] usbcore: registered new interface driver cdc_subset
[    1.447038] usbcore: registered new interface driver zaurus
[    1.452687] usbcore: registered new interface driver cdc_ncm
[    1.458570] tegra-phy 7d004000.usb-phy: no vbus regulator
[    1.466026] ehci_hcd: USB 2.0 'Enhanced' Host Controller (EHCI) Driver
[    1.472566] ehci-pci: EHCI PCI platform driver
[    1.477061] ehci-platform: EHCI generic platform driver
[    1.482522] ehci-orion: EHCI orion driver
[    1.486691] SPEAr-ehci: EHCI SPEAr driver
[    1.490868] ehci-st: EHCI STMicroelectronics driver
[    1.495904] ehci-exynos: EHCI EXYNOS driver
[    1.500276] ehci-atmel: EHCI Atmel driver
[    1.504443] tegra-ehci: Tegra EHCI driver
[    1.511275] tegra-ehci 7d004000.usb: EHCI Host Controller
[    1.516702] tegra-ehci 7d004000.usb: new USB bus registered, assigned bus number 1
[    1.524485] tegra-ehci 7d004000.usb: irq 354, io mem 0x7d004000
[    1.543968] tegra-ehci 7d004000.usb: USB 2.0 started, EHCI 1.10
[    1.550728] hub 1-0:1.0: USB hub found
[    1.554539] hub 1-0:1.0: 1 port detected
[    1.559097] ohci_hcd: USB 1.1 'Open' Host Controller (OHCI) Driver
[    1.565307] ohci-pci: OHCI PCI platform driver
[    1.569819] ohci-platform: OHCI generic platform driver
[    1.575242] ohci-omap3: OHCI OMAP3 driver
[    1.579417] SPEAr-ohci: OHCI SPEAr driver
[    1.583575] ohci-st: OHCI STMicroelectronics driver
[    1.588616] ohci-atmel: OHCI Atmel driver
[    1.593490] usbcore: registered new interface driver usb-storage
[    1.601271] mousedev: PS/2 mouse device common for all mice
[    1.610340] as3722-rtc as3722-rtc: rtc core: registered as3722-rtc as rtc0
[    1.617229] as3722-rtc as3722-rtc: RTC interrupt 377
[    1.625595] tegra_rtc 7000e000.rtc: rtc core: registered 7000e000.rtc as rtc1
[    1.632787] tegra_rtc 7000e000.rtc: Tegra internal Real Time Clock
[    1.639559] i2c /dev entries driver
[    1.650347] 0-004c supply vcc not found, using dummy regulator
[    1.666040] sdhci: Secure Digital Host Controller Interface driver
[    1.672237] sdhci: Copyright(c) Pierre Ossman
[    1.678270] Synopsys Designware Multimedia Card Interface Driver
[    1.685490] sdhci-pltfm: SDHCI platform and OF driver helper
[    1.691962] sdhci-tegra 700b0400.sdhci: Got CD GPIO
[    1.696872] sdhci-tegra 700b0400.sdhci: Got WP GPIO
[    1.702008] mmc0: Unknown controller version (3). You may experience problems.
[    1.709321] mmc0: Invalid maximum block size, assuming 512 bytes
[    1.758971] mmc0: SDHCI controller on 700b0600.sdhci [700b0600.sdhci] using ADMA 64-bit
[    1.768995] ledtrig-cpu: registered to indicate activity on CPUs
[    1.775359] usbcore: registered new interface driver usbhid
[    1.780942] usbhid: USB HID core driver
[    1.789664] tegra124-dfll 70110000.clock: couldn't get vdd_cpu regulator
[    1.807096] NET: Registered protocol family 10
[    1.812529] sit: IPv6, IPv4 and MPLS over IPv4 tunneling driver
[    1.819193] NET: Registered protocol family 17
[    1.823640] can: controller area network core (rev 20120528 abi 9)
[    1.829891] NET: Registered protocol family 29
[    1.834342] can: raw protocol (rev 20120528)
[    1.838605] can: broadcast manager protocol (rev 20160617 t)
[    1.844272] can: netlink gateway (rev 20130117) max_hops=1
[    1.850132] Key type dns_resolver registered
[    1.855725] ThumbEE CPU extension supported.
[    1.857810] mmc0: new high speed MMC card at address 0001
[    1.858787] mmcblk0: mmc0:0001 SEM16G 14.7 GiB 
[    1.859889] mmcblk0boot0: mmc0:0001 SEM16G partition 1 4.00 MiB
[    1.860831] mmcblk0boot1: mmc0:0001 SEM16G partition 2 4.00 MiB
[    1.861701] mmcblk0rpmb: mmc0:0001 SEM16G partition 3 4.00 MiB
[    1.864068]  mmcblk0: p1
[    1.890315] Registering SWP/SWPB emulation handler
[    1.898465] +3.3V_RUN: supplied by +3.3V_SYS
[    1.903582] +3.3V_AVDD_HDMI_AP_GATED: supplied by +3.3V_RUN
[    1.909755] +USB0_VBUS_SW: supplied by +5V_SYS
[    1.914927] +5V_USB_HS: supplied by +5V_SYS
[    1.920646] +3.3V_LP0: supplied by +3.3V_SYS
[    1.926546] +5V_HDMI_CON: supplied by +5V_SYS
[    1.931625] +5V_SATA: supplied by +5V_SYS
[    1.936354] +12V_SATA: supplied by +VDD_MUX
[    1.942378] usb2-0 supply vbus not found, using dummy regulator
[    1.948512] usb2-1 supply vbus not found, using dummy regulator
[    1.954820] usb3-0 supply vbus not found, using dummy regulator
[    1.961946] tegra-pcie 1003000.pcie-controller: 2x1, 1x1 configuration
[    1.968587] tegra-pcie 1003000.pcie-controller: Failed to get supply 'avddio-pex': -517
[    1.978408] tegra-hdmi 54280000.hdmi: failed to get PLL regulator
[    1.988328] as3722-sd2: supplied by +5V_SYS
[    1.992944] as3722-sd3: supplied by +5V_SYS
[    1.997484] as3722-sd4: supplied by +5V_SYS
[    2.002014] +1.05V_RUN_AVDD_HDMI_PLL: supplied by +1.05V_RUN
[    2.007799] as3722-sd5: supplied by +5V_SYS
[    2.013446] as3722-ldo0: supplied by +1.35V_LP0(sd2)
[    2.019068] as3722-ldo1: supplied by +3.3V_RUN
[    2.023863] as3722-ldo2: supplied by +1.8V_VDDIO
[    2.029524] as3722-ldo3: supplied by +3.3V_SYS
[    2.034999] as3722-ldo4: supplied by +3.3V_SYS
[    2.039756] as3722-ldo5: supplied by +1.8V_VDDIO
[    2.044646] as3722-ldo6: supplied by +3.3V_RUN
[    2.049379] as3722-ldo7: supplied by +1.8V_VDDIO
[    2.054710] +1.05V_RUN_CAM_REAR: Bringing 0uV into 1050000-1050000uV
[    2.061766] as3722-ldo9: supplied by +5V_SYS
[    2.067191] +3.3V_RUN_TOUCH: Bringing 0uV into 2800000-2800000uV
[    2.073899] as3722-ldo10: supplied by +5V_SYS
[    2.079011] +2.8V_RUN_CAM_AF: Bringing 0uV into 2800000-2800000uV
[    2.085804] as3722-ldo11: supplied by +3.3V_RUN
[    2.091061] +1.8V_RUN_VPP_FUSE: Bringing 0uV into 1800000-1800000uV
[    2.100978] tegra-ahci 70027000.sata: AHCI 0001.0301 32 slots 2 ports 3 Gbps 0x1 impl platform mode
[    2.110056] tegra-ahci 70027000.sata: flags: 64bit ncq sntf pm led pio slum part sadm sds apst 
[    2.120886] scsi host0: tegra-ahci
[    2.125546] scsi host1: tegra-ahci
[    2.129339] ata1: SATA max UDMA/133 mmio [mem 0x70027000-0x70028fff] port 0x100 irq 345
[    2.137352] ata2: DUMMY
[    2.143005] tegra-ehci 7d008000.usb: EHCI Host Controller
[    2.148463] tegra-ehci 7d008000.usb: new USB bus registered, assigned bus number 2
[    2.156236] tegra-ehci 7d008000.usb: irq 355, io mem 0x7d008000
[    2.174069] tegra-ehci 7d008000.usb: USB 2.0 started, EHCI 1.10
[    2.181186] hub 2-0:1.0: USB hub found
[    2.185042] hub 2-0:1.0: 1 port detected
[    2.191502] sdhci-tegra 700b0400.sdhci: Got CD GPIO
[    2.196461] sdhci-tegra 700b0400.sdhci: Got WP GPIO
[    2.201610] mmc1: Unknown controller version (3). You may experience problems.
[    2.208963] mmc1: Invalid maximum block size, assuming 512 bytes
[    2.259513] mmc1: SDHCI controller on 700b0400.sdhci [700b0400.sdhci] using ADMA 64-bit
[    2.272107] tegra-pcie 1003000.pcie-controller: 2x1, 1x1 configuration
[    2.286027] tegra-pcie 1003000.pcie-controller: probing port 0, using 2 lanes
[    2.295230] tegra-pcie 1003000.pcie-controller: Slot present pin change, signature: 00000008
[    2.319597] tegra-pcie 1003000.pcie-controller: probing port 1, using 1 lanes
[    2.328924] tegra-pcie 1003000.pcie-controller: Slot present pin change, signature: 00000000
[    2.344063] tegra-pcie 1003000.pcie-controller: PCI host bridge to bus 0000:00
[    2.351323] pci_bus 0000:00: root bus resource [io  0x0000-0xffff]
[    2.357530] pci_bus 0000:00: root bus resource [mem 0x13000000-0x1fffffff]
[    2.364454] pci_bus 0000:00: root bus resource [mem 0x20000000-0x3fffffff pref]
[    2.371796] pci_bus 0000:00: root bus resource [bus 00-ff]
[    2.377349] pci 0000:00:01.0: [10de:0e12] type 01 class 0x060400
[    2.383493] pci 0000:00:01.0: PME# supported from D0 D1 D2 D3hot D3cold
[    2.390505] pci 0000:00:02.0: [10de:0e13] type 01 class 0x060400
[    2.396653] pci 0000:00:02.0: PME# supported from D0 D1 D2 D3hot D3cold
[    2.403630] PCI: bus0: Fast back to back transfers disabled
[    2.409251] pci 0000:00:01.0: bridge configuration invalid ([bus 00-00]), reconfiguring
[    2.417295] pci 0000:00:02.0: bridge configuration invalid ([bus 00-00]), reconfiguring
[    2.425574] pci 0000:01:00.0: [8086:4232] type 00 class 0x028000
[    2.431662] pci 0000:01:00.0: reg 0x10: [mem 0x00000000-0x00001fff 64bit]
[    2.438686] pci 0000:01:00.0: PME# supported from D0 D3hot D3cold
[    2.457398] ata1: SATA link down (SStatus 0 SControl 300)
[    2.459071] PCI: bus1: Fast back to back transfers disabled
[    2.459085] pci_bus 0000:01: busn_res: [bus 01-ff] end is updated to 01
[    2.459376] pci 0000:02:00.0: [10ec:8168] type 00 class 0x020000
[    2.459412] pci 0000:02:00.0: reg 0x10: [io  0x0000-0x00ff]
[    2.459454] pci 0000:02:00.0: reg 0x18: [mem 0x00000000-0x00000fff 64bit]
[    2.459483] pci 0000:02:00.0: reg 0x20: [mem 0x00000000-0x00003fff 64bit pref]
[    2.459658] pci 0000:02:00.0: supports D1 D2
[    2.459664] pci 0000:02:00.0: PME# supported from D0 D1 D2 D3hot D3cold
[    2.474095] PCI: bus2: Fast back to back transfers disabled
[    2.474110] pci_bus 0000:02: busn_res: [bus 02-ff] end is updated to 02
[    2.474301] pci 0000:00:01.0: BAR 8: assigned [mem 0x13000000-0x130fffff]
[    2.474310] pci 0000:00:02.0: BAR 8: assigned [mem 0x13100000-0x131fffff]
[    2.474320] pci 0000:00:02.0: BAR 9: assigned [mem 0x20000000-0x200fffff 64bit pref]
[    2.474328] pci 0000:00:02.0: BAR 7: assigned [io  0x1000-0x1fff]
[    2.474341] pci 0000:01:00.0: BAR 0: assigned [mem 0x13000000-0x13001fff 64bit]
[    2.474384] pci 0000:00:01.0: PCI bridge to [bus 01]
[    2.474399] pci 0000:00:01.0:   bridge window [mem 0x13000000-0x130fffff]
[    2.474428] pci 0000:02:00.0: BAR 4: assigned [mem 0x20000000-0x20003fff 64bit pref]
[    2.474456] pci 0000:02:00.0: BAR 2: assigned [mem 0x13100000-0x13100fff 64bit]
[    2.474483] pci 0000:02:00.0: BAR 0: assigned [io  0x1000-0x10ff]
[    2.474496] pci 0000:00:02.0: PCI bridge to [bus 02]
[    2.474503] pci 0000:00:02.0:   bridge window [io  0x1000-0x1fff]
[    2.474514] pci 0000:00:02.0:   bridge window [mem 0x13100000-0x131fffff]
[    2.474524] pci 0000:00:02.0:   bridge window [mem 0x20000000-0x200fffff 64bit pref]
[    2.474566] pci 0000:00:01.0: nv_msi_ht_cap_quirk didn't locate host bridge
[    2.474679] pcieport 0000:00:01.0: enabling device (0140 -> 0142)
[    2.474979] pcieport 0000:00:01.0: Signaling PME through PCIe PME interrupt
[    2.474985] pci 0000:01:00.0: Signaling PME through PCIe PME interrupt
[    2.474996] pcie_pme 0000:00:01.0:pcie001: service driver pcie_pme loaded
[    2.475117] pci 0000:00:02.0: nv_msi_ht_cap_quirk didn't locate host bridge
[    2.475200] pcieport 0000:00:02.0: enabling device (0140 -> 0143)
[    2.475448] pcieport 0000:00:02.0: Signaling PME through PCIe PME interrupt
[    2.475453] pci 0000:02:00.0: Signaling PME through PCIe PME interrupt
[    2.475464] pcie_pme 0000:00:02.0:pcie001: service driver pcie_pme loaded
[    2.475804] r8169 Gigabit Ethernet driver 2.3LK-NAPI loaded
[    2.475831] r8169 0000:02:00.0: enabling device (0140 -> 0143)
[    2.490780] r8169 0000:02:00.0 eth0: RTL8168g/8111g at 0xf0a50000, 00:04:4b:3a:d9:81, XID 0c000800 IRQ 395
[    2.490789] r8169 0000:02:00.0 eth0: jumbo features [frames: 9200 bytes, tx checksumming: ko]
[    2.494557] [drm] Supports vblank timestamp caching Rev 2 (21.10.2013).
[    2.494563] [drm] No driver support for vblank timestamp query.
[    2.494610] drm drm: No connectors reported connected with modes
[    2.494620] [drm] Cannot find any crtc or sizes - going 1024x768
[    2.547588] mmc1: new high speed SDHC card at address aaaa
[    2.548242] mmcblk1: mmc1:aaaa SD04G 3.69 GiB 
[    2.559536]  mmcblk1: p1 p2 p3
[    2.759505] Console: switching to colour frame buffer device 128x48
[    2.773169] drm drm: fb0:  frame buffer device
[    2.794084] [drm] Initialized tegra 0.0.0 20120330 on minor 0
[    2.801586] of: dev_pm_opp_of_cpumask_add_table: couldn't find opp table for cpu:0, -19
[    2.809660] cpufreq: cpufreq_online: CPU0: Running at unlisted freq: 696000 KHz
[    2.816994] cpufreq: cpufreq_online: CPU0: Unlisted initial frequency changed to: 714000 KHz
[    2.826142] input: gpio-keys as /devices/soc0/gpio-keys/input/input0
[    2.833446] as3722-rtc as3722-rtc: setting system clock to 2000-01-01 00:00:13 UTC (946684813)
[    2.845304] +USB0_VBUS_SW: disabling
[    2.848884] +1.8V_RUN_CAM: disabling
[    2.852742] +2.8V_RUN_CAM: disabling
[    2.856620] +1.2V_RUN_CAM_FRONT: disabling
[    2.861006] +1.05V_RUN_CAM_REAR: disabling
[    2.865406] +3.3V_RUN_TOUCH: disabling
[    2.869401] +2.8V_RUN_CAM_AF: disabling
[    2.873409] +1.8V_RUN_VPP_FUSE: disabling
[    2.878853] EXT4-fs (mmcblk0p1): mounting ext3 file system using the ext4 subsystem
[    2.900666] EXT4-fs (mmcblk0p1): recovery complete
[    2.905493] EXT4-fs (mmcblk0p1): mounted filesystem with ordered data mode. Opts: (null)
[    2.913615] VFS: Mounted root (ext3 filesystem) on device 179:1.
[    2.923630] devtmpfs: mounted
[    2.927459] Freeing unused kernel memory: 2048K (c1100000 - c1300000)
bash: cannot set terminal process group (-1): Inappropriate ioctl for device
bash: no job control in this shell
root@(none):/# mount -t sysfs none /sys
root@(none):/# 
root@(none):/# mount -t debugfs none /sys/kernel/debug
root@(none):/# 
root@(none):/# rtcwake -d rtc1 -m mem -s 3
rtcwake: assuming RTC uses UTC ...
rtcwake: wakeup from "mem" using /dev/rtc1 at Thu Jan  1 00:00:19 1970
[    6.483832] PM: Syncing filesystems ... done.
[    6.515446] Freezing user space processes ... (elapsed 0.001 seconds) done.
[    6.524324] Double checking all user space processes after OOM killer disable... (elapsed 0.000 seconds) 
[    6.534275] Freezing remaining freezable tasks ... (elapsed 0.001 seconds) done.
[    6.543431] Suspending console(s) (use no_console_suspend to debug)
[    6.630484] PM: suspend of devices complete after 79.609 msecs
[    6.632541] PM: late suspend of devices complete after 2.048 msecs
[    6.650458] PM: noirq suspend of devices complete after 17.909 msecs
[    6.650461] Disabling non-boot CPUs ...
[    6.651274] CPU1: shutdown
[    6.680862] IRQ17 no longer affine to CPU2
[    6.681219] CPU2: shutdown
[    6.710868] CPU3: shutdown
[    6.724986] Entering suspend state LP1
[    6.725000] Enabling non-boot CPUs ...
[    6.754733] CPU1 is up
[    6.784768] CPU2 is up
[    6.819913] CPU3 is up
[    6.820653] pcieport 0000:00:01.0: nv_msi_ht_cap_quirk didn't locate host bridge
[    6.820721] pcieport 0000:00:02.0: nv_msi_ht_cap_quirk didn't locate host bridge
[    6.839040] PM: noirq resume of devices complete after 19.121 msecs
[    6.840462] PM: early resume of devices complete after 1.090 msecs
[    6.869286] PM: resume of devices complete after 28.813 msecs
[    6.951942] Restarting tasks ... done.
root@(none):/# 
root@(none):/# rtcwake -d rtc1[    7.161713] ata1: SATA link down (SStatus 0 SControl 300)
 -m mem -s 3
rtcwake: assuming RTC uses UTC ...
rtcwake: wakeup from "mem" using /dev/rtc1 at Thu Jan  1 00:00:23 1970
[    7.272135] PM: Syncing filesystems ... done.
[    7.283215] Freezing user space processes ... (elapsed 0.001 seconds) done.
[    7.291507] Double checking all user space processes after OOM killer disable... (elapsed 0.000 seconds) 
[    7.301144] Freezing remaining freezable tasks ... (elapsed 0.001 seconds) done.
[    7.309899] Suspending console(s) (use no_console_suspend to debug)
[    7.410707] PM: suspend of devices complete after 93.548 msecs
[    7.413456] PM: late suspend of devices complete after 2.738 msecs
[    7.430089] PM: noirq suspend of devices complete after 16.626 msecs
[    7.430092] Disabling non-boot CPUs ...
[    7.430691] CPU1: shutdown
[    7.465454] IRQ17 no longer affine to CPU2
[    7.465745] CPU2: shutdown
[    7.505495] CPU3: shutdown
[    7.529755] Entering suspend state LP1
[    7.529770] Enabling non-boot CPUs ...
[    7.559704] CPU1 is up
[    7.589750] CPU2 is up
[    7.624889] CPU3 is up
[    7.625594] pcieport 0000:00:01.0: nv_msi_ht_cap_quirk didn't locate host bridge
[    7.625747] pcieport 0000:00:02.0: nv_msi_ht_cap_quirk didn't locate host bridge
[    7.644012] PM: noirq resume of devices complete after 19.118 msecs
[    7.645878] PM: early resume of devices complete after 1.530 msecs
[    7.674551] PM: resume of devices complete after 28.663 msecs
[    7.757266] Restarting tasks ... done.
root@(none):/# 
root@(none):/# rtcwake -d rtc[    7.966691] ata1: SATA link down (SStatus 0 SControl 300)
1 -m mem -s 3
rtcwake: assuming RTC uses UTC ...
rtcwake: wakeup from "mem" using /dev/rtc1 at Thu Jan  1 00:00:27 1970
[    8.077517] PM: Syncing filesystems ... done.
[    8.089425] Freezing user space processes ... (elapsed 0.001 seconds) done.
[    8.097693] Double checking all user space processes after OOM killer disable... (elapsed 0.000 seconds) 
[    8.107357] Freezing remaining freezable tasks ... (elapsed 0.001 seconds) done.
[    8.116148] Suspending console(s) (use no_console_suspend to debug)
[    8.215465] PM: suspend of devices complete after 91.947 msecs
[    8.218234] PM: late suspend of devices complete after 2.756 msecs
[    8.235264] PM: noirq suspend of devices complete after 17.021 msecs
[    8.235267] Disabling non-boot CPUs ...
[    8.235941] CPU1: shutdown
[    8.265937] CPU2: shutdown
[    8.295321] IRQ17 no longer affine to CPU3
[    8.295638] CPU3: shutdown
[    8.309826] Entering suspend state LP1
[    8.309841] Enabling non-boot CPUs ...
[    8.339693] CPU1 is up
[    8.369728] CPU2 is up
[    8.404867] CPU3 is up
[    8.405607] pcieport 0000:00:02.0: nv_msi_ht_cap_quirk didn't locate host bridge
[    8.405610] pcieport 0000:00:01.0: nv_msi_ht_cap_quirk didn't locate host bridge
[    8.423990] PM: noirq resume of devices complete after 19.117 msecs
[    8.425533] PM: early resume of devices complete after 1.200 msecs
[    8.454598] PM: resume of devices complete after 29.055 msecs
[    8.537375] Restarting tasks ... done.
root@(none):/# 
root@(none):/# rtcwake [    8.746665] ata1: SATA link down (SStatus 0 SControl 300)
-d rtc1 -m mem -s 3
rtcwake: assuming RTC uses UTC ...
rtcwake: wakeup from "mem" using /dev/rtc1 at Thu Jan  1 00:00:31 1970
[    8.857524] PM: Syncing filesystems ... done.
[    8.868512] Freezing user space processes ... (elapsed 0.001 seconds) done.
[    8.876774] Double checking all user space processes after OOM killer disable... (elapsed 0.000 seconds) 
[    8.886468] Freezing remaining freezable tasks ... (elapsed 0.001 seconds) done.
[    8.895224] Suspending console(s) (use no_console_suspend to debug)
[    8.995673] PM: suspend of devices complete after 93.176 msecs
[    8.998416] PM: late suspend of devices complete after 2.731 msecs
[    9.020099] PM: noirq suspend of devices complete after 21.675 msecs
[    9.020102] Disabling non-boot CPUs ...
[    9.020733] CPU1: shutdown
[    9.045707] CPU2: shutdown
[    9.075431] CPU3: shutdown
[    9.089704] Entering suspend state LP1
[    9.089718] Enabling non-boot CPUs ...
[    9.119676] CPU1 is up
[    9.149710] CPU2 is up
[    9.184851] CPU3 is up
[    9.185603] pcieport 0000:00:02.0: nv_msi_ht_cap_quirk didn't locate host bridge
[    9.185605] pcieport 0000:00:01.0: nv_msi_ht_cap_quirk didn't locate host bridge
[    9.203966] PM: noirq resume of devices complete after 19.110 msecs
[    9.205484] PM: early resume of devices complete after 1.179 msecs
[    9.234581] PM: resume of devices complete after 29.086 msecs
[    9.313233] Restarting tasks ... done.
root@(none):/# 
root@(none):/# rtcwake [    9.526671] ata1: SATA link down (SStatus 0 SControl 300)
-d rtc1 -m mem -s 3
rtcwake: assuming RTC uses UTC ...
rtcwake: wakeup from "mem" using /dev/rtc1 at Thu Jan  1 00:00:35 1970
[    9.642410] PM: Syncing filesystems ... done.
[    9.654264] Freezing user space processes ... (elapsed 0.001 seconds) done.
[    9.662545] Double checking all user space processes after OOM killer disable... (elapsed 0.000 seconds) 
[    9.672199] Freezing remaining freezable tasks ... (elapsed 0.001 seconds) done.
[    9.681049] Suspending console(s) (use no_console_suspend to debug)
[    9.775599] PM: suspend of devices complete after 87.204 msecs
[    9.778550] PM: late suspend of devices complete after 2.937 msecs
[    9.800231] PM: noirq suspend of devices complete after 21.673 msecs
[    9.800234] Disabling non-boot CPUs ...
[    9.800912] CPU1: shutdown
[    9.825887] CPU2: shutdown
[    9.855578] CPU3: shutdown
[    9.869772] Entering suspend state LP1
[    9.869787] Enabling non-boot CPUs ...
[    9.899643] CPU1 is up
[    9.929672] CPU2 is up
[    9.959810] CPU3 is up
[    9.960552] pcieport 0000:00:01.0: nv_msi_ht_cap_quirk didn't locate host bridge
[    9.960554] pcieport 0000:00:02.0: nv_msi_ht_cap_quirk didn't locate host bridge
[    9.978936] PM: noirq resume of devices complete after 19.121 msecs
[    9.980675] PM: early resume of devices complete after 1.401 msecs
[   10.009702] PM: resume of devices complete after 29.018 msecs
[   10.088309] Restarting tasks ... done.
root@(none):/# 
root@(none):/# [   10.301663] ata1: SATA link down (SStatus 0 SControl 300)
rtcwake -d rtc1 -m mem -s 3
rtcwake: assuming RTC uses UTC ...
rtcwake: wakeup from "mem" using /dev/rtc1 at Thu Jan  1 00:00:39 1970
[   10.411187] PM: Syncing filesystems ... done.
[   10.422972] Freezing user space processes ... (elapsed 0.001 seconds) done.
[   10.431281] Double checking all user space processes after OOM killer disable... (elapsed 0.000 seconds) 
[   10.440978] Freezing remaining freezable tasks ... (elapsed 0.001 seconds) done.
[   10.449764] Suspending console(s) (use no_console_suspend to debug)
[   10.550589] PM: suspend of devices complete after 93.455 msecs
[   10.552600] PM: late suspend of devices complete after 1.998 msecs
[   10.570192] PM: noirq suspend of devices complete after 17.585 msecs
[   10.570196] Disabling non-boot CPUs ...
[   10.570890] CPU1: shutdown
[   10.600841] CPU2: shutdown
[   10.630557] CPU3: shutdown
[   10.644751] Entering suspend state LP1
[   10.644766] Enabling non-boot CPUs ...
[   10.674618] CPU1 is up
[   10.704649] CPU2 is up
[   10.739788] CPU3 is up
[   10.740521] pcieport 0000:00:01.0: nv_msi_ht_cap_quirk didn't locate host bridge
[   10.740523] pcieport 0000:00:02.0: nv_msi_ht_cap_quirk didn't locate host bridge
[   10.758918] PM: noirq resume of devices complete after 19.124 msecs
[   10.760763] PM: early resume of devices complete after 1.507 msecs
[   10.789714] PM: resume of devices complete after 28.941 msecs
[   10.868380] Restarting tasks ... done.
root@(none):/# 
root@(none):/# rtcw[   11.081611] ata1: SATA link down (SStatus 0 SControl 300)
ake -d rtc1 -m mem -s 3
rtcwake: assuming RTC uses UTC ...
rtcwake: wakeup from "mem" using /dev/rtc1 at Thu Jan  1 00:00:43 1970
[   11.192216] PM: Syncing filesystems ... done.
[   11.203750] Freezing user space processes ... (elapsed 0.001 seconds) done.
[   11.212035] Double checking all user space processes after OOM killer disable... (elapsed 0.000 seconds) 
[   11.221743] Freezing remaining freezable tasks ... (elapsed 0.001 seconds) done.
[   11.230537] Suspending console(s) (use no_console_suspend to debug)
[   11.330489] PM: suspend of devices complete after 92.580 msecs
[   11.332322] PM: late suspend of devices complete after 1.825 msecs
[   11.350101] PM: noirq suspend of devices complete after 17.772 msecs
[   11.350104] Disabling non-boot CPUs ...
[   11.350795] CPU1: shutdown
[   11.380828] CPU2: shutdown
[   11.410536] CPU3: shutdown
[   11.424728] Entering suspend state LP1
[   11.424743] Enabling non-boot CPUs ...
[   11.454599] CPU1 is up
[   11.484624] CPU2 is up
[   11.519770] CPU3 is up
[   11.520498] pcieport 0000:00:01.0: nv_msi_ht_cap_quirk didn't locate host bridge
[   11.520504] pcieport 0000:00:02.0: nv_msi_ht_cap_quirk didn't locate host bridge
[   11.538893] PM: noirq resume of devices complete after 19.116 msecs
[   11.540361] PM: early resume of devices complete after 1.125 msecs
[   11.569770] PM: resume of devices complete after 29.398 msecs
[   11.648332] Restarting tasks ... done.
root@(none):/# 
root@(none):/# [   11.861610] ata1: SATA link down (SStatus 0 SControl 300)
rtcwake -d rtc1 -m mem -s 3
rtcwake: assuming RTC uses UTC ...
rtcwake: wakeup from "mem" using /dev/rtc1 at Thu Jan  1 00:00:47 1970
[   11.970494] PM: Syncing filesystems ... done.
[   11.982162] Freezing user space processes ... (elapsed 0.001 seconds) done.
[   11.990487] Double checking all user space processes after OOM killer disable... (elapsed 0.000 seconds) 
[   12.000196] Freezing remaining freezable tasks ... (elapsed 0.001 seconds) done.
[   12.008975] Suspending console(s) (use no_console_suspend to debug)
[   12.110498] PM: suspend of devices complete after 94.188 msecs
[   12.112516] PM: late suspend of devices complete after 2.005 msecs
[   12.130165] PM: noirq suspend of devices complete after 17.641 msecs
[   12.130168] Disabling non-boot CPUs ...
[   12.130848] CPU1: shutdown
[   12.160488] IRQ17 no longer affine to CPU2
[   12.160820] CPU2: shutdown
[   12.190516] CPU3: shutdown
[   12.204703] Entering suspend state LP1
[   12.204718] Enabling non-boot CPUs ...
[   12.234570] CPU1 is up
[   12.264597] CPU2 is up
[   12.299741] CPU3 is up
[   12.300429] pcieport 0000:00:01.0: nv_msi_ht_cap_quirk didn't locate host bridge
[   12.300587] pcieport 0000:00:02.0: nv_msi_ht_cap_quirk didn't locate host bridge
[   12.318864] PM: noirq resume of devices complete after 19.117 msecs
[   12.320611] PM: early resume of devices complete after 1.403 msecs
[   12.349105] PM: resume of devices complete after 28.484 msecs
[   12.431816] Restarting tasks ... done.
root@(none):/# 
root@(none):/# [   12.641526] ata1: SATA link down (SStatus 0 SControl 300)
rtcwake -d rtc1 -m mem -s 3
rtcwake: assuming RTC uses UTC ...
rtcwake: wakeup from "mem" using /dev/rtc1 at Thu Jan  1 00:00:51 1970
[   12.756347] PM: Syncing filesystems ... done.
[   12.767321] Freezing user space processes ... (elapsed 0.001 seconds) done.
[   12.775619] Double checking all user space processes after OOM killer disable... (elapsed 0.000 seconds) 
[   12.785257] Freezing remaining freezable tasks ... (elapsed 0.001 seconds) done.
[   12.793999] Suspending console(s) (use no_console_suspend to debug)
[   12.890574] PM: suspend of devices complete after 89.332 msecs
[   12.892826] PM: late suspend of devices complete after 2.241 msecs
[   12.909933] PM: noirq suspend of devices complete after 17.100 msecs
[   12.909935] Disabling non-boot CPUs ...
[   12.910542] CPU1: shutdown
[   12.945275] IRQ17 no longer affine to CPU2
[   12.945573] CPU2: shutdown
[   12.975331] CPU3: shutdown
[   12.999568] Entering suspend state LP1
[   12.999583] Enabling non-boot CPUs ...
[   13.029532] CPU1 is up
[   13.059575] CPU2 is up
[   13.094716] CPU3 is up
[   13.095447] pcieport 0000:00:02.0: nv_msi_ht_cap_quirk didn't locate host bridge
[   13.095449] pcieport 0000:00:01.0: nv_msi_ht_cap_quirk didn't locate host bridge
[   13.113843] PM: noirq resume of devices complete after 19.121 msecs
[   13.115020] PM: early resume of devices complete after 1.014 msecs
[   13.143860] PM: resume of devices complete after 28.831 msecs
[   13.226571] Restarting tasks ... done.
root@(none):/# 
root@(none):/# [   13.436529] ata1: SATA link down (SStatus 0 SControl 300)
rtcwake -d rtc1 -m mem -s 3
rtcwake: assuming RTC uses UTC ...
rtcwake: wakeup from "mem" using /dev/rtc1 at Thu Jan  1 00:00:55 1970
[   13.547283] PM: Syncing filesystems ... done.
[   13.557761] Freezing user space processes ... (elapsed 0.001 seconds) done.
[   13.566043] Double checking all user space processes after OOM killer disable... (elapsed 0.000 seconds) 
[   13.575806] Freezing remaining freezable tasks ... (elapsed 0.001 seconds) done.
[   13.584617] Suspending console(s) (use no_console_suspend to debug)
[   13.685362] PM: suspend of devices complete after 93.481 msecs
[   13.687002] PM: late suspend of devices complete after 1.632 msecs
[   13.704872] PM: noirq suspend of devices complete after 17.864 msecs
[   13.704874] Disabling non-boot CPUs ...
[   13.705503] CPU1: shutdown
[   13.735249] IRQ17 no longer affine to CPU2
[   13.735552] CPU2: shutdown
[   13.765275] CPU3: shutdown
[   13.779551] Entering suspend state LP1
[   13.779566] Enabling non-boot CPUs ...
[   13.809533] CPU1 is up
[   13.839548] CPU2 is up
[   13.874695] CPU3 is up
[   13.875376] pcieport 0000:00:01.0: nv_msi_ht_cap_quirk didn't locate host bridge
[   13.875438] pcieport 0000:00:02.0: nv_msi_ht_cap_quirk didn't locate host bridge
[   13.893809] PM: noirq resume of devices complete after 19.108 msecs
[   13.894915] PM: early resume of devices complete after 0.767 msecs
[   13.923740] PM: resume of devices complete after 28.816 msecs
[   14.006402] Restarting tasks ... done.
root@(none):/# 
NVTB SYSTEM SUSPEND TEST COMPLETE
root@(none):/# [   14.211531] ata1: SATA link down (SStatus 0 SControl 300)
