[    0.000000] Booting Linux on physical CPU 0x0000000000 [0x411fd071]
[    0.000000] Linux version 4.15.0-rc8-335804-ga8750ddca918 (jonathanh@tamien) (gcc version 4.9.2 20140904 (prerelease) (crosstool-NG linaro-1.13.1-4.9-2014.09 - Linaro GCC 4.9-2014.09)) #1 SMP PREEMPT Sun Jan 14 16:40:42 PST 2018
[    0.000000] Machine model: Google Pixel C
[    0.000000] efi: Getting EFI parameters from FDT:
[    0.000000] efi: UEFI not found.
[    0.000000] cma: Reserved 16 MiB at 0x00000000f5400000
[    0.000000] earlycon: uart0 at MMIO 0x0000000070006000 (options '115200n8')
[    0.000000] bootconsole [uart0] enabled
[    0.000000] NUMA: No NUMA configuration found
[    0.000000] NUMA: Faking a node at [mem 0x0000000000000000-0x000000013fffffff]
[    0.000000] NUMA: NODE_DATA [mem 0x13fface80-0x13ffae97f]
[    0.000000] Zone ranges:
[    0.000000]   DMA      [mem 0x0000000080000000-0x00000000ffffffff]
[    0.000000]   Normal   [mem 0x0000000100000000-0x000000013fffffff]
[    0.000000] Movable zone start for each node
[    0.000000] Early memory node ranges
[    0.000000]   node   0: [mem 0x0000000080000000-0x00000000f65fffff]
[    0.000000]   node   0: [mem 0x0000000100000000-0x000000013fffffff]
[    0.000000] Initmem setup node 0 [mem 0x0000000080000000-0x000000013fffffff]
[    0.000000] psci: probing for conduit method from DT.
[    0.000000] psci: PSCIv1.0 detected in firmware.
[    0.000000] psci: Using standard PSCI v0.2 function IDs
[    0.000000] psci: MIGRATE_INFO_UP_CPU reported invalid physical ID (0x80000000)
[    0.000000] percpu: Embedded 23 pages/cpu @        (ptrval) s55168 r8192 d30848 u94208
[    0.000000] Detected PIPT I-cache on CPU0
[    0.000000] CPU features: enabling workaround for ARM erratum 832075
[    0.000000] CPU features: enabling workaround for ARM erratum 834220
[    0.000000] Built 1 zonelists, mobility grouping on.  Total pages: 735336
[    0.000000] Policy zone: Normal
[    0.000000] Kernel command line: cros_secure vpr=0x08000000@0xf6800000 earlycon
[    0.000000] software IO TLB [mem 0xf1400000-0xf5400000] (64MB) mapped at [        (ptrval)-        (ptrval)]
[    0.000000] Memory: 2835772K/2988032K available (9404K kernel code, 1150K rwdata, 4460K rodata, 1088K init, 395K bss, 135876K reserved, 16384K cma-reserved)
[    0.000000] Virtual kernel memory layout:
[    0.000000]     modules : 0xffff000000000000 - 0xffff000008000000   (   128 MB)
[    0.000000]     vmalloc : 0xffff000008000000 - 0xffff7dffbfff0000   (129022 GB)
[    0.000000]       .text : 0x        (ptrval) - 0x        (ptrval)   (  9408 KB)
[    0.000000]     .rodata : 0x        (ptrval) - 0x        (ptrval)   (  4480 KB)
[    0.000000]       .init : 0x        (ptrval) - 0x        (ptrval)   (  1088 KB)
[    0.000000]       .data : 0x        (ptrval) - 0x        (ptrval)   (  1151 KB)
[    0.000000]        .bss : 0x        (ptrval) - 0x        (ptrval)   (   396 KB)
[    0.000000]     fixed   : 0xffff7dfffe7fb000 - 0xffff7dfffec00000   (  4116 KB)
[    0.000000]     PCI I/O : 0xffff7dfffee00000 - 0xffff7dffffe00000   (    16 MB)
[    0.000000]     vmemmap : 0xffff7e0000000000 - 0xffff800000000000   (  2048 GB maximum)
[    0.000000]               0xffff7e0000000000 - 0xffff7e0003000000   (    48 MB actual)
[    0.000000]     memory  : 0xffff800000000000 - 0xffff8000c0000000   (  3072 MB)
[    0.000000] SLUB: HWalign=64, Order=0-3, MinObjects=0, CPUs=4, Nodes=1
[    0.000000] Preemptible hierarchical RCU implementation.
[    0.000000] 	RCU restricting CPUs from NR_CPUS=64 to nr_cpu_ids=4.
[    0.000000] 	Tasks RCU enabled.
[    0.000000] RCU: Adjusting geometry for rcu_fanout_leaf=16, nr_cpu_ids=4
[    0.000000] NR_IRQS: 64, nr_irqs: 64, preallocated irqs: 0
[    0.000000] GIC: Using split EOI/Deactivate mode
[    0.000000] /interrupt-controller@60004000: 192 interrupts forwarded to /interrupt-controller@50041000
[    0.000000] boot misc0 0x0: expected 0x80000
[    0.000000]  (comparison mask = 0x400ffffb)
[    0.000000] boot misc2 0x1f720005: expected 0x1f720f05
[    0.000000]  (comparison mask = 0xffffff17)
[    0.000000] PLL_C already enabled. Postponing set full defaults
[    0.000000] boot misc0 0x0: expected 0x20
[    0.000000]  (comparison mask = 0x7ffffff)
[    0.000000] boot misc1 0x10000000: expected 0xc0000000
[    0.000000]  (comparison mask = 0xf8000000)
[    0.000000] boot misc2 0x0: expected 0xf400f0da
[    0.000000]  (comparison mask = 0xffffffff)
[    0.000000] boot misc3 0x0: expected 0x2004f400
[    0.000000]  (comparison mask = 0xffffffff)
[    0.000000] PLL_DP already enabled. Postponing set full defaults
[    0.000000] boot misc1 0x0: expected 0x20
[    0.000000]  (comparison mask = 0xffffff)
[    0.000000] PLL_X already enabled. Postponing set full defaults
[    0.000000] arch_timer: cp15 timer(s) running at 19.20MHz (phys).
[    0.000000] clocksource: arch_sys_counter: mask: 0xffffffffffffff max_cycles: 0x46d987e47, max_idle_ns: 440795202767 ns
[    0.000003] sched_clock: 56 bits at 19MHz, resolution 52ns, wraps every 4398046511078ns
[    0.000241] Console: colour dummy device 80x25
[    0.000315] console [tty0] enabled
[    0.000375] bootconsole [uart0] disabled
[    0.000476] Calibrating delay loop (skipped), value calculated using timer frequency.. 38.40 BogoMIPS (lpj=76800)
[    0.000490] pid_max: default: 32768 minimum: 301
[    0.000538] Security Framework initialized
[    0.001950] Dentry cache hash table entries: 524288 (order: 10, 4194304 bytes)
[    0.002659] Inode-cache hash table entries: 262144 (order: 9, 2097152 bytes)
[    0.002707] Mount-cache hash table entries: 8192 (order: 4, 65536 bytes)
[    0.002740] Mountpoint-cache hash table entries: 8192 (order: 4, 65536 bytes)
[    0.015686] ASID allocator initialised with 65536 entries
[    0.023679] Hierarchical SRCU implementation.
[    0.032492] Speedo Revision 4
[    0.032510] random: fast init done
[    0.032518] Tegra Revision: A02 SKU: 19 CPU Process: 0 SoC Process: 0
[    0.079825] EFI services will not be available.
[    0.087754] smp: Bringing up secondary CPUs ...
[    0.115884] Detected PIPT I-cache on CPU1
[    0.115916] CPU1: Booted secondary processor 0x0000000001 [0x411fd071]
[    0.143906] Detected PIPT I-cache on CPU2
[    0.143926] CPU2: Booted secondary processor 0x0000000002 [0x411fd071]
[    0.171940] Detected PIPT I-cache on CPU3
[    0.171958] CPU3: Booted secondary processor 0x0000000003 [0x411fd071]
[    0.172002] smp: Brought up 1 node, 4 CPUs
[    0.172036] SMP: Total of 4 processors activated.
[    0.172045] CPU features: detected feature: 32-bit EL0 Support
[    0.172229] CPU: All CPU(s) started at EL2
[    0.172247] alternatives: patching kernel code
[    0.175092] devtmpfs: initialized
[    0.179948] clocksource: jiffies: mask: 0xffffffff max_cycles: 0xffffffff, max_idle_ns: 7645041785100000 ns
[    0.180013] futex hash table entries: 1024 (order: 5, 131072 bytes)
[    0.180302] pinctrl core: initialized pinctrl subsystem
[    0.181508] DMI not present or invalid.
[    0.181725] NET: Registered protocol family 16
[    0.181895] audit: initializing netlink subsys (disabled)
[    0.181987] audit: type=2000 audit(0.180:1): state=initialized audit_enabled=0 res=1
[    0.183046] cpuidle: using governor menu
[    0.183679] vdso: 2 pages (1 code @ 0000000018f9e5a5, 1 data @ 000000007b8f9cc2)
[    0.183699] hw-breakpoint: found 6 breakpoint and 4 watchpoint registers.
[    0.184301] DMA: preallocated 256 KiB pool for atomic allocations
[    0.186044] Serial: AMBA PL011 UART driver
[    0.200998] HugeTLB registered 2.00 MiB page size, pre-allocated 0 pages
[    0.201616] ACPI: Interpreter disabled.
[    0.202043] PPLCD_VDD: Failed to request enable GPIO172: -517
[    0.202057] reg-fixed-voltage regulators:regulator@1: Failed to register regulator: -517
[    0.202407] PP1800_LCDIO: Failed to request enable GPIO171: -517
[    0.202420] reg-fixed-voltage regulators:regulator@5: Failed to register regulator: -517
[    0.202467] PP1800_CAM: Failed to request enable GPIO83: -517
[    0.202477] reg-fixed-voltage regulators:regulator@6: Failed to register regulator: -517
[    0.202977] vgaarb: loaded
[    0.203140] SCSI subsystem initialized
[    0.203394] usbcore: registered new interface driver usbfs
[    0.203429] usbcore: registered new interface driver hub
[    0.203467] usbcore: registered new device driver usb
[    0.204403] tegra-i2c 7000d100.i2c: could not find pctldev for node /host1x@50000000/dpaux@545c0000/pinmux-i2c, deferring probe
[    0.204483] pps_core: LinuxPPS API ver. 1 registered
[    0.204492] pps_core: Software ver. 5.3.6 - Copyright 2005-2007 Rodolfo Giometti <giometti@linux.it>
[    0.204511] PTP clock support registered
[    0.204604] EDAC MC: Ver: 3.0.0
[    0.204786] dmi: Firmware registration failed.
[    0.205350] Advanced Linux Sound Architecture Driver Initialized.
[    0.205731] clocksource: Switched to clocksource arch_sys_counter
[    0.205824] VFS: Disk quotas dquot_6.6.0
[    0.205867] VFS: Dquot-cache hash table entries: 512 (order 0, 4096 bytes)
[    0.205958] pnp: PnP ACPI: disabled
[    0.210094] NET: Registered protocol family 2
[    0.210473] TCP established hash table entries: 32768 (order: 6, 262144 bytes)
[    0.210660] TCP bind hash table entries: 32768 (order: 7, 524288 bytes)
[    0.210858] TCP: Hash tables configured (established 32768 bind 32768)
[    0.210951] UDP hash table entries: 2048 (order: 4, 65536 bytes)
[    0.210996] UDP-Lite hash table entries: 2048 (order: 4, 65536 bytes)
[    0.211102] NET: Registered protocol family 1
[    0.211309] RPC: Registered named UNIX socket transport module.
[    0.211320] RPC: Registered udp transport module.
[    0.211327] RPC: Registered tcp transport module.
[    0.211334] RPC: Registered tcp NFSv4.1 backchannel transport module.
[    0.211433] Unpacking initramfs...
[    0.222687] Freeing initrd memory: 3412K
[    0.223061] kvm [1]: 8-bit VMID
[    0.223074] kvm [1]: IDMAP page: 8099f000
[    0.223081] kvm [1]: HYP VA range: 800000000000:ffffffffffff
[    0.223797] kvm [1]: vgic-v2@50044000
[    0.223862] kvm [1]: vgic interrupt IRQ1
[    0.223878] kvm [1]: virtual timer IRQ4
[    0.223937] kvm [1]: Hyp mode initialized successfully
[    0.225667] Initialise system trusted keyrings
[    0.225766] workingset: timestamp_bits=44 max_order=20 bucket_order=0
[    0.229242] squashfs: version 4.0 (2009/01/31) Phillip Lougher
[    0.229613] NFS: Registering the id_resolver key type
[    0.229634] Key type id_resolver registered
[    0.229642] Key type id_legacy registered
[    0.229655] nfs4filelayout_init: NFSv4 File Layout Driver Registering...
[    0.230532] 9p: Installing v9fs 9p2000 file system support
[    0.232000] Key type asymmetric registered
[    0.232013] Asymmetric key parser 'x509' registered
[    0.232118] Block layer SCSI generic (bsg) driver version 0.4 loaded (major 245)
[    0.232130] io scheduler noop registered
[    0.232241] io scheduler cfq registered (default)
[    0.232250] io scheduler mq-deadline registered
[    0.232259] io scheduler kyber registered
[    0.233897]  usb3-0: usb3-0 supply vbus not found, using dummy regulator
[    0.243129] tegra-apbdma 60020000.dma: Tegra20 APB DMA driver register 32 channels
[    0.244566] tegra-pmc 7000e400.pmc: i2c-thermtrip node not found, emergency thermal reset disabled.
[    0.247083] Serial: 8250/16550 driver, 4 ports, IRQ sharing enabled
[    0.248311] 70006000.serial: ttyS0 at MMIO 0x70006000 (irq = 314, base_baud = 25500000) is a Tegra
[    1.262915] console [ttyS0] enabled
[    1.266847] SuperH (H)SCI(F) driver initialized
[    1.271607] msm_serial: driver initialized
[    1.276088] cacheinfo: Unable to detect cache hierarchy for CPU 0
[    1.285668] loop: module loaded
[    1.294164] cros-ec-i2c 0-001e: Chrome EC device registered
[    1.300421] max77620 1-003c: PMIC Version OTP:0x35 and ES:0x8
[    1.308727] max77620-sd0: supplied by regulator-dummy
[    1.314909] max77620-sd1: supplied by regulator-dummy
[    1.321050] max77620-sd2: supplied by regulator-dummy
[    1.327165] max77620-sd3: supplied by regulator-dummy
[    1.333297] max77620-ldo0: supplied by regulator-dummy
[    1.338932] max77620-ldo1: supplied by regulator-dummy
[    1.344088] PP1200_RCAM: Bringing 1050000uV into 1200000-1200000uV
[    1.350689] max77620-ldo2: supplied by regulator-dummy
[    1.356361] max77620-ldo3: supplied by regulator-dummy
[    1.361515] PP2800L_RCAM: Bringing 3100000uV into 2800000-2800000uV
[    1.368187] max77620-ldo4: supplied by regulator-dummy
[    1.373339] PP1100_SOC_RTC: Bringing 1000000uV into 850000-850000uV
[    1.380154] max77620-ldo5: supplied by regulator-dummy
[    1.385306] PP2800L_FCAM: Bringing 3100000uV into 2800000-2800000uV
[    1.391985] max77620-ldo6: supplied by regulator-dummy
[    1.397139] PP_LDO6: Bringing 2800000uV into 1800000-1800000uV
[    1.403386] max77620-ldo7: supplied by regulator-dummy
[    1.409132] max77620-ldo8: supplied by regulator-dummy
[    1.418152] libphy: Fixed MDIO Bus: probed
[    1.422566] tun: Universal TUN/TAP device driver, 1.6
[    1.428063] thunder-xcv, ver 1.0
[    1.431321] thunder-BGX, ver 1.0
[    1.434571] thunder-nic, ver 1.0
[    1.438030] e1000e: Intel(R) PRO/1000 Network Driver - 3.2.6-k
[    1.443858] e1000e: Copyright(c) 1999 - 2015 Intel Corporation.
[    1.449800] igb: Intel(R) Gigabit Ethernet Network Driver - version 5.4.0-k
[    1.456755] igb: Copyright (c) 2007-2014 Intel Corporation.
[    1.462344] igbvf: Intel(R) Gigabit Virtual Function Network Driver - version 2.4.0-k
[    1.470167] igbvf: Copyright (c) 2009 - 2012 Intel Corporation.
[    1.476289] sky2: driver version 1.30
[    1.480240] VFIO - User Level meta-driver version: 0.3
[    1.486024] ehci_hcd: USB 2.0 'Enhanced' Host Controller (EHCI) Driver
[    1.492553] ehci-pci: EHCI PCI platform driver
[    1.497015] ehci-platform: EHCI generic platform driver
[    1.502315] ehci-orion: EHCI orion driver
[    1.506381] ehci-exynos: EHCI EXYNOS driver
[    1.510616] ohci_hcd: USB 1.1 'Open' Host Controller (OHCI) Driver
[    1.516796] ohci-pci: OHCI PCI platform driver
[    1.521255] ohci-platform: OHCI generic platform driver
[    1.526547] ohci-exynos: OHCI EXYNOS driver
[    1.590374] tegra-xusb 70090000.usb: Firmware timestamp: 2015-08-10 09:47:54 UTC
[    1.597780] tegra-xusb 70090000.usb: xHCI Host Controller
[    1.603186] tegra-xusb 70090000.usb: new USB bus registered, assigned bus number 1
[    1.611743] tegra-xusb 70090000.usb: hcc params 0x0184f525 hci version 0x100 quirks 0x00010010
[    1.620377] tegra-xusb 70090000.usb: irq 320, io mem 0x70090000
[    1.626726] hub 1-0:1.0: USB hub found
[    1.630499] hub 1-0:1.0: 5 ports detected
[    1.634807] tegra-xusb 70090000.usb: xHCI Host Controller
[    1.640209] tegra-xusb 70090000.usb: new USB bus registered, assigned bus number 2
[    1.647821] usb usb2: We don't know the algorithms for LPM for this host, disabling LPM.
[    1.656152] hub 2-0:1.0: USB hub found
[    1.659921] hub 2-0:1.0: 4 ports detected
[    1.664420] usbcore: registered new interface driver usb-storage
[    1.798269] max77686-rtc max77620-rtc: rtc core: registered max77620-rtc as rtc0
[    1.806263] tegra_rtc 7000e000.rtc: rtc core: registered 7000e000.rtc as rtc1
[    1.813420] tegra_rtc 7000e000.rtc: Tegra internal Real Time Clock
[    1.819698] i2c /dev entries driver
[    1.824799] (NULL device *): hwmon_device_register() is deprecated. Please convert the driver to use hwmon_device_register_with_info().
[    1.854939] sdhci: Secure Digital Host Controller Interface driver
[    1.861152] sdhci: Copyright(c) Pierre Ossman
[    1.865650] Synopsys Designware Multimedia Card Interface Driver
[    1.872172] sdhci-pltfm: SDHCI platform and OF driver helper
[    1.886157] mmc0: Unknown controller version (3). You may experience problems.
[    1.937765] mmc0: SDHCI controller on 700b0600.sdhci [700b0600.sdhci] using ADMA 64-bit
[    1.949776] ledtrig-cpu: registered to indicate activity on CPUs
[    1.956716] usbcore: registered new interface driver usbhid
[    1.962369] usbhid: USB HID core driver
[    1.968022] NET: Registered protocol family 17
[    1.973700] 9pnet: Installing 9P2000 support
[    1.980092] Key type dns_resolver registered
[    1.984691] registered taskstats version 1
[    1.988791] Loading compiled-in X.509 certificates
[    1.999375] tegra-i2c 7000d100.i2c: could not find pctldev for node /host1x@50000000/dpaux@545c0000/pinmux-i2c, deferring probe
[    2.012141] input: gpio-keys as /devices/platform/gpio-keys/input/input0
[    2.019107] tegra-i2c 7000d100.i2c: could not find pctldev for node /host1x@50000000/dpaux@545c0000/pinmux-i2c, deferring probe
[    2.026040] mmc0: new high speed MMC card at address 0001
[    2.026244] mmcblk0: mmc0:0001 BGND3R 29.1 GiB 
[    2.026329] mmcblk0boot0: mmc0:0001 BGND3R partition 1 4.00 MiB
[    2.026415] mmcblk0boot1: mmc0:0001 BGND3R partition 2 4.00 MiB
[    2.026481] mmcblk0rpmb: mmc0:0001 BGND3R partition 3 4.00 MiB, chardev (240:0)
[    2.029061]  mmcblk0: p1 p2 p3 p4 p5 p6 p7 p8 p9 p10 p11
[    2.059645] max77686-rtc max77620-rtc: setting system clock to 2001-10-26 06:09:47 UTC (1004076587)
[    2.060096] PP1200_AVDD: disabling
[    2.060161] PP1200_RCAM: disabling
[    2.060222] PP2800L_RCAM: disabling
[    2.060284] PP2800L_FCAM: disabling
[    2.060344] PP_LDO6: disabling
[    2.060404] PPLCD_VDD: disabling
[    2.060408] PP1800_LCDIO: disabling
[    2.060411] PP1800_CAM: disabling
[    2.060413] ALSA device list:
[    2.060415]   No soundcards found.
[    2.107759] Freeing unused kernel memory: 1088K
[    2.107820] tegra-i2c 7000d100.i2c: could not find pctldev for node /host1x@50000000/dpaux@545c0000/pinmux-i2c, deferring probe

System initialization...

Mounting /proc :[SUCCESS]
Mounting /sys :[SUCCESS]
Mounting /dev :[SUCCESS]
Mounting /dev/pts :[SUCCESS]
Mounting /sys/kernel/debug :[SUCCESS]
Mounting other filesystems :[SUCCESS]
Enabling hot-plug :[SUCCESS]
Populating /dev :[SUCCESS]
Starting syslogd :[SUCCESS]
Starting telnetd :[SUCCESS]

System initialization complete.

Please press Enter to activate this console. 