Diff for ./qemu-vexpress64/__internal/defconfig_log.txt
--- /tmp/fooa	2016-04-10 18:41:37.678224028 -0700
+++ /tmp/foob	2016-04-10 18:41:37.678224028 -0700
@@ -1,5 +1,5 @@
 Booting Linux on physical CPU 0x0
-Linux version 4.6.0-rc2+ (pwalmsley@tamien) (gcc version 4.9.2 20140904 (prerelease) (crosstool-NG linaro-1.13.1-4.9-2014.09 - Linaro GCC 4.9-2014.09) ) #1 SMP PREEMPT Sun Apr 3 07:36:00 PDT 2016
+Linux version 4.6.0-rc3+ (pwalmsley@tamien) (gcc version 4.9.2 20140904 (prerelease) (crosstool-NG linaro-1.13.1-4.9-2014.09 - Linaro GCC 4.9-2014.09) ) #1 SMP PREEMPT Sun Apr 10 18:35:55 PDT 2016
 Boot CPU: AArch64 Processor [411fd070]
 Memory limited to 1024MB
 efi: Getting EFI parameters from FDT:
@@ -94,7 +94,7 @@
 kvm [1]: HYP mode not available
 futex hash table entries: 256 (order: 3, 32768 bytes)
 audit: initializing netlink subsys (disabled)
-audit: type=2000 audit(0.532:1): initialized
+audit: type=2000 audit(0.508:1): initialized
 workingset: timestamp_bits=44 max_order=18 bucket_order=0
 squashfs: version 4.0 (2009/01/31) Phillip Lougher
 NFS: Registering the id_resolver key type
@@ -154,7 +154,7 @@
 Key type dns_resolver registered
 registered taskstats version 1
 input: gpio-keys as /devices/platform/gpio-keys/input/input0
-rtc-pl031 9010000.pl031: setting system clock to 2016-04-03 14:36:31 UTC (1459694191)
+rtc-pl031 9010000.pl031: setting system clock to 2016-04-11 01:36:26 UTC (1460338586)
 ALSA device list:
   No soundcards found.
 uart-pl011 9000000.pl011: no DMA platform data
Diff for ./tegra114-dalmore-a04/tegra114-dalmore/multi_v7_defconfig_log.txt
--- /tmp/fooa	2016-04-10 18:41:37.698224025 -0700
+++ /tmp/foob	2016-04-10 18:41:37.702224025 -0700
@@ -41,18 +41,18 @@
 	 #################
 	 3.4 MiB/s
 done
-Bytes transferred = 6918256 (699070 hex)
+Bytes transferred = 6918928 (699310 hex)
 Tegra114 (Dalmore) # tftpboot 0x82000000 tegra114-dalmore.dtb
 Using asx0 device
 TFTP from server 192.168.100.1; our IP address is 192.168.100.100
 Filename 'tegra114-dalmore.dtb'.
 Load address: 0x82000000
 Loading: *###
-	 3.3 MiB/s
+	 3 MiB/s
 done
 Bytes transferred = 34894 (884e hex)
 Tegra114 (Dalmore) # bootz 0x81000000 - 0x82000000
-Kernel image @ 0x81000000 [ 0x000000 - 0x699070 ]
+Kernel image @ 0x81000000 [ 0x000000 - 0x699310 ]
 ## Flattened Device Tree blob at 82000000
    Booting using the fdt blob at 0x82000000
    Loading Device Tree to 8fff4000, end 8ffff84d ... OK
@@ -60,7 +60,7 @@
 Starting kernel ...
 
 Booting Linux on physical CPU 0x0
-Linux version 4.6.0-rc2-82191-g9735a22 (pwalmsley@sellafield) (gcc version 4.7.3 20130328 (prerelease) (crosstool-NG linaro-1.13.1-4.7-2013.04-20130415 - Linaro GCC 2013.04) ) #1 SMP Sun Apr 3 07:34:13 PDT 2016
+Linux version 4.6.0-rc3-82540-gbf16200 (pwalmsley@sellafield) (gcc version 4.7.3 20130328 (prerelease) (crosstool-NG linaro-1.13.1-4.7-2013.04-20130415 - Linaro GCC 2013.04) ) #1 SMP Sun Apr 10 18:34:32 PDT 2016
 CPU: ARMv7 Processor [412fc0f2] revision 2 (ARMv7), cr=10c5387d
 CPU: div instructions available: patching division code
 CPU: PIPT / VIPT nonaliasing data cache, PIPT instruction cache
@@ -90,7 +90,7 @@
     lowmem  : 0xc0000000 - 0xf0000000   ( 768 MB)
     pkmap   : 0xbfe00000 - 0xc0000000   (   2 MB)
     modules : 0xbf000000 - 0xbfe00000   (  14 MB)
-      .text : 0xc0208000 - 0xc104fa5c   (14623 kB)
+      .text : 0xc0208000 - 0xc104fa48   (14623 kB)
       .init : 0xc1100000 - 0xc1300000   (2048 kB)
       .data : 0xc1300000 - 0xc141d400   (1141 kB)
        .bss : 0xc141f000 - 0xc1474558   ( 342 kB)
@@ -276,16 +276,16 @@
 vdd-sys-5v0: supplied by vdd_ac_bat
 VDD_5V0_HDMI_CON: supplied by vdd-sys-5v0
 vdd_hdmi_5v0: supplied by vdd-sys-5v0
-mmc0: new high speed SDHC card at address aaaa
 [drm] Supports vblank timestamp caching Rev 2 (21.10.2013).
 [drm] No driver support for vblank timestamp query.
+mmc0: new high speed SDHC card at address aaaa
 mmcblk0: mmc0:aaaa SL16G 14.8 GiB 
- mmcblk0: p1 p2 p3
 mmc1: new high speed MMC card at address 0001
 mmcblk1: mmc1:0001 SEM32G 29.1 GiB 
 mmcblk1boot0: mmc1:0001 SEM32G partition 1 4.00 MiB
 mmcblk1boot1: mmc1:0001 SEM32G partition 2 4.00 MiB
 mmcblk1rpmb: mmc1:0001 SEM32G partition 3 4.00 MiB
+ mmcblk0: p1 p2 p3
  mmcblk1: p1 p2 p3 p4 p5 p6 p7 p8
 Console: switching to colour frame buffer device 240x75
 drm drm: fb0:  frame buffer device
@@ -298,7 +298,7 @@
 hub 1-0:1.0: USB hub found
 hub 1-0:1.0: 1 port detected
 input: gpio-keys as /devices/soc0/gpio-keys/input/input0
-palmas-rtc 7000d000.i2c:tps65913@58:rtc: setting system clock to 2000-01-27 01:54:24 UTC (948938064)
+palmas-rtc 7000d000.i2c:tps65913@58:rtc: setting system clock to 2000-02-03 12:54:38 UTC (949582478)
 dvdd_ts: disabling
 usb1_vbus: disabling
 vdd_cam_1v8_reg: disabling
@@ -310,4 +310,4 @@
 Freeing unused kernel memory: 2048K (c1100000 - c1300000)
 bash: cannot set terminal process group (-1): Inappropriate ioctl for device
 bash: no job control in this shell
-root@(none):/# [    2.234481] usb 1-1: new high-speed USB device number 2 using tegra-ehci
+root@(none):/# [    2.229599] usb 1-1: new high-speed USB device number 2 using tegra-ehci
Diff for ./tegra114-dalmore-a04/tegra114-dalmore/tegra_defconfig_log.txt
--- /tmp/fooa	2016-04-10 18:41:37.714224023 -0700
+++ /tmp/foob	2016-04-10 18:41:37.718224022 -0700
@@ -14,7 +14,7 @@
 Err:   serial
 Net:   Net Initialization Skipped
 No ethernet found.
-Hit any key to stop autoboot:  2  1  0 
+Hit any key to stop autoboot:  2  0 
 Tegra114 (Dalmore) # 
 Tegra114 (Dalmore) # usb reset
 (Re)start USB...
@@ -39,18 +39,18 @@
 	 #####################################
 	 3.3 MiB/s
 done
-Bytes transferred = 5313296 (511310 hex)
+Bytes transferred = 5314096 (511630 hex)
 Tegra114 (Dalmore) # tftpboot 0x82000000 tegra114-dalmore.dtb
 Using asx0 device
 TFTP from server 192.168.100.1; our IP address is 192.168.100.100
 Filename 'tegra114-dalmore.dtb'.
 Load address: 0x82000000
 Loading: *###
-	 2.8 MiB/s
+	 3 MiB/s
 done
 Bytes transferred = 34894 (884e hex)
 Tegra114 (Dalmore) # bootz 0x81000000 - 0x82000000
-Kernel image @ 0x81000000 [ 0x000000 - 0x511310 ]
+Kernel image @ 0x81000000 [ 0x000000 - 0x511630 ]
 ## Flattened Device Tree blob at 82000000
    Booting using the fdt blob at 0x82000000
    Loading Device Tree to 8fff4000, end 8ffff84d ... OK
@@ -59,7 +59,7 @@
 
 Uncompressing Linux... done, booting the kernel.
 Booting Linux on physical CPU 0x0
-Linux version 4.6.0-rc2-82191-g9735a22 (pwalmsley@kaivo) (gcc version 4.7.3 20130328 (prerelease) (crosstool-NG linaro-1.13.1-4.7-2013.04-20130415 - Linaro GCC 2013.04) ) #1 SMP PREEMPT Sun Apr 3 07:34:07 PDT 2016
+Linux version 4.6.0-rc3-82540-gbf16200 (pwalmsley@kaivo) (gcc version 4.7.3 20130328 (prerelease) (crosstool-NG linaro-1.13.1-4.7-2013.04-20130415 - Linaro GCC 2013.04) ) #1 SMP PREEMPT Sun Apr 10 18:34:06 PDT 2016
 CPU: ARMv7 Processor [412fc0f2] revision 2 (ARMv7), cr=10c5387d
 CPU: div instructions available: patching division code
 CPU: PIPT / VIPT nonaliasing data cache, PIPT instruction cache
@@ -90,10 +90,10 @@
     lowmem  : 0xc0000000 - 0xf0000000   ( 768 MB)
     pkmap   : 0xbfe00000 - 0xc0000000   (   2 MB)
     modules : 0xbf000000 - 0xbfe00000   (  14 MB)
-      .text : 0xc0008000 - 0xc0ab222c   (10921 kB)
+      .text : 0xc0008000 - 0xc0ab2220   (10921 kB)
       .init : 0xc0b00000 - 0xc0c00000   (1024 kB)
       .data : 0xc0c00000 - 0xc0c5df80   ( 376 kB)
-       .bss : 0xc0c5f000 - 0xc0cb9a04   ( 363 kB)
+       .bss : 0xc0c5f000 - 0xc0cb9a44   ( 363 kB)
 Preemptible hierarchical RCU implementation.
 	Build-time adjustment of leaf fanout to 32.
 NR_IRQS:16 nr_irqs:16 16
@@ -249,15 +249,15 @@
 mmc1: SDHCI controller on 78000600.sdhci [78000600.sdhci] using ADMA
 usbcore: registered new interface driver usbhid
 usbhid: USB HID core driver
-mmc1: new high speed MMC card at address 0001
-mmcblk0: mmc1:0001 SEM32G 29.1 GiB 
-mmcblk0boot0: mmc1:0001 SEM32G partition 1 4.00 MiB
 mmc0: new high speed SDHC card at address aaaa
-mmcblk1: mmc0:aaaa SL16G 14.8 GiB 
-mmcblk0boot1: mmc1:0001 SEM32G partition 2 4.00 MiB
-mmcblk0rpmb: mmc1:0001 SEM32G partition 3 4.00 MiB
- mmcblk0: p1 p2 p3 p4 p5 p6 p7 p8
- mmcblk1: p1 p2 p3
+mmcblk0: mmc0:aaaa SL16G 14.8 GiB 
+mmc1: new high speed MMC card at address 0001
+mmcblk1: mmc1:0001 SEM32G 29.1 GiB 
+mmcblk1boot0: mmc1:0001 SEM32G partition 1 4.00 MiB
+mmcblk1boot1: mmc1:0001 SEM32G partition 2 4.00 MiB
+mmcblk1rpmb: mmc1:0001 SEM32G partition 3 4.00 MiB
+ mmcblk1: p1 p2 p3 p4 p5 p6 p7 p8
+ mmcblk0: p1 p2 p3
 tegra30-i2s 70080400.i2s: DMA channels sourced from device 70080000.ahub
 tegra-snd-rt5640 sound: rt5640-aif1 <-> 70080400.i2s mapping ok
 input: NVIDIA Tegra Dalmore Headphones as /devices/soc0/sound/sound/card0/input0
@@ -295,16 +295,16 @@
 hub 1-0:1.0: USB hub found
 hub 1-0:1.0: 1 port detected
 input: gpio-keys as /devices/soc0/gpio-keys/input/input1
-palmas-rtc 7000d000.i2c:tps65913@58:rtc: setting system clock to 2000-01-27 01:51:48 UTC (948937908)
+palmas-rtc 7000d000.i2c:tps65913@58:rtc: setting system clock to 2000-02-03 12:52:08 UTC (949582328)
 dvdd_ts: disabling
 usb1_vbus: disabling
 vdd_cam_1v8_reg: disabling
 ALSA device list:
   #0: NVIDIA Tegra Dalmore
-EXT4-fs (mmcblk0p1): mounting ext3 file system using the ext4 subsystem
-EXT4-fs (mmcblk0p1): recovery complete
-EXT4-fs (mmcblk0p1): mounted filesystem with ordered data mode. Opts: (null)
-VFS: Mounted root (ext3 filesystem) on device 179:1.
+EXT4-fs (mmcblk1p1): mounting ext3 file system using the ext4 subsystem
+EXT4-fs (mmcblk1p1): recovery complete
+EXT4-fs (mmcblk1p1): mounted filesystem with ordered data mode. Opts: (null)
+VFS: Mounted root (ext3 filesystem) on device 179:17.
 devtmpfs: mounted
 Freeing unused kernel memory: 1024K (c0b00000 - c0c00000)
 bash: cannot set terminal process group (-1): Inappropriate ioctl for device
Diff for ./tegra124-jetson-tk1/tegra124-jetson-tk1/multi_v7_defconfig_log.txt
--- /tmp/fooa	2016-04-10 18:41:37.722224021 -0700
+++ /tmp/foob	2016-04-10 18:41:37.726224021 -0700
@@ -41,20 +41,20 @@
 	 #################################################################
 	 #################################################################
 	 #################
-	 3.2 MiB/s
+	 3.1 MiB/s
 done
-Bytes transferred = 6918256 (699070 hex)
+Bytes transferred = 6918928 (699310 hex)
 Tegra124 (Jetson TK1) # tftpboot 0x83000000 tegra124-jetson-tk1.dtb
 Using asx0 device
 TFTP from server 192.168.100.1; our IP address is 192.168.100.102
 Filename 'tegra124-jetson-tk1.dtb'.
 Load address: 0x83000000
 Loading: *#####
-	 2.8 MiB/s
+	 2.3 MiB/s
 done
 Bytes transferred = 64138 (fa8a hex)
 Tegra124 (Jetson TK1) # bootz 0x82000000 - 0x83000000
-Kernel image @ 0x82000000 [ 0x000000 - 0x699070 ]
+Kernel image @ 0x82000000 [ 0x000000 - 0x699310 ]
 ## Flattened Device Tree blob at 83000000
    Booting using the fdt blob at 0x83000000
    Using Device Tree in place at 83000000, end 83012a89
@@ -62,7 +62,7 @@
 Starting kernel ...
 
 Booting Linux on physical CPU 0x0
-Linux version 4.6.0-rc2-82191-g9735a22 (pwalmsley@sellafield) (gcc version 4.7.3 20130328 (prerelease) (crosstool-NG linaro-1.13.1-4.7-2013.04-20130415 - Linaro GCC 2013.04) ) #1 SMP Sun Apr 3 07:34:13 PDT 2016
+Linux version 4.6.0-rc3-82540-gbf16200 (pwalmsley@sellafield) (gcc version 4.7.3 20130328 (prerelease) (crosstool-NG linaro-1.13.1-4.7-2013.04-20130415 - Linaro GCC 2013.04) ) #1 SMP Sun Apr 10 18:34:32 PDT 2016
 CPU: ARMv7 Processor [413fc0f3] revision 3 (ARMv7), cr=10c5387d
 CPU: div instructions available: patching division code
 CPU: PIPT / VIPT nonaliasing data cache, PIPT instruction cache
@@ -92,7 +92,7 @@
     lowmem  : 0xc0000000 - 0xf0000000   ( 768 MB)
     pkmap   : 0xbfe00000 - 0xc0000000   (   2 MB)
     modules : 0xbf000000 - 0xbfe00000   (  14 MB)
-      .text : 0xc0208000 - 0xc104fa5c   (14623 kB)
+      .text : 0xc0208000 - 0xc104fa48   (14623 kB)
       .init : 0xc1100000 - 0xc1300000   (2048 kB)
       .data : 0xc1300000 - 0xc141d400   (1141 kB)
        .bss : 0xc141f000 - 0xc1474558   ( 342 kB)
@@ -302,42 +302,16 @@
 tegra-pcie 1003000.pcie-controller: link 0 down, ignoring
 tegra-pcie 1003000.pcie-controller: probing port 1, using 1 lanes
 tegra-pcie 1003000.pcie-controller: Slot present pin change, signature: 00000000
+tegra-pcie 1003000.pcie-controller: link 1 down, retrying
+tegra-pcie 1003000.pcie-controller: link 1 down, retrying
+tegra-pcie 1003000.pcie-controller: link 1 down, retrying
+tegra-pcie 1003000.pcie-controller: link 1 down, ignoring
 tegra-pcie 1003000.pcie-controller: PCI host bridge to bus 0000:00
 pci_bus 0000:00: root bus resource [io  0x0000-0xffff]
 pci_bus 0000:00: root bus resource [mem 0x13000000-0x1fffffff]
 pci_bus 0000:00: root bus resource [mem 0x20000000-0x3fffffff pref]
 pci_bus 0000:00: root bus resource [bus 00-ff]
-pci 0000:00:02.0: [10de:0e13] type 01 class 0x060400
-pci 0000:00:02.0: PME# supported from D0 D1 D2 D3hot D3cold
-PCI: bus0: Fast back to back transfers disabled
-pci 0000:00:02.0: bridge configuration invalid ([bus 00-00]), reconfiguring
-pci 0000:01:00.0: [10ec:8168] type 00 class 0x020000
-pci 0000:01:00.0: reg 0x10: [io  0x0000-0x00ff]
-pci 0000:01:00.0: reg 0x18: [mem 0x00000000-0x00000fff 64bit]
-pci 0000:01:00.0: reg 0x20: [mem 0x00000000-0x00003fff 64bit pref]
-pci 0000:01:00.0: supports D1 D2
-pci 0000:01:00.0: PME# supported from D0 D1 D2 D3hot D3cold
-PCI: bus1: Fast back to back transfers disabled
-pci_bus 0000:01: busn_res: [bus 01-ff] end is updated to 01
-pci 0000:00:02.0: BAR 8: assigned [mem 0x13000000-0x130fffff]
-pci 0000:00:02.0: BAR 9: assigned [mem 0x20000000-0x200fffff 64bit pref]
-pci 0000:00:02.0: BAR 7: assigned [io  0x1000-0x1fff]
-pci 0000:01:00.0: BAR 4: assigned [mem 0x20000000-0x20003fff 64bit pref]
-pci 0000:01:00.0: BAR 2: assigned [mem 0x13000000-0x13000fff 64bit]
-pci 0000:01:00.0: BAR 0: assigned [io  0x1000-0x10ff]
-pci 0000:00:02.0: PCI bridge to [bus 01]
-pci 0000:00:02.0:   bridge window [io  0x1000-0x1fff]
-pci 0000:00:02.0:   bridge window [mem 0x13000000-0x130fffff]
-pci 0000:00:02.0:   bridge window [mem 0x20000000-0x200fffff 64bit pref]
-pci 0000:00:02.0: nv_msi_ht_cap_quirk didn't locate host bridge
-pcieport 0000:00:02.0: enabling device (0140 -> 0143)
-pcieport 0000:00:02.0: Signaling PME through PCIe PME interrupt
-pci 0000:01:00.0: Signaling PME through PCIe PME interrupt
-pcie_pme 0000:00:02.0:pcie01: service driver pcie_pme loaded
-r8169 Gigabit Ethernet driver 2.3LK-NAPI loaded
-r8169 0000:01:00.0: enabling device (0140 -> 0143)
-r8169 0000:01:00.0 eth0: RTL8168g/8111g at 0xf0a1c000, 00:04:4b:25:b3:b4, XID 0c000800 IRQ 388
-r8169 0000:01:00.0 eth0: jumbo features [frames: 9200 bytes, tx checksumming: ko]
+PCI: bus0: Fast back to back transfers enabled
 +5V_HDMI_CON: supplied by +5V_SYS
 +1.05V_RUN_AVDD_HDMI_PLL: supplied by +1.05V_RUN
 +3.3V_RUN: supplied by +3.3V_SYS
@@ -374,7 +348,7 @@
 mmc1: Invalid maximum block size, assuming 512 bytes
 mmc1: SDHCI controller on 700b0400.sdhci [700b0400.sdhci] using ADMA 64-bit
 input: gpio-keys as /devices/soc0/gpio-keys/input/input0
-as3722-rtc as3722-rtc: setting system clock to 2000-01-01 00:02:09 UTC (946684929)
+as3722-rtc as3722-rtc: setting system clock to 2000-01-01 00:02:22 UTC (946684942)
 +1.8V_RUN_CAM: disabling
 +2.8V_RUN_CAM: disabling
 +1.2V_RUN_CAM_FRONT: disabling
Diff for ./tegra124-jetson-tk1/tegra124-jetson-tk1/tegra_defconfig_log.txt
--- /tmp/fooa	2016-04-10 18:41:37.738224019 -0700
+++ /tmp/foob	2016-04-10 18:41:37.738224019 -0700
@@ -41,18 +41,18 @@
 	 #####################################
 	 3.2 MiB/s
 done
-Bytes transferred = 5313296 (511310 hex)
+Bytes transferred = 5314096 (511630 hex)
 Tegra124 (Jetson TK1) # tftpboot 0x83000000 tegra124-jetson-tk1.dtb
 Using asx0 device
 TFTP from server 192.168.100.1; our IP address is 192.168.100.102
 Filename 'tegra124-jetson-tk1.dtb'.
 Load address: 0x83000000
 Loading: *#####
-	 2.9 MiB/s
+	 2.5 MiB/s
 done
 Bytes transferred = 64138 (fa8a hex)
 Tegra124 (Jetson TK1) # bootz 0x82000000 - 0x83000000
-Kernel image @ 0x82000000 [ 0x000000 - 0x511310 ]
+Kernel image @ 0x82000000 [ 0x000000 - 0x511630 ]
 ## Flattened Device Tree blob at 83000000
    Booting using the fdt blob at 0x83000000
    Using Device Tree in place at 83000000, end 83012a89
@@ -61,7 +61,7 @@
 
 Uncompressing Linux... done, booting the kernel.
 Booting Linux on physical CPU 0x0
-Linux version 4.6.0-rc2-82191-g9735a22 (pwalmsley@kaivo) (gcc version 4.7.3 20130328 (prerelease) (crosstool-NG linaro-1.13.1-4.7-2013.04-20130415 - Linaro GCC 2013.04) ) #1 SMP PREEMPT Sun Apr 3 07:34:07 PDT 2016
+Linux version 4.6.0-rc3-82540-gbf16200 (pwalmsley@kaivo) (gcc version 4.7.3 20130328 (prerelease) (crosstool-NG linaro-1.13.1-4.7-2013.04-20130415 - Linaro GCC 2013.04) ) #1 SMP PREEMPT Sun Apr 10 18:34:06 PDT 2016
 CPU: ARMv7 Processor [413fc0f3] revision 3 (ARMv7), cr=10c5387d
 CPU: div instructions available: patching division code
 CPU: PIPT / VIPT nonaliasing data cache, PIPT instruction cache
@@ -92,10 +92,10 @@
     lowmem  : 0xc0000000 - 0xf0000000   ( 768 MB)
     pkmap   : 0xbfe00000 - 0xc0000000   (   2 MB)
     modules : 0xbf000000 - 0xbfe00000   (  14 MB)
-      .text : 0xc0008000 - 0xc0ab222c   (10921 kB)
+      .text : 0xc0008000 - 0xc0ab2220   (10921 kB)
       .init : 0xc0b00000 - 0xc0c00000   (1024 kB)
       .data : 0xc0c00000 - 0xc0c5df80   ( 376 kB)
-       .bss : 0xc0c5f000 - 0xc0cb9a04   ( 363 kB)
+       .bss : 0xc0c5f000 - 0xc0cb9a44   ( 363 kB)
 Preemptible hierarchical RCU implementation.
 	Build-time adjustment of leaf fanout to 32.
 NR_IRQS:16 nr_irqs:16 16
Diff for ./tegra132-norrin/tegra132-norrin/defconfig_log.txt
--- /tmp/fooa	2016-04-10 18:41:37.754224017 -0700
+++ /tmp/foob	2016-04-10 18:41:37.758224016 -0700
@@ -31,7 +31,7 @@
 MSENC clock is set to  79200 KHz
 Vde clock is set to 204000 KHz
 
-Bootloader-Cpu Init at (time stamp): 1800251 us
+Bootloader-Cpu Init at (time stamp): 1800271 us
 
 Pinmux changes applied in kernel way
 
@@ -62,22 +62,22 @@
 Board Id Read Time: 3 us
 Power Rail enable Time: 1 us
 
-Miscellaneous avp time: 1800225  us
-Bootloader (AosInit) time: 733456 us
-Bootloader Main Init time: 180323 us
-BlockDevMgrInit time: 157557 us
+Miscellaneous avp time: 1800245  us
+Bootloader (AosInit) time: 733445 us
+Bootloader Main Init time: 180212 us
+BlockDevMgrInit time: 157550 us
 PartMgrInit time: 8 us
 StorMgrInit time: 30 us
-FsMgrInit time: 3 us
-Partition Table load: 77069 us 
-Display init time: 574409 us
-Kernel read time: 308 msec
+FsMgrInit time: 2 us
+Partition Table load: 76991 us 
+Display init time: 574516 us
+Kernel read time: 307 msec
 Load Kernel Size:   13305856 Bytes
-Bl Kernel ReadSpeed: 43200000 Bytes/sec
-Pre-Kernel Jump time: 1507764 us
-Clearing 32 Bit State and Warm resetting to 64bit mode: 5520663 us
+Bl Kernel ReadSpeed: 43341000 Bytes/sec
+Pre-Kernel Jump time: 1508492 us
+Clearing 32 Bit State and Warm resetting to 64bit mode: 5521575 us
 Booting Linux on physical CPU 0x0
-Linux version 4.6.0-rc2+ (pwalmsley@tamien) (gcc version 4.9.2 20140904 (prerelease) (crosstool-NG linaro-1.13.1-4.9-2014.09 - Linaro GCC 4.9-2014.09) ) #1 SMP PREEMPT Sun Apr 3 07:36:00 PDT 2016
+Linux version 4.6.0-rc3+ (pwalmsley@tamien) (gcc version 4.9.2 20140904 (prerelease) (crosstool-NG linaro-1.13.1-4.9-2014.09 - Linaro GCC 4.9-2014.09) ) #1 SMP PREEMPT Sun Apr 10 18:35:55 PDT 2016
 Boot CPU: AArch64 Processor [4e0f0000]
 Memory limited to 1734MB
 efi: Getting EFI parameters from FDT:
@@ -243,30 +243,30 @@
 input: gpio-keys as /devices/platform/gpio-keys/input/input0
 sdhci-tegra 700b0400.sdhci: Got CD GPIO
 hctosys: unable to open rtc device (rtc0)
+sdhci-tegra 700b0400.sdhci: Got WP GPIO
+mmc1: Unknown controller version (3). You may experience problems.
++3.3V_AVDD_HDMI_AP_GATED: disabling
 mmc0: new HS200 MMC card at address 0001
 mmcblk0: mmc0:0001 SEM16G 14.7 GiB 
-mmcblk0boot0: mmc0:0001 SEM16G partition 1 4.00 MiB
-mmcblk0boot1: mmc0:0001 SEM16G partition 2 4.00 MiB
-mmcblk0rpmb: mmc0:0001 SEM16G partition 3 4.00 MiB
- mmcblk0: p1 p2 p3 p4 p5 p6 p7 p8
-+3.3V_AVDD_HDMI_AP_GATED: disabling
 +VDD_LED: disabling
+mmcblk0boot0: mmc0:0001 SEM16G partition 1 4.00 MiB
 +5V_USB_HS: disabling
+mmcblk0boot1: mmc0:0001 SEM16G partition 2 4.00 MiB
 +5V_USB_SS: disabling
+mmcblk0rpmb: mmc0:0001 SEM16G partition 3 4.00 MiB
 +1.05V_RUN_AVDD_HDMI_PLL_AP_GATE: disabling
 +5V_HDMI_CON: disabling
+ mmcblk0: p1 p2 p3 p4 p5 p6 p7 p8
 ALSA device list:
   No soundcards found.
 Freeing unused kernel memory: 816K (ffffff8008a3a000 - ffffff8008b06000)
-sdhci-tegra 700b0400.sdhci: Got WP GPIO
-mmc1: Unknown controller version (3). You may experience problems.
 sdhci-tegra 700b0400.sdhci: Got CD GPIO
-sdhci-tegra 700b0400.sdhci: Got WP GPIO
-mmc1: Unknown controller version (3). You may experience problems.
 
 System initialization...
 
-Mounting /proc :[SUCCESS]
+Mounting /proc :[    2.599666] sdhci-tegra 700b0400.sdhci: Got WP GPIO
+mmc1: Unknown controller version (3). You may experience problems.
+[SUCCESS]
 Mounting /sys :[SUCCESS]
 Mounting /dev :[SUCCESS]
 Mounting /dev/pts :[SUCCESS]
Diff for ./tegra20-trimslice/tegra20-trimslice/multi_v7_defconfig_log.txt
--- /tmp/fooa	2016-04-10 18:41:37.782224012 -0700
+++ /tmp/foob	2016-04-10 18:41:37.782224012 -0700
@@ -19,7 +19,7 @@
 Out:   serial
 Err:   serial
 Net:   RTL8169#0
-Hit any key to stop autoboot:  2  0 
+Hit any key to stop autoboot:  2  1  0 
 Tegra20 (TrimSlice) # 
 Tegra20 (TrimSlice) # usb reset
 resetting USB...
@@ -47,20 +47,20 @@
 	 #################################################################
 	 #################################################################
 	 #################
-	 906.3 KiB/s
+	 891.6 KiB/s
 done
-Bytes transferred = 6918256 (699070 hex)
+Bytes transferred = 6918928 (699310 hex)
 Tegra20 (TrimSlice) # tftpboot 0x02408000 tegra20-trimslice.dtb
 Using RTL8169#0 device
 TFTP from server 192.168.100.1; our IP address is 192.168.100.103
 Filename 'tegra20-trimslice.dtb'.
 Load address: 0x2408000
 Loading: *##
-	 896.5 KiB/s
+	 859.4 KiB/s
 done
 Bytes transferred = 21130 (528a hex)
 Tegra20 (TrimSlice) # bootz 0x00408000 - 0x02408000
-Kernel image @ 0x408000 [ 0x000000 - 0x699070 ]
+Kernel image @ 0x408000 [ 0x000000 - 0x699310 ]
 ## Flattened Device Tree blob at 02408000
    Booting using the fdt blob at 0x2408000
    Using Device Tree in place at 02408000, end 02410289
@@ -68,7 +68,7 @@
 Starting kernel ...
 
 Booting Linux on physical CPU 0x0
-Linux version 4.6.0-rc2-82191-g9735a22 (pwalmsley@sellafield) (gcc version 4.7.3 20130328 (prerelease) (crosstool-NG linaro-1.13.1-4.7-2013.04-20130415 - Linaro GCC 2013.04) ) #1 SMP Sun Apr 3 07:34:13 PDT 2016
+Linux version 4.6.0-rc3-82540-gbf16200 (pwalmsley@sellafield) (gcc version 4.7.3 20130328 (prerelease) (crosstool-NG linaro-1.13.1-4.7-2013.04-20130415 - Linaro GCC 2013.04) ) #1 SMP Sun Apr 10 18:34:32 PDT 2016
 CPU: ARMv7 Processor [411fc090] revision 0 (ARMv7), cr=10c5387d
 CPU: PIPT / VIPT nonaliasing data cache, VIPT aliasing instruction cache
 Machine model: Compulab TrimSlice board
@@ -97,7 +97,7 @@
     lowmem  : 0xc0000000 - 0xf0000000   ( 768 MB)
     pkmap   : 0xbfe00000 - 0xc0000000   (   2 MB)
     modules : 0xbf000000 - 0xbfe00000   (  14 MB)
-      .text : 0xc0208000 - 0xc104fa5c   (14623 kB)
+      .text : 0xc0208000 - 0xc104fa48   (14623 kB)
       .init : 0xc1100000 - 0xc1300000   (2048 kB)
       .data : 0xc1300000 - 0xc141d400   (1141 kB)
        .bss : 0xc141f000 - 0xc1474558   ( 342 kB)
@@ -325,7 +325,7 @@
 hub 2-0:1.0: USB hub found
 hub 2-0:1.0: 1 port detected
 input: gpio-keys as /devices/soc0/gpio-keys/input/input0
-rtc-em3027 2-0056: setting system clock to 2014-12-28 13:37:54 UTC (1419773874)
+rtc-em3027 2-0056: setting system clock to 2014-12-28 14:03:07 UTC (1419775387)
 Waiting for root device PARTUUID=11eb23c1-01...
 mmc0: host does not support reading read-only switch, assuming write-enable
 mmc0: new high speed SDHC card at address b368
Diff for ./tegra20-trimslice/tegra20-trimslice/tegra_defconfig_log.txt
--- /tmp/fooa	2016-04-10 18:41:37.790224011 -0700
+++ /tmp/foob	2016-04-10 18:41:37.794224011 -0700
@@ -45,20 +45,20 @@
 	 #################################################################
 	 #################################################################
 	 #####################################
-	 917 KiB/s
+	 910.2 KiB/s
 done
-Bytes transferred = 5313296 (511310 hex)
+Bytes transferred = 5314096 (511630 hex)
 Tegra20 (TrimSlice) # tftpboot 0x02408000 tegra20-trimslice.dtb
 Using RTL8169#0 device
 TFTP from server 192.168.100.1; our IP address is 192.168.100.103
 Filename 'tegra20-trimslice.dtb'.
 Load address: 0x2408000
 Loading: *##
-	 896.5 KiB/s
+	 859.4 KiB/s
 done
 Bytes transferred = 21130 (528a hex)
 Tegra20 (TrimSlice) # bootz 0x00408000 - 0x02408000
-Kernel image @ 0x408000 [ 0x000000 - 0x511310 ]
+Kernel image @ 0x408000 [ 0x000000 - 0x511630 ]
 ## Flattened Device Tree blob at 02408000
    Booting using the fdt blob at 0x2408000
    Using Device Tree in place at 02408000, end 02410289
@@ -67,7 +67,7 @@
 
 Uncompressing Linux... done, booting the kernel.
 Booting Linux on physical CPU 0x0
-Linux version 4.6.0-rc2-82191-g9735a22 (pwalmsley@kaivo) (gcc version 4.7.3 20130328 (prerelease) (crosstool-NG linaro-1.13.1-4.7-2013.04-20130415 - Linaro GCC 2013.04) ) #1 SMP PREEMPT Sun Apr 3 07:34:07 PDT 2016
+Linux version 4.6.0-rc3-82540-gbf16200 (pwalmsley@kaivo) (gcc version 4.7.3 20130328 (prerelease) (crosstool-NG linaro-1.13.1-4.7-2013.04-20130415 - Linaro GCC 2013.04) ) #1 SMP PREEMPT Sun Apr 10 18:34:06 PDT 2016
 CPU: ARMv7 Processor [411fc090] revision 0 (ARMv7), cr=10c5387d
 CPU: PIPT / VIPT nonaliasing data cache, VIPT aliasing instruction cache
 Machine model: Compulab TrimSlice board
@@ -97,10 +97,10 @@
     lowmem  : 0xc0000000 - 0xf0000000   ( 768 MB)
     pkmap   : 0xbfe00000 - 0xc0000000   (   2 MB)
     modules : 0xbf000000 - 0xbfe00000   (  14 MB)
-      .text : 0xc0008000 - 0xc0ab222c   (10921 kB)
+      .text : 0xc0008000 - 0xc0ab2220   (10921 kB)
       .init : 0xc0b00000 - 0xc0c00000   (1024 kB)
       .data : 0xc0c00000 - 0xc0c5df80   ( 376 kB)
-       .bss : 0xc0c5f000 - 0xc0cb9a04   ( 363 kB)
+       .bss : 0xc0c5f000 - 0xc0cb9a44   ( 363 kB)
 Preemptible hierarchical RCU implementation.
 	Build-time adjustment of leaf fanout to 32.
 	RCU restricting CPUs from NR_CPUS=4 to nr_cpu_ids=2.
@@ -304,18 +304,18 @@
 tlv320aic23-codec 2-001a: ASoC: no dapm match for MICIN --> NULL --> Mic Input
 tlv320aic23-codec 2-001a: ASoC: Failed to add route MICIN -> NULL -> Mic Input
 tegra-snd-trimslice sound: tlv320aic23-hifi <-> 70002800.i2s mapping ok
-usb 1-1: new high-speed USB device number 2 using tegra-ehci
 NET: Registered protocol family 10
+usb 1-1: new high-speed USB device number 2 using tegra-ehci
+mmc1: new high speed SD card at address b368
 mip6: Mobile IPv6
-sit: IPv6 over IPv4 tunneling driver
 mmc0: host does not support reading read-only switch, assuming write-enable
-NET: Registered protocol family 17
-mmc1: new high speed SD card at address b368
 mmc0: new high speed SDHC card at address b368
-mmcblk1: mmc0:b368 NCard 3.70 GiB 
- mmcblk1: p1
 mmcblk0: mmc1:b368 NCard 1.83 GiB (ro)
  mmcblk0: p1 p2
+mmcblk1: mmc0:b368 NCard 3.70 GiB 
+ mmcblk1: p1
+sit: IPv6 over IPv4 tunneling driver
+NET: Registered protocol family 17
 NET: Registered protocol family 15
 can: controller area network core (rev 20120528 abi 9)
 NET: Registered protocol family 29
@@ -333,14 +333,14 @@
 utmi_phy_clk_enable: timeout waiting for phy to stabilize
 tegra-ehci c5000000.usb: EHCI Host Controller
 tegra-ehci c5000000.usb: new USB bus registered, assigned bus number 2
-hub 1-1:1.0: USB hub found
 tegra-ehci c5000000.usb: irq 288, io mem 0xc5000000
+hub 1-1:1.0: USB hub found
 hub 1-1:1.0: 4 ports detected
 tegra-ehci c5000000.usb: USB 2.0 started, EHCI 1.00
 hub 2-0:1.0: USB hub found
 hub 2-0:1.0: 1 port detected
 input: gpio-keys as /devices/soc0/gpio-keys/input/input0
-rtc-em3027 2-0056: setting system clock to 2014-12-28 13:36:29 UTC (1419773789)
+rtc-em3027 2-0056: setting system clock to 2014-12-28 14:01:39 UTC (1419775299)
 ALSA device list:
   #0: tegra-trimslice
 EXT4-fs (mmcblk1p1): mounting ext3 file system using the ext4 subsystem
Diff for ./tegra210-p2371-0000/tegra210-p2371-0000/defconfig_log.txt
--- /tmp/fooa	2016-04-10 18:41:37.818224007 -0700
+++ /tmp/foob	2016-04-10 18:41:37.822224007 -0700
@@ -64,17 +64,17 @@
 Loading and Validation of Secure OS Successful
 NvTbootPackSdramParams: start. 
 NvTbootPackSdramParams: done. 
-Tegraboot started after 735139 us
-Basic modules init took 348797 us
-Sec Bootdevice Read Time = 203 ms, Read Size = 8459 KB
-Next stage binary read took 14373 us
-Carveout took 253011 us
-CPU initialization took 93109 us
-Total time taken by TegraBoot 709290 us
+Tegraboot started after 720047 us
+Basic modules init took 348679 us
+Sec Bootdevice Read Time = 202 ms, Read Size = 8459 KB
+Next stage binary read took 14368 us
+Carveout took 252724 us
+CPU initialization took 92318 us
+Total time taken by TegraBoot 708089 us
 
 Starting CPU & Halting co-processor 
 
-64b[0001.575] LPDDR4 Training: Number of tables = 10
+64b[0001.559] LPDDR4 Training: Number of tables = 10
 EMC Training (SRC-freq: 204000; DST-freq: 408000)
 EMC Training Successful
 EMC Training (SRC-freq: 204000; DST-freq: 665600)
@@ -108,7 +108,7 @@
 Tegra210 (P2371-0000) # 
 Tegra210 (P2371-0000) # ums 0 mmc 0
 UMS: disk start sector: 0x0, count: 0x1d5a000
-|/-\|/-\/-\|/-\/-\|/-\/-\|/-\/-\|/-\/-\|/-\/-\|/-\/-\|/-\/-\|/-\/-\|/-\/-\|/-\/-\CTRL+C - Operation aborted
+|/-\|/-\/-\|/-\/-\|/-\/-\|/-\/-\|/-\/-\|/-\/-\|/-\/-\|/-\/-\CTRL+C - Operation aborted
 Tegra210 (P2371-0000) # 
 Tegra210 (P2371-0000) # env set fdt_copy_node_names /cpus:/psci
 Tegra210 (P2371-0000) # setenv rootpart 1
@@ -117,11 +117,11 @@
 Tegra210 (P2371-0000) # part uuid ${devtype} ${devnum}:${rootpart} uuid
 Tegra210 (P2371-0000) # setenv bootargs ignore_loglevel console=ttyS0,115200n8 earlycon=uart8250,mmio32,0x70006000 rw root=/dev/mmcblk0p1 rootwait debug earlyprintk init=/bin/bash
 Tegra210 (P2371-0000) # load ${devtype} ${devnum}:${rootpart} ${kernel_addr_r} /boot/Image.defconfig
-11674624 bytes read in 736 ms (15.1 MiB/s)
+11674624 bytes read in 735 ms (15.1 MiB/s)
 Tegra210 (P2371-0000) # load ${devtype} ${devnum}:${rootpart} ${fdt_addr_r} /boot/tegra210-p2371-0000.dtb
-37136 bytes read in 454 ms (79.1 KiB/s)
+37136 bytes read in 453 ms (79.1 KiB/s)
 Tegra210 (P2371-0000) # load ${devtype} ${devnum}:${rootpart} ${ramdisk_addr_r} /boot/tegra-ramdisk.img
-1627787 bytes read in 496 ms (3.1 MiB/s)
+1627787 bytes read in 495 ms (3.1 MiB/s)
 Tegra210 (P2371-0000) # ramdisk_size=${filesize}
 Tegra210 (P2371-0000) # booti ${kernel_addr_r} - ${fdt_addr_r}
 ## Flattened Device Tree blob at 82000000
@@ -131,7 +131,7 @@
 Starting kernel ...
 
 Booting Linux on physical CPU 0x0
-Linux version 4.6.0-rc2+ (pwalmsley@tamien) (gcc version 4.9.2 20140904 (prerelease) (crosstool-NG linaro-1.13.1-4.9-2014.09 - Linaro GCC 4.9-2014.09) ) #1 SMP PREEMPT Sun Apr 3 07:36:00 PDT 2016
+Linux version 4.6.0-rc3+ (pwalmsley@tamien) (gcc version 4.9.2 20140904 (prerelease) (crosstool-NG linaro-1.13.1-4.9-2014.09 - Linaro GCC 4.9-2014.09) ) #1 SMP PREEMPT Sun Apr 10 18:35:55 PDT 2016
 Boot CPU: AArch64 Processor [411fd071]
 debug: ignoring loglevel setting.
 earlycon: uart8250 at MMIO32 0x0000000070006000 (options '')
@@ -259,7 +259,7 @@
 kvm [1]: timer IRQ3
 futex hash table entries: 1024 (order: 5, 131072 bytes)
 audit: initializing netlink subsys (disabled)
-audit: type=2000 audit(0.355:1): initialized
+audit: type=2000 audit(0.363:1): initialized
 workingset: timestamp_bits=44 max_order=20 bucket_order=0
 squashfs: version 4.0 (2009/01/31) Phillip Lougher
 NFS: Registering the id_resolver key type
Diff for ./tegra30-beaver/tegra30-beaver/multi_v7_defconfig_log.txt
--- /tmp/fooa	2016-04-10 18:41:37.842224003 -0700
+++ /tmp/foob	2016-04-10 18:41:37.846224003 -0700
@@ -39,9 +39,9 @@
 	 #################################################################
 	 #################################################################
 	 #################
-	 3.1 MiB/s
+	 3 MiB/s
 done
-Bytes transferred = 6918256 (699070 hex)
+Bytes transferred = 6918928 (699310 hex)
 Tegra30 (Beaver) # tftpboot 0x82000000 tegra30-beaver.dtb
 Using asx0 device
 TFTP from server 192.168.100.1; our IP address is 192.168.100.101
@@ -52,7 +52,7 @@
 done
 Bytes transferred = 51467 (c90b hex)
 Tegra30 (Beaver) # bootz 0x81000000 - 0x82000000
-Kernel image @ 0x81000000 [ 0x000000 - 0x699070 ]
+Kernel image @ 0x81000000 [ 0x000000 - 0x699310 ]
 ## Flattened Device Tree blob at 82000000
    Booting using the fdt blob at 0x82000000
    Loading Device Tree to 8fff0000, end 8ffff90a ... OK
@@ -60,7 +60,7 @@
 Starting kernel ...
 
 Booting Linux on physical CPU 0x0
-Linux version 4.6.0-rc2-82191-g9735a22 (pwalmsley@sellafield) (gcc version 4.7.3 20130328 (prerelease) (crosstool-NG linaro-1.13.1-4.7-2013.04-20130415 - Linaro GCC 2013.04) ) #1 SMP Sun Apr 3 07:34:13 PDT 2016
+Linux version 4.6.0-rc3-82540-gbf16200 (pwalmsley@sellafield) (gcc version 4.7.3 20130328 (prerelease) (crosstool-NG linaro-1.13.1-4.7-2013.04-20130415 - Linaro GCC 2013.04) ) #1 SMP Sun Apr 10 18:34:32 PDT 2016
 CPU: ARMv7 Processor [412fc099] revision 9 (ARMv7), cr=10c5387d
 CPU: PIPT / VIPT nonaliasing data cache, VIPT aliasing instruction cache
 Machine model: NVIDIA Tegra30 Beaver evaluation board
@@ -89,7 +89,7 @@
     lowmem  : 0xc0000000 - 0xf0000000   ( 768 MB)
     pkmap   : 0xbfe00000 - 0xc0000000   (   2 MB)
     modules : 0xbf000000 - 0xbfe00000   (  14 MB)
-      .text : 0xc0208000 - 0xc104fa5c   (14623 kB)
+      .text : 0xc0208000 - 0xc104fa48   (14623 kB)
       .init : 0xc1100000 - 0xc1300000   (2048 kB)
       .data : 0xc1300000 - 0xc141d400   (1141 kB)
        .bss : 0xc141f000 - 0xc1474558   ( 342 kB)
@@ -282,12 +282,12 @@
 sys_3v3_pexs: supplied by sys_3v3,vdd_3v3_alw
 tegra-pcie 3000.pcie-controller: probing port 0, using 2 lanes
 mmc1: new high speed MMC card at address 0001
+tegra-pcie 3000.pcie-controller: probing port 2, using 2 lanes
 mmcblk0: mmc1:0001 SEM16G 14.8 GiB 
 mmcblk0boot0: mmc1:0001 SEM16G partition 1 1.00 MiB
 mmcblk0boot1: mmc1:0001 SEM16G partition 2 1.00 MiB
 mmcblk0rpmb: mmc1:0001 SEM16G partition 3 128 KiB
 Primary GPT is invalid, using alternate GPT.
-tegra-pcie 3000.pcie-controller: probing port 2, using 2 lanes
  mmcblk0: p1 p2 p3 p4 p5
 tegra-pcie 3000.pcie-controller: link 2 down, retrying
 tegra-pcie 3000.pcie-controller: link 2 down, retrying
@@ -362,4 +362,5 @@
 Freeing unused kernel memory: 2048K (c1100000 - c1300000)
 bash: cannot set terminal process group (-1): Inappropriate ioctl for device
 bash: no job control in this shell
-root@(none):/# [    3.728977] usb 2-1: new high-speed USB device number 2 using tegra-ehci
+usb 2-1: new high-speed USB device number 2 using tegra-ehci
+root@(none):/# 
\ No newline at end of file
Diff for ./tegra30-beaver/tegra30-beaver/tegra_defconfig_log.txt
--- /tmp/fooa	2016-04-10 18:41:37.854224002 -0700
+++ /tmp/foob	2016-04-10 18:41:37.854224002 -0700
@@ -37,9 +37,9 @@
 	 #################################################################
 	 #################################################################
 	 #####################################
-	 3.3 MiB/s
+	 3.4 MiB/s
 done
-Bytes transferred = 5313296 (511310 hex)
+Bytes transferred = 5314096 (511630 hex)
 Tegra30 (Beaver) # tftpboot 0x82000000 tegra30-beaver.dtb
 Using asx0 device
 TFTP from server 192.168.100.1; our IP address is 192.168.100.101
@@ -50,7 +50,7 @@
 done
 Bytes transferred = 51467 (c90b hex)
 Tegra30 (Beaver) # bootz 0x81000000 - 0x82000000
-Kernel image @ 0x81000000 [ 0x000000 - 0x511310 ]
+Kernel image @ 0x81000000 [ 0x000000 - 0x511630 ]
 ## Flattened Device Tree blob at 82000000
    Booting using the fdt blob at 0x82000000
    Loading Device Tree to 8fff0000, end 8ffff90a ... OK
@@ -59,7 +59,7 @@
 
 Uncompressing Linux... done, booting the kernel.
 Booting Linux on physical CPU 0x0
-Linux version 4.6.0-rc2-82191-g9735a22 (pwalmsley@kaivo) (gcc version 4.7.3 20130328 (prerelease) (crosstool-NG linaro-1.13.1-4.7-2013.04-20130415 - Linaro GCC 2013.04) ) #1 SMP PREEMPT Sun Apr 3 07:34:07 PDT 2016
+Linux version 4.6.0-rc3-82540-gbf16200 (pwalmsley@kaivo) (gcc version 4.7.3 20130328 (prerelease) (crosstool-NG linaro-1.13.1-4.7-2013.04-20130415 - Linaro GCC 2013.04) ) #1 SMP PREEMPT Sun Apr 10 18:34:06 PDT 2016
 CPU: ARMv7 Processor [412fc099] revision 9 (ARMv7), cr=10c5387d
 CPU: PIPT / VIPT nonaliasing data cache, VIPT aliasing instruction cache
 Machine model: NVIDIA Tegra30 Beaver evaluation board
@@ -89,10 +89,10 @@
     lowmem  : 0xc0000000 - 0xf0000000   ( 768 MB)
     pkmap   : 0xbfe00000 - 0xc0000000   (   2 MB)
     modules : 0xbf000000 - 0xbfe00000   (  14 MB)
-      .text : 0xc0008000 - 0xc0ab222c   (10921 kB)
+      .text : 0xc0008000 - 0xc0ab2220   (10921 kB)
       .init : 0xc0b00000 - 0xc0c00000   (1024 kB)
       .data : 0xc0c00000 - 0xc0c5df80   ( 376 kB)
-       .bss : 0xc0c5f000 - 0xc0cb9a04   ( 363 kB)
+       .bss : 0xc0c5f000 - 0xc0cb9a44   ( 363 kB)
 Preemptible hierarchical RCU implementation.
 	Build-time adjustment of leaf fanout to 32.
 NR_IRQS:16 nr_irqs:16 16
@@ -360,7 +360,7 @@
 VFS: Mounted root (ext3 filesystem) on device 179:1.
 devtmpfs: mounted
 Freeing unused kernel memory: 1024K (c0b00000 - c0c00000)
-usb 2-1: new high-speed USB device number 2 using tegra-ehci
-bash: cannot set terminal process group (-1): Inappropriate ioctl for device
+bash: cannot set terminal process group (-1): Inappropri[    4.000631] usb 2-1: new high-speed USB device number 2 using tegra-ehci
+ate ioctl for device
 bash: no job control in this shell
 root@(none):/# 
\ No newline at end of file
