
U-Boot SPL 2014.01-00219-gc4d376f (Feb 18 2014 - 19:57:32)


U-Boot 2014.01-00219-gc4d376f (Feb 18 2014 - 19:57:32)

TEGRA114
Board: NVIDIA Dalmore
I2C:   ready
DRAM:  2 GiB
MMC:   Tegra SD/MMC: 0, Tegra SD/MMC: 1
In:    serial
Out:   serial
Err:   serial
Net:   Net Initialization Skipped
No ethernet found.
Hit any key to stop autoboot:  2  0 
Tegra114 (Dalmore) # 
Tegra114 (Dalmore) # usb reset
(Re)start USB...
USB0:   USB EHCI 1.10
scanning bus 0 for devices... 2 USB Device(s) found
       scanning usb for storage devices... 0 Storage Device(s) found
       scanning usb for ethernet devices... 
Warning: asx0 using MAC address from net device
1 Ethernet Device(s) found
Tegra114 (Dalmore) # setenv bootargs 'ignore_loglevel console=ttyS0,115200n8 rw root=PARTUUID=7369c667-ff51-ec4a-29cd-baabf2fbe346 rootwait gpt debug earlyprintk init=/bin/bash'
Tegra114 (Dalmore) # setenv ipaddr 192.168.100.100; setenv serverip 192.168.100.1; setenv tftpserverip 192.168.100.1
Tegra114 (Dalmore) # tftpboot 0x81000000 zImage.multi_v7_defconfig
Using asx0 device
TFTP from server 192.168.100.1; our IP address is 192.168.100.100
Filename 'zImage.multi_v7_defconfig'.
Load address: 0x81000000
Loading: *#################################################################
	 #################################################################
	 #################################################################
	 #################################################################
	 #################################################################
	 #################################################################
	 #################################################################
	 #################################################################
	 ##############################
	 3 MiB/s
done
Bytes transferred = 8065536 (7b1200 hex)
Tegra114 (Dalmore) # tftpboot 0x82000000 tegra114-dalmore.dtb
Using asx0 device
TFTP from server 192.168.100.1; our IP address is 192.168.100.100
Filename 'tegra114-dalmore.dtb'.
Load address: 0x82000000
Loading: *###
	 2.7 MiB/s
done
Bytes transferred = 34502 (86c6 hex)
Tegra114 (Dalmore) # bootz 0x81000000 - 0x82000000
Kernel image @ 0x81000000 [ 0x000000 - 0x7b1200 ]
## Flattened Device Tree blob at 82000000
   Booting using the fdt blob at 0x82000000
   Loading Device Tree to 8fff4000, end 8ffff6c5 ... OK

Starting kernel ...

[    0.000000] Booting Linux on physical CPU 0x0
[    0.000000] Linux version 4.15.0-rc7-335524-gb2cd1df66037 (jonathanh@tamien) (gcc version 4.7.3 20130328 (prerelease) (crosstool-NG linaro-1.13.1-4.7-2013.04-20130415 - Linaro GCC 2013.04)) #1 SMP Sun Jan 7 15:09:21 PST 2018
[    0.000000] CPU: ARMv7 Processor [412fc0f2] revision 2 (ARMv7), cr=10c5387d
[    0.000000] CPU: div instructions available: patching division code
[    0.000000] CPU: PIPT / VIPT nonaliasing data cache, PIPT instruction cache
[    0.000000] OF: fdt: Machine model: NVIDIA Tegra114 Dalmore evaluation board
[    0.000000] debug: ignoring loglevel setting.
[    0.000000] Memory policy: Data cache writealloc
[    0.000000] efi: Getting EFI parameters from FDT:
[    0.000000] efi: UEFI not found.
[    0.000000] cma: Reserved 64 MiB at 0xfb800000
[    0.000000] On node 0 totalpages: 524032
[    0.000000]   DMA zone: 1536 pages used for memmap
[    0.000000]   DMA zone: 0 pages reserved
[    0.000000]   DMA zone: 196608 pages, LIFO batch:31
[    0.000000]   HighMem zone: 327424 pages, LIFO batch:31
[    0.000000] random: fast init done
[    0.000000] percpu: Embedded 17 pages/cpu @(ptrval) s39104 r8192 d22336 u69632
[    0.000000] pcpu-alloc: s39104 r8192 d22336 u69632 alloc=17*4096
[    0.000000] pcpu-alloc: [0] 0 [0] 1 [0] 2 [0] 3 
[    0.000000] Built 1 zonelists, mobility grouping on.  Total pages: 522496
[    0.000000] Kernel command line: ignore_loglevel console=ttyS0,115200n8 rw root=PARTUUID=7369c667-ff51-ec4a-29cd-baabf2fbe346 rootwait gpt debug earlyprintk init=/bin/bash
[    0.000000] Dentry cache hash table entries: 131072 (order: 7, 524288 bytes)
[    0.000000] Inode-cache hash table entries: 65536 (order: 6, 262144 bytes)
[    0.000000] Memory: 1992548K/2096128K available (11264K kernel code, 1602K rwdata, 4296K rodata, 2048K init, 404K bss, 38044K reserved, 65536K cma-reserved, 1244160K highmem)
[    0.000000] Virtual kernel memory layout:
[    0.000000]     vector  : 0xffff0000 - 0xffff1000   (   4 kB)
[    0.000000]     fixmap  : 0xffc00000 - 0xfff00000   (3072 kB)
[    0.000000]     vmalloc : 0xf0800000 - 0xff800000   ( 240 MB)
[    0.000000]     lowmem  : 0xc0000000 - 0xf0000000   ( 768 MB)
[    0.000000]     pkmap   : 0xbfe00000 - 0xc0000000   (   2 MB)
[    0.000000]     modules : 0xbf000000 - 0xbfe00000   (  14 MB)
[    0.000000]       .text : 0x(ptrval) - 0x(ptrval)   (12256 kB)
[    0.000000]       .init : 0x(ptrval) - 0x(ptrval)   (2048 kB)
[    0.000000]       .data : 0x(ptrval) - 0x(ptrval)   (1603 kB)
[    0.000000]        .bss : 0x(ptrval) - 0x(ptrval)   ( 405 kB)
[    0.000000] SLUB: HWalign=64, Order=0-3, MinObjects=0, CPUs=4, Nodes=1
[    0.000000] Hierarchical RCU implementation.
[    0.000000] 	RCU event tracing is enabled.
[    0.000000] 	RCU restricting CPUs from NR_CPUS=16 to nr_cpu_ids=4.
[    0.000000] RCU: Adjusting geometry for rcu_fanout_leaf=16, nr_cpu_ids=4
[    0.000000] NR_IRQS: 16, nr_irqs: 16, preallocated irqs: 16
[    0.000000] /interrupt-controller@60004000: 160 interrupts forwarded to /interrupt-controller@50041000
[    0.000000] Tegra clk 127: register failed with -17
[    0.000008] sched_clock: 32 bits at 1000kHz, resolution 1000ns, wraps every 2147483647500ns
[    0.000027] clocksource: timer_us: mask: 0xffffffff max_cycles: 0xffffffff, max_idle_ns: 1911260446275 ns
[    0.000044] Switching to timer-based delay loop, resolution 1000ns
[    0.003289] arch_timer: cp15 timer(s) running at 12.00MHz (virt).
[    0.003308] clocksource: arch_sys_counter: mask: 0xffffffffffffff max_cycles: 0x2c47f4ee7, max_idle_ns: 440795202497 ns
[    0.003328] sched_clock: 56 bits at 12MHz, resolution 83ns, wraps every 4398046511096ns
[    0.003343] Switching to timer-based delay loop, resolution 83ns
[    0.003740] Console: colour dummy device 80x30
[    0.003778] Calibrating delay loop (skipped), value calculated using timer frequency.. 24.00 BogoMIPS (lpj=120000)
[    0.003796] pid_max: default: 32768 minimum: 301
[    0.003897] Mount-cache hash table entries: 2048 (order: 1, 8192 bytes)
[    0.003912] Mountpoint-cache hash table entries: 2048 (order: 1, 8192 bytes)
[    0.004441] CPU: Testing write buffer coherency: ok
[    0.004687] /cpus/cpu@0 missing clock-frequency property
[    0.004718] /cpus/cpu@1 missing clock-frequency property
[    0.004749] /cpus/cpu@2 missing clock-frequency property
[    0.004782] /cpus/cpu@3 missing clock-frequency property
[    0.004796] CPU0: thread -1, cpu 0, socket 0, mpidr 80000000
[    0.005110] Setting up static identity map for 0x80300000 - 0x803000a0
[    0.006360] Hierarchical SRCU implementation.
[    0.007729] Tegra Revision: A01 SKU: 0 CPU Process: 1 SoC Process: 0
[    0.008387] EFI services will not be available.
[    0.008547] smp: Bringing up secondary CPUs ...
[    0.009140] CPU1: thread -1, cpu 1, socket 0, mpidr 80000001
[    0.009825] CPU2: thread -1, cpu 2, socket 0, mpidr 80000002
[    0.010510] CPU3: thread -1, cpu 3, socket 0, mpidr 80000003
[    0.010614] smp: Brought up 1 node, 4 CPUs
[    0.010637] SMP: Total of 4 processors activated (96.00 BogoMIPS).
[    0.010646] CPU: All CPU(s) started in SVC mode.
[    0.012141] devtmpfs: initialized
[    0.020059] VFP support v0.3: implementor 41 architecture 4 part 30 variant f rev 0
[    0.020357] clocksource: jiffies: mask: 0xffffffff max_cycles: 0xffffffff, max_idle_ns: 19112604462750000 ns
[    0.020376] futex hash table entries: 1024 (order: 4, 65536 bytes)
[    0.021833] pinctrl core: initialized pinctrl subsystem
[    0.023151] DMI not present or invalid.
[    0.023443] NET: Registered protocol family 16
[    0.025676] DMA: preallocated 256 KiB pool for atomic coherent allocations
[    0.027669] cpuidle: using governor menu
[    0.049004] No ATAGs?
[    0.049134] hw-breakpoint: found 5 (+1 reserved) breakpoint and 4 watchpoint registers.
[    0.049151] hw-breakpoint: maximum watchpoint size is 8 bytes.
[    0.054739] Serial: AMBA PL011 UART driver
[    0.055657] tegra-mc 70019000.memory-controller: no memory timings for RAM code 3 registered
[    0.055790] iommu: Adding device reg-dummy to group 0
[    0.055827] iommu: Adding device 50000000.host1x to group 1
[    0.055863] iommu: Adding device 54140000.gr2d to group 2
[    0.055897] iommu: Adding device 54180000.gr3d to group 3
[    0.055967] iommu: Adding device 54200000.dc to group 4
[    0.056040] iommu: Adding device 54240000.dc to group 5
[    0.056083] iommu: Adding device 54280000.hdmi to group 6
[    0.056117] iommu: Adding device 54300000.dsi to group 7
[    0.056149] iommu: Adding device 60005000.timer to group 8
[    0.056181] iommu: Adding device 60007000.flow-controller to group 9
[    0.056215] iommu: Adding device 6000a000.dma to group 10
[    0.056249] iommu: Adding device 6000c000.ahb to group 11
[    0.056281] iommu: Adding device 6000d000.gpio to group 12
[    0.056313] iommu: Adding device 70000800.apbmisc to group 13
[    0.056350] iommu: Adding device 70000868.pinmux to group 14
[    0.056384] iommu: Adding device 70006300.serial to group 15
[    0.056416] iommu: Adding device 7000a000.pwm to group 16
[    0.056455] iommu: Adding device 7000c000.i2c to group 17
[    0.056489] iommu: Adding device 7000c700.i2c to group 18
[    0.056523] iommu: Adding device 7000d000.i2c to group 19
[    0.056555] iommu: Adding device 7000da00.spi to group 20
[    0.056591] iommu: Adding device 7000e000.rtc to group 21
[    0.056627] iommu: Adding device 7000e400.pmc to group 22
[    0.056661] iommu: Adding device 7000f800.fuse to group 23
[    0.056695] iommu: Adding device 70019000.memory-controller to group 24
[    0.056729] iommu: Adding device 70080000.ahub to group 25
[    0.056761] iommu: Adding device 700e3000.mipi to group 26
[    0.056795] iommu: Adding device 78000400.sdhci to group 27
[    0.056831] iommu: Adding device 78000600.sdhci to group 28
[    0.056864] iommu: Adding device 7d000000.usb to group 29
[    0.056898] iommu: Adding device 7d000000.usb-phy to group 30
[    0.056937] iommu: Adding device 7d008000.usb to group 31
[    0.056970] iommu: Adding device 7d008000.usb-phy to group 32
[    0.057002] iommu: Adding device timer to group 33
[    0.057034] iommu: Adding device backlight to group 34
[    0.057066] iommu: Adding device clocks to group 35
[    0.057099] iommu: Adding device gpio-keys to group 36
[    0.057132] iommu: Adding device regulators to group 37
[    0.057170] iommu: Adding device regulators:regulator@0 to group 38
[    0.057207] iommu: Adding device regulators:regulator@1 to group 39
[    0.057240] iommu: Adding device regulators:regulator@3 to group 40
[    0.057272] iommu: Adding device regulators:regulator@4 to group 41
[    0.057305] iommu: Adding device regulators:regulator@5 to group 42
[    0.057338] iommu: Adding device regulators:regulator@6 to group 43
[    0.057370] iommu: Adding device regulators:regulator@7 to group 44
[    0.057402] iommu: Adding device sound to group 45
[    0.071606] AT91: Could not find identification node
[    0.072089] dvdd_ts: Failed to request enable GPIO61: -517
[    0.072112] reg-fixed-voltage regulators:regulator@1: Failed to register regulator: -517
[    0.072218] usb1_vbus: Failed to request enable GPIO108: -517
[    0.072234] reg-fixed-voltage regulators:regulator@3: Failed to register regulator: -517
[    0.072338] usb2_vbus: Failed to request enable GPIO86: -517
[    0.072353] reg-fixed-voltage regulators:regulator@4: Failed to register regulator: -517
[    0.072772] VDD_5V0_HDMI_CON: Failed to request enable GPIO81: -517
[    0.072787] reg-fixed-voltage regulators:regulator@7: Failed to register regulator: -517
[    0.075235] vgaarb: loaded
[    0.075965] SCSI subsystem initialized
[    0.076138] libata version 3.00 loaded.
[    0.076341] usbcore: registered new interface driver usbfs
[    0.076392] usbcore: registered new interface driver hub
[    0.076466] usbcore: registered new device driver usb
[    0.079738] tps65090 2-0048: No cache defaults, reading back from HW
[    0.080741] iommu: Adding device tps65090-pmic to group 46
[    0.081679] TPS65090_RAILSDCDC1: supplied by vdd_ac_bat
[    0.082734] TPS65090_RAILSDCDC2: supplied by vdd_ac_bat
[    0.083787] TPS65090_RAILSDCDC3: supplied by vdd_ac_bat
[    0.084301] TPS65090_RAILSFET1: supplied by vdd_ac_bat
[    0.084660] TPS65090_RAILSFET2: supplied by vdd_ac_bat
[    0.085018] TPS65090_RAILSFET3: supplied by vdd-sys-3v3
[    0.085529] TPS65090_RAILSFET4: supplied by vdd-sys-3v3
[    0.086052] TPS65090_RAILSFET5: supplied by vdd-sys-3v3
[    0.086557] TPS65090_RAILSFET6: supplied by vdd-sys-3v3
[    0.087385] TPS65090_RAILSFET7: supplied by vdd-sys-3v3
[    0.087895] TPS65090_RAILSLDO1: supplied by vdd_ac_bat
[    0.088083] TPS65090_RAILSLDO2: supplied by vdd_ac_bat
[    0.088407] iommu: Adding device tps65090-charger to group 47
[    0.089016] palmas 2-0058: Irq flag is 0x00000004
[    0.090984] palmas 2-0058: Muxing GPIO ff, PWM 0, LED 0
[    0.091214] iommu: Adding device 7000d000.i2c:tps65913@58:gpio to group 48
[    0.091749] iommu: Adding device 7000d000.i2c:tps65913@58:pmic to group 49
[    0.093589] SMPS12: supplied by vdd-ao
[    0.094586] vdd_hdmi_5v0: supplied by vdd-sys-5v0
[    0.095402] SMPS3: supplied by vdd-ao
[    0.097122] SMPS457: supplied by vdd-sys-3v3
[    0.098749] SMPS6: supplied by regulator-dummy
[    0.100139] SMPS8: supplied by vdd-sys-3v3
[    0.101717] SMPS9: supplied by vdd-sys-3v3
[    0.102234] sdhci-vdd-sd-slot: Bringing 2840000uV into 2800000-2800000uV
[    0.103667] SMPS10_OUT2: supplied by regulator-dummy
[    0.104492] SMPS10_OUT1: supplied by regulator-dummy
[    0.105322] LDO1: supplied by vdd-sys-3v3
[    0.106425] LDO2: supplied by vdd-sys-3v3
[    0.107538] LDO3: supplied by vddio-1v8
[    0.108632] LDO4: supplied by vdd-sys-3v3
[    0.109734] LDO5: supplied by vdd_ac_bat
[    0.110409] LDO6: supplied by vdd-sys-3v3
[    0.110924] vdd-sensor-2v85: Bringing 2900000uV into 2850000-2850000uV
[    0.112245] LDO7: supplied by vdd-sys-3v3
[    0.113894] LDO8: supplied by vdd-ao
[    0.114425] vdd-rtc: Bringing 675000uV into 900000-900000uV
[    0.124013] LDO9: supplied by sdhci-vdd-sd-slot
[    0.134335] LDOLN: supplied by vdd-sys-5v0
[    0.135445] LDOUSB: supplied by vdd-sys-5v0
[    0.145767] iommu: Adding device 7000d000.i2c:tps65913@58:rtc to group 50
[    0.146178] iommu: Adding device 7000d000.i2c:tps65913@58:pinmux to group 51
[    0.146743] pps_core: LinuxPPS API ver. 1 registered
[    0.146754] pps_core: Software ver. 5.3.6 - Copyright 2005-2007 Rodolfo Giometti <giometti@linux.it>
[    0.146777] PTP clock support registered
[    0.146964] EDAC MC: Ver: 3.0.0
[    0.147244] dmi: Firmware registration failed.
[    0.149047] clocksource: Switched to clocksource arch_sys_counter
[    0.200065] NET: Registered protocol family 2
[    0.200565] TCP established hash table entries: 8192 (order: 3, 32768 bytes)
[    0.200666] TCP bind hash table entries: 8192 (order: 4, 65536 bytes)
[    0.200854] TCP: Hash tables configured (established 8192 bind 8192)
[    0.200941] UDP hash table entries: 512 (order: 2, 16384 bytes)
[    0.200986] UDP-Lite hash table entries: 512 (order: 2, 16384 bytes)
[    0.201146] NET: Registered protocol family 1
[    0.201526] RPC: Registered named UNIX socket transport module.
[    0.201537] RPC: Registered udp transport module.
[    0.201546] RPC: Registered tcp transport module.
[    0.201555] RPC: Registered tcp NFSv4.1 backchannel transport module.
[    0.201569] PCI: CLS 0 bytes, default 64
[    0.202990] iommu: Adding device alarmtimer to group 52
[    0.203709] Initialise system trusted keyrings
[    0.203844] workingset: timestamp_bits=30 max_order=19 bucket_order=0
[    0.209969] squashfs: version 4.0 (2009/01/31) Phillip Lougher
[    0.210569] NFS: Registering the id_resolver key type
[    0.210590] Key type id_resolver registered
[    0.210600] Key type id_legacy registered
[    0.210643] ntfs: driver 2.1.32 [Flags: R/O].
[    0.212071] Key type asymmetric registered
[    0.212082] Asymmetric key parser 'x509' registered
[    0.212135] bounce: pool size: 64 pages
[    0.212184] Block layer SCSI generic (bsg) driver version 0.4 loaded (major 247)
[    0.212196] io scheduler noop registered
[    0.212206] io scheduler deadline registered
[    0.212427] io scheduler cfq registered (default)
[    0.212438] io scheduler mq-deadline registered
[    0.212448] io scheduler kyber registered
[    0.244685] tegra-apbdma 6000a000.dma: Tegra20 APB DMA driver register 32 channels
[    0.247597] tegra-pmc 7000e400.pmc: i2c-thermtrip node not found, emergency thermal reset disabled.
[    0.299507] Serial: 8250/16550 driver, 4 ports, IRQ sharing disabled
[    0.299611] iommu: Adding device serial8250 to group 53
[    0.302205] console [ttyS0] disabled
[    0.302247] 70006300.serial: ttyS0 at MMIO 0x70006300 (irq = 329, base_baud = 25500000) is a Tegra
[    1.617444] console [ttyS0] enabled
[    1.621718] SuperH (H)SCI(F) driver initialized
[    1.627235] msm_serial: driver initialized
[    1.631526] STMicroelectronics ASC driver initialized
[    1.658523] tegra-hdmi 54280000.hdmi: failed to get HDMI regulator
[    1.680541] brd: module loaded
[    1.690303] loop: module loaded
[    1.710674] m25p80 spi0.0: w25q32dw (4096 Kbytes)
[    1.717560] iommu: Adding device Fixed MDIO bus.0 to group 54
[    1.723761] libphy: Fixed MDIO Bus: probed
[    1.728876] CAN device driver interface
[    1.733632] bgmac_bcma: Broadcom 47xx GBit MAC driver loaded
[    1.740513] e1000e: Intel(R) PRO/1000 Network Driver - 3.2.6-k
[    1.746336] e1000e: Copyright(c) 1999 - 2015 Intel Corporation.
[    1.752314] igb: Intel(R) Gigabit Ethernet Network Driver - version 5.4.0-k
[    1.759278] igb: Copyright (c) 2007-2014 Intel Corporation.
[    1.768372] pegasus: v0.9.3 (2013/04/25), Pegasus/Pegasus II USB Ethernet driver
[    1.775821] usbcore: registered new interface driver pegasus
[    1.781532] usbcore: registered new interface driver asix
[    1.786955] usbcore: registered new interface driver ax88179_178a
[    1.793089] usbcore: registered new interface driver cdc_ether
[    1.798955] usbcore: registered new interface driver smsc75xx
[    1.804749] usbcore: registered new interface driver smsc95xx
[    1.810534] usbcore: registered new interface driver net1080
[    1.816218] usbcore: registered new interface driver cdc_subset
[    1.822173] usbcore: registered new interface driver zaurus
[    1.827783] usbcore: registered new interface driver cdc_ncm
[    1.833675] tegra-phy 7d000000.usb-phy: no vbus regulator
[    1.841103] ehci_hcd: USB 2.0 'Enhanced' Host Controller (EHCI) Driver
[    1.847623] ehci-pci: EHCI PCI platform driver
[    1.852116] ehci-platform: EHCI generic platform driver
[    1.857523] ehci-orion: EHCI orion driver
[    1.861685] SPEAr-ehci: EHCI SPEAr driver
[    1.865821] ehci-st: EHCI STMicroelectronics driver
[    1.870838] ehci-exynos: EHCI EXYNOS driver
[    1.875156] ehci-atmel: EHCI Atmel driver
[    1.879299] tegra-ehci: Tegra EHCI driver
[    1.883605] ohci_hcd: USB 1.1 'Open' Host Controller (OHCI) Driver
[    1.889806] ohci-pci: OHCI PCI platform driver
[    1.894278] ohci-platform: OHCI generic platform driver
[    1.899678] SPEAr-ohci: OHCI SPEAr driver
[    1.903811] ohci-st: OHCI STMicroelectronics driver
[    1.908815] ohci-atmel: OHCI Atmel driver
[    1.913536] usbcore: registered new interface driver usb-storage
[    1.923631] iommu: Adding device ci_hdrc.0 to group 55
[    1.937421] palmas-rtc 7000d000.i2c:tps65913@58:rtc: rtc core: registered 7000d000.i2c:tps65913@58:rtc as rtc0
[    1.949285] tegra_rtc 7000e000.rtc: rtc core: registered 7000e000.rtc as rtc1
[    1.956454] tegra_rtc 7000e000.rtc: Tegra internal Real Time Clock
[    1.963168] i2c /dev entries driver
[    1.973131] sbs-battery 0-000b: sbs_probe: Failed to get device status
[    1.979688] sbs-battery: probe of 0-000b failed with error -121
[    1.996053] sdhci: Secure Digital Host Controller Interface driver
[    2.002258] sdhci: Copyright(c) Pierre Ossman
[    2.008145] Synopsys Designware Multimedia Card Interface Driver
[    2.015532] sdhci-pltfm: SDHCI platform and OF driver helper
[    2.021953] sdhci-tegra 78000400.sdhci: Got CD GPIO
[    2.026843] sdhci-tegra 78000400.sdhci: Got WP GPIO
[    2.039972] mmc0: Invalid maximum block size, assuming 512 bytes
[    2.109196] mmc0: SDHCI controller on 78000400.sdhci [78000400.sdhci] using ADMA
[    2.125900] mmc1: Invalid maximum block size, assuming 512 bytes
[    2.189089] mmc1: SDHCI controller on 78000600.sdhci [78000600.sdhci] using ADMA
[    2.198540] ledtrig-cpu: registered to indicate activity on CPUs
[    2.204845] usbcore: registered new interface driver usbhid
[    2.210431] usbhid: USB HID core driver
[    2.218153] NET: Registered protocol family 10
[    2.223439] Segment Routing with IPv6
[    2.227173] sit: IPv6, IPv4 and MPLS over IPv4 tunneling driver
[    2.233642] NET: Registered protocol family 17
[    2.238088] can: controller area network core (rev 20170425 abi 9)
[    2.244344] NET: Registered protocol family 29
[    2.248784] can: raw protocol (rev 20170425)
[    2.253074] can: broadcast manager protocol (rev 20170425 t)
[    2.258732] can: netlink gateway (rev 20170425) max_hops=1
[    2.264516] Key type dns_resolver registered
[    2.269299] ThumbEE CPU extension supported.
[    2.273571] Registering SWP/SWPB emulation handler
[    2.279416] Loading compiled-in X.509 certificates
[    2.296176] mmc0: new high speed SDHC card at address aaaa
[    2.298794] usb1_vbus: supplied by vdd-sys-5v0
[    2.299851] usb2_vbus: supplied by vdd-sys-5v0
[    2.303280] VDD_5V0_HDMI_CON: supplied by vdd-sys-5v0
[    2.308642] [drm] Supports vblank timestamp caching Rev 2 (21.10.2013).
[    2.308646] [drm] No driver support for vblank timestamp query.
[    2.329097] mmcblk0: mmc0:aaaa SL16G 14.8 GiB 
[    2.351916] mmc1: new high speed MMC card at address 0001
[    2.352721] mmcblk1: mmc1:0001 SEM32G 29.1 GiB 
[    2.353413] mmcblk1boot0: mmc1:0001 SEM32G partition 1 4.00 MiB
[    2.354113] mmcblk1boot1: mmc1:0001 SEM32G partition 2 4.00 MiB
[    2.354298] mmcblk1rpmb: mmc1:0001 SEM32G partition 3 4.00 MiB, chardev (237:0)
[    2.354970]  mmcblk0: p1 p2 p3
[    2.358751]  mmcblk1: p1 p2 p3 p4 p5 p6 p7 p8
[    2.405519] Console: switching to colour frame buffer device 240x75
[    2.481603] drm drm: fb0:  frame buffer device
[    2.486152] [drm] Initialized tegra 0.0.0 20120330 for drm on minor 0
[    2.495937] tegra-ehci 7d008000.usb: EHCI Host Controller
[    2.501406] tegra-ehci 7d008000.usb: new USB bus registered, assigned bus number 1
[    2.509662] tegra-ehci 7d008000.usb: irq 340, io mem 0x7d008000
[    2.539183] tegra-ehci 7d008000.usb: USB 2.0 started, EHCI 1.10
[    2.546249] hub 1-0:1.0: USB hub found
[    2.550115] hub 1-0:1.0: 1 port detected
[    2.555878] input: gpio-keys as /devices/soc0/gpio-keys/input/input0
[    2.564833] palmas-rtc 7000d000.i2c:tps65913@58:rtc: setting system clock to 2000-05-31 06:13:25 UTC (959753605)
[    2.580939] dvdd_ts: disabling
[    2.583997] usb1_vbus: disabling
[    2.587224] vdd_cam_1v8_reg: disabling
[    2.592751] EXT4-fs (mmcblk1p1): mounting ext3 file system using the ext4 subsystem
[    2.679942] EXT4-fs (mmcblk1p1): recovery complete
[    2.686116] EXT4-fs (mmcblk1p1): mounted filesystem with ordered data mode. Opts: (null)
[    2.694318] VFS: Mounted root (ext3 filesystem) on device 179:17.
[    2.704851] devtmpfs: mounted
[    2.709781] Freeing unused kernel memory: 2048K
bash: cannot set terminal process group (-1): Inappropriate ioctl for device
bash: no job control in this shell
root@(none):/# [    2.919203] usb 1-1: new high-speed USB device number 2 using tegra-ehci
[    3.603756] asix 1-1:1.0 eth0: register 'asix' at usb-7d008000.usb-1, ASIX AX88772 USB 2.0 Ethernet, 00:50:b6:0d:b5:16
