
U-Boot SPL 2014.01-00219-gc4d376f (Feb 18 2014 - 19:57:18)


U-Boot 2014.01-00219-gc4d376f (Feb 18 2014 - 19:57:18)

TEGRA30
Board: NVIDIA Beaver
I2C:   ready
DRAM:  2 GiB
MMC:   Tegra SD/MMC: 0, Tegra SD/MMC: 1
In:    serial
Out:   serial
Err:   serial
Net:   Net Initialization Skipped
No ethernet found.
Hit any key to stop autoboot:  2  0 
Tegra30 (Beaver) # 
Tegra30 (Beaver) # usb reset
(Re)start USB...
USB0:   USB EHCI 1.00
scanning bus 0 for devices... 2 USB Device(s) found
       scanning usb for storage devices... 0 Storage Device(s) found
       scanning usb for ethernet devices... 
Warning: asx0 using MAC address from net device
1 Ethernet Device(s) found
Tegra30 (Beaver) # setenv bootargs 'ignore_loglevel console=ttyS0,115200n8 rw root=/dev/mmcblk0p1 rootwait gpt debug noinitrd earlyprintk init=/bin/bash'
Tegra30 (Beaver) # setenv ipaddr 192.168.100.101; setenv serverip 192.168.100.1; setenv tftpserverip 192.168.100.1
Tegra30 (Beaver) # tftpboot 0x81000000 zImage.multi_v7_defconfig
Using asx0 device
TFTP from server 192.168.100.1; our IP address is 192.168.100.101
Filename 'zImage.multi_v7_defconfig'.
Load address: 0x81000000
Loading: *#################################################################
	 #################################################################
	 #################################################################
	 #################################################################
	 #################################################################
	 #################################################################
	 ########################################################
	 3.4 MiB/s
done
Bytes transferred = 6543896 (63da18 hex)
Tegra30 (Beaver) # tftpboot 0x82000000 tegra30-beaver.dtb
Using asx0 device
TFTP from server 192.168.100.1; our IP address is 192.168.100.101
Filename 'tegra30-beaver.dtb'.
Load address: 0x82000000
Loading: *####
	 3.3 MiB/s
done
Bytes transferred = 51467 (c90b hex)
Tegra30 (Beaver) # bootz 0x81000000 - 0x82000000
Kernel image @ 0x81000000 [ 0x000000 - 0x63da18 ]
## Flattened Device Tree blob at 82000000
   Booting using the fdt blob at 0x82000000
   Loading Device Tree to 8fff0000, end 8ffff90a ... OK

Starting kernel ...

[    0.000000] Booting Linux on physical CPU 0x0
[    0.000000] Linux version 4.4.0-rc5-55253-g9f9499a (pwalmsley@sellafield) (gcc version 4.7.3 20130328 (prerelease) (crosstool-NG linaro-1.13.1-4.7-2013.04-20130415 - Linaro GCC 2013.04) ) #1 SMP Sun Dec 13 18:03:30 PST 2015
[    0.000000] CPU: ARMv7 Processor [412fc099] revision 9 (ARMv7), cr=10c5387d
[    0.000000] CPU: PIPT / VIPT nonaliasing data cache, VIPT aliasing instruction cache
[    0.000000] Machine model: NVIDIA Tegra30 Beaver evaluation board
[    0.000000] debug: ignoring loglevel setting.
[    0.000000] cma: Reserved 64 MiB at 0xfb800000
[    0.000000] Memory policy: Data cache writealloc
[    0.000000] On node 0 totalpages: 524032
[    0.000000] free_area_init_node: node 0, pgdat c0fc43c0, node_mem_map eeff8000
[    0.000000]   DMA zone: 1536 pages used for memmap
[    0.000000]   DMA zone: 0 pages reserved
[    0.000000]   DMA zone: 196608 pages, LIFO batch:31
[    0.000000]   HighMem zone: 327424 pages, LIFO batch:31
[    0.000000] PERCPU: Embedded 12 pages/cpu @eef93000 s19136 r8192 d21824 u49152
[    0.000000] pcpu-alloc: s19136 r8192 d21824 u49152 alloc=12*4096
[    0.000000] pcpu-alloc: [0] 0 [0] 1 [0] 2 [0] 3 
[    0.000000] Built 1 zonelists in Zone order, mobility grouping on.  Total pages: 522496
[    0.000000] Kernel command line: ignore_loglevel console=ttyS0,115200n8 rw root=/dev/mmcblk0p1 rootwait gpt debug noinitrd earlyprintk init=/bin/bash
[    0.000000] PID hash table entries: 4096 (order: 2, 16384 bytes)
[    0.000000] Dentry cache hash table entries: 131072 (order: 7, 524288 bytes)
[    0.000000] Inode-cache hash table entries: 65536 (order: 6, 262144 bytes)
[    0.000000] Memory: 1998504K/2096128K available (8243K kernel code, 1040K rwdata, 3736K rodata, 1048K init, 340K bss, 32088K reserved, 65536K cma-reserved, 1244160K highmem)
[    0.000000] Virtual kernel memory layout:
[    0.000000]     vector  : 0xffff0000 - 0xffff1000   (   4 kB)
[    0.000000]     fixmap  : 0xffc00000 - 0xfff00000   (3072 kB)
[    0.000000]     vmalloc : 0xf0800000 - 0xff800000   ( 240 MB)
[    0.000000]     lowmem  : 0xc0000000 - 0xf0000000   ( 768 MB)
[    0.000000]     pkmap   : 0xbfe00000 - 0xc0000000   (   2 MB)
[    0.000000]     modules : 0xbf000000 - 0xbfe00000   (  14 MB)
[    0.000000]       .text : 0xc0208000 - 0xc0dbbccc   (11984 kB)
[    0.000000]       .init : 0xc0dbc000 - 0xc0ec2000   (1048 kB)
[    0.000000]       .data : 0xc0ec2000 - 0xc0fc6320   (1041 kB)
[    0.000000]        .bss : 0xc0fc9000 - 0xc101e3e8   ( 341 kB)
[    0.000000] SLUB: HWalign=64, Order=0-3, MinObjects=0, CPUs=4, Nodes=1
[    0.000000] Hierarchical RCU implementation.
[    0.000000] 	Build-time adjustment of leaf fanout to 32.
[    0.000000] 	RCU restricting CPUs from NR_CPUS=16 to nr_cpu_ids=4.
[    0.000000] RCU: Adjusting geometry for rcu_fanout_leaf=32, nr_cpu_ids=4
[    0.000000] NR_IRQS:16 nr_irqs:16 16
[    0.000000] /interrupt-controller@60004000: 160 interrupts forwarded to /interrupt-controller@50041000
[    0.000000] L2C: platform modifies aux control register: 0x02080000 -> 0x3e480001
[    0.000000] L2C: DT/platform modifies aux control register: 0x02080000 -> 0x3e480001
[    0.000000] L2C-310 erratum 769419 enabled
[    0.000000] L2C-310 enabling early BRESP for Cortex-A9
[    0.000000] L2C-310: enabling full line of zeros but not enabled in Cortex-A9
[    0.000000] L2C-310 dynamic clock gating enabled, standby mode enabled
[    0.000000] L2C-310 cache controller enabled, 8 ways, 1024 kB
[    0.000000] L2C-310: CACHE_ID 0x410000c7, AUX_CTRL 0x4e480001
[    0.000015] sched_clock: 32 bits at 1000kHz, resolution 1000ns, wraps every 2147483647500ns
[    0.000033] clocksource: timer_us: mask: 0xffffffff max_cycles: 0xffffffff, max_idle_ns: 1911260446275 ns
[    0.000042] Switching to timer-based delay loop, resolution 1000ns
[    0.002744] Console: colour dummy device 80x30
[    0.002767] Calibrating delay loop (skipped), value calculated using timer frequency.. 2.00 BogoMIPS (lpj=5000)
[    0.002777] pid_max: default: 32768 minimum: 301
[    0.002863] Mount-cache hash table entries: 2048 (order: 1, 8192 bytes)
[    0.002870] Mountpoint-cache hash table entries: 2048 (order: 1, 8192 bytes)
[    0.003289] CPU: Testing write buffer coherency: ok
[    0.003588] CPU0: thread -1, cpu 0, socket 0, mpidr 80000000
[    0.003660] Setting up static identity map for 0x80209000 - 0x80209098
[    0.005943] Tegra Revision: A03 SKU: 128 CPU Process: 4 SoC Process: 0
[    0.007177] CPU1: thread -1, cpu 1, socket 0, mpidr 80000001
[    0.007818] CPU2: thread -1, cpu 2, socket 0, mpidr 80000002
[    0.008450] CPU3: thread -1, cpu 3, socket 0, mpidr 80000003
[    0.008488] Brought up 4 CPUs
[    0.008500] SMP: Total of 4 processors activated (8.00 BogoMIPS).
[    0.008505] CPU: All CPU(s) started in SVC mode.
[    0.009082] devtmpfs: initialized
[    0.017119] VFP support v0.3: implementor 41 architecture 3 part 30 variant 9 rev 4
[    0.017812] clocksource: jiffies: mask: 0xffffffff max_cycles: 0xffffffff, max_idle_ns: 9556302231375000 ns
[    0.021301] pinctrl core: initialized pinctrl subsystem
[    0.022777] NET: Registered protocol family 16
[    0.025626] DMA: preallocated 256 KiB pool for atomic coherent allocations
[    0.039934] cpuidle: using governor ladder
[    0.054925] cpuidle: using governor menu
[    0.063066] No ATAGs?
[    0.063098] hw-breakpoint: found 5 (+1 reserved) breakpoint and 1 watchpoint registers.
[    0.063105] hw-breakpoint: maximum watchpoint size is 4 bytes.
[    0.065812] Serial: AMBA PL011 UART driver
[    0.066878] tegra-mc 7000f000.memory-controller: no memory timings for RAM code 3 registered
[    0.087874] vdd_5v_sata: Failed to request enable GPIO30: -517
[    0.087941] reg-fixed-voltage regulators:regulator@3: Failed to register regulator: -517
[    0.088046] usb1_vbus: Failed to request enable GPIO238: -517
[    0.088096] reg-fixed-voltage regulators:regulator@4: Failed to register regulator: -517
[    0.088198] usb3_vbus: Failed to request enable GPIO236: -517
[    0.088247] reg-fixed-voltage regulators:regulator@5: Failed to register regulator: -517
[    0.088398] sys_3v3_pexs: Failed to request enable GPIO95: -517
[    0.088449] reg-fixed-voltage regulators:regulator@7: Failed to register regulator: -517
[    0.090478] vgaarb: loaded
[    0.091027] SCSI subsystem initialized
[    0.091174] libata version 3.00 loaded.
[    0.091351] usbcore: registered new interface driver usbfs
[    0.091388] usbcore: registered new interface driver hub
[    0.091425] usbcore: registered new device driver usb
[    0.146716] pps_core: LinuxPPS API ver. 1 registered
[    0.146726] pps_core: Software ver. 5.3.6 - Copyright 2005-2007 Rodolfo Giometti <giometti@linux.it>
[    0.146740] PTP clock support registered
[    0.146884] EDAC MC: Ver: 3.0.0
[    0.148436] clocksource: Switched to clocksource timer_us
[    0.154382] NET: Registered protocol family 2
[    0.154776] TCP established hash table entries: 8192 (order: 3, 32768 bytes)
[    0.154832] TCP bind hash table entries: 8192 (order: 4, 65536 bytes)
[    0.154914] TCP: Hash tables configured (established 8192 bind 8192)
[    0.155003] UDP hash table entries: 512 (order: 2, 16384 bytes)
[    0.155058] UDP-Lite hash table entries: 512 (order: 2, 16384 bytes)
[    0.155240] NET: Registered protocol family 1
[    0.155473] RPC: Registered named UNIX socket transport module.
[    0.155480] RPC: Registered udp transport module.
[    0.155484] RPC: Registered tcp transport module.
[    0.155488] RPC: Registered tcp NFSv4.1 backchannel transport module.
[    0.155502] PCI: CLS 0 bytes, default 64
[    0.156292] hw perfevents: enabled with armv7_cortex_a9 PMU driver, 7 counters available
[    0.157226] futex hash table entries: 1024 (order: 4, 65536 bytes)
[    0.163258] squashfs: version 4.0 (2009/01/31) Phillip Lougher
[    0.163753] NFS: Registering the id_resolver key type
[    0.163789] Key type id_resolver registered
[    0.163794] Key type id_legacy registered
[    0.163843] ntfs: driver 2.1.32 [Flags: R/O].
[    0.164632] bounce: pool size: 64 pages
[    0.164752] Block layer SCSI generic (bsg) driver version 0.4 loaded (major 249)
[    0.164764] io scheduler noop registered
[    0.164771] io scheduler deadline registered
[    0.164793] io scheduler cfq registered (default)
[    0.170009] tegra30-pinctrl 70000868.pinmux: invalid group "sdmmc3_dat6_pd3" for function "rsvd1"
[    0.170024] tegra30-pinctrl 70000868.pinmux: invalid group "sdmmc3_dat7_pd4" for function "rsvd1"
[    0.170039] tegra30-pinctrl 70000868.pinmux: invalid group "vi_vsync_pd6" for function "rsvd1"
[    0.170049] tegra30-pinctrl 70000868.pinmux: invalid group "vi_hsync_pd7" for function "rsvd1"
[    0.170489] tegra30-pinctrl 70000868.pinmux: invalid group "hdmi_int_pn7" for function "rsvd1"
[    0.170532] tegra30-pinctrl 70000868.pinmux: invalid group "ulpi_data3_po4" for function "rsvd1"
[    0.170848] tegra30-pinctrl 70000868.pinmux: invalid group "vi_d10_pt2" for function "rsvd1"
[    0.170860] tegra30-pinctrl 70000868.pinmux: invalid group "vi_d11_pt3" for function "rsvd1"
[    0.170873] tegra30-pinctrl 70000868.pinmux: invalid group "vi_d0_pt4" for function "rsvd1"
[    0.170919] tegra30-pinctrl 70000868.pinmux: invalid group "pu0" for function "rsvd1"
[    0.170948] tegra30-pinctrl 70000868.pinmux: invalid group "pu3" for function "rsvd1"
[    0.170978] tegra30-pinctrl 70000868.pinmux: invalid group "pu6" for function "rsvd1"
[    0.171017] tegra30-pinctrl 70000868.pinmux: invalid group "pv3" for function "rsvd1"
[    0.171484] tegra30-pinctrl 70000868.pinmux: invalid group "pbb0" for function "rsvd1"
[    0.171593] tegra30-pinctrl 70000868.pinmux: invalid group "pcc1" for function "rsvd1"
[    0.175753] tegra-pcie 3000.pcie-controller: 2x3 configuration
[    0.175867] vdd_1v5_gen: supplied by vdd_5v_in
[    0.175912] vdd_pexa,vdd_pexb: supplied by vdd_1v5_gen
[    0.176016] tegra-pcie 3000.pcie-controller: Failed to get supply 'hvdd-pex': -517
[    0.179828] tegra-apbdma 6000a000.dma: Tegra20 APB DMA driver register 32 channels
[    0.180661] tegra-pmc 7000e400.pmc: i2c-thermtrip node not found, emergency thermal reset disabled.
[    0.211829] Serial: 8250/16550 driver, 4 ports, IRQ sharing disabled
[    0.213386] SuperH (H)SCI(F) driver initialized
[    0.213971] msm_serial: driver initialized
[    0.214618] console [ttyS0] disabled
[    0.214656] 70006000.serial: ttyS0 at MMIO 0x70006000 (irq = 331, base_baud = 25500000) is a Tegra
[    1.141756] console [ttyS0] enabled
[    1.145716] STMicroelectronics ASC driver initialized
[    1.152252] [drm] Initialized drm 1.1.0 20060810
[    1.158366] tegra-hdmi 54280000.hdmi: failed to get HDMI regulator
[    1.169734] loop: module loaded
[    1.177375] m25p80 spi32766.1: w25q32 (4096 Kbytes)
[    1.182271] spi32766.1: 'partitions' subnode not found on /spi@7000da00/spi-flash@1. Trying to parse direct subnodes as partitions.
[    1.195747] libphy: Fixed MDIO Bus: probed
[    1.200219] CAN device driver interface
[    1.204840] igb: Intel(R) Gigabit Ethernet Network Driver - version 5.3.0-k
[    1.211796] igb: Copyright (c) 2007-2014 Intel Corporation.
[    1.219068] pegasus: v0.9.3 (2013/04/25), Pegasus/Pegasus II USB Ethernet driver
[    1.226502] usbcore: registered new interface driver pegasus
[    1.232196] usbcore: registered new interface driver asix
[    1.237617] usbcore: registered new interface driver ax88179_178a
[    1.243728] usbcore: registered new interface driver cdc_ether
[    1.249588] usbcore: registered new interface driver smsc75xx
[    1.255361] usbcore: registered new interface driver smsc95xx
[    1.261125] usbcore: registered new interface driver net1080
[    1.266803] usbcore: registered new interface driver cdc_subset
[    1.272746] usbcore: registered new interface driver zaurus
[    1.278372] usbcore: registered new interface driver cdc_ncm
[    1.285321] ehci_hcd: USB 2.0 'Enhanced' Host Controller (EHCI) Driver
[    1.291852] ehci-pci: EHCI PCI platform driver
[    1.296321] ehci-platform: EHCI generic platform driver
[    1.301665] ehci-omap: OMAP-EHCI Host Controller driver
[    1.306964] ehci-orion: EHCI orion driver
[    1.311047] SPEAr-ehci: EHCI SPEAr driver
[    1.315133] ehci-st: EHCI STMicroelectronics driver
[    1.320084] ehci-exynos: EHCI EXYNOS driver
[    1.324360] ehci-atmel: EHCI Atmel driver
[    1.328446] tegra-ehci: Tegra EHCI driver
[    1.332766] ohci_hcd: USB 1.1 'Open' Host Controller (OHCI) Driver
[    1.338954] ohci-pci: OHCI PCI platform driver
[    1.343429] ohci-platform: OHCI generic platform driver
[    1.348747] ohci-omap3: OHCI OMAP3 driver
[    1.352820] SPEAr-ohci: OHCI SPEAr driver
[    1.356913] ohci-st: OHCI STMicroelectronics driver
[    1.361864] ohci-atmel: OHCI Atmel driver
[    1.366170] usbcore: registered new interface driver usb-storage
[    1.373088] mousedev: PS/2 mouse device common for all mice
[    1.380813] tegra_rtc 7000e000.rtc: rtc core: registered 7000e000.rtc as rtc1
[    1.387981] tegra_rtc 7000e000.rtc: Tegra internal Real Time Clock
[    1.406665] tps65910-rtc tps65910-rtc: rtc core: registered tps65910-rtc as rtc0
[    1.414269] i2c /dev entries driver
[    1.422910] sdhci: Secure Digital Host Controller Interface driver
[    1.429092] sdhci: Copyright(c) Pierre Ossman
[    1.434311] Synopsys Designware Multimedia Card Interface Driver
[    1.440935] sdhci-pltfm: SDHCI platform and OF driver helper
[    1.447097] sdhci-tegra 78000000.sdhci: Got CD GPIO
[    1.451984] sdhci-tegra 78000000.sdhci: Got WP GPIO
[    1.457993] sdhci-tegra 78000000.sdhci: No vmmc regulator found
[    1.463911] sdhci-tegra 78000000.sdhci: No vqmmc regulator found
[    1.469909] mmc0: Invalid maximum block size, assuming 512 bytes
[    1.508513] mmc0: SDHCI controller on 78000000.sdhci [78000000.sdhci] using ADMA
[    1.517095] sdhci-tegra 78000600.sdhci: No vmmc regulator found
[    1.523015] sdhci-tegra 78000600.sdhci: No vqmmc regulator found
[    1.529015] mmc1: Invalid maximum block size, assuming 512 bytes
[    1.568441] mmc1: SDHCI controller on 78000600.sdhci [78000600.sdhci] using ADMA
[    1.576856] ledtrig-cpu: registered to indicate activity on CPUs
[    1.582997] usbcore: registered new interface driver usbhid
[    1.588564] usbhid: USB HID core driver
[    1.595107] NET: Registered protocol family 10
[    1.600081] sit: IPv6 over IPv4 tunneling driver
[    1.605148] NET: Registered protocol family 17
[    1.609603] can: controller area network core (rev 20120528 abi 9)
[    1.615818] NET: Registered protocol family 29
[    1.620262] can: raw protocol (rev 20120528)
[    1.624531] can: broadcast manager protocol (rev 20120528 t)
[    1.630189] can: netlink gateway (rev 20130117) max_hops=1
[    1.635965] Key type dns_resolver registered
[    1.640678] ThumbEE CPU extension supported.
[    1.644960] Registering SWP/SWPB emulation handler
[    1.654738] mmc1: new high speed MMC card at address 0001
[    1.661267] mmcblk0: mmc1:0001 SEM16G 14.8 GiB 
[    1.666780] mmcblk0boot0: mmc1:0001 SEM16G partition 1 1.00 MiB
[    1.674140] mmcblk0boot1: mmc1:0001 SEM16G partition 2 1.00 MiB
[    1.681484] mmcblk0rpmb: mmc1:0001 SEM16G partition 3 128 KiB
[    1.692891] Primary GPT is invalid, using alternate GPT.
[    1.693531] tegra-pcie 3000.pcie-controller: 2x3 configuration
[    1.693682] sys_3v3,vdd_3v3_alw: supplied by vdd_5v_in
[    1.693706] sys_3v3_pexs: supplied by sys_3v3,vdd_3v3_alw
[    1.700118] tegra-pcie 3000.pcie-controller: probing port 0, using 2 lanes
[    1.721423]  mmcblk0: p1 p2 p3 p4 p5
[    1.758380] tegra-pcie 3000.pcie-controller: probing port 2, using 2 lanes
[    2.169031] tegra-pcie 3000.pcie-controller: link 2 down, retrying
[    2.578990] tegra-pcie 3000.pcie-controller: link 2 down, retrying
[    2.989009] tegra-pcie 3000.pcie-controller: link 2 down, retrying
[    2.997199] tegra-pcie 3000.pcie-controller: link 2 down, ignoring
[    3.003509] tegra-pcie 3000.pcie-controller: PCI host bridge to bus 0000:00
[    3.010469] pci_bus 0000:00: root bus resource [mem 0x20000000-0x27ffffff]
[    3.017335] pci_bus 0000:00: root bus resource [mem 0x28000000-0x3fffffff pref]
[    3.024634] pci_bus 0000:00: root bus resource [bus 00-ff]
[    3.030111] pci_bus 0000:00: root bus resource [io  0x1000-0xffff]
[    3.036303] pci 0000:00:01.0: [10de:0e1c] type 01 class 0x060400
[    3.042361] pci 0000:00:01.0: PME# supported from D0 D1 D2 D3hot D3cold
[    3.049120] PCI: bus0: Fast back to back transfers disabled
[    3.054692] pci 0000:00:01.0: bridge configuration invalid ([bus 00-00]), reconfiguring
[    3.062785] pci 0000:01:00.0: [10ec:8168] type 00 class 0x020000
[    3.068816] pci 0000:01:00.0: reg 0x10: [io  0x0000-0x00ff]
[    3.074395] pci 0000:01:00.0: reg 0x18: [mem 0x00000000-0x00000fff 64bit pref]
[    3.081614] pci 0000:01:00.0: reg 0x20: [mem 0x00000000-0x00003fff 64bit pref]
[    3.088883] pci 0000:01:00.0: supports D1 D2
[    3.093141] pci 0000:01:00.0: PME# supported from D0 D1 D2 D3hot D3cold
[    3.108461] PCI: bus1: Fast back to back transfers disabled
[    3.114033] pci_bus 0000:01: busn_res: [bus 01-ff] end is updated to 01
[    3.120700] pci 0000:00:01.0: BAR 9: assigned [mem 0x28000000-0x280fffff 64bit pref]
[    3.128438] pci 0000:00:01.0: BAR 7: assigned [io  0x1000-0x1fff]
[    3.134527] pci 0000:01:00.0: BAR 4: assigned [mem 0x28000000-0x28003fff 64bit pref]
[    3.142269] pci 0000:01:00.0: BAR 2: assigned [mem 0x28004000-0x28004fff 64bit pref]
[    3.150009] pci 0000:01:00.0: BAR 0: assigned [io  0x1000-0x10ff]
[    3.156097] pci 0000:00:01.0: PCI bridge to [bus 01]
[    3.161056] pci 0000:00:01.0:   bridge window [io  0x1000-0x1fff]
[    3.167141] pci 0000:00:01.0:   bridge window [mem 0x28000000-0x280fffff 64bit pref]
[    3.174886] pci 0000:00:01.0: nv_msi_ht_cap_quirk didn't locate host bridge
[    3.181932] pcieport 0000:00:01.0: enabling device (0140 -> 0143)
[    3.188168] pcieport 0000:00:01.0: Signaling PME through PCIe PME interrupt
[    3.195125] pci 0000:01:00.0: Signaling PME through PCIe PME interrupt
[    3.201645] pcie_pme 0000:00:01.0:pcie01: service driver pcie_pme loaded
[    3.208522] r8169 Gigabit Ethernet driver 2.3LK-NAPI loaded
[    3.214104] r8169 0000:01:00.0: enabling device (0140 -> 0143)
[    3.221211] r8169 0000:01:00.0 eth0: RTL8168evl/8111evl at 0xf08d6000, 02:04:4b:01:60:a6, XID 0c900800 IRQ 375
[    3.231210] r8169 0000:01:00.0 eth0: jumbo features [frames: 9200 bytes, tx checksumming: ko]
[    3.240525] +VDD_5V_HDMI: supplied by sys_3v3,vdd_3v3_alw
[    3.246030] vdd_1v8_gen: supplied by vdd_5v_in
[    3.253091] [drm] Supports vblank timestamp caching Rev 2 (21.10.2013).
[    3.259704] [drm] No driver support for vblank timestamp query.
[    3.265638] drm drm: No connectors reported connected with modes
[    3.271641] [drm] Cannot find any crtc or sizes - going 1024x768
[    3.297318] Console: switching to colour frame buffer device 128x48
[    3.310214] drm drm: fb0:  frame buffer device
[    3.328445] [drm] Initialized tegra 0.0.0 20120330 on minor 0
[    3.336994] usb3_vbus: supplied by vdd_5v_in
[    3.343413] utmi_phy_clk_enable: timeout waiting for phy to stabilize
[    3.349880] tegra-ehci 7d004000.usb: EHCI Host Controller
[    3.355297] tegra-ehci 7d004000.usb: new USB bus registered, assigned bus number 1
[    3.363966] tegra-ehci 7d004000.usb: irq 343, io mem 0x7d004000
[    3.378451] tegra-ehci 7d004000.usb: USB 2.0 started, EHCI 1.00
[    3.384928] hub 1-0:1.0: USB hub found
[    3.388722] hub 1-0:1.0: 1 port detected
[    3.393630] tegra-ehci 7d008000.usb: EHCI Host Controller
[    3.399047] tegra-ehci 7d008000.usb: new USB bus registered, assigned bus number 2
[    3.406816] tegra-ehci 7d008000.usb: irq 344, io mem 0x7d008000
[    3.418444] tegra-ehci 7d008000.usb: USB 2.0 started, EHCI 1.00
[    3.424792] hub 2-0:1.0: USB hub found
[    3.428565] hub 2-0:1.0: 1 port detected
[    3.439344] tps65910-rtc tps65910-rtc: setting system clock to 2000-01-01 00:00:02 UTC (946684802)
[    3.453325] vdd_sata,avdd_plle: disabling
[    3.458114] usb1_vbus: disabling
[    3.463351] EXT4-fs (mmcblk0p1): mounting ext3 file system using the ext4 subsystem
[    3.478815] EXT4-fs (mmcblk0p1): warning: mounting fs with errors, running e2fsck is recommended
[    3.489029] EXT4-fs (mmcblk0p1): recovery complete
[    3.493829] EXT4-fs (mmcblk0p1): mounted filesystem with ordered data mode. Opts: (null)
[    3.501933] VFS: Mounted root (ext3 filesystem) on device 179:1.
[    3.510594] devtmpfs: mounted
[    3.514582] Freeing unused kernel memory: 1048K (c0dbc000 - c0ec2000)
bash: cannot set terminal process group (-1): Inappropriate ioctl for device
bash: no job control in this shell
root@(none):/# [    3.738459] usb 2-1: new high-speed USB device number 2 using tegra-ehci
