
U-Boot SPL 2015.04-rc3-00209-ga74ef40 (Mar 16 2015 - 14:43:39)


U-Boot 2015.04-rc3-00209-ga74ef40 (Mar 16 2015 - 14:43:39)

TEGRA20
Model: Compulab TrimSlice board
DRAM:  1 GiB
MMC:   Tegra SD/MMC: 0, Tegra SD/MMC: 1
SF: Detected W25Q80BL with page size 256 Bytes, erase size 4 KiB, total 1 MiB
tegra-pcie: PCI regions:
tegra-pcie:   I/O: 0x82000000-0x82010000
tegra-pcie:   non-prefetchable memory: 0xa0000000-0xa8000000
tegra-pcie:   prefetchable memory: 0xa8000000-0xc0000000
tegra-pcie: dual-mode configuration
tegra-pcie: probing port 0, using 2 lanes
In:    serial
Out:   serial
Err:   serial
Net:   RTL8169#0
Hit any key to stop autoboot:  2  1  0 
Tegra20 (TrimSlice) # 
Tegra20 (TrimSlice) # usb reset
resetting USB...
USB0:   USB EHCI 1.00
scanning bus 0 for devices... 3 USB Device(s) found
USB1:   USB EHCI 1.00
scanning bus 1 for devices... 1 USB Device(s) found
USB2:   lowlevel init failed
       scanning usb for storage devices... 0 Storage Device(s) found
       scanning usb for ethernet devices... 
Warning: asx0 using MAC address from net device
1 Ethernet Device(s) found
Tegra20 (TrimSlice) # setenv bootargs 'ignore_loglevel console=ttyS0,115200n8 rw root=PARTUUID=11eb23c1-01 rootwait gpt debug noinitrd earlyprintk init=/bin/bash'
Tegra20 (TrimSlice) # setenv ipaddr 192.168.100.103; setenv serverip 192.168.100.1; setenv tftpserverip 192.168.100.1
Tegra20 (TrimSlice) # tftpboot 0x00408000 zImage.multi_v7_defconfig
Using RTL8169#0 device
TFTP from server 192.168.100.1; our IP address is 192.168.100.103
Filename 'zImage.multi_v7_defconfig'.
Load address: 0x408000
Loading: *#################################################################
	 #################################################################
	 #################################################################
	 #################################################################
	 #################################################################
	 #################################################################
	 #################################################################
	 #######
	 4.1 MiB/s
done
Bytes transferred = 6774488 (675ed8 hex)
Tegra20 (TrimSlice) # tftpboot 0x02408000 tegra20-trimslice.dtb
Using RTL8169#0 device
TFTP from server 192.168.100.1; our IP address is 192.168.100.103
Filename 'tegra20-trimslice.dtb'.
Load address: 0x2408000
Loading: *##
	 3.4 MiB/s
done
Bytes transferred = 21130 (528a hex)
Tegra20 (TrimSlice) # bootz 0x00408000 - 0x02408000
Kernel image @ 0x408000 [ 0x000000 - 0x675ed8 ]
## Flattened Device Tree blob at 02408000
   Booting using the fdt blob at 0x2408000
   Using Device Tree in place at 02408000, end 02410289

Starting kernel ...

[    0.000000] Booting Linux on physical CPU 0x0
[    0.000000] Linux version 4.5.0-rc2-67202-g36f90b0 (pwalmsley@sellafield) (gcc version 4.7.3 20130328 (prerelease) (crosstool-NG linaro-1.13.1-4.7-2013.04-20130415 - Linaro GCC 2013.04) ) #1 SMP Sun Jan 31 18:33:21 PST 2016
[    0.000000] CPU: ARMv7 Processor [411fc090] revision 0 (ARMv7), cr=10c5387d
[    0.000000] CPU: PIPT / VIPT nonaliasing data cache, VIPT aliasing instruction cache
[    0.000000] Machine model: Compulab TrimSlice board
[    0.000000] debug: ignoring loglevel setting.
[    0.000000] cma: Reserved 64 MiB at 0x3c000000
[    0.000000] Memory policy: Data cache writealloc
[    0.000000] On node 0 totalpages: 262144
[    0.000000] free_area_init_node: node 0, pgdat c106c480, node_mem_map ef7f8000
[    0.000000]   DMA zone: 1536 pages used for memmap
[    0.000000]   DMA zone: 0 pages reserved
[    0.000000]   DMA zone: 196608 pages, LIFO batch:31
[    0.000000]   HighMem zone: 65536 pages, LIFO batch:15
[    0.000000] PERCPU: Embedded 12 pages/cpu @ef7cb000 s18880 r8192 d22080 u49152
[    0.000000] pcpu-alloc: s18880 r8192 d22080 u49152 alloc=12*4096
[    0.000000] pcpu-alloc: [0] 0 [0] 1 
[    0.000000] Built 1 zonelists in Zone order, mobility grouping on.  Total pages: 260608
[    0.000000] Kernel command line: ignore_loglevel console=ttyS0,115200n8 rw root=PARTUUID=11eb23c1-01 rootwait gpt debug noinitrd earlyprintk init=/bin/bash
[    0.000000] PID hash table entries: 4096 (order: 2, 16384 bytes)
[    0.000000] Dentry cache hash table entries: 131072 (order: 7, 524288 bytes)
[    0.000000] Inode-cache hash table entries: 65536 (order: 6, 262144 bytes)
[    0.000000] Memory: 958716K/1048576K available (8491K kernel code, 1113K rwdata, 4040K rodata, 1096K init, 345K bss, 24324K reserved, 65536K cma-reserved, 196608K highmem)
[    0.000000] Virtual kernel memory layout:
[    0.000000]     vector  : 0xffff0000 - 0xffff1000   (   4 kB)
[    0.000000]     fixmap  : 0xffc00000 - 0xfff00000   (3072 kB)
[    0.000000]     vmalloc : 0xf0800000 - 0xff800000   ( 240 MB)
[    0.000000]     lowmem  : 0xc0000000 - 0xf0000000   ( 768 MB)
[    0.000000]     pkmap   : 0xbfe00000 - 0xc0000000   (   2 MB)
[    0.000000]     modules : 0xbf000000 - 0xbfe00000   (  14 MB)
[    0.000000]       .text : 0xc0208000 - 0xc0e45cc4   (12536 kB)
[    0.000000]       .init : 0xc0e46000 - 0xc0f58000   (1096 kB)
[    0.000000]       .data : 0xc0f58000 - 0xc106e440   (1114 kB)
[    0.000000]        .bss : 0xc1071000 - 0xc10c75a0   ( 346 kB)
[    0.000000] SLUB: HWalign=64, Order=0-3, MinObjects=0, CPUs=2, Nodes=1
[    0.000000] Hierarchical RCU implementation.
[    0.000000] 	Build-time adjustment of leaf fanout to 32.
[    0.000000] 	RCU restricting CPUs from NR_CPUS=16 to nr_cpu_ids=2.
[    0.000000] RCU: Adjusting geometry for rcu_fanout_leaf=32, nr_cpu_ids=2
[    0.000000] NR_IRQS:16 nr_irqs:16 16
[    0.000000] /interrupt-controller@60004000: 128 interrupts forwarded to /interrupt-controller@50041000
[    0.000000] L2C: platform modifies aux control register: 0x02080000 -> 0x3e480001
[    0.000000] L2C: DT/platform modifies aux control register: 0x02080000 -> 0x3e480001
[    0.000000] L2C-310 errata 727915 769419 enabled
[    0.000000] L2C-310 enabling early BRESP for Cortex-A9
[    0.000000] L2C-310: enabling full line of zeros but not enabled in Cortex-A9
[    0.000000] L2C-310 ID prefetch enabled, offset 1 lines
[    0.000000] L2C-310 cache controller enabled, 8 ways, 1024 kB
[    0.000000] L2C-310: CACHE_ID 0x410000c4, AUX_CTRL 0x7e480001
[    0.000010] sched_clock: 32 bits at 1000kHz, resolution 1000ns, wraps every 2147483647500ns
[    0.000027] clocksource: timer_us: mask: 0xffffffff max_cycles: 0xffffffff, max_idle_ns: 1911260446275 ns
[    0.000037] Switching to timer-based delay loop, resolution 1000ns
[    0.001545] Console: colour dummy device 80x30
[    0.001566] Calibrating delay loop (skipped), value calculated using timer frequency.. 2.00 BogoMIPS (lpj=5000)
[    0.001577] pid_max: default: 32768 minimum: 301
[    0.001660] Mount-cache hash table entries: 2048 (order: 1, 8192 bytes)
[    0.001669] Mountpoint-cache hash table entries: 2048 (order: 1, 8192 bytes)
[    0.002141] CPU: Testing write buffer coherency: ok
[    0.002322] CPU0: thread -1, cpu 0, socket 0, mpidr 80000000
[    0.002368] Setting up static identity map for 0x209000 - 0x209098
[    0.003754] Tegra Revision: A03 prime SKU: 8 CPU Process: 1 SoC Process: 2
[    0.004708] CPU1: thread -1, cpu 1, socket 0, mpidr 80000001
[    0.004766] Brought up 2 CPUs
[    0.004778] SMP: Total of 2 processors activated (4.00 BogoMIPS).
[    0.004784] CPU: All CPU(s) started in SVC mode.
[    0.005401] devtmpfs: initialized
[    0.009390] VFP support v0.3: implementor 41 architecture 3 part 30 variant 9 rev 1
[    0.009760] clocksource: jiffies: mask: 0xffffffff max_cycles: 0xffffffff, max_idle_ns: 9556302231375000 ns
[    0.012836] pinctrl core: initialized pinctrl subsystem
[    0.014084] NET: Registered protocol family 16
[    0.016120] DMA: preallocated 256 KiB pool for atomic coherent allocations
[    0.029924] cpuidle: using governor menu
[    0.040738] No ATAGs?
[    0.040766] hw-breakpoint: found 5 (+1 reserved) breakpoint and 1 watchpoint registers.
[    0.040773] hw-breakpoint: maximum watchpoint size is 4 bytes.
[    0.044433] Serial: AMBA PL011 UART driver
[    0.068490] usb1_vbus: Failed to request enable GPIO170: -517
[    0.068577] reg-fixed-voltage regulators:regulator@2: Failed to register regulator: -517
[    0.072486] vgaarb: loaded
[    0.073219] SCSI subsystem initialized
[    0.073342] libata version 3.00 loaded.
[    0.073573] usbcore: registered new interface driver usbfs
[    0.073618] usbcore: registered new interface driver hub
[    0.073658] usbcore: registered new device driver usb
[    0.075757] pps_core: LinuxPPS API ver. 1 registered
[    0.075764] pps_core: Software ver. 5.3.6 - Copyright 2005-2007 Rodolfo Giometti <giometti@linux.it>
[    0.075785] PTP clock support registered
[    0.075955] EDAC MC: Ver: 3.0.0
[    0.077835] clocksource: Switched to clocksource timer_us
[    0.085797] NET: Registered protocol family 2
[    0.086212] TCP established hash table entries: 8192 (order: 3, 32768 bytes)
[    0.086283] TCP bind hash table entries: 8192 (order: 4, 65536 bytes)
[    0.086396] TCP: Hash tables configured (established 8192 bind 8192)
[    0.086463] UDP hash table entries: 512 (order: 2, 16384 bytes)
[    0.086509] UDP-Lite hash table entries: 512 (order: 2, 16384 bytes)
[    0.086683] NET: Registered protocol family 1
[    0.086921] RPC: Registered named UNIX socket transport module.
[    0.086929] RPC: Registered udp transport module.
[    0.086934] RPC: Registered tcp transport module.
[    0.086939] RPC: Registered tcp NFSv4.1 backchannel transport module.
[    0.086957] PCI: CLS 0 bytes, default 64
[    0.087753] hw perfevents: enabled with armv7_cortex_a9 PMU driver, 7 counters available
[    0.088801] futex hash table entries: 512 (order: 3, 32768 bytes)
[    0.097125] squashfs: version 4.0 (2009/01/31) Phillip Lougher
[    0.097733] NFS: Registering the id_resolver key type
[    0.097764] Key type id_resolver registered
[    0.097770] Key type id_legacy registered
[    0.097818] ntfs: driver 2.1.32 [Flags: R/O].
[    0.098829] bounce: pool size: 64 pages
[    0.098984] Block layer SCSI generic (bsg) driver version 0.4 loaded (major 249)
[    0.098998] io scheduler noop registered
[    0.099007] io scheduler deadline registered
[    0.099035] io scheduler cfq registered (default)
[    0.110219] tegra-pcie 80003000.pcie-controller: dual-mode configuration
[    0.110798] tegra-pcie 80003000.pcie-controller: probing port 0, using 2 lanes
[    0.193262] tegra-pcie 80003000.pcie-controller: PCI host bridge to bus 0000:00
[    0.193274] pci_bus 0000:00: root bus resource [mem 0xa0000000-0xa7ffffff]
[    0.193282] pci_bus 0000:00: root bus resource [mem 0xa8000000-0xbfffffff pref]
[    0.193291] pci_bus 0000:00: root bus resource [bus 00-ff]
[    0.193299] pci_bus 0000:00: root bus resource [io  0x1000-0xffff]
[    0.193331] pci 0000:00:01.0: [10de:0bf0] type 01 class 0x060000
[    0.193390] pci 0000:00:01.0: PME# supported from D0 D1 D2 D3hot D3cold
[    0.193580] PCI: bus0: Fast back to back transfers disabled
[    0.193591] pci 0000:00:01.0: bridge configuration invalid ([bus 00-00]), reconfiguring
[    0.193714] pci 0000:01:00.0: [10ec:8168] type 00 class 0x020000
[    0.193735] pci 0000:01:00.0: reg 0x10: [io  0x0000-0x00ff]
[    0.193758] pci 0000:01:00.0: reg 0x18: [mem 0x00000000-0x00000fff 64bit pref]
[    0.193775] pci 0000:01:00.0: reg 0x20: [mem 0x00000000-0x00003fff 64bit pref]
[    0.193788] pci 0000:01:00.0: reg 0x30: [mem 0x00000000-0x0001ffff pref]
[    0.193863] pci 0000:01:00.0: supports D1 D2
[    0.193871] pci 0000:01:00.0: PME# supported from D0 D1 D2 D3hot D3cold
[    0.202867] PCI: bus1: Fast back to back transfers disabled
[    0.202880] pci_bus 0000:01: busn_res: [bus 01-ff] end is updated to 01
[    0.202891] Disabling cpuidle LP2 state, since PCIe IRQs are in use
[    0.202945] pci 0000:00:01.0: BAR 8: assigned [mem 0xa0000000-0xa00fffff]
[    0.202956] pci 0000:00:01.0: BAR 9: assigned [mem 0xa8000000-0xa80fffff 64bit pref]
[    0.202966] pci 0000:00:01.0: BAR 7: assigned [io  0x1000-0x1fff]
[    0.202978] pci 0000:01:00.0: BAR 6: assigned [mem 0xa0000000-0xa001ffff pref]
[    0.202988] pci 0000:01:00.0: BAR 4: assigned [mem 0xa8000000-0xa8003fff 64bit pref]
[    0.203005] pci 0000:01:00.0: BAR 2: assigned [mem 0xa8004000-0xa8004fff 64bit pref]
[    0.203021] pci 0000:01:00.0: BAR 0: assigned [io  0x1000-0x10ff]
[    0.203032] pci 0000:00:01.0: PCI bridge to [bus 01]
[    0.203040] pci 0000:00:01.0:   bridge window [io  0x1000-0x1fff]
[    0.203049] pci 0000:00:01.0:   bridge window [mem 0xa0000000-0xa00fffff]
[    0.203057] pci 0000:00:01.0:   bridge window [mem 0xa8000000-0xa80fffff 64bit pref]
[    0.203076] pci 0000:00:01.0: nv_msi_ht_cap_quirk didn't locate host bridge
[    0.203144] pcieport 0000:00:01.0: enabling device (0140 -> 0143)
[    0.203292] pcieport 0000:00:01.0: Signaling PME through PCIe PME interrupt
[    0.203301] pci 0000:01:00.0: Signaling PME through PCIe PME interrupt
[    0.203309] pcie_pme 0000:00:01.0:pcie01: service driver pcie_pme loaded
[    0.207253] tegra-apbdma 6000a000.dma: Tegra20 APB DMA driver register 16 channels
[    0.256740] Serial: 8250/16550 driver, 4 ports, IRQ sharing disabled
[    0.259152] console [ttyS0] disabled
[    0.259186] 70006000.serial: ttyS0 at MMIO 0x70006000 (irq = 279, base_baud = 13500000) is a Tegra
[    1.196303] console [ttyS0] enabled
[    1.200406] SuperH (H)SCI(F) driver initialized
[    1.205705] msm_serial: driver initialized
[    1.209958] STMicroelectronics ASC driver initialized
[    1.216792] [drm] Initialized drm 1.1.0 20060810
[    1.222856] 54280000.hdmi supply hdmi not found, using dummy regulator
[    1.232421] [drm] Supports vblank timestamp caching Rev 2 (21.10.2013).
[    1.239037] [drm] No driver support for vblank timestamp query.
[    1.244970] drm drm: No connectors reported connected with modes
[    1.250976] [drm] Cannot find any crtc or sizes - going 1024x768
[    1.273069] Console: switching to colour frame buffer device 128x48
[    1.287771] drm drm: fb0:  frame buffer device
[    1.302844] [drm] Initialized tegra 0.0.0 20120330 on minor 0
[    1.317013] brd: module loaded
[    1.324260] loop: module loaded
[    1.332719] m25p80 spi32766.0: found s25fl008k, expected w25q80bl
[    1.338854] m25p80 spi32766.0: s25fl008k (1024 Kbytes)
[    1.346458] libphy: Fixed MDIO Bus: probed
[    1.351087] CAN device driver interface
[    1.356449] igb: Intel(R) Gigabit Ethernet Network Driver - version 5.3.0-k
[    1.363408] igb: Copyright (c) 2007-2014 Intel Corporation.
[    1.369534] r8169 Gigabit Ethernet driver 2.3LK-NAPI loaded
[    1.375130] r8169 0000:01:00.0: enabling device (0140 -> 0143)
[    1.381702] r8169 0000:01:00.0 eth0: RTL8168d/8111d at 0xf0878000, 00:01:c0:13:7d:63, XID 081000c0 IRQ 296
[    1.391356] r8169 0000:01:00.0 eth0: jumbo features [frames: 9200 bytes, tx checksumming: ko]
[    1.401836] pegasus: v0.9.3 (2013/04/25), Pegasus/Pegasus II USB Ethernet driver
[    1.409301] usbcore: registered new interface driver pegasus
[    1.415011] usbcore: registered new interface driver asix
[    1.420447] usbcore: registered new interface driver ax88179_178a
[    1.426579] usbcore: registered new interface driver cdc_ether
[    1.432461] usbcore: registered new interface driver smsc75xx
[    1.438271] usbcore: registered new interface driver smsc95xx
[    1.444055] usbcore: registered new interface driver net1080
[    1.449760] usbcore: registered new interface driver cdc_subset
[    1.455716] usbcore: registered new interface driver zaurus
[    1.461354] usbcore: registered new interface driver cdc_ncm
[    1.467306] tegra-phy c5004000.usb-phy: no vbus regulator
[    1.473813] tegra-phy c5008000.usb-phy: no vbus regulator
[    1.480453] ehci_hcd: USB 2.0 'Enhanced' Host Controller (EHCI) Driver
[    1.486985] ehci-pci: EHCI PCI platform driver
[    1.491468] ehci-platform: EHCI generic platform driver
[    1.496856] ehci-omap: OMAP-EHCI Host Controller driver
[    1.502192] ehci-orion: EHCI orion driver
[    1.506311] SPEAr-ehci: EHCI SPEAr driver
[    1.510432] ehci-st: EHCI STMicroelectronics driver
[    1.515427] ehci-exynos: EHCI EXYNOS driver
[    1.519740] ehci-atmel: EHCI Atmel driver
[    1.523860] tegra-ehci: Tegra EHCI driver
[    1.549040] ulpi_phy_power_on: ulpi write failed
[    1.553662] tegra-ehci c5004000.usb: Failed to power on the phy
[    1.559591] tegra-ehci: probe of c5004000.usb failed with error -110
[    1.568578] tegra-ehci c5008000.usb: EHCI Host Controller
[    1.573991] tegra-ehci c5008000.usb: new USB bus registered, assigned bus number 1
[    1.581798] tegra-ehci c5008000.usb: irq 290, io mem 0xc5008000
[    1.592851] tegra-ehci c5008000.usb: USB 2.0 started, EHCI 1.00
[    1.599386] hub 1-0:1.0: USB hub found
[    1.603165] hub 1-0:1.0: 1 port detected
[    1.607399] ohci_hcd: USB 1.1 'Open' Host Controller (OHCI) Driver
[    1.613593] ohci-pci: OHCI PCI platform driver
[    1.618086] ohci-platform: OHCI generic platform driver
[    1.623467] ohci-omap3: OHCI OMAP3 driver
[    1.627576] SPEAr-ohci: OHCI SPEAr driver
[    1.631704] ohci-st: OHCI STMicroelectronics driver
[    1.636693] ohci-atmel: OHCI Atmel driver
[    1.641159] usbcore: registered new interface driver usb-storage
[    1.648367] mousedev: PS/2 mouse device common for all mice
[    1.655883] rtc-em3027 2-0056: rtc core: registered rtc-em3027 as rtc0
[    1.663623] tegra_rtc 7000e000.rtc: rtc core: registered 7000e000.rtc as rtc1
[    1.670791] tegra_rtc 7000e000.rtc: Tegra internal Real Time Clock
[    1.677407] i2c /dev entries driver
[    1.688836] sdhci: Secure Digital Host Controller Interface driver
[    1.695017] sdhci: Copyright(c) Pierre Ossman
[    1.700601] Synopsys Designware Multimedia Card Interface Driver
[    1.707494] sdhci-pltfm: SDHCI platform and OF driver helper
[    1.714001] mmc0: Invalid maximum block size, assuming 512 bytes
[    1.747853] mmc0: SDHCI controller on c8000000.sdhci [c8000000.sdhci] using ADMA
[    1.755347] sdhci-tegra c8000600.sdhci: Got CD GPIO
[    1.760237] sdhci-tegra c8000600.sdhci: Got WP GPIO
[    1.765273] mmc1: Invalid maximum block size, assuming 512 bytes
[    1.797941] mmc1: SDHCI controller on c8000600.sdhci [c8000600.sdhci] using ADMA
[    1.806602] ledtrig-cpu: registered to indicate activity on CPUs
[    1.812784] usbcore: registered new interface driver usbhid
[    1.818358] usbhid: USB HID core driver
[    1.826180] NET: Registered protocol family 10
[    1.831346] sit: IPv6 over IPv4 tunneling driver
[    1.836469] NET: Registered protocol family 17
[    1.840931] can: controller area network core (rev 20120528 abi 9)
[    1.847163] NET: Registered protocol family 29
[    1.851616] can: raw protocol (rev 20120528)
[    1.855888] can: broadcast manager protocol (rev 20120528 t)
[    1.861551] can: netlink gateway (rev 20130117) max_hops=1
[    1.867364] Key type dns_resolver registered
[    1.872012] ThumbEE CPU extension supported.
[    1.876298] Registering SWP/SWPB emulation handler
[    1.885857] utmi_phy_clk_enable: timeout waiting for phy to stabilize
[    1.892321] tegra-ehci c5000000.usb: EHCI Host Controller
[    1.897733] tegra-ehci c5000000.usb: new USB bus registered, assigned bus number 2
[    1.905573] tegra-ehci c5000000.usb: irq 288, io mem 0xc5000000
[    1.959860] mmc0: host does not support reading read-only switch, assuming write-enable
[    1.969668] mmc0: new high speed SDHC card at address b368
[    1.975483] mmcblk0: mmc0:b368 NCard 3.70 GiB 
[    1.981810]  mmcblk0: p1
[    1.987865] usb 1-1: new high-speed USB device number 2 using tegra-ehci
[    1.997857] tegra-ehci c5000000.usb: USB 2.0 started, EHCI 1.00
[    1.999776] mmc1: new high speed SD card at address b368
[    2.000109] mmcblk1: mmc1:b368 NCard 1.83 GiB (ro)
[    2.011254]  mmcblk1: p1 p2
[    2.017243] hub 2-0:1.0: USB hub found
[    2.021217] hub 2-0:1.0: 1 port detected
[    2.026536] input: gpio-keys as /devices/soc0/gpio-keys/input/input0
[    2.033621] rtc-em3027 2-0056: setting system clock to 2014-12-28 06:02:34 UTC (1419746554)
[    2.049009] EXT4-fs (mmcblk0p1): mounting ext3 file system using the ext4 subsystem
[    2.129158] hub 1-1:1.0: USB hub found
[    2.133073] hub 1-1:1.0: 4 ports detected
[    2.138944] EXT4-fs (mmcblk0p1): recovery complete
[    2.143773] EXT4-fs (mmcblk0p1): mounted filesystem with ordered data mode. Opts: (null)
[    2.151891] VFS: Mounted root (ext3 filesystem) on device 179:1.
[    2.160078] devtmpfs: mounted
[    2.164286] Freeing unused kernel memory: 1096K (c0e46000 - c0f58000)
bash: cannot set terminal process group (-1): Inappropriate ioctl for device
bash: no job control in this shell
[    2.422893] usb 1-1.2: new high-speed USB device number 3 using tegra-ehci
root@(none):/# mount -t sysfs none /sys
root@(none):/# 
root@(none):/# mount -t debugfs none /sys/kernel/debug
root@(none):/# 
root@(none):/# rtcwake -d rtc1 -m mem -s 3
rtcwake: assuming RTC uses UTC ...
rtcwake: wakeup from "mem" using /dev/rtc1 at Thu Jan  1 00:00:23 1970
[    7.341389] PM: Syncing filesystems ... done.
[    7.387977] Freezing user space processes ... (elapsed 0.001 seconds) done.
[    7.396373] Freezing remaining freezable tasks ... (elapsed 0.001 seconds) done.
[    7.405415] Suspending console(s) (use no_console_suspend to debug)
[    7.439765] PM: suspend of devices complete after 25.430 msecs
[    7.443412] PM: late suspend of devices complete after 3.618 msecs
[    7.458493] PM: noirq suspend of devices complete after 15.049 msecs
[    7.458504] Disabling non-boot CPUs ...
[    7.460172] CPU1: shutdown
[    7.481054] Entering suspend state LP1
[    7.481104] Enabling non-boot CPUs ...
[    7.507062] CPU1 is up
[    7.509606] pcieport 0000:00:01.0: nv_msi_ht_cap_quirk didn't locate host bridge
[    7.523133] PM: noirq resume of devices complete after 16.040 msecs
[    7.526734] PM: early resume of devices complete after 2.867 msecs
[    7.586330] PM: resume of devices complete after 59.564 msecs
[    7.647886] Restarting tasks ... done.
root@(none):/# 
root@(none):/# rtcwake -d rtc1 -m mem -s 3
rtcwake: assuming RTC uses UTC ...
rtcwake: wakeup from "mem" using /dev/rtc1 at Thu Jan  1 00:00:27 1970
[    8.187574] PM: Syncing filesystems ... done.
[    8.233157] Freezing user space processes ... (elapsed 0.001 seconds) done.
[    8.241609] Freezing remaining freezable tasks ... (elapsed 0.001 seconds) done.
[    8.250677] Suspending console(s) (use no_console_suspend to debug)
[    8.284867] PM: suspend of devices complete after 25.285 msecs
[    8.288528] PM: late suspend of devices complete after 3.631 msecs
[    8.303436] PM: noirq suspend of devices complete after 14.877 msecs
[    8.303446] Disabling non-boot CPUs ...
[    8.305193] CPU1: shutdown
[    8.330981] Entering suspend state LP1
[    8.331031] Enabling non-boot CPUs ...
[    8.356978] CPU1 is up
[    8.357655] pcieport 0000:00:01.0: nv_msi_ht_cap_quirk didn't locate host bridge
[    8.373069] PM: noirq resume of devices complete after 16.058 msecs
[    8.376696] PM: early resume of devices complete after 2.905 msecs
[    8.438799] PM: resume of devices complete after 62.070 msecs
[    8.500349] Restarting tasks ... done.
root@(none):/# 
root@(none):/# rtcwake -d rtc1 -m mem -s 3
rtcwake: assuming RTC uses UTC ...
rtcwake: wakeup from "mem" using /dev/rtc1 at Thu Jan  1 00:00:31 1970
[    9.037657] PM: Syncing filesystems ... done.
[    9.083239] Freezing user space processes ... (elapsed 0.001 seconds) done.
[    9.091742] Freezing remaining freezable tasks ... (elapsed 0.001 seconds) done.
[    9.100775] Suspending console(s) (use no_console_suspend to debug)
[    9.134164] PM: suspend of devices complete after 24.487 msecs
[    9.137841] PM: late suspend of devices complete after 3.647 msecs
[    9.153364] PM: noirq suspend of devices complete after 15.494 msecs
[    9.153375] Disabling non-boot CPUs ...
[    9.155143] CPU1: shutdown
[    9.180920] Entering suspend state LP1
[    9.180970] Enabling non-boot CPUs ...
[    9.206938] CPU1 is up
[    9.209441] pcieport 0000:00:01.0: nv_msi_ht_cap_quirk didn't locate host bridge
[    9.222954] PM: noirq resume of devices complete after 15.984 msecs
[    9.226720] PM: early resume of devices complete after 3.049 msecs
[    9.291311] PM: resume of devices complete after 64.559 msecs
[    9.352846] Restarting tasks ... done.
root@(none):/# 
root@(none):/# rtcwake -d rtc1 -m mem -s 3
rtcwake: assuming RTC uses UTC ...
rtcwake: wakeup from "mem" using /dev/rtc1 at Thu Jan  1 00:00:35 1970
[    9.887834] PM: Syncing filesystems ... done.
[    9.933264] Freezing user space processes ... (elapsed 0.001 seconds) done.
[    9.941759] Freezing remaining freezable tasks ... (elapsed 0.001 seconds) done.
[    9.950789] Suspending console(s) (use no_console_suspend to debug)
[    9.984345] PM: suspend of devices complete after 24.640 msecs
[    9.988015] PM: late suspend of devices complete after 3.640 msecs
[   10.003318] PM: noirq suspend of devices complete after 15.272 msecs
[   10.003328] Disabling non-boot CPUs ...
[   10.005134] CPU1: shutdown
[   10.020830] Entering suspend state LP1
[   10.020880] Enabling non-boot CPUs ...
[   10.046862] CPU1 is up
[   10.047542] pcieport 0000:00:01.0: nv_msi_ht_cap_quirk didn't locate host bridge
[   10.062933] PM: noirq resume of devices complete after 16.038 msecs
[   10.066557] PM: early resume of devices complete after 2.915 msecs
[   10.131282] PM: resume of devices complete after 64.693 msecs
[   10.192824] Restarting tasks ... done.
root@(none):/# 
root@(none):/# rtcwake -d rtc1 -m mem -s 3
rtcwake: assuming RTC uses UTC ...
rtcwake: wakeup from "mem" using /dev/rtc1 at Thu Jan  1 00:00:39 1970
[   10.720159] PM: Syncing filesystems ... done.
[   10.765610] Freezing user space processes ... (elapsed 0.001 seconds) done.
[   10.774196] Freezing remaining freezable tasks ... (elapsed 0.001 seconds) done.
[   10.783275] Suspending console(s) (use no_console_suspend to debug)
[   10.819549] PM: suspend of devices complete after 27.423 msecs
[   10.823212] PM: late suspend of devices complete after 3.633 msecs
[   10.838246] PM: noirq suspend of devices complete after 15.003 msecs
[   10.838256] Disabling non-boot CPUs ...
[   10.840002] CPU1: shutdown
[   10.865807] Entering suspend state LP1
[   10.865856] Enabling non-boot CPUs ...
[   10.891781] CPU1 is up
[   10.892481] pcieport 0000:00:01.0: nv_msi_ht_cap_quirk didn't locate host bridge
[   10.907878] PM: noirq resume of devices complete after 16.064 msecs
[   10.911503] PM: early resume of devices complete after 2.916 msecs
[   10.971072] PM: resume of devices complete after 59.535 msecs
[   11.032622] Restarting tasks ... done.
root@(none):/# 
root@(none):/# NVTB SYSTEM SUSPEND TEST COMPLETE
