
U-Boot SPL 2016.05-rc2 (Apr 21 2016 - 16:23:00)
Trying to boot from RAM


U-Boot 2016.05-rc2 (Apr 21 2016 - 16:23:00 -0700)

TEGRA124
Model: NVIDIA Jetson TK1
Board: NVIDIA Jetson TK1
DRAM:  2 GiB
MC:   Tegra SD/MMC: 0, Tegra SD/MMC: 1
In:    serial
Out:   serial
Err:   serial
Net:   No ethernet found.
Hit any key to stop autoboot:  2  0 
Tegra124 (Jetson TK1) # 
Tegra124 (Jetson TK1) # pci enum
Tegra124 (Jetson TK1) # setenv bootargs 'ignore_loglevel console=ttyS0,115200n8 rw root=PARTUUID=b1791faa-84e8-4e27-83a1-9fb0a77e8803 rootwait gpt debug noinitrd earlyprintk init=/bin/bash'
Tegra124 (Jetson TK1) # setenv ipaddr 192.168.100.102; setenv serverip 192.168.100.1; setenv tftpserverip 192.168.100.1
Tegra124 (Jetson TK1) # tftpboot 0x82000000 zImage.multi_v7_defconfig

Warning: eth_rtl8169 using MAC address from ROM
Using eth_rtl8169 device
TFTP from server 192.168.100.1; our IP address is 192.168.100.102
Filename 'zImage.multi_v7_defconfig'.
Load address: 0x82000000
Loading: *#################################################################
	 #################################################################
	 #################################################################
	 #################################################################
	 #################################################################
	 #################################################################
	 #################################################################
	 #################################################################
	 ##############################
	 3.9 MiB/s
done
Bytes transferred = 8061440 (7b0200 hex)
Tegra124 (Jetson TK1) # tftpboot 0x83000000 tegra124-jetson-tk1.dtb
Using eth_rtl8169 device
TFTP from server 192.168.100.1; our IP address is 192.168.100.102
Filename 'tegra124-jetson-tk1.dtb'.
Load address: 0x83000000
Loading: *#####
	 3.7 MiB/s
done
Bytes transferred = 66544 (103f0 hex)
Tegra124 (Jetson TK1) # bootz 0x82000000 - 0x83000000
Kernel image @ 0x82000000 [ 0x000000 - 0x7b0200 ]
## Flattened Device Tree blob at 83000000
   Booting using the fdt blob at 0x83000000
   Using Device Tree in place at 83000000, end 830133ef

Starting kernel ...

[    0.000000] Booting Linux on physical CPU 0x0
[    0.000000] Linux version 4.15.0-rc5-335113-g464e1d5f23cc (jonathanh@tamien) (gcc version 4.7.3 20130328 (prerelease) (crosstool-NG linaro-1.13.1-4.7-2013.04-20130415 - Linaro GCC 2013.04)) #1 SMP Sat Dec 23 21:03:22 PST 2017
[    0.000000] CPU: ARMv7 Processor [413fc0f3] revision 3 (ARMv7), cr=10c5387d
[    0.000000] CPU: div instructions available: patching division code
[    0.000000] CPU: PIPT / VIPT nonaliasing data cache, PIPT instruction cache
[    0.000000] OF: fdt: Machine model: NVIDIA Tegra124 Jetson TK1
[    0.000000] debug: ignoring loglevel setting.
[    0.000000] Memory policy: Data cache writealloc
[    0.000000] efi: Getting EFI parameters from FDT:
[    0.000000] efi: UEFI not found.
[    0.000000] cma: Reserved 64 MiB at 0xfb800000
[    0.000000] On node 0 totalpages: 524032
[    0.000000]   DMA zone: 1536 pages used for memmap
[    0.000000]   DMA zone: 0 pages reserved
[    0.000000]   DMA zone: 196608 pages, LIFO batch:31
[    0.000000]   HighMem zone: 327424 pages, LIFO batch:31
[    0.000000] random: fast init done
[    0.000000] percpu: Embedded 17 pages/cpu @(ptrval) s39040 r8192 d22400 u69632
[    0.000000] pcpu-alloc: s39040 r8192 d22400 u69632 alloc=17*4096
[    0.000000] pcpu-alloc: [0] 0 [0] 1 [0] 2 [0] 3 
[    0.000000] Built 1 zonelists, mobility grouping on.  Total pages: 522496
[    0.000000] Kernel command line: ignore_loglevel console=ttyS0,115200n8 rw root=PARTUUID=b1791faa-84e8-4e27-83a1-9fb0a77e8803 rootwait gpt debug noinitrd earlyprintk init=/bin/bash
[    0.000000] Dentry cache hash table entries: 131072 (order: 7, 524288 bytes)
[    0.000000] Inode-cache hash table entries: 65536 (order: 6, 262144 bytes)
[    0.000000] Memory: 1992440K/2096128K available (11264K kernel code, 1602K rwdata, 4296K rodata, 2048K init, 404K bss, 38152K reserved, 65536K cma-reserved, 1244160K highmem)
[    0.000000] Virtual kernel memory layout:
[    0.000000]     vector  : 0xffff0000 - 0xffff1000   (   4 kB)
[    0.000000]     fixmap  : 0xffc00000 - 0xfff00000   (3072 kB)
[    0.000000]     vmalloc : 0xf0800000 - 0xff800000   ( 240 MB)
[    0.000000]     lowmem  : 0xc0000000 - 0xf0000000   ( 768 MB)
[    0.000000]     pkmap   : 0xbfe00000 - 0xc0000000   (   2 MB)
[    0.000000]     modules : 0xbf000000 - 0xbfe00000   (  14 MB)
[    0.000000]       .text : 0x(ptrval) - 0x(ptrval)   (12256 kB)
[    0.000000]       .init : 0x(ptrval) - 0x(ptrval)   (2048 kB)
[    0.000000]       .data : 0x(ptrval) - 0x(ptrval)   (1603 kB)
[    0.000000]        .bss : 0x(ptrval) - 0x(ptrval)   ( 405 kB)
[    0.000000] SLUB: HWalign=64, Order=0-3, MinObjects=0, CPUs=4, Nodes=1
[    0.000000] Hierarchical RCU implementation.
[    0.000000] 	RCU event tracing is enabled.
[    0.000000] 	RCU restricting CPUs from NR_CPUS=16 to nr_cpu_ids=4.
[    0.000000] RCU: Adjusting geometry for rcu_fanout_leaf=16, nr_cpu_ids=4
[    0.000000] NR_IRQS: 16, nr_irqs: 16, preallocated irqs: 16
[    0.000000] /interrupt-controller@60004000: 160 interrupts forwarded to /interrupt-controller@50041000
[    0.000000] Tegra clk 127: register failed with -17
[    0.000009] sched_clock: 32 bits at 1000kHz, resolution 1000ns, wraps every 2147483647500ns
[    0.000028] clocksource: timer_us: mask: 0xffffffff max_cycles: 0xffffffff, max_idle_ns: 1911260446275 ns
[    0.000044] Switching to timer-based delay loop, resolution 1000ns
[    0.005109] arch_timer: cp15 timer(s) running at 12.00MHz (virt).
[    0.005128] clocksource: arch_sys_counter: mask: 0xffffffffffffff max_cycles: 0x2c47f4ee7, max_idle_ns: 440795202497 ns
[    0.005147] sched_clock: 56 bits at 12MHz, resolution 83ns, wraps every 4398046511096ns
[    0.005161] Switching to timer-based delay loop, resolution 83ns
[    0.005647] Console: colour dummy device 80x30
[    0.005681] Calibrating delay loop (skipped), value calculated using timer frequency.. 24.00 BogoMIPS (lpj=120000)
[    0.005699] pid_max: default: 32768 minimum: 301
[    0.005795] Mount-cache hash table entries: 2048 (order: 1, 8192 bytes)
[    0.005810] Mountpoint-cache hash table entries: 2048 (order: 1, 8192 bytes)
[    0.006319] CPU: Testing write buffer coherency: ok
[    0.006574] /cpus/cpu@0 missing clock-frequency property
[    0.006619] /cpus/cpu@1 missing clock-frequency property
[    0.006663] /cpus/cpu@2 missing clock-frequency property
[    0.006708] /cpus/cpu@3 missing clock-frequency property
[    0.006722] CPU0: thread -1, cpu 0, socket 0, mpidr 80000000
[    0.007024] Setting up static identity map for 0x80300000 - 0x803000a0
[    0.008957] Hierarchical SRCU implementation.
[    0.010814] Tegra Revision: A01 SKU: 129 CPU Process: 1 SoC Process: 1
[    0.011567] EFI services will not be available.
[    0.011720] smp: Bringing up secondary CPUs ...
[    0.012276] CPU1: thread -1, cpu 1, socket 0, mpidr 80000001
[    0.015624] CPU2: thread -1, cpu 2, socket 0, mpidr 80000002
[    0.025666] CPU3: thread -1, cpu 3, socket 0, mpidr 80000003
[    0.035111] smp: Brought up 1 node, 4 CPUs
[    0.035133] SMP: Total of 4 processors activated (96.00 BogoMIPS).
[    0.035141] CPU: All CPU(s) started in SVC mode.
[    0.036650] devtmpfs: initialized
[    0.050183] VFP support v0.3: implementor 41 architecture 4 part 30 variant f rev 0
[    0.050566] clocksource: jiffies: mask: 0xffffffff max_cycles: 0xffffffff, max_idle_ns: 19112604462750000 ns
[    0.050586] futex hash table entries: 1024 (order: 4, 65536 bytes)
[    0.052041] pinctrl core: initialized pinctrl subsystem
[    0.053572] DMI not present or invalid.
[    0.053817] NET: Registered protocol family 16
[    0.056010] DMA: preallocated 256 KiB pool for atomic coherent allocations
[    0.058336] cpuidle: using governor menu
[    0.083651] No ATAGs?
[    0.083780] hw-breakpoint: found 5 (+1 reserved) breakpoint and 4 watchpoint registers.
[    0.083797] hw-breakpoint: maximum watchpoint size is 8 bytes.
[    0.091254] Serial: AMBA PL011 UART driver
[    0.092657] iommu: Adding device reg-dummy to group 0
[    0.092697] iommu: Adding device 1003000.pcie to group 1
[    0.092773] iommu: Adding device 50000000.host1x to group 2
[    0.092848] iommu: Adding device 54200000.dc to group 3
[    0.092918] iommu: Adding device 54240000.dc to group 4
[    0.092949] iommu: Adding device 54280000.hdmi to group 5
[    0.093017] iommu: Adding device 57000000.gpu to group 6
[    0.093052] iommu: Adding device 60005000.timer to group 7
[    0.093083] iommu: Adding device 60007000.flow-controller to group 8
[    0.093113] iommu: Adding device 6000c800.actmon to group 9
[    0.093145] iommu: Adding device 6000d000.gpio to group 10
[    0.093176] iommu: Adding device 60020000.dma to group 11
[    0.093206] iommu: Adding device 70000800.apbmisc to group 12
[    0.093241] iommu: Adding device 70000868.pinmux to group 13
[    0.093271] iommu: Adding device 70006000.serial to group 14
[    0.093302] iommu: Adding device 70006040.serial to group 15
[    0.093336] iommu: Adding device 70006300.serial to group 16
[    0.093366] iommu: Adding device 7000c000.i2c to group 17
[    0.093396] iommu: Adding device 7000c400.i2c to group 18
[    0.093426] iommu: Adding device 7000c500.i2c to group 19
[    0.093456] iommu: Adding device 7000c700.i2c to group 20
[    0.093486] iommu: Adding device 7000d000.i2c to group 21
[    0.093516] iommu: Adding device 7000d400.spi to group 22
[    0.093546] iommu: Adding device 7000da00.spi to group 23
[    0.093583] iommu: Adding device 7000e000.rtc to group 24
[    0.093614] iommu: Adding device 7000e400.pmc to group 25
[    0.093644] iommu: Adding device 7000f800.fuse to group 26
[    0.093675] iommu: Adding device 70019000.memory-controller to group 27
[    0.093704] iommu: Adding device 7001b000.emc to group 28
[    0.093735] iommu: Adding device 70027000.sata to group 29
[    0.093766] iommu: Adding device 70030000.hda to group 30
[    0.093801] iommu: Adding device 70090000.usb to group 31
[    0.093831] iommu: Adding device 7009f000.padctl to group 32
[    0.093865] iommu: Adding device 700b0400.sdhci to group 33
[    0.093900] iommu: Adding device 700b0600.sdhci to group 34
[    0.093931] iommu: Adding device 70015000.cec to group 35
[    0.093961] iommu: Adding device 700e2000.thermal-sensor to group 36
[    0.093991] iommu: Adding device 70110000.clock to group 37
[    0.094021] iommu: Adding device 70300000.ahub to group 38
[    0.094051] iommu: Adding device 7d000000.usb to group 39
[    0.094081] iommu: Adding device 7d000000.usb-phy to group 40
[    0.094116] iommu: Adding device 7d004000.usb to group 41
[    0.094146] iommu: Adding device 7d004000.usb-phy to group 42
[    0.094176] iommu: Adding device 7d008000.usb to group 43
[    0.094206] iommu: Adding device 7d008000.usb-phy to group 44
[    0.094240] iommu: Adding device pmu to group 45
[    0.094271] iommu: Adding device timer to group 46
[    0.094301] iommu: Adding device clocks to group 47
[    0.094332] iommu: Adding device gpio-keys to group 48
[    0.094366] iommu: Adding device regulators to group 49
[    0.094396] iommu: Adding device regulators:regulator@0 to group 50
[    0.094427] iommu: Adding device regulators:regulator@1 to group 51
[    0.094456] iommu: Adding device regulators:regulator@2 to group 52
[    0.094487] iommu: Adding device regulators:regulator@3 to group 53
[    0.094517] iommu: Adding device regulators:regulator@4 to group 54
[    0.094547] iommu: Adding device regulators:regulator@7 to group 55
[    0.094582] iommu: Adding device regulators:regulator@8 to group 56
[    0.094613] iommu: Adding device regulators:regulator@10 to group 57
[    0.094646] iommu: Adding device regulators:regulator@11 to group 58
[    0.094676] iommu: Adding device regulators:regulator@12 to group 59
[    0.094707] iommu: Adding device regulators:regulator@13 to group 60
[    0.094738] iommu: Adding device regulators:regulator@14 to group 61
[    0.094772] iommu: Adding device sound to group 62
[    0.109677] AT91: Could not find identification node
[    0.110244] +5V_SYS: supplied by +VDD_MUX
[    0.110533] +3.3V_SYS: supplied by +VDD_MUX
[    0.111158] +USB0_VBUS_SW: Failed to request enable GPIO108: -517
[    0.111175] reg-fixed-voltage regulators:regulator@7: Failed to register regulator: -517
[    0.111277] +5V_USB_HS: Failed to request enable GPIO109: -517
[    0.111291] reg-fixed-voltage regulators:regulator@8: Failed to register regulator: -517
[    0.111480] +1.05V_RUN_AVDD_HDMI_PLL: Failed to request enable GPIO63: -517
[    0.111494] reg-fixed-voltage regulators:regulator@11: Failed to register regulator: -517
[    0.111593] +5V_HDMI_CON: Failed to request enable GPIO86: -517
[    0.111606] reg-fixed-voltage regulators:regulator@12: Failed to register regulator: -517
[    0.111705] +5V_SATA: Failed to request enable GPIO242: -517
[    0.111719] reg-fixed-voltage regulators:regulator@13: Failed to register regulator: -517
[    0.111817] +12V_SATA: Failed to request enable GPIO242: -517
[    0.111830] reg-fixed-voltage regulators:regulator@14: Failed to register regulator: -517
[    0.114831] vgaarb: loaded
[    0.115602] SCSI subsystem initialized
[    0.115776] libata version 3.00 loaded.
[    0.115971] usbcore: registered new interface driver usbfs
[    0.116019] usbcore: registered new interface driver hub
[    0.116082] usbcore: registered new device driver usb
[    0.119521] pps_core: LinuxPPS API ver. 1 registered
[    0.119532] pps_core: Software ver. 5.3.6 - Copyright 2005-2007 Rodolfo Giometti <giometti@linux.it>
[    0.119555] PTP clock support registered
[    0.119746] EDAC MC: Ver: 3.0.0
[    0.120009] dmi: Firmware registration failed.
[    0.122596] clocksource: Switched to clocksource arch_sys_counter
[    0.171913] NET: Registered protocol family 2
[    0.172398] TCP established hash table entries: 8192 (order: 3, 32768 bytes)
[    0.172499] TCP bind hash table entries: 8192 (order: 4, 65536 bytes)
[    0.172710] TCP: Hash tables configured (established 8192 bind 8192)
[    0.172795] UDP hash table entries: 512 (order: 2, 16384 bytes)
[    0.172840] UDP-Lite hash table entries: 512 (order: 2, 16384 bytes)
[    0.172989] NET: Registered protocol family 1
[    0.173301] RPC: Registered named UNIX socket transport module.
[    0.173312] RPC: Registered udp transport module.
[    0.173320] RPC: Registered tcp transport module.
[    0.173328] RPC: Registered tcp NFSv4.1 backchannel transport module.
[    0.173341] PCI: CLS 0 bytes, default 64
[    0.174817] hw perfevents: enabled with armv7_cortex_a15 PMU driver, 7 counters available
[    0.175569] iommu: Adding device alarmtimer to group 63
[    0.176358] Initialise system trusted keyrings
[    0.176489] workingset: timestamp_bits=30 max_order=19 bucket_order=0
[    0.182211] squashfs: version 4.0 (2009/01/31) Phillip Lougher
[    0.182810] NFS: Registering the id_resolver key type
[    0.182832] Key type id_resolver registered
[    0.182842] Key type id_legacy registered
[    0.182883] ntfs: driver 2.1.32 [Flags: R/O].
[    0.184266] Key type asymmetric registered
[    0.184277] Asymmetric key parser 'x509' registered
[    0.184328] bounce: pool size: 64 pages
[    0.184372] Block layer SCSI generic (bsg) driver version 0.4 loaded (major 247)
[    0.184383] io scheduler noop registered
[    0.184393] io scheduler deadline registered
[    0.184610] io scheduler cfq registered (default)
[    0.184621] io scheduler mq-deadline registered
[    0.184631] io scheduler kyber registered
[    0.188736]  usb2-0: usb2-0 supply vbus not found, using dummy regulator
[    0.188840]  usb2-1: usb2-1 supply vbus not found, using dummy regulator
[    0.189206] tegra-xusb-padctl 7009f000.padctl: failed to setup XUSB ports: -517
[    0.208488] tegra-pcie 1003000.pcie: 2x1, 1x1 configuration
[    0.208548] tegra-pcie 1003000.pcie: Failed to get supply 'avddio-pex': -517
[    0.214982] tegra124-dfll 70110000.clock: couldn't get vdd_cpu regulator
[    0.221455] tegra-apbdma 60020000.dma: Tegra20 APB DMA driver register 32 channels
[    0.224833] tegra-pmc 7000e400.pmc: emergency thermal reset enabled
[    0.274031] Serial: 8250/16550 driver, 4 ports, IRQ sharing disabled
[    0.274128] iommu: Adding device serial8250 to group 64
[    0.276607] console [ttyS0] disabled
[    0.276646] 70006300.serial: ttyS0 at MMIO 0x70006300 (irq = 335, base_baud = 25500000) is a Tegra
[    1.546022] console [ttyS0] enabled
[    1.550390] SuperH (H)SCI(F) driver initialized
[    1.556062] msm_serial: driver initialized
[    1.560347] STMicroelectronics ASC driver initialized
[    1.566086] 70006000.serial: ttyTHS1 at MMIO 0x70006000 (irq = 333, base_baud = 0) is a TEGRA_UART
[    1.575359] 70006040.serial: ttyTHS2 at MMIO 0x70006040 (irq = 334, base_baud = 0) is a TEGRA_UART
[    1.606520] tegra-hdmi 54280000.hdmi: failed to get HDMI regulator
[    1.623404] brd: module loaded
[    1.632701] loop: module loaded
[    1.637068] at24 0-0056: 256 byte 24c02 EEPROM, writable, 8 bytes/write
[    1.645411] as3722 4-0040: AS3722 with revision 0x1 found
[    1.652708] iommu: Adding device as3722-pinctrl to group 65
[    1.659736] iommu: Adding device as3722-regulator to group 66
[    1.668429] as3722-sd2: supplied by +5V_SYS
[    1.673046] as3722-sd3: supplied by +5V_SYS
[    1.677428] +1.35V_LP0(sd3): Bringing 0uV into 1350000-1350000uV
[    1.683777] as3722-sd4: supplied by +5V_SYS
[    1.688358] as3722-sd5: supplied by +5V_SYS
[    1.694319] as3722-ldo0: supplied by +1.35V_LP0(sd2)
[    1.700326] +1.8V_RUN_CAM: Bringing 0uV into 1800000-1800000uV
[    1.706531] as3722-ldo2: supplied by +1.8V_VDDIO
[    1.712388] as3722-ldo3: supplied by +3.3V_SYS
[    1.716886] +1.05V_LP0_VDD_RTC: Bringing 1100000uV into 1000000-1000000uV
[    1.724644] as3722-ldo4: supplied by +3.3V_SYS
[    1.729301] +2.8V_RUN_CAM: Bringing 0uV into 2800000-2800000uV
[    1.735494] as3722-ldo5: supplied by +1.8V_VDDIO
[    1.740312] +1.2V_RUN_CAM_FRONT: Bringing 0uV into 1200000-1200000uV
[    1.747226] +VDDIO_SDMMC3: bypassed regulator has no supply!
[    1.752900] +VDDIO_SDMMC3: failed to get the current voltage(-517)
[    1.759077] as3722-regulator as3722-regulator: regulator 13 register failed -517
[    1.768955] iommu: Adding device as3722-rtc to group 67
[    1.774530] iommu: Adding device as3722-adc to group 68
[    1.780052] iommu: Adding device as3722-power-off to group 69
[    1.786113] iommu: Adding device as3722-wdt to group 70
[    1.793204] tegra-ahci 70027000.sata: couldn't get PHY in node sata: -517
[    1.815593] m25p80 spi1.0: w25q32dw (4096 Kbytes)
[    1.822537] iommu: Adding device Fixed MDIO bus.0 to group 71
[    1.828738] libphy: Fixed MDIO Bus: probed
[    1.833789] CAN device driver interface
[    1.838567] bgmac_bcma: Broadcom 47xx GBit MAC driver loaded
[    1.845656] e1000e: Intel(R) PRO/1000 Network Driver - 3.2.6-k
[    1.851480] e1000e: Copyright(c) 1999 - 2015 Intel Corporation.
[    1.857448] igb: Intel(R) Gigabit Ethernet Network Driver - version 5.4.0-k
[    1.864415] igb: Copyright (c) 2007-2014 Intel Corporation.
[    1.874057] pegasus: v0.9.3 (2013/04/25), Pegasus/Pegasus II USB Ethernet driver
[    1.881481] usbcore: registered new interface driver pegasus
[    1.887188] usbcore: registered new interface driver asix
[    1.892623] usbcore: registered new interface driver ax88179_178a
[    1.898733] usbcore: registered new interface driver cdc_ether
[    1.904618] usbcore: registered new interface driver smsc75xx
[    1.910394] usbcore: registered new interface driver smsc95xx
[    1.916174] usbcore: registered new interface driver net1080
[    1.921851] usbcore: registered new interface driver cdc_subset
[    1.927806] usbcore: registered new interface driver zaurus
[    1.933427] usbcore: registered new interface driver cdc_ncm
[    1.939314] tegra-phy 7d000000.usb-phy: no vbus regulator
[    1.944928] tegra-phy 7d004000.usb-phy: no vbus regulator
[    1.952391] ehci_hcd: USB 2.0 'Enhanced' Host Controller (EHCI) Driver
[    1.958927] ehci-pci: EHCI PCI platform driver
[    1.963413] ehci-platform: EHCI generic platform driver
[    1.968844] ehci-orion: EHCI orion driver
[    1.973029] SPEAr-ehci: EHCI SPEAr driver
[    1.977176] ehci-st: EHCI STMicroelectronics driver
[    1.982191] ehci-exynos: EHCI EXYNOS driver
[    1.986553] ehci-atmel: EHCI Atmel driver
[    1.990695] tegra-ehci: Tegra EHCI driver
[    1.997564] tegra-ehci 7d004000.usb: EHCI Host Controller
[    2.002996] tegra-ehci 7d004000.usb: new USB bus registered, assigned bus number 1
[    2.010767] tegra-ehci 7d004000.usb: irq 356, io mem 0x7d004000
[    2.042617] tegra-ehci 7d004000.usb: USB 2.0 started, EHCI 1.10
[    2.049210] hub 1-0:1.0: USB hub found
[    2.053013] hub 1-0:1.0: 1 port detected
[    2.057491] ohci_hcd: USB 1.1 'Open' Host Controller (OHCI) Driver
[    2.063709] ohci-pci: OHCI PCI platform driver
[    2.068189] ohci-platform: OHCI generic platform driver
[    2.073628] SPEAr-ohci: OHCI SPEAr driver
[    2.077778] ohci-st: OHCI STMicroelectronics driver
[    2.082809] ohci-atmel: OHCI Atmel driver
[    2.087604] usbcore: registered new interface driver usb-storage
[    2.095412] iommu: Adding device ci_hdrc.0 to group 72
[    2.107652] as3722-rtc as3722-rtc: rtc core: registered as3722-rtc as rtc0
[    2.114544] as3722-rtc as3722-rtc: RTC interrupt 379
[    2.122972] tegra_rtc 7000e000.rtc: rtc core: registered 7000e000.rtc as rtc1
[    2.130138] tegra_rtc 7000e000.rtc: Tegra internal Real Time Clock
[    2.136897] i2c /dev entries driver
[    2.147529] lm90 0-004c: 0-004c supply vcc not found, using dummy regulator
[    2.162787] iommu: Adding device cpufreq-tegra124 to group 73
[    2.170877] sdhci: Secure Digital Host Controller Interface driver
[    2.177068] sdhci: Copyright(c) Pierre Ossman
[    2.183219] Synopsys Designware Multimedia Card Interface Driver
[    2.190763] sdhci-pltfm: SDHCI platform and OF driver helper
[    2.197249] sdhci-tegra 700b0400.sdhci: Got CD GPIO
[    2.202137] sdhci-tegra 700b0400.sdhci: Got WP GPIO
[    2.222639] mmc0: Unknown controller version (3). You may experience problems.
[    2.229897] mmc0: Invalid maximum block size, assuming 512 bytes
[    2.292620] mmc0: SDHCI controller on 700b0600.sdhci [700b0600.sdhci] using ADMA
[    2.302190] ledtrig-cpu: registered to indicate activity on CPUs
[    2.308495] usbcore: registered new interface driver usbhid
[    2.314081] usbhid: USB HID core driver
[    2.322051] NET: Registered protocol family 10
[    2.327346] Segment Routing with IPv6
[    2.331072] sit: IPv6, IPv4 and MPLS over IPv4 tunneling driver
[    2.337515] NET: Registered protocol family 17
[    2.341961] can: controller area network core (rev 20170425 abi 9)
[    2.348208] NET: Registered protocol family 29
[    2.352666] can: raw protocol (rev 20170425)
[    2.356931] can: broadcast manager protocol (rev 20170425 t)
[    2.362603] can: netlink gateway (rev 20170425) max_hops=1
[    2.368362] Key type dns_resolver registered
[    2.373154] ThumbEE CPU extension supported.
[    2.377424] Registering SWP/SWPB emulation handler
[    2.382752] Loading compiled-in X.509 certificates
[    2.400946] +3.3V_RUN: supplied by +3.3V_SYS
[    2.406685] +USB0_VBUS_SW: supplied by +5V_SYS
[    2.411316] +3.3V_AVDD_HDMI_AP_GATED: supplied by +3.3V_RUN
[    2.417337] +5V_USB_HS: supplied by +5V_SYS
[    2.423084] +3.3V_LP0: supplied by +3.3V_SYS
[    2.429244] +5V_HDMI_CON: supplied by +5V_SYS
[    2.434184] +5V_SATA: supplied by +5V_SYS
[    2.439055] +12V_SATA: supplied by +VDD_MUX
[    2.443039] mmc0: new high speed MMC card at address 0001
[    2.443508] mmcblk0: mmc0:0001 SEM16G 14.7 GiB 
[    2.443691] mmcblk0boot0: mmc0:0001 SEM16G partition 1 4.00 MiB
[    2.444200] mmcblk0boot1: mmc0:0001 SEM16G partition 2 4.00 MiB
[    2.453508] mmcblk0rpmb: mmc0:0001 SEM16G partition 3 4.00 MiB, chardev (237:0)
[    2.455947]  mmcblk0: p1
[    2.476382]  usb2-0: usb2-0 supply vbus not found, using dummy regulator
[    2.483268]  usb2-1: usb2-1 supply vbus not found, using dummy regulator
[    2.490233]  usb3-0: usb3-0 supply vbus not found, using dummy regulator
[    2.498264] tegra-pcie 1003000.pcie: 2x1, 1x1 configuration
[    2.503951] tegra-pcie 1003000.pcie: Failed to get supply 'avddio-pex': -517
[    2.513849] tegra124-dfll 70110000.clock: couldn't get vdd_cpu regulator
[    2.524007] tegra-hdmi 54280000.hdmi: failed to get PLL regulator
[    2.535404] as3722-sd2: supplied by +5V_SYS
[    2.539868] as3722-sd3: supplied by +5V_SYS
[    2.544423] as3722-sd4: supplied by +5V_SYS
[    2.548817] as3722-sd5: supplied by +5V_SYS
[    2.555046] as3722-ldo0: supplied by +1.35V_LP0(sd2)
[    2.560754] as3722-ldo1: supplied by +3.3V_RUN
[    2.565620] as3722-ldo2: supplied by +1.8V_VDDIO
[    2.571207] as3722-ldo3: supplied by +3.3V_SYS
[    2.576737] as3722-ldo4: supplied by +3.3V_SYS
[    2.581404] as3722-ldo5: supplied by +1.8V_VDDIO
[    2.586381] as3722-ldo6: supplied by +3.3V_RUN
[    2.591053] as3722-ldo7: supplied by +1.8V_VDDIO
[    2.596465] +1.05V_RUN_CAM_REAR: Bringing 0uV into 1050000-1050000uV
[    2.603551] as3722-ldo9: supplied by +5V_SYS
[    2.609121] +3.3V_RUN_TOUCH: Bringing 0uV into 2800000-2800000uV
[    2.615714] as3722-ldo10: supplied by +5V_SYS
[    2.620637] +2.8V_RUN_CAM_AF: Bringing 0uV into 2800000-2800000uV
[    2.627464] as3722-ldo11: supplied by +3.3V_RUN
[    2.632784] +1.8V_RUN_VPP_FUSE: Bringing 0uV into 1800000-1800000uV
[    2.642773] tegra-ahci 70027000.sata: AHCI 0001.0301 32 slots 2 ports 3 Gbps 0x1 impl platform mode
[    2.651816] tegra-ahci 70027000.sata: flags: 64bit ncq sntf pm led pio slum part sadm sds apst 
[    2.662640] scsi host0: tegra-ahci
[    2.667094] scsi host1: tegra-ahci
[    2.670709] ata1: SATA max UDMA/133 mmio [mem 0x70027000-0x70028fff] port 0x100 irq 345
[    2.678750] ata2: DUMMY
[    2.684886] tegra-ehci 7d008000.usb: EHCI Host Controller
[    2.690303] tegra-ehci 7d008000.usb: new USB bus registered, assigned bus number 2
[    2.698097] tegra-ehci 7d008000.usb: irq 357, io mem 0x7d008000
[    2.732719] tegra-ehci 7d008000.usb: USB 2.0 started, EHCI 1.10
[    2.739433] hub 2-0:1.0: USB hub found
[    2.743283] hub 2-0:1.0: 1 port detected
[    2.749735] sdhci-tegra 700b0400.sdhci: Got CD GPIO
[    2.754689] sdhci-tegra 700b0400.sdhci: Got WP GPIO
[    2.766822] mmc1: Unknown controller version (3). You may experience problems.
[    2.774173] mmc1: Invalid maximum block size, assuming 512 bytes
[    2.843154] mmc1: SDHCI controller on 700b0400.sdhci [700b0400.sdhci] using ADMA
[    2.851322] tegra-pcie 1003000.pcie: 2x1, 1x1 configuration
[    2.859064] tegra-pcie 1003000.pcie: probing port 0, using 2 lanes
[    2.868802] tegra-pcie 1003000.pcie: Slot present pin change, signature: 00000008
[    2.892985] tegra-pcie 1003000.pcie: probing port 1, using 1 lanes
[    2.901326] tegra-pcie 1003000.pcie: Slot present pin change, signature: 00000000
[    2.916071] tegra-pcie 1003000.pcie: PCI host bridge to bus 0000:00
[    2.922350] pci_bus 0000:00: root bus resource [io  0x0000-0xffff]
[    2.928571] pci_bus 0000:00: root bus resource [mem 0x13000000-0x1fffffff]
[    2.935480] pci_bus 0000:00: root bus resource [mem 0x20000000-0x3fffffff pref]
[    2.942840] pci_bus 0000:00: root bus resource [bus 00-ff]
[    2.948370] pci 0000:00:01.0: [10de:0e12] type 01 class 0x060400
[    2.954428] pci_bus 0000:00: 2-byte config write to 0000:00:01.0 offset 0x4 may corrupt adjacent RW1C bits
[    2.964128] pci_bus 0000:00: 2-byte config write to 0000:00:01.0 offset 0x4 may corrupt adjacent RW1C bits
[    2.973847] pci 0000:00:01.0: enabling Extended Tags
[    2.978825] pci_bus 0000:00: 2-byte config write to 0000:00:01.0 offset 0x88 may corrupt adjacent RW1C bits
[    2.988630] pci_bus 0000:00: 2-byte config write to 0000:00:01.0 offset 0x52 may corrupt adjacent RW1C bits
[    2.998457] pci 0000:00:01.0: PME# supported from D0 D1 D2 D3hot D3cold
[    3.005117] pci_bus 0000:00: 2-byte config write to 0000:00:01.0 offset 0x4c may corrupt adjacent RW1C bits
[    3.015139] pci 0000:00:02.0: [10de:0e13] type 01 class 0x060400
[    3.016373] ata1: SATA link down (SStatus 0 SControl 300)
[    3.026596] pci_bus 0000:00: 2-byte config write to 0000:00:02.0 offset 0x4 may corrupt adjacent RW1C bits
[    3.036288] pci_bus 0000:00: 2-byte config write to 0000:00:02.0 offset 0x4 may corrupt adjacent RW1C bits
[    3.045979] pci 0000:00:02.0: enabling Extended Tags
[    3.050942] pci_bus 0000:00: 2-byte config write to 0000:00:02.0 offset 0x88 may corrupt adjacent RW1C bits
[    3.060723] pci_bus 0000:00: 2-byte config write to 0000:00:02.0 offset 0x52 may corrupt adjacent RW1C bits
[    3.070538] pci 0000:00:02.0: PME# supported from D0 D1 D2 D3hot D3cold
[    3.077168] pci_bus 0000:00: 2-byte config write to 0000:00:02.0 offset 0x4c may corrupt adjacent RW1C bits
[    3.087165] PCI: bus0: Fast back to back transfers disabled
[    3.092761] pci 0000:00:01.0: bridge configuration invalid ([bus 00-00]), reconfiguring
[    3.100780] pci 0000:00:02.0: bridge configuration invalid ([bus 00-00]), reconfiguring
[    3.108996] pci 0000:01:00.0: [8086:4232] type 00 class 0x028000
[    3.115066] pci 0000:01:00.0: reg 0x10: [mem 0x00000000-0x00001fff 64bit]
[    3.122104] PCI: bus1: Fast back to back transfers disabled
[    3.127692] pci_bus 0000:01: busn_res: [bus 01-ff] end is updated to 01
[    3.134470] pci 0000:02:00.0: [10ec:8168] type 00 class 0x020000
[    3.140498] pci 0000:02:00.0: reg 0x10: [io  0x0000-0x00ff]
[    3.146114] pci 0000:02:00.0: reg 0x18: [mem 0x00000000-0x00000fff 64bit]
[    3.152938] pci 0000:02:00.0: reg 0x20: [mem 0x00000000-0x00003fff 64bit pref]
[    3.160374] PCI: bus2: Fast back to back transfers disabled
[    3.165984] pci_bus 0000:02: busn_res: [bus 02-ff] end is updated to 02
[    3.172655] pci 0000:00:01.0: BAR 8: assigned [mem 0x13000000-0x130fffff]
[    3.179437] pci 0000:00:02.0: BAR 8: assigned [mem 0x13100000-0x131fffff]
[    3.186241] pci 0000:00:02.0: BAR 9: assigned [mem 0x20000000-0x200fffff 64bit pref]
[    3.194025] pci 0000:00:02.0: BAR 7: assigned [io  0x1000-0x1fff]
[    3.200123] pci 0000:01:00.0: BAR 0: assigned [mem 0x13000000-0x13001fff 64bit]
[    3.207462] pci 0000:00:01.0: PCI bridge to [bus 01]
[    3.212427] pci 0000:00:01.0:   bridge window [mem 0x13000000-0x130fffff]
[    3.219236] pci 0000:02:00.0: BAR 4: assigned [mem 0x20000000-0x20003fff 64bit pref]
[    3.227010] pci 0000:02:00.0: BAR 2: assigned [mem 0x13100000-0x13100fff 64bit]
[    3.234375] pci 0000:02:00.0: BAR 0: assigned [io  0x1000-0x10ff]
[    3.240472] pci 0000:00:02.0: PCI bridge to [bus 02]
[    3.245448] pci 0000:00:02.0:   bridge window [io  0x1000-0x1fff]
[    3.251539] pci 0000:00:02.0:   bridge window [mem 0x13100000-0x131fffff]
[    3.258336] pci 0000:00:02.0:   bridge window [mem 0x20000000-0x200fffff 64bit pref]
[    3.266119] pci 0000:00:01.0: nv_msi_ht_cap_quirk didn't locate host bridge
[    3.273226] pcieport 0000:00:01.0: enabling device (0140 -> 0142)
[    3.279567] pcieport 0000:00:01.0: Signaling PME with IRQ 395
[    3.285492] pci 0000:00:02.0: nv_msi_ht_cap_quirk didn't locate host bridge
[    3.292544] pcieport 0000:00:02.0: enabling device (0140 -> 0143)
[    3.298857] pcieport 0000:00:02.0: Signaling PME with IRQ 396
[    3.304937] r8169 Gigabit Ethernet driver 2.3LK-NAPI loaded
[    3.310522] r8169 0000:02:00.0: enabling device (0140 -> 0143)
[    3.316407] r8169 0000:02:00.0 (unnamed net_device) (uninitialized): not PCI Express
[    3.339558] mmc1: new high speed SDHC card at address aaaa
[    3.345777] mmcblk1: mmc1:aaaa SD04G 3.69 GiB 
[    3.354359] r8169 0000:02:00.0 eth0: RTL8168g/8111g at 0x0a884143, 00:04:4b:3a:d9:81, XID 0c000800 IRQ 22
[    3.363991] r8169 0000:02:00.0 eth0: jumbo features [frames: 9200 bytes, tx checksumming: ko]
[    3.376692] +1.05V_RUN_AVDD_HDMI_PLL: supplied by +1.05V_RUN
[    3.385231] [drm] Supports vblank timestamp caching Rev 2 (21.10.2013).
[    3.391848] [drm] No driver support for vblank timestamp query.
[    3.404350]  mmcblk1: p1 p2 p3
[    3.521961] tegra-hdmi 54280000.hdmi: cannot set audio to 48000 Hz at 297000000 Hz pixel clock
[    3.768939] Console: switching to colour frame buffer device 512x135
[    3.867528] drm drm: fb0:  frame buffer device
[    3.872055] [drm] Initialized tegra 0.0.0 20120330 for drm on minor 0
[    3.879713] iommu: Adding device cpufreq-dt.0 to group 74
[    3.885594] cpufreq: cpufreq_online: CPU0: Running at unlisted freq: 696000 KHz
[    3.892937] cpufreq: cpufreq_online: CPU0: Unlisted initial frequency changed to: 714000 KHz
[    3.902040] input: gpio-keys as /devices/soc0/gpio-keys/input/input0
[    3.909254] as3722-rtc as3722-rtc: setting system clock to 2000-01-01 00:02:31 UTC (946684951)
[    3.918188] +USB0_VBUS_SW: disabling
[    3.921764] +1.8V_RUN_CAM: disabling
[    3.925588] +2.8V_RUN_CAM: disabling
[    3.929359] +1.2V_RUN_CAM_FRONT: disabling
[    3.933726] +1.05V_RUN_CAM_REAR: disabling
[    3.937978] +3.3V_RUN_TOUCH: disabling
[    3.941879] +2.8V_RUN_CAM_AF: disabling
[    3.945980] +1.8V_RUN_VPP_FUSE: disabling
[    3.951052] EXT4-fs (mmcblk0p1): mounting ext3 file system using the ext4 subsystem
[    3.972955] EXT4-fs (mmcblk0p1): recovery complete
[    3.977745] EXT4-fs (mmcblk0p1): mounted filesystem with ordered data mode. Opts: (null)
[    3.985883] VFS: Mounted root (ext3 filesystem) on device 179:1.
[    3.995789] devtmpfs: mounted
[    3.999448] Freeing unused kernel memory: 2048K
bash: cannot set terminal process group (-1): Inappropriate ioctl for device
bash: no job control in this shell
root@(none):/# mount -t sysfs none /sys
root@(none):/# 
root@(none):/# mount -t debugfs none /sys/kernel/debug
root@(none):/# 
root@(none):/# rtcwake -d rtc1 -m mem -s 3
rtcwake: assuming RTC uses UTC ...
rtcwake: wakeup from "mem" using /dev/rtc1 at Thu Jan  1 00:00:21 1970
[    7.395864] PM: suspend entry (deep)
[    7.399443] PM: Syncing filesystems ... done.
[    7.456122] Freezing user space processes ... (elapsed 0.001 seconds) done.
[    7.464296] OOM killer disabled.
[    7.467522] Freezing remaining freezable tasks ... (elapsed 0.001 seconds) done.
[    7.476128] Suspending console(s) (use no_console_suspend to debug)
[    7.606216] Disabling non-boot CPUs ...
[    7.743219] Entering suspend state LP1
[    7.743233] Enabling non-boot CPUs ...
[    7.743624] CPU1 is up
[    7.743962] CPU2 is up
[    7.744357] CPU3 is up
[    7.745287] pcieport 0000:00:02.0: nv_msi_ht_cap_quirk didn't locate host bridge
[    7.745289] pcieport 0000:00:01.0: nv_msi_ht_cap_quirk didn't locate host bridge
[    7.793011] tegra-hdmi 54280000.hdmi: cannot set audio to 48000 Hz at 297000000 Hz pixel clock
[    7.956513] OOM killer enabled.
[    7.959642] Restarting tasks ... done.
[    8.047941] PM: suspend exit
root@(none):/# 
root@(none):/# [    8.096982] ata1: SATA link down (SStatus 0 SControl 300)
rtcwake -d rtc1 -m mem -s 3
rtcwake: assuming RTC uses UTC ...
rtcwake: wakeup from "mem" using /dev/rtc1 at Thu Jan  1 00:00:25 1970
[    8.354696] PM: suspend entry (deep)
[    8.358280] PM: Syncing filesystems ... done.
[    8.426337] Freezing user space processes ... (elapsed 0.001 seconds) done.
[    8.434528] OOM killer disabled.
[    8.437755] Freezing remaining freezable tasks ... (elapsed 0.001 seconds) done.
[    8.446385] Suspending console(s) (use no_console_suspend to debug)
[    8.463729] pci_generic_config_write32: 78 callbacks suppressed
[    8.463735] pci_bus 0000:00: 2-byte config write to 0000:00:02.0 offset 0x9c may corrupt adjacent RW1C bits
[    8.463753] pci_bus 0000:00: 2-byte config write to 0000:00:01.0 offset 0x9c may corrupt adjacent RW1C bits
[    8.576761] Disabling non-boot CPUs ...
[    8.692705] IRQ17 no longer affine to CPU2
[    8.753081] Entering suspend state LP1
[    8.753094] Enabling non-boot CPUs ...
[    8.753500] CPU1 is up
[    8.753846] CPU2 is up
[    8.754240] CPU3 is up
[    8.755026] pci_bus 0000:00: 2-byte config write to 0000:00:01.0 offset 0x4c may corrupt adjacent RW1C bits
[    8.755036] pci_bus 0000:00: 2-byte config write to 0000:00:01.0 offset 0x88 may corrupt adjacent RW1C bits
[    8.755042] pci_bus 0000:00: 2-byte config write to 0000:00:01.0 offset 0x90 may corrupt adjacent RW1C bits
[    8.755047] pci_bus 0000:00: 2-byte config write to 0000:00:01.0 offset 0x98 may corrupt adjacent RW1C bits
[    8.755052] pci_bus 0000:00: 2-byte config write to 0000:00:01.0 offset 0x9c may corrupt adjacent RW1C bits
[    8.755058] pci_bus 0000:00: 2-byte config write to 0000:00:01.0 offset 0xa8 may corrupt adjacent RW1C bits
[    8.755062] pci_bus 0000:00: 2-byte config write to 0000:00:01.0 offset 0xb0 may corrupt adjacent RW1C bits
[    8.755090] pci_bus 0000:00: 2-byte config write to 0000:00:01.0 offset 0x52 may corrupt adjacent RW1C bits
[    8.755121] pcieport 0000:00:01.0: nv_msi_ht_cap_quirk didn't locate host bridge
[    8.755238] pcieport 0000:00:02.0: nv_msi_ht_cap_quirk didn't locate host bridge
[    8.802997] tegra-hdmi 54280000.hdmi: cannot set audio to 48000 Hz at 297000000 Hz pixel clock
[    9.073908] OOM killer enabled.
[    9.077045] Restarting tasks ... done.
[    9.095449] ata1: SATA link down (SStatus 0 SControl 300)
[    9.166352] PM: suspend exit
root@(none):/# 
root@(none):/# rtcwake -d rtc1 -m mem -s 3
rtcwake: assuming RTC uses UTC ...
rtcwake: wakeup from "mem" using /dev/rtc1 at Thu Jan  1 00:00:30 1970
[   10.364183] PM: suspend entry (deep)
[   10.367764] PM: Syncing filesystems ... done.
[   10.430019] Freezing user space processes ... (elapsed 0.001 seconds) done.
[   10.438206] OOM killer disabled.
[   10.441430] Freezing remaining freezable tasks ... (elapsed 0.001 seconds) done.
[   10.450027] Suspending console(s) (use no_console_suspend to debug)
[   10.586709] Disabling non-boot CPUs ...
[   10.723042] Entering suspend state LP1
[   10.723056] Enabling non-boot CPUs ...
[   10.723463] CPU1 is up
[   10.723813] CPU2 is up
[   10.724205] CPU3 is up
[   10.725133] pcieport 0000:00:01.0: nv_msi_ht_cap_quirk didn't locate host bridge
[   10.725135] pcieport 0000:00:02.0: nv_msi_ht_cap_quirk didn't locate host bridge
[   10.772971] tegra-hdmi 54280000.hdmi: cannot set audio to 48000 Hz at 297000000 Hz pixel clock
[   10.936584] OOM killer enabled.
[   10.939712] Restarting tasks ... done.
[   11.028951] PM: suspend exit
root@(none):/# 
root@(none):/# [   11.066616] ata1: SATA link down (SStatus 0 SControl 300)
rtcwake -d rtc1 -m mem -s 3
rtcwake: assuming RTC uses UTC ...
rtcwake: wakeup from "mem" using /dev/rtc1 at Thu Jan  1 00:00:34 1970
[   11.334667] PM: suspend entry (deep)
[   11.338257] PM: Syncing filesystems ... done.
[   11.406324] Freezing user space processes ... (elapsed 0.001 seconds) done.
[   11.414519] OOM killer disabled.
[   11.417738] Freezing remaining freezable tasks ... (elapsed 0.001 seconds) done.
[   11.426318] Suspending console(s) (use no_console_suspend to debug)
[   11.556731] Disabling non-boot CPUs ...
[   11.693026] Entering suspend state LP1
[   11.693038] Enabling non-boot CPUs ...
[   11.693385] CPU1 is up
[   11.693672] CPU2 is up
[   11.693991] CPU3 is up
[   11.694703] pcieport 0000:00:02.0: nv_msi_ht_cap_quirk didn't locate host bridge
[   11.694795] pcieport 0000:00:01.0: nv_msi_ht_cap_quirk didn't locate host bridge
[   11.742919] tegra-hdmi 54280000.hdmi: cannot set audio to 48000 Hz at 297000000 Hz pixel clock
[   11.899182] OOM killer enabled.
[   11.902311] Restarting tasks ... done.
[   11.940989] PM: suspend exit
root@(none):/# 
root@(none):/# [   12.037252] ata1: SATA link down (SStatus 0 SControl 300)
rtcwake -d rtc1 -m mem -s 3
rtcwake: assuming RTC uses UTC ...
rtcwake: wakeup from "mem" using /dev/rtc1 at Thu Jan  1 00:00:38 1970
[   12.316347] PM: suspend entry (deep)
[   12.319935] PM: Syncing filesystems ... done.
[   12.457698] Freezing user space processes ... (elapsed 0.001 seconds) done.
[   12.465933] OOM killer disabled.
[   12.469157] Freezing remaining freezable tasks ... (elapsed 0.001 seconds) done.
[   12.477758] Suspending console(s) (use no_console_suspend to debug)
[   12.606421] Disabling non-boot CPUs ...
[   12.682643] IRQ17 no longer affine to CPU2
[   12.743000] Entering suspend state LP1
[   12.743013] Enabling non-boot CPUs ...
[   12.743422] CPU1 is up
[   12.743770] CPU2 is up
[   12.744165] CPU3 is up
[   12.745088] pcieport 0000:00:01.0: nv_msi_ht_cap_quirk didn't locate host bridge
[   12.745090] pcieport 0000:00:02.0: nv_msi_ht_cap_quirk didn't locate host bridge
[   12.792939] tegra-hdmi 54280000.hdmi: cannot set audio to 48000 Hz at 297000000 Hz pixel clock
[   12.960513] OOM killer enabled.
[   12.963653] Restarting tasks ... done.
[   13.048895] PM: suspend exit
root@(none):/# 
root@(none):/# [   13.086572] ata1: SATA link down (SStatus 0 SControl 300)
rtcwake -d rtc1 -m mem -s 3
rtcwake: assuming RTC uses UTC ...
rtcwake: wakeup from "mem" using /dev/rtc1 at Thu Jan  1 00:00:42 1970
[   13.354629] PM: suspend entry (deep)
[   13.358218] PM: Syncing filesystems ... done.
[   13.426296] Freezing user space processes ... (elapsed 0.001 seconds) done.
[   13.434494] OOM killer disabled.
[   13.437722] Freezing remaining freezable tasks ... (elapsed 0.001 seconds) done.
[   13.446357] Suspending console(s) (use no_console_suspend to debug)
[   13.576896] Disabling non-boot CPUs ...
[   13.612616] IRQ17 no longer affine to CPU1
[   13.712973] Entering suspend state LP1
[   13.712985] Enabling non-boot CPUs ...
[   13.713328] CPU1 is up
[   13.713606] CPU2 is up
[   13.713916] CPU3 is up
[   13.714541] pci_generic_config_write32: 104 callbacks suppressed
[   13.714547] pci_bus 0000:00: 2-byte config write to 0000:00:01.0 offset 0x4c may corrupt adjacent RW1C bits
[   13.714553] pci_bus 0000:00: 2-byte config write to 0000:00:02.0 offset 0x4c may corrupt adjacent RW1C bits
[   13.714563] pci_bus 0000:00: 2-byte config write to 0000:00:01.0 offset 0x88 may corrupt adjacent RW1C bits
[   13.714568] pci_bus 0000:00: 2-byte config write to 0000:00:02.0 offset 0x88 may corrupt adjacent RW1C bits
[   13.714572] pci_bus 0000:00: 2-byte config write to 0000:00:01.0 offset 0x90 may corrupt adjacent RW1C bits
[   13.714576] pci_bus 0000:00: 2-byte config write to 0000:00:02.0 offset 0x90 may corrupt adjacent RW1C bits
[   13.714581] pci_bus 0000:00: 2-byte config write to 0000:00:01.0 offset 0x98 may corrupt adjacent RW1C bits
[   13.714585] pci_bus 0000:00: 2-byte config write to 0000:00:02.0 offset 0x98 may corrupt adjacent RW1C bits
[   13.714589] pci_bus 0000:00: 2-byte config write to 0000:00:01.0 offset 0x9c may corrupt adjacent RW1C bits
[   13.714593] pci_bus 0000:00: 2-byte config write to 0000:00:02.0 offset 0x9c may corrupt adjacent RW1C bits
[   13.714685] pcieport 0000:00:02.0: nv_msi_ht_cap_quirk didn't locate host bridge
[   13.714686] pcieport 0000:00:01.0: nv_msi_ht_cap_quirk didn't locate host bridge
[   13.762866] tegra-hdmi 54280000.hdmi: cannot set audio to 48000 Hz at 297000000 Hz pixel clock
[   14.025894] OOM killer enabled.
[   14.029026] Restarting tasks ... done.
[   14.055329] ata1: SATA link down (SStatus 0 SControl 300)
[   14.097151] PM: suspend exit
root@(none):/# 
root@(none):/# rtcwake -d rtc1 -m mem -s 3
rtcwake: assuming RTC uses UTC ...
rtcwake: wakeup from "mem" using /dev/rtc1 at Thu Jan  1 00:00:47 1970
[   15.324178] PM: suspend entry (deep)
[   15.327757] PM: Syncing filesystems ... done.
[   15.389905] Freezing user space processes ... (elapsed 0.001 seconds) done.
[   15.398093] OOM killer disabled.
[   15.401318] Freezing remaining freezable tasks ... (elapsed 0.001 seconds) done.
[   15.409928] Suspending console(s) (use no_console_suspend to debug)
[   15.546622] Disabling non-boot CPUs ...
[   15.682950] Entering suspend state LP1
[   15.682962] Enabling non-boot CPUs ...
[   15.683306] CPU1 is up
[   15.683585] CPU2 is up
[   15.683898] CPU3 is up
[   15.684613] pcieport 0000:00:02.0: nv_msi_ht_cap_quirk didn't locate host bridge
[   15.684628] pcieport 0000:00:01.0: nv_msi_ht_cap_quirk didn't locate host bridge
[   15.722903] tegra-hdmi 54280000.hdmi: cannot set audio to 48000 Hz at 297000000 Hz pixel clock
[   15.878563] OOM killer enabled.
[   15.881691] Restarting tasks ... done.
[   15.919540] PM: suspend exit
root@(none):/# 
root@(none):/# [   16.027551] ata1: SATA link down (SStatus 0 SControl 300)
rtcwake -d rtc1 -m mem -s 3
rtcwake: assuming RTC uses UTC ...
rtcwake: wakeup from "mem" using /dev/rtc1 at Thu Jan  1 00:00:51 1970
[   16.294665] PM: suspend entry (deep)
[   16.298248] PM: Syncing filesystems ... done.
[   16.412386] Freezing user space processes ... (elapsed 0.001 seconds) done.
[   16.420746] OOM killer disabled.
[   16.424017] Freezing remaining freezable tasks ... (elapsed 0.001 seconds) done.
[   16.432686] Suspending console(s) (use no_console_suspend to debug)
[   16.586427] Disabling non-boot CPUs ...
[   16.672583] IRQ17 no longer affine to CPU2
[   16.732946] Entering suspend state LP1
[   16.732958] Enabling non-boot CPUs ...
[   16.733308] CPU1 is up
[   16.733594] CPU2 is up
[   16.733914] CPU3 is up
[   16.734651] pcieport 0000:00:02.0: nv_msi_ht_cap_quirk didn't locate host bridge
[   16.734653] pcieport 0000:00:01.0: nv_msi_ht_cap_quirk didn't locate host bridge
[   16.772877] tegra-hdmi 54280000.hdmi: cannot set audio to 48000 Hz at 297000000 Hz pixel clock
[   16.933240] OOM killer enabled.
[   16.936369] Restarting tasks ... done.
[   16.969491] PM: suspend exit
root@(none):/# 
root@(none):/# [   17.077069] ata1: SATA link down (SStatus 0 SControl 300)
rtcwake -d rtc1 -m mem -s 3
rtcwake: assuming RTC uses UTC ...
rtcwake: wakeup from "mem" using /dev/rtc1 at Thu Jan  1 00:00:55 1970
[   17.344809] PM: suspend entry (deep)
[   17.348398] PM: Syncing filesystems ... done.
[   17.406272] Freezing user space processes ... (elapsed 0.001 seconds) done.
[   17.414469] OOM killer disabled.
[   17.417688] Freezing remaining freezable tasks ... (elapsed 0.001 seconds) done.
[   17.426272] Suspending console(s) (use no_console_suspend to debug)
[   17.556917] Disabling non-boot CPUs ...
[   17.592561] IRQ17 no longer affine to CPU1
[   17.692935] Entering suspend state LP1
[   17.692947] Enabling non-boot CPUs ...
[   17.693295] CPU1 is up
[   17.693581] CPU2 is up
[   17.693901] CPU3 is up
[   17.694666] pcieport 0000:00:02.0: nv_msi_ht_cap_quirk didn't locate host bridge
[   17.694668] pcieport 0000:00:01.0: nv_msi_ht_cap_quirk didn't locate host bridge
[   17.732837] tegra-hdmi 54280000.hdmi: cannot set audio to 48000 Hz at 297000000 Hz pixel clock
[   17.893216] OOM killer enabled.
[   17.896345] Restarting tasks ... done.
[   17.929454] PM: suspend exit
root@(none):/# 
root@(none):/# [   18.037275] ata1: SATA link down (SStatus 0 SControl 300)
rtcwake -d rtc1 -m mem -s 3
rtcwake: assuming RTC uses UTC ...
rtcwake: wakeup from "mem" using /dev/rtc1 at Thu Jan  1 00:00:59 1970
[   18.304539] PM: suspend entry (deep)
[   18.308124] PM: Syncing filesystems ... done.
[   18.366296] Freezing user space processes ... (elapsed 0.001 seconds) done.
[   18.374417] OOM killer disabled.
[   18.377641] Freezing remaining freezable tasks ... (elapsed 0.001 seconds) done.
[   18.386204] Suspending console(s) (use no_console_suspend to debug)
[   18.515917] Disabling non-boot CPUs ...
[   18.682914] Entering suspend state LP1
[   18.682928] Enabling non-boot CPUs ...
[   18.683340] CPU1 is up
[   18.683690] CPU2 is up
[   18.684092] CPU3 is up
[   18.685009] pcieport 0000:00:02.0: nv_msi_ht_cap_quirk didn't locate host bridge
[   18.685011] pcieport 0000:00:01.0: nv_msi_ht_cap_quirk didn't locate host bridge
[   18.732823] tegra-hdmi 54280000.hdmi: cannot set audio to 48000 Hz at 297000000 Hz pixel clock
[   18.896317] OOM killer enabled.
[   18.899446] Restarting tasks ... done.
NVTB SYSTEM SUSPEND TEST COMPLETE
[   18.988815] PM: suspend exit
root@(none):/# 
root@(none):/# [   19.026655] ata1: SATA link down (SStatus 0 SControl 300)
