
U-Boot SPL 2016.05-rc2 (Apr 21 2016 - 16:23:00)
Trying to boot from RAM


U-Boot 2016.05-rc2 (Apr 21 2016 - 16:23:00 -0700)

TEGRA124
Model: NVIDIA Jetson TK1
Board: NVIDIA Jetson TK1
DRAM:  2 GiB
C:   Tegra SD/MMC: 0, Tegra SD/MMC: 1
In:    serial
Out:   serial
Err:   serial
Net:   No ethernet found.
Hit any key to stop autoboot:  2  0 
Tegra124 (Jetson TK1) # 
Tegra124 (Jetson TK1) # pci enum
Tegra124 (Jetson TK1) # setenv bootargs 'ignore_loglevel console=ttyS0,115200n8 rw root=PARTUUID=b1791faa-84e8-4e27-83a1-9fb0a77e8803 rootwait gpt debug noinitrd earlyprintk init=/bin/bash'
Tegra124 (Jetson TK1) # setenv ipaddr 192.168.100.102; setenv serverip 192.168.100.1; setenv tftpserverip 192.168.100.1
Tegra124 (Jetson TK1) # tftpboot 0x82000000 zImage.tegra_defconfig%tegra-fw

Warning: eth_rtl8169 using MAC address from ROM
Using eth_rtl8169 device
TFTP from server 192.168.100.1; our IP address is 192.168.100.102
Filename 'zImage.tegra_defconfig%tegra-fw'.
Load address: 0x82000000
Loading: *#################################################################
	 #################################################################
	 #################################################################
	 #################################################################
	 #################################################################
	 #################################################################
	 ##########################################
	 3.7 MiB/s
done
Bytes transferred = 6332104 (609ec8 hex)
Tegra124 (Jetson TK1) # tftpboot 0x83000000 tegra124-jetson-tk1.dtb
Using eth_rtl8169 device
TFTP from server 192.168.100.1; our IP address is 192.168.100.102
Filename 'tegra124-jetson-tk1.dtb'.
Load address: 0x83000000
Loading: *#####
	 3.7 MiB/s
done
Bytes transferred = 66544 (103f0 hex)
Tegra124 (Jetson TK1) # bootz 0x82000000 - 0x83000000
Kernel image @ 0x82000000 [ 0x000000 - 0x609ec8 ]
## Flattened Device Tree blob at 83000000
   Booting using the fdt blob at 0x83000000
   Using Device Tree in place at 83000000, end 830133ef

Starting kernel ...

[    0.000000] Booting Linux on physical CPU 0x0
[    0.000000] Linux version 4.15.0-rc5-216872-g464e1d5 (jonathanh@sellafield) (gcc version 4.7.3 20130328 (prerelease) (crosstool-NG linaro-1.13.1-4.7-2013.04-20130415 - Linaro GCC 2013.04)) #1 SMP PREEMPT Sat Dec 23 21:02:59 PST 2017
[    0.000000] CPU: ARMv7 Processor [413fc0f3] revision 3 (ARMv7), cr=10c5387d
[    0.000000] CPU: div instructions available: patching division code
[    0.000000] CPU: PIPT / VIPT nonaliasing data cache, PIPT instruction cache
[    0.000000] OF: fdt: Machine model: NVIDIA Tegra124 Jetson TK1
[    0.000000] debug: ignoring loglevel setting.
[    0.000000] bootconsole [earlycon0] enabled
[    0.000000] Memory policy: Data cache writealloc
[    0.000000] cma: Reserved 64 MiB at 0xfbc00000
[    0.000000] On node 0 totalpages: 524032
[    0.000000]   Normal zone: 1536 pages used for memmap
[    0.000000]   Normal zone: 0 pages reserved
[    0.000000]   Normal zone: 196608 pages, LIFO batch:31
[    0.000000]   HighMem zone: 327424 pages, LIFO batch:31
[    0.000000] random: fast init done
[    0.000000] percpu: Embedded 17 pages/cpu @(ptrval) s39104 r8192 d22336 u69632
[    0.000000] pcpu-alloc: s39104 r8192 d22336 u69632 alloc=17*4096
[    0.000000] pcpu-alloc: [0] 0 [0] 1 [0] 2 [0] 3 
[    0.000000] Built 1 zonelists, mobility grouping on.  Total pages: 522496
[    0.000000] Kernel command line: ignore_loglevel console=ttyS0,115200n8 rw root=PARTUUID=b1791faa-84e8-4e27-83a1-9fb0a77e8803 rootwait gpt debug noinitrd earlyprintk init=/bin/bash
[    0.000000] Dentry cache hash table entries: 131072 (order: 7, 524288 bytes)
[    0.000000] Inode-cache hash table entries: 65536 (order: 6, 262144 bytes)
[    0.000000] Memory: 1997468K/2096128K available (9216K kernel code, 777K rwdata, 2820K rodata, 1024K init, 299K bss, 33124K reserved, 65536K cma-reserved, 1244160K highmem)
[    0.000000] Virtual kernel memory layout:
[    0.000000]     vector  : 0xffff0000 - 0xffff1000   (   4 kB)
[    0.000000]     fixmap  : 0xffc00000 - 0xfff00000   (3072 kB)
[    0.000000]     vmalloc : 0xf0800000 - 0xff800000   ( 240 MB)
[    0.000000]     lowmem  : 0xc0000000 - 0xf0000000   ( 768 MB)
[    0.000000]     pkmap   : 0xbfe00000 - 0xc0000000   (   2 MB)
[    0.000000]     modules : 0xbf000000 - 0xbfe00000   (  14 MB)
[    0.000000]       .text : 0x(ptrval) - 0x(ptrval)   (10208 kB)
[    0.000000]       .init : 0x(ptrval) - 0x(ptrval)   (1024 kB)
[    0.000000]       .data : 0x(ptrval) - 0x(ptrval)   ( 778 kB)
[    0.000000]        .bss : 0x(ptrval) - 0x(ptrval)   ( 300 kB)
[    0.000000] Preemptible hierarchical RCU implementation.
[    0.000000] 	Tasks RCU enabled.
[    0.000000] NR_IRQS: 16, nr_irqs: 16, preallocated irqs: 16
[    0.000000] /interrupt-controller@60004000: 160 interrupts forwarded to /interrupt-controller@50041000
[    0.000000] Tegra clk 127: register failed with -17
[    0.000009] sched_clock: 32 bits at 1000kHz, resolution 1000ns, wraps every 2147483647500ns
[    0.007465] clocksource: timer_us: mask: 0xffffffff max_cycles: 0xffffffff, max_idle_ns: 1911260446275 ns
[    0.016992] Switching to timer-based delay loop, resolution 1000ns
[    0.024236] arch_timer: cp15 timer(s) running at 12.00MHz (virt).
[    0.029216] clocksource: arch_sys_counter: mask: 0xffffffffffffff max_cycles: 0x2c47f4ee7, max_idle_ns: 440795202497 ns
[    0.039963] sched_clock: 56 bits at 12MHz, resolution 83ns, wraps every 4398046511096ns
[    0.047931] Switching to timer-based delay loop, resolution 83ns
[    0.054396] Console: colour dummy device 80x30
[    0.058348] Calibrating delay loop (skipped), value calculated using timer frequency.. 24.00 BogoMIPS (lpj=120000)
[    0.068655] pid_max: default: 32768 minimum: 301
[    0.073730] Mount-cache hash table entries: 2048 (order: 1, 8192 bytes)
[    0.079841] Mountpoint-cache hash table entries: 2048 (order: 1, 8192 bytes)
[    0.087688] CPU: Testing write buffer coherency: ok
[    0.092002] /cpus/cpu@0 missing clock-frequency property
[    0.097015] /cpus/cpu@1 missing clock-frequency property
[    0.102324] /cpus/cpu@2 missing clock-frequency property
[    0.107590] /cpus/cpu@3 missing clock-frequency property
[    0.112859] CPU0: thread -1, cpu 0, socket 0, mpidr 80000000
[    0.152971] Setting up static identity map for 0x80100000 - 0x801000a0
[    0.157723] Hierarchical SRCU implementation.
[    0.173509] Tegra Revision: A01 SKU: 129 CPU Process: 1 SoC Process: 1
[    0.192991] smp: Bringing up secondary CPUs ...
[    0.243615] CPU1: thread -1, cpu 1, socket 0, mpidr 80000001
[    0.323722] CPU2: thread -1, cpu 2, socket 0, mpidr 80000002
[    0.403834] CPU3: thread -1, cpu 3, socket 0, mpidr 80000003
[    0.413412] smp: Brought up 1 node, 4 CPUs
[    0.432499] SMP: Total of 4 processors activated (96.00 BogoMIPS).
[    0.438667] CPU: All CPU(s) started in SVC mode.
[    0.445089] devtmpfs: initialized
[    0.464942] VFP support v0.3: implementor 41 architecture 4 part 30 variant f rev 0
[    0.471061] clocksource: jiffies: mask: 0xffffffff max_cycles: 0xffffffff, max_idle_ns: 19112604462750000 ns
[    0.480498] futex hash table entries: 1024 (order: 4, 65536 bytes)
[    0.488000] pinctrl core: initialized pinctrl subsystem
[    0.493033] NET: Registered protocol family 16
[    0.497724] DMA: preallocated 256 KiB pool for atomic coherent allocations
[    0.504413] cpuidle: using governor menu
[    0.530298] No ATAGs?
[    0.530433] hw-breakpoint: found 5 (+1 reserved) breakpoint and 4 watchpoint registers.
[    0.538793] hw-breakpoint: maximum watchpoint size is 8 bytes.
[    0.546495] iommu: Adding device reg-dummy to group 0
[    0.549699] iommu: Adding device 1003000.pcie to group 1
[    0.555002] iommu: Adding device 50000000.host1x to group 2
[    0.560555] iommu: Adding device 54200000.dc to group 3
[    0.565736] iommu: Adding device 54240000.dc to group 4
[    0.570921] iommu: Adding device 54280000.hdmi to group 5
[    0.576310] iommu: Adding device 57000000.gpu to group 6
[    0.581582] iommu: Adding device 60005000.timer to group 7
[    0.587015] iommu: Adding device 60007000.flow-controller to group 8
[    0.593362] iommu: Adding device 6000c800.actmon to group 9
[    0.598890] iommu: Adding device 6000d000.gpio to group 10
[    0.604367] iommu: Adding device 60020000.dma to group 11
[    0.609740] iommu: Adding device 70000800.apbmisc to group 12
[    0.615461] iommu: Adding device 70000868.pinmux to group 13
[    0.621081] iommu: Adding device 70006000.serial to group 14
[    0.626727] iommu: Adding device 70006040.serial to group 15
[    0.632342] iommu: Adding device 70006300.serial to group 16
[    0.637994] iommu: Adding device 7000c000.i2c to group 17
[    0.643350] iommu: Adding device 7000c400.i2c to group 18
[    0.648738] iommu: Adding device 7000c500.i2c to group 19
[    0.654096] iommu: Adding device 7000c700.i2c to group 20
[    0.659494] iommu: Adding device 7000d000.i2c to group 21
[    0.664842] iommu: Adding device 7000d400.spi to group 22
[    0.670239] iommu: Adding device 7000da00.spi to group 23
[    0.675591] iommu: Adding device 7000e000.rtc to group 24
[    0.680982] iommu: Adding device 7000e400.pmc to group 25
[    0.686336] iommu: Adding device 7000f800.fuse to group 26
[    0.691813] iommu: Adding device 70019000.memory-controller to group 27
[    0.698385] iommu: Adding device 7001b000.emc to group 28
[    0.703779] iommu: Adding device 70027000.sata to group 29
[    0.709215] iommu: Adding device 70030000.hda to group 30
[    0.714610] iommu: Adding device 70090000.usb to group 31
[    0.719964] iommu: Adding device 7009f000.padctl to group 32
[    0.725628] iommu: Adding device 700b0400.sdhci to group 33
[    0.731143] iommu: Adding device 700b0600.sdhci to group 34
[    0.736707] iommu: Adding device 70015000.cec to group 35
[    0.742075] iommu: Adding device 700e2000.thermal-sensor to group 36
[    0.748411] iommu: Adding device 70110000.clock to group 37
[    0.753936] iommu: Adding device 70300000.ahub to group 38
[    0.759414] iommu: Adding device 7d000000.usb to group 39
[    0.764770] iommu: Adding device 7d000000.usb-phy to group 40
[    0.770507] iommu: Adding device 7d004000.usb to group 41
[    0.775864] iommu: Adding device 7d004000.usb-phy to group 42
[    0.781605] iommu: Adding device 7d008000.usb to group 43
[    0.786963] iommu: Adding device 7d008000.usb-phy to group 44
[    0.792694] iommu: Adding device pmu to group 45
[    0.797270] iommu: Adding device timer to group 46
[    0.802038] iommu: Adding device clocks to group 47
[    0.806906] iommu: Adding device gpio-keys to group 48
[    0.812005] iommu: Adding device regulators to group 49
[    0.817229] iommu: Adding device regulators:regulator@0 to group 50
[    0.823442] iommu: Adding device regulators:regulator@1 to group 51
[    0.829702] iommu: Adding device regulators:regulator@2 to group 52
[    0.835923] iommu: Adding device regulators:regulator@3 to group 53
[    0.842179] iommu: Adding device regulators:regulator@4 to group 54
[    0.848408] iommu: Adding device regulators:regulator@7 to group 55
[    0.854661] iommu: Adding device regulators:regulator@8 to group 56
[    0.860890] iommu: Adding device regulators:regulator@10 to group 57
[    0.867227] iommu: Adding device regulators:regulator@11 to group 58
[    0.873536] iommu: Adding device regulators:regulator@12 to group 59
[    0.879880] iommu: Adding device regulators:regulator@13 to group 60
[    0.886190] iommu: Adding device regulators:regulator@14 to group 61
[    0.892531] iommu: Adding device sound to group 62
[    0.914266] +5V_SYS: supplied by +VDD_MUX
[    0.916757] +3.3V_SYS: supplied by +VDD_MUX
[    0.921315] +USB0_VBUS_SW: Failed to request enable GPIO108: -517
[    0.926638] reg-fixed-voltage regulators:regulator@7: Failed to register regulator: -517
[    0.934761] +5V_USB_HS: Failed to request enable GPIO109: -517
[    0.940484] reg-fixed-voltage regulators:regulator@8: Failed to register regulator: -517
[    0.948716] +1.05V_RUN_AVDD_HDMI_PLL: Failed to request enable GPIO63: -517
[    0.955503] reg-fixed-voltage regulators:regulator@11: Failed to register regulator: -517
[    0.963703] +5V_HDMI_CON: Failed to request enable GPIO86: -517
[    0.969516] reg-fixed-voltage regulators:regulator@12: Failed to register regulator: -517
[    0.977741] +5V_SATA: Failed to request enable GPIO242: -517
[    0.983296] reg-fixed-voltage regulators:regulator@13: Failed to register regulator: -517
[    0.991522] +12V_SATA: Failed to request enable GPIO242: -517
[    0.997160] reg-fixed-voltage regulators:regulator@14: Failed to register regulator: -517
[    1.006605] vgaarb: loaded
[    1.008756] SCSI subsystem initialized
[    1.011940] libata version 3.00 loaded.
[    1.015837] usbcore: registered new interface driver usbfs
[    1.021058] usbcore: registered new interface driver hub
[    1.026365] usbcore: registered new device driver usb
[    1.034581] Linux video capture interface: v2.00
[    1.037362] pps_core: LinuxPPS API ver. 1 registered
[    1.042262] pps_core: Software ver. 5.3.6 - Copyright 2005-2007 Rodolfo Giometti <giometti@linux.it>
[    1.051367] PTP clock support registered
[    1.056673] Advanced Linux Sound Architecture Driver Initialized.
[    1.061944] Bluetooth: Core ver 2.22
[    1.064899] NET: Registered protocol family 31
[    1.069295] Bluetooth: HCI device and connection manager initialized
[    1.075600] Bluetooth: HCI socket layer initialized
[    1.080473] Bluetooth: L2CAP socket layer initialized
[    1.085507] Bluetooth: SCO socket layer initialized
[    1.090974] clocksource: Switched to clocksource arch_sys_counter
[    1.186583] NET: Registered protocol family 2
[    1.190035] TCP established hash table entries: 8192 (order: 3, 32768 bytes)
[    1.196171] TCP bind hash table entries: 8192 (order: 4, 65536 bytes)
[    1.202658] TCP: Hash tables configured (established 8192 bind 8192)
[    1.209275] UDP hash table entries: 512 (order: 2, 16384 bytes)
[    1.214742] UDP-Lite hash table entries: 512 (order: 2, 16384 bytes)
[    1.221345] NET: Registered protocol family 1
[    1.226064] RPC: Registered named UNIX socket transport module.
[    1.231262] RPC: Registered udp transport module.
[    1.235916] RPC: Registered tcp transport module.
[    1.240596] RPC: Registered tcp NFSv4.1 backchannel transport module.
[    1.247471] iommu: Adding device regulatory.0 to group 63
[    1.252602] PCI: CLS 0 bytes, default 64
[    1.258105] hw perfevents: enabled with armv7_cortex_a15 PMU driver, 7 counters available
[    1.265172] iommu: Adding device alarmtimer to group 64
[    1.270771] Initialise system trusted keyrings
[    1.274262] workingset: timestamp_bits=30 max_order=19 bucket_order=0
[    1.281892] squashfs: version 4.0 (2009/01/31) Phillip Lougher
[    1.287032] NFS: Registering the id_resolver key type
[    1.291345] Key type id_resolver registered
[    1.295457] Key type id_legacy registered
[    1.304364] Key type asymmetric registered
[    1.306550] Asymmetric key parser 'x509' registered
[    1.311558] bounce: pool size: 64 pages
[    1.315284] io scheduler noop registered (default)
[    1.319984] io scheduler mq-deadline registered
[    1.324508] io scheduler kyber registered
[    1.330304]  usb2-0: usb2-0 supply vbus not found, using dummy regulator
[    1.335310]  usb2-1: usb2-1 supply vbus not found, using dummy regulator
[    1.342264] tegra-xusb-padctl 7009f000.padctl: failed to setup XUSB ports: -517
[    1.358273] tegra-pcie 1003000.pcie: 2x1, 1x1 configuration
[    1.362005] tegra-pcie 1003000.pcie: Failed to get supply 'avddio-pex': -517
[    1.371902] tegra124-dfll 70110000.clock: couldn't get vdd_cpu regulator
[    1.382572] tegra-apbdma 60020000.dma: Tegra20 APB DMA driver register 32 channels
[    1.389528] tegra-pmc 7000e400.pmc: emergency thermal reset enabled
[    1.395105] Serial: 8250/16550 driver, 4 ports, IRQ sharing disabled
[    1.400903] iommu: Adding device serial8250 to group 65
[    1.407872] console [ttyS0] disabled
[    1.409590] 70006300.serial: ttyS0 at MMIO 0x70006300 (irq = 335, base_baud = 25500000) is a Tegra
[    1.418538] console [ttyS0] enabled
[    1.418538] console [ttyS0] enabled
[    1.425112] bootconsole [earlycon0] disabled
[    1.425112] bootconsole [earlycon0] disabled
[    1.434092] 70006000.serial: ttyTHS1 at MMIO 0x70006000 (irq = 333, base_baud = 0) is a TEGRA_UART
[    1.445149] 70006040.serial: ttyTHS2 at MMIO 0x70006040 (irq = 334, base_baud = 0) is a TEGRA_UART
[    1.473766] tegra-hdmi 54280000.hdmi: failed to get HDMI regulator
[    1.493372] loop: module loaded
[    1.497868] at24 0-0056: 256 byte 24c02 EEPROM, writable, 8 bytes/write
[    1.505329] as3722 4-0040: AS3722 with revision 0x1 found
[    1.512972] iommu: Adding device as3722-pinctrl to group 66
[    1.520250] iommu: Adding device as3722-regulator to group 67
[    1.528967] as3722-sd2: supplied by +5V_SYS
[    1.533681] as3722-sd3: supplied by +5V_SYS
[    1.538108] +1.35V_LP0(sd3): Bringing 0uV into 1350000-1350000uV
[    1.544498] as3722-sd4: supplied by +5V_SYS
[    1.549162] as3722-sd5: supplied by +5V_SYS
[    1.555283] as3722-ldo0: supplied by +1.35V_LP0(sd2)
[    1.561414] +1.8V_RUN_CAM: Bringing 0uV into 1800000-1800000uV
[    1.567656] as3722-ldo2: supplied by +1.8V_VDDIO
[    1.573628] as3722-ldo3: supplied by +3.3V_SYS
[    1.578122] +1.05V_LP0_VDD_RTC: Bringing 1100000uV into 1000000-1000000uV
[    1.585954] as3722-ldo4: supplied by +3.3V_SYS
[    1.590629] +2.8V_RUN_CAM: Bringing 0uV into 2800000-2800000uV
[    1.596900] as3722-ldo5: supplied by +1.8V_VDDIO
[    1.601777] +1.2V_RUN_CAM_FRONT: Bringing 0uV into 1200000-1200000uV
[    1.608723] +VDDIO_SDMMC3: bypassed regulator has no supply!
[    1.614398] +VDDIO_SDMMC3: failed to get the current voltage(-517)
[    1.620576] as3722-regulator as3722-regulator: regulator 13 register failed -517
[    1.630822] iommu: Adding device as3722-rtc to group 68
[    1.636235] iommu: Adding device as3722-adc to group 69
[    1.641631] iommu: Adding device as3722-power-off to group 70
[    1.647521] iommu: Adding device as3722-wdt to group 71
[    1.653536] tegra-ahci 70027000.sata: couldn't get PHY in node sata: -517
[    1.672152] m25p80 spi1.0: w25q32dw (4096 Kbytes)
[    1.678861] iommu: Adding device Fixed MDIO bus.0 to group 72
[    1.684813] libphy: Fixed MDIO Bus: probed
[    1.688904] CAN device driver interface
[    1.692816] igb: Intel(R) Gigabit Ethernet Network Driver - version 5.4.0-k
[    1.699767] igb: Copyright (c) 2007-2014 Intel Corporation.
[    1.705497] pegasus: v0.9.3 (2013/04/25), Pegasus/Pegasus II USB Ethernet driver
[    1.712968] usbcore: registered new interface driver pegasus
[    1.718687] usbcore: registered new interface driver asix
[    1.724170] usbcore: registered new interface driver ax88179_178a
[    1.730304] usbcore: registered new interface driver cdc_ether
[    1.736226] usbcore: registered new interface driver smsc75xx
[    1.742054] usbcore: registered new interface driver smsc95xx
[    1.747844] usbcore: registered new interface driver net1080
[    1.753571] usbcore: registered new interface driver cdc_subset
[    1.759530] usbcore: registered new interface driver zaurus
[    1.765211] usbcore: registered new interface driver cdc_ncm
[    1.771132] tegra-phy 7d000000.usb-phy: no vbus regulator
[    1.776759] tegra-phy 7d004000.usb-phy: no vbus regulator
[    1.782480] ehci_hcd: USB 2.0 'Enhanced' Host Controller (EHCI) Driver
[    1.788999] ehci-pci: EHCI PCI platform driver
[    1.793523] tegra-ehci: Tegra EHCI driver
[    1.800373] tegra-ehci 7d004000.usb: EHCI Host Controller
[    1.805811] tegra-ehci 7d004000.usb: new USB bus registered, assigned bus number 1
[    1.813626] tegra-ehci 7d004000.usb: irq 356, io mem 0x7d004000
[    1.841005] tegra-ehci 7d004000.usb: USB 2.0 started, EHCI 1.10
[    1.847831] hub 1-0:1.0: USB hub found
[    1.851642] hub 1-0:1.0: 1 port detected
[    1.856820] usbcore: registered new interface driver cdc_acm
[    1.862493] cdc_acm: USB Abstract Control Model driver for USB modems and ISDN adapters
[    1.870552] usbcore: registered new interface driver cdc_wdm
[    1.876305] usbcore: registered new interface driver usb-storage
[    1.883951] iommu: Adding device ci_hdrc.0 to group 73
[    1.895881] as3722-rtc as3722-rtc: rtc core: registered as3722-rtc as rtc0
[    1.902779] as3722-rtc as3722-rtc: RTC interrupt 379
[    1.910586] tegra_rtc 7000e000.rtc: rtc core: registered 7000e000.rtc as rtc1
[    1.917787] tegra_rtc 7000e000.rtc: Tegra internal Real Time Clock
[    1.924332] i2c /dev entries driver
[    1.929068] usbcore: registered new interface driver uvcvideo
[    1.934832] USB Video Class driver (1.1.1)
[    1.938922] gspca_main: v2.14.0 registered
[    1.943678] lm90 0-004c: 0-004c supply vcc not found, using dummy regulator
[    1.953953] tegra-wdt 60005000.timer: initialized (heartbeat = 120 sec, nowayout = 0)
[    1.962457] iommu: Adding device cpufreq-tegra124 to group 74
[    1.968767] sdhci: Secure Digital Host Controller Interface driver
[    1.974960] sdhci: Copyright(c) Pierre Ossman
[    1.979310] sdhci-pltfm: SDHCI platform and OF driver helper
[    1.985304] sdhci-tegra 700b0400.sdhci: Got CD GPIO
[    1.990194] sdhci-tegra 700b0400.sdhci: Got WP GPIO
[    2.011029] mmc0: Unknown controller version (3). You may experience problems.
[    2.018288] mmc0: Invalid maximum block size, assuming 512 bytes
[    2.081043] mmc0: SDHCI controller on 700b0600.sdhci [700b0600.sdhci] using ADMA
[    2.092540] usbcore: registered new interface driver usbhid
[    2.098212] usbhid: USB HID core driver
[    2.105113] iommu: Adding device snd-soc-dummy to group 75
[    2.157439] mmc0: new high speed MMC card at address 0001
[    2.163441] mmcblk0: mmc0:0001 SEM16G 14.7 GiB 
[    2.168359] mmcblk0boot0: mmc0:0001 SEM16G partition 1 4.00 MiB
[    2.174740] mmcblk0boot1: mmc0:0001 SEM16G partition 2 4.00 MiB
[    2.180840] mmcblk0rpmb: mmc0:0001 SEM16G partition 3 4.00 MiB, chardev (247:0)
[    2.189822]  mmcblk0: p1
[    2.551423] iommu: Adding device 70301100.i2s to group 76
[    2.557695] tegra30-i2s 70301100.i2s: DMA channels sourced from device 70300000.ahub
[    2.578057] tegra-snd-rt5640 sound: rt5640-aif1 <-> 70301100.i2s mapping ok
[    2.588839] input: NVIDIA Tegra Jetson TK1 Headphones as /devices/soc0/sound/sound/card1/input0
[    2.600064] NET: Registered protocol family 10
[    2.605875] Segment Routing with IPv6
[    2.609709] mip6: Mobile IPv6
[    2.612699] sit: IPv6, IPv4 and MPLS over IPv4 tunneling driver
[    2.620091] NET: Registered protocol family 17
[    2.624609] NET: Registered protocol family 15
[    2.629062] can: controller area network core (rev 20170425 abi 9)
[    2.635467] NET: Registered protocol family 29
[    2.639906] can: raw protocol (rev 20170425)
[    2.644188] can: broadcast manager protocol (rev 20170425 t)
[    2.649846] can: netlink gateway (rev 20170425) max_hops=1
[    2.655580] Bluetooth: RFCOMM socket layer initialized
[    2.660728] Bluetooth: RFCOMM ver 1.11
[    2.664514] Bluetooth: BNEP (Ethernet Emulation) ver 1.3
[    2.669827] Bluetooth: BNEP socket layer initialized
[    2.674801] Bluetooth: HIDP (Human Interface Emulation) ver 1.2
[    2.680718] Bluetooth: HIDP socket layer initialized
[    2.685945] Key type dns_resolver registered
[    2.690711] Registering SWP/SWPB emulation handler
[    2.696323] Loading compiled-in X.509 certificates
[    2.718933] +3.3V_RUN: supplied by +3.3V_SYS
[    2.724081] +USB0_VBUS_SW: supplied by +5V_SYS
[    2.728785] +3.3V_AVDD_HDMI_AP_GATED: supplied by +3.3V_RUN
[    2.734817] +5V_USB_HS: supplied by +5V_SYS
[    2.739918] +3.3V_LP0: supplied by +3.3V_SYS
[    2.745269] +5V_HDMI_CON: supplied by +5V_SYS
[    2.750046] +5V_SATA: supplied by +5V_SYS
[    2.754724] +12V_SATA: supplied by +VDD_MUX
[    2.760343]  usb2-0: usb2-0 supply vbus not found, using dummy regulator
[    2.767227]  usb2-1: usb2-1 supply vbus not found, using dummy regulator
[    2.774415]  usb3-0: usb3-0 supply vbus not found, using dummy regulator
[    2.781941] tegra-pcie 1003000.pcie: 2x1, 1x1 configuration
[    2.787555] tegra-pcie 1003000.pcie: Failed to get supply 'avddio-pex': -517
[    2.796668] tegra124-dfll 70110000.clock: couldn't get vdd_cpu regulator
[    2.805685] tegra-hdmi 54280000.hdmi: failed to get PLL regulator
[    2.814205] as3722-sd2: supplied by +5V_SYS
[    2.818699] as3722-sd3: supplied by +5V_SYS
[    2.823224] as3722-sd4: supplied by +5V_SYS
[    2.827709] as3722-sd5: supplied by +5V_SYS
[    2.833666] as3722-ldo0: supplied by +1.35V_LP0(sd2)
[    2.839142] as3722-ldo1: supplied by +3.3V_RUN
[    2.844346] as3722-ldo2: supplied by +1.8V_VDDIO
[    2.849889] as3722-ldo3: supplied by +3.3V_SYS
[    2.855429] as3722-ldo4: supplied by +3.3V_SYS
[    2.860185] as3722-ldo5: supplied by +1.8V_VDDIO
[    2.865992] input: tegra-hda HDMI/DP,pcm=3 as /devices/soc0/70030000.hda/sound/card0/input1
[    2.874619] as3722-ldo6: supplied by +3.3V_RUN
[    2.879614] as3722-ldo7: supplied by +1.8V_VDDIO
[    2.885083] +1.05V_RUN_CAM_REAR: Bringing 0uV into 1050000-1050000uV
[    2.892205] as3722-ldo9: supplied by +5V_SYS
[    2.897670] +3.3V_RUN_TOUCH: Bringing 0uV into 2800000-2800000uV
[    2.904432] as3722-ldo10: supplied by +5V_SYS
[    2.909536] +2.8V_RUN_CAM_AF: Bringing 0uV into 2800000-2800000uV
[    2.916406] as3722-ldo11: supplied by +3.3V_RUN
[    2.921722] +1.8V_RUN_VPP_FUSE: Bringing 0uV into 1800000-1800000uV
[    2.930998] tegra-ahci 70027000.sata: AHCI 0001.0301 32 slots 2 ports 3 Gbps 0x1 impl platform mode
[    2.940041] tegra-ahci 70027000.sata: flags: 64bit ncq sntf pm led pio slum part sadm sds apst 
[    2.950577] scsi host0: tegra-ahci
[    2.955039] scsi host1: tegra-ahci
[    2.958742] ata1: SATA max UDMA/133 mmio [mem 0x70027000-0x70028fff] port 0x100 irq 345
[    2.966787] ata2: DUMMY
[    2.970403] tegra-ehci 7d008000.usb: EHCI Host Controller
[    2.975884] tegra-ehci 7d008000.usb: new USB bus registered, assigned bus number 2
[    2.983736] tegra-ehci 7d008000.usb: irq 357, io mem 0x7d008000
[    3.011103] tegra-ehci 7d008000.usb: USB 2.0 started, EHCI 1.10
[    3.018227] hub 2-0:1.0: USB hub found
[    3.022108] hub 2-0:1.0: 1 port detected
[    3.101777] tegra-xusb 70090000.usb: Firmware timestamp: 2014-09-16 02:10:07 UTC
[    3.109201] tegra-xusb 70090000.usb: xHCI Host Controller
[    3.114647] tegra-xusb 70090000.usb: new USB bus registered, assigned bus number 3
[    3.124832] tegra-xusb 70090000.usb: hcc params 0x0184f525 hci version 0x100 quirks 0x00010010
[    3.133521] tegra-xusb 70090000.usb: irq 347, io mem 0x70090000
[    3.140917] hub 3-0:1.0: USB hub found
[    3.144793] hub 3-0:1.0: 6 ports detected
[    3.149662] tegra-xusb 70090000.usb: xHCI Host Controller
[    3.155129] tegra-xusb 70090000.usb: new USB bus registered, assigned bus number 4
[    3.162877] usb usb4: We don't know the algorithms for LPM for this host, disabling LPM.
[    3.172226] hub 4-0:1.0: USB hub found
[    3.176028] hub 4-0:1.0: 2 ports detected
[    3.182122] sdhci-tegra 700b0400.sdhci: Got CD GPIO
[    3.187049] sdhci-tegra 700b0400.sdhci: Got WP GPIO
[    3.200339] mmc1: Unknown controller version (3). You may experience problems.
[    3.207719] mmc1: Invalid maximum block size, assuming 512 bytes
[    3.271607] mmc1: SDHCI controller on 700b0400.sdhci [700b0400.sdhci] using ADMA
[    3.279322] tegra-pcie 1003000.pcie: 2x1, 1x1 configuration
[    3.290259] tegra-pcie 1003000.pcie: probing port 0, using 2 lanes
[    3.294307] ata1: SATA link down (SStatus 0 SControl 300)
[    3.305202] tegra-pcie 1003000.pcie: Slot present pin change, signature: 00000008
[    3.333396] tegra-pcie 1003000.pcie: probing port 1, using 1 lanes
[    3.341058] tegra-pcie 1003000.pcie: Slot present pin change, signature: 00000000
[    3.355042] tegra-pcie 1003000.pcie: PCI host bridge to bus 0000:00
[    3.361349] pci_bus 0000:00: root bus resource [io  0x0000-0xffff]
[    3.367525] pci_bus 0000:00: root bus resource [mem 0x13000000-0x1fffffff]
[    3.374461] pci_bus 0000:00: root bus resource [mem 0x20000000-0x3fffffff pref]
[    3.381839] pci_bus 0000:00: root bus resource [bus 00-ff]
[    3.387409] pci 0000:00:01.0: [10de:0e12] type 01 class 0x060400
[    3.393443] pci_bus 0000:00: 2-byte config write to 0000:00:01.0 offset 0x4 may corrupt adjacent RW1C bits
[    3.403105] pci_bus 0000:00: 2-byte config write to 0000:00:01.0 offset 0x4 may corrupt adjacent RW1C bits
[    3.412826] pci 0000:00:01.0: enabling Extended Tags
[    3.417846] pci_bus 0000:00: 2-byte config write to 0000:00:01.0 offset 0x88 may corrupt adjacent RW1C bits
[    3.427657] pci_bus 0000:00: 2-byte config write to 0000:00:01.0 offset 0x52 may corrupt adjacent RW1C bits
[    3.437441] pci 0000:00:01.0: PME# supported from D0 D1 D2 D3hot D3cold
[    3.444070] pci_bus 0000:00: 2-byte config write to 0000:00:01.0 offset 0x4c may corrupt adjacent RW1C bits
[    3.454111] pci 0000:00:02.0: [10de:0e13] type 01 class 0x060400
[    3.460180] pci_bus 0000:00: 2-byte config write to 0000:00:02.0 offset 0x4 may corrupt adjacent RW1C bits
[    3.469885] pci_bus 0000:00: 2-byte config write to 0000:00:02.0 offset 0x4 may corrupt adjacent RW1C bits
[    3.479574] pci 0000:00:02.0: enabling Extended Tags
[    3.484554] pci_bus 0000:00: 2-byte config write to 0000:00:02.0 offset 0x88 may corrupt adjacent RW1C bits
[    3.494356] pci_bus 0000:00: 2-byte config write to 0000:00:02.0 offset 0x52 may corrupt adjacent RW1C bits
[    3.504193] pci 0000:00:02.0: PME# supported from D0 D1 D2 D3hot D3cold
[    3.510846] pci_bus 0000:00: 2-byte config write to 0000:00:02.0 offset 0x4c may corrupt adjacent RW1C bits
[    3.520933] PCI: bus0: Fast back to back transfers disabled
[    3.526530] pci 0000:00:01.0: bridge configuration invalid ([bus 00-00]), reconfiguring
[    3.534608] pci 0000:00:02.0: bridge configuration invalid ([bus 00-00]), reconfiguring
[    3.542904] pci 0000:01:00.0: [8086:4232] type 00 class 0x028000
[    3.549014] pci 0000:01:00.0: reg 0x10: [mem 0x00000000-0x00001fff 64bit]
[    3.556159] PCI: bus1: Fast back to back transfers disabled
[    3.561804] pci_bus 0000:01: busn_res: [bus 01-ff] end is updated to 01
[    3.568704] pci 0000:02:00.0: [10ec:8168] type 00 class 0x020000
[    3.574810] pci 0000:02:00.0: reg 0x10: [io  0x0000-0x00ff]
[    3.580472] pci 0000:02:00.0: reg 0x18: [mem 0x00000000-0x00000fff 64bit]
[    3.587350] pci 0000:02:00.0: reg 0x20: [mem 0x00000000-0x00003fff 64bit pref]
[    3.594847] PCI: bus2: Fast back to back transfers disabled
[    3.600485] pci_bus 0000:02: busn_res: [bus 02-ff] end is updated to 02
[    3.607227] pci 0000:00:01.0: BAR 8: assigned [mem 0x13000000-0x130fffff]
[    3.614221] mmc1: new high speed SDHC card at address aaaa
[    3.620259] mmcblk1: mmc1:aaaa SD04G 3.69 GiB 
[    3.625327] pci 0000:00:02.0: BAR 8: assigned [mem 0x13100000-0x131fffff]
[    3.632223] pci 0000:00:02.0: BAR 9: assigned [mem 0x20000000-0x200fffff 64bit pref]
[    3.640211] pci 0000:00:02.0: BAR 7: assigned [io  0x1000-0x1fff]
[    3.646419] pci 0000:01:00.0: BAR 0: assigned [mem 0x13000000-0x13001fff 64bit]
[    3.653953] pci 0000:00:01.0: PCI bridge to [bus 01]
[    3.658993] pci 0000:00:01.0:   bridge window [mem 0x13000000-0x130fffff]
[    3.665997] pci 0000:02:00.0: BAR 4: assigned [mem 0x20000000-0x20003fff 64bit pref]
[    3.673865] pci 0000:02:00.0: BAR 2: assigned [mem 0x13100000-0x13100fff 64bit]
[    3.681389] pci 0000:02:00.0: BAR 0: assigned [io  0x1000-0x10ff]
[    3.687558] pci 0000:00:02.0: PCI bridge to [bus 02]
[    3.692796] pci 0000:00:02.0:   bridge window [io  0x1000-0x1fff]
[    3.698962] pci 0000:00:02.0:   bridge window [mem 0x13100000-0x131fffff]
[    3.706024] pci 0000:00:02.0:   bridge window [mem 0x20000000-0x200fffff 64bit pref]
[    3.713909] pci 0000:00:01.0: nv_msi_ht_cap_quirk didn't locate host bridge
[    3.721240] pcieport 0000:00:01.0: enabling device (0140 -> 0142)
[    3.727939] pcieport 0000:00:01.0: Signaling PME with IRQ 395
[    3.734192] pci 0000:00:02.0: nv_msi_ht_cap_quirk didn't locate host bridge
[    3.741507]  mmcblk1: p1 p2 p3
[    3.744817] pcieport 0000:00:02.0: enabling device (0140 -> 0143)
[    3.751720] pcieport 0000:00:02.0: Signaling PME with IRQ 396
[    3.758439] r8169 Gigabit Ethernet driver 2.3LK-NAPI loaded
[    3.764090] r8169 0000:02:00.0: enabling device (0140 -> 0143)
[    3.769951] r8169 0000:02:00.0 (unnamed net_device) (uninitialized): not PCI Express
[    3.802820] r8169 0000:02:00.0 eth0: RTL8168g/8111g at 0x4240f4a2, 00:04:4b:3a:d9:81, XID 0c000800 IRQ 22
[    3.812447] r8169 0000:02:00.0 eth0: jumbo features [frames: 9200 bytes, tx checksumming: ko]
[    3.824696] +1.05V_RUN_AVDD_HDMI_PLL: supplied by +1.05V_RUN
[    3.834116] [drm] Supports vblank timestamp caching Rev 2 (21.10.2013).
[    3.840742] [drm] No driver support for vblank timestamp query.
[    3.974297] tegra-hdmi 54280000.hdmi: cannot set audio to 48000 Hz at 297000000 Hz pixel clock
[    4.221449] Console: switching to colour frame buffer device 512x135
[    4.317406] drm drm: fb0:  frame buffer device
[    4.321948] [drm] Initialized tegra 0.0.0 20120330 for drm on minor 0
[    4.329265] iommu: Adding device cpufreq-dt.0 to group 77
[    4.334988] cpufreq: cpufreq_online: CPU0: Running at unlisted freq: 696000 KHz
[    4.342333] cpufreq: cpufreq_online: CPU0: Unlisted initial frequency changed to: 714000 KHz
[    4.351445] input: gpio-keys as /devices/soc0/gpio-keys/input/input2
[    4.358514] as3722-rtc as3722-rtc: setting system clock to 2000-01-01 00:00:15 UTC (946684815)
[    4.367343] cfg80211: Loading compiled-in X.509 certificates for regulatory database
[    4.377040] cfg80211: Loaded X.509 cert 'sforshee: 00b28ddf47aef9cea7'
[    4.383696] platform regulatory.0: Direct firmware load for regulatory.db failed with error -2
[    4.392378] cfg80211: failed to load regulatory.db
[    4.397411] +USB0_VBUS_SW: disabling
[    4.401024] +1.8V_RUN_CAM: disabling
[    4.404721] +2.8V_RUN_CAM: disabling
[    4.408392] +1.2V_RUN_CAM_FRONT: disabling
[    4.412645] +1.05V_RUN_CAM_REAR: disabling
[    4.416838] +3.3V_RUN_TOUCH: disabling
[    4.420681] +2.8V_RUN_CAM_AF: disabling
[    4.424737] +1.8V_RUN_VPP_FUSE: disabling
[    4.428850] ALSA device list:
[    4.431846]   #0: tegra-hda at 0x70038000 irq 346
[    4.436549]   #1: NVIDIA Tegra Jetson TK1
[    4.441280] EXT4-fs (mmcblk0p1): mounting ext3 file system using the ext4 subsystem
[    4.462291] EXT4-fs (mmcblk0p1): recovery complete
[    4.467082] EXT4-fs (mmcblk0p1): mounted filesystem with ordered data mode. Opts: (null)
[    4.475229] VFS: Mounted root (ext3 filesystem) on device 179:1.
[    4.485934] devtmpfs: mounted
[    4.489288] Freeing unused kernel memory: 1024K
bash: cannot set terminal process group (-1): Inappropriate ioctl for device
bash: no job control in this shell
root@(none):/# mount -t sysfs none /sys
root@(none):/# 
root@(none):/# mount -t debugfs none /sys/kernel/debug
root@(none):/# 
root@(none):/# rtcwake -d rtc1 -m mem -s 3
rtcwake: assuming RTC uses UTC ...
rtcwake: wakeup from "mem" using /dev/rtc1 at Thu Jan  1 00:00:20 1970
[    7.236757] PM: suspend entry (deep)
[    7.240346] PM: Syncing filesystems ... done.
[    7.247769] Freezing user space processes ... (elapsed 0.001 seconds) done.
[    7.249030] OOM killer disabled.
[    7.249034] Freezing remaining freezable tasks ... (elapsed 0.001 seconds) done.
[    7.250311] Suspending console(s) (use no_console_suspend to debug)
[    7.577086] Disabling non-boot CPUs ...
[    7.732357] Entering suspend state LP1
[    7.732384] Enabling non-boot CPUs ...
[    7.733284] CPU1 is up
[    7.734101] CPU2 is up
[    7.734985] CPU3 is up
[    7.735629] pcieport 0000:00:02.0: nv_msi_ht_cap_quirk didn't locate host bridge
[    7.735631] pcieport 0000:00:01.0: nv_msi_ht_cap_quirk didn't locate host bridge
[    7.781374] tegra-hdmi 54280000.hdmi: cannot set audio to 48000 Hz at 297000000 Hz pixel clock
[    8.083861] ata1: SATA link down (SStatus 0 SControl 300)
[   10.758773] OOM killer enabled.
[   10.761932] Restarting tasks ... done.
[   10.834914] PM: suspend exit
root@(none):/# 
root@(none):/# rtcwake -d rtc1 -m mem -s 3
rtcwake: assuming RTC uses UTC ...
rtcwake: wakeup from "mem" using /dev/rtc1 at Thu Jan  1 00:00:27 1970
[   11.293653] PM: suspend entry (deep)
[   11.297247] PM: Syncing filesystems ... done.
[   11.303335] Freezing user space processes ... (elapsed 0.001 seconds) done.
[   11.304540] OOM killer disabled.
[   11.304542] Freezing remaining freezable tasks ... (elapsed 0.001 seconds) done.
[   11.305791] Suspending console(s) (use no_console_suspend to debug)
[   11.629961] pci_generic_config_write32: 78 callbacks suppressed
[   11.630000] pci_bus 0000:00: 2-byte config write to 0000:00:02.0 offset 0x9c may corrupt adjacent RW1C bits
[   11.630076] pci_bus 0000:00: 2-byte config write to 0000:00:01.0 offset 0x9c may corrupt adjacent RW1C bits
[   11.860081] Disabling non-boot CPUs ...
[   12.024940] Entering suspend state LP1
[   12.024967] Enabling non-boot CPUs ...
[   12.025899] CPU1 is up
[   12.026728] CPU2 is up
[   12.027632] CPU3 is up
[   12.028215] pci_bus 0000:00: 2-byte config write to 0000:00:02.0 offset 0x4c may corrupt adjacent RW1C bits
[   12.028226] pci_bus 0000:00: 2-byte config write to 0000:00:02.0 offset 0x88 may corrupt adjacent RW1C bits
[   12.028232] pci_bus 0000:00: 2-byte config write to 0000:00:02.0 offset 0x90 may corrupt adjacent RW1C bits
[   12.028237] pci_bus 0000:00: 2-byte config write to 0000:00:02.0 offset 0x98 may corrupt adjacent RW1C bits
[   12.028243] pci_bus 0000:00: 2-byte config write to 0000:00:02.0 offset 0x9c may corrupt adjacent RW1C bits
[   12.028248] pci_bus 0000:00: 2-byte config write to 0000:00:02.0 offset 0xa8 may corrupt adjacent RW1C bits
[   12.028253] pci_bus 0000:00: 2-byte config write to 0000:00:02.0 offset 0xb0 may corrupt adjacent RW1C bits
[   12.028282] pci_bus 0000:00: 2-byte config write to 0000:00:02.0 offset 0x52 may corrupt adjacent RW1C bits
[   12.028314] pcieport 0000:00:02.0: nv_msi_ht_cap_quirk didn't locate host bridge
[   12.028418] pcieport 0000:00:01.0: nv_msi_ht_cap_quirk didn't locate host bridge
[   12.071404] tegra-hdmi 54280000.hdmi: cannot set audio to 48000 Hz at 297000000 Hz pixel clock
[   12.373824] ata1: SATA link down (SStatus 0 SControl 300)
[   15.151945] OOM killer enabled.
[   15.155074] Restarting tasks ... done.
root@(none):/# 
root@(none):/# [   15.159619] PM: suspend exit
rtcwake -d rtc1 -m mem -s 3
rtcwake: assuming RTC uses UTC ...
rtcwake: wakeup from "mem" using /dev/rtc1 at Thu Jan  1 00:00:34 1970
[   15.593335] PM: suspend entry (deep)
[   15.596924] PM: Syncing filesystems ... done.
[   15.602633] Freezing user space processes ... (elapsed 0.001 seconds) done.
[   15.603863] OOM killer disabled.
[   15.603865] Freezing remaining freezable tasks ... (elapsed 0.001 seconds) done.
[   15.605126] Suspending console(s) (use no_console_suspend to debug)
[   15.925469] Disabling non-boot CPUs ...
[   16.101920] Entering suspend state LP1
[   16.101948] Enabling non-boot CPUs ...
[   16.102897] CPU1 is up
[   16.103738] CPU2 is up
[   16.104647] CPU3 is up
[   16.105293] pcieport 0000:00:02.0: nv_msi_ht_cap_quirk didn't locate host bridge
[   16.105368] pcieport 0000:00:01.0: nv_msi_ht_cap_quirk didn't locate host bridge
[   16.151332] tegra-hdmi 54280000.hdmi: cannot set audio to 48000 Hz at 297000000 Hz pixel clock
[   16.453785] ata1: SATA link down (SStatus 0 SControl 300)
[   19.128743] OOM killer enabled.
[   19.131880] Restarting tasks ... done.
root@(none):/# 
root@(none):/# [   19.136409] PM: suspend exit
rtcwake -d rtc1 -m mem -s 3
rtcwake: assuming RTC uses UTC ...
rtcwake: wakeup from "mem" using /dev/rtc1 at Thu Jan  1 00:00:41 1970
[   19.663115] PM: suspend entry (deep)
[   19.666715] PM: Syncing filesystems ... done.
[   19.672266] Freezing user space processes ... (elapsed 0.001 seconds) done.
[   19.673469] OOM killer disabled.
[   19.673471] Freezing remaining freezable tasks ... (elapsed 0.001 seconds) done.
[   19.674703] Suspending console(s) (use no_console_suspend to debug)
[   19.789048] pci_generic_config_write32: 46 callbacks suppressed
[   19.789056] pci_bus 0000:00: 2-byte config write to 0000:00:02.0 offset 0x9c may corrupt adjacent RW1C bits
[   19.789074] pci_bus 0000:00: 2-byte config write to 0000:00:01.0 offset 0x9c may corrupt adjacent RW1C bits
[   20.004847] Disabling non-boot CPUs ...
[   20.171742] Entering suspend state LP1
[   20.171755] Enabling non-boot CPUs ...
[   20.172706] CPU1 is up
[   20.173550] CPU2 is up
[   20.174465] CPU3 is up
[   20.175045] pci_bus 0000:00: 2-byte config write to 0000:00:02.0 offset 0x4c may corrupt adjacent RW1C bits
[   20.175056] pci_bus 0000:00: 2-byte config write to 0000:00:02.0 offset 0x88 may corrupt adjacent RW1C bits
[   20.175063] pci_bus 0000:00: 2-byte config write to 0000:00:02.0 offset 0x90 may corrupt adjacent RW1C bits
[   20.175072] pci_bus 0000:00: 2-byte config write to 0000:00:01.0 offset 0x4c may corrupt adjacent RW1C bits
[   20.175077] pci_bus 0000:00: 2-byte config write to 0000:00:02.0 offset 0x98 may corrupt adjacent RW1C bits
[   20.175084] pci_bus 0000:00: 2-byte config write to 0000:00:02.0 offset 0x9c may corrupt adjacent RW1C bits
[   20.175090] pci_bus 0000:00: 2-byte config write to 0000:00:02.0 offset 0xa8 may corrupt adjacent RW1C bits
[   20.175096] pci_bus 0000:00: 2-byte config write to 0000:00:02.0 offset 0xb0 may corrupt adjacent RW1C bits
[   20.175202] pcieport 0000:00:02.0: nv_msi_ht_cap_quirk didn't locate host bridge
[   20.175204] pcieport 0000:00:01.0: nv_msi_ht_cap_quirk didn't locate host bridge
[   20.221352] tegra-hdmi 54280000.hdmi: cannot set audio to 48000 Hz at 297000000 Hz pixel clock
[   20.523783] ata1: SATA link down (SStatus 0 SControl 300)
[   23.302028] OOM killer enabled.
[   23.305159] Restarting tasks ... done.
root@(none):/# 
root@(none):/# [   23.309484] PM: suspend exit
rtcwake -d rtc1 -m mem -s 3
rtcwake: assuming RTC uses UTC ...
rtcwake: wakeup from "mem" using /dev/rtc1 at Thu Jan  1 00:00:48 1970
[   23.744779] PM: suspend entry (deep)
[   23.748365] PM: Syncing filesystems ... done.
[   23.754439] Freezing user space processes ... (elapsed 0.001 seconds) done.
[   23.755925] OOM killer disabled.
[   23.755930] Freezing remaining freezable tasks ... (elapsed 0.001 seconds) done.
[   23.757459] Suspending console(s) (use no_console_suspend to debug)
[   24.160040] Disabling non-boot CPUs ...
[   24.261548] IRQ17 no longer affine to CPU2
[   24.313021] Entering suspend state LP1
[   24.313049] Enabling non-boot CPUs ...
[   24.313991] CPU1 is up
[   24.314834] CPU2 is up
[   24.315732] CPU3 is up
[   24.316444] pcieport 0000:00:01.0: nv_msi_ht_cap_quirk didn't locate host bridge
[   24.316446] pcieport 0000:00:02.0: nv_msi_ht_cap_quirk didn't locate host bridge
[   24.361320] tegra-hdmi 54280000.hdmi: cannot set audio to 48000 Hz at 297000000 Hz pixel clock
[   24.663723] ata1: SATA link down (SStatus 0 SControl 300)
[   27.342834] OOM killer enabled.
[   27.345962] Restarting tasks ... done.
root@(none):/# 
root@(none):/# [   27.350436] PM: suspend exit
rtcwake -d rtc1 -m mem -s 3
rtcwake: assuming RTC uses UTC ...
rtcwake: wakeup from "mem" using /dev/rtc1 at Thu Jan  1 00:00:55 1970
[   27.882800] PM: suspend entry (deep)
[   27.886381] PM: Syncing filesystems ... done.
[   27.891918] Freezing user space processes ... (elapsed 0.001 seconds) done.
[   27.893122] OOM killer disabled.
[   27.893124] Freezing remaining freezable tasks ... (elapsed 0.001 seconds) done.
[   27.894359] Suspending console(s) (use no_console_suspend to debug)
[   27.998954] pci_generic_config_write32: 46 callbacks suppressed
[   27.998962] pci_bus 0000:00: 2-byte config write to 0000:00:02.0 offset 0x9c may corrupt adjacent RW1C bits
[   27.998981] pci_bus 0000:00: 2-byte config write to 0000:00:01.0 offset 0x9c may corrupt adjacent RW1C bits
[   28.215567] Disabling non-boot CPUs ...
[   28.371675] Entering suspend state LP1
[   28.371687] Enabling non-boot CPUs ...
[   28.372637] CPU1 is up
[   28.373475] CPU2 is up
[   28.374372] CPU3 is up
[   28.374978] pci_bus 0000:00: 2-byte config write to 0000:00:02.0 offset 0x4c may corrupt adjacent RW1C bits
[   28.374989] pci_bus 0000:00: 2-byte config write to 0000:00:02.0 offset 0x88 may corrupt adjacent RW1C bits
[   28.374995] pci_bus 0000:00: 2-byte config write to 0000:00:02.0 offset 0x90 may corrupt adjacent RW1C bits
[   28.375001] pci_bus 0000:00: 2-byte config write to 0000:00:02.0 offset 0x98 may corrupt adjacent RW1C bits
[   28.375006] pci_bus 0000:00: 2-byte config write to 0000:00:02.0 offset 0x9c may corrupt adjacent RW1C bits
[   28.375012] pci_bus 0000:00: 2-byte config write to 0000:00:02.0 offset 0xa8 may corrupt adjacent RW1C bits
[   28.375017] pci_bus 0000:00: 2-byte config write to 0000:00:02.0 offset 0xb0 may corrupt adjacent RW1C bits
[   28.375046] pci_bus 0000:00: 2-byte config write to 0000:00:02.0 offset 0x52 may corrupt adjacent RW1C bits
[   28.375078] pcieport 0000:00:02.0: nv_msi_ht_cap_quirk didn't locate host bridge
[   28.375181] pcieport 0000:00:01.0: nv_msi_ht_cap_quirk didn't locate host bridge
[   28.421304] tegra-hdmi 54280000.hdmi: cannot set audio to 48000 Hz at 297000000 Hz pixel clock
[   28.723657] ata1: SATA link down (SStatus 0 SControl 300)
[   31.491891] OOM killer enabled.
[   31.495022] Restarting tasks ... done.
root@(none):/# 
root@(none):/# [   31.499318] PM: suspend exit
rtcwake -d rtc1 -m mem -s 3
rtcwake: assuming RTC uses UTC ...
rtcwake: wakeup from "mem" using /dev/rtc1 at Thu Jan  1 00:01:02 1970
[   31.933154] PM: suspend entry (deep)
[   31.936761] PM: Syncing filesystems ... done.
[   31.942468] Freezing user space processes ... (elapsed 0.001 seconds) done.
[   31.943674] OOM killer disabled.
[   31.943675] Freezing remaining freezable tasks ... (elapsed 0.001 seconds) done.
[   31.944907] Suspending console(s) (use no_console_suspend to debug)
[   32.274471] Disabling non-boot CPUs ...
[   32.431655] Entering suspend state LP1
[   32.431667] Enabling non-boot CPUs ...
[   32.432616] CPU1 is up
[   32.433458] CPU2 is up
[   32.434359] CPU3 is up
[   32.435033] pcieport 0000:00:01.0: nv_msi_ht_cap_quirk didn't locate host bridge
[   32.435088] pcieport 0000:00:02.0: nv_msi_ht_cap_quirk didn't locate host bridge
[   32.491248] tegra-hdmi 54280000.hdmi: cannot set audio to 48000 Hz at 297000000 Hz pixel clock
[   32.783634] ata1: SATA link down (SStatus 0 SControl 300)
[   35.448545] OOM killer enabled.
[   35.451687] Restarting tasks ... done.
root@(none):/# 
root@(none):/# [   35.455933] PM: suspend exit
rtcwake -d rtc1 -m mem -s 3
rtcwake: assuming RTC uses UTC ...
rtcwake: wakeup from "mem" using /dev/rtc1 at Thu Jan  1 00:01:09 1970
[   35.983020] PM: suspend entry (deep)
[   35.986608] PM: Syncing filesystems ... done.
[   35.992721] Freezing user space processes ... (elapsed 0.001 seconds) done.
[   35.993952] OOM killer disabled.
[   35.993954] Freezing remaining freezable tasks ... (elapsed 0.001 seconds) done.
[   35.995214] Suspending console(s) (use no_console_suspend to debug)
[   36.087063] pci_generic_config_write32: 46 callbacks suppressed
[   36.087073] pci_bus 0000:00: 2-byte config write to 0000:00:02.0 offset 0x9c may corrupt adjacent RW1C bits
[   36.087085] pci_bus 0000:00: 2-byte config write to 0000:00:01.0 offset 0x9c may corrupt adjacent RW1C bits
[   36.306255] Disabling non-boot CPUs ...
[   36.481710] Entering suspend state LP1
[   36.481737] Enabling non-boot CPUs ...
[   36.482684] CPU1 is up
[   36.483526] CPU2 is up
[   36.484425] CPU3 is up
[   36.484996] pci_bus 0000:00: 2-byte config write to 0000:00:01.0 offset 0x4c may corrupt adjacent RW1C bits
[   36.485010] pci_bus 0000:00: 2-byte config write to 0000:00:02.0 offset 0x4c may corrupt adjacent RW1C bits
[   36.485021] pci_bus 0000:00: 2-byte config write to 0000:00:01.0 offset 0x88 may corrupt adjacent RW1C bits
[   36.485028] pci_bus 0000:00: 2-byte config write to 0000:00:02.0 offset 0x88 may corrupt adjacent RW1C bits
[   36.485033] pci_bus 0000:00: 2-byte config write to 0000:00:01.0 offset 0x90 may corrupt adjacent RW1C bits
[   36.485039] pci_bus 0000:00: 2-byte config write to 0000:00:02.0 offset 0x90 may corrupt adjacent RW1C bits
[   36.485045] pci_bus 0000:00: 2-byte config write to 0000:00:01.0 offset 0x98 may corrupt adjacent RW1C bits
[   36.485050] pci_bus 0000:00: 2-byte config write to 0000:00:02.0 offset 0x98 may corrupt adjacent RW1C bits
[   36.485158] pcieport 0000:00:01.0: nv_msi_ht_cap_quirk didn't locate host bridge
[   36.485159] pcieport 0000:00:02.0: nv_msi_ht_cap_quirk didn't locate host bridge
[   36.531218] tegra-hdmi 54280000.hdmi: cannot set audio to 48000 Hz at 297000000 Hz pixel clock
[   36.833534] ata1: SATA link down (SStatus 0 SControl 300)
[   39.611912] OOM killer enabled.
[   39.615044] Restarting tasks ... done.
[   39.654364] PM: suspend exit
root@(none):/# 
root@(none):/# rtcwake -d rtc1 -m mem -s 3
rtcwake: assuming RTC uses UTC ...
rtcwake: wakeup from "mem" using /dev/rtc1 at Thu Jan  1 00:01:16 1970
[   40.052800] PM: suspend entry (deep)
[   40.056382] PM: Syncing filesystems ... done.
[   40.061921] Freezing user space processes ... (elapsed 0.001 seconds) done.
[   40.063127] OOM killer disabled.
[   40.063129] Freezing remaining freezable tasks ... (elapsed 0.001 seconds) done.
[   40.064364] Suspending console(s) (use no_console_suspend to debug)
[   40.385255] Disabling non-boot CPUs ...
[   40.551572] Entering suspend state LP1
[   40.551584] Enabling non-boot CPUs ...
[   40.552532] CPU1 is up
[   40.553381] CPU2 is up
[   40.554274] CPU3 is up
[   40.555002] pcieport 0000:00:01.0: nv_msi_ht_cap_quirk didn't locate host bridge
[   40.555004] pcieport 0000:00:02.0: nv_msi_ht_cap_quirk didn't locate host bridge
[   40.601182] tegra-hdmi 54280000.hdmi: cannot set audio to 48000 Hz at 297000000 Hz pixel clock
[   40.903647] ata1: SATA link down (SStatus 0 SControl 300)
[   43.568608] OOM killer enabled.
[   43.571783] Restarting tasks ... done.
root@(none):/# 
root@(none):/# [   43.576279] PM: suspend exit
rtcwake -d rtc1 -m mem -s 3
rtcwake: assuming RTC uses UTC ...
rtcwake: wakeup from "mem" using /dev/rtc1 at Thu Jan  1 00:01:23 1970
[   44.123602] PM: suspend entry (deep)
[   44.127192] PM: Syncing filesystems ... done.
[   44.133307] Freezing user space processes ... (elapsed 0.001 seconds) done.
[   44.134542] OOM killer disabled.
[   44.134544] Freezing remaining freezable tasks ... (elapsed 0.001 seconds) done.
[   44.135808] Suspending console(s) (use no_console_suspend to debug)
[   44.239920] pci_generic_config_write32: 46 callbacks suppressed
[   44.239931] pci_bus 0000:00: 2-byte config write to 0000:00:01.0 offset 0x9c may corrupt adjacent RW1C bits
[   44.240965] pci_bus 0000:00: 2-byte config write to 0000:00:02.0 offset 0x9c may corrupt adjacent RW1C bits
[   44.455958] Disabling non-boot CPUs ...
[   44.621698] Entering suspend state LP1
[   44.621725] Enabling non-boot CPUs ...
[   44.622677] CPU1 is up
[   44.623522] CPU2 is up
[   44.624423] CPU3 is up
[   44.625013] pci_bus 0000:00: 2-byte config write to 0000:00:01.0 offset 0x4c may corrupt adjacent RW1C bits
[   44.625021] pci_bus 0000:00: 2-byte config write to 0000:00:02.0 offset 0x4c may corrupt adjacent RW1C bits
[   44.625033] pci_bus 0000:00: 2-byte config write to 0000:00:01.0 offset 0x88 may corrupt adjacent RW1C bits
[   44.625039] pci_bus 0000:00: 2-byte config write to 0000:00:02.0 offset 0x88 may corrupt adjacent RW1C bits
[   44.625045] pci_bus 0000:00: 2-byte config write to 0000:00:01.0 offset 0x90 may corrupt adjacent RW1C bits
[   44.625051] pci_bus 0000:00: 2-byte config write to 0000:00:02.0 offset 0x90 may corrupt adjacent RW1C bits
[   44.625057] pci_bus 0000:00: 2-byte config write to 0000:00:01.0 offset 0x98 may corrupt adjacent RW1C bits
[   44.625062] pci_bus 0000:00: 2-byte config write to 0000:00:02.0 offset 0x98 may corrupt adjacent RW1C bits
[   44.625170] pcieport 0000:00:01.0: nv_msi_ht_cap_quirk didn't locate host bridge
[   44.625172] pcieport 0000:00:02.0: nv_msi_ht_cap_quirk didn't locate host bridge
[   44.671172] tegra-hdmi 54280000.hdmi: cannot set audio to 48000 Hz at 297000000 Hz pixel clock
[   44.973481] ata1: SATA link down (SStatus 0 SControl 300)
[   47.751777] OOM killer enabled.
[   47.754906] Restarting tasks ... done.
root@(none):/# 
root@(none):/# [   47.759158] PM: suspend exit
NVTB SYSTEM SUSPEND TEST COMPLETE
