Diff for ./qemu-vexpress64/__internal/defconfig_log.txt
--- /tmp/fooa	2017-06-26 02:41:59.634254195 -0700
+++ /tmp/foob	2017-06-26 02:41:59.638254212 -0700
@@ -1,5 +1,5 @@
 Booting Linux on physical CPU 0x0
-Linux version 4.12.0-rc6-290829-g41f1830 (jonathanh@tamien) (gcc version 4.9.2 20140904 (prerelease) (crosstool-NG linaro-1.13.1-4.9-2014.09 - Linaro GCC 4.9-2014.09) ) #1 SMP PREEMPT Mon Jun 19 08:39:25 PDT 2017
+Linux version 4.12.0-rc7-172780-gc0bc126 (jonathanh@sellafield) (gcc version 4.9.2 20140904 (prerelease) (crosstool-NG linaro-1.13.1-4.9-2014.09 - Linaro GCC 4.9-2014.09) ) #1 SMP PREEMPT Mon Jun 26 02:37:43 PDT 2017
 Boot CPU: AArch64 Processor [411fd070]
 Machine model: linux,dummy-virt
 Memory limited to 1024MB
@@ -38,7 +38,7 @@
     .rodata : 0xffff000008920000 - 0xffff000008d60000   (  4352 KB)
       .init : 0xffff000008d60000 - 0xffff000008e70000   (  1088 KB)
       .data : 0xffff000008e70000 - 0xffff000008f83a00   (  1103 KB)
-       .bss : 0xffff000008f83a00 - 0xffff000008fe8bc0   (   405 KB)
+       .bss : 0xffff000008f83a00 - 0xffff000008fe8b40   (   405 KB)
     fixed   : 0xffff7dfffe7fd000 - 0xffff7dfffec00000   (  4108 KB)
     PCI I/O : 0xffff7dfffee00000 - 0xffff7dffffe00000   (    16 MB)
     vmemmap : 0xffff7e0000000000 - 0xffff800000000000   (  2048 GB maximum)
@@ -114,7 +114,7 @@
 RPC: Registered tcp NFSv4.1 backchannel transport module.
 kvm [1]: HYP mode not available
 audit: initializing netlink subsys (disabled)
-audit: type=2000 audit(0.721:1): state=initialized audit_enabled=0 res=1
+audit: type=2000 audit(0.749:1): state=initialized audit_enabled=0 res=1
 workingset: timestamp_bits=44 max_order=18 bucket_order=0
 squashfs: version 4.0 (2009/01/31) Phillip Lougher
 NFS: Registering the id_resolver key type
@@ -181,7 +181,7 @@
 Key type dns_resolver registered
 registered taskstats version 1
 input: gpio-keys as /devices/platform/gpio-keys/input/input0
-rtc-pl031 9010000.pl031: setting system clock to 2017-06-24 18:56:57 UTC (1498330617)
+rtc-pl031 9010000.pl031: setting system clock to 2017-06-26 09:38:21 UTC (1498469901)
 ALSA device list:
   No soundcards found.
 uart-pl011 9000000.pl011: no DMA platform data
Diff for ./tegra114-dalmore-a04/tegra114-dalmore/multi_v7_defconfig_log.txt
--- /tmp/fooa	2017-06-26 02:41:59.646254244 -0700
+++ /tmp/foob	2017-06-26 02:41:59.646254244 -0700
@@ -40,9 +40,9 @@
 	 #################################################################
 	 #################################################################
 	 ####################
-	 3.1 MiB/s
+	 3.2 MiB/s
 done
-Bytes transferred = 7916200 (78caa8 hex)
+Bytes transferred = 7917600 (78d020 hex)
 Tegra114 (Dalmore) # tftpboot 0x82000000 tegra114-dalmore.dtb
 Using asx0 device
 TFTP from server 192.168.100.1; our IP address is 192.168.100.100
@@ -53,7 +53,7 @@
 done
 Bytes transferred = 35044 (88e4 hex)
 Tegra114 (Dalmore) # bootz 0x81000000 - 0x82000000
-Kernel image @ 0x81000000 [ 0x000000 - 0x78caa8 ]
+Kernel image @ 0x81000000 [ 0x000000 - 0x78d020 ]
 ## Flattened Device Tree blob at 82000000
    Booting using the fdt blob at 0x82000000
    Loading Device Tree to 8fff4000, end 8ffff8e3 ... OK
@@ -61,7 +61,7 @@
 Starting kernel ...
 
 Booting Linux on physical CPU 0x0
-Linux version 4.12.0-rc6-172588-g41f1830 (jonathanh@sellafield) (gcc version 4.7.3 20130328 (prerelease) (crosstool-NG linaro-1.13.1-4.7-2013.04-20130415 - Linaro GCC 2013.04) ) #1 SMP Mon Jun 19 08:35:03 PDT 2017
+Linux version 4.12.0-rc7-172780-gc0bc126 (jonathanh@sellafield) (gcc version 4.7.3 20130328 (prerelease) (crosstool-NG linaro-1.13.1-4.7-2013.04-20130415 - Linaro GCC 2013.04) ) #1 SMP Mon Jun 26 02:34:56 PDT 2017
 CPU: ARMv7 Processor [412fc0f2] revision 2 (ARMv7), cr=10c5387d
 CPU: div instructions available: patching division code
 CPU: PIPT / VIPT nonaliasing data cache, PIPT instruction cache
@@ -72,7 +72,7 @@
 efi: UEFI not found.
 cma: Reserved 64 MiB at 0xfb800000
 On node 0 totalpages: 524032
-free_area_init_node: node 0, pgdat c157fd00, node_mem_map eeff8000
+free_area_init_node: node 0, pgdat c157fd40, node_mem_map eeff8000
   DMA zone: 1536 pages used for memmap
   DMA zone: 0 pages reserved
   DMA zone: 196608 pages, LIFO batch:31
@@ -95,7 +95,7 @@
     modules : 0xbf000000 - 0xbfe00000   (  14 MB)
       .text : 0xc0208000 - 0xc0d00000   (11232 kB)
       .init : 0xc1200000 - 0xc1400000   (2048 kB)
-      .data : 0xc1400000 - 0xc1587970   (1567 kB)
+      .data : 0xc1400000 - 0xc15879b0   (1567 kB)
        .bss : 0xc1590ce0 - 0xc15f7498   ( 410 kB)
 SLUB: HWalign=64, Order=0-3, MinObjects=0, CPUs=4, Nodes=1
 Hierarchical RCU implementation.
@@ -317,18 +317,18 @@
  mmcblk0: p1 p2 p3
 tegra-ehci 7d008000.usb: EHCI Host Controller
 tegra-ehci 7d008000.usb: new USB bus registered, assigned bus number 1
-tegra-ehci 7d008000.usb: irq 339, io mem 0x7d008000
 mmc1: new high speed MMC card at address 0001
 mmcblk1: mmc1:0001 SEM32G 29.1 GiB 
 mmcblk1boot0: mmc1:0001 SEM32G partition 1 4.00 MiB
 mmcblk1boot1: mmc1:0001 SEM32G partition 2 4.00 MiB
 mmcblk1rpmb: mmc1:0001 SEM32G partition 3 4.00 MiB
  mmcblk1: p1 p2 p3 p4 p5 p6 p7 p8
+tegra-ehci 7d008000.usb: irq 339, io mem 0x7d008000
 tegra-ehci 7d008000.usb: USB 2.0 started, EHCI 1.10
 hub 1-0:1.0: USB hub found
 hub 1-0:1.0: 1 port detected
 input: gpio-keys as /devices/soc0/gpio-keys/input/input0
-palmas-rtc 7000d000.i2c:tps65913@58:rtc: setting system clock to 2001-04-13 03:15:20 UTC (987131720)
+palmas-rtc 7000d000.i2c:tps65913@58:rtc: setting system clock to 2001-04-19 21:13:06 UTC (987714786)
 vdd_hdmi_5v0: disabling
 dvdd_ts: disabling
 usb1_vbus: disabling
@@ -342,4 +342,4 @@
 Freeing unused kernel memory: 2048K
 bash: cannot set terminal process group (-1): Inappropriate ioctl for device
 bash: no job control in this shell
-root@(none):/# [    2.429030] usb 1-1: new high-speed USB device number 2 using tegra-ehci
+root@(none):/# [    2.438994] usb 1-1: new high-speed USB device number 2 using tegra-ehci
Diff for ./tegra114-dalmore-a04/tegra114-dalmore/tegra_defconfig_log.txt
--- /tmp/fooa	2017-06-26 02:41:59.670254343 -0700
+++ /tmp/foob	2017-06-26 02:41:59.670254343 -0700
@@ -14,7 +14,7 @@
 Err:   serial
 Net:   Net Initialization Skipped
 No ethernet found.
-Hit any key to stop autoboot:  2  1  0 
+Hit any key to stop autoboot:  2  0 
 Tegra114 (Dalmore) # 
 Tegra114 (Dalmore) # usb reset
 (Re)start USB...
@@ -38,20 +38,20 @@
 	 #################################################################
 	 #################################################################
 	 #########################
-	 3.1 MiB/s
+	 2.8 MiB/s
 done
-Bytes transferred = 6090752 (5cf000 hex)
+Bytes transferred = 6091152 (5cf190 hex)
 Tegra114 (Dalmore) # tftpboot 0x82000000 tegra114-dalmore.dtb
 Using asx0 device
 TFTP from server 192.168.100.1; our IP address is 192.168.100.100
 Filename 'tegra114-dalmore.dtb'.
 Load address: 0x82000000
 Loading: *###
-	 2.8 MiB/s
+	 2.6 MiB/s
 done
 Bytes transferred = 35044 (88e4 hex)
 Tegra114 (Dalmore) # bootz 0x81000000 - 0x82000000
-Kernel image @ 0x81000000 [ 0x000000 - 0x5cf000 ]
+Kernel image @ 0x81000000 [ 0x000000 - 0x5cf190 ]
 ## Flattened Device Tree blob at 82000000
    Booting using the fdt blob at 0x82000000
    Loading Device Tree to 8fff4000, end 8ffff8e3 ... OK
@@ -60,7 +60,7 @@
 
 Uncompressing Linux... done, booting the kernel.
 Booting Linux on physical CPU 0x0
-Linux version 4.12.0-rc6-172588-g41f1830 (jonathanh@kaivo) (gcc version 4.7.3 20130328 (prerelease) (crosstool-NG linaro-1.13.1-4.7-2013.04-20130415 - Linaro GCC 2013.04) ) #1 SMP PREEMPT Mon Jun 19 08:34:53 PDT 2017
+Linux version 4.12.0-rc7-172780-gc0bc126 (jonathanh@kaivo) (gcc version 4.7.3 20130328 (prerelease) (crosstool-NG linaro-1.13.1-4.7-2013.04-20130415 - Linaro GCC 2013.04) ) #1 SMP PREEMPT Mon Jun 26 02:35:05 PDT 2017
 CPU: ARMv7 Processor [412fc0f2] revision 2 (ARMv7), cr=10c5387d
 CPU: div instructions available: patching division code
 CPU: PIPT / VIPT nonaliasing data cache, PIPT instruction cache
@@ -70,7 +70,7 @@
 Memory policy: Data cache writealloc
 cma: Reserved 64 MiB at 0xfbc00000
 On node 0 totalpages: 524032
-free_area_init_node: node 0, pgdat c0eaea80, node_mem_map eeff7000
+free_area_init_node: node 0, pgdat c0eaeac0, node_mem_map eeff7000
   Normal zone: 1536 pages used for memmap
   Normal zone: 0 pages reserved
   Normal zone: 196608 pages, LIFO batch:31
@@ -93,7 +93,7 @@
     modules : 0xbf000000 - 0xbfe00000   (  14 MB)
       .text : 0xc0008000 - 0xc0a00000   (10208 kB)
       .init : 0xc0d00000 - 0xc0e00000   (1024 kB)
-      .data : 0xc0e00000 - 0xc0eb9078   ( 741 kB)
+      .data : 0xc0e00000 - 0xc0eb90b8   ( 741 kB)
        .bss : 0xc0ec3640 - 0xc0f1044c   ( 308 kB)
 Preemptible hierarchical RCU implementation.
 NR_IRQS:16 nr_irqs:16 16
@@ -320,7 +320,7 @@
 hub 1-0:1.0: USB hub found
 hub 1-0:1.0: 1 port detected
 input: gpio-keys as /devices/soc0/gpio-keys/input/input1
-palmas-rtc 7000d000.i2c:tps65913@58:rtc: setting system clock to 2001-04-13 03:12:42 UTC (987131562)
+palmas-rtc 7000d000.i2c:tps65913@58:rtc: setting system clock to 2001-04-19 21:15:45 UTC (987714945)
 vdd_hdmi_5v0: disabling
 dvdd_ts: disabling
 usb1_vbus: disabling
@@ -336,4 +336,4 @@
 Freeing unused kernel memory: 1024K
 bash: cannot set terminal process group (-1): Inappropriate ioctl for device
 bash: no job control in this shell
-root@(none):/# [    2.668489] usb 1-1: new high-speed USB device number 2 using tegra-ehci
+root@(none):/# [    2.668138] usb 1-1: new high-speed USB device number 2 using tegra-ehci
Diff for ./tegra124-jetson-tk1/tegra124-jetson-tk1/multi_v7_defconfig_log.txt
--- /tmp/fooa	2017-06-26 02:41:59.686254409 -0700
+++ /tmp/foob	2017-06-26 02:41:59.686254409 -0700
@@ -35,20 +35,20 @@
 	 #################################################################
 	 #################################################################
 	 ####################
-	 3.9 MiB/s
+	 3.4 MiB/s
 done
-Bytes transferred = 7916200 (78caa8 hex)
+Bytes transferred = 7917600 (78d020 hex)
 Tegra124 (Jetson TK1) # tftpboot 0x83000000 tegra124-jetson-tk1.dtb
 Using eth_rtl8169 device
 TFTP from server 192.168.100.1; our IP address is 192.168.100.102
 Filename 'tegra124-jetson-tk1.dtb'.
 Load address: 0x83000000
 Loading: *#####
-	 4 MiB/s
+	 3.6 MiB/s
 done
 Bytes transferred = 67133 (1063d hex)
 Tegra124 (Jetson TK1) # bootz 0x82000000 - 0x83000000
-Kernel image @ 0x82000000 [ 0x000000 - 0x78caa8 ]
+Kernel image @ 0x82000000 [ 0x000000 - 0x78d020 ]
 ## Flattened Device Tree blob at 83000000
    Booting using the fdt blob at 0x83000000
    Using Device Tree in place at 83000000, end 8301363c
@@ -56,7 +56,7 @@
 Starting kernel ...
 
 Booting Linux on physical CPU 0x0
-Linux version 4.12.0-rc6-172588-g41f1830 (jonathanh@sellafield) (gcc version 4.7.3 20130328 (prerelease) (crosstool-NG linaro-1.13.1-4.7-2013.04-20130415 - Linaro GCC 2013.04) ) #1 SMP Mon Jun 19 08:35:03 PDT 2017
+Linux version 4.12.0-rc7-172780-gc0bc126 (jonathanh@sellafield) (gcc version 4.7.3 20130328 (prerelease) (crosstool-NG linaro-1.13.1-4.7-2013.04-20130415 - Linaro GCC 2013.04) ) #1 SMP Mon Jun 26 02:34:56 PDT 2017
 CPU: ARMv7 Processor [413fc0f3] revision 3 (ARMv7), cr=10c5387d
 CPU: div instructions available: patching division code
 CPU: PIPT / VIPT nonaliasing data cache, PIPT instruction cache
@@ -67,7 +67,7 @@
 efi: UEFI not found.
 cma: Reserved 64 MiB at 0xfb800000
 On node 0 totalpages: 524032
-free_area_init_node: node 0, pgdat c157fd00, node_mem_map eeff8000
+free_area_init_node: node 0, pgdat c157fd40, node_mem_map eeff8000
   DMA zone: 1536 pages used for memmap
   DMA zone: 0 pages reserved
   DMA zone: 196608 pages, LIFO batch:31
@@ -90,7 +90,7 @@
     modules : 0xbf000000 - 0xbfe00000   (  14 MB)
       .text : 0xc0208000 - 0xc0d00000   (11232 kB)
       .init : 0xc1200000 - 0xc1400000   (2048 kB)
-      .data : 0xc1400000 - 0xc1587970   (1567 kB)
+      .data : 0xc1400000 - 0xc15879b0   (1567 kB)
        .bss : 0xc1590ce0 - 0xc15f7498   ( 410 kB)
 SLUB: HWalign=64, Order=0-3, MinObjects=0, CPUs=4, Nodes=1
 Hierarchical RCU implementation.
@@ -314,20 +314,20 @@
 +5V_HDMI_CON: supplied by +5V_SYS
 +5V_SATA: supplied by +5V_SYS
 +12V_SATA: supplied by +VDD_MUX
-mmc0: new high speed MMC card at address 0001
  usb2-0: usb2-0 supply vbus not found, using dummy regulator
  usb2-1: usb2-1 supply vbus not found, using dummy regulator
+mmc0: new high speed MMC card at address 0001
+mmcblk0: mmc0:0001 SEM16G 14.7 GiB 
+mmcblk0boot0: mmc0:0001 SEM16G partition 1 4.00 MiB
+mmcblk0boot1: mmc0:0001 SEM16G partition 2 4.00 MiB
+mmcblk0rpmb: mmc0:0001 SEM16G partition 3 4.00 MiB
+ mmcblk0: p1
  usb3-0: usb3-0 supply vbus not found, using dummy regulator
 tegra-pcie 1003000.pcie-controller: 2x1, 1x1 configuration
 tegra-pcie 1003000.pcie-controller: Failed to get supply 'avddio-pex': -517
 tegra124-dfll 70110000.clock: couldn't get vdd_cpu regulator
 tegra-hdmi 54280000.hdmi: failed to get PLL regulator
-mmcblk0: mmc0:0001 SEM16G 14.7 GiB 
 as3722-sd2: supplied by +5V_SYS
-mmcblk0boot0: mmc0:0001 SEM16G partition 1 4.00 MiB
-mmcblk0boot1: mmc0:0001 SEM16G partition 2 4.00 MiB
-mmcblk0rpmb: mmc0:0001 SEM16G partition 3 4.00 MiB
- mmcblk0: p1
 as3722-sd3: supplied by +5V_SYS
 as3722-sd4: supplied by +5V_SYS
 as3722-sd5: supplied by +5V_SYS
@@ -436,7 +436,7 @@
 cpufreq: cpufreq_online: CPU0: Running at unlisted freq: 696000 KHz
 cpufreq: cpufreq_online: CPU0: Unlisted initial frequency changed to: 714000 KHz
 input: gpio-keys as /devices/soc0/gpio-keys/input/input0
-as3722-rtc as3722-rtc: setting system clock to 2000-01-01 00:02:05 UTC (946684925)
+as3722-rtc as3722-rtc: setting system clock to 2000-01-01 00:00:13 UTC (946684813)
 +3.3V_AVDD_HDMI_AP_GATED: disabling
 +USB0_VBUS_SW: disabling
 +1.05V_RUN_AVDD_HDMI_PLL: disabling
Diff for ./tegra124-jetson-tk1/tegra124-jetson-tk1/tegra_defconfig_log.txt
--- /tmp/fooa	2017-06-26 02:41:59.698254458 -0700
+++ /tmp/foob	2017-06-26 02:41:59.702254474 -0700
@@ -33,9 +33,9 @@
 	 #################################################################
 	 #################################################################
 	 #########################
-	 4 MiB/s
+	 3.2 MiB/s
 done
-Bytes transferred = 6090752 (5cf000 hex)
+Bytes transferred = 6091152 (5cf190 hex)
 Tegra124 (Jetson TK1) # tftpboot 0x83000000 tegra124-jetson-tk1.dtb
 Using eth_rtl8169 device
 TFTP from server 192.168.100.1; our IP address is 192.168.100.102
@@ -46,7 +46,7 @@
 done
 Bytes transferred = 67133 (1063d hex)
 Tegra124 (Jetson TK1) # bootz 0x82000000 - 0x83000000
-Kernel image @ 0x82000000 [ 0x000000 - 0x5cf000 ]
+Kernel image @ 0x82000000 [ 0x000000 - 0x5cf190 ]
 ## Flattened Device Tree blob at 83000000
    Booting using the fdt blob at 0x83000000
    Using Device Tree in place at 83000000, end 8301363c
@@ -55,7 +55,7 @@
 
 Uncompressing Linux... done, booting the kernel.
 Booting Linux on physical CPU 0x0
-Linux version 4.12.0-rc6-172588-g41f1830 (jonathanh@kaivo) (gcc version 4.7.3 20130328 (prerelease) (crosstool-NG linaro-1.13.1-4.7-2013.04-20130415 - Linaro GCC 2013.04) ) #1 SMP PREEMPT Mon Jun 19 08:34:53 PDT 2017
+Linux version 4.12.0-rc7-172780-gc0bc126 (jonathanh@kaivo) (gcc version 4.7.3 20130328 (prerelease) (crosstool-NG linaro-1.13.1-4.7-2013.04-20130415 - Linaro GCC 2013.04) ) #1 SMP PREEMPT Mon Jun 26 02:35:05 PDT 2017
 CPU: ARMv7 Processor [413fc0f3] revision 3 (ARMv7), cr=10c5387d
 CPU: div instructions available: patching division code
 CPU: PIPT / VIPT nonaliasing data cache, PIPT instruction cache
@@ -65,7 +65,7 @@
 Memory policy: Data cache writealloc
 cma: Reserved 64 MiB at 0xfbc00000
 On node 0 totalpages: 524032
-free_area_init_node: node 0, pgdat c0eaea80, node_mem_map eeff7000
+free_area_init_node: node 0, pgdat c0eaeac0, node_mem_map eeff7000
   Normal zone: 1536 pages used for memmap
   Normal zone: 0 pages reserved
   Normal zone: 196608 pages, LIFO batch:31
@@ -88,7 +88,7 @@
     modules : 0xbf000000 - 0xbfe00000   (  14 MB)
       .text : 0xc0008000 - 0xc0a00000   (10208 kB)
       .init : 0xc0d00000 - 0xc0e00000   (1024 kB)
-      .data : 0xc0e00000 - 0xc0eb9078   ( 741 kB)
+      .data : 0xc0e00000 - 0xc0eb90b8   ( 741 kB)
        .bss : 0xc0ec3640 - 0xc0f1044c   ( 308 kB)
 Preemptible hierarchical RCU implementation.
 NR_IRQS:16 nr_irqs:16 16
@@ -441,7 +441,7 @@
 cpufreq: cpufreq_online: CPU0: Running at unlisted freq: 696000 KHz
 cpufreq: cpufreq_online: CPU0: Unlisted initial frequency changed to: 714000 KHz
 input: gpio-keys as /devices/soc0/gpio-keys/input/input2
-as3722-rtc as3722-rtc: setting system clock to 2000-01-01 00:00:13 UTC (946684813)
+as3722-rtc as3722-rtc: setting system clock to 2000-01-01 00:00:15 UTC (946684815)
 +3.3V_AVDD_HDMI_AP_GATED: disabling
 +USB0_VBUS_SW: disabling
 +1.05V_RUN_AVDD_HDMI_PLL: disabling
Diff for ./tegra124-nyan-big/tegra124-nyan-big/multi_v7_defconfig_log.txt
--- /tmp/fooa	2017-06-26 02:41:59.722254556 -0700
+++ /tmp/foob	2017-06-26 02:41:59.722254556 -0700
@@ -14,7 +14,7 @@
 Err:   serial
 Net:   Net Initialization Skipped
 No ethernet found.
-Hit any key to stop autoboot:  2  1  0 
+Hit any key to stop autoboot:  2  0 
 Tegra124 (Nyan-big) # 
 Tegra124 (Nyan-big) # usb start
 starting USB...
@@ -43,20 +43,20 @@
 	 #################################################################
 	 #################################################################
 	 ####################
-	 3.6 MiB/s
+	 2.8 MiB/s
 done
-Bytes transferred = 7916200 (78caa8 hex)
+Bytes transferred = 7917600 (78d020 hex)
 Tegra124 (Nyan-big) # tftpboot 0x83000000 tegra124-nyan-big.dtb
 Using asx0 device
 TFTP from server 192.168.100.1; our IP address is 192.168.100.102
 Filename 'tegra124-nyan-big.dtb'.
 Load address: 0x83000000
 Loading: *#####
-	 3.2 MiB/s
+	 2.7 MiB/s
 done
 Bytes transferred = 68155 (10a3b hex)
 Tegra124 (Nyan-big) # bootz 0x82000000 - 0x83000000
-Kernel image @ 0x82000000 [ 0x000000 - 0x78caa8 ]
+Kernel image @ 0x82000000 [ 0x000000 - 0x78d020 ]
 ## Flattened Device Tree blob at 83000000
    Booting using the fdt blob at 0x83000000
    Using Device Tree in place at 83000000, end 83013a3a
@@ -64,7 +64,7 @@
 Starting kernel ...
 
 Booting Linux on physical CPU 0x0
-Linux version 4.12.0-rc6-172588-g41f1830 (jonathanh@sellafield) (gcc version 4.7.3 20130328 (prerelease) (crosstool-NG linaro-1.13.1-4.7-2013.04-20130415 - Linaro GCC 2013.04) ) #1 SMP Mon Jun 19 08:35:03 PDT 2017
+Linux version 4.12.0-rc7-172780-gc0bc126 (jonathanh@sellafield) (gcc version 4.7.3 20130328 (prerelease) (crosstool-NG linaro-1.13.1-4.7-2013.04-20130415 - Linaro GCC 2013.04) ) #1 SMP Mon Jun 26 02:34:56 PDT 2017
 CPU: ARMv7 Processor [413fc0f3] revision 3 (ARMv7), cr=10c5387d
 CPU: div instructions available: patching division code
 CPU: PIPT / VIPT nonaliasing data cache, PIPT instruction cache
@@ -76,7 +76,7 @@
 efi: UEFI not found.
 cma: Reserved 64 MiB at 0xfb800000
 On node 0 totalpages: 524287
-free_area_init_node: node 0, pgdat c157fd00, node_mem_map eeff8000
+free_area_init_node: node 0, pgdat c157fd40, node_mem_map eeff8000
   DMA zone: 1536 pages used for memmap
   DMA zone: 0 pages reserved
   DMA zone: 196608 pages, LIFO batch:31
@@ -99,7 +99,7 @@
     modules : 0xbf000000 - 0xbfe00000   (  14 MB)
       .text : 0xc0208000 - 0xc0d00000   (11232 kB)
       .init : 0xc1200000 - 0xc1400000   (2048 kB)
-      .data : 0xc1400000 - 0xc1587970   (1567 kB)
+      .data : 0xc1400000 - 0xc15879b0   (1567 kB)
        .bss : 0xc1590ce0 - 0xc15f7498   ( 410 kB)
 SLUB: HWalign=64, Order=0-3, MinObjects=0, CPUs=4, Nodes=1
 Hierarchical RCU implementation.
@@ -311,12 +311,6 @@
 can: raw protocol (rev 20170425)
 can: broadcast manager protocol (rev 20170425 t)
 can: netlink gateway (rev 20170425) max_hops=1
-mmc0: new high speed MMC card at address 0001
-mmcblk0: mmc0:0001 MMC16G 14.4 GiB 
-mmcblk0boot0: mmc0:0001 MMC16G partition 1 2.00 MiB
-mmcblk0boot1: mmc0:0001 MMC16G partition 2 2.00 MiB
-mmcblk0rpmb: mmc0:0001 MMC16G partition 3 128 KiB
- mmcblk0: p1 p2 p3 p4 p5 p6 p7 p8 p9 p10 p11 p12
 Key type dns_resolver registered
 ThumbEE CPU extension supported.
 Registering SWP/SWPB emulation handler
@@ -330,12 +324,18 @@
 +5V_USB_HS: supplied by +5V_SYS
 +5V_USB_SS: supplied by +5V_SYS
 +3.3V_PANEL: supplied by +3.3V_RUN
+mmc0: new high speed MMC card at address 0001
+mmcblk0: mmc0:0001 MMC16G 14.4 GiB 
+mmcblk0boot0: mmc0:0001 MMC16G partition 1 2.00 MiB
+mmcblk0boot1: mmc0:0001 MMC16G partition 2 2.00 MiB
+mmcblk0rpmb: mmc0:0001 MMC16G partition 3 128 KiB
+ mmcblk0: p1 p2 p3 p4 p5 p6 p7 p8 p9 p10 p11 p12
 +3.3V_LP0: supplied by +3.3V_SYS
 +1.05V_RUN_AVDD_HDMI_PLL: supplied by +1.05V_RUN
-elan_i2c 1-0015: failed to read report data: -121
 +5V_HDMI_CON: supplied by +5V_SYS
  usb3-0: usb3-0 supply vbus not found, using dummy regulator
  usb3-1: usb3-1 supply vbus not found, using dummy regulator
+elan_i2c 1-0015: failed to read report data: -121
 tegra-sor 54540000.sor: failed to probe output: -517
 panel-simple panel: panel supply power not found, using dummy regulator
 sdhci-tegra 700b0000.sdhci: allocated mmc-pwrseq
@@ -343,15 +343,15 @@
 mmc1: Invalid maximum block size, assuming 512 bytes
 mmc1: Switching to 3.3V signalling voltage failed
 mmc1: SDHCI controller on 700b0000.sdhci [700b0000.sdhci] using ADMA
-elan_i2c 1-0015: invalid report id data (ff)
 sdhci-tegra 700b0400.sdhci: Got CD GPIO
 sdhci-tegra 700b0400.sdhci: Got WP GPIO
+elan_i2c 1-0015: invalid report id data (ff)
 mmc2: Unknown controller version (3). You may experience problems.
 mmc2: Invalid maximum block size, assuming 512 bytes
 mmc1: new high speed SDIO card at address 0001
 mmc2: SDHCI controller on 700b0400.sdhci [700b0400.sdhci] using ADMA
 input: gpio-keys as /devices/soc0/gpio-keys/input/input1
-as3722-rtc as3722-rtc: setting system clock to 2000-01-01 00:00:24 UTC (946684824)
+as3722-rtc as3722-rtc: setting system clock to 2000-01-01 00:00:23 UTC (946684823)
 +3.3V_AVDD_HDMI_AP_GATED: disabling
 +1.05V_RUN: disabling
 +1.8V_RUN_CAM: disabling
@@ -370,11 +370,6 @@
 +5V_HDMI_CON: disabling
 EXT4-fs (mmcblk0p3): couldn't mount as ext3 due to feature incompatibilities
 EXT4-fs (mmcblk0p3): couldn't mount as ext2 due to feature incompatibilities
-EXT4-fs (mmcblk0p3): recovery complete
-EXT4-fs (mmcblk0p3): mounted filesystem with ordered data mode. Opts: (null)
-VFS: Mounted root (ext4 filesystem) on device 179:3.
-devtmpfs: mounted
-Freeing unused kernel memory: 2048K
 mmc2: new high speed SDHC card at address 0007
 mmcblk2: mmc2:0007 SD08G 7.42 GiB 
 GPT:Primary header alternate_lba != Alt. header my_lba
@@ -383,6 +378,11 @@
 GPT:3014591 != 15564799
 GPT: Use GNU Parted to correct GPT errors.
  mmcblk2: p1 p2 p3 p4 p5 p6 p7 p8 p9 p10 p11 p12
+EXT4-fs (mmcblk0p3): recovery complete
+EXT4-fs (mmcblk0p3): mounted filesystem with ordered data mode. Opts: (null)
+VFS: Mounted root (ext4 filesystem) on device 179:3.
+devtmpfs: mounted
+Freeing unused kernel memory: 2048K
 bash: cannot set terminal process group (-1): Inappropriate ioctl for device
 bash: no job control in this shell
 root@(none):/# 
\ No newline at end of file
Diff for ./tegra124-nyan-big/tegra124-nyan-big/tegra_defconfig_log.txt
--- /tmp/fooa	2017-06-26 02:41:59.726254573 -0700
+++ /tmp/foob	2017-06-26 02:41:59.730254589 -0700
@@ -5,7 +5,7 @@
 TEGRA124
 Model: Acer Chromebook 13 CB5-311
 DRAM:  4 GiB
-:   Tegra SD/MMC: 0, Tegra SD/MMC: 1, Tegra SD/MMC: 2
+C:   Tegra SD/MMC: 0, Tegra SD/MMC: 1, Tegra SD/MMC: 2
 MMC init failed
 Using default environment
 
@@ -41,20 +41,20 @@
 	 #################################################################
 	 #################################################################
 	 #########################
-	 3.4 MiB/s
+	 3 MiB/s
 done
-Bytes transferred = 6090752 (5cf000 hex)
+Bytes transferred = 6091152 (5cf190 hex)
 Tegra124 (Nyan-big) # tftpboot 0x83000000 tegra124-nyan-big.dtb
 Using asx0 device
 TFTP from server 192.168.100.1; our IP address is 192.168.100.102
 Filename 'tegra124-nyan-big.dtb'.
 Load address: 0x83000000
 Loading: *#####
-	 3.4 MiB/s
+	 3.1 MiB/s
 done
 Bytes transferred = 68155 (10a3b hex)
 Tegra124 (Nyan-big) # bootz 0x82000000 - 0x83000000
-Kernel image @ 0x82000000 [ 0x000000 - 0x5cf000 ]
+Kernel image @ 0x82000000 [ 0x000000 - 0x5cf190 ]
 ## Flattened Device Tree blob at 83000000
    Booting using the fdt blob at 0x83000000
    Using Device Tree in place at 83000000, end 83013a3a
@@ -63,7 +63,7 @@
 
 Uncompressing Linux... done, booting the kernel.
 Booting Linux on physical CPU 0x0
-Linux version 4.12.0-rc6-172588-g41f1830 (jonathanh@kaivo) (gcc version 4.7.3 20130328 (prerelease) (crosstool-NG linaro-1.13.1-4.7-2013.04-20130415 - Linaro GCC 2013.04) ) #1 SMP PREEMPT Mon Jun 19 08:34:53 PDT 2017
+Linux version 4.12.0-rc7-172780-gc0bc126 (jonathanh@kaivo) (gcc version 4.7.3 20130328 (prerelease) (crosstool-NG linaro-1.13.1-4.7-2013.04-20130415 - Linaro GCC 2013.04) ) #1 SMP PREEMPT Mon Jun 26 02:35:05 PDT 2017
 CPU: ARMv7 Processor [413fc0f3] revision 3 (ARMv7), cr=10c5387d
 CPU: div instructions available: patching division code
 CPU: PIPT / VIPT nonaliasing data cache, PIPT instruction cache
@@ -74,7 +74,7 @@
 Memory policy: Data cache writealloc
 cma: Reserved 64 MiB at 0xfbc00000
 On node 0 totalpages: 524287
-free_area_init_node: node 0, pgdat c0eaea80, node_mem_map eeff7000
+free_area_init_node: node 0, pgdat c0eaeac0, node_mem_map eeff7000
   Normal zone: 1536 pages used for memmap
   Normal zone: 0 pages reserved
   Normal zone: 196608 pages, LIFO batch:31
@@ -97,7 +97,7 @@
     modules : 0xbf000000 - 0xbfe00000   (  14 MB)
       .text : 0xc0008000 - 0xc0a00000   (10208 kB)
       .init : 0xc0d00000 - 0xc0e00000   (1024 kB)
-      .data : 0xc0e00000 - 0xc0eb9078   ( 741 kB)
+      .data : 0xc0e00000 - 0xc0eb90b8   ( 741 kB)
        .bss : 0xc0ec3640 - 0xc0f1044c   ( 308 kB)
 Preemptible hierarchical RCU implementation.
 NR_IRQS:16 nr_irqs:16 16
@@ -372,8 +372,8 @@
 ALSA device list:
   #1: GoogleNyanBig
 usb 1-2: new high-speed USB device number 2 using tegra-xusb
-EXT4-fs (mmcblk0p3): couldn't mount as ext3 due to feature incompatibilities
 input: tegra-hda HDMI/DP,pcm=3 as /devices/soc0/70030000.hda/sound/card0/input4
+EXT4-fs (mmcblk0p3): couldn't mount as ext3 due to feature incompatibilities
 mmc2: new high speed SDHC card at address 0007
 mmcblk2: mmc2:0007 SD08G 7.42 GiB 
 GPT:Primary header alternate_lba != Alt. header my_lba
@@ -389,6 +389,6 @@
 Freeing unused kernel memory: 1024K
 bash: cannot set terminal process group (-1): Inappropriate ioctl for device
 bash: no job control in this shell
-root@(none):/# [    2.619417] uvcvideo: Found UVC 1.00 device HD WebCam (1bcf:2c67)
+root@(none):/# [    2.649358] uvcvideo: Found UVC 1.00 device HD WebCam (1bcf:2c67)
 input: HD WebCam as /devices/soc0/70090000.usb/usb1/1-2/1-2:1.0/input/input5
 usb 1-3: new high-speed USB device number 3 using tegra-xusb
Diff for ./tegra132-norrin/tegra132-norrin/defconfig_log.txt
--- /tmp/fooa	2017-06-26 02:41:59.734254605 -0700
+++ /tmp/foob	2017-06-26 02:41:59.738254622 -0700
@@ -31,7 +31,7 @@
 MSENC clock is set to  79200 KHz
 Vde clock is set to 204000 KHz
 
-Bootloader-Cpu Init at (time stamp): 1800918 us
+Bootloader-Cpu Init at (time stamp): 1801390 us
 
 Pinmux changes applied in kernel way
 
@@ -62,22 +62,22 @@
 Board Id Read Time: 3 us
 Power Rail enable Time: 1 us
 
-Miscellaneous avp time: 1800892  us
-Bootloader (AosInit) time: 734220 us
-Bootloader Main Init time: 183560 us
-BlockDevMgrInit time: 157595 us
+Miscellaneous avp time: 1801364  us
+Bootloader (AosInit) time: 733447 us
+Bootloader Main Init time: 180044 us
+BlockDevMgrInit time: 157536 us
 PartMgrInit time: 8 us
 StorMgrInit time: 31 us
 FsMgrInit time: 2 us
-Partition Table load: 77101 us 
-Display init time: 574445 us
+Partition Table load: 77099 us 
+Display init time: 574541 us
 Kernel read time: 395 msec
 Load Kernel Size:   17063936 Bytes
 Bl Kernel ReadSpeed: 43199000 Bytes/sec
-Pre-Kernel Jump time: 1796506 us
-Clearing 32 Bit State and Warm resetting to 64bit mode: 5925312 us
+Pre-Kernel Jump time: 1797977 us
+Clearing 32 Bit State and Warm resetting to 64bit mode: 5922885 us
 Booting Linux on physical CPU 0x0
-Linux version 4.12.0-rc6-290829-g41f1830 (jonathanh@tamien) (gcc version 4.9.2 20140904 (prerelease) (crosstool-NG linaro-1.13.1-4.9-2014.09 - Linaro GCC 4.9-2014.09) ) #1 SMP PREEMPT Mon Jun 19 08:39:25 PDT 2017
+Linux version 4.12.0-rc7-172780-gc0bc126 (jonathanh@sellafield) (gcc version 4.9.2 20140904 (prerelease) (crosstool-NG linaro-1.13.1-4.9-2014.09 - Linaro GCC 4.9-2014.09) ) #1 SMP PREEMPT Mon Jun 26 02:37:43 PDT 2017
 Boot CPU: AArch64 Processor [4e0f0000]
 Machine model: NVIDIA Tegra132 Norrin
 Memory limited to 1734MB
@@ -111,7 +111,7 @@
     .rodata : 0xffff000008920000 - 0xffff000008d60000   (  4352 KB)
       .init : 0xffff000008d60000 - 0xffff000008e70000   (  1088 KB)
       .data : 0xffff000008e70000 - 0xffff000008f83a00   (  1103 KB)
-       .bss : 0xffff000008f83a00 - 0xffff000008fe8bc0   (   405 KB)
+       .bss : 0xffff000008f83a00 - 0xffff000008fe8b40   (   405 KB)
     fixed   : 0xffff7dfffe7fd000 - 0xffff7dfffec00000   (  4108 KB)
     PCI I/O : 0xffff7dfffee00000 - 0xffff7dffffe00000   (    16 MB)
     vmemmap : 0xffff7e0000000000 - 0xffff800000000000   (  2048 GB maximum)
@@ -198,7 +198,7 @@
 Freeing initrd memory: 1284K
 kvm [1]: HYP mode not available
 audit: initializing netlink subsys (disabled)
-audit: type=2000 audit(0.938:1): state=initialized audit_enabled=0 res=1
+audit: type=2000 audit(0.930:1): state=initialized audit_enabled=0 res=1
 workingset: timestamp_bits=44 max_order=19 bucket_order=0
 squashfs: version 4.0 (2009/01/31) Phillip Lougher
 NFS: Registering the id_resolver key type
@@ -265,19 +265,21 @@
 mmc0: new high speed MMC card at address 0001
 NET: Registered protocol family 17
 9pnet: Installing 9P2000 support
-Key type dns_resolver registered
-registered taskstats version 1
 mmcblk0: mmc0:0001 SEM16G 14.7 GiB 
+Key type dns_resolver registered
 mmcblk0boot0: mmc0:0001 SEM16G partition 1 4.00 MiB
-+VDD_LED: supplied by +VDD_MUX
 mmcblk0boot1: mmc0:0001 SEM16G partition 2 4.00 MiB
+registered taskstats version 1
 mmcblk0rpmb: mmc0:0001 SEM16G partition 3 4.00 MiB
+ mmcblk0: p1 p2 p3 p4 p5 p6 p7 p8
++VDD_LED: supplied by +VDD_MUX
 +5V_USB_HS: supplied by +5V_SYS
 +5V_USB_SS: supplied by +5V_SYS
 +5V_HDMI_CON: supplied by +5V_SYS
 sdhci-tegra 700b0400.sdhci: Got CD GPIO
 sdhci-tegra 700b0400.sdhci: Got WP GPIO
 input: gpio-keys as /devices/platform/gpio-keys/input/input0
+sdhci-tegra 700b0400.sdhci: Got CD GPIO
 hctosys: unable to open rtc device (rtc0)
 +3.3V_AVDD_HDMI_AP_GATED: disabling
 +VDD_LED: disabling
@@ -288,10 +290,6 @@
 ALSA device list:
   No soundcards found.
 Freeing unused kernel memory: 1088K
-sdhci-tegra 700b0400.sdhci: Got CD GPIO
-sdhci-tegra 700b0400.sdhci: Got WP GPIO
- mmcblk0: p1 p2 p3 p4 p5 p6 p7 p8
-sdhci-tegra 700b0400.sdhci: Got CD GPIO
 sdhci-tegra 700b0400.sdhci: Got WP GPIO
 
 System initialization...
Diff for ./tegra20-trimslice/tegra20-trimslice/multi_v7_defconfig_log.txt
--- /tmp/fooa	2017-06-26 02:41:59.746254655 -0700
+++ /tmp/foob	2017-06-26 02:41:59.750254671 -0700
@@ -48,20 +48,20 @@
 	 #################################################################
 	 #################################################################
 	 ####################
-	 4 MiB/s
+	 909.2 KiB/s
 done
-Bytes transferred = 7916200 (78caa8 hex)
+Bytes transferred = 7917600 (78d020 hex)
 Tegra20 (TrimSlice) # tftpboot 0x02408000 tegra20-trimslice.dtb
 Using RTL8169#0 device
 TFTP from server 192.168.100.1; our IP address is 192.168.100.103
 Filename 'tegra20-trimslice.dtb'.
 Load address: 0x2408000
 Loading: *##
-	 3.4 MiB/s
+	 871.1 KiB/s
 done
 Bytes transferred = 21426 (53b2 hex)
 Tegra20 (TrimSlice) # bootz 0x00408000 - 0x02408000
-Kernel image @ 0x408000 [ 0x000000 - 0x78caa8 ]
+Kernel image @ 0x408000 [ 0x000000 - 0x78d020 ]
 ## Flattened Device Tree blob at 02408000
    Booting using the fdt blob at 0x2408000
    Using Device Tree in place at 02408000, end 024103b1
@@ -69,7 +69,7 @@
 Starting kernel ...
 
 Booting Linux on physical CPU 0x0
-Linux version 4.12.0-rc6-172588-g41f1830 (jonathanh@sellafield) (gcc version 4.7.3 20130328 (prerelease) (crosstool-NG linaro-1.13.1-4.7-2013.04-20130415 - Linaro GCC 2013.04) ) #1 SMP Mon Jun 19 08:35:03 PDT 2017
+Linux version 4.12.0-rc7-172780-gc0bc126 (jonathanh@sellafield) (gcc version 4.7.3 20130328 (prerelease) (crosstool-NG linaro-1.13.1-4.7-2013.04-20130415 - Linaro GCC 2013.04) ) #1 SMP Mon Jun 26 02:34:56 PDT 2017
 CPU: ARMv7 Processor [411fc090] revision 0 (ARMv7), cr=10c5387d
 CPU: PIPT / VIPT nonaliasing data cache, VIPT aliasing instruction cache
 OF: fdt: Machine model: Compulab TrimSlice board
@@ -79,7 +79,7 @@
 efi: UEFI not found.
 cma: Reserved 64 MiB at 0x3c000000
 On node 0 totalpages: 262144
-free_area_init_node: node 0, pgdat c157fd00, node_mem_map ef7f8000
+free_area_init_node: node 0, pgdat c157fd40, node_mem_map ef7f8000
   DMA zone: 1536 pages used for memmap
   DMA zone: 0 pages reserved
   DMA zone: 196608 pages, LIFO batch:31
@@ -102,7 +102,7 @@
     modules : 0xbf000000 - 0xbfe00000   (  14 MB)
       .text : 0xc0208000 - 0xc0d00000   (11232 kB)
       .init : 0xc1200000 - 0xc1400000   (2048 kB)
-      .data : 0xc1400000 - 0xc1587970   (1567 kB)
+      .data : 0xc1400000 - 0xc15879b0   (1567 kB)
        .bss : 0xc1590ce0 - 0xc15f7498   ( 410 kB)
 SLUB: HWalign=64, Order=0-3, MinObjects=0, CPUs=2, Nodes=1
 Hierarchical RCU implementation.
@@ -344,9 +344,9 @@
 tegra-ehci c5000000.usb: USB 2.0 started, EHCI 1.00
 hub 2-0:1.0: USB hub found
 hub 2-0:1.0: 1 port detected
-hub 1-1:1.0: USB hub found
 input: gpio-keys as /devices/soc0/gpio-keys/input/input0
 rtc-em3027 2-0056: hctosys: unable to read the hardware clock
+hub 1-1:1.0: USB hub found
 hub 1-1:1.0: 4 ports detected
 Waiting for root device PARTUUID=11eb23c1-01...
 usb 1-1.2: new high-speed USB device number 3 using tegra-ehci
Diff for ./tegra20-trimslice/tegra20-trimslice/tegra_defconfig_log.txt
--- /tmp/fooa	2017-06-26 02:41:59.758254704 -0700
+++ /tmp/foob	2017-06-26 02:41:59.762254720 -0700
@@ -46,20 +46,20 @@
 	 #################################################################
 	 #################################################################
 	 #########################
-	 4 MiB/s
+	 3.3 MiB/s
 done
-Bytes transferred = 6090752 (5cf000 hex)
+Bytes transferred = 6091152 (5cf190 hex)
 Tegra20 (TrimSlice) # tftpboot 0x02408000 tegra20-trimslice.dtb
 Using RTL8169#0 device
 TFTP from server 192.168.100.1; our IP address is 192.168.100.103
 Filename 'tegra20-trimslice.dtb'.
 Load address: 0x2408000
 Loading: *##
-	 3.4 MiB/s
+	 2.9 MiB/s
 done
 Bytes transferred = 21426 (53b2 hex)
 Tegra20 (TrimSlice) # bootz 0x00408000 - 0x02408000
-Kernel image @ 0x408000 [ 0x000000 - 0x5cf000 ]
+Kernel image @ 0x408000 [ 0x000000 - 0x5cf190 ]
 ## Flattened Device Tree blob at 02408000
    Booting using the fdt blob at 0x2408000
    Using Device Tree in place at 02408000, end 024103b1
@@ -68,7 +68,7 @@
 
 Uncompressing Linux... done, booting the kernel.
 Booting Linux on physical CPU 0x0
-Linux version 4.12.0-rc6-172588-g41f1830 (jonathanh@kaivo) (gcc version 4.7.3 20130328 (prerelease) (crosstool-NG linaro-1.13.1-4.7-2013.04-20130415 - Linaro GCC 2013.04) ) #1 SMP PREEMPT Mon Jun 19 08:34:53 PDT 2017
+Linux version 4.12.0-rc7-172780-gc0bc126 (jonathanh@kaivo) (gcc version 4.7.3 20130328 (prerelease) (crosstool-NG linaro-1.13.1-4.7-2013.04-20130415 - Linaro GCC 2013.04) ) #1 SMP PREEMPT Mon Jun 26 02:35:05 PDT 2017
 CPU: ARMv7 Processor [411fc090] revision 0 (ARMv7), cr=10c5387d
 CPU: PIPT / VIPT nonaliasing data cache, VIPT aliasing instruction cache
 OF: fdt: Machine model: Compulab TrimSlice board
@@ -77,7 +77,7 @@
 Memory policy: Data cache writealloc
 cma: Reserved 64 MiB at 0x3c000000
 On node 0 totalpages: 262144
-free_area_init_node: node 0, pgdat c0eaea80, node_mem_map ef7f7000
+free_area_init_node: node 0, pgdat c0eaeac0, node_mem_map ef7f7000
   Normal zone: 1536 pages used for memmap
   Normal zone: 0 pages reserved
   Normal zone: 196608 pages, LIFO batch:31
@@ -100,7 +100,7 @@
     modules : 0xbf000000 - 0xbfe00000   (  14 MB)
       .text : 0xc0008000 - 0xc0a00000   (10208 kB)
       .init : 0xc0d00000 - 0xc0e00000   (1024 kB)
-      .data : 0xc0e00000 - 0xc0eb9078   ( 741 kB)
+      .data : 0xc0e00000 - 0xc0eb90b8   ( 741 kB)
        .bss : 0xc0ec3640 - 0xc0f1044c   ( 308 kB)
 Preemptible hierarchical RCU implementation.
 	RCU restricting CPUs from NR_CPUS=4 to nr_cpu_ids=2.
Diff for ./tegra210-p2371-0000/tegra210-p2371-0000/defconfig_log.txt
--- /tmp/fooa	2017-06-26 02:41:59.766254736 -0700
+++ /tmp/foob	2017-06-26 02:41:59.770254753 -0700
@@ -64,17 +64,17 @@
 Loading and Validation of Secure OS Successful
 NvTbootPackSdramParams: start. 
 NvTbootPackSdramParams: done. 
-Tegraboot started after 766363 us
-Basic modules init took 348809 us
+Tegraboot started after 749687 us
+Basic modules init took 348999 us
 Sec Bootdevice Read Time = 202 ms, Read Size = 8459 KB
-Next stage binary read took 14382 us
-Carveout took 252717 us
-CPU initialization took 92330 us
-Total time taken by TegraBoot 708238 us
+Next stage binary read took 14343 us
+Carveout took 252728 us
+CPU initialization took 92332 us
+Total time taken by TegraBoot 708402 us
 
 Starting CPU & Halting co-processor 
 
-64b[0001.605] LPDDR4 Training: Number of tables = 10
+64b[0001.589] LPDDR4 Training: Number of tables = 10
 EMC Training (SRC-freq: 204000; DST-freq: 408000)
 EMC Training Successful
 EMC Training (SRC-freq: 204000; DST-freq: 665600)
@@ -117,11 +117,11 @@
 Tegra210 (P2371-0000) # part uuid ${devtype} ${devnum}:${rootpart} uuid
 Tegra210 (P2371-0000) # setenv bootargs ignore_loglevel console=ttyS0,115200n8 earlycon=uart8250,mmio32,0x70006000 rw root=PARTUUID=00000000-0001-0000-788f-a75600000000 rootwait debug earlyprintk init=/bin/bash
 Tegra210 (P2371-0000) # load ${devtype} ${devnum}:${rootpart} ${kernel_addr_r} /boot/Image.defconfig
-15743488 bytes read in 814 ms (18.4 MiB/s)
+15743488 bytes read in 813 ms (18.5 MiB/s)
 Tegra210 (P2371-0000) # load ${devtype} ${devnum}:${rootpart} ${fdt_addr_r} /boot/tegra210-p2371-0000.dtb
-45142 bytes read in 459 ms (95.7 KiB/s)
+45142 bytes read in 461 ms (94.7 KiB/s)
 Tegra210 (P2371-0000) # load ${devtype} ${devnum}:${rootpart} ${ramdisk_addr_r} /boot/tegra-ramdisk.img
-1627787 bytes read in 494 ms (3.1 MiB/s)
+1627787 bytes read in 495 ms (3.1 MiB/s)
 Tegra210 (P2371-0000) # ramdisk_size=${filesize}
 Tegra210 (P2371-0000) # booti ${kernel_addr_r} - ${fdt_addr_r}
 ## Flattened Device Tree blob at 82000000
@@ -131,7 +131,7 @@
 Starting kernel ...
 
 Booting Linux on physical CPU 0x0
-Linux version 4.12.0-rc6-290829-g41f1830 (jonathanh@tamien) (gcc version 4.9.2 20140904 (prerelease) (crosstool-NG linaro-1.13.1-4.9-2014.09 - Linaro GCC 4.9-2014.09) ) #1 SMP PREEMPT Mon Jun 19 08:39:25 PDT 2017
+Linux version 4.12.0-rc7-172780-gc0bc126 (jonathanh@sellafield) (gcc version 4.9.2 20140904 (prerelease) (crosstool-NG linaro-1.13.1-4.9-2014.09 - Linaro GCC 4.9-2014.09) ) #1 SMP PREEMPT Mon Jun 26 02:37:43 PDT 2017
 Boot CPU: AArch64 Processor [411fd071]
 Machine model: NVIDIA Tegra210 P2371 (P2530/P2595) reference design
 debug: ignoring loglevel setting.
@@ -183,7 +183,7 @@
     .rodata : 0xffff000008920000 - 0xffff000008d60000   (  4352 KB)
       .init : 0xffff000008d60000 - 0xffff000008e70000   (  1088 KB)
       .data : 0xffff000008e70000 - 0xffff000008f83a00   (  1103 KB)
-       .bss : 0xffff000008f83a00 - 0xffff000008fe8bc0   (   405 KB)
+       .bss : 0xffff000008f83a00 - 0xffff000008fe8b40   (   405 KB)
     fixed   : 0xffff7dfffe7fd000 - 0xffff7dfffec00000   (  4108 KB)
     PCI I/O : 0xffff7dfffee00000 - 0xffff7dffffe00000   (    16 MB)
     vmemmap : 0xffff7e0000000000 - 0xffff800000000000   (  2048 GB maximum)
@@ -355,6 +355,6 @@
 devtmpfs: mounted
 Freeing unused kernel memory: 1088K
 bash: cannot set terminal process group (-1): Inappropriate ioctl for device
-bash: no job contr[    1.328944] random: fast init done
-ol in this shell
+bash: no job control in th[    1.362095] random: fast init done
+is shell
 root@(none):/# 
\ No newline at end of file
Diff for ./tegra210-smaug/tegra210-smaug/defconfig_log.txt
--- /tmp/fooa	2017-06-26 02:41:59.774254770 -0700
+++ /tmp/foob	2017-06-26 02:41:59.778254785 -0700
@@ -1,4 +1,8 @@
-x00000000f5400000
+: AArch64 Processor [411fd071]
+Machine model: Google Pixel C
+efi: Getting EFI parameters from FDT:
+efi: UEFI not found.
+cma: Reserved 16 MiB at 0x00000000f5400000
 earlycon: uart0 at MMIO 0x0000000070006000 (options '115200n8')
 bootconsole [uart0] enabled
 NUMA: No NUMA configuration found
@@ -36,7 +40,7 @@
     .rodata : 0xffff000008920000 - 0xffff000008d60000   (  4352 KB)
       .init : 0xffff000008d60000 - 0xffff000008e70000   (  1088 KB)
       .data : 0xffff000008e70000 - 0xffff000008f83a00   (  1103 KB)
-       .bss : 0xffff000008f83a00 - 0xffff000008fe8bc0   (   405 KB)
+       .bss : 0xffff000008f83a00 - 0xffff000008fe8b40   (   405 KB)
     fixed   : 0xffff7dfffe7fd000 - 0xffff7dfffec00000   (  4108 KB)
     PCI I/O : 0xffff7dfffee00000 - 0xffff7dffffe00000   (    16 MB)
     vmemmap : 0xffff7e0000000000 - 0xffff800000000000   (  2048 GB maximum)
@@ -73,7 +77,7 @@
 console [tty0] enabled
 bootconsole [uart0] disabled
 Booting Linux on physical CPU 0x0
-Linux version 4.12.0-rc6-290829-g41f1830 (jonathanh@tamien) (gcc version 4.9.2 20140904 (prerelease) (crosstool-NG linaro-1.13.1-4.9-2014.09 - Linaro GCC 4.9-2014.09) ) #1 SMP PREEMPT Mon Jun 19 08:39:25 PDT 2017
+Linux version 4.12.0-rc7-172780-gc0bc126 (jonathanh@sellafield) (gcc version 4.9.2 20140904 (prerelease) (crosstool-NG linaro-1.13.1-4.9-2014.09 - Linaro GCC 4.9-2014.09) ) #1 SMP PREEMPT Mon Jun 26 02:37:43 PDT 2017
 Boot CPU: AArch64 Processor [411fd071]
 Machine model: Google Pixel C
 efi: Getting EFI parameters from FDT:
@@ -116,7 +120,7 @@
     .rodata : 0xffff000008920000 - 0xffff000008d60000   (  4352 KB)
       .init : 0xffff000008d60000 - 0xffff000008e70000   (  1088 KB)
       .data : 0xffff000008e70000 - 0xffff000008f83a00   (  1103 KB)
-       .bss : 0xffff000008f83a00 - 0xffff000008fe8bc0   (   405 KB)
+       .bss : 0xffff000008f83a00 - 0xffff000008fe8b40   (   405 KB)
     fixed   : 0xffff7dfffe7fd000 - 0xffff7dfffec00000   (  4108 KB)
     PCI I/O : 0xffff7dfffee00000 - 0xffff7dffffe00000   (    16 MB)
     vmemmap : 0xffff7e0000000000 - 0xffff800000000000   (  2048 GB maximum)
@@ -230,7 +234,7 @@
 kvm [1]: vgic interrupt IRQ1
 kvm [1]: virtual timer IRQ4
 audit: initializing netlink subsys (disabled)
-audit: type=2000 audit(0.287:1): state=initialized audit_enabled=0 res=1
+audit: type=2000 audit(0.286:1): state=initialized audit_enabled=0 res=1
 workingset: timestamp_bits=44 max_order=20 bucket_order=0
 squashfs: version 4.0 (2009/01/31) Phillip Lougher
 NFS: Registering the id_resolver key type
@@ -268,9 +272,9 @@
 PP2800L_RCAM: Bringing 3100000uV into 2800000-2800000uV
 max77620-ldo4: supplied by regulator-dummy
 PP1100_SOC_RTC: Bringing 1000000uV into 850000-850000uV
+random: fast init done
 max77620-ldo5: supplied by regulator-dummy
 PP2800L_FCAM: Bringing 3100000uV into 2800000-2800000uV
-random: fast init done
 max77620-ldo6: supplied by regulator-dummy
 PP_LDO6: Bringing 2800000uV into 1800000-1800000uV
 max77620-ldo7: supplied by regulator-dummy
@@ -329,15 +333,16 @@
 Key type dns_resolver registered
 registered taskstats version 1
 tegra-i2c 7000d100.i2c: could not find pctldev for node /host1x@50000000/dpaux@545c0000/pinmux-i2c, deferring probe
-input: gpio-keys as /devices/platform/gpio-keys/input/input0
-tegra-i2c 7000d100.i2c: could not find pctldev for node /host1x@50000000/dpaux@545c0000/pinmux-i2c, deferring probe
 mmc0: new high speed MMC card at address 0001
 mmcblk0: mmc0:0001 BGND3R 29.1 GiB 
 mmcblk0boot0: mmc0:0001 BGND3R partition 1 4.00 MiB
 mmcblk0boot1: mmc0:0001 BGND3R partition 2 4.00 MiB
 mmcblk0rpmb: mmc0:0001 BGND3R partition 3 4.00 MiB
  mmcblk0: p1 p2 p3 p4 p5 p6 p7 p8 p9 p10 p11
-max77686-rtc max77620-rtc: setting system clock to 2001-03-30 21:05:03 UTC (985986303)
+tegra-i2c 7000d100.i2c: could not find pctldev for node /host1x@50000000/dpaux@545c0000/pinmux-i2c, deferring probe
+input: gpio-keys as /devices/platform/gpio-keys/input/input0
+tegra-i2c 7000d100.i2c: could not find pctldev for node /host1x@50000000/dpaux@545c0000/pinmux-i2c, deferring probe
+max77686-rtc max77620-rtc: setting system clock to 2001-04-06 15:03:27 UTC (986569407)
 PP1200_AVDD: disabling
 PP1200_RCAM: disabling
 PP2800L_RCAM: disabling
@@ -349,7 +354,6 @@
 ALSA device list:
   No soundcards found.
 Freeing unused kernel memory: 1088K
-tegra-i2c 7000d100.i2c: could not find pctldev for node /host1x@50000000/dpaux@545c0000/pinmux-i2c, deferring probe
 
 System initialization...
 
Diff for ./tegra30-beaver/tegra30-beaver/multi_v7_defconfig_log.txt
--- /tmp/fooa	2017-06-26 02:41:59.782254802 -0700
+++ /tmp/foob	2017-06-26 02:41:59.786254819 -0700
@@ -27,6 +27,7 @@
 Tegra30 (Beaver) # setenv bootargs 'ignore_loglevel console=ttyS0,115200n8 rw root=PARTUUID=edbe1840-3633-c751-7993-b0ac834f81e0 rootwait gpt debug noinitrd earlyprintk init=/bin/bash'
 Tegra30 (Beaver) # setenv ipaddr 192.168.100.101; setenv serverip 192.168.100.1; setenv tftpserverip 192.168.100.1
 Tegra30 (Beaver) # tftpboot 0x81000000 zImage.multi_v7_defconfig
+Waiting for Ethernet connection... done.
 Using asx0 device
 TFTP from server 192.168.100.1; our IP address is 192.168.100.101
 Filename 'zImage.multi_v7_defconfig'.
@@ -40,20 +41,20 @@
 	 #################################################################
 	 #################################################################
 	 ####################
-	 3.2 MiB/s
+	 2.8 MiB/s
 done
-Bytes transferred = 7916200 (78caa8 hex)
+Bytes transferred = 7917600 (78d020 hex)
 Tegra30 (Beaver) # tftpboot 0x82000000 tegra30-beaver.dtb
 Using asx0 device
 TFTP from server 192.168.100.1; our IP address is 192.168.100.101
 Filename 'tegra30-beaver.dtb'.
 Load address: 0x82000000
 Loading: *####
-	 3.1 MiB/s
+	 2.9 MiB/s
 done
 Bytes transferred = 51804 (ca5c hex)
 Tegra30 (Beaver) # bootz 0x81000000 - 0x82000000
-Kernel image @ 0x81000000 [ 0x000000 - 0x78caa8 ]
+Kernel image @ 0x81000000 [ 0x000000 - 0x78d020 ]
 ## Flattened Device Tree blob at 82000000
    Booting using the fdt blob at 0x82000000
    Loading Device Tree to 8fff0000, end 8ffffa5b ... OK
@@ -61,7 +62,7 @@
 Starting kernel ...
 
 Booting Linux on physical CPU 0x0
-Linux version 4.12.0-rc6-172588-g41f1830 (jonathanh@sellafield) (gcc version 4.7.3 20130328 (prerelease) (crosstool-NG linaro-1.13.1-4.7-2013.04-20130415 - Linaro GCC 2013.04) ) #1 SMP Mon Jun 19 08:35:03 PDT 2017
+Linux version 4.12.0-rc7-172780-gc0bc126 (jonathanh@sellafield) (gcc version 4.7.3 20130328 (prerelease) (crosstool-NG linaro-1.13.1-4.7-2013.04-20130415 - Linaro GCC 2013.04) ) #1 SMP Mon Jun 26 02:34:56 PDT 2017
 CPU: ARMv7 Processor [412fc099] revision 9 (ARMv7), cr=10c5387d
 CPU: PIPT / VIPT nonaliasing data cache, VIPT aliasing instruction cache
 OF: fdt: Machine model: NVIDIA Tegra30 Beaver evaluation board
@@ -71,7 +72,7 @@
 efi: UEFI not found.
 cma: Reserved 64 MiB at 0xfb800000
 On node 0 totalpages: 524032
-free_area_init_node: node 0, pgdat c157fd00, node_mem_map eeff8000
+free_area_init_node: node 0, pgdat c157fd40, node_mem_map eeff8000
   DMA zone: 1536 pages used for memmap
   DMA zone: 0 pages reserved
   DMA zone: 196608 pages, LIFO batch:31
@@ -94,7 +95,7 @@
     modules : 0xbf000000 - 0xbfe00000   (  14 MB)
       .text : 0xc0208000 - 0xc0d00000   (11232 kB)
       .init : 0xc1200000 - 0xc1400000   (2048 kB)
-      .data : 0xc1400000 - 0xc1587970   (1567 kB)
+      .data : 0xc1400000 - 0xc15879b0   (1567 kB)
        .bss : 0xc1590ce0 - 0xc15f7498   ( 410 kB)
 SLUB: HWalign=64, Order=0-3, MinObjects=0, CPUs=4, Nodes=1
 Hierarchical RCU implementation.
@@ -392,5 +393,5 @@
 Freeing unused kernel memory: 2048K
 bash: cannot set terminal process group (-1): Inappropriate ioctl for device
 bash: no job control in this shell
-root@(none):/# [    4.104070] usb 2-1: new high-speed USB device number 2 using tegra-ehci
+root@(none):/# [    4.104077] usb 2-1: new high-speed USB device number 2 using tegra-ehci
 asix 2-1:1.0 eth1: register 'asix' at usb-7d008000.usb-1, ASIX AX88772 USB 2.0 Ethernet, 00:50:b6:0f:67:60
Diff for ./tegra30-beaver/tegra30-beaver/tegra_defconfig_log.txt
--- /tmp/fooa	2017-06-26 02:41:59.790254835 -0700
+++ /tmp/foob	2017-06-26 02:41:59.794254851 -0700
@@ -40,18 +40,18 @@
 	 #########################
 	 3.2 MiB/s
 done
-Bytes transferred = 6090752 (5cf000 hex)
+Bytes transferred = 6091152 (5cf190 hex)
 Tegra30 (Beaver) # tftpboot 0x82000000 tegra30-beaver.dtb
 Using asx0 device
 TFTP from server 192.168.100.1; our IP address is 192.168.100.101
 Filename 'tegra30-beaver.dtb'.
 Load address: 0x82000000
 Loading: *####
-	 2.9 MiB/s
+	 2.6 MiB/s
 done
 Bytes transferred = 51804 (ca5c hex)
 Tegra30 (Beaver) # bootz 0x81000000 - 0x82000000
-Kernel image @ 0x81000000 [ 0x000000 - 0x5cf000 ]
+Kernel image @ 0x81000000 [ 0x000000 - 0x5cf190 ]
 ## Flattened Device Tree blob at 82000000
    Booting using the fdt blob at 0x82000000
    Loading Device Tree to 8fff0000, end 8ffffa5b ... OK
@@ -60,7 +60,7 @@
 
 Uncompressing Linux... done, booting the kernel.
 Booting Linux on physical CPU 0x0
-Linux version 4.12.0-rc6-172588-g41f1830 (jonathanh@kaivo) (gcc version 4.7.3 20130328 (prerelease) (crosstool-NG linaro-1.13.1-4.7-2013.04-20130415 - Linaro GCC 2013.04) ) #1 SMP PREEMPT Mon Jun 19 08:34:53 PDT 2017
+Linux version 4.12.0-rc7-172780-gc0bc126 (jonathanh@kaivo) (gcc version 4.7.3 20130328 (prerelease) (crosstool-NG linaro-1.13.1-4.7-2013.04-20130415 - Linaro GCC 2013.04) ) #1 SMP PREEMPT Mon Jun 26 02:35:05 PDT 2017
 CPU: ARMv7 Processor [412fc099] revision 9 (ARMv7), cr=10c5387d
 CPU: PIPT / VIPT nonaliasing data cache, VIPT aliasing instruction cache
 OF: fdt: Machine model: NVIDIA Tegra30 Beaver evaluation board
@@ -69,7 +69,7 @@
 Memory policy: Data cache writealloc
 cma: Reserved 64 MiB at 0xfbc00000
 On node 0 totalpages: 524032
-free_area_init_node: node 0, pgdat c0eaea80, node_mem_map eeff7000
+free_area_init_node: node 0, pgdat c0eaeac0, node_mem_map eeff7000
   Normal zone: 1536 pages used for memmap
   Normal zone: 0 pages reserved
   Normal zone: 196608 pages, LIFO batch:31
@@ -92,7 +92,7 @@
     modules : 0xbf000000 - 0xbfe00000   (  14 MB)
       .text : 0xc0008000 - 0xc0a00000   (10208 kB)
       .init : 0xc0d00000 - 0xc0e00000   (1024 kB)
-      .data : 0xc0e00000 - 0xc0eb9078   ( 741 kB)
+      .data : 0xc0e00000 - 0xc0eb90b8   ( 741 kB)
        .bss : 0xc0ec3640 - 0xc0f1044c   ( 308 kB)
 Preemptible hierarchical RCU implementation.
 NR_IRQS:16 nr_irqs:16 16
@@ -386,4 +386,4 @@
 Freeing unused kernel memory: 1024K
 bash: cannot set terminal process group (-1): Inappropriate ioctl for device
 bash: no job control in this shell
-root@(none):/# [    4.370067] usb 2-1: new high-speed USB device number 2 using tegra-ehci
+root@(none):/# [    4.370166] usb 2-1: new high-speed USB device number 2 using tegra-ehci
