

U-Boot 2011.03 (Jun 11 2013 - 06:07:37)

T114
Board: NVIDIA Dalmore
DRAM:  2 GiB
MMC:   Tegra2 SD/MMC: 0, Tegra2 SD/MMC: 1
In:    serial
Out:   serial
Err:   serial
Net:   Net Initialization Skipped
No ethernet found.
Hit any key to stop autoboot:  2  1  0 
Dalmore #
Dalmore #usb reset
(Re)start USB...
USB:   Register 10011 NbrPorts 1
USB EHCI 1.10
scanning bus for devices... 2 USB Device(s) found
       scanning bus for storage devices... 0 Storage Device(s) found
       scanning bus for ethernet devices... 1 Ethernet Device(s) found
Dalmore #setenv bootargs 'ignore_loglevel console=ttyS0,115200n8 rw root=/dev/mmcblk0p1 rootwait gpt init=/bin/bash'
Dalmore #setenv ipaddr 192.168.100.100; setenv serverip 192.168.100.1; setenv tftpserverip 192.168.100.1
Dalmore #tftpboot 0x81000000 zImage.multi_v7_defconfig
Waiting for Ethernet connection... done.
Using asx0 device
TFTP from server 192.168.100.1; our IP address is 192.168.100.100
Filename 'zImage.multi_v7_defconfig'.
Load address: 0x81000000
Loading: *#################################################  2.8 MiB/s
done
Bytes transferred = 3964928 (3c8000 hex)
Dalmore #tftpboot 0x82000000 tegra114-dalmore.dtb
Using asx0 device
TFTP from server 192.168.100.1; our IP address is 192.168.100.100
Filename 'tegra114-dalmore.dtb'.
Load address: 0x82000000
Loading: *#################################################  2.5 MiB/s
done
Bytes transferred = 24048 (5df0 hex)
Dalmore #bootz 0x81000000 - 0x82000000
## Flattened Device Tree blob at 82000000
   Booting using the fdt blob at 0x82000000
   Loading Device Tree to 81ff7000, end 81fffdef ... OK

Starting kernel ...

Timer summary in microseconds:
       Mark    Elapsed  Stage
          0          0  awake
  3,102,987  3,102,987  usb_start
  7,106,482  4,003,495  eth_start
  7,106,479         -3  tftp start
 10,885,356  3,778,877  tftp done
 12,118,935  1,233,579  start_kernel
[    0.000000] Booting Linux on physical CPU 0x0
[    0.000000] Linux version 3.11.0-rc4-11803-gc095ba7 (pwalmsley@tamien) (gcc version 4.5.1 (Sourcery G++ Lite 2010.09-50) ) #1 SMP Tue Aug 6 09:27:13 PDT 2013
[    0.000000] CPU: ARMv7 Processor [412fc0f2] revision 2 (ARMv7), cr=10c5387d
[    0.000000] CPU: PIPT / VIPT nonaliasing data cache, PIPT instruction cache
[    0.000000] Machine: NVIDIA Tegra SoC (Flattened Device Tree), model: NVIDIA Tegra114 Dalmore evaluation board
[    0.000000] debug: ignoring loglevel setting.
[    0.000000] Memory policy: ECC disabled, Data cache writealloc
[    0.000000] On node 0 totalpages: 524032
[    0.000000] free_area_init_node: node 0, pgdat c07b4a00, node_mem_map c07fc000
[    0.000000]   DMA zone: 1520 pages used for memmap
[    0.000000]   DMA zone: 0 pages reserved
[    0.000000]   DMA zone: 194560 pages, LIFO batch:31
[    0.000000]   HighMem zone: 2574 pages used for memmap
[    0.000000]   HighMem zone: 329472 pages, LIFO batch:31
[    0.000000] Tegra Revision: A01 SKU: 0 CPU Process: 1 Core Process: 1
[    0.000000] PERCPU: Embedded 5 pages/cpu @c1811000 s7168 r0 d13312 u32768
[    0.000000] pcpu-alloc: s7168 r0 d13312 u32768 alloc=8*4096
[    0.000000] pcpu-alloc: [0] 0 [0] 1 [0] 2 [0] 3 
[    0.000000] Built 1 zonelists in Zone order, mobility grouping on.  Total pages: 522512
[    0.000000] Kernel command line: ignore_loglevel console=ttyS0,115200n8 rw root=/dev/mmcblk0p1 rootwait gpt init=/bin/bash
[    0.000000] PID hash table entries: 4096 (order: 2, 16384 bytes)
[    0.000000] Dentry cache hash table entries: 131072 (order: 7, 524288 bytes)
[    0.000000] Inode-cache hash table entries: 65536 (order: 6, 262144 bytes)
[    0.000000] Memory: 2070564K/2096128K available (5383K kernel code, 584K rwdata, 1412K rodata, 479K init, 279K bss, 25564K reserved, 1317888K highmem)
[    0.000000] Virtual kernel memory layout:
[    0.000000]     vector  : 0xffff0000 - 0xffff1000   (   4 kB)
[    0.000000]     fixmap  : 0xfff00000 - 0xfffe0000   ( 896 kB)
[    0.000000]     vmalloc : 0xf0000000 - 0xff000000   ( 240 MB)
[    0.000000]     lowmem  : 0xc0000000 - 0xef800000   ( 760 MB)
[    0.000000]     pkmap   : 0xbfe00000 - 0xc0000000   (   2 MB)
[    0.000000]       .text : 0xc0008000 - 0xc06ab024   (6797 kB)
[    0.000000]       .init : 0xc06ac000 - 0xc0723c00   ( 479 kB)
[    0.000000]       .data : 0xc0724000 - 0xc07b6140   ( 585 kB)
[    0.000000]        .bss : 0xc07b6140 - 0xc07fbe14   ( 280 kB)
[    0.000000] SLUB: HWalign=64, Order=0-3, MinObjects=0, CPUs=4, Nodes=1
[    0.000000] Hierarchical RCU implementation.
[    0.000000] NR_IRQS:16 nr_irqs:16 16
[    0.000000] sched_clock: 32 bits at 1000kHz, resolution 1000ns, wraps every 4294967ms
[    0.000000] Architected local timer running at 12.00MHz (virt).
[    0.000000] Switching to timer-based delay loop
[    0.000000] sched_clock: ARM arch timer >56 bits at 12000kHz, resolution 83ns
[    0.000000] Console: colour dummy device 80x30
[   12.282971] Calibrating delay loop (skipped), value calculated using timer frequency.. 24.00 BogoMIPS (lpj=120000)
[   12.282988] pid_max: default: 32768 minimum: 301
[   12.283139] Mount-cache hash table entries: 512
[   12.289642] CPU: Testing write buffer coherency: ok
[   12.289869] /cpus/cpu@0 missing clock-frequency property
[   12.289882] /cpus/cpu@1 missing clock-frequency property
[   12.289891] /cpus/cpu@2 missing clock-frequency property
[   12.289900] /cpus/cpu@3 missing clock-frequency property
[   12.289915] CPU0: thread -1, cpu 0, socket 0, mpidr 80000000
[   12.289945] Setting up static identity map for 0xc051c128 - 0xc051c1c0
[   12.290123] unable to find compatible sirf rstc node in dtb
[   12.291448] CPU1: Booted secondary processor
[   12.291477] CPU1: thread -1, cpu 1, socket 0, mpidr 80000001
[   12.292155] CPU2: Booted secondary processor
[   12.292180] CPU2: thread -1, cpu 2, socket 0, mpidr 80000002
[   12.292840] CPU3: Booted secondary processor
[   12.292864] CPU3: thread -1, cpu 3, socket 0, mpidr 80000003
[   12.292958] Brought up 4 CPUs
[   12.292984] SMP: Total of 4 processors activated (96.00 BogoMIPS).
[   12.292992] CPU: All CPU(s) started in SVC mode.
[   12.293622] devtmpfs: initialized
[   12.299138] pinctrl core: initialized pinctrl subsystem
[   12.299483] regulator-dummy: no parameters
[   12.299828] NET: Registered protocol family 16
[   12.300063] DMA: preallocated 256 KiB pool for atomic coherent allocations
[   12.300251] unable to find compatible sirf pwrc node in dtb
[   12.309830] Serial: AMBA PL011 UART driver
[   12.314726] bio: create slab <bio-0> at 0
[   12.316021] edma-dma-engine edma-dma-engine.0: Can't allocate PaRAM dummy slot
[   12.316044] edma-dma-engine: probe of edma-dma-engine.0 failed with error -5
[   12.316409] vdd_ac_bat: 5000 mV 
[   12.316594] dvdd_ts: Failed to request enable GPIO61: -517
[   12.316690] reg-fixed-voltage 1.regulator: Failed to register regulator: -517
[   12.316712] platform 1.regulator: Driver reg-fixed-voltage requests probe deferral
[   12.316831] lcd_bl_en: Failed to request enable GPIO58: -517
[   12.316915] reg-fixed-voltage 2.regulator: Failed to register regulator: -517
[   12.316934] platform 2.regulator: Driver reg-fixed-voltage requests probe deferral
[   12.317053] usb1_vbus: Failed to request enable GPIO108: -517
[   12.317135] reg-fixed-voltage 3.regulator: Failed to register regulator: -517
[   12.317154] platform 3.regulator: Driver reg-fixed-voltage requests probe deferral
[   12.317271] usb2_vbus: Failed to request enable GPIO86: -517
[   12.317352] reg-fixed-voltage 4.regulator: Failed to register regulator: -517
[   12.317371] platform 4.regulator: Driver reg-fixed-voltage requests probe deferral
[   12.317487] vdd_hdmi_5v0: Failed to request enable GPIO81: -517
[   12.317568] reg-fixed-voltage 5.regulator: Failed to register regulator: -517
[   12.317587] platform 5.regulator: Driver reg-fixed-voltage requests probe deferral
[   12.318430] vgaarb: loaded
[   12.318752] SCSI subsystem initialized
[   12.318905] libata version 3.00 loaded.
[   12.319073] usbcore: registered new interface driver usbfs
[   12.319115] usbcore: registered new interface driver hub
[   12.319198] usbcore: registered new device driver usb
[   12.321834] vdd-cpu: 500 <--> 1520 mV at 1100 mV 
[   12.322092] pps_core: LinuxPPS API ver. 1 registered
[   12.322101] pps_core: Software ver. 5.3.6 - Copyright 2005-2007 Rodolfo Giometti <giometti@linux.it>
[   12.322123] PTP clock support registered
[   12.322164] EDAC MC: Ver: 3.0.0
[   12.323052] Switched to clocksource arch_sys_counter
[   12.330523] NET: Registered protocol family 2
[   12.331005] TCP established hash table entries: 8192 (order: 4, 65536 bytes)
[   12.331197] TCP bind hash table entries: 8192 (order: 4, 65536 bytes)
[   12.331374] TCP: Hash tables configured (established 8192 bind 8192)
[   12.331431] TCP: reno registered
[   12.331446] UDP hash table entries: 512 (order: 2, 16384 bytes)
[   12.331487] UDP-Lite hash table entries: 512 (order: 2, 16384 bytes)
[   12.331712] NET: Registered protocol family 1
[   12.331974] RPC: Registered named UNIX socket transport module.
[   12.331984] RPC: Registered udp transport module.
[   12.331991] RPC: Registered tcp transport module.
[   12.331999] RPC: Registered tcp NFSv4.1 backchannel transport module.
[   12.332010] PCI: CLS 0 bytes, default 64
[   12.333942] bounce pool size: 64 pages
[   12.341394] NFS: Registering the id_resolver key type
[   12.341441] Key type id_resolver registered
[   12.341451] Key type id_legacy registered
[   12.341686] Block layer SCSI generic (bsg) driver version 0.4 loaded (major 251)
[   12.341699] io scheduler noop registered
[   12.341708] io scheduler deadline registered
[   12.341849] io scheduler cfq registered (default)
[   12.350283] tegra-apbdma 6000a000.dma: Tegra20 APB DMA driver register 32 channels
[   12.397472] Serial: 8250/16550 driver, 4 ports, IRQ sharing disabled
[   12.398595] Serial: IMX driver
[   12.399551] 70006300.serial: ttyS0 at MMIO 0x70006300 (irq = 122) is a Tegra
[   13.110747] console [ttyS0] enabled
[   13.115028] serial: Freescale lpuart driver
[   13.119380] [drm] Initialized drm 1.1.0 20060810
[   13.126324] ehci_hcd: USB 2.0 'Enhanced' Host Controller (EHCI) Driver
[   13.132832] ehci-pci: EHCI PCI platform driver
[   13.137282] ehci-platform: EHCI generic platform driver
[   13.142584] ehci-omap: OMAP-EHCI Host Controller driver
[   13.147853] ehci-orion: EHCI orion driver
[   13.151931] SPEAr-ehci: EHCI SPEAr driver
[   13.155992] tegra-ehci: Tegra EHCI driver
[   13.160329] usbcore: registered new interface driver usb-storage
[   13.167438] mousedev: PS/2 mouse device common for all mice
[   13.173620] tegra_rtc 7000e000.rtc: rtc core: registered 7000e000.rtc as rtc0
[   13.180753] tegra_rtc 7000e000.rtc: Tegra internal Real Time Clock
[   13.187459] sdhci: Secure Digital Host Controller Interface driver
[   13.193614] sdhci: Copyright(c) Pierre Ossman
[   13.198243] sdhci-pltfm: SDHCI platform and OF driver helper
[   13.204191] sdhci-tegra 78000400.sdhci: Got CD GPIO #170.
[   13.210611] mmc0: no vqmmc regulator found
[   13.214685] mmc0: no vmmc regulator found
[   13.218673] mmc0: Invalid maximum block size, assuming 512 bytes
[   13.269263] mmc0: SDHCI controller on 78000400.sdhci [78000400.sdhci] using ADMA
[   13.276729] mmc1: no vqmmc regulator found
[   13.280819] mmc1: no vmmc regulator found
[   13.284805] mmc1: Invalid maximum block size, assuming 512 bytes
[   13.329026] mmc1: SDHCI controller on 78000600.sdhci [78000600.sdhci] using ADMA
[   13.336785] usbcore: registered new interface driver usbhid
[   13.342340] usbhid: USB HID core driver
[   13.346378] TCP: cubic registered
[   13.350165] NET: Registered protocol family 10
[   13.355198] sit: IPv6 over IPv4 tunneling driver
[   13.360383] Key type dns_resolver registered
[   13.364744] VFP support v0.3: implementor 41 architecture 4 part 30 variant f rev 0
[   13.372411] Registering SWP/SWPB emulation handler
[   13.378095] dvdd_ts: 1800 mV 
[   13.381369] lcd_bl_en: 5000 mV 
[   13.384742] usb1_vbus: 5000 mV 
[   13.387907] reg-fixed-voltage 3.regulator: Failed to find supply vin
[   13.394333] reg-fixed-voltage 3.regulator: Failed to register regulator: -517
[   13.401451] platform 3.regulator: Driver reg-fixed-voltage requests probe deferral
[   13.409419] usb2_vbus: 5000 mV 
[   13.412570] reg-fixed-voltage 4.regulator: Failed to find supply vin
[   13.418990] reg-fixed-voltage 4.regulator: Failed to register regulator: -517
[   13.426094] platform 4.regulator: Driver reg-fixed-voltage requests probe deferral
[   13.434001] vdd_hdmi_5v0: 5000 mV 
[   13.437408] reg-fixed-voltage 5.regulator: Failed to find supply vin
[   13.443821] reg-fixed-voltage 5.regulator: Failed to register regulator: -517
[   13.450849] mmc1: BKOPS_EN bit is not set
[   13.454916] platform 5.regulator: Driver reg-fixed-voltage requests probe deferral
[   13.462668] tegra_rtc 7000e000.rtc: setting system clock to 1970-01-01 00:00:14 UTC (14)
[   13.471865] Waiting for root device /dev/mmcblk0p1...
[   13.477362] mmc1: new HS200 MMC card at address 0001
[   13.482684] mmcblk0: mmc1:0001 SEM32G 29.1 GiB 
[   13.487337] mmcblk0boot0: mmc1:0001 SEM32G partition 1 4.00 MiB
[   13.493383] mmcblk0boot1: mmc1:0001 SEM32G partition 2 4.00 MiB
[   13.499425] mmcblk0rpmb: mmc1:0001 SEM32G partition 3 4.00 MiB
[   13.507416] Primary GPT is invalid, using alternate GPT.
[   13.512736]  mmcblk0: p1 p2 p3 p4 p5
[   13.518778]  mmcblk0boot1: unknown partition table
[   13.524949]  mmcblk0boot0: unknown partition table
[   13.530170] usb1_vbus: 5000 mV 
[   13.533330] reg-fixed-voltage 3.regulator: Failed to find supply vin
[   13.539750] reg-fixed-voltage 3.regulator: Failed to register regulator: -517
[   13.546854] platform 3.regulator: Driver reg-fixed-voltage requests probe deferral
[   13.554775] usb2_vbus: 5000 mV 
[   13.557925] reg-fixed-voltage 4.regulator: Failed to find supply vin
[   13.564335] reg-fixed-voltage 4.regulator: Failed to register regulator: -517
[   13.571450] platform 4.regulator: Driver reg-fixed-voltage requests probe deferral
[   13.579348] vdd_hdmi_5v0: 5000 mV 
[   13.582756] reg-fixed-voltage 5.regulator: Failed to find supply vin
[   13.589165] reg-fixed-voltage 5.regulator: Failed to register regulator: -517
[   13.596267] platform 5.regulator: Driver reg-fixed-voltage requests probe deferral
[   13.691300] EXT4-fs (mmcblk0p1): mounting ext3 file system using the ext4 subsystem
[   13.729764] EXT4-fs (mmcblk0p1): recovery complete
[   13.734543] EXT4-fs (mmcblk0p1): mounted filesystem with ordered data mode. Opts: (null)
[   13.742639] VFS: Mounted root (ext3 filesystem) on device 179:1.
[   13.750507] devtmpfs: mounted
[   13.753886] Freeing unused kernel memory: 476K (c06ac000 - c0723000)
bash: cannot set terminal process group (-1): Inappropriate ioctl for device
bash: no job control in this shell
I have no name!@(none):/# 