
U-Boot SPL 2014.01-00219-gc4d376f (Feb 18 2014 - 19:57:32)


U-Boot 2014.01-00219-gc4d376f (Feb 18 2014 - 19:57:32)

TEGRA114
Board: NVIDIA Dalmore
I2C:   ready
DRAM:  2 GiB
MMC:   Tegra SD/MMC: 0, Tegra SD/MMC: 1
In:    serial
Out:   serial
Err:   serial
Net:   Net Initialization Skipped
No ethernet found.
Hit any key to stop autoboot:  2  0 
Tegra114 (Dalmore) # 
Tegra114 (Dalmore) # usb reset
(Re)start USB...
USB0:   USB EHCI 1.10
scanning bus 0 for devices... 2 USB Device(s) found
       scanning usb for storage devices... 0 Storage Device(s) found
       scanning usb for ethernet devices... 
Warning: asx0 using MAC address from net device
1 Ethernet Device(s) found
Tegra114 (Dalmore) # setenv bootargs 'ignore_loglevel console=ttyS0,115200n8 rw root=PARTUUID=7369c667-ff51-ec4a-29cd-baabf2fbe346 rootwait gpt debug earlyprintk init=/bin/bash'
Tegra114 (Dalmore) # setenv ipaddr 192.168.100.100; setenv serverip 192.168.100.1; setenv tftpserverip 192.168.100.1
Tegra114 (Dalmore) # tftpboot 0x81000000 zImage.multi_v7_defconfig
Using asx0 device
TFTP from server 192.168.100.1; our IP address is 192.168.100.100
Filename 'zImage.multi_v7_defconfig'.
Load address: 0x81000000
Loading: *#################################################################
	 #################################################################
	 #################################################################
	 #################################################################
	 #################################################################
	 #################################################################
	 #################################################################
	 #######################################
	 3 MiB/s
done
Bytes transferred = 7238912 (6e7500 hex)
Tegra114 (Dalmore) # tftpboot 0x82000000 tegra114-dalmore.dtb
Using asx0 device
TFTP from server 192.168.100.1; our IP address is 192.168.100.100
Filename 'tegra114-dalmore.dtb'.
Load address: 0x82000000
Loading: *###
	 2.8 MiB/s
done
Bytes transferred = 34956 (888c hex)
Tegra114 (Dalmore) # bootz 0x81000000 - 0x82000000
Kernel image @ 0x81000000 [ 0x000000 - 0x6e7500 ]
## Flattened Device Tree blob at 82000000
   Booting using the fdt blob at 0x82000000
   Loading Device Tree to 8fff4000, end 8ffff88b ... OK

Starting kernel ...

[    0.000000] Booting Linux on physical CPU 0x0
[    0.000000] Linux version 4.7.0-rc1-95164-g1a695a9 (pwalmsley@kaivo) (gcc version 4.7.3 20130328 (prerelease) (crosstool-NG linaro-1.13.1-4.7-2013.04-20130415 - Linaro GCC 2013.04) ) #1 SMP Tue May 31 07:38:23 PDT 2016
[    0.000000] CPU: ARMv7 Processor [412fc0f2] revision 2 (ARMv7), cr=10c5387d
[    0.000000] CPU: div instructions available: patching division code
[    0.000000] CPU: PIPT / VIPT nonaliasing data cache, PIPT instruction cache
[    0.000000] Machine model: NVIDIA Tegra114 Dalmore evaluation board
[    0.000000] debug: ignoring loglevel setting.
[    0.000000] cma: Reserved 64 MiB at 0xfb800000
[    0.000000] Memory policy: Data cache writealloc
[    0.000000] On node 0 totalpages: 524032
[    0.000000] free_area_init_node: node 0, pgdat c141bb40, node_mem_map eeff8000
[    0.000000]   DMA zone: 1536 pages used for memmap
[    0.000000]   DMA zone: 0 pages reserved
[    0.000000]   DMA zone: 196608 pages, LIFO batch:31
[    0.000000]   HighMem zone: 327424 pages, LIFO batch:31
[    0.000000] percpu: Embedded 13 pages/cpu @eef9f000 s23808 r8192 d21248 u53248
[    0.000000] pcpu-alloc: s23808 r8192 d21248 u53248 alloc=13*4096
[    0.000000] pcpu-alloc: [0] 0 [0] 1 [0] 2 [0] 3 
[    0.000000] Built 1 zonelists in Zone order, mobility grouping on.  Total pages: 522496
[    0.000000] Kernel command line: ignore_loglevel console=ttyS0,115200n8 rw root=PARTUUID=7369c667-ff51-ec4a-29cd-baabf2fbe346 rootwait gpt debug earlyprintk init=/bin/bash
[    0.000000] PID hash table entries: 4096 (order: 2, 16384 bytes)
[    0.000000] Dentry cache hash table entries: 131072 (order: 7, 524288 bytes)
[    0.000000] Inode-cache hash table entries: 65536 (order: 6, 262144 bytes)
[    0.000000] Memory: 1995116K/2096128K available (9529K kernel code, 1142K rwdata, 4476K rodata, 2048K init, 343K bss, 35476K reserved, 65536K cma-reserved, 1244160K highmem)
[    0.000000] Virtual kernel memory layout:
[    0.000000]     vector  : 0xffff0000 - 0xffff1000   (   4 kB)
[    0.000000]     fixmap  : 0xffc00000 - 0xfff00000   (3072 kB)
[    0.000000]     vmalloc : 0xf0800000 - 0xff800000   ( 240 MB)
[    0.000000]     lowmem  : 0xc0000000 - 0xf0000000   ( 768 MB)
[    0.000000]     pkmap   : 0xbfe00000 - 0xc0000000   (   2 MB)
[    0.000000]     modules : 0xbf000000 - 0xbfe00000   (  14 MB)
[    0.000000]       .text : 0xc0208000 - 0xc10ad590   (14998 kB)
[    0.000000]       .init : 0xc1100000 - 0xc1300000   (2048 kB)
[    0.000000]       .data : 0xc1300000 - 0xc141dba0   (1143 kB)
[    0.000000]        .bss : 0xc141f000 - 0xc1474ca0   ( 344 kB)
[    0.000000] SLUB: HWalign=64, Order=0-3, MinObjects=0, CPUs=4, Nodes=1
[    0.000000] Hierarchical RCU implementation.
[    0.000000] 	Build-time adjustment of leaf fanout to 32.
[    0.000000] 	RCU restricting CPUs from NR_CPUS=16 to nr_cpu_ids=4.
[    0.000000] RCU: Adjusting geometry for rcu_fanout_leaf=32, nr_cpu_ids=4
[    0.000000] NR_IRQS:16 nr_irqs:16 16
[    0.000000] /interrupt-controller@60004000: 160 interrupts forwarded to /interrupt-controller@50041000
[    0.000000] Tegra clk 127: register failed with -17
[    0.000009] sched_clock: 32 bits at 1000kHz, resolution 1000ns, wraps every 2147483647500ns
[    0.000026] clocksource: timer_us: mask: 0xffffffff max_cycles: 0xffffffff, max_idle_ns: 1911260446275 ns
[    0.000041] Switching to timer-based delay loop, resolution 1000ns
[    0.003210] Architected cp15 timer(s) running at 12.00MHz (virt).
[    0.003228] clocksource: arch_sys_counter: mask: 0xffffffffffffff max_cycles: 0x2c47f4ee7, max_idle_ns: 440795202497 ns
[    0.003245] sched_clock: 56 bits at 12MHz, resolution 83ns, wraps every 4398046511096ns
[    0.003257] Switching to timer-based delay loop, resolution 83ns
[    0.003639] Console: colour dummy device 80x30
[    0.003665] Calibrating delay loop (skipped), value calculated using timer frequency.. 24.00 BogoMIPS (lpj=60000)
[    0.003680] pid_max: default: 32768 minimum: 301
[    0.003779] Mount-cache hash table entries: 2048 (order: 1, 8192 bytes)
[    0.003792] Mountpoint-cache hash table entries: 2048 (order: 1, 8192 bytes)
[    0.004423] CPU: Testing write buffer coherency: ok
[    0.004636] /cpus/cpu@0 missing clock-frequency property
[    0.004666] /cpus/cpu@1 missing clock-frequency property
[    0.004694] /cpus/cpu@2 missing clock-frequency property
[    0.004724] /cpus/cpu@3 missing clock-frequency property
[    0.004736] CPU0: thread -1, cpu 0, socket 0, mpidr 80000000
[    0.004758] Setting up static identity map for 0x80300000 - 0x80300098
[    0.007210] Tegra Revision: A01 SKU: 0 CPU Process: 1 SoC Process: 0
[    0.008611] CPU1: thread -1, cpu 1, socket 0, mpidr 80000001
[    0.009312] CPU2: thread -1, cpu 2, socket 0, mpidr 80000002
[    0.009986] CPU3: thread -1, cpu 3, socket 0, mpidr 80000003
[    0.010071] Brought up 4 CPUs
[    0.010091] SMP: Total of 4 processors activated (96.00 BogoMIPS).
[    0.010100] CPU: All CPU(s) started in SVC mode.
[    0.011577] devtmpfs: initialized
[    0.022359] VFP support v0.3: implementor 41 architecture 4 part 30 variant f rev 0
[    0.022885] clocksource: jiffies: mask: 0xffffffff max_cycles: 0xffffffff, max_idle_ns: 9556302231375000 ns
[    0.024287] pinctrl core: initialized pinctrl subsystem
[    0.025904] NET: Registered protocol family 16
[    0.027916] DMA: preallocated 256 KiB pool for atomic coherent allocations
[    0.043240] cpuidle: using governor menu
[    0.059024] No ATAGs?
[    0.059052] hw-breakpoint: found 5 (+1 reserved) breakpoint and 4 watchpoint registers.
[    0.059063] hw-breakpoint: maximum watchpoint size is 8 bytes.
[    0.064143] Serial: AMBA PL011 UART driver
[    0.065536] tegra-mc 70019000.memory-controller: no memory timings for RAM code 3 registered
[    0.092706] dvdd_ts: Failed to request enable GPIO61: -517
[    0.092722] reg-fixed-voltage regulators:regulator@1: Failed to register regulator: -517
[    0.092819] usb1_vbus: Failed to request enable GPIO108: -517
[    0.092833] reg-fixed-voltage regulators:regulator@3: Failed to register regulator: -517
[    0.092928] usb2_vbus: Failed to request enable GPIO86: -517
[    0.092941] reg-fixed-voltage regulators:regulator@4: Failed to register regulator: -517
[    0.093391] VDD_5V0_HDMI_CON: Failed to request enable GPIO81: -517
[    0.093406] reg-fixed-voltage regulators:regulator@7: Failed to register regulator: -517
[    0.096158] vgaarb: loaded
[    0.096966] SCSI subsystem initialized
[    0.097136] libata version 3.00 loaded.
[    0.097438] usbcore: registered new interface driver usbfs
[    0.097507] usbcore: registered new interface driver hub
[    0.097586] usbcore: registered new device driver usb
[    0.101261] tps65090 2-0048: No cache defaults, reading back from HW
[    0.103173] TPS65090_RAILSDCDC1: supplied by vdd_ac_bat
[    0.103741] vdd_hdmi_5v0: supplied by vdd-sys-5v0
[    0.104503] TPS65090_RAILSDCDC2: supplied by vdd_ac_bat
[    0.105591] TPS65090_RAILSDCDC3: supplied by vdd_ac_bat
[    0.106131] TPS65090_RAILSFET1: supplied by vdd_ac_bat
[    0.106524] TPS65090_RAILSFET2: supplied by vdd_ac_bat
[    0.106903] TPS65090_RAILSFET3: supplied by vdd-sys-3v3
[    0.107438] TPS65090_RAILSFET4: supplied by vdd-sys-3v3
[    0.107984] TPS65090_RAILSFET5: supplied by vdd-sys-3v3
[    0.108538] TPS65090_RAILSFET6: supplied by vdd-sys-3v3
[    0.109378] TPS65090_RAILSFET7: supplied by vdd-sys-3v3
[    0.109934] TPS65090_RAILSLDO1: supplied by vdd_ac_bat
[    0.110159] TPS65090_RAILSLDO2: supplied by vdd_ac_bat
[    0.111008] genirq: Setting trigger mode 8 for irq 341 failed (irq_chip_set_type_parent+0x0/0x28)
[    0.111032] palmas 2-0058: Irq flag is 0x00000000
[    0.114224] palmas 2-0058: Muxing GPIO ff, PWM 0, LED 0
[    0.116801] SMPS12: supplied by vdd-ao
[    0.118455] SMPS3: supplied by vdd-ao
[    0.120220] SMPS457: supplied by vdd-sys-3v3
[    0.123138] SMPS8: supplied by vdd-sys-3v3
[    0.124768] SMPS9: supplied by vdd-sys-3v3
[    0.125277] sdhci-vdd-sd-slot: Bringing 2840000uV into 2800000-2800000uV
[    0.126010] sdhci-vdd-sd-slot: ramp_delay not set
[    0.128033] LDO1: supplied by vdd-sys-3v3
[    0.129260] LDO2: supplied by vdd-sys-3v3
[    0.130469] LDO3: supplied by vddio-1v8
[    0.131682] LDO4: supplied by vdd-sys-3v3
[    0.132893] LDO5: supplied by vdd_ac_bat
[    0.133684] LDO6: supplied by vdd-sys-3v3
[    0.134207] vdd-sensor-2v85: Bringing 2900000uV into 2850000-2850000uV
[    0.135500] LDO7: supplied by vdd-sys-3v3
[    0.137236] LDO8: supplied by vdd-ao
[    0.137746] vdd-rtc: Bringing 675000uV into 900000-900000uV
[    0.139256] LDO9: supplied by sdhci-vdd-sd-slot
[    0.144562] LDOLN: supplied by vdd-sys-5v0
[    0.145795] LDOUSB: supplied by vdd-sys-5v0
[    0.152504] pps_core: LinuxPPS API ver. 1 registered
[    0.152514] pps_core: Software ver. 5.3.6 - Copyright 2005-2007 Rodolfo Giometti <giometti@linux.it>
[    0.152538] PTP clock support registered
[    0.152738] EDAC MC: Ver: 3.0.0
[    0.155199] clocksource: Switched to clocksource arch_sys_counter
[    0.166056] NET: Registered protocol family 2
[    0.166590] TCP established hash table entries: 8192 (order: 3, 32768 bytes)
[    0.166688] TCP bind hash table entries: 8192 (order: 4, 65536 bytes)
[    0.166874] TCP: Hash tables configured (established 8192 bind 8192)
[    0.166929] UDP hash table entries: 512 (order: 2, 16384 bytes)
[    0.166970] UDP-Lite hash table entries: 512 (order: 2, 16384 bytes)
[    0.167133] NET: Registered protocol family 1
[    0.167371] RPC: Registered named UNIX socket transport module.
[    0.167380] RPC: Registered udp transport module.
[    0.167388] RPC: Registered tcp transport module.
[    0.167395] RPC: Registered tcp NFSv4.1 backchannel transport module.
[    0.167406] PCI: CLS 0 bytes, default 64
[    0.169587] futex hash table entries: 1024 (order: 4, 65536 bytes)
[    0.170094] workingset: timestamp_bits=28 max_order=19 bucket_order=0
[    0.182052] squashfs: version 4.0 (2009/01/31) Phillip Lougher
[    0.182950] NFS: Registering the id_resolver key type
[    0.182979] Key type id_resolver registered
[    0.182988] Key type id_legacy registered
[    0.183033] ntfs: driver 2.1.32 [Flags: R/O].
[    0.184396] bounce: pool size: 64 pages
[    0.184621] Block layer SCSI generic (bsg) driver version 0.4 loaded (major 248)
[    0.184631] io scheduler noop registered
[    0.184640] io scheduler deadline registered
[    0.184673] io scheduler cfq registered (default)
[    0.213606] tegra-apbdma 6000a000.dma: Tegra20 APB DMA driver register 32 channels
[    0.215550] tegra-pmc 7000e400.pmc: i2c-thermtrip node not found, emergency thermal reset disabled.
[    0.282064] Serial: 8250/16550 driver, 4 ports, IRQ sharing disabled
[    0.285157] console [ttyS0] disabled
[    0.285216] 70006300.serial: ttyS0 at MMIO 0x70006300 (irq = 329, base_baud = 25500000) is a Tegra
[    1.247025] console [ttyS0] enabled
[    1.251319] SuperH (H)SCI(F) driver initialized
[    1.256835] msm_serial: driver initialized
[    1.261134] STMicroelectronics ASC driver initialized
[    1.269860] [drm] Initialized drm 1.1.0 20060810
[    1.277913] tegra-hdmi 54280000.hdmi: failed to get HDMI regulator
[    1.299834] brd: module loaded
[    1.309253] loop: module loaded
[    1.328846] m25p80 spi32766.0: w25q32dw (4096 Kbytes)
[    1.337524] libphy: Fixed MDIO Bus: probed
[    1.342327] CAN device driver interface
[    1.348039] igb: Intel(R) Gigabit Ethernet Network Driver - version 5.3.0-k
[    1.355007] igb: Copyright (c) 2007-2014 Intel Corporation.
[    1.363681] pegasus: v0.9.3 (2013/04/25), Pegasus/Pegasus II USB Ethernet driver
[    1.371141] usbcore: registered new interface driver pegasus
[    1.376870] usbcore: registered new interface driver asix
[    1.382321] usbcore: registered new interface driver ax88179_178a
[    1.388465] usbcore: registered new interface driver cdc_ether
[    1.394368] usbcore: registered new interface driver smsc75xx
[    1.400206] usbcore: registered new interface driver smsc95xx
[    1.406003] usbcore: registered new interface driver net1080
[    1.411713] usbcore: registered new interface driver cdc_subset
[    1.417683] usbcore: registered new interface driver zaurus
[    1.423337] usbcore: registered new interface driver cdc_ncm
[    1.431153] ehci_hcd: USB 2.0 'Enhanced' Host Controller (EHCI) Driver
[    1.437690] ehci-pci: EHCI PCI platform driver
[    1.442186] ehci-platform: EHCI generic platform driver
[    1.447622] ehci-omap: OMAP-EHCI Host Controller driver
[    1.452993] ehci-orion: EHCI orion driver
[    1.457150] SPEAr-ehci: EHCI SPEAr driver
[    1.461312] ehci-st: EHCI STMicroelectronics driver
[    1.466344] ehci-exynos: EHCI EXYNOS driver
[    1.470691] ehci-atmel: EHCI Atmel driver
[    1.474831] tegra-ehci: Tegra EHCI driver
[    1.479079] ------------[ cut here ]------------
[    1.483720] WARNING: CPU: 0 PID: 1 at drivers/reset/core.c:187 __of_reset_control_get+0x1bc/0x228
[    1.492592] Modules linked in:
[    1.495671] CPU: 0 PID: 1 Comm: swapper/0 Not tainted 4.7.0-rc1-95164-g1a695a9 #1
[    1.503140] Hardware name: NVIDIA Tegra SoC (Flattened Device Tree)
[    1.509425] [<c030f9d0>] (unwind_backtrace) from [<c030b0c0>] (show_stack+0x10/0x14)
[    1.517166] [<c030b0c0>] (show_stack) from [<c05856e8>] (dump_stack+0x84/0xa4)
[    1.524386] [<c05856e8>] (dump_stack) from [<c0341b5c>] (__warn+0xd4/0x100)
[    1.531345] [<c0341b5c>] (__warn) from [<c0341ba8>] (warn_slowpath_null+0x20/0x28)
[    1.538908] [<c0341ba8>] (warn_slowpath_null) from [<c069fbd4>] (__of_reset_control_get+0x1bc/0x228)
[    1.548035] [<c069fbd4>] (__of_reset_control_get) from [<c0911ce8>] (tegra_ehci_probe+0x2d0/0x51c)
[    1.556987] [<c0911ce8>] (tegra_ehci_probe) from [<c0778efc>] (platform_drv_probe+0x50/0xb0)
[    1.565421] [<c0778efc>] (platform_drv_probe) from [<c0777860>] (driver_probe_device+0x1f4/0x2b0)
[    1.574286] [<c0777860>] (driver_probe_device) from [<c07779c8>] (__driver_attach+0xac/0xb0)
[    1.582715] [<c07779c8>] (__driver_attach) from [<c0775e74>] (bus_for_each_dev+0x54/0x88)
[    1.590887] [<c0775e74>] (bus_for_each_dev) from [<c0776e54>] (bus_add_driver+0xe8/0x1f4)
[    1.599059] [<c0776e54>] (bus_add_driver) from [<c07781e4>] (driver_register+0x78/0xf4)
[    1.607056] [<c07781e4>] (driver_register) from [<c0301e7c>] (do_one_initcall+0x3c/0x16c)
[    1.615231] [<c0301e7c>] (do_one_initcall) from [<c1100d80>] (kernel_init_freeable+0x120/0x1ec)
[    1.623928] [<c1100d80>] (kernel_init_freeable) from [<c0b5b4ec>] (kernel_init+0x8/0x118)
[    1.632100] [<c0b5b4ec>] (kernel_init) from [<c0307fb8>] (ret_from_fork+0x14/0x3c)
[    1.639703] ---[ end trace d7e9126f9c99c17b ]---
[    1.644338] tegra-ehci 7d008000.usb: can't get utmi-pads reset from the PHY
[    1.651309] tegra-ehci 7d008000.usb: continuing, but please update your DT
[    1.658308] ohci_hcd: USB 1.1 'Open' Host Controller (OHCI) Driver
[    1.664511] ohci-pci: OHCI PCI platform driver
[    1.669018] ohci-platform: OHCI generic platform driver
[    1.674419] ohci-omap3: OHCI OMAP3 driver
[    1.678580] SPEAr-ohci: OHCI SPEAr driver
[    1.682745] ohci-st: OHCI STMicroelectronics driver
[    1.687780] ohci-atmel: OHCI Atmel driver
[    1.692523] usbcore: registered new interface driver usb-storage
[    1.700210] mousedev: PS/2 mouse device common for all mice
[    1.710750] palmas-rtc 7000d000.i2c:tps65913@58:rtc: rtc core: registered 7000d000.i2c:tps659 as rtc0
[    1.721902] tegra_rtc 7000e000.rtc: rtc core: registered 7000e000.rtc as rtc1
[    1.729096] tegra_rtc 7000e000.rtc: Tegra internal Real Time Clock
[    1.735831] i2c /dev entries driver
[    1.743590] sbs-battery 0-000b: sbs_probe: Failed to get device status
[    1.750143] sbs-battery: probe of 0-000b failed with error -121
[    1.768119] sdhci: Secure Digital Host Controller Interface driver
[    1.774312] sdhci: Copyright(c) Pierre Ossman
[    1.780201] Synopsys Designware Multimedia Card Interface Driver
[    1.787277] sdhci-pltfm: SDHCI platform and OF driver helper
[    1.793716] sdhci-tegra 78000400.sdhci: Got CD GPIO
[    1.798626] sdhci-tegra 78000400.sdhci: Got WP GPIO
[    1.804730] mmc0: Invalid maximum block size, assuming 512 bytes
[    1.845319] mmc0: SDHCI controller on 78000400.sdhci [78000400.sdhci] using ADMA
[    1.853061] mmc1: Invalid maximum block size, assuming 512 bytes
[    1.895218] mmc1: SDHCI controller on 78000600.sdhci [78000600.sdhci] using ADMA
[    1.904168] ledtrig-cpu: registered to indicate activity on CPUs
[    1.910528] usbcore: registered new interface driver usbhid
[    1.916111] usbhid: USB HID core driver
[    1.925797] NET: Registered protocol family 10
[    1.931008] sit: IPv6 over IPv4 tunneling driver
[    1.936345] NET: Registered protocol family 17
[    1.940818] can: controller area network core (rev 20120528 abi 9)
[    1.947075] NET: Registered protocol family 29
[    1.951531] can: raw protocol (rev 20120528)
[    1.955812] can: broadcast manager protocol (rev 20120528 t)
[    1.961486] can: netlink gateway (rev 20130117) max_hops=1
[    1.967378] Key type dns_resolver registered
[    1.972323] ThumbEE CPU extension supported.
[    1.976615] Registering SWP/SWPB emulation handler
[    1.983719] usb1_vbus: supplied by vdd-sys-5v0
[    1.989726] usb2_vbus: supplied by vdd-sys-5v0
[    1.998900] VDD_5V0_HDMI_CON: supplied by vdd-sys-5v0
[    2.010757] [drm] Supports vblank timestamp caching Rev 2 (21.10.2013).
[    2.017414] [drm] No driver support for vblank timestamp query.
[    2.021067] mmc0: new high speed SDHC card at address aaaa
[    2.023819] mmcblk0: mmc0:aaaa SL16G 14.8 GiB 
[    2.045389]  mmcblk0: p1 p2 p3
[    2.058487] mmc1: new high speed MMC card at address 0001
[    2.059807] mmcblk1: mmc1:0001 SEM32G 29.1 GiB 
[    2.061064] mmcblk1boot0: mmc1:0001 SEM32G partition 1 4.00 MiB
[    2.061758] mmcblk1boot1: mmc1:0001 SEM32G partition 2 4.00 MiB
[    2.062571] mmcblk1rpmb: mmc1:0001 SEM32G partition 3 4.00 MiB
[    2.065344]  mmcblk1: p1 p2 p3 p4 p5 p6 p7 p8
[    2.093074] Console: switching to colour frame buffer device 240x75
[    2.152723] drm drm: fb0:  frame buffer device
[    2.170305] [drm] Initialized tegra 0.0.0 20120330 on minor 0
[    2.178877] tegra-ehci 7d008000.usb: EHCI Host Controller
[    2.184352] tegra-ehci 7d008000.usb: new USB bus registered, assigned bus number 1
[    2.192338] tegra-ehci 7d008000.usb: irq 339, io mem 0x7d008000
[    2.205324] tegra-ehci 7d008000.usb: USB 2.0 started, EHCI 1.10
[    2.212527] hub 1-0:1.0: USB hub found
[    2.216389] hub 1-0:1.0: 1 port detected
[    2.222136] input: gpio-keys as /devices/soc0/gpio-keys/input/input0
[    2.230892] palmas-rtc 7000d000.i2c:tps65913@58:rtc: setting system clock to 2000-03-25 02:01:38 UTC (953949698)
[    2.255828] dvdd_ts: disabling
[    2.258886] usb1_vbus: disabling
[    2.262152] vdd_cam_1v8_reg: disabling
[    2.267628] EXT4-fs (mmcblk1p1): mounting ext3 file system using the ext4 subsystem
[    2.294424] EXT4-fs (mmcblk1p1): recovery complete
[    2.299273] EXT4-fs (mmcblk1p1): mounted filesystem with ordered data mode. Opts: (null)
[    2.307443] VFS: Mounted root (ext3 filesystem) on device 179:17.
[    2.318019] devtmpfs: mounted
[    2.322886] Freeing unused kernel memory: 2048K (c1100000 - c1300000)
bash: cannot set terminal process group (-1): Inappropriate ioctl for device
bash: no job control in this shell
root@(none):/# [    2.530327] usb 1-1: new high-speed USB device number 2 using tegra-ehci
mount -t sysfs none /sys
root@(none):/# 
root@(none):/# [    3.475731] asix 1-1:1.0 eth0: register 'asix' at usb-7d008000.usb-1, ASIX AX88772 USB 2.0 Ethernet, 00:50:b6:0d:b5:16
mount -t debugfs none /sys/kernel/debug
root@(none):/# 
root@(none):/# rtcwake -d rtc1 -m mem -s 3
rtcwake: assuming RTC uses UTC ...
rtcwake: wakeup from "mem" using /dev/rtc1 at Thu Jan  1 00:00:20 1970
[    5.326007] PM: Syncing filesystems ... done.
[    5.354187] Freezing user space processes ... (elapsed 0.001 seconds) done.
[    5.362582] Freezing remaining freezable tasks ... (elapsed 0.001 seconds) done.
[    5.371463] Suspending console(s) (use no_console_suspend to debug)
[    5.417573] PM: suspend of devices complete after 38.454 msecs
[    5.420030] PM: late suspend of devices complete after 2.442 msecs
[    5.422059] PM: noirq suspend of devices complete after 2.020 msecs
[    5.422064] Disabling non-boot CPUs ...
[    5.422556] IRQ17 no longer affine to CPU1
[    5.422943] CPU1: shutdown
[    5.447946] CPU2: shutdown
[    5.472537] CPU3: shutdown
[    5.486411] Entering suspend state LP1
[    5.486434] Enabling non-boot CPUs ...
[    5.511882] CPU1 is up
[    5.537114] CPU2 is up
[    5.562449] CPU3 is up
[    5.563745] PM: noirq resume of devices complete after 1.283 msecs
[    5.566769] PM: early resume of devices complete after 2.739 msecs
[    5.667055] PM: resume of devices complete after 100.268 msecs
[    5.735902] Restarting tasks ... done.
root@(none):/# 
root@(none):/# rtcwake -d rtc1 -m mem -s 3
rtcwake: assuming RTC uses UTC ...
rtcwake: wakeup from "mem" using /dev/rtc1 at Thu Jan  1 00:00:29 1970
[    6.452008] PM: Syncing filesystems ... done.
[    6.479156] Freezing user space processes ... (elapsed 0.001 seconds) done.
[    6.487550] Freezing remaining freezable tasks ... (elapsed 0.001 seconds) done.
[    6.496501] Suspending console(s) (use no_console_suspend to debug)
[    6.546832] PM: suspend of devices complete after 42.682 msecs
[    6.549509] PM: late suspend of devices complete after 2.661 msecs
[    6.551519] PM: noirq suspend of devices complete after 2.000 msecs
[    6.551523] Disabling non-boot CPUs ...
[    6.551992] IRQ17 no longer affine to CPU1
[    6.552384] CPU1: shutdown
[    6.582859] CPU2: shutdown
[    6.612389] CPU3: shutdown
[    6.626397] Entering suspend state LP1
[    6.626421] Enabling non-boot CPUs ...
[    6.651872] CPU1 is up
[    6.677080] CPU2 is up
[    6.702413] CPU3 is up
[    6.703684] PM: noirq resume of devices complete after 1.260 msecs
[    6.706013] PM: early resume of devices complete after 1.886 msecs
[    6.801929] PM: resume of devices complete after 95.897 msecs
[    6.870731] Restarting tasks ... done.
root@(none):/# 
root@(none):/# rtcwake -d rtc1 -m mem -s 3
rtcwake: assuming RTC uses UTC ...
rtcwake: wakeup from "mem" using /dev/rtc1 at Thu Jan  1 00:00:38 1970
[    7.597500] PM: Syncing filesystems ... done.
[    7.624648] Freezing user space processes ... (elapsed 0.001 seconds) done.
[    7.633037] Freezing remaining freezable tasks ... (elapsed 0.001 seconds) done.
[    7.641921] Suspending console(s) (use no_console_suspend to debug)
[    7.687675] PM: suspend of devices complete after 38.076 msecs
[    7.689956] PM: late suspend of devices complete after 2.271 msecs
[    7.691830] PM: noirq suspend of devices complete after 1.865 msecs
[    7.691834] Disabling non-boot CPUs ...
[    7.692693] CPU1: shutdown
[    7.717752] CPU2: shutdown
[    7.742450] CPU3: shutdown
[    7.756347] Entering suspend state LP1
[    7.756372] Enabling non-boot CPUs ...
[    7.781823] CPU1 is up
[    7.807049] CPU2 is up
[    7.832371] CPU3 is up
[    7.833636] PM: noirq resume of devices complete after 1.255 msecs
[    7.835989] PM: early resume of devices complete after 1.910 msecs
[    7.932206] PM: resume of devices complete after 96.200 msecs
[    7.996854] Restarting tasks ... done.
root@(none):/# 
root@(none):/# rtcwake -d rtc1 -m mem -s 3
rtcwake: assuming RTC uses UTC ...
rtcwake: wakeup from "mem" using /dev/rtc1 at Thu Jan  1 00:00:47 1970
[    8.711409] PM: Syncing filesystems ... done.
[    8.738555] Freezing user space processes ... (elapsed 0.001 seconds) done.
[    8.746987] Freezing remaining freezable tasks ... (elapsed 0.001 seconds) done.
[    8.755853] Suspending console(s) (use no_console_suspend to debug)
[    8.802087] PM: suspend of devices complete after 38.559 msecs
[    8.804537] PM: late suspend of devices complete after 2.435 msecs
[    8.806745] PM: noirq suspend of devices complete after 2.195 msecs
[    8.806750] Disabling non-boot CPUs ...
[    8.807621] CPU1: shutdown
[    8.837374] IRQ17 no longer affine to CPU2
[    8.837767] CPU2: shutdown
[    8.862423] CPU3: shutdown
[    8.876318] Entering suspend state LP1
[    8.876342] Enabling non-boot CPUs ...
[    8.901807] CPU1 is up
[    8.927030] CPU2 is up
[    8.952351] CPU3 is up
[    8.953614] PM: noirq resume of devices complete after 1.251 msecs
[    8.956322] PM: early resume of devices complete after 2.426 msecs
[    9.056980] PM: resume of devices complete after 100.638 msecs
[    9.125845] Restarting tasks ... done.
root@(none):/# 
root@(none):/# rtcwake -d rtc1 -m mem -s 3
rtcwake: assuming RTC uses UTC ...
rtcwake: wakeup from "mem" using /dev/rtc1 at Thu Jan  1 00:00:56 1970
[    9.846676] PM: Syncing filesystems ... done.
[    9.873819] Freezing user space processes ... (elapsed 0.001 seconds) done.
[    9.882228] Freezing remaining freezable tasks ... (elapsed 0.001 seconds) done.
[    9.891104] Suspending console(s) (use no_console_suspend to debug)
[    9.937384] PM: suspend of devices complete after 38.604 msecs
[    9.939747] PM: late suspend of devices complete after 2.349 msecs
[    9.941679] PM: noirq suspend of devices complete after 1.922 msecs
[    9.941683] Disabling non-boot CPUs ...
[    9.942548] CPU1: shutdown
[    9.972711] CPU2: shutdown
[    9.997008] IRQ17 no longer affine to CPU3
[    9.997382] CPU3: shutdown
[   10.011276] Entering suspend state LP1
[   10.011299] Enabling non-boot CPUs ...
[   10.036761] CPU1 is up
[   10.061999] CPU2 is up
[   10.087324] CPU3 is up
[   10.088584] PM: noirq resume of devices complete after 1.249 msecs
[   10.091544] PM: early resume of devices complete after 2.506 msecs
[   10.187124] PM: resume of devices complete after 95.562 msecs
[   10.255894] Restarting tasks ... done.
root@(none):/# 
root@(none):/# rtcwake -d rtc1 -m mem -s 3
rtcwake: assuming RTC uses UTC ...
rtcwake: wakeup from "mem" using /dev/rtc1 at Thu Jan  1 00:01:05 1970
[   10.995328] PM: Syncing filesystems ... done.
[   11.022490] Freezing user space processes ... (elapsed 0.001 seconds) done.
[   11.030902] Freezing remaining freezable tasks ... (elapsed 0.001 seconds) done.
[   11.039793] Suspending console(s) (use no_console_suspend to debug)
[   11.084748] PM: suspend of devices complete after 37.278 msecs
[   11.087608] PM: late suspend of devices complete after 2.843 msecs
[   11.089582] PM: noirq suspend of devices complete after 1.964 msecs
[   11.089587] Disabling non-boot CPUs ...
[   11.090109] IRQ17 no longer affine to CPU1
[   11.090498] CPU1: shutdown
[   11.112648] CPU2: shutdown
[   11.137338] CPU3: shutdown
[   11.151237] Entering suspend state LP1
[   11.151261] Enabling non-boot CPUs ...
[   11.176696] CPU1 is up
[   11.201939] CPU2 is up
[   11.227262] CPU3 is up
[   11.228530] PM: noirq resume of devices complete after 1.257 msecs
[   11.231216] PM: early resume of devices complete after 2.216 msecs
[   11.326763] PM: resume of devices complete after 95.528 msecs
[   11.395535] Restarting tasks ... done.
root@(none):/# 
root@(none):/# rtcwake -d rtc1 -m mem -s 3
rtcwake: assuming RTC uses UTC ...
rtcwake: wakeup from "mem" using /dev/rtc1 at Thu Jan  1 00:01:14 1970
[   12.120419] PM: Syncing filesystems ... done.
[   12.147539] Freezing user space processes ... (elapsed 0.001 seconds) done.
[   12.155958] Freezing remaining freezable tasks ... (elapsed 0.001 seconds) done.
[   12.164804] Suspending console(s) (use no_console_suspend to debug)
[   12.208398] PM: suspend of devices complete after 35.916 msecs
[   12.211054] PM: late suspend of devices complete after 2.640 msecs
[   12.213073] PM: noirq suspend of devices complete after 2.010 msecs
[   12.213077] Disabling non-boot CPUs ...
[   12.213548] IRQ17 no longer affine to CPU1
[   12.213941] CPU1: shutdown
[   12.242615] CPU2: shutdown
[   12.267351] CPU3: shutdown
[   12.281204] Entering suspend state LP1
[   12.281228] Enabling non-boot CPUs ...
[   12.306679] CPU1 is up
[   12.331897] CPU2 is up
[   12.357220] CPU3 is up
[   12.358491] PM: noirq resume of devices complete after 1.260 msecs
[   12.361408] PM: early resume of devices complete after 2.471 msecs
[   12.457021] PM: resume of devices complete after 95.595 msecs
[   12.525816] Restarting tasks ... done.
root@(none):/# 
root@(none):/# rtcwake -d rtc1 -m mem -s 3
rtcwake: assuming RTC uses UTC ...
rtcwake: wakeup from "mem" using /dev/rtc1 at Thu Jan  1 00:01:23 1970
[   13.250235] PM: Syncing filesystems ... done.
[   13.277122] Freezing user space processes ... (elapsed 0.001 seconds) done.
[   13.285547] Freezing remaining freezable tasks ... (elapsed 0.001 seconds) done.
[   13.294382] Suspending console(s) (use no_console_suspend to debug)
[   13.338520] PM: suspend of devices complete after 36.456 msecs
[   13.341277] PM: late suspend of devices complete after 2.741 msecs
[   13.343271] PM: noirq suspend of devices complete after 1.984 msecs
[   13.343275] Disabling non-boot CPUs ...
[   13.344138] CPU1: shutdown
[   13.367595] CPU2: shutdown
[   13.392261] CPU3: shutdown
[   13.406156] Entering suspend state LP1
[   13.406179] Enabling non-boot CPUs ...
[   13.431631] CPU1 is up
[   13.456860] CPU2 is up
[   13.482196] CPU3 is up
[   13.483466] PM: noirq resume of devices complete after 1.258 msecs
[   13.486402] PM: early resume of devices complete after 2.483 msecs
[   13.582013] PM: resume of devices complete after 95.592 msecs
[   13.646657] Restarting tasks ... done.
root@(none):/# 
root@(none):/# rtcwake -d rtc1 -m mem -s 3
rtcwake: assuming RTC uses UTC ...
rtcwake: wakeup from "mem" using /dev/rtc1 at Thu Jan  1 00:01:32 1970
[   14.385788] PM: Syncing filesystems ... done.
[   14.412664] Freezing user space processes ... (elapsed 0.001 seconds) done.
[   14.421059] Freezing remaining freezable tasks ... (elapsed 0.001 seconds) done.
[   14.430017] Suspending console(s) (use no_console_suspend to debug)
[   14.479608] PM: suspend of devices complete after 41.939 msecs
[   14.482058] PM: late suspend of devices complete after 2.434 msecs
[   14.484016] PM: noirq suspend of devices complete after 1.948 msecs
[   14.484020] Disabling non-boot CPUs ...
[   14.484486] IRQ17 no longer affine to CPU1
[   14.484915] CPU1: shutdown
[   14.512548] CPU2: shutdown
[   14.537220] CPU3: shutdown
[   14.551124] Entering suspend state LP1
[   14.551149] Enabling non-boot CPUs ...
[   14.576610] CPU1 is up
[   14.601839] CPU2 is up
[   14.627141] CPU3 is up
[   14.628396] PM: noirq resume of devices complete after 1.244 msecs
[   14.631054] PM: early resume of devices complete after 2.185 msecs
[   14.726981] PM: resume of devices complete after 95.908 msecs
[   14.795727] Restarting tasks ... done.
root@(none):/# 
root@(none):/# rtcwake -d rtc1 -m mem -s 3
rtcwake: assuming RTC uses UTC ...
rtcwake: wakeup from "mem" using /dev/rtc1 at Thu Jan  1 00:01:41 1970
[   15.521091] PM: Syncing filesystems ... done.
[   15.548146] Freezing user space processes ... (elapsed 0.001 seconds) done.
[   15.556572] Freezing remaining freezable tasks ... (elapsed 0.001 seconds) done.
[   15.565443] Suspending console(s) (use no_console_suspend to debug)
[   15.611850] PM: suspend of devices complete after 38.730 msecs
[   15.614253] PM: late suspend of devices complete after 2.387 msecs
[   15.616168] PM: noirq suspend of devices complete after 1.906 msecs
[   15.616173] Disabling non-boot CPUs ...
[   15.617025] CPU1: shutdown
[   15.647511] CPU2: shutdown
[   15.671819] IRQ17 no longer affine to CPU3
[   15.672194] CPU3: shutdown
[   15.686093] Entering suspend state LP1
[   15.686118] Enabling non-boot CPUs ...
[   15.711567] CPU1 is up
[   15.736799] CPU2 is up
[   15.762120] CPU3 is up
[   15.763390] PM: noirq resume of devices complete after 1.259 msecs
[   15.766036] PM: early resume of devices complete after 2.181 msecs
[   15.861988] PM: resume of devices complete after 95.934 msecs
[   15.930713] Restarting tasks ... done.
root@(none):/# 
root@(none):/# NVTB SYSTEM SUSPEND TEST COMPLETE
