
U-Boot SPL 2016.05-rc2 (Apr 21 2016 - 16:23:00)
Trying to boot from RAM


U-Boot 2016.05-rc2 (Apr 21 2016 - 16:23:00 -0700)

TEGRA124
Model: NVIDIA Jetson TK1
Board: NVIDIA Jetson TK1
DRAM:  2 GiB
MC:   Tegra SD/MMC: 0, Tegra SD/MMC: 1
In:    serial
Out:   serial
Err:   serial
Net:   No ethernet found.
Hit any key to stop autoboot:  2  0 
Tegra124 (Jetson TK1) # 
Tegra124 (Jetson TK1) # pci enum
Tegra124 (Jetson TK1) # setenv bootargs 'ignore_loglevel console=ttyS0,115200n8 rw root=PARTUUID=b1791faa-84e8-4e27-83a1-9fb0a77e8803 rootwait gpt debug noinitrd earlyprintk init=/bin/bash'
Tegra124 (Jetson TK1) # setenv ipaddr 192.168.100.102; setenv serverip 192.168.100.1; setenv tftpserverip 192.168.100.1
Tegra124 (Jetson TK1) # tftpboot 0x82000000 zImage.multi_v7_defconfig

Warning: eth_rtl8169 using MAC address from ROM
Using eth_rtl8169 device
TFTP from server 192.168.100.1; our IP address is 192.168.100.102
Filename 'zImage.multi_v7_defconfig'.
Load address: 0x82000000
Loading: *#################################################################
	 #################################################################
	 #################################################################
	 #################################################################
	 #################################################################
	 #################################################################
	 #################################################################
	 #################################################################
	 ###########################
	 4 MiB/s
done
Bytes transferred = 8015304 (7a4dc8 hex)
Tegra124 (Jetson TK1) # tftpboot 0x83000000 tegra124-jetson-tk1.dtb
Using eth_rtl8169 device
TFTP from server 192.168.100.1; our IP address is 192.168.100.102
Filename 'tegra124-jetson-tk1.dtb'.
Load address: 0x83000000
Loading: *#####
	 3.8 MiB/s
done
Bytes transferred = 67161 (10659 hex)
Tegra124 (Jetson TK1) # bootz 0x82000000 - 0x83000000
Kernel image @ 0x82000000 [ 0x000000 - 0x7a4dc8 ]
## Flattened Device Tree blob at 83000000
   Booting using the fdt blob at 0x83000000
   Using Device Tree in place at 83000000, end 83013658

Starting kernel ...

[    0.000000] Booting Linux on physical CPU 0x0
[    0.000000] Linux version 4.13.0-rc5-186351-gef95484 (jonathanh@sellafield) (gcc version 4.7.3 20130328 (prerelease) (crosstool-NG linaro-1.13.1-4.7-2013.04-20130415 - Linaro GCC 2013.04)) #1 SMP Tue Aug 15 14:33:49 PDT 2017
[    0.000000] CPU: ARMv7 Processor [413fc0f3] revision 3 (ARMv7), cr=10c5387d
[    0.000000] CPU: div instructions available: patching division code
[    0.000000] CPU: PIPT / VIPT nonaliasing data cache, PIPT instruction cache
[    0.000000] OF: fdt: Machine model: NVIDIA Tegra124 Jetson TK1
[    0.000000] debug: ignoring loglevel setting.
[    0.000000] Memory policy: Data cache writealloc
[    0.000000] efi: Getting EFI parameters from FDT:
[    0.000000] efi: UEFI not found.
[    0.000000] cma: Reserved 64 MiB at 0xfb800000
[    0.000000] On node 0 totalpages: 524032
[    0.000000] free_area_init_node: node 0, pgdat c157edc0, node_mem_map eeff8000
[    0.000000]   DMA zone: 1536 pages used for memmap
[    0.000000]   DMA zone: 0 pages reserved
[    0.000000]   DMA zone: 196608 pages, LIFO batch:31
[    0.000000]   HighMem zone: 327424 pages, LIFO batch:31
[    0.000000] percpu: Embedded 17 pages/cpu @eef81000 s39488 r8192 d21952 u69632
[    0.000000] pcpu-alloc: s39488 r8192 d21952 u69632 alloc=17*4096
[    0.000000] pcpu-alloc: [0] 0 [0] 1 [0] 2 [0] 3 
[    0.000000] Built 1 zonelists in Zone order, mobility grouping on.  Total pages: 522496
[    0.000000] Kernel command line: ignore_loglevel console=ttyS0,115200n8 rw root=PARTUUID=b1791faa-84e8-4e27-83a1-9fb0a77e8803 rootwait gpt debug noinitrd earlyprintk init=/bin/bash
[    0.000000] PID hash table entries: 4096 (order: 2, 16384 bytes)
[    0.000000] Dentry cache hash table entries: 131072 (order: 7, 524288 bytes)
[    0.000000] Inode-cache hash table entries: 65536 (order: 6, 262144 bytes)
[    0.000000] Memory: 1993428K/2096128K available (10240K kernel code, 1562K rwdata, 4452K rodata, 2048K init, 402K bss, 37164K reserved, 65536K cma-reserved, 1244160K highmem)
[    0.000000] Virtual kernel memory layout:
[    0.000000]     vector  : 0xffff0000 - 0xffff1000   (   4 kB)
[    0.000000]     fixmap  : 0xffc00000 - 0xfff00000   (3072 kB)
[    0.000000]     vmalloc : 0xf0800000 - 0xff800000   ( 240 MB)
[    0.000000]     lowmem  : 0xc0000000 - 0xf0000000   ( 768 MB)
[    0.000000]     pkmap   : 0xbfe00000 - 0xc0000000   (   2 MB)
[    0.000000]     modules : 0xbf000000 - 0xbfe00000   (  14 MB)
[    0.000000]       .text : 0xc0208000 - 0xc0d00000   (11232 kB)
[    0.000000]       .init : 0xc1200000 - 0xc1400000   (2048 kB)
[    0.000000]       .data : 0xc1400000 - 0xc1586ba8   (1563 kB)
[    0.000000]        .bss : 0xc158fcb0 - 0xc15f46fc   ( 403 kB)
[    0.000000] SLUB: HWalign=64, Order=0-3, MinObjects=0, CPUs=4, Nodes=1
[    0.000000] Hierarchical RCU implementation.
[    0.000000] 	RCU event tracing is enabled.
[    0.000000] 	RCU restricting CPUs from NR_CPUS=16 to nr_cpu_ids=4.
[    0.000000] RCU: Adjusting geometry for rcu_fanout_leaf=16, nr_cpu_ids=4
[    0.000000] NR_IRQS: 16, nr_irqs: 16, preallocated irqs: 16
[    0.000000] /interrupt-controller@60004000: 160 interrupts forwarded to /interrupt-controller@50041000
[    0.000000] Tegra clk 127: register failed with -17
[    0.000009] sched_clock: 32 bits at 1000kHz, resolution 1000ns, wraps every 2147483647500ns
[    0.000028] clocksource: timer_us: mask: 0xffffffff max_cycles: 0xffffffff, max_idle_ns: 1911260446275 ns
[    0.000044] Switching to timer-based delay loop, resolution 1000ns
[    0.005159] arch_timer: cp15 timer(s) running at 12.00MHz (virt).
[    0.005178] clocksource: arch_sys_counter: mask: 0xffffffffffffff max_cycles: 0x2c47f4ee7, max_idle_ns: 440795202497 ns
[    0.005197] sched_clock: 56 bits at 12MHz, resolution 83ns, wraps every 4398046511096ns
[    0.005211] Switching to timer-based delay loop, resolution 83ns
[    0.005691] Console: colour dummy device 80x30
[    0.005720] Calibrating delay loop (skipped), value calculated using timer frequency.. 24.00 BogoMIPS (lpj=120000)
[    0.005738] pid_max: default: 32768 minimum: 301
[    0.005826] Mount-cache hash table entries: 2048 (order: 1, 8192 bytes)
[    0.005841] Mountpoint-cache hash table entries: 2048 (order: 1, 8192 bytes)
[    0.006301] CPU: Testing write buffer coherency: ok
[    0.006551] /cpus/cpu@0 missing clock-frequency property
[    0.006595] /cpus/cpu@1 missing clock-frequency property
[    0.006638] /cpus/cpu@2 missing clock-frequency property
[    0.006682] /cpus/cpu@3 missing clock-frequency property
[    0.006696] CPU0: thread -1, cpu 0, socket 0, mpidr 80000000
[    0.006982] Setting up static identity map for 0x80300000 - 0x803000a0
[    0.008956] Hierarchical SRCU implementation.
[    0.010827] Tegra Revision: A01 SKU: 129 CPU Process: 1 SoC Process: 1
[    0.011592] EFI services will not be available.
[    0.011736] smp: Bringing up secondary CPUs ...
[    0.012278] CPU1: thread -1, cpu 1, socket 0, mpidr 80000001
[    0.015638] CPU2: thread -1, cpu 2, socket 0, mpidr 80000002
[    0.025677] CPU3: thread -1, cpu 3, socket 0, mpidr 80000003
[    0.035141] smp: Brought up 1 node, 4 CPUs
[    0.035164] SMP: Total of 4 processors activated (96.00 BogoMIPS).
[    0.035174] CPU: All CPU(s) started in SVC mode.
[    0.036692] devtmpfs: initialized
[    0.052850] VFP support v0.3: implementor 41 architecture 4 part 30 variant f rev 0
[    0.053264] clocksource: jiffies: mask: 0xffffffff max_cycles: 0xffffffff, max_idle_ns: 19112604462750000 ns
[    0.053283] futex hash table entries: 1024 (order: 4, 65536 bytes)
[    0.054711] pinctrl core: initialized pinctrl subsystem
[    0.056358] DMI not present or invalid.
[    0.056531] random: get_random_u32 called from bucket_table_alloc+0xe8/0x254 with crng_init=0
[    0.056621] NET: Registered protocol family 16
[    0.058741] DMA: preallocated 256 KiB pool for atomic coherent allocations
[    0.061316] cpuidle: using governor menu
[    0.088201] No ATAGs?
[    0.088322] hw-breakpoint: found 5 (+1 reserved) breakpoint and 4 watchpoint registers.
[    0.088339] hw-breakpoint: maximum watchpoint size is 8 bytes.
[    0.095647] Serial: AMBA PL011 UART driver
[    0.112721] AT91: Could not find identification node
[    0.113291] +5V_SYS: supplied by +VDD_MUX
[    0.113576] +3.3V_SYS: supplied by +VDD_MUX
[    0.114214] +USB0_VBUS_SW: Failed to request enable GPIO108: -517
[    0.114230] reg-fixed-voltage regulators:regulator@7: Failed to register regulator: -517
[    0.114335] +5V_USB_HS: Failed to request enable GPIO109: -517
[    0.114349] reg-fixed-voltage regulators:regulator@8: Failed to register regulator: -517
[    0.114542] +1.05V_RUN_AVDD_HDMI_PLL: Failed to request enable GPIO63: -517
[    0.114556] reg-fixed-voltage regulators:regulator@11: Failed to register regulator: -517
[    0.114658] +5V_HDMI_CON: Failed to request enable GPIO86: -517
[    0.114671] reg-fixed-voltage regulators:regulator@12: Failed to register regulator: -517
[    0.114773] +5V_SATA: Failed to request enable GPIO242: -517
[    0.114786] reg-fixed-voltage regulators:regulator@13: Failed to register regulator: -517
[    0.114886] +12V_SATA: Failed to request enable GPIO242: -517
[    0.114899] reg-fixed-voltage regulators:regulator@14: Failed to register regulator: -517
[    0.117929] vgaarb: loaded
[    0.118716] SCSI subsystem initialized
[    0.118879] libata version 3.00 loaded.
[    0.119120] usbcore: registered new interface driver usbfs
[    0.119178] usbcore: registered new interface driver hub
[    0.119237] usbcore: registered new device driver usb
[    0.122765] pps_core: LinuxPPS API ver. 1 registered
[    0.122776] pps_core: Software ver. 5.3.6 - Copyright 2005-2007 Rodolfo Giometti <giometti@linux.it>
[    0.122799] PTP clock support registered
[    0.122988] EDAC MC: Ver: 3.0.0
[    0.123310] dmi: Firmware registration failed.
[    0.125960] clocksource: Switched to clocksource arch_sys_counter
[    0.179773] NET: Registered protocol family 2
[    0.180273] TCP established hash table entries: 8192 (order: 3, 32768 bytes)
[    0.180374] TCP bind hash table entries: 8192 (order: 4, 65536 bytes)
[    0.180562] TCP: Hash tables configured (established 8192 bind 8192)
[    0.180642] UDP hash table entries: 512 (order: 2, 16384 bytes)
[    0.180686] UDP-Lite hash table entries: 512 (order: 2, 16384 bytes)
[    0.180839] NET: Registered protocol family 1
[    0.181165] RPC: Registered named UNIX socket transport module.
[    0.181176] RPC: Registered udp transport module.
[    0.181185] RPC: Registered tcp transport module.
[    0.181193] RPC: Registered tcp NFSv4.1 backchannel transport module.
[    0.181207] PCI: CLS 0 bytes, default 64
[    0.182631] hw perfevents: enabled with armv7_cortex_a15 PMU driver, 7 counters available
[    0.184363] workingset: timestamp_bits=30 max_order=19 bucket_order=0
[    0.192613] squashfs: version 4.0 (2009/01/31) Phillip Lougher
[    0.193335] NFS: Registering the id_resolver key type
[    0.193364] Key type id_resolver registered
[    0.193373] Key type id_legacy registered
[    0.193414] ntfs: driver 2.1.32 [Flags: R/O].
[    0.194065] random: fast init done
[    0.195007] bounce: pool size: 64 pages
[    0.195052] Block layer SCSI generic (bsg) driver version 0.4 loaded (major 248)
[    0.195063] io scheduler noop registered
[    0.195073] io scheduler deadline registered
[    0.195238] io scheduler cfq registered (default)
[    0.195250] io scheduler mq-deadline registered
[    0.195259] io scheduler kyber registered
[    0.198838]  usb2-0: usb2-0 supply vbus not found, using dummy regulator
[    0.198954]  usb2-1: usb2-1 supply vbus not found, using dummy regulator
[    0.199420] tegra-xusb-padctl 7009f000.padctl: failed to setup XUSB ports: -517
[    0.218008] tegra-pcie 1003000.pcie: 2x1, 1x1 configuration
[    0.218063] tegra-pcie 1003000.pcie: Failed to get supply 'avddio-pex': -517
[    0.224172] tegra124-dfll 70110000.clock: couldn't get vdd_cpu regulator
[    0.231309] tegra-apbdma 60020000.dma: Tegra20 APB DMA driver register 32 channels
[    0.233911] tegra-pmc 7000e400.pmc: emergency thermal reset enabled
[    0.288560] Serial: 8250/16550 driver, 4 ports, IRQ sharing disabled
[    0.291188] console [ttyS0] disabled
[    0.291228] 70006300.serial: ttyS0 at MMIO 0x70006300 (irq = 335, base_baud = 25500000) is a Tegra
[    1.205744] console [ttyS0] enabled
[    1.210084] SuperH (H)SCI(F) driver initialized
[    1.215685] msm_serial: driver initialized
[    1.219985] STMicroelectronics ASC driver initialized
[    1.225901] 70006000.serial: ttyTHS1 at MMIO 0x70006000 (irq = 333, base_baud = 0) is a TEGRA_UART
[    1.235179] 70006040.serial: ttyTHS2 at MMIO 0x70006040 (irq = 334, base_baud = 0) is a TEGRA_UART
[    1.249803] tegra-hdmi 54280000.hdmi: failed to get HDMI regulator
[    1.267686] brd: module loaded
[    1.277205] loop: module loaded
[    1.281543] at24 0-0056: 256 byte 24c02 EEPROM, writable, 8 bytes/write
[    1.289911] as3722 4-0040: AS3722 with revision 0x1 found
[    1.301888] as3722-sd2: supplied by +5V_SYS
[    1.306535] as3722-sd3: supplied by +5V_SYS
[    1.310920] +1.35V_LP0(sd3): Bringing 0uV into 1350000-1350000uV
[    1.317304] as3722-sd4: supplied by +5V_SYS
[    1.321920] as3722-sd5: supplied by +5V_SYS
[    1.327955] as3722-ldo0: supplied by +1.35V_LP0(sd2)
[    1.334008] +1.8V_RUN_CAM: Bringing 0uV into 1800000-1800000uV
[    1.340225] as3722-ldo2: supplied by +1.8V_VDDIO
[    1.346092] as3722-ldo3: supplied by +3.3V_SYS
[    1.350567] +1.05V_LP0_VDD_RTC: Bringing 1100000uV into 1000000-1000000uV
[    1.358351] as3722-ldo4: supplied by +3.3V_SYS
[    1.363002] +2.8V_RUN_CAM: Bringing 0uV into 2800000-2800000uV
[    1.369209] as3722-ldo5: supplied by +1.8V_VDDIO
[    1.374033] +1.2V_RUN_CAM_FRONT: Bringing 0uV into 1200000-1200000uV
[    1.380955] +VDDIO_SDMMC3: bypassed regulator has no supply!
[    1.386628] +VDDIO_SDMMC3: failed to get the current voltage(-517)
[    1.392805] as3722-regulator as3722-regulator: regulator 13 register failed -517
[    1.406094] tegra-ahci 70027000.sata: couldn't get PHY in node sata: -517
[    1.428385] m25p80 spi32765.0: w25q32dw (4096 Kbytes)
[    1.436239] libphy: Fixed MDIO Bus: probed
[    1.441399] CAN device driver interface
[    1.446189] bgmac_bcma: Broadcom 47xx GBit MAC driver loaded
[    1.453228] e1000e: Intel(R) PRO/1000 Network Driver - 3.2.6-k
[    1.459069] e1000e: Copyright(c) 1999 - 2015 Intel Corporation.
[    1.465040] igb: Intel(R) Gigabit Ethernet Network Driver - version 5.4.0-k
[    1.472007] igb: Copyright (c) 2007-2014 Intel Corporation.
[    1.481521] pegasus: v0.9.3 (2013/04/25), Pegasus/Pegasus II USB Ethernet driver
[    1.488971] usbcore: registered new interface driver pegasus
[    1.494670] usbcore: registered new interface driver asix
[    1.500118] usbcore: registered new interface driver ax88179_178a
[    1.506253] usbcore: registered new interface driver cdc_ether
[    1.512127] usbcore: registered new interface driver smsc75xx
[    1.517938] usbcore: registered new interface driver smsc95xx
[    1.523710] usbcore: registered new interface driver net1080
[    1.529412] usbcore: registered new interface driver cdc_subset
[    1.535357] usbcore: registered new interface driver zaurus
[    1.540995] usbcore: registered new interface driver cdc_ncm
[    1.546891] tegra-phy 7d004000.usb-phy: no vbus regulator
[    1.554374] ehci_hcd: USB 2.0 'Enhanced' Host Controller (EHCI) Driver
[    1.560914] ehci-pci: EHCI PCI platform driver
[    1.565391] ehci-platform: EHCI generic platform driver
[    1.570837] ehci-orion: EHCI orion driver
[    1.575005] SPEAr-ehci: EHCI SPEAr driver
[    1.579170] ehci-st: EHCI STMicroelectronics driver
[    1.584187] ehci-exynos: EHCI EXYNOS driver
[    1.588544] ehci-atmel: EHCI Atmel driver
[    1.592686] tegra-ehci: Tegra EHCI driver
[    1.599547] tegra-ehci 7d004000.usb: EHCI Host Controller
[    1.604961] tegra-ehci 7d004000.usb: new USB bus registered, assigned bus number 1
[    1.612735] tegra-ehci 7d004000.usb: irq 354, io mem 0x7d004000
[    1.645979] tegra-ehci 7d004000.usb: USB 2.0 started, EHCI 1.10
[    1.652666] hub 1-0:1.0: USB hub found
[    1.656489] hub 1-0:1.0: 1 port detected
[    1.660934] ohci_hcd: USB 1.1 'Open' Host Controller (OHCI) Driver
[    1.667150] ohci-pci: OHCI PCI platform driver
[    1.671630] ohci-platform: OHCI generic platform driver
[    1.677074] SPEAr-ohci: OHCI SPEAr driver
[    1.681224] ohci-st: OHCI STMicroelectronics driver
[    1.686260] ohci-atmel: OHCI Atmel driver
[    1.691039] usbcore: registered new interface driver usb-storage
[    1.701737] as3722-rtc as3722-rtc: rtc core: registered as3722-rtc as rtc0
[    1.708630] as3722-rtc as3722-rtc: RTC interrupt 377
[    1.717045] tegra_rtc 7000e000.rtc: rtc core: registered 7000e000.rtc as rtc1
[    1.724206] tegra_rtc 7000e000.rtc: Tegra internal Real Time Clock
[    1.730937] i2c /dev entries driver
[    1.741393] lm90 0-004c: 0-004c supply vcc not found, using dummy regulator
[    1.758936] sdhci: Secure Digital Host Controller Interface driver
[    1.765108] sdhci: Copyright(c) Pierre Ossman
[    1.771115] Synopsys Designware Multimedia Card Interface Driver
[    1.778487] sdhci-pltfm: SDHCI platform and OF driver helper
[    1.784938] sdhci-tegra 700b0400.sdhci: Got CD GPIO
[    1.789850] sdhci-tegra 700b0400.sdhci: Got WP GPIO
[    1.811090] mmc0: Unknown controller version (3). You may experience problems.
[    1.818363] mmc0: Invalid maximum block size, assuming 512 bytes
[    1.885982] mmc0: SDHCI controller on 700b0600.sdhci [700b0600.sdhci] using ADMA
[    1.895321] ledtrig-cpu: registered to indicate activity on CPUs
[    1.901655] usbcore: registered new interface driver usbhid
[    1.907241] usbhid: USB HID core driver
[    1.915192] NET: Registered protocol family 10
[    1.920463] Segment Routing with IPv6
[    1.924205] sit: IPv6, IPv4 and MPLS over IPv4 tunneling driver
[    1.930697] NET: Registered protocol family 17
[    1.935142] can: controller area network core (rev 20170425 abi 9)
[    1.941385] NET: Registered protocol family 29
[    1.945825] can: raw protocol (rev 20170425)
[    1.950108] can: broadcast manager protocol (rev 20170425 t)
[    1.955769] can: netlink gateway (rev 20170425) max_hops=1
[    1.961568] Key type dns_resolver registered
[    1.966443] ThumbEE CPU extension supported.
[    1.970713] Registering SWP/SWPB emulation handler
[    1.992640] +3.3V_RUN: supplied by +3.3V_SYS
[    1.998577] +USB0_VBUS_SW: supplied by +5V_SYS
[    2.003223] +3.3V_AVDD_HDMI_AP_GATED: supplied by +3.3V_RUN
[    2.009403] +5V_USB_HS: supplied by +5V_SYS
[    2.015074] +3.3V_LP0: supplied by +3.3V_SYS
[    2.024409] +5V_HDMI_CON: supplied by +5V_SYS
[    2.029552] +5V_SATA: supplied by +5V_SYS
[    2.034095] +12V_SATA: supplied by +VDD_MUX
[    2.039763]  usb2-0: usb2-0 supply vbus not found, using dummy regulator
[    2.046690]  usb2-1: usb2-1 supply vbus not found, using dummy regulator
[    2.053715]  usb3-0: usb3-0 supply vbus not found, using dummy regulator
[    2.061726] tegra-pcie 1003000.pcie: 2x1, 1x1 configuration
[    2.067393] tegra-pcie 1003000.pcie: Failed to get supply 'avddio-pex': -517
[    2.076841] tegra124-dfll 70110000.clock: couldn't get vdd_cpu regulator
[    2.086932] tegra-hdmi 54280000.hdmi: failed to get PLL regulator
[    2.098683] as3722-sd2: supplied by +5V_SYS
[    2.103225] as3722-sd3: supplied by +5V_SYS
[    2.107744] as3722-sd4: supplied by +5V_SYS
[    2.112278] as3722-sd5: supplied by +5V_SYS
[    2.118445] as3722-ldo0: supplied by +1.35V_LP0(sd2)
[    2.124317] as3722-ldo1: supplied by +3.3V_RUN
[    2.129215] as3722-ldo2: supplied by +1.8V_VDDIO
[    2.134892] as3722-ldo3: supplied by +3.3V_SYS
[    2.140421] as3722-ldo4: supplied by +3.3V_SYS
[    2.145175] as3722-ldo5: supplied by +1.8V_VDDIO
[    2.150146] as3722-ldo6: supplied by +3.3V_RUN
[    2.154903] as3722-ldo7: supplied by +1.8V_VDDIO
[    2.160398] +1.05V_RUN_CAM_REAR: Bringing 0uV into 1050000-1050000uV
[    2.167652] as3722-ldo9: supplied by +5V_SYS
[    2.172758] mmc0: new high speed MMC card at address 0001
[    2.178640] mmcblk0: mmc0:0001 SEM16G 14.7 GiB 
[    2.183730] +3.3V_RUN_TOUCH: Bringing 0uV into 2800000-2800000uV
[    2.189828] mmcblk0boot0: mmc0:0001 SEM16G partition 1 4.00 MiB
[    2.196319] as3722-ldo10: supplied by +5V_SYS
[    2.200790] mmcblk0boot1: mmc0:0001 SEM16G partition 2 4.00 MiB
[    2.207280] +2.8V_RUN_CAM_AF: Bringing 0uV into 2800000-2800000uV
[    2.213428] mmcblk0rpmb: mmc0:0001 SEM16G partition 3 4.00 MiB
[    2.219879] as3722-ldo11: supplied by +3.3V_RUN
[    2.225000] +1.8V_RUN_VPP_FUSE: Bringing 0uV into 1800000-1800000uV
[    2.233485]  mmcblk0: p1
[    2.238584] tegra-ahci 70027000.sata: AHCI 0001.0301 32 slots 2 ports 3 Gbps 0x1 impl platform mode
[    2.247690] tegra-ahci 70027000.sata: flags: 64bit ncq sntf pm led pio slum part sadm sds apst 
[    2.258366] scsi host0: tegra-ahci
[    2.262435] scsi host1: tegra-ahci
[    2.266283] ata1: SATA max UDMA/133 mmio [mem 0x70027000-0x70028fff] port 0x100 irq 345
[    2.274280] ata2: DUMMY
[    2.279790] tegra-ehci 7d008000.usb: EHCI Host Controller
[    2.285204] tegra-ehci 7d008000.usb: new USB bus registered, assigned bus number 2
[    2.293088] tegra-ehci 7d008000.usb: irq 355, io mem 0x7d008000
[    2.326080] tegra-ehci 7d008000.usb: USB 2.0 started, EHCI 1.10
[    2.333128] hub 2-0:1.0: USB hub found
[    2.336988] hub 2-0:1.0: 1 port detected
[    2.343462] sdhci-tegra 700b0400.sdhci: Got CD GPIO
[    2.348416] sdhci-tegra 700b0400.sdhci: Got WP GPIO
[    2.360240] mmc1: Unknown controller version (3). You may experience problems.
[    2.367582] mmc1: Invalid maximum block size, assuming 512 bytes
[    2.436529] mmc1: SDHCI controller on 700b0400.sdhci [700b0400.sdhci] using ADMA
[    2.444643] tegra-pcie 1003000.pcie: 2x1, 1x1 configuration
[    2.452374] tegra-pcie 1003000.pcie: probing port 0, using 2 lanes
[    2.462097] tegra-pcie 1003000.pcie: Slot present pin change, signature: 00000008
[    2.486142] tegra-pcie 1003000.pcie: probing port 1, using 1 lanes
[    2.494481] tegra-pcie 1003000.pcie: Slot present pin change, signature: 00000000
[    2.508239] tegra-pcie 1003000.pcie: PCI host bridge to bus 0000:00
[    2.514506] pci_bus 0000:00: root bus resource [io  0x0000-0xffff]
[    2.520726] pci_bus 0000:00: root bus resource [mem 0x13000000-0x1fffffff]
[    2.527614] pci_bus 0000:00: root bus resource [mem 0x20000000-0x3fffffff pref]
[    2.534930] pci_bus 0000:00: root bus resource [bus 00-ff]
[    2.540491] pci 0000:00:01.0: [10de:0e12] type 01 class 0x060400
[    2.546521] pci_bus 0000:00: 2-byte config write to 0000:00:01.0 offset 0x4 may corrupt adjacent RW1C bits
[    2.556183] pci_bus 0000:00: 2-byte config write to 0000:00:01.0 offset 0x4 may corrupt adjacent RW1C bits
[    2.565856] pci_bus 0000:00: 2-byte config write to 0000:00:01.0 offset 0x88 may corrupt adjacent RW1C bits
[    2.575622] pci_bus 0000:00: 2-byte config write to 0000:00:01.0 offset 0x52 may corrupt adjacent RW1C bits
[    2.585404] pci 0000:00:01.0: PME# supported from D0 D1 D2 D3hot D3cold
[    2.592030] pci_bus 0000:00: 2-byte config write to 0000:00:01.0 offset 0x4c may corrupt adjacent RW1C bits
[    2.602034] pci 0000:00:02.0: [10de:0e13] type 01 class 0x060400
[    2.608064] pci_bus 0000:00: 2-byte config write to 0000:00:02.0 offset 0x4 may corrupt adjacent RW1C bits
[    2.617724] pci_bus 0000:00: 2-byte config write to 0000:00:02.0 offset 0x4 may corrupt adjacent RW1C bits
[    2.627412] pci_bus 0000:00: 2-byte config write to 0000:00:02.0 offset 0x88 may corrupt adjacent RW1C bits
[    2.637176] pci_bus 0000:00: 2-byte config write to 0000:00:02.0 offset 0x52 may corrupt adjacent RW1C bits
[    2.646955] pci 0000:00:02.0: PME# supported from D0 D1 D2 D3hot D3cold
[    2.653564] pci_bus 0000:00: 2-byte config write to 0000:00:02.0 offset 0x4c may corrupt adjacent RW1C bits
[    2.663588] PCI: bus0: Fast back to back transfers disabled
[    2.669202] pci 0000:00:01.0: bridge configuration invalid ([bus 00-00]), reconfiguring
[    2.677256] pci 0000:00:02.0: bridge configuration invalid ([bus 00-00]), reconfiguring
[    2.685485] pci 0000:01:00.0: [8086:4232] type 00 class 0x028000
[    2.691600] pci 0000:01:00.0: reg 0x10: [mem 0x00000000-0x00001fff 64bit]
[    2.698629] pci 0000:01:00.0: PME# supported from D0 D3hot D3cold
[    2.719876] mmc1: new high speed SDHC card at address aaaa
[    2.725850] mmcblk1: mmc1:aaaa SD04G 3.69 GiB 
[    2.730687] PCI: bus1: Fast back to back transfers disabled
[    2.736322] pci_bus 0000:01: busn_res: [bus 01-ff] end is updated to 01
[    2.743160] pci 0000:02:00.0: [10ec:8168] type 00 class 0x020000
[    2.749255] pci 0000:02:00.0: reg 0x10: [io  0x0000-0x00ff]
[    2.754868] pci 0000:02:00.0: reg 0x18: [mem 0x00000000-0x00000fff 64bit]
[    2.761708] pci 0000:02:00.0: reg 0x20: [mem 0x00000000-0x00003fff 64bit pref]
[    2.766685] ata1: SATA link down (SStatus 0 SControl 300)
[    2.774511] pci 0000:02:00.0: supports D1 D2
[    2.778799] pci 0000:02:00.0: PME# supported from D0 D1 D2 D3hot D3cold
[    2.793099] mmcblk1: error -5 sending stop command, original cmd response 0x900, card status 0x900
[    2.802116] mmcblk1: error -5 transferring data, sector 7744504, nr 8, cmd response 0x900, card status 0x80000b00
[    2.806120] PCI: bus2: Fast back to back transfers disabled
[    2.806136] pci_bus 0000:02: busn_res: [bus 02-ff] end is updated to 02
[    2.806185] pci 0000:00:01.0: BAR 8: assigned [mem 0x13000000-0x130fffff]
[    2.806195] pci 0000:00:02.0: BAR 8: assigned [mem 0x13100000-0x131fffff]
[    2.806205] pci 0000:00:02.0: BAR 9: assigned [mem 0x20000000-0x200fffff 64bit pref]
[    2.806213] pci 0000:00:02.0: BAR 7: assigned [io  0x1000-0x1fff]
[    2.806226] pci 0000:01:00.0: BAR 0: assigned [mem 0x13000000-0x13001fff 64bit]
[    2.806261] pci 0000:00:01.0: PCI bridge to [bus 01]
[    2.806274] pci 0000:00:01.0:   bridge window [mem 0x13000000-0x130fffff]
[    2.806295] pci 0000:02:00.0: BAR 4: assigned [mem 0x20000000-0x20003fff 64bit pref]
[    2.806324] pci 0000:02:00.0: BAR 2: assigned [mem 0x13100000-0x13100fff 64bit]
[    2.806355] pci 0000:02:00.0: BAR 0: assigned [io  0x1000-0x10ff]
[    2.806369] pci 0000:00:02.0: PCI bridge to [bus 02]
[    2.806377] pci 0000:00:02.0:   bridge window [io  0x1000-0x1fff]
[    2.806389] pci 0000:00:02.0:   bridge window [mem 0x13100000-0x131fffff]
[    2.806399] pci 0000:00:02.0:   bridge window [mem 0x20000000-0x200fffff 64bit pref]
[    2.806445] pci 0000:00:01.0: nv_msi_ht_cap_quirk didn't locate host bridge
[    2.806610] pcieport 0000:00:01.0: enabling device (0140 -> 0142)
[    2.806913] pcieport 0000:00:01.0: Signaling PME with IRQ 393
[    2.807043] pci 0000:00:02.0: nv_msi_ht_cap_quirk didn't locate host bridge
[    2.807165] pcieport 0000:00:02.0: enabling device (0140 -> 0143)
[    2.807441] pcieport 0000:00:02.0: Signaling PME with IRQ 394
[    2.807807] r8169 Gigabit Ethernet driver 2.3LK-NAPI loaded
[    2.807833] r8169 0000:02:00.0: enabling device (0140 -> 0143)
[    2.837806] r8169 0000:02:00.0 eth0: RTL8168g/8111g at 0xf0b72000, 00:04:4b:3a:d9:81, XID 0c000800 IRQ 395
[    2.837817] r8169 0000:02:00.0 eth0: jumbo features [frames: 9200 bytes, tx checksumming: ko]
[    2.842900] +1.05V_RUN_AVDD_HDMI_PLL: supplied by +1.05V_RUN
[    2.845425] [drm] Supports vblank timestamp caching Rev 2 (21.10.2013).
[    2.845429] [drm] No driver support for vblank timestamp query.
[    2.845471] [drm] Cannot find any crtc or sizes - going 1024x768
[    3.089927] Console: switching to colour frame buffer device 128x48
[    3.117624] drm drm: fb0:  frame buffer device
[    3.122271] [drm] Initialized tegra 0.0.0 20120330 for drm on minor 0
[    3.130357] of: dev_pm_opp_of_cpumask_add_table: couldn't find opp table for cpu:0, -19
[    3.138467] cpufreq: cpufreq_online: CPU0: Running at unlisted freq: 696000 KHz
[    3.145796] cpufreq: cpufreq_online: CPU0: Unlisted initial frequency changed to: 714000 KHz
[    3.155036] input: gpio-keys as /devices/soc0/gpio-keys/input/input0
[    3.162355] as3722-rtc as3722-rtc: setting system clock to 2000-01-01 00:00:13 UTC (946684813)
[    3.171277] +USB0_VBUS_SW: disabling
[    3.174852] +1.8V_RUN_CAM: disabling
[    3.178526]  mmcblk1: p1 p2 p3
[    3.181681] +2.8V_RUN_CAM: disabling
[    3.185414] +1.2V_RUN_CAM_FRONT: disabling
[    3.190069] +1.05V_RUN_CAM_REAR: disabling
[    3.194298] +3.3V_RUN_TOUCH: disabling
[    3.198284] +2.8V_RUN_CAM_AF: disabling
[    3.202306] +1.8V_RUN_VPP_FUSE: disabling
[    3.207484] EXT4-fs (mmcblk0p1): mounting ext3 file system using the ext4 subsystem
[    3.249793] EXT4-fs (mmcblk0p1): recovery complete
[    3.255418] EXT4-fs (mmcblk0p1): mounted filesystem with ordered data mode. Opts: (null)
[    3.263565] VFS: Mounted root (ext3 filesystem) on device 179:1.
[    3.273658] devtmpfs: mounted
[    3.277275] Freeing unused kernel memory: 2048K
bash: cannot set terminal process group (-1): Inappropriate ioctl for device
bash: no job control in this shell
root@(none):/# 