

Pass: Linux Boot Test 1
	Test Owner(s): N/A
	Execution Time 56.49 sec
	Percent passed so far: 50.0
	


Pass: Linux Boot Test 2
	Test Owner(s): N/A
	Execution Time 56.0 sec
	Percent passed so far: 100.0
	

Final Score: 100.0
[0004.362] I> Welcome to MB1 recovery(prd-version : 10.02.161215-t186-M-00.00-f24525c4)
[0004.370] I> rst_source : 0x0
[0004.373] I> rst_level : 0x0
[0004.375] I> Boot-device: eMMC
[0004.400] I> sdmmc ddr50 mode
[0004.403] I> Entering into 3p server..
[0004.407] I> Transport interface is USB
[0004.837] I> transport_usbf_priv_open USB configuration success
[0010.374] I> Populate eeprom info for module cvm
[0047.291] I> bit @ 0xd480000
[0047.295] I> Downloading bct_bootrom at 0x000000004004e800
[0047.302] I> downloaded image bct_bootrom successfully
[0047.310] I> Downloading bct_mb1 at 0x0000000040041000
[0047.320] I> MB1-BCT relocated to 0xd48bc00 from 0x40041000
[0047.326] I> Supported mb1-bct versions 9-12
[0047.330] I> Version of mb1 bct binary 12
[0047.334] W> MB1 BCT does not have controller prod config data
[0047.340] I> Bootrom patch version : 7 (correctly patched)
[0047.345] I> ATE fuse revision : 0x1001c
[0047.349] I> chip revision : A02P
[0047.352] I> disabled_core_mask: 0xffffff0c
[0047.356] I> Enabled Cores: 0xf3
[0047.359] I> TPC disable fuse status: 0
[0047.363] I> Booting Parker Sku
[0047.366] I> Ram repair fuse : 0x0
[0047.369] I> allocated(CO:30) base:0xf8000000 size:0x8000000 align: 0x8000000
[0047.376] I> allocated(CO:23) base:0xf7ff0000 size:0x10000 align: 0x10000
[0047.383] I> allocated(CO:31) base:0x0 size:0x0 align: 0x0
[0047.388] I> allocated(CO:1) base:0xf7e00000 size:0x100000 align: 0x100000
[0047.395] I> allocated(CO:2) base:0xf7d00000 size:0x100000 align: 0x100000
[0047.402] I> allocated(CO:3) base:0xf7c00000 size:0x100000 align: 0x100000
[0047.409] I> allocated(CO:4) base:0xf7b00000 size:0x100000 align: 0x100000
[0047.416] I> allocated(CO:5) base:0xf7a00000 size:0x100000 align: 0x100000
[0047.422] I> allocated(CO:8) base:0xf7900000 size:0x100000 align: 0x100000
[0047.429] I> allocated(CO:27) base:0x0 size:0x0 align: 0x0
[0047.434] I> allocated(CO:6) base:0xf7600000 size:0x200000 align: 0x200000
[0047.441] I> allocated(CO:7) base:0xf7000000 size:0x400000 align: 0x400000
[0047.448] I> allocated(CO:9) base:0xf7800000 size:0x100000 align: 0x100000
[0047.455] I> allocated(CO:10) base:0xf6800000 size:0x800000 align: 0x800000
[0047.462] I> allocated(CO:11) base:0x30000000 size:0x40000 align: 0x0
[0047.468] I> allocated(CO:12) base:0xf7500000 size:0x100000 align: 0x100000
[0047.475] I> allocated(CO:13) base:0x30040000 size:0x1000 align: 0x0
[0047.481] I> allocated(CO:14) base:0x30048000 size:0x1000 align: 0x0
[0047.487] I> allocated(CO:15) base:0x30049000 size:0x1000 align: 0x0
[0047.494] I> allocated(CO:16) base:0x3004a000 size:0x1000 align: 0x0
[0047.500] I> allocated(CO:17) base:0x3004b000 size:0x1000 align: 0x0
[0047.506] I> allocated(CO:19) base:0x3004d000 size:0x1000 align: 0x0
[0047.512] I> allocated(CO:18) base:0x3004c000 size:0x1000 align: 0x0
[0047.519] I> allocated(CO:20) base:0x3004e000 size:0x1000 align: 0x0
[0047.525] I> allocated(CO:21) base:0x3004f000 size:0x1000 align: 0x0
[0047.531] I> allocated(CO:22) base:0x0 size:0x0 align: 0x0
[0047.537] I> allocated(CO:32) base:0xf6000000 size:0x600000 align: 0x400000
[0047.543] I> allocated(CO:24) base:0x0 size:0x0 align: 0x0
[0047.549] I> allocated(CO:25) base:0x0 size:0x0 align: 0x0
[0047.554] I> allocated(CO:26) base:0x0 size:0x0 align: 0x0
[0047.559] I> allocated(CO:39) base:0x96000000 size:0x2000000 align: 0x2000000
[0047.567] I> allocated(CO:38) base:0x84000000 size:0x400000 align: 0x400000
[0047.573] I> allocated(CO:37) base:0xf7fc0000 size:0x20000 align: 0x20000
[0047.580] I> allocated(CO:40) base:0x84800000 size:0xb00000 align: 0x800000
[0047.587] I> allocated(CO:41) base:0xf7f00000 size:0x80000 align: 0x80000
[0047.594] I> allocated(CO:28) base:0x84400000 size:0x400000 align: 0x400000
[0047.602] I> Boot-device: eMMC
[0047.604] I> sdmmc bdev is already initialized
[0047.609] W> MB1 PMIC CFG is version 1.2
[0047.613] W> Rail ID 7 is not found on MB1 BCT
[0047.617] W> MB1 PMIC CFG is version 1.2
[0047.623] W> MB1 PMIC CFG is version 1.2
[0047.630] W> MB1 PMIC CFG is version 1.2
[0047.634] I> sdram slot : 1
[0047.637] I> Initializing SDRAM
[0047.643] I> mss encrypt status check successful
[0047.648] I> downloaded image bct_mb1 successfully
[0047.878] I> Downloading blob at 0x0000000085300000
[0048.281] I> downloaded image blob successfully
[0048.296] I> exiting nv3p server
[0048.299] I> disabled_core_mask: 0xffffff0c
[0048.303] I> Enabled Cores: 0xf3
[0048.307] I> TPC disable fuse status: 0
[0048.310] I> Booting Parker Sku
[0048.313] I> Setup temp. GSC#29 (base:0x30000000, size:0x00010000)
[0048.319] I> Loading preboot
[0048.324] I> Binary(1) of size 59024 is loaded @ 0x40000000
[0048.329] I> Restrict GSC#29 access to DPMU only
[0048.334] I> Updated LSR_DVCOMP_PARAMS: 0xc0801005c
[0048.339] I> Updated LSR_DVCOMP_PARAMS: 0xc07a0f45c
[0048.344] I> WP0 triggered
[0048.346] I> Waypoint-0 ACK received :)
[0048.350] I> WP0.5 triggered
[0048.353] I> Initialized SCRs
[0048.356] W> MB1 PMIC CFG is version 1.2
[0048.364] W> MB1 PMIC CFG is version 1.2
[0048.414] I> Waypoint-0.5 ACK received :)
[0048.418] I> Setup temp. GSC#28 (base:0x84400000, size:0x00400000)
[0048.425] I> Loading MTS-DMCE
[0048.438] I> Binary(2) of size 266624 is loaded @ 0x84400000
[0048.444] I> disabled_core_mask: 0xffffff0c
[0048.448] I> Loading MTS-PROPER
[0048.451] I> Binary(3) of size 1809872 is loaded @ 0x0
[0048.456] I> Restrict GSC#28 access to DPMU only
[0048.460] I> disabled_core_mask: 0xffffff0c
[0048.464] I> WP1 triggered
[0048.467] I> Loading MB2
[0048.470] I> Binary(8) of size 59696 is loaded @ 0x84000000
[0048.475] W> MB1 PMIC CFG is version 1.2
[0048.480] I> Configure DMCE carveout GSC#13
[0048.485] I> CPU reset vector: 0x96000000
[0048.488] I> MB2-params @ 0xf7f00000
[0048.492] I> Waypoint-1 ACK received :)
[0048.496] I> Configure SC7 carveout GSC#23
[0048.500] I> MB1 recovery done

[0048.506] I> Welcome to MB2(TBoot-BPMP) Recovery(version: 01.00.160913-t186-M-00.00-mobile-597f2c10)
[0048.515] I> Default Heap @ [0xd486400 - 0xd488400]
[0048.520] I> DMA Heap @ [0x84900000 - 0x85300000]
[0048.524] I> bit @ 0xd480000
[0048.527] I> BR-BCT relocated to 0xf7f20000
[0048.531] I> Boot-device: eMMC
[0048.535] I> pmic: reset reason (nverc)	: 0x10
[0048.540] I> Reading GPT from 512 for device 00000003
[0048.546] I> Reading GPT from 8388096 for device 00000003
[0048.553] I> Found 6 partitions in 00000003 device
[0048.557] I> Reading GPT from 512 for device 00010003
[0048.564] I> Found 18 partitions in 00010003 device
[0048.572] I> Binary(16) of size 524480 is loaded @ 0xf7600000
[0048.579] I> Binary(17) of size 326672 is loaded @ 0xf77b03e0
[0048.706] I> BPMP-FW load address = 0xf7600000
[0048.710] I> BPMP-FW DTB load address = 0x501b03e0
[0048.715] I> Copy BTCM section
[0048.719] I> Binary(13) of size 143872 is loaded @ 0x96000000
[0048.725] I> MB2-params @ 0xf7f00000
[0048.728] I> CPUBL-params @ 0xf7f00000
[0048.732] I> CPU-BL loaded at : 0x96000000
[0048.736] I> Loading TOS ...
[0048.739] I> Binary(14) of size 54384 is loaded @ 0x8490f400
[0048.745] I> Copying Monitor (length: 0xd270) from 0x8490f600 to 0x40000000
[0048.752] I> Erasing Monitor @ 0x8490f600
[0048.756] I> Unhalting SCE
[0048.760] I> Waypoint2-ACK: 0x5200b694
[0048.764] I> MB2(TBoot-BPMP) Recovery done

NOTICE:  BL31: v1.2(release):ff7a644
NOTICE:  BL31: Built : 21:06:35, Mar  1 2017
NOTICE:  Trusty image missing.
ERROR:   Error initializing runtime service trusty_fast
[0049.127] I> Welcome to TBoot-CPU Recovery(version: 01.00.160913-t186-M-00.00-mobile-e9641362)
[0049.135] I> gpio framework initialized
[0049.139] I> tegrabl_gpio_driver_register: register 'tegra_gpio_main_driver' driver
[0049.147] I> tegrabl_gpio_driver_register: register 'tegra_gpio_aon_driver' driver
[0049.154] I> tegrabl_tca9539_init: i2c bus: 0, slave addr: 0xee
[0049.163] I> tegrabl_gpio_driver_register: register 'tca9539_gpio_driver' driver
[0049.170] I> tegrabl_tca9539_init: i2c bus: 0, slave addr: 0xe8
[0049.178] I> tegrabl_gpio_driver_register: register 'tca9539_gpio_driver' driver
[0049.185] I> CPU: ARM Cortex A57
[0049.188] I> CPU: MIDR: 0x411fd073, MPIDR: 0x80000100
[0049.193] I> L2 ECC enabled : yes
[0049.196] I> CPU-BL Params @ 0xf7f00000
[0049.200] I>  0) Base:0x00000000 Size:0x00000000
[0049.204] I>  1) Base:0xf7e00000 Size:0x00100000
[0049.209] I>  2) Base:0xf7d00000 Size:0x00100000
[0049.213] I>  3) Base:0xf7c00000 Size:0x00100000
[0049.217] I>  4) Base:0xf7b00000 Size:0x00100000
[0049.222] I>  5) Base:0xf7a00000 Size:0x00100000
[0049.226] I>  6) Base:0xf7600000 Size:0x00200000
[0049.231] I>  7) Base:0xf7000000 Size:0x00400000
[0049.235] I>  8) Base:0xf7900000 Size:0x00100000
[0049.240] I>  9) Base:0xf7800000 Size:0x00100000
[0049.244] I> 10) Base:0xf6800000 Size:0x00800000
[0049.249] I> 11) Base:0x30000000 Size:0x00040000
[0049.253] I> 12) Base:0xf7500000 Size:0x00100000
[0049.257] I> 13) Base:0x30040000 Size:0x00001000
[0049.262] I> 14) Base:0x30048000 Size:0x00001000
[0049.266] I> 15) Base:0x30049000 Size:0x00001000
[0049.271] I> 16) Base:0x3004a000 Size:0x00001000
[0049.275] I> 17) Base:0x3004b000 Size:0x00001000
[0049.280] I> 18) Base:0x3004c000 Size:0x00001000
[0049.284] I> 19) Base:0x3004d000 Size:0x00001000
[0049.288] I> 20) Base:0x3004e000 Size:0x00001000
[0049.293] I> 21) Base:0x3004f000 Size:0x00001000
[0049.297] I> 22) Base:0x00000000 Size:0x00000000
[0049.302] I> 23) Base:0xf7ff0000 Size:0x00010000
[0049.306] I> 24) Base:0x00000000 Size:0x00000000
[0049.311] I> 25) Base:0x00000000 Size:0x00000000
[0049.315] I> 26) Base:0x00000000 Size:0x00000000
[0049.319] I> 27) Base:0x00000000 Size:0x00000000
[0049.324] I> 28) Base:0x84400000 Size:0x00400000
[0049.328] I> 29) Base:0x30000000 Size:0x00010000
[0049.333] I> 30) Base:0xf8000000 Size:0x08000000
[0049.337] I> 31) Base:0x00000000 Size:0x00000000
[0049.342] I> 32) Base:0xf6000000 Size:0x00600000
[0049.346] I> 33) Base:0x80000000 Size:0x76000000
[0049.350] I> 34) Base:0x100000000 Size:0x180000000
[0049.355] I> 35) Base:0x00000000 Size:0x00000000
[0049.359] I> 36) Base:0x00000000 Size:0x00000000
[0049.364] I> 37) Base:0xf7fc0000 Size:0x00020000
[0049.368] I> 38) Base:0x84000000 Size:0x00400000
[0049.373] I> 39) Base:0x96000000 Size:0x02000000
[0049.377] I> 40) Base:0x84800000 Size:0x00b00000
[0049.382] I> 41) Base:0xf7f00000 Size:0x00080000
[0049.386] I> 42) Base:0x00000000 Size:0x00000000
[0049.391] I> 43) Base:0x00000000 Size:0x00000000
[0049.395] I> Boot-device: eMMC
[0049.419] I> sdmmc ddr50 mode
[0049.423] I> sdmmc bdev is already initialized
[0049.427] I> Reading GPT from 512 for device 00000003
[0049.433] I> Reading GPT from 8388096 for device 00000003
[0049.439] I> Found 6 partitions in 00000003 device
[0049.444] I> Reading GPT from 512 for device 00010003
[0049.450] I> Found 18 partitions in 00010003 device
[0049.455] I> Recovery boot_type: 0
[0049.458] I> Entering 3p server
[0049.461] I> Entering into 3p server..
[0049.464] I> Transport interface is USB
[0049.889] I> transport_usbf_priv_open USB configuration success
[0053.345] I> Populate storage info
[0053.362] I> Erasing device 0: 3
[0053.366] I> Erasing device 16384 blocks from block 0
[0053.387] I> Erase successful.
[0053.392] I> Writing device 0: 3
[0053.395] I> Total write size is 16896 bytes
[0053.444] I> Reading GPT from 512 for device 00000003
[0053.450] I> Reading GPT from 8388096 for device 00000003
[0053.457] I> Found 6 partitions in 00000003 device
[0053.461] I> Write successful.
[0053.467] I> Erasing device 1: 3
[0053.470] I> Erasing device 61071360 blocks from block 0
[0053.972] I> Erase successful.
[0053.977] I> Writing device 1: 3
[0053.980] I> Total write size is 512 bytes
[0053.987] I> Write successful.
[0053.992] I> Writing device 1: 3
[0053.995] I> Total write size is 2688 bytes
[0054.002] I> Reading GPT from 512 for device 00010003
[0054.008] I> Found 17 partitions in 00010003 device
[0054.013] I> Write successful.
[0054.018] I> Writing device 1: 3
[0054.021] I> Total write size is 16896 bytes
[0054.029] I> Reading GPT from 512 for device 00010003
[0054.034] I> Found 17 partitions in 00010003 device
[0054.039] I> Write successful.
[0054.044] I> Writing mb1 partition
[0054.048] I> Total write size is 88368 bytes
[0054.086] I> Write successful.
[0054.091] I> Writing spe-fw partition
[0054.095] I> Total write size is 57184 bytes
[0054.130] I> Write successful.
[0054.135] I> Writing mb2 partition
[0054.138] I> Total write size is 60720 bytes
[0054.182] I> Write successful.
[0054.187] I> Writing mts-preboot partition
[0054.191] I> Total write size is 59824 bytes
[0054.236] I> Write successful.
[0054.241] I> Writing device 1: 3
[0054.244] I> Total write size is 512 bytes
[0054.251] I> Write successful.
[0054.256] I> Writing APP partition
[0054.259] I> Total write size is 27608268 bytes
[0055.615] I> Write successful.
[0055.620] I> Writing mts-bootpack partition
[0055.624] I> Total write size is 2077344 bytes
[0055.726] I> Write successful.
[0055.732] I> Writing cpu-bootloader partition
[0055.736] I> Total write size is 196176 bytes
[0055.753] I> Write successful.
[0055.758] I> Writing bootloader-dtb partition
[0055.762] I> Total write size is 248528 bytes
[0055.782] I> Write successful.
[0055.787] I> Writing secure-os partition
[0055.791] I> Total write size is 54784 bytes
[0055.800] I> Write successful.
[0055.806] I> Writing eks partition
[0055.809] I> Total write size is 1488 bytes
[0055.816] I> Write successful.
[0055.821] I> Writing bpmp-fw partition
[0055.825] I> Total write size is 524880 bytes
[0055.857] I> Write successful.
[0055.863] I> Writing bpmp-fw-dtb partition
[0055.867] I> Total write size is 327072 bytes
[0055.894] I> Write successful.
[0055.899] I> Writing sce-fw partition
[0055.903] I> Total write size is 65488 bytes
[0055.913] I> Write successful.
[0055.919] I> Writing sc7 partition
[0055.922] I> Total write size is 20848 bytes
[0055.930] I> Write successful.
[0055.935] I> Writing kernel partition
[0055.939] I> Total write size is 6735872 bytes
[0056.274] I> Write successful.
[0056.280] I> Writing kernel-dtb partition
[0056.283] I> Total write size is 248128 bytes
[0056.305] I> Write successful.
[0056.317] I> Writing BCT partition
[0056.320] I> Total write size is 3584 bytes
[0056.371] I> Write successful.
[0056.389] I> Writing MB1_BCT partition
[0056.393] I> Total write size is 49968 bytes
[0056.439] I> Write successful.
[0056.451] I> Rebooting : reset-coldboot


[0000.180] I> Welcome to MB2(TBoot-BPMP)(version: 01.00.160913-t186-M-00.00-mobile-f4c42291)
[0000.189] I> Default Heap @ [0xd486400 - 0xd488400]
[0000.193] I> DMA Heap @ [0x84900000 - 0x85300000]
[0000.198] I> bit @ 0xd480000
[0000.201] I> BR-BCT relocated to 0xf7f20000
[0000.205] I> Boot-device: eMMC
[0000.209] I> pmic: reset reason (nverc)	: 0x0
[0000.213] I> Reading GPT from 512 for device 00000003
[0000.219] I> Reading GPT from 8388096 for device 00000003
[0000.226] I> Found 6 partitions in 00000003 device
[0000.231] I> Reading GPT from 512 for device 00010003
[0000.237] I> Found 17 partitions in 00010003 device
[0000.243] W> No valid slot number is found in scratch register
[0000.248] W> Return default slot: _a
[0000.252] I> A/B: bin_type (16) slot 0
[0000.255] I> Select partition: bpmp-fw
[0000.259] I> Loading partition bpmp-fw at 0xf7600000
[0000.264] I> Reading two headers - addr:0xf7600000 blocks:1
[0000.269] I> Addr: 0xf7600000, start-block: 58739717, num_blocks: 1
[0000.284] I> Binary(16) of size 524480 is loaded @ 0xf7600000
[0000.290] W> No valid slot number is found in scratch register
[0000.295] W> Return default slot: _a
[0000.299] I> A/B: bin_type (17) slot 0
[0000.302] I> Select partition: bpmp-fw-dtb
[0000.306] I> Loading partition bpmp-fw-dtb at 0xf77f0000
[0000.312] I> Reading two headers - addr:0xf77f0000 blocks:1
[0000.317] I> Addr: 0xf77f0000, start-block: 58740925, num_blocks: 1
[0000.329] I> Binary(17) of size 326672 is loaded @ 0xf77b0200
[0000.456] I> BPMP-FW load address = 0xf7600000
[0000.460] I> BPMP-FW DTB load address = 0x501b0200
[0000.465] I> Loading SCE-FW ...
[0000.468] W> No valid slot number is found in scratch register
[0000.474] W> Return default slot: _a
[0000.477] I> A/B: bin_type (12) slot 0
[0000.481] I> Select partition: sce-fw
[0000.484] I> Loading partition sce-fw at 0xf7800000
[0000.489] I> Reading two headers - addr:0xf7800000 blocks:1
[0000.494] I> Addr: 0xf7800000, start-block: 58741925, num_blocks: 1
[0000.503] I> Binary(12) of size 65088 is loaded @ 0xf7800000
[0000.508] I> Init SCE
[0000.511] I> Copy BTCM section
[0000.514] W> No valid slot number is found in scratch register
[0000.519] W> Return default slot: _a
[0000.523] I> A/B: bin_type (13) slot 0
[0000.526] I> Select partition: cpu-bootloader
[0000.530] I> Loading partition cpu-bootloader at 0x96000000
[0000.536] I> Reading two headers - addr:0x96000000 blocks:1
[0000.541] I> Addr: 0x96000000, start-block: 58732545, num_blocks: 1
[0000.552] I> Binary(13) of size 195776 is loaded @ 0x96000000
[0000.557] W> No valid slot number is found in scratch register
[0000.563] W> Return default slot: _a
[0000.566] I> A/B: bin_type (20) slot 0
[0000.570] I> Select partition: bootloader-dtb
[0000.574] I> Loading partition bootloader-dtb at 0x85300000
[0000.580] I> Reading two headers - addr:0x85300000 blocks:1
[0000.585] I> Addr: 0x85300000, start-block: 58733057, num_blocks: 1
[0000.596] I> Binary(20) of size 248128 is loaded @ 0x85300000
[0000.602] I> MB2-params @ 0xf7f00000
[0000.605] I> CPUBL-params @ 0xf7f00000
[0000.609] I> CPU-BL loaded at : 0x96000000
[0000.613] I> Loading TOS ...
[0000.616] W> No valid slot number is found in scratch register
[0000.621] W> Return default slot: _a
[0000.625] I> A/B: bin_type (14) slot 0
[0000.628] I> Select partition: secure-os
[0000.632] I> Loading partition secure-os at 0x8490f400
[0000.637] I> Reading two headers - addr:0x8490f400 blocks:1
[0000.642] I> Addr: 0x8490f400, start-block: 58733569, num_blocks: 1
[0000.651] I> Binary(14) of size 54384 is loaded @ 0x8490f400
[0000.656] I> Copying Monitor (length: 0xd270) from 0x8490f600 to 0x40000000
[0000.664] I> Erasing Monitor @ 0x8490f600
[0000.668] I> Unhalting SCE
[0000.672] I> Waypoint2-ACK: 0x5200b8d0
[0000.675] I> MB2(TBoot-BPMP) done

NOTICE:  BL31: v1.2(release):ff7a644
NOTICE:  BL31: Built : 21:06:35, Mar  1 2017
NOTICE:  Trusty image missing.
ERROR:   Error initializing runtime service trusty_fast
[0001.038] I> Welcome to Cboot
[0001.041] I> Cboot Version: 00.00.2014.50-t186-fabbc56c
[0001.046] I> CPU-BL Params @ 0xf7f00000
[0001.049] I>  0) Base:0x00000000 Size:0x00000000
[0001.054] I>  1) Base:0xf7e00000 Size:0x00100000
[0001.058] I>  2) Base:0xf7d00000 Size:0x00100000
[0001.063] I>  3) Base:0xf7c00000 Size:0x00100000
[0001.067] I>  4) Base:0xf7b00000 Size:0x00100000
[0001.072] I>  5) Base:0xf7a00000 Size:0x00100000
[0001.076] I>  6) Base:0xf7600000 Size:0x00200000
[0001.080] I>  7) Base:0xf7000000 Size:0x00400000
[0001.085] I>  8) Base:0xf7900000 Size:0x00100000
[0001.089] I>  9) Base:0xf7800000 Size:0x00100000
[0001.094] I> 10) Base:0xf6800000 Size:0x00800000
[0001.098] I> 11) Base:0x30000000 Size:0x00040000
[0001.103] I> 12) Base:0xf7500000 Size:0x00100000
[0001.107] I> 13) Base:0x30040000 Size:0x00001000
[0001.111] I> 14) Base:0x30048000 Size:0x00001000
[0001.116] I> 15) Base:0x30049000 Size:0x00001000
[0001.120] I> 16) Base:0x3004a000 Size:0x00001000
[0001.125] I> 17) Base:0x3004b000 Size:0x00001000
[0001.129] I> 18) Base:0x3004c000 Size:0x00001000
[0001.134] I> 19) Base:0x3004d000 Size:0x00001000
[0001.138] I> 20) Base:0x3004e000 Size:0x00001000
[0001.142] I> 21) Base:0x3004f000 Size:0x00001000
[0001.147] I> 22) Base:0x00000000 Size:0x00000000
[0001.151] I> 23) Base:0xf7ff0000 Size:0x00010000
[0001.156] I> 24) Base:0x00000000 Size:0x00000000
[0001.160] I> 25) Base:0x00000000 Size:0x00000000
[0001.165] I> 26) Base:0x00000000 Size:0x00000000
[0001.169] I> 27) Base:0x00000000 Size:0x00000000
[0001.173] I> 28) Base:0x84400000 Size:0x00400000
[0001.178] I> 29) Base:0x30000000 Size:0x00010000
[0001.182] I> 30) Base:0xf8000000 Size:0x08000000
[0001.187] I> 31) Base:0x00000000 Size:0x00000000
[0001.191] I> 32) Base:0xf6000000 Size:0x00600000
[0001.196] I> 33) Base:0x80000000 Size:0x76000000
[0001.200] I> 34) Base:0x100000000 Size:0x180000000
[0001.205] I> 35) Base:0x00000000 Size:0x00000000
[0001.209] I> 36) Base:0x00000000 Size:0x00000000
[0001.214] I> 37) Base:0xf7fc0000 Size:0x00020000
[0001.218] I> 38) Base:0x84000000 Size:0x00400000
[0001.222] I> 39) Base:0x96000000 Size:0x02000000
[0001.227] I> 40) Base:0x84800000 Size:0x00b00000
[0001.231] I> 41) Base:0xf7f00000 Size:0x00080000
[0001.236] I> 42) Base:0x00000000 Size:0x00000000
[0001.240] I> 43) Base:0x00000000 Size:0x00000000
[0001.245] platform_init_interrupts-121, 1*
[0001.249] Interrupts Init done
[0001.252] calling constructors
[0001.255] initializing heap
[0001.258] initializing threads
[0001.261] initializing timers
[0001.264] creating bootstrap completion thread
[0001.269] top of bootstrap2()
[0001.272] CPU: ARM Cortex A57
[0001.275] CPU: MIDR: 0x411FD073, MPIDR: 0x80000100
[0001.280] initializing platform
[0001.283] I> Boot-device: eMMC
[0001.287] I> odm data is 1090000
[0001.290] I> Reading GPT from 512 for device 00000003
[0001.295] I> Reading GPT from 8388096 for device 00000003
[0001.302] I> Found 6 partitions in 00000003 device
[0001.307] I> Reading GPT from 512 for device 00010003
[0001.312] I> Found 17 partitions in 00010003 device
[0001.317] W> No valid slot number is found in scratch register
[0001.323] W> Return default slot: _a
[0001.326] I> A/B: bin_type (1) slot 0
[0001.330] I> Select partition: kernel-dtb
[0001.333] I> Loading partition kernel-dtb at 0x92000000
[0001.342] I> Kernel_dtb @0x92000000
[0001.346] I> Bl_dtb @0x85300000
[0001.348] I> gpio framework initialized
[0001.352] I> tegrabl_gpio_driver_register: register 'tegra_gpio_main_driver' driver
[0001.360] I> tegrabl_gpio_driver_register: register 'tegra_gpio_aon_driver' driver
[0001.367] I> tegrabl_tca9539_init: i2c bus: 0, slave addr: 0xee
[0001.376] I> tegrabl_gpio_driver_register: register 'tca9539_gpio_driver' driver
[0001.383] I> tegrabl_tca9539_init: i2c bus: 0, slave addr: 0xe8
[0001.391] I> tegrabl_gpio_driver_register: register 'tca9539_gpio_driver' driver
[0001.399] E> tegrabl_blob_init: BMP partition does not have valid Blob
[0001.405] E> tegrabl_load_bmp_blob: BMP blob initialization failed
[0001.411] W> Loading bmp blob to memory failed
[0001.419] I> Find /i2c@c250000's alias i2c7
[0001.423] I> Reading eeprom i2c=7 address=0x50
[0001.453] I> Device at /i2c@c250000:0x50
[0001.457] I> Reading eeprom i2c=7 address=0x57
[0001.486] I> Device at /i2c@c250000:0x57
[0001.490] I> Find /i2c@c240000's alias i2c1
[0001.494] I> Reading eeprom i2c=1 address=0x51
[0001.524] I> Device at /i2c@c240000:0x51
[0001.528] I> Find /i2c@3160000's alias i2c0
[0001.532] I> Reading eeprom i2c=0 address=0x50
[0001.561] I> Device at /i2c@3160000:0x50
[0001.566] I> Find /i2c@3180000's alias i2c2
[0001.570] I> Reading eeprom i2c=2 address=0x54
[0001.574] I> Enabling gpio chip_id = 2, gpio pin = 9
[0001.605] I> Disabling gpio chip_id = 2, gpio pin = 9
[0001.610] I> Device at /i2c@3180000:0x54
[0001.613] I> create_pm_ids: id: 3310-1000-B00-A, len: 15
[0001.619] I> config: mem-type:00,power-config:00,misc-config:00,modem-config:00,touch-config:00,display-config:00,, len: 93
[0001.630] I> create_pm_ids: id: 2597-0000-302-C, len: 15
[0001.635] I> config: mem-type:00,power-config:00,misc-config:00,modem-config:00,touch-config:00,display-config:00,, len: 93
[0001.646] I> create_pm_ids: id: 3320-1000-100-C, len: 15
[0001.651] I> config: mem-type:ff,power-config:ff,misc-config:ff,modem-config:ff,touch-config:ff,display-config:ff,, len: 93
[0001.662] I> create_pm_ids: id: 2614-0000-100-G, len: 15
[0001.667] I> config: mem-type:00,power-config:00,misc-config:00,modem-config:00,touch-config:00,display-config:00,, len: 93
[0001.678] I> create_pm_ids: id: 3326-1000-000-L, len: 15
[0001.683] I> config: mem-type:ff,power-config:ff,misc-config:ff,modem-config:ff,touch-config:ff,display-config:ff,, len: 93
[0001.694] initializing target
[0001.697] calling apps_init()
[0001.700] starting app android_boot_app
[0001.704] I> Gpio keyboard init success
[0001.708] I> Kernel type = Normal
[0001.711] I> Loading kernel/boot.img ...
[0001.714] W> No valid slot number is found in scratch register
[0001.720] W> Return default slot: _a
[0001.723] I> A/B: bin_type (0) slot 0
[0001.727] I> Select partition: kernel
[0001.730] I> Loading partition kernel at 0xa8000000
[0001.812] W> No valid slot number is found in scratch register
[0001.817] W> Return default slot: _a
[0001.821] I> A/B: bin_type (1) slot 0
[0001.824] I> Select partition: kernel-dtb
[0001.828] I> Loading partition kernel-dtb at 0x92000000
[0001.837] I> Kernel DTB @ 0x92000000
[0001.840] I> Verified boot state = Orange
[0001.844] E> tegrabl_display_clear: display is not initialized
[0001.850] I> Checking boot.img header magic ... [0001.854] I> [OK]
[0001.856] I> Valid boot.img @ 0xa8000000
[0001.859] I> decompressor handler not found
[0001.863] I> Copying kernel image (465664 bytes) from 0xa8000800 to 0x80080000 ... [0001.871] I> Done
[0001.873] I> Move ramdisk (len: 6265169) from 0xa8072800 to 0x98000000
[0001.882] I> Updated bpmp info to DTB
[0001.888] I> Ramdisk: Base: 0x98000000; Size: 0x5f9951
[0001.893] I> Updated initrd info to DTB
[0001.896] I> disabled_core_mask: 0xffffff0c
[0001.900] I> Kernel type = Normal
[0001.903] I> add_serialno: Serial Num = 0334916010149
[0001.908] W> No valid slot number is found in scratch register
[0001.914] W> Return default slot: _a
[0001.917] I> Linux Cmdline: root=/dev/nfs rw netdevwait ip=192.168.99.2:192.168.99.1:192.168.99.1:255.255.255.0::eth0:off nfsroot=192.168.99.1:/home/ausvrl2525/nfsroot fbcon=map:0 net.ifnames=0 console=tty0 OS=l4t console=ttyS0,115200n8 memtype=0 video=tegrafb no_console_suspend=1 earlycon=uart8250,mmio32,0x03100000 nvdumper_reserved=0xf7fc0000 gpt androidboot.secureos=none tegraid=18.1.2.0.0 tegra_keep_boot_clocks maxcpus=6 android.kerneltype=normal androidboot.serialno=0334916010149 androidboot.security=non-secure sdhci_tegra.en_boot_part_access=1 
[0001.966] I> Updated bootarg info to DTB
[0001.971] I> eeprom_get_mac_addr: MAC (type: 0): 00:04:4b:80:e5:8d
[0001.977] I> eeprom_get_mac_addr: MAC (type: 1): 00:04:4b:80:e5:8e
[0001.983] I> eeprom_get_mac_addr: MAC (type: 2): 00:04:4b:80:e5:8f
[0001.989] E> "ids" doesn't exist, creating 
[0001.993] E> "connection" doesn't exist, creating 
[0001.998] E> "configs" doesn't exist, creating 
[0002.002] I> create_pm_ids: id: 3310-1000-B00-A, len: 15
[0002.007] I> config: mem-type:00,power-config:00,misc-config:00,modem-config:00,touch-config:00,display-config:00,, len: 93
[0002.018] I> create_pm_ids: id: 2597-0000-302-C, len: 15
[0002.023] I> config: mem-type:00,power-config:00,misc-config:00,modem-config:00,touch-config:00,display-config:00,, len: 93
[0002.034] I> create_pm_ids: id: 3320-1000-100-C, len: 15
[0002.040] I> config: mem-type:ff,power-config:ff,misc-config:ff,modem-config:ff,touch-config:ff,display-config:ff,, len: 93
[0002.050] I> create_pm_ids: id: 2614-0000-100-G, len: 15
[0002.056] I> config: mem-type:00,power-config:00,misc-config:00,modem-config:00,touch-config:00,display-config:00,, len: 93
[0002.066] I> create_pm_ids: id: 3326-1000-000-L, len: 15
[0002.072] I> config: mem-type:ff,power-config:ff,misc-config:ff,modem-config:ff,touch-config:ff,display-config:ff,, len: 93
[0002.083] I> Adding plugin-manager/ids/3310-1000-B00=/i2c@c250000:module@0x50
[0002.090] E> "i2c@c250000" doesn't exist, creating 
[0002.094] E> "module@0x50" doesn't exist, creating 
[0002.099] I> Adding plugin-manager/ids/2597-0000-302=/i2c@c250000:module@0x57
[0002.106] E> "module@0x57" doesn't exist, creating 
[0002.111] I> Adding plugin-manager/ids/3320-1000-100=/i2c@c240000:module@0x51
[0002.118] E> "i2c@c240000" doesn't exist, creating 
[0002.123] E> "module@0x51" doesn't exist, creating 
[0002.128] I> Adding plugin-manager/ids/2614-0000-100=/i2c@3160000:module@0x50
[0002.135] E> "i2c@3160000" doesn't exist, creating 
[0002.139] E> "module@0x50" doesn't exist, creating 
[0002.144] I> Adding plugin-manager/ids/3326-1000-000=/i2c@3180000:module@0x54
[0002.151] E> "i2c@3180000" doesn't exist, creating 
[0002.156] E> "module@0x54" doesn't exist, creating 
[0002.163] I> Adding plugin-manager/ids/3310-1000-B00-A
[0002.170] I> Adding plugin-manager/configs/3310-mem-type 00
[0002.175] I> Adding plugin-manager/configs/3310-power-config 00
[0002.181] I> Adding plugin-manager/configs/3310-misc-config 00
[0002.187] I> Adding plugin-manager/configs/3310-modem-config 00
[0002.192] I> Adding plugin-manager/configs/3310-touch-config 00
[0002.198] I> Adding plugin-manager/configs/3310-display-config 00
[0002.204] E> "chip-id" doesn't exist, creating 
[0002.209] I> Adding plugin-manager/chip-id/A02P
[0002.215] I> Updated memory info to DTB
[0002.221] E> "reset" doesn't exist, creating 
[0002.225] E> "pmc-reset-reason" doesn't exist, creating 
[0002.230] E> "pmic-reset-reason" doesn't exist, creating 
[0002.236] I> disabled_core_mask: 0xffffff0c
[0002.246] I> tegrabl_load_kernel_and_dtb: Done


U-Boot 2017.03-g8537ddd769f4 (Oct 04 2017 - 08:46:37 -0700)

TEGRA186
Model: NVIDIA P2771-0000-500
DRAM:  7.8 GiB
MMC:   Tegra SD/MMC: 0, Tegra SD/MMC: 1
*** Warning - bad CRC, using default environment

In:    serial
Out:   serial
Err:   serial
Net:   eth0: ethernet@2490000
Hit any key to stop autoboot:  2 [0000.183] I> Welcome to MB2(TBoot-BPMP)(version: 01.00.160913-t186-M-00.00-mobile-f4c42291)
[0000.191] I> Default Heap @ [0xd486400 - 0xd488400]
[0000.196] I> DMA Heap @ [0x84900000 - 0x85300000]
[0000.200] I> bit @ 0xd480000
[0000.203] I> BR-BCT relocated to 0xf7f20000
[0000.207] I> Boot-device: eMMC
[0000.211] I> pmic: reset reason (nverc)	: 0x10
[0000.216] I> Reading GPT from 512 for device 00000003
[0000.222] I> Reading GPT from 8388096 for device 00000003
[0000.229] I> Found 6 partitions in 00000003 device
[0000.233] I> Reading GPT from 512 for device 00010003
[0000.240] I> Found 17 partitions in 00010003 device
[0000.245] W> No valid slot number is found in scratch register
[0000.251] W> Return default slot: _a
[0000.254] I> A/B: bin_type (16) slot 0
[0000.258] I> Select partition: bpmp-fw
[0000.261] I> Loading partition bpmp-fw at 0xf7600000
[0000.266] I> Reading two headers - addr:0xf7600000 blocks:1
[0000.272] I> Addr: 0xf7600000, start-block: 58739717, num_blocks: 1
[0000.287] I> Binary(16) of size 524480 is loaded @ 0xf7600000
[0000.292] W> No valid slot number is found in scratch register
[0000.298] W> Return default slot: _a
[0000.301] I> A/B: bin_type (17) slot 0
[0000.305] I> Select partition: bpmp-fw-dtb
[0000.309] I> Loading partition bpmp-fw-dtb at 0xf77f0000
[0000.314] I> Reading two headers - addr:0xf77f0000 blocks:1
[0000.320] I> Addr: 0xf77f0000, start-block: 58740925, num_blocks: 1
[0000.332] I> Binary(17) of size 326672 is loaded @ 0xf77b0200
[0000.459] I> BPMP-FW load address = 0xf7600000
[0000.463] I> BPMP-FW DTB load address = 0x501b0200
[0000.468] I> Loading SCE-FW ...
[0000.471] W> No valid slot number is found in scratch register
[0000.477] W> Return default slot: _a
[0000.480] I> A/B: bin_type (12) slot 0
[0000.484] I> Select partition: sce-fw
[0000.487] I> Loading partition sce-fw at 0xf7800000
[0000.492] I> Reading two headers - addr:0xf7800000 blocks:1
[0000.498] I> Addr: 0xf7800000, start-block: 58741925, num_blocks: 1
[0000.506] I> Binary(12) of size 65088 is loaded @ 0xf7800000
[0000.512] I> Init SCE
[0000.514] I> Copy BTCM section
[0000.517] W> No valid slot number is found in scratch register
[0000.523] W> Return default slot: _a
[0000.526] I> A/B: bin_type (13) slot 0
[0000.530] I> Select partition: cpu-bootloader
[0000.534] I> Loading partition cpu-bootloader at 0x96000000
[0000.539] I> Reading two headers - addr:0x96000000 blocks:1
[0000.545] I> Addr: 0x96000000, start-block: 58732545, num_blocks: 1
[0000.555] I> Binary(13) of size 195776 is loaded @ 0x96000000
[0000.561] W> No valid slot number is found in scratch register
[0000.566] W> Return default slot: _a
[0000.570] I> A/B: bin_type (20) slot 0
[0000.573] I> Select partition: bootloader-dtb
[0000.577] I> Loading partition bootloader-dtb at 0x85300000
[0000.583] I> Reading two headers - addr:0x85300000 blocks:1
[0000.588] I> Addr: 0x85300000, start-block: 58733057, num_blocks: 1
[0000.599] I> Binary(20) of size 248128 is loaded @ 0x85300000
[0000.605] I> MB2-params @ 0xf7f00000
[0000.608] I> CPUBL-params @ 0xf7f00000
[0000.612] I> CPU-BL loaded at : 0x96000000
[0000.616] I> Loading TOS ...
[0000.619] W> No valid slot number is found in scratch register
[0000.624] W> Return default slot: _a
[0000.628] I> A/B: bin_type (14) slot 0
[0000.631] I> Select partition: secure-os
[0000.635] I> Loading partition secure-os at 0x8490f400
[0000.640] I> Reading two headers - addr:0x8490f400 blocks:1
[0000.646] I> Addr: 0x8490f400, start-block: 58733569, num_blocks: 1
[0000.654] I> Binary(14) of size 54384 is loaded @ 0x8490f400
[0000.660] I> Copying Monitor (length: 0xd270) from 0x8490f600 to 0x40000000
[0000.667] I> Erasing Monitor @ 0x8490f600
[0000.671] I> Unhalting SCE
[0000.675] I> Waypoint2-ACK: 0x5200b8d0
[0000.679] I> MB2(TBoot-BPMP) done

NOTICE:  BL31: v1.2(release):ff7a644
NOTICE:  BL31: Built : 21:06:35, Mar  1 2017
NOTICE:  Trusty image missing.
ERROR:   Error initializing runtime service trusty_fast
[0001.042] I> Welcome to Cboot
[0001.044] I> Cboot Version: 00.00.2014.50-t186-fabbc56c
[0001.049] I> CPU-BL Params @ 0xf7f00000
[0001.053] I>  0) Base:0x00000000 Size:0x00000000
[0001.057] I>  1) Base:0xf7e00000 Size:0x00100000
[0001.062] I>  2) Base:0xf7d00000 Size:0x00100000
[0001.066] I>  3) Base:0xf7c00000 Size:0x00100000
[0001.071] I>  4) Base:0xf7b00000 Size:0x00100000
[0001.075] I>  5) Base:0xf7a00000 Size:0x00100000
[0001.080] I>  6) Base:0xf7600000 Size:0x00200000
[0001.084] I>  7) Base:0xf7000000 Size:0x00400000
[0001.088] I>  8) Base:0xf7900000 Size:0x00100000
[0001.093] I>  9) Base:0xf7800000 Size:0x00100000
[0001.097] I> 10) Base:0xf6800000 Size:0x00800000
[0001.102] I> 11) Base:0x30000000 Size:0x00040000
[0001.106] I> 12) Base:0xf7500000 Size:0x00100000
[0001.111] I> 13) Base:0x30040000 Size:0x00001000
[0001.115] I> 14) Base:0x30048000 Size:0x00001000
[0001.119] I> 15) Base:0x30049000 Size:0x00001000
[0001.124] I> 16) Base:0x3004a000 Size:0x00001000
[0001.128] I> 17) Base:0x3004b000 Size:0x00001000
[0001.133] I> 18) Base:0x3004c000 Size:0x00001000
[0001.137] I> 19) Base:0x3004d000 Size:0x00001000
[0001.142] I> 20) Base:0x3004e000 Size:0x00001000
[0001.146] I> 21) Base:0x3004f000 Size:0x00001000
[0001.150] I> 22) Base:0x00000000 Size:0x00000000
[0001.155] I> 23) Base:0xf7ff0000 Size:0x00010000
[0001.159] I> 24) Base:0x00000000 Size:0x00000000
[0001.164] I> 25) Base:0x00000000 Size:0x00000000
[0001.168] I> 26) Base:0x00000000 Size:0x00000000
[0001.173] I> 27) Base:0x00000000 Size:0x00000000
[0001.177] I> 28) Base:0x84400000 Size:0x00400000
[0001.181] I> 29) Base:0x30000000 Size:0x00010000
[0001.186] I> 30) Base:0xf8000000 Size:0x08000000
[0001.190] I> 31) Base:0x00000000 Size:0x00000000
[0001.195] I> 32) Base:0xf6000000 Size:0x00600000
[0001.199] I> 33) Base:0x80000000 Size:0x76000000
[0001.204] I> 34) Base:0x100000000 Size:0x180000000
[0001.208] I> 35) Base:0x00000000 Size:0x00000000
[0001.213] I> 36) Base:0x00000000 Size:0x00000000
[0001.217] I> 37) Base:0xf7fc0000 Size:0x00020000
[0001.221] I> 38) Base:0x84000000 Size:0x00400000
[0001.226] I> 39) Base:0x96000000 Size:0x02000000
[0001.230] I> 40) Base:0x84800000 Size:0x00b00000
[0001.235] I> 41) Base:0xf7f00000 Size:0x00080000
[0001.239] I> 42) Base:0x00000000 Size:0x00000000
[0001.244] I> 43) Base:0x00000000 Size:0x00000000
[0001.248] platform_init_interrupts-121, 1*
[0001.252] Interrupts Init done
[0001.255] calling constructors
[0001.259] initializing heap
[0001.261] initializing threads
[0001.264] initializing timers
[0001.267] creating bootstrap completion thread
[0001.272] top of bootstrap2()
[0001.275] CPU: ARM Cortex A57
[0001.278] CPU: MIDR: 0x411FD073, MPIDR: 0x80000100
[0001.283] initializing platform
[0001.287] I> Boot-device: eMMC
[0001.290] I> odm data is 1090000
[0001.293] I> Reading GPT from 512 for device 00000003
[0001.299] I> Reading GPT from 8388096 for device 00000003
[0001.305] I> Found 6 partitions in 00000003 device
[0001.310] I> Reading GPT from 512 for device 00010003
[0001.316] I> Found 17 partitions in 00010003 device
[0001.321] W> No valid slot number is found in scratch register
[0001.326] W> Return default slot: _a
[0001.330] I> A/B: bin_type (1) slot 0
[0001.333] I> Select partition: kernel-dtb
[0001.337] I> Loading partition kernel-dtb at 0x92000000
[0001.346] I> Kernel_dtb @0x92000000
[0001.349] I> Bl_dtb @0x85300000
[0001.352] I> gpio framework initialized
[0001.356] I> tegrabl_gpio_driver_register: register 'tegra_gpio_main_driver' driver
[0001.363] I> tegrabl_gpio_driver_register: register 'tegra_gpio_aon_driver' driver
[0001.370] I> tegrabl_tca9539_init: i2c bus: 0, slave addr: 0xee
[0001.379] I> tegrabl_gpio_driver_register: register 'tca9539_gpio_driver' driver
[0001.386] I> tegrabl_tca9539_init: i2c bus: 0, slave addr: 0xe8
[0001.394] I> tegrabl_gpio_driver_register: register 'tca9539_gpio_driver' driver
[0001.402] E> tegrabl_blob_init: BMP partition does not have valid Blob
[0001.409] E> tegrabl_load_bmp_blob: BMP blob initialization failed
[0001.415] W> Loading bmp blob to memory failed
[0001.423] I> Find /i2c@c250000's alias i2c7
[0001.427] I> Reading eeprom i2c=7 address=0x50
[0001.456] I> Device at /i2c@c250000:0x50
[0001.460] I> Reading eeprom i2c=7 address=0x57
[0001.489] I> Device at /i2c@c250000:0x57
[0001.494] I> Find /i2c@c240000's alias i2c1
[0001.498] I> Reading eeprom i2c=1 address=0x51
[0001.527] I> Device at /i2c@c240000:0x51
[0001.531] I> Find /i2c@3160000's alias i2c0
[0001.535] I> Reading eeprom i2c=0 address=0x50
[0001.564] I> Device at /i2c@3160000:0x50
[0001.569] I> Find /i2c@3180000's alias i2c2
[0001.573] I> Reading eeprom i2c=2 address=0x54
[0001.577] I> Enabling gpio chip_id = 2, gpio pin = 9
[0001.608] I> Disabling gpio chip_id = 2, gpio pin = 9
[0001.613] I> Device at /i2c@3180000:0x54
[0001.617] I> create_pm_ids: id: 3310-1000-B00-A, len: 15
[0001.622] I> config: mem-type:00,power-config:00,misc-config:00,modem-config:00,touch-config:00,display-config:00,, len: 93
[0001.633] I> create_pm_ids: id: 2597-0000-302-C, len: 15
[0001.638] I> config: mem-type:00,power-config:00,misc-config:00,modem-config:00,touch-config:00,display-config:00,, len: 93
[0001.649] I> create_pm_ids: id: 3320-1000-100-C, len: 15
[0001.654] I> config: mem-type:ff,power-config:ff,misc-config:ff,modem-config:ff,touch-config:ff,display-config:ff,, len: 93
[0001.665] I> create_pm_ids: id: 2614-0000-100-G, len: 15
[0001.670] I> config: mem-type:00,power-config:00,misc-config:00,modem-config:00,touch-config:00,display-config:00,, len: 93
[0001.681] I> create_pm_ids: id: 3326-1000-000-L, len: 15
[0001.686] I> config: mem-type:ff,power-config:ff,misc-config:ff,modem-config:ff,touch-config:ff,display-config:ff,, len: 93
[0001.697] initializing target
[0001.700] calling apps_init()
[0001.703] starting app android_boot_app
[0001.707] I> Gpio keyboard init success
[0001.711] I> Kernel type = Normal
[0001.714] I> Loading kernel/boot.img ...
[0001.718] W> No valid slot number is found in scratch register
[0001.723] W> Return default slot: _a
[0001.727] I> A/B: bin_type (0) slot 0
[0001.730] I> Select partition: kernel
[0001.734] I> Loading partition kernel at 0xa8000000
[0001.815] W> No valid slot number is found in scratch register
[0001.821] W> Return default slot: _a
[0001.824] I> A/B: bin_type (1) slot 0
[0001.828] I> Select partition: kernel-dtb
[0001.831] I> Loading partition kernel-dtb at 0x92000000
[0001.840] I> Kernel DTB @ 0x92000000
[0001.844] I> Verified boot state = Orange
[0001.848] E> tegrabl_display_clear: display is not initialized
[0001.853] I> Checking boot.img header magic ... [0001.857] I> [OK]
[0001.859] I> Valid boot.img @ 0xa8000000
[0001.863] I> decompressor handler not found
[0001.867] I> Copying kernel image (465664 bytes) from 0xa8000800 to 0x80080000 ... [0001.874] I> Done
[0001.876] I> Move ramdisk (len: 6265169) from 0xa8072800 to 0x98000000
[0001.886] I> Updated bpmp info to DTB
[0001.891] I> Ramdisk: Base: 0x98000000; Size: 0x5f9951
[0001.896] I> Updated initrd info to DTB
[0001.900] I> disabled_core_mask: 0xffffff0c
[0001.904] I> Kernel type = Normal
[0001.907] I> add_serialno: Serial Num = 0334916010149
[0001.912] W> No valid slot number is found in scratch register
[0001.917] W> Return default slot: _a
[0001.921] I> Linux Cmdline: root=/dev/nfs rw netdevwait ip=192.168.99.2:192.168.99.1:192.168.99.1:255.255.255.0::eth0:off nfsroot=192.168.99.1:/home/ausvrl2525/nfsroot fbcon=map:0 net.ifnames=0 console=tty0 OS=l4t console=ttyS0,115200n8 memtype=0 video=tegrafb no_console_suspend=1 earlycon=uart8250,mmio32,0x03100000 nvdumper_reserved=0xf7fc0000 gpt androidboot.secureos=none tegraid=18.1.2.0.0 tegra_keep_boot_clocks maxcpus=6 android.kerneltype=normal androidboot.serialno=0334916010149 androidboot.security=non-secure sdhci_tegra.en_boot_part_access=1 
[0001.969] I> Updated bootarg info to DTB
[0001.974] I> eeprom_get_mac_addr: MAC (type: 0): 00:04:4b:80:e5:8d
[0001.981] I> eeprom_get_mac_addr: MAC (type: 1): 00:04:4b:80:e5:8e
[0001.987] I> eeprom_get_mac_addr: MAC (type: 2): 00:04:4b:80:e5:8f
[0001.993] E> "ids" doesn't exist, creating 
[0001.997] E> "connection" doesn't exist, creating 
[0002.001] E> "configs" doesn't exist, creating 
[0002.006] I> create_pm_ids: id: 3310-1000-B00-A, len: 15
[0002.011] I> config: mem-type:00,power-config:00,misc-config:00,modem-config:00,touch-config:00,display-config:00,, len: 93
[0002.022] I> create_pm_ids: id: 2597-0000-302-C, len: 15
[0002.027] I> config: mem-type:00,power-config:00,misc-config:00,modem-config:00,touch-config:00,display-config:00,, len: 93
[0002.038] I> create_pm_ids: id: 3320-1000-100-C, len: 15
[0002.043] I> config: mem-type:ff,power-config:ff,misc-config:ff,modem-config:ff,touch-config:ff,display-config:ff,, len: 93
[0002.054] I> create_pm_ids: id: 2614-0000-100-G, len: 15
[0002.059] I> config: mem-type:00,power-config:00,misc-config:00,modem-config:00,touch-config:00,display-config:00,, len: 93
[0002.070] I> create_pm_ids: id: 3326-1000-000-L, len: 15
[0002.075] I> config: mem-type:ff,power-config:ff,misc-config:ff,modem-config:ff,touch-config:ff,display-config:ff,, len: 93
[0002.086] I> Adding plugin-manager/ids/3310-1000-B00=/i2c@c250000:module@0x50
[0002.093] E> "i2c@c250000" doesn't exist, creating 
[0002.098] E> "module@0x50" doesn't exist, creating 
[0002.103] I> Adding plugin-manager/ids/2597-0000-302=/i2c@c250000:module@0x57
[0002.110] E> "module@0x57" doesn't exist, creating 
[0002.114] I> Adding plugin-manager/ids/3320-1000-100=/i2c@c240000:module@0x51
[0002.122] E> "i2c@c240000" doesn't exist, creating 
[0002.126] E> "module@0x51" doesn't exist, creating 
[0002.131] I> Adding plugin-manager/ids/2614-0000-100=/i2c@3160000:module@0x50
[0002.138] E> "i2c@3160000" doesn't exist, creating 
[0002.143] E> "module@0x50" doesn't exist, creating 
[0002.148] I> Adding plugin-manager/ids/3326-1000-000=/i2c@3180000:module@0x54
[0002.155] E> "i2c@3180000" doesn't exist, creating 
[0002.159] E> "module@0x54" doesn't exist, creating 
[0002.166] I> Adding plugin-manager/ids/3310-1000-B00-A
[0002.173] I> Adding plugin-manager/configs/3310-mem-type 00
[0002.179] I> Adding plugin-manager/configs/3310-power-config 00
[0002.184] I> Adding plugin-manager/configs/3310-misc-config 00
[0002.190] I> Adding plugin-manager/configs/3310-modem-config 00
[0002.196] I> Adding plugin-manager/configs/3310-touch-config 00
[0002.202] I> Adding plugin-manager/configs/3310-display-config 00
[0002.208] E> "chip-id" doesn't exist, creating 
[0002.212] I> Adding plugin-manager/chip-id/A02P
[0002.218] I> Updated memory info to DTB
[0002.224] E> "reset" doesn't exist, creating 
[0002.228] E> "pmc-reset-reason" doesn't exist, creating 
[0002.234] E> "pmic-reset-reason" doesn't exist, creating 
[0002.239] I> disabled_core_mask: 0xffffff0c
[0002.249] I> tegrabl_load_kernel_and_dtb: Done


U-Boot 2017.03-g8537ddd769f4 (Oct 04 2017 - 08:46:37 -0700)

TEGRA186
Model: NVIDIA P2771-0000-500
DRAM:  7.8 GiB
MMC:   Tegra SD/MMC: 0, Tegra SD/MMC: 1
*** Warning - bad CRC, using default environment

In:    serial
Out:   serial
Err:   serial
Net:   eth0: ethernet@2490000
Hit any key to stop autoboot:  2  1  0 
MMC: no card present
mmc_init: -123, time 0
switch to partitions #0, OK
mmc0(part 0) is current device
Scanning mmc 0:1...
Found /boot/extlinux/extlinux.conf
Retrieving file: /boot/extlinux/extlinux.conf
431 bytes read in 70 ms (5.9 KiB/s)
p2771-0000 NFS boot options
1:	primary kernel
Enter choice: 1:	primary kernel
Retrieving file: /boot/initrd
6265169 bytes read in 201 ms (29.7 MiB/s)
Retrieving file: /boot/Image
16646656 bytes read in 441 ms (36 MiB/s)
append: console=ttyS0,115200n8 earlycon ignore_loglevel root=/dev/nfs rw netdevwait ip=192.168.99.2:192.168.99.1:192.168.99.1:255.255.255.0::eth0:off nfsroot=192.168.99.1:/home/ausvrl2525/nfsroot,nolock,nfsvers=2 rootwait
Retrieving file: /boot/tegra186-p2771-0000.dtb
17547 bytes read in 60 ms (285.2 KiB/s)
## Flattened Device Tree blob at 82000000
   Booting using the fdt blob at 0x82000000
   Using Device Tree in place at 0000000082000000, end 000000008200748a

Starting kernel ...

[    1.530900] console [ttyS0] enabled
[    1.530900] console [ttyS0] enabled
[    1.538466] bootconsole [uart0] disabled
[    1.538466] bootconsole [uart0] disabled
[    1.546870] SuperH (H)SCI(F) driver initialized
[    1.551577] msm_serial: driver initialized
[    1.556016] cacheinfo: Unable to detect cache hierarchy for CPU 0
[    1.565441] loop: module loaded
[    1.570408] libphy: Fixed MDIO Bus: probed
[    1.574891] tun: Universal TUN/TAP device driver, 1.6
[    1.580286] thunder-xcv, ver 1.0
[    1.583556] thunder-BGX, ver 1.0
[    1.586805] thunder-nic, ver 1.0
[    1.590172] e1000e: Intel(R) PRO/1000 Network Driver - 3.2.6-k
[    1.596000] e1000e: Copyright(c) 1999 - 2015 Intel Corporation.
[    1.601938] igb: Intel(R) Gigabit Ethernet Network Driver - version 5.4.0-k
[    1.608892] igb: Copyright (c) 2007-2014 Intel Corporation.
[    1.614478] igbvf: Intel(R) Gigabit Virtual Function Network Driver - version 2.4.0-k
[    1.622297] igbvf: Copyright (c) 2009 - 2012 Intel Corporation.
[    1.628366] sky2: driver version 1.30
[    1.632541] dwc-eth-dwmac 2490000.ethernet: Cannot get CSR clock
[    1.638571] dwc-eth-dwmac 2490000.ethernet: no reset control found
[    1.657896] stmmac - user ID: 0x10, Synopsys ID: 0x41
[    1.662949] dwc-eth-dwmac 2490000.ethernet: DMA HW capability register supported
[    1.670338] dwc-eth-dwmac 2490000.ethernet: RX Checksum Offload Engine supported
[    1.677724] dwc-eth-dwmac 2490000.ethernet: TX Checksum insertion supported
[    1.684678] dwc-eth-dwmac 2490000.ethernet: Wake-Up On Lan supported
[    1.691039] dwc-eth-dwmac 2490000.ethernet: TSO supported
[    1.696435] dwc-eth-dwmac 2490000.ethernet: TSO feature enabled
[    1.702348] dwc-eth-dwmac 2490000.ethernet: Enable RX Mitigation via HW Watchdog Timer
[    1.710297] libphy: stmmac: probed
[    1.714574] VFIO - User Level meta-driver version: 0.3
[    1.720260] ehci_hcd: USB 2.0 'Enhanced' Host Controller (EHCI) Driver
[    1.726783] ehci-pci: EHCI PCI platform driver
[    1.731246] ehci-platform: EHCI generic platform driver
[    1.736519] ehci-orion: EHCI orion driver
[    1.740570] ehci-exynos: EHCI EXYNOS driver
[    1.744791] ohci_hcd: USB 1.1 'Open' Host Controller (OHCI) Driver
[    1.750969] ohci-pci: OHCI PCI platform driver
[    1.755428] ohci-platform: OHCI generic platform driver
[    1.760697] ohci-exynos: OHCI EXYNOS driver
[    1.765084] usbcore: registered new interface driver usb-storage
[    1.772219] i2c /dev entries driver
[    1.777574] max77620 0-003c: PMIC Version OTP:0x45 and ES:0x8
[    1.788105] max77620-sd0: supplied by regulator-dummy
[    1.793307] VDD_DDR_1V1_PMIC: Bringing 1125000uV into 1100000-1100000uV
[    1.801841] max77620-sd1: supplied by regulator-dummy
[    1.808257] max77620-sd2: supplied by regulator-dummy
[    1.814696] max77620-sd3: supplied by regulator-dummy
[    1.821278] max77620-ldo0: supplied by regulator-dummy
[    1.827261] max77620-ldo1: supplied by regulator-dummy
[    1.833154] max77620-ldo2: supplied by regulator-dummy
[    1.839423] max77620-ldo3: supplied by regulator-dummy
[    1.845204] max77620-ldo4: supplied by regulator-dummy
[    1.850355] VDD_RTC: Bringing 800000uV into 1000000-1000000uV
[    1.856848] max77620-ldo5: supplied by regulator-dummy
[    1.861998] VDDIO_SDMMC3_AP: Bringing 1800000uV into 2800000-2800000uV
[    1.869079] max77620-ldo6: supplied by regulator-dummy
[    1.874841] max77620-ldo7: supplied by regulator-dummy
[    1.879990] VDD_HDMI_1V05: Bringing 1000000uV into 1050000-1050000uV
[    1.887569] max77620-ldo8: supplied by regulator-dummy
[    1.892716] VDD_PEX_1V05: Bringing 1000000uV into 1050000-1050000uV
[    3.073889] max77686-rtc max77620-rtc: rtc core: registered max77620-rtc as rtc0
[    3.083203] sdhci: Secure Digital Host Controller Interface driver
[    3.089377] sdhci: Copyright(c) Pierre Ossman
[    3.093831] Synopsys Designware Multimedia Card Interface Driver
[    3.100195] sdhci-pltfm: SDHCI platform and OF driver helper
[    3.105992] sdhci-tegra 3400000.sdhci: Got CD GPIO
[    3.110791] sdhci-tegra 3400000.sdhci: Got WP GPIO
[    3.130639] mmc0: Unknown controller version (4). You may experience problems.
[    3.182738] mmc0: SDHCI controller on 3440000.sdhci [3440000.sdhci] using ADMA
[    3.200251] ledtrig-cpu: registered to indicate activity on CPUs
[    3.208533] usbcore: registered new interface driver usbhid
[    3.214121] usbhid: USB HID core driver
[    3.218941] NET: Registered protocol family 17
[    3.223424] 9pnet: Installing 9P2000 support
[    3.227721] Key type dns_resolver registered
[    3.232716] registered taskstats version 1
[    3.236811] Loading compiled-in X.509 certificates
[    3.247574] VDD_1V8_AP: supplied by VDD_1V8
[    3.252246] SD_CARD_SW_PWR: supplied by VDD_3V3_SYS
[    3.257698] pca953x 1-0074: 1-0074 supply vcc not found, using dummy regulator
[    3.283711] pca953x 1-0077: 1-0077 supply vcc not found, using dummy regulator
[    3.301039] tegra-pcie 10003000.pcie: 4x1, 1x1 configuration
[    3.307513] tegra-pcie 10003000.pcie: probing port 0, using 4 lanes
[    3.315804] tegra-pcie 10003000.pcie: Slot present pin change, signature: 00000018
[    3.732387] tegra-pcie 10003000.pcie: link 0 down, retrying
[    4.141080] tegra-pcie 10003000.pcie: link 0 down, retrying
[    4.549763] tegra-pcie 10003000.pcie: link 0 down, retrying
[    4.557338] tegra-pcie 10003000.pcie: link 0 down, ignoring
[    4.562974] tegra-pcie 10003000.pcie: PCI host bridge to bus 0000:00
[    4.569327] pci_bus 0000:00: root bus resource [io  0x0000-0xffff]
[    4.575502] pci_bus 0000:00: root bus resource [mem 0x50100000-0x57ffffff]
[    4.582370] pci_bus 0000:00: root bus resource [mem 0x58000000-0x7fffffff pref]
[    4.589671] pci_bus 0000:00: root bus resource [bus 00-ff]
[    4.595648] sdhci-tegra 3400000.sdhci: Got CD GPIO
[    4.600454] sdhci-tegra 3400000.sdhci: Got WP GPIO
[    4.613536] mmc1: Unknown controller version (4). You may experience problems.
[    4.666723] mmc1: SDHCI controller on 3400000.sdhci [3400000.sdhci] using ADMA
[    4.684132] mmc2: Unknown controller version (4). You may experience problems.
[    4.691877] mmc2: Switching to 3.3V signalling voltage failed
[    4.734624] mmc2: SDHCI controller on 3460000.sdhci [3460000.sdhci] using ADMA
[    4.742555] input: gpio-keys as /devices/platform/gpio-keys/input/input0
[    4.774836] max77686-rtc max77620-rtc: setting system clock to 2017-01-22 07:23:16 UTC (1485069796)
[    4.784056] dwc-eth-dwmac 2490000.ethernet eth0: device MAC address 42:1d:73:4f:01:53
[    4.792421] Generic PHY stmmac-0:00: attached PHY driver [Generic PHY] (mii_bus:phy_addr=stmmac-0:00, irq=POLL)
[    4.803253] dwmac4: Master AXI performs any burst length
[    4.808721] dwc-eth-dwmac 2490000.ethernet eth0: IEEE 1588-2008 Advanced Timestamp supported
[    4.817246] dwc-eth-dwmac 2490000.ethernet eth0: registered PTP clock
[    4.827357] mmc2: new high speed MMC card at address 0001
[    4.832922] mmcblk2: mmc2:0001 032G34 29.1 GiB 
[    4.837549] mmcblk2boot0: mmc2:0001 032G34 partition 1 4.00 MiB
[    4.843547] mmcblk2boot1: mmc2:0001 032G34 partition 2 4.00 MiB
[    4.849524] mmcblk2rpmb: mmc2:0001 032G34 partition 3 4.00 MiB, chardev (240:0)
[    4.858633]  mmcblk2: p1 p2 p3 p4 p5 p6 p7 p8 p9 p10 p11 p12 p13 p14 p15 p16 p17
[    7.903440] dwc-eth-dwmac 2490000.ethernet eth0: Link is Up - 1Gbps/Full - flow control rx/tx
[    7.930621] IP-Config: Complete:
[    7.933843]      device=eth0, hwaddr=42:1d:73:4f:01:53, ipaddr=192.168.99.2, mask=255.255.255.0, gw=192.168.99.1
[    7.944003]      host=192.168.99.2, domain=, nis-domain=(none)
[    7.949828]      bootserver=192.168.99.1, rootserver=192.168.99.1, rootpath=
[    7.974660] VDD_RTC: disabling
[    7.977710] VDDIO_SDMMC3_AP: disabling
[    7.981597] SD_CARD_SW_PWR: disabling
[    7.985260] ALSA device list:
[    7.988227]   No soundcards found.
[    7.992101] Freeing unused kernel memory: 1088K
/init: line 58: chmod: command not found
[ 07:23:19 ] L4T-INITRD Build DATE: Sun Jan 22 07:23:19 UTC 2017
[ 07:23:19 ] Root device found: nfs
[ 07:23:19 ] Ethernet interfaces: eth0
[ 07:23:19 ] IP Address: 192.168.99.2
[ 07:23:19 ] Rootfs mounted over nfs
[ 07:23:19 ] Switching from initrd to actual rootfs
[    8.710071] systemd[1]: systemd 229 running in system mode. (+PAM +AUDIT +SELINUX +IMA +APPARMOR +SMACK +SYSVINIT +UTMP +LIBCRYPTSETUP +GCRYPT +GNUTLS +ACL +XZ -LZ4 +SECCOMP +BLKID +ELFUTILS +KMOD -IDN)
[    8.728832] systemd[1]: Detected architecture arm64.

Welcome to [1mUbuntu 16.04 LTS[0m!

[    8.761206] systemd[1]: Set hostname to <tegra-ubuntu>.
[    9.484190] systemd[1]: Listening on udev Control Socket.
[[0;32m  OK  [0m] Listening on udev Control Socket.
[    9.502745] systemd[1]: Listening on Syslog Socket.
[[0;32m  OK  [0m] Listening on Syslog Socket.
[    9.518768] systemd[1]: Started Dispatch Password Requests to Console Directory Watch.
[[0;32m  OK  [0m] Started Dispatch Password Requests to Console Directory Watch.
[    9.542723] systemd[1]: Listening on Journal Socket.
[[0;32m  OK  [0m] Listening on Journal Socket.
[    9.558668] systemd[1]: Reached target Swap.
[[0;32m  OK  [0m] Reached target Swap.
[    9.574659] systemd[1]: Reached target Encrypted Volumes.
[[0;32m  OK  [0m] Reached target Encrypted Volumes.
[    9.590860] systemd[1]: Created slice User and Session Slice.
[[0;32m  OK  [0m] Created slice User and Session Slice.
[[0;32m  OK  [0m] Started Forward Password Requests to Wall Directory Watch.
[[0;32m  OK  [0m] Reached target Paths.
[[0;32m  OK  [0m] Listening on Journal Socket (/dev/log).
[[0;32m  OK  [0m] Listening on Journal Audit Socket.
[[0;32m  OK  [0m] Listening on /dev/initctl Compatibility Named Pipe.
[[0;32m  OK  [0m] Listening on udev Kernel Socket.
[[0;32m  OK  [0m] Created slice System Slice.
         Mounting RPC Pipe File System...
         Mounting Debug File System...
         Starting Create Static Device Nodes in /dev...
         Starting Remount Root and Kernel File Systems...
         Starting Load Kernel Modules...
[[0;32m  OK  [0m] Reached target Slices.
         Starting Journal Service...
[[0;32m  OK  [0m] Created slice system-getty.slice.
         Mounting POSIX Message Queue File System...
[[0;32m  OK  [0m] Created slice system-serial\x2dgetty.slice.
         Mounting Huge Pages File System...
[[0;32m  OK  [0m] Mounted Debug File System.
[[0;32m  OK  [0m] Mounted POSIX Message Queue File System.
[[0;32m  OK  [0m] Mounted RPC Pipe File System.
[[0;32m  OK  [0m] Started Remount Root and Kernel File Systems.
[[0;32m  OK  [0m] Started Load Kernel Modules.
[[0;32m  OK  [0m] Mounted Huge Pages File System.
         Starting Apply Kernel Variables...
         Mounting Configuration File System...
         Starting udev Coldplug all Devices...
         Starting Load/Save Random Seed...
[[0;32m  OK  [0m] Mounted Configuration File System.
[[0;32m  OK  [0m] Started Journal Service.
[[0;32m  OK  [0m] Started Apply Kernel Variables.
[[0;32m  OK  [0m] Started Load/Save Random Seed.
         Starting Flush Journal to Persistent Storage...
[[0;32m  OK  [0m] Started Create Static Device Nodes in /dev.
         Starting udev Kernel Device Manager...
[[0;32m  OK  [0m] Reached target Local File Systems (Pre).
[[0;32m  OK  [0m] Reached target Local File Systems.
         Starting Raise network interfaces...
         Starting Preprocess NFS configuration...
         Starting Set console keymap...
[[0;32m  OK  [0m] Started udev Coldplug all Devices.
[[0;1;31mFAILED[0m] Failed to start Set console keymap.
See 'systemctl status console-setup.service' for details.
[   10.295623] systemd-journald[1489]: Received request to flush runtime journal from PID 1
[[0;32m  OK  [0m] Started Preprocess NFS configuration.
[[0;32m  OK  [0m] Started Flush Journal to Persistent Storage.
         Starting Create Volatile Files and Directories...
[[0;32m  OK  [0m] Reached target NFS client services.
[[0;32m  OK  [0m] Reached target Remote File Systems (Pre).
[[0;32m  OK  [0m] Reached target Remote File Systems.
[[0;32m  OK  [0m] Started udev Kernel Device Manager.
[[0;32m  OK  [0m] Started Create Volatile Files and Directories.
[[0;32m  OK  [0m] Found device /dev/ttyS0.
[[0;32m  OK  [0m] Started Raise network interfaces.
[[0;32m  OK  [0m] Reached target Network.
[[0;32m  OK  [0m] Reached target Network is Online.
[[0;32m  OK  [0m] Reached target System Time Synchronized.
         Starting Update UTMP about System Boot/Shutdown...
[[0;32m  OK  [0m] Started Update UTMP about System Boot/Shutdown.
[[0;32m  OK  [0m] Reached target System Initialization.
[[0;32m  OK  [0m] Started Daily apt activities.
[[0;32m  OK  [0m] Listening on D-Bus System Message Bus Socket.
[[0;32m  OK  [0m] Started Daily Cleanup of Temporary Directories.
[[0;32m  OK  [0m] Reached target Timers.
[[0;32m  OK  [0m] Listening on RPCbind Server Activation Socket.
[[0;32m  OK  [0m] Reached target Sockets.
[[0;32m  OK  [0m] Reached target Basic System.
[[0;32m  OK  [0m] Started Regular background program processing daemon.
         Starting Login Service...
         Starting System Logging Service...
         Starting OpenBSD Secure Shell server...
         Starting LSB: Start NTP daemon...
         Starting LSB: Set the CPU Frequency Scaling governor to "ondemand"...
         Starting Permit User Sessions...
[[0;32m  OK  [0m] Started D-Bus System Message Bus.
         Starting /etc/rc.local Compatibility...
[[0;32m  OK  [0m] Started System Logging Service.
[[0;32m  OK  [0m] Started Permit User Sessions.
[[0;32m  OK  [0m] Started /etc/rc.local Compatibility.
[[0;32m  OK  [0m] Started Getty on tty1.
[[0;32m  OK  [0m] Started Serial Getty on ttyS0.
[[0;32m  OK  [0m] Reached target Login Prompts.
[[0;32m  OK  [0m] Started LSB: Set the CPU Frequency Scaling governor to "ondemand".
[[0;32m  OK  [0m] Started Login Service.
[[0;32m  OK  [0m] Started OpenBSD Secure Shell server.
[[0;32m  OK  [0m] Started LSB: Start NTP daemon.
[[0;32m  OK  [0m] Reached target Multi-User System.
[[0;32m  OK  [0m] Reached target Graphical Interface.
         Starting Update UTMP about System Runlevel Changes...
[[0;32m  OK  [0m] Started Update UTMP about System Runlevel Changes.

Ubuntu 16.04 LTS tegra-ubuntu ttyS0

tegra-ubuntu login: [0000.183] I> Welcome to MB2(TBoot-BPMP)(version: 01.00.160913-t186-M-00.00-mobile-f4c42291)
[0000.191] I> Default Heap @ [0xd486400 - 0xd488400]
[0000.196] I> DMA Heap @ [0x84900000 - 0x85300000]
[0000.200] I> bit @ 0xd480000
[0000.203] I> BR-BCT relocated to 0xf7f20000
[0000.207] I> Boot-device: eMMC
[0000.211] I> pmic: reset reason (nverc)	: 0x10
[0000.216] I> Reading GPT from 512 for device 00000003
[0000.222] I> Reading GPT from 8388096 for device 00000003
[0000.229] I> Found 6 partitions in 00000003 device
[0000.233] I> Reading GPT from 512 for device 00010003
[0000.240] I> Found 17 partitions in 00010003 device
[0000.245] W> No valid slot number is found in scratch register
[0000.251] W> Return default slot: _a
[0000.254] I> A/B: bin_type (16) slot 0
[0000.258] I> Select partition: bpmp-fw
[0000.261] I> Loading partition bpmp-fw at 0xf7600000
[0000.266] I> Reading two headers - addr:0xf7600000 blocks:1
[0000.272] I> Addr: 0xf7600000, start-block: 58739717, num_blocks: 1
[0000.287] I> Binary(16) of size 524480 is loaded @ 0xf7600000
[0000.292] W> No valid slot number is found in scratch register
[0000.298] W> Return default slot: _a
[0000.301] I> A/B: bin_type (17) slot 0
[0000.305] I> Select partition: bpmp-fw-dtb
[0000.309] I> Loading partition bpmp-fw-dtb at 0xf77f0000
[0000.314] I> Reading two headers - addr:0xf77f0000 blocks:1
[0000.320] I> Addr: 0xf77f0000, start-block: 58740925, num_blocks: 1
[0000.332] I> Binary(17) of size 326672 is loaded @ 0xf77b0200
[0000.459] I> BPMP-FW load address = 0xf7600000
[0000.463] I> BPMP-FW DTB load address = 0x501b0200
[0000.468] I> Loading SCE-FW ...
[0000.471] W> No valid slot number is found in scratch register
[0000.477] W> Return default slot: _a
[0000.480] I> A/B: bin_type (12) slot 0
[0000.484] I> Select partition: sce-fw
[0000.487] I> Loading partition sce-fw at 0xf7800000
[0000.492] I> Reading two headers - addr:0xf7800000 blocks:1
[0000.498] I> Addr: 0xf7800000, start-block: 58741925, num_blocks: 1
[0000.506] I> Binary(12) of size 65088 is loaded @ 0xf7800000
[0000.512] I> Init SCE
[0000.514] I> Copy BTCM section
[0000.517] W> No valid slot number is found in scratch register
[0000.523] W> Return default slot: _a
[0000.526] I> A/B: bin_type (13) slot 0
[0000.530] I> Select partition: cpu-bootloader
[0000.534] I> Loading partition cpu-bootloader at 0x96000000
[0000.539] I> Reading two headers - addr:0x96000000 blocks:1
[0000.545] I> Addr: 0x96000000, start-block: 58732545, num_blocks: 1
[0000.555] I> Binary(13) of size 195776 is loaded @ 0x96000000
[0000.561] W> No valid slot number is found in scratch register
[0000.566] W> Return default slot: _a
[0000.570] I> A/B: bin_type (20) slot 0
[0000.573] I> Select partition: bootloader-dtb
[0000.578] I> Loading partition bootloader-dtb at 0x85300000
[0000.583] I> Reading two headers - addr:0x85300000 blocks:1
[0000.588] I> Addr: 0x85300000, start-block: 58733057, num_blocks: 1
[0000.599] I> Binary(20) of size 248128 is loaded @ 0x85300000
[0000.605] I> MB2-params @ 0xf7f00000
[0000.608] I> CPUBL-params @ 0xf7f00000
[0000.612] I> CPU-BL loaded at : 0x96000000
[0000.616] I> Loading TOS ...
[0000.619] W> No valid slot number is found in scratch register
[0000.625] W> Return default slot: _a
[0000.628] I> A/B: bin_type (14) slot 0
[0000.632] I> Select partition: secure-os
[0000.635] I> Loading partition secure-os at 0x8490f400
[0000.640] I> Reading two headers - addr:0x8490f400 blocks:1
[0000.646] I> Addr: 0x8490f400, start-block: 58733569, num_blocks: 1
[0000.654] I> Binary(14) of size 54384 is loaded @ 0x8490f400
[0000.660] I> Copying Monitor (length: 0xd270) from 0x8490f600 to 0x40000000
[0000.667] I> Erasing Monitor @ 0x8490f600
[0000.671] I> Unhalting SCE
[0000.675] I> Waypoint2-ACK: 0x5200b8d0
[0000.679] I> MB2(TBoot-BPMP) done

NOTICE:  BL31: v1.2(release):ff7a644
NOTICE:  BL31: Built : 21:06:35, Mar  1 2017
NOTICE:  Trusty image missing.
ERROR:   Error initializing runtime service trusty_fast
[0001.042] I> Welcome to Cboot
[0001.045] I> Cboot Version: 00.00.2014.50-t186-fabbc56c
[0001.050] I> CPU-BL Params @ 0xf7f00000
[0001.053] I>  0) Base:0x00000000 Size:0x00000000
[0001.058] I>  1) Base:0xf7e00000 Size:0x00100000
[0001.062] I>  2) Base:0xf7d00000 Size:0x00100000
[0001.067] I>  3) Base:0xf7c00000 Size:0x00100000
[0001.071] I>  4) Base:0xf7b00000 Size:0x00100000
[0001.075] I>  5) Base:0xf7a00000 Size:0x00100000
[0001.080] I>  6) Base:0xf7600000 Size:0x00200000
[0001.084] I>  7) Base:0xf7000000 Size:0x00400000
[0001.089] I>  8) Base:0xf7900000 Size:0x00100000
[0001.093] I>  9) Base:0xf7800000 Size:0x00100000
[0001.098] I> 10) Base:0xf6800000 Size:0x00800000
[0001.102] I> 11) Base:0x30000000 Size:0x00040000
[0001.106] I> 12) Base:0xf7500000 Size:0x00100000
[0001.111] I> 13) Base:0x30040000 Size:0x00001000
[0001.115] I> 14) Base:0x30048000 Size:0x00001000
[0001.120] I> 15) Base:0x30049000 Size:0x00001000
[0001.124] I> 16) Base:0x3004a000 Size:0x00001000
[0001.129] I> 17) Base:0x3004b000 Size:0x00001000
[0001.133] I> 18) Base:0x3004c000 Size:0x00001000
[0001.137] I> 19) Base:0x3004d000 Size:0x00001000
[0001.142] I> 20) Base:0x3004e000 Size:0x00001000
[0001.146] I> 21) Base:0x3004f000 Size:0x00001000
[0001.151] I> 22) Base:0x00000000 Size:0x00000000
[0001.155] I> 23) Base:0xf7ff0000 Size:0x00010000
[0001.160] I> 24) Base:0x00000000 Size:0x00000000
[0001.164] I> 25) Base:0x00000000 Size:0x00000000
[0001.168] I> 26) Base:0x00000000 Size:0x00000000
[0001.173] I> 27) Base:0x00000000 Size:0x00000000
[0001.177] I> 28) Base:0x84400000 Size:0x00400000
[0001.182] I> 29) Base:0x30000000 Size:0x00010000
[0001.186] I> 30) Base:0xf8000000 Size:0x08000000
[0001.191] I> 31) Base:0x00000000 Size:0x00000000
[0001.195] I> 32) Base:0xf6000000 Size:0x00600000
[0001.199] I> 33) Base:0x80000000 Size:0x76000000
[0001.204] I> 34) Base:0x100000000 Size:0x180000000
[0001.208] I> 35) Base:0x00000000 Size:0x00000000
[0001.213] I> 36) Base:0x00000000 Size:0x00000000
[0001.217] I> 37) Base:0xf7fc0000 Size:0x00020000
[0001.222] I> 38) Base:0x84000000 Size:0x00400000
[0001.226] I> 39) Base:0x96000000 Size:0x02000000
[0001.231] I> 40) Base:0x84800000 Size:0x00b00000
[0001.235] I> 41) Base:0xf7f00000 Size:0x00080000
[0001.239] I> 42) Base:0x00000000 Size:0x00000000
[0001.244] I> 43) Base:0x00000000 Size:0x00000000
[0001.248] platform_init_interrupts-121, 1*
[0001.253] Interrupts Init done
[0001.256] calling constructors
[0001.259] initializing heap
[0001.261] initializing threads
[0001.265] initializing timers
[0001.268] creating bootstrap completion thread
[0001.272] top of bootstrap2()
[0001.275] CPU: ARM Cortex A57
[0001.278] CPU: MIDR: 0x411FD073, MPIDR: 0x80000100
[0001.283] initializing platform
[0001.287] I> Boot-device: eMMC
[0001.290] I> odm data is 1090000
[0001.293] I> Reading GPT from 512 for device 00000003
[0001.299] I> Reading GPT from 8388096 for device 00000003
[0001.306] I> Found 6 partitions in 00000003 device
[0001.310] I> Reading GPT from 512 for device 00010003
[0001.316] I> Found 17 partitions in 00010003 device
[0001.321] W> No valid slot number is found in scratch register
[0001.326] W> Return default slot: _a
[0001.330] I> A/B: bin_type (1) slot 0
[0001.333] I> Select partition: kernel-dtb
[0001.337] I> Loading partition kernel-dtb at 0x92000000
[0001.346] I> Kernel_dtb @0x92000000
[0001.349] I> Bl_dtb @0x85300000
[0001.352] I> gpio framework initialized
[0001.356] I> tegrabl_gpio_driver_register: register 'tegra_gpio_main_driver' driver
[0001.363] I> tegrabl_gpio_driver_register: register 'tegra_gpio_aon_driver' driver
[0001.371] I> tegrabl_tca9539_init: i2c bus: 0, slave addr: 0xee
[0001.379] I> tegrabl_gpio_driver_register: register 'tca9539_gpio_driver' driver
[0001.386] I> tegrabl_tca9539_init: i2c bus: 0, slave addr: 0xe8
[0001.395] I> tegrabl_gpio_driver_register: register 'tca9539_gpio_driver' driver
[0001.403] E> tegrabl_blob_init: BMP partition does not have valid Blob
[0001.409] E> tegrabl_load_bmp_blob: BMP blob initialization failed
[0001.415] W> Loading bmp blob to memory failed
[0001.423] I> Find /i2c@c250000's alias i2c7
[0001.427] I> Reading eeprom i2c=7 address=0x50
[0001.457] I> Device at /i2c@c250000:0x50
[0001.460] I> Reading eeprom i2c=7 address=0x57
[0001.489] I> Device at /i2c@c250000:0x57
[0001.494] I> Find /i2c@c240000's alias i2c1
[0001.498] I> Reading eeprom i2c=1 address=0x51
[0001.527] I> Device at /i2c@c240000:0x51
[0001.531] I> Find /i2c@3160000's alias i2c0
[0001.535] I> Reading eeprom i2c=0 address=0x50
[0001.565] I> Device at /i2c@3160000:0x50
[0001.569] I> Find /i2c@3180000's alias i2c2
[0001.573] I> Reading eeprom i2c=2 address=0x54
[0001.577] I> Enabling gpio chip_id = 2, gpio pin = 9
[0001.608] I> Disabling gpio chip_id = 2, gpio pin = 9
[0001.613] I> Device at /i2c@3180000:0x54
[0001.617] I> create_pm_ids: id: 3310-1000-B00-A, len: 15
[0001.622] I> config: mem-type:00,power-config:00,misc-config:00,modem-config:00,touch-config:00,display-config:00,, len: 93
[0001.633] I> create_pm_ids: id: 2597-0000-302-C, len: 15
[0001.638] I> config: mem-type:00,power-config:00,misc-config:00,modem-config:00,touch-config:00,display-config:00,, len: 93
[0001.649] I> create_pm_ids: id: 3320-1000-100-C, len: 15
[0001.654] I> config: mem-type:ff,power-config:ff,misc-config:ff,modem-config:ff,touch-config:ff,display-config:ff,, len: 93
[0001.665] I> create_pm_ids: id: 2614-0000-100-G, len: 15
[0001.670] I> config: mem-type:00,power-config:00,misc-config:00,modem-config:00,touch-config:00,display-config:00,, len: 93
[0001.681] I> create_pm_ids: id: 3326-1000-000-L, len: 15
[0001.686] I> config: mem-type:ff,power-config:ff,misc-config:ff,modem-config:ff,touch-config:ff,display-config:ff,, len: 93
[0001.697] initializing target
[0001.700] calling apps_init()
[0001.703] starting app android_boot_app
[0001.707] I> Gpio keyboard init success
[0001.711] I> Kernel type = Normal
[0001.714] I> Loading kernel/boot.img ...
[0001.718] W> No valid slot number is found in scratch register
[0001.724] W> Return default slot: _a
[0001.727] I> A/B: bin_type (0) slot 0
[0001.731] I> Select partition: kernel
[0001.734] I> Loading partition kernel at 0xa8000000
[0001.815] W> No valid slot number is found in scratch register
[0001.821] W> Return default slot: _a
[0001.824] I> A/B: bin_type (1) slot 0
[0001.828] I> Select partition: kernel-dtb
[0001.832] I> Loading partition kernel-dtb at 0x92000000
[0001.840] I> Kernel DTB @ 0x92000000
[0001.844] I> Verified boot state = Orange
[0001.848] E> tegrabl_display_clear: display is not initialized
[0001.853] I> Checking boot.img header magic ... [0001.858] I> [OK]
[0001.859] I> Valid boot.img @ 0xa8000000
[0001.863] I> decompressor handler not found
[0001.867] I> Copying kernel image (465664 bytes) from 0xa8000800 to 0x80080000 ... [0001.875] I> Done
[0001.876] I> Move ramdisk (len: 6265169) from 0xa8072800 to 0x98000000
[0001.886] I> Updated bpmp info to DTB
[0001.891] I> Ramdisk: Base: 0x98000000; Size: 0x5f9951
[0001.896] I> Updated initrd info to DTB
[0001.900] I> disabled_core_mask: 0xffffff0c
[0001.904] I> Kernel type = Normal
[0001.907] I> add_serialno: Serial Num = 0334916010149
[0001.912] W> No valid slot number is found in scratch register
[0001.918] W> Return default slot: _a
[0001.921] I> Linux Cmdline: root=/dev/nfs rw netdevwait ip=192.168.99.2:192.168.99.1:192.168.99.1:255.255.255.0::eth0:off nfsroot=192.168.99.1:/home/ausvrl2525/nfsroot fbcon=map:0 net.ifnames=0 console=tty0 OS=l4t console=ttyS0,115200n8 memtype=0 video=tegrafb no_console_suspend=1 earlycon=uart8250,mmio32,0x03100000 nvdumper_reserved=0xf7fc0000 gpt androidboot.secureos=none tegraid=18.1.2.0.0 tegra_keep_boot_clocks maxcpus=6 android.kerneltype=normal androidboot.serialno=0334916010149 androidboot.security=non-secure sdhci_tegra.en_boot_part_access=1 
[0001.969] I> Updated bootarg info to DTB
[0001.975] I> eeprom_get_mac_addr: MAC (type: 0): 00:04:4b:80:e5:8d
[0001.981] I> eeprom_get_mac_addr: MAC (type: 1): 00:04:4b:80:e5:8e
[0001.987] I> eeprom_get_mac_addr: MAC (type: 2): 00:04:4b:80:e5:8f
[0001.993] E> "ids" doesn't exist, creating 
[0001.997] E> "connection" doesn't exist, creating 
[0002.002] E> "configs" doesn't exist, creating 
[0002.006] I> create_pm_ids: id: 3310-1000-B00-A, len: 15
[0002.011] I> config: mem-type:00,power-config:00,misc-config:00,modem-config:00,touch-config:00,display-config:00,, len: 93
[0002.022] I> create_pm_ids: id: 2597-0000-302-C, len: 15
[0002.027] I> config: mem-type:00,power-config:00,misc-config:00,modem-config:00,touch-config:00,display-config:00,, len: 93
[0002.038] I> create_pm_ids: id: 3320-1000-100-C, len: 15
[0002.043] I> config: mem-type:ff,power-config:ff,misc-config:ff,modem-config:ff,touch-config:ff,display-config:ff,, len: 93
[0002.054] I> create_pm_ids: id: 2614-0000-100-G, len: 15
[0002.059] I> config: mem-type:00,power-config:00,misc-config:00,modem-config:00,touch-config:00,display-config:00,, len: 93
[0002.070] I> create_pm_ids: id: 3326-1000-000-L, len: 15
[0002.075] I> config: mem-type:ff,power-config:ff,misc-config:ff,modem-config:ff,touch-config:ff,display-config:ff,, len: 93
[0002.086] I> Adding plugin-manager/ids/3310-1000-B00=/i2c@c250000:module@0x50
[0002.093] E> "i2c@c250000" doesn't exist, creating 
[0002.098] E> "module@0x50" doesn't exist, creating 
[0002.103] I> Adding plugin-manager/ids/2597-0000-302=/i2c@c250000:module@0x57
[0002.110] E> "module@0x57" doesn't exist, creating 
[0002.115] I> Adding plugin-manager/ids/3320-1000-100=/i2c@c240000:module@0x51
[0002.122] E> "i2c@c240000" doesn't exist, creating 
[0002.126] E> "module@0x51" doesn't exist, creating 
[0002.131] I> Adding plugin-manager/ids/2614-0000-100=/i2c@3160000:module@0x50
[0002.138] E> "i2c@3160000" doesn't exist, creating 
[0002.143] E> "module@0x50" doesn't exist, creating 
[0002.148] I> Adding plugin-manager/ids/3326-1000-000=/i2c@3180000:module@0x54
[0002.155] E> "i2c@3180000" doesn't exist, creating 
[0002.160] E> "module@0x54" doesn't exist, creating 
[0002.166] I> Adding plugin-manager/ids/3310-1000-B00-A
[0002.173] I> Adding plugin-manager/configs/3310-mem-type 00
[0002.179] I> Adding plugin-manager/configs/3310-power-config 00
[0002.185] I> Adding plugin-manager/configs/3310-misc-config 00
[0002.190] I> Adding plugin-manager/configs/3310-modem-config 00
[0002.196] I> Adding plugin-manager/configs/3310-touch-config 00
[0002.202] I> Adding plugin-manager/configs/3310-display-config 00
[0002.208] E> "chip-id" doesn't exist, creating 
[0002.212] I> Adding plugin-manager/chip-id/A02P
[0002.219] I> Updated memory info to DTB
[0002.224] E> "reset" doesn't exist, creating 
[0002.228] E> "pmc-reset-reason" doesn't exist, creating 
[0002.234] E> "pmic-reset-reason" doesn't exist, creating 
[0002.239] I> disabled_core_mask: 0xffffff0c
[0002.250] I> tegrabl_load_kernel_and_dtb: Done


U-Boot 2017.03-g8537ddd769f4 (Oct 04 2017 - 08:46:37 -0700)

TEGRA186
Model: NVIDIA P2771-0000-500
DRAM:  7.8 GiB
MMC:   Tegra SD/MMC: 0, Tegra SD/MMC: 1
*** Warning - bad CRC, using default environment

In:    serial
Out:   serial
Err:   serial
Net:   eth0: ethernet@2490000
Hit any key to stop autoboot:  2  1  0 
MMC: no card present
mmc_init: -123, time 1
switch to partitions #0, OK
mmc0(part 0) is current device
Scanning mmc 0:1...
Found /boot/extlinux/extlinux.conf
Retrieving file: /boot/extlinux/extlinux.conf
431 bytes read in 69 ms (5.9 KiB/s)
p2771-0000 NFS boot options
1:	primary kernel
Enter choice: 1:	primary kernel
Retrieving file: /boot/initrd
6265169 bytes read in 201 ms (29.7 MiB/s)
Retrieving file: /boot/Image
16646656 bytes read in 442 ms (35.9 MiB/s)
append: console=ttyS0,115200n8 earlycon ignore_loglevel root=/dev/nfs rw netdevwait ip=192.168.99.2:192.168.99.1:192.168.99.1:255.255.255.0::eth0:off nfsroot=192.168.99.1:/home/ausvrl2525/nfsroot,nolock,nfsvers=2 rootwait
Retrieving file: /boot/tegra186-p2771-0000.dtb
17547 bytes read in 61 ms (280.3 KiB/s)
## Flattened Device Tree blob at 82000000
   Booting using the fdt blob at 0x82000000
   Using Device Tree in place at 0000000082000000, end 000000008200748a

Starting kernel ...

[    1.556868] console [ttyS0] enabled
[    1.556868] console [ttyS0] enabled
[    1.564123] bootconsole [uart0] disabled
[    1.564123] bootconsole [uart0] disabled
[    1.572445] SuperH (H)SCI(F) driver initialized
[    1.577302] msm_serial: driver initialized
[    1.581729] cacheinfo: Unable to detect cache hierarchy for CPU 0
[    1.591570] loop: module loaded
[    1.596488] libphy: Fixed MDIO Bus: probed
[    1.600892] tun: Universal TUN/TAP device driver, 1.6
[    1.606304] thunder-xcv, ver 1.0
[    1.609555] thunder-BGX, ver 1.0
[    1.612791] thunder-nic, ver 1.0
[    1.616165] e1000e: Intel(R) PRO/1000 Network Driver - 3.2.6-k
[    1.621993] e1000e: Copyright(c) 1999 - 2015 Intel Corporation.
[    1.627926] igb: Intel(R) Gigabit Ethernet Network Driver - version 5.4.0-k
[    1.634879] igb: Copyright (c) 2007-2014 Intel Corporation.
[    1.640467] igbvf: Intel(R) Gigabit Virtual Function Network Driver - version 2.4.0-k
[    1.648290] igbvf: Copyright (c) 2009 - 2012 Intel Corporation.
[    1.654364] sky2: driver version 1.30
[    1.658539] dwc-eth-dwmac 2490000.ethernet: Cannot get CSR clock
[    1.664565] dwc-eth-dwmac 2490000.ethernet: no reset control found
[    1.683887] stmmac - user ID: 0x10, Synopsys ID: 0x41
[    1.688939] dwc-eth-dwmac 2490000.ethernet: DMA HW capability register supported
[    1.696327] dwc-eth-dwmac 2490000.ethernet: RX Checksum Offload Engine supported
[    1.703712] dwc-eth-dwmac 2490000.ethernet: TX Checksum insertion supported
[    1.710664] dwc-eth-dwmac 2490000.ethernet: Wake-Up On Lan supported
[    1.717022] dwc-eth-dwmac 2490000.ethernet: TSO supported
[    1.722418] dwc-eth-dwmac 2490000.ethernet: TSO feature enabled
[    1.728331] dwc-eth-dwmac 2490000.ethernet: Enable RX Mitigation via HW Watchdog Timer
[    1.736281] libphy: stmmac: probed
[    1.740533] VFIO - User Level meta-driver version: 0.3
[    1.746238] ehci_hcd: USB 2.0 'Enhanced' Host Controller (EHCI) Driver
[    1.752761] ehci-pci: EHCI PCI platform driver
[    1.757222] ehci-platform: EHCI generic platform driver
[    1.762497] ehci-orion: EHCI orion driver
[    1.766551] ehci-exynos: EHCI EXYNOS driver
[    1.770774] ohci_hcd: USB 1.1 'Open' Host Controller (OHCI) Driver
[    1.776952] ohci-pci: OHCI PCI platform driver
[    1.781411] ohci-platform: OHCI generic platform driver
[    1.786682] ohci-exynos: OHCI EXYNOS driver
[    1.791101] usbcore: registered new interface driver usb-storage
[    1.798261] i2c /dev entries driver
[    1.803654] max77620 0-003c: PMIC Version OTP:0x45 and ES:0x8
[    1.814046] max77620-sd0: supplied by regulator-dummy
[    1.819258] VDD_DDR_1V1_PMIC: Bringing 1125000uV into 1100000-1100000uV
[    1.827798] max77620-sd1: supplied by regulator-dummy
[    1.834202] max77620-sd2: supplied by regulator-dummy
[    1.840638] max77620-sd3: supplied by regulator-dummy
[    1.847208] max77620-ldo0: supplied by regulator-dummy
[    1.853165] max77620-ldo1: supplied by regulator-dummy
[    1.859094] max77620-ldo2: supplied by regulator-dummy
[    1.865349] max77620-ldo3: supplied by regulator-dummy
[    1.871132] max77620-ldo4: supplied by regulator-dummy
[    1.876281] VDD_RTC: Bringing 800000uV into 1000000-1000000uV
[    1.882768] max77620-ldo5: supplied by regulator-dummy
[    1.887918] VDDIO_SDMMC3_AP: Bringing 1800000uV into 2800000-2800000uV
[    1.894968] max77620-ldo6: supplied by regulator-dummy
[    1.900741] max77620-ldo7: supplied by regulator-dummy
[    1.905892] VDD_HDMI_1V05: Bringing 1000000uV into 1050000-1050000uV
[    1.913466] max77620-ldo8: supplied by regulator-dummy
[    1.918616] VDD_PEX_1V05: Bringing 1000000uV into 1050000-1050000uV
[    3.100370] max77686-rtc max77620-rtc: rtc core: registered max77620-rtc as rtc0
[    3.109689] sdhci: Secure Digital Host Controller Interface driver
[    3.115864] sdhci: Copyright(c) Pierre Ossman
[    3.120315] Synopsys Designware Multimedia Card Interface Driver
[    3.126684] sdhci-pltfm: SDHCI platform and OF driver helper
[    3.132482] sdhci-tegra 3400000.sdhci: Got CD GPIO
[    3.137278] sdhci-tegra 3400000.sdhci: Got WP GPIO
[    3.157368] mmc0: Unknown controller version (4). You may experience problems.
[    3.209470] mmc0: SDHCI controller on 3440000.sdhci [3440000.sdhci] using ADMA
[    3.226114] ledtrig-cpu: registered to indicate activity on CPUs
[    3.232640] usbcore: registered new interface driver usbhid
[    3.238209] usbhid: USB HID core driver
[    3.243023] NET: Registered protocol family 17
[    3.247508] 9pnet: Installing 9P2000 support
[    3.251806] Key type dns_resolver registered
[    3.256402] registered taskstats version 1
[    3.260500] Loading compiled-in X.509 certificates
[    3.271355] VDD_1V8_AP: supplied by VDD_1V8
[    3.275909] SD_CARD_SW_PWR: supplied by VDD_3V3_SYS
[    3.280963] pca953x 1-0074: 1-0074 supply vcc not found, using dummy regulator
[    3.299174] pca953x 1-0077: 1-0077 supply vcc not found, using dummy regulator
[    3.316465] tegra-pcie 10003000.pcie: 4x1, 1x1 configuration
[    3.322877] tegra-pcie 10003000.pcie: probing port 0, using 4 lanes
[    3.331158] tegra-pcie 10003000.pcie: Slot present pin change, signature: 00000018
[    3.732919] tegra-pcie 10003000.pcie: link 0 down, retrying
[    4.141623] tegra-pcie 10003000.pcie: link 0 down, retrying
[    4.550316] tegra-pcie 10003000.pcie: link 0 down, retrying
[    4.557892] tegra-pcie 10003000.pcie: link 0 down, ignoring
[    4.563529] tegra-pcie 10003000.pcie: PCI host bridge to bus 0000:00
[    4.569882] pci_bus 0000:00: root bus resource [io  0x0000-0xffff]
[    4.576059] pci_bus 0000:00: root bus resource [mem 0x50100000-0x57ffffff]
[    4.582928] pci_bus 0000:00: root bus resource [mem 0x58000000-0x7fffffff pref]
[    4.590229] pci_bus 0000:00: root bus resource [bus 00-ff]
[    4.596196] sdhci-tegra 3400000.sdhci: Got CD GPIO
[    4.600998] sdhci-tegra 3400000.sdhci: Got WP GPIO
[    4.614076] mmc1: Unknown controller version (4). You may experience problems.
[    4.665460] mmc1: SDHCI controller on 3400000.sdhci [3400000.sdhci] using ADMA
[    4.682752] mmc2: Unknown controller version (4). You may experience problems.
[    4.690494] mmc2: Switching to 3.3V signalling voltage failed
[    4.733355] mmc2: SDHCI controller on 3460000.sdhci [3460000.sdhci] using ADMA
[    4.741309] input: gpio-keys as /devices/platform/gpio-keys/input/input0
[    4.780817] max77686-rtc max77620-rtc: setting system clock to 2017-01-22 07:24:18 UTC (1485069858)
[    4.790000] dwc-eth-dwmac 2490000.ethernet eth0: device MAC address 12:41:15:2d:43:b5
[    4.798335] Generic PHY stmmac-0:00: attached PHY driver [Generic PHY] (mii_bus:phy_addr=stmmac-0:00, irq=POLL)
[    4.809112] dwmac4: Master AXI performs any burst length
[    4.814535] dwc-eth-dwmac 2490000.ethernet eth0: IEEE 1588-2008 Advanced Timestamp supported
[    4.823079] dwc-eth-dwmac 2490000.ethernet eth0: registered PTP clock
[    4.831678] mmc2: new high speed MMC card at address 0001
[    4.837269] mmcblk2: mmc2:0001 032G34 29.1 GiB 
[    4.841882] mmcblk2boot0: mmc2:0001 032G34 partition 1 4.00 MiB
[    4.847896] mmcblk2boot1: mmc2:0001 032G34 partition 2 4.00 MiB
[    4.853872] mmcblk2rpmb: mmc2:0001 032G34 partition 3 4.00 MiB, chardev (240:0)
[    4.863017]  mmcblk2: p1 p2 p3 p4 p5 p6 p7 p8 p9 p10 p11 p12 p13 p14 p15 p16 p17
[    7.902168] dwc-eth-dwmac 2490000.ethernet eth0: Link is Up - 1Gbps/Full - flow control rx/tx
[    7.925351] IP-Config: Complete:
[    7.928572]      device=eth0, hwaddr=12:41:15:2d:43:b5, ipaddr=192.168.99.2, mask=255.255.255.0, gw=192.168.99.1
[    7.938732]      host=192.168.99.2, domain=, nis-domain=(none)
[    7.944555]      bootserver=192.168.99.1, rootserver=192.168.99.1, rootpath=
[    7.964921] VDD_RTC: disabling
[    7.967984] VDDIO_SDMMC3_AP: disabling
[    7.971877] SD_CARD_SW_PWR: disabling
[    7.975536] ALSA device list:
[    7.978499]   No soundcards found.
[    7.982367] Freeing unused kernel memory: 1088K
/init: line 58: chmod: command not found
[ 07:24:21 ] L4T-INITRD Build DATE: Sun Jan 22 07:24:21 UTC 2017
[ 07:24:21 ] Root device found: nfs
[ 07:24:21 ] Ethernet interfaces: eth0
[ 07:24:21 ] IP Address: 192.168.99.2
[ 07:24:21 ] Rootfs mounted over nfs
[ 07:24:21 ] Switching from initrd to actual rootfs
[    8.312062] systemd[1]: systemd 229 running in system mode. (+PAM +AUDIT +SELINUX +IMA +APPARMOR +SMACK +SYSVINIT +UTMP +LIBCRYPTSETUP +GCRYPT +GNUTLS +ACL +XZ -LZ4 +SECCOMP +BLKID +ELFUTILS +KMOD -IDN)
[    8.330988] systemd[1]: Detected architecture arm64.

Welcome to [1mUbuntu 16.04 LTS[0m!

[    8.351035] systemd[1]: Set hostname to <tegra-ubuntu>.
[    8.737598] systemd[1]: Created slice System Slice.
[[0;32m  OK  [0m] Created slice System Slice.
[    8.753545] systemd[1]: Created slice User and Session Slice.
[[0;32m  OK  [0m] Created slice User and Session Slice.
[    8.773450] systemd[1]: Listening on Syslog Socket.
[[0;32m  OK  [0m] Listening on Syslog Socket.
[    8.789469] systemd[1]: Listening on Journal Socket.
[[0;32m  OK  [0m] Listening on Journal Socket.
[    8.811223] systemd[1]: Starting Load Kernel Modules...
         Starting Load Kernel Modules...
[    8.830752] systemd[1]: Mounting POSIX Message Queue File System...
         Mounting POSIX Message Queue File System...
[    8.849491] systemd[1]: Listening on udev Kernel Socket.
[[0;32m  OK  [0m] Listening on udev Kernel Socket.
[[0;32m  OK  [0m] Reached target Slices.
[[0;32m  OK  [0m] Listening on udev Control Socket.
[[0;32m  OK  [0m] Started Dispatch Password Requests to Console Directory Watch.
         Mounting RPC Pipe File System...
[[0;32m  OK  [0m] Listening on Journal Socket (/dev/log).
[[0;32m  OK  [0m] Created slice system-getty.slice.
         Mounting Debug File System...
[[0;32m  OK  [0m] Created slice system-serial\x2dgetty.slice.
         Starting Remount Root and Kernel File Systems...
[[0;32m  OK  [0m] Reached target Encrypted Volumes.
         Starting Create Static Device Nodes in /dev...
[[0;32m  OK  [0m] Listening on Journal Audit Socket.
         Starting Journal Service...
[[0;32m  OK  [0m] Listening on /dev/initctl Compatibility Named Pipe.
         Mounting Huge Pages File System...
[[0;32m  OK  [0m] Started Forward Password Requests to Wall Directory Watch.
[[0;32m  OK  [0m] Reached target Swap.
[[0;32m  OK  [0m] Reached target Paths.
[[0;32m  OK  [0m] Mounted Debug File System.
[[0;32m  OK  [0m] Mounted Huge Pages File System.
[[0;32m  OK  [0m] Mounted POSIX Message Queue File System.
[[0;32m  OK  [0m] Mounted RPC Pipe File System.
[[0;32m  OK  [0m] Started Journal Service.
[[0;32m  OK  [0m] Started Load Kernel Modules.
[[0;32m  OK  [0m] Started Remount Root and Kernel File Systems.
[[0;32m  OK  [0m] Started Create Static Device Nodes in /dev.
         Starting udev Kernel Device Manager...
         Starting udev Coldplug all Devices...
         Starting Load/Save Random Seed...
[[0;32m  OK  [0m] Reached target Local File Systems (Pre).
[[0;32m  OK  [0m] Reached target Local File Systems.
         Starting Set console keymap...
         Starting Preprocess NFS configuration...
         Starting Apply Kernel Variables...
         Mounting Configuration File System...
         Starting Flush Journal to Persistent Storage...
[[0;32m  OK  [0m] Mounted Configuration File System.
[[0;32m  OK  [0m] Started udev Kernel Device Manager.
[[0;32m  OK  [0m] Started Load/Save Random Seed.
[[0;1;31mFAILED[0m] Failed to start Set console keymap.
See 'systemctl status console-setup.service' for details.
[[0;32m  OK  [0m] Started Preprocess NFS configuration.
[[0;32m  OK  [0m] Started Apply Kernel Variables.
[    9.480139] systemd-journald[1494]: Received request to flush runtime journal from PID 1
         Starting Raise network interfaces...
[[0;32m  OK  [0m] Reached target NFS client services.
[[0;32m  OK  [0m] Reached target Remote File Systems (Pre).
[[0;32m  OK  [0m] Reached target Remote File Systems.
[[0;32m  OK  [0m] Started Flush Journal to Persistent Storage.
[[0;32m  OK  [0m] Found device /dev/ttyS0.
[[0;32m  OK  [0m] Started udev Coldplug all Devices.
         Starting Create Volatile Files and Directories...
[[0;32m  OK  [0m] Started Create Volatile Files and Directories.
[[0;32m  OK  [0m] Started Raise network interfaces.
[[0;32m  OK  [0m] Reached target Network.
[[0;32m  OK  [0m] Reached target Network is Online.
[[0;32m  OK  [0m] Reached target System Time Synchronized.
         Starting Update UTMP about System Boot/Shutdown...
[[0;32m  OK  [0m] Started Update UTMP about System Boot/Shutdown.
[[0;32m  OK  [0m] Reached target System Initialization.
[[0;32m  OK  [0m] Started Daily apt activities.
[[0;32m  OK  [0m] Started Daily Cleanup of Temporary Directories.
[[0;32m  OK  [0m] Reached target Timers.
[[0;32m  OK  [0m] Listening on RPCbind Server Activation Socket.
[[0;32m  OK  [0m] Listening on D-Bus System Message Bus Socket.
[[0;32m  OK  [0m] Reached target Sockets.
[[0;32m  OK  [0m] Reached target Basic System.
[[0;32m  OK  [0m] Started Regular background program processing daemon.
         Starting LSB: Start NTP daemon...
         Starting Permit User Sessions...
         Starting OpenBSD Secure Shell server...
         Starting LSB: Set the CPU Frequency Scaling governor to "ondemand"...
         Starting Login Service...
[[0;32m  OK  [0m] Started D-Bus System Message Bus.
         Starting System Logging Service...
         Starting /etc/rc.local Compatibility...
[[0;32m  OK  [0m] Started Permit User Sessions.
[[0;32m  OK  [0m] Started /etc/rc.local Compatibility.
[[0;32m  OK  [0m] Started System Logging Service.
[[0;32m  OK  [0m] Started Serial Getty on ttyS0.
[[0;32m  OK  [0m] Started Getty on tty1.
[[0;32m  OK  [0m] Reached target Login Prompts.
[[0;32m  OK  [0m] Started LSB: Set the CPU Frequency Scaling governor to "ondemand".
[[0;32m  OK  [0m] Started OpenBSD Secure Shell server.
[[0;32m  OK  [0m] Started Login Service.
[[0;32m  OK  [0m] Started LSB: Start NTP daemon.
[[0;32m  OK  [0m] Reached target Multi-User System.
[[0;32m  OK  [0m] Reached target Graphical Interface.
         Starting Update UTMP about System Runlevel Changes...
[[0;32m  OK  [0m] Started Update UTMP about System Runlevel Changes.

Ubuntu 16.04 LTS tegra-ubuntu ttyS0

tegra-ubuntu login: 