
U-Boot SPL 2016.05-rc2 (Apr 21 2016 - 16:23:00)
Trying to boot from RAM


U-Boot 2016.05-rc2 (Apr 21 2016 - 16:23:00 -0700)

TEGRA124
Model: NVIDIA Jetson TK1
Board: NVIDIA Jetson TK1
DRAM:  2 GiB
MC:   Tegra SD/MMC: 0, Tegra SD/MMC: 1
In:    serial
Out:   serial
Err:   serial
Net:   No ethernet found.
Hit any key to stop autoboot:  2  0 
Tegra124 (Jetson TK1) # 
Tegra124 (Jetson TK1) # pci enum
Tegra124 (Jetson TK1) # setenv bootargs 'ignore_loglevel console=ttyS0,115200n8 rw root=PARTUUID=b1791faa-84e8-4e27-83a1-9fb0a77e8803 rootwait gpt debug noinitrd earlyprintk init=/bin/bash'
Tegra124 (Jetson TK1) # setenv ipaddr 192.168.100.102; setenv serverip 192.168.100.1; setenv tftpserverip 192.168.100.1
Tegra124 (Jetson TK1) # tftpboot 0x82000000 zImage.multi_v7_defconfig

Warning: eth_rtl8169 using MAC address from ROM
Using eth_rtl8169 device
TFTP from server 192.168.100.1; our IP address is 192.168.100.102
Filename 'zImage.multi_v7_defconfig'.
Load address: 0x82000000
Loading: *#################################################################
	 #################################################################
	 #################################################################
	 #################################################################
	 #################################################################
	 #################################################################
	 #################################################################
	 ##################################################
	 3.8 MiB/s
done
Bytes transferred = 7412960 (711ce0 hex)
Tegra124 (Jetson TK1) # tftpboot 0x83000000 tegra124-jetson-tk1.dtb
Using eth_rtl8169 device
TFTP from server 192.168.100.1; our IP address is 192.168.100.102
Filename 'tegra124-jetson-tk1.dtb'.
Load address: 0x83000000
Loading: *#####
	 3.8 MiB/s
done
Bytes transferred = 67133 (1063d hex)
Tegra124 (Jetson TK1) # bootz 0x82000000 - 0x83000000
Kernel image @ 0x82000000 [ 0x000000 - 0x711ce0 ]
## Flattened Device Tree blob at 83000000
   Booting using the fdt blob at 0x83000000
   Using Device Tree in place at 83000000, end 8301363c

Starting kernel ...

[    0.000000] Booting Linux on physical CPU 0x0
[    0.000000] Linux version 4.10.0-rc5-142388-g7a308bb (pwalmsley@sellafield) (gcc version 4.7.3 20130328 (prerelease) (crosstool-NG linaro-1.13.1-4.7-2013.04-20130415 - Linaro GCC 2013.04) ) #1 SMP Mon Jan 23 02:35:51 PST 2017
[    0.000000] CPU: ARMv7 Processor [413fc0f3] revision 3 (ARMv7), cr=10c5387d
[    0.000000] CPU: div instructions available: patching division code
[    0.000000] CPU: PIPT / VIPT nonaliasing data cache, PIPT instruction cache
[    0.000000] OF: fdt:Machine model: NVIDIA Tegra124 Jetson TK1
[    0.000000] debug: ignoring loglevel setting.
[    0.000000] efi: Getting EFI parameters from FDT:
[    0.000000] efi: UEFI not found.
[    0.000000] cma: Reserved 64 MiB at 0xfb800000
[    0.000000] Memory policy: Data cache writealloc
[    0.000000] On node 0 totalpages: 524032
[    0.000000] free_area_init_node: node 0, pgdat c142b4c0, node_mem_map eeff8000
[    0.000000]   DMA zone: 1536 pages used for memmap
[    0.000000]   DMA zone: 0 pages reserved
[    0.000000]   DMA zone: 196608 pages, LIFO batch:31
[    0.000000]   HighMem zone: 327424 pages, LIFO batch:31
[    0.000000] percpu: Embedded 14 pages/cpu @eef8e000 s26176 r8192 d22976 u57344
[    0.000000] pcpu-alloc: s26176 r8192 d22976 u57344 alloc=14*4096
[    0.000000] pcpu-alloc: [0] 0 [0] 1 [0] 2 [0] 3 
[    0.000000] Built 1 zonelists in Zone order, mobility grouping on.  Total pages: 522496
[    0.000000] Kernel command line: ignore_loglevel console=ttyS0,115200n8 rw root=PARTUUID=b1791faa-84e8-4e27-83a1-9fb0a77e8803 rootwait gpt debug noinitrd earlyprintk init=/bin/bash
[    0.000000] PID hash table entries: 4096 (order: 2, 16384 bytes)
[    0.000000] Dentry cache hash table entries: 131072 (order: 7, 524288 bytes)
[    0.000000] Inode-cache hash table entries: 65536 (order: 6, 262144 bytes)
[    0.000000] Memory: 1994760K/2096128K available (9216K kernel code, 1203K rwdata, 4148K rodata, 2048K init, 536K bss, 35832K reserved, 65536K cma-reserved, 1244160K highmem)
[    0.000000] Virtual kernel memory layout:
[    0.000000]     vector  : 0xffff0000 - 0xffff1000   (   4 kB)
[    0.000000]     fixmap  : 0xffc00000 - 0xfff00000   (3072 kB)
[    0.000000]     vmalloc : 0xf0800000 - 0xff800000   ( 240 MB)
[    0.000000]     lowmem  : 0xc0000000 - 0xf0000000   ( 768 MB)
[    0.000000]     pkmap   : 0xbfe00000 - 0xc0000000   (   2 MB)
[    0.000000]     modules : 0xbf000000 - 0xbfe00000   (  14 MB)
[    0.000000]       .text : 0xc0208000 - 0xc0c00000   (10208 kB)
[    0.000000]       .init : 0xc1100000 - 0xc1300000   (2048 kB)
[    0.000000]       .data : 0xc1300000 - 0xc142cfc0   (1204 kB)
[    0.000000]        .bss : 0xc142e000 - 0xc14b41d0   ( 537 kB)
[    0.000000] SLUB: HWalign=64, Order=0-3, MinObjects=0, CPUs=4, Nodes=1
[    0.000000] Hierarchical RCU implementation.
[    0.000000] 	Build-time adjustment of leaf fanout to 32.
[    0.000000] 	RCU restricting CPUs from NR_CPUS=16 to nr_cpu_ids=4.
[    0.000000] RCU: Adjusting geometry for rcu_fanout_leaf=32, nr_cpu_ids=4
[    0.000000] NR_IRQS:16 nr_irqs:16 16
[    0.000000] /interrupt-controller@60004000: 160 interrupts forwarded to /interrupt-controller@50041000
[    0.000000] Tegra clk 127: register failed with -17
[    0.000009] sched_clock: 32 bits at 1000kHz, resolution 1000ns, wraps every 2147483647500ns
[    0.000030] clocksource: timer_us: mask: 0xffffffff max_cycles: 0xffffffff, max_idle_ns: 1911260446275 ns
[    0.000044] Switching to timer-based delay loop, resolution 1000ns
[    0.005041] arm_arch_timer: Architected cp15 timer(s) running at 12.00MHz (virt).
[    0.005058] clocksource: arch_sys_counter: mask: 0xffffffffffffff max_cycles: 0x2c47f4ee7, max_idle_ns: 440795202497 ns
[    0.005075] sched_clock: 56 bits at 12MHz, resolution 83ns, wraps every 4398046511096ns
[    0.005086] Switching to timer-based delay loop, resolution 83ns
[    0.005534] Console: colour dummy device 80x30
[    0.005565] Calibrating delay loop (skipped), value calculated using timer frequency.. 24.00 BogoMIPS (lpj=120000)
[    0.005579] pid_max: default: 32768 minimum: 301
[    0.005676] Mount-cache hash table entries: 2048 (order: 1, 8192 bytes)
[    0.005687] Mountpoint-cache hash table entries: 2048 (order: 1, 8192 bytes)
[    0.006264] CPU: Testing write buffer coherency: ok
[    0.006513] /cpus/cpu@0 missing clock-frequency property
[    0.006553] /cpus/cpu@1 missing clock-frequency property
[    0.006593] /cpus/cpu@2 missing clock-frequency property
[    0.006634] /cpus/cpu@3 missing clock-frequency property
[    0.006646] CPU0: thread -1, cpu 0, socket 0, mpidr 80000000
[    0.006879] Setting up static identity map for 0x80300000 - 0x80300098
[    0.010443] Tegra Revision: A01 SKU: 129 CPU Process: 1 SoC Process: 1
[    0.011088] EFI services will not be available.
[    0.011322] smp: Bringing up secondary CPUs ...
[    0.011923] CPU1: thread -1, cpu 1, socket 0, mpidr 80000001
[    0.015289] CPU2: thread -1, cpu 2, socket 0, mpidr 80000002
[    0.025287] CPU3: thread -1, cpu 3, socket 0, mpidr 80000003
[    0.034723] smp: Brought up 1 node, 4 CPUs
[    0.034741] SMP: Total of 4 processors activated (96.00 BogoMIPS).
[    0.034748] CPU: All CPU(s) started in SVC mode.
[    0.036213] devtmpfs: initialized
[    0.056537] VFP support v0.3: implementor 41 architecture 4 part 30 variant f rev 0
[    0.056975] clocksource: jiffies: mask: 0xffffffff max_cycles: 0xffffffff, max_idle_ns: 19112604462750000 ns
[    0.058334] pinctrl core: initialized pinctrl subsystem
[    0.060148] NET: Registered protocol family 16
[    0.062093] DMA: preallocated 256 KiB pool for atomic coherent allocations
[    0.084801] cpuidle: using governor menu
[    0.115521] No ATAGs?
[    0.115655] hw-breakpoint: found 5 (+1 reserved) breakpoint and 4 watchpoint registers.
[    0.115669] hw-breakpoint: maximum watchpoint size is 8 bytes.
[    0.122412] Serial: AMBA PL011 UART driver
[    0.160105] +5V_SYS: supplied by +VDD_MUX
[    0.160398] +3.3V_SYS: supplied by +VDD_MUX
[    0.161030] +USB0_VBUS_SW: Failed to request enable GPIO108: -517
[    0.161045] reg-fixed-voltage regulators:regulator@7: Failed to register regulator: -517
[    0.161132] +5V_USB_HS: Failed to request enable GPIO109: -517
[    0.161145] reg-fixed-voltage regulators:regulator@8: Failed to register regulator: -517
[    0.161310] +1.05V_RUN_AVDD_HDMI_PLL: Failed to request enable GPIO63: -517
[    0.161321] reg-fixed-voltage regulators:regulator@11: Failed to register regulator: -517
[    0.161406] +5V_HDMI_CON: Failed to request enable GPIO86: -517
[    0.161417] reg-fixed-voltage regulators:regulator@12: Failed to register regulator: -517
[    0.161501] +5V_SATA: Failed to request enable GPIO242: -517
[    0.161511] reg-fixed-voltage regulators:regulator@13: Failed to register regulator: -517
[    0.161595] +12V_SATA: Failed to request enable GPIO242: -517
[    0.161605] reg-fixed-voltage regulators:regulator@14: Failed to register regulator: -517
[    0.164952] vgaarb: loaded
[    0.165806] SCSI subsystem initialized
[    0.165968] libata version 3.00 loaded.
[    0.166237] usbcore: registered new interface driver usbfs
[    0.166299] usbcore: registered new interface driver hub
[    0.166358] usbcore: registered new device driver usb
[    0.169970] pps_core: LinuxPPS API ver. 1 registered
[    0.169979] pps_core: Software ver. 5.3.6 - Copyright 2005-2007 Rodolfo Giometti <giometti@linux.it>
[    0.170005] PTP clock support registered
[    0.170199] EDAC MC: Ver: 3.0.0
[    0.173410] clocksource: Switched to clocksource arch_sys_counter
[    0.184370] NET: Registered protocol family 2
[    0.184889] TCP established hash table entries: 8192 (order: 3, 32768 bytes)
[    0.184987] TCP bind hash table entries: 8192 (order: 4, 65536 bytes)
[    0.185172] TCP: Hash tables configured (established 8192 bind 8192)
[    0.185227] UDP hash table entries: 512 (order: 2, 16384 bytes)
[    0.185269] UDP-Lite hash table entries: 512 (order: 2, 16384 bytes)
[    0.185423] NET: Registered protocol family 1
[    0.185743] RPC: Registered named UNIX socket transport module.
[    0.185752] RPC: Registered udp transport module.
[    0.185758] RPC: Registered tcp transport module.
[    0.185765] RPC: Registered tcp NFSv4.1 backchannel transport module.
[    0.185775] PCI: CLS 0 bytes, default 64
[    0.186976] hw perfevents: enabled with armv7_cortex_a15 PMU driver, 7 counters available
[    0.188412] futex hash table entries: 1024 (order: 4, 65536 bytes)
[    0.189136] workingset: timestamp_bits=30 max_order=19 bucket_order=0
[    0.200204] squashfs: version 4.0 (2009/01/31) Phillip Lougher
[    0.201044] NFS: Registering the id_resolver key type
[    0.201065] Key type id_resolver registered
[    0.201072] Key type id_legacy registered
[    0.201117] ntfs: driver 2.1.32 [Flags: R/O].
[    0.202714] bounce: pool size: 64 pages
[    0.202907] Block layer SCSI generic (bsg) driver version 0.4 loaded (major 248)
[    0.202916] io scheduler noop registered
[    0.202924] io scheduler deadline registered
[    0.203104] io scheduler cfq registered (default)
[    0.208301] usb2-0 supply vbus not found, using dummy regulator
[    0.208421] usb2-1 supply vbus not found, using dummy regulator
[    0.208810] tegra-xusb-padctl 7009f000.padctl: failed to setup XUSB ports: -517
[    0.225623] tegra-pcie 1003000.pcie-controller: 2x1, 1x1 configuration
[    0.225676] tegra-pcie 1003000.pcie-controller: Failed to get supply 'avddio-pex': -517
[    0.231905] tegra124-dfll 70110000.clock: couldn't get vdd_cpu regulator
[    0.240284] tegra-apbdma 60020000.dma: Tegra20 APB DMA driver register 32 channels
[    0.242364] tegra-pmc 7000e400.pmc: emergency thermal reset enabled
[    0.304670] Serial: 8250/16550 driver, 4 ports, IRQ sharing disabled
[    0.307671] console [ttyS0] disabled
[    0.307706] 70006300.serial: ttyS0 at MMIO 0x70006300 (irq = 335, base_baud = 25500000) is a Tegra
[    1.184987] console [ttyS0] enabled
[    1.189366] SuperH (H)SCI(F) driver initialized
[    1.194960] msm_serial: driver initialized
[    1.199244] STMicroelectronics ASC driver initialized
[    1.205198] 70006000.serial: ttyTHS1 at MMIO 0x70006000 (irq = 333, base_baud = 0) is a TEGRA_UART
[    1.214520] 70006040.serial: ttyTHS2 at MMIO 0x70006040 (irq = 334, base_baud = 0) is a TEGRA_UART
[    1.226903] [drm] Initialized
[    1.233192] tegra-hdmi 54280000.hdmi: failed to get HDMI regulator
[    1.253336] brd: module loaded
[    1.262686] loop: module loaded
[    1.267088] at24 0-0056: 256 byte 24c02 EEPROM, writable, 8 bytes/write
[    1.275409] as3722 4-0040: AS3722 with revision 0x1 found
[    1.287486] as3722-sd2: supplied by +5V_SYS
[    1.292108] as3722-sd3: supplied by +5V_SYS
[    1.296613] +1.35V_LP0(sd3): Bringing 0uV into 1350000-1350000uV
[    1.302965] as3722-sd4: supplied by +5V_SYS
[    1.307608] as3722-sd5: supplied by +5V_SYS
[    1.313655] as3722-ldo0: supplied by +1.35V_LP0(sd2)
[    1.319719] +1.8V_RUN_CAM: Bringing 0uV into 1800000-1800000uV
[    1.325974] as3722-ldo2: supplied by +1.8V_VDDIO
[    1.331884] as3722-ldo3: supplied by +3.3V_SYS
[    1.336387] +1.05V_LP0_VDD_RTC: Bringing 1100000uV into 1000000-1000000uV
[    1.344183] as3722-ldo4: supplied by +3.3V_SYS
[    1.348832] +2.8V_RUN_CAM: Bringing 0uV into 2800000-2800000uV
[    1.355087] as3722-ldo5: supplied by +1.8V_VDDIO
[    1.359909] +1.2V_RUN_CAM_FRONT: Bringing 0uV into 1200000-1200000uV
[    1.366867] +VDDIO_SDMMC3: bypassed regulator has no supply!
[    1.372517] +VDDIO_SDMMC3: failed to get the current voltage(-517)
[    1.378714] as3722-regulator as3722-regulator: regulator 13 register failed -517
[    1.391412] tegra-ahci 70027000.sata: couldn't get PHY in node sata: -517
[    1.410904] random: fast init done
[    1.414485] m25p80 spi32765.0: w25q32dw (4096 Kbytes)
[    1.422660] libphy: Fixed MDIO Bus: probed
[    1.428031] CAN device driver interface
[    1.432830] bgmac_bcma: Broadcom 47xx GBit MAC driver loaded
[    1.439944] e1000e: Intel(R) PRO/1000 Network Driver - 3.2.6-k
[    1.445783] e1000e: Copyright(c) 1999 - 2015 Intel Corporation.
[    1.451754] igb: Intel(R) Gigabit Ethernet Network Driver - version 5.4.0-k
[    1.458715] igb: Copyright (c) 2007-2014 Intel Corporation.
[    1.468079] pegasus: v0.9.3 (2013/04/25), Pegasus/Pegasus II USB Ethernet driver
[    1.475528] usbcore: registered new interface driver pegasus
[    1.481231] usbcore: registered new interface driver asix
[    1.486685] usbcore: registered new interface driver ax88179_178a
[    1.492808] usbcore: registered new interface driver cdc_ether
[    1.498703] usbcore: registered new interface driver smsc75xx
[    1.504521] usbcore: registered new interface driver smsc95xx
[    1.510297] usbcore: registered new interface driver net1080
[    1.516000] usbcore: registered new interface driver cdc_subset
[    1.521946] usbcore: registered new interface driver zaurus
[    1.527588] usbcore: registered new interface driver cdc_ncm
[    1.533473] tegra-phy 7d004000.usb-phy: no vbus regulator
[    1.540940] ehci_hcd: USB 2.0 'Enhanced' Host Controller (EHCI) Driver
[    1.547477] ehci-pci: EHCI PCI platform driver
[    1.551956] ehci-platform: EHCI generic platform driver
[    1.557403] ehci-orion: EHCI orion driver
[    1.561553] SPEAr-ehci: EHCI SPEAr driver
[    1.565728] ehci-st: EHCI STMicroelectronics driver
[    1.570747] ehci-exynos: EHCI EXYNOS driver
[    1.575106] ehci-atmel: EHCI Atmel driver
[    1.579254] tegra-ehci: Tegra EHCI driver
[    1.586109] tegra-ehci 7d004000.usb: EHCI Host Controller
[    1.591522] tegra-ehci 7d004000.usb: new USB bus registered, assigned bus number 1
[    1.599313] tegra-ehci 7d004000.usb: irq 354, io mem 0x7d004000
[    1.633431] tegra-ehci 7d004000.usb: USB 2.0 started, EHCI 1.10
[    1.640170] hub 1-0:1.0: USB hub found
[    1.643981] hub 1-0:1.0: 1 port detected
[    1.648500] ohci_hcd: USB 1.1 'Open' Host Controller (OHCI) Driver
[    1.654715] ohci-pci: OHCI PCI platform driver
[    1.659205] ohci-platform: OHCI generic platform driver
[    1.664622] ohci-omap3: OHCI OMAP3 driver
[    1.668774] SPEAr-ohci: OHCI SPEAr driver
[    1.672928] ohci-st: OHCI STMicroelectronics driver
[    1.677969] ohci-atmel: OHCI Atmel driver
[    1.682805] usbcore: registered new interface driver usb-storage
[    1.690461] mousedev: PS/2 mouse device common for all mice
[    1.699333] as3722-rtc as3722-rtc: rtc core: registered as3722-rtc as rtc0
[    1.706229] as3722-rtc as3722-rtc: RTC interrupt 377
[    1.714581] tegra_rtc 7000e000.rtc: rtc core: registered 7000e000.rtc as rtc1
[    1.721750] tegra_rtc 7000e000.rtc: Tegra internal Real Time Clock
[    1.728517] i2c /dev entries driver
[    1.739180] 0-004c supply vcc not found, using dummy regulator
[    1.755257] sdhci: Secure Digital Host Controller Interface driver
[    1.761428] sdhci: Copyright(c) Pierre Ossman
[    1.767489] Synopsys Designware Multimedia Card Interface Driver
[    1.774711] sdhci-pltfm: SDHCI platform and OF driver helper
[    1.781136] sdhci-tegra 700b0400.sdhci: Got CD GPIO
[    1.786047] sdhci-tegra 700b0400.sdhci: Got WP GPIO
[    1.791162] mmc0: Unknown controller version (3). You may experience problems.
[    1.798467] mmc0: Invalid maximum block size, assuming 512 bytes
[    1.863430] mmc0: SDHCI controller on 700b0600.sdhci [700b0600.sdhci] using ADMA
[    1.872852] ledtrig-cpu: registered to indicate activity on CPUs
[    1.879213] usbcore: registered new interface driver usbhid
[    1.884796] usbhid: USB HID core driver
[    1.892738] NET: Registered protocol family 10
[    1.898108] Segment Routing with IPv6
[    1.901814] sit: IPv6, IPv4 and MPLS over IPv4 tunneling driver
[    1.908418] NET: Registered protocol family 17
[    1.912863] can: controller area network core (rev 20120528 abi 9)
[    1.919113] NET: Registered protocol family 29
[    1.923569] can: raw protocol (rev 20120528)
[    1.927831] can: broadcast manager protocol (rev 20161123 t)
[    1.933501] can: netlink gateway (rev 20130117) max_hops=1
[    1.939332] Key type dns_resolver registered
[    1.944236] ThumbEE CPU extension supported.
[    1.948505] Registering SWP/SWPB emulation handler
[    1.969399] +3.3V_RUN: supplied by +3.3V_SYS
[    1.974781] +3.3V_AVDD_HDMI_AP_GATED: supplied by +3.3V_RUN
[    1.980797] +USB0_VBUS_SW: supplied by +5V_SYS
[    1.986018] +5V_USB_HS: supplied by +5V_SYS
[    1.991701] +3.3V_LP0: supplied by +3.3V_SYS
[    1.997736] +5V_HDMI_CON: supplied by +5V_SYS
[    2.002605] +5V_SATA: supplied by +5V_SYS
[    2.007525] +12V_SATA: supplied by +VDD_MUX
[    2.013531] usb2-0 supply vbus not found, using dummy regulator
[    2.019622] usb2-1 supply vbus not found, using dummy regulator
[    2.025033] mmc0: new high speed MMC card at address 0001
[    2.026132] mmcblk0: mmc0:0001 SEM16G 14.7 GiB 
[    2.026932] mmcblk0boot0: mmc0:0001 SEM16G partition 1 4.00 MiB
[    2.027315] mmcblk0boot1: mmc0:0001 SEM16G partition 2 4.00 MiB
[    2.028483] mmcblk0rpmb: mmc0:0001 SEM16G partition 3 4.00 MiB
[    2.037585]  mmcblk0: p1
[    2.056203] usb3-0 supply vbus not found, using dummy regulator
[    2.063348] tegra-pcie 1003000.pcie-controller: 2x1, 1x1 configuration
[    2.070001] tegra-pcie 1003000.pcie-controller: Failed to get supply 'avddio-pex': -517
[    2.081180] tegra124-dfll 70110000.clock: couldn't get vdd_cpu regulator
[    2.091952] tegra-hdmi 54280000.hdmi: failed to get PLL regulator
[    2.102893] as3722-sd2: supplied by +5V_SYS
[    2.107553] as3722-sd3: supplied by +5V_SYS
[    2.112032] as3722-sd4: supplied by +5V_SYS
[    2.116485] +1.05V_RUN_AVDD_HDMI_PLL: supplied by +1.05V_RUN
[    2.122227] as3722-sd5: supplied by +5V_SYS
[    2.128434] as3722-ldo0: supplied by +1.35V_LP0(sd2)
[    2.134481] as3722-ldo1: supplied by +3.3V_RUN
[    2.139235] as3722-ldo2: supplied by +1.8V_VDDIO
[    2.144951] as3722-ldo3: supplied by +3.3V_SYS
[    2.150262] as3722-ldo4: supplied by +3.3V_SYS
[    2.155079] as3722-ldo5: supplied by +1.8V_VDDIO
[    2.159966] as3722-ldo6: supplied by +3.3V_RUN
[    2.164689] as3722-ldo7: supplied by +1.8V_VDDIO
[    2.169795] +1.05V_RUN_CAM_REAR: Bringing 0uV into 1050000-1050000uV
[    2.176719] as3722-ldo9: supplied by +5V_SYS
[    2.182043] +3.3V_RUN_TOUCH: Bringing 0uV into 2800000-2800000uV
[    2.188607] as3722-ldo10: supplied by +5V_SYS
[    2.193491] +2.8V_RUN_CAM_AF: Bringing 0uV into 2800000-2800000uV
[    2.200109] as3722-ldo11: supplied by +3.3V_RUN
[    2.205451] +1.8V_RUN_VPP_FUSE: Bringing 0uV into 1800000-1800000uV
[    2.215585] tegra-ahci 70027000.sata: AHCI 0001.0301 32 slots 2 ports 3 Gbps 0x1 impl platform mode
[    2.224663] tegra-ahci 70027000.sata: flags: 64bit ncq sntf pm led pio slum part sadm sds apst 
[    2.235447] scsi host0: tegra-ahci
[    2.240058] scsi host1: tegra-ahci
[    2.243843] ata1: SATA max UDMA/133 mmio [mem 0x70027000-0x70028fff] port 0x100 irq 345
[    2.251835] ata2: DUMMY
[    2.257618] tegra-ehci 7d008000.usb: EHCI Host Controller
[    2.263036] tegra-ehci 7d008000.usb: new USB bus registered, assigned bus number 2
[    2.270821] tegra-ehci 7d008000.usb: irq 355, io mem 0x7d008000
[    2.303529] tegra-ehci 7d008000.usb: USB 2.0 started, EHCI 1.10
[    2.310630] hub 2-0:1.0: USB hub found
[    2.314481] hub 2-0:1.0: 1 port detected
[    2.320956] sdhci-tegra 700b0400.sdhci: Got CD GPIO
[    2.325905] sdhci-tegra 700b0400.sdhci: Got WP GPIO
[    2.330977] mmc1: Unknown controller version (3). You may experience problems.
[    2.338310] mmc1: Invalid maximum block size, assuming 512 bytes
[    2.403966] mmc1: SDHCI controller on 700b0400.sdhci [700b0400.sdhci] using ADMA
[    2.412081] tegra-pcie 1003000.pcie-controller: 2x1, 1x1 configuration
[    2.420480] tegra-pcie 1003000.pcie-controller: probing port 0, using 2 lanes
[    2.429850] tegra-pcie 1003000.pcie-controller: Slot present pin change, signature: 00000008
[    2.454220] tegra-pcie 1003000.pcie-controller: probing port 1, using 1 lanes
[    2.463434] tegra-pcie 1003000.pcie-controller: Slot present pin change, signature: 00000000
[    2.477941] tegra-pcie 1003000.pcie-controller: PCI host bridge to bus 0000:00
[    2.485207] pci_bus 0000:00: root bus resource [io  0x0000-0xffff]
[    2.491392] pci_bus 0000:00: root bus resource [mem 0x13000000-0x1fffffff]
[    2.498300] pci_bus 0000:00: root bus resource [mem 0x20000000-0x3fffffff pref]
[    2.505651] pci_bus 0000:00: root bus resource [bus 00-ff]
[    2.511176] pci 0000:00:01.0: [10de:0e12] type 01 class 0x060400
[    2.517302] pci_bus 0000:00: 2-byte config write to 0000:00:01.0 offset 0x52 may corrupt adjacent RW1C bits
[    2.527123] pci 0000:00:01.0: PME# supported from D0 D1 D2 D3hot D3cold
[    2.533785] pci_bus 0000:00: 2-byte config write to 0000:00:01.0 offset 0x4c may corrupt adjacent RW1C bits
[    2.543913] pci 0000:00:02.0: [10de:0e13] type 01 class 0x060400
[    2.549997] pci_bus 0000:00: 2-byte config write to 0000:00:02.0 offset 0x52 may corrupt adjacent RW1C bits
[    2.559817] pci 0000:00:02.0: PME# supported from D0 D1 D2 D3hot D3cold
[    2.566480] pci_bus 0000:00: 2-byte config write to 0000:00:02.0 offset 0x4c may corrupt adjacent RW1C bits
[    2.576580] pci_bus 0000:00: 2-byte config write to 0000:00:01.0 offset 0x3e may corrupt adjacent RW1C bits
[    2.586367] pci_bus 0000:00: 2-byte config write to 0000:00:02.0 offset 0x3e may corrupt adjacent RW1C bits
[    2.587189] ata1: SATA link down (SStatus 0 SControl 300)
[    2.601530] pci_bus 0000:00: 2-byte config write to 0000:00:01.0 offset 0x4 may corrupt adjacent RW1C bits
[    2.611187] pci_bus 0000:00: 1-byte config write to 0000:00:01.0 offset 0xc may corrupt adjacent RW1C bits
[    2.620843] pci_bus 0000:00: 2-byte config write to 0000:00:02.0 offset 0x4 may corrupt adjacent RW1C bits
[    2.630501] pci_bus 0000:00: 1-byte config write to 0000:00:02.0 offset 0xc may corrupt adjacent RW1C bits
[    2.640182] PCI: bus0: Fast back to back transfers disabled
[    2.645770] pci 0000:00:01.0: bridge configuration invalid ([bus 00-00]), reconfiguring
[    2.653795] pci 0000:00:02.0: bridge configuration invalid ([bus 00-00]), reconfiguring
[    2.662047] pci 0000:01:00.0: [8086:4232] type 00 class 0x028000
[    2.668131] pci 0000:01:00.0: reg 0x10: [mem 0x00000000-0x00001fff 64bit]
[    2.675126] pci 0000:01:00.0: PME# supported from D0 D3hot D3cold
[    2.697310] mmc1: new high speed SDHC card at address aaaa
[    2.703544] PCI: bus1: Fast back to back transfers disabled
[    2.709144] pci_bus 0000:01: busn_res: [bus 01-ff] end is updated to 01
[    2.716047] pci 0000:02:00.0: [10ec:8168] type 00 class 0x020000
[    2.722078] pci 0000:02:00.0: reg 0x10: [io  0x0000-0x00ff]
[    2.727717] pci 0000:02:00.0: reg 0x18: [mem 0x00000000-0x00000fff 64bit]
[    2.734532] pci 0000:02:00.0: reg 0x20: [mem 0x00000000-0x00003fff 64bit pref]
[    2.741895] pci 0000:02:00.0: supports D1 D2
[    2.746178] pci 0000:02:00.0: PME# supported from D0 D1 D2 D3hot D3cold
[    2.753619] mmcblk1: mmc1:aaaa SD04G 3.69 GiB 
[    2.771359]  mmcblk1: p1 p2 p3
[    2.774694] PCI: bus2: Fast back to back transfers disabled
[    2.780292] pci_bus 0000:02: busn_res: [bus 02-ff] end is updated to 02
[    2.787146] pci 0000:00:01.0: BAR 8: assigned [mem 0x13000000-0x130fffff]
[    2.793987] pci 0000:00:02.0: BAR 8: assigned [mem 0x13100000-0x131fffff]
[    2.800784] pci 0000:00:02.0: BAR 9: assigned [mem 0x20000000-0x200fffff 64bit pref]
[    2.808564] pci 0000:00:02.0: BAR 7: assigned [io  0x1000-0x1fff]
[    2.814683] pci 0000:01:00.0: BAR 0: assigned [mem 0x13000000-0x13001fff 64bit]
[    2.822022] pci 0000:00:01.0: PCI bridge to [bus 01]
[    2.827028] pci 0000:00:01.0:   bridge window [mem 0x13000000-0x130fffff]
[mount -t sysfs none /sys
root@(none):/# 
root@(none):/# mount -t debugfs none /sys/kernel/debug
root@(none):/# 
root@(none):/# rtcwake -d rtc1 -m mem -s 3
rtcwake: assuming RTC uses UTC ...
rtcwake: wakeup from "mem" using /dev/rtc1 at Thu Jan  1 00:00:20 1970
[    6.554916] PM: Syncing filesystems ... done.
[    6.765353] Freezing user space processes ... (elapsed 0.001 seconds) done.
[    6.773695] Freezing remaining freezable tasks ... (elapsed 0.001 seconds) done.
[    6.782313] Suspending console(s) (use no_console_suspend to debug)
[    6.905096] PM: suspend of devices complete after 115.806 msecs
[    6.907017] PM: late suspend of devices complete after 1.910 msecs
[    6.934771] PM: noirq suspend of devices complete after 27.748 msecs
[    6.934773] Disabling non-boot CPUs ...
[    6.935295] CPU1: shutdown
[    7.034950] IRQ17 no longer affine to CPU2
[    7.035230] CPU2: shutdown
[    7.095035] CPU3: shutdown
[    7.134422] Entering suspend state LP1
[    7.134422] Suspended for 2.825 seconds
[    7.134432] Enabling non-boot CPUs ...
[    7.164258] CPU1 is up
[    7.204301] CPU2 is up
[    7.244432] CPU3 is up
[    7.245153] pcieport 0000:00:01.0: nv_msi_ht_cap_quirk didn't locate host bridge
[    7.245223] pcieport 0000:00:02.0: nv_msi_ht_cap_quirk didn't locate host bridge
[    7.273506] PM: noirq resume of devices complete after 29.068 msecs
[    7.274973] PM: early resume of devices complete after 1.140 msecs
[    7.278012] tegra-hdmi 54280000.hdmi: cannot set audio to 48000 Hz at 297000000 Hz pixel clock
[    7.357925] PM: resume of devices complete after 82.940 msecs
[    7.453092] Restarting tasks ... done.
root@(none):/# 
root@(none):/# [    7.606000] ata1: SATA link down (SStatus 0 SControl 300)
rtcwake -d rtc1 -m mem -s 3
rtcwake: assuming RTC uses UTC ...
rtcwake: wakeup from "mem" using /dev/rtc1 at Thu Jan  1 00:00:25 1970
[    8.774429] PM: Syncing filesystems ... done.
[    8.949447] Freezing user space processes ... (elapsed 0.001 seconds) done.
[    8.957773] Freezing remaining freezable tasks ... (elapsed 0.001 seconds) done.
[    8.966400] Suspending console(s) (use no_console_suspend to debug)
[    8.994143] pci_generic_config_write32: 116 callbacks suppressed
[    8.994150] pci_bus 0000:00: 2-byte config write to 0000:00:02.0 offset 0x9c may corrupt adjacent RW1C bits
[    8.994165] pci_bus 0000:00: 2-byte config write to 0000:00:01.0 offset 0x9c may corrupt adjacent RW1C bits
[    9.104894] PM: suspend of devices complete after 131.673 msecs
[    9.107481] PM: late suspend of devices complete after 2.576 msecs
[    9.107928] pci_bus 0000:02: 2-byte config write to 0000:02:00.0 offset 0x44 may corrupt adjacent RW1C bits
[    9.107944] pci_bus 0000:02: 2-byte config write to 0000:02:00.0 offset 0x44 may corrupt adjacent RW1C bits
[    9.134629] PM: noirq suspend of devices complete after 27.141 msecs
[    9.134631] Disabling non-boot CPUs ...
[    9.135105] CPU1: shutdown
[    9.204941] CPU2: shutdown
[    9.264745] CPU3: shutdown
[    9.314054] Entering suspend state LP1
[    9.314054] Suspended for 2.820 seconds
[    9.314064] Enabling non-boot CPUs ...
[    9.344236] CPU1 is up
[    9.384270] CPU2 is up
[    9.424413] CPU3 is up
[    9.425036] pci_bus 0000:00: 2-byte config write to 0000:00:01.0 offset 0x4c may corrupt adjacent RW1C bits
[    9.425044] pci_bus 0000:00: 2-byte config write to 0000:00:02.0 offset 0x4c may corrupt adjacent RW1C bits
[    9.425056] pci_bus 0000:00: 2-byte config write to 0000:00:01.0 offset 0x88 may corrupt adjacent RW1C bits
[    9.425061] pci_bus 0000:00: 2-byte config write to 0000:00:02.0 offset 0x88 may corrupt adjacent RW1C bits
[    9.425066] pci_bus 0000:00: 2-byte config write to 0000:00:01.0 offset 0x90 may corrupt adjacent RW1C bits
[    9.425072] pci_bus 0000:00: 2-byte config write to 0000:00:02.0 offset 0x90 may corrupt adjacent RW1C bits
[    9.425178] pcieport 0000:00:02.0: nv_msi_ht_cap_quirk didn't locate host bridge
[    9.425180] pcieport 0000:00:01.0: nv_msi_ht_cap_quirk didn't locate host bridge
[    9.453477] PM: noirq resume of devices complete after 29.059 msecs
[    9.455184] PM: early resume of devices complete after 1.390 msecs
[    9.458155] tegra-hdmi 54280000.hdmi: cannot set audio to 48000 Hz at 297000000 Hz pixel clock
[    9.537945] PM: resume of devices complete after 82.752 msecs
[    9.732353] Restarting tasks ... done.
root@(none):/# 
[    9.786245] ata1: SATA link down (SStatus 0 SControl 300)
root@(none):/# rtcwake -d rtc1 -m mem -s 3
rtcwake: assuming RTC uses UTC ...
rtcwake: wakeup from "mem" using /dev/rtc1 at Thu Jan  1 00:00:30 1970
[   10.955896] PM: Syncing filesystems ... done.
[   11.131343] Freezing user space processes ... (elapsed 0.001 seconds) done.
[   11.139662] Freezing remaining freezable tasks ... (elapsed 0.001 seconds) done.
[   11.148275] Suspending console(s) (use no_console_suspend to debug)
[   11.284919] PM: suspend of devices complete after 129.854 msecs
[   11.287362] PM: late suspend of devices complete after 2.434 msecs
[   11.314473] PM: noirq suspend of devices complete after 27.105 msecs
[   11.314475] Disabling non-boot CPUs ...
[   11.314945] CPU1: shutdown
[   11.374844] CPU2: shutdown
[   11.434635] CPU3: shutdown
[   11.483991] Entering suspend state LP1
[   11.483991] Suspended for 2.829 seconds
[   11.484001] Enabling non-boot CPUs ...
[   11.514208] CPU1 is up
[   11.554237] CPU2 is up
[   11.594381] CPU3 is up
[   11.595137] pcieport 0000:00:02.0: nv_msi_ht_cap_quirk didn't locate host bridge
[   11.595151] pcieport 0000:00:01.0: nv_msi_ht_cap_quirk didn't locate host bridge
[   11.623446] PM: noirq resume of devices complete after 29.060 msecs
[   11.624922] PM: early resume of devices complete after 1.162 msecs
[   11.627877] tegra-hdmi 54280000.hdmi: cannot set audio to 48000 Hz at 297000000 Hz pixel clock
[   11.707775] PM: resume of devices complete after 82.841 msecs
[   11.798878] Restarting tasks ... done.
root@(none):/# 
root@(none):/# [   11.954194] ata1: SATA link down (SStatus 0 SControl 300)
rtcwake -d rtc1 -m mem -s 3
rtcwake: assuming RTC uses UTC ...
rtcwake: wakeup from "mem" using /dev/rtc1 at Thu Jan  1 00:00:35 1970
[   13.120528] PM: Syncing filesystems ... done.
[   13.240129] Freezing user space processes ... (elapsed 0.001 seconds) done.
[   13.248557] Freezing remaining freezable tasks ... (elapsed 0.001 seconds) done.
[   13.257503] Suspending console(s) (use no_console_suspend to debug)
[   13.416306] PM: suspend of devices complete after 150.683 msecs
[   13.424856] PM: late suspend of devices complete after 8.524 msecs
[   13.458077] PM: noirq suspend of devices complete after 33.201 msecs
[   13.458084] Disabling non-boot CPUs ...
[   13.459659] CPU1: shutdown
[   13.518668] CPU2: shutdown
[   13.577307] IRQ17 no longer affine to CPU3
[   13.578066] CPU3: shutdown
[   13.626056] Entering suspend state LP1
[   13.626056] Suspended for 2.857 seconds
[   13.626067] Enabling non-boot CPUs ...
[   13.654176] CPU1 is up
[   13.694214] CPU2 is up
[   13.734345] CPU3 is up
[   13.735112] pcieport 0000:00:01.0: nv_msi_ht_cap_quirk didn't locate host bridge
[   13.735115] pcieport 0000:00:02.0: nv_msi_ht_cap_quirk didn't locate host bridge
[   13.763413] PM: noirq resume of devices complete after 29.061 msecs
[   13.765197] PM: early resume of devices complete after 1.446 msecs
[   13.768278] tegra-hdmi 54280000.hdmi: cannot set audio to 48000 Hz at 297000000 Hz pixel clock
[   13.848124] PM: resume of devices complete after 82.916 msecs
[   13.943286] Restarting tasks ... done.
root@(none):/# 
root@(none):/# [   14.095913] ata1: SATA link down (SStatus 0 SControl 300)
rtcwake -d rtc1 -m mem -s 3
rtcwake: assuming RTC uses UTC ...
rtcwake: wakeup from "mem" using /dev/rtc1 at Thu Jan  1 00:00:40 1970
[   15.266016] PM: Syncing filesystems ... done.
[   15.385271] Freezing user space processes ... (elapsed 0.001 seconds) done.
[   15.393700] Freezing remaining freezable tasks ... (elapsed 0.001 seconds) done.
[   15.402635] Suspending console(s) (use no_console_suspend to debug)
[   15.440961] pci_generic_config_write32: 116 callbacks suppressed
[   15.440984] pci_bus 0000:00: 2-byte config write to 0000:00:02.0 offset 0x9c may corrupt adjacent RW1C bits
[   15.441029] pci_bus 0000:00: 2-byte config write to 0000:00:01.0 offset 0x9c may corrupt adjacent RW1C bits
[   15.526240] PM: suspend of devices complete after 115.477 msecs
[   15.534809] PM: late suspend of devices complete after 8.544 msecs
[   15.535920] pci_bus 0000:02: 2-byte config write to 0000:02:00.0 offset 0x44 may corrupt adjacent RW1C bits
[   15.535959] pci_bus 0000:02: 2-byte config write to 0000:02:00.0 offset 0x44 may corrupt adjacent RW1C bits
[   15.568036] PM: noirq suspend of devices complete after 33.206 msecs
[   15.568043] Disabling non-boot CPUs ...
[   15.568941] IRQ17 no longer affine to CPU1
[   15.569622] CPU1: shutdown
[   15.638766] CPU2: shutdown
[   15.698048] CPU3: shutdown
[   15.745847] Entering suspend state LP1
[   15.745847] Suspended for 2.879 seconds
[   15.745857] Enabling non-boot CPUs ...
[   15.774142] CPU1 is up
[   15.814177] CPU2 is up
[   15.854298] CPU3 is up
[   15.854924] pci_bus 0000:00: 2-byte config write to 0000:00:01.0 offset 0x4c may corrupt adjacent RW1C bits
[   15.854932] pci_bus 0000:00: 2-byte config write to 0000:00:02.0 offset 0x4c may corrupt adjacent RW1C bits
[   15.854943] pci_bus 0000:00: 2-byte config write to 0000:00:01.0 offset 0x88 may corrupt adjacent RW1C bits
[   15.854949] pci_bus 0000:00: 2-byte config write to 0000:00:02.0 offset 0x88 may corrupt adjacent RW1C bits
[   15.854954] pci_bus 0000:00: 2-byte config write to 0000:00:01.0 offset 0x90 may corrupt adjacent RW1C bits
[   15.854960] pci_bus 0000:00: 2-byte config write to 0000:00:02.0 offset 0x90 may corrupt adjacent RW1C bits
[   15.855066] pcieport 0000:00:01.0: nv_msi_ht_cap_quirk didn't locate host bridge
[   15.855068] pcieport 0000:00:02.0: nv_msi_ht_cap_quirk didn't locate host bridge
[   15.883374] PM: noirq resume of devices complete after 29.070 msecs
[   15.885249] PM: early resume of devices complete after 1.561 msecs
[   15.888382] tegra-hdmi 54280000.hdmi: cannot set audio to 48000 Hz at 297000000 Hz pixel clock
[   15.969216] PM: resume of devices complete after 83.957 msecs
[   16.167844] Restarting tasks ... done.
root@(none):/# 
[   16.216112] ata1: SATA link down (SStatus 0 SControl 300)
root@(none):/# rtcwake -d rtc1 -m mem -s 3
rtcwake: assuming RTC uses UTC ...
rtcwake: wakeup from "mem" using /dev/rtc1 at Thu Jan  1 00:00:45 1970
[   17.384823] PM: Syncing filesystems ... done.
[   17.560448] Freezing user space processes ... (elapsed 0.001 seconds) done.
[   17.568791] Freezing remaining freezable tasks ... (elapsed 0.001 seconds) done.
[   17.577476] Suspending console(s) (use no_console_suspend to debug)
[   17.714927] PM: suspend of devices complete after 130.592 msecs
[   17.717516] PM: late suspend of devices complete after 2.578 msecs
[   17.744604] PM: noirq suspend of devices complete after 27.082 msecs
[   17.744606] Disabling non-boot CPUs ...
[   17.744876] IRQ17 no longer affine to CPU1
[   17.745120] CPU1: shutdown
[   17.815040] CPU2: shutdown
[   17.874736] CPU3: shutdown
[   17.923980] Entering suspend state LP1
[   17.923980] Suspended for 2.821 seconds
[   17.923991] Enabling non-boot CPUs ...
[   17.954120] CPU1 is up
[   17.994152] CPU2 is up
[   18.034291] CPU3 is up
[   18.035043] pcieport 0000:00:01.0: nv_msi_ht_cap_quirk didn't locate host bridge
[   18.035045] pcieport 0000:00:02.0: nv_msi_ht_cap_quirk didn't locate host bridge
[   18.063348] PM: noirq resume of devices complete after 29.052 msecs
[   18.064936] PM: early resume of devices complete after 1.247 msecs
[   18.067786] tegra-hdmi 54280000.hdmi: cannot set audio to 48000 Hz at 297000000 Hz pixel clock
[   18.147669] PM: resume of devices complete after 82.724 msecs
[   18.242804] Restarting tasks ... done.
root@(none):/# 
root@(none):/# [   18.395875] ata1: SATA link down (SStatus 0 SControl 300)
rtcwake -d rtc1 -m mem -s 3
rtcwake: assuming RTC uses UTC ...
rtcwake: wakeup from "mem" using /dev/rtc1 at Thu Jan  1 00:00:50 1970
[   19.565787] PM: Syncing filesystems ... done.
[   19.741160] Freezing user space processes ... (elapsed 0.001 seconds) done.
[   19.749489] Freezing remaining freezable tasks ... (elapsed 0.001 seconds) done.
[   19.758126] Suspending console(s) (use no_console_suspend to debug)
[   19.894946] PM: suspend of devices complete after 129.956 msecs
[   19.897698] PM: late suspend of devices complete after 2.742 msecs
[   19.924585] PM: noirq suspend of devices complete after 26.880 msecs
[   19.924587] Disabling non-boot CPUs ...
[   19.924875] IRQ17 no longer affine to CPU1
[   19.925110] CPU1: shutdown
[   19.964892] CPU2: shutdown
[   20.024697] CPU3: shutdown
[   20.073961] Entering suspend state LP1
[   20.073961] Suspended for 2.849 seconds
[   20.073971] Enabling non-boot CPUs ...
[   20.104078] CPU1 is up
[   20.144116] CPU2 is up
[   20.184243] CPU3 is up
[   20.184989] pcieport 0000:00:02.0: nv_msi_ht_cap_quirk didn't locate host bridge
[   20.184992] pcieport 0000:00:01.0: nv_msi_ht_cap_quirk didn't locate host bridge
[   20.213320] PM: noirq resume of devices complete after 29.072 msecs
[   20.215164] PM: early resume of devices complete after 1.528 msecs
[   20.218583] tegra-hdmi 54280000.hdmi: cannot set audio to 48000 Hz at 297000000 Hz pixel clock
[   20.298397] PM: resume of devices complete after 83.223 msecs
[   20.393554] Restarting tasks ... done.
root@(none):/# 
root@(none):/# [   20.545828] ata1: SATA link down (SStatus 0 SControl 300)
rtcwake -d rtc1 -m mem -s 3
rtcwake: assuming RTC uses UTC ...
rtcwake: wakeup from "mem" using /dev/rtc1 at Thu Jan  1 00:00:55 1970
[   21.710267] PM: Syncing filesystems ... done.
[   21.829649] Freezing user space processes ... (elapsed 0.001 seconds) done.
[   21.838071] Freezing remaining freezable tasks ... (elapsed 0.001 seconds) done.
[   21.847023] Suspending console(s) (use no_console_suspend to debug)
[   21.891461] pci_generic_config_write32: 116 callbacks suppressed
[   21.891483] pci_bus 0000:00: 2-byte config write to 0000:00:02.0 offset 0x9c may corrupt adjacent RW1C bits
[   21.891525] pci_bus 0000:00: 2-byte config write to 0000:00:01.0 offset 0x9c may corrupt adjacent RW1C bits
[   22.006447] PM: suspend of devices complete after 151.304 msecs
[   22.012440] PM: late suspend of devices complete after 5.966 msecs
[   22.013455] pci_bus 0000:02: 2-byte config write to 0000:02:00.0 offset 0x44 may corrupt adjacent RW1C bits
[   22.013494] pci_bus 0000:02: 2-byte config write to 0000:02:00.0 offset 0x44 may corrupt adjacent RW1C bits
[   22.047873] PM: noirq suspend of devices complete after 35.414 msecs
[   22.047880] Disabling non-boot CPUs ...
[   22.049375] CPU1: shutdown
[   22.108922] CPU2: shutdown
[   22.167933] CPU3: shutdown
[   22.215710] Entering suspend state LP1
[   22.215710] Suspended for 2.857 seconds
[   22.215721] Enabling non-boot CPUs ...
[   22.244052] CPU1 is up
[   22.284083] CPU2 is up
[   22.324219] CPU3 is up
[   22.324849] pci_bus 0000:00: 2-byte config write to 0000:00:01.0 offset 0x4c may corrupt adjacent RW1C bits
[   22.324857] pci_bus 0000:00: 2-byte config write to 0000:00:02.0 offset 0x4c may corrupt adjacent RW1C bits
[   22.324869] pci_bus 0000:00: 2-byte config write to 0000:00:01.0 offset 0x88 may corrupt adjacent RW1C bits
[   22.324874] pci_bus 0000:00: 2-byte config write to 0000:00:02.0 offset 0x88 may corrupt adjacent RW1C bits
[   22.324880] pci_bus 0000:00: 2-byte config write to 0000:00:01.0 offset 0x90 may corrupt adjacent RW1C bits
[   22.324885] pci_bus 0000:00: 2-byte config write to 0000:00:02.0 offset 0x90 may corrupt adjacent RW1C bits
[   22.324992] pcieport 0000:00:01.0: nv_msi_ht_cap_quirk didn't locate host bridge
[   22.324993] pcieport 0000:00:02.0: nv_msi_ht_cap_quirk didn't locate host bridge
[   22.353284] PM: noirq resume of devices complete after 29.059 msecs
[   22.355005] PM: early resume of devices complete after 1.391 msecs
[   22.358174] tegra-hdmi 54280000.hdmi: cannot set audio to 48000 Hz at 297000000 Hz pixel clock
[   22.438002] PM: resume of devices complete after 82.988 msecs
[   22.632403] Restarting tasks ... done.
root@(none):/# 
[   22.686073] ata1: SATA link down (SStatus 0 SControl 300)
root@(none):/# rtcwake -d rtc1 -m mem -s 3
rtcwake: assuming RTC uses UTC ...
rtcwake: wakeup from "mem" using /dev/rtc1 at Thu Jan  1 00:01:00 1970
[   23.854499] PM: Syncing filesystems ... done.
[   24.030026] Freezing user space processes ... (elapsed 0.001 seconds) done.
[   24.038641] Freezing remaining freezable tasks ... (elapsed 0.001 seconds) done.
[   24.047846] Suspending console(s) (use no_console_suspend to debug)
[   24.186699] PM: suspend of devices complete after 129.922 msecs
[   24.198020] PM: late suspend of devices complete after 11.283 msecs
[   24.230232] PM: noirq suspend of devices complete after 32.182 msecs
[   24.230243] Disabling non-boot CPUs ...
[   24.232554] CPU1: shutdown
[   24.301274] CPU2: shutdown
[   24.359933] CPU3: shutdown
[   24.387365] Entering suspend state LP1
[   24.387365] Suspended for 2.828 seconds
[   24.387375] Enabling non-boot CPUs ...
[   24.414023] CPU1 is up
[   24.454049] CPU2 is up
[   24.494181] CPU3 is up
[   24.494919] pcieport 0000:00:01.0: nv_msi_ht_cap_quirk didn't locate host bridge
[   24.494922] pcieport 0000:00:02.0: nv_msi_ht_cap_quirk didn't locate host bridge
[   24.523246] PM: noirq resume of devices complete after 29.059 msecs
[   24.524900] PM: early resume of devices complete after 1.335 msecs
[   24.528146] tegra-hdmi 54280000.hdmi: cannot set audio to 48000 Hz at 297000000 Hz pixel clock
[   24.608945] PM: resume of devices complete after 84.035 msecs
[   24.700122] Restarting tasks ... done.
root@(none):/# 
root@(none):/# [   24.853999] ata1: SATA link down (SStatus 0 SControl 300)
rtcwake -d rtc1 -m mem -s 3
rtcwake: assuming RTC uses UTC ...
rtcwake: wakeup from "mem" using /dev/rtc1 at Thu Jan  1 00:01:05 1970
[   26.027826] PM: Syncing filesystems ... done.
[   26.202861] Freezing user space processes ... (elapsed 0.001 seconds) done.
[   26.211270] Freezing remaining freezable tasks ... (elapsed 0.001 seconds) done.
[   26.219896] Suspending console(s) (use no_console_suspend to debug)
[   26.354888] PM: suspend of devices complete after 128.115 msecs
[   26.357449] PM: late suspend of devices complete after 2.550 msecs
[   26.384450] PM: noirq suspend of devices complete after 26.995 msecs
[   26.384453] Disabling non-boot CPUs ...
[   26.384978] CPU1: shutdown
[   26.434748] CPU2: shutdown
[   26.494560] CPU3: shutdown
[   26.523958] Entering suspend state LP1
[   26.523958] Suspended for 2.863 seconds
[   26.523969] Enabling non-boot CPUs ...
[   26.553991] CPU1 is up
[   26.594020] CPU2 is up
[   26.634144] CPU3 is up
[   26.634866] pcieport 0000:00:01.0: nv_msi_ht_cap_quirk didn't locate host bridge
[   26.634886] pcieport 0000:00:02.0: nv_msi_ht_cap_quirk didn't locate host bridge
[   26.663215] PM: noirq resume of devices complete after 29.066 msecs
[   26.665003] PM: early resume of devices complete after 1.463 msecs
[   26.668259] tegra-hdmi 54280000.hdmi: cannot set audio to 48000 Hz at 297000000 Hz pixel clock
[   26.748157] PM: resume of devices complete after 83.144 msecs
[   26.839244] Restarting tasks ... done.
root@(none):/# 
root@(none):/# [   26.993937] ata1: SATA link down (SStatus 0 SControl 300)
NVTB SYSTEM SUSPEND TEST COMPLETE
