
U-Boot SPL 2014.01-00219-gc4d376f (Feb 18 2014 - 19:57:18)


U-Boot 2014.01-00219-gc4d376f (Feb 18 2014 - 19:57:18)

TEGRA30
Board: NVIDIA Beaver
I2C:   ready
DRAM:  2 GiB
MMC:   Tegra SD/MMC: 0, Tegra SD/MMC: 1
In:    serial
Out:   serial
Err:   serial
Net:   Net Initialization Skipped
No ethernet found.
Hit any key to stop autoboot:  2  0 
Tegra30 (Beaver) # 
Tegra30 (Beaver) # usb reset
(Re)start USB...
USB0:   USB EHCI 1.00
scanning bus 0 for devices... 2 USB Device(s) found
       scanning usb for storage devices... 0 Storage Device(s) found
       scanning usb for ethernet devices... 
Warning: asx0 using MAC address from net device
1 Ethernet Device(s) found
Tegra30 (Beaver) # setenv bootargs 'ignore_loglevel console=ttyS0,115200n8 rw root=PARTUUID=edbe1840-3633-c751-7993-b0ac834f81e0 rootwait gpt debug noinitrd earlyprintk init=/bin/bash'
Tegra30 (Beaver) # setenv ipaddr 192.168.100.101; setenv serverip 192.168.100.1; setenv tftpserverip 192.168.100.1
Tegra30 (Beaver) # tftpboot 0x81000000 zImage.multi_v7_defconfig
Using asx0 device
TFTP from server 192.168.100.1; our IP address is 192.168.100.101
Filename 'zImage.multi_v7_defconfig'.
Load address: 0x81000000
Loading: *#################################################################
	 #################################################################
	 #################################################################
	 #################################################################
	 #################################################################
	 #################################################################
	 #################################################################
	 ##########################################
	 3.5 MiB/s
done
Bytes transferred = 7288016 (6f34d0 hex)
Tegra30 (Beaver) # tftpboot 0x82000000 tegra30-beaver.dtb
Using asx0 device
TFTP from server 192.168.100.1; our IP address is 192.168.100.101
Filename 'tegra30-beaver.dtb'.
Load address: 0x82000000
Loading: *####
	 3.3 MiB/s
done
Bytes transferred = 51572 (c974 hex)
Tegra30 (Beaver) # bootz 0x81000000 - 0x82000000
Kernel image @ 0x81000000 [ 0x000000 - 0x6f34d0 ]
## Flattened Device Tree blob at 82000000
   Booting using the fdt blob at 0x82000000
   Loading Device Tree to 8fff0000, end 8ffff973 ... OK

Starting kernel ...

[    0.000000] Booting Linux on physical CPU 0x0
[    0.000000] Linux version 4.9.0-rc7-128686-ge5517c2 (pwalmsley@sellafield) (gcc version 4.7.3 20130328 (prerelease) (crosstool-NG linaro-1.13.1-4.7-2013.04-20130415 - Linaro GCC 2013.04) ) #1 SMP Sun Nov 27 13:35:08 PST 2016
[    0.000000] CPU: ARMv7 Processor [412fc099] revision 9 (ARMv7), cr=10c5387d
[    0.000000] CPU: PIPT / VIPT nonaliasing data cache, VIPT aliasing instruction cache
[    0.000000] OF: fdt:Machine model: NVIDIA Tegra30 Beaver evaluation board
[    0.000000] debug: ignoring loglevel setting.
[    0.000000] efi: Getting EFI parameters from FDT:
[    0.000000] efi: UEFI not found.
[    0.000000] cma: Reserved 64 MiB at 0xfb800000
[    0.000000] Memory policy: Data cache writealloc
[    0.000000] On node 0 totalpages: 524032
[    0.000000] free_area_init_node: node 0, pgdat c1427fc0, node_mem_map eeff8000
[    0.000000]   DMA zone: 1536 pages used for memmap
[    0.000000]   DMA zone: 0 pages reserved
[    0.000000]   DMA zone: 196608 pages, LIFO batch:31
[    0.000000]   HighMem zone: 327424 pages, LIFO batch:31
[    0.000000] percpu: Embedded 14 pages/cpu @eef94000 s26624 r8192 d22528 u57344
[    0.000000] pcpu-alloc: s26624 r8192 d22528 u57344 alloc=14*4096
[    0.000000] pcpu-alloc: [0] 0 [0] 1 [0] 2 [0] 3 
[    0.000000] Built 1 zonelists in Zone order, mobility grouping on.  Total pages: 522496
[    0.000000] Kernel command line: ignore_loglevel console=ttyS0,115200n8 rw root=PARTUUID=edbe1840-3633-c751-7993-b0ac834f81e0 rootwait gpt debug noinitrd earlyprintk init=/bin/bash
[    0.000000] PID hash table entries: 4096 (order: 2, 16384 bytes)
[    0.000000] Dentry cache hash table entries: 131072 (order: 7, 524288 bytes)
[    0.000000] Inode-cache hash table entries: 65536 (order: 6, 262144 bytes)
[    0.000000] Memory: 1995008K/2096128K available (9216K kernel code, 1190K rwdata, 4068K rodata, 2048K init, 343K bss, 35584K reserved, 65536K cma-reserved, 1244160K highmem)
[    0.000000] Virtual kernel memory layout:
[    0.000000]     vector  : 0xffff0000 - 0xffff1000   (   4 kB)
[    0.000000]     fixmap  : 0xffc00000 - 0xfff00000   (3072 kB)
[    0.000000]     vmalloc : 0xf0800000 - 0xff800000   ( 240 MB)
[    0.000000]     lowmem  : 0xc0000000 - 0xf0000000   ( 768 MB)
[    0.000000]     pkmap   : 0xbfe00000 - 0xc0000000   (   2 MB)
[    0.000000]     modules : 0xbf000000 - 0xbfe00000   (  14 MB)
[    0.000000]       .text : 0xc0208000 - 0xc0c00000   (10208 kB)
[    0.000000]       .init : 0xc1100000 - 0xc1300000   (2048 kB)
[    0.000000]       .data : 0xc1300000 - 0xc1429aa0   (1191 kB)
[    0.000000]        .bss : 0xc142b000 - 0xc1480fc8   ( 344 kB)
[    0.000000] SLUB: HWalign=64, Order=0-3, MinObjects=0, CPUs=4, Nodes=1
[    0.000000] Hierarchical RCU implementation.
[    0.000000] 	Build-time adjustment of leaf fanout to 32.
[    0.000000] 	RCU restricting CPUs from NR_CPUS=16 to nr_cpu_ids=4.
[    0.000000] RCU: Adjusting geometry for rcu_fanout_leaf=32, nr_cpu_ids=4
[    0.000000] NR_IRQS:16 nr_irqs:16 16
[    0.000000] /interrupt-controller@60004000: 160 interrupts forwarded to /interrupt-controller@50041000
[    0.000000] L2C: platform modifies aux control register: 0x02080000 -> 0x3e480001
[    0.000000] L2C: DT/platform modifies aux control register: 0x02080000 -> 0x3e480001
[    0.000000] L2C-310 erratum 769419 enabled
[    0.000000] L2C-310 enabling early BRESP for Cortex-A9
[    0.000000] L2C-310: enabling full line of zeros but not enabled in Cortex-A9
[    0.000000] L2C-310 dynamic clock gating enabled, standby mode enabled
[    0.000000] L2C-310 cache controller enabled, 8 ways, 1024 kB
[    0.000000] L2C-310: CACHE_ID 0x410000c7, AUX_CTRL 0x4e480001
[    0.000013] sched_clock: 32 bits at 1000kHz, resolution 1000ns, wraps every 2147483647500ns
[    0.000031] clocksource: timer_us: mask: 0xffffffff max_cycles: 0xffffffff, max_idle_ns: 1911260446275 ns
[    0.000040] Switching to timer-based delay loop, resolution 1000ns
[    0.002751] Console: colour dummy device 80x30
[    0.002778] Calibrating delay loop (skipped), value calculated using timer frequency.. 2.00 BogoMIPS (lpj=5000)
[    0.002787] pid_max: default: 32768 minimum: 301
[    0.002874] Mount-cache hash table entries: 2048 (order: 1, 8192 bytes)
[    0.002880] Mountpoint-cache hash table entries: 2048 (order: 1, 8192 bytes)
[    0.003305] CPU: Testing write buffer coherency: ok
[    0.003596] CPU0: thread -1, cpu 0, socket 0, mpidr 80000000
[    0.003641] Setting up static identity map for 0x80300000 - 0x80300098
[    0.006127] Tegra Revision: A03 SKU: 128 CPU Process: 4 SoC Process: 0
[    0.006615] EFI services will not be available.
[    0.010360] CPU1: thread -1, cpu 1, socket 0, mpidr 80000001
[    0.015337] CPU2: thread -1, cpu 2, socket 0, mpidr 80000002
[    0.020337] CPU3: thread -1, cpu 3, socket 0, mpidr 80000003
[    0.020381] Brought up 4 CPUs
[    0.020394] SMP: Total of 4 processors activated (8.00 BogoMIPS).
[    0.020399] CPU: All CPU(s) started in SVC mode.
[    0.021090] devtmpfs: initialized
[    0.029891] VFP support v0.3: implementor 41 architecture 3 part 30 variant 9 rev 4
[    0.030350] clocksource: jiffies: mask: 0xffffffff max_cycles: 0xffffffff, max_idle_ns: 9556302231375000 ns
[    0.033630] pinctrl core: initialized pinctrl subsystem
[    0.035194] NET: Registered protocol family 16
[    0.037307] DMA: preallocated 256 KiB pool for atomic coherent allocations
[    0.049925] cpuidle: using governor menu
[    0.064013] No ATAGs?
[    0.064042] hw-breakpoint: found 5 (+1 reserved) breakpoint and 1 watchpoint registers.
[    0.064049] hw-breakpoint: maximum watchpoint size is 4 bytes.
[    0.067966] Serial: AMBA PL011 UART driver
[    0.068406] tegra-mc 7000f000.memory-controller: no memory timings for RAM code 3 registered
[    0.087884] vdd_5v_sata: Failed to request enable GPIO30: -517
[    0.087898] reg-fixed-voltage regulators:regulator@3: Failed to register regulator: -517
[    0.087940] usb1_vbus: Failed to request enable GPIO238: -517
[    0.087947] reg-fixed-voltage regulators:regulator@4: Failed to register regulator: -517
[    0.087989] usb3_vbus: Failed to request enable GPIO236: -517
[    0.087996] reg-fixed-voltage regulators:regulator@5: Failed to register regulator: -517
[    0.088081] sys_3v3_pexs: Failed to request enable GPIO95: -517
[    0.088088] reg-fixed-voltage regulators:regulator@7: Failed to register regulator: -517
[    0.089951] vgaarb: loaded
[    0.090438] SCSI subsystem initialized
[    0.090579] libata version 3.00 loaded.
[    0.090750] usbcore: registered new interface driver usbfs
[    0.090785] usbcore: registered new interface driver hub
[    0.090820] usbcore: registered new device driver usb
[    0.097925] vrtc: supplied by vdd_5v_in
[    0.101215] vio: supplied by vdd_5v_in
[    0.106822] vdd1: supplied by vdd_5v_in
[    0.108177] vddio_ddr_1v2: Bringing 600000uV into 1200000-1200000uV
[    0.111837] vdd2: supplied by vdd_5v_in
[    0.121819] ldo1: supplied by vdd_1v5_gen
[    0.124208] ldo2: supplied by vdd_1v5_gen
[    0.124678] vdd_sata,avdd_plle: Bringing 1200000uV into 1050000-1050000uV
[    0.126909] ldo3: supplied by vdd_5v_in
[    0.129270] ldo4: supplied by vdd_5v_in
[    0.131824] ldo5: supplied by vdd_5v_in
[    0.136817] ldo6: supplied by vdd_1v8_gen
[    0.137285] avdd_dsi_csi,pwrdet_mipi: Bringing 1000000uV into 1200000-1200000uV
[    0.139526] ldo7: supplied by vdd_1v8_gen
[    0.146828] ldo8: supplied by vdd_1v8_gen
[    0.151857] pps_core: LinuxPPS API ver. 1 registered
[    0.151863] pps_core: Software ver. 5.3.6 - Copyright 2005-2007 Rodolfo Giometti <giometti@linux.it>
[    0.151879] PTP clock support registered
[    0.152012] EDAC MC: Ver: 3.0.0
[    0.153535] clocksource: Switched to clocksource timer_us
[    0.159359] NET: Registered protocol family 2
[    0.159761] TCP established hash table entries: 8192 (order: 3, 32768 bytes)
[    0.159816] TCP bind hash table entries: 8192 (order: 4, 65536 bytes)
[    0.159899] TCP: Hash tables configured (established 8192 bind 8192)
[    0.159979] UDP hash table entries: 512 (order: 2, 16384 bytes)
[    0.160038] UDP-Lite hash table entries: 512 (order: 2, 16384 bytes)
[    0.160207] NET: Registered protocol family 1
[    0.160468] RPC: Registered named UNIX socket transport module.
[    0.160475] RPC: Registered udp transport module.
[    0.160479] RPC: Registered tcp transport module.
[    0.160483] RPC: Registered tcp NFSv4.1 backchannel transport module.
[    0.160492] PCI: CLS 0 bytes, default 64
[    0.161266] hw perfevents: enabled with armv7_cortex_a9 PMU driver, 7 counters available
[    0.162128] futex hash table entries: 1024 (order: 4, 65536 bytes)
[    0.162596] workingset: timestamp_bits=30 max_order=19 bucket_order=0
[    0.167834] squashfs: version 4.0 (2009/01/31) Phillip Lougher
[    0.168318] NFS: Registering the id_resolver key type
[    0.168345] Key type id_resolver registered
[    0.168349] Key type id_legacy registered
[    0.168378] ntfs: driver 2.1.32 [Flags: R/O].
[    0.169180] bounce: pool size: 64 pages
[    0.169307] Block layer SCSI generic (bsg) driver version 0.4 loaded (major 248)
[    0.169317] io scheduler noop registered
[    0.169322] io scheduler deadline registered
[    0.169413] io scheduler cfq registered (default)
[    0.171569] libphy: mdio_driver_register: phy-bcm-ns2-pci
[    0.175029] tegra30-pinctrl 70000868.pinmux: invalid group "sdmmc3_dat6_pd3" for function "rsvd1"
[    0.175044] tegra30-pinctrl 70000868.pinmux: invalid group "sdmmc3_dat7_pd4" for function "rsvd1"
[    0.175058] tegra30-pinctrl 70000868.pinmux: invalid group "vi_vsync_pd6" for function "rsvd1"
[    0.175068] tegra30-pinctrl 70000868.pinmux: invalid group "vi_hsync_pd7" for function "rsvd1"
[    0.175532] tegra30-pinctrl 70000868.pinmux: invalid group "hdmi_int_pn7" for function "rsvd1"
[    0.175576] tegra30-pinctrl 70000868.pinmux: invalid group "ulpi_data3_po4" for function "rsvd1"
[    0.175908] tegra30-pinctrl 70000868.pinmux: invalid group "vi_d10_pt2" for function "rsvd1"
[    0.175921] tegra30-pinctrl 70000868.pinmux: invalid group "vi_d11_pt3" for function "rsvd1"
[    0.175932] tegra30-pinctrl 70000868.pinmux: invalid group "vi_d0_pt4" for function "rsvd1"
[    0.175973] tegra30-pinctrl 70000868.pinmux: invalid group "pu0" for function "rsvd1"
[    0.176003] tegra30-pinctrl 70000868.pinmux: invalid group "pu3" for function "rsvd1"
[    0.176032] tegra30-pinctrl 70000868.pinmux: invalid group "pu6" for function "rsvd1"
[    0.176072] tegra30-pinctrl 70000868.pinmux: invalid group "pv3" for function "rsvd1"
[    0.176570] tegra30-pinctrl 70000868.pinmux: invalid group "pbb0" for function "rsvd1"
[    0.176684] tegra30-pinctrl 70000868.pinmux: invalid group "pcc1" for function "rsvd1"
[    0.181732] tegra-pcie 3000.pcie-controller: 2x3 configuration
[    0.181882] tegra-pcie 3000.pcie-controller: Failed to get supply 'hvdd-pex': -517
[    0.187228] tegra-apbdma 6000a000.dma: Tegra20 APB DMA driver register 32 channels
[    0.188253] tegra-pmc 7000e400.pmc: i2c-thermtrip node not found, emergency thermal reset disabled.
[    0.221006] Serial: 8250/16550 driver, 4 ports, IRQ sharing disabled
[    0.223083] console [ttyS0] disabled
[    0.223122] 70006000.serial: ttyS0 at MMIO 0x70006000 (irq = 331, base_baud = 25500000) is a Tegra
[    1.222935] console [ttyS0] enabled
[    1.226920] SuperH (H)SCI(F) driver initialized
[    1.232025] msm_serial: driver initialized
[    1.236226] STMicroelectronics ASC driver initialized
[    1.243371] [drm] Initialized
[    1.248238] tegra-hdmi 54280000.hdmi: failed to get HDMI regulator
[    1.262295] brd: module loaded
[    1.269247] loop: module loaded
[    1.277418] m25p80 spi32766.1: w25q32 (4096 Kbytes)
[    1.284110] libphy: Fixed MDIO Bus: probed
[    1.288840] CAN device driver interface
[    1.293847] e1000e: Intel(R) PRO/1000 Network Driver - 3.2.6-k
[    1.299673] e1000e: Copyright(c) 1999 - 2015 Intel Corporation.
[    1.305628] igb: Intel(R) Gigabit Ethernet Network Driver - version 5.4.0-k
[    1.312579] igb: Copyright (c) 2007-2014 Intel Corporation.
[    1.320001] pegasus: v0.9.3 (2013/04/25), Pegasus/Pegasus II USB Ethernet driver
[    1.327443] usbcore: registered new interface driver pegasus
[    1.333127] usbcore: registered new interface driver asix
[    1.338548] usbcore: registered new interface driver ax88179_178a
[    1.344657] usbcore: registered new interface driver cdc_ether
[    1.350514] usbcore: registered new interface driver smsc75xx
[    1.356286] usbcore: registered new interface driver smsc95xx
[    1.362053] usbcore: registered new interface driver net1080
[    1.367728] usbcore: registered new interface driver cdc_subset
[    1.373669] usbcore: registered new interface driver zaurus
[    1.379273] usbcore: registered new interface driver cdc_ncm
[    1.386282] ehci_hcd: USB 2.0 'Enhanced' Host Controller (EHCI) Driver
[    1.392810] ehci-pci: EHCI PCI platform driver
[    1.397276] ehci-platform: EHCI generic platform driver
[    1.402611] ehci-orion: EHCI orion driver
[    1.406693] SPEAr-ehci: EHCI SPEAr driver
[    1.410776] ehci-st: EHCI STMicroelectronics driver
[    1.415728] ehci-exynos: EHCI EXYNOS driver
[    1.419996] ehci-atmel: EHCI Atmel driver
[    1.424074] tegra-ehci: Tegra EHCI driver
[    1.428356] ohci_hcd: USB 1.1 'Open' Host Controller (OHCI) Driver
[    1.434543] ohci-pci: OHCI PCI platform driver
[    1.439013] ohci-platform: OHCI generic platform driver
[    1.444329] ohci-omap3: OHCI OMAP3 driver
[    1.448400] SPEAr-ohci: OHCI SPEAr driver
[    1.452483] ohci-st: OHCI STMicroelectronics driver
[    1.457430] ohci-atmel: OHCI Atmel driver
[    1.461862] usbcore: registered new interface driver usb-storage
[    1.468796] mousedev: PS/2 mouse device common for all mice
[    1.476039] tegra_rtc 7000e000.rtc: rtc core: registered 7000e000.rtc as rtc1
[    1.483221] tegra_rtc 7000e000.rtc: Tegra internal Real Time Clock
[    1.492065] random: fast init done
[    1.505367] tps65910-rtc tps65910-rtc: rtc core: registered tps65910-rtc as rtc0
[    1.512947] i2c /dev entries driver
[    1.523826] sdhci: Secure Digital Host Controller Interface driver
[    1.530005] sdhci: Copyright(c) Pierre Ossman
[    1.535215] Synopsys Designware Multimedia Card Interface Driver
[    1.541844] sdhci-pltfm: SDHCI platform and OF driver helper
[    1.547992] sdhci-tegra 78000000.sdhci: Got CD GPIO
[    1.552881] sdhci-tegra 78000000.sdhci: Got WP GPIO
[    1.558992] mmc0: Invalid maximum block size, assuming 512 bytes
[    1.608620] mmc0: SDHCI controller on 78000000.sdhci [78000000.sdhci] using ADMA
[    1.617212] mmc1: Invalid maximum block size, assuming 512 bytes
[    1.663545] mmc1: SDHCI controller on 78000600.sdhci [78000600.sdhci] using ADMA
[    1.672229] ledtrig-cpu: registered to indicate activity on CPUs
[    1.678471] usbcore: registered new interface driver usbhid
[    1.684040] usbhid: USB HID core driver
[    1.689933] NET: Registered protocol family 10
[    1.695005] sit: IPv6, IPv4 and MPLS over IPv4 tunneling driver
[    1.701359] NET: Registered protocol family 17
[    1.705813] can: controller area network core (rev 20120528 abi 9)
[    1.712026] NET: Registered protocol family 29
[    1.716466] can: raw protocol (rev 20120528)
[    1.720731] can: broadcast manager protocol (rev 20161123 t)
[    1.726389] can: netlink gateway (rev 20130117) max_hops=1
[    1.732137] Key type dns_resolver registered
[    1.736806] ThumbEE CPU extension supported.
[    1.741083] Registering SWP/SWPB emulation handler
[    1.771116] vdd_ddr: supplied by vdd_5v_in
[    1.776830] vdd_5v_sata: supplied by vdd_5v_in
[    1.781571] usb1_vbus: supplied by vdd_5v_in
[    1.786121] usb3_vbus: supplied by vdd_5v_in
[    1.792805] sys_3v3,vdd_3v3_alw: supplied by vdd_5v_in
[    1.798517] +VDD_5V_HDMI: supplied by sys_3v3,vdd_3v3_alw
[    1.804142] sys_3v3_pexs: supplied by sys_3v3,vdd_3v3_alw
[    1.810247] tegra-pcie 3000.pcie-controller: 2x3 configuration
[    1.813881] mmc0: new ultra high speed DDR50 SDHC card at address aaaa
[    1.815043] mmcblk0: mmc0:aaaa SS04G 3.69 GiB 
[    1.829874] tegra-pcie 3000.pcie-controller: probing port 0, using 2 lanes
[    1.832530] mmc1: new high speed MMC card at address 0001
[    1.834420] mmcblk1: mmc1:0001 SEM16G 14.8 GiB 
[    1.834545] mmcblk1boot0: mmc1:0001 SEM16G partition 1 1.00 MiB
[    1.834682] mmcblk1boot1: mmc1:0001 SEM16G partition 2 1.00 MiB
[    1.834809] mmcblk1rpmb: mmc1:0001 SEM16G partition 3 128 KiB
[    1.839801] Primary GPT is invalid, using alternate GPT.
[    1.839821]  mmcblk1: p1 p2 p3 p4 p5
[    1.840372]  mmcblk0: p1 p2 p3
[    1.898263] tegra-pcie 3000.pcie-controller: probing port 2, using 2 lanes
[    2.308992] tegra-pcie 3000.pcie-controller: link 2 down, retrying
[    2.719019] tegra-pcie 3000.pcie-controller: link 2 down, retrying
[    3.129033] tegra-pcie 3000.pcie-controller: link 2 down, retrying
[    3.137222] tegra-pcie 3000.pcie-controller: link 2 down, ignoring
[    3.143536] tegra-pcie 3000.pcie-controller: PCI host bridge to bus 0000:00
[    3.150494] pci_bus 0000:00: root bus resource [io  0x0000-0xffff]
[    3.156666] pci_bus 0000:00: root bus resource [mem 0x20000000-0x27ffffff]
[    3.163532] pci_bus 0000:00: root bus resource [mem 0x28000000-0x3fffffff pref]
[    3.170832] pci_bus 0000:00: root bus resource [bus 00-ff]
[    3.176334] pci 0000:00:01.0: [10de:0e1c] type 01 class 0x060400
[    3.182398] pci 0000:00:01.0: PME# supported from D0 D1 D2 D3hot D3cold
[    3.189156] PCI: bus0: Fast back to back transfers disabled
[    3.194727] pci 0000:00:01.0: bridge configuration invalid ([bus 00-00]), reconfiguring
[    3.202820] pci 0000:01:00.0: [10ec:8168] type 00 class 0x020000
[    3.208839] pci 0000:01:00.0: reg 0x10: [io  0x0000-0x00ff]
[    3.214419] pci 0000:01:00.0: reg 0x18: [mem 0x00000000-0x00000fff 64bit pref]
[    3.221639] pci 0000:01:00.0: reg 0x20: [mem 0x00000000-0x00003fff 64bit pref]
[    3.228924] pci 0000:01:00.0: supports D1 D2
[    3.233181] pci 0000:01:00.0: PME# supported from D0 D1 D2 D3hot D3cold
[    3.253558] PCI: bus1: Fast back to back transfers disabled
[    3.259130] pci_bus 0000:01: busn_res: [bus 01-ff] end is updated to 01
[    3.265802] pci 0000:00:01.0: BAR 9: assigned [mem 0x28000000-0x280fffff 64bit pref]
[    3.273538] pci 0000:00:01.0: BAR 7: assigned [io  0x1000-0x1fff]
[    3.279628] pci 0000:01:00.0: BAR 4: assigned [mem 0x28000000-0x28003fff 64bit pref]
[    3.287369] pci 0000:01:00.0: BAR 2: assigned [mem 0x28004000-0x28004fff 64bit pref]
[    3.295110] pci 0000:01:00.0: BAR 0: assigned [io  0x1000-0x10ff]
[    3.301198] pci 0000:00:01.0: PCI bridge to [bus 01]
[    3.306158] pci 0000:00:01.0:   bridge window [io  0x1000-0x1fff]
[    3.312243] pci 0000:00:01.0:   bridge window [mem 0x28000000-0x280fffff 64bit pref]
[    3.319989] pci 0000:00:01.0: nv_msi_ht_cap_quirk didn't locate host bridge
[    3.326999] pcieport 0000:00:01.0: enabling device (0140 -> 0143)
[    3.333303] pcieport 0000:00:01.0: Signaling PME through PCIe PME interrupt
[    3.340262] pci 0000:01:00.0: Signaling PME through PCIe PME interrupt
[    3.346783] pcie_pme 0000:00:01.0:pcie001: service driver pcie_pme loaded
[    3.353757] r8169 Gigabit Ethernet driver 2.3LK-NAPI loaded
[    3.359345] r8169 0000:01:00.0: enabling device (0140 -> 0143)
[    3.366513] r8169 0000:01:00.0 eth0: RTL8168evl/8111evl at 0xf09f8000, 02:04:4b:01:60:a6, XID 0c900800 IRQ 375
[    3.376514] r8169 0000:01:00.0 eth0: jumbo features [frames: 9200 bytes, tx checksumming: ko]
[    3.388595] [drm] Supports vblank timestamp caching Rev 2 (21.10.2013).
[    3.395208] [drm] No driver support for vblank timestamp query.
[    3.401139] drm drm: No connectors reported connected with modes
[    3.407141] [drm] Cannot find any crtc or sizes - going 1024x768
[    3.432745] Console: switching to colour frame buffer device 128x48
[    3.445062] drm drm: fb0:  frame buffer device
[    3.463931] [drm] Initialized tegra 0.0.0 20120330 on minor 0
[    3.475068] utmi_phy_clk_enable: timeout waiting for phy to stabilize
[    3.481539] tegra-ehci 7d004000.usb: EHCI Host Controller
[    3.486950] tegra-ehci 7d004000.usb: new USB bus registered, assigned bus number 1
[    3.494780] tegra-ehci 7d004000.usb: irq 343, io mem 0x7d004000
[    3.513937] tegra-ehci 7d004000.usb: USB 2.0 started, EHCI 1.00
[    3.520814] hub 1-0:1.0: USB hub found
[    3.524595] hub 1-0:1.0: 1 port detected
[    3.529665] tegra-ehci 7d008000.usb: EHCI Host Controller
[    3.535079] tegra-ehci 7d008000.usb: new USB bus registered, assigned bus number 2
[    3.542819] tegra-ehci 7d008000.usb: irq 344, io mem 0x7d008000
[    3.563935] tegra-ehci 7d008000.usb: USB 2.0 started, EHCI 1.00
[    3.570716] hub 2-0:1.0: USB hub found
[    3.574484] hub 2-0:1.0: 1 port detected
[    3.584452] tps65910-rtc tps65910-rtc: setting system clock to 2000-01-01 00:00:02 UTC (946684802)
[    3.594068] vdd_sata,avdd_plle: disabling
[    3.598818] usb1_vbus: disabling
[    3.603619] EXT4-fs (mmcblk1p1): mounting ext3 file system using the ext4 subsystem
[    3.619380] EXT4-fs (mmcblk1p1): warning: mounting fs with errors, running e2fsck is recommended
[    3.629598] EXT4-fs (mmcblk1p1): recovery complete
[    3.634401] EXT4-fs (mmcblk1p1): mounted filesystem with ordered data mode. Opts: (null)
[    3.642511] VFS: Mounted root (ext3 filesystem) on device 179:17.
[    3.652764] devtmpfs: mounted
[    3.658187] Freeing unused kernel memory: 2048K (c1100000 - c1300000)
bash: cannot set terminal process group (-1): Inappropriate ioctl for device
bash: no job control in this shell
root@(none):/# [    3.913947] usb 2-1: new high-speed USB device number 2 using tegra-ehci
mount -t sysfs none /sys
root@(none):/# 
root@(none):/# [    4.513358] asix 2-1:1.0 eth1: register 'asix' at usb-7d008000.usb-1, ASIX AX88772 USB 2.0 Ethernet, 00:50:b6:0f:67:60
mount -t debugfs none /sys/kernel/debug
root@(none):/# 
root@(none):/# rtcwake -d rtc1 -m mem -s 3
rtcwake: wakeup from "mem" using /dev/rtc1 at Thu Jan  1 00:00:21 1970
[    6.473674] PM: Syncing filesystems ... done.
[    6.487221] Freezing user space processes ... (elapsed 0.001 seconds) done.
[    6.495341] Freezing remaining freezable tasks ... (elapsed 0.001 seconds) done.
[    6.503980] Suspending console(s) (use no_console_suspend to debug)
[    6.511713] asix 2-1:1.0 eth1: Failed to read reg index 0x0000: -19
[    6.511719] asix 2-1:1.0 eth1: Error reading Medium Status register: ffffffed
[    6.511724] asix 2-1:1.0 eth1: Failed to write reg index 0x0000: -19
[    6.511728] asix 2-1:1.0 eth1: Failed to write Medium Mode mode to 0xfeed: ffffffed
[    6.562476] PM: suspend of devices complete after 51.217 msecs
[    6.565684] PM: late suspend of devices complete after 3.200 msecs
[    6.584174] PM: noirq suspend of devices complete after 18.482 msecs
[    6.584177] Disabling non-boot CPUs ...
[    6.584894] CPU1: shutdown
[    6.630004] IRQ17 no longer affine to CPU2
[    6.630233] CPU2: shutdown
[    6.659870] CPU3: shutdown
[    6.684235] Entering suspend state LP1
[    6.684235] Suspended for 3.220 seconds
[    6.684247] Enabling non-boot CPUs ...
[    6.699538] CPU1 is up
[    6.719615] CPU2 is up
[    6.739751] CPU3 is up
[    6.740407] pcieport 0000:00:01.0: nv_msi_ht_cap_quirk didn't locate host bridge
[    6.758602] PM: noirq resume of devices complete after 18.844 msecs
[    6.760416] PM: early resume of devices complete after 1.409 msecs
[    7.275538] PM: resume of devices complete after 515.113 msecs
[    7.382069] Restarting tasks ... done.
root@(none):/# 
root@(none):/# rtcwake -d rtc1 -m mem -s 3
rtcwake: wakeup from "mem" using /dev/rtc1 at Thu Jan  1 00:00:26 1970
[    8.316032] PM: Syncing filesystems ... done.
[    8.328434] Freezing user space processes ... (elapsed 0.001 seconds) done.
[    8.336553] Freezing remaining freezable tasks ... (elapsed 0.001 seconds) done.
[    8.345189] Suspending console(s) (use no_console_suspend to debug)
[    8.352838] asix 2-1:1.0 eth1: Failed to read reg index 0x0000: -19
[    8.352842] asix 2-1:1.0 eth1: Error reading Medium Status register: ffffffed
[    8.352847] asix 2-1:1.0 eth1: Failed to write reg index 0x0000: -19
[    8.352851] asix 2-1:1.0 eth1: Failed to write Medium Mode mode to 0xfeed: ffffffed
[    8.402849] PM: suspend of devices complete after 50.465 msecs
[    8.403712] PM: late suspend of devices complete after 0.853 msecs
[    8.424143] PM: noirq suspend of devices complete after 20.424 msecs
[    8.424147] Disabling non-boot CPUs ...
[    8.424790] CPU1: shutdown
[    8.460097] CPU2: shutdown
[    8.489372] IRQ17 no longer affine to CPU3
[    8.489554] CPU3: shutdown
[    8.514131] Entering suspend state LP1
[    8.514131] Suspended for 3.170 seconds
[    8.514146] Enabling non-boot CPUs ...
[    8.529694] CPU1 is up
[    8.549762] CPU2 is up
[    8.569871] CPU3 is up
[    8.570658] pcieport 0000:00:01.0: nv_msi_ht_cap_quirk didn't locate host bridge
[    8.588567] PM: noirq resume of devices complete after 18.687 msecs
[    8.591285] PM: early resume of devices complete after 2.271 msecs
[    9.112218] PM: resume of devices complete after 520.920 msecs
[    9.218992] Restarting tasks ... done.
root@(none):/# 
root@(none):/# rtcwake -d rtc1 -m mem -s 3
rtcwake: wakeup from "mem" using /dev/rtc1 at Thu Jan  1 00:00:31 1970
[   10.148064] PM: Syncing filesystems ... done.
[   10.162793] Freezing user space processes ... (elapsed 0.001 seconds) done.
[   10.170974] Freezing remaining freezable tasks ... (elapsed 0.001 seconds) done.
[   10.179666] Suspending console(s) (use no_console_suspend to debug)
[   10.187731] asix 2-1:1.0 eth1: Failed to read reg index 0x0000: -19
[   10.187738] asix 2-1:1.0 eth1: Error reading Medium Status register: ffffffed
[   10.187742] asix 2-1:1.0 eth1: Failed to write reg index 0x0000: -19
[   10.187747] asix 2-1:1.0 eth1: Failed to write Medium Mode mode to 0xfeed: ffffffed
[   10.237493] PM: suspend of devices complete after 50.355 msecs
[   10.239146] PM: late suspend of devices complete after 1.638 msecs
[   10.259249] PM: noirq suspend of devices complete after 20.095 msecs
[   10.259252] Disabling non-boot CPUs ...
[   10.260067] CPU1: shutdown
[   10.290356] CPU2: shutdown
[   10.319440] IRQ17 no longer affine to CPU3
[   10.319651] CPU3: shutdown
[   10.344176] Entering suspend state LP1
[   10.344176] Suspended for 3.169 seconds
[   10.344191] Enabling non-boot CPUs ...
[   10.359666] CPU1 is up
[   10.379716] CPU2 is up
[   10.399832] CPU3 is up
[   10.400603] pcieport 0000:00:01.0: nv_msi_ht_cap_quirk didn't locate host bridge
[   10.418541] PM: noirq resume of devices complete after 18.700 msecs
[   10.420857] PM: early resume of devices complete after 1.856 msecs
[   10.940962] PM: resume of devices complete after 520.095 msecs
[   11.047733] Restarting tasks ... done.
root@(none):/# 
root@(none):/# rtcwake -d rtc1 -m mem -s 3
rtcwake: wakeup from "mem" using /dev/rtc1 at Thu Jan  1 00:00:36 1970
[   11.978045] PM: Syncing filesystems ... done.
[   11.992767] Freezing user space processes ... (elapsed 0.001 seconds) done.
[   12.000931] Freezing remaining freezable tasks ... (elapsed 0.001 seconds) done.
[   12.009616] Suspending console(s) (use no_console_suspend to debug)
[   12.017681] asix 2-1:1.0 eth1: Failed to read reg index 0x0000: -19
[   12.017688] asix 2-1:1.0 eth1: Error reading Medium Status register: ffffffed
[   12.017695] asix 2-1:1.0 eth1: Failed to write reg index 0x0000: -19
[   12.017699] asix 2-1:1.0 eth1: Failed to write Medium Mode mode to 0xfeed: ffffffed
[   12.066435] PM: suspend of devices complete after 49.347 msecs
[   12.067531] PM: late suspend of devices complete after 1.088 msecs
[   12.084235] PM: noirq suspend of devices complete after 16.692 msecs
[   12.084241] Disabling non-boot CPUs ...
[   12.085057] CPU1: shutdown
[   12.115069] IRQ17 no longer affine to CPU2
[   12.115348] CPU2: shutdown
[   12.144621] CPU3: shutdown
[   12.169111] Entering suspend state LP1
[   12.169111] Suspended for 3.175 seconds
[   12.169126] Enabling non-boot CPUs ...
[   12.184637] CPU1 is up
[   12.204660] CPU2 is up
[   12.224797] CPU3 is up
[   12.225575] pcieport 0000:00:01.0: nv_msi_ht_cap_quirk didn't locate host bridge
[   12.243513] PM: noirq resume of devices complete after 18.707 msecs
[   12.245209] PM: early resume of devices complete after 1.253 msecs
[   12.764869] PM: resume of devices complete after 519.650 msecs
[   12.871646] Restarting tasks ... done.
root@(none):/# 
root@(none):/# rtcwake -d rtc1 -m mem -s 3
rtcwake: wakeup from "mem" using /dev/rtc1 at Thu Jan  1 00:00:41 1970
[   13.803028] PM: Syncing filesystems ... done.
[   13.817748] Freezing user space processes ... (elapsed 0.001 seconds) done.
[   13.825924] Freezing remaining freezable tasks ... (elapsed 0.001 seconds) done.
[   13.834617] Suspending console(s) (use no_console_suspend to debug)
[   13.842675] asix 2-1:1.0 eth1: Failed to read reg index 0x0000: -19
[   13.842682] asix 2-1:1.0 eth1: Error reading Medium Status register: ffffffed
[   13.842689] asix 2-1:1.0 eth1: Failed to write reg index 0x0000: -19
[   13.842693] asix 2-1:1.0 eth1: Failed to write Medium Mode mode to 0xfeed: ffffffed
[   13.892437] PM: suspend of devices complete after 50.357 msecs
[   13.895996] PM: late suspend of devices complete after 3.551 msecs
[   13.914203] PM: noirq suspend of devices complete after 18.195 msecs
[   13.914206] Disabling non-boot CPUs ...
[   13.914622] IRQ17 no longer affine to CPU1
[   13.915027] CPU1: shutdown
[   13.940323] CPU2: shutdown
[   13.959598] CPU3: shutdown
[   13.984098] Entering suspend state LP1
[   13.984098] Suspended for 3.184 seconds
[   13.984111] Enabling non-boot CPUs ...
[   13.999605] CPU1 is up
[   14.019639] CPU2 is up
[   14.039753] CPU3 is up
[   14.040530] pcieport 0000:00:01.0: nv_msi_ht_cap_quirk didn't locate host bridge
[   14.058480] PM: noirq resume of devices complete after 18.718 msecs
[   14.060164] PM: early resume of devices complete after 1.244 msecs
[   14.578275] PM: resume of devices complete after 518.099 msecs
[   14.685033] Restarting tasks ... done.
root@(none):/# 
root@(none):/# rtcwake -d rtc1 -m mem -s 3
rtcwake: wakeup from "mem" using /dev/rtc1 at Thu Jan  1 00:00:46 1970
[   15.618005] PM: Syncing filesystems ... done.
[   15.632723] Freezing user space processes ... (elapsed 0.001 seconds) done.
[   15.640892] Freezing remaining freezable tasks ... (elapsed 0.001 seconds) done.
[   15.649582] Suspending console(s) (use no_console_suspend to debug)
[   15.657663] asix 2-1:1.0 eth1: Failed to read reg index 0x0000: -19
[   15.657670] asix 2-1:1.0 eth1: Error reading Medium Status register: ffffffed
[   15.657677] asix 2-1:1.0 eth1: Failed to write reg index 0x0000: -19
[   15.657681] asix 2-1:1.0 eth1: Failed to write Medium Mode mode to 0xfeed: ffffffed
[   15.706887] PM: suspend of devices complete after 49.831 msecs
[   15.709076] PM: late suspend of devices complete after 2.177 msecs
[   15.729151] PM: noirq suspend of devices complete after 20.065 msecs
[   15.729154] Disabling non-boot CPUs ...
[   15.729570] IRQ17 no longer affine to CPU1
[   15.729984] CPU1: shutdown
[   15.755278] CPU2: shutdown
[   15.784566] CPU3: shutdown
[   15.809065] Entering suspend state LP1
[   15.809065] Suspended for 3.175 seconds
[   15.809080] Enabling non-boot CPUs ...
[   15.824575] CPU1 is up
[   15.844611] CPU2 is up
[   15.864743] CPU3 is up
[   15.865511] pcieport 0000:00:01.0: nv_msi_ht_cap_quirk didn't locate host bridge
[   15.883451] PM: noirq resume of devices complete after 18.698 msecs
[   15.885807] PM: early resume of devices complete after 1.926 msecs
[   16.401815] PM: resume of devices complete after 515.997 msecs
[   16.508572] Restarting tasks ... done.
root@(none):/# 
root@(none):/# rtcwake -d rtc1 -m mem -s 3
rtcwake: wakeup from "mem" using /dev/rtc1 at Thu Jan  1 00:00:51 1970
[   17.443009] PM: Syncing filesystems ... done.
[   17.457750] Freezing user space processes ... (elapsed 0.001 seconds) done.
[   17.465928] Freezing remaining freezable tasks ... (elapsed 0.001 seconds) done.
[   17.474620] Suspending console(s) (use no_console_suspend to debug)
[   17.482715] asix 2-1:1.0 eth1: Failed to read reg index 0x0000: -19
[   17.482720] asix 2-1:1.0 eth1: Error reading Medium Status register: ffffffed
[   17.482727] asix 2-1:1.0 eth1: Failed to write reg index 0x0000: -19
[   17.482732] asix 2-1:1.0 eth1: Failed to write Medium Mode mode to 0xfeed: ffffffed
[   17.532360] PM: suspend of devices complete after 50.265 msecs
[   17.534039] PM: late suspend of devices complete after 1.670 msecs
[   17.554145] PM: noirq suspend of devices complete after 20.096 msecs
[   17.554151] Disabling non-boot CPUs ...
[   17.554973] CPU1: shutdown
[   17.585281] CPU2: shutdown
[   17.614335] IRQ17 no longer affine to CPU3
[   17.614560] CPU3: shutdown
[   17.639056] Entering suspend state LP1
[   17.639056] Suspended for 3.169 seconds
[   17.639070] Enabling non-boot CPUs ...
[   17.654554] CPU1 is up
[   17.674596] CPU2 is up
[   17.694726] CPU3 is up
[   17.695514] pcieport 0000:00:01.0: nv_msi_ht_cap_quirk didn't locate host bridge
[   17.713424] PM: noirq resume of devices complete after 18.688 msecs
[   17.716067] PM: early resume of devices complete after 2.364 msecs
[   18.236302] PM: resume of devices complete after 520.225 msecs
[   18.343029] Restarting tasks ... done.
root@(none):/# 
root@(none):/# rtcwake -d rtc1 -m mem -s 3
rtcwake: wakeup from "mem" using /dev/rtc1 at Thu Jan  1 00:00:56 1970
[   19.272907] PM: Syncing filesystems ... done.
[   19.287630] Freezing user space processes ... (elapsed 0.001 seconds) done.
[   19.295811] Freezing remaining freezable tasks ... (elapsed 0.001 seconds) done.
[   19.304490] Suspending console(s) (use no_console_suspend to debug)
[   19.312589] asix 2-1:1.0 eth1: Failed to read reg index 0x0000: -19
[   19.312595] asix 2-1:1.0 eth1: Error reading Medium Status register: ffffffed
[   19.312601] asix 2-1:1.0 eth1: Failed to write reg index 0x0000: -19
[   19.312608] asix 2-1:1.0 eth1: Failed to write Medium Mode mode to 0xfeed: ffffffed
[   19.363417] PM: suspend of devices complete after 51.443 msecs
[   19.367560] PM: late suspend of devices complete after 4.131 msecs
[   19.384122] PM: noirq suspend of devices complete after 16.550 msecs
[   19.384127] Disabling non-boot CPUs ...
[   19.384930] CPU1: shutdown
[   19.414964] IRQ17 no longer affine to CPU2
[   19.415259] CPU2: shutdown
[   19.444541] CPU3: shutdown
[   19.469052] Entering suspend state LP1
[   19.469052] Suspended for 3.169 seconds
[   19.469067] Enabling non-boot CPUs ...
[   19.484532] CPU1 is up
[   19.504567] CPU2 is up
[   19.524705] CPU3 is up
[   19.525492] pcieport 0000:00:01.0: nv_msi_ht_cap_quirk didn't locate host bridge
[   19.543399] PM: noirq resume of devices complete after 18.683 msecs
[   19.544628] PM: early resume of devices complete after 0.781 msecs
[   20.067115] PM: resume of devices complete after 522.474 msecs
[   20.173864] Restarting tasks ... done.
root@(none):/# 
root@(none):/# rtcwake -d rtc1 -m mem -s 3
rtcwake: wakeup from "mem" using /dev/rtc1 at Thu Jan  1 00:01:01 1970
[   21.102869] PM: Syncing filesystems ... done.
[   21.117598] Freezing user space processes ... (elapsed 0.001 seconds) done.
[   21.125778] Freezing remaining freezable tasks ... (elapsed 0.001 seconds) done.
[   21.134463] Suspending console(s) (use no_console_suspend to debug)
[   21.142545] asix 2-1:1.0 eth1: Failed to read reg index 0x0000: -19
[   21.142552] asix 2-1:1.0 eth1: Error reading Medium Status register: ffffffed
[   21.142558] asix 2-1:1.0 eth1: Failed to write reg index 0x0000: -19
[   21.142562] asix 2-1:1.0 eth1: Failed to write Medium Mode mode to 0xfeed: ffffffed
[   21.193388] PM: suspend of devices complete after 51.455 msecs
[   21.197521] PM: late suspend of devices complete after 4.124 msecs
[   21.214072] PM: noirq suspend of devices complete after 16.542 msecs
[   21.214077] Disabling non-boot CPUs ...
[   21.214886] CPU1: shutdown
[   21.244959] IRQ17 no longer affine to CPU2
[   21.245236] CPU2: shutdown
[   21.274483] CPU3: shutdown
[   21.299014] Entering suspend state LP1
[   21.299014] Suspended for 3.170 seconds
[   21.299030] Enabling non-boot CPUs ...
[   21.314485] CPU1 is up
[   21.334538] CPU2 is up
[   21.354644] CPU3 is up
[   21.355413] pcieport 0000:00:01.0: nv_msi_ht_cap_quirk didn't locate host bridge
[   21.373369] PM: noirq resume of devices complete after 18.715 msecs
[   21.375651] PM: early resume of devices complete after 1.850 msecs
[   21.892491] PM: resume of devices complete after 516.828 msecs
[   21.999235] Restarting tasks ... done.
root@(none):/# 
root@(none):/# rtcwake -d rtc1 -m mem -s 3
rtcwake: wakeup from "mem" using /dev/rtc1 at Thu Jan  1 00:01:06 1970
[   22.932804] PM: Syncing filesystems ... done.
[   22.947507] Freezing user space processes ... (elapsed 0.001 seconds) done.
[   22.955686] Freezing remaining freezable tasks ... (elapsed 0.001 seconds) done.
[   22.964370] Suspending console(s) (use no_console_suspend to debug)
[   22.972437] asix 2-1:1.0 eth1: Failed to read reg index 0x0000: -19
[   22.972444] asix 2-1:1.0 eth1: Error reading Medium Status register: ffffffed
[   22.972450] asix 2-1:1.0 eth1: Failed to write reg index 0x0000: -19
[   22.972454] asix 2-1:1.0 eth1: Failed to write Medium Mode mode to 0xfeed: ffffffed
[   23.023285] PM: suspend of devices complete after 51.443 msecs
[   23.024409] PM: late suspend of devices complete after 1.114 msecs
[   23.044040] PM: noirq suspend of devices complete after 19.621 msecs
[   23.044045] Disabling non-boot CPUs ...
[   23.044871] CPU1: shutdown
[   23.070157] CPU2: shutdown
[   23.099265] IRQ17 no longer affine to CPU3
[   23.099470] CPU3: shutdown
[   23.123951] Entering suspend state LP1
[   23.123951] Suspended for 3.175 seconds
[   23.123966] Enabling non-boot CPUs ...
[   23.139451] CPU1 is up
[   23.159502] CPU2 is up
[   23.179617] CPU3 is up
[   23.180412] pcieport 0000:00:01.0: nv_msi_ht_cap_quirk didn't locate host bridge
[   23.198329] PM: noirq resume of devices complete after 18.703 msecs
[   23.200706] PM: early resume of devices complete after 1.929 msecs
[   23.726789] PM: resume of devices complete after 526.070 msecs
[   23.833513] Restarting tasks ... done.
root@(none):/# 
root@(none):/# NVTB SYSTEM SUSPEND TEST COMPLETE
