
U-Boot SPL 2014.01-00219-gc4d376f (Feb 18 2014 - 19:57:18)


U-Boot 2014.01-00219-gc4d376f (Feb 18 2014 - 19:57:18)

TEGRA30
Board: NVIDIA Beaver
I2C:   ready
DRAM:  2 GiB
MMC:   Tegra SD/MMC: 0, Tegra SD/MMC: 1
In:    serial
Out:   serial
Err:   serial
Net:   Net Initialization Skipped
No ethernet found.
Hit any key to stop autoboot:  2  0 
Tegra30 (Beaver) # 
Tegra30 (Beaver) # usb reset
(Re)start USB...
USB0:   USB EHCI 1.00
scanning bus 0 for devices... 2 USB Device(s) found
       scanning usb for storage devices... 0 Storage Device(s) found
       scanning usb for ethernet devices... 
Warning: asx0 using MAC address from net device
1 Ethernet Device(s) found
Tegra30 (Beaver) # setenv bootargs 'ignore_loglevel console=ttyS0,115200n8 rw root=PARTUUID=edbe1840-3633-c751-7993-b0ac834f81e0 rootwait gpt debug noinitrd earlyprintk init=/bin/bash'
Tegra30 (Beaver) # setenv ipaddr 192.168.100.101; setenv serverip 192.168.100.1; setenv tftpserverip 192.168.100.1
Tegra30 (Beaver) # tftpboot 0x81000000 zImage.multi_v7_defconfig
Using asx0 device
TFTP from server 192.168.100.1; our IP address is 192.168.100.101
Filename 'zImage.multi_v7_defconfig'.
Load address: 0x81000000
Loading: *#################################################################
	 #################################################################
	 #################################################################
	 #################################################################
	 #################################################################
	 #################################################################
	 #################################################################
	 #################################################################
	 ####################
	 2.9 MiB/s
done
Bytes transferred = 7918328 (78d2f8 hex)
Tegra30 (Beaver) # tftpboot 0x82000000 tegra30-beaver.dtb
Using asx0 device
TFTP from server 192.168.100.1; our IP address is 192.168.100.101
Filename 'tegra30-beaver.dtb'.
Load address: 0x82000000
Loading: *####
	 2.6 MiB/s
done
Bytes transferred = 51804 (ca5c hex)
Tegra30 (Beaver) # bootz 0x81000000 - 0x82000000
Kernel image @ 0x81000000 [ 0x000000 - 0x78d2f8 ]
## Flattened Device Tree blob at 82000000
   Booting using the fdt blob at 0x82000000
   Loading Device Tree to 8fff0000, end 8ffffa5b ... OK

Starting kernel ...

[    0.000000] Booting Linux on physical CPU 0x0
[    0.000000] Linux version 4.12.0-172899-g6f7da29 (jonathanh@sellafield) (gcc version 4.7.3 20130328 (prerelease) (crosstool-NG linaro-1.13.1-4.7-2013.04-20130415 - Linaro GCC 2013.04) ) #1 SMP Sun Jul 2 16:35:49 PDT 2017
[    0.000000] CPU: ARMv7 Processor [412fc099] revision 9 (ARMv7), cr=10c5387d
[    0.000000] CPU: PIPT / VIPT nonaliasing data cache, VIPT aliasing instruction cache
[    0.000000] OF: fdt: Machine model: NVIDIA Tegra30 Beaver evaluation board
[    0.000000] debug: ignoring loglevel setting.
[    0.000000] Memory policy: Data cache writealloc
[    0.000000] efi: Getting EFI parameters from FDT:
[    0.000000] efi: UEFI not found.
[    0.000000] cma: Reserved 64 MiB at 0xfb800000
[    0.000000] On node 0 totalpages: 524032
[    0.000000] free_area_init_node: node 0, pgdat c157f880, node_mem_map eeff8000
[    0.000000]   DMA zone: 1536 pages used for memmap
[    0.000000]   DMA zone: 0 pages reserved
[    0.000000]   DMA zone: 196608 pages, LIFO batch:31
[    0.000000]   HighMem zone: 327424 pages, LIFO batch:31
[    0.000000] percpu: Embedded 17 pages/cpu @eef88000 s39168 r8192 d22272 u69632
[    0.000000] pcpu-alloc: s39168 r8192 d22272 u69632 alloc=17*4096
[    0.000000] pcpu-alloc: [0] 0 [0] 1 [0] 2 [0] 3 
[    0.000000] Built 1 zonelists in Zone order, mobility grouping on.  Total pages: 522496
[    0.000000] Kernel command line: ignore_loglevel console=ttyS0,115200n8 rw root=PARTUUID=edbe1840-3633-c751-7993-b0ac834f81e0 rootwait gpt debug noinitrd earlyprintk init=/bin/bash
[    0.000000] PID hash table entries: 4096 (order: 2, 16384 bytes)
[    0.000000] Dentry cache hash table entries: 131072 (order: 7, 524288 bytes)
[    0.000000] Inode-cache hash table entries: 65536 (order: 6, 262144 bytes)
[    0.000000] Memory: 1993460K/2096128K available (10240K kernel code, 1565K rwdata, 4384K rodata, 2048K init, 409K bss, 37132K reserved, 65536K cma-reserved, 1244160K highmem)
[    0.000000] Virtual kernel memory layout:
[    0.000000]     vector  : 0xffff0000 - 0xffff1000   (   4 kB)
[    0.000000]     fixmap  : 0xffc00000 - 0xfff00000   (3072 kB)
[    0.000000]     vmalloc : 0xf0800000 - 0xff800000   ( 240 MB)
[    0.000000]     lowmem  : 0xc0000000 - 0xf0000000   ( 768 MB)
[    0.000000]     pkmap   : 0xbfe00000 - 0xc0000000   (   2 MB)
[    0.000000]     modules : 0xbf000000 - 0xbfe00000   (  14 MB)
[    0.000000]       .text : 0xc0208000 - 0xc0d00000   (11232 kB)
[    0.000000]       .init : 0xc1200000 - 0xc1400000   (2048 kB)
[    0.000000]       .data : 0xc1400000 - 0xc15874f0   (1566 kB)
[    0.000000]        .bss : 0xc1590ce0 - 0xc15f7498   ( 410 kB)
[    0.000000] SLUB: HWalign=64, Order=0-3, MinObjects=0, CPUs=4, Nodes=1
[    0.000000] Hierarchical RCU implementation.
[    0.000000] 	RCU debugfs-based tracing is enabled.
[    0.000000] 	RCU restricting CPUs from NR_CPUS=16 to nr_cpu_ids=4.
[    0.000000] RCU: Adjusting geometry for rcu_fanout_leaf=16, nr_cpu_ids=4
[    0.000000] NR_IRQS:16 nr_irqs:16 16
[    0.000000] /interrupt-controller@60004000: 160 interrupts forwarded to /interrupt-controller@50041000
[    0.000000] L2C: platform modifies aux control register: 0x02080000 -> 0x3e480001
[    0.000000] L2C: DT/platform modifies aux control register: 0x02080000 -> 0x3e480001
[    0.000000] L2C-310 erratum 769419 enabled
[    0.000000] L2C-310 enabling early BRESP for Cortex-A9
[    0.000000] L2C-310: enabling full line of zeros but not enabled in Cortex-A9
[    0.000000] L2C-310 dynamic clock gating enabled, standby mode enabled
[    0.000000] L2C-310 cache controller enabled, 8 ways, 1024 kB
[    0.000000] L2C-310: CACHE_ID 0x410000c7, AUX_CTRL 0x4e480001
[    0.000014] sched_clock: 32 bits at 1000kHz, resolution 1000ns, wraps every 2147483647500ns
[    0.000031] clocksource: timer_us: mask: 0xffffffff max_cycles: 0xffffffff, max_idle_ns: 1911260446275 ns
[    0.000040] Switching to timer-based delay loop, resolution 1000ns
[    0.002850] Console: colour dummy device 80x30
[    0.002881] Calibrating delay loop (skipped), value calculated using timer frequency.. 2.00 BogoMIPS (lpj=10000)
[    0.002890] pid_max: default: 32768 minimum: 301
[    0.002960] Mount-cache hash table entries: 2048 (order: 1, 8192 bytes)
[    0.002967] Mountpoint-cache hash table entries: 2048 (order: 1, 8192 bytes)
[    0.003356] CPU: Testing write buffer coherency: ok
[    0.003671] CPU0: thread -1, cpu 0, socket 0, mpidr 80000000
[    0.003887] Setting up static identity map for 0x80300000 - 0x803000a0
[    0.006479] Tegra Revision: A03 SKU: 128 CPU Process: 4 SoC Process: 0
[    0.007037] EFI services will not be available.
[    0.007191] smp: Bringing up secondary CPUs ...
[    0.010381] CPU1: thread -1, cpu 1, socket 0, mpidr 80000001
[    0.020336] CPU2: thread -1, cpu 2, socket 0, mpidr 80000002
[    0.030333] CPU3: thread -1, cpu 3, socket 0, mpidr 80000003
[    0.030379] smp: Brought up 1 node, 4 CPUs
[    0.030391] SMP: Total of 4 processors activated (8.00 BogoMIPS).
[    0.030396] CPU: All CPU(s) started in SVC mode.
[    0.031078] devtmpfs: initialized
[    0.039215] VFP support v0.3: implementor 41 architecture 3 part 30 variant 9 rev 4
[    0.039647] clocksource: jiffies: mask: 0xffffffff max_cycles: 0xffffffff, max_idle_ns: 19112604462750000 ns
[    0.039665] futex hash table entries: 1024 (order: 4, 65536 bytes)
[    0.043070] pinctrl core: initialized pinctrl subsystem
[    0.044804] NET: Registered protocol family 16
[    0.047762] DMA: preallocated 256 KiB pool for atomic coherent allocations
[    0.049451] cpuidle: using governor menu
[    0.063404] No ATAGs?
[    0.063505] hw-breakpoint: found 5 (+1 reserved) breakpoint and 1 watchpoint registers.
[    0.063516] hw-breakpoint: maximum watchpoint size is 4 bytes.
[    0.067833] Serial: AMBA PL011 UART driver
[    0.068311] tegra-mc 7000f000.memory-controller: no memory timings for RAM code 3 registered
[    0.077452] AT91: Could not find identification node
[    0.077925] vdd_5v_sata: Failed to request enable GPIO30: -517
[    0.077940] reg-fixed-voltage regulators:regulator@3: Failed to register regulator: -517
[    0.077988] usb1_vbus: Failed to request enable GPIO238: -517
[    0.077995] reg-fixed-voltage regulators:regulator@4: Failed to register regulator: -517
[    0.078043] usb3_vbus: Failed to request enable GPIO236: -517
[    0.078050] reg-fixed-voltage regulators:regulator@5: Failed to register regulator: -517
[    0.078146] sys_3v3_pexs: Failed to request enable GPIO95: -517
[    0.078154] reg-fixed-voltage regulators:regulator@7: Failed to register regulator: -517
[    0.079957] vgaarb: loaded
[    0.080426] SCSI subsystem initialized
[    0.080561] libata version 3.00 loaded.
[    0.080710] usbcore: registered new interface driver usbfs
[    0.080748] usbcore: registered new interface driver hub
[    0.080781] usbcore: registered new device driver usb
[    0.087813] vrtc: supplied by vdd_5v_in
[    0.091102] vio: supplied by vdd_5v_in
[    0.101821] vdd1: supplied by vdd_5v_in
[    0.103179] vddio_ddr_1v2: Bringing 600000uV into 1200000-1200000uV
[    0.111832] vdd2: supplied by vdd_5v_in
[    0.131826] ldo1: supplied by vdd_1v5_gen
[    0.134210] ldo2: supplied by vdd_1v5_gen
[    0.134681] vdd_sata,avdd_plle: Bringing 1200000uV into 1050000-1050000uV
[    0.136914] ldo3: supplied by vdd_5v_in
[    0.139268] ldo4: supplied by vdd_5v_in
[    0.141829] ldo5: supplied by vdd_5v_in
[    0.151817] ldo6: supplied by vdd_1v8_gen
[    0.152287] avdd_dsi_csi,pwrdet_mipi: Bringing 1000000uV into 1200000-1200000uV
[    0.154543] ldo7: supplied by vdd_1v8_gen
[    0.161820] ldo8: supplied by vdd_1v8_gen
[    0.171939] pps_core: LinuxPPS API ver. 1 registered
[    0.171945] pps_core: Software ver. 5.3.6 - Copyright 2005-2007 Rodolfo Giometti <giometti@linux.it>
[    0.171959] PTP clock support registered
[    0.172089] EDAC MC: Ver: 3.0.0
[    0.173600] clocksource: Switched to clocksource timer_us
[    0.206817] NET: Registered protocol family 2
[    0.207248] TCP established hash table entries: 8192 (order: 3, 32768 bytes)
[    0.207303] TCP bind hash table entries: 8192 (order: 4, 65536 bytes)
[    0.207388] TCP: Hash tables configured (established 8192 bind 8192)
[    0.207530] UDP hash table entries: 512 (order: 2, 16384 bytes)
[    0.207593] UDP-Lite hash table entries: 512 (order: 2, 16384 bytes)
[    0.207769] NET: Registered protocol family 1
[    0.208093] RPC: Registered named UNIX socket transport module.
[    0.208100] RPC: Registered udp transport module.
[    0.208104] RPC: Registered tcp transport module.
[    0.208108] RPC: Registered tcp NFSv4.1 backchannel transport module.
[    0.208117] PCI: CLS 0 bytes, default 64
[    0.208908] hw perfevents: no interrupt-affinity property for /pmu, guessing.
[    0.209109] hw perfevents: enabled with armv7_cortex_a9 PMU driver, 7 counters available
[    0.210348] workingset: timestamp_bits=30 max_order=19 bucket_order=0
[    0.215186] squashfs: version 4.0 (2009/01/31) Phillip Lougher
[    0.215611] NFS: Registering the id_resolver key type
[    0.215639] Key type id_resolver registered
[    0.215644] Key type id_legacy registered
[    0.215677] ntfs: driver 2.1.32 [Flags: R/O].
[    0.216794] bounce: pool size: 64 pages
[    0.216831] Block layer SCSI generic (bsg) driver version 0.4 loaded (major 248)
[    0.216840] io scheduler noop registered
[    0.216844] io scheduler deadline registered
[    0.216866] io scheduler cfq registered (default)
[    0.216871] io scheduler mq-deadline registered
[    0.216875] io scheduler kyber registered
[    0.222903] tegra30-pinctrl 70000868.pinmux: invalid group "sdmmc3_dat6_pd3" for function "rsvd1"
[    0.222918] tegra30-pinctrl 70000868.pinmux: invalid group "sdmmc3_dat7_pd4" for function "rsvd1"
[    0.222931] tegra30-pinctrl 70000868.pinmux: invalid group "vi_vsync_pd6" for function "rsvd1"
[    0.222940] tegra30-pinctrl 70000868.pinmux: invalid group "vi_hsync_pd7" for function "rsvd1"
[    0.223411] tegra30-pinctrl 70000868.pinmux: invalid group "hdmi_int_pn7" for function "rsvd1"
[    0.223454] tegra30-pinctrl 70000868.pinmux: invalid group "ulpi_data3_po4" for function "rsvd1"
[    0.223852] tegra30-pinctrl 70000868.pinmux: invalid group "vi_d10_pt2" for function "rsvd1"
[    0.223866] tegra30-pinctrl 70000868.pinmux: invalid group "vi_d11_pt3" for function "rsvd1"
[    0.223878] tegra30-pinctrl 70000868.pinmux: invalid group "vi_d0_pt4" for function "rsvd1"
[    0.223928] tegra30-pinctrl 70000868.pinmux: invalid group "pu0" for function "rsvd1"
[    0.223959] tegra30-pinctrl 70000868.pinmux: invalid group "pu3" for function "rsvd1"
[    0.223988] tegra30-pinctrl 70000868.pinmux: invalid group "pu6" for function "rsvd1"
[    0.224029] tegra30-pinctrl 70000868.pinmux: invalid group "pv3" for function "rsvd1"
[    0.224531] tegra30-pinctrl 70000868.pinmux: invalid group "pbb0" for function "rsvd1"
[    0.224646] tegra30-pinctrl 70000868.pinmux: invalid group "pcc1" for function "rsvd1"
[    0.229715] tegra-pcie 3000.pcie-controller: 2x3 configuration
[    0.229864] tegra-pcie 3000.pcie-controller: Failed to get supply 'hvdd-pex': -517
[    0.235356] tegra-apbdma 6000a000.dma: Tegra20 APB DMA driver register 32 channels
[    0.236916] tegra-pmc 7000e400.pmc: i2c-thermtrip node not found, emergency thermal reset disabled.
[    0.268894] Serial: 8250/16550 driver, 4 ports, IRQ sharing disabled
[    0.270893] console [ttyS0] disabled
[    0.270931] 70006000.serial: ttyS0 at MMIO 0x70006000 (irq = 331, base_baud = 25500000) is a Tegra
[    1.290839] console [ttyS0] enabled
[    1.294861] SuperH (H)SCI(F) driver initialized
[    1.299939] msm_serial: driver initialized
[    1.304159] STMicroelectronics ASC driver initialized
[    1.312624] tegra-hdmi 54280000.hdmi: failed to get HDMI regulator
[    1.327107] brd: module loaded
[    1.335937] loop: module loaded
[    1.344513] m25p80 spi32766.1: w25q32 (4096 Kbytes)
[    1.351205] libphy: Fixed MDIO Bus: probed
[    1.356027] CAN device driver interface
[    1.360401] bgmac_bcma: Broadcom 47xx GBit MAC driver loaded
[    1.366798] e1000e: Intel(R) PRO/1000 Network Driver - 3.2.6-k
[    1.372613] e1000e: Copyright(c) 1999 - 2015 Intel Corporation.
[    1.378565] igb: Intel(R) Gigabit Ethernet Network Driver - version 5.4.0-k
[    1.385515] igb: Copyright (c) 2007-2014 Intel Corporation.
[    1.392986] pegasus: v0.9.3 (2013/04/25), Pegasus/Pegasus II USB Ethernet driver
[    1.400435] usbcore: registered new interface driver pegasus
[    1.406123] usbcore: registered new interface driver asix
[    1.411526] usbcore: registered new interface driver ax88179_178a
[    1.417633] usbcore: registered new interface driver cdc_ether
[    1.423476] usbcore: registered new interface driver smsc75xx
[    1.429242] usbcore: registered new interface driver smsc95xx
[    1.435000] usbcore: registered new interface driver net1080
[    1.440660] usbcore: registered new interface driver cdc_subset
[    1.446596] usbcore: registered new interface driver zaurus
[    1.452186] usbcore: registered new interface driver cdc_ncm
[    1.459263] ehci_hcd: USB 2.0 'Enhanced' Host Controller (EHCI) Driver
[    1.465788] ehci-pci: EHCI PCI platform driver
[    1.470243] ehci-platform: EHCI generic platform driver
[    1.475585] ehci-orion: EHCI orion driver
[    1.479667] SPEAr-ehci: EHCI SPEAr driver
[    1.483749] ehci-st: EHCI STMicroelectronics driver
[    1.488686] ehci-exynos: EHCI EXYNOS driver
[    1.492939] ehci-atmel: EHCI Atmel driver
[    1.497022] tegra-ehci: Tegra EHCI driver
[    1.501317] ohci_hcd: USB 1.1 'Open' Host Controller (OHCI) Driver
[    1.507502] ohci-pci: OHCI PCI platform driver
[    1.511968] ohci-platform: OHCI generic platform driver
[    1.517292] ohci-omap3: OHCI OMAP3 driver
[    1.521363] SPEAr-ohci: OHCI SPEAr driver
[    1.525445] ohci-st: OHCI STMicroelectronics driver
[    1.530382] ohci-atmel: OHCI Atmel driver
[    1.534813] usbcore: registered new interface driver usb-storage
[    1.543271] tegra_rtc 7000e000.rtc: rtc core: registered 7000e000.rtc as rtc1
[    1.550441] tegra_rtc 7000e000.rtc: Tegra internal Real Time Clock
[    1.559362] random: fast init done
[    1.572664] tps65910-rtc tps65910-rtc: rtc core: registered tps65910-rtc as rtc0
[    1.580253] i2c /dev entries driver
[    1.591801] sdhci: Secure Digital Host Controller Interface driver
[    1.597996] sdhci: Copyright(c) Pierre Ossman
[    1.603232] Synopsys Designware Multimedia Card Interface Driver
[    1.609958] sdhci-pltfm: SDHCI platform and OF driver helper
[    1.616131] sdhci-tegra 78000000.sdhci: Got CD GPIO
[    1.621004] sdhci-tegra 78000000.sdhci: Got WP GPIO
[    1.634179] mmc0: Invalid maximum block size, assuming 512 bytes
[    1.703691] mmc0: SDHCI controller on 78000000.sdhci [78000000.sdhci] using ADMA
[    1.720065] mmc1: Invalid maximum block size, assuming 512 bytes
[    1.783620] mmc1: SDHCI controller on 78000600.sdhci [78000600.sdhci] using ADMA
[    1.792295] ledtrig-cpu: registered to indicate activity on CPUs
[    1.798628] usbcore: registered new interface driver usbhid
[    1.804209] usbhid: USB HID core driver
[    1.810883] NET: Registered protocol family 10
[    1.816011] Segment Routing with IPv6
[    1.819728] sit: IPv6, IPv4 and MPLS over IPv4 tunneling driver
[    1.826062] NET: Registered protocol family 17
[    1.830498] can: controller area network core (rev 20170425 abi 9)
[    1.836719] NET: Registered protocol family 29
[    1.841150] can: raw protocol (rev 20170425)
[    1.845424] can: broadcast manager protocol (rev 20170425 t)
[    1.851070] can: netlink gateway (rev 20170425) max_hops=1
[    1.856819] Key type dns_resolver registered
[    1.861482] ThumbEE CPU extension supported.
[    1.865762] Registering SWP/SWPB emulation handler
[    1.880297] vdd_ddr: supplied by vdd_5v_in
[    1.885283] vdd_5v_sata: supplied by vdd_5v_in
[    1.890063] usb1_vbus: supplied by vdd_5v_in
[    1.894675] usb3_vbus: supplied by vdd_5v_in
[    1.900167] sys_3v3,vdd_3v3_alw: supplied by vdd_5v_in
[    1.906129] sys_3v3_pexs: supplied by sys_3v3,vdd_3v3_alw
[    1.906193] mmc1: new high speed MMC card at address 0001
[    1.908556] mmcblk1: mmc1:0001 SEM16G 14.8 GiB 
[    1.909866] mmcblk1boot0: mmc1:0001 SEM16G partition 1 1.00 MiB
[    1.911193] mmcblk1boot1: mmc1:0001 SEM16G partition 2 1.00 MiB
[    1.912169] mmcblk1rpmb: mmc1:0001 SEM16G partition 3 128 KiB
[    1.939207] +VDD_5V_HDMI: supplied by sys_3v3,vdd_3v3_alw
[    1.945281] tegra-pcie 3000.pcie-controller: 2x3 configuration
[    1.953621] tegra-pcie 3000.pcie-controller: probing port 0, using 2 lanes
[    1.962378] Primary GPT is invalid, using alternate GPT.
[    1.967706]  mmcblk1: p1 p2 p3 p4 p5
[    1.983890] mmc0: new ultra high speed DDR50 SDHC card at address aaaa
[    1.991503] mmcblk0: mmc0:aaaa SS04G 3.69 GiB 
[    2.018830] tegra-pcie 3000.pcie-controller: probing port 2, using 2 lanes
[    2.031042]  mmcblk0: p1 p2 p3
[    2.429631] tegra-pcie 3000.pcie-controller: link 2 down, retrying
[    2.839711] tegra-pcie 3000.pcie-controller: link 2 down, retrying
[    3.249776] tegra-pcie 3000.pcie-controller: link 2 down, retrying
[    3.257964] tegra-pcie 3000.pcie-controller: link 2 down, ignoring
[    3.264253] tegra-pcie 3000.pcie-controller: PCI host bridge to bus 0000:00
[    3.271202] pci_bus 0000:00: root bus resource [io  0x0000-0xffff]
[    3.277380] pci_bus 0000:00: root bus resource [mem 0x20000000-0x27ffffff]
[    3.284247] pci_bus 0000:00: root bus resource [mem 0x28000000-0x3fffffff pref]
[    3.291539] pci_bus 0000:00: root bus resource [bus 00-ff]
[    3.297041] pci 0000:00:01.0: [10de:0e1c] type 01 class 0x060400
[    3.303056] pci_bus 0000:00: 2-byte config write to 0000:00:01.0 offset 0x88 may corrupt adjacent RW1C bits
[    3.312804] pci_bus 0000:00: 2-byte config write to 0000:00:01.0 offset 0x52 may corrupt adjacent RW1C bits
[    3.322546] pci 0000:00:01.0: PME# supported from D0 D1 D2 D3hot D3cold
[    3.329155] pci_bus 0000:00: 2-byte config write to 0000:00:01.0 offset 0x4c may corrupt adjacent RW1C bits
[    3.339029] pci_bus 0000:00: 2-byte config write to 0000:00:01.0 offset 0x3e may corrupt adjacent RW1C bits
[    3.348761] pci_bus 0000:00: 2-byte config write to 0000:00:01.0 offset 0x4 may corrupt adjacent RW1C bits
[    3.358403] pci_bus 0000:00: 1-byte config write to 0000:00:01.0 offset 0xc may corrupt adjacent RW1C bits
[    3.368041] PCI: bus0: Fast back to back transfers disabled
[    3.373608] pci 0000:00:01.0: bridge configuration invalid ([bus 00-00]), reconfiguring
[    3.381594] pci_bus 0000:00: 2-byte config write to 0000:00:01.0 offset 0x3e may corrupt adjacent RW1C bits
[    3.391322] pci_bus 0000:00: 2-byte config write to 0000:00:01.0 offset 0x3e may corrupt adjacent RW1C bits
[    3.401049] pci_bus 0000:00: 2-byte config write to 0000:00:01.0 offset 0x3e may corrupt adjacent RW1C bits
[    3.410777] pci_bus 0000:00: 2-byte config write to 0000:00:01.0 offset 0x6 may corrupt adjacent RW1C bits
[    3.420515] pci 0000:01:00.0: [10ec:8168] type 00 class 0x020000
[    3.426537] pci 0000:01:00.0: reg 0x10: [io  0x0000-0x00ff]
[    3.432110] pci 0000:01:00.0: reg 0x18: [mem 0x00000000-0x00000fff 64bit pref]
[    3.439333] pci 0000:01:00.0: reg 0x20: [mem 0x00000000-0x00003fff 64bit pref]
[    3.446613] pci 0000:01:00.0: supports D1 D2
[    3.450870] pci 0000:01:00.0: PME# supported from D0 D1 D2 D3hot D3cold
[    3.483630] PCI: bus1: Fast back to back transfers disabled
[    3.489192] pci_bus 0000:01: busn_res: [bus 01-ff] end is updated to 01
[    3.495865] pci 0000:00:01.0: BAR 9: assigned [mem 0x28000000-0x280fffff 64bit pref]
[    3.503604] pci 0000:00:01.0: BAR 7: assigned [io  0x1000-0x1fff]
[    3.509686] pci 0000:01:00.0: BAR 4: assigned [mem 0x28000000-0x28003fff 64bit pref]
[    3.517431] pci 0000:01:00.0: BAR 2: assigned [mem 0x28004000-0x28004fff 64bit pref]
[    3.525174] pci 0000:01:00.0: BAR 0: assigned [io  0x1000-0x10ff]
[    3.531256] pci 0000:00:01.0: PCI bridge to [bus 01]
[    3.536215] pci 0000:00:01.0:   bridge window [io  0x1000-0x1fff]
[    3.542295] pci 0000:00:01.0:   bridge window [mem 0x28000000-0x280fffff 64bit pref]
[    3.550045] pci 0000:00:01.0: nv_msi_ht_cap_quirk didn't locate host bridge
[    3.557066] pcieport 0000:00:01.0: enabling device (0140 -> 0143)
[    3.563348] pcieport 0000:00:01.0: Signaling PME with IRQ 374
[    3.569301] r8169 Gigabit Ethernet driver 2.3LK-NAPI loaded
[    3.574890] r8169 0000:01:00.0: enabling device (0140 -> 0143)
[    3.581646] r8169 0000:01:00.0 eth0: RTL8168evl/8111evl at 0xf0b1c000, 02:04:4b:01:60:a6, XID 0c900800 IRQ 375
[    3.591648] r8169 0000:01:00.0 eth0: jumbo features [frames: 9200 bytes, tx checksumming: ko]
[    3.606900] utmi_phy_clk_enable: timeout waiting for phy to stabilize
[    3.613347] tegra-ehci 7d004000.usb: EHCI Host Controller
[    3.618776] tegra-ehci 7d004000.usb: new USB bus registered, assigned bus number 1
[    3.626522] tegra-ehci 7d004000.usb: irq 343, io mem 0x7d004000
[    3.653623] tegra-ehci 7d004000.usb: USB 2.0 started, EHCI 1.00
[    3.660508] hub 1-0:1.0: USB hub found
[    3.664283] hub 1-0:1.0: 1 port detected
[    3.669336] tegra-ehci 7d008000.usb: EHCI Host Controller
[    3.674753] tegra-ehci 7d008000.usb: new USB bus registered, assigned bus number 2
[    3.682488] tegra-ehci 7d008000.usb: irq 344, io mem 0x7d008000
[    3.713612] tegra-ehci 7d008000.usb: USB 2.0 started, EHCI 1.00
[    3.720370] hub 2-0:1.0: USB hub found
[    3.724138] hub 2-0:1.0: 1 port detected
[    3.732687] tps65910-rtc tps65910-rtc: setting system clock to 2000-01-01 00:00:02 UTC (946684802)
[    3.742197] vdd_sata,avdd_plle: disabling
[    3.746565] usb1_vbus: disabling
[    3.751652] EXT4-fs (mmcblk1p1): mounting ext3 file system using the ext4 subsystem
[    3.766581] EXT4-fs (mmcblk1p1): warning: mounting fs with errors, running e2fsck is recommended
[    3.776824] EXT4-fs (mmcblk1p1): recovery complete
[    3.781610] EXT4-fs (mmcblk1p1): mounted filesystem with ordered data mode. Opts: (null)
[    3.789727] VFS: Mounted root (ext3 filesystem) on device 179:1.
[    3.805923] devtmpfs: mounted
[    3.811400] Freeing unused kernel memory: 2048K
bash: cannot set terminal process group (-1): Inappropriate ioctl for device
bash: no job control in this shell
root@(none):/# [    4.083638] usb 2-1: new high-speed USB device number 2 using tegra-ehci
[    4.743342] asix 2-1:1.0 eth1: register 'asix' at usb-7d008000.usb-1, ASIX AX88772 USB 2.0 Ethernet, 00:50:b6:0f:67:60
mount -t sysfs none /sys
root@(none):/# 
root@(none):/# mount -t debugfs none /sys/kernel/debug
root@(none):/# 
root@(none):/# rtcwake -d rtc1 -m mem -s 3
rtcwake: wakeup from "mem" using /dev/rtc1 at Thu Jan  1 00:00:22 1970
[    7.435673] PM: Syncing filesystems ... done.
[    7.442077] Freezing user space processes ... (elapsed 0.001 seconds) done.
[    7.450180] OOM killer disabled.
[    7.453397] Freezing remaining freezable tasks ... (elapsed 0.001 seconds) done.
[    7.462022] Suspending console(s) (use no_console_suspend to debug)
[    7.547338] PM: suspend of devices complete after 78.220 msecs
[    7.549465] PM: late suspend of devices complete after 2.117 msecs
[    7.574389] PM: noirq suspend of devices complete after 24.916 msecs
[    7.574393] Disabling non-boot CPUs ...
[    7.574758] IRQ17 no longer affine to CPU1
[    7.574918] IRQ346 no longer affine to CPU1
[    7.627062] IRQ347 no longer affine to CPU2
[    7.686155] IRQ348 no longer affine to CPU3
[    7.735755] Entering suspend state LP1
[    7.735755] Suspended for 3.054 seconds
[    7.735770] Enabling non-boot CPUs ...
[    7.765608] CPU1 is up
[    7.805726] CPU2 is up
[    7.845983] CPU3 is up
[    7.846743] pcieport 0000:00:01.0: nv_msi_ht_cap_quirk didn't locate host bridge
[    7.873667] PM: noirq resume of devices complete after 27.676 msecs
[    7.875556] PM: early resume of devices complete after 1.441 msecs
[    8.420774] PM: resume of devices complete after 545.208 msecs
[    8.504504] OOM killer enabled.
[    8.507633] Restarting tasks ... done.
root@(none):/# 
root@(none):/# rtcwake -d rtc1 -m mem -s 3
rtcwake: wakeup from "mem" using /dev/rtc1 at Thu Jan  1 00:00:27 1970
[    9.434813] PM: Syncing filesystems ... done.
[    9.440172] Freezing user space processes ... (elapsed 0.001 seconds) done.
[    9.448274] OOM killer disabled.
[    9.451490] Freezing remaining freezable tasks ... (elapsed 0.001 seconds) done.
[    9.460097] Suspending console(s) (use no_console_suspend to debug)
[    9.504066] pci_generic_config_write32: 63 callbacks suppressed
[    9.504079] pci_bus 0000:00: 2-byte config write to 0000:00:01.0 offset 0x9c may corrupt adjacent RW1C bits
[    9.546144] PM: suspend of devices complete after 79.026 msecs
[    9.549427] PM: late suspend of devices complete after 3.276 msecs
[    9.549822] pci_bus 0000:01: 2-byte config write to 0000:01:00.0 offset 0x44 may corrupt adjacent RW1C bits
[    9.549836] pci_bus 0000:01: 2-byte config write to 0000:01:00.0 offset 0x44 may corrupt adjacent RW1C bits
[    9.574377] PM: noirq suspend of devices complete after 24.942 msecs
[    9.574380] Disabling non-boot CPUs ...
[    9.574896] IRQ346 no longer affine to CPU1
[    9.646747] IRQ17 no longer affine to CPU2
[    9.646913] IRQ347 no longer affine to CPU2
[    9.706090] IRQ348 no longer affine to CPU3
[    9.755499] Entering suspend state LP1
[    9.755499] Suspended for 2.980 seconds
[    9.755518] Enabling non-boot CPUs ...
[    9.786036] CPU1 is up
[    9.826110] CPU2 is up
[    9.866347] CPU3 is up
[    9.867241] pci_bus 0000:00: 2-byte config write to 0000:00:01.0 offset 0x4c may corrupt adjacent RW1C bits
[    9.867256] pci_bus 0000:00: 2-byte config write to 0000:00:01.0 offset 0x88 may corrupt adjacent RW1C bits
[    9.867263] pci_bus 0000:00: 2-byte config write to 0000:00:01.0 offset 0x90 may corrupt adjacent RW1C bits
[    9.867268] pci_bus 0000:00: 2-byte config write to 0000:00:01.0 offset 0x98 may corrupt adjacent RW1C bits
[    9.867272] pci_bus 0000:00: 2-byte config write to 0000:00:01.0 offset 0x9c may corrupt adjacent RW1C bits
[    9.867298] pci_bus 0000:00: 2-byte config write to 0000:00:01.0 offset 0x52 may corrupt adjacent RW1C bits
[    9.867306] pci_bus 0000:00: 2-byte config write to 0000:00:01.0 offset 0x52 may corrupt adjacent RW1C bits
[    9.867331] pcieport 0000:00:01.0: nv_msi_ht_cap_quirk didn't locate host bridge
[    9.893640] PM: noirq resume of devices complete after 27.280 msecs
[    9.896541] PM: early resume of devices complete after 2.359 msecs
[   10.445860] PM: resume of devices complete after 549.306 msecs
[   10.633008] OOM killer enabled.
[   10.636143] Restarting tasks ... done.
root@(none):/# 
root@(none):/# rtcwake -d rtc1 -m mem -s 3
rtcwake: wakeup from "mem" using /dev/rtc1 at Thu Jan  1 00:00:32 1970
[   11.540278] PM: Syncing filesystems ... done.
[   11.546979] Freezing user space processes ... (elapsed 0.001 seconds) done.
[   11.555117] OOM killer disabled.
[   11.558334] Freezing remaining freezable tasks ... (elapsed 0.001 seconds) done.
[   11.566995] Suspending console(s) (use no_console_suspend to debug)
[   11.658077] PM: suspend of devices complete after 83.834 msecs
[   11.662271] PM: late suspend of devices complete after 4.182 msecs
[   11.684532] PM: noirq suspend of devices complete after 22.250 msecs
[   11.684537] Disabling non-boot CPUs ...
[   11.684997] IRQ17 no longer affine to CPU1
[   11.685195] IRQ346 no longer affine to CPU1
[   11.865954] Entering suspend state LP1
[   11.865954] Suspended for 2.889 seconds
[   11.865975] Enabling non-boot CPUs ...
[   11.896033] CPU1 is up
[   11.936086] CPU2 is up
[   11.976358] CPU3 is up
[   11.977299] pcieport 0000:00:01.0: nv_msi_ht_cap_quirk didn't locate host bridge
[   12.003611] PM: noirq resume of devices complete after 27.239 msecs
[   12.006019] PM: early resume of devices complete after 1.893 msecs
[   12.565995] PM: resume of devices complete after 559.962 msecs
[   12.641687] OOM killer enabled.
[   12.644824] Restarting tasks ... done.
root@(none):/# 
root@(none):/# rtcwake -d rtc1 -m mem -s 3
rtcwake: wakeup from "mem" using /dev/rtc1 at Thu Jan  1 00:00:37 1970
[   13.579479] PM: Syncing filesystems ... done.
[   13.586166] Freezing user space processes ... (elapsed 0.001 seconds) done.
[   13.594308] OOM killer disabled.
[   13.597526] Freezing remaining freezable tasks ... (elapsed 0.001 seconds) done.
[   13.606180] Suspending console(s) (use no_console_suspend to debug)
[   13.698558] PM: suspend of devices complete after 85.155 msecs
[   13.702744] PM: late suspend of devices complete after 4.176 msecs
[   13.724499] PM: noirq suspend of devices complete after 21.743 msecs
[   13.724505] Disabling non-boot CPUs ...
[   13.724950] migrate_irqs: 2 callbacks suppressed
[   13.724953] IRQ17 no longer affine to CPU1
[   13.725154] IRQ346 no longer affine to CPU1
[   13.797802] IRQ347 no longer affine to CPU2
[   13.856561] IRQ348 no longer affine to CPU3
[   13.905956] Entering suspend state LP1
[   13.905956] Suspended for 2.959 seconds
[   13.905976] Enabling non-boot CPUs ...
[   13.935929] CPU1 is up
[   13.976058] CPU2 is up
[   14.016247] CPU3 is up
[   14.017148] pcieport 0000:00:01.0: nv_msi_ht_cap_quirk didn't locate host bridge
[   14.053644] PM: noirq resume of devices complete after 37.385 msecs
[   14.056578] PM: early resume of devices complete after 2.415 msecs
[   14.605947] PM: resume of devices complete after 549.357 msecs
[   14.694566] OOM killer enabled.
[   14.697704] Restarting tasks ... done.
root@(none):/# 
root@(none):/# rtcwake -d rtc1 -m mem -s 3
rtcwake: wakeup from "mem" using /dev/rtc1 at Thu Jan  1 00:00:42 1970
[   15.612816] PM: Syncing filesystems ... done.
[   15.619469] Freezing user space processes ... (elapsed 0.001 seconds) done.
[   15.627620] OOM killer disabled.
[   15.630837] Freezing remaining freezable tasks ... (elapsed 0.001 seconds) done.
[   15.639496] Suspending console(s) (use no_console_suspend to debug)
[   15.685091] pci_generic_config_write32: 65 callbacks suppressed
[   15.685107] pci_bus 0000:00: 2-byte config write to 0000:00:01.0 offset 0x9c may corrupt adjacent RW1C bits
[   15.728001] PM: suspend of devices complete after 81.259 msecs
[   15.732167] PM: late suspend of devices complete after 4.154 msecs
[   15.732910] pci_bus 0000:01: 2-byte config write to 0000:01:00.0 offset 0x44 may corrupt adjacent RW1C bits
[   15.732926] pci_bus 0000:01: 2-byte config write to 0000:01:00.0 offset 0x44 may corrupt adjacent RW1C bits
[   15.754435] PM: noirq suspend of devices complete after 22.258 msecs
[   15.754440] Disabling non-boot CPUs ...
[   15.754904] IRQ17 no longer affine to CPU1
[   15.755108] IRQ346 no longer affine to CPU1
[   15.807786] IRQ347 no longer affine to CPU2
[   15.866612] IRQ348 no longer affine to CPU3
[   15.915877] Entering suspend state LP1
[   15.915877] Suspended for 2.990 seconds
[   15.915898] Enabling non-boot CPUs ...
[   15.945900] CPU1 is up
[   15.986011] CPU2 is up
[   16.026308] CPU3 is up
[   16.027200] pci_bus 0000:00: 2-byte config write to 0000:00:01.0 offset 0x4c may corrupt adjacent RW1C bits
[   16.027217] pci_bus 0000:00: 2-byte config write to 0000:00:01.0 offset 0x88 may corrupt adjacent RW1C bits
[   16.027223] pci_bus 0000:00: 2-byte config write to 0000:00:01.0 offset 0x90 may corrupt adjacent RW1C bits
[   16.027228] pci_bus 0000:00: 2-byte config write to 0000:00:01.0 offset 0x98 may corrupt adjacent RW1C bits
[   16.027232] pci_bus 0000:00: 2-byte config write to 0000:00:01.0 offset 0x9c may corrupt adjacent RW1C bits
[   16.027255] pci_bus 0000:00: 2-byte config write to 0000:00:01.0 offset 0x52 may corrupt adjacent RW1C bits
[   16.027262] pci_bus 0000:00: 2-byte config write to 0000:00:01.0 offset 0x52 may corrupt adjacent RW1C bits
[   16.027289] pcieport 0000:00:01.0: nv_msi_ht_cap_quirk didn't locate host bridge
[   16.053536] PM: noirq resume of devices complete after 27.215 msecs
[   16.055924] PM: early resume of devices complete after 1.875 msecs
[   16.600830] PM: resume of devices complete after 544.894 msecs
[   16.787967] OOM killer enabled.
[   16.791095] Restarting tasks ... done.
root@(none):/# 
root@(none):/# rtcwake -d rtc1 -m mem -s 3
rtcwake: wakeup from "mem" using /dev/rtc1 at Thu Jan  1 00:00:47 1970
[   17.622632] PM: Syncing filesystems ... done.
[   17.629292] Freezing user space processes ... (elapsed 0.001 seconds) done.
[   17.637448] OOM killer disabled.
[   17.640667] Freezing remaining freezable tasks ... (elapsed 0.001 seconds) done.
[   17.649335] Suspending console(s) (use no_console_suspend to debug)
[   17.735428] PM: suspend of devices complete after 78.852 msecs
[   17.737614] PM: late suspend of devices complete after 2.176 msecs
[   17.764412] PM: noirq suspend of devices complete after 26.785 msecs
[   17.764418] Disabling non-boot CPUs ...
[   17.764866] IRQ17 no longer affine to CPU1
[   17.765064] IRQ346 no longer affine to CPU1
[   17.925917] Entering suspend state LP1
[   17.925917] Suspended for 2.989 seconds
[   17.925936] Enabling non-boot CPUs ...
[   17.955935] CPU1 is up
[   17.996033] CPU2 is up
[   18.036250] CPU3 is up
[   18.037212] pcieport 0000:00:01.0: nv_msi_ht_cap_quirk didn't locate host bridge
[   18.063505] PM: noirq resume of devices complete after 27.241 msecs
[   18.065924] PM: early resume of devices complete after 1.870 msecs
[   18.610195] PM: resume of devices complete after 544.257 msecs
[   18.685920] OOM killer enabled.
[   18.689051] Restarting tasks ... done.
root@(none):/# 
root@(none):/# rtcwake -d rtc1 -m mem -s 3
rtcwake: wakeup from "mem" using /dev/rtc1 at Thu Jan  1 00:00:52 1970
[   19.632765] PM: Syncing filesystems ... done.
[   19.639434] Freezing user space processes ... (elapsed 0.001 seconds) done.
[   19.647583] OOM killer disabled.
[   19.650799] Freezing remaining freezable tasks ... (elapsed 0.001 seconds) done.
[   19.659462] Suspending console(s) (use no_console_suspend to debug)
[   19.746987] PM: suspend of devices complete after 80.278 msecs
[   19.751146] PM: late suspend of devices complete after 4.149 msecs
[   19.774386] PM: noirq suspend of devices complete after 23.231 msecs
[   19.774390] Disabling non-boot CPUs ...
[   19.774861] migrate_irqs: 2 callbacks suppressed
[   19.774865] IRQ17 no longer affine to CPU1
[   19.775064] IRQ346 no longer affine to CPU1
[   19.827726] IRQ347 no longer affine to CPU2
[   19.886471] IRQ348 no longer affine to CPU3
[   19.935820] Entering suspend state LP1
[   19.935820] Suspended for 2.990 seconds
[   19.935840] Enabling non-boot CPUs ...
[   19.965780] CPU1 is up
[   20.005960] CPU2 is up
[   20.046213] CPU3 is up
[   20.047125] pcieport 0000:00:01.0: nv_msi_ht_cap_quirk didn't locate host bridge
[   20.073472] PM: noirq resume of devices complete after 27.246 msecs
[   20.075865] PM: early resume of devices complete after 1.878 msecs
[   20.620087] PM: resume of devices complete after 544.210 msecs
[   20.708722] OOM killer enabled.
[   20.711855] Restarting tasks ... done.
root@(none):/# 
root@(none):/# rtcwake -d rtc1 -m mem -s 3
rtcwake: wakeup from "mem" using /dev/rtc1 at Thu Jan  1 00:00:57 1970
[   21.642521] PM: Syncing filesystems ... done.
[   21.649187] Freezing user space processes ... (elapsed 0.001 seconds) done.
[   21.657344] OOM killer disabled.
[   21.660561] Freezing remaining freezable tasks ... (elapsed 0.001 seconds) done.
[   21.669227] Suspending console(s) (use no_console_suspend to debug)
[   21.714014] pci_generic_config_write32: 65 callbacks suppressed
[   21.714029] pci_bus 0000:00: 2-byte config write to 0000:00:01.0 offset 0x9c may corrupt adjacent RW1C bits
[   21.757919] PM: suspend of devices complete after 81.429 msecs
[   21.762103] PM: late suspend of devices complete after 4.171 msecs
[   21.762837] pci_bus 0000:01: 2-byte config write to 0000:01:00.0 offset 0x44 may corrupt adjacent RW1C bits
[   21.762854] pci_bus 0000:01: 2-byte config write to 0000:01:00.0 offset 0x44 may corrupt adjacent RW1C bits
[   21.784338] PM: noirq suspend of devices complete after 22.224 msecs
[   21.784343] Disabling non-boot CPUs ...
[   21.784793] IRQ17 no longer affine to CPU1
[   21.784997] IRQ346 no longer affine to CPU1
[   21.837697] IRQ347 no longer affine to CPU2
[   21.896498] IRQ348 no longer affine to CPU3
[   21.945820] Entering suspend state LP1
[   21.945820] Suspended for 2.989 seconds
[   21.945840] Enabling non-boot CPUs ...
[   21.975796] CPU1 is up
[   22.015915] CPU2 is up
[   22.056132] CPU3 is up
[   22.057025] pci_bus 0000:00: 2-byte config write to 0000:00:01.0 offset 0x4c may corrupt adjacent RW1C bits
[   22.057039] pci_bus 0000:00: 2-byte config write to 0000:00:01.0 offset 0x88 may corrupt adjacent RW1C bits
[   22.057044] pci_bus 0000:00: 2-byte config write to 0000:00:01.0 offset 0x90 may corrupt adjacent RW1C bits
[   22.057050] pci_bus 0000:00: 2-byte config write to 0000:00:01.0 offset 0x98 may corrupt adjacent RW1C bits
[   22.057055] pci_bus 0000:00: 2-byte config write to 0000:00:01.0 offset 0x9c may corrupt adjacent RW1C bits
[   22.057075] pci_bus 0000:00: 2-byte config write to 0000:00:01.0 offset 0x52 may corrupt adjacent RW1C bits
[   22.057083] pci_bus 0000:00: 2-byte config write to 0000:00:01.0 offset 0x52 may corrupt adjacent RW1C bits
[   22.057113] pcieport 0000:00:01.0: nv_msi_ht_cap_quirk didn't locate host bridge
[   22.083432] PM: noirq resume of devices complete after 27.288 msecs
[   22.085383] PM: early resume of devices complete after 1.424 msecs
[   22.629792] PM: resume of devices complete after 544.396 msecs
[   22.816944] OOM killer enabled.
[   22.820073] Restarting tasks ... done.
root@(none):/# 
root@(none):/# rtcwake -d rtc1 -m mem -s 3
rtcwake: wakeup from "mem" using /dev/rtc1 at Thu Jan  1 00:01:02 1970
[   23.644679] PM: Syncing filesystems ... done.
[   23.650839] Freezing user space processes ... (elapsed 0.001 seconds) done.
[   23.658983] OOM killer disabled.
[   23.662200] Freezing remaining freezable tasks ... (elapsed 0.001 seconds) done.
[   23.670841] Suspending console(s) (use no_console_suspend to debug)
[   23.757878] PM: suspend of devices complete after 79.796 msecs
[   23.762052] PM: late suspend of devices complete after 4.163 msecs
[   23.784299] PM: noirq suspend of devices complete after 22.237 msecs
[   23.784305] Disabling non-boot CPUs ...
[   23.784756] IRQ17 no longer affine to CPU1
[   23.784956] IRQ346 no longer affine to CPU1
[   23.945766] Entering suspend state LP1
[   23.945766] Suspended for 3.000 seconds
[   23.945785] Enabling non-boot CPUs ...
[   23.975756] CPU1 is up
[   24.015843] CPU2 is up
[   24.056107] CPU3 is up
[   24.057048] pcieport 0000:00:01.0: nv_msi_ht_cap_quirk didn't locate host bridge
[   24.083398] PM: noirq resume of devices complete after 27.276 msecs
[   24.085276] PM: early resume of devices complete after 1.369 msecs
[   24.630293] PM: resume of devices complete after 545.005 msecs
[   24.705961] OOM killer enabled.
[   24.709091] Restarting tasks ... done.
root@(none):/# 
root@(none):/# rtcwake -d rtc1 -m mem -s 3
rtcwake: wakeup from "mem" using /dev/rtc1 at Thu Jan  1 00:01:07 1970
[   25.644497] PM: Syncing filesystems ... done.
[   25.650655] Freezing user space processes ... (elapsed 0.001 seconds) done.
[   25.658805] OOM killer disabled.
[   25.662023] Freezing remaining freezable tasks ... (elapsed 0.001 seconds) done.
[   25.670682] Suspending console(s) (use no_console_suspend to debug)
[   25.757851] PM: suspend of devices complete after 79.924 msecs
[   25.762045] PM: late suspend of devices complete after 4.182 msecs
[   25.784277] PM: noirq suspend of devices complete after 22.222 msecs
[   25.784282] Disabling non-boot CPUs ...
[   25.784945] migrate_irqs: 2 callbacks suppressed
[   25.784950] IRQ346 no longer affine to CPU1
[   25.827560] IRQ347 no longer affine to CPU2
[   25.886291] IRQ17 no longer affine to CPU3
[   25.886482] IRQ348 no longer affine to CPU3
[   25.935735] Entering suspend state LP1
[   25.935735] Suspended for 3.009 seconds
[   25.935752] Enabling non-boot CPUs ...
[   25.965815] CPU1 is up
[   26.005870] CPU2 is up
[   26.046108] CPU3 is up
[   26.047026] pcieport 0000:00:01.0: nv_msi_ht_cap_quirk didn't locate host bridge
[   26.073372] PM: noirq resume of devices complete after 27.253 msecs
[   26.075248] PM: early resume of devices complete after 1.368 msecs
[   26.625215] PM: resume of devices complete after 549.953 msecs
[   26.713844] OOM killer enabled.
[   26.716972] Restarting tasks ... done.
root@(none):/# 
root@(none):/# NVTB SYSTEM SUSPEND TEST COMPLETE
