

U-Boot 2015.04-00466-gedec83e90172 (Mar 14 2016 - 10:42:01)

TEGRA124
Model: Acer Chromebook 13 CB5-311
DRAM:  4 GiB
:   Tegra SD/MMC: 0, Tegra SD/MMC: 1, Tegra SD/MMC: 2
MMC init failed
Using default environment

In:    serial
Out:   serial
Err:   serial
Net:   Net Initialization Skipped
No ethernet found.
Hit any key to stop autoboot:  2  1  0 
Tegra124 (Nyan-big) # 
Tegra124 (Nyan-big) # usb start
starting USB...
USB0:   USB EHCI 1.10
scanning bus 0 for devices... 2 USB Device(s) found
USB1:   USB EHCI 1.10
scanning bus 1 for devices... 2 USB Device(s) found
       scanning usb for storage devices... 1 Storage Device(s) found
       scanning usb for ethernet devices... 
Warning: asx0 using MAC address from net device
1 Ethernet Device(s) found
Tegra124 (Nyan-big) # mw 0x7000e4a0 0x00080000
Tegra124 (Nyan-big) # setenv bootargs 'ignore_loglevel console=ttyS0,115200n8 rw root=PARTUUID=4d36e82a-b3c0-4b4b-bfcd-afe5217ac023 rootwait gpt debug noinitrd earlyprintk init=/bin/bash'
Tegra124 (Nyan-big) # setenv ipaddr 192.168.100.102; setenv serverip 192.168.100.1; setenv tftpserverip 192.168.100.1
Tegra124 (Nyan-big) # tftpboot 0x82000000 zImage.multi_v7_defconfig
Using asx0 device
TFTP from server 192.168.100.1; our IP address is 192.168.100.102
Filename 'zImage.multi_v7_defconfig'.
Load address: 0x82000000
Loading: *#################################################################
	 #################################################################
	 #################################################################
	 #################################################################
	 #################################################################
	 #################################################################
	 #################################################################
	 #################################################################
	 ####################
	 3.5 MiB/s
done
Bytes transferred = 7914664 (78c4a8 hex)
Tegra124 (Nyan-big) # tftpboot 0x83000000 tegra124-nyan-big.dtb
Using asx0 device
TFTP from server 192.168.100.1; our IP address is 192.168.100.102
Filename 'tegra124-nyan-big.dtb'.
Load address: 0x83000000
Loading: *#####
	 3.4 MiB/s
done
Bytes transferred = 68155 (10a3b hex)
Tegra124 (Nyan-big) # bootz 0x82000000 - 0x83000000
Kernel image @ 0x82000000 [ 0x000000 - 0x78c4a8 ]
## Flattened Device Tree blob at 83000000
   Booting using the fdt blob at 0x83000000
   Using Device Tree in place at 83000000, end 83013a3a

Starting kernel ...

[    0.000000] Booting Linux on physical CPU 0x0
[    0.000000] Linux version 4.12.0-rc1-170892-g2ea659a (jonathanh@sellafield) (gcc version 4.7.3 20130328 (prerelease) (crosstool-NG linaro-1.13.1-4.7-2013.04-20130415 - Linaro GCC 2013.04) ) #1 SMP Sat May 13 13:37:05 PDT 2017
[    0.000000] CPU: ARMv7 Processor [413fc0f3] revision 3 (ARMv7), cr=10c5387d
[    0.000000] CPU: div instructions available: patching division code
[    0.000000] CPU: PIPT / VIPT nonaliasing data cache, PIPT instruction cache
[    0.000000] OF: fdt: Machine model: Acer Chromebook 13 CB5-311
[    0.000000] OF: fdt: Ignoring memory range 0x100000000 - 0x17ffff000
[    0.000000] debug: ignoring loglevel setting.
[    0.000000] Memory policy: Data cache writealloc
[    0.000000] efi: Getting EFI parameters from FDT:
[    0.000000] efi: UEFI not found.
[    0.000000] cma: Reserved 64 MiB at 0xfb800000
[    0.000000] On node 0 totalpages: 524287
[    0.000000] free_area_init_node: node 0, pgdat c157fd40, node_mem_map eeff8000
[    0.000000]   DMA zone: 1536 pages used for memmap
[    0.000000]   DMA zone: 0 pages reserved
[    0.000000]   DMA zone: 196608 pages, LIFO batch:31
[    0.000000]   HighMem zone: 327679 pages, LIFO batch:31
[    0.000000] percpu: Embedded 17 pages/cpu @eef81000 s39168 r8192 d22272 u69632
[    0.000000] pcpu-alloc: s39168 r8192 d22272 u69632 alloc=17*4096
[    0.000000] pcpu-alloc: [0] 0 [0] 1 [0] 2 [0] 3 
[    0.000000] Built 1 zonelists in Zone order, mobility grouping on.  Total pages: 522751
[    0.000000] Kernel command line: ignore_loglevel console=ttyS0,115200n8 rw root=PARTUUID=4d36e82a-b3c0-4b4b-bfcd-afe5217ac023 rootwait gpt debug noinitrd earlyprintk init=/bin/bash
[    0.000000] PID hash table entries: 4096 (order: 2, 16384 bytes)
[    0.000000] Dentry cache hash table entries: 131072 (order: 7, 524288 bytes)
[    0.000000] Inode-cache hash table entries: 65536 (order: 6, 262144 bytes)
[    0.000000] Memory: 1994436K/2097148K available (10240K kernel code, 1566K rwdata, 4388K rodata, 2048K init, 409K bss, 37176K reserved, 65536K cma-reserved, 1245180K highmem)
[    0.000000] Virtual kernel memory layout:
[    0.000000]     vector  : 0xffff0000 - 0xffff1000   (   4 kB)
[    0.000000]     fixmap  : 0xffc00000 - 0xfff00000   (3072 kB)
[    0.000000]     vmalloc : 0xf0800000 - 0xff800000   ( 240 MB)
[    0.000000]     lowmem  : 0xc0000000 - 0xf0000000   ( 768 MB)
[    0.000000]     pkmap   : 0xbfe00000 - 0xc0000000   (   2 MB)
[    0.000000]     modules : 0xbf000000 - 0xbfe00000   (  14 MB)
[    0.000000]       .text : 0xc0208000 - 0xc0d00000   (11232 kB)
[    0.000000]       .init : 0xc1200000 - 0xc1400000   (2048 kB)
[    0.000000]       .data : 0xc1400000 - 0xc15879b0   (1567 kB)
[    0.000000]        .bss : 0xc1590d04 - 0xc15f74d8   ( 410 kB)
[    0.000000] SLUB: HWalign=64, Order=0-3, MinObjects=0, CPUs=4, Nodes=1
[    0.000000] Hierarchical RCU implementation.
[    0.000000] 	RCU debugfs-based tracing is enabled.
[    0.000000] 	RCU restricting CPUs from NR_CPUS=16 to nr_cpu_ids=4.
[    0.000000] RCU: Adjusting geometry for rcu_fanout_leaf=16, nr_cpu_ids=4
[    0.000000] NR_IRQS:16 nr_irqs:16 16
[    0.000000] /interrupt-controller@60004000: 160 interrupts forwarded to /interrupt-controller@50041000
[    0.000000] Tegra clk 127: register failed with -17
[    0.000003] sched_clock: 32 bits at 1000kHz, resolution 1000ns, wraps every 2147483647500ns
[    0.000011] clocksource: timer_us: mask: 0xffffffff max_cycles: 0xffffffff, max_idle_ns: 1911260446275 ns
[    0.000017] Switching to timer-based delay loop, resolution 1000ns
[    0.001655] arch_timer: cp15 timer(s) running at 12.00MHz (virt).
[    0.001663] clocksource: arch_sys_counter: mask: 0xffffffffffffff max_cycles: 0x2c47f4ee7, max_idle_ns: 440795202497 ns
[    0.001670] sched_clock: 56 bits at 12MHz, resolution 83ns, wraps every 4398046511096ns
[    0.001675] Switching to timer-based delay loop, resolution 83ns
[    0.001880] Console: colour dummy device 80x30
[    0.001893] Calibrating delay loop (skipped), value calculated using timer frequency.. 24.00 BogoMIPS (lpj=120000)
[    0.001900] pid_max: default: 32768 minimum: 301
[    0.001938] Mount-cache hash table entries: 2048 (order: 1, 8192 bytes)
[    0.001942] Mountpoint-cache hash table entries: 2048 (order: 1, 8192 bytes)
[    0.002146] CPU: Testing write buffer coherency: ok
[    0.002266] /cpus/cpu@0 missing clock-frequency property
[    0.002281] /cpus/cpu@1 missing clock-frequency property
[    0.002295] /cpus/cpu@2 missing clock-frequency property
[    0.002310] /cpus/cpu@3 missing clock-frequency property
[    0.002315] CPU0: thread -1, cpu 0, socket 0, mpidr 80000000
[    0.002430] Setting up static identity map for 0x80300000 - 0x803000a0
[    0.003764] Tegra Revision: A01 SKU: 131 CPU Process: 1 SoC Process: 1
[    0.004022] EFI services will not be available.
[    0.004112] smp: Bringing up secondary CPUs ...
[    0.004404] CPU1: thread -1, cpu 1, socket 0, mpidr 80000001
[    0.011905] CPU2: thread -1, cpu 2, socket 0, mpidr 80000002
[    0.021905] CPU3: thread -1, cpu 3, socket 0, mpidr 80000003
[    0.031630] smp: Brought up 1 node, 4 CPUs
[    0.031638] SMP: Total of 4 processors activated (96.00 BogoMIPS).
[    0.031641] CPU: All CPU(s) started in SVC mode.
[    0.032187] devtmpfs: initialized
[    0.037957] VFP support v0.3: implementor 41 architecture 4 part 30 variant f rev 0
[    0.038148] clocksource: jiffies: mask: 0xffffffff max_cycles: 0xffffffff, max_idle_ns: 19112604462750000 ns
[    0.038155] futex hash table entries: 1024 (order: 4, 65536 bytes)
[    0.038727] pinctrl core: initialized pinctrl subsystem
[    0.039483] NET: Registered protocol family 16
[    0.040235] DMA: preallocated 256 KiB pool for atomic coherent allocations
[    0.041111] cpuidle: using governor menu
[    0.049942] No ATAGs?
[    0.049994] hw-breakpoint: found 5 (+1 reserved) breakpoint and 4 watchpoint registers.
[    0.049999] hw-breakpoint: maximum watchpoint size is 8 bytes.
[    0.052820] Serial: AMBA PL011 UART driver
[    0.053173] tegra-mc 70019000.memory-controller: no memory timings for RAM code 0 registered
[    0.058456] AT91: Could not find identification node
[    0.058659] +5V_SYS: supplied by +VDD_MUX
[    0.058757] +3.3V_SYS: supplied by +VDD_MUX
[    0.058970] +VDD_LED: Failed to request enable GPIO122: -517
[    0.058976] reg-fixed-voltage regulators:regulator@5: Failed to register regulator: -517
[    0.059010] +5V_VDD_TS_SW: Failed to request enable GPIO81: -517
[    0.059015] reg-fixed-voltage regulators:regulator@6: Failed to register regulator: -517
[    0.059049] +5V_USB_HS: Failed to request enable GPIO108: -517
[    0.059053] reg-fixed-voltage regulators:regulator@7: Failed to register regulator: -517
[    0.059087] +5V_USB_SS: Failed to request enable GPIO109: -517
[    0.059091] reg-fixed-voltage regulators:regulator@8: Failed to register regulator: -517
[    0.059179] +1.05V_RUN_AVDD_HDMI_PLL: Failed to request enable GPIO63: -517
[    0.059184] reg-fixed-voltage regulators:regulator@11: Failed to register regulator: -517
[    0.059216] +5V_HDMI_CON: Failed to request enable GPIO86: -517
[    0.059221] reg-fixed-voltage regulators:regulator@12: Failed to register regulator: -517
[    0.060213] vgaarb: loaded
[    0.060485] SCSI subsystem initialized
[    0.060551] libata version 3.00 loaded.
[    0.060640] usbcore: registered new interface driver usbfs
[    0.060661] usbcore: registered new interface driver hub
[    0.060687] usbcore: registered new device driver usb
[    0.061994] pps_core: LinuxPPS API ver. 1 registered
[    0.061998] pps_core: Software ver. 5.3.6 - Copyright 2005-2007 Rodolfo Giometti <giometti@linux.it>
[    0.062006] PTP clock support registered
[    0.062070] EDAC MC: Ver: 3.0.0
[    0.062467] tegra-emc 7001b000.emc: no memory timings for RAM code 0 found in DT
[    0.062477] tegra-emc: probe of 7001b000.emc failed with error -2
[    0.062912] clocksource: Switched to clocksource arch_sys_counter
[    0.082706] NET: Registered protocol family 2
[    0.082921] TCP established hash table entries: 8192 (order: 3, 32768 bytes)
[    0.082956] TCP bind hash table entries: 8192 (order: 4, 65536 bytes)
[    0.083019] TCP: Hash tables configured (established 8192 bind 8192)
[    0.083058] UDP hash table entries: 512 (order: 2, 16384 bytes)
[    0.083073] UDP-Lite hash table entries: 512 (order: 2, 16384 bytes)
[    0.083132] NET: Registered protocol family 1
[    0.083274] RPC: Registered named UNIX socket transport module.
[    0.083277] RPC: Registered udp transport module.
[    0.083281] RPC: Registered tcp transport module.
[    0.083284] RPC: Registered tcp NFSv4.1 backchannel transport module.
[    0.083289] PCI: CLS 0 bytes, default 64
[    0.083854] hw perfevents: enabled with armv7_cortex_a15 PMU driver, 7 counters available
[    0.084549] workingset: timestamp_bits=30 max_order=19 bucket_order=0
[    0.087395] squashfs: version 4.0 (2009/01/31) Phillip Lougher
[    0.087644] NFS: Registering the id_resolver key type
[    0.087657] Key type id_resolver registered
[    0.087660] Key type id_legacy registered
[    0.087676] ntfs: driver 2.1.32 [Flags: R/O].
[    0.088292] bounce: pool size: 64 pages
[    0.088308] Block layer SCSI generic (bsg) driver version 0.4 loaded (major 248)
[    0.088312] io scheduler noop registered
[    0.088316] io scheduler deadline registered
[    0.088326] io scheduler cfq registered (default)
[    0.088330] io scheduler mq-deadline registered
[    0.088334] io scheduler kyber registered
[    0.090190] tegra-xusb-padctl 7009f000.padctl: failed to setup XUSB ports: -517
[    0.099698] tegra-apbdma 60020000.dma: Tegra20 APB DMA driver register 32 channels
[    0.100629] tegra-pmc 7000e400.pmc: i2c-thermtrip node not found, emergency thermal reset disabled.
[    0.119128] Serial: 8250/16550 driver, 4 ports, IRQ sharing disabled
[    0.120169] console [ttyS0] disabled
[    0.120187] 70006000.serial: ttyS0 at MMIO 0x70006000 (irq = 333, base_baud = 25500000) is a Tegra
[    1.005830] console [ttyS0] enabled
[    1.009591] SuperH (H)SCI(F) driver initialized
[    1.014448] msm_serial: driver initialized
[    1.018593] STMicroelectronics ASC driver initialized
[    1.025612] tegra-hdmi 54280000.hdmi: failed to get HDMI regulator
[    1.032135] tegra-dpaux 545c0000.dpaux: failed to get VDD supply: -517
[    1.039519] panel-simple panel: panel supply power not found, using dummy regulator
[    1.050787] brd: module loaded
[    1.056506] loop: module loaded
[    1.060562] as3722 4-0040: AS3722 with revision 0x1 found
[    1.070551] as3722-sd2: supplied by +5V_SYS
[    1.074965] as3722-sd3: supplied by +5V_SYS
[    1.079296] +1.35V_LP0(sd3): Bringing 0uV into 1350000-1350000uV
[    1.085520] as3722-sd4: supplied by +5V_SYS
[    1.089848] +1.05V_RUN: Bringing 0uV into 1050000-1050000uV
[    1.095588] as3722-sd5: supplied by +5V_SYS
[    1.101163] as3722-ldo0: supplied by +1.35V_LP0(sd2)
[    1.106884] +1.8V_RUN_CAM: Bringing 0uV into 1800000-1800000uV
[    1.112885] as3722-ldo2: supplied by +1.8V_VDDIO
[    1.118514] as3722-ldo3: supplied by +3.3V_SYS
[    1.122970] +1.00V_LP0_VDD_RTC: Bringing 1100000uV into 1000000-1000000uV
[    1.130533] as3722-ldo4: supplied by +3.3V_SYS
[    1.135128] +3.3V_RUN_CAM: Bringing 0uV into 2800000-2800000uV
[    1.141129] as3722-ldo5: supplied by +1.8V_VDDIO
[    1.145903] +1.2V_RUN_CAM_FRONT: Bringing 0uV into 1200000-1200000uV
[    1.152573] +VDDIO_SDMMC3: Bringing 0uV into 1800000-1800000uV
[    1.158589] as3722-ldo7: supplied by +1.8V_VDDIO
[    1.163361] +1.05V_RUN_CAM_REAR: Bringing 0uV into 1050000-1050000uV
[    1.169893] as3722-ldo9: supplied by +5V_SYS
[    1.174461] +2.8V_RUN_TOUCH: Bringing 0uV into 2800000-2800000uV
[    1.180644] as3722-ldo10: supplied by +5V_SYS
[    1.185153] +2.8V_RUN_CAM_AF: Bringing 0uV into 2800000-2800000uV
[    1.191575] +1.8V_RUN_VPP_FUSE: Bringing 0uV into 1800000-1800000uV
[    1.204009] random: fast init done
[    1.209852] m25p80 spi32765.0: w25q32dw (4096 Kbytes)
[    1.215942] libphy: Fixed MDIO Bus: probed
[    1.220417] CAN device driver interface
[    1.224568] bgmac_bcma: Broadcom 47xx GBit MAC driver loaded
[    1.230662] e1000e: Intel(R) PRO/1000 Network Driver - 3.2.6-k
[    1.236484] e1000e: Copyright(c) 1999 - 2015 Intel Corporation.
[    1.242407] igb: Intel(R) Gigabit Ethernet Network Driver - version 5.4.0-k
[    1.249356] igb: Copyright (c) 2007-2014 Intel Corporation.
[    1.256116] pegasus: v0.9.3 (2013/04/25), Pegasus/Pegasus II USB Ethernet driver
[    1.263521] usbcore: registered new interface driver pegasus
[    1.269180] usbcore: registered new interface driver asix
[    1.274583] usbcore: registered new interface driver ax88179_178a
[    1.280671] usbcore: registered new interface driver cdc_ether
[    1.286509] usbcore: registered new interface driver smsc75xx
[    1.292255] usbcore: registered new interface driver smsc95xx
[    1.298000] usbcore: registered new interface driver net1080
[    1.303660] usbcore: registered new interface driver cdc_subset
[    1.309574] usbcore: registered new interface driver zaurus
[    1.315157] usbcore: registered new interface driver cdc_ncm
[    1.321446] ehci_hcd: USB 2.0 'Enhanced' Host Controller (EHCI) Driver
[    1.327967] ehci-pci: EHCI PCI platform driver
[    1.332411] ehci-platform: EHCI generic platform driver
[    1.337698] ehci-orion: EHCI orion driver
[    1.341748] SPEAr-ehci: EHCI SPEAr driver
[    1.345797] ehci-st: EHCI STMicroelectronics driver
[    1.350706] ehci-exynos: EHCI EXYNOS driver
[    1.354935] ehci-atmel: EHCI Atmel driver
[    1.358977] tegra-ehci: Tegra EHCI driver
[    1.363041] ohci_hcd: USB 1.1 'Open' Host Controller (OHCI) Driver
[    1.369209] ohci-pci: OHCI PCI platform driver
[    1.373659] ohci-platform: OHCI generic platform driver
[    1.378921] ohci-omap3: OHCI OMAP3 driver
[    1.382970] SPEAr-ohci: OHCI SPEAr driver
[    1.387013] ohci-st: OHCI STMicroelectronics driver
[    1.391922] ohci-atmel: OHCI Atmel driver
[    1.396176] usbcore: registered new interface driver usb-storage
[    1.402958] elan_i2c 1-0015: 1-0015 supply vcc not found, using dummy regulator
[    1.410314] as3722-rtc as3722-rtc: rtc core: registered as3722-rtc as rtc0
[    1.417187] as3722-rtc as3722-rtc: RTC interrupt 372
[    1.424074] tegra_rtc 7000e000.rtc: rtc core: registered 7000e000.rtc as rtc1
[    1.431204] tegra_rtc 7000e000.rtc: Tegra internal Real Time Clock
[    1.437550] i2c /dev entries driver
[    1.443363] lm90 0-004c: 0-004c supply vcc not found, using dummy regulator
[    1.454661] sdhci: Secure Digital Host Controller Interface driver
[    1.460825] sdhci: Copyright(c) Pierre Ossman
[    1.465715] Synopsys Designware Multimedia Card Interface Driver
[    1.472135] sdhci-pltfm: SDHCI platform and OF driver helper
[    1.478061] sdhci-tegra 700b0000.sdhci: allocated mmc-pwrseq
[    1.491857] sdhci-tegra 700b0400.sdhci: Got CD GPIO
[    1.496736] sdhci-tegra 700b0400.sdhci: Got WP GPIO
[    1.516939] mmc0: Unknown controller version (3). You may experience problems.
[    1.524182] mmc0: Invalid maximum block size, assuming 512 bytes
[    1.579379] elan_i2c 1-0015: Elan Touchpad: Module ID: 0x002a, Firmware: 0x0005, Sample: 0x0007, IAP: 0x0009
[    1.589316] input: Elan Touchpad as /devices/soc0/7000c400.i2c/i2c-1/1-0015/input/input0
[    1.592926] mmc0: SDHCI controller on 700b0600.sdhci [700b0600.sdhci] using ADMA
[    1.604896] ledtrig-cpu: registered to indicate activity on CPUs
[    1.611000] usbcore: registered new interface driver usbhid
[    1.616568] usbhid: USB HID core driver
[    1.621739] NET: Registered protocol family 10
[    1.626489] Segment Routing with IPv6
[    1.630159] sit: IPv6, IPv4 and MPLS over IPv4 tunneling driver
[    1.636288] NET: Registered protocol family 17
[    1.640722] can: controller area network core (rev 20170425 abi 9)
[    1.646916] NET: Registered protocol family 29
[    1.651346] can: raw protocol (rev 20170425)
[    1.655609] can: broadcast manager protocol (rev 20170425 t)
[    1.661254] can: netlink gateway (rev 20170425) max_hops=1
[    1.661515] mmc0: new high speed MMC card at address 0001
[    1.661745] mmcblk0: mmc0:0001 MMC16G 14.4 GiB 
[    1.661852] mmcblk0boot0: mmc0:0001 MMC16G partition 1 2.00 MiB
[    1.661963] mmcblk0boot1: mmc0:0001 MMC16G partition 2 2.00 MiB
[    1.662059] mmcblk0rpmb: mmc0:0001 MMC16G partition 3 128 KiB
[    1.669525]  mmcblk0: p1 p2 p3 p4 p5 p6 p7 p8 p9 p10 p11 p12
[    1.699948] Key type dns_resolver registered
[    1.704422] ThumbEE CPU extension supported.
[    1.708683] Registering SWP/SWPB emulation handler
[    1.718347] +3.3V_RUN: supplied by +3.3V_SYS
[    1.723302] +VDD_LED: supplied by +VDD_MUX
[    1.727493] +3.3V_AVDD_HDMI_AP_GATED: supplied by +3.3V_RUN
[    1.733169] +1.8V_RUN_CAM: supplied by +3.3V_RUN
[    1.737811] +VDDIO_SDMMC3: supplied by +3.3V_RUN
[    1.742442] +1.8V_RUN_VPP_FUSE: supplied by +3.3V_RUN
[    1.747779] +5V_VDD_TS_SW: supplied by +5V_SYS
[    1.752403] +5V_USB_HS: supplied by +5V_SYS
[    1.756938] +5V_USB_SS: supplied by +5V_SYS
[    1.761799] +3.3V_PANEL: supplied by +3.3V_RUN
[    1.767286] +3.3V_LP0: supplied by +3.3V_SYS
[    1.772173] +1.05V_RUN_AVDD_HDMI_PLL: supplied by +1.05V_RUN
[    1.772445] elan_i2c 1-0015: failed to read report data: -121
[    1.783934] +5V_HDMI_CON: supplied by +5V_SYS
[    1.788907]  usb3-0: usb3-0 supply vbus not found, using dummy regulator
[    1.795654]  usb3-1: usb3-1 supply vbus not found, using dummy regulator
[    1.805665] tegra-sor 54540000.sor: failed to probe output: -517
[    1.812169] panel-simple panel: panel supply power not found, using dummy regulator
[    1.820503] sdhci-tegra 700b0000.sdhci: allocated mmc-pwrseq
[    1.833113] mmc1: Unknown controller version (3). You may experience problems.
[    1.840353] mmc1: Invalid maximum block size, assuming 512 bytes
[    1.846653] mmc1: Switching to 3.3V signalling voltage failed
[    1.902998] mmc1: SDHCI controller on 700b0000.sdhci [700b0000.sdhci] using ADMA
[    1.909930] elan_i2c 1-0015: invalid report id data (ff)
[    1.916424] sdhci-tegra 700b0400.sdhci: Got CD GPIO
[    1.921295] sdhci-tegra 700b0400.sdhci: Got WP GPIO
[    1.934692] mmc2: Unknown controller version (3). You may experience problems.
[    1.941989] mmc2: Invalid maximum block size, assuming 512 bytes
[    1.976739] mmc1: new high speed SDIO card at address 0001
[    2.013022] mmc2: SDHCI controller on 700b0400.sdhci [700b0400.sdhci] using ADMA
[    2.026191] input: gpio-keys as /devices/soc0/gpio-keys/input/input1
[    2.034038] as3722-rtc as3722-rtc: setting system clock to 2000-01-01 00:00:24 UTC (946684824)
[    2.043012] +3.3V_AVDD_HDMI_AP_GATED: disabling
[    2.047541] +1.05V_RUN: disabling
[    2.051006] +1.8V_RUN_CAM: disabling
[    2.054838] +3.3V_RUN_CAM: disabling
[    2.058575] +1.2V_RUN_CAM_FRONT: disabling
[    2.062830] +1.05V_RUN_CAM_REAR: disabling
[    2.068090] +2.8V_RUN_TOUCH: disabling
[    2.073029] +2.8V_RUN_CAM_AF: disabling
[    2.077078] +1.8V_RUN_VPP_FUSE: disabling
[    2.081286] +VDD_LED: disabling
[    2.084460] +5V_VDD_TS_SW: disabling
[    2.088036] +5V_USB_HS: disabling
[    2.091342] +5V_USB_SS: disabling
[    2.094690] +3.3V_PANEL: disabling
[    2.098089] +1.05V_RUN_AVDD_HDMI_PLL: disabling
[    2.102609] +5V_HDMI_CON: disabling
[    2.107040] EXT4-fs (mmcblk0p3): couldn't mount as ext3 due to feature incompatibilities
[    2.115729] EXT4-fs (mmcblk0p3): couldn't mount as ext2 due to feature incompatibilities
[    2.204887] mmc2: new high speed SDHC card at address 0007
[    2.211022] mmcblk2: mmc2:0007 SD08G 7.42 GiB 
[    2.225686] GPT:Primary header alternate_lba != Alt. header my_lba
[    2.231858] GPT:3014591 != 15564799
[    2.235365] GPT:Primary header thinks Alt. header is not at the end of the disk.
[    2.242744] GPT:3014591 != 15564799
[    2.246224] GPT: Use GNU Parted to correct GPT errors.
[    2.251371]  mmcblk2: p1 p2 p3 p4 p5 p6 p7 p8 p9 p10 p11 p12
[    2.542039] EXT4-fs (mmcblk0p3): recovery complete
[    2.547584] EXT4-fs (mmcblk0p3): mounted filesystem with ordered data mode. Opts: (null)
[    2.555715] VFS: Mounted root (ext4 filesystem) on device 179:3.
[    2.562406] devtmpfs: mounted
[    2.566099] Freeing unused kernel memory: 2048K
bash: cannot set terminal process group (-1): Inappropriate ioctl for device
bash: no job control in this shell
root@(none):/# mount -t sysfs none /sys
root@(none):/# 
root@(none):/# mount -t debugfs none /sys/kernel/debug
root@(none):/# 
root@(none):/# rtcwake -d rtc1 -m mem -s 3
rtcwake: assuming RTC uses UTC ...
rtcwake: wakeup from "mem" using /dev/rtc1 at Thu Jan  1 00:00:29 1970
[    5.803485] PM: Syncing filesystems ... done.
[    5.809354] Freezing user space processes ... (elapsed 0.001 seconds) done.
[    5.817553] OOM killer disabled.
[    5.820773] Freezing remaining freezable tasks ... (elapsed 0.001 seconds) done.
[    5.829460] Suspending console(s) (use no_console_suspend to debug)
[    5.854455] PM: suspend of devices complete after 18.188 msecs
[    5.855602] PM: late suspend of devices complete after 1.136 msecs
[    5.856389] PM: noirq suspend of devices complete after 0.782 msecs
[    5.856392] Disabling non-boot CPUs ...
[    5.856694] IRQ352 no longer affine to CPU1
[    5.925121] IRQ353 no longer affine to CPU2
[    5.985073] IRQ17 no longer affine to CPU3
[    5.985174] IRQ354 no longer affine to CPU3
[    6.034479] Entering suspend state LP1
[    6.034479] Suspended for 3.249 seconds
[    6.034490] Enabling non-boot CPUs ...
[    6.064495] CPU1 is up
[    6.104375] CPU2 is up
[    6.144530] CPU3 is up
[    6.144992] PM: noirq resume of devices complete after 0.457 msecs
[    6.146234] PM: early resume of devices complete after 0.932 msecs
[    6.302049] mmc1: Switching to 3.3V signalling voltage failed
[    6.384454] PM: resume of devices complete after 238.210 msecs
[    6.466533] OOM killer enabled.
[    6.469662] Restarting tasks ... done.
root@(none):/# 
root@(none):/# rtcwake -d rtc1 -m mem -s 3
rtcwake: assuming RTC uses UTC ...
rtcwake: wakeup from "mem" using /dev/rtc1 at Thu Jan  1 00:00:34 1970
[    7.630713] PM: Syncing filesystems ... done.
[    7.636348] Freezing user space processes ... (elapsed 0.001 seconds) done.
[    7.644522] OOM killer disabled.
[    7.647738] Freezing remaining freezable tasks ... (elapsed 0.001 seconds) done.
[    7.656361] Suspending console(s) (use no_console_suspend to debug)
[    7.679936] PM: suspend of devices complete after 16.802 msecs
[    7.681144] PM: late suspend of devices complete after 1.198 msecs
[    7.681918] PM: noirq suspend of devices complete after 0.769 msecs
[    7.681921] Disabling non-boot CPUs ...
[    7.682173] IRQ352 no longer affine to CPU1
[    7.744934] IRQ353 no longer affine to CPU2
[    7.804887] IRQ354 no longer affine to CPU3
[    7.854406] Entering suspend state LP1
[    7.854406] Suspended for 3.180 seconds
[    7.854418] Enabling non-boot CPUs ...
[    7.884475] CPU1 is up
[    7.924294] CPU2 is up
[    7.964504] CPU3 is up
[    7.964944] PM: noirq resume of devices complete after 0.434 msecs
[    7.966416] PM: early resume of devices complete after 1.152 msecs
[    8.122100] mmc1: Switching to 3.3V signalling voltage failed
[    8.202734] PM: resume of devices complete after 236.307 msecs
[    8.280747] OOM killer enabled.
[    8.283879] Restarting tasks ... done.
root@(none):/# 
root@(none):/# rtcwake -d rtc1 -m mem -s 3
rtcwake: assuming RTC uses UTC ...
rtcwake: wakeup from "mem" using /dev/rtc1 at Thu Jan  1 00:00:39 1970
[    9.450690] PM: Syncing filesystems ... done.
[    9.456310] Freezing user space processes ... (elapsed 0.001 seconds) done.
[    9.464380] OOM killer disabled.
[    9.467596] Freezing remaining freezable tasks ... (elapsed 0.001 seconds) done.
[    9.476102] Suspending console(s) (use no_console_suspend to debug)
[    9.499710] PM: suspend of devices complete after 16.892 msecs
[    9.500988] PM: late suspend of devices complete after 1.269 msecs
[    9.501676] PM: noirq suspend of devices complete after 0.684 msecs
[    9.501679] Disabling non-boot CPUs ...
[    9.501940] IRQ352 no longer affine to CPU1
[    9.564933] IRQ353 no longer affine to CPU2
[    9.654836] IRQ354 no longer affine to CPU3
[    9.704358] Entering suspend state LP1
[    9.704358] Suspended for 3.149 seconds
[    9.704369] Enabling non-boot CPUs ...
[    9.734436] CPU1 is up
[    9.774270] CPU2 is up
[    9.814476] CPU3 is up
[    9.814919] PM: noirq resume of devices complete after 0.438 msecs
[    9.816547] PM: early resume of devices complete after 1.301 msecs
[    9.972070] mmc1: Switching to 3.3V signalling voltage failed
[   10.054376] PM: resume of devices complete after 237.819 msecs
[   10.132454] OOM killer enabled.
[   10.135587] Restarting tasks ... done.
root@(none):/# 
root@(none):/# rtcwake -d rtc1 -m mem -s 3
rtcwake: assuming RTC uses UTC ...
rtcwake: wakeup from "mem" using /dev/rtc1 at Thu Jan  1 00:00:44 1970
[   11.299961] PM: Syncing filesystems ... done.
[   11.305521] Freezing user space processes ... (elapsed 0.001 seconds) done.
[   11.313695] OOM killer disabled.
[   11.316911] Freezing remaining freezable tasks ... (elapsed 0.001 seconds) done.
[   11.325536] Suspending console(s) (use no_console_suspend to debug)
[   11.350080] PM: suspend of devices complete after 17.775 msecs
[   11.351264] PM: late suspend of devices complete after 1.174 msecs
[   11.352041] PM: noirq suspend of devices complete after 0.771 msecs
[   11.352043] Disabling non-boot CPUs ...
[   11.352302] IRQ352 no longer affine to CPU1
[   11.414899] IRQ353 no longer affine to CPU2
[   11.474826] IRQ354 no longer affine to CPU3
[   11.524335] Entering suspend state LP1
[   11.524335] Suspended for 3.179 seconds
[   11.524346] Enabling non-boot CPUs ...
[   11.554420] CPU1 is up
[   11.594254] CPU2 is up
[   11.634451] CPU3 is up
[   11.634896] PM: noirq resume of devices complete after 0.439 msecs
[   11.636353] PM: early resume of devices complete after 1.137 msecs
[   11.791851] mmc1: Switching to 3.3V signalling voltage failed
[   11.874324] PM: resume of devices complete after 237.960 msecs
[   11.952327] OOM killer enabled.
[   11.955460] Restarting tasks ... done.
root@(none):/# 
root@(none):/# rtcwake -d rtc1 -m mem -s 3
rtcwake: assuming RTC uses UTC ...
rtcwake: wakeup from "mem" using /dev/rtc1 at Thu Jan  1 00:00:49 1970
[   13.120675] PM: Syncing filesystems ... done.
[   13.126410] Freezing user space processes ... (elapsed 0.001 seconds) done.
[   13.134581] OOM killer disabled.
[   13.137797] Freezing remaining freezable tasks ... (elapsed 0.001 seconds) done.
[   13.146301] Suspending console(s) (use no_console_suspend to debug)
[   13.170723] PM: suspend of devices complete after 17.654 msecs
[   13.171717] PM: late suspend of devices complete after 0.988 msecs
[   13.172383] PM: noirq suspend of devices complete after 0.663 msecs
[   13.172385] Disabling non-boot CPUs ...
[   13.172637] IRQ352 no longer affine to CPU1
[   13.234760] IRQ17 no longer affine to CPU2
[   13.234868] IRQ353 no longer affine to CPU2
[   13.294665] IRQ354 no longer affine to CPU3
[   13.344560] Entering suspend state LP1
[   13.344560] Suspended for 3.179 seconds
[   13.344571] Enabling non-boot CPUs ...
[   13.374384] CPU1 is up
[   13.414217] CPU2 is up
[   13.454423] CPU3 is up
[   13.454864] PM: noirq resume of devices complete after 0.436 msecs
[   13.456461] PM: early resume of devices complete after 1.295 msecs
[   13.612018] mmc1: Switching to 3.3V signalling voltage failed
[   13.694291] PM: resume of devices complete after 237.821 msecs
[   13.776376] OOM killer enabled.
[   13.779505] Restarting tasks ... done.
root@(none):/# 
root@(none):/# rtcwake -d rtc1 -m mem -s 3
rtcwake: assuming RTC uses UTC ...
rtcwake: wakeup from "mem" using /dev/rtc1 at Thu Jan  1 00:00:54 1970
[   14.939852] PM: Syncing filesystems ... done.
[   14.945399] Freezing user space processes ... (elapsed 0.001 seconds) done.
[   14.953469] OOM killer disabled.
[   14.956684] Freezing remaining freezable tasks ... (elapsed 0.001 seconds) done.
[   14.965301] Suspending console(s) (use no_console_suspend to debug)
[   14.989785] PM: suspend of devices complete after 17.717 msecs
[   14.990910] PM: late suspend of devices complete after 1.115 msecs
[   14.991679] PM: noirq suspend of devices complete after 0.764 msecs
[   14.991682] Disabling non-boot CPUs ...
[   14.991936] IRQ352 no longer affine to CPU1
[   15.054827] IRQ353 no longer affine to CPU2
[   15.114827] IRQ354 no longer affine to CPU3
[   15.164285] Entering suspend state LP1
[   15.164285] Suspended for 3.180 seconds
[   15.164296] Enabling non-boot CPUs ...
[   15.194378] CPU1 is up
[   15.234204] CPU2 is up
[   15.274407] CPU3 is up
[   15.274850] PM: noirq resume of devices complete after 0.438 msecs
[   15.276497] PM: early resume of devices complete after 1.325 msecs
[   15.431996] mmc1: Switching to 3.3V signalling voltage failed
[   15.514284] PM: resume of devices complete after 237.775 msecs
[   15.592281] OOM killer enabled.
[   15.595414] Restarting tasks ... done.
root@(none):/# 
root@(none):/# rtcwake -d rtc1 -m mem -s 3
rtcwake: assuming RTC uses UTC ...
rtcwake: wakeup from "mem" using /dev/rtc1 at Thu Jan  1 00:00:59 1970
[   16.759826] PM: Syncing filesystems ... done.
[   16.765384] Freezing user space processes ... (elapsed 0.001 seconds) done.
[   16.773558] OOM killer disabled.
[   16.776775] Freezing remaining freezable tasks ... (elapsed 0.001 seconds) done.
[   16.785399] Suspending console(s) (use no_console_suspend to debug)
[   16.809090] PM: suspend of devices complete after 16.925 msecs
[   16.810267] PM: late suspend of devices complete after 1.167 msecs
[   16.811032] PM: noirq suspend of devices complete after 0.760 msecs
[   16.811035] Disabling non-boot CPUs ...
[   16.811289] IRQ352 no longer affine to CPU1
[   16.874822] IRQ353 no longer affine to CPU2
[   16.934735] IRQ354 no longer affine to CPU3
[   16.984270] Entering suspend state LP1
[   16.984270] Suspended for 3.179 seconds
[   16.984282] Enabling non-boot CPUs ...
[   17.014335] CPU1 is up
[   17.054160] CPU2 is up
[   17.094381] CPU3 is up
[   17.094824] PM: noirq resume of devices complete after 0.437 msecs
[   17.096492] PM: early resume of devices complete after 1.364 msecs
[   17.252703] mmc1: Switching to 3.3V signalling voltage failed
[   17.334102] PM: resume of devices complete after 237.599 msecs
[   17.412124] OOM killer enabled.
[   17.415257] Restarting tasks ... done.
root@(none):/# 
root@(none):/# rtcwake -d rtc1 -m mem -s 3
rtcwake: assuming RTC uses UTC ...
rtcwake: wakeup from "mem" using /dev/rtc1 at Thu Jan  1 00:01:04 1970
[   18.579805] PM: Syncing filesystems ... done.
[   18.585362] Freezing user space processes ... (elapsed 0.001 seconds) done.
[   18.593537] OOM killer disabled.
[   18.596753] Freezing remaining freezable tasks ... (elapsed 0.001 seconds) done.
[   18.605272] Suspending console(s) (use no_console_suspend to debug)
[   18.628879] PM: suspend of devices complete after 16.841 msecs
[   18.630080] PM: late suspend of devices complete after 1.191 msecs
[   18.630866] PM: noirq suspend of devices complete after 0.780 msecs
[   18.630868] Disabling non-boot CPUs ...
[   18.631127] IRQ352 no longer affine to CPU1
[   18.694794] IRQ353 no longer affine to CPU2
[   18.754707] IRQ354 no longer affine to CPU3
[   18.804219] Entering suspend state LP1
[   18.804219] Suspended for 3.179 seconds
[   18.804231] Enabling non-boot CPUs ...
[   18.834320] CPU1 is up
[   18.874143] CPU2 is up
[   18.914353] CPU3 is up
[   18.914794] PM: noirq resume of devices complete after 0.436 msecs
[   18.916320] PM: early resume of devices complete after 1.219 msecs
[   19.071927] mmc1: Switching to 3.3V signalling voltage failed
[   19.154232] PM: resume of devices complete after 237.902 msecs
[   19.232240] OOM killer enabled.
[   19.235373] Restarting tasks ... done.
root@(none):/# 
root@(none):/# rtcwake -d rtc1 -m mem -s 3
rtcwake: assuming RTC uses UTC ...
rtcwake: wakeup from "mem" using /dev/rtc1 at Thu Jan  1 00:01:09 1970
[   20.399774] PM: Syncing filesystems ... done.
[   20.405329] Freezing user space processes ... (elapsed 0.001 seconds) done.
[   20.413502] OOM killer disabled.
[   20.416718] Freezing remaining freezable tasks ... (elapsed 0.001 seconds) done.
[   20.425343] Suspending console(s) (use no_console_suspend to debug)
[   20.449854] PM: suspend of devices complete after 17.742 msecs
[   20.451026] PM: late suspend of devices complete after 1.162 msecs
[   20.451800] PM: noirq suspend of devices complete after 0.768 msecs
[   20.451802] Disabling non-boot CPUs ...
[   20.452059] IRQ352 no longer affine to CPU1
[   20.514769] IRQ353 no longer affine to CPU2
[   20.574691] IRQ354 no longer affine to CPU3
[   20.624207] Entering suspend state LP1
[   20.624207] Suspended for 3.179 seconds
[   20.624219] Enabling non-boot CPUs ...
[   20.654302] CPU1 is up
[   20.694108] CPU2 is up
[   20.734316] CPU3 is up
[   20.734756] PM: noirq resume of devices complete after 0.435 msecs
[   20.736230] PM: early resume of devices complete after 1.171 msecs
[   20.891806] mmc1: Switching to 3.3V signalling voltage failed
[   20.974199] PM: resume of devices complete after 237.958 msecs
[   21.052205] OOM killer enabled.
[   21.055339] Restarting tasks ... done.
root@(none):/# 
root@(none):/# rtcwake -d rtc1 -m mem -s 3
rtcwake: assuming RTC uses UTC ...
rtcwake: wakeup from "mem" using /dev/rtc1 at Thu Jan  1 00:01:14 1970
[   22.219744] PM: Syncing filesystems ... done.
[   22.225292] Freezing user space processes ... (elapsed 0.001 seconds) done.
[   22.233362] OOM killer disabled.
[   22.236578] Freezing remaining freezable tasks ... (elapsed 0.001 seconds) done.
[   22.245084] Suspending console(s) (use no_console_suspend to debug)
[   22.268653] PM: suspend of devices complete after 16.853 msecs
[   22.269988] PM: late suspend of devices complete after 1.325 msecs
[   22.270760] PM: noirq suspend of devices complete after 0.767 msecs
[   22.270762] Disabling non-boot CPUs ...
[   22.271019] IRQ352 no longer affine to CPU1
[   22.334744] IRQ353 no longer affine to CPU2
[   22.394658] IRQ354 no longer affine to CPU3
[   22.444187] Entering suspend state LP1
[   22.444187] Suspended for 3.179 seconds
[   22.444198] Enabling non-boot CPUs ...
[   22.474259] CPU1 is up
[   22.514088] CPU2 is up
[   22.554309] CPU3 is up
[   22.554756] PM: noirq resume of devices complete after 0.441 msecs
[   22.556216] PM: early resume of devices complete after 1.147 msecs
[   22.711819] mmc1: Switching to 3.3V signalling voltage failed
[   22.792376] PM: resume of devices complete after 236.150 msecs
[   22.870385] OOM killer enabled.
[   22.873518] Restarting tasks ... done.
root@(none):/# 
root@(none):/# NVTB SYSTEM SUSPEND TEST COMPLETE
