Diff for ./qemu-vexpress64/__internal/defconfig_log.txt
--- /tmp/fooa	2017-07-17 13:17:57.422666171 -0700
+++ /tmp/foob	2017-07-17 13:17:57.426666187 -0700
@@ -1,5 +1,5 @@
 Booting Linux on physical CPU 0x0
-Linux version 4.12.0-172899-g6f7da29 (jonathanh@kaivo) (gcc version 4.9.2 20140904 (prerelease) (crosstool-NG linaro-1.13.1-4.9-2014.09 - Linaro GCC 4.9-2014.09) ) #1 SMP PREEMPT Sun Jul 2 16:39:46 PDT 2017
+Linux version 4.13.0-rc1-184950-g5771a8c (jonathanh@sellafield) (gcc version 4.9.2 20140904 (prerelease) (crosstool-NG linaro-1.13.1-4.9-2014.09 - Linaro GCC 4.9-2014.09)) #1 SMP PREEMPT Mon Jul 17 13:09:57 PDT 2017
 Boot CPU: AArch64 Processor [411fd070]
 Machine model: linux,dummy-virt
 Memory limited to 1024MB
@@ -10,7 +10,7 @@
 NUMA: Faking a node at [mem 0x0000000000000000-0x000000007fffffff]
 NUMA: Adding memblock [0x40000000 - 0x7fffffff] on node 0
 NUMA: Initmem setup node 0 [mem 0x40000000-0x7fffffff]
-NUMA: NODE_DATA [mem 0x7efeae80-0x7efec97f]
+NUMA: NODE_DATA [mem 0x7efe8d80-0x7efea87f]
 Zone ranges:
   DMA      [mem 0x0000000040000000-0x000000007fffffff]
   Normal   empty
@@ -22,7 +22,7 @@
 psci: PSCIv0.2 detected in firmware.
 psci: Using standard PSCI v0.2 function IDs
 psci: Trusted OS migration not required
-percpu: Embedded 24 pages/cpu @ffff80003efcf000 s59264 r8192 d30848 u98304
+percpu: Embedded 26 pages/cpu @ffff80003efcb000 s67456 r8192 d30848 u106496
 Detected PIPT I-cache on CPU0
 CPU features: enabling workaround for ARM erratum 832075
 CPU features: enabling workaround for ARM erratum 834220
@@ -30,15 +30,15 @@
 Policy zone: DMA
 Kernel command line: root=/dev/vda2 rw rootwait mem=1024M console=ttyAMA0,38400n8 init=/bin/bash
 PID hash table entries: 4096 (order: 3, 32768 bytes)
-Memory: 999720K/1048576K available (8828K kernel code, 1100K rwdata, 4284K rodata, 1088K init, 406K bss, 32472K reserved, 16384K cma-reserved)
+Memory: 999304K/1048576K available (9084K kernel code, 1116K rwdata, 4412K rodata, 1088K init, 403K bss, 32888K reserved, 16384K cma-reserved)
 Virtual kernel memory layout:
     modules : 0xffff000000000000 - 0xffff000008000000   (   128 MB)
     vmalloc : 0xffff000008000000 - 0xffff7dffbfff0000   (129022 GB)
-      .text : 0xffff000008080000 - 0xffff000008920000   (  8832 KB)
-    .rodata : 0xffff000008920000 - 0xffff000008d60000   (  4352 KB)
-      .init : 0xffff000008d60000 - 0xffff000008e70000   (  1088 KB)
-      .data : 0xffff000008e70000 - 0xffff000008f83200   (  1101 KB)
-       .bss : 0xffff000008f83200 - 0xffff000008fe8b40   (   407 KB)
+      .text : 0xffff000008080000 - 0xffff000008960000   (  9088 KB)
+    .rodata : 0xffff000008960000 - 0xffff000008dc0000   (  4480 KB)
+      .init : 0xffff000008dc0000 - 0xffff000008ed0000   (  1088 KB)
+      .data : 0xffff000008ed0000 - 0xffff000008fe7200   (  1117 KB)
+       .bss : 0xffff000008fe7200 - 0xffff00000904c070   (   404 KB)
     fixed   : 0xffff7dfffe7fd000 - 0xffff7dfffec00000   (  4108 KB)
     PCI I/O : 0xffff7dfffee00000 - 0xffff7dffffe00000   (    16 MB)
     vmemmap : 0xffff7e0000000000 - 0xffff800000000000   (  2048 GB maximum)
@@ -48,10 +48,8 @@
 Preemptible hierarchical RCU implementation.
 	RCU restricting CPUs from NR_CPUS=64 to nr_cpu_ids=1.
 RCU: Adjusting geometry for rcu_fanout_leaf=16, nr_cpu_ids=1
-NR_IRQS:64 nr_irqs:64 0
+NR_IRQS: 64, nr_irqs: 64, preallocated irqs: 0
 GICv2m: range[mem 0x08020000-0x08020fff], SPI[80:143]
-arch_timer: WARNING: Invalid trigger for IRQ3, assuming level low
-arch_timer: WARNING: Please fix your firmware
 arch_timer: cp15 timer(s) running at 62.50MHz (virt).
 clocksource: arch_sys_counter: mask: 0xffffffffffffff max_cycles: 0x1cd42e208c, max_idle_ns: 881590405314 ns
 sched_clock: 56 bits at 62MHz, resolution 16ns, wraps every 4398046511096ns
@@ -64,6 +62,7 @@
 Mount-cache hash table entries: 2048 (order: 2, 16384 bytes)
 Mountpoint-cache hash table entries: 2048 (order: 2, 16384 bytes)
 ASID allocator initialised with 65536 entries
+Hierarchical SRCU implementation.
 EFI services will not be available.
 smp: Bringing up secondary CPUs ...
 smp: Brought up 1 node, 1 CPU
@@ -72,20 +71,20 @@
 CPU: All CPU(s) started at EL1
 alternatives: patching kernel code
 devtmpfs: initialized
-DMI not present or invalid.
 clocksource: jiffies: mask: 0xffffffff max_cycles: 0xffffffff, max_idle_ns: 7645041785100000 ns
 futex hash table entries: 256 (order: 3, 32768 bytes)
 pinctrl core: initialized pinctrl subsystem
+random: fast init done
+DMI not present or invalid.
 NET: Registered protocol family 16
 cpuidle: using governor menu
-vdso: 2 pages (1 code @ ffff000008927000, 1 data @ ffff000008e75000)
+vdso: 2 pages (1 code @ ffff000008966000, 1 data @ ffff000008ed5000)
 hw-breakpoint: found 6 breakpoint and 4 watchpoint registers.
 DMA: preallocated 256 KiB pool for atomic allocations
 Serial: AMBA PL011 UART driver
 9000000.pl011: ttyAMA0 at MMIO 0x9000000 (irq = 39, base_baud = 0) is a PL011 rev1
 console [ttyAMA0] enabled
-irq: type mismatch, failed to map hwirq-27 for /intc!
-HugeTLB registered 2 MB page size, pre-allocated 0 pages
+HugeTLB registered 2.00 MiB page size, pre-allocated 0 pages
 ACPI: Interpreter disabled.
 vgaarb: loaded
 SCSI subsystem initialized
@@ -95,6 +94,7 @@
 pps_core: LinuxPPS API ver. 1 registered
 pps_core: Software ver. 5.3.6 - Copyright 2005-2007 Rodolfo Giometti <giometti@linux.it>
 PTP clock support registered
+EDAC MC: Ver: 3.0.0
 dmi: Firmware registration failed.
 Advanced Linux Sound Architecture Driver Initialized.
 clocksource: Switched to clocksource arch_sys_counter
@@ -112,9 +112,10 @@
 RPC: Registered udp transport module.
 RPC: Registered tcp transport module.
 RPC: Registered tcp NFSv4.1 backchannel transport module.
+hw perfevents: enabled with armv8_pmuv3 PMU driver, 1 counters available
 kvm [1]: HYP mode not available
 audit: initializing netlink subsys (disabled)
-audit: type=2000 audit(0.721:1): state=initialized audit_enabled=0 res=1
+audit: type=2000 audit(0.769:1): state=initialized audit_enabled=0 res=1
 workingset: timestamp_bits=44 max_order=18 bucket_order=0
 squashfs: version 4.0 (2009/01/31) Phillip Lougher
 NFS: Registering the id_resolver key type
@@ -181,7 +182,7 @@
 Key type dns_resolver registered
 registered taskstats version 1
 input: gpio-keys as /devices/platform/gpio-keys/input/input0
-rtc-pl031 9010000.pl031: setting system clock to 2017-07-02 23:40:18 UTC (1499038818)
+rtc-pl031 9010000.pl031: setting system clock to 2017-07-17 20:10:38 UTC (1500322238)
 ALSA device list:
   No soundcards found.
 uart-pl011 9000000.pl011: no DMA platform data
Diff for ./tegra114-dalmore-a04/tegra114-dalmore/multi_v7_defconfig_log.txt
--- /tmp/fooa	2017-07-17 13:17:57.450666285 -0700
+++ /tmp/foob	2017-07-17 13:17:57.454666301 -0700
@@ -39,21 +39,21 @@
 	 #################################################################
 	 #################################################################
 	 #################################################################
-	 ####################
+	 ###########################
 	 2.9 MiB/s
 done
-Bytes transferred = 7918328 (78d2f8 hex)
+Bytes transferred = 8019864 (7a5f98 hex)
 Tegra114 (Dalmore) # tftpboot 0x82000000 tegra114-dalmore.dtb
 Using asx0 device
 TFTP from server 192.168.100.1; our IP address is 192.168.100.100
 Filename 'tegra114-dalmore.dtb'.
 Load address: 0x82000000
 Loading: *###
-	 2.8 MiB/s
+	 3 MiB/s
 done
 Bytes transferred = 35044 (88e4 hex)
 Tegra114 (Dalmore) # bootz 0x81000000 - 0x82000000
-Kernel image @ 0x81000000 [ 0x000000 - 0x78d2f8 ]
+Kernel image @ 0x81000000 [ 0x000000 - 0x7a5f98 ]
 ## Flattened Device Tree blob at 82000000
    Booting using the fdt blob at 0x82000000
    Loading Device Tree to 8fff4000, end 8ffff8e3 ... OK
@@ -61,7 +61,7 @@
 Starting kernel ...
 
 Booting Linux on physical CPU 0x0
-Linux version 4.12.0-172899-g6f7da29 (jonathanh@sellafield) (gcc version 4.7.3 20130328 (prerelease) (crosstool-NG linaro-1.13.1-4.7-2013.04-20130415 - Linaro GCC 2013.04) ) #1 SMP Sun Jul 2 16:35:49 PDT 2017
+Linux version 4.13.0-rc1-184950-g5771a8c (jonathanh@sellafield) (gcc version 4.7.3 20130328 (prerelease) (crosstool-NG linaro-1.13.1-4.7-2013.04-20130415 - Linaro GCC 2013.04)) #1 SMP Mon Jul 17 13:06:57 PDT 2017
 CPU: ARMv7 Processor [412fc0f2] revision 2 (ARMv7), cr=10c5387d
 CPU: div instructions available: patching division code
 CPU: PIPT / VIPT nonaliasing data cache, PIPT instruction cache
@@ -72,20 +72,20 @@
 efi: UEFI not found.
 cma: Reserved 64 MiB at 0xfb800000
 On node 0 totalpages: 524032
-free_area_init_node: node 0, pgdat c157f880, node_mem_map eeff8000
+free_area_init_node: node 0, pgdat c157f140, node_mem_map eeff8000
   DMA zone: 1536 pages used for memmap
   DMA zone: 0 pages reserved
   DMA zone: 196608 pages, LIFO batch:31
   HighMem zone: 327424 pages, LIFO batch:31
-percpu: Embedded 17 pages/cpu @eef98000 s39168 r8192 d22272 u69632
-pcpu-alloc: s39168 r8192 d22272 u69632 alloc=17*4096
+percpu: Embedded 17 pages/cpu @eef98000 s39488 r8192 d21952 u69632
+pcpu-alloc: s39488 r8192 d21952 u69632 alloc=17*4096
 pcpu-alloc: [0] 0 [0] 1 [0] 2 [0] 3 
 Built 1 zonelists in Zone order, mobility grouping on.  Total pages: 522496
 Kernel command line: ignore_loglevel console=ttyS0,115200n8 rw root=PARTUUID=7369c667-ff51-ec4a-29cd-baabf2fbe346 rootwait gpt debug earlyprintk init=/bin/bash
 PID hash table entries: 4096 (order: 2, 16384 bytes)
 Dentry cache hash table entries: 131072 (order: 7, 524288 bytes)
 Inode-cache hash table entries: 65536 (order: 6, 262144 bytes)
-Memory: 1993540K/2096128K available (10240K kernel code, 1565K rwdata, 4384K rodata, 2048K init, 409K bss, 37052K reserved, 65536K cma-reserved, 1244160K highmem)
+Memory: 1993552K/2096128K available (10240K kernel code, 1563K rwdata, 4452K rodata, 2048K init, 402K bss, 37040K reserved, 65536K cma-reserved, 1244160K highmem)
 Virtual kernel memory layout:
     vector  : 0xffff0000 - 0xffff1000   (   4 kB)
     fixmap  : 0xffc00000 - 0xfff00000   (3072 kB)
@@ -95,14 +95,14 @@
     modules : 0xbf000000 - 0xbfe00000   (  14 MB)
       .text : 0xc0208000 - 0xc0d00000   (11232 kB)
       .init : 0xc1200000 - 0xc1400000   (2048 kB)
-      .data : 0xc1400000 - 0xc15874f0   (1566 kB)
-       .bss : 0xc1590ce0 - 0xc15f7498   ( 410 kB)
+      .data : 0xc1400000 - 0xc1586f28   (1564 kB)
+       .bss : 0xc158fcbc - 0xc15f46fc   ( 403 kB)
 SLUB: HWalign=64, Order=0-3, MinObjects=0, CPUs=4, Nodes=1
 Hierarchical RCU implementation.
-	RCU debugfs-based tracing is enabled.
+	RCU event tracing is enabled.
 	RCU restricting CPUs from NR_CPUS=16 to nr_cpu_ids=4.
 RCU: Adjusting geometry for rcu_fanout_leaf=16, nr_cpu_ids=4
-NR_IRQS:16 nr_irqs:16 16
+NR_IRQS: 16, nr_irqs: 16, preallocated irqs: 16
 /interrupt-controller@60004000: 160 interrupts forwarded to /interrupt-controller@50041000
 Tegra clk 127: register failed with -17
 sched_clock: 32 bits at 1000kHz, resolution 1000ns, wraps every 2147483647500ns
@@ -124,6 +124,7 @@
 /cpus/cpu@3 missing clock-frequency property
 CPU0: thread -1, cpu 0, socket 0, mpidr 80000000
 Setting up static identity map for 0x80300000 - 0x803000a0
+Hierarchical SRCU implementation.
 Tegra Revision: A01 SKU: 0 CPU Process: 1 SoC Process: 0
 EFI services will not be available.
 smp: Bringing up secondary CPUs ...
@@ -138,6 +139,8 @@
 clocksource: jiffies: mask: 0xffffffff max_cycles: 0xffffffff, max_idle_ns: 19112604462750000 ns
 futex hash table entries: 1024 (order: 4, 65536 bytes)
 pinctrl core: initialized pinctrl subsystem
+DMI not present or invalid.
+random: get_random_u32 called from bucket_table_alloc+0xe8/0x254 with crng_init=0
 NET: Registered protocol family 16
 DMA: preallocated 256 KiB pool for atomic coherent allocations
 cpuidle: using governor menu
@@ -168,6 +171,7 @@
 TPS65090_RAILSFET1: supplied by vdd_ac_bat
 TPS65090_RAILSFET2: supplied by vdd_ac_bat
 TPS65090_RAILSFET3: supplied by vdd-sys-3v3
+random: fast init done
 TPS65090_RAILSFET4: supplied by vdd-sys-3v3
 TPS65090_RAILSFET5: supplied by vdd-sys-3v3
 TPS65090_RAILSFET6: supplied by vdd-sys-3v3
@@ -182,7 +186,6 @@
 SMPS457: supplied by vdd-sys-3v3
 SMPS6: supplied by regulator-dummy
 SMPS8: supplied by vdd-sys-3v3
-random: fast init done
 SMPS9: supplied by vdd-sys-3v3
 sdhci-vdd-sd-slot: Bringing 2840000uV into 2800000-2800000uV
 SMPS10_OUT2: supplied by regulator-dummy
@@ -204,6 +207,7 @@
 pps_core: Software ver. 5.3.6 - Copyright 2005-2007 Rodolfo Giometti <giometti@linux.it>
 PTP clock support registered
 EDAC MC: Ver: 3.0.0
+dmi: Firmware registration failed.
 clocksource: Switched to clocksource arch_sys_counter
 NET: Registered protocol family 2
 TCP established hash table entries: 8192 (order: 3, 32768 bytes)
@@ -273,12 +277,11 @@
 ohci_hcd: USB 1.1 'Open' Host Controller (OHCI) Driver
 ohci-pci: OHCI PCI platform driver
 ohci-platform: OHCI generic platform driver
-ohci-omap3: OHCI OMAP3 driver
 SPEAr-ohci: OHCI SPEAr driver
 ohci-st: OHCI STMicroelectronics driver
 ohci-atmel: OHCI Atmel driver
 usbcore: registered new interface driver usb-storage
-palmas-rtc 7000d000.i2c:tps65913@58:rtc: rtc core: registered 7000d000.i2c:tps659 as rtc0
+palmas-rtc 7000d000.i2c:tps65913@58:rtc: rtc core: registered 7000d000.i2c:tps65913@58:rtc as rtc0
 tegra_rtc 7000e000.rtc: rtc core: registered 7000e000.rtc as rtc1
 tegra_rtc 7000e000.rtc: Tegra internal Real Time Clock
 i2c /dev entries driver
@@ -310,30 +313,30 @@
 ThumbEE CPU extension supported.
 Registering SWP/SWPB emulation handler
 usb1_vbus: supplied by vdd-sys-5v0
-mmc0: new high speed SDHC card at address aaaa
-mmcblk0: mmc0:aaaa SL16G 14.8 GiB 
 usb2_vbus: supplied by vdd-sys-5v0
 VDD_5V0_HDMI_CON: supplied by vdd-sys-5v0
- mmcblk0: p1 p2 p3
 tegra-ehci 7d008000.usb: EHCI Host Controller
 tegra-ehci 7d008000.usb: new USB bus registered, assigned bus number 1
+mmc0: new high speed SDHC card at address aaaa
 tegra-ehci 7d008000.usb: irq 339, io mem 0x7d008000
-mmc1: new high speed MMC card at address 0001
-mmcblk1: mmc1:0001 SEM32G 29.1 GiB 
-mmcblk1boot0: mmc1:0001 SEM32G partition 1 4.00 MiB
-mmcblk1boot1: mmc1:0001 SEM32G partition 2 4.00 MiB
-mmcblk1rpmb: mmc1:0001 SEM32G partition 3 4.00 MiB
- mmcblk1: p1 p2 p3 p4 p5 p6 p7 p8
+mmcblk0: mmc0:aaaa SL16G 14.8 GiB 
+ mmcblk0: p1 p2 p3
 tegra-ehci 7d008000.usb: USB 2.0 started, EHCI 1.10
 hub 1-0:1.0: USB hub found
 hub 1-0:1.0: 1 port detected
 input: gpio-keys as /devices/soc0/gpio-keys/input/input0
-palmas-rtc 7000d000.i2c:tps65913@58:rtc: setting system clock to 2001-04-26 11:16:23 UTC (988283783)
+palmas-rtc 7000d000.i2c:tps65913@58:rtc: setting system clock to 2001-05-11 07:50:35 UTC (989567435)
 vdd_hdmi_5v0: disabling
+mmc1: new high speed MMC card at address 0001
+mmcblk1: mmc1:0001 SEM32G 29.1 GiB 
 dvdd_ts: disabling
 usb1_vbus: disabling
 vdd_cam_1v8_reg: disabling
 VDD_5V0_HDMI_CON: disabling
+[lk1boot0: mmc1:0001 SEM32G partition 1 4.00 MiB
+mmcblk1boot1: mmc1:0001 SEM32G partition 2 4.00 MiB
+mmcblk1rpmb: mmc1:0001 SEM32G partition 3 4.00 MiB
+ mmcblk1: p1 p2 p3 p4 p5 p6 p7 p8
 EXT4-fs (mmcblk1p1): mounting ext3 file system using the ext4 subsystem
 EXT4-fs (mmcblk1p1): recovery complete
 EXT4-fs (mmcblk1p1): mounted filesystem with ordered data mode. Opts: (null)
@@ -342,4 +345,4 @@
 Freeing unused kernel memory: 2048K
 bash: cannot set terminal process group (-1): Inappropriate ioctl for device
 bash: no job control in this shell
-root@(none):/# [    2.449026] usb 1-1: new high-speed USB device number 2 using tegra-ehci
+root@(none):/# [    2.419345] usb 1-1: new high-speed USB device number 2 using tegra-ehci
Diff for ./tegra114-dalmore-a04/tegra114-dalmore/tegra_defconfig_log.txt
--- /tmp/fooa	2017-07-17 13:17:57.478666400 -0700
+++ /tmp/foob	2017-07-17 13:17:57.482666417 -0700
@@ -37,21 +37,21 @@
 	 #################################################################
 	 #################################################################
 	 #################################################################
-	 #########################
-	 3.1 MiB/s
+	 ##############################
+	 3.5 MiB/s
 done
-Bytes transferred = 6091264 (5cf200 hex)
+Bytes transferred = 6151688 (5dde08 hex)
 Tegra114 (Dalmore) # tftpboot 0x82000000 tegra114-dalmore.dtb
 Using asx0 device
 TFTP from server 192.168.100.1; our IP address is 192.168.100.100
 Filename 'tegra114-dalmore.dtb'.
 Load address: 0x82000000
 Loading: *###
-	 3 MiB/s
+	 2.8 MiB/s
 done
 Bytes transferred = 35044 (88e4 hex)
 Tegra114 (Dalmore) # bootz 0x81000000 - 0x82000000
-Kernel image @ 0x81000000 [ 0x000000 - 0x5cf200 ]
+Kernel image @ 0x81000000 [ 0x000000 - 0x5dde08 ]
 ## Flattened Device Tree blob at 82000000
    Booting using the fdt blob at 0x82000000
    Loading Device Tree to 8fff4000, end 8ffff8e3 ... OK
@@ -60,7 +60,7 @@
 
 Uncompressing Linux... done, booting the kernel.
 Booting Linux on physical CPU 0x0
-Linux version 4.12.0-172899-g6f7da29 (jonathanh@kaivo) (gcc version 4.7.3 20130328 (prerelease) (crosstool-NG linaro-1.13.1-4.7-2013.04-20130415 - Linaro GCC 2013.04) ) #1 SMP PREEMPT Sun Jul 2 16:35:26 PDT 2017
+Linux version 4.13.0-rc1-184950-g5771a8c (jonathanh@kaivo) (gcc version 4.7.3 20130328 (prerelease) (crosstool-NG linaro-1.13.1-4.7-2013.04-20130415 - Linaro GCC 2013.04)) #1 SMP PREEMPT Mon Jul 17 13:07:43 PDT 2017
 CPU: ARMv7 Processor [412fc0f2] revision 2 (ARMv7), cr=10c5387d
 CPU: div instructions available: patching division code
 CPU: PIPT / VIPT nonaliasing data cache, PIPT instruction cache
@@ -70,20 +70,20 @@
 Memory policy: Data cache writealloc
 cma: Reserved 64 MiB at 0xfbc00000
 On node 0 totalpages: 524032
-free_area_init_node: node 0, pgdat c0eaeac0, node_mem_map eeff7000
+free_area_init_node: node 0, pgdat c0eafd40, node_mem_map eeff7000
   Normal zone: 1536 pages used for memmap
   Normal zone: 0 pages reserved
   Normal zone: 196608 pages, LIFO batch:31
   HighMem zone: 327424 pages, LIFO batch:31
-percpu: Embedded 17 pages/cpu @eef97000 s39040 r8192 d22400 u69632
-pcpu-alloc: s39040 r8192 d22400 u69632 alloc=17*4096
+percpu: Embedded 17 pages/cpu @eef97000 s39360 r8192 d22080 u69632
+pcpu-alloc: s39360 r8192 d22080 u69632 alloc=17*4096
 pcpu-alloc: [0] 0 [0] 1 [0] 2 [0] 3 
 Built 1 zonelists in Zone order, mobility grouping on.  Total pages: 522496
 Kernel command line: ignore_loglevel console=ttyS0,115200n8 rw root=PARTUUID=7369c667-ff51-ec4a-29cd-baabf2fbe346 rootwait gpt debug earlyprintk init=/bin/bash
 PID hash table entries: 4096 (order: 2, 16384 bytes)
 Dentry cache hash table entries: 131072 (order: 7, 524288 bytes)
 Inode-cache hash table entries: 65536 (order: 6, 262144 bytes)
-Memory: 1998556K/2096128K available (9216K kernel code, 740K rwdata, 2688K rodata, 1024K init, 307K bss, 32036K reserved, 65536K cma-reserved, 1244160K highmem)
+Memory: 1998560K/2096128K available (9216K kernel code, 745K rwdata, 2724K rodata, 1024K init, 299K bss, 32032K reserved, 65536K cma-reserved, 1244160K highmem)
 Virtual kernel memory layout:
     vector  : 0xffff0000 - 0xffff1000   (   4 kB)
     fixmap  : 0xffc00000 - 0xfff00000   (3072 kB)
@@ -93,10 +93,10 @@
     modules : 0xbf000000 - 0xbfe00000   (  14 MB)
       .text : 0xc0008000 - 0xc0a00000   (10208 kB)
       .init : 0xc0d00000 - 0xc0e00000   (1024 kB)
-      .data : 0xc0e00000 - 0xc0eb90b8   ( 741 kB)
-       .bss : 0xc0ec3640 - 0xc0f1044c   ( 308 kB)
+      .data : 0xc0e00000 - 0xc0eba548   ( 746 kB)
+       .bss : 0xc0ec4610 - 0xc0f0f3fc   ( 300 kB)
 Preemptible hierarchical RCU implementation.
-NR_IRQS:16 nr_irqs:16 16
+NR_IRQS: 16, nr_irqs: 16, preallocated irqs: 16
 /interrupt-controller@60004000: 160 interrupts forwarded to /interrupt-controller@50041000
 Tegra clk 127: register failed with -17
 sched_clock: 32 bits at 1000kHz, resolution 1000ns, wraps every 2147483647500ns
@@ -118,6 +118,7 @@
 /cpus/cpu@3 missing clock-frequency property
 CPU0: thread -1, cpu 0, socket 0, mpidr 80000000
 Setting up static identity map for 0x80100000 - 0x801000a0
+Hierarchical SRCU implementation.
 Tegra Revision: A01 SKU: 0 CPU Process: 1 SoC Process: 0
 smp: Bringing up secondary CPUs ...
 CPU1: thread -1, cpu 1, socket 0, mpidr 80000001
@@ -131,6 +132,7 @@
 clocksource: jiffies: mask: 0xffffffff max_cycles: 0xffffffff, max_idle_ns: 19112604462750000 ns
 futex hash table entries: 1024 (order: 4, 65536 bytes)
 pinctrl core: initialized pinctrl subsystem
+random: get_random_u32 called from bucket_table_alloc+0xec/0x258 with crng_init=0
 NET: Registered protocol family 16
 DMA: preallocated 256 KiB pool for atomic coherent allocations
 cpuidle: using governor menu
@@ -159,6 +161,7 @@
 TPS65090_RAILSFET1: supplied by vdd_ac_bat
 TPS65090_RAILSFET2: supplied by vdd_ac_bat
 TPS65090_RAILSFET3: supplied by vdd-sys-3v3
+random: fast init done
 TPS65090_RAILSFET4: supplied by vdd-sys-3v3
 TPS65090_RAILSFET5: supplied by vdd-sys-3v3
 TPS65090_RAILSFET6: supplied by vdd-sys-3v3
@@ -173,7 +176,6 @@
 SMPS457: supplied by vdd-sys-3v3
 SMPS6: supplied by regulator-dummy
 SMPS8: supplied by vdd-sys-3v3
-random: fast init done
 SMPS9: supplied by vdd-sys-3v3
 sdhci-vdd-sd-slot: Bringing 2840000uV into 2800000-2800000uV
 SMPS10_OUT2: supplied by regulator-dummy
@@ -258,7 +260,7 @@
 cdc_acm: USB Abstract Control Model driver for USB modems and ISDN adapters
 usbcore: registered new interface driver cdc_wdm
 usbcore: registered new interface driver usb-storage
-palmas-rtc 7000d000.i2c:tps65913@58:rtc: rtc core: registered 7000d000.i2c:tps659 as rtc0
+palmas-rtc 7000d000.i2c:tps65913@58:rtc: rtc core: registered 7000d000.i2c:tps65913@58:rtc as rtc0
 tegra_rtc 7000e000.rtc: rtc core: registered 7000e000.rtc as rtc1
 tegra_rtc 7000e000.rtc: Tegra internal Real Time Clock
 i2c /dev entries driver
@@ -279,15 +281,15 @@
 mmc1: SDHCI controller on 78000600.sdhci [78000600.sdhci] using ADMA
 usbcore: registered new interface driver usbhid
 usbhid: USB HID core driver
+mmc0: new high speed SDHC card at address aaaa
+mmcblk0: mmc0:aaaa SL16G 14.8 GiB 
 mmc1: new high speed MMC card at address 0001
 mmcblk1: mmc1:0001 SEM32G 29.1 GiB 
 mmcblk1boot0: mmc1:0001 SEM32G partition 1 4.00 MiB
-mmc0: new high speed SDHC card at address aaaa
-mmcblk0: mmc0:aaaa SL16G 14.8 GiB 
+ mmcblk0: p1 p2 p3
 mmcblk1boot1: mmc1:0001 SEM32G partition 2 4.00 MiB
 mmcblk1rpmb: mmc1:0001 SEM32G partition 3 4.00 MiB
  mmcblk1: p1 p2 p3 p4 p5 p6 p7 p8
- mmcblk0: p1 p2 p3
 tegra30-i2s 70080400.i2s: DMA channels sourced from device 70080000.ahub
 tegra-snd-rt5640 sound: rt5640-aif1 <-> 70080400.i2s mapping ok
 input: NVIDIA Tegra Dalmore Headphones as /devices/soc0/sound/sound/card0/input0
@@ -320,7 +322,7 @@
 hub 1-0:1.0: USB hub found
 hub 1-0:1.0: 1 port detected
 input: gpio-keys as /devices/soc0/gpio-keys/input/input1
-palmas-rtc 7000d000.i2c:tps65913@58:rtc: setting system clock to 2001-04-26 11:13:55 UTC (988283635)
+palmas-rtc 7000d000.i2c:tps65913@58:rtc: setting system clock to 2001-05-11 07:47:55 UTC (989567275)
 vdd_hdmi_5v0: disabling
 dvdd_ts: disabling
 usb1_vbus: disabling
@@ -331,9 +333,9 @@
 EXT4-fs (mmcblk1p1): mounting ext3 file system using the ext4 subsystem
 EXT4-fs (mmcblk1p1): recovery complete
 EXT4-fs (mmcblk1p1): mounted filesystem with ordered data mode. Opts: (null)
-VFS: Mounted root (ext3 filesystem) on device 179:1.
+VFS: Mounted root (ext3 filesystem) on device 179:17.
 devtmpfs: mounted
 Freeing unused kernel memory: 1024K
 bash: cannot set terminal process group (-1): Inappropriate ioctl for device
 bash: no job control in this shell
-root@(none):/# [    2.657902] usb 1-1: new high-speed USB device number 2 using tegra-ehci
+root@(none):/# [    2.668085] usb 1-1: new high-speed USB device number 2 using tegra-ehci
Diff for ./tegra124-jetson-tk1/tegra124-jetson-tk1/multi_v7_defconfig_log.txt
--- /tmp/fooa	2017-07-17 13:17:57.494666466 -0700
+++ /tmp/foob	2017-07-17 13:17:57.502666498 -0700
@@ -34,29 +34,29 @@
 	 #################################################################
 	 #################################################################
 	 #################################################################
-	 ####################
-	 3.3 MiB/s
+	 ###########################
+	 3.9 MiB/s
 done
-Bytes transferred = 7918328 (78d2f8 hex)
+Bytes transferred = 8019864 (7a5f98 hex)
 Tegra124 (Jetson TK1) # tftpboot 0x83000000 tegra124-jetson-tk1.dtb
 Using eth_rtl8169 device
 TFTP from server 192.168.100.1; our IP address is 192.168.100.102
 Filename 'tegra124-jetson-tk1.dtb'.
 Load address: 0x83000000
 Loading: *#####
-	 3.4 MiB/s
+	 3.8 MiB/s
 done
-Bytes transferred = 67133 (1063d hex)
+Bytes transferred = 67161 (10659 hex)
 Tegra124 (Jetson TK1) # bootz 0x82000000 - 0x83000000
-Kernel image @ 0x82000000 [ 0x000000 - 0x78d2f8 ]
+Kernel image @ 0x82000000 [ 0x000000 - 0x7a5f98 ]
 ## Flattened Device Tree blob at 83000000
    Booting using the fdt blob at 0x83000000
-   Using Device Tree in place at 83000000, end 8301363c
+   Using Device Tree in place at 83000000, end 83013658
 
 Starting kernel ...
 
 Booting Linux on physical CPU 0x0
-Linux version 4.12.0-172899-g6f7da29 (jonathanh@sellafield) (gcc version 4.7.3 20130328 (prerelease) (crosstool-NG linaro-1.13.1-4.7-2013.04-20130415 - Linaro GCC 2013.04) ) #1 SMP Sun Jul 2 16:35:49 PDT 2017
+Linux version 4.13.0-rc1-184950-g5771a8c (jonathanh@sellafield) (gcc version 4.7.3 20130328 (prerelease) (crosstool-NG linaro-1.13.1-4.7-2013.04-20130415 - Linaro GCC 2013.04)) #1 SMP Mon Jul 17 13:06:57 PDT 2017
 CPU: ARMv7 Processor [413fc0f3] revision 3 (ARMv7), cr=10c5387d
 CPU: div instructions available: patching division code
 CPU: PIPT / VIPT nonaliasing data cache, PIPT instruction cache
@@ -67,20 +67,20 @@
 efi: UEFI not found.
 cma: Reserved 64 MiB at 0xfb800000
 On node 0 totalpages: 524032
-free_area_init_node: node 0, pgdat c157f880, node_mem_map eeff8000
+free_area_init_node: node 0, pgdat c157f140, node_mem_map eeff8000
   DMA zone: 1536 pages used for memmap
   DMA zone: 0 pages reserved
   DMA zone: 196608 pages, LIFO batch:31
   HighMem zone: 327424 pages, LIFO batch:31
-percpu: Embedded 17 pages/cpu @eef82000 s39168 r8192 d22272 u69632
-pcpu-alloc: s39168 r8192 d22272 u69632 alloc=17*4096
+percpu: Embedded 17 pages/cpu @eef81000 s39488 r8192 d21952 u69632
+pcpu-alloc: s39488 r8192 d21952 u69632 alloc=17*4096
 pcpu-alloc: [0] 0 [0] 1 [0] 2 [0] 3 
 Built 1 zonelists in Zone order, mobility grouping on.  Total pages: 522496
 Kernel command line: ignore_loglevel console=ttyS0,115200n8 rw root=PARTUUID=b1791faa-84e8-4e27-83a1-9fb0a77e8803 rootwait gpt debug noinitrd earlyprintk init=/bin/bash
 PID hash table entries: 4096 (order: 2, 16384 bytes)
 Dentry cache hash table entries: 131072 (order: 7, 524288 bytes)
 Inode-cache hash table entries: 65536 (order: 6, 262144 bytes)
-Memory: 1993420K/2096128K available (10240K kernel code, 1565K rwdata, 4384K rodata, 2048K init, 409K bss, 37172K reserved, 65536K cma-reserved, 1244160K highmem)
+Memory: 1993428K/2096128K available (10240K kernel code, 1563K rwdata, 4452K rodata, 2048K init, 402K bss, 37164K reserved, 65536K cma-reserved, 1244160K highmem)
 Virtual kernel memory layout:
     vector  : 0xffff0000 - 0xffff1000   (   4 kB)
     fixmap  : 0xffc00000 - 0xfff00000   (3072 kB)
@@ -90,14 +90,14 @@
     modules : 0xbf000000 - 0xbfe00000   (  14 MB)
       .text : 0xc0208000 - 0xc0d00000   (11232 kB)
       .init : 0xc1200000 - 0xc1400000   (2048 kB)
-      .data : 0xc1400000 - 0xc15874f0   (1566 kB)
-       .bss : 0xc1590ce0 - 0xc15f7498   ( 410 kB)
+      .data : 0xc1400000 - 0xc1586f28   (1564 kB)
+       .bss : 0xc158fcbc - 0xc15f46fc   ( 403 kB)
 SLUB: HWalign=64, Order=0-3, MinObjects=0, CPUs=4, Nodes=1
 Hierarchical RCU implementation.
-	RCU debugfs-based tracing is enabled.
+	RCU event tracing is enabled.
 	RCU restricting CPUs from NR_CPUS=16 to nr_cpu_ids=4.
 RCU: Adjusting geometry for rcu_fanout_leaf=16, nr_cpu_ids=4
-NR_IRQS:16 nr_irqs:16 16
+NR_IRQS: 16, nr_irqs: 16, preallocated irqs: 16
 /interrupt-controller@60004000: 160 interrupts forwarded to /interrupt-controller@50041000
 Tegra clk 127: register failed with -17
 sched_clock: 32 bits at 1000kHz, resolution 1000ns, wraps every 2147483647500ns
@@ -119,6 +119,7 @@
 /cpus/cpu@3 missing clock-frequency property
 CPU0: thread -1, cpu 0, socket 0, mpidr 80000000
 Setting up static identity map for 0x80300000 - 0x803000a0
+Hierarchical SRCU implementation.
 Tegra Revision: A01 SKU: 129 CPU Process: 1 SoC Process: 1
 EFI services will not be available.
 smp: Bringing up secondary CPUs ...
@@ -133,6 +134,8 @@
 clocksource: jiffies: mask: 0xffffffff max_cycles: 0xffffffff, max_idle_ns: 19112604462750000 ns
 futex hash table entries: 1024 (order: 4, 65536 bytes)
 pinctrl core: initialized pinctrl subsystem
+DMI not present or invalid.
+random: get_random_u32 called from bucket_table_alloc+0xe8/0x254 with crng_init=0
 NET: Registered protocol family 16
 DMA: preallocated 256 KiB pool for atomic coherent allocations
 cpuidle: using governor menu
@@ -165,6 +168,7 @@
 pps_core: Software ver. 5.3.6 - Copyright 2005-2007 Rodolfo Giometti <giometti@linux.it>
 PTP clock support registered
 EDAC MC: Ver: 3.0.0
+dmi: Firmware registration failed.
 clocksource: Switched to clocksource arch_sys_counter
 NET: Registered protocol family 2
 TCP established hash table entries: 8192 (order: 3, 32768 bytes)
@@ -185,6 +189,7 @@
 Key type id_resolver registered
 Key type id_legacy registered
 ntfs: driver 2.1.32 [Flags: R/O].
+random: fast init done
 bounce: pool size: 64 pages
 Block layer SCSI generic (bsg) driver version 0.4 loaded (major 248)
 io scheduler noop registered
@@ -195,8 +200,8 @@
  usb2-0: usb2-0 supply vbus not found, using dummy regulator
  usb2-1: usb2-1 supply vbus not found, using dummy regulator
 tegra-xusb-padctl 7009f000.padctl: failed to setup XUSB ports: -517
-tegra-pcie 1003000.pcie-controller: 2x1, 1x1 configuration
-tegra-pcie 1003000.pcie-controller: Failed to get supply 'avddio-pex': -517
+tegra-pcie 1003000.pcie: 2x1, 1x1 configuration
+tegra-pcie 1003000.pcie: Failed to get supply 'avddio-pex': -517
 tegra124-dfll 70110000.clock: couldn't get vdd_cpu regulator
 tegra-apbdma 60020000.dma: Tegra20 APB DMA driver register 32 channels
 tegra-pmc 7000e400.pmc: emergency thermal reset enabled
@@ -232,7 +237,6 @@
 +VDDIO_SDMMC3: failed to get the current voltage(-517)
 as3722-regulator as3722-regulator: regulator 13 register failed -517
 tegra-ahci 70027000.sata: couldn't get PHY in node sata: -517
-random: fast init done
 m25p80 spi32765.0: w25q32dw (4096 Kbytes)
 libphy: Fixed MDIO Bus: probed
 CAN device driver interface
@@ -271,7 +275,6 @@
 ohci_hcd: USB 1.1 'Open' Host Controller (OHCI) Driver
 ohci-pci: OHCI PCI platform driver
 ohci-platform: OHCI generic platform driver
-ohci-omap3: OHCI OMAP3 driver
 SPEAr-ohci: OHCI SPEAr driver
 ohci-st: OHCI STMicroelectronics driver
 ohci-atmel: OHCI Atmel driver
@@ -320,11 +323,11 @@
 mmcblk0boot0: mmc0:0001 SEM16G partition 1 4.00 MiB
 mmcblk0boot1: mmc0:0001 SEM16G partition 2 4.00 MiB
 mmcblk0rpmb: mmc0:0001 SEM16G partition 3 4.00 MiB
+ mmcblk0: p1
  usb2-1: usb2-1 supply vbus not found, using dummy regulator
  usb3-0: usb3-0 supply vbus not found, using dummy regulator
-tegra-pcie 1003000.pcie-controller: 2x1, 1x1 configuration
- mmcblk0: p1
-tegra-pcie 1003000.pcie-controller: Failed to get supply 'avddio-pex': -517
+tegra-pcie 1003000.pcie: 2x1, 1x1 configuration
+tegra-pcie 1003000.pcie: Failed to get supply 'avddio-pex': -517
 tegra124-dfll 70110000.clock: couldn't get vdd_cpu regulator
 tegra-hdmi 54280000.hdmi: failed to get PLL regulator
 as3722-sd2: supplied by +5V_SYS
@@ -363,31 +366,31 @@
 mmc1: Unknown controller version (3). You may experience problems.
 mmc1: Invalid maximum block size, assuming 512 bytes
 mmc1: SDHCI controller on 700b0400.sdhci [700b0400.sdhci] using ADMA
-tegra-pcie 1003000.pcie-controller: 2x1, 1x1 configuration
-tegra-pcie 1003000.pcie-controller: probing port 0, using 2 lanes
-tegra-pcie 1003000.pcie-controller: Slot present pin change, signature: 00000008
-tegra-pcie 1003000.pcie-controller: probing port 1, using 1 lanes
-tegra-pcie 1003000.pcie-controller: Slot present pin change, signature: 00000000
-tegra-pcie 1003000.pcie-controller: PCI host bridge to bus 0000:00
+tegra-pcie 1003000.pcie: 2x1, 1x1 configuration
+tegra-pcie 1003000.pcie: probing port 0, using 2 lanes
+tegra-pcie 1003000.pcie: Slot present pin change, signature: 00000008
+tegra-pcie 1003000.pcie: probing port 1, using 1 lanes
+tegra-pcie 1003000.pcie: Slot present pin change, signature: 00000000
+tegra-pcie 1003000.pcie: PCI host bridge to bus 0000:00
 pci_bus 0000:00: root bus resource [io  0x0000-0xffff]
 pci_bus 0000:00: root bus resource [mem 0x13000000-0x1fffffff]
 pci_bus 0000:00: root bus resource [mem 0x20000000-0x3fffffff pref]
 pci_bus 0000:00: root bus resource [bus 00-ff]
 pci 0000:00:01.0: [10de:0e12] type 01 class 0x060400
+pci_bus 0000:00: 2-byte config write to 0000:00:01.0 offset 0x4 may corrupt adjacent RW1C bits
+pci_bus 0000:00: 2-byte config write to 0000:00:01.0 offset 0x4 may corrupt adjacent RW1C bits
 pci_bus 0000:00: 2-byte config write to 0000:00:01.0 offset 0x88 may corrupt adjacent RW1C bits
 pci_bus 0000:00: 2-byte config write to 0000:00:01.0 offset 0x52 may corrupt adjacent RW1C bits
 pci 0000:00:01.0: PME# supported from D0 D1 D2 D3hot D3cold
 pci_bus 0000:00: 2-byte config write to 0000:00:01.0 offset 0x4c may corrupt adjacent RW1C bits
 pci 0000:00:02.0: [10de:0e13] type 01 class 0x060400
+pci_bus 0000:00: 2-byte config write to 0000:00:02.0 offset 0x4 may corrupt adjacent RW1C bits
+ata1: SATA link down (SStatus 0 SControl 300)
+pci_bus 0000:00: 2-byte config write to 0000:00:02.0 offset 0x4 may corrupt adjacent RW1C bits
 pci_bus 0000:00: 2-byte config write to 0000:00:02.0 offset 0x88 may corrupt adjacent RW1C bits
 pci_bus 0000:00: 2-byte config write to 0000:00:02.0 offset 0x52 may corrupt adjacent RW1C bits
-ata1: SATA link down (SStatus 0 SControl 300)
 pci 0000:00:02.0: PME# supported from D0 D1 D2 D3hot D3cold
 pci_bus 0000:00: 2-byte config write to 0000:00:02.0 offset 0x4c may corrupt adjacent RW1C bits
-pci_bus 0000:00: 2-byte config write to 0000:00:01.0 offset 0x3e may corrupt adjacent RW1C bits
-pci_bus 0000:00: 2-byte config write to 0000:00:02.0 offset 0x3e may corrupt adjacent RW1C bits
-pci_bus 0000:00: 2-byte config write to 0000:00:01.0 offset 0x4 may corrupt adjacent RW1C bits
-pci_bus 0000:00: 1-byte config write to 0000:00:01.0 offset 0xc may corrupt adjacent RW1C bits
 PCI: bus0: Fast back to back transfers disabled
 pci 0000:00:01.0: bridge configuration invalid ([bus 00-00]), reconfiguring
 pci 0000:00:02.0: bridge configuration invalid ([bus 00-00]), reconfiguring
@@ -404,7 +407,8 @@
 pci 0000:02:00.0: reg 0x20: [mem 0x00000000-0x00003fff 64bit pref]
 pci 0000:02:00.0: supports D1 D2
 pci 0000:02:00.0: PME# supported from D0 D1 D2 D3hot D3cold
- mmcblk1: p1 p2 p3
+mmcblk1: error -5 sending stop command, original cmd response 0x900, card status 0x900
+mmcblk1: error -5 transferring data, sector 7744504, nr 8, cmd response 0x900, card status 0x80000b00
 PCI: bus2: Fast back to back transfers disabled
 pci_bus 0000:02: busn_res: [bus 02-ff] end is updated to 02
 pci 0000:00:01.0: BAR 8: assigned [mem 0x13000000-0x130fffff]
@@ -421,6 +425,9 @@
 pci 0000:00:02.0:   bridge window [io  0x1000-0x1fff]
 pci 0000:00:02.0:   bridge window [mem 0x13100000-0x131fffff]
 pci 0000:00:02.0:   bridge window [mem 0x20000000-0x200fffff 64bit pref]
+mmcblk1: error -5 sending stop command, original cmd response 0x900, card status 0x900
+mmcblk1: error -5 transferring data, sector 7744504, nr 8, cmd response 0x900, card status 0x80000b00
+mmcblk1: retrying using single block read
 pci 0000:00:01.0: nv_msi_ht_cap_quirk didn't locate host bridge
 pcieport 0000:00:01.0: enabling device (0140 -> 0142)
 pcieport 0000:00:01.0: Signaling PME with IRQ 393
@@ -429,6 +436,7 @@
 pcieport 0000:00:02.0: Signaling PME with IRQ 394
 r8169 Gigabit Ethernet driver 2.3LK-NAPI loaded
 r8169 0000:02:00.0: enabling device (0140 -> 0143)
+ mmcblk1: p1 p2 p3
 r8169 0000:02:00.0 eth0: RTL8168g/8111g at 0xf0b72000, 00:04:4b:3a:d9:81, XID 0c000800 IRQ 395
 r8169 0000:02:00.0 eth0: jumbo features [frames: 9200 bytes, tx checksumming: ko]
 +1.05V_RUN_AVDD_HDMI_PLL: supplied by +1.05V_RUN
@@ -436,7 +444,7 @@
 cpufreq: cpufreq_online: CPU0: Running at unlisted freq: 696000 KHz
 cpufreq: cpufreq_online: CPU0: Unlisted initial frequency changed to: 714000 KHz
 input: gpio-keys as /devices/soc0/gpio-keys/input/input0
-as3722-rtc as3722-rtc: setting system clock to 2000-01-01 00:02:04 UTC (946684924)
+as3722-rtc as3722-rtc: setting system clock to 2000-01-01 00:03:14 UTC (946684994)
 +3.3V_AVDD_HDMI_AP_GATED: disabling
 +USB0_VBUS_SW: disabling
 +1.05V_RUN_AVDD_HDMI_PLL: disabling
Diff for ./tegra124-jetson-tk1/tegra124-jetson-tk1/tegra_defconfig_log.txt
--- /tmp/fooa	2017-07-17 13:17:57.514666547 -0700
+++ /tmp/foob	2017-07-17 13:17:57.518666564 -0700
@@ -27,35 +27,35 @@
 Filename 'zImage.tegra_defconfig'.
 Load address: 0x82000000
 Loading: *#################################################################
+	 #################################################T T T ################
 	 #################################################################
 	 #################################################################
 	 #################################################################
 	 #################################################################
-	 #################################################################
-	 #########################
-	 3.3 MiB/s
+	 ##############################
+	 280.3 KiB/s
 done
-Bytes transferred = 6091264 (5cf200 hex)
+Bytes transferred = 6151688 (5dde08 hex)
 Tegra124 (Jetson TK1) # tftpboot 0x83000000 tegra124-jetson-tk1.dtb
 Using eth_rtl8169 device
 TFTP from server 192.168.100.1; our IP address is 192.168.100.102
 Filename 'tegra124-jetson-tk1.dtb'.
 Load address: 0x83000000
 Loading: *#####
-	 3.8 MiB/s
+	 922.9 KiB/s
 done
-Bytes transferred = 67133 (1063d hex)
+Bytes transferred = 67161 (10659 hex)
 Tegra124 (Jetson TK1) # bootz 0x82000000 - 0x83000000
-Kernel image @ 0x82000000 [ 0x000000 - 0x5cf200 ]
+Kernel image @ 0x82000000 [ 0x000000 - 0x5dde08 ]
 ## Flattened Device Tree blob at 83000000
    Booting using the fdt blob at 0x83000000
-   Using Device Tree in place at 83000000, end 8301363c
+   Using Device Tree in place at 83000000, end 83013658
 
 Starting kernel ...
 
 Uncompressing Linux... done, booting the kernel.
 Booting Linux on physical CPU 0x0
-Linux version 4.12.0-172899-g6f7da29 (jonathanh@kaivo) (gcc version 4.7.3 20130328 (prerelease) (crosstool-NG linaro-1.13.1-4.7-2013.04-20130415 - Linaro GCC 2013.04) ) #1 SMP PREEMPT Sun Jul 2 16:35:26 PDT 2017
+Linux version 4.13.0-rc1-184950-g5771a8c (jonathanh@kaivo) (gcc version 4.7.3 20130328 (prerelease) (crosstool-NG linaro-1.13.1-4.7-2013.04-20130415 - Linaro GCC 2013.04)) #1 SMP PREEMPT Mon Jul 17 13:07:43 PDT 2017
 CPU: ARMv7 Processor [413fc0f3] revision 3 (ARMv7), cr=10c5387d
 CPU: div instructions available: patching division code
 CPU: PIPT / VIPT nonaliasing data cache, PIPT instruction cache
@@ -65,20 +65,20 @@
 Memory policy: Data cache writealloc
 cma: Reserved 64 MiB at 0xfbc00000
 On node 0 totalpages: 524032
-free_area_init_node: node 0, pgdat c0eaeac0, node_mem_map eeff7000
+free_area_init_node: node 0, pgdat c0eafd40, node_mem_map eeff7000
   Normal zone: 1536 pages used for memmap
   Normal zone: 0 pages reserved
   Normal zone: 196608 pages, LIFO batch:31
   HighMem zone: 327424 pages, LIFO batch:31
-percpu: Embedded 17 pages/cpu @eef81000 s39040 r8192 d22400 u69632
-pcpu-alloc: s39040 r8192 d22400 u69632 alloc=17*4096
+percpu: Embedded 17 pages/cpu @eef80000 s39360 r8192 d22080 u69632
+pcpu-alloc: s39360 r8192 d22080 u69632 alloc=17*4096
 pcpu-alloc: [0] 0 [0] 1 [0] 2 [0] 3 
 Built 1 zonelists in Zone order, mobility grouping on.  Total pages: 522496
 Kernel command line: ignore_loglevel console=ttyS0,115200n8 rw root=PARTUUID=b1791faa-84e8-4e27-83a1-9fb0a77e8803 rootwait gpt debug noinitrd earlyprintk init=/bin/bash
 PID hash table entries: 4096 (order: 2, 16384 bytes)
 Dentry cache hash table entries: 131072 (order: 7, 524288 bytes)
 Inode-cache hash table entries: 65536 (order: 6, 262144 bytes)
-Memory: 1998436K/2096128K available (9216K kernel code, 740K rwdata, 2688K rodata, 1024K init, 307K bss, 32156K reserved, 65536K cma-reserved, 1244160K highmem)
+Memory: 1998436K/2096128K available (9216K kernel code, 745K rwdata, 2724K rodata, 1024K init, 299K bss, 32156K reserved, 65536K cma-reserved, 1244160K highmem)
 Virtual kernel memory layout:
     vector  : 0xffff0000 - 0xffff1000   (   4 kB)
     fixmap  : 0xffc00000 - 0xfff00000   (3072 kB)
@@ -88,10 +88,10 @@
     modules : 0xbf000000 - 0xbfe00000   (  14 MB)
       .text : 0xc0008000 - 0xc0a00000   (10208 kB)
       .init : 0xc0d00000 - 0xc0e00000   (1024 kB)
-      .data : 0xc0e00000 - 0xc0eb90b8   ( 741 kB)
-       .bss : 0xc0ec3640 - 0xc0f1044c   ( 308 kB)
+      .data : 0xc0e00000 - 0xc0eba548   ( 746 kB)
+       .bss : 0xc0ec4610 - 0xc0f0f3fc   ( 300 kB)
 Preemptible hierarchical RCU implementation.
-NR_IRQS:16 nr_irqs:16 16
+NR_IRQS: 16, nr_irqs: 16, preallocated irqs: 16
 /interrupt-controller@60004000: 160 interrupts forwarded to /interrupt-controller@50041000
 Tegra clk 127: register failed with -17
 sched_clock: 32 bits at 1000kHz, resolution 1000ns, wraps every 2147483647500ns
@@ -113,6 +113,7 @@
 /cpus/cpu@3 missing clock-frequency property
 CPU0: thread -1, cpu 0, socket 0, mpidr 80000000
 Setting up static identity map for 0x80100000 - 0x801000a0
+Hierarchical SRCU implementation.
 Tegra Revision: A01 SKU: 129 CPU Process: 1 SoC Process: 1
 smp: Bringing up secondary CPUs ...
 CPU1: thread -1, cpu 1, socket 0, mpidr 80000001
@@ -126,6 +127,7 @@
 clocksource: jiffies: mask: 0xffffffff max_cycles: 0xffffffff, max_idle_ns: 19112604462750000 ns
 futex hash table entries: 1024 (order: 4, 65536 bytes)
 pinctrl core: initialized pinctrl subsystem
+random: get_random_u32 called from bucket_table_alloc+0xec/0x258 with crng_init=0
 NET: Registered protocol family 16
 DMA: preallocated 256 KiB pool for atomic coherent allocations
 cpuidle: using governor menu
@@ -182,6 +184,7 @@
 NFS: Registering the id_resolver key type
 Key type id_resolver registered
 Key type id_legacy registered
+random: fast init done
 bounce: pool size: 64 pages
 io scheduler noop registered (default)
 io scheduler mq-deadline registered
@@ -189,8 +192,8 @@
  usb2-0: usb2-0 supply vbus not found, using dummy regulator
  usb2-1: usb2-1 supply vbus not found, using dummy regulator
 tegra-xusb-padctl 7009f000.padctl: failed to setup XUSB ports: -517
-tegra-pcie 1003000.pcie-controller: 2x1, 1x1 configuration
-tegra-pcie 1003000.pcie-controller: Failed to get supply 'avddio-pex': -517
+tegra-pcie 1003000.pcie: 2x1, 1x1 configuration
+tegra-pcie 1003000.pcie: Failed to get supply 'avddio-pex': -517
 tegra124-dfll 70110000.clock: couldn't get vdd_cpu regulator
 tegra-apbdma 60020000.dma: Tegra20 APB DMA driver register 32 channels
 tegra-pmc 7000e400.pmc: emergency thermal reset enabled
@@ -225,7 +228,6 @@
 +VDDIO_SDMMC3: failed to get the current voltage(-517)
 as3722-regulator as3722-regulator: regulator 13 register failed -517
 tegra-ahci 70027000.sata: couldn't get PHY in node sata: -517
-random: fast init done
 m25p80 spi32765.0: w25q32dw (4096 Kbytes)
 libphy: Fixed MDIO Bus: probed
 CAN device driver interface
@@ -315,8 +317,8 @@
  usb2-0: usb2-0 supply vbus not found, using dummy regulator
  usb2-1: usb2-1 supply vbus not found, using dummy regulator
  usb3-0: usb3-0 supply vbus not found, using dummy regulator
-tegra-pcie 1003000.pcie-controller: 2x1, 1x1 configuration
-tegra-pcie 1003000.pcie-controller: Failed to get supply 'avddio-pex': -517
+tegra-pcie 1003000.pcie: 2x1, 1x1 configuration
+tegra-pcie 1003000.pcie: Failed to get supply 'avddio-pex': -517
 tegra124-dfll 70110000.clock: couldn't get vdd_cpu regulator
 tegra-hdmi 54280000.hdmi: failed to get PLL regulator
 as3722-sd2: supplied by +5V_SYS
@@ -368,31 +370,31 @@
 mmc1: Unknown controller version (3). You may experience problems.
 mmc1: Invalid maximum block size, assuming 512 bytes
 mmc1: SDHCI controller on 700b0400.sdhci [700b0400.sdhci] using ADMA
-tegra-pcie 1003000.pcie-controller: 2x1, 1x1 configuration
-tegra-pcie 1003000.pcie-controller: probing port 0, using 2 lanes
-tegra-pcie 1003000.pcie-controller: Slot present pin change, signature: 00000008
+tegra-pcie 1003000.pcie: 2x1, 1x1 configuration
+tegra-pcie 1003000.pcie: probing port 0, using 2 lanes
+tegra-pcie 1003000.pcie: Slot present pin change, signature: 00000008
 ata1: SATA link down (SStatus 0 SControl 300)
-tegra-pcie 1003000.pcie-controller: probing port 1, using 1 lanes
-tegra-pcie 1003000.pcie-controller: Slot present pin change, signature: 00000000
-tegra-pcie 1003000.pcie-controller: PCI host bridge to bus 0000:00
+tegra-pcie 1003000.pcie: probing port 1, using 1 lanes
+tegra-pcie 1003000.pcie: Slot present pin change, signature: 00000000
+tegra-pcie 1003000.pcie: PCI host bridge to bus 0000:00
 pci_bus 0000:00: root bus resource [io  0x0000-0xffff]
 pci_bus 0000:00: root bus resource [mem 0x13000000-0x1fffffff]
 pci_bus 0000:00: root bus resource [mem 0x20000000-0x3fffffff pref]
 pci_bus 0000:00: root bus resource [bus 00-ff]
 pci 0000:00:01.0: [10de:0e12] type 01 class 0x060400
+pci_bus 0000:00: 2-byte config write to 0000:00:01.0 offset 0x4 may corrupt adjacent RW1C bits
+pci_bus 0000:00: 2-byte config write to 0000:00:01.0 offset 0x4 may corrupt adjacent RW1C bits
 pci_bus 0000:00: 2-byte config write to 0000:00:01.0 offset 0x88 may corrupt adjacent RW1C bits
 pci_bus 0000:00: 2-byte config write to 0000:00:01.0 offset 0x52 may corrupt adjacent RW1C bits
 pci 0000:00:01.0: PME# supported from D0 D1 D2 D3hot D3cold
 pci_bus 0000:00: 2-byte config write to 0000:00:01.0 offset 0x4c may corrupt adjacent RW1C bits
 pci 0000:00:02.0: [10de:0e13] type 01 class 0x060400
+pci_bus 0000:00: 2-byte config write to 0000:00:02.0 offset 0x4 may corrupt adjacent RW1C bits
+pci_bus 0000:00: 2-byte config write to 0000:00:02.0 offset 0x4 may corrupt adjacent RW1C bits
 pci_bus 0000:00: 2-byte config write to 0000:00:02.0 offset 0x88 may corrupt adjacent RW1C bits
 pci_bus 0000:00: 2-byte config write to 0000:00:02.0 offset 0x52 may corrupt adjacent RW1C bits
 pci 0000:00:02.0: PME# supported from D0 D1 D2 D3hot D3cold
 pci_bus 0000:00: 2-byte config write to 0000:00:02.0 offset 0x4c may corrupt adjacent RW1C bits
-pci_bus 0000:00: 2-byte config write to 0000:00:01.0 offset 0x3e may corrupt adjacent RW1C bits
-pci_bus 0000:00: 2-byte config write to 0000:00:02.0 offset 0x3e may corrupt adjacent RW1C bits
-pci_bus 0000:00: 2-byte config write to 0000:00:01.0 offset 0x4 may corrupt adjacent RW1C bits
-pci_bus 0000:00: 1-byte config write to 0000:00:01.0 offset 0xc may corrupt adjacent RW1C bits
 PCI: bus0: Fast back to back transfers disabled
 pci 0000:00:01.0: bridge configuration invalid ([bus 00-00]), reconfiguring
 pci 0000:00:02.0: bridge configuration invalid ([bus 00-00]), reconfiguring
@@ -400,8 +402,8 @@
 pci 0000:01:00.0: reg 0x10: [mem 0x00000000-0x00001fff 64bit]
 pci 0000:01:00.0: PME# supported from D0 D3hot D3cold
 mmc1: new high speed SDHC card at address aaaa
-mmcblk1: mmc1:aaaa SD04G 3.69 GiB 
 PCI: bus1: Fast back to back transfers disabled
+mmcblk1: mmc1:aaaa SD04G 3.69 GiB 
 pci_bus 0000:01: busn_res: [bus 01-ff] end is updated to 01
 pci 0000:02:00.0: [10ec:8168] type 00 class 0x020000
 pci 0000:02:00.0: reg 0x10: [io  0x0000-0x00ff]
@@ -409,7 +411,8 @@
 pci 0000:02:00.0: reg 0x20: [mem 0x00000000-0x00003fff 64bit pref]
 pci 0000:02:00.0: supports D1 D2
 pci 0000:02:00.0: PME# supported from D0 D1 D2 D3hot D3cold
- mmcblk1: p1 p2 p3
+mmcblk1: error -5 sending stop command, original cmd response 0x900, card status 0x900
+mmcblk1: error -5 transferring data, sector 7744504, nr 8, cmd response 0x900, card status 0x80000b00
 PCI: bus2: Fast back to back transfers disabled
 pci_bus 0000:02: busn_res: [bus 02-ff] end is updated to 02
 pci 0000:00:01.0: BAR 8: assigned [mem 0x13000000-0x130fffff]
@@ -426,7 +429,11 @@
 pci 0000:00:02.0:   bridge window [io  0x1000-0x1fff]
 pci 0000:00:02.0:   bridge window [mem 0x13100000-0x131fffff]
 pci 0000:00:02.0:   bridge window [mem 0x20000000-0x200fffff 64bit pref]
+mmcblk1: error -5 sending stop command, original cmd response 0x900, card status 0x900
+mmcblk1: error -5 transferring data, sector 7744504, nr 8, cmd response 0x900, card status 0x80000b00
+mmcblk1: retrying using single block read
 pci 0000:00:01.0: nv_msi_ht_cap_quirk didn't locate host bridge
+ mmcblk1: p1 p2 p3
 pcieport 0000:00:01.0: enabling device (0140 -> 0142)
 pcieport 0000:00:01.0: Signaling PME with IRQ 393
 pci 0000:00:02.0: nv_msi_ht_cap_quirk didn't locate host bridge
@@ -441,7 +448,7 @@
 cpufreq: cpufreq_online: CPU0: Running at unlisted freq: 696000 KHz
 cpufreq: cpufreq_online: CPU0: Unlisted initial frequency changed to: 714000 KHz
 input: gpio-keys as /devices/soc0/gpio-keys/input/input2
-as3722-rtc as3722-rtc: setting system clock to 2000-01-01 00:00:13 UTC (946684813)
+as3722-rtc as3722-rtc: setting system clock to 2000-01-01 00:05:15 UTC (946685115)
 +3.3V_AVDD_HDMI_AP_GATED: disabling
 +USB0_VBUS_SW: disabling
 +1.05V_RUN_AVDD_HDMI_PLL: disabling
Diff for ./tegra124-nyan-big/tegra124-nyan-big/multi_v7_defconfig_log.txt
--- /tmp/fooa	2017-07-17 13:17:57.554666712 -0700
+++ /tmp/foob	2017-07-17 13:17:57.566666761 -0700
@@ -5,7 +5,7 @@
 TEGRA124
 Model: Acer Chromebook 13 CB5-311
 DRAM:  4 GiB
-C:   Tegra SD/MMC: 0, Tegra SD/MMC: 1, Tegra SD/MMC: 2
+:   Tegra SD/MMC: 0, Tegra SD/MMC: 1, Tegra SD/MMC: 2
 MMC init failed
 Using default environment
 
@@ -42,29 +42,29 @@
 	 #################################################################
 	 #################################################################
 	 #################################################################
-	 ####################
+	 ###########################
 	 2.9 MiB/s
 done
-Bytes transferred = 7918328 (78d2f8 hex)
+Bytes transferred = 8019864 (7a5f98 hex)
 Tegra124 (Nyan-big) # tftpboot 0x83000000 tegra124-nyan-big.dtb
 Using asx0 device
 TFTP from server 192.168.100.1; our IP address is 192.168.100.102
 Filename 'tegra124-nyan-big.dtb'.
 Load address: 0x83000000
 Loading: *#####
-	 3.4 MiB/s
+	 2.7 MiB/s
 done
-Bytes transferred = 68155 (10a3b hex)
+Bytes transferred = 68183 (10a57 hex)
 Tegra124 (Nyan-big) # bootz 0x82000000 - 0x83000000
-Kernel image @ 0x82000000 [ 0x000000 - 0x78d2f8 ]
+Kernel image @ 0x82000000 [ 0x000000 - 0x7a5f98 ]
 ## Flattened Device Tree blob at 83000000
    Booting using the fdt blob at 0x83000000
-   Using Device Tree in place at 83000000, end 83013a3a
+   Using Device Tree in place at 83000000, end 83013a56
 
 Starting kernel ...
 
 Booting Linux on physical CPU 0x0
-Linux version 4.12.0-172899-g6f7da29 (jonathanh@sellafield) (gcc version 4.7.3 20130328 (prerelease) (crosstool-NG linaro-1.13.1-4.7-2013.04-20130415 - Linaro GCC 2013.04) ) #1 SMP Sun Jul 2 16:35:49 PDT 2017
+Linux version 4.13.0-rc1-184950-g5771a8c (jonathanh@sellafield) (gcc version 4.7.3 20130328 (prerelease) (crosstool-NG linaro-1.13.1-4.7-2013.04-20130415 - Linaro GCC 2013.04)) #1 SMP Mon Jul 17 13:06:57 PDT 2017
 CPU: ARMv7 Processor [413fc0f3] revision 3 (ARMv7), cr=10c5387d
 CPU: div instructions available: patching division code
 CPU: PIPT / VIPT nonaliasing data cache, PIPT instruction cache
@@ -76,20 +76,20 @@
 efi: UEFI not found.
 cma: Reserved 64 MiB at 0xfb800000
 On node 0 totalpages: 524287
-free_area_init_node: node 0, pgdat c157f880, node_mem_map eeff8000
+free_area_init_node: node 0, pgdat c157f140, node_mem_map eeff8000
   DMA zone: 1536 pages used for memmap
   DMA zone: 0 pages reserved
   DMA zone: 196608 pages, LIFO batch:31
   HighMem zone: 327679 pages, LIFO batch:31
-percpu: Embedded 17 pages/cpu @eef81000 s39168 r8192 d22272 u69632
-pcpu-alloc: s39168 r8192 d22272 u69632 alloc=17*4096
+percpu: Embedded 17 pages/cpu @eef81000 s39488 r8192 d21952 u69632
+pcpu-alloc: s39488 r8192 d21952 u69632 alloc=17*4096
 pcpu-alloc: [0] 0 [0] 1 [0] 2 [0] 3 
 Built 1 zonelists in Zone order, mobility grouping on.  Total pages: 522751
 Kernel command line: ignore_loglevel console=ttyS0,115200n8 rw root=PARTUUID=4d36e82a-b3c0-4b4b-bfcd-afe5217ac023 rootwait gpt debug noinitrd earlyprintk init=/bin/bash
 PID hash table entries: 4096 (order: 2, 16384 bytes)
 Dentry cache hash table entries: 131072 (order: 7, 524288 bytes)
 Inode-cache hash table entries: 65536 (order: 6, 262144 bytes)
-Memory: 1994436K/2097148K available (10240K kernel code, 1565K rwdata, 4384K rodata, 2048K init, 409K bss, 37176K reserved, 65536K cma-reserved, 1245180K highmem)
+Memory: 1994448K/2097148K available (10240K kernel code, 1563K rwdata, 4452K rodata, 2048K init, 402K bss, 37164K reserved, 65536K cma-reserved, 1245180K highmem)
 Virtual kernel memory layout:
     vector  : 0xffff0000 - 0xffff1000   (   4 kB)
     fixmap  : 0xffc00000 - 0xfff00000   (3072 kB)
@@ -99,14 +99,14 @@
     modules : 0xbf000000 - 0xbfe00000   (  14 MB)
       .text : 0xc0208000 - 0xc0d00000   (11232 kB)
       .init : 0xc1200000 - 0xc1400000   (2048 kB)
-      .data : 0xc1400000 - 0xc15874f0   (1566 kB)
-       .bss : 0xc1590ce0 - 0xc15f7498   ( 410 kB)
+      .data : 0xc1400000 - 0xc1586f28   (1564 kB)
+       .bss : 0xc158fcbc - 0xc15f46fc   ( 403 kB)
 SLUB: HWalign=64, Order=0-3, MinObjects=0, CPUs=4, Nodes=1
 Hierarchical RCU implementation.
-	RCU debugfs-based tracing is enabled.
+	RCU event tracing is enabled.
 	RCU restricting CPUs from NR_CPUS=16 to nr_cpu_ids=4.
 RCU: Adjusting geometry for rcu_fanout_leaf=16, nr_cpu_ids=4
-NR_IRQS:16 nr_irqs:16 16
+NR_IRQS: 16, nr_irqs: 16, preallocated irqs: 16
 /interrupt-controller@60004000: 160 interrupts forwarded to /interrupt-controller@50041000
 Tegra clk 127: register failed with -17
 sched_clock: 32 bits at 1000kHz, resolution 1000ns, wraps every 2147483647500ns
@@ -128,6 +128,7 @@
 /cpus/cpu@3 missing clock-frequency property
 CPU0: thread -1, cpu 0, socket 0, mpidr 80000000
 Setting up static identity map for 0x80300000 - 0x803000a0
+Hierarchical SRCU implementation.
 Tegra Revision: A01 SKU: 131 CPU Process: 1 SoC Process: 1
 EFI services will not be available.
 smp: Bringing up secondary CPUs ...
@@ -142,6 +143,8 @@
 clocksource: jiffies: mask: 0xffffffff max_cycles: 0xffffffff, max_idle_ns: 19112604462750000 ns
 futex hash table entries: 1024 (order: 4, 65536 bytes)
 pinctrl core: initialized pinctrl subsystem
+DMI not present or invalid.
+random: get_random_u32 called from bucket_table_alloc+0xe8/0x254 with crng_init=0
 NET: Registered protocol family 16
 DMA: preallocated 256 KiB pool for atomic coherent allocations
 cpuidle: using governor menu
@@ -175,6 +178,7 @@
 pps_core: Software ver. 5.3.6 - Copyright 2005-2007 Rodolfo Giometti <giometti@linux.it>
 PTP clock support registered
 EDAC MC: Ver: 3.0.0
+dmi: Firmware registration failed.
 tegra-emc 7001b000.emc: no memory timings for RAM code 0 found in DT
 tegra-emc: probe of 7001b000.emc failed with error -2
 clocksource: Switched to clocksource arch_sys_counter
@@ -197,6 +201,7 @@
 Key type id_resolver registered
 Key type id_legacy registered
 ntfs: driver 2.1.32 [Flags: R/O].
+random: fast init done
 bounce: pool size: 64 pages
 Block layer SCSI generic (bsg) driver version 0.4 loaded (major 248)
 io scheduler noop registered
@@ -243,7 +248,6 @@
 as3722-ldo10: supplied by +5V_SYS
 +2.8V_RUN_CAM_AF: Bringing 0uV into 2800000-2800000uV
 +1.8V_RUN_VPP_FUSE: Bringing 0uV into 1800000-1800000uV
-random: fast init done
 m25p80 spi32765.0: w25q32dw (4096 Kbytes)
 libphy: Fixed MDIO Bus: probed
 CAN device driver interface
@@ -275,7 +279,6 @@
 ohci_hcd: USB 1.1 'Open' Host Controller (OHCI) Driver
 ohci-pci: OHCI PCI platform driver
 ohci-platform: OHCI generic platform driver
-ohci-omap3: OHCI OMAP3 driver
 SPEAr-ohci: OHCI SPEAr driver
 ohci-st: OHCI STMicroelectronics driver
 ohci-atmel: OHCI Atmel driver
@@ -297,8 +300,8 @@
 mmc0: Unknown controller version (3). You may experience problems.
 mmc0: Invalid maximum block size, assuming 512 bytes
 elan_i2c 1-0015: Elan Touchpad: Module ID: 0x002a, Firmware: 0x0005, Sample: 0x0007, IAP: 0x0009
-input: Elan Touchpad as /devices/soc0/7000c400.i2c/i2c-1/1-0015/input/input0
 mmc0: SDHCI controller on 700b0600.sdhci [700b0600.sdhci] using ADMA
+input: Elan Touchpad as /devices/soc0/7000c400.i2c/i2c-1/1-0015/input/input0
 ledtrig-cpu: registered to indicate activity on CPUs
 usbcore: registered new interface driver usbhid
 usbhid: USB HID core driver
@@ -311,12 +314,6 @@
 can: raw protocol (rev 20170425)
 can: broadcast manager protocol (rev 20170425 t)
 can: netlink gateway (rev 20170425) max_hops=1
-mmc0: new high speed MMC card at address 0001
-mmcblk0: mmc0:0001 MMC16G 14.4 GiB 
-mmcblk0boot0: mmc0:0001 MMC16G partition 1 2.00 MiB
-mmcblk0boot1: mmc0:0001 MMC16G partition 2 2.00 MiB
-mmcblk0rpmb: mmc0:0001 MMC16G partition 3 128 KiB
- mmcblk0: p1 p2 p3 p4 p5 p6 p7 p8 p9 p10 p11 p12
 Key type dns_resolver registered
 ThumbEE CPU extension supported.
 Registering SWP/SWPB emulation handler
@@ -330,28 +327,34 @@
 +5V_USB_HS: supplied by +5V_SYS
 +5V_USB_SS: supplied by +5V_SYS
 +3.3V_PANEL: supplied by +3.3V_RUN
+mmc0: new high speed MMC card at address 0001
 +3.3V_LP0: supplied by +3.3V_SYS
+mmcblk0: mmc0:0001 MMC16G 14.4 GiB 
 +1.05V_RUN_AVDD_HDMI_PLL: supplied by +1.05V_RUN
-elan_i2c 1-0015: failed to read report data: -121
 +5V_HDMI_CON: supplied by +5V_SYS
  usb3-0: usb3-0 supply vbus not found, using dummy regulator
  usb3-1: usb3-1 supply vbus not found, using dummy regulator
+elan_i2c 1-0015: failed to read report data: -121
 tegra-sor 54540000.sor: failed to probe output: -517
 panel-simple panel: panel supply power not found, using dummy regulator
 sdhci-tegra 700b0000.sdhci: allocated mmc-pwrseq
+elan_i2c 1-0015: failed to read report data: -121
 mmc1: Unknown controller version (3). You may experience problems.
 mmc1: Invalid maximum block size, assuming 512 bytes
 mmc1: Switching to 3.3V signalling voltage failed
+mmcblk0boot0: mmc0:0001 MMC16G partition 1 2.00 MiB
 mmc1: SDHCI controller on 700b0000.sdhci [700b0000.sdhci] using ADMA
-elan_i2c 1-0015: invalid report id data (ff)
 sdhci-tegra 700b0400.sdhci: Got CD GPIO
 sdhci-tegra 700b0400.sdhci: Got WP GPIO
 mmc2: Unknown controller version (3). You may experience problems.
 mmc2: Invalid maximum block size, assuming 512 bytes
-mmc1: new high speed SDIO card at address 0001
+mmcblk0boot1: mmc0:0001 MMC16G partition 2 2.00 MiB
+mmcblk0rpmb: mmc0:0001 MMC16G partition 3 128 KiB
+ mmcblk0: p1 p2 p3 p4 p5 p6 p7 p8 p9 p10 p11 p12
+elan_i2c 1-0015: invalid report id data (ff)
 mmc2: SDHCI controller on 700b0400.sdhci [700b0400.sdhci] using ADMA
 input: gpio-keys as /devices/soc0/gpio-keys/input/input1
-as3722-rtc as3722-rtc: setting system clock to 2000-01-01 00:00:23 UTC (946684823)
+as3722-rtc as3722-rtc: setting system clock to 2000-01-01 00:00:22 UTC (946684822)
 +3.3V_AVDD_HDMI_AP_GATED: disabling
 +1.05V_RUN: disabling
 +1.8V_RUN_CAM: disabling
@@ -370,6 +373,7 @@
 +5V_HDMI_CON: disabling
 EXT4-fs (mmcblk0p3): couldn't mount as ext3 due to feature incompatibilities
 EXT4-fs (mmcblk0p3): couldn't mount as ext2 due to feature incompatibilities
+mmc1: new high speed SDIO card at address 0001
 mmc2: new high speed SDHC card at address 0007
 mmcblk2: mmc2:0007 SD08G 7.42 GiB 
 GPT:Primary header alternate_lba != Alt. header my_lba
Diff for ./tegra124-nyan-big/tegra124-nyan-big/tegra_defconfig_log.txt
--- /tmp/fooa	2017-07-17 13:17:57.602666908 -0700
+++ /tmp/foob	2017-07-17 13:17:57.614666957 -0700
@@ -40,30 +40,30 @@
 	 #################################################################
 	 #################################################################
 	 #################################################################
-	 #########################
-	 2.8 MiB/s
+	 ##############################
+	 3 MiB/s
 done
-Bytes transferred = 6091264 (5cf200 hex)
+Bytes transferred = 6151688 (5dde08 hex)
 Tegra124 (Nyan-big) # tftpboot 0x83000000 tegra124-nyan-big.dtb
 Using asx0 device
 TFTP from server 192.168.100.1; our IP address is 192.168.100.102
 Filename 'tegra124-nyan-big.dtb'.
 Load address: 0x83000000
 Loading: *#####
-	 2.6 MiB/s
+	 2.7 MiB/s
 done
-Bytes transferred = 68155 (10a3b hex)
+Bytes transferred = 68183 (10a57 hex)
 Tegra124 (Nyan-big) # bootz 0x82000000 - 0x83000000
-Kernel image @ 0x82000000 [ 0x000000 - 0x5cf200 ]
+Kernel image @ 0x82000000 [ 0x000000 - 0x5dde08 ]
 ## Flattened Device Tree blob at 83000000
    Booting using the fdt blob at 0x83000000
-   Using Device Tree in place at 83000000, end 83013a3a
+   Using Device Tree in place at 83000000, end 83013a56
 
 Starting kernel ...
 
 Uncompressing Linux... done, booting the kernel.
 Booting Linux on physical CPU 0x0
-Linux version 4.12.0-172899-g6f7da29 (jonathanh@kaivo) (gcc version 4.7.3 20130328 (prerelease) (crosstool-NG linaro-1.13.1-4.7-2013.04-20130415 - Linaro GCC 2013.04) ) #1 SMP PREEMPT Sun Jul 2 16:35:26 PDT 2017
+Linux version 4.13.0-rc1-184950-g5771a8c (jonathanh@kaivo) (gcc version 4.7.3 20130328 (prerelease) (crosstool-NG linaro-1.13.1-4.7-2013.04-20130415 - Linaro GCC 2013.04)) #1 SMP PREEMPT Mon Jul 17 13:07:43 PDT 2017
 CPU: ARMv7 Processor [413fc0f3] revision 3 (ARMv7), cr=10c5387d
 CPU: div instructions available: patching division code
 CPU: PIPT / VIPT nonaliasing data cache, PIPT instruction cache
@@ -74,20 +74,20 @@
 Memory policy: Data cache writealloc
 cma: Reserved 64 MiB at 0xfbc00000
 On node 0 totalpages: 524287
-free_area_init_node: node 0, pgdat c0eaeac0, node_mem_map eeff7000
+free_area_init_node: node 0, pgdat c0eafd40, node_mem_map eeff7000
   Normal zone: 1536 pages used for memmap
   Normal zone: 0 pages reserved
   Normal zone: 196608 pages, LIFO batch:31
   HighMem zone: 327679 pages, LIFO batch:31
-percpu: Embedded 17 pages/cpu @eef80000 s39040 r8192 d22400 u69632
-pcpu-alloc: s39040 r8192 d22400 u69632 alloc=17*4096
+percpu: Embedded 17 pages/cpu @eef80000 s39360 r8192 d22080 u69632
+pcpu-alloc: s39360 r8192 d22080 u69632 alloc=17*4096
 pcpu-alloc: [0] 0 [0] 1 [0] 2 [0] 3 
 Built 1 zonelists in Zone order, mobility grouping on.  Total pages: 522751
 Kernel command line: ignore_loglevel console=ttyS0,115200n8 rw root=PARTUUID=4d36e82a-b3c0-4b4b-bfcd-afe5217ac023 rootwait gpt debug noinitrd earlyprintk init=/bin/bash
 PID hash table entries: 4096 (order: 2, 16384 bytes)
 Dentry cache hash table entries: 131072 (order: 7, 524288 bytes)
 Inode-cache hash table entries: 65536 (order: 6, 262144 bytes)
-Memory: 1999452K/2097148K available (9216K kernel code, 740K rwdata, 2688K rodata, 1024K init, 307K bss, 32160K reserved, 65536K cma-reserved, 1245180K highmem)
+Memory: 1999456K/2097148K available (9216K kernel code, 745K rwdata, 2724K rodata, 1024K init, 299K bss, 32156K reserved, 65536K cma-reserved, 1245180K highmem)
 Virtual kernel memory layout:
     vector  : 0xffff0000 - 0xffff1000   (   4 kB)
     fixmap  : 0xffc00000 - 0xfff00000   (3072 kB)
@@ -97,10 +97,10 @@
     modules : 0xbf000000 - 0xbfe00000   (  14 MB)
       .text : 0xc0008000 - 0xc0a00000   (10208 kB)
       .init : 0xc0d00000 - 0xc0e00000   (1024 kB)
-      .data : 0xc0e00000 - 0xc0eb90b8   ( 741 kB)
-       .bss : 0xc0ec3640 - 0xc0f1044c   ( 308 kB)
+      .data : 0xc0e00000 - 0xc0eba548   ( 746 kB)
+       .bss : 0xc0ec4610 - 0xc0f0f3fc   ( 300 kB)
 Preemptible hierarchical RCU implementation.
-NR_IRQS:16 nr_irqs:16 16
+NR_IRQS: 16, nr_irqs: 16, preallocated irqs: 16
 /interrupt-controller@60004000: 160 interrupts forwarded to /interrupt-controller@50041000
 Tegra clk 127: register failed with -17
 sched_clock: 32 bits at 1000kHz, resolution 1000ns, wraps every 2147483647500ns
@@ -122,6 +122,7 @@
 /cpus/cpu@3 missing clock-frequency property
 CPU0: thread -1, cpu 0, socket 0, mpidr 80000000
 Setting up static identity map for 0x80100000 - 0x801000a0
+Hierarchical SRCU implementation.
 Tegra Revision: A01 SKU: 131 CPU Process: 1 SoC Process: 1
 smp: Bringing up secondary CPUs ...
 CPU1: thread -1, cpu 1, socket 0, mpidr 80000001
@@ -135,6 +136,7 @@
 clocksource: jiffies: mask: 0xffffffff max_cycles: 0xffffffff, max_idle_ns: 19112604462750000 ns
 futex hash table entries: 1024 (order: 4, 65536 bytes)
 pinctrl core: initialized pinctrl subsystem
+random: get_random_u32 called from bucket_table_alloc+0xec/0x258 with crng_init=0
 NET: Registered protocol family 16
 DMA: preallocated 256 KiB pool for atomic coherent allocations
 cpuidle: using governor menu
@@ -194,6 +196,7 @@
 NFS: Registering the id_resolver key type
 Key type id_resolver registered
 Key type id_legacy registered
+random: fast init done
 bounce: pool size: 64 pages
 io scheduler noop registered (default)
 io scheduler mq-deadline registered
@@ -238,7 +241,6 @@
 +1.8V_RUN_VPP_FUSE: Bringing 0uV into 1800000-1800000uV
 cros-ec-spi spi32766.0: packet too long (249 bytes, expected 4)
 cros-ec-spi spi32766.0: Chrome EC device registered
-random: fast init done
 m25p80 spi32765.0: w25q32dw (4096 Kbytes)
 libphy: Fixed MDIO Bus: probed
 CAN device driver interface
@@ -293,9 +295,6 @@
 mmcblk0boot0: mmc0:0001 MMC16G partition 1 2.00 MiB
 input: GoogleNyanBig Headphones as /devices/soc0/sound/sound/card1/input1
 input: GoogleNyanBig Mic Jack as /devices/soc0/sound/sound/card1/input2
-mmcblk0boot1: mmc0:0001 MMC16G partition 2 2.00 MiB
-mmcblk0rpmb: mmc0:0001 MMC16G partition 3 128 KiB
- mmcblk0: p1 p2 p3 p4 p5 p6 p7 p8 p9 p10 p11 p12
 NET: Registered protocol family 10
 Segment Routing with IPv6
 mip6: Mobile IPv6
@@ -371,9 +370,6 @@
 +5V_HDMI_CON: disabling
 ALSA device list:
   #1: GoogleNyanBig
-usb 1-2: new high-speed USB device number 2 using tegra-xusb
-EXT4-fs (mmcblk0p3): couldn't mount as ext3 due to feature incompatibilities
-input: tegra-hda HDMI/DP,pcm=3 as /devices/soc0/70030000.hda/sound/card0/input4
 mmc2: new high speed SDHC card at address 0007
 mmcblk2: mmc2:0007 SD08G 7.42 GiB 
 GPT:Primary header alternate_lba != Alt. header my_lba
@@ -382,8 +378,14 @@
 GPT:3014591 != 15564799
 GPT: Use GNU Parted to correct GPT errors.
  mmcblk2: p1 p2 p3 p4 p5 p6 p7 p8 p9 p10 p11 p12
+mmcblk0boot1: mmc0:0001 MMC16G partition 2 2.00 MiB
+mmcblk0rpmb: mmc0:0001 MMC16G partition 3 128 KiB
+ mmcblk0: p1 p2 p3 p4 p5 p6 p7 p8 p9 p10 p11 p12
+usb 1-2: new high-speed USB device number 2 using tegra-xusb
+input: tegra-hda HDMI/DP,pcm=3 as /devices/soc0/70030000.hda/sound/card0/input4
+EXT4-fs (mmcblk0p3): couldn't mount as ext3 due to feature incompatibilities
 uvcvideo: Found UVC 1.00 device HD WebCam (1bcf:2c67)
-input: HD WebCam as /devices/soc0/70090000.usb/usb1/1-2/1-2:1.0/input/input5
+input: HD WebCam: HD WebCam as /devices/soc0/70090000.usb/usb1/1-2/1-2:1.0/input/input5
 EXT4-fs (mmcblk0p3): recovery complete
 EXT4-fs (mmcblk0p3): mounted filesystem with ordered data mode. Opts: (null)
 VFS: Mounted root (ext4 filesystem) on device 179:3.
@@ -391,4 +393,4 @@
 Freeing unused kernel memory: 1024K
 bash: cannot set terminal process group (-1): Inappropriate ioctl for device
 bash: no job control in this shell
-root@(none):/# [    2.998838] usb 1-3: new high-speed USB device number 3 using tegra-xusb
+root@(none):/# [    2.757961] usb 1-3: new high-speed USB device number 3 using tegra-xusb
Diff for ./tegra132-norrin/tegra132-norrin/defconfig_log.txt
--- /tmp/fooa	2017-07-17 13:17:57.662667154 -0700
+++ /tmp/foob	2017-07-17 13:17:57.666667171 -0700
@@ -31,7 +31,7 @@
 MSENC clock is set to  79200 KHz
 Vde clock is set to 204000 KHz
 
-Bootloader-Cpu Init at (time stamp): 1801288 us
+Bootloader-Cpu Init at (time stamp): 1801253 us
 
 Pinmux changes applied in kernel way
 
@@ -59,25 +59,25 @@
 The proc BoardInfo: 0x0176:0x0001:0x01:0x43:0x00
 FastbootAddAtag: setting ATAG (0)
 
-Board Id Read Time: 4 us
+Board Id Read Time: 3 us
 Power Rail enable Time: 1 us
 
-Miscellaneous avp time: 1801261  us
-Bootloader (AosInit) time: 733450 us
-Bootloader Main Init time: 180456 us
-BlockDevMgrInit time: 157560 us
+Miscellaneous avp time: 1801227  us
+Bootloader (AosInit) time: 733451 us
+Bootloader Main Init time: 180327 us
+BlockDevMgrInit time: 157559 us
 PartMgrInit time: 8 us
 StorMgrInit time: 31 us
 FsMgrInit time: 2 us
-Partition Table load: 77071 us 
-Display init time: 574387 us
-Kernel read time: 396 msec
-Load Kernel Size:   17061888 Bytes
-Bl Kernel ReadSpeed: 43085000 Bytes/sec
-Pre-Kernel Jump time: 1798014 us
-Clearing 32 Bit State and Warm resetting to 64bit mode: 5923915 us
+Partition Table load: 77105 us 
+Display init time: 574408 us
+Kernel read time: 1319 msec
+Load Kernel Size:   17471488 Bytes
+Bl Kernel ReadSpeed: 13246000 Bytes/sec
+Pre-Kernel Jump time: 3771024 us
+Clearing 32 Bit State and Warm resetting to 64bit mode: 8707968 us
 Booting Linux on physical CPU 0x0
-Linux version 4.12.0-172899-g6f7da29 (jonathanh@kaivo) (gcc version 4.9.2 20140904 (prerelease) (crosstool-NG linaro-1.13.1-4.9-2014.09 - Linaro GCC 4.9-2014.09) ) #1 SMP PREEMPT Sun Jul 2 16:39:46 PDT 2017
+Linux version 4.13.0-rc1-184950-g5771a8c (jonathanh@sellafield) (gcc version 4.9.2 20140904 (prerelease) (crosstool-NG linaro-1.13.1-4.9-2014.09 - Linaro GCC 4.9-2014.09)) #1 SMP PREEMPT Mon Jul 17 13:09:57 PDT 2017
 Boot CPU: AArch64 Processor [4e0f0000]
 Machine model: NVIDIA Tegra132 Norrin
 Memory limited to 1734MB
@@ -88,7 +88,7 @@
 NUMA: Faking a node at [mem 0x0000000000000000-0x00000000ec5fffff]
 NUMA: Adding memblock [0x80000000 - 0xec5fffff] on node 0
 NUMA: Initmem setup node 0 [mem 0x80000000-0xec5fffff]
-NUMA: NODE_DATA [mem 0xec5bfe00-0xec5c18ff]
+NUMA: NODE_DATA [mem 0xec5be700-0xec5c01ff]
 Zone ranges:
   DMA      [mem 0x0000000080000000-0x00000000ec5fffff]
   Normal   empty
@@ -97,21 +97,21 @@
   node   0: [mem 0x0000000080000000-0x00000000ec5fffff]
 Initmem setup node 0 [mem 0x0000000080000000-0x00000000ec5fffff]
 /cpus/cpu@1: missing enable-method property
-percpu: Embedded 24 pages/cpu @ffff80006c5a2000 s59264 r8192 d30848 u98304
+percpu: Embedded 26 pages/cpu @ffff80006c59f000 s67456 r8192 d30848 u106496
 Detected PIPT I-cache on CPU0
 Built 1 zonelists in Node order, mobility grouping on.  Total pages: 436968
 Policy zone: DMA
 Kernel command line: tegraid=13.1.3.0.0 mem=1734M@2048M memtype=255 vpr=151M@3817M ddr_die=2048M@2048M section=256M commchip_id=0 usb_port_owner_info=0 lane_owner_info=0 emc_max_dvfs=0 touch_id=0@0 video=tegrafb no_console_suspend=1 console=ttyS0,115200n8 debug_uartport=lsport,0 earlyprintk=uart8250-32bit,0x70006000 usbcore.old_scheme_first=1 lp0_vec=0@0x0 tegra_fbmem=32899072@0xad012000 core_edp_mv=1150 core_edp_ma=4000 pmuboard=0x0176:0x0001:0x01:0x43:0x00 displayboard=0x0162:0x0001:0x00:0x42:0x00 power_supply=Adapter audio_codec=rt5640 board_info=0x0176:0x0001:0x01:0x43:0x00 tegraboot=sdmmc gpt gpt_sector=192511 modem_id=0 android.kerneltype=normal
 PID hash table entries: 4096 (order: 3, 32768 bytes)
-Memory: 1708936K/1775616K available (8828K kernel code, 1100K rwdata, 4284K rodata, 1088K init, 406K bss, 50296K reserved, 16384K cma-reserved)
+Memory: 1708524K/1775616K available (9084K kernel code, 1116K rwdata, 4412K rodata, 1088K init, 403K bss, 50708K reserved, 16384K cma-reserved)
 Virtual kernel memory layout:
     modules : 0xffff000000000000 - 0xffff000008000000   (   128 MB)
     vmalloc : 0xffff000008000000 - 0xffff7dffbfff0000   (129022 GB)
-      .text : 0xffff000008080000 - 0xffff000008920000   (  8832 KB)
-    .rodata : 0xffff000008920000 - 0xffff000008d60000   (  4352 KB)
-      .init : 0xffff000008d60000 - 0xffff000008e70000   (  1088 KB)
-      .data : 0xffff000008e70000 - 0xffff000008f83200   (  1101 KB)
-       .bss : 0xffff000008f83200 - 0xffff000008fe8b40   (   407 KB)
+      .text : 0xffff000008080000 - 0xffff000008960000   (  9088 KB)
+    .rodata : 0xffff000008960000 - 0xffff000008dc0000   (  4480 KB)
+      .init : 0xffff000008dc0000 - 0xffff000008ed0000   (  1088 KB)
+      .data : 0xffff000008ed0000 - 0xffff000008fe7200   (  1117 KB)
+       .bss : 0xffff000008fe7200 - 0xffff00000904c070   (   404 KB)
     fixed   : 0xffff7dfffe7fd000 - 0xffff7dfffec00000   (  4108 KB)
     PCI I/O : 0xffff7dfffee00000 - 0xffff7dffffe00000   (    16 MB)
     vmemmap : 0xffff7e0000000000 - 0xffff800000000000   (  2048 GB maximum)
@@ -121,7 +121,7 @@
 Preemptible hierarchical RCU implementation.
 	RCU restricting CPUs from NR_CPUS=64 to nr_cpu_ids=1.
 RCU: Adjusting geometry for rcu_fanout_leaf=16, nr_cpu_ids=1
-NR_IRQS:64 nr_irqs:64 0
+NR_IRQS: 64, nr_irqs: 64, preallocated irqs: 0
 /interrupt-controller@60004000: 160 interrupts forwarded to /interrupt-controller@50041000
 Tegra clk 127: register failed with -17
 arch_timer: cp15 timer(s) running at 12.00MHz (virt).
@@ -136,6 +136,7 @@
 Mount-cache hash table entries: 4096 (order: 3, 32768 bytes)
 Mountpoint-cache hash table entries: 4096 (order: 3, 32768 bytes)
 ASID allocator initialised with 256 entries
+Hierarchical SRCU implementation.
 EFI services will not be available.
 smp: Bringing up secondary CPUs ...
 smp: Brought up 1 node, 1 CPU
@@ -143,17 +144,18 @@
 CPU features: detected feature: 32-bit EL0 Support
 CPU: All CPU(s) started at EL1
 devtmpfs: initialized
-DMI not present or invalid.
 clocksource: jiffies: mask: 0xffffffff max_cycles: 0xffffffff, max_idle_ns: 7645041785100000 ns
 futex hash table entries: 256 (order: 3, 32768 bytes)
 pinctrl core: initialized pinctrl subsystem
+random: fast init done
+DMI not present or invalid.
 NET: Registered protocol family 16
 cpuidle: using governor menu
-vdso: 2 pages (1 code @ ffff000008927000, 1 data @ ffff000008e75000)
+vdso: 2 pages (1 code @ ffff000008966000, 1 data @ ffff000008ed5000)
 hw-breakpoint: found 6 breakpoint and 4 watchpoint registers.
 DMA: preallocated 256 KiB pool for atomic allocations
 Serial: AMBA PL011 UART driver
-HugeTLB registered 2 MB page size, pre-allocated 0 pages
+HugeTLB registered 2.00 MiB page size, pre-allocated 0 pages
 ACPI: Interpreter disabled.
 +5V_SYS: supplied by +VDD_MUX
 +3.3V_SYS: supplied by +VDD_MUX
@@ -177,6 +179,7 @@
 pps_core: LinuxPPS API ver. 1 registered
 pps_core: Software ver. 5.3.6 - Copyright 2005-2007 Rodolfo Giometti <giometti@linux.it>
 PTP clock support registered
+EDAC MC: Ver: 3.0.0
 dmi: Firmware registration failed.
 Advanced Linux Sound Architecture Driver Initialized.
 clocksource: Switched to clocksource arch_sys_counter
@@ -198,7 +201,7 @@
 Freeing initrd memory: 1284K
 kvm [1]: HYP mode not available
 audit: initializing netlink subsys (disabled)
-audit: type=2000 audit(0.933:1): state=initialized audit_enabled=0 res=1
+audit: type=2000 audit(0.918:1): state=initialized audit_enabled=0 res=1
 workingset: timestamp_bits=44 max_order=19 bucket_order=0
 squashfs: version 4.0 (2009/01/31) Phillip Lougher
 NFS: Registering the id_resolver key type
@@ -263,16 +266,16 @@
 usbcore: registered new interface driver usbhid
 usbhid: USB HID core driver
 mmc0: new high speed MMC card at address 0001
+mmcblk0: mmc0:0001 SEM16G 14.7 GiB 
 NET: Registered protocol family 17
 9pnet: Installing 9P2000 support
-mmcblk0: mmc0:0001 SEM16G 14.7 GiB 
 Key type dns_resolver registered
 registered taskstats version 1
 mmcblk0boot0: mmc0:0001 SEM16G partition 1 4.00 MiB
 mmcblk0boot1: mmc0:0001 SEM16G partition 2 4.00 MiB
 mmcblk0rpmb: mmc0:0001 SEM16G partition 3 4.00 MiB
-+VDD_LED: supplied by +VDD_MUX
  mmcblk0: p1 p2 p3 p4 p5 p6 p7 p8
++VDD_LED: supplied by +VDD_MUX
 +5V_USB_HS: supplied by +5V_SYS
 +5V_USB_SS: supplied by +5V_SYS
 +5V_HDMI_CON: supplied by +5V_SYS
@@ -280,8 +283,6 @@
 sdhci-tegra 700b0400.sdhci: Got WP GPIO
 input: gpio-keys as /devices/platform/gpio-keys/input/input0
 hctosys: unable to open rtc device (rtc0)
-sdhci-tegra 700b0400.sdhci: Got CD GPIO
-sdhci-tegra 700b0400.sdhci: Got WP GPIO
 +3.3V_AVDD_HDMI_AP_GATED: disabling
 +VDD_LED: disabling
 +5V_USB_HS: disabling
@@ -291,6 +292,8 @@
 ALSA device list:
   No soundcards found.
 Freeing unused kernel memory: 1088K
+sdhci-tegra 700b0400.sdhci: Got CD GPIO
+sdhci-tegra 700b0400.sdhci: Got WP GPIO
 
 System initialization...
 
Diff for ./tegra20-trimslice/tegra20-trimslice/multi_v7_defconfig_log.txt
--- /tmp/fooa	2017-07-17 13:17:57.702667318 -0700
+++ /tmp/foob	2017-07-17 13:17:57.710667351 -0700
@@ -47,10 +47,10 @@
 	 #################################################################
 	 #################################################################
 	 #################################################################
-	 ####################
-	 3.3 MiB/s
+	 ###########################
+	 3.5 MiB/s
 done
-Bytes transferred = 7918328 (78d2f8 hex)
+Bytes transferred = 8019864 (7a5f98 hex)
 Tegra20 (TrimSlice) # tftpboot 0x02408000 tegra20-trimslice.dtb
 Using RTL8169#0 device
 TFTP from server 192.168.100.1; our IP address is 192.168.100.103
@@ -59,17 +59,17 @@
 Loading: *##
 	 2.9 MiB/s
 done
-Bytes transferred = 21426 (53b2 hex)
+Bytes transferred = 21454 (53ce hex)
 Tegra20 (TrimSlice) # bootz 0x00408000 - 0x02408000
-Kernel image @ 0x408000 [ 0x000000 - 0x78d2f8 ]
+Kernel image @ 0x408000 [ 0x000000 - 0x7a5f98 ]
 ## Flattened Device Tree blob at 02408000
    Booting using the fdt blob at 0x2408000
-   Using Device Tree in place at 02408000, end 024103b1
+   Using Device Tree in place at 02408000, end 024103cd
 
 Starting kernel ...
 
 Booting Linux on physical CPU 0x0
-Linux version 4.12.0-172899-g6f7da29 (jonathanh@sellafield) (gcc version 4.7.3 20130328 (prerelease) (crosstool-NG linaro-1.13.1-4.7-2013.04-20130415 - Linaro GCC 2013.04) ) #1 SMP Sun Jul 2 16:35:49 PDT 2017
+Linux version 4.13.0-rc1-184950-g5771a8c (jonathanh@sellafield) (gcc version 4.7.3 20130328 (prerelease) (crosstool-NG linaro-1.13.1-4.7-2013.04-20130415 - Linaro GCC 2013.04)) #1 SMP Mon Jul 17 13:06:57 PDT 2017
 CPU: ARMv7 Processor [411fc090] revision 0 (ARMv7), cr=10c5387d
 CPU: PIPT / VIPT nonaliasing data cache, VIPT aliasing instruction cache
 OF: fdt: Machine model: Compulab TrimSlice board
@@ -79,20 +79,20 @@
 efi: UEFI not found.
 cma: Reserved 64 MiB at 0x3c000000
 On node 0 totalpages: 262144
-free_area_init_node: node 0, pgdat c157f880, node_mem_map ef7f8000
+free_area_init_node: node 0, pgdat c157f140, node_mem_map ef7f8000
   DMA zone: 1536 pages used for memmap
   DMA zone: 0 pages reserved
   DMA zone: 196608 pages, LIFO batch:31
   HighMem zone: 65536 pages, LIFO batch:15
-percpu: Embedded 17 pages/cpu @ef7c4000 s39168 r8192 d22272 u69632
-pcpu-alloc: s39168 r8192 d22272 u69632 alloc=17*4096
+percpu: Embedded 17 pages/cpu @ef7c4000 s39488 r8192 d21952 u69632
+pcpu-alloc: s39488 r8192 d21952 u69632 alloc=17*4096
 pcpu-alloc: [0] 0 [0] 1 
 Built 1 zonelists in Zone order, mobility grouping on.  Total pages: 260608
 Kernel command line: ignore_loglevel console=ttyS0,115200n8 rw root=PARTUUID=11eb23c1-01 rootwait gpt debug noinitrd earlyprintk init=/bin/bash
 PID hash table entries: 4096 (order: 2, 16384 bytes)
 Dentry cache hash table entries: 131072 (order: 7, 524288 bytes)
 Inode-cache hash table entries: 65536 (order: 6, 262144 bytes)
-Memory: 954368K/1048576K available (10240K kernel code, 1565K rwdata, 4384K rodata, 2048K init, 409K bss, 28672K reserved, 65536K cma-reserved, 196608K highmem)
+Memory: 954380K/1048576K available (10240K kernel code, 1563K rwdata, 4452K rodata, 2048K init, 402K bss, 28660K reserved, 65536K cma-reserved, 196608K highmem)
 Virtual kernel memory layout:
     vector  : 0xffff0000 - 0xffff1000   (   4 kB)
     fixmap  : 0xffc00000 - 0xfff00000   (3072 kB)
@@ -102,14 +102,14 @@
     modules : 0xbf000000 - 0xbfe00000   (  14 MB)
       .text : 0xc0208000 - 0xc0d00000   (11232 kB)
       .init : 0xc1200000 - 0xc1400000   (2048 kB)
-      .data : 0xc1400000 - 0xc15874f0   (1566 kB)
-       .bss : 0xc1590ce0 - 0xc15f7498   ( 410 kB)
+      .data : 0xc1400000 - 0xc1586f28   (1564 kB)
+       .bss : 0xc158fcbc - 0xc15f46fc   ( 403 kB)
 SLUB: HWalign=64, Order=0-3, MinObjects=0, CPUs=2, Nodes=1
 Hierarchical RCU implementation.
-	RCU debugfs-based tracing is enabled.
+	RCU event tracing is enabled.
 	RCU restricting CPUs from NR_CPUS=16 to nr_cpu_ids=2.
 RCU: Adjusting geometry for rcu_fanout_leaf=16, nr_cpu_ids=2
-NR_IRQS:16 nr_irqs:16 16
+NR_IRQS: 16, nr_irqs: 16, preallocated irqs: 16
 /interrupt-controller@60004000: 128 interrupts forwarded to /interrupt-controller@50041000
 L2C: platform modifies aux control register: 0x02080000 -> 0x3e480001
 L2C: DT/platform modifies aux control register: 0x02080000 -> 0x3e480001
@@ -130,6 +130,7 @@
 CPU: Testing write buffer coherency: ok
 CPU0: thread -1, cpu 0, socket 0, mpidr 80000000
 Setting up static identity map for 0x300000 - 0x3000a0
+Hierarchical SRCU implementation.
 Tegra Revision: A03 prime SKU: 8 CPU Process: 1 SoC Process: 2
 EFI services will not be available.
 smp: Bringing up secondary CPUs ...
@@ -142,6 +143,8 @@
 clocksource: jiffies: mask: 0xffffffff max_cycles: 0xffffffff, max_idle_ns: 19112604462750000 ns
 futex hash table entries: 512 (order: 3, 32768 bytes)
 pinctrl core: initialized pinctrl subsystem
+DMI not present or invalid.
+random: get_random_u32 called from bucket_table_alloc+0xe8/0x254 with crng_init=0
 NET: Registered protocol family 16
 DMA: preallocated 256 KiB pool for atomic coherent allocations
 cpuidle: using governor menu
@@ -162,6 +165,7 @@
 pps_core: Software ver. 5.3.6 - Copyright 2005-2007 Rodolfo Giometti <giometti@linux.it>
 PTP clock support registered
 EDAC MC: Ver: 3.0.0
+dmi: Firmware registration failed.
 clocksource: Switched to clocksource timer_us
 NET: Registered protocol family 2
 TCP established hash table entries: 8192 (order: 3, 32768 bytes)
@@ -183,6 +187,7 @@
 Key type id_resolver registered
 Key type id_legacy registered
 ntfs: driver 2.1.32 [Flags: R/O].
+random: fast init done
 bounce: pool size: 64 pages
 Block layer SCSI generic (bsg) driver version 0.4 loaded (major 248)
 io scheduler noop registered
@@ -190,14 +195,16 @@
 io scheduler cfq registered (default)
 io scheduler mq-deadline registered
 io scheduler kyber registered
-tegra-pcie 80003000.pcie-controller: dual-mode configuration
-tegra-pcie 80003000.pcie-controller: probing port 0, using 2 lanes
-tegra-pcie 80003000.pcie-controller: PCI host bridge to bus 0000:00
+tegra-pcie 80003000.pcie: dual-mode configuration
+tegra-pcie 80003000.pcie: probing port 0, using 2 lanes
+tegra-pcie 80003000.pcie: PCI host bridge to bus 0000:00
 pci_bus 0000:00: root bus resource [io  0x0000-0xffff]
 pci_bus 0000:00: root bus resource [mem 0xa0000000-0xa7ffffff]
 pci_bus 0000:00: root bus resource [mem 0xa8000000-0xbfffffff pref]
 pci_bus 0000:00: root bus resource [bus 00-ff]
 pci 0000:00:01.0: [10de:0bf0] type 01 class 0x060000
+pci_bus 0000:00: 2-byte config write to 0000:00:01.0 offset 0x4 may corrupt adjacent RW1C bits
+pci_bus 0000:00: 2-byte config write to 0000:00:01.0 offset 0x4 may corrupt adjacent RW1C bits
 pci_bus 0000:00: 2-byte config write to 0000:00:01.0 offset 0x88 may corrupt adjacent RW1C bits
 pci_bus 0000:00: 2-byte config write to 0000:00:01.0 offset 0x52 may corrupt adjacent RW1C bits
 pci 0000:00:01.0: PME# supported from D0 D1 D2 D3hot D3cold
@@ -209,8 +216,6 @@
 pci 0000:00:01.0: bridge configuration invalid ([bus 00-00]), reconfiguring
 pci_bus 0000:00: 2-byte config write to 0000:00:01.0 offset 0x3e may corrupt adjacent RW1C bits
 pci_bus 0000:00: 2-byte config write to 0000:00:01.0 offset 0x3e may corrupt adjacent RW1C bits
-pci_bus 0000:00: 2-byte config write to 0000:00:01.0 offset 0x3e may corrupt adjacent RW1C bits
-pci_bus 0000:00: 2-byte config write to 0000:00:01.0 offset 0x6 may corrupt adjacent RW1C bits
 pci 0000:01:00.0: [10ec:8168] type 00 class 0x020000
 pci 0000:01:00.0: reg 0x10: [io  0x0000-0x00ff]
 pci 0000:01:00.0: reg 0x18: [mem 0x00000000-0x00000fff 64bit pref]
@@ -220,7 +225,6 @@
 pci 0000:01:00.0: PME# supported from D0 D1 D2 D3hot D3cold
 PCI: bus1: Fast back to back transfers disabled
 pci_bus 0000:01: busn_res: [bus 01-ff] end is updated to 01
-Disabling cpuidle LP2 state, since PCIe IRQs are in use
 pci 0000:00:01.0: BAR 8: assigned [mem 0xa0000000-0xa00fffff]
 pci 0000:00:01.0: BAR 9: assigned [mem 0xa8000000-0xa80fffff 64bit pref]
 pci 0000:00:01.0: BAR 7: assigned [io  0x1000-0x1fff]
@@ -233,6 +237,7 @@
 pci 0000:00:01.0:   bridge window [mem 0xa0000000-0xa00fffff]
 pci 0000:00:01.0:   bridge window [mem 0xa8000000-0xa80fffff 64bit pref]
 pci 0000:00:01.0: nv_msi_ht_cap_quirk didn't locate host bridge
+Disabling cpuidle LP2 state, since PCIe IRQs are in use
 pcieport 0000:00:01.0: enabling device (0140 -> 0143)
 pcieport 0000:00:01.0: Signaling PME with IRQ 295
 tegra-apbdma 6000a000.dma: Tegra20 APB DMA driver register 16 channels
@@ -263,7 +268,7 @@
 igb: Copyright (c) 2007-2014 Intel Corporation.
 r8169 Gigabit Ethernet driver 2.3LK-NAPI loaded
 r8169 0000:01:00.0: enabling device (0140 -> 0143)
-r8169 0000:01:00.0 eth0: RTL8168d/8111d at 0xf08fc000, 00:01:c0:13:7d:63, XID 081000c0 IRQ 296
+r8169 0000:01:00.0 eth0: RTL8168d/8111d at 0xf08f9000, 00:01:c0:13:7d:63, XID 081000c0 IRQ 296
 r8169 0000:01:00.0 eth0: jumbo features [frames: 9200 bytes, tx checksumming: ko]
 pegasus: v0.9.3 (2013/04/25), Pegasus/Pegasus II USB Ethernet driver
 usbcore: registered new interface driver pegasus
@@ -299,7 +304,6 @@
 ohci_hcd: USB 1.1 'Open' Host Controller (OHCI) Driver
 ohci-pci: OHCI PCI platform driver
 ohci-platform: OHCI generic platform driver
-ohci-omap3: OHCI OMAP3 driver
 SPEAr-ohci: OHCI SPEAr driver
 ohci-st: OHCI STMicroelectronics driver
 ohci-atmel: OHCI Atmel driver
@@ -340,7 +344,8 @@
 tegra-ehci c5000000.usb: irq 288, io mem 0xc5000000
 mmc1: new high speed SD card at address b368
 mmcblk1: mmc1:b368 NCard 1.83 GiB (ro)
- mmcblk1: p1 p2
+mmcblk1: error -5 sending stop command, original cmd response 0x900, card status 0x900
+mmcblk1: error -5 transferring data, sector 3839992, nr 8, cmd response 0x900, card status 0x80000b00
 tegra-ehci c5000000.usb: USB 2.0 started, EHCI 1.00
 hub 2-0:1.0: USB hub found
 hub 2-0:1.0: 1 port detected
@@ -348,15 +353,24 @@
 hub 1-1:1.0: USB hub found
 rtc-em3027 2-0056: hctosys: unable to read the hardware clock
 hub 1-1:1.0: 4 ports detected
+mmcblk1: error -5 sending stop command, original cmd response 0x900, card status 0x900
+mmcblk1: error -5 transferring data, sector 3839992, nr 8, cmd response 0x900, card status 0x80000b00
+mmcblk1: retrying using single block read
+ mmcblk1: p1 p2
 Waiting for root device PARTUUID=11eb23c1-01...
 usb 1-1.2: new high-speed USB device number 3 using tegra-ehci
 mmc0: host does not support reading read-only switch, assuming write-enable
 mmc0: new high speed SDHC card at address b368
 mmcblk0: mmc0:b368 NCard 3.70 GiB 
- mmcblk0: p1
+mmcblk0: error -5 sending stop command, original cmd response 0x900, card status 0x900
+mmcblk0: error -5 transferring data, sector 7759864, nr 8, cmd response 0x900, card status 0x80000b00
 asix 1-1.2:1.0 eth1: register 'asix' at usb-c5008000.usb-1.2, ASIX AX88772 USB 2.0 Ethernet, 00:60:6e:60:6c:68
+mmcblk0: error -5 sending stop command, original cmd response 0x900, card status 0x900
+mmcblk0: error -5 transferring data, sector 7759864, nr 8, cmd response 0x900, card status 0x80000b00
+mmcblk0: retrying using single block read
+ mmcblk0: p1
+mmcblk0: r/w command failed, status = 0x80000900
 EXT4-fs (mmcblk0p1): mounting ext3 file system using the ext4 subsystem
-random: fast init done
 EXT4-fs (mmcblk0p1): recovery complete
 EXT4-fs (mmcblk0p1): mounted filesystem with ordered data mode. Opts: (null)
 VFS: Mounted root (ext3 filesystem) on device 179:17.
Diff for ./tegra20-trimslice/tegra20-trimslice/tegra_defconfig_log.txt
--- /tmp/fooa	2017-07-17 13:17:57.750667515 -0700
+++ /tmp/foob	2017-07-17 13:17:57.754667531 -0700
@@ -45,30 +45,30 @@
 	 #################################################################
 	 #################################################################
 	 #################################################################
-	 #########################
-	 3.5 MiB/s
+	 ##############################
+	 4.1 MiB/s
 done
-Bytes transferred = 6091264 (5cf200 hex)
+Bytes transferred = 6151688 (5dde08 hex)
 Tegra20 (TrimSlice) # tftpboot 0x02408000 tegra20-trimslice.dtb
 Using RTL8169#0 device
 TFTP from server 192.168.100.1; our IP address is 192.168.100.103
 Filename 'tegra20-trimslice.dtb'.
 Load address: 0x2408000
 Loading: *##
-	 2.9 MiB/s
+	 4.1 MiB/s
 done
-Bytes transferred = 21426 (53b2 hex)
+Bytes transferred = 21454 (53ce hex)
 Tegra20 (TrimSlice) # bootz 0x00408000 - 0x02408000
-Kernel image @ 0x408000 [ 0x000000 - 0x5cf200 ]
+Kernel image @ 0x408000 [ 0x000000 - 0x5dde08 ]
 ## Flattened Device Tree blob at 02408000
    Booting using the fdt blob at 0x2408000
-   Using Device Tree in place at 02408000, end 024103b1
+   Using Device Tree in place at 02408000, end 024103cd
 
 Starting kernel ...
 
 Uncompressing Linux... done, booting the kernel.
 Booting Linux on physical CPU 0x0
-Linux version 4.12.0-172899-g6f7da29 (jonathanh@kaivo) (gcc version 4.7.3 20130328 (prerelease) (crosstool-NG linaro-1.13.1-4.7-2013.04-20130415 - Linaro GCC 2013.04) ) #1 SMP PREEMPT Sun Jul 2 16:35:26 PDT 2017
+Linux version 4.13.0-rc1-184950-g5771a8c (jonathanh@kaivo) (gcc version 4.7.3 20130328 (prerelease) (crosstool-NG linaro-1.13.1-4.7-2013.04-20130415 - Linaro GCC 2013.04)) #1 SMP PREEMPT Mon Jul 17 13:07:43 PDT 2017
 CPU: ARMv7 Processor [411fc090] revision 0 (ARMv7), cr=10c5387d
 CPU: PIPT / VIPT nonaliasing data cache, VIPT aliasing instruction cache
 OF: fdt: Machine model: Compulab TrimSlice board
@@ -77,20 +77,20 @@
 Memory policy: Data cache writealloc
 cma: Reserved 64 MiB at 0x3c000000
 On node 0 totalpages: 262144
-free_area_init_node: node 0, pgdat c0eaeac0, node_mem_map ef7f7000
+free_area_init_node: node 0, pgdat c0eafd40, node_mem_map ef7f7000
   Normal zone: 1536 pages used for memmap
   Normal zone: 0 pages reserved
   Normal zone: 196608 pages, LIFO batch:31
   HighMem zone: 65536 pages, LIFO batch:15
-percpu: Embedded 17 pages/cpu @ef7c3000 s39040 r8192 d22400 u69632
-pcpu-alloc: s39040 r8192 d22400 u69632 alloc=17*4096
+percpu: Embedded 17 pages/cpu @ef7c3000 s39360 r8192 d22080 u69632
+pcpu-alloc: s39360 r8192 d22080 u69632 alloc=17*4096
 pcpu-alloc: [0] 0 [0] 1 
 Built 1 zonelists in Zone order, mobility grouping on.  Total pages: 260608
 Kernel command line: ignore_loglevel console=ttyS0,115200n8 rw root=PARTUUID=11eb23c1-01 rootwait gpt debug noinitrd earlyprintk init=/bin/bash
 PID hash table entries: 4096 (order: 2, 16384 bytes)
 Dentry cache hash table entries: 131072 (order: 7, 524288 bytes)
 Inode-cache hash table entries: 65536 (order: 6, 262144 bytes)
-Memory: 959384K/1048576K available (9216K kernel code, 740K rwdata, 2688K rodata, 1024K init, 307K bss, 23656K reserved, 65536K cma-reserved, 196608K highmem)
+Memory: 959388K/1048576K available (9216K kernel code, 745K rwdata, 2724K rodata, 1024K init, 299K bss, 23652K reserved, 65536K cma-reserved, 196608K highmem)
 Virtual kernel memory layout:
     vector  : 0xffff0000 - 0xffff1000   (   4 kB)
     fixmap  : 0xffc00000 - 0xfff00000   (3072 kB)
@@ -100,12 +100,12 @@
     modules : 0xbf000000 - 0xbfe00000   (  14 MB)
       .text : 0xc0008000 - 0xc0a00000   (10208 kB)
       .init : 0xc0d00000 - 0xc0e00000   (1024 kB)
-      .data : 0xc0e00000 - 0xc0eb90b8   ( 741 kB)
-       .bss : 0xc0ec3640 - 0xc0f1044c   ( 308 kB)
+      .data : 0xc0e00000 - 0xc0eba548   ( 746 kB)
+       .bss : 0xc0ec4610 - 0xc0f0f3fc   ( 300 kB)
 Preemptible hierarchical RCU implementation.
 	RCU restricting CPUs from NR_CPUS=4 to nr_cpu_ids=2.
 RCU: Adjusting geometry for rcu_fanout_leaf=16, nr_cpu_ids=2
-NR_IRQS:16 nr_irqs:16 16
+NR_IRQS: 16, nr_irqs: 16, preallocated irqs: 16
 /interrupt-controller@60004000: 128 interrupts forwarded to /interrupt-controller@50041000
 L2C: platform modifies aux control register: 0x02080000 -> 0x3e480001
 L2C: DT/platform modifies aux control register: 0x02080000 -> 0x3e480001
@@ -126,6 +126,7 @@
 CPU: Testing write buffer coherency: ok
 CPU0: thread -1, cpu 0, socket 0, mpidr 80000000
 Setting up static identity map for 0x100000 - 0x1000a0
+Hierarchical SRCU implementation.
 Tegra Revision: A03 prime SKU: 8 CPU Process: 1 SoC Process: 2
 smp: Bringing up secondary CPUs ...
 CPU1: thread -1, cpu 1, socket 0, mpidr 80000001
@@ -137,6 +138,7 @@
 clocksource: jiffies: mask: 0xffffffff max_cycles: 0xffffffff, max_idle_ns: 19112604462750000 ns
 futex hash table entries: 512 (order: 3, 32768 bytes)
 pinctrl core: initialized pinctrl subsystem
+random: get_random_u32 called from bucket_table_alloc+0xec/0x258 with crng_init=0
 NET: Registered protocol family 16
 DMA: preallocated 256 KiB pool for atomic coherent allocations
 cpuidle: using governor menu
@@ -182,18 +184,21 @@
 NFS: Registering the id_resolver key type
 Key type id_resolver registered
 Key type id_legacy registered
+random: fast init done
 bounce: pool size: 64 pages
 io scheduler noop registered (default)
 io scheduler mq-deadline registered
 io scheduler kyber registered
-tegra-pcie 80003000.pcie-controller: dual-mode configuration
-tegra-pcie 80003000.pcie-controller: probing port 0, using 2 lanes
-tegra-pcie 80003000.pcie-controller: PCI host bridge to bus 0000:00
+tegra-pcie 80003000.pcie: dual-mode configuration
+tegra-pcie 80003000.pcie: probing port 0, using 2 lanes
+tegra-pcie 80003000.pcie: PCI host bridge to bus 0000:00
 pci_bus 0000:00: root bus resource [io  0x0000-0xffff]
 pci_bus 0000:00: root bus resource [mem 0xa0000000-0xa7ffffff]
 pci_bus 0000:00: root bus resource [mem 0xa8000000-0xbfffffff pref]
 pci_bus 0000:00: root bus resource [bus 00-ff]
 pci 0000:00:01.0: [10de:0bf0] type 01 class 0x060000
+pci_bus 0000:00: 2-byte config write to 0000:00:01.0 offset 0x4 may corrupt adjacent RW1C bits
+pci_bus 0000:00: 2-byte config write to 0000:00:01.0 offset 0x4 may corrupt adjacent RW1C bits
 pci_bus 0000:00: 2-byte config write to 0000:00:01.0 offset 0x88 may corrupt adjacent RW1C bits
 pci_bus 0000:00: 2-byte config write to 0000:00:01.0 offset 0x52 may corrupt adjacent RW1C bits
 pci 0000:00:01.0: PME# supported from D0 D1 D2 D3hot D3cold
@@ -205,8 +210,6 @@
 pci 0000:00:01.0: bridge configuration invalid ([bus 00-00]), reconfiguring
 pci_bus 0000:00: 2-byte config write to 0000:00:01.0 offset 0x3e may corrupt adjacent RW1C bits
 pci_bus 0000:00: 2-byte config write to 0000:00:01.0 offset 0x3e may corrupt adjacent RW1C bits
-pci_bus 0000:00: 2-byte config write to 0000:00:01.0 offset 0x3e may corrupt adjacent RW1C bits
-pci_bus 0000:00: 2-byte config write to 0000:00:01.0 offset 0x6 may corrupt adjacent RW1C bits
 pci 0000:01:00.0: [10ec:8168] type 00 class 0x020000
 pci 0000:01:00.0: reg 0x10: [io  0x0000-0x00ff]
 pci 0000:01:00.0: reg 0x18: [mem 0x00000000-0x00000fff 64bit pref]
@@ -216,7 +219,6 @@
 pci 0000:01:00.0: PME# supported from D0 D1 D2 D3hot D3cold
 PCI: bus1: Fast back to back transfers disabled
 pci_bus 0000:01: busn_res: [bus 01-ff] end is updated to 01
-Disabling cpuidle LP2 state, since PCIe IRQs are in use
 pci 0000:00:01.0: BAR 8: assigned [mem 0xa0000000-0xa00fffff]
 pci 0000:00:01.0: BAR 9: assigned [mem 0xa8000000-0xa80fffff 64bit pref]
 pci 0000:00:01.0: BAR 7: assigned [io  0x1000-0x1fff]
@@ -229,6 +231,7 @@
 pci 0000:00:01.0:   bridge window [mem 0xa0000000-0xa00fffff]
 pci 0000:00:01.0:   bridge window [mem 0xa8000000-0xa80fffff 64bit pref]
 pci 0000:00:01.0: nv_msi_ht_cap_quirk didn't locate host bridge
+Disabling cpuidle LP2 state, since PCIe IRQs are in use
 pcieport 0000:00:01.0: enabling device (0140 -> 0143)
 pcieport 0000:00:01.0: Signaling PME with IRQ 295
 tegra-apbdma 6000a000.dma: Tegra20 APB DMA driver register 16 channels
@@ -255,7 +258,7 @@
 igb: Copyright (c) 2007-2014 Intel Corporation.
 r8169 Gigabit Ethernet driver 2.3LK-NAPI loaded
 r8169 0000:01:00.0: enabling device (0140 -> 0143)
-r8169 0000:01:00.0 eth0: RTL8168d/8111d at 0xf08e1000, 00:01:c0:13:7d:63, XID 081000c0 IRQ 296
+r8169 0000:01:00.0 eth0: RTL8168d/8111d at 0xf08e7000, 00:01:c0:13:7d:63, XID 081000c0 IRQ 296
 r8169 0000:01:00.0 eth0: jumbo features [frames: 9200 bytes, tx checksumming: ko]
 pegasus: v0.9.3 (2013/04/25), Pegasus/Pegasus II USB Ethernet driver
 usbcore: registered new interface driver pegasus
@@ -326,18 +329,23 @@
 Key type dns_resolver registered
 Registering SWP/SWPB emulation handler
 mmc1: new high speed SD card at address b368
-utmi_phy_clk_enable: timeout waiting for phy to stabilize
 mmcblk1: mmc1:b368 NCard 1.83 GiB (ro)
+utmi_phy_clk_enable: timeout waiting for phy to stabilize
 tegra-ehci c5000000.usb: EHCI Host Controller
 tegra-ehci c5000000.usb: new USB bus registered, assigned bus number 2
+mmcblk1: error -5 sending stop command, original cmd response 0x900, card status 0x900
+mmcblk1: error -5 transferring data, sector 3839992, nr 8, cmd response 0x900, card status 0x80000b00
 tegra-ehci c5000000.usb: irq 288, io mem 0xc5000000
- mmcblk1: p1 p2
 tegra-ehci c5000000.usb: USB 2.0 started, EHCI 1.00
 hub 2-0:1.0: USB hub found
 hub 2-0:1.0: 1 port detected
-input: gpio-keys as /devices/soc0/gpio-keys/input/input0
+mmcblk1: error -5 sending stop command, original cmd response 0x900, card status 0x900
+mmcblk1: error -5 transferring data, sector 3839992, nr 8, cmd response 0x900, card status 0x80000b00
+mmcblk1: retrying using single block read
 hub 1-1:1.0: USB hub found
 hub 1-1:1.0: 4 ports detected
+input: gpio-keys as /devices/soc0/gpio-keys/input/input0
+ mmcblk1: p1 p2
 rtc-em3027 2-0056: hctosys: unable to read the hardware clock
 ALSA device list:
   #0: tegra-trimslice
@@ -346,10 +354,15 @@
 mmc0: host does not support reading read-only switch, assuming write-enable
 mmc0: new high speed SDHC card at address b368
 mmcblk0: mmc0:b368 NCard 3.70 GiB 
- mmcblk0: p1
+mmcblk0: error -5 sending stop command, original cmd response 0x900, card status 0x900
+mmcblk0: error -5 transferring data, sector 7759864, nr 8, cmd response 0x900, card status 0x80000b00
 asix 1-1.2:1.0 eth1: register 'asix' at usb-c5008000.usb-1.2, ASIX AX88772 USB 2.0 Ethernet, 00:60:6e:60:6c:68
+mmcblk0: error -5 sending stop command, original cmd response 0x900, card status 0x900
+mmcblk0: error -5 transferring data, sector 7759864, nr 8, cmd response 0x900, card status 0x80000b00
+mmcblk0: retrying using single block read
+ mmcblk0: p1
+mmcblk0: r/w command failed, status = 0x80000900
 EXT4-fs (mmcblk0p1): mounting ext3 file system using the ext4 subsystem
-random: fast init done
 EXT4-fs (mmcblk0p1): recovery complete
 EXT4-fs (mmcblk0p1): mounted filesystem with ordered data mode. Opts: (null)
 VFS: Mounted root (ext3 filesystem) on device 179:17.
Diff for ./tegra210-p2371-0000/tegra210-p2371-0000/defconfig_log.txt
--- /tmp/fooa	2017-07-17 13:17:57.786667663 -0700
+++ /tmp/foob	2017-07-17 13:17:57.790667679 -0700
@@ -1,7 +1,7 @@
 [TegraBoot] (version 23.00.2015.14-mobile-1ef66670)
 Processing in cold boot mode Bootloader 2
 A01Q Bootrom Patch rev = 3
-Power-up reason: pmu watchdog
+Power-up reason: on button
 No Battery Present
 Platform has Ddr4 type ram
 max77620 disabling SD1 Remote Sense
@@ -64,17 +64,17 @@
 Loading and Validation of Secure OS Successful
 NvTbootPackSdramParams: start. 
 NvTbootPackSdramParams: done. 
-Tegraboot started after 881270 us
-Basic modules init took 348916 us
+Tegraboot started after 764821 us
+Basic modules init took 348339 us
 Sec Bootdevice Read Time = 202 ms, Read Size = 8459 KB
-Next stage binary read took 14384 us
-Carveout took 252717 us
-CPU initialization took 92302 us
-Total time taken by TegraBoot 708319 us
+Next stage binary read took 14367 us
+Carveout took 252718 us
+CPU initialization took 92290 us
+Total time taken by TegraBoot 707714 us
 
 Starting CPU & Halting co-processor 
 
-64b[0001.717] LPDDR4 Training: Number of tables = 10
