

U-Boot 2015.04-00466-gedec83e90172 (Mar 14 2016 - 10:42:01)

TEGRA124
Model: Acer Chromebook 13 CB5-311
DRAM:  4 GiB
:   Tegra SD/MMC: 0, Tegra SD/MMC: 1, Tegra SD/MMC: 2
MMC init failed
Using default environment

In:    serial
Out:   serial
Err:   serial
Net:   Net Initialization Skipped
No ethernet found.
Hit any key to stop autoboot:  2  0 
Tegra124 (Nyan-big) # 
Tegra124 (Nyan-big) # usb start
starting USB...
USB0:   USB EHCI 1.10
scanning bus 0 for devices... 2 USB Device(s) found
USB1:   USB EHCI 1.10
scanning bus 1 for devices... 2 USB Device(s) found
       scanning usb for storage devices... 1 Storage Device(s) found
       scanning usb for ethernet devices... 
Warning: asx0 using MAC address from net device
1 Ethernet Device(s) found
Tegra124 (Nyan-big) # mw 0x7000e4a0 0x00080000
Tegra124 (Nyan-big) # setenv bootargs 'ignore_loglevel console=ttyS0,115200n8 rw root=PARTUUID=4d36e82a-b3c0-4b4b-bfcd-afe5217ac023 rootwait gpt debug noinitrd earlyprintk init=/bin/bash'
Tegra124 (Nyan-big) # setenv ipaddr 192.168.100.102; setenv serverip 192.168.100.1; setenv tftpserverip 192.168.100.1
Tegra124 (Nyan-big) # tftpboot 0x82000000 zImage.multi_v7_defconfig
Using asx0 device
TFTP from server 192.168.100.1; our IP address is 192.168.100.102
Filename 'zImage.multi_v7_defconfig'.
Load address: 0x82000000
Loading: *#################################################################
	 #################################################################
	 #################################################################
	 #################################################################
	 #################################################################
	 #################################################################
	 #################################################################
	 #################################################################
	 ##########################
	 2.9 MiB/s
done
Bytes transferred = 8014792 (7a4bc8 hex)
Tegra124 (Nyan-big) # tftpboot 0x83000000 tegra124-nyan-big.dtb
Using asx0 device
TFTP from server 192.168.100.1; our IP address is 192.168.100.102
Filename 'tegra124-nyan-big.dtb'.
Load address: 0x83000000
Loading: *#####
	 2.7 MiB/s
done
Bytes transferred = 68183 (10a57 hex)
Tegra124 (Nyan-big) # bootz 0x82000000 - 0x83000000
Kernel image @ 0x82000000 [ 0x000000 - 0x7a4bc8 ]
## Flattened Device Tree blob at 83000000
   Booting using the fdt blob at 0x83000000
   Using Device Tree in place at 83000000, end 83013a56

Starting kernel ...

[    0.000000] Booting Linux on physical CPU 0x0
[    0.000000] Linux version 4.13.0-rc6-186564-g14ccee7 (jonathanh@sellafield) (gcc version 4.7.3 20130328 (prerelease) (crosstool-NG linaro-1.13.1-4.7-2013.04-20130415 - Linaro GCC 2013.04)) #1 SMP Sun Aug 20 15:06:31 PDT 2017
[    0.000000] CPU: ARMv7 Processor [413fc0f3] revision 3 (ARMv7), cr=10c5387d
[    0.000000] CPU: div instructions available: patching division code
[    0.000000] CPU: PIPT / VIPT nonaliasing data cache, PIPT instruction cache
[    0.000000] OF: fdt: Machine model: Acer Chromebook 13 CB5-311
[    0.000000] OF: fdt: Ignoring memory range 0x100000000 - 0x17ffff000
[    0.000000] debug: ignoring loglevel setting.
[    0.000000] Memory policy: Data cache writealloc
[    0.000000] efi: Getting EFI parameters from FDT:
[    0.000000] efi: UEFI not found.
[    0.000000] cma: Reserved 64 MiB at 0xfb800000
[    0.000000] On node 0 totalpages: 524287
[    0.000000] free_area_init_node: node 0, pgdat c157ee00, node_mem_map eeff8000
[    0.000000]   DMA zone: 1536 pages used for memmap
[    0.000000]   DMA zone: 0 pages reserved
[    0.000000]   DMA zone: 196608 pages, LIFO batch:31
[    0.000000]   HighMem zone: 327679 pages, LIFO batch:31
[    0.000000] percpu: Embedded 17 pages/cpu @eef81000 s39488 r8192 d21952 u69632
[    0.000000] pcpu-alloc: s39488 r8192 d21952 u69632 alloc=17*4096
[    0.000000] pcpu-alloc: [0] 0 [0] 1 [0] 2 [0] 3 
[    0.000000] Built 1 zonelists in Zone order, mobility grouping on.  Total pages: 522751
[    0.000000] Kernel command line: ignore_loglevel console=ttyS0,115200n8 rw root=PARTUUID=4d36e82a-b3c0-4b4b-bfcd-afe5217ac023 rootwait gpt debug noinitrd earlyprintk init=/bin/bash
[    0.000000] PID hash table entries: 4096 (order: 2, 16384 bytes)
[    0.000000] Dentry cache hash table entries: 131072 (order: 7, 524288 bytes)
[    0.000000] Inode-cache hash table entries: 65536 (order: 6, 262144 bytes)
[    0.000000] Memory: 1994448K/2097148K available (10240K kernel code, 1562K rwdata, 4452K rodata, 2048K init, 402K bss, 37164K reserved, 65536K cma-reserved, 1245180K highmem)
[    0.000000] Virtual kernel memory layout:
[    0.000000]     vector  : 0xffff0000 - 0xffff1000   (   4 kB)
[    0.000000]     fixmap  : 0xffc00000 - 0xfff00000   (3072 kB)
[    0.000000]     vmalloc : 0xf0800000 - 0xff800000   ( 240 MB)
[    0.000000]     lowmem  : 0xc0000000 - 0xf0000000   ( 768 MB)
[    0.000000]     pkmap   : 0xbfe00000 - 0xc0000000   (   2 MB)
[    0.000000]     modules : 0xbf000000 - 0xbfe00000   (  14 MB)
[    0.000000]       .text : 0xc0208000 - 0xc0d00000   (11232 kB)
[    0.000000]       .init : 0xc1200000 - 0xc1400000   (2048 kB)
[    0.000000]       .data : 0xc1400000 - 0xc1586be8   (1563 kB)
[    0.000000]        .bss : 0xc158fcb0 - 0xc15f46fc   ( 403 kB)
[    0.000000] SLUB: HWalign=64, Order=0-3, MinObjects=0, CPUs=4, Nodes=1
[    0.000000] Hierarchical RCU implementation.
[    0.000000] 	RCU event tracing is enabled.
[    0.000000] 	RCU restricting CPUs from NR_CPUS=16 to nr_cpu_ids=4.
[    0.000000] RCU: Adjusting geometry for rcu_fanout_leaf=16, nr_cpu_ids=4
[    0.000000] NR_IRQS: 16, nr_irqs: 16, preallocated irqs: 16
[    0.000000] /interrupt-controller@60004000: 160 interrupts forwarded to /interrupt-controller@50041000
[    0.000000] Tegra clk 127: register failed with -17
[    0.000004] sched_clock: 32 bits at 1000kHz, resolution 1000ns, wraps every 2147483647500ns
[    0.000011] clocksource: timer_us: mask: 0xffffffff max_cycles: 0xffffffff, max_idle_ns: 1911260446275 ns
[    0.000018] Switching to timer-based delay loop, resolution 1000ns
[    0.001749] arch_timer: cp15 timer(s) running at 12.00MHz (virt).
[    0.001756] clocksource: arch_sys_counter: mask: 0xffffffffffffff max_cycles: 0x2c47f4ee7, max_idle_ns: 440795202497 ns
[    0.001763] sched_clock: 56 bits at 12MHz, resolution 83ns, wraps every 4398046511096ns
[    0.001767] Switching to timer-based delay loop, resolution 83ns
[    0.001986] Console: colour dummy device 80x30
[    0.001999] Calibrating delay loop (skipped), value calculated using timer frequency.. 24.00 BogoMIPS (lpj=120000)
[    0.002006] pid_max: default: 32768 minimum: 301
[    0.002046] Mount-cache hash table entries: 2048 (order: 1, 8192 bytes)
[    0.002051] Mountpoint-cache hash table entries: 2048 (order: 1, 8192 bytes)
[    0.002240] CPU: Testing write buffer coherency: ok
[    0.002362] /cpus/cpu@0 missing clock-frequency property
[    0.002377] /cpus/cpu@1 missing clock-frequency property
[    0.002392] /cpus/cpu@2 missing clock-frequency property
[    0.002407] /cpus/cpu@3 missing clock-frequency property
[    0.002412] CPU0: thread -1, cpu 0, socket 0, mpidr 80000000
[    0.002530] Setting up static identity map for 0x80300000 - 0x803000a0
[    0.003237] Hierarchical SRCU implementation.
[    0.003915] Tegra Revision: A01 SKU: 131 CPU Process: 1 SoC Process: 1
[    0.004181] EFI services will not be available.
[    0.004238] smp: Bringing up secondary CPUs ...
[    0.004516] CPU1: thread -1, cpu 1, socket 0, mpidr 80000001
[    0.012006] CPU2: thread -1, cpu 2, socket 0, mpidr 80000002
[    0.022017] CPU3: thread -1, cpu 3, socket 0, mpidr 80000003
[    0.031744] smp: Brought up 1 node, 4 CPUs
[    0.031752] SMP: Total of 4 processors activated (96.00 BogoMIPS).
[    0.031755] CPU: All CPU(s) started in SVC mode.
[    0.032303] devtmpfs: initialized
[    0.037956] VFP support v0.3: implementor 41 architecture 4 part 30 variant f rev 0
[    0.038157] clocksource: jiffies: mask: 0xffffffff max_cycles: 0xffffffff, max_idle_ns: 19112604462750000 ns
[    0.038166] futex hash table entries: 1024 (order: 4, 65536 bytes)
[    0.038737] pinctrl core: initialized pinctrl subsystem
[    0.039399] DMI not present or invalid.
[    0.039482] random: get_random_u32 called from bucket_table_alloc+0xe8/0x254 with crng_init=0
[    0.039516] NET: Registered protocol family 16
[    0.040260] DMA: preallocated 256 KiB pool for atomic coherent allocations
[    0.041206] cpuidle: using governor menu
[    0.050171] No ATAGs?
[    0.050225] hw-breakpoint: found 5 (+1 reserved) breakpoint and 4 watchpoint registers.
[    0.050231] hw-breakpoint: maximum watchpoint size is 8 bytes.
[    0.053078] Serial: AMBA PL011 UART driver
[    0.053440] tegra-mc 70019000.memory-controller: no memory timings for RAM code 0 registered
[    0.059000] AT91: Could not find identification node
[    0.059211] +5V_SYS: supplied by +VDD_MUX
[    0.059310] +3.3V_SYS: supplied by +VDD_MUX
[    0.059529] +VDD_LED: Failed to request enable GPIO122: -517
[    0.059535] reg-fixed-voltage regulators:regulator@5: Failed to register regulator: -517
[    0.059570] +5V_VDD_TS_SW: Failed to request enable GPIO81: -517
[    0.059575] reg-fixed-voltage regulators:regulator@6: Failed to register regulator: -517
[    0.059609] +5V_USB_HS: Failed to request enable GPIO108: -517
[    0.059614] reg-fixed-voltage regulators:regulator@7: Failed to register regulator: -517
[    0.059647] +5V_USB_SS: Failed to request enable GPIO109: -517
[    0.059651] reg-fixed-voltage regulators:regulator@8: Failed to register regulator: -517
[    0.059743] +1.05V_RUN_AVDD_HDMI_PLL: Failed to request enable GPIO63: -517
[    0.059747] reg-fixed-voltage regulators:regulator@11: Failed to register regulator: -517
[    0.059781] +5V_HDMI_CON: Failed to request enable GPIO86: -517
[    0.059785] reg-fixed-voltage regulators:regulator@12: Failed to register regulator: -517
[    0.060811] vgaarb: loaded
[    0.061091] SCSI subsystem initialized
[    0.061159] libata version 3.00 loaded.
[    0.061248] usbcore: registered new interface driver usbfs
[    0.061271] usbcore: registered new interface driver hub
[    0.061293] usbcore: registered new device driver usb
[    0.062629] pps_core: LinuxPPS API ver. 1 registered
[    0.062633] pps_core: Software ver. 5.3.6 - Copyright 2005-2007 Rodolfo Giometti <giometti@linux.it>
[    0.062641] PTP clock support registered
[    0.062709] EDAC MC: Ver: 3.0.0
[    0.062836] dmi: Firmware registration failed.
[    0.063141] tegra-emc 7001b000.emc: no memory timings for RAM code 0 found in DT
[    0.063151] tegra-emc: probe of 7001b000.emc failed with error -2
[    0.063581] clocksource: Switched to clocksource arch_sys_counter
[    0.082883] NET: Registered protocol family 2
[    0.083079] TCP established hash table entries: 8192 (order: 3, 32768 bytes)
[    0.083112] TCP bind hash table entries: 8192 (order: 4, 65536 bytes)
[    0.083175] TCP: Hash tables configured (established 8192 bind 8192)
[    0.083210] UDP hash table entries: 512 (order: 2, 16384 bytes)
[    0.083225] UDP-Lite hash table entries: 512 (order: 2, 16384 bytes)
[    0.083283] NET: Registered protocol family 1
[    0.083447] RPC: Registered named UNIX socket transport module.
[    0.083452] RPC: Registered udp transport module.
[    0.083455] RPC: Registered tcp transport module.
[    0.083458] RPC: Registered tcp NFSv4.1 backchannel transport module.
[    0.083463] PCI: CLS 0 bytes, default 64
[    0.084045] hw perfevents: enabled with armv7_cortex_a15 PMU driver, 7 counters available
[    0.084718] workingset: timestamp_bits=30 max_order=19 bucket_order=0
[    0.087506] squashfs: version 4.0 (2009/01/31) Phillip Lougher
[    0.087767] NFS: Registering the id_resolver key type
[    0.087780] Key type id_resolver registered
[    0.087783] Key type id_legacy registered
[    0.087801] ntfs: driver 2.1.32 [Flags: R/O].
[    0.088050] random: fast init done
[    0.088405] bounce: pool size: 64 pages
[    0.088424] Block layer SCSI generic (bsg) driver version 0.4 loaded (major 248)
[    0.088429] io scheduler noop registered
[    0.088432] io scheduler deadline registered
[    0.088488] io scheduler cfq registered (default)
[    0.088492] io scheduler mq-deadline registered
[    0.088495] io scheduler kyber registered
[    0.089728] tegra-xusb-padctl 7009f000.padctl: failed to setup XUSB ports: -517
[    0.100462] tegra-apbdma 60020000.dma: Tegra20 APB DMA driver register 32 channels
[    0.101355] tegra-pmc 7000e400.pmc: i2c-thermtrip node not found, emergency thermal reset disabled.
[    0.119741] Serial: 8250/16550 driver, 4 ports, IRQ sharing disabled
[    0.120811] console [ttyS0] disabled
[    0.120830] 70006000.serial: ttyS0 at MMIO 0x70006000 (irq = 333, base_baud = 25500000) is a Tegra
[    1.032181] console [ttyS0] enabled
[    1.035957] SuperH (H)SCI(F) driver initialized
[    1.040840] msm_serial: driver initialized
[    1.044994] STMicroelectronics ASC driver initialized
[    1.052291] tegra-hdmi 54280000.hdmi: failed to get HDMI regulator
[    1.058836] tegra-dpaux 545c0000.dpaux: failed to get VDD supply: -517
[    1.066274] panel-simple panel: panel supply power not found, using dummy regulator
[    1.076968] brd: module loaded
[    1.082459] loop: module loaded
[    1.086550] as3722 4-0040: AS3722 with revision 0x1 found
[    1.096603] as3722-sd2: supplied by +5V_SYS
[    1.101007] as3722-sd3: supplied by +5V_SYS
[    1.105343] +1.35V_LP0(sd3): Bringing 0uV into 1350000-1350000uV
[    1.111507] as3722-sd4: supplied by +5V_SYS
[    1.115887] +1.05V_RUN: Bringing 0uV into 1050000-1050000uV
[    1.121629] as3722-sd5: supplied by +5V_SYS
[    1.127205] as3722-ldo0: supplied by +1.35V_LP0(sd2)
[    1.132931] +1.8V_RUN_CAM: Bringing 0uV into 1800000-1800000uV
[    1.138946] as3722-ldo2: supplied by +1.8V_VDDIO
[    1.144555] as3722-ldo3: supplied by +3.3V_SYS
[    1.149000] +1.00V_LP0_VDD_RTC: Bringing 1100000uV into 1000000-1000000uV
[    1.156576] as3722-ldo4: supplied by +3.3V_SYS
[    1.161166] +3.3V_RUN_CAM: Bringing 0uV into 2800000-2800000uV
[    1.167174] as3722-ldo5: supplied by +1.8V_VDDIO
[    1.171937] +1.2V_RUN_CAM_FRONT: Bringing 0uV into 1200000-1200000uV
[    1.178613] +VDDIO_SDMMC3: Bringing 0uV into 1800000-1800000uV
[    1.184633] as3722-ldo7: supplied by +1.8V_VDDIO
[    1.189404] +1.05V_RUN_CAM_REAR: Bringing 0uV into 1050000-1050000uV
[    1.195942] as3722-ldo9: supplied by +5V_SYS
[    1.200501] +2.8V_RUN_TOUCH: Bringing 0uV into 2800000-2800000uV
[    1.206696] as3722-ldo10: supplied by +5V_SYS
[    1.211198] +2.8V_RUN_CAM_AF: Bringing 0uV into 2800000-2800000uV
[    1.217634] +1.8V_RUN_VPP_FUSE: Bringing 0uV into 1800000-1800000uV
[    1.236190] m25p80 spi32765.0: w25q32dw (4096 Kbytes)
[    1.242249] libphy: Fixed MDIO Bus: probed
[    1.246743] CAN device driver interface
[    1.250883] bgmac_bcma: Broadcom 47xx GBit MAC driver loaded
[    1.256998] e1000e: Intel(R) PRO/1000 Network Driver - 3.2.6-k
[    1.262814] e1000e: Copyright(c) 1999 - 2015 Intel Corporation.
[    1.268742] igb: Intel(R) Gigabit Ethernet Network Driver - version 5.4.0-k
[    1.275691] igb: Copyright (c) 2007-2014 Intel Corporation.
[    1.282557] pegasus: v0.9.3 (2013/04/25), Pegasus/Pegasus II USB Ethernet driver
[    1.289962] usbcore: registered new interface driver pegasus
[    1.295627] usbcore: registered new interface driver asix
[    1.301021] usbcore: registered new interface driver ax88179_178a
[    1.307116] usbcore: registered new interface driver cdc_ether
[    1.312950] usbcore: registered new interface driver smsc75xx
[    1.318702] usbcore: registered new interface driver smsc95xx
[    1.324451] usbcore: registered new interface driver net1080
[    1.330105] usbcore: registered new interface driver cdc_subset
[    1.336025] usbcore: registered new interface driver zaurus
[    1.341600] usbcore: registered new interface driver cdc_ncm
[    1.347922] ehci_hcd: USB 2.0 'Enhanced' Host Controller (EHCI) Driver
[    1.354440] ehci-pci: EHCI PCI platform driver
[    1.358883] ehci-platform: EHCI generic platform driver
[    1.364172] ehci-orion: EHCI orion driver
[    1.368223] SPEAr-ehci: EHCI SPEAr driver
[    1.372267] ehci-st: EHCI STMicroelectronics driver
[    1.377184] ehci-exynos: EHCI EXYNOS driver
[    1.381407] ehci-atmel: EHCI Atmel driver
[    1.385455] tegra-ehci: Tegra EHCI driver
[    1.389515] ohci_hcd: USB 1.1 'Open' Host Controller (OHCI) Driver
[    1.395689] ohci-pci: OHCI PCI platform driver
[    1.400133] ohci-platform: OHCI generic platform driver
[    1.405412] SPEAr-ohci: OHCI SPEAr driver
[    1.409456] ohci-st: OHCI STMicroelectronics driver
[    1.414372] ohci-atmel: OHCI Atmel driver
[    1.418629] usbcore: registered new interface driver usb-storage
[    1.425782] elan_i2c 1-0015: 1-0015 supply vcc not found, using dummy regulator
[    1.434466] as3722-rtc as3722-rtc: rtc core: registered as3722-rtc as rtc0
[    1.441326] as3722-rtc as3722-rtc: RTC interrupt 372
[    1.448283] tegra_rtc 7000e000.rtc: rtc core: registered 7000e000.rtc as rtc1
[    1.455423] tegra_rtc 7000e000.rtc: Tegra internal Real Time Clock
[    1.461770] i2c /dev entries driver
[    1.467696] lm90 0-004c: 0-004c supply vcc not found, using dummy regulator
[    1.479141] sdhci: Secure Digital Host Controller Interface driver
[    1.485324] sdhci: Copyright(c) Pierre Ossman
[    1.490214] Synopsys Designware Multimedia Card Interface Driver
[    1.496655] sdhci-pltfm: SDHCI platform and OF driver helper
[    1.502584] sdhci-tegra 700b0000.sdhci: allocated mmc-pwrseq
[    1.516388] sdhci-tegra 700b0400.sdhci: Got CD GPIO
[    1.521259] sdhci-tegra 700b0400.sdhci: Got WP GPIO
[    1.541702] mmc0: Unknown controller version (3). You may experience problems.
[    1.548942] mmc0: Invalid maximum block size, assuming 512 bytes
[    1.605861] elan_i2c 1-0015: Elan Touchpad: Module ID: 0x002a, Firmware: 0x0005, Sample: 0x0007, IAP: 0x0009
[    1.615701] mmc0: SDHCI controller on 700b0600.sdhci [700b0600.sdhci] using ADMA
[    1.623826] input: Elan Touchpad as /devices/soc0/7000c400.i2c/i2c-1/1-0015/input/input0
[    1.632111] ledtrig-cpu: registered to indicate activity on CPUs
[    1.638291] usbcore: registered new interface driver usbhid
[    1.643854] usbhid: USB HID core driver
[    1.649112] NET: Registered protocol family 10
[    1.654910] Segment Routing with IPv6
[    1.658598] sit: IPv6, IPv4 and MPLS over IPv4 tunneling driver
[    1.664729] NET: Registered protocol family 17
[    1.669162] can: controller area network core (rev 20170425 abi 9)
[    1.675354] NET: Registered protocol family 29
[    1.679786] can: raw protocol (rev 20170425)
[    1.684048] can: broadcast manager protocol (rev 20170425 t)
[    1.689693] can: netlink gateway (rev 20170425) max_hops=1
[    1.695297] Key type dns_resolver registered
[    1.699785] ThumbEE CPU extension supported.
[    1.704051] Registering SWP/SWPB emulation handler
[    1.715230] +3.3V_RUN: supplied by +3.3V_SYS
[    1.720288] +VDD_LED: supplied by +VDD_MUX
[    1.724491] +3.3V_AVDD_HDMI_AP_GATED: supplied by +3.3V_RUN
[    1.730078] +1.8V_RUN_CAM: supplied by +3.3V_RUN
[    1.734811] +VDDIO_SDMMC3: supplied by +3.3V_RUN
[    1.739446] +1.8V_RUN_VPP_FUSE: supplied by +3.3V_RUN
[    1.744858] +5V_VDD_TS_SW: supplied by +5V_SYS
[    1.749635] +5V_USB_HS: supplied by +5V_SYS
[    1.754009] +5V_USB_SS: supplied by +5V_SYS
[    1.759248] +3.3V_PANEL: supplied by +3.3V_RUN
[    1.764563] mmc0: new high speed MMC card at address 0001
[    1.770039] +3.3V_LP0: supplied by +3.3V_SYS
[    1.770303] mmcblk0: mmc0:0001 MMC16G 14.4 GiB 
[    1.770387] mmcblk0boot0: mmc0:0001 MMC16G partition 1 2.00 MiB
[    1.770539] mmcblk0boot1: mmc0:0001 MMC16G partition 2 2.00 MiB
[    1.770613] mmcblk0rpmb: mmc0:0001 MMC16G partition 3 128 KiB
[    1.778269]  mmcblk0: p1 p2 p3 p4 p5 p6 p7 p8 p9 p10 p11 p12
[    1.802621] +1.05V_RUN_AVDD_HDMI_PLL: supplied by +1.05V_RUN
[    1.802923] elan_i2c 1-0015: failed to read report data: -121
[    1.803295] elan_i2c 1-0015: failed to read report data: -121
[    1.820129] +5V_HDMI_CON: supplied by +5V_SYS
[    1.825278]  usb3-0: usb3-0 supply vbus not found, using dummy regulator
[    1.832006]  usb3-1: usb3-1 supply vbus not found, using dummy regulator
[    1.842313] tegra-sor 54540000.sor: failed to probe output: -517
[    1.849078] panel-simple panel: panel supply power not found, using dummy regulator
[    1.857797] sdhci-tegra 700b0000.sdhci: allocated mmc-pwrseq
[    1.871692] mmc1: Unknown controller version (3). You may experience problems.
[    1.878955] mmc1: Invalid maximum block size, assuming 512 bytes
[    1.885356] mmc1: Switching to 3.3V signalling voltage failed
[    1.943667] mmc1: SDHCI controller on 700b0000.sdhci [700b0000.sdhci] using ADMA
[    1.951783] sdhci-tegra 700b0400.sdhci: Got CD GPIO
[    1.956701] sdhci-tegra 700b0400.sdhci: Got WP GPIO
[    1.961311] elan_i2c 1-0015: invalid report id data (ff)
[    1.975442] mmc2: Unknown controller version (3). You may experience problems.
[    1.982737] mmc2: Invalid maximum block size, assuming 512 bytes
[    2.015571] mmc1: new high speed SDIO card at address 0001
[    2.053690] mmc2: SDHCI controller on 700b0400.sdhci [700b0400.sdhci] using ADMA
[    2.155996] [drm] Supports vblank timestamp caching Rev 2 (21.10.2013).
[    2.162599] [drm] No driver support for vblank timestamp query.
[    2.214666] mmc2: new high speed SDHC card at address 0007
[    2.215013] mmcblk2: mmc2:0007 SD08G 7.42 GiB 
[    2.223840] GPT:Primary header alternate_lba != Alt. header my_lba
[    2.223844] GPT:3014591 != 15564799
[    2.223846] GPT:Primary header thinks Alt. header is not at the end of the disk.
[    2.223847] GPT:3014591 != 15564799
[    2.223848] GPT: Use GNU Parted to correct GPT errors.
[    2.223872]  mmcblk2: p1 p2 p3 p4 p5 p6 p7 p8 p9 p10 p11 p12
[    2.251279] Console: switching to colour frame buffer device 170x48
[    2.315480] drm drm: fb0:  frame buffer device
[    2.319964] [drm] Initialized tegra 0.0.0 20120330 for drm on minor 0
[    2.327422] input: gpio-keys as /devices/soc0/gpio-keys/input/input1
[    2.335099] as3722-rtc as3722-rtc: setting system clock to 2000-01-01 00:00:23 UTC (946684823)
[    2.344104] +1.8V_RUN_CAM: disabling
[    2.347881] +3.3V_RUN_CAM: disabling
[    2.351614] +1.2V_RUN_CAM_FRONT: disabling
[    2.355984] +1.05V_RUN_CAM_REAR: disabling
[    2.360236] +2.8V_RUN_TOUCH: disabling
[    2.364227] +2.8V_RUN_CAM_AF: disabling
[    2.368218] +1.8V_RUN_VPP_FUSE: disabling
[    2.372383] +5V_VDD_TS_SW: disabling
[    2.376000] +5V_USB_HS: disabling
[    2.379312] +5V_USB_SS: disabling
[    2.383443] EXT4-fs (mmcblk0p3): couldn't mount as ext3 due to feature incompatibilities
[    2.392109] EXT4-fs (mmcblk0p3): couldn't mount as ext2 due to feature incompatibilities
[    2.915507] EXT4-fs (mmcblk0p3): recovery complete
[    2.921028] EXT4-fs (mmcblk0p3): mounted filesystem with ordered data mode. Opts: (null)
[    2.929157] VFS: Mounted root (ext4 filesystem) on device 179:3.
[    2.935885] devtmpfs: mounted
[    2.939537] Freeing unused kernel memory: 2048K
bash: cannot set terminal process group (-1): Inappropriate ioctl for device
bash: no job control in this shell
root@(none):/# mount -t sysfs none /sys
root@(none):/# 
root@(none):/# mount -t debugfs none /sys/kernel/debug
root@(none):/# 
root@(none):/# rtcwake -d rtc1 -m mem -s 3
rtcwake: assuming RTC uses UTC ...
rtcwake: wakeup from "mem" using /dev/rtc1 at Thu Jan  1 00:00:28 1970
[    5.783992] PM: Syncing filesystems ... done.
[    5.800942] Freezing user space processes ... (elapsed 0.001 seconds) done.
[    5.809070] OOM killer disabled.
[    5.812290] Freezing remaining freezable tasks ... (elapsed 0.001 seconds) done.
[    5.820805] Suspending console(s) (use no_console_suspend to debug)
[    5.866940] Disabling non-boot CPUs ...
[    5.983804] IRQ17 no longer affine to CPU2
[    6.044245] Entering suspend state LP1
[    6.044245] Suspended for 2.964 seconds
[    6.044256] Enabling non-boot CPUs ...
[    6.044611] CPU1 is up
[    6.044904] CPU2 is up
[    6.045208] CPU3 is up
[    6.203727] mmc1: Switching to 3.3V signalling voltage failed
[    6.463623] tegra-sor 54540000.sor: failed to attach SOR: -110
[    6.530313] OOM killer enabled.
[    6.533441] Restarting tasks ... done.
root@(none):/# 
root@(none):/# rtcwake -d rtc1 -m mem -s 3
rtcwake: assuming RTC uses UTC ...
rtcwake: wakeup from "mem" using /dev/rtc1 at Thu Jan  1 00:00:32 1970
[    6.892521] PM: Syncing filesystems ... done.
[    6.908252] Freezing user space processes ... (elapsed 0.001 seconds) done.
[    6.916391] OOM killer disabled.
[    6.919610] Freezing remaining freezable tasks ... (elapsed 0.001 seconds) done.
[    6.928135] Suspending console(s) (use no_console_suspend to debug)
[    6.974776] Disabling non-boot CPUs ...
[    7.134146] Entering suspend state LP1
[    7.134146] Suspended for 2.909 seconds
[    7.134157] Enabling non-boot CPUs ...
[    7.134551] CPU1 is up
[    7.134847] CPU2 is up
[    7.135150] CPU3 is up
[    7.293805] mmc1: Switching to 3.3V signalling voltage failed
[    7.553539] tegra-sor 54540000.sor: failed to attach SOR: -110
[    7.616288] OOM killer enabled.
[    7.619417] Restarting tasks ... done.
root@(none):/# 
root@(none):/# rtcwake -d rtc1 -m mem -s 3
rtcwake: assuming RTC uses UTC ...
rtcwake: wakeup from "mem" using /dev/rtc1 at Thu Jan  1 00:00:36 1970
[    7.982850] PM: Syncing filesystems ... done.
[    7.998330] Freezing user space processes ... (elapsed 0.001 seconds) done.
[    8.006464] OOM killer disabled.
[    8.009680] Freezing remaining freezable tasks ... (elapsed 0.001 seconds) done.
[    8.018250] Suspending console(s) (use no_console_suspend to debug)
[    8.064164] Disabling non-boot CPUs ...
[    8.204135] Entering suspend state LP1
[    8.204135] Suspended for 2.929 seconds
[    8.204146] Enabling non-boot CPUs ...
[    8.204509] CPU1 is up
[    8.204808] CPU2 is up
[    8.205114] CPU3 is up
[    8.363706] mmc1: Switching to 3.3V signalling voltage failed
[    8.613546] tegra-sor 54540000.sor: failed to attach SOR: -110
[    8.669424] OOM killer enabled.
[    8.672553] Restarting tasks ... done.
root@(none):/# 
root@(none):/# rtcwake -d rtc1 -m mem -s 3
rtcwake: assuming RTC uses UTC ...
rtcwake: wakeup from "mem" using /dev/rtc1 at Thu Jan  1 00:00:40 1970
[    9.052832] PM: Syncing filesystems ... done.
[    9.068239] Freezing user space processes ... (elapsed 0.001 seconds) done.
[    9.076306] OOM killer disabled.
[    9.079522] Freezing remaining freezable tasks ... (elapsed 0.001 seconds) done.
[    9.088081] Suspending console(s) (use no_console_suspend to debug)
[    9.133964] Disabling non-boot CPUs ...
[    9.233672] IRQ17 no longer affine to CPU2
[    9.294100] Entering suspend state LP1
[    9.294100] Suspended for 2.909 seconds
[    9.294111] Enabling non-boot CPUs ...
[    9.294474] CPU1 is up
[    9.294770] CPU2 is up
[    9.295076] CPU3 is up
[    9.454914] mmc1: Switching to 3.3V signalling voltage failed
[    9.713572] tegra-sor 54540000.sor: failed to attach SOR: -110
[    9.781710] OOM killer enabled.
[    9.784848] Restarting tasks ... done.
root@(none):/# 
root@(none):/# rtcwake -d rtc1 -m mem -s 3
rtcwake: assuming RTC uses UTC ...
rtcwake: wakeup from "mem" using /dev/rtc1 at Thu Jan  1 00:00:44 1970
[   10.152523] PM: Syncing filesystems ... done.
[   10.176114] Freezing user space processes ... (elapsed 0.001 seconds) done.
[   10.184245] OOM killer disabled.
[   10.187461] Freezing remaining freezable tasks ... (elapsed 0.001 seconds) done.
[   10.196049] Suspending console(s) (use no_console_suspend to debug)
[   10.242128] Disabling non-boot CPUs ...
[   10.414089] Entering suspend state LP1
[   10.414089] Suspended for 2.879 seconds
[   10.414100] Enabling non-boot CPUs ...
[   10.414461] CPU1 is up
[   10.414758] CPU2 is up
[   10.415059] CPU3 is up
[   10.573721] mmc1: Switching to 3.3V signalling voltage failed
[   10.833475] tegra-sor 54540000.sor: failed to attach SOR: -110
[   10.896258] OOM killer enabled.
[   10.899387] Restarting tasks ... done.
root@(none):/# 
root@(none):/# rtcwake -d rtc1 -m mem -s 3
rtcwake: assuming RTC uses UTC ...
rtcwake: wakeup from "mem" using /dev/rtc1 at Thu Jan  1 00:00:48 1970
[   11.272710] PM: Syncing filesystems ... done.
[   11.294895] Freezing user space processes ... (elapsed 0.001 seconds) done.
[   11.302939] OOM killer disabled.
[   11.306164] Freezing remaining freezable tasks ... (elapsed 0.001 seconds) done.
[   11.314719] Suspending console(s) (use no_console_suspend to debug)
[   11.361118] Disabling non-boot CPUs ...
[   11.524041] Entering suspend state LP1
[   11.524041] Suspended for 2.889 seconds
[   11.524052] Enabling non-boot CPUs ...
[   11.524413] CPU1 is up
[   11.524709] CPU2 is up
[   11.525011] CPU3 is up
[   11.683646] mmc1: Switching to 3.3V signalling voltage failed
[   11.943471] tegra-sor 54540000.sor: failed to attach SOR: -110
[   12.006207] OOM killer enabled.
[   12.009337] Restarting tasks ... done.
root@(none):/# 
root@(none):/# rtcwake -d rtc1 -m mem -s 3
rtcwake: assuming RTC uses UTC ...
rtcwake: wakeup from "mem" using /dev/rtc1 at Thu Jan  1 00:00:52 1970
[   12.382676] PM: Syncing filesystems ... done.
[   12.404921] Freezing user space processes ... (elapsed 0.001 seconds) done.
[   12.412965] OOM killer disabled.
[   12.416189] Freezing remaining freezable tasks ... (elapsed 0.001 seconds) done.
[   12.424742] Suspending console(s) (use no_console_suspend to debug)
[   12.470934] Disabling non-boot CPUs ...
[   12.603957] Entering suspend state LP1
[   12.603957] Suspended for 2.919 seconds
[   12.603968] Enabling non-boot CPUs ...
[   12.604329] CPU1 is up
[   12.604627] CPU2 is up
[   12.604932] CPU3 is up
[   12.764200] mmc1: Switching to 3.3V signalling voltage failed
[   13.023406] tegra-sor 54540000.sor: failed to attach SOR: -110
[   13.086749] OOM killer enabled.
[   13.089878] Restarting tasks ... done.
root@(none):/# 
root@(none):/# rtcwake -d rtc1 -m mem -s 3
rtcwake: assuming RTC uses UTC ...
rtcwake: wakeup from "mem" using /dev/rtc1 at Thu Jan  1 00:00:56 1970
[   13.462667] PM: Syncing filesystems ... done.
[   13.485406] Freezing user space processes ... (elapsed 0.001 seconds) done.
[   13.493527] OOM killer disabled.
[   13.496749] Freezing remaining freezable tasks ... (elapsed 0.001 seconds) done.
[   13.505381] Suspending console(s) (use no_console_suspend to debug)
[   13.551636] Disabling non-boot CPUs ...
[   13.733992] Entering suspend state LP1
[   13.733992] Suspended for 2.869 seconds
[   13.734002] Enabling non-boot CPUs ...
[   13.734364] CPU1 is up
[   13.734660] CPU2 is up
[   13.734970] CPU3 is up
[   13.893637] mmc1: Switching to 3.3V signalling voltage failed
[   14.153448] tegra-sor 54540000.sor: failed to attach SOR: -110
[   14.216118] OOM killer enabled.
[   14.219248] Restarting tasks ... done.
root@(none):/# 
root@(none):/# rtcwake -d rtc1 -m mem -s 3
rtcwake: assuming RTC uses UTC ...
rtcwake: wakeup from "mem" using /dev/rtc1 at Thu Jan  1 00:01:00 1970
[   14.592545] PM: Syncing filesystems ... done.
[   14.614821] Freezing user space processes ... (elapsed 0.001 seconds) done.
[   14.622934] OOM killer disabled.
[   14.626167] Freezing remaining freezable tasks ... (elapsed 0.001 seconds) done.
[   14.634740] Suspending console(s) (use no_console_suspend to debug)
[   14.681213] Disabling non-boot CPUs ...
[   14.853957] Entering suspend state LP1
[   14.853957] Suspended for 2.880 seconds
[   14.853968] Enabling non-boot CPUs ...
[   14.854328] CPU1 is up
[   14.854626] CPU2 is up
[   14.854931] CPU3 is up
[   15.013602] mmc1: Switching to 3.3V signalling voltage failed
[   15.273373] tegra-sor 54540000.sor: failed to attach SOR: -110
[   15.336095] OOM killer enabled.
[   15.339224] Restarting tasks ... done.
root@(none):/# 
root@(none):/# rtcwake -d rtc1 -m mem -s 3
rtcwake: assuming RTC uses UTC ...
rtcwake: wakeup from "mem" using /dev/rtc1 at Thu Jan  1 00:01:04 1970
[   15.722580] PM: Syncing filesystems ... done.
[   15.734791] Freezing user space processes ... (elapsed 0.001 seconds) done.
[   15.742836] OOM killer disabled.
[   15.746058] Freezing remaining freezable tasks ... (elapsed 0.001 seconds) done.
[   15.754609] Suspending console(s) (use no_console_suspend to debug)
[   15.801194] Disabling non-boot CPUs ...
[   15.973931] Entering suspend state LP1
[   15.973931] Suspended for 2.879 seconds
[   15.973942] Enabling non-boot CPUs ...
[   15.974304] CPU1 is up
[   15.974600] CPU2 is up
[   15.974904] CPU3 is up
[   16.133585] mmc1: Switching to 3.3V signalling voltage failed
[   16.393399] tegra-sor 54540000.sor: failed to attach SOR: -110
[   16.456082] OOM killer enabled.
[   16.459211] Restarting tasks ... done.
root@(none):/# 
NVTB SYSTEM SUSPEND TEST COMPLETE
root@(none):/# 