

U-Boot 2015.04-00466-gedec83e90172 (Mar 14 2016 - 10:42:01)

TEGRA124
Model: Acer Chromebook 13 CB5-311
DRAM:  4 GiB
:   Tegra SD/MMC: 0, Tegra SD/MMC: 1, Tegra SD/MMC: 2
MMC init failed
Using default environment

In:    serial
Out:   serial
Err:   serial
Net:   Net Initialization Skipped
No ethernet found.
Hit any key to stop autoboot:  2  1  0 
Tegra124 (Nyan-big) # 
Tegra124 (Nyan-big) # usb start
starting USB...
USB0:   USB EHCI 1.10
scanning bus 0 for devices... 2 USB Device(s) found
USB1:   USB EHCI 1.10
scanning bus 1 for devices... 2 USB Device(s) found
       scanning usb for storage devices... 1 Storage Device(s) found
       scanning usb for ethernet devices... 
Warning: asx0 using MAC address from net device
1 Ethernet Device(s) found
Tegra124 (Nyan-big) # setenv bootargs 'ignore_loglevel console=ttyS0,115200n8 rw root=PARTUUID=4d36e82a-b3c0-4b4b-bfcd-afe5217ac023 rootwait gpt debug noinitrd earlyprintk init=/bin/bash'
Tegra124 (Nyan-big) # setenv ipaddr 192.168.100.102; setenv serverip 192.168.100.1; setenv tftpserverip 192.168.100.1
Tegra124 (Nyan-big) # tftpboot 0x82000000 zImage.multi_v7_defconfig
Using asx0 device
TFTP from server 192.168.100.1; our IP address is 192.168.100.102
Filename 'zImage.multi_v7_defconfig'.
Load address: 0x82000000
Loading: *#################################################################
	 #################################################################
	 #################################################################
	 #################################################################
	 #################################################################
	 #################################################################
	 #################################################################
	 #############################
	 3.5 MiB/s
done
Bytes transferred = 7101528 (6c5c58 hex)
Tegra124 (Nyan-big) # tftpboot 0x83000000 tegra124-nyan-big.dtb
Using asx0 device
TFTP from server 192.168.100.1; our IP address is 192.168.100.102
Filename 'tegra124-nyan-big.dtb'.
Load address: 0x83000000
Loading: *#####
	 3.4 MiB/s
done
Bytes transferred = 66821 (10505 hex)
Tegra124 (Nyan-big) # bootz 0x82000000 - 0x83000000
Kernel image @ 0x82000000 [ 0x000000 - 0x6c5c58 ]
## Flattened Device Tree blob at 83000000
   Booting using the fdt blob at 0x83000000
   Using Device Tree in place at 83000000, end 83013504

Starting kernel ...

[    0.000000] Booting Linux on physical CPU 0x0
[    0.000000] Linux version 4.8.0-111631-gc8d2bc9 (pwalmsley@sellafield) (gcc version 4.7.3 20130328 (prerelease) (crosstool-NG linaro-1.13.1-4.7-2013.04-20130415 - Linaro GCC 2013.04) ) #1 SMP Sun Oct 2 17:05:04 PDT 2016
[    0.000000] CPU: ARMv7 Processor [413fc0f3] revision 3 (ARMv7), cr=10c5387d
[    0.000000] CPU: div instructions available: patching division code
[    0.000000] CPU: PIPT / VIPT nonaliasing data cache, PIPT instruction cache
[    0.000000] OF: fdt:Machine model: Acer Chromebook 13 CB5-311
[    0.000000] OF: fdt:Ignoring memory range 0x100000000 - 0x17ffff000
[    0.000000] debug: ignoring loglevel setting.
[    0.000000] cma: Reserved 64 MiB at 0xfb800000
[    0.000000] Memory policy: Data cache writealloc
[    0.000000] On node 0 totalpages: 524287
[    0.000000] free_area_init_node: node 0, pgdat c141d380, node_mem_map eeff8000
[    0.000000]   DMA zone: 1536 pages used for memmap
[    0.000000]   DMA zone: 0 pages reserved
[    0.000000]   DMA zone: 196608 pages, LIFO batch:31
[    0.000000]   HighMem zone: 327679 pages, LIFO batch:31
[    0.000000] percpu: Embedded 14 pages/cpu @eef85000 s25984 r8192 d23168 u57344
[    0.000000] pcpu-alloc: s25984 r8192 d23168 u57344 alloc=14*4096
[    0.000000] pcpu-alloc: [0] 0 [0] 1 [0] 2 [0] 3 
[    0.000000] Built 1 zonelists in Zone order, mobility grouping on.  Total pages: 522751
[    0.000000] Kernel command line: ignore_loglevel console=ttyS0,115200n8 rw root=PARTUUID=4d36e82a-b3c0-4b4b-bfcd-afe5217ac023 rootwait gpt debug noinitrd earlyprintk init=/bin/bash
[    0.000000] PID hash table entries: 4096 (order: 2, 16384 bytes)
[    0.000000] Dentry cache hash table entries: 131072 (order: 7, 524288 bytes)
[    0.000000] Inode-cache hash table entries: 65536 (order: 6, 262144 bytes)
[    0.000000] Memory: 1995992K/2097148K available (9216K kernel code, 1148K rwdata, 3972K rodata, 2048K init, 343K bss, 35620K reserved, 65536K cma-reserved, 1245180K highmem)
[    0.000000] Virtual kernel memory layout:
[    0.000000]     vector  : 0xffff0000 - 0xffff1000   (   4 kB)
[    0.000000]     fixmap  : 0xffc00000 - 0xfff00000   (3072 kB)
[    0.000000]     vmalloc : 0xf0800000 - 0xff800000   ( 240 MB)
[    0.000000]     lowmem  : 0xc0000000 - 0xf0000000   ( 768 MB)
[    0.000000]     pkmap   : 0xbfe00000 - 0xc0000000   (   2 MB)
[    0.000000]     modules : 0xbf000000 - 0xbfe00000   (  14 MB)
[    0.000000]       .text : 0xc0208000 - 0xc0c00000   (10208 kB)
[    0.000000]       .init : 0xc1100000 - 0xc1300000   (2048 kB)
[    0.000000]       .data : 0xc1300000 - 0xc141f200   (1149 kB)
[    0.000000]        .bss : 0xc1421000 - 0xc1476c48   ( 344 kB)
[    0.000000] SLUB: HWalign=64, Order=0-3, MinObjects=0, CPUs=4, Nodes=1
[    0.000000] Hierarchical RCU implementation.
[    0.000000] 	Build-time adjustment of leaf fanout to 32.
[    0.000000] 	RCU restricting CPUs from NR_CPUS=16 to nr_cpu_ids=4.
[    0.000000] RCU: Adjusting geometry for rcu_fanout_leaf=32, nr_cpu_ids=4
[    0.000000] NR_IRQS:16 nr_irqs:16 16
[    0.000000] /interrupt-controller@60004000: 160 interrupts forwarded to /interrupt-controller@50041000
[    0.000000] Tegra clk 127: register failed with -17
[    0.000004] sched_clock: 32 bits at 1000kHz, resolution 1000ns, wraps every 2147483647500ns
[    0.000013] clocksource: timer_us: mask: 0xffffffff max_cycles: 0xffffffff, max_idle_ns: 1911260446275 ns
[    0.000019] Switching to timer-based delay loop, resolution 1000ns
[    0.001837] arm_arch_timer: Architected cp15 timer(s) running at 12.00MHz (virt).
[    0.001843] clocksource: arch_sys_counter: mask: 0xffffffffffffff max_cycles: 0x2c47f4ee7, max_idle_ns: 440795202497 ns
[    0.001850] sched_clock: 56 bits at 12MHz, resolution 83ns, wraps every 4398046511096ns
[    0.001854] Switching to timer-based delay loop, resolution 83ns
[    0.002060] Console: colour dummy device 80x30
[    0.002073] Calibrating delay loop (skipped), value calculated using timer frequency.. 24.00 BogoMIPS (lpj=60000)
[    0.002079] pid_max: default: 32768 minimum: 301
[    0.002117] Mount-cache hash table entries: 2048 (order: 1, 8192 bytes)
[    0.002121] Mountpoint-cache hash table entries: 2048 (order: 1, 8192 bytes)
[    0.002363] CPU: Testing write buffer coherency: ok
[    0.002475] /cpus/cpu@0 missing clock-frequency property
[    0.002490] /cpus/cpu@1 missing clock-frequency property
[    0.002503] /cpus/cpu@2 missing clock-frequency property
[    0.002517] /cpus/cpu@3 missing clock-frequency property
[    0.002522] CPU0: thread -1, cpu 0, socket 0, mpidr 80000000
[    0.002532] Setting up static identity map for 0x80300000 - 0x80300098
[    0.003837] Tegra Revision: A01 SKU: 131 CPU Process: 1 SoC Process: 1
[    0.004388] CPU1: thread -1, cpu 1, socket 0, mpidr 80000001
[    0.006956] CPU2: thread -1, cpu 2, socket 0, mpidr 80000002
[    0.011955] CPU3: thread -1, cpu 3, socket 0, mpidr 80000003
[    0.016736] Brought up 4 CPUs
[    0.016744] SMP: Total of 4 processors activated (96.00 BogoMIPS).
[    0.016747] CPU: All CPU(s) started in SVC mode.
[    0.017286] devtmpfs: initialized
[    0.024282] VFP support v0.3: implementor 41 architecture 4 part 30 variant f rev 0
[    0.024480] clocksource: jiffies: mask: 0xffffffff max_cycles: 0xffffffff, max_idle_ns: 9556302231375000 ns
[    0.025006] pinctrl core: initialized pinctrl subsystem
[    0.025694] NET: Registered protocol family 16
[    0.026363] DMA: preallocated 256 KiB pool for atomic coherent allocations
[    0.041773] cpuidle: using governor menu
[    0.047978] No ATAGs?
[    0.047990] hw-breakpoint: found 5 (+1 reserved) breakpoint and 4 watchpoint registers.
[    0.047994] hw-breakpoint: maximum watchpoint size is 8 bytes.
[    0.050089] Serial: AMBA PL011 UART driver
[    0.051057] tegra-mc 70019000.memory-controller: no memory timings for RAM code 0 registered
[    0.068540] +5V_SYS: supplied by +VDD_MUX
[    0.068641] +3.3V_SYS: supplied by +VDD_MUX
[    0.068859] +VDD_LED: Failed to request enable GPIO122: -517
[    0.068864] reg-fixed-voltage regulators:regulator@5: Failed to register regulator: -517
[    0.068895] +5V_VDD_TS_SW: Failed to request enable GPIO81: -517
[    0.068899] reg-fixed-voltage regulators:regulator@6: Failed to register regulator: -517
[    0.068927] +5V_USB_HS: Failed to request enable GPIO108: -517
[    0.068931] reg-fixed-voltage regulators:regulator@7: Failed to register regulator: -517
[    0.068959] +5V_USB_SS: Failed to request enable GPIO109: -517
[    0.068963] reg-fixed-voltage regulators:regulator@8: Failed to register regulator: -517
[    0.069041] +1.05V_RUN_AVDD_HDMI_PLL: Failed to request enable GPIO63: -517
[    0.069045] reg-fixed-voltage regulators:regulator@11: Failed to register regulator: -517
[    0.069073] +5V_HDMI_CON: Failed to request enable GPIO86: -517
[    0.069077] reg-fixed-voltage regulators:regulator@12: Failed to register regulator: -517
[    0.070169] vgaarb: loaded
[    0.070451] SCSI subsystem initialized
[    0.070515] libata version 3.00 loaded.
[    0.070612] usbcore: registered new interface driver usbfs
[    0.070638] usbcore: registered new interface driver hub
[    0.070664] usbcore: registered new device driver usb
[    0.072000] pps_core: LinuxPPS API ver. 1 registered
[    0.072004] pps_core: Software ver. 5.3.6 - Copyright 2005-2007 Rodolfo Giometti <giometti@linux.it>
[    0.072012] PTP clock support registered
[    0.072080] EDAC MC: Ver: 3.0.0
[    0.072514] tegra-emc 7001b000.emc: no memory timings for RAM code 0 found in DT
[    0.072523] tegra-emc: probe of 7001b000.emc failed with error -2
[    0.073009] clocksource: Switched to clocksource arch_sys_counter
[    0.076671] NET: Registered protocol family 2
[    0.076879] TCP established hash table entries: 8192 (order: 3, 32768 bytes)
[    0.076912] TCP bind hash table entries: 8192 (order: 4, 65536 bytes)
[    0.076974] TCP: Hash tables configured (established 8192 bind 8192)
[    0.076999] UDP hash table entries: 512 (order: 2, 16384 bytes)
[    0.077013] UDP-Lite hash table entries: 512 (order: 2, 16384 bytes)
[    0.077073] NET: Registered protocol family 1
[    0.077211] RPC: Registered named UNIX socket transport module.
[    0.077214] RPC: Registered udp transport module.
[    0.077217] RPC: Registered tcp transport module.
[    0.077220] RPC: Registered tcp NFSv4.1 backchannel transport module.
[    0.077224] PCI: CLS 0 bytes, default 64
[    0.077658] hw perfevents: enabled with armv7_cortex_a15 PMU driver, 7 counters available
[    0.078214] futex hash table entries: 1024 (order: 4, 65536 bytes)
[    0.078490] workingset: timestamp_bits=30 max_order=19 bucket_order=0
[    0.082189] squashfs: version 4.0 (2009/01/31) Phillip Lougher
[    0.082490] NFS: Registering the id_resolver key type
[    0.082501] Key type id_resolver registered
[    0.082504] Key type id_legacy registered
[    0.082521] ntfs: driver 2.1.32 [Flags: R/O].
[    0.082974] bounce: pool size: 64 pages
[    0.083060] Block layer SCSI generic (bsg) driver version 0.4 loaded (major 248)
[    0.083065] io scheduler noop registered
[    0.083068] io scheduler deadline registered
[    0.083136] io scheduler cfq registered (default)
[    0.085004] tegra-xusb-padctl 7009f000.padctl: failed to setup XUSB ports: -517
[    0.085179] libphy: mdio_driver_register: phy-bcm-ns2-pci
[    0.093836] tegra-apbdma 60020000.dma: Tegra20 APB DMA driver register 32 channels
[    0.094499] tegra-pmc 7000e400.pmc: i2c-thermtrip node not found, emergency thermal reset disabled.
[    0.116025] Serial: 8250/16550 driver, 4 ports, IRQ sharing disabled
[    0.117170] console [ttyS0] disabled
[    0.117186] 70006000.serial: ttyS0 at MMIO 0x70006000 (irq = 331, base_baud = 25500000) is a Tegra
[    0.977801] console [ttyS0] enabled
[    0.981598] SuperH (H)SCI(F) driver initialized
[    0.986473] msm_serial: driver initialized
[    0.990629] STMicroelectronics ASC driver initialized
[    0.997072] [drm] Initialized drm 1.1.0 20060810
[    1.002814] tegra-hdmi 54280000.hdmi: failed to get HDMI regulator
[    1.009350] tegra-dpaux 545c0000.dpaux: failed to get VDD supply: -517
[    1.016604] panel supply power not found, using dummy regulator
[    1.026356] brd: module loaded
[    1.031503] loop: module loaded
[    1.035540] as3722 4-0040: AS3722 with revision 0x1 found
[    1.045258] as3722-sd2: supplied by +5V_SYS
[    1.049711] as3722-sd3: supplied by +5V_SYS
[    1.054048] +1.35V_LP0(sd3): Bringing 0uV into 1350000-1350000uV
[    1.060232] as3722-sd4: supplied by +5V_SYS
[    1.064572] +1.05V_RUN: Bringing 0uV into 1050000-1050000uV
[    1.070317] as3722-sd5: supplied by +5V_SYS
[    1.075904] as3722-ldo0: supplied by +1.35V_LP0(sd2)
[    1.081647] +1.8V_RUN_CAM: Bringing 0uV into 1800000-1800000uV
[    1.087667] as3722-ldo2: supplied by +1.8V_VDDIO
[    1.093292] as3722-ldo3: supplied by +3.3V_SYS
[    1.097741] +1.00V_LP0_VDD_RTC: Bringing 1100000uV into 1000000-1000000uV
[    1.105319] as3722-ldo4: supplied by +3.3V_SYS
[    1.109916] +3.3V_RUN_CAM: Bringing 0uV into 2800000-2800000uV
[    1.115940] as3722-ldo5: supplied by +1.8V_VDDIO
[    1.120710] +1.2V_RUN_CAM_FRONT: Bringing 0uV into 1200000-1200000uV
[    1.127401] +VDDIO_SDMMC3: Bringing 0uV into 1800000-1800000uV
[    1.133448] as3722-ldo7: supplied by +1.8V_VDDIO
[    1.138218] +1.05V_RUN_CAM_REAR: Bringing 0uV into 1050000-1050000uV
[    1.144772] as3722-ldo9: supplied by +5V_SYS
[    1.149339] +2.8V_RUN_TOUCH: Bringing 0uV into 2800000-2800000uV
[    1.155548] as3722-ldo10: supplied by +5V_SYS
[    1.160061] +2.8V_RUN_CAM_AF: Bringing 0uV into 2800000-2800000uV
[    1.166505] +1.8V_RUN_VPP_FUSE: Bringing 0uV into 1800000-1800000uV
[    1.179275] random: fast init done
[    1.184799] m25p80 spi32765.0: w25q32dw (4096 Kbytes)
[    1.191070] libphy: Fixed MDIO Bus: probed
[    1.195454] CAN device driver interface
[    1.200045] igb: Intel(R) Gigabit Ethernet Network Driver - version 5.3.0-k
[    1.206995] igb: Copyright (c) 2007-2014 Intel Corporation.
[    1.213721] pegasus: v0.9.3 (2013/04/25), Pegasus/Pegasus II USB Ethernet driver
[    1.221127] usbcore: registered new interface driver pegasus
[    1.226797] usbcore: registered new interface driver asix
[    1.232202] usbcore: registered new interface driver ax88179_178a
[    1.238302] usbcore: registered new interface driver cdc_ether
[    1.244146] usbcore: registered new interface driver smsc75xx
[    1.249903] usbcore: registered new interface driver smsc95xx
[    1.255652] usbcore: registered new interface driver net1080
[    1.261316] usbcore: registered new interface driver cdc_subset
[    1.267238] usbcore: registered new interface driver zaurus
[    1.272823] usbcore: registered new interface driver cdc_ncm
[    1.279133] ehci_hcd: USB 2.0 'Enhanced' Host Controller (EHCI) Driver
[    1.285649] ehci-pci: EHCI PCI platform driver
[    1.290101] ehci-platform: EHCI generic platform driver
[    1.295389] ehci-orion: EHCI orion driver
[    1.299441] SPEAr-ehci: EHCI SPEAr driver
[    1.303495] ehci-st: EHCI STMicroelectronics driver
[    1.308415] ehci-exynos: EHCI EXYNOS driver
[    1.312641] ehci-atmel: EHCI Atmel driver
[    1.316693] tegra-ehci: Tegra EHCI driver
[    1.320759] ohci_hcd: USB 1.1 'Open' Host Controller (OHCI) Driver
[    1.326933] ohci-pci: OHCI PCI platform driver
[    1.331382] ohci-platform: OHCI generic platform driver
[    1.336655] ohci-omap3: OHCI OMAP3 driver
[    1.340710] SPEAr-ohci: OHCI SPEAr driver
[    1.344765] ohci-st: OHCI STMicroelectronics driver
[    1.349685] ohci-atmel: OHCI Atmel driver
[    1.353951] usbcore: registered new interface driver usb-storage
[    1.360525] mousedev: PS/2 mouse device common for all mice
[    1.366466] 1-0015 supply vcc not found, using dummy regulator
[    1.372355] as3722-rtc as3722-rtc: rtc core: registered as3722-rtc as rtc0
[    1.379229] as3722-rtc as3722-rtc: RTC interrupt 370
[    1.386120] tegra_rtc 7000e000.rtc: rtc core: registered 7000e000.rtc as rtc1
[    1.393263] tegra_rtc 7000e000.rtc: Tegra internal Real Time Clock
[    1.399628] i2c /dev entries driver
[    1.405575] 0-004c supply vcc not found, using dummy regulator
[    1.415517] sdhci: Secure Digital Host Controller Interface driver
[    1.421695] sdhci: Copyright(c) Pierre Ossman
[    1.426605] Synopsys Designware Multimedia Card Interface Driver
[    1.432992] sdhci-pltfm: SDHCI platform and OF driver helper
[    1.438932] sdhci-tegra 700b0000.sdhci: allocated mmc-pwrseq
[    1.444700] sdhci-tegra 700b0400.sdhci: Got CD GPIO
[    1.449575] sdhci-tegra 700b0400.sdhci: Got WP GPIO
[    1.454564] mmc0: Unknown controller version (3). You may experience problems.
[    1.461801] mmc0: Invalid maximum block size, assuming 512 bytes
[    1.513018] mmc0: SDHCI controller on 700b0600.sdhci [700b0600.sdhci] using ADMA 64-bit
[    1.521732] ledtrig-cpu: registered to indicate activity on CPUs
[    1.527929] usbcore: registered new interface driver usbhid
[    1.533499] usbhid: USB HID core driver
[    1.539614] NET: Registered protocol family 10
[    1.544404] sit: IPv6, IPv4 and MPLS over IPv4 tunneling driver
[    1.550643] NET: Registered protocol family 17
[    1.555091] can: controller area network core (rev 20120528 abi 9)
[    1.561296] NET: Registered protocol family 29
[    1.565739] can: raw protocol (rev 20120528)
[    1.570006] can: broadcast manager protocol (rev 20160617 t)
[    1.575662] can: netlink gateway (rev 20130117) max_hops=1
[    1.581293] Key type dns_resolver registered
[    1.585798] ThumbEE CPU extension supported.
[    1.590070] Registering SWP/SWPB emulation handler
[    1.596902] +3.3V_RUN: supplied by +3.3V_SYS
[    1.600307] input: Elan Touchpad as /devices/soc0/7000c400.i2c/i2c-1/1-0015/input/input0
[    1.609656] +3.3V_AVDD_HDMI_AP_GATED: supplied by +3.3V_RUN
[    1.615327] +1.8V_RUN_CAM: supplied by +3.3V_RUN
[    1.620048] +VDDIO_SDMMC3: supplied by +3.3V_RUN
[    1.624790] +1.8V_RUN_VPP_FUSE: supplied by +3.3V_RUN
[    1.630124] +VDD_LED: supplied by +VDD_MUX
[    1.634570] +5V_VDD_TS_SW: supplied by +5V_SYS
[    1.639367] +5V_USB_HS: supplied by +5V_SYS
[    1.643897] +5V_USB_SS: supplied by +5V_SYS
[    1.649071] +3.3V_PANEL: supplied by +3.3V_RUN
[    1.649414] mmc0: new high speed MMC card at address 0001
[    1.650126] mmcblk0: mmc0:0001 MMC16G 14.4 GiB 
[    1.650623] mmcblk0boot0: mmc0:0001 MMC16G partition 1 2.00 MiB
[    1.651279] mmcblk0boot1: mmc0:0001 MMC16G partition 2 2.00 MiB
[    1.651735] mmcblk0rpmb: mmc0:0001 MMC16G partition 3 128 KiB
[    1.657376]  mmcblk0: p1 p2 p3 p4 p5 p6 p7 p8 p9 p10 p11 p12
[    1.687487] +3.3V_LP0: supplied by +3.3V_SYS
[    1.692390] +1.05V_RUN_AVDD_HDMI_PLL: supplied by +1.05V_RUN
[    1.692676] elan_i2c 1-0015: failed to read report data: -121
[    1.704156] +5V_HDMI_CON: supplied by +5V_SYS
[    1.709214] usb3-0 supply vbus not found, using dummy regulator
[    1.715171] usb3-1 supply vbus not found, using dummy regulator
[    1.724439] tegra-sor 54540000.sor: failed to probe output: -517
[    1.730960] panel supply power not found, using dummy regulator
[    1.737530] sdhci-tegra 700b0000.sdhci: allocated mmc-pwrseq
[    1.743283] mmc1: Unknown controller version (3). You may experience problems.
[    1.750624] mmc1: Invalid maximum block size, assuming 512 bytes
[    1.757043] mmc1: Switching to 3.3V signalling voltage failed
[    1.798102] mmc1: SDHCI controller on 700b0000.sdhci [700b0000.sdhci] using ADMA 64-bit
[    1.806850] sdhci-tegra 700b0400.sdhci: Got CD GPIO
[    1.811749] sdhci-tegra 700b0400.sdhci: Got WP GPIO
[    1.816743] mmc2: Unknown controller version (3). You may experience problems.
[    1.824072] mmc2: Invalid maximum block size, assuming 512 bytes
[    1.832131] elan_i2c 1-0015: invalid report id data (ff)
[    1.869967] mmc1: new high speed SDIO card at address 0001
[    1.875757] mmc2: SDHCI controller on 700b0400.sdhci [700b0400.sdhci] using ADMA 64-bit
[    1.978488] [drm] Supports vblank timestamp caching Rev 2 (21.10.2013).
[    1.985148] [drm] No driver support for vblank timestamp query.
[    2.035738] mmc2: new high speed SDHC card at address 0007
[    2.036431] mmcblk2: mmc2:0007 SD08G 7.42 GiB 
[    2.045392] Console: switching to colour frame buffer device 170x48
[    2.065567] drm drm: fb0:  frame buffer device
[    2.072600] GPT:Primary header alternate_lba != Alt. header my_lba
[    2.078801] GPT:3014591 != 15564799
[    2.082278] GPT:Primary header thinks Alt. header is not at the end of the disk.
[    2.089679] GPT:3014591 != 15564799
[    2.093160] GPT: Use GNU Parted to correct GPT errors.
[    2.098330]  mmcblk2: p1 p2 p3 p4 p5 p6 p7 p8 p9 p10 p11 p12
[    2.113088] [drm] Initialized tegra 0.0.0 20120330 on minor 0
[    2.119853] input: gpio-keys as /devices/soc0/gpio-keys/input/input1
[    2.126786] as3722-rtc as3722-rtc: setting system clock to 2000-01-01 00:00:23 UTC (946684823)
[    2.139417] +1.8V_RUN_CAM: disabling
[    2.143101] +3.3V_RUN_CAM: disabling
[    2.146825] +1.2V_RUN_CAM_FRONT: disabling
[    2.151143] +1.05V_RUN_CAM_REAR: disabling
[    2.155504] +2.8V_RUN_TOUCH: disabling
[    2.159484] +2.8V_RUN_CAM_AF: disabling
[    2.163545] +1.8V_RUN_VPP_FUSE: disabling
[    2.167711] +5V_VDD_TS_SW: disabling
[    2.171309] +5V_USB_HS: disabling
[    2.174624] +5V_USB_SS: disabling
[    2.178978] EXT4-fs (mmcblk0p3): couldn't mount as ext3 due to feature incompatibilities
[    2.187650] EXT4-fs (mmcblk0p3): couldn't mount as ext2 due to feature incompatibilities
[    2.654605] EXT4-fs (mmcblk0p3): recovery complete
[    2.660310] EXT4-fs (mmcblk0p3): mounted filesystem with ordered data mode. Opts: (null)
[    2.668443] VFS: Mounted root (ext4 filesystem) on device 179:3.
[    2.675675] devtmpfs: mounted
[    2.679360] Freeing unused kernel memory: 2048K (c1100000 - c1300000)
bash: cannot set terminal process group (-1): Inappropriate ioctl for device
bash: no job control in this shell
root@(none):/# 