[    0.000000] Booting Linux on physical CPU 0x0
[    0.000000] Linux version 4.5.0+ (pwalmsley@tamien) (gcc version 4.9.2 20140904 (prerelease) (crosstool-NG linaro-1.13.1-4.9-2014.09 - Linaro GCC 4.9-2014.09) ) #1 SMP PREEMPT Mon Mar 14 07:36:22 PDT 2016
[    0.000000] Boot CPU: AArch64 Processor [411fd070]
[    0.000000] Memory limited to 1024MB
[    0.000000] efi: Getting EFI parameters from FDT:
[    0.000000] efi: UEFI not found.
[    0.000000] cma: Reserved 16 MiB at 0x000000007f000000
[    0.000000] psci: probing for conduit method from DT.
[    0.000000] psci: PSCIv0.2 detected in firmware.
[    0.000000] psci: Using standard PSCI v0.2 function IDs
[    0.000000] psci: Trusted OS migration not required
[    0.000000] PERCPU: Embedded 20 pages/cpu @ffffffc03efd9000 s41984 r8192 d31744 u81920
[    0.000000] Detected PIPT I-cache on CPU0
[    0.000000] CPU features: enabling workaround for ARM erratum 832075
[    0.000000] CPU features: enabling workaround for ARM erratum 834220
[    0.000000] Built 1 zonelists in Zone order, mobility grouping on.  Total pages: 258048
[    0.000000] Kernel command line: root=/dev/vda2 rw rootwait mem=1024M console=ttyAMA0,38400n8 init=/bin/bash
[    0.000000] PID hash table entries: 4096 (order: 3, 32768 bytes)
[    0.000000] Dentry cache hash table entries: 131072 (order: 8, 1048576 bytes)
[    0.000000] Inode-cache hash table entries: 65536 (order: 7, 524288 bytes)
[    0.000000] software IO TLB [mem 0x79c00000-0x7dc00000] (64MB) mapped at [ffffffc039c00000-ffffffc03dbfffff]
[    0.000000] Memory: 937036K/1048576K available (6524K kernel code, 602K rwdata, 2904K rodata, 724K init, 242K bss, 95156K reserved, 16384K cma-reserved)
[    0.000000] Virtual kernel memory layout:
[    0.000000]     vmalloc : 0xffffff8000000000 - 0xffffffbdbfff0000   (   246 GB)
[    0.000000]     vmemmap : 0xffffffbdc0000000 - 0xffffffbfc0000000   (     8 GB maximum)
[    0.000000]               0xffffffbdc0000000 - 0xffffffbdc1000000   (    16 MB actual)
[    0.000000]     fixed   : 0xffffffbffa7fd000 - 0xffffffbffac00000   (  4108 KB)
[    0.000000]     PCI I/O : 0xffffffbffae00000 - 0xffffffbffbe00000   (    16 MB)
[    0.000000]     modules : 0xffffffbffc000000 - 0xffffffc000000000   (    64 MB)
[    0.000000]     memory  : 0xffffffc000000000 - 0xffffffc040000000   (  1024 MB)
[    0.000000]       .init : 0xffffffc0009b8000 - 0xffffffc000a6d000   (   724 KB)
[    0.000000]       .text : 0xffffffc000080000 - 0xffffffc0009b72b4   (  9437 KB)
[    0.000000]       .data : 0xffffffc000a6d000 - 0xffffffc000b03800   (   602 KB)
[    0.000000] SLUB: HWalign=64, Order=0-3, MinObjects=0, CPUs=1, Nodes=1
[    0.000000] Preemptible hierarchical RCU implementation.
[    0.000000] 	Build-time adjustment of leaf fanout to 64.
[    0.000000] 	RCU restricting CPUs from NR_CPUS=64 to nr_cpu_ids=1.
[    0.000000] RCU: Adjusting geometry for rcu_fanout_leaf=64, nr_cpu_ids=1
[    0.000000] NR_IRQS:64 nr_irqs:64 0
[    0.000000] GICv2m: range[mem 0x08020000-0x08020fff], SPI[80:143]
[    0.000000] Architected cp15 timer(s) running at 62.50MHz (virt).
[    0.000000] clocksource: arch_sys_counter: mask: 0xffffffffffffff max_cycles: 0x1cd42e208c, max_idle_ns: 881590405314 ns
[    0.000168] sched_clock: 56 bits at 62MHz, resolution 16ns, wraps every 4398046511096ns
[    0.007069] Console: colour dummy device 80x25
[    0.007815] Calibrating delay loop (skipped), value calculated using timer frequency.. 125.00 BogoMIPS (lpj=250000)
[    0.007992] pid_max: default: 32768 minimum: 301
[    0.008897] Security Framework initialized
[    0.009865] Mount-cache hash table entries: 2048 (order: 2, 16384 bytes)
[    0.009918] Mountpoint-cache hash table entries: 2048 (order: 2, 16384 bytes)
[    0.034302] ASID allocator initialised with 65536 entries
[    0.058869] EFI services will not be available.
[    0.060649] Brought up 1 CPUs
[    0.060698] SMP: Total of 1 processors activated.
[    0.060940] CPU: All CPU(s) started at EL1
[    0.061688] alternatives: patching kernel code
[    0.076360] devtmpfs: initialized
[    0.087530] DMI not present or invalid.
[    0.089263] clocksource: jiffies: mask: 0xffffffff max_cycles: 0xffffffff, max_idle_ns: 7645041785100000 ns
[    0.092205] pinctrl core: initialized pinctrl subsystem
[    0.117107] NET: Registered protocol family 16
[    0.137107] cpuidle: using governor menu
[    0.138179] vdso: 2 pages (1 code @ ffffffc000a75000, 1 data @ ffffffc000a74000)
[    0.138480] hw-breakpoint: found 6 breakpoint and 4 watchpoint registers.
[    0.146229] DMA: preallocated 256 KiB pool for atomic allocations
[    0.148528] Serial: AMBA PL011 UART driver
[    0.201302] 9000000.pl011: ttyAMA0 at MMIO 0x9000000 (irq = 39, base_baud = 0) is a PL011 rev1
[    0.224324] console [ttyAMA0] enabled
[    0.359671] HugeTLB registered 2 MB page size, pre-allocated 0 pages
[    0.390169] vgaarb: loaded
[    0.395711] SCSI subsystem initialized
[    0.405701] usbcore: registered new interface driver usbfs
[    0.407898] usbcore: registered new interface driver hub
[    0.408865] usbcore: registered new device driver usb
[    0.410490] pps_core: LinuxPPS API ver. 1 registered
[    0.410698] pps_core: Software ver. 5.3.6 - Copyright 2005-2007 Rodolfo Giometti <giometti@linux.it>
[    0.411322] PTP clock support registered
[    0.414391] dmi: Firmware registration failed.
[    0.419127] Advanced Linux Sound Architecture Driver Initialized.
[    0.430608] clocksource: Switched to clocksource arch_sys_counter
[    0.431812] VFS: Disk quotas dquot_6.6.0
[    0.432296] VFS: Dquot-cache hash table entries: 512 (order 0, 4096 bytes)
[    0.508704] NET: Registered protocol family 2
[    0.515957] TCP established hash table entries: 8192 (order: 4, 65536 bytes)
[    0.516582] TCP bind hash table entries: 8192 (order: 5, 131072 bytes)
[    0.517207] TCP: Hash tables configured (established 8192 bind 8192)
[    0.519062] UDP hash table entries: 512 (order: 2, 16384 bytes)
[    0.519555] UDP-Lite hash table entries: 512 (order: 2, 16384 bytes)
[    0.521432] NET: Registered protocol family 1
[    0.530218] RPC: Registered named UNIX socket transport module.
[    0.531058] RPC: Registered udp transport module.
[    0.531446] RPC: Registered tcp transport module.
[    0.531826] RPC: Registered tcp NFSv4.1 backchannel transport module.
[    0.540924] kvm [1]: HYP mode not available
[    0.560610] futex hash table entries: 256 (order: 3, 32768 bytes)
[    0.561749] audit: initializing netlink subsys (disabled)
[    0.563716] audit: type=2000 audit(0.532:1): initialized
[    0.656113] squashfs: version 4.0 (2009/01/31) Phillip Lougher
[    0.669970] NFS: Registering the id_resolver key type
[    0.672149] Key type id_resolver registered
[    0.672397] Key type id_legacy registered
[    0.674209] fuse init (API version 7.24)
[    0.679266] 9p: Installing v9fs 9p2000 file system support
[    0.696856] io scheduler noop registered
[    0.698351] io scheduler cfq registered (default)
[    0.721291] pl061_gpio 9030000.pl061: PL061 GPIO chip @0x0000000009030000 registered
[    0.738317] PCI host bridge /pcie@10000000 ranges:
[    0.740812]    IO 0x3eff0000..0x3effffff -> 0x00000000
[    0.741679]   MEM 0x10000000..0x3efeffff -> 0x10000000
[    0.742083]   MEM 0x8000000000..0xffffffffff -> 0x8000000000
[    0.747878] pci-host-generic 3f000000.pcie: PCI host bridge to bus 0000:00
[    0.748672] pci_bus 0000:00: root bus resource [bus 00-0f]
[    0.749108] pci_bus 0000:00: root bus resource [io  0x0000-0xffff]
[    0.749501] pci_bus 0000:00: root bus resource [mem 0x10000000-0x3efeffff]
[    0.749933] pci_bus 0000:00: root bus resource [mem 0x8000000000-0xffffffffff]
[    0.803908] xenfs: not registering filesystem on non-xen platform
[    0.871851] Serial: 8250/16550 driver, 4 ports, IRQ sharing disabled
[    0.898316] SuperH (H)SCI(F) driver initialized
[    0.904452] msm_serial: driver initialized
[    0.912845] Unable to detect cache hierarchy from DT for CPU 0
[    1.016104] loop: module loaded
[    1.092831]  vda: vda1 vda2
[    1.142259] tun: Universal TUN/TAP device driver, 1.6
[    1.143479] tun: (C) 1999-2004 Max Krasnyansky <maxk@qualcomm.com>
[    1.162263] e1000e: Intel(R) PRO/1000 Network Driver - 3.2.6-k
[    1.162997] e1000e: Copyright(c) 1999 - 2015 Intel Corporation.
[    1.164198] igb: Intel(R) Gigabit Ethernet Network Driver - version 5.3.0-k
[    1.164509] igb: Copyright (c) 2007-2014 Intel Corporation.
[    1.165716] igbvf: Intel(R) Gigabit Virtual Function Network Driver - version 2.0.2-k
[    1.166118] igbvf: Copyright (c) 2009 - 2012 Intel Corporation.
[    1.167534] sky2: driver version 1.30
[    1.172949] VFIO - User Level meta-driver version: 0.3
[    1.188128] ehci_hcd: USB 2.0 'Enhanced' Host Controller (EHCI) Driver
[    1.188857] ehci-pci: EHCI PCI platform driver
[    1.191698] ehci-platform: EHCI generic platform driver
[    1.193254] ohci_hcd: USB 1.1 'Open' Host Controller (OHCI) Driver
[    1.193740] ohci-pci: OHCI PCI platform driver
[    1.195048] ohci-platform: OHCI generic platform driver
[    1.197089] usbcore: registered new interface driver usb-storage
[    1.203287] mousedev: PS/2 mouse device common for all mice
[    1.219034] rtc-pl031 9010000.pl031: rtc core: registered pl031 as rtc0
[    1.231414] sdhci: Secure Digital Host Controller Interface driver
[    1.231744] sdhci: Copyright(c) Pierre Ossman
[    1.232858] Synopsys Designware Multimedia Card Interface Driver
[    1.235760] sdhci-pltfm: SDHCI platform and OF driver helper
[    1.240710] ledtrig-cpu: registered to indicate activity on CPUs
[    1.251136] usbcore: registered new interface driver usbhid
[    1.251455] usbhid: USB HID core driver
[    1.263704] NET: Registered protocol family 17
[    1.265249] 9pnet: Installing 9P2000 support
[    1.266227] Key type dns_resolver registered
[    1.271412] registered taskstats version 1
[    1.287125] input: gpio-keys as /devices/platform/gpio-keys/input/input0
[    1.291397] rtc-pl031 9010000.pl031: setting system clock to 2016-03-14 14:36:52 UTC (1457966212)
[    1.293553] ALSA device list:
[    1.293774]   No soundcards found.
[    1.298134] uart-pl011 9000000.pl011: no DMA platform data
[    1.305945] EXT4-fs (vda2): couldn't mount as ext3 due to feature incompatibilities
[    1.445593] EXT4-fs (vda2): recovery complete
[    1.447739] EXT4-fs (vda2): mounted filesystem with ordered data mode. Opts: (null)
[    1.448849] VFS: Mounted root (ext4 filesystem) on device 254:2.
[    1.464585] devtmpfs: mounted
[    1.509993] Freeing unused kernel memory: 724K (ffffffc0009b8000 - ffffffc000a6d000)
bash: cannot set terminal process group (-1): Inappropriate ioctl for device
bash: no job control in this shell
bash-4.3# 