
U-Boot SPL 2015.04-rc3-00209-ga74ef40 (Mar 16 2015 - 14:43:39)


U-Boot 2015.04-rc3-00209-ga74ef40 (Mar 16 2015 - 14:43:39)

TEGRA20
Model: Compulab TrimSlice board
DRAM:  1 GiB
MMC:   Tegra SD/MMC: 0, Tegra SD/MMC: 1
SF: Detected W25Q80BL with page size 256 Bytes, erase size 4 KiB, total 1 MiB
tegra-pcie: PCI regions:
tegra-pcie:   I/O: 0x82000000-0x82010000
tegra-pcie:   non-prefetchable memory: 0xa0000000-0xa8000000
tegra-pcie:   prefetchable memory: 0xa8000000-0xc0000000
tegra-pcie: dual-mode configuration
tegra-pcie: probing port 0, using 2 lanes
In:    serial
Out:   serial
Err:   serial
Net:   RTL8169#0
Hit any key to stop autoboot:  2  0 
Tegra20 (TrimSlice) # 
Tegra20 (TrimSlice) # usb reset
resetting USB...
USB0:   USB EHCI 1.00
scanning bus 0 for devices... 3 USB Device(s) found
USB1:   USB EHCI 1.00
scanning bus 1 for devices... 1 USB Device(s) found
USB2:   lowlevel init failed
       scanning usb for storage devices... 0 Storage Device(s) found
       scanning usb for ethernet devices... 
Warning: asx0 using MAC address from net device
1 Ethernet Device(s) found
Tegra20 (TrimSlice) # setenv bootargs 'ignore_loglevel console=ttyS0,115200n8 rw root=PARTUUID=11eb23c1-01 rootwait gpt debug noinitrd earlyprintk init=/bin/bash'
Tegra20 (TrimSlice) # setenv ipaddr 192.168.100.103; setenv serverip 192.168.100.1; setenv tftpserverip 192.168.100.1
Tegra20 (TrimSlice) # tftpboot 0x00408000 zImage.multi_v7_defconfig
Using RTL8169#0 device
TFTP from server 192.168.100.1; our IP address is 192.168.100.103
Filename 'zImage.multi_v7_defconfig'.
Load address: 0x408000
Loading: *#################################################################
	 #################################################################
	 #################################################################
	 #################################################################
	 #################################################################
	 #################################################################
	 #################################################################
	 #################################################################
	 ###########################
	 4 MiB/s
done
Bytes transferred = 8015304 (7a4dc8 hex)
Tegra20 (TrimSlice) # tftpboot 0x02408000 tegra20-trimslice.dtb
Using RTL8169#0 device
TFTP from server 192.168.100.1; our IP address is 192.168.100.103
Filename 'tegra20-trimslice.dtb'.
Load address: 0x2408000
Loading: *##
	 3.4 MiB/s
done
Bytes transferred = 21454 (53ce hex)
Tegra20 (TrimSlice) # bootz 0x00408000 - 0x02408000
Kernel image @ 0x408000 [ 0x000000 - 0x7a4dc8 ]
## Flattened Device Tree blob at 02408000
   Booting using the fdt blob at 0x2408000
   Using Device Tree in place at 02408000, end 024103cd

Starting kernel ...

[    0.000000] Booting Linux on physical CPU 0x0
[    0.000000] Linux version 4.13.0-rc5-186351-gef95484 (jonathanh@sellafield) (gcc version 4.7.3 20130328 (prerelease) (crosstool-NG linaro-1.13.1-4.7-2013.04-20130415 - Linaro GCC 2013.04)) #1 SMP Tue Aug 15 14:33:49 PDT 2017
[    0.000000] CPU: ARMv7 Processor [411fc090] revision 0 (ARMv7), cr=10c5387d
[    0.000000] CPU: PIPT / VIPT nonaliasing data cache, VIPT aliasing instruction cache
[    0.000000] OF: fdt: Machine model: Compulab TrimSlice board
[    0.000000] debug: ignoring loglevel setting.
[    0.000000] Memory policy: Data cache writealloc
[    0.000000] efi: Getting EFI parameters from FDT:
[    0.000000] efi: UEFI not found.
[    0.000000] cma: Reserved 64 MiB at 0x3c000000
[    0.000000] On node 0 totalpages: 262144
[    0.000000] free_area_init_node: node 0, pgdat c157edc0, node_mem_map ef7f8000
[    0.000000]   DMA zone: 1536 pages used for memmap
[    0.000000]   DMA zone: 0 pages reserved
[    0.000000]   DMA zone: 196608 pages, LIFO batch:31
[    0.000000]   HighMem zone: 65536 pages, LIFO batch:15
[    0.000000] percpu: Embedded 17 pages/cpu @ef7c4000 s39488 r8192 d21952 u69632
[    0.000000] pcpu-alloc: s39488 r8192 d21952 u69632 alloc=17*4096
[    0.000000] pcpu-alloc: [0] 0 [0] 1 
[    0.000000] Built 1 zonelists in Zone order, mobility grouping on.  Total pages: 260608
[    0.000000] Kernel command line: ignore_loglevel console=ttyS0,115200n8 rw root=PARTUUID=11eb23c1-01 rootwait gpt debug noinitrd earlyprintk init=/bin/bash
[    0.000000] PID hash table entries: 4096 (order: 2, 16384 bytes)
[    0.000000] Dentry cache hash table entries: 131072 (order: 7, 524288 bytes)
[    0.000000] Inode-cache hash table entries: 65536 (order: 6, 262144 bytes)
[    0.000000] Memory: 954380K/1048576K available (10240K kernel code, 1562K rwdata, 4452K rodata, 2048K init, 402K bss, 28660K reserved, 65536K cma-reserved, 196608K highmem)
[    0.000000] Virtual kernel memory layout:
[    0.000000]     vector  : 0xffff0000 - 0xffff1000   (   4 kB)
[    0.000000]     fixmap  : 0xffc00000 - 0xfff00000   (3072 kB)
[    0.000000]     vmalloc : 0xf0800000 - 0xff800000   ( 240 MB)
[    0.000000]     lowmem  : 0xc0000000 - 0xf0000000   ( 768 MB)
[    0.000000]     pkmap   : 0xbfe00000 - 0xc0000000   (   2 MB)
[    0.000000]     modules : 0xbf000000 - 0xbfe00000   (  14 MB)
[    0.000000]       .text : 0xc0208000 - 0xc0d00000   (11232 kB)
[    0.000000]       .init : 0xc1200000 - 0xc1400000   (2048 kB)
[    0.000000]       .data : 0xc1400000 - 0xc1586ba8   (1563 kB)
[    0.000000]        .bss : 0xc158fcb0 - 0xc15f46fc   ( 403 kB)
[    0.000000] SLUB: HWalign=64, Order=0-3, MinObjects=0, CPUs=2, Nodes=1
[    0.000000] Hierarchical RCU implementation.
[    0.000000] 	RCU event tracing is enabled.
[    0.000000] 	RCU restricting CPUs from NR_CPUS=16 to nr_cpu_ids=2.
[    0.000000] RCU: Adjusting geometry for rcu_fanout_leaf=16, nr_cpu_ids=2
[    0.000000] NR_IRQS: 16, nr_irqs: 16, preallocated irqs: 16
[    0.000000] /interrupt-controller@60004000: 128 interrupts forwarded to /interrupt-controller@50041000
[    0.000000] L2C: platform modifies aux control register: 0x02080000 -> 0x3e480001
[    0.000000] L2C: DT/platform modifies aux control register: 0x02080000 -> 0x3e480001
[    0.000000] L2C-310 errata 727915 769419 enabled
[    0.000000] L2C-310 enabling early BRESP for Cortex-A9
[    0.000000] L2C-310: enabling full line of zeros but not enabled in Cortex-A9
[    0.000000] L2C-310 ID prefetch enabled, offset 1 lines
[    0.000000] L2C-310 cache controller enabled, 8 ways, 1024 kB
[    0.000000] L2C-310: CACHE_ID 0x410000c4, AUX_CTRL 0x7e480001
[    0.000010] sched_clock: 32 bits at 1000kHz, resolution 1000ns, wraps every 2147483647500ns
[    0.000027] clocksource: timer_us: mask: 0xffffffff max_cycles: 0xffffffff, max_idle_ns: 1911260446275 ns
[    0.000037] Switching to timer-based delay loop, resolution 1000ns
[    0.001663] Console: colour dummy device 80x30
[    0.001690] Calibrating delay loop (skipped), value calculated using timer frequency.. 2.00 BogoMIPS (lpj=10000)
[    0.001701] pid_max: default: 32768 minimum: 301
[    0.001773] Mount-cache hash table entries: 2048 (order: 1, 8192 bytes)
[    0.001784] Mountpoint-cache hash table entries: 2048 (order: 1, 8192 bytes)
[    0.002178] CPU: Testing write buffer coherency: ok
[    0.002379] CPU0: thread -1, cpu 0, socket 0, mpidr 80000000
[    0.002607] Setting up static identity map for 0x300000 - 0x3000a0
[    0.003243] Hierarchical SRCU implementation.
[    0.004079] Tegra Revision: A03 prime SKU: 8 CPU Process: 1 SoC Process: 2
[    0.004525] EFI services will not be available.
[    0.004614] smp: Bringing up secondary CPUs ...
[    0.005124] CPU1: thread -1, cpu 1, socket 0, mpidr 80000001
[    0.005197] smp: Brought up 1 node, 2 CPUs
[    0.005209] SMP: Total of 2 processors activated (4.00 BogoMIPS).
[    0.005214] CPU: All CPU(s) started in SVC mode.
[    0.005867] devtmpfs: initialized
[    0.009469] VFP support v0.3: implementor 41 architecture 3 part 30 variant 9 rev 1
[    0.009686] clocksource: jiffies: mask: 0xffffffff max_cycles: 0xffffffff, max_idle_ns: 19112604462750000 ns
[    0.009701] futex hash table entries: 512 (order: 3, 32768 bytes)
[    0.012696] pinctrl core: initialized pinctrl subsystem
[    0.013671] DMI not present or invalid.
[    0.013864] random: get_random_u32 called from bucket_table_alloc+0xe8/0x254 with crng_init=0
[    0.013932] NET: Registered protocol family 16
[    0.015992] DMA: preallocated 256 KiB pool for atomic coherent allocations
[    0.017444] cpuidle: using governor menu
[    0.034443] No ATAGs?
[    0.034509] hw-breakpoint: found 5 (+1 reserved) breakpoint and 1 watchpoint registers.
[    0.034521] hw-breakpoint: maximum watchpoint size is 4 bytes.
[    0.039815] Serial: AMBA PL011 UART driver
[    0.051459] AT91: Could not find identification node
[    0.052012] usb1_vbus: Failed to request enable GPIO170: -517
[    0.052028] reg-fixed-voltage regulators:regulator@2: Failed to register regulator: -517
[    0.055405] vgaarb: loaded
[    0.055980] SCSI subsystem initialized
[    0.056104] libata version 3.00 loaded.
[    0.056287] usbcore: registered new interface driver usbfs
[    0.056328] usbcore: registered new interface driver hub
[    0.056366] usbcore: registered new device driver usb
[    0.058309] pps_core: LinuxPPS API ver. 1 registered
[    0.058317] pps_core: Software ver. 5.3.6 - Copyright 2005-2007 Rodolfo Giometti <giometti@linux.it>
[    0.058333] PTP clock support registered
[    0.058468] EDAC MC: Ver: 3.0.0
[    0.058735] dmi: Firmware registration failed.
[    0.060260] clocksource: Switched to clocksource timer_us
[    0.098946] NET: Registered protocol family 2
[    0.099367] TCP established hash table entries: 8192 (order: 3, 32768 bytes)
[    0.099441] TCP bind hash table entries: 8192 (order: 4, 65536 bytes)
[    0.099555] TCP: Hash tables configured (established 8192 bind 8192)
[    0.099670] UDP hash table entries: 512 (order: 2, 16384 bytes)
[    0.099725] UDP-Lite hash table entries: 512 (order: 2, 16384 bytes)
[    0.099878] NET: Registered protocol family 1
[    0.100186] RPC: Registered named UNIX socket transport module.
[    0.100194] RPC: Registered udp transport module.
[    0.100200] RPC: Registered tcp transport module.
[    0.100204] RPC: Registered tcp NFSv4.1 backchannel transport module.
[    0.100214] PCI: CLS 0 bytes, default 64
[    0.101045] hw perfevents: no interrupt-affinity property for /pmu, guessing.
[    0.101204] hw perfevents: enabled with armv7_cortex_a9 PMU driver, 7 counters available
[    0.102464] workingset: timestamp_bits=30 max_order=18 bucket_order=0
[    0.108819] squashfs: version 4.0 (2009/01/31) Phillip Lougher
[    0.109427] NFS: Registering the id_resolver key type
[    0.109448] Key type id_resolver registered
[    0.109454] Key type id_legacy registered
[    0.109485] ntfs: driver 2.1.32 [Flags: R/O].
[    0.110159] random: fast init done
[    0.110776] bounce: pool size: 64 pages
[    0.110817] Block layer SCSI generic (bsg) driver version 0.4 loaded (major 248)
[    0.110826] io scheduler noop registered
[    0.110832] io scheduler deadline registered
[    0.110978] io scheduler cfq registered (default)
[    0.110986] io scheduler mq-deadline registered
[    0.110992] io scheduler kyber registered
[    0.122287] tegra-pcie 80003000.pcie: dual-mode configuration
[    0.122972] tegra-pcie 80003000.pcie: probing port 0, using 2 lanes
[    0.206420] tegra-pcie 80003000.pcie: PCI host bridge to bus 0000:00
[    0.206432] pci_bus 0000:00: root bus resource [io  0x0000-0xffff]
[    0.206441] pci_bus 0000:00: root bus resource [mem 0xa0000000-0xa7ffffff]
[    0.206449] pci_bus 0000:00: root bus resource [mem 0xa8000000-0xbfffffff pref]
[    0.206457] pci_bus 0000:00: root bus resource [bus 00-ff]
[    0.206490] pci 0000:00:01.0: [10de:0bf0] type 01 class 0x060000
[    0.206508] pci_bus 0000:00: 2-byte config write to 0000:00:01.0 offset 0x4 may corrupt adjacent RW1C bits
[    0.206519] pci_bus 0000:00: 2-byte config write to 0000:00:01.0 offset 0x4 may corrupt adjacent RW1C bits
[    0.206540] pci_bus 0000:00: 2-byte config write to 0000:00:01.0 offset 0x88 may corrupt adjacent RW1C bits
[    0.206564] pci_bus 0000:00: 2-byte config write to 0000:00:01.0 offset 0x52 may corrupt adjacent RW1C bits
[    0.206588] pci 0000:00:01.0: PME# supported from D0 D1 D2 D3hot D3cold
[    0.206598] pci_bus 0000:00: 2-byte config write to 0000:00:01.0 offset 0x4c may corrupt adjacent RW1C bits
[    0.206793] pci_bus 0000:00: 2-byte config write to 0000:00:01.0 offset 0x3e may corrupt adjacent RW1C bits
[    0.206805] pci_bus 0000:00: 2-byte config write to 0000:00:01.0 offset 0x4 may corrupt adjacent RW1C bits
[    0.206815] pci_bus 0000:00: 1-byte config write to 0000:00:01.0 offset 0xc may corrupt adjacent RW1C bits
[    0.206822] PCI: bus0: Fast back to back transfers disabled
[    0.206831] pci 0000:00:01.0: bridge configuration invalid ([bus 00-00]), reconfiguring
[    0.206840] pci_bus 0000:00: 2-byte config write to 0000:00:01.0 offset 0x3e may corrupt adjacent RW1C bits
[    0.206851] pci_bus 0000:00: 2-byte config write to 0000:00:01.0 offset 0x3e may corrupt adjacent RW1C bits
[    0.206970] pci 0000:01:00.0: [10ec:8168] type 00 class 0x020000
[    0.207004] pci 0000:01:00.0: reg 0x10: [io  0x0000-0x00ff]
[    0.207028] pci 0000:01:00.0: reg 0x18: [mem 0x00000000-0x00000fff 64bit pref]
[    0.207046] pci 0000:01:00.0: reg 0x20: [mem 0x00000000-0x00003fff 64bit pref]
[    0.207059] pci 0000:01:00.0: reg 0x30: [mem 0x00000000-0x0001ffff pref]
[    0.207132] pci 0000:01:00.0: supports D1 D2
[    0.207140] pci 0000:01:00.0: PME# supported from D0 D1 D2 D3hot D3cold
[    0.230303] PCI: bus1: Fast back to back transfers disabled
[    0.230316] pci_bus 0000:01: busn_res: [bus 01-ff] end is updated to 01
[    0.230344] pci 0000:00:01.0: BAR 8: assigned [mem 0xa0000000-0xa00fffff]
[    0.230355] pci 0000:00:01.0: BAR 9: assigned [mem 0xa8000000-0xa80fffff 64bit pref]
[    0.230365] pci 0000:00:01.0: BAR 7: assigned [io  0x1000-0x1fff]
[    0.230377] pci 0000:01:00.0: BAR 6: assigned [mem 0xa0000000-0xa001ffff pref]
[    0.230387] pci 0000:01:00.0: BAR 4: assigned [mem 0xa8000000-0xa8003fff 64bit pref]
[    0.230406] pci 0000:01:00.0: BAR 2: assigned [mem 0xa8004000-0xa8004fff 64bit pref]
[    0.230425] pci 0000:01:00.0: BAR 0: assigned [io  0x1000-0x10ff]
[    0.230436] pci 0000:00:01.0: PCI bridge to [bus 01]
[    0.230443] pci 0000:00:01.0:   bridge window [io  0x1000-0x1fff]
[    0.230452] pci 0000:00:01.0:   bridge window [mem 0xa0000000-0xa00fffff]
[    0.230461] pci 0000:00:01.0:   bridge window [mem 0xa8000000-0xa80fffff 64bit pref]
[    0.230484] pci 0000:00:01.0: nv_msi_ht_cap_quirk didn't locate host bridge
[    0.230537] Disabling cpuidle LP2 state, since PCIe IRQs are in use
[    0.230570] pcieport 0000:00:01.0: enabling device (0140 -> 0143)
[    0.230763] pcieport 0000:00:01.0: Signaling PME with IRQ 295
[    0.236894] tegra-apbdma 6000a000.dma: Tegra20 APB DMA driver register 16 channels
[    0.285503] Serial: 8250/16550 driver, 4 ports, IRQ sharing disabled
[    0.287732] console [ttyS0] disabled
[    0.287769] 70006000.serial: ttyS0 at MMIO 0x70006000 (irq = 279, base_baud = 13500000) is a Tegra
[    1.375714] console [ttyS0] enabled
[    1.379776] SuperH (H)SCI(F) driver initialized
[    1.385063] msm_serial: driver initialized
[    1.389276] STMicroelectronics ASC driver initialized
[    1.398564] tegra-hdmi 54280000.hdmi: 54280000.hdmi supply hdmi not found, using dummy regulator
[    1.409501] [drm] Supports vblank timestamp caching Rev 2 (21.10.2013).
[    1.416118] [drm] No driver support for vblank timestamp query.
[    1.422071] [drm] Cannot find any crtc or sizes - going 1024x768
[    1.444093] Console: switching to colour frame buffer device 128x48
[    1.458766] drm drm: fb0:  frame buffer device
[    1.463273] [drm] Initialized tegra 0.0.0 20120330 for drm on minor 0
[    1.477713] brd: module loaded
[    1.485820] loop: module loaded
[    1.495233] m25p80 spi32766.0: found s25fl008k, expected w25q80bl
[    1.501349] m25p80 spi32766.0: s25fl008k (1024 Kbytes)
[    1.508541] libphy: Fixed MDIO Bus: probed
[    1.513458] CAN device driver interface
[    1.517945] bgmac_bcma: Broadcom 47xx GBit MAC driver loaded
[    1.524543] e1000e: Intel(R) PRO/1000 Network Driver - 3.2.6-k
[    1.530378] e1000e: Copyright(c) 1999 - 2015 Intel Corporation.
[    1.536338] igb: Intel(R) Gigabit Ethernet Network Driver - version 5.4.0-k
[    1.543312] igb: Copyright (c) 2007-2014 Intel Corporation.
[    1.549459] r8169 Gigabit Ethernet driver 2.3LK-NAPI loaded
[    1.555054] r8169 0000:01:00.0: enabling device (0140 -> 0143)
[    1.561778] r8169 0000:01:00.0 eth0: RTL8168d/8111d at 0xf08f9000, 00:01:c0:13:7d:63, XID 081000c0 IRQ 296
[    1.571430] r8169 0000:01:00.0 eth0: jumbo features [frames: 9200 bytes, tx checksumming: ko]
[    1.582201] pegasus: v0.9.3 (2013/04/25), Pegasus/Pegasus II USB Ethernet driver
[    1.589632] usbcore: registered new interface driver pegasus
[    1.595342] usbcore: registered new interface driver asix
[    1.600780] usbcore: registered new interface driver ax88179_178a
[    1.606886] usbcore: registered new interface driver cdc_ether
[    1.612764] usbcore: registered new interface driver smsc75xx
[    1.618536] usbcore: registered new interface driver smsc95xx
[    1.624311] usbcore: registered new interface driver net1080
[    1.629982] usbcore: registered new interface driver cdc_subset
[    1.635931] usbcore: registered new interface driver zaurus
[    1.641562] usbcore: registered new interface driver cdc_ncm
[    1.647491] tegra-phy c5004000.usb-phy: no vbus regulator
[    1.653988] tegra-phy c5008000.usb-phy: no vbus regulator
[    1.660727] ehci_hcd: USB 2.0 'Enhanced' Host Controller (EHCI) Driver
[    1.667239] ehci-pci: EHCI PCI platform driver
[    1.671722] ehci-platform: EHCI generic platform driver
[    1.677086] ehci-orion: EHCI orion driver
[    1.681219] SPEAr-ehci: EHCI SPEAr driver
[    1.685317] ehci-st: EHCI STMicroelectronics driver
[    1.690298] ehci-exynos: EHCI EXYNOS driver
[    1.694583] ehci-atmel: EHCI Atmel driver
[    1.698677] tegra-ehci: Tegra EHCI driver
[    1.761465] ulpi_phy_power_on: ulpi write failed
[    1.766073] tegra-ehci c5004000.usb: Failed to power on the phy
[    1.772008] tegra-ehci: probe of c5004000.usb failed with error -110
[    1.780983] tegra-ehci c5008000.usb: EHCI Host Controller
[    1.786388] tegra-ehci c5008000.usb: new USB bus registered, assigned bus number 1
[    1.794213] tegra-ehci c5008000.usb: irq 290, io mem 0xc5008000
[    1.820278] tegra-ehci c5008000.usb: USB 2.0 started, EHCI 1.00
[    1.826812] hub 1-0:1.0: USB hub found
[    1.830594] hub 1-0:1.0: 1 port detected
[    1.834823] ohci_hcd: USB 1.1 'Open' Host Controller (OHCI) Driver
[    1.841017] ohci-pci: OHCI PCI platform driver
[    1.845497] ohci-platform: OHCI generic platform driver
[    1.850899] SPEAr-ohci: OHCI SPEAr driver
[    1.855001] ohci-st: OHCI STMicroelectronics driver
[    1.859967] ohci-atmel: OHCI Atmel driver
[    1.864576] usbcore: registered new interface driver usb-storage
[    1.873418] rtc-em3027 2-0056: rtc core: registered rtc-em3027 as rtc0
[    1.881040] tegra_rtc 7000e000.rtc: rtc core: registered 7000e000.rtc as rtc1
[    1.888193] tegra_rtc 7000e000.rtc: Tegra internal Real Time Clock
[    1.894782] i2c /dev entries driver
[    1.907698] sdhci: Secure Digital Host Controller Interface driver
[    1.913902] sdhci: Copyright(c) Pierre Ossman
[    1.919390] Synopsys Designware Multimedia Card Interface Driver
[    1.926341] sdhci-pltfm: SDHCI platform and OF driver helper
[    1.940468] mmc0: Invalid maximum block size, assuming 512 bytes
[    2.000280] mmc0: SDHCI controller on c8000000.sdhci [c8000000.sdhci] using ADMA
[    2.007760] sdhci-tegra c8000600.sdhci: Got CD GPIO
[    2.012658] sdhci-tegra c8000600.sdhci: Got WP GPIO
[    2.025687] mmc1: Invalid maximum block size, assuming 512 bytes
[    2.090366] mmc1: SDHCI controller on c8000600.sdhci [c8000600.sdhci] using ADMA
[    2.099122] ledtrig-cpu: registered to indicate activity on CPUs
[    2.105430] usbcore: registered new interface driver usbhid
[    2.111006] usbhid: USB HID core driver
[    2.118107] NET: Registered protocol family 10
[    2.123549] Segment Routing with IPv6
[    2.127246] sit: IPv6, IPv4 and MPLS over IPv4 tunneling driver
[    2.133680] NET: Registered protocol family 17
[    2.138118] can: controller area network core (rev 20170425 abi 9)
[    2.144352] NET: Registered protocol family 29
[    2.148784] can: raw protocol (rev 20170425)
[    2.153059] can: broadcast manager protocol (rev 20170425 t)
[    2.158707] can: netlink gateway (rev 20170425) max_hops=1
[    2.164476] Key type dns_resolver registered
[    2.169103] ThumbEE CPU extension supported.
[    2.173389] Registering SWP/SWPB emulation handler
[    2.186457] utmi_phy_clk_enable: timeout waiting for phy to stabilize
[    2.190296] usb 1-1: new high-speed USB device number 2 using tegra-ehci
[    2.199619] tegra-ehci c5000000.usb: EHCI Host Controller
[    2.205034] tegra-ehci c5000000.usb: new USB bus registered, assigned bus number 2
[    2.212885] tegra-ehci c5000000.usb: irq 288, io mem 0xc5000000
[    2.309274] mmc1: new high speed SD card at address b368
[    2.315053] mmcblk1: mmc1:b368 NCard 1.83 GiB (ro)
[    2.322527] mmcblk1: error -5 sending stop command, original cmd response 0x900, card status 0x900
[    2.331513] mmcblk1: error -5 transferring data, sector 3839992, nr 8, cmd response 0x900, card status 0x80000b00
[    2.370305] tegra-ehci c5000000.usb: USB 2.0 started, EHCI 1.00
[    2.377068] hub 2-0:1.0: USB hub found
[    2.380912] hub 2-0:1.0: 1 port detected
[    2.386098] input: gpio-keys as /devices/soc0/gpio-keys/input/input0
[    2.393210] rtc-em3027 2-0056: hctosys: unable to read the hardware clock
[    2.393215] hub 1-1:1.0: USB hub found
[    2.393356] hub 1-1:1.0: 4 ports detected
[    2.444380] mmcblk1: error -5 sending stop command, original cmd response 0x900, card status 0x900
[    2.453364] mmcblk1: error -5 transferring data, sector 3839992, nr 8, cmd response 0x900, card status 0x80000b00
[    2.463641] mmcblk1: retrying using single block read
[    2.470885]  mmcblk1: p1 p2
[    2.474569] Waiting for root device PARTUUID=11eb23c1-01...
[    2.710317] usb 1-1.2: new high-speed USB device number 3 using tegra-ehci
[    3.258176] mmc0: host does not support reading read-only switch, assuming write-enable
[    3.268320] mmc0: new high speed SDHC card at address b368
[    3.275023] mmcblk0: mmc0:b368 NCard 3.70 GiB 
[    3.282985] mmcblk0: error -5 sending stop command, original cmd response 0x900, card status 0x900
[    3.292046] mmcblk0: error -5 transferring data, sector 7759864, nr 8, cmd response 0x900, card status 0x80000b00
[    3.335377] asix 1-1.2:1.0 eth1: register 'asix' at usb-c5008000.usb-1.2, ASIX AX88772 USB 2.0 Ethernet, 00:60:6e:60:6c:68
[    3.395135] mmcblk0: error -5 sending stop command, original cmd response 0x900, card status 0x900
[    3.404208] mmcblk0: error -5 transferring data, sector 7759864, nr 8, cmd response 0x900, card status 0x80000b00
[    3.414570] mmcblk0: retrying using single block read
[    3.422292]  mmcblk0: p1
[    3.441339] mmcblk0: r/w command failed, status = 0x80000900
[    3.534905] EXT4-fs (mmcblk0p1): mounting ext3 file system using the ext4 subsystem
[    3.773755] EXT4-fs (mmcblk0p1): recovery complete
[    3.849122] EXT4-fs (mmcblk0p1): mounted filesystem with ordered data mode. Opts: (null)
[    3.857335] VFS: Mounted root (ext3 filesystem) on device 179:17.
[    3.873324] devtmpfs: mounted
[    3.881248] Freeing unused kernel memory: 2048K
bash: cannot set terminal process group (-1): Inappropriate ioctl for device
bash: no job control in this shell
root@(none):/#  
root@(none):/# mount -t sysfs none /sys
root@(none):/# 
root@(none):/# mount -t debugfs none /sys/kernel/debug
root@(none):/# 
root@(none):/# rtcwake -d rtc1 -m mem -s 3
rtcwake: assuming RTC uses UTC ...
rtcwake: wakeup from "mem" using /dev/rtc1 at Thu Jan  1 00:00:32 1970
[   14.167211] PM: Syncing filesystems ... done.
[   14.213430] Freezing user space processes ... (elapsed 0.001 seconds) done.
[   14.221783] OOM killer disabled.
[   14.225023] Freezing remaining freezable tasks ... (elapsed 0.001 seconds) done.
[   14.233844] Suspending console(s) (use no_console_suspend to debug)
[   14.277490] pci_generic_config_write32: 43 callbacks suppressed
[   14.277534] pci_bus 0000:00: 2-byte config write to 0000:00:01.0 offset 0x9c may corrupt adjacent RW1C bits
[   14.298035] pci_bus 0000:01: 2-byte config write to 0000:01:00.0 offset 0x44 may corrupt adjacent RW1C bits
[   14.298091] pci_bus 0000:01: 2-byte config write to 0000:01:00.0 offset 0x44 may corrupt adjacent RW1C bits
[   14.320937] Disabling non-boot CPUs ...
[   14.363866] Entering suspend state LP1
[   14.363866] Suspended for 2.792 seconds
[   14.363913] Enabling non-boot CPUs ...
[   14.365387] CPU1 is up
[   14.366224] pci_bus 0000:00: 2-byte config write to 0000:00:01.0 offset 0x4c may corrupt adjacent RW1C bits
[   14.366270] pci_bus 0000:00: 2-byte config write to 0000:00:01.0 offset 0x88 may corrupt adjacent RW1C bits
[   14.366300] pci_bus 0000:00: 2-byte config write to 0000:00:01.0 offset 0x90 may corrupt adjacent RW1C bits
[   14.366328] pci_bus 0000:00: 2-byte config write to 0000:00:01.0 offset 0x98 may corrupt adjacent RW1C bits
[   14.366355] pci_bus 0000:00: 2-byte config write to 0000:00:01.0 offset 0x9c may corrupt adjacent RW1C bits
[   14.366434] pci_bus 0000:00: 2-byte config write to 0000:00:01.0 offset 0x52 may corrupt adjacent RW1C bits
[   14.366465] pci_bus 0000:00: 2-byte config write to 0000:00:01.0 offset 0x52 may corrupt adjacent RW1C bits
[   14.366543] pcieport 0000:00:01.0: nv_msi_ht_cap_quirk didn't locate host bridge
[   15.070623] OOM killer enabled.
[   15.073752] Restarting tasks ... done.
root@(none):/# 
root@(none):/# rtcwake -d rtc1 -m mem -s 3
rtcwake: assuming RTC uses UTC ...
rtcwake: wakeup from "mem" using /dev/rtc1 at Thu Jan  1 00:00:37 1970
[   15.895207] PM: Syncing filesystems ... done.
[   15.940356] Freezing user space processes ... (elapsed 0.001 seconds) done.
[   15.948682] OOM killer disabled.
[   15.952016] Freezing remaining freezable tasks ... (elapsed 0.001 seconds) done.
[   15.960913] Suspending console(s) (use no_console_suspend to debug)
[   16.060792] Disabling non-boot CPUs ...
[   16.113092] Entering suspend state LP1
[   16.113092] Suspended for 3.250 seconds
[   16.113138] Enabling non-boot CPUs ...
[   16.114822] CPU1 is up
[   16.117308] pcieport 0000:00:01.0: nv_msi_ht_cap_quirk didn't locate host bridge
[   16.717616] OOM killer enabled.
[   16.720755] Restarting tasks ... done.
root@(none):/# 
root@(none):/# rtcwake -d rtc1 -m mem -s 3
rtcwake: assuming RTC uses UTC ...
rtcwake: wakeup from "mem" using /dev/rtc1 at Thu Jan  1 00:00:42 1970
[   17.635026] PM: Syncing filesystems ... done.
[   17.680316] Freezing user space processes ... (elapsed 0.001 seconds) done.
[   17.688644] OOM killer disabled.
[   17.691975] Freezing remaining freezable tasks ... (elapsed 0.001 seconds) done.
[   17.700878] Suspending console(s) (use no_console_suspend to debug)
[   17.790744] Disabling non-boot CPUs ...
[   17.832924] Entering suspend state LP1
[   17.832924] Suspended for 3.280 seconds
[   17.832970] Enabling non-boot CPUs ...
[   17.834510] CPU1 is up
[   17.836965] pcieport 0000:00:01.0: nv_msi_ht_cap_quirk didn't locate host bridge
[   18.437356] OOM killer enabled.
[   18.440494] Restarting tasks ... done.
root@(none):/# 
root@(none):/# rtcwake -d rtc1 -m mem -s 3
rtcwake: assuming RTC uses UTC ...
rtcwake: wakeup from "mem" using /dev/rtc1 at Thu Jan  1 00:00:47 1970
[   19.355087] PM: Syncing filesystems ... done.
[   19.400364] Freezing user space processes ... (elapsed 0.001 seconds) done.
[   19.408693] OOM killer disabled.
[   19.412052] Freezing remaining freezable tasks ... (elapsed 0.001 seconds) done.
[   19.420779] Suspending console(s) (use no_console_suspend to debug)
[   19.455031] pci_generic_config_write32: 71 callbacks suppressed
[   19.455075] pci_bus 0000:00: 2-byte config write to 0000:00:01.0 offset 0x9c may corrupt adjacent RW1C bits
[   19.476619] pci_bus 0000:01: 2-byte config write to 0000:01:00.0 offset 0x44 may corrupt adjacent RW1C bits
[   19.476673] pci_bus 0000:01: 2-byte config write to 0000:01:00.0 offset 0x44 may corrupt adjacent RW1C bits
[   19.500736] Disabling non-boot CPUs ...
[   19.552899] Entering suspend state LP1
[   19.552899] Suspended for 3.279 seconds
[   19.552947] Enabling non-boot CPUs ...
[   19.554484] CPU1 is up
[   19.555213] pci_bus 0000:00: 2-byte config write to 0000:00:01.0 offset 0x4c may corrupt adjacent RW1C bits
[   19.555260] pci_bus 0000:00: 2-byte config write to 0000:00:01.0 offset 0x88 may corrupt adjacent RW1C bits
[   19.555289] pci_bus 0000:00: 2-byte config write to 0000:00:01.0 offset 0x90 may corrupt adjacent RW1C bits
[   19.555316] pci_bus 0000:00: 2-byte config write to 0000:00:01.0 offset 0x98 may corrupt adjacent RW1C bits
[   19.555342] pci_bus 0000:00: 2-byte config write to 0000:00:01.0 offset 0x9c may corrupt adjacent RW1C bits
[   19.555422] pci_bus 0000:00: 2-byte config write to 0000:00:01.0 offset 0x52 may corrupt adjacent RW1C bits
[   19.555453] pci_bus 0000:00: 2-byte config write to 0000:00:01.0 offset 0x52 may corrupt adjacent RW1C bits
[   19.555531] pcieport 0000:00:01.0: nv_msi_ht_cap_quirk didn't locate host bridge
[   20.260585] OOM killer enabled.
[   20.263714] Restarting tasks ... done.
root@(none):/# 
root@(none):/# rtcwake -d rtc1 -m mem -s 3
rtcwake: assuming RTC uses UTC ...
rtcwake: wakeup from "mem" using /dev/rtc1 at Thu Jan  1 00:00:52 1970
[   21.085041] PM: Syncing filesystems ... done.
[   21.130325] Freezing user space processes ... (elapsed 0.001 seconds) done.
[   21.138657] OOM killer disabled.
[   21.141992] Freezing remaining freezable tasks ... (elapsed 0.001 seconds) done.
[   21.150865] Suspending console(s) (use no_console_suspend to debug)
[   21.240596] Disabling non-boot CPUs ...
[   21.282712] Entering suspend state LP1
[   21.282712] Suspended for 3.270 seconds
[   21.282759] Enabling non-boot CPUs ...
[   21.284316] CPU1 is up
[   21.285092] pcieport 0000:00:01.0: nv_msi_ht_cap_quirk didn't locate host bridge
[   21.897107] OOM killer enabled.
[   21.900244] Restarting tasks ... done.
root@(none):/# 
root@(none):/# rtcwake -d rtc1 -m mem -s 3
rtcwake: assuming RTC uses UTC ...
rtcwake: wakeup from "mem" using /dev/rtc1 at Thu Jan  1 00:00:57 1970
[   22.804995] PM: Syncing filesystems ... done.
[   22.850278] Freezing user space processes ... (elapsed 0.001 seconds) done.
[   22.858603] OOM killer disabled.
[   22.861959] Freezing remaining freezable tasks ... (elapsed 0.001 seconds) done.
[   22.870837] Suspending console(s) (use no_console_suspend to debug)
[   22.960544] Disabling non-boot CPUs ...
[   23.012534] Entering suspend state LP1
[   23.012534] Suspended for 3.270 seconds
[   23.012581] Enabling non-boot CPUs ...
[   23.014119] CPU1 is up
[   23.015122] pcieport 0000:00:01.0: nv_msi_ht_cap_quirk didn't locate host bridge
[   23.627178] OOM killer enabled.
[   23.630318] Restarting tasks ... done.
root@(none):/# 
root@(none):/# rtcwake -d rtc1 -m mem -s 3
rtcwake: assuming RTC uses UTC ...
rtcwake: wakeup from "mem" using /dev/rtc1 at Thu Jan  1 00:01:02 1970
[   24.544695] PM: Syncing filesystems ... done.
[   24.589975] Freezing user space processes ... (elapsed 0.001 seconds) done.
[   24.598299] OOM killer disabled.
[   24.601634] Freezing remaining freezable tasks ... (elapsed 0.001 seconds) done.
[   24.610498] Suspending console(s) (use no_console_suspend to debug)
[   24.656048] pci_generic_config_write32: 71 callbacks suppressed
[   24.656093] pci_bus 0000:00: 2-byte config write to 0000:00:01.0 offset 0x9c may corrupt adjacent RW1C bits
[   24.676450] pci_bus 0000:01: 2-byte config write to 0000:01:00.0 offset 0x44 may corrupt adjacent RW1C bits
[   24.676509] pci_bus 0000:01: 2-byte config write to 0000:01:00.0 offset 0x44 may corrupt adjacent RW1C bits
[   24.700411] Disabling non-boot CPUs ...
[   24.752534] Entering suspend state LP1
[   24.752534] Suspended for 3.259 seconds
[   24.752580] Enabling non-boot CPUs ...
[   24.754128] CPU1 is up
[   24.756463] pci_bus 0000:00: 2-byte config write to 0000:00:01.0 offset 0x4c may corrupt adjacent RW1C bits
[   24.756510] pci_bus 0000:00: 2-byte config write to 0000:00:01.0 offset 0x88 may corrupt adjacent RW1C bits
[   24.756538] pci_bus 0000:00: 2-byte config write to 0000:00:01.0 offset 0x90 may corrupt adjacent RW1C bits
[   24.756566] pci_bus 0000:00: 2-byte config write to 0000:00:01.0 offset 0x98 may corrupt adjacent RW1C bits
[   24.756593] pci_bus 0000:00: 2-byte config write to 0000:00:01.0 offset 0x9c may corrupt adjacent RW1C bits
[   24.756672] pci_bus 0000:00: 2-byte config write to 0000:00:01.0 offset 0x52 may corrupt adjacent RW1C bits
[   24.756703] pci_bus 0000:00: 2-byte config write to 0000:00:01.0 offset 0x52 may corrupt adjacent RW1C bits
[   24.756780] pcieport 0000:00:01.0: nv_msi_ht_cap_quirk didn't locate host bridge
[   25.450193] OOM killer enabled.
[   25.453321] Restarting tasks ... done.
root@(none):/# 
root@(none):/# rtcwake -d rtc1 -m mem -s 3
rtcwake: assuming RTC uses UTC ...
rtcwake: wakeup from "mem" using /dev/rtc1 at Thu Jan  1 00:01:07 1970
[   26.284853] PM: Syncing filesystems ... done.
[   26.330107] Freezing user space processes ... (elapsed 0.001 seconds) done.
[   26.338436] OOM killer disabled.
[   26.341770] Freezing remaining freezable tasks ... (elapsed 0.001 seconds) done.
[   26.350640] Suspending console(s) (use no_console_suspend to debug)
[   26.440340] Disabling non-boot CPUs ...
[   26.492452] Entering suspend state LP1
[   26.492452] Suspended for 3.259 seconds
[   26.492498] Enabling non-boot CPUs ...
[   26.494030] CPU1 is up
[   26.495400] pcieport 0000:00:01.0: nv_msi_ht_cap_quirk didn't locate host bridge
[   27.097470] OOM killer enabled.
[   27.100609] Restarting tasks ... done.
root@(none):/# 
root@(none):/# rtcwake -d rtc1 -m mem -s 3
rtcwake: assuming RTC uses UTC ...
rtcwake: wakeup from "mem" using /dev/rtc1 at Thu Jan  1 00:01:12 1970
[   28.024801] PM: Syncing filesystems ... done.
[   28.070092] Freezing user space processes ... (elapsed 0.001 seconds) done.
[   28.078424] OOM killer disabled.
[   28.081758] Freezing remaining freezable tasks ... (elapsed 0.001 seconds) done.
[   28.090627] Suspending console(s) (use no_console_suspend to debug)
[   28.180245] Disabling non-boot CPUs ...
[   28.222379] Entering suspend state LP1
[   28.222379] Suspended for 3.269 seconds
[   28.222425] Enabling non-boot CPUs ...
[   28.223962] CPU1 is up
[   28.226419] pcieport 0000:00:01.0: nv_msi_ht_cap_quirk didn't locate host bridge
[   28.836628] OOM killer enabled.
[   28.839766] Restarting tasks ... done.
root@(none):/# 
root@(none):/# rtcwake -d rtc1 -m mem -s 3
rtcwake: assuming RTC uses UTC ...
rtcwake: wakeup from "mem" using /dev/rtc1 at Thu Jan  1 00:01:17 1970
[   29.754525] PM: Syncing filesystems ... done.
[   29.799838] Freezing user space processes ... (elapsed 0.001 seconds) done.
[   29.808166] OOM killer disabled.
[   29.811498] Freezing remaining freezable tasks ... (elapsed 0.001 seconds) done.
[   29.820368] Suspending console(s) (use no_console_suspend to debug)
[   29.864586] pci_generic_config_write32: 71 callbacks suppressed
[   29.864631] pci_bus 0000:00: 2-byte config write to 0000:00:01.0 offset 0x9c may corrupt adjacent RW1C bits
[   29.885874] pci_bus 0000:01: 2-byte config write to 0000:01:00.0 offset 0x44 may corrupt adjacent RW1C bits
[   29.885933] pci_bus 0000:01: 2-byte config write to 0000:01:00.0 offset 0x44 may corrupt adjacent RW1C bits
[   29.910188] Disabling non-boot CPUs ...
[   29.962173] Entering suspend state LP1
[   29.962173] Suspended for 3.260 seconds
[   29.962220] Enabling non-boot CPUs ...
[   29.963753] CPU1 is up
[   29.964840] pci_bus 0000:00: 2-byte config write to 0000:00:01.0 offset 0x4c may corrupt adjacent RW1C bits
[   29.964887] pci_bus 0000:00: 2-byte config write to 0000:00:01.0 offset 0x88 may corrupt adjacent RW1C bits
[   29.964918] pci_bus 0000:00: 2-byte config write to 0000:00:01.0 offset 0x90 may corrupt adjacent RW1C bits
[   29.964945] pci_bus 0000:00: 2-byte config write to 0000:00:01.0 offset 0x98 may corrupt adjacent RW1C bits
[   29.964973] pci_bus 0000:00: 2-byte config write to 0000:00:01.0 offset 0x9c may corrupt adjacent RW1C bits
[   29.965052] pci_bus 0000:00: 2-byte config write to 0000:00:01.0 offset 0x52 may corrupt adjacent RW1C bits
[   29.965084] pci_bus 0000:00: 2-byte config write to 0000:00:01.0 offset 0x52 may corrupt adjacent RW1C bits
[   29.965162] pcieport 0000:00:01.0: nv_msi_ht_cap_quirk didn't locate host bridge
[   30.670199] OOM killer enabled.
[   30.673327] Restarting tasks ... done.
root@(none):/# 
root@(none):/# NVTB SYSTEM SUSPEND TEST COMPLETE
