
U-Boot SPL 2014.01-00219-gc4d376f (Feb 18 2014 - 19:57:32)


U-Boot 2014.01-00219-gc4d376f (Feb 18 2014 - 19:57:32)

TEGRA114
Board: NVIDIA Dalmore
I2C:   ready
DRAM:  2 GiB
MMC:   Tegra SD/MMC: 0, Tegra SD/MMC: 1
In:    serial
Out:   serial
Err:   serial
Net:   Net Initialization Skipped
No ethernet found.
Hit any key to stop autoboot:  2  0 
Tegra114 (Dalmore) # 
Tegra114 (Dalmore) # usb reset
(Re)start USB...
USB0:   USB EHCI 1.10
scanning bus 0 for devices... 2 USB Device(s) found
       scanning usb for storage devices... 0 Storage Device(s) found
       scanning usb for ethernet devices... 
Warning: asx0 using MAC address from net device
1 Ethernet Device(s) found
Tegra114 (Dalmore) # setenv bootargs 'ignore_loglevel console=ttyS0,115200n8 rw root=/dev/mmcblk0p1 rootwait gpt debug init=/bin/bash'
Tegra114 (Dalmore) # setenv ipaddr 192.168.100.100; setenv serverip 192.168.100.1; setenv tftpserverip 192.168.100.1
Tegra114 (Dalmore) # tftpboot 0x81000000 zImage.multi_v7_defconfig
Using asx0 device
TFTP from server 192.168.100.1; our IP address is 192.168.100.100
Filename 'zImage.multi_v7_defconfig'.
Load address: 0x81000000
Loading: *#################################################################
	 #################################################################
	 #################################################################
	 #################################################################
	 #################################################################
	 ##########################
	 3.3 MiB/s
done
Bytes transferred = 5150320 (4e9670 hex)
Tegra114 (Dalmore) # tftpboot 0x82000000 tegra114-dalmore.dtb
Using asx0 device
TFTP from server 192.168.100.1; our IP address is 192.168.100.100
Filename 'tegra114-dalmore.dtb'.
Load address: 0x82000000
Loading: *###
	 2.8 MiB/s
done
Bytes transferred = 34674 (8772 hex)
Tegra114 (Dalmore) # bootz 0x81000000 - 0x82000000
Kernel image @ 0x81000000 [ 0x000000 - 0x4e9670 ]
## Flattened Device Tree blob at 82000000
   Booting using the fdt blob at 0x82000000
   Loading Device Tree to 8fff4000, end 8ffff771 ... OK

Starting kernel ...

[    0.000000] Booting Linux on physical CPU 0x0
[    0.000000] Linux version 3.17.0-rc4-92088-g2ce7598 (pwalmsley@kaivo) (gcc version 4.7.3 20130328 (prerelease) (crosstool-NG linaro-1.13.1-4.7-2013.04-20130415 - Linaro GCC 2013.04) ) #1 SMP Wed Oct 1 10:18:04 PDT 2014
[    0.000000] CPU: ARMv7 Processor [412fc0f2] revision 2 (ARMv7), cr=10c5387d
[    0.000000] CPU: PIPT / VIPT nonaliasing data cache, PIPT instruction cache
[    0.000000] Machine model: NVIDIA Tegra114 Dalmore evaluation board
[    0.000000] debug: ignoring loglevel setting.
[    0.000000] cma: Reserved 64 MiB at ab800000
[    0.000000] Memory policy: Data cache writealloc
[    0.000000] On node 0 totalpages: 524032
[    0.000000] free_area_init_node: node 0, pgdat c0cbed80, node_mem_map ea7d8000
[    0.000000]   DMA zone: 1520 pages used for memmap
[    0.000000]   DMA zone: 0 pages reserved
[    0.000000]   DMA zone: 194560 pages, LIFO batch:31
[    0.000000]   HighMem zone: 2574 pages used for memmap
[    0.000000]   HighMem zone: 329472 pages, LIFO batch:31
[    0.000000] PERCPU: Embedded 8 pages/cpu @ea793000 s8448 r8192 d16128 u32768
[    0.000000] pcpu-alloc: s8448 r8192 d16128 u32768 alloc=8*4096
[    0.000000] pcpu-alloc: [0] 0 [0] 1 [0] 2 [0] 3 
[    0.000000] Built 1 zonelists in Zone order, mobility grouping on.  Total pages: 522512
[    0.000000] Kernel command line: ignore_loglevel console=ttyS0,115200n8 rw root=/dev/mmcblk0p1 rootwait gpt debug init=/bin/bash
[    0.000000] PID hash table entries: 4096 (order: 2, 16384 bytes)
[    0.000000] Dentry cache hash table entries: 131072 (order: 7, 524288 bytes)
[    0.000000] Inode-cache hash table entries: 65536 (order: 6, 262144 bytes)
[    0.000000] Memory: 2001656K/2096128K available (6664K kernel code, 922K rwdata, 2684K rodata, 696K init, 305K bss, 94472K reserved, 1317888K highmem)
[    0.000000] Virtual kernel memory layout:
[    0.000000]     vector  : 0xffff0000 - 0xffff1000   (   4 kB)
[    0.000000]     fixmap  : 0xffc00000 - 0xffe00000   (2048 kB)
[    0.000000]     vmalloc : 0xf0000000 - 0xff000000   ( 240 MB)
[    0.000000]     lowmem  : 0xc0000000 - 0xef800000   ( 760 MB)
[    0.000000]     pkmap   : 0xbfe00000 - 0xc0000000   (   2 MB)
[    0.000000]     modules : 0xbf000000 - 0xbfe00000   (  14 MB)
[    0.000000]       .text : 0xc0208000 - 0xc0b292ac   (9349 kB)
[    0.000000]       .init : 0xc0b2a000 - 0xc0bd8100   ( 697 kB)
[    0.000000]       .data : 0xc0bda000 - 0xc0cc0b80   ( 923 kB)
[    0.000000]        .bss : 0xc0cc0b80 - 0xc0d0d098   ( 306 kB)
[    0.000000] SLUB: HWalign=64, Order=0-3, MinObjects=0, CPUs=4, Nodes=1
[    0.000000] Hierarchical RCU implementation.
[    0.000000] 	RCU restricting CPUs from NR_CPUS=8 to nr_cpu_ids=4.
[    0.000000] RCU: Adjusting geometry for rcu_fanout_leaf=16, nr_cpu_ids=4
[    0.000000] NR_IRQS:16 nr_irqs:16 16
[    0.000000] L2C: failed to init: -19
[    0.000009] sched_clock: 32 bits at 1000kHz, resolution 1000ns, wraps every 2147483648000ns
[    0.000029] Switching to timer-based delay loop, resolution 1000ns
[    0.002349] Architected cp15 timer(s) running at 12.00MHz (virt).
[    0.002372] sched_clock: 56 bits at 12MHz, resolution 83ns, wraps every 2863311536128ns
[    0.002386] Switching to timer-based delay loop, resolution 83ns
[    0.002706] Console: colour dummy device 80x30
[    0.002728] Calibrating delay loop (skipped), value calculated using timer frequency.. 24.00 BogoMIPS (lpj=60000)
[    0.002744] pid_max: default: 32768 minimum: 301
[    0.002867] Mount-cache hash table entries: 2048 (order: 1, 8192 bytes)
[    0.002880] Mountpoint-cache hash table entries: 2048 (order: 1, 8192 bytes)
[    0.003419] CPU: Testing write buffer coherency: ok
[    0.003619] /cpus/cpu@0 missing clock-frequency property
[    0.003643] /cpus/cpu@1 missing clock-frequency property
[    0.003666] /cpus/cpu@2 missing clock-frequency property
[    0.003690] /cpus/cpu@3 missing clock-frequency property
[    0.003703] CPU0: thread -1, cpu 0, socket 0, mpidr 80000000
[    0.003752] Setting up static identity map for 0x8084bf18 - 0x8084bfb0
[    0.005495] Tegra Revision: A01 SKU: 0 CPU Process: 1 Core Process: 0
[    0.006528] CPU1: Booted secondary processor
[    0.006554] CPU1: thread -1, cpu 1, socket 0, mpidr 80000001
[    0.007050] CPU2: Booted secondary processor
[    0.007075] CPU2: thread -1, cpu 2, socket 0, mpidr 80000002
[    0.007600] CPU3: Booted secondary processor
[    0.007624] CPU3: thread -1, cpu 3, socket 0, mpidr 80000003
[    0.007695] Brought up 4 CPUs
[    0.007721] SMP: Total of 4 processors activated.
[    0.007730] CPU: All CPU(s) started in SVC mode.
[    0.008277] devtmpfs: initialized
[    0.013683] VFP support v0.3: implementor 41 architecture 4 part 30 variant f rev 0
[    0.015422] pinctrl core: initialized pinctrl subsystem
[    0.015872] regulator-dummy: no parameters
[    0.026411] NET: Registered protocol family 16
[    0.028517] DMA: preallocated 256 KiB pool for atomic coherent allocations
[    0.030130] cpuidle: using governor ladder
[    0.030149] cpuidle: using governor menu
[    0.042575] No ATAGs?
[    0.042609] hw-breakpoint: found 5 (+1 reserved) breakpoint and 4 watchpoint registers.
[    0.042620] hw-breakpoint: maximum watchpoint size is 8 bytes.
[    0.042782] EXYNOS: PMU not supported
[    0.045212] Serial: AMBA PL011 UART driver
[    0.070447] edma-dma-engine edma-dma-engine.0: Can't allocate PaRAM dummy slot
[    0.070471] edma-dma-engine: probe of edma-dma-engine.0 failed with error -22
[    0.071053] vdd_ac_bat: 5000 mV 
[    0.071282] dvdd_ts: Failed to request enable GPIO61: -517
[    0.071383] reg-fixed-voltage regulators:regulator@1: Failed to register regulator: -517
[    0.071405] platform regulators:regulator@1: Driver reg-fixed-voltage requests probe deferral
[    0.071576] usb1_vbus: Failed to request enable GPIO108: -517
[    0.071671] reg-fixed-voltage regulators:regulator@3: Failed to register regulator: -517
[    0.071693] platform regulators:regulator@3: Driver reg-fixed-voltage requests probe deferral
[    0.071862] usb2_vbus: Failed to request enable GPIO86: -517
[    0.071955] reg-fixed-voltage regulators:regulator@4: Failed to register regulator: -517
[    0.071976] platform regulators:regulator@4: Driver reg-fixed-voltage requests probe deferral
[    0.072137] vdd_hdmi_5v0: 5000 mV 
[    0.072180] reg-fixed-voltage regulators:regulator@5: Failed to find supply vin
[    0.072281] reg-fixed-voltage regulators:regulator@5: Failed to register regulator: -517
[    0.072319] platform regulators:regulator@5: Driver reg-fixed-voltage requests probe deferral
[    0.072393] platform regulators:regulator@6: Driver reg-fixed-voltage requests probe deferral
[    0.072561] VDD_5V0_HDMI_CON: Failed to request enable GPIO81: -517
[    0.072653] reg-fixed-voltage regulators:regulator@7: Failed to register regulator: -517
[    0.072674] platform regulators:regulator@7: Driver reg-fixed-voltage requests probe deferral
[    0.074853] vgaarb: loaded
[    0.075516] SCSI subsystem initialized
[    0.075693] libata version 3.00 loaded.
[    0.076021] usbcore: registered new interface driver usbfs
[    0.076095] usbcore: registered new interface driver hub
[    0.076197] usbcore: registered new device driver usb
[    0.079431] vdd-cpu: 500 <--> 1520 mV at 1100 mV 
[    0.079826] tps65090 2-0048: No cache defaults, reading back from HW
[    0.081883] vdd-sys-5v0: at 5000 mV 
[    0.081939] vdd-sys-5v0: supplied by vdd_ac_bat
[    0.082997] vdd-sys-3v3: at 3300 mV 
[    0.083047] vdd-sys-3v3: supplied by vdd_ac_bat
[    0.084075] vdd-ao: no parameters
[    0.084120] vdd-ao: supplied by vdd_ac_bat
[    0.084475] vdd-lcd-bl: no parameters
[    0.084520] vdd-lcd-bl: supplied by vdd_ac_bat
[    0.084855] TPS65090_RAILSFET2: no parameters
[    0.084897] TPS65090_RAILSFET2: supplied by vdd_ac_bat
[    0.085239] vdd-modem-3v3: no parameters
[    0.085283] vdd-modem-3v3: supplied by vdd-sys-3v3
[    0.085788] avdd-lcd: no parameters
[    0.085827] avdd-lcd: supplied by vdd-sys-3v3
[    0.086317] vdd-lvds: no parameters
[    0.086356] vdd-lvds: supplied by vdd-sys-3v3
[    0.087170] vdd-sd-slot: no parameters
[    0.087212] vdd-sd-slot: supplied by vdd-sys-3v3
[    0.087731] vdd-com-3v3: no parameters
[    0.087772] vdd-com-3v3: supplied by vdd-sys-3v3
[    0.088263] vdd-sby-5v0: at 5000 mV 
[    0.088306] vdd-sby-5v0: supplied by vdd_ac_bat
[    0.088485] vdd-sby-3v3: at 3300 mV 
[    0.088529] vdd-sby-3v3: supplied by vdd_ac_bat
[    0.088938] genirq: Setting trigger mode 8 for irq 118 failed (gic_set_type+0x0/0x98)
[    0.089261] palmas 2-0058: Irq flag is 0x00000000
[    0.092458] palmas 2-0058: Muxing GPIO ff, PWM 0, LED 0
[    0.094915] vddio-ddr: 1350 mV 
[    0.095135] vddio-ddr: supplied by vdd-ao
[    0.096537] vddio-1v8: 1800 mV 
[    0.096761] vddio-1v8: supplied by vdd-ao
[    0.098318] vdd-core: 900 <--> 1400 mV at 1100 mV 
[    0.098536] vdd-core: supplied by vdd-sys-3v3
[    0.099645] SMPS6: no parameters
[    0.101065] avdd-pll: 1050 mV 
[    0.101281] avdd-pll: supplied by vdd-sys-3v3
[    0.103070] sdhci-vdd-sd-slot: ramp_delay not set
[    0.103245] sdhci-vdd-sd-slot: 2800 mV 
[    0.103459] sdhci-vdd-sd-slot: supplied by vdd-sys-3v3
[    0.104108] SMPS10_OUT2: at 5000 mV 
[    0.104624] SMPS10_OUT1: at 5000 mV 
[    0.105133] avdd-cam1: 2800 mV 
[    0.105343] avdd-cam1: supplied by vdd-sys-3v3
[    0.106256] avdd-cam2: 2800 mV 
[    0.106467] avdd-cam2: supplied by vdd-sys-3v3
[    0.107414] avdd-dsi-csi: 1200 mV 
[    0.107634] avdd-dsi-csi: supplied by vddio-1v8
[    0.108566] vpp-fuse: 1800 mV 
[    0.108778] vpp-fuse: supplied by vdd-sys-3v3
[    0.109681] LDO5: no parameters
[    0.109897] LDO5: supplied by vdd_ac_bat
[    0.110814] vdd-sensor-2v85: 2850 mV 
[    0.111027] vdd-sensor-2v85: supplied by vdd-sys-3v3
[    0.111959] vdd-af-cam1: 2800 mV 
[    0.112169] vdd-af-cam1: supplied by vdd-sys-3v3
[    0.117432] vdd-rtc: 900 mV 
[    0.117649] vdd-rtc: supplied by vdd-ao
[    0.122602] vddio-sdmmc-2: 1800 <--> 3300 mV at 3300 mV 
[    0.122816] vddio-sdmmc-2: supplied by sdhci-vdd-sd-slot
[    0.123742] hvdd-usb: 3300 mV 
[    0.123959] hvdd-usb: supplied by vdd-sys-5v0
[    0.127442] avdd-usb: 3300 mV 
[    0.127655] avdd-usb: supplied by vdd-sys-5v0
[    0.128587] rail-3v3: no parameters
[    0.129188] rail-5v0: no parameters
[    0.129619] REGEN3: no parameters
[    0.129772] SYSEN1: no parameters
[    0.129928] SYSEN2: no parameters
[    0.130749] Linux video capture interface: v2.00
[    0.130810] pps_core: LinuxPPS API ver. 1 registered
[    0.130819] pps_core: Software ver. 5.3.6 - Copyright 2005-2007 Rodolfo Giometti <giometti@linux.it>
[    0.130852] PTP clock support registered
[    0.131097] EDAC MC: Ver: 3.0.0
[    0.131829] platform 70019010.iommu: Driver tegra-smmu requests probe deferral
[    0.132066] Advanced Linux Sound Architecture Driver Initialized.
[    0.133164] Switched to clocksource arch_sys_counter
[    0.143970] NET: Registered protocol family 2
[    0.144581] TCP established hash table entries: 8192 (order: 3, 32768 bytes)
[    0.144672] TCP bind hash table entries: 8192 (order: 4, 65536 bytes)
[    0.144859] TCP: Hash tables configured (established 8192 bind 8192)
[    0.144906] TCP: reno registered
[    0.144921] UDP hash table entries: 512 (order: 2, 16384 bytes)
[    0.144963] UDP-Lite hash table entries: 512 (order: 2, 16384 bytes)
[    0.145149] NET: Registered protocol family 1
[    0.145405] RPC: Registered named UNIX socket transport module.
[    0.145415] RPC: Registered udp transport module.
[    0.145423] RPC: Registered tcp transport module.
[    0.145431] RPC: Registered tcp NFSv4.1 backchannel transport module.
[    0.145450] PCI: CLS 0 bytes, default 64
[    0.147748] futex hash table entries: 1024 (order: 4, 65536 bytes)
[    0.160664] squashfs: version 4.0 (2009/01/31) Phillip Lougher
[    0.161500] NFS: Registering the id_resolver key type
[    0.161533] Key type id_resolver registered
[    0.161542] Key type id_legacy registered
[    0.161600] msgmni has been set to 1463
[    0.162047] bounce: pool size: 64 pages
[    0.162271] Block layer SCSI generic (bsg) driver version 0.4 loaded (major 249)
[    0.162291] io scheduler noop registered
[    0.162309] io scheduler deadline registered
[    0.162516] io scheduler cfq registered (default)
[    0.181838] tegra-apbdma 6000a000.dma: Tegra20 APB DMA driver register 32 channels
[    0.249044] Serial: 8250/16550 driver, 4 ports, IRQ sharing disabled
[    0.250972] Serial: IMX driver
[    0.251324] msm_serial: driver initialized
[    0.252213] console [ttyS0] disabled
[    0.252251] 70006300.serial: ttyS0 at MMIO 0x70006300 (irq = 122, base_baud = 25500000) is a Tegra
[    1.378553] console [ttyS0] enabled
[    1.382802] STMicroelectronics ASC driver initialized
[    1.388731] serial: Freescale lpuart driver
[    1.393138] [drm] Initialized drm 1.1.0 20060810
[    1.400166] platform 54300000.dsi: Driver tegra-dsi requests probe deferral
[    1.407532] tegra-hdmi 54280000.hdmi: failed to get HDMI regulator
[    1.413739] platform 54280000.hdmi: Driver tegra-hdmi requests probe deferral
[    1.427174] loop: module loaded
[    1.435742] CAN device driver interface
[    1.440402] igb: Intel(R) Gigabit Ethernet Network Driver - version 5.2.13-k
[    1.447454] igb: Copyright (c) 2007-2014 Intel Corporation.
[    1.454448] pegasus: v0.9.3 (2013/04/25), Pegasus/Pegasus II USB Ethernet driver
[    1.461899] usbcore: registered new interface driver pegasus
[    1.467633] usbcore: registered new interface driver asix
[    1.473088] usbcore: registered new interface driver ax88179_178a
[    1.479236] usbcore: registered new interface driver cdc_ether
[    1.485144] usbcore: registered new interface driver smsc75xx
[    1.490972] usbcore: registered new interface driver smsc95xx
[    1.496771] usbcore: registered new interface driver net1080
[    1.502485] usbcore: registered new interface driver cdc_subset
[    1.508463] usbcore: registered new interface driver zaurus
[    1.514129] usbcore: registered new interface driver cdc_ncm
[    1.519819] ehci_hcd: USB 2.0 'Enhanced' Host Controller (EHCI) Driver
[    1.526352] ehci-pci: EHCI PCI platform driver
[    1.530854] ehci-platform: EHCI generic platform driver
[    1.536260] ehci-omap: OMAP-EHCI Host Controller driver
[    1.541623] ehci-orion: EHCI orion driver
[    1.545772] SPEAr-ehci: EHCI SPEAr driver
[    1.549926] tegra-ehci: Tegra EHCI driver
[    1.554160] platform 7d008000.usb: Driver tegra-ehci requests probe deferral
[    1.561292] ohci_hcd: USB 1.1 'Open' Host Controller (OHCI) Driver
[    1.567502] ohci-pci: OHCI PCI platform driver
[    1.572010] ohci-platform: OHCI generic platform driver
[    1.577376] ohci-omap3: OHCI OMAP3 driver
[    1.581527] SPEAr-ohci: OHCI SPEAr driver
[    1.586363] usbcore: registered new interface driver usb-storage
[    1.592933] platform 7d008000.usb-phy: Driver tegra-phy requests probe deferral
[    1.601683] mousedev: PS/2 mouse device common for all mice
[    1.611763] palmas-rtc 7000d000.i2c:tps65913@58:rtc: rtc core: registered 7000d000.i2c:tps659 as rtc0
[    1.622620] tegra_rtc 7000e000.rtc: rtc core: registered 7000e000.rtc as rtc1
[    1.629780] tegra_rtc 7000e000.rtc: Tegra internal Real Time Clock
[    1.636508] i2c /dev entries driver
[    1.641729] usbcore: registered new interface driver uvcvideo
[    1.647484] USB Video Class driver (1.1.1)
[    1.651595] gspca_main: v2.14.0 registered
[    1.656392] sbs-battery 0-000b: sbs_probe: Failed to get device status
[    1.662937] sbs-battery: probe of 0-000b failed with error -121
[    1.675942] sdhci: Secure Digital Host Controller Interface driver
[    1.682131] sdhci: Copyright(c) Pierre Ossman
[    1.687479] Synopsys Designware Multimedia Card Interface Driver
[    1.694181] sdhci-pltfm: SDHCI platform and OF driver helper
[    1.700624] sdhci-tegra 78000400.sdhci: Got CD GPIO #170.
[    1.706052] sdhci-tegra 78000400.sdhci: Got WP GPIO #132.
[    1.712589] sdhci-tegra 78000400.sdhci: No vmmc regulator found
[    1.718519] sdhci-tegra 78000400.sdhci: No vqmmc regulator found
[    1.724528] mmc0: Invalid maximum block size, assuming 512 bytes
[    1.763188] mmc0: SDHCI controller on 78000400.sdhci [78000400.sdhci] using ADMA
[    1.771656] sdhci-tegra 78000600.sdhci: No vmmc regulator found
[    1.777588] sdhci-tegra 78000600.sdhci: No vqmmc regulator found
[    1.783598] mmc1: Invalid maximum block size, assuming 512 bytes
[    1.823185] mmc1: SDHCI controller on 78000600.sdhci [78000600.sdhci] using ADMA
[    1.835574] usbcore: registered new interface driver usbhid
[    1.841161] usbhid: USB HID core driver
[    1.902115] mmc1: BKOPS_EN bit is not set
[    1.909732] mmc1: new high speed MMC card at address 0001
[    1.915490] mmcblk0: mmc1:0001 SEM32G 29.1 GiB 
[    1.920146] mmcblk0boot0: mmc1:0001 SEM32G partition 1 4.00 MiB
[    1.926178] mmcblk0boot1: mmc1:0001 SEM32G partition 2 4.00 MiB
[    1.932212] mmcblk0rpmb: mmc1:0001 SEM32G partition 3 4.00 MiB
[    1.940544]  mmcblk0: p1 p2 p3 p4 p5 p6 p7 p8
[    1.948262]  mmcblk0boot1: unknown partition table
[    1.954545]  mmcblk0boot0: unknown partition table
[    2.265613] tegra30-i2s 70080400.i2s: DMA channels sourced from device 70080000.ahub
[    2.282053] tegra-snd-rt5640 sound: rt5640-aif1 <-> 70080400.i2s mapping ok
[    2.292658] input: NVIDIA Tegra Dalmore Headphones as /devices/soc0/sound/sound/card0/input0
[    2.302467] TCP: cubic registered
[    2.305811] NET: Registered protocol family 17
[    2.310283] can: controller area network core (rev 20120528 abi 9)
[    2.316533] NET: Registered protocol family 29
[    2.320995] can: raw protocol (rev 20120528)
[    2.325282] can: broadcast manager protocol (rev 20120528 t)
[    2.330960] can: netlink gateway (rev 20130117) max_hops=1
[    2.336853] Key type dns_resolver registered
[    2.341741] ThumbEE CPU extension supported.
[    2.346035] Registering SWP/SWPB emulation handler
[    2.351913] dvdd_ts: 1800 mV 
[    2.355285] usb1_vbus: 5000 mV 
[    2.358480] usb1_vbus: supplied by vdd-sys-5v0
[    2.363678] usb2_vbus: 5000 mV 
[    2.366873] usb2_vbus: supplied by vdd-sys-5v0
[    2.372294] vdd_hdmi_5v0: 5000 mV 
[    2.375796] vdd_hdmi_5v0: supplied by vdd-sys-5v0
[    2.382951] vdd_cam_1v8_reg: 1800 mV 
[    2.387142] VDD_5V0_HDMI_CON: 5000 mV 
[    2.390957] VDD_5V0_HDMI_CON: supplied by vdd-sys-5v0
[    2.400962] [drm] Supports vblank timestamp caching Rev 2 (21.10.2013).
[    2.407608] [drm] No driver support for vblank timestamp query.
[    2.462832] Console: switching to colour frame buffer device 240x75
[    2.490045] host1x drm: fb0:  frame buffer device
[    2.494756] host1x drm: registered panic notifier
[    2.513304] [drm] Initialized tegra 0.0.0 20120330 on minor 0
[    2.519829] platform 7d008000.usb: Driver tegra-ehci requests probe deferral
[    2.528934] tegra-ehci 7d008000.usb: EHCI Host Controller
[    2.534399] tegra-ehci 7d008000.usb: new USB bus registered, assigned bus number 1
[    2.543494] tegra-ehci 7d008000.usb: irq 129, io mem 0x7d008000
[    2.558322] tegra-ehci 7d008000.usb: USB 2.0 started, EHCI 1.10
[    2.565333] hub 1-0:1.0: USB hub found
[    2.569174] hub 1-0:1.0: 1 port detected
[    2.574494] input: gpio-keys as /devices/soc0/gpio-keys/input/input1
[    2.582741] palmas-rtc 7000d000.i2c:tps65913@58:rtc: setting system clock to 2000-03-08 12:33:08 UTC (952518788)
[    2.602231] vdd_cam_1v8_reg: disabling
[    2.606133] vdd_hdmi_5v0: disabling
[    2.609640] usb1_vbus: disabling
[    2.612864] dvdd_ts: disabling
[    2.617498] ALSA device list:
[    2.620488]   #0: NVIDIA Tegra Dalmore
[    2.625677] EXT4-fs (mmcblk0p1): mounting ext3 file system using the ext4 subsystem
[    2.655915] EXT4-fs (mmcblk0p1): recovery complete
[    2.660755] EXT4-fs (mmcblk0p1): mounted filesystem with ordered data mode. Opts: (null)
[    2.668877] VFS: Mounted root (ext3 filesystem) on device 179:1.
[    2.679708] devtmpfs: mounted
[    2.683256] Freeing unused kernel memory: 696K (c0b2a000 - c0bd8000)
bash: cannot set terminal process group (-1): Inappropriate ioctl for device
bash: no job control in this shell
root@(none):/# [    2.883365] usb 1-1: new high-speed USB device number 2 using tegra-ehci
