
U-Boot SPL 2014.01-00219-gc4d376f (Feb 18 2014 - 19:57:32)


U-Boot 2014.01-00219-gc4d376f (Feb 18 2014 - 19:57:32)

TEGRA114
Board: NVIDIA Dalmore
I2C:   ready
DRAM:  2 GiB
MMC:   Tegra SD/MMC: 0, Tegra SD/MMC: 1
In:    serial
Out:   serial
Err:   serial
Net:   Net Initialization Skipped
No ethernet found.
Hit any key to stop autoboot:  2  1  0 
Tegra114 (Dalmore) # 
Tegra114 (Dalmore) # usb reset
(Re)start USB...
USB0:   USB EHCI 1.10
scanning bus 0 for devices... 2 USB Device(s) found
       scanning usb for storage devices... 0 Storage Device(s) found
       scanning usb for ethernet devices... 
Warning: asx0 using MAC address from net device
1 Ethernet Device(s) found
Tegra114 (Dalmore) # setenv bootargs 'ignore_loglevel console=ttyS0,115200n8 rw root=PARTUUID=7369c667-ff51-ec4a-29cd-baabf2fbe346 rootwait gpt debug earlyprintk init=/bin/bash'
Tegra114 (Dalmore) # setenv ipaddr 192.168.100.100; setenv serverip 192.168.100.1; setenv tftpserverip 192.168.100.1
Tegra114 (Dalmore) # tftpboot 0x81000000 zImage.tegra_defconfig
Using asx0 device
TFTP from server 192.168.100.1; our IP address is 192.168.100.100
Filename 'zImage.tegra_defconfig'.
Load address: 0x81000000
Loading: *#################################################################
	 #################################################################
	 #################################################################
	 #################################################################
	 #################################################################
	 ######################################################
	 3.2 MiB/s
done
Bytes transferred = 5559488 (54d4c0 hex)
Tegra114 (Dalmore) # tftpboot 0x82000000 tegra114-dalmore.dtb
Using asx0 device
TFTP from server 192.168.100.1; our IP address is 192.168.100.100
Filename 'tegra114-dalmore.dtb'.
Load address: 0x82000000
Loading: *###
	 3 MiB/s
done
Bytes transferred = 35044 (88e4 hex)
Tegra114 (Dalmore) # bootz 0x81000000 - 0x82000000
Kernel image @ 0x81000000 [ 0x000000 - 0x54d4c0 ]
## Flattened Device Tree blob at 82000000
   Booting using the fdt blob at 0x82000000
   Loading Device Tree to 8fff4000, end 8ffff8e3 ... OK

Starting kernel ...

Uncompressing Linux... done, booting the kernel.
[    0.000000] Booting Linux on physical CPU 0x0
[    0.000000] Linux version 4.11.0-rc2-155355-g4495c08 (pwalmsley@kaivo) (gcc version 4.7.3 20130328 (prerelease) (crosstool-NG linaro-1.13.1-4.7-2013.04-20130415 - Linaro GCC 2013.04) ) #1 SMP PREEMPT Sun Mar 12 15:04:54 PDT 2017
[    0.000000] CPU: ARMv7 Processor [412fc0f2] revision 2 (ARMv7), cr=10c5387d
[    0.000000] CPU: div instructions available: patching division code
[    0.000000] CPU: PIPT / VIPT nonaliasing data cache, PIPT instruction cache
[    0.000000] OF: fdt: Machine model: NVIDIA Tegra114 Dalmore evaluation board
[    0.000000] debug: ignoring loglevel setting.
[    0.000000] bootconsole [earlycon0] enabled
[    0.000000] cma: Reserved 64 MiB at 0xfbc00000
[    0.000000] Memory policy: Data cache writealloc
[    0.000000] On node 0 totalpages: 524032
[    0.000000] free_area_init_node: node 0, pgdat c0d5de40, node_mem_map eeff7000
[    0.000000]   Normal zone: 1536 pages used for memmap
[    0.000000]   Normal zone: 0 pages reserved
[    0.000000]   Normal zone: 196608 pages, LIFO batch:31
[    0.000000]   HighMem zone: 327424 pages, LIFO batch:31
[    0.000000] percpu: Embedded 16 pages/cpu @eef9b000 s34368 r8192 d22976 u65536
[    0.000000] pcpu-alloc: s34368 r8192 d22976 u65536 alloc=16*4096
[    0.000000] pcpu-alloc: [0] 0 [0] 1 [0] 2 [0] 3 
[    0.000000] Built 1 zonelists in Zone order, mobility grouping on.  Total pages: 522496
[    0.000000] Kernel command line: ignore_loglevel console=ttyS0,115200n8 rw root=PARTUUID=7369c667-ff51-ec4a-29cd-baabf2fbe346 rootwait gpt debug earlyprintk init=/bin/bash
[    0.000000] PID hash table entries: 4096 (order: 2, 16384 bytes)
[    0.000000] Dentry cache hash table entries: 131072 (order: 7, 524288 bytes)
[    0.000000] Inode-cache hash table entries: 65536 (order: 6, 262144 bytes)
[    0.000000] Memory: 1999992K/2096128K available (8192K kernel code, 380K rwdata, 2492K rodata, 1024K init, 305K bss, 30600K reserved, 65536K cma-reserved, 1244160K highmem)
[    0.000000] Virtual kernel memory layout:
[    0.000000]     vector  : 0xffff0000 - 0xffff1000   (   4 kB)
[    0.000000]     fixmap  : 0xffc00000 - 0xfff00000   (3072 kB)
[    0.000000]     vmalloc : 0xf0800000 - 0xff800000   ( 240 MB)
[    0.000000]     lowmem  : 0xc0000000 - 0xf0000000   ( 768 MB)
[    0.000000]     pkmap   : 0xbfe00000 - 0xc0000000   (   2 MB)
[    0.000000]     modules : 0xbf000000 - 0xbfe00000   (  14 MB)
[    0.000000]       .text : 0xc0008000 - 0xc0900000   (9184 kB)
[    0.000000]       .init : 0xc0c00000 - 0xc0d00000   (1024 kB)
[    0.000000]       .data : 0xc0d00000 - 0xc0d5f320   ( 381 kB)
[    0.000000]        .bss : 0xc0d61000 - 0xc0dad40c   ( 306 kB)
[    0.000000] Preemptible hierarchical RCU implementation.
[    0.000000] 	Build-time adjustment of leaf fanout to 32.
[    0.000000] NR_IRQS:16 nr_irqs:16 16
[    0.000000] /interrupt-controller@60004000: 160 interrupts forwarded to /interrupt-controller@50041000
[    0.000000] Tegra clk 127: register failed with -17
[    0.000007] sched_clock: 32 bits at 1000kHz, resolution 1000ns, wraps every 2147483647500ns
[    0.007772] clocksource: timer_us: mask: 0xffffffff max_cycles: 0xffffffff, max_idle_ns: 1911260446275 ns
[    0.017388] Switching to timer-based delay loop, resolution 1000ns
[    0.024432] arm_arch_timer: Architected cp15 timer(s) running at 12.00MHz (virt).
[    0.031172] clocksource: arch_sys_counter: mask: 0xffffffffffffff max_cycles: 0x2c47f4ee7, max_idle_ns: 440795202497 ns
[    0.042004] sched_clock: 56 bits at 12MHz, resolution 83ns, wraps every 4398046511096ns
[    0.050060] Switching to timer-based delay loop, resolution 83ns
[    0.056562] Console: colour dummy device 80x30
[    0.060646] Calibrating delay loop (skipped), value calculated using timer frequency.. 24.00 BogoMIPS (lpj=120000)
[    0.071044] pid_max: default: 32768 minimum: 301
[    0.076221] Mount-cache hash table entries: 2048 (order: 1, 8192 bytes)
[    0.082401] Mountpoint-cache hash table entries: 2048 (order: 1, 8192 bytes)
[    0.090319] CPU: Testing write buffer coherency: ok
[    0.094716] /cpus/cpu@0 missing clock-frequency property
[    0.099820] /cpus/cpu@1 missing clock-frequency property
[    0.105218] /cpus/cpu@2 missing clock-frequency property
[    0.110570] /cpus/cpu@3 missing clock-frequency property
[    0.115941] CPU0: thread -1, cpu 0, socket 0, mpidr 80000000
[    0.146019] Setting up static identity map for 0x80100000 - 0x80100098
[    0.176451] Tegra Revision: A01 SKU: 0 CPU Process: 1 SoC Process: 0
[    0.181766] smp: Bringing up secondary CPUs ...
[    0.246701] CPU1: thread -1, cpu 1, socket 0, mpidr 80000001
[    0.316803] CPU2: thread -1, cpu 2, socket 0, mpidr 80000002
[    0.386923] CPU3: thread -1, cpu 3, socket 0, mpidr 80000003
[    0.387011] smp: Brought up 1 node, 4 CPUs
[    0.406446] SMP: Total of 4 processors activated (96.00 BogoMIPS).
[    0.412696] CPU: All CPU(s) started in SVC mode.
[    0.419200] devtmpfs: initialized
[    0.433737] VFP support v0.3: implementor 41 architecture 4 part 30 variant f rev 0
[    0.439890] clocksource: jiffies: mask: 0xffffffff max_cycles: 0xffffffff, max_idle_ns: 19112604462750000 ns
[    0.449486] futex hash table entries: 1024 (order: 4, 65536 bytes)
[    0.456999] pinctrl core: initialized pinctrl subsystem
[    0.462358] NET: Registered protocol family 16
[    0.466976] DMA: preallocated 256 KiB pool for atomic coherent allocations
[    0.474238] cpuidle: using governor menu
[    0.499911] No ATAGs?
[    0.500049] hw-breakpoint: found 5 (+1 reserved) breakpoint and 4 watchpoint registers.
[    0.508584] hw-breakpoint: maximum watchpoint size is 8 bytes.
[    0.515461] tegra-mc 70019000.memory-controller: no memory timings for RAM code 3 registered
[    0.540372] dvdd_ts: Failed to request enable GPIO61: -517
[    0.544066] reg-fixed-voltage regulators:regulator@1: Failed to register regulator: -517
[    0.552282] usb1_vbus: Failed to request enable GPIO108: -517
[    0.558009] reg-fixed-voltage regulators:regulator@3: Failed to register regulator: -517
[    0.566233] usb2_vbus: Failed to request enable GPIO86: -517
[    0.571875] reg-fixed-voltage regulators:regulator@4: Failed to register regulator: -517
[    0.580486] VDD_5V0_HDMI_CON: Failed to request enable GPIO81: -517
[    0.586351] reg-fixed-voltage regulators:regulator@7: Failed to register regulator: -517
[    0.595682] vgaarb: loaded
[    0.598064] SCSI subsystem initialized
[    0.601306] libata version 3.00 loaded.
[    0.605354] usbcore: registered new interface driver usbfs
[    0.610608] usbcore: registered new interface driver hub
[    0.615995] usbcore: registered new device driver usb
[    0.624140] tps65090 2-0048: No cache defaults, reading back from HW
[    0.630629] TPS65090_RAILSDCDC1: supplied by vdd_ac_bat
[    0.635224] TPS65090_RAILSDCDC2: supplied by vdd_ac_bat
[    0.640467] TPS65090_RAILSDCDC3: supplied by vdd_ac_bat
[    0.645243] TPS65090_RAILSFET1: supplied by vdd_ac_bat
[    0.650271] TPS65090_RAILSFET2: supplied by vdd_ac_bat
[    0.655474] TPS65090_RAILSFET3: supplied by vdd-sys-3v3
[    0.660929] TPS65090_RAILSFET4: supplied by vdd-sys-3v3
[    0.666205] TPS65090_RAILSFET5: supplied by vdd-sys-3v3
[    0.671479] TPS65090_RAILSFET6: supplied by vdd-sys-3v3
[    0.677103] TPS65090_RAILSFET7: supplied by vdd-sys-3v3
[    0.682057] TPS65090_RAILSLDO1: supplied by vdd_ac_bat
[    0.686951] TPS65090_RAILSLDO2: supplied by vdd_ac_bat
[    0.692693] palmas 2-0058: Irq flag is 0x00000004
[    0.698782] palmas 2-0058: Muxing GPIO ff, PWM 0, LED 0
[    0.704618] SMPS12: supplied by vdd-ao
[    0.707665] vdd_hdmi_5v0: supplied by vdd-sys-5v0
[    0.712143] SMPS3: supplied by vdd-ao
[    0.716863] SMPS457: supplied by vdd-sys-3v3
[    0.722397] SMPS8: supplied by vdd-sys-3v3
[    0.725572] random: fast init done
[    0.728946] SMPS9: supplied by vdd-sys-3v3
[    0.732830] sdhci-vdd-sd-slot: Bringing 2840000uV into 2800000-2800000uV
[    0.742063] LDO1: supplied by vdd-sys-3v3
[    0.745493] LDO2: supplied by vdd-sys-3v3
[    0.749619] LDO3: supplied by vddio-1v8
[    0.753475] LDO4: supplied by vdd-sys-3v3
[    0.757557] LDO5: supplied by vdd_ac_bat
[    0.761129] LDO6: supplied by vdd-sys-3v3
[    0.764888] vdd-sensor-2v85: Bringing 2900000uV into 2850000-2850000uV
[    0.772439] LDO7: supplied by vdd-sys-3v3
[    0.776812] LDO8: supplied by vdd-ao
[    0.779196] vdd-rtc: Bringing 675000uV into 900000-900000uV
[    0.795068] LDO9: supplied by sdhci-vdd-sd-slot
[    0.805406] LDOLN: supplied by vdd-sys-5v0
[    0.808944] LDOUSB: supplied by vdd-sys-5v0
[    0.818154] Linux video capture interface: v2.00
[    0.821028] pps_core: LinuxPPS API ver. 1 registered
[    0.825995] pps_core: Software ver. 5.3.6 - Copyright 2005-2007 Rodolfo Giometti <giometti@linux.it>
[    0.835200] PTP clock support registered
[    0.839830] Advanced Linux Sound Architecture Driver Initialized.
[    0.846108] Bluetooth: Core ver 2.22
[    0.848996] NET: Registered protocol family 31
[    0.853466] Bluetooth: HCI device and connection manager initialized
[    0.859866] Bluetooth: HCI socket layer initialized
[    0.864819] Bluetooth: L2CAP socket layer initialized
[    0.869948] Bluetooth: SCO socket layer initialized
[    0.876189] clocksource: Switched to clocksource arch_sys_counter
[    0.896216] NET: Registered protocol family 2
[    0.899939] TCP established hash table entries: 8192 (order: 3, 32768 bytes)
[    0.905947] TCP bind hash table entries: 8192 (order: 4, 65536 bytes)
[    0.912557] TCP: Hash tables configured (established 8192 bind 8192)
[    0.919278] UDP hash table entries: 512 (order: 2, 16384 bytes)
[    0.924785] UDP-Lite hash table entries: 512 (order: 2, 16384 bytes)
[    0.931518] NET: Registered protocol family 1
[    0.936293] RPC: Registered named UNIX socket transport module.
[    0.941561] RPC: Registered udp transport module.
[    0.946347] RPC: Registered tcp transport module.
[    0.951095] RPC: Registered tcp NFSv4.1 backchannel transport module.
[    0.957614] PCI: CLS 0 bytes, default 64
[    0.965246] workingset: timestamp_bits=30 max_order=19 bucket_order=0
[    0.971559] squashfs: version 4.0 (2009/01/31) Phillip Lougher
[    0.976585] NFS: Registering the id_resolver key type
[    0.980889] Key type id_resolver registered
[    0.985112] Key type id_legacy registered
[    0.993611] bounce: pool size: 64 pages
[    0.995627] io scheduler noop registered (default)
[    1.000510] io scheduler mq-deadline registered
[    1.022189] tegra-apbdma 6000a000.dma: Tegra20 APB DMA driver register 32 channels
[    1.028658] tegra-pmc 7000e400.pmc: i2c-thermtrip node not found, emergency thermal reset disabled.
[    1.037583] Serial: 8250/16550 driver, 4 ports, IRQ sharing disabled
[    1.045590] console [ttyS0] disabled
[    1.047433] 70006300.serial: ttyS0 at MMIO 0x70006300 (irq = 329, base_baud = 25500000) is a Tegra
[    1.056416] console [ttyS0] enabled
[    1.056416] console [ttyS0] enabled
[    1.062688] bootconsole [earlycon0] disabled
[    1.062688] bootconsole [earlycon0] disabled
[    1.073980] tegra-hdmi 54280000.hdmi: failed to get HDMI regulator
[    1.109673] loop: module loaded
[    1.124512] m25p80 spi32766.0: w25q32dw (4096 Kbytes)
[    1.131872] libphy: Fixed MDIO Bus: probed
[    1.135967] CAN device driver interface
[    1.139920] igb: Intel(R) Gigabit Ethernet Network Driver - version 5.4.0-k
[    1.146894] igb: Copyright (c) 2007-2014 Intel Corporation.
[    1.152641] pegasus: v0.9.3 (2013/04/25), Pegasus/Pegasus II USB Ethernet driver
[    1.160151] usbcore: registered new interface driver pegasus
[    1.165893] usbcore: registered new interface driver asix
[    1.171389] usbcore: registered new interface driver ax88179_178a
[    1.177587] usbcore: registered new interface driver cdc_ether
[    1.183505] usbcore: registered new interface driver smsc75xx
[    1.189362] usbcore: registered new interface driver smsc95xx
[    1.195161] usbcore: registered new interface driver net1080
[    1.200925] usbcore: registered new interface driver cdc_subset
[    1.206924] usbcore: registered new interface driver zaurus
[    1.212575] usbcore: registered new interface driver cdc_ncm
[    1.218668] ehci_hcd: USB 2.0 'Enhanced' Host Controller (EHCI) Driver
[    1.225188] ehci-pci: EHCI PCI platform driver
[    1.229715] tegra-ehci: Tegra EHCI driver
[    1.234373] usbcore: registered new interface driver cdc_acm
[    1.240045] cdc_acm: USB Abstract Control Model driver for USB modems and ISDN adapters
[    1.248120] usbcore: registered new interface driver cdc_wdm
[    1.253868] usbcore: registered new interface driver usb-storage
[    1.264152] palmas-rtc 7000d000.i2c:tps65913@58:rtc: rtc core: registered 7000d000.i2c:tps659 as rtc0
[    1.274888] tegra_rtc 7000e000.rtc: rtc core: registered 7000e000.rtc as rtc1
[    1.282082] tegra_rtc 7000e000.rtc: Tegra internal Real Time Clock
[    1.288545] i2c /dev entries driver
[    1.293054] usbcore: registered new interface driver uvcvideo
[    1.298817] USB Video Class driver (1.1.1)
[    1.302907] gspca_main: v2.14.0 registered
[    1.307947] sbs-battery 0-000b: sbs_probe: Failed to get device status
[    1.314482] sbs-battery: probe of 0-000b failed with error -121
[    1.325539] tegra-wdt 60005000.timer: initialized (heartbeat = 120 sec, nowayout = 0)
[    1.333970] sdhci: Secure Digital Host Controller Interface driver
[    1.340238] sdhci: Copyright(c) Pierre Ossman
[    1.344589] sdhci-pltfm: SDHCI platform and OF driver helper
[    1.350516] sdhci-tegra 78000400.sdhci: Got CD GPIO
[    1.355406] sdhci-tegra 78000400.sdhci: Got WP GPIO
[    1.361485] mmc0: Invalid maximum block size, assuming 512 bytes
[    1.426406] mmc0: SDHCI controller on 78000400.sdhci [78000400.sdhci] using ADMA
[    1.436119] mmc1: Invalid maximum block size, assuming 512 bytes
[    1.516270] mmc1: SDHCI controller on 78000600.sdhci [78000600.sdhci] using ADMA
[    1.533640] usbcore: registered new interface driver usbhid
[    1.541285] usbhid: USB HID core driver
[    1.577025] mmc0: new high speed SDHC card at address aaaa
[    1.583189] mmcblk0: mmc0:aaaa SL16G 14.8 GiB 
[    1.604263]  mmcblk0: p1 p2 p3
[    1.611387] mmc1: new high speed MMC card at address 0001
[    1.617538] mmcblk1: mmc1:0001 SEM32G 29.1 GiB 
[    1.622476] mmcblk1boot0: mmc1:0001 SEM32G partition 1 4.00 MiB
[    1.628875] mmcblk1boot1: mmc1:0001 SEM32G partition 2 4.00 MiB
[    1.645204] mmcblk1rpmb: mmc1:0001 SEM32G partition 3 4.00 MiB
[    1.653761]  mmcblk1: p1 p2 p3 p4 p5 p6 p7 p8
[    1.999705] tegra30-i2s 70080400.i2s: DMA channels sourced from device 70080000.ahub
[    2.016245] tegra-snd-rt5640 sound: rt5640-aif1 <-> 70080400.i2s mapping ok
[    2.027856] input: NVIDIA Tegra Dalmore Headphones as /devices/soc0/sound/sound/card0/input0
[    2.038630] NET: Registered protocol family 10
[    2.044416] Segment Routing with IPv6
[    2.048288] mip6: Mobile IPv6
[    2.051256] sit: IPv6, IPv4 and MPLS over IPv4 tunneling driver
[    2.058854] NET: Registered protocol family 17
[    2.063311] NET: Registered protocol family 15
[    2.067799] can: controller area network core (rev 20120528 abi 9)
[    2.074084] NET: Registered protocol family 29
[    2.078544] can: raw protocol (rev 20120528)
[    2.082809] can: broadcast manager protocol (rev 20161123 t)
[    2.088516] can: netlink gateway (rev 20130117) max_hops=1
[    2.094183] Bluetooth: RFCOMM socket layer initialized
[    2.099358] Bluetooth: RFCOMM ver 1.11
[    2.103114] Bluetooth: BNEP (Ethernet Emulation) ver 1.3
[    2.108444] Bluetooth: BNEP socket layer initialized
[    2.113402] Bluetooth: HIDP (Human Interface Emulation) ver 1.2
[    2.119336] Bluetooth: HIDP socket layer initialized
[    2.124497] Key type dns_resolver registered
[    2.129387] Registering SWP/SWPB emulation handler
[    2.151313] usb1_vbus: supplied by vdd-sys-5v0
[    2.156535] usb2_vbus: supplied by vdd-sys-5v0
[    2.162480] VDD_5V0_HDMI_CON: supplied by vdd-sys-5v0
[    2.171166] [drm] Supports vblank timestamp caching Rev 2 (21.10.2013).
[    2.177890] [drm] No driver support for vblank timestamp query.
[    2.277893] Console: switching to colour frame buffer device 240x75
[    2.317499] drm drm: fb0:  frame buffer device
[    2.322053] [drm] Initialized tegra 0.0.0 20120330 for drm on minor 0
[    2.332117] tegra-ehci 7d008000.usb: EHCI Host Controller
[    2.337562] tegra-ehci 7d008000.usb: new USB bus registered, assigned bus number 1
[    2.345422] tegra-ehci 7d008000.usb: irq 339, io mem 0x7d008000
[    2.386325] tegra-ehci 7d008000.usb: USB 2.0 started, EHCI 1.10
[    2.393690] hub 1-0:1.0: USB hub found
[    2.397626] hub 1-0:1.0: 1 port detected
[    2.402855] input: gpio-keys as /devices/soc0/gpio-keys/input/input1
[    2.411875] palmas-rtc 7000d000.i2c:tps65913@58:rtc: setting system clock to 2001-01-04 09:38:36 UTC (978601116)
[    2.427619] dvdd_ts: disabling
[    2.430679] usb1_vbus: disabling
[    2.433905] vdd_cam_1v8_reg: disabling
[    2.437737] ALSA device list:
[    2.440719]   #0: NVIDIA Tegra Dalmore
[    2.445711] EXT4-fs (mmcblk1p1): mounting ext3 file system using the ext4 subsystem
[    2.468772] EXT4-fs (mmcblk1p1): recovery complete
[    2.473602] EXT4-fs (mmcblk1p1): mounted filesystem with ordered data mode. Opts: (null)
[    2.481808] VFS: Mounted root (ext3 filesystem) on device 179:17.
[    2.493735] devtmpfs: mounted
[    2.497802] Freeing unused kernel memory: 1024K
bash: cannot set terminal process group (-1): Inappropriate ioctl for device
bash: no job control in this shell
root@(none):/# [    2.756319] usb 1-1: new high-speed USB device number 2 using tegra-ehci
mount -t sysfs none /sys
root@(none):/# 
root@(none):/# [    3.431710] asix 1-1:1.0 eth0: register 'asix' at usb-7d008000.usb-1, ASIX AX88772 USB 2.0 Ethernet, 00:50:b6:0d:b5:16
mount -t debugfs none /sys/kernel/debug
root@(none):/# 
root@(none):/# rtcwake -d rtc1 -m mem -s 3
rtcwake: assuming RTC uses UTC ...
rtcwake: wakeup from "mem" using /dev/rtc1 at Thu Jan  1 00:00:19 1970
[    5.265119] PM: Syncing filesystems ... done.
[    5.272463] Freezing user space processes ... (elapsed 0.001 seconds) done.
[    5.273800] Freezing remaining freezable tasks ... (elapsed 0.001 seconds) done.
[    5.275184] Suspending console(s) (use no_console_suspend to debug)
[    5.418545] PM: suspend of devices complete after 87.690 msecs
[    5.420500] PM: late suspend of devices complete after 1.938 msecs
[    5.421939] PM: noirq suspend of devices complete after 1.427 msecs
[    5.421945] Disabling non-boot CPUs ...
[    5.657038] IRQ17 no longer affine to CPU3
[    5.710512] Entering suspend state LP1
[    5.710512] Suspended for 6.867 seconds
[    5.710558] Enabling non-boot CPUs ...
[    5.741241] CPU1 is up
[    5.781526] CPU2 is up
[    5.822385] CPU3 is up
[    5.823301] PM: noirq resume of devices complete after 0.905 msecs
[    5.825173] PM: early resume of devices complete after 1.242 msecs
[    6.419074] PM: resume of devices complete after 593.883 msecs
[    6.482670] Restarting tasks ... done.
root@(none):/# 
root@(none):/# rtcwake -d rtc1 -m mem -s 3
rtcwake: assuming RTC uses UTC ...
rtcwake: wakeup from "mem" using /dev/rtc1 at Thu Jan  1 00:00:28 1970
[    7.408187] PM: Syncing filesystems ... done.
[    7.413390] Freezing user space processes ... (elapsed 0.001 seconds) done.
[    7.414677] Freezing remaining freezable tasks ... (elapsed 0.001 seconds) done.
[    7.416068] Suspending console(s) (use no_console_suspend to debug)
[    7.548000] PM: suspend of devices complete after 77.201 msecs
[    7.549815] PM: late suspend of devices complete after 1.798 msecs
[    7.551292] PM: noirq suspend of devices complete after 1.464 msecs
[    7.551298] Disabling non-boot CPUs ...
[    7.786741] IRQ17 no longer affine to CPU3
[    7.840452] Entering suspend state LP1
[    7.840452] Suspended for 8.453 seconds
[    7.840497] Enabling non-boot CPUs ...
[    7.871224] CPU1 is up
[    7.911547] CPU2 is up
[    7.952345] CPU3 is up
[    7.953040] PM: noirq resume of devices complete after 0.684 msecs
[    7.954845] PM: early resume of devices complete after 1.173 msecs
[    8.555820] PM: resume of devices complete after 600.957 msecs
[    8.619555] Restarting tasks ... done.
root@(none):/# 
root@(none):/# rtcwake -d rtc1 -m mem -s 3
rtcwake: assuming RTC uses UTC ...
rtcwake: wakeup from "mem" using /dev/rtc1 at Thu Jan  1 00:00:39 1970
[    9.956820] PM: Syncing filesystems ... done.
[    9.962390] Freezing user space processes ... (elapsed 0.001 seconds) done.
[    9.963684] Freezing remaining freezable tasks ... (elapsed 0.001 seconds) done.
[    9.965082] Suspending console(s) (use no_console_suspend to debug)
[   10.108726] PM: suspend of devices complete after 90.871 msecs
[   10.110202] PM: late suspend of devices complete after 1.465 msecs
[   10.111672] PM: noirq suspend of devices complete after 1.461 msecs
[   10.111678] Disabling non-boot CPUs ...
[   10.146610] IRQ17 no longer affine to CPU1
[   10.410636] Entering suspend state LP1
[   10.410636] Suspended for 8.013 seconds
[   10.410681] Enabling non-boot CPUs ...
[   10.441335] CPU1 is up
[   10.481441] CPU2 is up
[   10.522273] CPU3 is up
[   10.522992] PM: noirq resume of devices complete after 0.707 msecs
[   10.524919] PM: early resume of devices complete after 1.280 msecs
[   11.119398] PM: resume of devices complete after 594.461 msecs
[   11.183023] Restarting tasks ... done.
root@(none):/# 
root@(none):/# rtcwake -d rtc1 -m mem -s 3
rtcwake: assuming RTC uses UTC ...
rtcwake: wakeup from "mem" using /dev/rtc1 at Thu Jan  1 00:00:49 1970
[   11.945173] PM: Syncing filesystems ... done.
[   11.950580] Freezing user space processes ... (elapsed 0.001 seconds) done.
[   11.951817] Freezing remaining freezable tasks ... (elapsed 0.001 seconds) done.
[   11.953206] Suspending console(s) (use no_console_suspend to debug)
[   12.097766] PM: suspend of devices complete after 92.922 msecs
[   12.099426] PM: late suspend of devices complete after 1.644 msecs
[   12.100862] PM: noirq suspend of devices complete after 1.424 msecs
[   12.100867] Disabling non-boot CPUs ...
[   12.246485] IRQ17 no longer affine to CPU2
[   12.410287] Entering suspend state LP1
[   12.410287] Suspended for 6.834 seconds
[   12.410333] Enabling non-boot CPUs ...
[   12.441160] CPU1 is up
[   12.481363] CPU2 is up
[   12.522243] CPU3 is up
[   12.522894] PM: noirq resume of devices complete after 0.639 msecs
[   12.524733] PM: early resume of devices complete after 1.197 msecs
[   13.118387] PM: resume of devices complete after 593.637 msecs
[   13.182049] Restarting tasks ... done.
root@(none):/# 
root@(none):/# rtcwake -d rtc1 -m mem -s 3
rtcwake: assuming RTC uses UTC ...
rtcwake: wakeup from "mem" using /dev/rtc1 at Thu Jan  1 00:00:58 1970
[   14.120741] PM: Syncing filesystems ... done.
[   14.126179] Freezing user space processes ... (elapsed 0.001 seconds) done.
[   14.127520] Freezing remaining freezable tasks ... (elapsed 0.018 seconds) done.
[   14.146201] Suspending console(s) (use no_console_suspend to debug)
[   14.257832] PM: suspend of devices complete after 86.401 msecs
[   14.259427] PM: late suspend of devices complete after 1.579 msecs
[   14.260956] PM: noirq suspend of devices complete after 1.518 msecs
[   14.260962] Disabling non-boot CPUs ...
[   14.506357] IRQ17 no longer affine to CPU3
[   14.560226] Entering suspend state LP1
[   14.560226] Suspended for 8.433 seconds
[   14.560272] Enabling non-boot CPUs ...
[   14.591121] CPU1 is up
[   14.631300] CPU2 is up
[   14.672178] CPU3 is up
[   14.672805] PM: noirq resume of devices complete after 0.615 msecs
[   14.674694] PM: early resume of devices complete after 1.251 msecs
[   15.269205] PM: resume of devices complete after 594.493 msecs
[   15.332859] Restarting tasks ... done.
root@(none):/# 
root@(none):/# rtcwake -d rtc1 -m mem -s 3
rtcwake: assuming RTC uses UTC ...
rtcwake: wakeup from "mem" using /dev/rtc1 at Thu Jan  1 00:01:09 1970
[   16.686803] PM: Syncing filesystems ... done.
[   16.692143] Freezing user space processes ... (elapsed 0.001 seconds) done.
[   16.693389] Freezing remaining freezable tasks ... (elapsed 0.001 seconds) done.
[   16.694753] Suspending console(s) (use no_console_suspend to debug)
[   16.827671] PM: suspend of devices complete after 90.075 msecs
[   16.829486] PM: late suspend of devices complete after 1.799 msecs
[   16.830934] PM: noirq suspend of devices complete after 1.436 msecs
[   16.830940] Disabling non-boot CPUs ...
[   17.096307] IRQ17 no longer affine to CPU3
[   17.150179] Entering suspend state LP1
[   17.150179] Suspended for 7.993 seconds
[   17.150225] Enabling non-boot CPUs ...
[   17.181079] CPU1 is up
[   17.221263] CPU2 is up
[   17.262165] CPU3 is up
[   17.262803] PM: noirq resume of devices complete after 0.625 msecs
[   17.264829] PM: early resume of devices complete after 1.374 msecs
[   17.859203] PM: resume of devices complete after 594.356 msecs
[   17.922810] Restarting tasks ... done.
root@(none):/# 
root@(none):/# rtcwake -d rtc1 -m mem -s 3
rtcwake: assuming RTC uses UTC ...
rtcwake: wakeup from "mem" using /dev/rtc1 at Thu Jan  1 00:01:19 1970
[   18.684602] PM: Syncing filesystems ... done.
[   18.690101] Freezing user space processes ... (elapsed 0.001 seconds) done.
[   18.691342] Freezing remaining freezable tasks ... (elapsed 0.001 seconds) done.
[   18.692730] Suspending console(s) (use no_console_suspend to debug)
[   18.838122] PM: suspend of devices complete after 93.239 msecs
[   18.839686] PM: late suspend of devices complete after 1.548 msecs
[   18.841143] PM: noirq suspend of devices complete after 1.446 msecs
[   18.841149] Disabling non-boot CPUs ...
[   18.896373] IRQ17 no longer affine to CPU1
[   19.160435] Entering suspend state LP1
[   19.160435] Suspended for 6.823 seconds
[   19.160479] Enabling non-boot CPUs ...
[   19.191014] CPU1 is up
[   19.231222] CPU2 is up
[   19.272259] CPU3 is up
[   19.272928] PM: noirq resume of devices complete after 0.656 msecs
[   19.274760] PM: early resume of devices complete after 1.200 msecs
[   19.868586] PM: resume of devices complete after 593.808 msecs
[   19.932239] Restarting tasks ... done.
root@(none):/# 
root@(none):/# rtcwake -d rtc1 -m mem -s 3
rtcwake: assuming RTC uses UTC ...
rtcwake: wakeup from "mem" using /dev/rtc1 at Thu Jan  1 00:01:28 1970
[   20.858691] PM: Syncing filesystems ... done.
[   20.864415] Freezing user space processes ... (elapsed 0.001 seconds) done.
[   20.865778] Freezing remaining freezable tasks ... (elapsed 0.001 seconds) done.
[   20.867227] Suspending console(s) (use no_console_suspend to debug)
[   21.008097] PM: suspend of devices complete after 87.102 msecs
[   21.009616] PM: late suspend of devices complete after 1.503 msecs
[   21.011074] PM: noirq suspend of devices complete after 1.447 msecs
[   21.011080] Disabling non-boot CPUs ...
[   21.066339] IRQ17 no longer affine to CPU1
[   21.350085] Entering suspend state LP1
[   21.350085] Suspended for 8.393 seconds
[   21.350130] Enabling non-boot CPUs ...
[   21.380966] CPU1 is up
[   21.421162] CPU2 is up
[   21.462007] CPU3 is up
[   21.462658] PM: noirq resume of devices complete after 0.640 msecs
[   21.464588] PM: early resume of devices complete after 1.286 msecs
[   22.059327] PM: resume of devices complete after 594.722 msecs
[   22.122920] Restarting tasks ... done.
root@(none):/# 
root@(none):/# rtcwake -d rtc1 -m mem -s 3
rtcwake: assuming RTC uses UTC ...
rtcwake: wakeup from "mem" using /dev/rtc1 at Thu Jan  1 00:01:39 1970
[   23.466662] PM: Syncing filesystems ... done.
[   23.472349] Freezing user space processes ... (elapsed 0.001 seconds) done.
[   23.473595] Freezing remaining freezable tasks ... (elapsed 0.001 seconds) done.
[   23.474982] Suspending console(s) (use no_console_suspend to debug)
[   23.617918] PM: suspend of devices complete after 90.894 msecs
[   23.619664] PM: late suspend of devices complete after 1.729 msecs
[   23.621114] PM: noirq suspend of devices complete after 1.438 msecs
[   23.621120] Disabling non-boot CPUs ...
[   23.656293] IRQ17 no longer affine to CPU1
[   23.910051] Entering suspend state LP1
[   23.910051] Suspended for 8.023 seconds
[   23.910096] Enabling non-boot CPUs ...
[   23.940929] CPU1 is up
[   23.981119] CPU2 is up
[   24.021980] CPU3 is up
[   24.022590] PM: noirq resume of devices complete after 0.599 msecs
[   24.024419] PM: early resume of devices complete after 1.181 msecs
[   24.618951] PM: resume of devices complete after 594.513 msecs
[   24.682544] Restarting tasks ... done.
root@(none):/# 
root@(none):/# rtcwake -d rtc1 -m mem -s 3
rtcwake: assuming RTC uses UTC ...
rtcwake: wakeup from "mem" using /dev/rtc1 at Thu Jan  1 00:01:49 1970
[   25.446937] PM: Syncing filesystems ... done.
[   25.452655] Freezing user space processes ... (elapsed 0.001 seconds) done.
[   25.454002] Freezing remaining freezable tasks ... (elapsed 0.001 seconds) done.
[   25.455400] Suspending console(s) (use no_console_suspend to debug)
[   25.597910] PM: suspend of devices complete after 93.833 msecs
[   25.599721] PM: late suspend of devices complete after 1.794 msecs
[   25.601174] PM: noirq suspend of devices complete after 1.441 msecs
[   25.601180] Disabling non-boot CPUs ...
[   25.636240] IRQ17 no longer affine to CPU1
[   25.900309] Entering suspend state LP1
[   25.900309] Suspended for 6.843 seconds
[   25.900355] Enabling non-boot CPUs ...
[   25.930872] CPU1 is up
[   25.971094] CPU2 is up
[   26.011938] CPU3 is up
[   26.012566] PM: noirq resume of devices complete after 0.616 msecs
[   26.014342] PM: early resume of devices complete after 1.133 msecs
[   26.609392] PM: resume of devices complete after 595.033 msecs
[   26.673080] Restarting tasks ... done.
root@(none):/# 
root@(none):/# NVTB SYSTEM SUSPEND TEST COMPLETE
