Diff for ./tegra30-beaver/tegra30-beaver/tegra_defconfig_log.txt
--- /tmp/fooa	2013-08-18 15:39:41.381003083 -0700
+++ /tmp/foob	2013-08-18 15:39:41.381003083 -0700
@@ -22,15 +22,15 @@
 Sending: 
 
 Transfer complete
-xyzModem - CRC mode, 8(SOH)/4225(STX)/0(CAN) packets, 3 retries
-## Total Size      = 0x00420688 = 4327048 Bytes
+yzModem - CRC mode, 6(SOH)/4226(STX)/0(CAN) packets, 3 retries
+## Total Size      = 0x004209e0 = 4327904 Bytes
 Tegra30 (Beaver) # loady 0x82000000
 ## Ready for binary (ymodem) download to 0x82000000 at 230400 bps...
 CSending: tegra30-beaver.dtb
 Sending: 
 
 Transfer complete
-yzModem - CRC mode, 2(SOH)/17(STX)/0(CAN) packets, 3 retries
+xyzModem - CRC mode, 2(SOH)/17(STX)/0(CAN) packets, 3 retries
 ## Total Size      = 0x0000439d = 17309 Bytes
 Tegra30 (Beaver) # bootz 0x81000000 - 0x82000000
 ## Flattened Device Tree blob at 82000000
@@ -42,7 +42,7 @@
 Booting Linux on physical CPU 0x0
 Initializing cgroup subsys cpu
 Initializing cgroup subsys cpuacct
-Linux version 3.11.0-rc5-12024-gd4e4ab8 (pwalmsley@tamien) (gcc version 4.5.1 (Sourcery G++ Lite 2010.09-50) ) #1 SMP PREEMPT Sun Aug 11 18:34:07 PDT 2013
+Linux version 3.11.0-rc6-12195-gb36f4be (pwalmsley@tamien) (gcc version 4.5.1 (Sourcery G++ Lite 2010.09-50) ) #1 SMP PREEMPT Sun Aug 18 15:04:10 PDT 2013
 CPU: ARMv7 Processor [412fc099] revision 9 (ARMv7), cr=10c5387d
 CPU: PIPT / VIPT nonaliasing data cache, VIPT aliasing instruction cache
 Machine: NVIDIA Tegra SoC (Flattened Device Tree), model: NVIDIA Tegra30 Beaver evaluation board
@@ -77,7 +77,7 @@
     lowmem  : 0xc0000000 - 0xef800000   ( 760 MB)
     pkmap   : 0xbfe00000 - 0xc0000000   (   2 MB)
     modules : 0xbf000000 - 0xbfe00000   (  14 MB)
-      .text : 0xc0008000 - 0xc077ae84   (7628 kB)
+      .text : 0xc0008000 - 0xc077ae7c   (7628 kB)
       .init : 0xc077b000 - 0xc07b6500   ( 238 kB)
       .data : 0xc07b8000 - 0xc0802e60   ( 300 kB)
        .bss : 0xc0802e60 - 0xc08586d0   ( 343 kB)
@@ -92,7 +92,7 @@
 Initializing cgroup subsys freezer
 CPU: Testing write buffer coherency: ok
 CPU0: thread -1, cpu 0, socket 0, mpidr 80000000
-Setting up static identity map for 0xc0597270 - 0xc0597308
+Setting up static identity map for 0xc0597568 - 0xc0597600
 CPU1: Booted secondary processor
 CPU1: thread -1, cpu 1, socket 0, mpidr 80000001
 CPU2: Booted secondary processor
@@ -246,6 +246,8 @@
  mmcblk0: p1 p2 p3 p4 p5
  mmcblk0boot1: unknown partition table
  mmcblk0boot0: unknown partition table
+rt5640 4-001c: ASoC: mux INR Mux has no paths
+rt5640 4-001c: ASoC: mux INL Mux has no paths
 tegra-snd-rt5640 sound.4:  rt5640-aif1 <-> 70080400.i2s mapping ok
 input: NVIDIA Tegra Beaver Headphones as /devices/soc0/sound.4/sound/card0/input0
 TCP: cubic registered
@@ -283,7 +285,7 @@
  
 INIT: version 2.88 booting
 Using makefile-style concurrent boot in runlevel S.
-Starting the hotplug events dispatcher: udevd[    2.712556] udevd[179]: starting version 175
+Starting the hotplug events dispatcher: udevd[    2.703304] udevd[178]: starting version 175
 [ ok .
 Synthesizing the initial hotplug events...[ ok done.
 Waiting for /dev to be fully populated...[ ok done.
@@ -306,8 +308,8 @@
 Using makefile-style concurrent boot in runlevel 2.
 Starting network benchmark server[FAIL failed!
 Starting rpcbind daemon...[....] Already running.[ ok .
-Starting system message bus: dbus[ ok .
 Starting NFS common utilities: statd idmapd[FAIL failed!
+Starting system message bus: dbus[ ok .
 startpar: service(s) returned failure: nfs-common ...[FAIL failed!
 
 Debian GNU/Linux wheezy/sid armel ttyS0
Diff for ./tegra30-beaver/tegra30-beaver/multi_v7_defconfig_log.txt
--- /tmp/fooa	2013-08-18 15:39:41.389003135 -0700
+++ /tmp/foob	2013-08-18 15:39:41.393003183 -0700
@@ -22,8 +22,8 @@
 Sending: 
 
 Transfer complete
-xyzModem - CRC mode, 9(SOH)/3872(STX)/0(CAN) packets, 3 retries
-## Total Size      = 0x003c8348 = 3965768 Bytes
+yzModem - CRC mode, 5(SOH)/3873(STX)/0(CAN) packets, 3 retries
+## Total Size      = 0x003c8528 = 3966248 Bytes
 Tegra30 (Beaver) # loady 0x82000000
 ## Ready for binary (ymodem) download to 0x82000000 at 230400 bps...
 CSending: tegra30-beaver.dtb
@@ -40,7 +40,7 @@
 Starting kernel ...
 
 Booting Linux on physical CPU 0x0
-Linux version 3.11.0-rc5-12024-gd4e4ab8 (pwalmsley@tamien) (gcc version 4.5.1 (Sourcery G++ Lite 2010.09-50) ) #1 SMP Sun Aug 11 18:37:17 PDT 2013
+Linux version 3.11.0-rc6-12195-gb36f4be (pwalmsley@tamien) (gcc version 4.5.1 (Sourcery G++ Lite 2010.09-50) ) #1 SMP Sun Aug 18 15:07:15 PDT 2013
 CPU: ARMv7 Processor [412fc099] revision 9 (ARMv7), cr=10c5387d
 CPU: PIPT / VIPT nonaliasing data cache, VIPT aliasing instruction cache
 Machine: NVIDIA Tegra SoC (Flattened Device Tree), model: NVIDIA Tegra30 Beaver evaluation board
@@ -73,7 +73,7 @@
     vmalloc : 0xf0000000 - 0xff000000   ( 240 MB)
     lowmem  : 0xc0000000 - 0xef800000   ( 760 MB)
     pkmap   : 0xbfe00000 - 0xc0000000   (   2 MB)
-      .text : 0xc0008000 - 0xc06ab024   (6797 kB)
+      .text : 0xc0008000 - 0xc06ab060   (6797 kB)
       .init : 0xc06ac000 - 0xc0723c00   ( 479 kB)
       .data : 0xc0724000 - 0xc07b6140   ( 585 kB)
        .bss : 0xc07b6140 - 0xc07fbe14   ( 280 kB)
@@ -87,16 +87,15 @@
 Mount-cache hash table entries: 512
 CPU: Testing write buffer coherency: ok
 CPU0: thread -1, cpu 0, socket 0, mpidr 80000000
-Setting up static identity map for 0xc051c398 - 0xc051c430
+Setting up static identity map for 0xc051c7e8 - 0xc051c880
 unable to find compatible sirf rstc node in dtb
-CPU1: Booted secondary processor
-CPU1: thread -1, cpu 1, socket 0, mpidr 80000001
+CPU1: failed to boot: -110
 CPU2: Booted secondary processor
 CPU2: thread -1, cpu 2, socket 0, mpidr 80000002
 CPU3: Booted secondary processor
 CPU3: thread -1, cpu 3, socket 0, mpidr 80000003
-Brought up 4 CPUs
-SMP: Total of 4 processors activated (5590.22 BogoMIPS).
+Brought up 3 CPUs
+SMP: Total of 3 processors activated (4192.66 BogoMIPS).
 CPU: All CPU(s) started in SVC mode.
 devtmpfs: initialized
 pinctrl core: initialized pinctrl subsystem
@@ -209,7 +208,7 @@
 reg-fixed-voltage 7.regulator: Failed to find supply vin
 reg-fixed-voltage 7.regulator: Failed to register regulator: -517
 platform 7.regulator: Driver reg-fixed-voltage requests probe deferral
-tegra_rtc 7000e000.rtc: setting system clock to 1970-01-01 00:03:25 UTC (205)
+tegra_rtc 7000e000.rtc: setting system clock to 1970-01-01 00:03:24 UTC (204)
 Waiting for root device /dev/mmcblk0p1...
 mmc1: new high speed MMC card at address 0001
 mmcblk0: mmc1:0001 SEM16G 14.8 GiB 
@@ -236,7 +235,7 @@
  
 INIT: version 2.88 booting
 Using makefile-style concurrent boot in runlevel S.
-Starting the hotplug events dispatcher: udevd[    2.135765] udevd[159]: starting version 175
+Starting the hotplug events dispatcher: udevd[    2.190497] udevd[158]: starting version 175
 [ ok .
 Synthesizing the initial hotplug events...[ ok done.
 Waiting for /dev to be fully populated...[ ok done.
Diff for ./tegra114-dalmore-headless/tegra114-dalmore/tegra_defconfig_log.txt
--- /tmp/fooa	2013-08-18 15:39:41.397003202 -0700
+++ /tmp/foob	2013-08-18 15:39:41.401003210 -0700
@@ -30,7 +30,7 @@
 Load address: 0x81000000
 Loading: *#################################################  2.8 MiB/s
 done
-Bytes transferred = 4327048 (420688 hex)
+Bytes transferred = 4327904 (4209e0 hex)
 Dalmore #tftpboot 0x82000000 tegra114-dalmore.dtb
 Using asx0 device
 TFTP from server 192.168.100.1; our IP address is 192.168.100.100
@@ -49,15 +49,15 @@
 Timer summary in microseconds:
        Mark    Elapsed  Stage
           0          0  awake
-  3,084,663  3,084,663  usb_start
-  7,087,864  4,003,201  eth_start
-  7,087,861         -3  tftp start
- 11,002,411  3,914,550  tftp done
- 13,099,939  2,097,528  start_kernel
+  3,040,242  3,040,242  usb_start
+  7,043,294  4,003,052  eth_start
+  7,043,291         -3  tftp start
+ 10,957,490  3,914,199  tftp done
+ 13,055,358  2,097,868  start_kernel
 Booting Linux on physical CPU 0x0
 Initializing cgroup subsys cpu
 Initializing cgroup subsys cpuacct
-Linux version 3.11.0-rc5-12024-gd4e4ab8 (pwalmsley@tamien) (gcc version 4.5.1 (Sourcery G++ Lite 2010.09-50) ) #1 SMP PREEMPT Sun Aug 11 18:34:07 PDT 2013
+Linux version 3.11.0-rc6-12195-gb36f4be (pwalmsley@tamien) (gcc version 4.5.1 (Sourcery G++ Lite 2010.09-50) ) #1 SMP PREEMPT Sun Aug 18 15:04:10 PDT 2013
 CPU: ARMv7 Processor [412fc0f2] revision 2 (ARMv7), cr=10c5387d
 CPU: PIPT / VIPT nonaliasing data cache, PIPT instruction cache
 Machine: NVIDIA Tegra SoC (Flattened Device Tree), model: NVIDIA Tegra114 Dalmore evaluation board
@@ -88,7 +88,7 @@
     lowmem  : 0xc0000000 - 0xef800000   ( 760 MB)
     pkmap   : 0xbfe00000 - 0xc0000000   (   2 MB)
     modules : 0xbf000000 - 0xbfe00000   (  14 MB)
-      .text : 0xc0008000 - 0xc077ae84   (7628 kB)
+      .text : 0xc0008000 - 0xc077ae7c   (7628 kB)
       .init : 0xc077b000 - 0xc07b6500   ( 238 kB)
       .data : 0xc07b8000 - 0xc0802e60   ( 300 kB)
        .bss : 0xc0802e60 - 0xc08586d0   ( 343 kB)
@@ -110,7 +110,7 @@
 /cpus/cpu@2 missing clock-frequency property
 /cpus/cpu@3 missing clock-frequency property
 CPU0: thread -1, cpu 0, socket 0, mpidr 80000000
-Setting up static identity map for 0xc0597270 - 0xc0597308
+Setting up static identity map for 0xc0597568 - 0xc0597600
 CPU1: Booted secondary processor
 CPU1: thread -1, cpu 1, socket 0, mpidr 80000001
 CPU2: Booted secondary processor
@@ -260,6 +260,8 @@
  mmcblk0: p1 p2 p3 p4 p5
  mmcblk0boot1: unknown partition table
  mmcblk0boot0: unknown partition table
+rt5640 0-001c: ASoC: mux INR Mux has no paths
+rt5640 0-001c: ASoC: mux INL Mux has no paths
 tegra-snd-rt5640 sound.3:  rt5640-aif1 <-> 70080400.i2s mapping ok
 input: NVIDIA Tegra Dalmore Headphones as /devices/soc0/sound.3/sound/card0/input0
 TCP: cubic registered
Diff for ./tegra114-dalmore-headless/tegra114-dalmore/multi_v7_defconfig_log.txt
--- /tmp/fooa	2013-08-18 15:39:41.409003191 -0700
+++ /tmp/foob	2013-08-18 15:39:41.409003191 -0700
@@ -11,7 +11,7 @@
 Err:   serial
 Net:   Net Initialization Skipped
 No ethernet found.
-Hit any key to stop autoboot:  2  0 
+Hit any key to stop autoboot:  2  1  0 
 Dalmore #
 Dalmore #usb reset
 (Re)start USB...
@@ -30,13 +30,13 @@
 Load address: 0x81000000
 Loading: *#################################################  2.8 MiB/s
 done
-Bytes transferred = 3965768 (3c8348 hex)
+Bytes transferred = 3966248 (3c8528 hex)
 Dalmore #tftpboot 0x82000000 tegra114-dalmore.dtb
 Using asx0 device
 TFTP from server 192.168.100.1; our IP address is 192.168.100.100
 Filename 'tegra114-dalmore.dtb'.
 Load address: 0x82000000
-Loading: *#################################################  2.5 MiB/s
+Loading: *#################################################  2.3 MiB/s
 done
 Bytes transferred = 24048 (5df0 hex)
 Dalmore #bootz 0x81000000 - 0x82000000
@@ -49,13 +49,13 @@
 Timer summary in microseconds:
        Mark    Elapsed  Stage
           0          0  awake
-  2,325,593  2,325,593  usb_start
-  6,329,150  4,003,557  eth_start
-  6,329,147         -3  tftp start
- 10,111,337  3,782,190  tftp done
- 11,341,050  1,229,713  start_kernel
+  3,033,944  3,033,944  usb_start
+  7,037,257  4,003,313  eth_start
+  7,037,255         -2  tftp start
+ 10,879,186  3,841,931  tftp done
+ 13,049,088  2,169,902  start_kernel
 Booting Linux on physical CPU 0x0
-Linux version 3.11.0-rc5-12024-gd4e4ab8 (pwalmsley@tamien) (gcc version 4.5.1 (Sourcery G++ Lite 2010.09-50) ) #1 SMP Sun Aug 11 18:37:17 PDT 2013
+Linux version 3.11.0-rc6-12195-gb36f4be (pwalmsley@tamien) (gcc version 4.5.1 (Sourcery G++ Lite 2010.09-50) ) #1 SMP Sun Aug 18 15:07:15 PDT 2013
 CPU: ARMv7 Processor [412fc0f2] revision 2 (ARMv7), cr=10c5387d
 CPU: PIPT / VIPT nonaliasing data cache, PIPT instruction cache
 Machine: NVIDIA Tegra SoC (Flattened Device Tree), model: NVIDIA Tegra114 Dalmore evaluation board
@@ -84,7 +84,7 @@
     vmalloc : 0xf0000000 - 0xff000000   ( 240 MB)
     lowmem  : 0xc0000000 - 0xef800000   ( 760 MB)
     pkmap   : 0xbfe00000 - 0xc0000000   (   2 MB)
-      .text : 0xc0008000 - 0xc06ab024   (6797 kB)
+      .text : 0xc0008000 - 0xc06ab060   (6797 kB)
       .init : 0xc06ac000 - 0xc0723c00   ( 479 kB)
       .data : 0xc0724000 - 0xc07b6140   ( 585 kB)
        .bss : 0xc07b6140 - 0xc07fbe14   ( 280 kB)
@@ -105,7 +105,7 @@
 /cpus/cpu@2 missing clock-frequency property
 /cpus/cpu@3 missing clock-frequency property
 CPU0: thread -1, cpu 0, socket 0, mpidr 80000000
-Setting up static identity map for 0xc051c398 - 0xc051c430
+Setting up static identity map for 0xc051c7e8 - 0xc051c880
 unable to find compatible sirf rstc node in dtb
 CPU1: Booted secondary processor
 CPU1: thread -1, cpu 1, socket 0, mpidr 80000001
@@ -228,7 +228,7 @@
 reg-fixed-voltage 5.regulator: Failed to register regulator: -517
 mmc1: BKOPS_EN bit is not set
 platform 5.regulator: Driver reg-fixed-voltage requests probe deferral
-tegra_rtc 7000e000.rtc: setting system clock to 1970-01-01 00:00:13 UTC (13)
+tegra_rtc 7000e000.rtc: setting system clock to 1970-01-01 00:00:15 UTC (15)
 Waiting for root device /dev/mmcblk0p1...
 mmc1: new HS200 MMC card at address 0001
 mmcblk0: mmc1:0001 SEM32G 29.1 GiB 
