
U-Boot SPL 2014.01-00219-gc4d376f (Feb 18 2014 - 19:57:32)


U-Boot 2014.01-00219-gc4d376f (Feb 18 2014 - 19:57:32)

TEGRA114
Board: NVIDIA Dalmore
I2C:   ready
DRAM:  2 GiB
MMC:   Tegra SD/MMC: 0, Tegra SD/MMC: 1
In:    serial
Out:   serial
Err:   serial
Net:   Net Initialization Skipped
No ethernet found.
Hit any key to stop autoboot:  2  0 
Tegra114 (Dalmore) # 
Tegra114 (Dalmore) # usb reset
(Re)start USB...
USB0:   USB EHCI 1.10
scanning bus 0 for devices... 2 USB Device(s) found
       scanning usb for storage devices... 0 Storage Device(s) found
       scanning usb for ethernet devices... 
Warning: asx0 using MAC address from net device
1 Ethernet Device(s) found
Tegra114 (Dalmore) # setenv bootargs 'ignore_loglevel console=ttyS0,115200n8 rw root=PARTUUID=7369c667-ff51-ec4a-29cd-baabf2fbe346 rootwait gpt debug earlyprintk init=/bin/bash'
Tegra114 (Dalmore) # setenv ipaddr 192.168.100.100; setenv serverip 192.168.100.1; setenv tftpserverip 192.168.100.1
Tegra114 (Dalmore) # tftpboot 0x81000000 zImage.tegra_defconfig
Using asx0 device
TFTP from server 192.168.100.1; our IP address is 192.168.100.100
Filename 'zImage.tegra_defconfig'.
Load address: 0x81000000
Loading: *#################################################################
	 #################################################################
	 #################################################################
	 #################################################################
	 #################################################################
	 ###############################################
	 3.3 MiB/s
done
Bytes transferred = 5455688 (533f48 hex)
Tegra114 (Dalmore) # tftpboot 0x82000000 tegra114-dalmore.dtb
Using asx0 device
TFTP from server 192.168.100.1; our IP address is 192.168.100.100
Filename 'tegra114-dalmore.dtb'.
Load address: 0x82000000
Loading: *###
	 3 MiB/s
done
Bytes transferred = 35044 (88e4 hex)
Tegra114 (Dalmore) # bootz 0x81000000 - 0x82000000
Kernel image @ 0x81000000 [ 0x000000 - 0x533f48 ]
## Flattened Device Tree blob at 82000000
   Booting using the fdt blob at 0x82000000
   Loading Device Tree to 8fff4000, end 8ffff8e3 ... OK

Starting kernel ...

Uncompressing Linux... done, booting the kernel.
[    0.000000] Booting Linux on physical CPU 0x0
[    0.000000] Linux version 4.9.0-129023-g69973b8 (pwalmsley@kaivo) (gcc version 4.7.3 20130328 (prerelease) (crosstool-NG linaro-1.13.1-4.7-2013.04-20130415 - Linaro GCC 2013.04) ) #1 SMP PREEMPT Sun Dec 11 12:34:12 PST 2016
[    0.000000] CPU: ARMv7 Processor [412fc0f2] revision 2 (ARMv7), cr=10c5387d
[    0.000000] CPU: div instructions available: patching division code
[    0.000000] CPU: PIPT / VIPT nonaliasing data cache, PIPT instruction cache
[    0.000000] OF: fdt:Machine model: NVIDIA Tegra114 Dalmore evaluation board
[    0.000000] debug: ignoring loglevel setting.
[    0.000000] bootconsole [earlycon0] enabled
[    0.000000] cma: Reserved 64 MiB at 0xfbc00000
[    0.000000] Memory policy: Data cache writealloc
[    0.000000] On node 0 totalpages: 524032
[    0.000000] free_area_init_node: node 0, pgdat c0d5d780, node_mem_map eeff7000
[    0.000000]   Normal zone: 1536 pages used for memmap
[    0.000000]   Normal zone: 0 pages reserved
[    0.000000]   Normal zone: 196608 pages, LIFO batch:31
[    0.000000]   HighMem zone: 327424 pages, LIFO batch:31
[    0.000000] percpu: Embedded 14 pages/cpu @eefa3000 s26176 r8192 d22976 u57344
[    0.000000] pcpu-alloc: s26176 r8192 d22976 u57344 alloc=14*4096
[    0.000000] pcpu-alloc: [0] 0 [0] 1 [0] 2 [0] 3 
[    0.000000] Built 1 zonelists in Zone order, mobility grouping on.  Total pages: 522496
[    0.000000] Kernel command line: ignore_loglevel console=ttyS0,115200n8 rw root=PARTUUID=7369c667-ff51-ec4a-29cd-baabf2fbe346 rootwait gpt debug earlyprintk init=/bin/bash
[    0.000000] PID hash table entries: 4096 (order: 2, 16384 bytes)
[    0.000000] Dentry cache hash table entries: 131072 (order: 7, 524288 bytes)
[    0.000000] Inode-cache hash table entries: 65536 (order: 6, 262144 bytes)
[    0.000000] Memory: 1999964K/2096128K available (8192K kernel code, 379K rwdata, 2444K rodata, 1024K init, 370K bss, 30628K reserved, 65536K cma-reserved, 1244160K highmem)
[    0.000000] Virtual kernel memory layout:
[    0.000000]     vector  : 0xffff0000 - 0xffff1000   (   4 kB)
[    0.000000]     fixmap  : 0xffc00000 - 0xfff00000   (3072 kB)
[    0.000000]     vmalloc : 0xf0800000 - 0xff800000   ( 240 MB)
[    0.000000]     lowmem  : 0xc0000000 - 0xf0000000   ( 768 MB)
[    0.000000]     pkmap   : 0xbfe00000 - 0xc0000000   (   2 MB)
[    0.000000]     modules : 0xbf000000 - 0xbfe00000   (  14 MB)
[    0.000000]       .text : 0xc0008000 - 0xc0900000   (9184 kB)
[    0.000000]       .init : 0xc0c00000 - 0xc0d00000   (1024 kB)
[    0.000000]       .data : 0xc0d00000 - 0xc0d5ee20   ( 380 kB)
[    0.000000]        .bss : 0xc0d60000 - 0xc0dbca90   ( 371 kB)
[    0.000000] Preemptible hierarchical RCU implementation.
[    0.000000] 	Build-time adjustment of leaf fanout to 32.
[    0.000000] NR_IRQS:16 nr_irqs:16 16
[    0.000000] /interrupt-controller@60004000: 160 interrupts forwarded to /interrupt-controller@50041000
[    0.000000] Tegra clk 127: register failed with -17
[    0.000007] sched_clock: 32 bits at 1000kHz, resolution 1000ns, wraps every 2147483647500ns
[    0.007487] clocksource: timer_us: mask: 0xffffffff max_cycles: 0xffffffff, max_idle_ns: 1911260446275 ns
[    0.017105] Switching to timer-based delay loop, resolution 1000ns
[    0.024176] arm_arch_timer: Architected cp15 timer(s) running at 12.00MHz (virt).
[    0.030887] clocksource: arch_sys_counter: mask: 0xffffffffffffff max_cycles: 0x2c47f4ee7, max_idle_ns: 440795202497 ns
[    0.041721] sched_clock: 56 bits at 12MHz, resolution 83ns, wraps every 4398046511096ns
[    0.049775] Switching to timer-based delay loop, resolution 83ns
[    0.056297] Console: colour dummy device 80x30
[    0.060365] Calibrating delay loop (skipped), value calculated using timer frequency.. 24.00 BogoMIPS (lpj=120000)
[    0.070745] pid_max: default: 32768 minimum: 301
[    0.076010] Mount-cache hash table entries: 2048 (order: 1, 8192 bytes)
[    0.082116] Mountpoint-cache hash table entries: 2048 (order: 1, 8192 bytes)
[    0.090681] CPU: Testing write buffer coherency: ok
[    0.094423] /cpus/cpu@0 missing clock-frequency property
[    0.099535] /cpus/cpu@1 missing clock-frequency property
[    0.104932] /cpus/cpu@2 missing clock-frequency property
[    0.110285] /cpus/cpu@3 missing clock-frequency property
[    0.115655] CPU0: thread -1, cpu 0, socket 0, mpidr 80000000
[    0.121374] Setting up static identity map for 0x80100000 - 0x80100098
[    0.208517] Tegra Revision: A01 SKU: 0 CPU Process: 1 SoC Process: 0
[    0.278683] CPU1: thread -1, cpu 1, socket 0, mpidr 80000001
[    0.348784] CPU2: thread -1, cpu 2, socket 0, mpidr 80000002
[    0.418897] CPU3: thread -1, cpu 3, socket 0, mpidr 80000003
[    0.419001] Brought up 4 CPUs
[    0.437309] SMP: Total of 4 processors activated (96.00 BogoMIPS).
[    0.443559] CPU: All CPU(s) started in SVC mode.
[    0.450104] devtmpfs: initialized
[    0.483158] VFP support v0.3: implementor 41 architecture 4 part 30 variant f rev 0
[    0.489600] clocksource: jiffies: mask: 0xffffffff max_cycles: 0xffffffff, max_idle_ns: 19112604462750000 ns
[    0.500184] pinctrl core: initialized pinctrl subsystem
[    0.506076] NET: Registered protocol family 16
[    0.510025] DMA: preallocated 256 KiB pool for atomic coherent allocations
[    0.548967] cpuidle: using governor menu
[    0.602013] No ATAGs?[    0.602223] hw-breakpoint: found 5 (+1 reserved) breakpoint and 4 watchpoint registers.
[    0.610282] hw-breakpoint: maximum watchpoint size is 8 bytes.
[    0.617291] tegra-mc 70019000.memory-controller: no memory timings for RAM code 3 registered
[    0.677857] dvdd_ts: Failed to request enable GPIO61: -517
[    0.681522] reg-fixed-voltage regulators:regulator@1: Failed to register regulator: -517
[    0.689847] usb1_vbus: Failed to request enable GPIO108: -517
[    0.695473] reg-fixed-voltage regulators:regulator@3: Failed to register regulator: -517
[    0.703766] usb2_vbus: Failed to request enable GPIO86: -517
[    0.709340] reg-fixed-voltage regulators:regulator@4: Failed to register regulator: -517
[    0.718272] VDD_5V0_HDMI_CON: Failed to request enable GPIO81: -517
[    0.723813] reg-fixed-voltage regulators:regulator@7: Failed to register regulator: -517
[    0.733760] vgaarb: loaded
[    0.735877] SCSI subsystem initialized
[    0.738826] libata version 3.00 loaded.
[    0.743151] usbcore: registered new interface driver usbfs
[    0.748154] usbcore: registered new interface driver hub
[    0.753537] usbcore: registered new device driver usb
[    0.763224] tps65090 2-0048: No cache defaults, reading back from HW
[    0.769960] TPS65090_RAILSDCDC1: supplied by vdd_ac_bat
[    0.774174] vdd_hdmi_5v0: supplied by vdd-sys-5v0
[    0.778955] TPS65090_RAILSDCDC2: supplied by vdd_ac_bat
[    0.784772] TPS65090_RAILSDCDC3: supplied by vdd_ac_bat
[    0.789525] TPS65090_RAILSFET1: supplied by vdd_ac_bat
[    0.794546] TPS65090_RAILSFET2: supplied by vdd_ac_bat
[    0.799744] TPS65090_RAILSFET3: supplied by vdd-sys-3v3
[    0.805192] TPS65090_RAILSFET4: supplied by vdd-sys-3v3
[    0.810479] TPS65090_RAILSFET5: supplied by vdd-sys-3v3
[    0.815763] TPS65090_RAILSFET6: supplied by vdd-sys-3v3
[    0.821390] TPS65090_RAILSFET7: supplied by vdd-sys-3v3
[    0.826325] TPS65090_RAILSLDO1: supplied by vdd_ac_bat
[    0.831220] TPS65090_RAILSLDO2: supplied by vdd_ac_bat
[    0.837338] palmas 2-0058: Irq flag is 0x00000004
[    0.843242] palmas 2-0058: Muxing GPIO ff, PWM 0, LED 0
[    0.849675] SMPS12: supplied by vdd-ao
[    0.853569] SMPS3: supplied by vdd-ao
[    0.857503] SMPS457: supplied by vdd-sys-3v3
[    0.863484] SMPS8: supplied by vdd-sys-3v3
[    0.866756] random: fast init done
[    0.870177] SMPS9: supplied by vdd-sys-3v3
[    0.873944] sdhci-vdd-sd-slot: Bringing 2840000uV into 2800000-2800000uV
[    0.883903] LDO1: supplied by vdd-sys-3v3
[    0.887600] LDO2: supplied by vdd-sys-3v3
[    0.891685] LDO3: supplied by vddio-1v8
[    0.895587] LDO4: supplied by vdd-sys-3v3
[    0.899649] LDO5: supplied by vdd_ac_bat
[    0.903184] LDO6: supplied by vdd-sys-3v3
[    0.906758] vdd-sensor-2v85: Bringing 2900000uV into 2850000-2850000uV
[    0.914503] LDO7: supplied by vdd-sys-3v3
[    0.918932] LDO8: supplied by vdd-ao
[    0.921235] vdd-rtc: Bringing 675000uV into 900000-900000uV
[    0.937910] LDO9: supplied by sdhci-vdd-sd-slot
[    0.948258] LDOLN: supplied by vdd-sys-5v0
[    0.952051] LDOUSB: supplied by vdd-sys-5v0
[    0.962350] Linux video capture interface: v2.00
[    0.965246] pps_core: LinuxPPS API ver. 1 registered
[    0.970190] pps_core: Software ver. 5.3.6 - Copyright 2005-2007 Rodolfo Giometti <giometti@linux.it>
[    0.979407] PTP clock support registered
[    0.984376] Advanced Linux Sound Architecture Driver Initialized.
[    0.991195] Bluetooth: Core ver 2.22
[    0.993200] NET: Registered protocol family 31
[    0.997661] Bluetooth: HCI device and connection manager initialized
[    1.004069] Bluetooth: HCI socket layer initialized
[    1.009024] Bluetooth: L2CAP socket layer initialized
[    1.014152] Bluetooth: SCO socket layer initialized
[    1.020706] clocksource: Switched to clocksource arch_sys_counter
[    1.050201] NET: Registered protocol family 2
[    1.054102] TCP established hash table entries: 8192 (order: 3, 32768 bytes)
[    1.059930] TCP bind hash table entries: 8192 (order: 4, 65536 bytes)
[    1.066542] TCP: Hash tables configured (established 8192 bind 8192)
[    1.073195] UDP hash table entries: 512 (order: 2, 16384 bytes)
[    1.078764] UDP-Lite hash table entries: 512 (order: 2, 16384 bytes)
[    1.085586] NET: Registered protocol family 1
[    1.090426] RPC: Registered named UNIX socket transport module.
[    1.095573] RPC: Registered udp transport module.
[    1.100312] RPC: Registered tcp transport module.
[    1.105094] RPC: Registered tcp NFSv4.1 backchannel transport module.
[    1.111598] PCI: CLS 0 bytes, default 64
[    1.119993] futex hash table entries: 1024 (order: 4, 65536 bytes)
[    1.125468] workingset: timestamp_bits=30 max_order=19 bucket_order=0
[    1.132385] squashfs: version 4.0 (2009/01/31) Phillip Lougher
[    1.137638] NFS: Registering the id_resolver key type
[    1.141960] Key type id_resolver registered
[    1.146096] Key type id_legacy registered
[    1.154356] bounce: pool size: 64 pages
[    1.156370] io scheduler noop registered (default)
[    1.186392] tegra-apbdma 6000a000.dma: Tegra20 APB DMA driver register 32 channels
[    1.192962] tegra-pmc 7000e400.pmc: i2c-thermtrip node not found, emergency thermal reset disabled.
[    1.202021] Serial: 8250/16550 driver, 4 ports, IRQ sharing disabled
[    1.211546] console [ttyS0] disabled
[    1.213342] 70006300.serial: ttyS0 at MMIO 0x70006300 (irq = 329, base_baud = 25500000) is a Tegra
[    1.222400] console [ttyS0] enabled
[    1.222400] console [ttyS0] enabled
[    1.228639] bootconsole [earlycon0] disabled
[    1.228639] bootconsole [earlycon0] disabled
[    1.239740] [drm] Initialized
[    1.243934] tegra-hdmi 54280000.hdmi: failed to get HDMI regulator
[    1.275092] loop: module loaded
[    1.291653] m25p80 spi32766.0: w25q32dw (4096 Kbytes)
[    1.300626] libphy: Fixed MDIO Bus: probed
[    1.304744] CAN device driver interface
[    1.308681] igb: Intel(R) Gigabit Ethernet Network Driver - version 5.4.0-k
[    1.315647] igb: Copyright (c) 2007-2014 Intel Corporation.
[    1.321571] pegasus: v0.9.3 (2013/04/25), Pegasus/Pegasus II USB Ethernet driver
[    1.329081] usbcore: registered new interface driver pegasus
[    1.334916] usbcore: registered new interface driver asix
[    1.340434] usbcore: registered new interface driver ax88179_178a
[    1.346654] usbcore: registered new interface driver cdc_ether
[    1.352661] usbcore: registered new interface driver smsc75xx
[    1.358563] usbcore: registered new interface driver smsc95xx
[    1.364436] usbcore: registered new interface driver net1080
[    1.370212] usbcore: registered new interface driver cdc_subset
[    1.376258] usbcore: registered new interface driver zaurus
[    1.382008] usbcore: registered new interface driver cdc_ncm
[    1.388112] ehci_hcd: USB 2.0 'Enhanced' Host Controller (EHCI) Driver
[    1.394661] ehci-pci: EHCI PCI platform driver
[    1.399223] tegra-ehci: Tegra EHCI driver
[    1.404144] usbcore: registered new interface driver cdc_acm
[    1.409794] cdc_acm: USB Abstract Control Model driver for USB modems and ISDN adapters
[    1.417927] usbcore: registered new interface driver cdc_wdm
[    1.423765] usbcore: registered new interface driver usb-storage
[    1.430562] mousedev: PS/2 mouse device common for all mice
[    1.441477] palmas-rtc 7000d000.i2c:tps65913@58:rtc: rtc core: registered 7000d000.i2c:tps659 as rtc0
[    1.452604] tegra_rtc 7000e000.rtc: rtc core: registered 7000e000.rtc as rtc1
[    1.459825] tegra_rtc 7000e000.rtc: Tegra internal Real Time Clock
[    1.466396] i2c /dev entries driver
[    1.471563] usbcore: registered new interface driver uvcvideo
[    1.477299] USB Video Class driver (1.1.1)
[    1.481416] gspca_main: v2.14.0 registered
[    1.486543] sbs-battery 0-000b: sbs_probe: Failed to get device status
[    1.493104] sbs-battery: probe of 0-000b failed with error -121
[    1.505494] tegra-wdt 60005000.timer: initialized (heartbeat = 120 sec, nowayout = 0)
[    1.514216] sdhci: Secure Digital Host Controller Interface driver
[    1.520386] sdhci: Copyright(c) Pierre Ossman
[    1.524756] sdhci-pltfm: SDHCI platform and OF driver helper
[    1.530796] sdhci-tegra 78000400.sdhci: Got CD GPIO
[    1.535687] sdhci-tegra 78000400.sdhci: Got WP GPIO
[    1.541784] mmc0: Invalid maximum block size, assuming 512 bytes
[    1.610980] mmc0: SDHCI controller on 78000400.sdhci [78000400.sdhci] using ADMA
[    1.618736] mmc1: Invalid maximum block size, assuming 512 bytes
[    1.690767] mmc1: SDHCI controller on 78000600.sdhci [78000600.sdhci] using ADMA
[    1.699189] usbcore: registered new interface driver usbhid
[    1.704841] usbhid: USB HID core driver
[    1.752083] mmc0: new high speed SDHC card at address aaaa
[    1.758595] mmcblk0: mmc0:aaaa SL16G 14.8 GiB 
[    1.778290] mmc1: new high speed MMC card at address 0001
[    1.784781] mmcblk1: mmc1:0001 SEM32G 29.1 GiB 
[    1.789864] mmcblk1boot0: mmc1:0001 SEM32G partition 1 4.00 MiB
[    1.796324] mmcblk1boot1: mmc1:0001 SEM32G partition 2 4.00 MiB
[    1.802746] mmcblk1rpmb: mmc1:0001 SEM32G partition 3 4.00 MiB
[    1.808715]  mmcblk0: p1 p2 p3
[    1.816707]  mmcblk1: p1 p2 p3 p4 p5 p6 p7 p8
[    2.143843] tegra30-i2s 70080400.i2s: DMA channels sourced from device 70080000.ahub
[    2.161695] tegra-snd-rt5640 sound: rt5640-aif1 <-> 70080400.i2s mapping ok
[    2.174201] input: NVIDIA Tegra Dalmore Headphones as /devices/soc0/sound/sound/card0/input0
[    2.185237] NET: Registered protocol family 10
[    2.191398] mip6: Mobile IPv6
[    2.194364] sit: IPv6, IPv4 and MPLS over IPv4 tunneling driver
[    2.203503] NET: Registered protocol family 17
[    2.207976] NET: Registered protocol family 15
[    2.212439] can: controller area network core (rev 20120528 abi 9)
[    2.218798] NET: Registered protocol family 29
[    2.223260] can: raw protocol (rev 20120528)
[    2.227525] can: broadcast manager protocol (rev 20161123 t)
[    2.233210] can: netlink gateway (rev 20130117) max_hops=1
[    2.238903] Bluetooth: RFCOMM socket layer initialized
[    2.244077] Bluetooth: RFCOMM ver 1.11
[    2.247831] Bluetooth: BNEP (Ethernet Emulation) ver 1.3
[    2.253170] Bluetooth: BNEP socket layer initialized
[    2.258127] Bluetooth: HIDP (Human Interface Emulation) ver 1.2
[    2.264069] Bluetooth: HIDP socket layer initialized
[    2.269339] Key type dns_resolver registered
[    2.274986] Registering SWP/SWPB emulation handler
[    2.298116] usb1_vbus: supplied by vdd-sys-5v0
[    2.303778] usb2_vbus: supplied by vdd-sys-5v0
[    2.311512] VDD_5V0_HDMI_CON: supplied by vdd-sys-5v0
[    2.323513] [drm] Supports vblank timestamp caching Rev 2 (21.10.2013).
[    2.330123] [drm] No driver support for vblank timestamp query.
[    2.397887] Console: switching to colour frame buffer device 240x75
[    2.425472] drm drm: fb0:  frame buffer device
[    2.460845] [drm] Initialized tegra 0.0.0 20120330 on minor 0
[    2.470300] tegra-ehci 7d008000.usb: EHCI Host Controller
[    2.475830] tegra-ehci 7d008000.usb: new USB bus registered, assigned bus number 1
[    2.483875] tegra-ehci 7d008000.usb: irq 339, io mem 0x7d008000
[    2.510842] tegra-ehci 7d008000.usb: USB 2.0 started, EHCI 1.10
[    2.518844] hub 1-0:1.0: USB hub found
[    2.522725] hub 1-0:1.0: 1 port detected
[    2.529185] input: gpio-keys as /devices/soc0/gpio-keys/input/input1
[    2.538687] palmas-rtc 7000d000.i2c:tps65913@58:rtc: setting system clock to 2000-10-05 08:03:41 UTC (970733021)
[    2.554411] dvdd_ts: disabling
[    2.557470] usb1_vbus: disabling
[    2.560783] vdd_cam_1v8_reg: disabling
[    2.564547] ALSA device list:
[    2.567513]   #0: NVIDIA Tegra Dalmore
[    2.572846] EXT4-fs (mmcblk1p1): mounting ext3 file system using the ext4 subsystem
[    2.605903] EXT4-fs (mmcblk1p1): recovery complete
[    2.610789] EXT4-fs (mmcblk1p1): mounted filesystem with ordered data mode. Opts: (null)
[    2.618942] VFS: Mounted root (ext3 filesystem) on device 179:17.
[    2.630687] devtmpfs: mounted
[    2.634810] Freeing unused kernel memory: 1024K (c0c00000 - c0d00000)
bash: cannot set terminal process group (-1): Inappropriate ioctl for device
bash: no job control in this shell
root@(none):/# [    2.890865] usb 1-1: new high-speed USB device number 2 using tegra-ehci
[    3.568347] asix 1-1:1.0 eth0: register 'asix' at usb-7d008000.usb-1, ASIX AX88772 USB 2.0 Ethernet, 00:50:b6:0d:b5:16
mount -t sysfs none /sys
root@(none):/# 
root@(none):/# mount -t debugfs none /sys/kernel/debug
root@(none):/# 
root@(none):/# rtcwake -d rtc1 -m mem -s 3
rtcwake: assuming RTC uses UTC ...
rtcwake: wakeup from "mem" using /dev/rtc1 at Thu Jan  1 00:00:20 1970
[    6.224725] PM: Syncing filesystems ... done.
[    6.250888] Freezing user space processes ... (elapsed 0.009 seconds) done.
[    6.252308] Freezing remaining freezable tasks ... (elapsed 0.001 seconds) done.
[    6.252312] Suspending console(s) (use no_console_suspend to debug)
[    6.352998] PM: suspend of devices complete after 77.553 msecs
[    6.355162] PM: late suspend of devices complete after 2.147 msecs
[    6.356920] PM: noirq suspend of devices complete after 1.748 msecs
[    6.356924] Disabling non-boot CPUs ...
[    6.411387] IRQ17 no longer affine to CPU1
[    6.411712] CPU1: shutdown
[    6.521527] CPU2: shutdown
[    6.621432] CPU3: shutdown
[    6.673441] Entering suspend state LP1
[    6.673441] Suspended for 7.542 seconds
[    6.673487] Enabling non-boot CPUs ...
[    6.703848] CPU1 is up
[    6.744457] CPU2 is up
[    6.785219] CPU3 is up
[    6.786207] PM: noirq resume of devices complete after 0.978 msecs
[    6.788635] PM: early resume of devices complete after 1.788 msecs
[    7.372836] PM: resume of devices complete after 584.183 msecs
[    7.445765] Restarting tasks ... done.
root@(none):/# 
root@(none):/# rtcwake -d rtc1 -m mem -s 3
rtcwake: assuming RTC uses UTC ...
rtcwake: wakeup from "mem" using /dev/rtc1 at Thu Jan  1 00:00:30 1970
[    8.710863] PM: Syncing filesystems ... done.
[    8.732389] Freezing user space processes ... (elapsed 0.001 seconds) done.
[    8.733787] Freezing remaining freezable tasks ... (elapsed 0.001 seconds) done.
[    8.733792] Suspending console(s) (use no_console_suspend to debug)
[    8.842977] PM: suspend of devices complete after 82.609 msecs
[    8.845078] PM: late suspend of devices complete after 2.085 msecs
[    8.846824] PM: noirq suspend of devices complete after 1.736 msecs
[    8.846829] Disabling non-boot CPUs ...
[    8.881456] CPU1: shutdown
[    8.981465] CPU2: shutdown
[    9.081041] IRQ17 no longer affine to CPU3
[    9.081379] CPU3: shutdown
[    9.133255] Entering suspend state LP1
[    9.133255] Suspended for 8.123 seconds
[    9.133300] Enabling non-boot CPUs ...
[    9.163814] CPU1 is up
[    9.204410] CPU2 is up
[    9.245338] CPU3 is up
[    9.246334] PM: noirq resume of devices complete after 0.985 msecs
[    9.248418] PM: early resume of devices complete after 1.454 msecs
[    9.833965] PM: resume of devices complete after 585.530 msecs
[    9.906378] Restarting tasks ... done.
root@(none):/# 
root@(none):/# rtcwake -d rtc1 -m mem -s 3
rtcwake: assuming RTC uses UTC ...
rtcwake: wakeup from "mem" using /dev/rtc1 at Thu Jan  1 00:00:40 1970
[   10.588727] PM: Syncing filesystems ... done.
[   10.612334] Freezing user space processes ... (elapsed 0.001 seconds) done.
[   10.613755] Freezing remaining freezable tasks ... (elapsed 0.001 seconds) done.
[   10.613759] Suspending console(s) (use no_console_suspend to debug)
[   10.722691] PM: suspend of devices complete after 84.441 msecs
[   10.724475] PM: late suspend of devices complete after 1.774 msecs
[   10.726269] PM: noirq suspend of devices complete after 1.785 msecs
[   10.726273] Disabling non-boot CPUs ...
[   10.761434] CPU1: shutdown
[   10.861070] IRQ17 no longer affine to CPU2
[   10.861419] CPU2: shutdown
[   10.961330] CPU3: shutdown
[   11.013234] Entering suspend state LP1
[   11.013234] Suspended for 7.537 seconds
[   11.013279] Enabling non-boot CPUs ...
[   11.043752] CPU1 is up
[   11.084354] CPU2 is up
[   11.125102] CPU3 is up
[   11.126143] PM: noirq resume of devices complete after 1.030 msecs
[   11.128434] PM: early resume of devices complete after 1.642 msecs
[   11.711722] PM: resume of devices complete after 583.271 msecs
[   11.784194] Restarting tasks ... done.
root@(none):/# 
root@(none):/# rtcwake -d rtc1 -m mem -s 3
rtcwake: assuming RTC uses UTC ...
rtcwake: wakeup from "mem" using /dev/rtc1 at Thu Jan  1 00:00:50 1970
[   13.047009] PM: Syncing filesystems ... done.
[   13.072288] Freezing user space processes ... (elapsed 0.001 seconds) done.
[   13.073717] Freezing remaining freezable tasks ... (elapsed 0.001 seconds) done.
[   13.073721] Suspending console(s) (use no_console_suspend to debug)
[   13.182813] PM: suspend of devices complete after 86.252 msecs
[   13.184856] PM: late suspend of devices complete after 2.027 msecs
[   13.186693] PM: noirq suspend of devices complete after 1.828 msecs
[   13.186698] Disabling non-boot CPUs ...
[   13.221364] CPU1: shutdown
[   13.341363] CPU2: shutdown
[   13.420939] IRQ17 no longer affine to CPU3
[   13.421287] CPU3: shutdown
[   13.473153] Entering suspend state LP1
[   13.473153] Suspended for 8.123 seconds
[   13.473199] Enabling non-boot CPUs ...
[   13.503710] CPU1 is up
[   13.544306] CPU2 is up
[   13.585049] CPU3 is up
[   13.586103] PM: noirq resume of devices complete after 1.043 msecs
[   13.588823] PM: early resume of devices complete after 2.083 msecs
[   14.172966] PM: resume of devices complete after 584.127 msecs
[   14.245497] Restarting tasks ... done.
root@(none):/# 
root@(none):/# rtcwake -d rtc1 -m mem -s 3
rtcwake: assuming RTC uses UTC ...
rtcwake: wakeup from "mem" using /dev/rtc1 at Thu Jan  1 00:01:00 1970
[   14.941502] PM: Syncing filesystems ... done.
[   14.962233] Freezing user space processes ... (elapsed 0.001 seconds) done.
[   14.963665] Freezing remaining freezable tasks ... (elapsed 0.001 seconds) done.
[   14.963670] Suspending console(s) (use no_console_suspend to debug)
[   15.072930] PM: suspend of devices complete after 81.878 msecs
[   15.074758] PM: late suspend of devices complete after 1.812 msecs
[   15.076513] PM: noirq suspend of devices complete after 1.745 msecs
[   15.076517] Disabling non-boot CPUs ...
[   15.111320] CPU1: shutdown
[   15.221296] CPU2: shutdown
[   15.320875] IRQ17 no longer affine to CPU3
[   15.321223] CPU3: shutdown
[   15.373105] Entering suspend state LP1
[   15.373105] Suspended for 7.517 seconds
[   15.373151] Enabling non-boot CPUs ...
[   15.403660] CPU1 is up
[   15.444246] CPU2 is up
[   15.484994] CPU3 is up
[   15.485983] PM: noirq resume of devices complete after 0.978 msecs
[   15.488334] PM: early resume of devices complete after 1.703 msecs
[   16.072836] PM: resume of devices complete after 584.486 msecs
[   16.145280] Restarting tasks ... done.
root@(none):/# 
root@(none):/# rtcwake -d rtc1 -m mem -s 3
rtcwake: assuming RTC uses UTC ...
rtcwake: wakeup from "mem" using /dev/rtc1 at Thu Jan  1 00:01:10 1970
[   17.408201] PM: Syncing filesystems ... done.
[   17.432178] Freezing user space processes ... (elapsed 0.001 seconds) done.
[   17.433609] Freezing remaining freezable tasks ... (elapsed 0.001 seconds) done.
[   17.433613] Suspending console(s) (use no_console_suspend to debug)
[   17.542755] PM: suspend of devices complete after 85.010 msecs
[   17.544557] PM: late suspend of devices complete after 1.791 msecs
[   17.546333] PM: noirq suspend of devices complete after 1.768 msecs
[   17.546338] Disabling non-boot CPUs ...
[   17.581271] CPU1: shutdown
[   17.681236] CPU2: shutdown
[   17.780826] IRQ17 no longer affine to CPU3
[   17.781165] CPU3: shutdown
[   17.833083] Entering suspend state LP1
[   17.833083] Suspended for 8.123 seconds
[   17.833130] Enabling non-boot CPUs ...
[   17.863612] CPU1 is up
[   17.904198] CPU2 is up
[   17.944964] CPU3 is up
[   17.945975] PM: noirq resume of devices complete after 1.000 msecs
[   17.948288] PM: early resume of devices complete after 1.680 msecs
[   18.534062] PM: resume of devices complete after 585.758 msecs
[   18.606476] Restarting tasks ... done.
root@(none):/# 
root@(none):/# rtcwake -d rtc1 -m mem -s 3
rtcwake: assuming RTC uses UTC ...
rtcwake: wakeup from "mem" using /dev/rtc1 at Thu Jan  1 00:01:20 1970
[   19.286358] PM: Syncing filesystems ... done.
[   19.310573] Freezing user space processes ... (elapsed 0.009 seconds) done.
[   19.312034] Freezing remaining freezable tasks ... (elapsed 0.001 seconds) done.
[   19.312038] Suspending console(s) (use no_console_suspend to debug)
[   19.422920] PM: suspend of devices complete after 87.018 msecs
[   19.424818] PM: late suspend of devices complete after 1.881 msecs
[   19.426646] PM: noirq suspend of devices complete after 1.818 msecs
[   19.426651] Disabling non-boot CPUs ...
[   19.461207] CPU1: shutdown
[   19.561191] CPU2: shutdown
[   19.660773] IRQ17 no longer affine to CPU3
[   19.661134] CPU3: shutdown
[   19.712990] Entering suspend state LP1
[   19.712990] Suspended for 7.537 seconds
[   19.713035] Enabling non-boot CPUs ...
[   19.743553] CPU1 is up
[   19.784140] CPU2 is up
[   19.824888] CPU3 is up
[   19.825900] PM: noirq resume of devices complete after 1.001 msecs
[   19.828374] PM: early resume of devices complete after 1.830 msecs
[   20.413313] PM: resume of devices complete after 584.922 msecs
[   20.485733] Restarting tasks ... done.
root@(none):/# 
root@(none):/# rtcwake -d rtc1 -m mem -s 3
rtcwake: assuming RTC uses UTC ...
rtcwake: wakeup from "mem" using /dev/rtc1 at Thu Jan  1 00:01:30 1970
[   21.759922] PM: Syncing filesystems ... done.
[   21.782094] Freezing user space processes ... (elapsed 0.001 seconds) done.
[   21.783513] Freezing remaining freezable tasks ... (elapsed 0.001 seconds) done.
[   21.783518] Suspending console(s) (use no_console_suspend to debug)
[   21.902518] PM: suspend of devices complete after 93.139 msecs
[   21.904396] PM: late suspend of devices complete after 1.861 msecs
[   21.906137] PM: noirq suspend of devices complete after 1.731 msecs
[   21.906142] Disabling non-boot CPUs ...
[   21.951139] CPU1: shutdown
[   22.041136] CPU2: shutdown
[   22.140721] IRQ17 no longer affine to CPU3
[   22.141066] CPU3: shutdown
[   22.192962] Entering suspend state LP1
[   22.192962] Suspended for 8.103 seconds
[   22.193007] Enabling non-boot CPUs ...
[   22.223530] CPU1 is up
[   22.264087] CPU2 is up
[   22.304842] CPU3 is up
[   22.305836] PM: noirq resume of devices complete after 0.983 msecs
[   22.307984] PM: early resume of devices complete after 1.500 msecs
[   22.883609] PM: resume of devices complete after 575.608 msecs
[   22.955963] Restarting tasks ... done.
root@(none):/# 
root@(none):/# rtcwake -d rtc1 -m mem -s 3
rtcwake: assuming RTC uses UTC ...
rtcwake: wakeup from "mem" using /dev/rtc1 at Thu Jan  1 00:01:40 1970
[   23.647971] PM: Syncing filesystems ... done.
[   23.672022] Freezing user space processes ... (elapsed 0.001 seconds) done.
[   23.673439] Freezing remaining freezable tasks ... (elapsed 0.001 seconds) done.
[   23.673443] Suspending console(s) (use no_console_suspend to debug)
[   23.772746] PM: suspend of devices complete after 75.262 msecs
[   23.774830] PM: late suspend of devices complete after 2.068 msecs
[   23.776546] PM: noirq suspend of devices complete after 1.706 msecs
[   23.776550] Disabling non-boot CPUs ...
[   23.811107] CPU1: shutdown
[   23.911081] CPU2: shutdown
[   24.010665] IRQ17 no longer affine to CPU3
[   24.011012] CPU3: shutdown
[   24.062881] Entering suspend state LP1
[   24.062881] Suspended for 7.547 seconds
[   24.062927] Enabling non-boot CPUs ...
[   24.093440] CPU1 is up
[   24.134031] CPU2 is up
[   24.174774] CPU3 is up
[   24.175776] PM: noirq resume of devices complete after 0.991 msecs
[   24.178266] PM: early resume of devices complete after 1.860 msecs
[   24.762474] PM: resume of devices complete after 584.193 msecs
[   24.834921] Restarting tasks ... done.
root@(none):/# 
root@(none):/# rtcwake -d rtc1 -m mem -s 3
rtcwake: assuming RTC uses UTC ...
rtcwake: wakeup from "mem" using /dev/rtc1 at Thu Jan  1 00:01:50 1970
[   26.118875] PM: Syncing filesystems ... done.
[   26.141975] Freezing user space processes ... (elapsed 0.001 seconds) done.
[   26.143396] Freezing remaining freezable tasks ... (elapsed 0.001 seconds) done.
[   26.143400] Suspending console(s) (use no_console_suspend to debug)
[   26.252645] PM: suspend of devices complete after 84.273 msecs
[   26.254551] PM: late suspend of devices complete after 1.890 msecs
[   26.256369] PM: noirq suspend of devices complete after 1.808 msecs
[   26.256373] Disabling non-boot CPUs ...
[   26.291051] CPU1: shutdown
[   26.401024] CPU2: shutdown
[   26.500617] IRQ17 no longer affine to CPU3
[   26.500962] CPU3: shutdown
[   26.552832] Entering suspend state LP1
[   26.552832] Suspended for 8.093 seconds
[   26.552877] Enabling non-boot CPUs ...
[   26.583417] CPU1 is up
[   26.623981] CPU2 is up
[   26.664728] CPU3 is up
[   26.665754] PM: noirq resume of devices complete after 1.015 msecs
[   26.668141] PM: early resume of devices complete after 1.757 msecs
[   27.250824] PM: resume of devices complete after 582.666 msecs
[   27.323220] Restarting tasks ... done.
root@(none):/# 
root@(none):/# NVTB SYSTEM SUSPEND TEST COMPLETE
