
U-Boot SPL 2016.05-rc2 (Apr 21 2016 - 16:23:00)
Trying to boot from RAM


U-Boot 2016.05-rc2 (Apr 21 2016 - 16:23:00 -0700)

TEGRA124
Model: NVIDIA Jetson TK1
Board: NVIDIA Jetson TK1
DRAM:  2 GiB
MMC:   Tegra SD/MMC: 0, Tegra SD/MMC: 1
In:    serial
Out:   serial
Err:   serial
Net:   No ethernet found.
Hit any key to stop autoboot:  2  0 
Tegra124 (Jetson TK1) # 
Tegra124 (Jetson TK1) # pci enum
Tegra124 (Jetson TK1) # setenv bootargs 'ignore_loglevel console=ttyS0,115200n8 rw root=PARTUUID=b1791faa-84e8-4e27-83a1-9fb0a77e8803 rootwait gpt debug noinitrd earlyprintk init=/bin/bash'
Tegra124 (Jetson TK1) # setenv ipaddr 192.168.100.102; setenv serverip 192.168.100.1; setenv tftpserverip 192.168.100.1
Tegra124 (Jetson TK1) # tftpboot 0x82000000 zImage.multi_v7_defconfig

Warning: eth_rtl8169 using MAC address from ROM
Using eth_rtl8169 device
TFTP from server 192.168.100.1; our IP address is 192.168.100.102
Filename 'zImage.multi_v7_defconfig'.
Load address: 0x82000000
Loading: *#################################################################
	 #################################################################
	 #################################################################
	 #################################################################
	 #################################################################
	 #################################################################
	 #################################################################
	 #################################################################
	 ##############################
	 4 MiB/s
done
Bytes transferred = 8065536 (7b1200 hex)
Tegra124 (Jetson TK1) # tftpboot 0x83000000 tegra124-jetson-tk1.dtb
Using eth_rtl8169 device
TFTP from server 192.168.100.1; our IP address is 192.168.100.102
Filename 'tegra124-jetson-tk1.dtb'.
Load address: 0x83000000
Loading: *#####
	 3.7 MiB/s
done
Bytes transferred = 66544 (103f0 hex)
Tegra124 (Jetson TK1) # bootz 0x82000000 - 0x83000000
Kernel image @ 0x82000000 [ 0x000000 - 0x7b1200 ]
## Flattened Device Tree blob at 83000000
   Booting using the fdt blob at 0x83000000
   Using Device Tree in place at 83000000, end 830133ef

Starting kernel ...

[    0.000000] Booting Linux on physical CPU 0x0
[    0.000000] Linux version 4.15.0-336172-gd8a5b80568a9 (jonathanh@tamien) (gcc version 4.7.3 20130328 (prerelease) (crosstool-NG linaro-1.13.1-4.7-2013.04-20130415 - Linaro GCC 2013.04)) #1 SMP Sun Jan 28 13:34:20 PST 2018
[    0.000000] CPU: ARMv7 Processor [413fc0f3] revision 3 (ARMv7), cr=10c5387d
[    0.000000] CPU: div instructions available: patching division code
[    0.000000] CPU: PIPT / VIPT nonaliasing data cache, PIPT instruction cache
[    0.000000] OF: fdt: Machine model: NVIDIA Tegra124 Jetson TK1
[    0.000000] debug: ignoring loglevel setting.
[    0.000000] Memory policy: Data cache writealloc
[    0.000000] efi: Getting EFI parameters from FDT:
[    0.000000] efi: UEFI not found.
[    0.000000] cma: Reserved 64 MiB at 0xfb800000
[    0.000000] On node 0 totalpages: 524032
[    0.000000]   DMA zone: 1536 pages used for memmap
[    0.000000]   DMA zone: 0 pages reserved
[    0.000000]   DMA zone: 196608 pages, LIFO batch:31
[    0.000000]   HighMem zone: 327424 pages, LIFO batch:31
[    0.000000] random: fast init done
[    0.000000] percpu: Embedded 17 pages/cpu @(ptrval) s39104 r8192 d22336 u69632
[    0.000000] pcpu-alloc: s39104 r8192 d22336 u69632 alloc=17*4096
[    0.000000] pcpu-alloc: [0] 0 [0] 1 [0] 2 [0] 3 
[    0.000000] Built 1 zonelists, mobility grouping on.  Total pages: 522496
[    0.000000] Kernel command line: ignore_loglevel console=ttyS0,115200n8 rw root=PARTUUID=b1791faa-84e8-4e27-83a1-9fb0a77e8803 rootwait gpt debug noinitrd earlyprintk init=/bin/bash
[    0.000000] Dentry cache hash table entries: 131072 (order: 7, 524288 bytes)
[    0.000000] Inode-cache hash table entries: 65536 (order: 6, 262144 bytes)
[    0.000000] Memory: 1992440K/2096128K available (11264K kernel code, 1602K rwdata, 4296K rodata, 2048K init, 404K bss, 38152K reserved, 65536K cma-reserved, 1244160K highmem)
[    0.000000] Virtual kernel memory layout:
[    0.000000]     vector  : 0xffff0000 - 0xffff1000   (   4 kB)
[    0.000000]     fixmap  : 0xffc00000 - 0xfff00000   (3072 kB)
[    0.000000]     vmalloc : 0xf0800000 - 0xff800000   ( 240 MB)
[    0.000000]     lowmem  : 0xc0000000 - 0xf0000000   ( 768 MB)
[    0.000000]     pkmap   : 0xbfe00000 - 0xc0000000   (   2 MB)
[    0.000000]     modules : 0xbf000000 - 0xbfe00000   (  14 MB)
[    0.000000]       .text : 0x(ptrval) - 0x(ptrval)   (12256 kB)
[    0.000000]       .init : 0x(ptrval) - 0x(ptrval)   (2048 kB)
[    0.000000]       .data : 0x(ptrval) - 0x(ptrval)   (1603 kB)
[    0.000000]        .bss : 0x(ptrval) - 0x(ptrval)   ( 405 kB)
[    0.000000] SLUB: HWalign=64, Order=0-3, MinObjects=0, CPUs=4, Nodes=1
[    0.000000] Hierarchical RCU implementation.
[    0.000000] 	RCU event tracing is enabled.
[    0.000000] 	RCU restricting CPUs from NR_CPUS=16 to nr_cpu_ids=4.
[    0.000000] RCU: Adjusting geometry for rcu_fanout_leaf=16, nr_cpu_ids=4
[    0.000000] NR_IRQS: 16, nr_irqs: 16, preallocated irqs: 16
[    0.000000] /interrupt-controller@60004000: 160 interrupts forwarded to /interrupt-controller@50041000
[    0.000000] Tegra clk 127: register failed with -17
[    0.000008] sched_clock: 32 bits at 1000kHz, resolution 1000ns, wraps every 2147483647500ns
[    0.000028] clocksource: timer_us: mask: 0xffffffff max_cycles: 0xffffffff, max_idle_ns: 1911260446275 ns
[    0.000043] Switching to timer-based delay loop, resolution 1000ns
[    0.005532] arch_timer: cp15 timer(s) running at 12.00MHz (virt).
[    0.005551] clocksource: arch_sys_counter: mask: 0xffffffffffffff max_cycles: 0x2c47f4ee7, max_idle_ns: 440795202497 ns
[    0.005570] sched_clock: 56 bits at 12MHz, resolution 83ns, wraps every 4398046511096ns
[    0.005583] Switching to timer-based delay loop, resolution 83ns
[    0.006073] Console: colour dummy device 80x30
[    0.006108] Calibrating delay loop (skipped), value calculated using timer frequency.. 24.00 BogoMIPS (lpj=120000)
[    0.006126] pid_max: default: 32768 minimum: 301
[    0.006226] Mount-cache hash table entries: 2048 (order: 1, 8192 bytes)
[    0.006241] Mountpoint-cache hash table entries: 2048 (order: 1, 8192 bytes)
[    0.006745] CPU: Testing write buffer coherency: ok
[    0.007002] /cpus/cpu@0 missing clock-frequency property
[    0.007047] /cpus/cpu@1 missing clock-frequency property
[    0.007090] /cpus/cpu@2 missing clock-frequency property
[    0.007134] /cpus/cpu@3 missing clock-frequency property
[    0.007148] CPU0: thread -1, cpu 0, socket 0, mpidr 80000000
[    0.007454] Setting up static identity map for 0x80300000 - 0x803000a0
[    0.009462] Hierarchical SRCU implementation.
[    0.011398] Tegra Revision: A01 SKU: 129 CPU Process: 1 SoC Process: 1
[    0.012193] EFI services will not be available.
[    0.012347] smp: Bringing up secondary CPUs ...
[    0.012908] CPU1: thread -1, cpu 1, socket 0, mpidr 80000001
[    0.016049] CPU2: thread -1, cpu 2, socket 0, mpidr 80000002
[    0.026082] CPU3: thread -1, cpu 3, socket 0, mpidr 80000003
[    0.035528] smp: Brought up 1 node, 4 CPUs
[    0.035550] SMP: Total of 4 processors activated (96.00 BogoMIPS).
[    0.035559] CPU: All CPU(s) started in SVC mode.
[    0.037084] devtmpfs: initialized
[    0.050698] VFP support v0.3: implementor 41 architecture 4 part 30 variant f rev 0
[    0.051085] clocksource: jiffies: mask: 0xffffffff max_cycles: 0xffffffff, max_idle_ns: 19112604462750000 ns
[    0.051104] futex hash table entries: 1024 (order: 4, 65536 bytes)
[    0.052561] pinctrl core: initialized pinctrl subsystem
[    0.054112] DMI not present or invalid.
[    0.054357] NET: Registered protocol family 16
[    0.056546] DMA: preallocated 256 KiB pool for atomic coherent allocations
[    0.058944] cpuidle: using governor menu
[    0.084299] No ATAGs?
[    0.084426] hw-breakpoint: found 5 (+1 reserved) breakpoint and 4 watchpoint registers.
[    0.084442] hw-breakpoint: maximum watchpoint size is 8 bytes.
[    0.091998] Serial: AMBA PL011 UART driver
[    0.093399] iommu: Adding device reg-dummy to group 0
[    0.093440] iommu: Adding device 1003000.pcie to group 1
[    0.093515] iommu: Adding device 50000000.host1x to group 2
[    0.093592] iommu: Adding device 54200000.dc to group 3
[    0.093663] iommu: Adding device 54240000.dc to group 4
[    0.093696] iommu: Adding device 54280000.hdmi to group 5
[    0.093765] iommu: Adding device 57000000.gpu to group 6
[    0.093801] iommu: Adding device 60005000.timer to group 7
[    0.093833] iommu: Adding device 60007000.flow-controller to group 8
[    0.093864] iommu: Adding device 6000c800.actmon to group 9
[    0.093896] iommu: Adding device 6000d000.gpio to group 10
[    0.093926] iommu: Adding device 60020000.dma to group 11
[    0.093957] iommu: Adding device 70000800.apbmisc to group 12
[    0.093991] iommu: Adding device 70000868.pinmux to group 13
[    0.094022] iommu: Adding device 70006000.serial to group 14
[    0.094052] iommu: Adding device 70006040.serial to group 15
[    0.094085] iommu: Adding device 70006300.serial to group 16
[    0.094115] iommu: Adding device 7000c000.i2c to group 17
[    0.094145] iommu: Adding device 7000c400.i2c to group 18
[    0.094175] iommu: Adding device 7000c500.i2c to group 19
[    0.094205] iommu: Adding device 7000c700.i2c to group 20
[    0.094235] iommu: Adding device 7000d000.i2c to group 21
[    0.094265] iommu: Adding device 7000d400.spi to group 22
[    0.094296] iommu: Adding device 7000da00.spi to group 23
[    0.094333] iommu: Adding device 7000e000.rtc to group 24
[    0.094363] iommu: Adding device 7000e400.pmc to group 25
[    0.094393] iommu: Adding device 7000f800.fuse to group 26
[    0.094423] iommu: Adding device 70019000.memory-controller to group 27
[    0.094453] iommu: Adding device 7001b000.emc to group 28
[    0.094482] iommu: Adding device 70027000.sata to group 29
[    0.094513] iommu: Adding device 70030000.hda to group 30
[    0.094547] iommu: Adding device 70090000.usb to group 31
[    0.094576] iommu: Adding device 7009f000.padctl to group 32
[    0.094610] iommu: Adding device 700b0400.sdhci to group 33
[    0.094644] iommu: Adding device 700b0600.sdhci to group 34
[    0.094676] iommu: Adding device 70015000.cec to group 35
[    0.094707] iommu: Adding device 700e2000.thermal-sensor to group 36
[    0.094738] iommu: Adding device 70110000.clock to group 37
[    0.094769] iommu: Adding device 70300000.ahub to group 38
[    0.094799] iommu: Adding device 7d000000.usb to group 39
[    0.094830] iommu: Adding device 7d000000.usb-phy to group 40
[    0.094864] iommu: Adding device 7d004000.usb to group 41
[    0.094895] iommu: Adding device 7d004000.usb-phy to group 42
[    0.094924] iommu: Adding device 7d008000.usb to group 43
[    0.094954] iommu: Adding device 7d008000.usb-phy to group 44
[    0.094988] iommu: Adding device pmu to group 45
[    0.095019] iommu: Adding device timer to group 46
[    0.095048] iommu: Adding device clocks to group 47
[    0.095079] iommu: Adding device gpio-keys to group 48
[    0.095112] iommu: Adding device regulators to group 49
[    0.095143] iommu: Adding device regulators:regulator@0 to group 50
[    0.095173] iommu: Adding device regulators:regulator@1 to group 51
[    0.095203] iommu: Adding device regulators:regulator@2 to group 52
[    0.095233] iommu: Adding device regulators:regulator@3 to group 53
[    0.095263] iommu: Adding device regulators:regulator@4 to group 54
[    0.095293] iommu: Adding device regulators:regulator@7 to group 55
[    0.095328] iommu: Adding device regulators:regulator@8 to group 56
[    0.095359] iommu: Adding device regulators:regulator@10 to group 57
[    0.095392] iommu: Adding device regulators:regulator@11 to group 58
[    0.095422] iommu: Adding device regulators:regulator@12 to group 59
[    0.095453] iommu: Adding device regulators:regulator@13 to group 60
[    0.095484] iommu: Adding device regulators:regulator@14 to group 61
[    0.095517] iommu: Adding device sound to group 62
[    0.110490] AT91: Could not find identification node
[    0.111058] +5V_SYS: supplied by +VDD_MUX
[    0.111343] +3.3V_SYS: supplied by +VDD_MUX
[    0.111963] +USB0_VBUS_SW: Failed to request enable GPIO108: -517
[    0.111980] reg-fixed-voltage regulators:regulator@7: Failed to register regulator: -517
[    0.112079] +5V_USB_HS: Failed to request enable GPIO109: -517
[    0.112094] reg-fixed-voltage regulators:regulator@8: Failed to register regulator: -517
[    0.112278] +1.05V_RUN_AVDD_HDMI_PLL: Failed to request enable GPIO63: -517
[    0.112293] reg-fixed-voltage regulators:regulator@11: Failed to register regulator: -517
[    0.112390] +5V_HDMI_CON: Failed to request enable GPIO86: -517
[    0.112404] reg-fixed-voltage regulators:regulator@12: Failed to register regulator: -517
[    0.112501] +5V_SATA: Failed to request enable GPIO242: -517
[    0.112514] reg-fixed-voltage regulators:regulator@13: Failed to register regulator: -517
[    0.112610] +12V_SATA: Failed to request enable GPIO242: -517
[    0.112623] reg-fixed-voltage regulators:regulator@14: Failed to register regulator: -517
[    0.115660] vgaarb: loaded
[    0.116393] SCSI subsystem initialized
[    0.116566] libata version 3.00 loaded.
[    0.116761] usbcore: registered new interface driver usbfs
[    0.116810] usbcore: registered new interface driver hub
[    0.116883] usbcore: registered new device driver usb
[    0.120345] pps_core: LinuxPPS API ver. 1 registered
[    0.120356] pps_core: Software ver. 5.3.6 - Copyright 2005-2007 Rodolfo Giometti <giometti@linux.it>
[    0.120378] PTP clock support registered
[    0.120566] EDAC MC: Ver: 3.0.0
[    0.120833] dmi: Firmware registration failed.
[    0.123421] clocksource: Switched to clocksource arch_sys_counter
[    0.172761] NET: Registered protocol family 2
[    0.173253] TCP established hash table entries: 8192 (order: 3, 32768 bytes)
[    0.173355] TCP bind hash table entries: 8192 (order: 4, 65536 bytes)
[    0.173567] TCP: Hash tables configured (established 8192 bind 8192)
[    0.173655] UDP hash table entries: 512 (order: 2, 16384 bytes)
[    0.173701] UDP-Lite hash table entries: 512 (order: 2, 16384 bytes)
[    0.173847] NET: Registered protocol family 1
[    0.174155] RPC: Registered named UNIX socket transport module.
[    0.174166] RPC: Registered udp transport module.
[    0.174174] RPC: Registered tcp transport module.
[    0.174183] RPC: Registered tcp NFSv4.1 backchannel transport module.
[    0.174196] PCI: CLS 0 bytes, default 64
[    0.175673] hw perfevents: enabled with armv7_cortex_a15 PMU driver, 7 counters available
[    0.176425] iommu: Adding device alarmtimer to group 63
[    0.177220] Initialise system trusted keyrings
[    0.177347] workingset: timestamp_bits=30 max_order=19 bucket_order=0
[    0.183104] squashfs: version 4.0 (2009/01/31) Phillip Lougher
[    0.183703] NFS: Registering the id_resolver key type
[    0.183724] Key type id_resolver registered
[    0.183734] Key type id_legacy registered
[    0.183776] ntfs: driver 2.1.32 [Flags: R/O].
[    0.185170] Key type asymmetric registered
[    0.185182] Asymmetric key parser 'x509' registered
[    0.185234] bounce: pool size: 64 pages
[    0.185277] Block layer SCSI generic (bsg) driver version 0.4 loaded (major 247)
[    0.185288] io scheduler noop registered
[    0.185297] io scheduler deadline registered
[    0.185513] io scheduler cfq registered (default)
[    0.185524] io scheduler mq-deadline registered
[    0.185534] io scheduler kyber registered
[    0.189669]  usb2-0: usb2-0 supply vbus not found, using dummy regulator
[    0.189770]  usb2-1: usb2-1 supply vbus not found, using dummy regulator
[    0.190143] tegra-xusb-padctl 7009f000.padctl: failed to setup XUSB ports: -517
[    0.209329] tegra-pcie 1003000.pcie: 2x1, 1x1 configuration
[    0.209390] tegra-pcie 1003000.pcie: Failed to get supply 'avddio-pex': -517
[    0.215835] tegra124-dfll 70110000.clock: couldn't get vdd_cpu regulator
[    0.222302] tegra-apbdma 60020000.dma: Tegra20 APB DMA driver register 32 channels
[    0.225703] tegra-pmc 7000e400.pmc: emergency thermal reset enabled
[    0.275696] Serial: 8250/16550 driver, 4 ports, IRQ sharing disabled
[    0.275793] iommu: Adding device serial8250 to group 64
[    0.278279] console [ttyS0] disabled
[    0.278318] 70006300.serial: ttyS0 at MMIO 0x70006300 (irq = 335, base_baud = 25500000) is a Tegra
[    1.547386] console [ttyS0] enabled
[    1.551768] SuperH (H)SCI(F) driver initialized
[    1.557434] msm_serial: driver initialized
[    1.561714] STMicroelectronics ASC driver initialized
[    1.567460] 70006000.serial: ttyTHS1 at MMIO 0x70006000 (irq = 333, base_baud = 0) is a TEGRA_UART
[    1.576733] 70006040.serial: ttyTHS2 at MMIO 0x70006040 (irq = 334, base_baud = 0) is a TEGRA_UART
[    1.607923] tegra-hdmi 54280000.hdmi: failed to get HDMI regulator
[    1.624873] brd: module loaded
[    1.634191] loop: module loaded
[    1.638567] at24 0-0056: 256 byte 24c02 EEPROM, writable, 8 bytes/write
[    1.646911] as3722 4-0040: AS3722 with revision 0x1 found
[    1.654197] iommu: Adding device as3722-pinctrl to group 65
[    1.661230] iommu: Adding device as3722-regulator to group 66
[    1.669880] as3722-sd2: supplied by +5V_SYS
[    1.674494] as3722-sd3: supplied by +5V_SYS
[    1.678879] +1.35V_LP0(sd3): Bringing 0uV into 1350000-1350000uV
[    1.685240] as3722-sd4: supplied by +5V_SYS
[    1.689810] as3722-sd5: supplied by +5V_SYS
[    1.695764] as3722-ldo0: supplied by +1.35V_LP0(sd2)
[    1.701763] +1.8V_RUN_CAM: Bringing 0uV into 1800000-1800000uV
[    1.707970] as3722-ldo2: supplied by +1.8V_VDDIO
[    1.713818] as3722-ldo3: supplied by +3.3V_SYS
[    1.718293] +1.05V_LP0_VDD_RTC: Bringing 1100000uV into 1000000-1000000uV
[    1.726056] as3722-ldo4: supplied by +3.3V_SYS
[    1.730713] +2.8V_RUN_CAM: Bringing 0uV into 2800000-2800000uV
[    1.736905] as3722-ldo5: supplied by +1.8V_VDDIO
[    1.741724] +1.2V_RUN_CAM_FRONT: Bringing 0uV into 1200000-1200000uV
[    1.748631] +VDDIO_SDMMC3: bypassed regulator has no supply!
[    1.754304] +VDDIO_SDMMC3: failed to get the current voltage(-517)
[    1.760480] as3722-regulator as3722-regulator: regulator 13 register failed -517
[    1.770385] iommu: Adding device as3722-rtc to group 67
[    1.775962] iommu: Adding device as3722-adc to group 68
[    1.781487] iommu: Adding device as3722-power-off to group 69
[    1.787552] iommu: Adding device as3722-wdt to group 70
[    1.794640] tegra-ahci 70027000.sata: couldn't get PHY in node sata: -517
[    1.817070] m25p80 spi1.0: w25q32dw (4096 Kbytes)
[    1.824127] iommu: Adding device Fixed MDIO bus.0 to group 71
[    1.830217] libphy: Fixed MDIO Bus: probed
[    1.835268] CAN device driver interface
[    1.840043] bgmac_bcma: Broadcom 47xx GBit MAC driver loaded
[    1.847130] e1000e: Intel(R) PRO/1000 Network Driver - 3.2.6-k
[    1.852953] e1000e: Copyright(c) 1999 - 2015 Intel Corporation.
[    1.858919] igb: Intel(R) Gigabit Ethernet Network Driver - version 5.4.0-k
[    1.865885] igb: Copyright (c) 2007-2014 Intel Corporation.
[    1.875524] pegasus: v0.9.3 (2013/04/25), Pegasus/Pegasus II USB Ethernet driver
[    1.882949] usbcore: registered new interface driver pegasus
[    1.888655] usbcore: registered new interface driver asix
[    1.894088] usbcore: registered new interface driver ax88179_178a
[    1.900197] usbcore: registered new interface driver cdc_ether
[    1.906081] usbcore: registered new interface driver smsc75xx
[    1.911858] usbcore: registered new interface driver smsc95xx
[    1.917638] usbcore: registered new interface driver net1080
[    1.923316] usbcore: registered new interface driver cdc_subset
[    1.929272] usbcore: registered new interface driver zaurus
[    1.934893] usbcore: registered new interface driver cdc_ncm
[    1.940780] tegra-phy 7d000000.usb-phy: no vbus regulator
[    1.946396] tegra-phy 7d004000.usb-phy: no vbus regulator
[    1.953871] ehci_hcd: USB 2.0 'Enhanced' Host Controller (EHCI) Driver
[    1.960390] ehci-pci: EHCI PCI platform driver
[    1.964877] ehci-platform: EHCI generic platform driver
[    1.970312] ehci-orion: EHCI orion driver
[    1.974496] SPEAr-ehci: EHCI SPEAr driver
[    1.978643] ehci-st: EHCI STMicroelectronics driver
[    1.983679] ehci-exynos: EHCI EXYNOS driver
[    1.988020] ehci-atmel: EHCI Atmel driver
[    1.992161] tegra-ehci: Tegra EHCI driver
[    1.999031] tegra-ehci 7d004000.usb: EHCI Host Controller
[    2.004464] tegra-ehci 7d004000.usb: new USB bus registered, assigned bus number 1
[    2.012233] tegra-ehci 7d004000.usb: irq 356, io mem 0x7d004000
[    2.043442] tegra-ehci 7d004000.usb: USB 2.0 started, EHCI 1.10
[    2.050017] hub 1-0:1.0: USB hub found
[    2.053831] hub 1-0:1.0: 1 port detected
[    2.058306] ohci_hcd: USB 1.1 'Open' Host Controller (OHCI) Driver
[    2.064524] ohci-pci: OHCI PCI platform driver
[    2.069003] ohci-platform: OHCI generic platform driver
[    2.074442] SPEAr-ohci: OHCI SPEAr driver
[    2.078593] ohci-st: OHCI STMicroelectronics driver
[    2.083628] ohci-atmel: OHCI Atmel driver
[    2.088424] usbcore: registered new interface driver usb-storage
[    2.096243] iommu: Adding device ci_hdrc.0 to group 72
[    2.108423] as3722-rtc as3722-rtc: rtc core: registered as3722-rtc as rtc0
[    2.115322] as3722-rtc as3722-rtc: RTC interrupt 379
[    2.123698] tegra_rtc 7000e000.rtc: rtc core: registered 7000e000.rtc as rtc1
[    2.130865] tegra_rtc 7000e000.rtc: Tegra internal Real Time Clock
[    2.137623] i2c /dev entries driver
[    2.148226] lm90 0-004c: 0-004c supply vcc not found, using dummy regulator
[    2.163524] iommu: Adding device cpufreq-tegra124 to group 73
[    2.171709] sdhci: Secure Digital Host Controller Interface driver
[    2.177897] sdhci: Copyright(c) Pierre Ossman
[    2.184057] Synopsys Designware Multimedia Card Interface Driver
[    2.191604] sdhci-pltfm: SDHCI platform and OF driver helper
[    2.198090] sdhci-tegra 700b0400.sdhci: Got CD GPIO
[    2.202979] sdhci-tegra 700b0400.sdhci: Got WP GPIO
[    2.223463] mmc0: Unknown controller version (3). You may experience problems.
[    2.230722] mmc0: Invalid maximum block size, assuming 512 bytes
[    2.293443] mmc0: SDHCI controller on 700b0600.sdhci [700b0600.sdhci] using ADMA
[    2.303037] ledtrig-cpu: registered to indicate activity on CPUs
[    2.309344] usbcore: registered new interface driver usbhid
[    2.314929] usbhid: USB HID core driver
[    2.322921] NET: Registered protocol family 10
[    2.328225] Segment Routing with IPv6
[    2.331945] sit: IPv6, IPv4 and MPLS over IPv4 tunneling driver
[    2.338387] NET: Registered protocol family 17
[    2.342832] can: controller area network core (rev 20170425 abi 9)
[    2.349078] NET: Registered protocol family 29
[    2.353535] can: raw protocol (rev 20170425)
[    2.357800] can: broadcast manager protocol (rev 20170425 t)
[    2.363472] can: netlink gateway (rev 20170425) max_hops=1
[    2.369237] Key type dns_resolver registered
[    2.374038] ThumbEE CPU extension supported.
[    2.378308] Registering SWP/SWPB emulation handler
[    2.386719] Loading compiled-in X.509 certificates
[    2.404534] +3.3V_RUN: supplied by +3.3V_SYS
[    2.410320] +USB0_VBUS_SW: supplied by +5V_SYS
[    2.415115] +3.3V_AVDD_HDMI_AP_GATED: supplied by +3.3V_RUN
[    2.421218] +5V_USB_HS: supplied by +5V_SYS
[    2.427236] +3.3V_LP0: supplied by +3.3V_SYS
[    2.433675] +5V_HDMI_CON: supplied by +5V_SYS
[    2.438708] +5V_SATA: supplied by +5V_SYS
[    2.443236] +12V_SATA: supplied by +VDD_MUX
[    2.448901]  usb2-0: usb2-0 supply vbus not found, using dummy regulator
[    2.455738]  usb2-1: usb2-1 supply vbus not found, using dummy regulator
[    2.462703]  usb3-0: usb3-0 supply vbus not found, using dummy regulator
[    2.473829] tegra-pcie 1003000.pcie: 2x1, 1x1 configuration
[    2.479474] tegra-pcie 1003000.pcie: Failed to get supply 'avddio-pex': -517
[    2.489337] tegra124-dfll 70110000.clock: couldn't get vdd_cpu regulator
[    2.499134] tegra-hdmi 54280000.hdmi: failed to get PLL regulator
[    2.510482] as3722-sd2: supplied by +5V_SYS
[    2.515058] as3722-sd3: supplied by +5V_SYS
[    2.519458] as3722-sd4: supplied by +5V_SYS
[    2.523983] as3722-sd5: supplied by +5V_SYS
[    2.529952] as3722-ldo0: supplied by +1.35V_LP0(sd2)
[    2.535956] as3722-ldo1: supplied by +3.3V_RUN
[    2.540750] as3722-ldo2: supplied by +1.8V_VDDIO
[    2.546480] as3722-ldo3: supplied by +3.3V_SYS
[    2.551873] as3722-ldo4: supplied by +3.3V_SYS
[    2.556685] as3722-ldo5: supplied by +1.8V_VDDIO
[    2.561640] as3722-ldo6: supplied by +3.3V_RUN
[    2.566388] as3722-ldo7: supplied by +1.8V_VDDIO
[    2.571874] +1.05V_RUN_CAM_REAR: Bringing 0uV into 1050000-1050000uV
[    2.579130] as3722-ldo9: supplied by +5V_SYS
[    2.584991] +3.3V_RUN_TOUCH: Bringing 0uV into 2800000-2800000uV
[    2.591436] as3722-ldo10: supplied by +5V_SYS
[    2.596469] +2.8V_RUN_CAM_AF: Bringing 0uV into 2800000-2800000uV
[    2.603342] as3722-ldo11: supplied by +3.3V_RUN
[    2.608799] +1.8V_RUN_VPP_FUSE: Bringing 0uV into 1800000-1800000uV
[    2.615175] mmc0: new high speed MMC card at address 0001
[    2.622807] mmcblk0: mmc0:0001 SEM16G 14.7 GiB 
[    2.627736] mmcblk0boot0: mmc0:0001 SEM16G partition 1 4.00 MiB
[    2.634222] mmcblk0boot1: mmc0:0001 SEM16G partition 2 4.00 MiB
[    2.640405] mmcblk0rpmb: mmc0:0001 SEM16G partition 3 4.00 MiB, chardev (237:0)
[    2.648139] tegra-ahci 70027000.sata: AHCI 0001.0301 32 slots 2 ports 3 Gbps 0x1 impl platform mode
[    2.657220] tegra-ahci 70027000.sata: flags: 64bit ncq sntf pm led pio slum part sadm sds apst 
[    2.668284]  mmcblk0: p1
[    2.670997] scsi host0: tegra-ahci
[    2.675934] scsi host1: tegra-ahci
[    2.679574] ata1: SATA max UDMA/133 mmio [mem 0x70027000-0x70028fff] port 0x100 irq 345
[    2.687614] ata2: DUMMY
[    2.693667] tegra-ehci 7d008000.usb: EHCI Host Controller
[    2.699095] tegra-ehci 7d008000.usb: new USB bus registered, assigned bus number 2
[    2.707244] tegra-ehci 7d008000.usb: irq 357, io mem 0x7d008000
[    2.733568] tegra-ehci 7d008000.usb: USB 2.0 started, EHCI 1.10
[    2.740510] hub 2-0:1.0: USB hub found
[    2.744368] hub 2-0:1.0: 1 port detected
[    2.750872] sdhci-tegra 700b0400.sdhci: Got CD GPIO
[    2.755847] sdhci-tegra 700b0400.sdhci: Got WP GPIO
[    2.767710] mmc1: Unknown controller version (3). You may experience problems.
[    2.775109] mmc1: Invalid maximum block size, assuming 512 bytes
[    2.843976] mmc1: SDHCI controller on 700b0400.sdhci [700b0400.sdhci] using ADMA
[    2.852125] tegra-pcie 1003000.pcie: 2x1, 1x1 configuration
[    2.859914] tegra-pcie 1003000.pcie: probing port 0, using 2 lanes
[    2.869653] tegra-pcie 1003000.pcie: Slot present pin change, signature: 00000008
[    2.893823] tegra-pcie 1003000.pcie: probing port 1, using 1 lanes
[    2.902165] tegra-pcie 1003000.pcie: Slot present pin change, signature: 00000000
[    2.916913] tegra-pcie 1003000.pcie: PCI host bridge to bus 0000:00
[    2.923190] pci_bus 0000:00: root bus resource [io  0x0000-0xffff]
[    2.929408] pci_bus 0000:00: root bus resource [mem 0x13000000-0x1fffffff]
[    2.936317] pci_bus 0000:00: root bus resource [mem 0x20000000-0x3fffffff pref]
[    2.943675] pci_bus 0000:00: root bus resource [bus 00-ff]
[    2.949202] pci 0000:00:01.0: [10de:0e12] type 01 class 0x060400
[    2.955256] pci_bus 0000:00: 2-byte config write to 0000:00:01.0 offset 0x4 may corrupt adjacent RW1C bits
[    2.964954] pci_bus 0000:00: 2-byte config write to 0000:00:01.0 offset 0x4 may corrupt adjacent RW1C bits
[    2.974684] pci 0000:00:01.0: enabling Extended Tags
[    2.979664] pci_bus 0000:00: 2-byte config write to 0000:00:01.0 offset 0x88 may corrupt adjacent RW1C bits
[    2.989469] pci_bus 0000:00: 2-byte config write to 0000:00:01.0 offset 0x52 may corrupt adjacent RW1C bits
[    2.999295] pci 0000:00:01.0: PME# supported from D0 D1 D2 D3hot D3cold
[    3.005962] pci_bus 0000:00: 2-byte config write to 0000:00:01.0 offset 0x4c may corrupt adjacent RW1C bits
[    3.015991] pci 0000:00:02.0: [10de:0e13] type 01 class 0x060400
[    3.017165] ata1: SATA link down (SStatus 0 SControl 300)
[    3.027441] pci_bus 0000:00: 2-byte config write to 0000:00:02.0 offset 0x4 may corrupt adjacent RW1C bits
[    3.037103] pci_bus 0000:00: 2-byte config write to 0000:00:02.0 offset 0x4 may corrupt adjacent RW1C bits
[    3.046834] pci 0000:00:02.0: enabling Extended Tags
[    3.051813] pci_bus 0000:00: 2-byte config write to 0000:00:02.0 offset 0x88 may corrupt adjacent RW1C bits
[    3.061610] pci_bus 0000:00: 2-byte config write to 0000:00:02.0 offset 0x52 may corrupt adjacent RW1C bits
[    3.071394] pci 0000:00:02.0: PME# supported from D0 D1 D2 D3hot D3cold
[    3.078021] pci_bus 0000:00: 2-byte config write to 0000:00:02.0 offset 0x4c may corrupt adjacent RW1C bits
[    3.088018] PCI: bus0: Fast back to back transfers disabled
[    3.093607] pci 0000:00:01.0: bridge configuration invalid ([bus 00-00]), reconfiguring
[    3.101610] pci 0000:00:02.0: bridge configuration invalid ([bus 00-00]), reconfiguring
[    3.109806] pci 0000:01:00.0: [8086:4232] type 00 class 0x028000
[    3.115912] pci 0000:01:00.0: reg 0x10: [mem 0x00000000-0x00001fff 64bit]
[    3.122995] PCI: bus1: Fast back to back transfers disabled
[    3.128608] pci_bus 0000:01: busn_res: [bus 01-ff] end is updated to 01
[    3.135395] pci 0000:02:00.0: [10ec:8168] type 00 class 0x020000
[    3.141425] pci 0000:02:00.0: reg 0x10: [io  0x0000-0x00ff]
[    3.147042] pci 0000:02:00.0: reg 0x18: [mem 0x00000000-0x00000fff 64bit]
[    3.153858] pci 0000:02:00.0: reg 0x20: [mem 0x00000000-0x00003fff 64bit pref]
[    3.161239] PCI: bus2: Fast back to back transfers disabled
[    3.166830] pci_bus 0000:02: busn_res: [bus 02-ff] end is updated to 02
[    3.173535] pci 0000:00:01.0: BAR 8: assigned [mem 0x13000000-0x130fffff]
[    3.180321] pci 0000:00:02.0: BAR 8: assigned [mem 0x13100000-0x131fffff]
[    3.187121] pci 0000:00:02.0: BAR 9: assigned [mem 0x20000000-0x200fffff 64bit pref]
[    3.194872] pci 0000:00:02.0: BAR 7: assigned [io  0x1000-0x1fff]
[    3.200964] pci 0000:01:00.0: BAR 0: assigned [mem 0x13000000-0x13001fff 64bit]
[    3.208301] pci 0000:00:01.0: PCI bridge to [bus 01]
[    3.213265] pci 0000:00:01.0:   bridge window [mem 0x13000000-0x130fffff]
[    3.220074] pci 0000:02:00.0: BAR 4: assigned [mem 0x20000000-0x20003fff 64bit pref]
[    3.227840] pci 0000:02:00.0: BAR 2: assigned [mem 0x13100000-0x13100fff 64bit]
[    3.235177] pci 0000:02:00.0: BAR 0: assigned [io  0x1000-0x10ff]
[    3.241285] pci 0000:00:02.0: PCI bridge to [bus 02]
[    3.246288] pci 0000:00:02.0:   bridge window [io  0x1000-0x1fff]
[    3.252392] pci 0000:00:02.0:   bridge window [mem 0x13100000-0x131fffff]
[    3.259214] pci 0000:00:02.0:   bridge window [mem 0x20000000-0x200fffff 64bit pref]
[    3.266997] pci 0000:00:01.0: nv_msi_ht_cap_quirk didn't locate host bridge
[    3.274104] pcieport 0000:00:01.0: enabling device (0140 -> 0142)
[    3.280434] pcieport 0000:00:01.0: Signaling PME with IRQ 395
[    3.286363] pci 0000:00:02.0: nv_msi_ht_cap_quirk didn't locate host bridge
[    3.293435] pcieport 0000:00:02.0: enabling device (0140 -> 0143)
[    3.299731] pcieport 0000:00:02.0: Signaling PME with IRQ 396
[    3.305871] r8169 Gigabit Ethernet driver 2.3LK-NAPI loaded
[    3.311472] r8169 0000:02:00.0: enabling device (0140 -> 0143)
[    3.317375] r8169 0000:02:00.0 (unnamed net_device) (uninitialized): not PCI Express
[    3.340182] mmc1: new high speed SDHC card at address aaaa
[    3.346391] mmcblk1: mmc1:aaaa SD04G 3.69 GiB 
[    3.355085] r8169 0000:02:00.0 eth0: RTL8168g/8111g at 0xe5d09753, 00:04:4b:3a:d9:81, XID 0c000800 IRQ 22
[    3.364688] r8169 0000:02:00.0 eth0: jumbo features [frames: 9200 bytes, tx checksumming: ko]
[    3.377277] +1.05V_RUN_AVDD_HDMI_PLL: supplied by +1.05V_RUN
[    3.385878] [drm] Supports vblank timestamp caching Rev 2 (21.10.2013).
[    3.392494] [drm] No driver support for vblank timestamp query.
[    3.405893]  mmcblk1: p1 p2 p3
[    3.524335] tegra-hdmi 54280000.hdmi: cannot set audio to 48000 Hz at 297000000 Hz pixel clock
[    3.771196] Console: switching to colour frame buffer device 512x135
[    3.869835] drm drm: fb0:  frame buffer device
[    3.874372] [drm] Initialized tegra 0.0.0 20120330 for drm on minor 0
[    3.882053] iommu: Adding device cpufreq-dt.0 to group 74
[    3.887928] cpufreq: cpufreq_online: CPU0: Running at unlisted freq: 696000 KHz
[    3.895271] cpufreq: cpufreq_online: CPU0: Unlisted initial frequency changed to: 714000 KHz
[    3.904393] input: gpio-keys as /devices/soc0/gpio-keys/input/input0
[    3.911585] as3722-rtc as3722-rtc: setting system clock to 2000-01-01 00:05:11 UTC (946685111)
[    3.920520] +USB0_VBUS_SW: disabling
[    3.924137] +1.8V_RUN_CAM: disabling
[    3.927907] +2.8V_RUN_CAM: disabling
[    3.931676] +1.2V_RUN_CAM_FRONT: disabling
[    3.936040] +1.05V_RUN_CAM_REAR: disabling
[    3.940288] +3.3V_RUN_TOUCH: disabling
[    3.944276] +2.8V_RUN_CAM_AF: disabling
[    3.948265] +1.8V_RUN_VPP_FUSE: disabling
[    3.953334] EXT4-fs (mmcblk0p1): mounting ext3 file system using the ext4 subsystem
[    3.975028] EXT4-fs (mmcblk0p1): recovery complete
[    3.979815] EXT4-fs (mmcblk0p1): mounted filesystem with ordered data mode. Opts: (null)
[    3.987957] VFS: Mounted root (ext3 filesystem) on device 179:1.
[    3.998378] devtmpfs: mounted
[    4.002210] Freeing unused kernel memory: 2048K
bash: cannot set terminal process group (-1): Inappropriate ioctl for device
bash: no job control in this shell
root@(none):/# mount -t sysfs none /sys
root@(none):/# 
root@(none):/# mount -t debugfs none /sys/kernel/debug
root@(none):/# 
root@(none):/# rtcwake -d rtc1 -m mem -s 3
rtcwake: assuming RTC uses UTC ...
rtcwake: wakeup from "mem" using /dev/rtc1 at Thu Jan  1 00:00:21 1970
[    7.515966] PM: suspend entry (deep)
[    7.519555] PM: Syncing filesystems ... done.
[    7.583925] Freezing user space processes ... (elapsed 0.001 seconds) done.
[    7.592080] OOM killer disabled.
[    7.595321] Freezing remaining freezable tasks ... (elapsed 0.001 seconds) done.
[    7.603896] Suspending console(s) (use no_console_suspend to debug)
[    7.728079] Disabling non-boot CPUs ...
[    7.843562] IRQ17 no longer affine to CPU2
[    7.903928] Entering suspend state LP1
[    7.903939] Enabling non-boot CPUs ...
[    7.904269] CPU1 is up
[    7.904551] CPU2 is up
[    7.904867] CPU3 is up
[    7.905626] pcieport 0000:00:01.0: nv_msi_ht_cap_quirk didn't locate host bridge
[    7.905658] pcieport 0000:00:02.0: nv_msi_ht_cap_quirk didn't locate host bridge
[    7.943782] tegra-hdmi 54280000.hdmi: cannot set audio to 48000 Hz at 297000000 Hz pixel clock
[    8.104107] OOM killer enabled.
[    8.107235] Restarting tasks ... done.
[    8.140435] PM: suspend exit
root@(none):/# 
root@(none):/# [    8.248209] ata1: SATA link down (SStatus 0 SControl 300)
rtcwake -d rtc1 -m mem -s 3
rtcwake: assuming RTC uses UTC ...
rtcwake: wakeup from "mem" using /dev/rtc1 at Thu Jan  1 00:00:25 1970
[    8.645861] PM: suspend entry (deep)
[    8.649449] PM: Syncing filesystems ... done.
[    8.702336] Freezing user space processes ... (elapsed 0.001 seconds) done.
[    8.710517] OOM killer disabled.
[    8.713755] Freezing remaining freezable tasks ... (elapsed 0.001 seconds) done.
[    8.722339] Suspending console(s) (use no_console_suspend to debug)
[    8.739897] pci_generic_config_write32: 78 callbacks suppressed
[    8.739904] pci_bus 0000:00: 2-byte config write to 0000:00:02.0 offset 0x9c may corrupt adjacent RW1C bits
[    8.739920] pci_bus 0000:00: 2-byte config write to 0000:00:01.0 offset 0x9c may corrupt adjacent RW1C bits
[    8.847139] Disabling non-boot CPUs ...
[    8.963531] IRQ17 no longer affine to CPU2
[    9.003909] Entering suspend state LP1
[    9.003922] Enabling non-boot CPUs ...
[    9.004327] CPU1 is up
[    9.004677] CPU2 is up
[    9.005069] CPU3 is up
[    9.005874] pci_bus 0000:00: 2-byte config write to 0000:00:01.0 offset 0x4c may corrupt adjacent RW1C bits
[    9.005884] pci_bus 0000:00: 2-byte config write to 0000:00:01.0 offset 0x88 may corrupt adjacent RW1C bits
[    9.005890] pci_bus 0000:00: 2-byte config write to 0000:00:01.0 offset 0x90 may corrupt adjacent RW1C bits
[    9.005895] pci_bus 0000:00: 2-byte config write to 0000:00:01.0 offset 0x98 may corrupt adjacent RW1C bits
[    9.005901] pci_bus 0000:00: 2-byte config write to 0000:00:01.0 offset 0x9c may corrupt adjacent RW1C bits
[    9.005906] pci_bus 0000:00: 2-byte config write to 0000:00:01.0 offset 0xa8 may corrupt adjacent RW1C bits
[    9.005911] pci_bus 0000:00: 2-byte config write to 0000:00:01.0 offset 0xb0 may corrupt adjacent RW1C bits
[    9.005940] pci_bus 0000:00: 2-byte config write to 0000:00:01.0 offset 0x52 may corrupt adjacent RW1C bits
[    9.005970] pcieport 0000:00:01.0: nv_msi_ht_cap_quirk didn't locate host bridge
[    9.006092] pcieport 0000:00:02.0: nv_msi_ht_cap_quirk didn't locate host bridge
[    9.053839] tegra-hdmi 54280000.hdmi: cannot set audio to 48000 Hz at 297000000 Hz pixel clock
[    9.324733] OOM killer enabled.
[    9.327870] Restarting tasks ... done.
[    9.356330] ata1: SATA link down (SStatus 0 SControl 300)
[    9.420404] PM: suspend exit
root@(none):/# 
root@(none):/# rtcwake -d rtc1 -m mem -s 3
rtcwake: assuming RTC uses UTC ...
rtcwake: wakeup from "mem" using /dev/rtc1 at Thu Jan  1 00:00:29 1970
[    9.745660] PM: suspend entry (deep)
[    9.749247] PM: Syncing filesystems ... done.
[    9.812616] Freezing user space processes ... (elapsed 0.001 seconds) done.
[    9.820831] OOM killer disabled.
[    9.824111] Freezing remaining freezable tasks ... (elapsed 0.001 seconds) done.
[    9.832936] Suspending console(s) (use no_console_suspend to debug)
[    9.957617] Disabling non-boot CPUs ...
[   10.133861] Entering suspend state LP1
[   10.133873] Enabling non-boot CPUs ...
[   10.134245] CPU1 is up
[   10.134527] CPU2 is up
[   10.134842] CPU3 is up
[   10.135551] pcieport 0000:00:02.0: nv_msi_ht_cap_quirk didn't locate host bridge
[   10.135613] pcieport 0000:00:01.0: nv_msi_ht_cap_quirk didn't locate host bridge
[   10.173794] tegra-hdmi 54280000.hdmi: cannot set audio to 48000 Hz at 297000000 Hz pixel clock
[   10.329446] OOM killer enabled.
[   10.332574] Restarting tasks ... done.
[   10.370426] PM: suspend exit
root@(none):/# 
root@(none):/# [   10.478393] ata1: SATA link down (SStatus 0 SControl 300)
rtcwake -d rtc1 -m mem -s 3
rtcwake: assuming RTC uses UTC ...
rtcwake: wakeup from "mem" using /dev/rtc1 at Thu Jan  1 00:00:33 1970
[   10.874441] PM: suspend entry (deep)
[   10.878025] PM: Syncing filesystems ... done.
[   11.014209] Freezing user space processes ... (elapsed 0.001 seconds) done.
[   11.022432] OOM killer disabled.
[   11.025664] Freezing remaining freezable tasks ... (elapsed 0.001 seconds) done.
[   11.034246] Suspending console(s) (use no_console_suspend to debug)
[   11.167079] Disabling non-boot CPUs ...
[   11.313478] IRQ17 no longer affine to CPU3
[   11.313892] Entering suspend state LP1
[   11.313904] Enabling non-boot CPUs ...
[   11.314254] CPU1 is up
[   11.314543] CPU2 is up
[   11.314864] CPU3 is up
[   11.315616] pcieport 0000:00:02.0: nv_msi_ht_cap_quirk didn't locate host bridge
[   11.315618] pcieport 0000:00:01.0: nv_msi_ht_cap_quirk didn't locate host bridge
[   11.353773] tegra-hdmi 54280000.hdmi: cannot set audio to 48000 Hz at 297000000 Hz pixel clock
[   11.514092] OOM killer enabled.
[   11.517220] Restarting tasks ... done.
[   11.550410] PM: suspend exit
root@(none):/# 
root@(none):/# [   11.657874] ata1: SATA link down (SStatus 0 SControl 300)
rtcwake -d rtc1 -m mem -s 3
rtcwake: assuming RTC uses UTC ...
rtcwake: wakeup from "mem" using /dev/rtc1 at Thu Jan  1 00:00:37 1970
[   12.067168] PM: suspend entry (deep)
[   12.070753] PM: Syncing filesystems ... done.
[   12.164430] Freezing user space processes ... (elapsed 0.001 seconds) done.
[   12.172611] OOM killer disabled.
[   12.175867] Freezing remaining freezable tasks ... (elapsed 0.001 seconds) done.
[   12.184475] Suspending console(s) (use no_console_suspend to debug)
[   12.347979] Disabling non-boot CPUs ...
[   12.533853] Entering suspend state LP1
[   12.533867] Enabling non-boot CPUs ...
[   12.534276] CPU1 is up
[   12.534626] CPU2 is up
[   12.535021] CPU3 is up
[   12.535946] pcieport 0000:00:02.0: nv_msi_ht_cap_quirk didn't locate host bridge
[   12.535949] pcieport 0000:00:01.0: nv_msi_ht_cap_quirk didn't locate host bridge
[   12.573793] tegra-hdmi 54280000.hdmi: cannot set audio to 48000 Hz at 297000000 Hz pixel clock
[   12.737303] OOM killer enabled.
[   12.740432] Restarting tasks ... done.
[   12.829502] PM: suspend exit
root@(none):/# 
root@(none):/# [   12.878040] ata1: SATA link down (SStatus 0 SControl 300)
rtcwake -d rtc1 -m mem -s 3
rtcwake: assuming RTC uses UTC ...
rtcwake: wakeup from "mem" using /dev/rtc1 at Thu Jan  1 00:00:41 1970
[   13.280788] PM: suspend entry (deep)
[   13.284465] PM: Syncing filesystems ... done.
[   13.412848] Freezing user space processes ... (elapsed 0.001 seconds) done.
[   13.421134] OOM killer disabled.
[   13.424392] Freezing remaining freezable tasks ... (elapsed 0.001 seconds) done.
[   13.433024] Suspending console(s) (use no_console_suspend to debug)
[   13.566957] Disabling non-boot CPUs ...
[   13.703825] Entering suspend state LP1
[   13.703836] Enabling non-boot CPUs ...
[   13.704181] CPU1 is up
[   13.704467] CPU2 is up
[   13.704783] CPU3 is up
[   13.705510] pcieport 0000:00:01.0: nv_msi_ht_cap_quirk didn't locate host bridge
[   13.705512] pcieport 0000:00:02.0: nv_msi_ht_cap_quirk didn't locate host bridge
[   13.743733] tegra-hdmi 54280000.hdmi: cannot set audio to 48000 Hz at 297000000 Hz pixel clock
[   13.899357] OOM killer enabled.
[   13.902485] Restarting tasks ... done.
[   13.940384] PM: suspend exit
root@(none):/# 
root@(none):/# [   14.048262] ata1: SATA link down (SStatus 0 SControl 300)
rtcwake -d rtc1 -m mem -s 3
rtcwake: assuming RTC uses UTC ...
rtcwake: wakeup from "mem" using /dev/rtc1 at Thu Jan  1 00:00:45 1970
[   14.450606] PM: suspend entry (deep)
[   14.454282] PM: Syncing filesystems ... done.
[   14.582713] Freezing user space processes ... (elapsed 0.001 seconds) done.
[   14.590999] OOM killer disabled.
[   14.594257] Freezing remaining freezable tasks ... (elapsed 0.001 seconds) done.
[   14.602894] Suspending console(s) (use no_console_suspend to debug)
[   14.622376] pci_generic_config_write32: 130 callbacks suppressed
[   14.622383] pci_bus 0000:00: 2-byte config write to 0000:00:02.0 offset 0x9c may corrupt adjacent RW1C bits
[   14.622424] pci_bus 0000:00: 2-byte config write to 0000:00:01.0 offset 0x9c may corrupt adjacent RW1C bits
[   14.737425] Disabling non-boot CPUs ...
[   14.923798] Entering suspend state LP1
[   14.923809] Enabling non-boot CPUs ...
[   14.924154] CPU1 is up
[   14.924439] CPU2 is up
[   14.924749] CPU3 is up
[   14.925366] pci_bus 0000:00: 2-byte config write to 0000:00:01.0 offset 0x4c may corrupt adjacent RW1C bits
[   14.925374] pci_bus 0000:00: 2-byte config write to 0000:00:02.0 offset 0x4c may corrupt adjacent RW1C bits
[   14.925382] pci_bus 0000:00: 2-byte config write to 0000:00:01.0 offset 0x88 may corrupt adjacent RW1C bits
[   14.925387] pci_bus 0000:00: 2-byte config write to 0000:00:01.0 offset 0x90 may corrupt adjacent RW1C bits
[   14.925392] pci_bus 0000:00: 2-byte config write to 0000:00:02.0 offset 0x88 may corrupt adjacent RW1C bits
[   14.925396] pci_bus 0000:00: 2-byte config write to 0000:00:01.0 offset 0x98 may corrupt adjacent RW1C bits
[   14.925401] pci_bus 0000:00: 2-byte config write to 0000:00:02.0 offset 0x90 may corrupt adjacent RW1C bits
[   14.925405] pci_bus 0000:00: 2-byte config write to 0000:00:01.0 offset 0x9c may corrupt adjacent RW1C bits
[   14.925500] pcieport 0000:00:01.0: nv_msi_ht_cap_quirk didn't locate host bridge
[   14.925501] pcieport 0000:00:02.0: nv_msi_ht_cap_quirk didn't locate host bridge
[   14.963708] tegra-hdmi 54280000.hdmi: cannot set audio to 48000 Hz at 297000000 Hz pixel clock
[   15.222843] OOM killer enabled.
[   15.226000] Restarting tasks ... done.
[   15.266553] ata1: SATA link down (SStatus 0 SControl 300)
[   15.517468] PM: suspend exit
root@(none):/# 
root@(none):/# rtcwake -d rtc1 -m mem -s 3
rtcwake: assuming RTC uses UTC ...
rtcwake: wakeup from "mem" using /dev/rtc1 at Thu Jan  1 00:00:49 1970
[   15.711009] PM: suspend entry (deep)
[   15.714663] PM: Syncing filesystems ... done.
[   15.816277] Freezing user space processes ... (elapsed 0.001 seconds) done.
[   15.824511] OOM killer disabled.
[   15.827737] Freezing remaining freezable tasks ... (elapsed 0.001 seconds) done.
[   15.836396] Suspending console(s) (use no_console_suspend to debug)
[   15.997467] Disabling non-boot CPUs ...
[   16.133869] Entering suspend state LP1
[   16.133881] Enabling non-boot CPUs ...
[   16.134262] CPU1 is up
[   16.134551] CPU2 is up
[   16.134871] CPU3 is up
[   16.135602] pcieport 0000:00:01.0: nv_msi_ht_cap_quirk didn't locate host bridge
[   16.135619] pcieport 0000:00:02.0: nv_msi_ht_cap_quirk didn't locate host bridge
[   16.173699] tegra-hdmi 54280000.hdmi: cannot set audio to 48000 Hz at 297000000 Hz pixel clock
[   16.329960] OOM killer enabled.
[   16.333089] Restarting tasks ... done.
[   16.370388] PM: suspend exit
root@(none):/# 
root@(none):/# [   16.477746] ata1: SATA link down (SStatus 0 SControl 300)
rtcwake -d rtc1 -m mem -s 3
rtcwake: assuming RTC uses UTC ...
rtcwake: wakeup from "mem" using /dev/rtc1 at Thu Jan  1 00:00:53 1970
[   16.891453] PM: suspend entry (deep)
[   16.895133] PM: Syncing filesystems ... done.
[   17.000664] Freezing user space processes ... (elapsed 0.001 seconds) done.
[   17.008935] OOM killer disabled.
[   17.012188] Freezing remaining freezable tasks ... (elapsed 0.001 seconds) done.
[   17.020854] Suspending console(s) (use no_console_suspend to debug)
[   17.167724] Disabling non-boot CPUs ...
[   17.353754] Entering suspend state LP1
[   17.353765] Enabling non-boot CPUs ...
[   17.354109] CPU1 is up
[   17.354390] CPU2 is up
[   17.354701] CPU3 is up
[   17.355416] pcieport 0000:00:02.0: nv_msi_ht_cap_quirk didn't locate host bridge
[   17.355417] pcieport 0000:00:01.0: nv_msi_ht_cap_quirk didn't locate host bridge
[   17.393676] tegra-hdmi 54280000.hdmi: cannot set audio to 48000 Hz at 297000000 Hz pixel clock
[   17.549180] OOM killer enabled.
[   17.552308] Restarting tasks ... done.
[   17.595266] PM: suspend exit
root@(none):/# 
root@(none):/# [   17.698101] ata1: SATA link down (SStatus 0 SControl 300)
rtcwake -d rtc1 -m mem -s 3
rtcwake: assuming RTC uses UTC ...
rtcwake: wakeup from "mem" using /dev/rtc1 at Thu Jan  1 00:00:57 1970
[   18.117107] PM: suspend entry (deep)
[   18.120691] PM: Syncing filesystems ... done.
[   18.232735] Freezing user space processes ... (elapsed 0.001 seconds) done.
[   18.240842] OOM killer disabled.
[   18.244071] Freezing remaining freezable tasks ... (elapsed 0.001 seconds) done.
[   18.252626] Suspending console(s) (use no_console_suspend to debug)
[   18.387114] Disabling non-boot CPUs ...
[   18.523741] Entering suspend state LP1
[   18.523752] Enabling non-boot CPUs ...
[   18.524096] CPU1 is up
[   18.524381] CPU2 is up
[   18.524699] CPU3 is up
[   18.525425] pcieport 0000:00:01.0: nv_msi_ht_cap_quirk didn't locate host bridge
[   18.525426] pcieport 0000:00:02.0: nv_msi_ht_cap_quirk didn't locate host bridge
[   18.563671] tegra-hdmi 54280000.hdmi: cannot set audio to 48000 Hz at 297000000 Hz pixel clock
[   18.719320] OOM killer enabled.
[   18.722449] Restarting tasks ... done.
[   18.760305] PM: suspend exit
root@(none):/# 
root@(none):/# [   18.868249] ata1: SATA link down (SStatus 0 SControl 300)
NVTB SYSTEM SUSPEND TEST COMPLETE
