Diff for ./qemu-vexpress64/__internal/defconfig_log.txt
--- /tmp/fooa	2015-08-30 12:08:50.045098010 -0700
+++ /tmp/foob	2015-08-30 12:08:50.045098010 -0700
@@ -1,6 +1,6 @@
 Booting Linux on physical CPU 0x0
 Initializing cgroup subsys cpu
-Linux version 4.2.0-rc8+ (pwalmsley@tamien) (gcc version 4.9.2 20140904 (prerelease) (crosstool-NG linaro-1.13.1-4.9-2014.09 - Linaro GCC 4.9-2014.09) ) #1 SMP PREEMPT Sun Aug 23 21:34:54 PDT 2015
+Linux version 4.2.0+ (pwalmsley@tamien) (gcc version 4.9.2 20140904 (prerelease) (crosstool-NG linaro-1.13.1-4.9-2014.09 - Linaro GCC 4.9-2014.09) ) #1 SMP PREEMPT Sun Aug 30 12:04:41 PDT 2015
 CPU: AArch64 Processor [411fd070] revision 0
 Detected PIPT I-cache on CPU0
 alternatives: enabling workaround for ARM erratum 832075
@@ -89,7 +89,7 @@
 kvm [1]: HYP mode not available
 futex hash table entries: 256 (order: 2, 16384 bytes)
 audit: initializing netlink subsys (disabled)
-audit: type=2000 audit(0.550:1): initialized
+audit: type=2000 audit(0.470:1): initialized
 HugeTLB registered 2 MB page size, pre-allocated 0 pages
 VFS: Disk quotas dquot_6.6.0
 VFS: Dquot-cache hash table entries: 512 (order 0, 4096 bytes)
Diff for ./tegra114-dalmore-a04/tegra114-dalmore/multi_v7_defconfig_log.txt
--- /tmp/fooa	2015-08-30 12:08:50.053098003 -0700
+++ /tmp/foob	2015-08-30 12:08:50.053098003 -0700
@@ -38,20 +38,20 @@
 	 #################################################################
 	 #################################################################
 	 ##############################
-	 3.4 MiB/s
+	 3.2 MiB/s
 done
-Bytes transferred = 6155064 (5deb38 hex)
+Bytes transferred = 6156048 (5def10 hex)
 Tegra114 (Dalmore) # tftpboot 0x82000000 tegra114-dalmore.dtb
 Using asx0 device
 TFTP from server 192.168.100.1; our IP address is 192.168.100.100
 Filename 'tegra114-dalmore.dtb'.
 Load address: 0x82000000
 Loading: *###
-	 3 MiB/s
+	 2.8 MiB/s
 done
 Bytes transferred = 34894 (884e hex)
 Tegra114 (Dalmore) # bootz 0x81000000 - 0x82000000
-Kernel image @ 0x81000000 [ 0x000000 - 0x5deb38 ]
+Kernel image @ 0x81000000 [ 0x000000 - 0x5def10 ]
 ## Flattened Device Tree blob at 82000000
    Booting using the fdt blob at 0x82000000
    Loading Device Tree to 8fff4000, end 8ffff84d ... OK
@@ -59,7 +59,7 @@
 Starting kernel ...
 
 Booting Linux on physical CPU 0x0
-Linux version 4.2.0-rc8-28444-gc13dcf9 (pwalmsley@sellafield) (gcc version 4.7.3 20130328 (prerelease) (crosstool-NG linaro-1.13.1-4.7-2013.04-20130415 - Linaro GCC 2013.04) ) #1 SMP Sun Aug 23 21:33:10 PDT 2015
+Linux version 4.2.0-28491-g64291f7 (pwalmsley@sellafield) (gcc version 4.7.3 20130328 (prerelease) (crosstool-NG linaro-1.13.1-4.7-2013.04-20130415 - Linaro GCC 2013.04) ) #1 SMP Sun Aug 30 12:03:08 PDT 2015
 CPU: ARMv7 Processor [412fc0f2] revision 2 (ARMv7), cr=10c5387d
 CPU: PIPT / VIPT nonaliasing data cache, PIPT instruction cache
 Machine model: NVIDIA Tegra114 Dalmore evaluation board
@@ -88,7 +88,7 @@
     lowmem  : 0xc0000000 - 0xef800000   ( 760 MB)
     pkmap   : 0xbfe00000 - 0xc0000000   (   2 MB)
     modules : 0xbf000000 - 0xbfe00000   (  14 MB)
-      .text : 0xc0208000 - 0xc0d0fa98   (11295 kB)
+      .text : 0xc0208000 - 0xc0d0fa90   (11295 kB)
       .init : 0xc0d10000 - 0xc0dfc000   ( 944 kB)
       .data : 0xc0dfc000 - 0xc0effb00   (1039 kB)
        .bss : 0xc0f02000 - 0xc0f53c28   ( 328 kB)
@@ -283,8 +283,8 @@
 mmcblk0boot0: mmc1:0001 SEM32G partition 1 4.00 MiB
 mmcblk0boot1: mmc1:0001 SEM32G partition 2 4.00 MiB
 mmcblk0rpmb: mmc1:0001 SEM32G partition 3 4.00 MiB
-Console: switching to colour frame buffer device 240x75
  mmcblk0: p1 p2 p3 p4 p5 p6 p7 p8
+Console: switching to colour frame buffer device 240x75
 drm drm: fb0:  frame buffer device
 drm drm: registered panic notifier
 [drm] Initialized tegra 0.0.0 20120330 on minor 0
@@ -296,7 +296,7 @@
 hub 1-0:1.0: USB hub found
 hub 1-0:1.0: 1 port detected
 input: gpio-keys as /devices/soc0/gpio-keys/input/input0
-palmas-rtc 7000d000.i2c:tps65913@58:rtc: setting system clock to 2000-03-05 13:27:09 UTC (952262829)
+palmas-rtc 7000d000.i2c:tps65913@58:rtc: setting system clock to 2000-03-12 03:57:31 UTC (952833451)
 vdd_cam_1v8_reg: disabling
 usb1_vbus: disabling
 dvdd_ts: disabling
@@ -308,4 +308,4 @@
 Freeing unused kernel memory: 944K (c0d10000 - c0dfc000)
 bash: cannot set terminal process group (-1): Inappropriate ioctl for device
 bash: no job control in this shell
-root@(none):/# [    2.188983] usb 1-1: new high-speed USB device number 2 using tegra-ehci
+root@(none):/# [    2.193900] usb 1-1: new high-speed USB device number 2 using tegra-ehci
Diff for ./tegra114-dalmore-a04/tegra114-dalmore/tegra_defconfig_log.txt
--- /tmp/fooa	2015-08-30 12:08:50.061097998 -0700
+++ /tmp/foob	2015-08-30 12:08:50.061097998 -0700
@@ -39,18 +39,18 @@
 	 ####################
 	 3.2 MiB/s
 done
-Bytes transferred = 5062568 (4d3fa8 hex)
+Bytes transferred = 5062664 (4d4008 hex)
 Tegra114 (Dalmore) # tftpboot 0x82000000 tegra114-dalmore.dtb
 Using asx0 device
 TFTP from server 192.168.100.1; our IP address is 192.168.100.100
 Filename 'tegra114-dalmore.dtb'.
 Load address: 0x82000000
 Loading: *###
-	 2.6 MiB/s
+	 3 MiB/s
 done
 Bytes transferred = 34894 (884e hex)
 Tegra114 (Dalmore) # bootz 0x81000000 - 0x82000000
-Kernel image @ 0x81000000 [ 0x000000 - 0x4d3fa8 ]
+Kernel image @ 0x81000000 [ 0x000000 - 0x4d4008 ]
 ## Flattened Device Tree blob at 82000000
    Booting using the fdt blob at 0x82000000
    Loading Device Tree to 8fff4000, end 8ffff84d ... OK
@@ -61,7 +61,7 @@
 Booting Linux on physical CPU 0x0
 Initializing cgroup subsys cpu
 Initializing cgroup subsys cpuacct
-Linux version 4.2.0-rc8-28444-gc13dcf9 (pwalmsley@kaivo) (gcc version 4.7.3 20130328 (prerelease) (crosstool-NG linaro-1.13.1-4.7-2013.04-20130415 - Linaro GCC 2013.04) ) #1 SMP PREEMPT Sun Aug 23 21:33:32 PDT 2015
+Linux version 4.2.0-28491-g64291f7 (pwalmsley@kaivo) (gcc version 4.7.3 20130328 (prerelease) (crosstool-NG linaro-1.13.1-4.7-2013.04-20130415 - Linaro GCC 2013.04) ) #1 SMP PREEMPT Sun Aug 30 12:03:29 PDT 2015
 CPU: ARMv7 Processor [412fc0f2] revision 2 (ARMv7), cr=10c5387d
 CPU: PIPT / VIPT nonaliasing data cache, PIPT instruction cache
 Machine model: NVIDIA Tegra114 Dalmore evaluation board
@@ -294,7 +294,7 @@
 hub 1-0:1.0: USB hub found
 hub 1-0:1.0: 1 port detected
 input: gpio-keys as /devices/soc0/gpio-keys/input/input1
-palmas-rtc 7000d000.i2c:tps65913@58:rtc: setting system clock to 2000-03-05 13:27:36 UTC (952262856)
+palmas-rtc 7000d000.i2c:tps65913@58:rtc: setting system clock to 2000-03-12 03:58:02 UTC (952833482)
 vdd_cam_1v8_reg: disabling
 usb1_vbus: disabling
 dvdd_ts: disabling
@@ -309,4 +309,4 @@
 Freeing unused kernel memory: 312K (c0920000 - c096e000)
 bash: cannot set terminal process group (-1): Inappropriate ioctl for device
 bash: no job control in this shell
-root@(none):/# [    2.740010] usb 1-1: new high-speed USB device number 2 using tegra-ehci
+root@(none):/# [    2.740036] usb 1-1: new high-speed USB device number 2 using tegra-ehci
Diff for ./tegra124-jetson-tk1/tegra124-jetson-tk1/multi_v7_defconfig_log.txt
--- /tmp/fooa	2015-08-30 12:08:50.065097994 -0700
+++ /tmp/foob	2015-08-30 12:08:50.069097990 -0700
@@ -29,6 +29,7 @@
 Tegra124 (Jetson TK1) # setenv bootargs 'ignore_loglevel console=ttyS0,115200n8 rw root=/dev/mmcblk0p1 rootwait gpt debug init=/bin/bash noinitrd'
 Tegra124 (Jetson TK1) # setenv ipaddr 192.168.100.102; setenv serverip 192.168.100.1; setenv tftpserverip 192.168.100.1
 Tegra124 (Jetson TK1) # tftpboot 0x81000000 zImage.multi_v7_defconfig
+Waiting for Ethernet connection... done.
 Using asx0 device
 TFTP from server 192.168.100.1; our IP address is 192.168.100.102
 Filename 'zImage.multi_v7_defconfig'.
@@ -40,9 +41,9 @@
 	 #################################################################
 	 #################################################################
 	 ##############################
-	 3.2 MiB/s
+	 3.1 MiB/s
 done
-Bytes transferred = 6155064 (5deb38 hex)
+Bytes transferred = 6156048 (5def10 hex)
 Tegra124 (Jetson TK1) # tftpboot 0x82000000 tegra124-jetson-tk1.dtb
 Using asx0 device
 TFTP from server 192.168.100.1; our IP address is 192.168.100.102
@@ -53,7 +54,7 @@
 done
 Bytes transferred = 62999 (f617 hex)
 Tegra124 (Jetson TK1) # bootz 0x81000000 - 0x82000000
-Kernel image @ 0x81000000 [ 0x000000 - 0x5deb38 ]
+Kernel image @ 0x81000000 [ 0x000000 - 0x5def10 ]
 ## Flattened Device Tree blob at 82000000
    Booting using the fdt blob at 0x82000000
    Using Device Tree in place at 82000000, end 82012616
@@ -61,7 +62,7 @@
 Starting kernel ...
 
 Booting Linux on physical CPU 0x0
-Linux version 4.2.0-rc8-28444-gc13dcf9 (pwalmsley@sellafield) (gcc version 4.7.3 20130328 (prerelease) (crosstool-NG linaro-1.13.1-4.7-2013.04-20130415 - Linaro GCC 2013.04) ) #1 SMP Sun Aug 23 21:33:10 PDT 2015
+Linux version 4.2.0-28491-g64291f7 (pwalmsley@sellafield) (gcc version 4.7.3 20130328 (prerelease) (crosstool-NG linaro-1.13.1-4.7-2013.04-20130415 - Linaro GCC 2013.04) ) #1 SMP Sun Aug 30 12:03:08 PDT 2015
 CPU: ARMv7 Processor [413fc0f3] revision 3 (ARMv7), cr=10c5387d
 CPU: PIPT / VIPT nonaliasing data cache, PIPT instruction cache
 Machine model: NVIDIA Tegra124 Jetson TK1
@@ -90,7 +91,7 @@
     lowmem  : 0xc0000000 - 0xef800000   ( 760 MB)
     pkmap   : 0xbfe00000 - 0xc0000000   (   2 MB)
     modules : 0xbf000000 - 0xbfe00000   (  14 MB)
-      .text : 0xc0208000 - 0xc0d0fa98   (11295 kB)
+      .text : 0xc0208000 - 0xc0d0fa90   (11295 kB)
       .init : 0xc0d10000 - 0xc0dfc000   ( 944 kB)
       .data : 0xc0dfc000 - 0xc0effb00   (1039 kB)
        .bss : 0xc0f02000 - 0xc0f53c28   ( 328 kB)
@@ -288,13 +289,13 @@
 +1.35V_LP0(sd2): supplied by +5V_SYS
 +1.05V_RUN_AVDD: supplied by +1.35V_LP0(sd2)
 tegra-pcie 1003000.pcie-controller: probing port 0, using 2 lanes
+tegra-pcie 1003000.pcie-controller: Slot present pin change, signature: 00000008
 mmc1: MAN_BKOPS_EN bit is not set
 mmc1: new high speed MMC card at address 0001
 mmcblk0: mmc1:0001 SEM16G 14.6 GiB 
 mmcblk0boot0: mmc1:0001 SEM16G partition 1 4.00 MiB
 mmcblk0boot1: mmc1:0001 SEM16G partition 2 4.00 MiB
 mmcblk0rpmb: mmc1:0001 SEM16G partition 3 4.00 MiB
-tegra-pcie 1003000.pcie-controller: Slot present pin change, signature: 00000008
 Primary GPT is invalid, using alternate GPT.
  mmcblk0: p1 p2 p3 p4 p5 p6 p7 p8 p9
 tegra-pcie 1003000.pcie-controller: link 0 down, retrying
@@ -340,7 +341,7 @@
 hub 2-0:1.0: USB hub found
 hub 2-0:1.0: 1 port detected
 input: gpio-keys as /devices/soc0/gpio-keys/input/input0
-as3722-rtc as3722-rtc: setting system clock to 2000-02-01 00:00:18 UTC (949363218)
+as3722-rtc as3722-rtc: setting system clock to 2000-02-01 00:00:19 UTC (949363219)
 +USB0_VBUS_SW: disabling
 +1.8V_RUN_VPP_FUSE: disabling
 +2.8V_RUN_CAM_AF: disabling
Diff for ./tegra124-jetson-tk1/tegra124-jetson-tk1/tegra_defconfig_log.txt
--- /tmp/fooa	2015-08-30 12:08:50.073097987 -0700
+++ /tmp/foob	2015-08-30 12:08:50.077097984 -0700
@@ -39,9 +39,9 @@
 	 #################################################################
 	 #################################################################
 	 ####################
-	 3.1 MiB/s
+	 3.2 MiB/s
 done
-Bytes transferred = 5062568 (4d3fa8 hex)
+Bytes transferred = 5062664 (4d4008 hex)
 Tegra124 (Jetson TK1) # tftpboot 0x82000000 tegra124-jetson-tk1.dtb
 Using asx0 device
 TFTP from server 192.168.100.1; our IP address is 192.168.100.102
@@ -52,7 +52,7 @@
 done
 Bytes transferred = 62999 (f617 hex)
 Tegra124 (Jetson TK1) # bootz 0x81000000 - 0x82000000
-Kernel image @ 0x81000000 [ 0x000000 - 0x4d3fa8 ]
+Kernel image @ 0x81000000 [ 0x000000 - 0x4d4008 ]
 ## Flattened Device Tree blob at 82000000
    Booting using the fdt blob at 0x82000000
    Using Device Tree in place at 82000000, end 82012616
@@ -63,7 +63,7 @@
 Booting Linux on physical CPU 0x0
 Initializing cgroup subsys cpu
 Initializing cgroup subsys cpuacct
-Linux version 4.2.0-rc8-28444-gc13dcf9 (pwalmsley@kaivo) (gcc version 4.7.3 20130328 (prerelease) (crosstool-NG linaro-1.13.1-4.7-2013.04-20130415 - Linaro GCC 2013.04) ) #1 SMP PREEMPT Sun Aug 23 21:33:32 PDT 2015
+Linux version 4.2.0-28491-g64291f7 (pwalmsley@kaivo) (gcc version 4.7.3 20130328 (prerelease) (crosstool-NG linaro-1.13.1-4.7-2013.04-20130415 - Linaro GCC 2013.04) ) #1 SMP PREEMPT Sun Aug 30 12:03:29 PDT 2015
 CPU: ARMv7 Processor [413fc0f3] revision 3 (ARMv7), cr=10c5387d
 CPU: PIPT / VIPT nonaliasing data cache, PIPT instruction cache
 Machine model: NVIDIA Tegra124 Jetson TK1
@@ -302,16 +302,44 @@
 tegra-pcie 1003000.pcie-controller: link 0 down, ignoring
 tegra-pcie 1003000.pcie-controller: probing port 1, using 1 lanes
 tegra-pcie 1003000.pcie-controller: Slot present pin change, signature: 00000000
-tegra-pcie 1003000.pcie-controller: link 1 down, retrying
-tegra-pcie 1003000.pcie-controller: link 1 down, retrying
-tegra-pcie 1003000.pcie-controller: link 1 down, retrying
-tegra-pcie 1003000.pcie-controller: link 1 down, ignoring
 tegra-pcie 1003000.pcie-controller: PCI host bridge to bus 0000:00
 pci_bus 0000:00: root bus resource [mem 0x13000000-0x1fffffff]
 pci_bus 0000:00: root bus resource [mem 0x20000000-0x3fffffff pref]
 pci_bus 0000:00: root bus resource [bus 00-ff]
 pci_bus 0000:00: root bus resource [io  0x1000-0xffff]
-PCI: bus0: Fast back to back transfers enabled
+pci 0000:00:02.0: [10de:0e13] type 01 class 0x060400
+pci 0000:00:02.0: IOMMU is currently not supported for PCI
+pci 0000:00:02.0: PME# supported from D0 D1 D2 D3hot D3cold
+PCI: bus0: Fast back to back transfers disabled
+pci 0000:00:02.0: bridge configuration invalid ([bus 00-00]), reconfiguring
+pci 0000:01:00.0: [10ec:8168] type 00 class 0x020000
+pci 0000:01:00.0: reg 0x10: [io  0x0000-0x00ff]
+pci 0000:01:00.0: reg 0x18: [mem 0x00000000-0x00000fff 64bit]
+pci 0000:01:00.0: reg 0x20: [mem 0x00000000-0x00003fff 64bit pref]
+pci 0000:01:00.0: IOMMU is currently not supported for PCI
+pci 0000:01:00.0: supports D1 D2
+pci 0000:01:00.0: PME# supported from D0 D1 D2 D3hot D3cold
+PCI: bus1: Fast back to back transfers disabled
+pci_bus 0000:01: busn_res: [bus 01-ff] end is updated to 01
+pci 0000:00:02.0: BAR 8: assigned [mem 0x13000000-0x130fffff]
+pci 0000:00:02.0: BAR 9: assigned [mem 0x20000000-0x200fffff 64bit pref]
+pci 0000:00:02.0: BAR 7: assigned [io  0x1000-0x1fff]
+pci 0000:01:00.0: BAR 4: assigned [mem 0x20000000-0x20003fff 64bit pref]
+pci 0000:01:00.0: BAR 2: assigned [mem 0x13000000-0x13000fff 64bit]
+pci 0000:01:00.0: BAR 0: assigned [io  0x1000-0x10ff]
+pci 0000:00:02.0: PCI bridge to [bus 01]
+pci 0000:00:02.0:   bridge window [io  0x1000-0x1fff]
+pci 0000:00:02.0:   bridge window [mem 0x13000000-0x130fffff]
+pci 0000:00:02.0:   bridge window [mem 0x20000000-0x200fffff 64bit pref]
+pci 0000:00:02.0: nv_msi_ht_cap_quirk didn't locate host bridge
+pcieport 0000:00:02.0: enabling device (0140 -> 0143)
+pcieport 0000:00:02.0: Signaling PME through PCIe PME interrupt
+pci 0000:01:00.0: Signaling PME through PCIe PME interrupt
+pcie_pme 0000:00:02.0:pcie01: service driver pcie_pme loaded
+r8169 Gigabit Ethernet driver 2.3LK-NAPI loaded
+r8169 0000:01:00.0: enabling device (0140 -> 0143)
+r8169 0000:01:00.0 eth0: RTL8168g/8111g at 0xf0142000, 00:04:4b:25:b3:b4, XID 0c000800 IRQ 383
+r8169 0000:01:00.0 eth0: jumbo features [frames: 9200 bytes, tx checksumming: ko]
 +5V_HDMI_CON: supplied by +5V_SYS
 +1.05V_RUN_AVDD_HDMI_PLL: supplied by +1.05V_RUN
 +3.3V_RUN: supplied by +3.3V_SYS
@@ -339,7 +367,7 @@
 hub 2-0:1.0: USB hub found
 hub 2-0:1.0: 1 port detected
 input: gpio-keys as /devices/soc0/gpio-keys/input/input2
-as3722-rtc as3722-rtc: setting system clock to 2000-02-01 00:00:54 UTC (949363254)
+as3722-rtc as3722-rtc: setting system clock to 2000-02-01 00:00:56 UTC (949363256)
 +USB0_VBUS_SW: disabling
 +1.8V_RUN_VPP_FUSE: disabling
 +2.8V_RUN_CAM_AF: disabling
Diff for ./tegra20-trimslice/tegra20-trimslice/multi_v7_defconfig_log.txt
--- /tmp/fooa	2015-08-30 12:08:50.081097982 -0700
+++ /tmp/foob	2015-08-30 12:08:50.085097979 -0700
@@ -46,9 +46,9 @@
 	 #################################################################
 	 #################################################################
 	 ##############################
-	 3.9 MiB/s
+	 4.1 MiB/s
 done
-Bytes transferred = 6155064 (5deb38 hex)
+Bytes transferred = 6156048 (5def10 hex)
 Tegra20 (TrimSlice) # tftpboot 0x02408000 tegra20-trimslice.dtb
 Using RTL8169#0 device
 TFTP from server 192.168.100.1; our IP address is 192.168.100.103
@@ -59,7 +59,7 @@
 done
 Bytes transferred = 21130 (528a hex)
 Tegra20 (TrimSlice) # bootz 0x00408000 - 0x02408000
-Kernel image @ 0x408000 [ 0x000000 - 0x5deb38 ]
+Kernel image @ 0x408000 [ 0x000000 - 0x5def10 ]
 ## Flattened Device Tree blob at 02408000
    Booting using the fdt blob at 0x2408000
    Using Device Tree in place at 02408000, end 02410289
@@ -67,7 +67,7 @@
 Starting kernel ...
 
 Booting Linux on physical CPU 0x0
-Linux version 4.2.0-rc8-28444-gc13dcf9 (pwalmsley@sellafield) (gcc version 4.7.3 20130328 (prerelease) (crosstool-NG linaro-1.13.1-4.7-2013.04-20130415 - Linaro GCC 2013.04) ) #1 SMP Sun Aug 23 21:33:10 PDT 2015
+Linux version 4.2.0-28491-g64291f7 (pwalmsley@sellafield) (gcc version 4.7.3 20130328 (prerelease) (crosstool-NG linaro-1.13.1-4.7-2013.04-20130415 - Linaro GCC 2013.04) ) #1 SMP Sun Aug 30 12:03:08 PDT 2015
 CPU: ARMv7 Processor [411fc090] revision 0 (ARMv7), cr=10c5387d
 CPU: PIPT / VIPT nonaliasing data cache, VIPT aliasing instruction cache
 Machine model: Compulab TrimSlice board
@@ -96,7 +96,7 @@
     lowmem  : 0xc0000000 - 0xef800000   ( 760 MB)
     pkmap   : 0xbfe00000 - 0xc0000000   (   2 MB)
     modules : 0xbf000000 - 0xbfe00000   (  14 MB)
-      .text : 0xc0208000 - 0xc0d0fa98   (11295 kB)
+      .text : 0xc0208000 - 0xc0d0fa90   (11295 kB)
       .init : 0xc0d10000 - 0xc0dfc000   ( 944 kB)
       .data : 0xc0dfc000 - 0xc0effb00   (1039 kB)
        .bss : 0xc0f02000 - 0xc0f53c28   ( 328 kB)
@@ -336,7 +336,7 @@
 input: gpio-keys as /devices/soc0/gpio-keys/input/input0
 hub 1-1:1.0: USB hub found
 hub 1-1:1.0: 4 ports detected
-rtc-em3027 2-0056: setting system clock to 2014-12-26 20:54:06 UTC (1419627246)
+rtc-em3027 2-0056: setting system clock to 2014-12-26 21:33:45 UTC (1419629625)
 EXT4-fs (mmcblk0p1): mounting ext3 file system using the ext4 subsystem
 mmc1: new high speed SD card at address b368
 mmcblk1: mmc1:b368 NCard 1.83 GiB (ro)
Diff for ./tegra20-trimslice/tegra20-trimslice/tegra_defconfig_log.txt
--- /tmp/fooa	2015-08-30 12:08:50.089097975 -0700
+++ /tmp/foob	2015-08-30 12:08:50.093097971 -0700
@@ -47,18 +47,18 @@
 	 ####################
 	 4 MiB/s
 done
-Bytes transferred = 5062568 (4d3fa8 hex)
+Bytes transferred = 5062664 (4d4008 hex)
 Tegra20 (TrimSlice) # tftpboot 0x02408000 tegra20-trimslice.dtb
 Using RTL8169#0 device
 TFTP from server 192.168.100.1; our IP address is 192.168.100.103
 Filename 'tegra20-trimslice.dtb'.
 Load address: 0x2408000
 Loading: *##
-	 3.4 MiB/s
+	 4 MiB/s
 done
 Bytes transferred = 21130 (528a hex)
 Tegra20 (TrimSlice) # bootz 0x00408000 - 0x02408000
-Kernel image @ 0x408000 [ 0x000000 - 0x4d3fa8 ]
+Kernel image @ 0x408000 [ 0x000000 - 0x4d4008 ]
 ## Flattened Device Tree blob at 02408000
    Booting using the fdt blob at 0x2408000
    Using Device Tree in place at 02408000, end 02410289
@@ -69,7 +69,7 @@
 Booting Linux on physical CPU 0x0
 Initializing cgroup subsys cpu
 Initializing cgroup subsys cpuacct
-Linux version 4.2.0-rc8-28444-gc13dcf9 (pwalmsley@kaivo) (gcc version 4.7.3 20130328 (prerelease) (crosstool-NG linaro-1.13.1-4.7-2013.04-20130415 - Linaro GCC 2013.04) ) #1 SMP PREEMPT Sun Aug 23 21:33:32 PDT 2015
+Linux version 4.2.0-28491-g64291f7 (pwalmsley@kaivo) (gcc version 4.7.3 20130328 (prerelease) (crosstool-NG linaro-1.13.1-4.7-2013.04-20130415 - Linaro GCC 2013.04) ) #1 SMP PREEMPT Sun Aug 30 12:03:29 PDT 2015
 CPU: ARMv7 Processor [411fc090] revision 0 (ARMv7), cr=10c5387d
 CPU: PIPT / VIPT nonaliasing data cache, VIPT aliasing instruction cache
 Machine model: Compulab TrimSlice board
@@ -318,11 +318,9 @@
 tegra-snd-trimslice sound: tlv320aic23-hifi <-> 70002800.i2s mapping ok
 NET: Registered protocol family 10
 mmc0: host does not support reading read-only switch, assuming write-enable
-mmc0: new high speed SDHC card at address b368
-mmcblk0: mmc0:b368 NCard 3.70 GiB 
- mmcblk0: p1
 mip6: Mobile IPv6
 sit: IPv6 over IPv4 tunneling driver
+mmc0: new high speed SDHC card at address b368
 NET: Registered protocol family 17
 NET: Registered protocol family 15
 can: controller area network core (rev 20120528 abi 9)
@@ -331,7 +329,9 @@
 can: broadcast manager protocol (rev 20120528 t)
 can: netlink gateway (rev 20130117) max_hops=1
 Bluetooth: RFCOMM socket layer initialized
+mmcblk0: mmc0:b368 NCard 3.70 GiB 
 Bluetooth: RFCOMM ver 1.11
+ mmcblk0: p1
 Bluetooth: BNEP (Ethernet Emulation) ver 1.3
 Bluetooth: BNEP socket layer initialized
 Bluetooth: HIDP (Human Interface Emulation) ver 1.2
@@ -343,17 +343,17 @@
 tegra-ehci c5000000.usb: irq 288, io mem 0xc5000000
 hub 1-1:1.0: USB hub found
 hub 1-1:1.0: 4 ports detected
-mmc1: new high speed SD card at address b368
-mmcblk1: mmc1:b368 NCard 1.83 GiB (ro)
 tegra-ehci c5000000.usb: USB 2.0 started, EHCI 1.00
 hub 2-0:1.0: USB hub found
 hub 2-0:1.0: 1 port detected
- mmcblk1: p1 p2
 input: gpio-keys as /devices/soc0/gpio-keys/input/input0
-rtc-em3027 2-0056: setting system clock to 2014-12-26 20:54:24 UTC (1419627264)
+rtc-em3027 2-0056: setting system clock to 2014-12-26 21:34:04 UTC (1419629644)
+mmc1: new high speed SD card at address b368
 ALSA device list:
   #0: tegra-trimslice
+mmcblk1: mmc1:b368 NCard 1.83 GiB (ro)
 kjournald starting.  Commit interval 5 seconds
+ mmcblk1: p1 p2
 EXT3-fs (mmcblk0p1): using internal journal
 EXT3-fs (mmcblk0p1): recovery complete
 EXT3-fs (mmcblk0p1): mounted filesystem with writeback data mode
Diff for ./tegra30-beaver/tegra30-beaver/multi_v7_defconfig_log.txt
--- /tmp/fooa	2015-08-30 12:08:50.097097968 -0700
+++ /tmp/foob	2015-08-30 12:08:50.101097966 -0700
@@ -40,7 +40,7 @@
 	 ##############################
 	 3.4 MiB/s
 done
-Bytes transferred = 6155064 (5deb38 hex)
+Bytes transferred = 6156048 (5def10 hex)
 Tegra30 (Beaver) # tftpboot 0x82000000 tegra30-beaver.dtb
 Using asx0 device
 TFTP from server 192.168.100.1; our IP address is 192.168.100.101
@@ -51,7 +51,7 @@
 done
 Bytes transferred = 51467 (c90b hex)
 Tegra30 (Beaver) # bootz 0x81000000 - 0x82000000
-Kernel image @ 0x81000000 [ 0x000000 - 0x5deb38 ]
+Kernel image @ 0x81000000 [ 0x000000 - 0x5def10 ]
 ## Flattened Device Tree blob at 82000000
    Booting using the fdt blob at 0x82000000
    Loading Device Tree to 8fff0000, end 8ffff90a ... OK
@@ -59,7 +59,7 @@
 Starting kernel ...
 
 Booting Linux on physical CPU 0x0
-Linux version 4.2.0-rc8-28444-gc13dcf9 (pwalmsley@sellafield) (gcc version 4.7.3 20130328 (prerelease) (crosstool-NG linaro-1.13.1-4.7-2013.04-20130415 - Linaro GCC 2013.04) ) #1 SMP Sun Aug 23 21:33:10 PDT 2015
+Linux version 4.2.0-28491-g64291f7 (pwalmsley@sellafield) (gcc version 4.7.3 20130328 (prerelease) (crosstool-NG linaro-1.13.1-4.7-2013.04-20130415 - Linaro GCC 2013.04) ) #1 SMP Sun Aug 30 12:03:08 PDT 2015
 CPU: ARMv7 Processor [412fc099] revision 9 (ARMv7), cr=10c5387d
 CPU: PIPT / VIPT nonaliasing data cache, VIPT aliasing instruction cache
 Machine model: NVIDIA Tegra30 Beaver evaluation board
@@ -88,7 +88,7 @@
     lowmem  : 0xc0000000 - 0xef800000   ( 760 MB)
     pkmap   : 0xbfe00000 - 0xc0000000   (   2 MB)
     modules : 0xbf000000 - 0xbfe00000   (  14 MB)
-      .text : 0xc0208000 - 0xc0d0fa98   (11295 kB)
+      .text : 0xc0208000 - 0xc0d0fa90   (11295 kB)
       .init : 0xc0d10000 - 0xc0dfc000   ( 944 kB)
       .data : 0xc0dfc000 - 0xc0effb00   (1039 kB)
        .bss : 0xc0f02000 - 0xc0f53c28   ( 328 kB)
@@ -290,9 +290,9 @@
 mmcblk0boot0: mmc1:0001 SEM16G partition 1 1.00 MiB
 mmcblk0boot1: mmc1:0001 SEM16G partition 2 1.00 MiB
 mmcblk0rpmb: mmc1:0001 SEM16G partition 3 128 KiB
-tegra-pcie 3000.pcie-controller: probing port 2, using 2 lanes
 Primary GPT is invalid, using alternate GPT.
  mmcblk0: p1 p2 p3 p4 p5
+tegra-pcie 3000.pcie-controller: probing port 2, using 2 lanes
 tegra-pcie 3000.pcie-controller: link 2 down, retrying
 tegra-pcie 3000.pcie-controller: link 2 down, retrying
 tegra-pcie 3000.pcie-controller: link 2 down, retrying
@@ -367,4 +367,4 @@
 Freeing unused kernel memory: 944K (c0d10000 - c0dfc000)
 bash: cannot set terminal process group (-1): Inappropriate ioctl for device
 bash: no job control in this shell
-root@(none):/# [    3.758778] usb 2-1: new high-speed USB device number 2 using tegra-ehci
+root@(none):/# [    3.763790] usb 2-1: new high-speed USB device number 2 using tegra-ehci
Diff for ./tegra30-beaver/tegra30-beaver/tegra_defconfig_log.txt
--- /tmp/fooa	2015-08-30 12:08:50.105097963 -0700
+++ /tmp/foob	2015-08-30 12:08:50.109097960 -0700
@@ -37,9 +37,9 @@
 	 #################################################################
 	 #################################################################
 	 ####################
-	 3.2 MiB/s
+	 3.4 MiB/s
 done
-Bytes transferred = 5062568 (4d3fa8 hex)
+Bytes transferred = 5062664 (4d4008 hex)
 Tegra30 (Beaver) # tftpboot 0x82000000 tegra30-beaver.dtb
 Using asx0 device
 TFTP from server 192.168.100.1; our IP address is 192.168.100.101
@@ -50,7 +50,7 @@
 done
 Bytes transferred = 51467 (c90b hex)
 Tegra30 (Beaver) # bootz 0x81000000 - 0x82000000
-Kernel image @ 0x81000000 [ 0x000000 - 0x4d3fa8 ]
+Kernel image @ 0x81000000 [ 0x000000 - 0x4d4008 ]
 ## Flattened Device Tree blob at 82000000
    Booting using the fdt blob at 0x82000000
    Loading Device Tree to 8fff0000, end 8ffff90a ... OK
@@ -61,7 +61,7 @@
 Booting Linux on physical CPU 0x0
 Initializing cgroup subsys cpu
 Initializing cgroup subsys cpuacct
-Linux version 4.2.0-rc8-28444-gc13dcf9 (pwalmsley@kaivo) (gcc version 4.7.3 20130328 (prerelease) (crosstool-NG linaro-1.13.1-4.7-2013.04-20130415 - Linaro GCC 2013.04) ) #1 SMP PREEMPT Sun Aug 23 21:33:32 PDT 2015
+Linux version 4.2.0-28491-g64291f7 (pwalmsley@kaivo) (gcc version 4.7.3 20130328 (prerelease) (crosstool-NG linaro-1.13.1-4.7-2013.04-20130415 - Linaro GCC 2013.04) ) #1 SMP PREEMPT Sun Aug 30 12:03:29 PDT 2015
 CPU: ARMv7 Processor [412fc099] revision 9 (ARMv7), cr=10c5387d
 CPU: PIPT / VIPT nonaliasing data cache, VIPT aliasing instruction cache
 Machine model: NVIDIA Tegra30 Beaver evaluation board
@@ -369,4 +369,4 @@
 Freeing unused kernel memory: 312K (c0920000 - c096e000)
 bash: cannot set terminal process group (-1): Inappropriate ioctl for device
 bash: no job control in this shell
-root@(none):/# [    4.436697] usb 2-1: new high-speed USB device number 2 using tegra-ehci
+root@(none):/# [    4.436694] usb 2-1: new high-speed USB device number 2 using tegra-ehci
