
U-Boot SPL 2014.01-00219-gc4d376f (Feb 18 2014 - 19:57:18)


U-Boot 2014.01-00219-gc4d376f (Feb 18 2014 - 19:57:18)

TEGRA30
Board: NVIDIA Beaver
I2C:   ready
DRAM:  2 GiB
MMC:   Tegra SD/MMC: 0, Tegra SD/MMC: 1
In:    serial
Out:   serial
Err:   serial
Net:   Net Initialization Skipped
No ethernet found.
Hit any key to stop autoboot:  2  0 
Tegra30 (Beaver) # 
Tegra30 (Beaver) # usb reset
(Re)start USB...
USB0:   USB EHCI 1.00
scanning bus 0 for devices... 2 USB Device(s) found
       scanning usb for storage devices... 0 Storage Device(s) found
       scanning usb for ethernet devices... 
Warning: asx0 using MAC address from net device
1 Ethernet Device(s) found
Tegra30 (Beaver) # setenv bootargs 'ignore_loglevel console=ttyS0,115200n8 rw root=PARTUUID=edbe1840-3633-c751-7993-b0ac834f81e0 rootwait gpt debug noinitrd earlyprintk init=/bin/bash'
Tegra30 (Beaver) # setenv ipaddr 192.168.100.101; setenv serverip 192.168.100.1; setenv tftpserverip 192.168.100.1
Tegra30 (Beaver) # tftpboot 0x81000000 zImage.multi_v7_defconfig
Using asx0 device
TFTP from server 192.168.100.1; our IP address is 192.168.100.101
Filename 'zImage.multi_v7_defconfig'.
Load address: 0x81000000
Loading: *#################################################################
	 #################################################################
	 #################################################################
	 #################################################################
	 #################################################################
	 #################################################################
	 #################################################################
	 #############################
	 3 MiB/s
done
Bytes transferred = 7092008 (6c3728 hex)
Tegra30 (Beaver) # tftpboot 0x82000000 tegra30-beaver.dtb
Using asx0 device
TFTP from server 192.168.100.1; our IP address is 192.168.100.101
Filename 'tegra30-beaver.dtb'.
Load address: 0x82000000
Loading: *####
	 2.9 MiB/s
done
Bytes transferred = 51572 (c974 hex)
Tegra30 (Beaver) # bootz 0x81000000 - 0x82000000
Kernel image @ 0x81000000 [ 0x000000 - 0x6c3728 ]
## Flattened Device Tree blob at 82000000
   Booting using the fdt blob at 0x82000000
   Loading Device Tree to 8fff0000, end 8ffff973 ... OK

Starting kernel ...

[    0.000000] Booting Linux on physical CPU 0x0
[    0.000000] Linux version 4.8.0-rc2-109794-g694d0d0 (pwalmsley@sellafield) (gcc version 4.7.3 20130328 (prerelease) (crosstool-NG linaro-1.13.1-4.7-2013.04-20130415 - Linaro GCC 2013.04) ) #1 SMP Tue Aug 16 02:33:34 PDT 2016
[    0.000000] CPU: ARMv7 Processor [412fc099] revision 9 (ARMv7), cr=10c5387d
[    0.000000] CPU: PIPT / VIPT nonaliasing data cache, VIPT aliasing instruction cache
[    0.000000] OF: fdt:Machine model: NVIDIA Tegra30 Beaver evaluation board
[    0.000000] debug: ignoring loglevel setting.
[    0.000000] cma: Reserved 64 MiB at 0xfb800000
[    0.000000] Memory policy: Data cache writealloc
[    0.000000] On node 0 totalpages: 524032
[    0.000000] free_area_init_node: node 0, pgdat c141cf40, node_mem_map eeff8000
[    0.000000]   DMA zone: 1536 pages used for memmap
[    0.000000]   DMA zone: 0 pages reserved
[    0.000000]   DMA zone: 196608 pages, LIFO batch:31
[    0.000000]   HighMem zone: 327424 pages, LIFO batch:31
[    0.000000] percpu: Embedded 14 pages/cpu @eef8b000 s26496 r8192 d22656 u57344
[    0.000000] pcpu-alloc: s26496 r8192 d22656 u57344 alloc=14*4096
[    0.000000] pcpu-alloc: [0] 0 [0] 1 [0] 2 [0] 3 
[    0.000000] Built 1 zonelists in Zone order, mobility grouping on.  Total pages: 522496
[    0.000000] Kernel command line: ignore_loglevel console=ttyS0,115200n8 rw root=PARTUUID=edbe1840-3633-c751-7993-b0ac834f81e0 rootwait gpt debug noinitrd earlyprintk init=/bin/bash
[    0.000000] PID hash table entries: 4096 (order: 2, 16384 bytes)
[    0.000000] Dentry cache hash table entries: 131072 (order: 7, 524288 bytes)
[    0.000000] Inode-cache hash table entries: 65536 (order: 6, 262144 bytes)
[    0.000000] Memory: 1995016K/2096128K available (9216K kernel code, 1147K rwdata, 3968K rodata, 2048K init, 343K bss, 35576K reserved, 65536K cma-reserved, 1244160K highmem)
[    0.000000] Virtual kernel memory layout:
[    0.000000]     vector  : 0xffff0000 - 0xffff1000   (   4 kB)
[    0.000000]     fixmap  : 0xffc00000 - 0xfff00000   (3072 kB)
[    0.000000]     vmalloc : 0xf0800000 - 0xff800000   ( 240 MB)
[    0.000000]     lowmem  : 0xc0000000 - 0xf0000000   ( 768 MB)
[    0.000000]     pkmap   : 0xbfe00000 - 0xc0000000   (   2 MB)
[    0.000000]     modules : 0xbf000000 - 0xbfe00000   (  14 MB)
[    0.000000]       .text : 0xc0208000 - 0xc0c00000   (10208 kB)
[    0.000000]       .init : 0xc1100000 - 0xc1300000   (2048 kB)
[    0.000000]       .data : 0xc1300000 - 0xc141edc0   (1148 kB)
[    0.000000]        .bss : 0xc1420000 - 0xc1475c88   ( 344 kB)
[    0.000000] SLUB: HWalign=64, Order=0-3, MinObjects=0, CPUs=4, Nodes=1
[    0.000000] Hierarchical RCU implementation.
[    0.000000] 	Build-time adjustment of leaf fanout to 32.
[    0.000000] 	RCU restricting CPUs from NR_CPUS=16 to nr_cpu_ids=4.
[    0.000000] RCU: Adjusting geometry for rcu_fanout_leaf=32, nr_cpu_ids=4
[    0.000000] NR_IRQS:16 nr_irqs:16 16
[    0.000000] /interrupt-controller@60004000: 160 interrupts forwarded to /interrupt-controller@50041000
[    0.000000] L2C: platform modifies aux control register: 0x02080000 -> 0x3e480001
[    0.000000] L2C: DT/platform modifies aux control register: 0x02080000 -> 0x3e480001
[    0.000000] L2C-310 erratum 769419 enabled
[    0.000000] L2C-310 enabling early BRESP for Cortex-A9
[    0.000000] L2C-310: enabling full line of zeros but not enabled in Cortex-A9
[    0.000000] L2C-310 dynamic clock gating enabled, standby mode enabled
[    0.000000] L2C-310 cache controller enabled, 8 ways, 1024 kB
[    0.000000] L2C-310: CACHE_ID 0x410000c7, AUX_CTRL 0x4e480001
[    0.000012] sched_clock: 32 bits at 1000kHz, resolution 1000ns, wraps every 2147483647500ns
[    0.000029] clocksource: timer_us: mask: 0xffffffff max_cycles: 0xffffffff, max_idle_ns: 1911260446275 ns
[    0.000038] Switching to timer-based delay loop, resolution 1000ns
[    0.002794] Console: colour dummy device 80x30
[    0.002821] Calibrating delay loop (skipped), value calculated using timer frequency.. 2.00 BogoMIPS (lpj=5000)
[    0.002831] pid_max: default: 32768 minimum: 301
[    0.002918] Mount-cache hash table entries: 2048 (order: 1, 8192 bytes)
[    0.002925] Mountpoint-cache hash table entries: 2048 (order: 1, 8192 bytes)
[    0.003354] CPU: Testing write buffer coherency: ok
[    0.003637] CPU0: thread -1, cpu 0, socket 0, mpidr 80000000
[    0.003684] Setting up static identity map for 0x80300000 - 0x80300098
[    0.006195] Tegra Revision: A03 SKU: 128 CPU Process: 4 SoC Process: 0
[    0.010357] CPU1: thread -1, cpu 1, socket 0, mpidr 80000001
[    0.015334] CPU2: thread -1, cpu 2, socket 0, mpidr 80000002
[    0.020336] CPU3: thread -1, cpu 3, socket 0, mpidr 80000003
[    0.020379] Brought up 4 CPUs
[    0.020393] SMP: Total of 4 processors activated (8.00 BogoMIPS).
[    0.020398] CPU: All CPU(s) started in SVC mode.
[    0.021082] devtmpfs: initialized
[    0.030000] VFP support v0.3: implementor 41 architecture 3 part 30 variant 9 rev 4
[    0.030434] clocksource: jiffies: mask: 0xffffffff max_cycles: 0xffffffff, max_idle_ns: 9556302231375000 ns
[    0.033717] pinctrl core: initialized pinctrl subsystem
[    0.035330] NET: Registered protocol family 16
[    0.037448] DMA: preallocated 256 KiB pool for atomic coherent allocations
[    0.049924] cpuidle: using governor menu
[    0.058575] No ATAGs?
[    0.058601] hw-breakpoint: found 5 (+1 reserved) breakpoint and 1 watchpoint registers.
[    0.058608] hw-breakpoint: maximum watchpoint size is 4 bytes.
[    0.061725] Serial: AMBA PL011 UART driver
[    0.063027] tegra-mc 7000f000.memory-controller: no memory timings for RAM code 3 registered
[    0.082834] vdd_5v_sata: Failed to request enable GPIO30: -517
[    0.082847] reg-fixed-voltage regulators:regulator@3: Failed to register regulator: -517
[    0.082890] usb1_vbus: Failed to request enable GPIO238: -517
[    0.082898] reg-fixed-voltage regulators:regulator@4: Failed to register regulator: -517
[    0.082940] usb3_vbus: Failed to request enable GPIO236: -517
[    0.082946] reg-fixed-voltage regulators:regulator@5: Failed to register regulator: -517
[    0.083034] sys_3v3_pexs: Failed to request enable GPIO95: -517
[    0.083041] reg-fixed-voltage regulators:regulator@7: Failed to register regulator: -517
[    0.084941] vgaarb: loaded
[    0.085430] SCSI subsystem initialized
[    0.085576] libata version 3.00 loaded.
[    0.085756] usbcore: registered new interface driver usbfs
[    0.085794] usbcore: registered new interface driver hub
[    0.085830] usbcore: registered new device driver usb
[    0.092508] vrtc: supplied by vdd_5v_in
[    0.095809] vio: supplied by vdd_5v_in
[    0.101834] vdd1: supplied by vdd_5v_in
[    0.103197] vddio_ddr_1v2: Bringing 600000uV into 1200000-1200000uV
[    0.106842] vdd2: supplied by vdd_5v_in
[    0.116822] ldo1: supplied by vdd_1v5_gen
[    0.119209] ldo2: supplied by vdd_1v5_gen
[    0.119678] vdd_sata,avdd_plle: Bringing 1200000uV into 1050000-1050000uV
[    0.121926] ldo3: supplied by vdd_5v_in
[    0.124290] ldo4: supplied by vdd_5v_in
[    0.126833] ldo5: supplied by vdd_5v_in
[    0.131837] ldo6: supplied by vdd_1v8_gen
[    0.132309] avdd_dsi_csi,pwrdet_mipi: Bringing 1000000uV into 1200000-1200000uV
[    0.134573] ldo7: supplied by vdd_1v8_gen
[    0.141827] ldo8: supplied by vdd_1v8_gen
[    0.146879] pps_core: LinuxPPS API ver. 1 registered
[    0.146885] pps_core: Software ver. 5.3.6 - Copyright 2005-2007 Rodolfo Giometti <giometti@linux.it>
[    0.146898] PTP clock support registered
[    0.147028] EDAC MC: Ver: 3.0.0
[    0.148555] clocksource: Switched to clocksource timer_us
[    0.154472] NET: Registered protocol family 2
[    0.154864] TCP established hash table entries: 8192 (order: 3, 32768 bytes)
[    0.154916] TCP bind hash table entries: 8192 (order: 4, 65536 bytes)
[    0.154998] TCP: Hash tables configured (established 8192 bind 8192)
[    0.155084] UDP hash table entries: 512 (order: 2, 16384 bytes)
[    0.155143] UDP-Lite hash table entries: 512 (order: 2, 16384 bytes)
[    0.155307] NET: Registered protocol family 1
[    0.155581] RPC: Registered named UNIX socket transport module.
[    0.155589] RPC: Registered udp transport module.
[    0.155593] RPC: Registered tcp transport module.
[    0.155596] RPC: Registered tcp NFSv4.1 backchannel transport module.
[    0.155605] PCI: CLS 0 bytes, default 64
[    0.156332] hw perfevents: enabled with armv7_cortex_a9 PMU driver, 7 counters available
[    0.157221] futex hash table entries: 1024 (order: 4, 65536 bytes)
[    0.157710] workingset: timestamp_bits=30 max_order=19 bucket_order=0
[    0.163304] squashfs: version 4.0 (2009/01/31) Phillip Lougher
[    0.163808] NFS: Registering the id_resolver key type
[    0.163833] Key type id_resolver registered
[    0.163837] Key type id_legacy registered
[    0.163866] ntfs: driver 2.1.32 [Flags: R/O].
[    0.164626] bounce: pool size: 64 pages
[    0.164746] Block layer SCSI generic (bsg) driver version 0.4 loaded (major 248)
[    0.164754] io scheduler noop registered
[    0.164759] io scheduler deadline registered
[    0.164860] io scheduler cfq registered (default)
[    0.167071] libphy: mdio_driver_register: phy-bcm-ns2-pci
[    0.170595] tegra30-pinctrl 70000868.pinmux: invalid group "sdmmc3_dat6_pd3" for function "rsvd1"
[    0.170610] tegra30-pinctrl 70000868.pinmux: invalid group "sdmmc3_dat7_pd4" for function "rsvd1"
[    0.170624] tegra30-pinctrl 70000868.pinmux: invalid group "vi_vsync_pd6" for function "rsvd1"
[    0.170633] tegra30-pinctrl 70000868.pinmux: invalid group "vi_hsync_pd7" for function "rsvd1"
[    0.171109] tegra30-pinctrl 70000868.pinmux: invalid group "hdmi_int_pn7" for function "rsvd1"
[    0.171156] tegra30-pinctrl 70000868.pinmux: invalid group "ulpi_data3_po4" for function "rsvd1"
[    0.171500] tegra30-pinctrl 70000868.pinmux: invalid group "vi_d10_pt2" for function "rsvd1"
[    0.171512] tegra30-pinctrl 70000868.pinmux: invalid group "vi_d11_pt3" for function "rsvd1"
[    0.171525] tegra30-pinctrl 70000868.pinmux: invalid group "vi_d0_pt4" for function "rsvd1"
[    0.171567] tegra30-pinctrl 70000868.pinmux: invalid group "pu0" for function "rsvd1"
[    0.171597] tegra30-pinctrl 70000868.pinmux: invalid group "pu3" for function "rsvd1"
[    0.171634] tegra30-pinctrl 70000868.pinmux: invalid group "pu6" for function "rsvd1"
[    0.171675] tegra30-pinctrl 70000868.pinmux: invalid group "pv3" for function "rsvd1"
[    0.172184] tegra30-pinctrl 70000868.pinmux: invalid group "pbb0" for function "rsvd1"
[    0.172301] tegra30-pinctrl 70000868.pinmux: invalid group "pcc1" for function "rsvd1"
[    0.177339] tegra-pcie 3000.pcie-controller: 2x3 configuration
[    0.177482] tegra-pcie 3000.pcie-controller: Failed to get supply 'hvdd-pex': -517
[    0.181250] tegra-apbdma 6000a000.dma: Tegra20 APB DMA driver register 32 channels
[    0.182194] tegra-pmc 7000e400.pmc: i2c-thermtrip node not found, emergency thermal reset disabled.
[    0.216077] Serial: 8250/16550 driver, 4 ports, IRQ sharing disabled
[    0.218216] console [ttyS0] disabled
[    0.218271] 70006000.serial: ttyS0 at MMIO 0x70006000 (irq = 331, base_baud = 25500000) is a Tegra
[    1.205585] console [ttyS0] enabled
[    1.209572] SuperH (H)SCI(F) driver initialized
[    1.214668] msm_serial: driver initialized
[    1.218872] STMicroelectronics ASC driver initialized
[    1.225972] [drm] Initialized drm 1.1.0 20060810
[    1.232463] tegra-hdmi 54280000.hdmi: failed to get HDMI regulator
[    1.246761] brd: module loaded
[    1.253851] loop: module loaded
[    1.261797] m25p80 spi32766.1: w25q32 (4096 Kbytes)
[    1.268732] libphy: Fixed MDIO Bus: probed
[    1.273278] CAN device driver interface
[    1.278267] igb: Intel(R) Gigabit Ethernet Network Driver - version 5.3.0-k
[    1.285224] igb: Copyright (c) 2007-2014 Intel Corporation.
[    1.292506] pegasus: v0.9.3 (2013/04/25), Pegasus/Pegasus II USB Ethernet driver
[    1.299959] usbcore: registered new interface driver pegasus
[    1.305650] usbcore: registered new interface driver asix
[    1.311072] usbcore: registered new interface driver ax88179_178a
[    1.317188] usbcore: registered new interface driver cdc_ether
[    1.323068] usbcore: registered new interface driver smsc75xx
[    1.328844] usbcore: registered new interface driver smsc95xx
[    1.334605] usbcore: registered new interface driver net1080
[    1.340280] usbcore: registered new interface driver cdc_subset
[    1.346211] usbcore: registered new interface driver zaurus
[    1.351815] usbcore: registered new interface driver cdc_ncm
[    1.358792] ehci_hcd: USB 2.0 'Enhanced' Host Controller (EHCI) Driver
[    1.365314] ehci-pci: EHCI PCI platform driver
[    1.369781] ehci-platform: EHCI generic platform driver
[    1.375118] ehci-orion: EHCI orion driver
[    1.379198] SPEAr-ehci: EHCI SPEAr driver
[    1.383266] ehci-st: EHCI STMicroelectronics driver
[    1.388214] ehci-exynos: EHCI EXYNOS driver
[    1.392482] ehci-atmel: EHCI Atmel driver
[    1.396560] tegra-ehci: Tegra EHCI driver
[    1.400852] ohci_hcd: USB 1.1 'Open' Host Controller (OHCI) Driver
[    1.407038] ohci-pci: OHCI PCI platform driver
[    1.411509] ohci-platform: OHCI generic platform driver
[    1.416825] ohci-omap3: OHCI OMAP3 driver
[    1.420914] SPEAr-ohci: OHCI SPEAr driver
[    1.424996] ohci-st: OHCI STMicroelectronics driver
[    1.429945] ohci-atmel: OHCI Atmel driver
[    1.434369] usbcore: registered new interface driver usb-storage
[    1.441280] mousedev: PS/2 mouse device common for all mice
[    1.448639] tegra_rtc 7000e000.rtc: rtc core: registered 7000e000.rtc as rtc1
[    1.455799] tegra_rtc 7000e000.rtc: Tegra internal Real Time Clock
[    1.464621] random: fast init done
[    1.477917] tps65910-rtc tps65910-rtc: rtc core: registered tps65910-rtc as rtc0
[    1.485501] i2c /dev entries driver
[    1.496379] sdhci: Secure Digital Host Controller Interface driver
[    1.502565] sdhci: Copyright(c) Pierre Ossman
[    1.507774] Synopsys Designware Multimedia Card Interface Driver
[    1.514376] sdhci-pltfm: SDHCI platform and OF driver helper
[    1.520520] sdhci-tegra 78000000.sdhci: Got CD GPIO
[    1.525409] sdhci-tegra 78000000.sdhci: Got WP GPIO
[    1.531470] mmc0: Invalid maximum block size, assuming 512 bytes
[    1.583642] mmc0: SDHCI controller on 78000000.sdhci [78000000.sdhci] using ADMA
[    1.592210] mmc1: Invalid maximum block size, assuming 512 bytes
[    1.638565] mmc1: SDHCI controller on 78000600.sdhci [78000600.sdhci] using ADMA
[    1.647246] ledtrig-cpu: registered to indicate activity on CPUs
[    1.655413] usbcore: registered new interface driver usbhid
[    1.660982] usbhid: USB HID core driver
[    1.668398] NET: Registered protocol family 10
[    1.675454] sit: IPv6, IPv4 and MPLS over IPv4 tunneling driver
[    1.681805] NET: Registered protocol family 17
[    1.686259] can: controller area network core (rev 20120528 abi 9)
[    1.692480] NET: Registered protocol family 29
[    1.696921] can: raw protocol (rev 20120528)
[    1.701185] can: broadcast manager protocol (rev 20160617 t)
[    1.706838] can: netlink gateway (rev 20130117) max_hops=1
[    1.712591] Key type dns_resolver registered
[    1.717271] ThumbEE CPU extension supported.
[    1.721546] Registering SWP/SWPB emulation handler
[    1.742509] vdd_ddr: supplied by vdd_5v_in
[    1.749766] vdd_5v_sata: supplied by vdd_5v_in
[    1.754517] usb1_vbus: supplied by vdd_5v_in
[    1.759103] usb3_vbus: supplied by vdd_5v_in
[    1.766140] sys_3v3,vdd_3v3_alw: supplied by vdd_5v_in
[    1.772257] +VDD_5V_HDMI: supplied by sys_3v3,vdd_3v3_alw
[    1.777864] sys_3v3_pexs: supplied by sys_3v3,vdd_3v3_alw
[    1.783933] tegra-pcie 3000.pcie-controller: 2x3 configuration
[    1.784003] mmc1: new high speed MMC card at address 0001
[    1.786059] mmcblk1: mmc1:0001 SEM16G 14.8 GiB 
[    1.787477] mmcblk1boot0: mmc1:0001 SEM16G partition 1 1.00 MiB
[    1.790598] mmcblk1boot1: mmc1:0001 SEM16G partition 2 1.00 MiB
[    1.790702] mmc0: new ultra high speed DDR50 SDHC card at address aaaa
[    1.791606] mmcblk1rpmb: mmc1:0001 SEM16G partition 3 128 KiB
[    1.791979] mmcblk0: mmc0:aaaa SS04G 3.69 GiB 
[    1.795011] Primary GPT is invalid, using alternate GPT.
[    1.795028]  mmcblk1: p1 p2 p3 p4 p5
[    1.813824]  mmcblk0: p1 p2 p3
[    1.843029] tegra-pcie 3000.pcie-controller: probing port 0, using 2 lanes
[    1.908187] tegra-pcie 3000.pcie-controller: probing port 2, using 2 lanes
[    2.319006] tegra-pcie 3000.pcie-controller: link 2 down, retrying
[    2.729108] tegra-pcie 3000.pcie-controller: link 2 down, retrying
[    3.139234] tegra-pcie 3000.pcie-controller: link 2 down, retrying
[    3.147423] tegra-pcie 3000.pcie-controller: link 2 down, ignoring
[    3.153732] tegra-pcie 3000.pcie-controller: PCI host bridge to bus 0000:00
[    3.160691] pci_bus 0000:00: root bus resource [io  0x0000-0xffff]
[    3.166863] pci_bus 0000:00: root bus resource [mem 0x20000000-0x27ffffff]
[    3.173729] pci_bus 0000:00: root bus resource [mem 0x28000000-0x3fffffff pref]
[    3.181033] pci_bus 0000:00: root bus resource [bus 00-ff]
[    3.186535] pci 0000:00:01.0: [10de:0e1c] type 01 class 0x060400
[    3.192597] pci 0000:00:01.0: PME# supported from D0 D1 D2 D3hot D3cold
[    3.199369] PCI: bus0: Fast back to back transfers disabled
[    3.204939] pci 0000:00:01.0: bridge configuration invalid ([bus 00-00]), reconfiguring
[    3.213029] pci 0000:01:00.0: [10ec:8168] type 00 class 0x020000
[    3.219044] pci 0000:01:00.0: reg 0x10: [io  0x0000-0x00ff]
[    3.224623] pci 0000:01:00.0: reg 0x18: [mem 0x00000000-0x00000fff 64bit pref]
[    3.231842] pci 0000:01:00.0: reg 0x20: [mem 0x00000000-0x00003fff 64bit pref]
[    3.239123] pci 0000:01:00.0: supports D1 D2
[    3.243380] pci 0000:01:00.0: PME# supported from D0 D1 D2 D3hot D3cold
[    3.263581] PCI: bus1: Fast back to back transfers disabled
[    3.269152] pci_bus 0000:01: busn_res: [bus 01-ff] end is updated to 01
[    3.275816] pci 0000:00:01.0: BAR 9: assigned [mem 0x28000000-0x280fffff 64bit pref]
[    3.283553] pci 0000:00:01.0: BAR 7: assigned [io  0x1000-0x1fff]
[    3.289642] pci 0000:01:00.0: BAR 4: assigned [mem 0x28000000-0x28003fff 64bit pref]
[    3.297385] pci 0000:01:00.0: BAR 2: assigned [mem 0x28004000-0x28004fff 64bit pref]
[    3.305125] pci 0000:01:00.0: BAR 0: assigned [io  0x1000-0x10ff]
[    3.311213] pci 0000:00:01.0: PCI bridge to [bus 01]
[    3.316171] pci 0000:00:01.0:   bridge window [io  0x1000-0x1fff]
[    3.322257] pci 0000:00:01.0:   bridge window [mem 0x28000000-0x280fffff 64bit pref]
[    3.330002] pci 0000:00:01.0: nv_msi_ht_cap_quirk didn't locate host bridge
[    3.337014] pcieport 0000:00:01.0: enabling device (0140 -> 0143)
[    3.343267] pcieport 0000:00:01.0: Signaling PME through PCIe PME interrupt
[    3.350225] pci 0000:01:00.0: Signaling PME through PCIe PME interrupt
[    3.356744] pcie_pme 0000:00:01.0:pcie001: service driver pcie_pme loaded
[    3.363727] r8169 Gigabit Ethernet driver 2.3LK-NAPI loaded
[    3.369313] r8169 0000:01:00.0: enabling device (0140 -> 0143)
[    3.376073] r8169 0000:01:00.0 eth0: RTL8168evl/8111evl at 0xf097e000, 02:04:4b:01:60:a6, XID 0c900800 IRQ 375
[    3.386076] r8169 0000:01:00.0 eth0: jumbo features [frames: 9200 bytes, tx checksumming: ko]
[    3.397152] [drm] Supports vblank timestamp caching Rev 2 (21.10.2013).
[    3.403792] [drm] No driver support for vblank timestamp query.
[    3.409746] drm drm: No connectors reported connected with modes
[    3.415755] [drm] Cannot find any crtc or sizes - going 1024x768
[    3.442418] Console: switching to colour frame buffer device 128x48
[    3.454944] drm drm: fb0:  frame buffer device
[    3.474336] [drm] Initialized tegra 0.0.0 20120330 on minor 0
[    3.485190] utmi_phy_clk_enable: timeout waiting for phy to stabilize
[    3.491659] tegra-ehci 7d004000.usb: EHCI Host Controller
[    3.497071] tegra-ehci 7d004000.usb: new USB bus registered, assigned bus number 1
[    3.504897] tegra-ehci 7d004000.usb: irq 343, io mem 0x7d004000
[    3.523969] tegra-ehci 7d004000.usb: USB 2.0 started, EHCI 1.00
[    3.530874] hub 1-0:1.0: USB hub found
[    3.534647] hub 1-0:1.0: 1 port detected
[    3.539651] tegra-ehci 7d008000.usb: EHCI Host Controller
[    3.545061] tegra-ehci 7d008000.usb: new USB bus registered, assigned bus number 2
[    3.552816] tegra-ehci 7d008000.usb: irq 344, io mem 0x7d008000
[    3.573954] tegra-ehci 7d008000.usb: USB 2.0 started, EHCI 1.00
[    3.581097] hub 2-0:1.0: USB hub found
[    3.584866] hub 2-0:1.0: 1 port detected
[    3.595178] tps65910-rtc tps65910-rtc: setting system clock to 2000-01-01 00:00:02 UTC (946684802)
[    3.608836] vdd_sata,avdd_plle: disabling
[    3.613631] usb1_vbus: disabling
[    3.618734] EXT4-fs (mmcblk1p1): mounting ext3 file system using the ext4 subsystem
[    3.634920] EXT4-fs (mmcblk1p1): warning: mounting fs with errors, running e2fsck is recommended
[    3.645594] EXT4-fs (mmcblk1p1): recovery complete
[    3.650399] EXT4-fs (mmcblk1p1): mounted filesystem with ordered data mode. Opts: (null)
[    3.658507] VFS: Mounted root (ext3 filesystem) on device 179:1.
[    3.667811] devtmpfs: mounted
[    3.673414] Freeing unused kernel memory: 2048K (c1100000 - c1300000)
bash: cannot set terminal process group (-1): Inappropriate ioctl for device
bash: no job control in this shell
root@(none):/# [    3.918968] usb 2-1: new high-speed USB device number 2 using tegra-ehci
mount -t sysfs none /sys
root@(none):/# 
root@(none):/# [    4.915341] asix 2-1:1.0 eth1: register 'asix' at usb-7d008000.usb-1, ASIX AX88772 USB 2.0 Ethernet, 00:50:b6:0f:67:60
mount -t debugfs none /sys/kernel/debug
root@(none):/# 
root@(none):/# rtcwake -d rtc1 -m mem -s 3
rtcwake: wakeup from "mem" using /dev/rtc1 at Thu Jan  1 00:00:21 1970
[    6.475498] PM: Syncing filesystems ... done.
[    6.488228] Freezing user space processes ... (elapsed 0.001 seconds) done.
[    6.496354] Double checking all user space processes after OOM killer disable... (elapsed 0.000 seconds) 
[    6.505943] Freezing remaining freezable tasks ... (elapsed 0.001 seconds) done.
[    6.514584] Suspending console(s) (use no_console_suspend to debug)
[    6.562044] PM: suspend of devices complete after 40.174 msecs
[    6.563531] PM: late suspend of devices complete after 1.479 msecs
[    6.584024] PM: noirq suspend of devices complete after 20.485 msecs
[    6.584027] Disabling non-boot CPUs ...
[    6.584371] IRQ17 no longer affine to CPU1
[    6.584683] CPU1: shutdown
[    6.609954] CPU2: shutdown
[    6.634679] CPU3: shutdown
[    6.659072] Entering suspend state LP1
[    6.659082] Enabling non-boot CPUs ...
[    6.689600] CPU1 is up
[    6.719683] CPU2 is up
[    6.754813] CPU3 is up
[    6.755422] pcieport 0000:00:01.0: nv_msi_ht_cap_quirk didn't locate host bridge
[    6.773628] PM: noirq resume of devices complete after 18.807 msecs
[    6.775026] PM: early resume of devices complete after 1.019 msecs
[    6.846469] PM: resume of devices complete after 71.434 msecs
[    6.921684] Restarting tasks ... done.
root@(none):/# 
root@(none):/# rtcwake -d rtc1 -m mem -s 3
rtcwake: wakeup from "mem" using /dev/rtc1 at Thu Jan  1 00:00:26 1970
[    8.204154] PM: Syncing filesystems ... done.
[    8.216140] Freezing user space processes ... (elapsed 0.001 seconds) done.
[    8.224265] Double checking all user space processes after OOM killer disable... (elapsed 0.000 seconds) 
[    8.233856] Freezing remaining freezable tasks ... (elapsed 0.001 seconds) done.
[    8.242472] Suspending console(s) (use no_console_suspend to debug)
[    8.292748] PM: suspend of devices complete after 43.081 msecs
[    8.293823] PM: late suspend of devices complete after 1.067 msecs
[    8.313983] PM: noirq suspend of devices complete after 20.153 msecs
[    8.313986] Disabling non-boot CPUs ...
[    8.314634] CPU1: shutdown
[    8.349934] CPU2: shutdown
[    8.379375] IRQ17 no longer affine to CPU3
[    8.379567] CPU3: shutdown
[    8.404043] Entering suspend state LP1
[    8.404055] Enabling non-boot CPUs ...
[    8.434765] CPU1 is up
[    8.469831] CPU2 is up
[    8.499979] CPU3 is up
[    8.500706] pcieport 0000:00:01.0: nv_msi_ht_cap_quirk didn't locate host bridge
[    8.518607] PM: noirq resume of devices complete after 18.618 msecs
[    8.520311] PM: early resume of devices complete after 1.279 msecs
[    8.592514] PM: resume of devices complete after 72.187 msecs
[    8.667942] Restarting tasks ... done.
root@(none):/# 
root@(none):/# rtcwake -d rtc1 -m mem -s 3
rtcwake: wakeup from "mem" using /dev/rtc1 at Thu Jan  1 00:00:31 1970
[    9.955403] PM: Syncing filesystems ... done.
[    9.969106] Freezing user space processes ... (elapsed 0.001 seconds) done.
[    9.977243] Double checking all user space processes after OOM killer disable... (elapsed 0.000 seconds) 
[    9.986834] Freezing remaining freezable tasks ... (elapsed 0.001 seconds) done.
[    9.995514] Suspending console(s) (use no_console_suspend to debug)
[   10.041411] PM: suspend of devices complete after 38.414 msecs
[   10.043150] PM: late suspend of devices complete after 1.730 msecs
[   10.064059] PM: noirq suspend of devices complete after 20.900 msecs
[   10.064063] Disabling non-boot CPUs ...
[   10.064503] IRQ17 no longer affine to CPU1
[   10.064891] CPU1: shutdown
[   10.105122] CPU2: shutdown
[   10.134680] CPU3: shutdown
[   10.159072] Entering suspend state LP1
[   10.159084] Enabling non-boot CPUs ...
[   10.189738] CPU1 is up
[   10.219808] CPU2 is up
[   10.254938] CPU3 is up
[   10.255682] pcieport 0000:00:01.0: nv_msi_ht_cap_quirk didn't locate host bridge
[   10.273581] PM: noirq resume of devices complete after 18.632 msecs
[   10.274795] PM: early resume of devices complete after 0.766 msecs
[   10.346979] PM: resume of devices complete after 72.174 msecs
[   10.422429] Restarting tasks ... done.
root@(none):/# 
root@(none):/# rtcwake -d rtc1 -m mem -s 3
rtcwake: wakeup from "mem" using /dev/rtc1 at Thu Jan  1 00:00:36 1970
[   11.708766] PM: Syncing filesystems ... done.
[   11.723468] Freezing user space processes ... (elapsed 0.001 seconds) done.
[   11.731635] Double checking all user space processes after OOM killer disable... (elapsed 0.000 seconds) 
[   11.741231] Freezing remaining freezable tasks ... (elapsed 0.001 seconds) done.
[   11.749923] Suspending console(s) (use no_console_suspend to debug)
[   11.797944] PM: suspend of devices complete after 40.554 msecs
[   11.798743] PM: late suspend of devices complete after 0.788 msecs
[   11.819019] PM: noirq suspend of devices complete after 20.270 msecs
[   11.819024] Disabling non-boot CPUs ...
[   11.819441] IRQ17 no longer affine to CPU1
[   11.819833] CPU1: shutdown
[   11.855111] CPU2: shutdown
[   11.884636] CPU3: shutdown
[   11.909041] Entering suspend state LP1
[   11.909055] Enabling non-boot CPUs ...
[   11.939720] CPU1 is up
[   11.969773] CPU2 is up
[   11.999903] CPU3 is up
[   12.000633] pcieport 0000:00:01.0: nv_msi_ht_cap_quirk didn't locate host bridge
[   12.018554] PM: noirq resume of devices complete after 18.640 msecs
[   12.020220] PM: early resume of devices complete after 1.231 msecs
[   12.091384] PM: resume of devices complete after 71.150 msecs
[   12.166829] Restarting tasks ... done.
root@(none):/# 
root@(none):/# rtcwake -d rtc1 -m mem -s 3
rtcwake: wakeup from "mem" using /dev/rtc1 at Thu Jan  1 00:00:41 1970
[   13.459899] PM: Syncing filesystems ... done.
[   13.474633] Freezing user space processes ... (elapsed 0.001 seconds) done.
[   13.482793] Double checking all user space processes after OOM killer disable... (elapsed 0.000 seconds) 
[   13.492386] Freezing remaining freezable tasks ... (elapsed 0.001 seconds) done.
[   13.501080] Suspending console(s) (use no_console_suspend to debug)
[   13.552937] PM: suspend of devices complete after 44.374 msecs
[   13.556316] PM: late suspend of devices complete after 3.370 msecs
[   13.574005] PM: noirq suspend of devices complete after 17.679 msecs
[   13.574008] Disabling non-boot CPUs ...
[   13.574439] IRQ17 no longer affine to CPU1
[   13.574832] CPU1: shutdown
[   13.600095] CPU2: shutdown
[   13.624634] CPU3: shutdown
[   13.649016] Entering suspend state LP1
[   13.649029] Enabling non-boot CPUs ...
[   13.679686] CPU1 is up
[   13.714758] CPU2 is up
[   13.749892] CPU3 is up
[   13.750626] pcieport 0000:00:01.0: nv_msi_ht_cap_quirk didn't locate host bridge
[   13.768540] PM: noirq resume of devices complete after 18.637 msecs
[   13.770183] PM: early resume of devices complete after 1.215 msecs
[   13.841094] PM: resume of devices complete after 70.899 msecs
[   13.916528] Restarting tasks ... done.
root@(none):/# 
root@(none):/# rtcwake -d rtc1 -m mem -s 3
rtcwake: wakeup from "mem" using /dev/rtc1 at Thu Jan  1 00:00:46 1970
[   15.185006] PM: Syncing filesystems ... done.
[   15.198721] Freezing user space processes ... (elapsed 0.001 seconds) done.
[   15.206872] Double checking all user space processes after OOM killer disable... (elapsed 0.000 seconds) 
[   15.216479] Freezing remaining freezable tasks ... (elapsed 0.001 seconds) done.
[   15.225163] Suspending console(s) (use no_console_suspend to debug)
[   15.276867] PM: suspend of devices complete after 44.218 msecs
[   15.278742] PM: late suspend of devices complete after 1.866 msecs
[   15.298971] PM: noirq suspend of devices complete after 20.220 msecs
[   15.298974] Disabling non-boot CPUs ...
[   15.299417] IRQ17 no longer affine to CPU1
[   15.299817] CPU1: shutdown
[   15.335075] CPU2: shutdown
[   15.364606] CPU3: shutdown
[   15.388994] Entering suspend state LP1
[   15.389008] Enabling non-boot CPUs ...
[   15.419671] CPU1 is up
[   15.449726] CPU2 is up
[   15.479848] CPU3 is up
[   15.480599] pcieport 0000:00:01.0: nv_msi_ht_cap_quirk didn't locate host bridge
[   15.498517] PM: noirq resume of devices complete after 18.658 msecs
[   15.499683] PM: early resume of devices complete after 0.742 msecs
[   15.571861] PM: resume of devices complete after 72.162 msecs
[   15.647320] Restarting tasks ... done.
root@(none):/# 
root@(none):/# rtcwake -d rtc1 -m mem -s 3
rtcwake: wakeup from "mem" using /dev/rtc1 at Thu Jan  1 00:00:51 1970
[   16.942592] PM: Syncing filesystems ... done.
[   16.957356] Freezing user space processes ... (elapsed 0.001 seconds) done.
[   16.965541] Double checking all user space processes after OOM killer disable... (elapsed 0.000 seconds) 
[   16.975142] Freezing remaining freezable tasks ... (elapsed 0.001 seconds) done.
[   16.983823] Suspending console(s) (use no_console_suspend to debug)
[   17.031829] PM: suspend of devices complete after 40.519 msecs
[   17.034284] PM: late suspend of devices complete after 2.445 msecs
[   17.053965] PM: noirq suspend of devices complete after 19.674 msecs
[   17.053970] Disabling non-boot CPUs ...
[   17.054795] CPU1: shutdown
[   17.089809] IRQ17 no longer affine to CPU2
[   17.090073] CPU2: shutdown
[   17.119589] CPU3: shutdown
[   17.143971] Entering suspend state LP1
[   17.143982] Enabling non-boot CPUs ...
[   17.174653] CPU1 is up
[   17.209708] CPU2 is up
[   17.244854] CPU3 is up
[   17.245596] pcieport 0000:00:01.0: nv_msi_ht_cap_quirk didn't locate host bridge
[   17.263497] PM: noirq resume of devices complete after 18.631 msecs
[   17.264677] PM: early resume of devices complete after 0.745 msecs
[   17.336052] PM: resume of devices complete after 71.363 msecs
[   17.411479] Restarting tasks ... done.
root@(none):/# 
root@(none):/# rtcwake -d rtc1 -m mem -s 3
rtcwake: wakeup from "mem" using /dev/rtc1 at Thu Jan  1 00:00:56 1970
[   18.697535] PM: Syncing filesystems ... done.
[   18.712282] Freezing user space processes ... (elapsed 0.001 seconds) done.
[   18.720465] Double checking all user space processes after OOM killer disable... (elapsed 0.000 seconds) 
[   18.730065] Freezing remaining freezable tasks ... (elapsed 0.001 seconds) done.
[   18.738752] Suspending console(s) (use no_console_suspend to debug)
[   18.787831] PM: suspend of devices complete after 41.600 msecs
[   18.788673] PM: late suspend of devices complete after 0.832 msecs
[   18.808936] PM: noirq suspend of devices complete after 20.254 msecs
[   18.808939] Disabling non-boot CPUs ...
[   18.809373] IRQ17 no longer affine to CPU1
[   18.809770] CPU1: shutdown
[   18.845018] CPU2: shutdown
[   18.874566] CPU3: shutdown
[   18.898946] Entering suspend state LP1
[   18.898960] Enabling non-boot CPUs ...
[   18.929632] CPU1 is up
[   18.964687] CPU2 is up
[   18.999830] CPU3 is up
[   19.000562] pcieport 0000:00:01.0: nv_msi_ht_cap_quirk didn't locate host bridge
[   19.018479] PM: noirq resume of devices complete after 18.639 msecs
[   19.020652] PM: early resume of devices complete after 1.740 msecs
[   19.095709] PM: resume of devices complete after 75.046 msecs
[   19.171166] Restarting tasks ... done.
root@(none):/# 
root@(none):/# rtcwake -d rtc1 -m mem -s 3
rtcwake: wakeup from "mem" using /dev/rtc1 at Thu Jan  1 00:01:01 1970
[   20.452514] PM: Syncing filesystems ... done.
[   20.467270] Freezing user space processes ... (elapsed 0.001 seconds) done.
[   20.475454] Double checking all user space processes after OOM killer disable... (elapsed 0.000 seconds) 
[   20.485048] Freezing remaining freezable tasks ... (elapsed 0.001 seconds) done.
[   20.493727] Suspending console(s) (use no_console_suspend to debug)
[   20.542796] PM: suspend of devices complete after 41.590 msecs
[   20.545715] PM: late suspend of devices complete after 2.908 msecs
[   20.563939] PM: noirq suspend of devices complete after 18.215 msecs
[   20.563942] Disabling non-boot CPUs ...
[   20.564755] CPU1: shutdown
[   20.590026] CPU2: shutdown
[   20.614317] IRQ17 no longer affine to CPU3
[   20.614543] CPU3: shutdown
[   20.638918] Entering suspend state LP1
[   20.638930] Enabling non-boot CPUs ...
[   20.669603] CPU1 is up
[   20.704670] CPU2 is up
[   20.739808] CPU3 is up
[   20.740538] pcieport 0000:00:01.0: nv_msi_ht_cap_quirk didn't locate host bridge
[   20.758444] PM: noirq resume of devices complete after 18.626 msecs
[   20.759612] PM: early resume of devices complete after 0.730 msecs
[   20.831255] PM: resume of devices complete after 71.629 msecs
[   20.906733] Restarting tasks ... done.
root@(none):/# 
root@(none):/# rtcwake -d rtc1 -m mem -s 3
rtcwake: wakeup from "mem" using /dev/rtc1 at Thu Jan  1 00:01:06 1970
[   22.191395] PM: Syncing filesystems ... done.
[   22.205621] Freezing user space processes ... (elapsed 0.001 seconds) done.
[   22.213804] Double checking all user space processes after OOM killer disable... (elapsed 0.000 seconds) 
[   22.223404] Freezing remaining freezable tasks ... (elapsed 0.001 seconds) done.
[   22.232075] Suspending console(s) (use no_console_suspend to debug)
[   22.281770] PM: suspend of devices complete after 42.211 msecs
[   22.282576] PM: late suspend of devices complete after 0.797 msecs
[   22.298927] PM: noirq suspend of devices complete after 16.342 msecs
[   22.298930] Disabling non-boot CPUs ...
[   22.299759] CPU1: shutdown
[   22.329739] IRQ17 no longer affine to CPU2
[   22.329995] CPU2: shutdown
[   22.359536] CPU3: shutdown
[   22.383905] Entering suspend state LP1
[   22.383920] Enabling non-boot CPUs ...
[   22.414579] CPU1 is up
[   22.449632] CPU2 is up
[   22.479749] CPU3 is up
[   22.480479] pcieport 0000:00:01.0: nv_msi_ht_cap_quirk didn't locate host bridge
[   22.498424] PM: noirq resume of devices complete after 18.664 msecs
[   22.500067] PM: early resume of devices complete after 1.209 msecs
[   22.576720] PM: resume of devices complete after 76.641 msecs
[   22.652169] Restarting tasks ... done.
root@(none):/# 
root@(none):/# NVTB SYSTEM SUSPEND TEST COMPLETE
