
U-Boot SPL 2016.05-rc2 (Apr 21 2016 - 16:23:00)
Trying to boot from RAM


U-Boot 2016.05-rc2 (Apr 21 2016 - 16:23:00 -0700)

TEGRA124
Model: NVIDIA Jetson TK1
Board: NVIDIA Jetson TK1
DRAM:  2 GiB
MMC:   Tegra SD/MMC: 0, Tegra SD/MMC: 1
In:    serial
Out:   serial
Err:   serial
Net:   No ethernet found.
Hit any key to stop autoboot:  2  0 
Tegra124 (Jetson TK1) # 
Tegra124 (Jetson TK1) # pci enum
Tegra124 (Jetson TK1) # setenv bootargs 'ignore_loglevel console=ttyS0,115200n8 rw root=PARTUUID=b1791faa-84e8-4e27-83a1-9fb0a77e8803 rootwait gpt debug noinitrd earlyprintk init=/bin/bash'
Tegra124 (Jetson TK1) # setenv ipaddr 192.168.100.102; setenv serverip 192.168.100.1; setenv tftpserverip 192.168.100.1
Tegra124 (Jetson TK1) # tftpboot 0x82000000 zImage.tegra_defconfig%tegra-fw

Warning: eth_rtl8169 using MAC address from ROM
Using eth_rtl8169 device
TFTP from server 192.168.100.1; our IP address is 192.168.100.102
Filename 'zImage.tegra_defconfig%tegra-fw'.
Load address: 0x82000000
Loading: *#################################################################
	 #################################################################
	 #################################################################
	 #################################################################
	 #################################################################
	 #################################################################
	 ##########################################
	 3.8 MiB/s
done
Bytes transferred = 6331136 (609b00 hex)
Tegra124 (Jetson TK1) # tftpboot 0x83000000 tegra124-jetson-tk1.dtb
Using eth_rtl8169 device
TFTP from server 192.168.100.1; our IP address is 192.168.100.102
Filename 'tegra124-jetson-tk1.dtb'.
Load address: 0x83000000
Loading: *#####
	 3.5 MiB/s
done
Bytes transferred = 66544 (103f0 hex)
Tegra124 (Jetson TK1) # bootz 0x82000000 - 0x83000000
Kernel image @ 0x82000000 [ 0x000000 - 0x609b00 ]
## Flattened Device Tree blob at 83000000
   Booting using the fdt blob at 0x83000000
   Using Device Tree in place at 83000000, end 830133ef

Starting kernel ...

[    0.000000] Booting Linux on physical CPU 0x0
[    0.000000] Linux version 4.15.0-rc3-216243-g50c4c4e (jonathanh@sellafield) (gcc version 4.7.3 20130328 (prerelease) (crosstool-NG linaro-1.13.1-4.7-2013.04-20130415 - Linaro GCC 2013.04)) #1 SMP PREEMPT Tue Dec 12 08:02:12 PST 2017
[    0.000000] CPU: ARMv7 Processor [413fc0f3] revision 3 (ARMv7), cr=10c5387d
[    0.000000] CPU: div instructions available: patching division code
[    0.000000] CPU: PIPT / VIPT nonaliasing data cache, PIPT instruction cache
[    0.000000] OF: fdt: Machine model: NVIDIA Tegra124 Jetson TK1
[    0.000000] debug: ignoring loglevel setting.
[    0.000000] bootconsole [earlycon0] enabled
[    0.000000] Memory policy: Data cache writealloc
[    0.000000] cma: Reserved 64 MiB at 0xfbc00000
[    0.000000] On node 0 totalpages: 524032
[    0.000000]   Normal zone: 1536 pages used for memmap
[    0.000000]   Normal zone: 0 pages reserved
[    0.000000]   Normal zone: 196608 pages, LIFO batch:31
[    0.000000]   HighMem zone: 327424 pages, LIFO batch:31
[    0.000000] random: fast init done
[    0.000000] percpu: Embedded 17 pages/cpu @(ptrval) s39104 r8192 d22336 u69632
[    0.000000] pcpu-alloc: s39104 r8192 d22336 u69632 alloc=17*4096
[    0.000000] pcpu-alloc: [0] 0 [0] 1 [0] 2 [0] 3 
[    0.000000] Built 1 zonelists, mobility grouping on.  Total pages: 522496
[    0.000000] Kernel command line: ignore_loglevel console=ttyS0,115200n8 rw root=PARTUUID=b1791faa-84e8-4e27-83a1-9fb0a77e8803 rootwait gpt debug noinitrd earlyprintk init=/bin/bash
[    0.000000] Dentry cache hash table entries: 131072 (order: 7, 524288 bytes)
[    0.000000] Inode-cache hash table entries: 65536 (order: 6, 262144 bytes)
[    0.000000] Memory: 1997468K/2096128K available (9216K kernel code, 777K rwdata, 2820K rodata, 1024K init, 299K bss, 33124K reserved, 65536K cma-reserved, 1244160K highmem)
[    0.000000] Virtual kernel memory layout:
[    0.000000]     vector  : 0xffff0000 - 0xffff1000   (   4 kB)
[    0.000000]     fixmap  : 0xffc00000 - 0xfff00000   (3072 kB)
[    0.000000]     vmalloc : 0xf0800000 - 0xff800000   ( 240 MB)
[    0.000000]     lowmem  : 0xc0000000 - 0xf0000000   ( 768 MB)
[    0.000000]     pkmap   : 0xbfe00000 - 0xc0000000   (   2 MB)
[    0.000000]     modules : 0xbf000000 - 0xbfe00000   (  14 MB)
[    0.000000]       .text : 0x(ptrval) - 0x(ptrval)   (10208 kB)
[    0.000000]       .init : 0x(ptrval) - 0x(ptrval)   (1024 kB)
[    0.000000]       .data : 0x(ptrval) - 0x(ptrval)   ( 778 kB)
[    0.000000]        .bss : 0x(ptrval) - 0x(ptrval)   ( 300 kB)
[    0.000000] Preemptible hierarchical RCU implementation.
[    0.000000] 	Tasks RCU enabled.
[    0.000000] NR_IRQS: 16, nr_irqs: 16, preallocated irqs: 16
[    0.000000] /interrupt-controller@60004000: 160 interrupts forwarded to /interrupt-controller@50041000
[    0.000000] Tegra clk 127: register failed with -17
[    0.000008] sched_clock: 32 bits at 1000kHz, resolution 1000ns, wraps every 2147483647500ns
[    0.007476] clocksource: timer_us: mask: 0xffffffff max_cycles: 0xffffffff, max_idle_ns: 1911260446275 ns
[    0.017004] Switching to timer-based delay loop, resolution 1000ns
[    0.024174] arch_timer: cp15 timer(s) running at 12.00MHz (virt).
[    0.029228] clocksource: arch_sys_counter: mask: 0xffffffffffffff max_cycles: 0x2c47f4ee7, max_idle_ns: 440795202497 ns
[    0.039975] sched_clock: 56 bits at 12MHz, resolution 83ns, wraps every 4398046511096ns
[    0.047943] Switching to timer-based delay loop, resolution 83ns
[    0.054409] Console: colour dummy device 80x30
[    0.058359] Calibrating delay loop (skipped), value calculated using timer frequency.. 24.00 BogoMIPS (lpj=120000)
[    0.068667] pid_max: default: 32768 minimum: 301
[    0.073744] Mount-cache hash table entries: 2048 (order: 1, 8192 bytes)
[    0.079853] Mountpoint-cache hash table entries: 2048 (order: 1, 8192 bytes)
[    0.087692] CPU: Testing write buffer coherency: ok
[    0.092014] /cpus/cpu@0 missing clock-frequency property
[    0.097027] /cpus/cpu@1 missing clock-frequency property
[    0.102335] /cpus/cpu@2 missing clock-frequency property
[    0.107600] /cpus/cpu@3 missing clock-frequency property
[    0.112871] CPU0: thread -1, cpu 0, socket 0, mpidr 80000000
[    0.152983] Setting up static identity map for 0x80100000 - 0x801000a0
[    0.157736] Hierarchical SRCU implementation.
[    0.173499] Tegra Revision: A01 SKU: 129 CPU Process: 1 SoC Process: 1
[    0.193004] smp: Bringing up secondary CPUs ...
[    0.243627] CPU1: thread -1, cpu 1, socket 0, mpidr 80000001
[    0.323736] CPU2: thread -1, cpu 2, socket 0, mpidr 80000002
[    0.403851] CPU3: thread -1, cpu 3, socket 0, mpidr 80000003
[    0.413425] smp: Brought up 1 node, 4 CPUs
[    0.432514] SMP: Total of 4 processors activated (96.00 BogoMIPS).
[    0.438680] CPU: All CPU(s) started in SVC mode.
[    0.445107] devtmpfs: initialized
[    0.465235] VFP support v0.3: implementor 41 architecture 4 part 30 variant f rev 0
[    0.471351] clocksource: jiffies: mask: 0xffffffff max_cycles: 0xffffffff, max_idle_ns: 19112604462750000 ns
[    0.480791] futex hash table entries: 1024 (order: 4, 65536 bytes)
[    0.488300] pinctrl core: initialized pinctrl subsystem
[    0.493331] NET: Registered protocol family 16
[    0.498024] DMA: preallocated 256 KiB pool for atomic coherent allocations
[    0.504699] cpuidle: using governor menu
[    0.530214] No ATAGs?
[    0.530349] hw-breakpoint: found 5 (+1 reserved) breakpoint and 4 watchpoint registers.
[    0.538709] hw-breakpoint: maximum watchpoint size is 8 bytes.
[    0.546369] iommu: Adding device reg-dummy to group 0
[    0.549587] iommu: Adding device 1003000.pcie to group 1
[    0.554888] iommu: Adding device 50000000.host1x to group 2
[    0.560445] iommu: Adding device 54200000.dc to group 3
[    0.565624] iommu: Adding device 54240000.dc to group 4
[    0.570810] iommu: Adding device 54280000.hdmi to group 5
[    0.576197] iommu: Adding device 57000000.gpu to group 6
[    0.581470] iommu: Adding device 60005000.timer to group 7
[    0.586903] iommu: Adding device 60007000.flow-controller to group 8
[    0.593249] iommu: Adding device 6000c800.actmon to group 9
[    0.598778] iommu: Adding device 6000d000.gpio to group 10
[    0.604254] iommu: Adding device 60020000.dma to group 11
[    0.609626] iommu: Adding device 70000800.apbmisc to group 12
[    0.615348] iommu: Adding device 70000868.pinmux to group 13
[    0.620968] iommu: Adding device 70006000.serial to group 14
[    0.626615] iommu: Adding device 70006040.serial to group 15
[    0.632228] iommu: Adding device 70006300.serial to group 16
[    0.637882] iommu: Adding device 7000c000.i2c to group 17
[    0.643235] iommu: Adding device 7000c400.i2c to group 18
[    0.648626] iommu: Adding device 7000c500.i2c to group 19
[    0.653984] iommu: Adding device 7000c700.i2c to group 20
[    0.659381] iommu: Adding device 7000d000.i2c to group 21
[    0.664729] iommu: Adding device 7000d400.spi to group 22
[    0.670126] iommu: Adding device 7000da00.spi to group 23
[    0.675478] iommu: Adding device 7000e000.rtc to group 24
[    0.680870] iommu: Adding device 7000e400.pmc to group 25
[    0.686223] iommu: Adding device 7000f800.fuse to group 26
[    0.691701] iommu: Adding device 70019000.memory-controller to group 27
[    0.698271] iommu: Adding device 7001b000.emc to group 28
[    0.703666] iommu: Adding device 70027000.sata to group 29
[    0.709102] iommu: Adding device 70030000.hda to group 30
[    0.714497] iommu: Adding device 70090000.usb to group 31
[    0.719850] iommu: Adding device 7009f000.padctl to group 32
[    0.725516] iommu: Adding device 700b0400.sdhci to group 33
[    0.731029] iommu: Adding device 700b0600.sdhci to group 34
[    0.736596] iommu: Adding device 70015000.cec to group 35
[    0.741962] iommu: Adding device 700e2000.thermal-sensor to group 36
[    0.748299] iommu: Adding device 70110000.clock to group 37
[    0.753823] iommu: Adding device 70300000.ahub to group 38
[    0.759303] iommu: Adding device 7d000000.usb to group 39
[    0.764656] iommu: Adding device 7d000000.usb-phy to group 40
[    0.770394] iommu: Adding device 7d004000.usb to group 41
[    0.775751] iommu: Adding device 7d004000.usb-phy to group 42
[    0.781491] iommu: Adding device 7d008000.usb to group 43
[    0.786850] iommu: Adding device 7d008000.usb-phy to group 44
[    0.792579] iommu: Adding device pmu to group 45
[    0.797156] iommu: Adding device timer to group 46
[    0.801922] iommu: Adding device clocks to group 47
[    0.806793] iommu: Adding device gpio-keys to group 48
[    0.811891] iommu: Adding device regulators to group 49
[    0.817116] iommu: Adding device regulators:regulator@0 to group 50
[    0.823330] iommu: Adding device regulators:regulator@1 to group 51
[    0.829590] iommu: Adding device regulators:regulator@2 to group 52
[    0.835811] iommu: Adding device regulators:regulator@3 to group 53
[    0.842066] iommu: Adding device regulators:regulator@4 to group 54
[    0.848296] iommu: Adding device regulators:regulator@7 to group 55
[    0.854547] iommu: Adding device regulators:regulator@8 to group 56
[    0.860777] iommu: Adding device regulators:regulator@10 to group 57
[    0.867114] iommu: Adding device regulators:regulator@11 to group 58
[    0.873422] iommu: Adding device regulators:regulator@12 to group 59
[    0.879768] iommu: Adding device regulators:regulator@13 to group 60
[    0.886077] iommu: Adding device regulators:regulator@14 to group 61
[    0.892419] iommu: Adding device sound to group 62
[    0.914027] +5V_SYS: supplied by +VDD_MUX
[    0.916520] +3.3V_SYS: supplied by +VDD_MUX
[    0.921075] +USB0_VBUS_SW: Failed to request enable GPIO108: -517
[    0.926400] reg-fixed-voltage regulators:regulator@7: Failed to register regulator: -517
[    0.934521] +5V_USB_HS: Failed to request enable GPIO109: -517
[    0.940245] reg-fixed-voltage regulators:regulator@8: Failed to register regulator: -517
[    0.948479] +1.05V_RUN_AVDD_HDMI_PLL: Failed to request enable GPIO63: -517
[    0.955264] reg-fixed-voltage regulators:regulator@11: Failed to register regulator: -517
[    0.963466] +5V_HDMI_CON: Failed to request enable GPIO86: -517
[    0.969278] reg-fixed-voltage regulators:regulator@12: Failed to register regulator: -517
[    0.977504] +5V_SATA: Failed to request enable GPIO242: -517
[    0.983057] reg-fixed-voltage regulators:regulator@13: Failed to register regulator: -517
[    0.991282] +12V_SATA: Failed to request enable GPIO242: -517
[    0.996921] reg-fixed-voltage regulators:regulator@14: Failed to register regulator: -517
[    1.006357] vgaarb: loaded
[    1.008513] SCSI subsystem initialized
[    1.011704] libata version 3.00 loaded.
[    1.015596] usbcore: registered new interface driver usbfs
[    1.020820] usbcore: registered new interface driver hub
[    1.026129] usbcore: registered new device driver usb
[    1.034325] Linux video capture interface: v2.00
[    1.037107] pps_core: LinuxPPS API ver. 1 registered
[    1.042005] pps_core: Software ver. 5.3.6 - Copyright 2005-2007 Rodolfo Giometti <giometti@linux.it>
[    1.051113] PTP clock support registered
[    1.056411] Advanced Linux Sound Architecture Driver Initialized.
[    1.061682] Bluetooth: Core ver 2.22
[    1.064643] NET: Registered protocol family 31
[    1.069041] Bluetooth: HCI device and connection manager initialized
[    1.075344] Bluetooth: HCI socket layer initialized
[    1.080215] Bluetooth: L2CAP socket layer initialized
[    1.085250] Bluetooth: SCO socket layer initialized
[    1.090734] clocksource: Switched to clocksource arch_sys_counter
[    1.186360] NET: Registered protocol family 2
[    1.189802] TCP established hash table entries: 8192 (order: 3, 32768 bytes)
[    1.195948] TCP bind hash table entries: 8192 (order: 4, 65536 bytes)
[    1.202435] TCP: Hash tables configured (established 8192 bind 8192)
[    1.209047] UDP hash table entries: 512 (order: 2, 16384 bytes)
[    1.214520] UDP-Lite hash table entries: 512 (order: 2, 16384 bytes)
[    1.221119] NET: Registered protocol family 1
[    1.225838] RPC: Registered named UNIX socket transport module.
[    1.231040] RPC: Registered udp transport module.
[    1.235694] RPC: Registered tcp transport module.
[    1.240373] RPC: Registered tcp NFSv4.1 backchannel transport module.
[    1.247250] iommu: Adding device regulatory.0 to group 63
[    1.252378] PCI: CLS 0 bytes, default 64
[    1.257859] hw perfevents: enabled with armv7_cortex_a15 PMU driver, 7 counters available
[    1.264946] iommu: Adding device alarmtimer to group 64
[    1.270548] Initialise system trusted keyrings
[    1.274046] workingset: timestamp_bits=30 max_order=19 bucket_order=0
[    1.281669] squashfs: version 4.0 (2009/01/31) Phillip Lougher
[    1.286810] NFS: Registering the id_resolver key type
[    1.291126] Key type id_resolver registered
[    1.295233] Key type id_legacy registered
[    1.304174] Key type asymmetric registered
[    1.306362] Asymmetric key parser 'x509' registered
[    1.311369] bounce: pool size: 64 pages
[    1.315096] io scheduler noop registered (default)
[    1.319795] io scheduler mq-deadline registered
[    1.324320] io scheduler kyber registered
[    1.330112]  usb2-0: usb2-0 supply vbus not found, using dummy regulator
[    1.335121]  usb2-1: usb2-1 supply vbus not found, using dummy regulator
[    1.342076] tegra-xusb-padctl 7009f000.padctl: failed to setup XUSB ports: -517
[    1.357939] tegra-pcie 1003000.pcie: 2x1, 1x1 configuration
[    1.361673] tegra-pcie 1003000.pcie: Failed to get supply 'avddio-pex': -517
[    1.371560] tegra124-dfll 70110000.clock: couldn't get vdd_cpu regulator
[    1.382188] tegra-apbdma 60020000.dma: Tegra20 APB DMA driver register 32 channels
[    1.389142] tegra-pmc 7000e400.pmc: emergency thermal reset enabled
[    1.394722] Serial: 8250/16550 driver, 4 ports, IRQ sharing disabled
[    1.400518] iommu: Adding device serial8250 to group 65
[    1.407476] console [ttyS0] disabled
[    1.409207] 70006300.serial: ttyS0 at MMIO 0x70006300 (irq = 335, base_baud = 25500000) is a Tegra
[    1.418155] console [ttyS0] enabled
[    1.418155] console [ttyS0] enabled
[    1.424725] bootconsole [earlycon0] disabled
[    1.424725] bootconsole [earlycon0] disabled
[    1.433709] 70006000.serial: ttyTHS1 at MMIO 0x70006000 (irq = 333, base_baud = 0) is a TEGRA_UART
[    1.444765] 70006040.serial: ttyTHS2 at MMIO 0x70006040 (irq = 334, base_baud = 0) is a TEGRA_UART
[    1.473356] tegra-hdmi 54280000.hdmi: failed to get HDMI regulator
[    1.492931] loop: module loaded
[    1.497429] at24 0-0056: 256 byte 24c02 EEPROM, writable, 8 bytes/write
[    1.504890] as3722 4-0040: AS3722 with revision 0x1 found
[    1.512536] iommu: Adding device as3722-pinctrl to group 66
[    1.519811] iommu: Adding device as3722-regulator to group 67
[    1.528530] as3722-sd2: supplied by +5V_SYS
[    1.533241] as3722-sd3: supplied by +5V_SYS
[    1.537668] +1.35V_LP0(sd3): Bringing 0uV into 1350000-1350000uV
[    1.544058] as3722-sd4: supplied by +5V_SYS
[    1.548723] as3722-sd5: supplied by +5V_SYS
[    1.554845] as3722-ldo0: supplied by +1.35V_LP0(sd2)
[    1.560977] +1.8V_RUN_CAM: Bringing 0uV into 1800000-1800000uV
[    1.567214] as3722-ldo2: supplied by +1.8V_VDDIO
[    1.573183] as3722-ldo3: supplied by +3.3V_SYS
[    1.577678] +1.05V_LP0_VDD_RTC: Bringing 1100000uV into 1000000-1000000uV
[    1.585508] as3722-ldo4: supplied by +3.3V_SYS
[    1.590182] +2.8V_RUN_CAM: Bringing 0uV into 2800000-2800000uV
[    1.596454] as3722-ldo5: supplied by +1.8V_VDDIO
[    1.601333] +1.2V_RUN_CAM_FRONT: Bringing 0uV into 1200000-1200000uV
[    1.608279] +VDDIO_SDMMC3: bypassed regulator has no supply!
[    1.613954] +VDDIO_SDMMC3: failed to get the current voltage(-517)
[    1.620134] as3722-regulator as3722-regulator: regulator 13 register failed -517
[    1.630323] iommu: Adding device as3722-rtc to group 68
[    1.635733] iommu: Adding device as3722-adc to group 69
[    1.641128] iommu: Adding device as3722-power-off to group 70
[    1.647016] iommu: Adding device as3722-wdt to group 71
[    1.653019] tegra-ahci 70027000.sata: couldn't get PHY in node sata: -517
[    1.671823] m25p80 spi1.0: w25q32dw (4096 Kbytes)
[    1.678526] iommu: Adding device Fixed MDIO bus.0 to group 72
[    1.684492] libphy: Fixed MDIO Bus: probed
[    1.688583] CAN device driver interface
[    1.692488] igb: Intel(R) Gigabit Ethernet Network Driver - version 5.4.0-k
[    1.699439] igb: Copyright (c) 2007-2014 Intel Corporation.
[    1.705168] pegasus: v0.9.3 (2013/04/25), Pegasus/Pegasus II USB Ethernet driver
[    1.712656] usbcore: registered new interface driver pegasus
[    1.718377] usbcore: registered new interface driver asix
[    1.723845] usbcore: registered new interface driver ax88179_178a
[    1.729980] usbcore: registered new interface driver cdc_ether
[    1.735901] usbcore: registered new interface driver smsc75xx
[    1.741730] usbcore: registered new interface driver smsc95xx
[    1.747519] usbcore: registered new interface driver net1080
[    1.753248] usbcore: registered new interface driver cdc_subset
[    1.759208] usbcore: registered new interface driver zaurus
[    1.764886] usbcore: registered new interface driver cdc_ncm
[    1.770810] tegra-phy 7d000000.usb-phy: no vbus regulator
[    1.776435] tegra-phy 7d004000.usb-phy: no vbus regulator
[    1.782156] ehci_hcd: USB 2.0 'Enhanced' Host Controller (EHCI) Driver
[    1.788674] ehci-pci: EHCI PCI platform driver
[    1.793197] tegra-ehci: Tegra EHCI driver
[    1.800045] tegra-ehci 7d004000.usb: EHCI Host Controller
[    1.805485] tegra-ehci 7d004000.usb: new USB bus registered, assigned bus number 1
[    1.813299] tegra-ehci 7d004000.usb: irq 356, io mem 0x7d004000
[    1.840767] tegra-ehci 7d004000.usb: USB 2.0 started, EHCI 1.10
[    1.847590] hub 1-0:1.0: USB hub found
[    1.851404] hub 1-0:1.0: 1 port detected
[    1.856573] usbcore: registered new interface driver cdc_acm
[    1.862245] cdc_acm: USB Abstract Control Model driver for USB modems and ISDN adapters
[    1.870303] usbcore: registered new interface driver cdc_wdm
[    1.876059] usbcore: registered new interface driver usb-storage
[    1.883692] iommu: Adding device ci_hdrc.0 to group 73
[    1.895481] as3722-rtc as3722-rtc: rtc core: registered as3722-rtc as rtc0
[    1.902379] as3722-rtc as3722-rtc: RTC interrupt 379
[    1.910198] tegra_rtc 7000e000.rtc: rtc core: registered 7000e000.rtc as rtc1
[    1.917400] tegra_rtc 7000e000.rtc: Tegra internal Real Time Clock
[    1.923940] i2c /dev entries driver
[    1.928691] usbcore: registered new interface driver uvcvideo
[    1.934453] USB Video Class driver (1.1.1)
[    1.938544] gspca_main: v2.14.0 registered
[    1.943297] lm90 0-004c: 0-004c supply vcc not found, using dummy regulator
[    1.953584] tegra-wdt 60005000.timer: initialized (heartbeat = 120 sec, nowayout = 0)
[    1.962086] iommu: Adding device cpufreq-tegra124 to group 74
[    1.968401] sdhci: Secure Digital Host Controller Interface driver
[    1.974595] sdhci: Copyright(c) Pierre Ossman
[    1.978945] sdhci-pltfm: SDHCI platform and OF driver helper
[    1.984938] sdhci-tegra 700b0400.sdhci: Got CD GPIO
[    1.989829] sdhci-tegra 700b0400.sdhci: Got WP GPIO
[    2.010791] mmc0: Unknown controller version (3). You may experience problems.
[    2.018049] mmc0: Invalid maximum block size, assuming 512 bytes
[    2.080805] mmc0: SDHCI controller on 700b0600.sdhci [700b0600.sdhci] using ADMA
[    2.092297] usbcore: registered new interface driver usbhid
[    2.097972] usbhid: USB HID core driver
[    2.104866] iommu: Adding device snd-soc-dummy to group 75
[    2.157186] mmc0: new high speed MMC card at address 0001
[    2.163197] mmcblk0: mmc0:0001 SEM16G 14.7 GiB 
[    2.168123] mmcblk0boot0: mmc0:0001 SEM16G partition 1 4.00 MiB
[    2.174505] mmcblk0boot1: mmc0:0001 SEM16G partition 2 4.00 MiB
[    2.180608] mmcblk0rpmb: mmc0:0001 SEM16G partition 3 4.00 MiB, chardev (247:0)
[    2.189626]  mmcblk0: p1
[    2.551178] iommu: Adding device 70301100.i2s to group 76
[    2.557436] tegra30-i2s 70301100.i2s: DMA channels sourced from device 70300000.ahub
[    2.577766] tegra-snd-rt5640 sound: rt5640-aif1 <-> 70301100.i2s mapping ok
[    2.588559] input: NVIDIA Tegra Jetson TK1 Headphones as /devices/soc0/sound/sound/card1/input0
[    2.599777] NET: Registered protocol family 10
[    2.605590] Segment Routing with IPv6
[    2.609425] mip6: Mobile IPv6
[    2.612416] sit: IPv6, IPv4 and MPLS over IPv4 tunneling driver
[    2.619803] NET: Registered protocol family 17
[    2.624323] NET: Registered protocol family 15
[    2.628773] can: controller area network core (rev 20170425 abi 9)
[    2.635178] NET: Registered protocol family 29
[    2.639617] can: raw protocol (rev 20170425)
[    2.643897] can: broadcast manager protocol (rev 20170425 t)
[    2.649555] can: netlink gateway (rev 20170425) max_hops=1
[    2.655285] Bluetooth: RFCOMM socket layer initialized
[    2.660433] Bluetooth: RFCOMM ver 1.11
[    2.664221] Bluetooth: BNEP (Ethernet Emulation) ver 1.3
[    2.669531] Bluetooth: BNEP socket layer initialized
[    2.674506] Bluetooth: HIDP (Human Interface Emulation) ver 1.2
[    2.680424] Bluetooth: HIDP socket layer initialized
[    2.685655] Key type dns_resolver registered
[    2.690418] Registering SWP/SWPB emulation handler
[    2.696028] Loading compiled-in X.509 certificates
[    2.718512] +3.3V_RUN: supplied by +3.3V_SYS
[    2.723655] +USB0_VBUS_SW: supplied by +5V_SYS
[    2.728355] +3.3V_AVDD_HDMI_AP_GATED: supplied by +3.3V_RUN
[    2.734389] +5V_USB_HS: supplied by +5V_SYS
[    2.739494] +3.3V_LP0: supplied by +3.3V_SYS
[    2.744845] +5V_HDMI_CON: supplied by +5V_SYS
[    2.749622] +5V_SATA: supplied by +5V_SYS
[    2.754310] +12V_SATA: supplied by +VDD_MUX
[    2.759929]  usb2-0: usb2-0 supply vbus not found, using dummy regulator
[    2.766811]  usb2-1: usb2-1 supply vbus not found, using dummy regulator
[    2.774001]  usb3-0: usb3-0 supply vbus not found, using dummy regulator
[    2.781528] tegra-pcie 1003000.pcie: 2x1, 1x1 configuration
[    2.787141] tegra-pcie 1003000.pcie: Failed to get supply 'avddio-pex': -517
[    2.796264] tegra124-dfll 70110000.clock: couldn't get vdd_cpu regulator
[    2.805267] tegra-hdmi 54280000.hdmi: failed to get PLL regulator
[    2.813778] as3722-sd2: supplied by +5V_SYS
[    2.818273] as3722-sd3: supplied by +5V_SYS
[    2.822802] as3722-sd4: supplied by +5V_SYS
[    2.827286] as3722-sd5: supplied by +5V_SYS
[    2.833248] as3722-ldo0: supplied by +1.35V_LP0(sd2)
[    2.838722] as3722-ldo1: supplied by +3.3V_RUN
[    2.843919] as3722-ldo2: supplied by +1.8V_VDDIO
[    2.849463] as3722-ldo3: supplied by +3.3V_SYS
[    2.855005] as3722-ldo4: supplied by +3.3V_SYS
[    2.859759] as3722-ldo5: supplied by +1.8V_VDDIO
[    2.865564] input: tegra-hda HDMI/DP,pcm=3 as /devices/soc0/70030000.hda/sound/card0/input1
[    2.874217] as3722-ldo6: supplied by +3.3V_RUN
[    2.879212] as3722-ldo7: supplied by +1.8V_VDDIO
[    2.884679] +1.05V_RUN_CAM_REAR: Bringing 0uV into 1050000-1050000uV
[    2.891804] as3722-ldo9: supplied by +5V_SYS
[    2.897272] +3.3V_RUN_TOUCH: Bringing 0uV into 2800000-2800000uV
[    2.904035] as3722-ldo10: supplied by +5V_SYS
[    2.909141] +2.8V_RUN_CAM_AF: Bringing 0uV into 2800000-2800000uV
[    2.916013] as3722-ldo11: supplied by +3.3V_RUN
[    2.921301] +1.8V_RUN_VPP_FUSE: Bringing 0uV into 1800000-1800000uV
[    2.930538] tegra-ahci 70027000.sata: AHCI 0001.0301 32 slots 2 ports 3 Gbps 0x1 impl platform mode
[    2.939615] tegra-ahci 70027000.sata: flags: 64bit ncq sntf pm led pio slum part sadm sds apst 
[    2.950150] scsi host0: tegra-ahci
[    2.954613] scsi host1: tegra-ahci
[    2.958314] ata1: SATA max UDMA/133 mmio [mem 0x70027000-0x70028fff] port 0x100 irq 345
[    2.966359] ata2: DUMMY
[    2.969962] tegra-ehci 7d008000.usb: EHCI Host Controller
[    2.975444] tegra-ehci 7d008000.usb: new USB bus registered, assigned bus number 2
[    2.983296] tegra-ehci 7d008000.usb: irq 357, io mem 0x7d008000
[    3.010864] tegra-ehci 7d008000.usb: USB 2.0 started, EHCI 1.10
[    3.017980] hub 2-0:1.0: USB hub found
[    3.021862] hub 2-0:1.0: 1 port detected
[    3.101536] tegra-xusb 70090000.usb: Firmware timestamp: 2014-09-16 02:10:07 UTC
[    3.108961] tegra-xusb 70090000.usb: xHCI Host Controller
[    3.114406] tegra-xusb 70090000.usb: new USB bus registered, assigned bus number 3
[    3.124582] tegra-xusb 70090000.usb: hcc params 0x0184f525 hci version 0x100 quirks 0x00010010
[    3.133271] tegra-xusb 70090000.usb: irq 347, io mem 0x70090000
[    3.140668] hub 3-0:1.0: USB hub found
[    3.144545] hub 3-0:1.0: 6 ports detected
[    3.149417] tegra-xusb 70090000.usb: xHCI Host Controller
[    3.154884] tegra-xusb 70090000.usb: new USB bus registered, assigned bus number 4
[    3.162633] usb usb4: We don't know the algorithms for LPM for this host, disabling LPM.
[    3.171981] hub 4-0:1.0: USB hub found
[    3.175788] hub 4-0:1.0: 2 ports detected
[    3.181863] sdhci-tegra 700b0400.sdhci: Got CD GPIO
[    3.186790] sdhci-tegra 700b0400.sdhci: Got WP GPIO
[    3.200077] mmc1: Unknown controller version (3). You may experience problems.
[    3.207435] mmc1: Invalid maximum block size, assuming 512 bytes
[    3.281144] mmc1: SDHCI controller on 700b0400.sdhci [700b0400.sdhci] using ADMA
[    3.288880] tegra-pcie 1003000.pcie: 2x1, 1x1 configuration
[    3.293975] ata1: SATA link down (SStatus 0 SControl 300)
[    3.302990] tegra-pcie 1003000.pcie: probing port 0, using 2 lanes
[    3.313401] tegra-pcie 1003000.pcie: Slot present pin change, signature: 00000008
[    3.334794] tegra-pcie 1003000.pcie: probing port 1, using 1 lanes
[    3.343126] tegra-pcie 1003000.pcie: Slot present pin change, signature: 00000000
[    3.357047] tegra-pcie 1003000.pcie: PCI host bridge to bus 0000:00
[    3.363357] pci_bus 0000:00: root bus resource [io  0x0000-0xffff]
[    3.369533] pci_bus 0000:00: root bus resource [mem 0x13000000-0x1fffffff]
[    3.376420] pci_bus 0000:00: root bus resource [mem 0x20000000-0x3fffffff pref]
[    3.383792] pci_bus 0000:00: root bus resource [bus 00-ff]
[    3.389380] pci 0000:00:01.0: [10de:0e12] type 01 class 0x060400
[    3.395455] pci_bus 0000:00: 2-byte config write to 0000:00:01.0 offset 0x4 may corrupt adjacent RW1C bits
[    3.405122] pci_bus 0000:00: 2-byte config write to 0000:00:01.0 offset 0x4 may corrupt adjacent RW1C bits
[    3.414808] pci 0000:00:01.0: enabling Extended Tags
[    3.419772] pci_bus 0000:00: 2-byte config write to 0000:00:01.0 offset 0x88 may corrupt adjacent RW1C bits
[    3.429577] pci_bus 0000:00: 2-byte config write to 0000:00:01.0 offset 0x52 may corrupt adjacent RW1C bits
[    3.439415] pci 0000:00:01.0: PME# supported from D0 D1 D2 D3hot D3cold
[    3.446087] pci_bus 0000:00: 2-byte config write to 0000:00:01.0 offset 0x4c may corrupt adjacent RW1C bits
[    3.456098] pci 0000:00:02.0: [10de:0e13] type 01 class 0x060400
[    3.462131] pci_bus 0000:00: 2-byte config write to 0000:00:02.0 offset 0x4 may corrupt adjacent RW1C bits
[    3.471831] pci_bus 0000:00: 2-byte config write to 0000:00:02.0 offset 0x4 may corrupt adjacent RW1C bits
[    3.481574] pci 0000:00:02.0: enabling Extended Tags
[    3.486580] pci_bus 0000:00: 2-byte config write to 0000:00:02.0 offset 0x88 may corrupt adjacent RW1C bits
[    3.496353] pci_bus 0000:00: 2-byte config write to 0000:00:02.0 offset 0x52 may corrupt adjacent RW1C bits
[    3.506139] pci 0000:00:02.0: PME# supported from D0 D1 D2 D3hot D3cold
[    3.512864] pci_bus 0000:00: 2-byte config write to 0000:00:02.0 offset 0x4c may corrupt adjacent RW1C bits
[    3.523037] PCI: bus0: Fast back to back transfers disabled
[    3.528690] pci 0000:00:01.0: bridge configuration invalid ([bus 00-00]), reconfiguring
[    3.536771] pci 0000:00:02.0: bridge configuration invalid ([bus 00-00]), reconfiguring
[    3.545064] pci 0000:01:00.0: [8086:4232] type 00 class 0x028000
[    3.551191] pci 0000:01:00.0: reg 0x10: [mem 0x00000000-0x00001fff 64bit]
[    3.558304] PCI: bus1: Fast back to back transfers disabled
[    3.563959] pci_bus 0000:01: busn_res: [bus 01-ff] end is updated to 01
[    3.570876] pci 0000:02:00.0: [10ec:8168] type 00 class 0x020000
[    3.576975] pci 0000:02:00.0: reg 0x10: [io  0x0000-0x00ff]
[    3.582659] pci 0000:02:00.0: reg 0x18: [mem 0x00000000-0x00000fff 64bit]
[    3.589636] mmc1: new high speed SDHC card at address aaaa
[    3.595726] mmcblk1: mmc1:aaaa SD04G 3.69 GiB 
[    3.600855] pci 0000:02:00.0: reg 0x20: [mem 0x00000000-0x00003fff 64bit pref]
[    3.608669] PCI: bus2: Fast back to back transfers disabled
[    3.614363] pci_bus 0000:02: busn_res: [bus 02-ff] end is updated to 02
[    3.621222] pci 0000:00:01.0: BAR 8: assigned [mem 0x13000000-0x130fffff]
[    3.628077] pci 0000:00:02.0: BAR 8: assigned [mem 0x13100000-0x131fffff]
[    3.635054] pci 0000:00:02.0: BAR 9: assigned [mem 0x20000000-0x200fffff 64bit pref]
[    3.642901] pci 0000:00:02.0: BAR 7: assigned [io  0x1000-0x1fff]
[    3.649154] pci 0000:01:00.0: BAR 0: assigned [mem 0x13000000-0x13001fff 64bit]
[    3.656593] pci 0000:00:01.0: PCI bridge to [bus 01]
[    3.661850] pci 0000:00:01.0:   bridge window [mem 0x13000000-0x130fffff]
[    3.668725] pci 0000:02:00.0: BAR 4: assigned [mem 0x20000000-0x20003fff 64bit pref]
[    3.676772] pci 0000:02:00.0: BAR 2: assigned [mem 0x13100000-0x13100fff 64bit]
[    3.684207] pci 0000:02:00.0: BAR 0: assigned [io  0x1000-0x10ff]
[    3.690450] pci 0000:00:02.0: PCI bridge to [bus 02]
[    3.695522] pci 0000:00:02.0:   bridge window [io  0x1000-0x1fff]
[    3.701828] pci 0000:00:02.0:   bridge window [mem 0x13100000-0x131fffff]
[    3.708684] pci 0000:00:02.0:   bridge window [mem 0x20000000-0x200fffff 64bit pref]
[    3.716664] pci 0000:00:01.0: nv_msi_ht_cap_quirk didn't locate host bridge
[    3.723985]  mmcblk1: p1 p2 p3
[    3.727301] pcieport 0000:00:01.0: enabling device (0140 -> 0142)
[    3.734190] pcieport 0000:00:01.0: Signaling PME with IRQ 395
[    3.740759] pci 0000:00:02.0: nv_msi_ht_cap_quirk didn't locate host bridge
[    3.747844] pcieport 0000:00:02.0: enabling device (0140 -> 0143)
[    3.754391] pcieport 0000:00:02.0: Signaling PME with IRQ 396
[    3.760564] r8169 Gigabit Ethernet driver 2.3LK-NAPI loaded
[    3.766229] r8169 0000:02:00.0: enabling device (0140 -> 0143)
[    3.772162] r8169 0000:02:00.0 (unnamed net_device) (uninitialized): not PCI Express
[    3.802570] r8169 0000:02:00.0 eth0: RTL8168g/8111g at 0x69af85ca, 00:04:4b:3a:d9:81, XID 0c000800 IRQ 22
[    3.812161] r8169 0000:02:00.0 eth0: jumbo features [frames: 9200 bytes, tx checksumming: ko]
[    3.824342] +1.05V_RUN_AVDD_HDMI_PLL: supplied by +1.05V_RUN
[    3.833756] [drm] Supports vblank timestamp caching Rev 2 (21.10.2013).
[    3.840383] [drm] No driver support for vblank timestamp query.
[    3.975515] tegra-hdmi 54280000.hdmi: cannot set audio to 48000 Hz at 297000000 Hz pixel clock
[    4.223680] Console: switching to colour frame buffer device 512x135
[    4.319591] drm drm: fb0:  frame buffer device
[    4.324130] [drm] Initialized tegra 0.0.0 20120330 for drm on minor 0
[    4.331444] iommu: Adding device cpufreq-dt.0 to group 77
[    4.337107] cpufreq: cpufreq_online: CPU0: Running at unlisted freq: 696000 KHz
[    4.344453] cpufreq: cpufreq_online: CPU0: Unlisted initial frequency changed to: 714000 KHz
[    4.353481] input: gpio-keys as /devices/soc0/gpio-keys/input/input2
[    4.360499] as3722-rtc as3722-rtc: setting system clock to 2000-01-01 00:01:56 UTC (946684916)
[    4.369329] cfg80211: Loading compiled-in X.509 certificates for regulatory database
[    4.379037] cfg80211: Loaded X.509 cert 'sforshee: 00b28ddf47aef9cea7'
[    4.385694] platform regulatory.0: Direct firmware load for regulatory.db failed with error -2
[    4.391156] +USB0_VBUS_SW: disabling
[    4.391172] +1.8V_RUN_CAM: disabling
[    4.394416] +2.8V_RUN_CAM: disabling
[    4.398064] +1.2V_RUN_CAM_FRONT: disabling
[    4.401666] +1.05V_RUN_CAM_REAR: disabling
[    4.405259] +3.3V_RUN_TOUCH: disabling
[    4.409363] +2.8V_RUN_CAM_AF: disabling
[    4.413479] +1.8V_RUN_VPP_FUSE: disabling
[    4.417241] ALSA device list:
[    4.417244]   #0: tegra-hda at 0x70038000 irq 346
[    4.417247]   #1: NVIDIA Tegra Jetson TK1
[    4.436726] cfg80211: failed to load regulatory.db
[    4.442524] EXT4-fs (mmcblk0p1): mounting ext3 file system using the ext4 subsystem
[    4.490425] EXT4-fs (mmcblk0p1): recovery complete
[    4.496328] EXT4-fs (mmcblk0p1): mounted filesystem with ordered data mode. Opts: (null)
[    4.504496] VFS: Mounted root (ext3 filesystem) on device 179:1.
[    4.515514] devtmpfs: mounted
[    4.518909] Freeing unused kernel memory: 1024K
bash: cannot set terminal process group (-1): Inappropriate ioctl for device
bash: no job control in this shell
root@(none):/# 