
U-Boot SPL 2016.05-rc2 (Apr 21 2016 - 16:23:00)
Trying to boot from RAM


U-Boot 2016.05-rc2 (Apr 21 2016 - 16:23:00 -0700)

TEGRA124
Model: NVIDIA Jetson TK1
Board: NVIDIA Jetson TK1
DRAM:  2 GiB
MC:   Tegra SD/MMC: 0, Tegra SD/MMC: 1
In:    serial
Out:   serial
Err:   serial
Net:   No ethernet found.
Hit any key to stop autoboot:  2  0 
Tegra124 (Jetson TK1) # 
Tegra124 (Jetson TK1) # pci enum
Tegra124 (Jetson TK1) # setenv bootargs 'ignore_loglevel console=ttyS0,115200n8 rw root=PARTUUID=b1791faa-84e8-4e27-83a1-9fb0a77e8803 rootwait gpt debug noinitrd earlyprintk init=/bin/bash'
Tegra124 (Jetson TK1) # setenv ipaddr 192.168.100.102; setenv serverip 192.168.100.1; setenv tftpserverip 192.168.100.1
Tegra124 (Jetson TK1) # tftpboot 0x82000000 zImage.multi_v7_defconfig

Warning: eth_rtl8169 using MAC address from ROM
Using eth_rtl8169 device
TFTP from server 192.168.100.1; our IP address is 192.168.100.102
Filename 'zImage.multi_v7_defconfig'.
Load address: 0x82000000
Loading: *#################################################################
	 #################################################################
	 #################################################################
	 #################################################################
	 #################################################################
	 #################################################################
	 #################################################################
	 #################################################################
	 ####################################
	 3.3 MiB/s
done
Bytes transferred = 8159752 (7c8208 hex)
Tegra124 (Jetson TK1) # tftpboot 0x83000000 tegra124-jetson-tk1.dtb
Using eth_rtl8169 device
TFTP from server 192.168.100.1; our IP address is 192.168.100.102
Filename 'tegra124-jetson-tk1.dtb'.
Load address: 0x83000000
Loading: *#####
	 3.8 MiB/s
done
Bytes transferred = 67173 (10665 hex)
Tegra124 (Jetson TK1) # bootz 0x82000000 - 0x83000000
Kernel image @ 0x82000000 [ 0x000000 - 0x7c8200 ]
## Flattened Device Tree blob at 83000000
   Booting using the fdt blob at 0x83000000
   Using Device Tree in place at 83000000, end 83013664

Starting kernel ...

[    0.000000] Booting Linux on physical CPU 0x0
[    0.000000] Linux version 4.14.0-rc3-200087-g9e66317 (jonathanh@sellafield) (gcc version 4.7.3 20130328 (prerelease) (crosstool-NG linaro-1.13.1-4.7-2013.04-20130415 - Linaro GCC 2013.04)) #1 SMP Sun Oct 1 15:36:12 PDT 2017
[    0.000000] CPU: ARMv7 Processor [413fc0f3] revision 3 (ARMv7), cr=10c5387d
[    0.000000] CPU: div instructions available: patching division code
[    0.000000] CPU: PIPT / VIPT nonaliasing data cache, PIPT instruction cache
[    0.000000] OF: fdt: Machine model: NVIDIA Tegra124 Jetson TK1
[    0.000000] debug: ignoring loglevel setting.
[    0.000000] Memory policy: Data cache writealloc
[    0.000000] efi: Getting EFI parameters from FDT:
[    0.000000] efi: UEFI not found.
[    0.000000] cma: Reserved 64 MiB at 0xfb800000
[    0.000000] On node 0 totalpages: 524032
[    0.000000] free_area_init_node: node 0, pgdat c158fa80, node_mem_map eeff8000
[    0.000000]   DMA zone: 1536 pages used for memmap
[    0.000000]   DMA zone: 0 pages reserved
[    0.000000]   DMA zone: 196608 pages, LIFO batch:31
[    0.000000]   HighMem zone: 327424 pages, LIFO batch:31
[    0.000000] random: fast init done
[    0.000000] percpu: Embedded 17 pages/cpu @eef82000 s39424 r8192 d22016 u69632
[    0.000000] pcpu-alloc: s39424 r8192 d22016 u69632 alloc=17*4096
[    0.000000] pcpu-alloc: [0] 0 [0] 1 [0] 2 [0] 3 
[    0.000000] Built 1 zonelists, mobility grouping on.  Total pages: 522496
[    0.000000] Kernel command line: ignore_loglevel console=ttyS0,115200n8 rw root=PARTUUID=b1791faa-84e8-4e27-83a1-9fb0a77e8803 rootwait gpt debug noinitrd earlyprintk init=/bin/bash
[    0.000000] PID hash table entries: 4096 (order: 2, 16384 bytes)
[    0.000000] Dentry cache hash table entries: 131072 (order: 7, 524288 bytes)
[    0.000000] Inode-cache hash table entries: 65536 (order: 6, 262144 bytes)
[    0.000000] Memory: 1993356K/2096128K available (10240K kernel code, 1631K rwdata, 4500K rodata, 2048K init, 405K bss, 37236K reserved, 65536K cma-reserved, 1244160K highmem)
[    0.000000] Virtual kernel memory layout:
[    0.000000]     vector  : 0xffff0000 - 0xffff1000   (   4 kB)
[    0.000000]     fixmap  : 0xffc00000 - 0xfff00000   (3072 kB)
[    0.000000]     vmalloc : 0xf0800000 - 0xff800000   ( 240 MB)
[    0.000000]     lowmem  : 0xc0000000 - 0xf0000000   ( 768 MB)
[    0.000000]     pkmap   : 0xbfe00000 - 0xc0000000   (   2 MB)
[    0.000000]     modules : 0xbf000000 - 0xbfe00000   (  14 MB)
[    0.000000]       .text : 0xc0208000 - 0xc0d00000   (11232 kB)
[    0.000000]       .init : 0xc1200000 - 0xc1400000   (2048 kB)
[    0.000000]       .data : 0xc1400000 - 0xc1597f28   (1632 kB)
[    0.000000]        .bss : 0xc15a0b90 - 0xc16062fc   ( 406 kB)
[    0.000000] SLUB: HWalign=64, Order=0-3, MinObjects=0, CPUs=4, Nodes=1
[    0.000000] Hierarchical RCU implementation.
[    0.000000] 	RCU event tracing is enabled.
[    0.000000] 	RCU restricting CPUs from NR_CPUS=16 to nr_cpu_ids=4.
[    0.000000] RCU: Adjusting geometry for rcu_fanout_leaf=16, nr_cpu_ids=4
[    0.000000] NR_IRQS: 16, nr_irqs: 16, preallocated irqs: 16
[    0.000000] /interrupt-controller@60004000: 160 interrupts forwarded to /interrupt-controller@50041000
[    0.000000] Tegra clk 127: register failed with -17
[    0.000008] sched_clock: 32 bits at 1000kHz, resolution 1000ns, wraps every 2147483647500ns
[    0.000029] clocksource: timer_us: mask: 0xffffffff max_cycles: 0xffffffff, max_idle_ns: 1911260446275 ns
[    0.000044] Switching to timer-based delay loop, resolution 1000ns
[    0.005051] arch_timer: cp15 timer(s) running at 12.00MHz (virt).
[    0.005070] clocksource: arch_sys_counter: mask: 0xffffffffffffff max_cycles: 0x2c47f4ee7, max_idle_ns: 440795202497 ns
[    0.005090] sched_clock: 56 bits at 12MHz, resolution 83ns, wraps every 4398046511096ns
[    0.005104] Switching to timer-based delay loop, resolution 83ns
[    0.005587] Console: colour dummy device 80x30
[    0.005622] Calibrating delay loop (skipped), value calculated using timer frequency.. 24.00 BogoMIPS (lpj=120000)
[    0.005640] pid_max: default: 32768 minimum: 301
[    0.005743] Mount-cache hash table entries: 2048 (order: 1, 8192 bytes)
[    0.005758] Mountpoint-cache hash table entries: 2048 (order: 1, 8192 bytes)
[    0.006258] CPU: Testing write buffer coherency: ok
[    0.006509] /cpus/cpu@0 missing clock-frequency property
[    0.006553] /cpus/cpu@1 missing clock-frequency property
[    0.006596] /cpus/cpu@2 missing clock-frequency property
[    0.006642] /cpus/cpu@3 missing clock-frequency property
[    0.006656] CPU0: thread -1, cpu 0, socket 0, mpidr 80000000
[    0.006952] Setting up static identity map for 0x80300000 - 0x803000a0
[    0.008898] Hierarchical SRCU implementation.
[    0.010747] Tegra Revision: A01 SKU: 129 CPU Process: 1 SoC Process: 1
[    0.011498] EFI services will not be available.
[    0.011645] smp: Bringing up secondary CPUs ...
[    0.012119] CPU1: thread -1, cpu 1, socket 0, mpidr 80000001
[    0.015474] CPU2: thread -1, cpu 2, socket 0, mpidr 80000002
[    0.025512] CPU3: thread -1, cpu 3, socket 0, mpidr 80000003
[    0.035044] smp: Brought up 1 node, 4 CPUs
[    0.035067] SMP: Total of 4 processors activated (96.00 BogoMIPS).
[    0.035076] CPU: All CPU(s) started in SVC mode.
[    0.036597] devtmpfs: initialized
[    0.050243] VFP support v0.3: implementor 41 architecture 4 part 30 variant f rev 0
[    0.050632] clocksource: jiffies: mask: 0xffffffff max_cycles: 0xffffffff, max_idle_ns: 19112604462750000 ns
[    0.050651] futex hash table entries: 1024 (order: 4, 65536 bytes)
[    0.052085] pinctrl core: initialized pinctrl subsystem
[    0.053618] DMI not present or invalid.
[    0.053858] NET: Registered protocol family 16
[    0.055998] DMA: preallocated 256 KiB pool for atomic coherent allocations
[    0.058349] cpuidle: using governor menu
[    0.083346] No ATAGs?
[    0.083474] hw-breakpoint: found 5 (+1 reserved) breakpoint and 4 watchpoint registers.
[    0.083491] hw-breakpoint: maximum watchpoint size is 8 bytes.
[    0.090749] Serial: AMBA PL011 UART driver
[    0.091945] iommu: Adding device reg-dummy to group 0
[    0.091981] iommu: Adding device 1003000.pcie to group 1
[    0.092061] iommu: Adding device 50000000.host1x to group 2
[    0.092132] iommu: Adding device 54200000.dc to group 3
[    0.092203] iommu: Adding device 54240000.dc to group 4
[    0.092239] iommu: Adding device 54280000.hdmi to group 5
[    0.092311] iommu: Adding device 57000000.gpu to group 6
[    0.092344] iommu: Adding device 60005000.timer to group 7
[    0.092375] iommu: Adding device 60007000.flow-controller to group 8
[    0.092406] iommu: Adding device 6000c800.actmon to group 9
[    0.092438] iommu: Adding device 6000d000.gpio to group 10
[    0.092469] iommu: Adding device 60020000.dma to group 11
[    0.092504] iommu: Adding device 70000800.apbmisc to group 12
[    0.092539] iommu: Adding device 70000868.pinmux to group 13
[    0.092572] iommu: Adding device 70006000.serial to group 14
[    0.092604] iommu: Adding device 70006040.serial to group 15
[    0.092635] iommu: Adding device 70006300.serial to group 16
[    0.092665] iommu: Adding device 7000c000.i2c to group 17
[    0.092697] iommu: Adding device 7000c400.i2c to group 18
[    0.092728] iommu: Adding device 7000c500.i2c to group 19
[    0.092759] iommu: Adding device 7000c700.i2c to group 20
[    0.092789] iommu: Adding device 7000d000.i2c to group 21
[    0.092828] iommu: Adding device 7000d400.spi to group 22
[    0.092858] iommu: Adding device 7000da00.spi to group 23
[    0.092888] iommu: Adding device 7000e000.rtc to group 24
[    0.092918] iommu: Adding device 7000e400.pmc to group 25
[    0.092948] iommu: Adding device 7000f800.fuse to group 26
[    0.092979] iommu: Adding device 70019000.memory-controller to group 27
[    0.093009] iommu: Adding device 7001b000.emc to group 28
[    0.093039] iommu: Adding device 70027000.sata to group 29
[    0.093074] iommu: Adding device 70030000.hda to group 30
[    0.093106] iommu: Adding device 70090000.usb to group 31
[    0.093137] iommu: Adding device 7009f000.padctl to group 32
[    0.093173] iommu: Adding device 700b0400.sdhci to group 33
[    0.093204] iommu: Adding device 700b0600.sdhci to group 34
[    0.093235] iommu: Adding device 700e2000.thermal-sensor to group 35
[    0.093266] iommu: Adding device 70110000.clock to group 36
[    0.093300] iommu: Adding device 70300000.ahub to group 37
[    0.093330] iommu: Adding device 7d000000.usb to group 38
[    0.093365] iommu: Adding device 7d000000.usb-phy to group 39
[    0.093396] iommu: Adding device 7d004000.usb to group 40
[    0.093427] iommu: Adding device 7d004000.usb-phy to group 41
[    0.093458] iommu: Adding device 7d008000.usb to group 42
[    0.093489] iommu: Adding device 7d008000.usb-phy to group 43
[    0.093522] iommu: Adding device pmu to group 44
[    0.093553] iommu: Adding device timer to group 45
[    0.093584] iommu: Adding device clocks to group 46
[    0.093619] iommu: Adding device gpio-keys to group 47
[    0.093651] iommu: Adding device regulators to group 48
[    0.093682] iommu: Adding device regulators:regulator@0 to group 49
[    0.093713] iommu: Adding device regulators:regulator@1 to group 50
[    0.093744] iommu: Adding device regulators:regulator@2 to group 51
[    0.093775] iommu: Adding device regulators:regulator@3 to group 52
[    0.093805] iommu: Adding device regulators:regulator@4 to group 53
[    0.093841] iommu: Adding device regulators:regulator@7 to group 54
[    0.093876] iommu: Adding device regulators:regulator@8 to group 55
[    0.093908] iommu: Adding device regulators:regulator@10 to group 56
[    0.093939] iommu: Adding device regulators:regulator@11 to group 57
[    0.093970] iommu: Adding device regulators:regulator@12 to group 58
[    0.094000] iommu: Adding device regulators:regulator@13 to group 59
[    0.094030] iommu: Adding device regulators:regulator@14 to group 60
[    0.094060] iommu: Adding device sound to group 61
[    0.108673] AT91: Could not find identification node
[    0.109240] +5V_SYS: supplied by +VDD_MUX
[    0.109524] +3.3V_SYS: supplied by +VDD_MUX
[    0.110155] +USB0_VBUS_SW: Failed to request enable GPIO108: -517
[    0.110171] reg-fixed-voltage regulators:regulator@7: Failed to register regulator: -517
[    0.110275] +5V_USB_HS: Failed to request enable GPIO109: -517
[    0.110290] reg-fixed-voltage regulators:regulator@8: Failed to register regulator: -517
[    0.110485] +1.05V_RUN_AVDD_HDMI_PLL: Failed to request enable GPIO63: -517
[    0.110500] reg-fixed-voltage regulators:regulator@11: Failed to register regulator: -517
[    0.110601] +5V_HDMI_CON: Failed to request enable GPIO86: -517
[    0.110616] reg-fixed-voltage regulators:regulator@12: Failed to register regulator: -517
[    0.110715] +5V_SATA: Failed to request enable GPIO242: -517
[    0.110729] reg-fixed-voltage regulators:regulator@13: Failed to register regulator: -517
[    0.110828] +12V_SATA: Failed to request enable GPIO242: -517
[    0.110842] reg-fixed-voltage regulators:regulator@14: Failed to register regulator: -517
[    0.113813] vgaarb: loaded
[    0.114541] SCSI subsystem initialized
[    0.114705] libata version 3.00 loaded.
[    0.114896] usbcore: registered new interface driver usbfs
[    0.114943] usbcore: registered new interface driver hub
[    0.115002] usbcore: registered new device driver usb
[    0.118491] pps_core: LinuxPPS API ver. 1 registered
[    0.118502] pps_core: Software ver. 5.3.6 - Copyright 2005-2007 Rodolfo Giometti <giometti@linux.it>
[    0.118523] PTP clock support registered
[    0.118715] EDAC MC: Ver: 3.0.0
[    0.118990] dmi: Firmware registration failed.
[    0.121561] clocksource: Switched to clocksource arch_sys_counter
[    0.176550] NET: Registered protocol family 2
[    0.177044] TCP established hash table entries: 8192 (order: 3, 32768 bytes)
[    0.177144] TCP bind hash table entries: 8192 (order: 4, 65536 bytes)
[    0.177331] TCP: Hash tables configured (established 8192 bind 8192)
[    0.177410] UDP hash table entries: 512 (order: 2, 16384 bytes)
[    0.177455] UDP-Lite hash table entries: 512 (order: 2, 16384 bytes)
[    0.177610] NET: Registered protocol family 1
[    0.177931] RPC: Registered named UNIX socket transport module.
[    0.177942] RPC: Registered udp transport module.
[    0.177951] RPC: Registered tcp transport module.
[    0.177960] RPC: Registered tcp NFSv4.1 backchannel transport module.
[    0.177973] PCI: CLS 0 bytes, default 64
[    0.179464] hw perfevents: enabled with armv7_cortex_a15 PMU driver, 7 counters available
[    0.180204] iommu: Adding device alarmtimer to group 62
[    0.181094] workingset: timestamp_bits=30 max_order=19 bucket_order=0
[    0.186856] squashfs: version 4.0 (2009/01/31) Phillip Lougher
[    0.187420] NFS: Registering the id_resolver key type
[    0.187446] Key type id_resolver registered
[    0.187456] Key type id_legacy registered
[    0.187502] ntfs: driver 2.1.32 [Flags: R/O].
[    0.188884] bounce: pool size: 64 pages
[    0.188932] Block layer SCSI generic (bsg) driver version 0.4 loaded (major 248)
[    0.188943] io scheduler noop registered
[    0.188953] io scheduler deadline registered
[    0.189165] io scheduler cfq registered (default)
[    0.189176] io scheduler mq-deadline registered
[    0.189185] io scheduler kyber registered
[    0.192953]  usb2-0: usb2-0 supply vbus not found, using dummy regulator
[    0.193061]  usb2-1: usb2-1 supply vbus not found, using dummy regulator
[    0.193512] tegra-xusb-padctl 7009f000.padctl: failed to setup XUSB ports: -517
[    0.212464] tegra-pcie 1003000.pcie: 2x1, 1x1 configuration
[    0.212519] tegra-pcie 1003000.pcie: Failed to get supply 'avddio-pex': -517
[    0.218663] tegra124-dfll 70110000.clock: couldn't get vdd_cpu regulator
[    0.225525] tegra-apbdma 60020000.dma: Tegra20 APB DMA driver register 32 channels
[    0.228484] tegra-pmc 7000e400.pmc: emergency thermal reset enabled
[    0.276272] Serial: 8250/16550 driver, 4 ports, IRQ sharing disabled
[    0.276367] iommu: Adding device serial8250 to group 63
[    0.278842] console [ttyS0] disabled
[    0.278883] 70006300.serial: ttyS0 at MMIO 0x70006300 (irq = 335, base_baud = 25500000) is a Tegra
[    1.542502] console [ttyS0] enabled
[    1.546889] SuperH (H)SCI(F) driver initialized
[    1.552539] msm_serial: driver initialized
[    1.556818] STMicroelectronics ASC driver initialized
[    1.562781] 70006000.serial: ttyTHS1 at MMIO 0x70006000 (irq = 333, base_baud = 0) is a TEGRA_UART
[    1.572057] 70006040.serial: ttyTHS2 at MMIO 0x70006040 (irq = 334, base_baud = 0) is a TEGRA_UART
[    1.587016] tegra-hdmi 54280000.hdmi: failed to get HDMI regulator
[    1.603723] brd: module loaded
[    1.612676] loop: module loaded
[    1.616986] at24 0-0056: 256 byte 24c02 EEPROM, writable, 8 bytes/write
[    1.625324] as3722 4-0040: AS3722 with revision 0x1 found
[    1.632585] iommu: Adding device as3722-pinctrl to group 64
[    1.639603] iommu: Adding device as3722-regulator to group 65
[    1.648275] as3722-sd2: supplied by +5V_SYS
[    1.652878] as3722-sd3: supplied by +5V_SYS
[    1.657265] +1.35V_LP0(sd3): Bringing 0uV into 1350000-1350000uV
[    1.663632] as3722-sd4: supplied by +5V_SYS
[    1.668223] as3722-sd5: supplied by +5V_SYS
[    1.674162] as3722-ldo0: supplied by +1.35V_LP0(sd2)
[    1.680198] +1.8V_RUN_CAM: Bringing 0uV into 1800000-1800000uV
[    1.686387] as3722-ldo2: supplied by +1.8V_VDDIO
[    1.692241] as3722-ldo3: supplied by +3.3V_SYS
[    1.696717] +1.05V_LP0_VDD_RTC: Bringing 1100000uV into 1000000-1000000uV
[    1.704485] as3722-ldo4: supplied by +3.3V_SYS
[    1.709135] +2.8V_RUN_CAM: Bringing 0uV into 2800000-2800000uV
[    1.715333] as3722-ldo5: supplied by +1.8V_VDDIO
[    1.720166] +1.2V_RUN_CAM_FRONT: Bringing 0uV into 1200000-1200000uV
[    1.727066] +VDDIO_SDMMC3: bypassed regulator has no supply!
[    1.732739] +VDDIO_SDMMC3: failed to get the current voltage(-517)
[    1.738916] as3722-regulator as3722-regulator: regulator 13 register failed -517
[    1.749493] iommu: Adding device as3722-rtc to group 66
[    1.755066] iommu: Adding device as3722-adc to group 67
[    1.760585] iommu: Adding device as3722-power-off to group 68
[    1.766644] iommu: Adding device as3722-wdt to group 69
[    1.773714] tegra-ahci 70027000.sata: couldn't get PHY in node sata: -517
[    1.796141] m25p80 spi1.0: w25q32dw (4096 Kbytes)
[    1.803171] iommu: Adding device Fixed MDIO bus.0 to group 70
[    1.809260] libphy: Fixed MDIO Bus: probed
[    1.814274] CAN device driver interface
[    1.819046] bgmac_bcma: Broadcom 47xx GBit MAC driver loaded
[    1.826141] e1000e: Intel(R) PRO/1000 Network Driver - 3.2.6-k
[    1.831978] e1000e: Copyright(c) 1999 - 2015 Intel Corporation.
[    1.837934] igb: Intel(R) Gigabit Ethernet Network Driver - version 5.4.0-k
[    1.844901] igb: Copyright (c) 2007-2014 Intel Corporation.
[    1.854343] pegasus: v0.9.3 (2013/04/25), Pegasus/Pegasus II USB Ethernet driver
[    1.861786] usbcore: registered new interface driver pegasus
[    1.867480] usbcore: registered new interface driver asix
[    1.872914] usbcore: registered new interface driver ax88179_178a
[    1.879025] usbcore: registered new interface driver cdc_ether
[    1.884914] usbcore: registered new interface driver smsc75xx
[    1.890692] usbcore: registered new interface driver smsc95xx
[    1.896473] usbcore: registered new interface driver net1080
[    1.902175] usbcore: registered new interface driver cdc_subset
[    1.908111] usbcore: registered new interface driver zaurus
[    1.913737] usbcore: registered new interface driver cdc_ncm
[    1.919622] tegra-phy 7d000000.usb-phy: no vbus regulator
[    1.925238] tegra-phy 7d004000.usb-phy: no vbus regulator
[    1.932653] ehci_hcd: USB 2.0 'Enhanced' Host Controller (EHCI) Driver
[    1.939172] ehci-pci: EHCI PCI platform driver
[    1.943658] ehci-platform: EHCI generic platform driver
[    1.949094] ehci-orion: EHCI orion driver
[    1.953279] SPEAr-ehci: EHCI SPEAr driver
[    1.957424] ehci-st: EHCI STMicroelectronics driver
[    1.962453] ehci-exynos: EHCI EXYNOS driver
[    1.966791] ehci-atmel: EHCI Atmel driver
[    1.970931] tegra-ehci: Tegra EHCI driver
[    1.977794] tegra-ehci 7d004000.usb: EHCI Host Controller
[    1.983226] tegra-ehci 7d004000.usb: new USB bus registered, assigned bus number 1
[    1.991009] tegra-ehci 7d004000.usb: irq 355, io mem 0x7d004000
[    2.021583] tegra-ehci 7d004000.usb: USB 2.0 started, EHCI 1.10
[    2.028179] hub 1-0:1.0: USB hub found
[    2.031984] hub 1-0:1.0: 1 port detected
[    2.036483] ohci_hcd: USB 1.1 'Open' Host Controller (OHCI) Driver
[    2.042704] ohci-pci: OHCI PCI platform driver
[    2.047183] ohci-platform: OHCI generic platform driver
[    2.052627] SPEAr-ohci: OHCI SPEAr driver
[    2.056777] ohci-st: OHCI STMicroelectronics driver
[    2.061812] ohci-atmel: OHCI Atmel driver
[    2.066598] usbcore: registered new interface driver usb-storage
[    2.074198] iommu: Adding device ci_hdrc.0 to group 71
[    2.086540] as3722-rtc as3722-rtc: rtc core: registered as3722-rtc as rtc0
[    2.093430] as3722-rtc as3722-rtc: RTC interrupt 378
[    2.101835] tegra_rtc 7000e000.rtc: rtc core: registered 7000e000.rtc as rtc1
[    2.109005] tegra_rtc 7000e000.rtc: Tegra internal Real Time Clock
[    2.115760] i2c /dev entries driver
[    2.123194] IR NEC protocol handler initialized
[    2.127719] IR RC5(x/sz) protocol handler initialized
[    2.132781] IR RC6 protocol handler initialized
[    2.137305] IR JVC protocol handler initialized
[    2.141849] IR Sony protocol handler initialized
[    2.146460] IR SANYO protocol handler initialized
[    2.151155] IR Sharp protocol handler initialized
[    2.155868] IR MCE Keyboard/mouse protocol handler initialized
[    2.161707] IR XMP protocol handler initialized
[    2.169449] lm90 0-004c: 0-004c supply vcc not found, using dummy regulator
[    2.184658] iommu: Adding device cpufreq-tegra124 to group 72
[    2.192756] sdhci: Secure Digital Host Controller Interface driver
[    2.198927] sdhci: Copyright(c) Pierre Ossman
[    2.204986] Synopsys Designware Multimedia Card Interface Driver
[    2.212387] sdhci-pltfm: SDHCI platform and OF driver helper
[    2.218856] sdhci-tegra 700b0400.sdhci: Got CD GPIO
[    2.223767] sdhci-tegra 700b0400.sdhci: Got WP GPIO
[    2.245012] mmc0: Unknown controller version (3). You may experience problems.
[    2.252292] mmc0: Invalid maximum block size, assuming 512 bytes
[    2.321587] mmc0: SDHCI controller on 700b0600.sdhci [700b0600.sdhci] using ADMA
[    2.331144] ledtrig-cpu: registered to indicate activity on CPUs
[    2.337454] usbcore: registered new interface driver usbhid
[    2.343040] usbhid: USB HID core driver
[    2.350833] NET: Registered protocol family 10
[    2.356113] Segment Routing with IPv6
[    2.359833] sit: IPv6, IPv4 and MPLS over IPv4 tunneling driver
[    2.366279] NET: Registered protocol family 17
[    2.370724] can: controller area network core (rev 20170425 abi 9)
[    2.376969] NET: Registered protocol family 29
[    2.381408] can: raw protocol (rev 20170425)
[    2.385691] can: broadcast manager protocol (rev 20170425 t)
[    2.391348] can: netlink gateway (rev 20170425) max_hops=1
[    2.397128] Key type dns_resolver registered
[    2.401925] ThumbEE CPU extension supported.
[    2.406196] Registering SWP/SWPB emulation handler
[    2.425744] +3.3V_RUN: supplied by +3.3V_SYS
[    2.431246] +USB0_VBUS_SW: supplied by +5V_SYS
[    2.435963] +3.3V_AVDD_HDMI_AP_GATED: supplied by +3.3V_RUN
[    2.442044] +5V_USB_HS: supplied by +5V_SYS
[    2.447972] +3.3V_LP0: supplied by +3.3V_SYS
[    2.454681] +5V_HDMI_CON: supplied by +5V_SYS
[    2.459721] +5V_SATA: supplied by +5V_SYS
[    2.464447] +12V_SATA: supplied by +VDD_MUX
[    2.470554]  usb2-0: usb2-0 supply vbus not found, using dummy regulator
[    2.472365] mmc0: new high speed MMC card at address 0001
[    2.473152] mmcblk0: mmc0:0001 SEM16G 14.7 GiB 
[    2.473791] mmcblk0boot0: mmc0:0001 SEM16G partition 1 4.00 MiB
[    2.474341] mmcblk0boot1: mmc0:0001 SEM16G partition 2 4.00 MiB
[    2.474912] mmcblk0rpmb: mmc0:0001 SEM16G partition 3 4.00 MiB
[    2.479610]  mmcblk0: p1
[    2.507626]  usb2-1: usb2-1 supply vbus not found, using dummy regulator
[    2.514681]  usb3-0: usb3-0 supply vbus not found, using dummy regulator
[    2.522636] tegra-pcie 1003000.pcie: 2x1, 1x1 configuration
[    2.528270] tegra-pcie 1003000.pcie: Failed to get supply 'avddio-pex': -517
[    2.537928] tegra124-dfll 70110000.clock: couldn't get vdd_cpu regulator
[    2.548474] tegra-hdmi 54280000.hdmi: failed to get PLL regulator
[    2.559350] as3722-sd2: supplied by +5V_SYS
[    2.563912] as3722-sd3: supplied by +5V_SYS
[    2.568310] as3722-sd4: supplied by +5V_SYS
[    2.572846] as3722-sd5: supplied by +5V_SYS
[    2.578708] as3722-ldo0: supplied by +1.35V_LP0(sd2)
[    2.584593] as3722-ldo1: supplied by +3.3V_RUN
[    2.589359] as3722-ldo2: supplied by +1.8V_VDDIO
[    2.595004] as3722-ldo3: supplied by +3.3V_SYS
[    2.600294] as3722-ldo4: supplied by +3.3V_SYS
[    2.605092] as3722-ldo5: supplied by +1.8V_VDDIO
[    2.609957] as3722-ldo6: supplied by +3.3V_RUN
[    2.614650] as3722-ldo7: supplied by +1.8V_VDDIO
[    2.620034] +1.05V_RUN_CAM_REAR: Bringing 0uV into 1050000-1050000uV
[    2.627160] as3722-ldo9: supplied by +5V_SYS
[    2.632775] +3.3V_RUN_TOUCH: Bringing 0uV into 2800000-2800000uV
[    2.639324] as3722-ldo10: supplied by +5V_SYS
[    2.644508] +2.8V_RUN_CAM_AF: Bringing 0uV into 2800000-2800000uV
[    2.651300] as3722-ldo11: supplied by +3.3V_RUN
[    2.656643] +1.8V_RUN_VPP_FUSE: Bringing 0uV into 1800000-1800000uV
[    2.666399] tegra-ahci 70027000.sata: AHCI 0001.0301 32 slots 2 ports 3 Gbps 0x1 impl platform mode
[    2.675477] tegra-ahci 70027000.sata: flags: 64bit ncq sntf pm led pio slum part sadm sds apst 
[    2.685671] scsi host0: tegra-ahci
[    2.690121] scsi host1: tegra-ahci
[    2.693822] ata1: SATA max UDMA/133 mmio [mem 0x70027000-0x70028fff] port 0x100 irq 345
[    2.701854] ata2: DUMMY
[    2.707729] tegra-ehci 7d008000.usb: EHCI Host Controller
[    2.713182] tegra-ehci 7d008000.usb: new USB bus registered, assigned bus number 2
[    2.720929] tegra-ehci 7d008000.usb: irq 356, io mem 0x7d008000
[    2.751686] tegra-ehci 7d008000.usb: USB 2.0 started, EHCI 1.10
[    2.758640] hub 2-0:1.0: USB hub found
[    2.762495] hub 2-0:1.0: 1 port detected
[    2.768962] sdhci-tegra 700b0400.sdhci: Got CD GPIO
[    2.773916] sdhci-tegra 700b0400.sdhci: Got WP GPIO
[    2.785791] mmc1: Unknown controller version (3). You may experience problems.
[    2.793136] mmc1: Invalid maximum block size, assuming 512 bytes
[    2.862128] mmc1: SDHCI controller on 700b0400.sdhci [700b0400.sdhci] using ADMA
[    2.870264] tegra-pcie 1003000.pcie: 2x1, 1x1 configuration
[    2.877974] tegra-pcie 1003000.pcie: probing port 0, using 2 lanes
[    2.887712] tegra-pcie 1003000.pcie: Slot present pin change, signature: 00000008
[    2.911896] tegra-pcie 1003000.pcie: probing port 1, using 1 lanes
[    2.920236] tegra-pcie 1003000.pcie: Slot present pin change, signature: 00000000
[    2.934979] tegra-pcie 1003000.pcie: PCI host bridge to bus 0000:00
[    2.941258] pci_bus 0000:00: root bus resource [io  0x0000-0xffff]
[    2.947486] pci_bus 0000:00: root bus resource [mem 0x13000000-0x1fffffff]
[    2.954397] pci_bus 0000:00: root bus resource [mem 0x20000000-0x3fffffff pref]
[    2.961755] pci_bus 0000:00: root bus resource [bus 00-ff]
[    2.967284] pci 0000:00:01.0: [10de:0e12] type 01 class 0x060400
[    2.973344] pci_bus 0000:00: 2-byte config write to 0000:00:01.0 offset 0x4 may corrupt adjacent RW1C bits
[    2.983050] pci_bus 0000:00: 2-byte config write to 0000:00:01.0 offset 0x4 may corrupt adjacent RW1C bits
[    2.992781] pci 0000:00:01.0: enabling Extended Tags
[    2.997759] pci_bus 0000:00: 2-byte config write to 0000:00:01.0 offset 0x88 may corrupt adjacent RW1C bits
[    3.007557] pci_bus 0000:00: 2-byte config write to 0000:00:01.0 offset 0x52 may corrupt adjacent RW1C bits
[    3.017380] pci 0000:00:01.0: PME# supported from D0 D1 D2 D3hot D3cold
[    3.024040] pci_bus 0000:00: 2-byte config write to 0000:00:01.0 offset 0x4c may corrupt adjacent RW1C bits
[    3.034060] pci 0000:00:02.0: [10de:0e13] type 01 class 0x060400
[    3.035294] ata1: SATA link down (SStatus 0 SControl 300)
[    3.045512] pci_bus 0000:00: 2-byte config write to 0000:00:02.0 offset 0x4 may corrupt adjacent RW1C bits
[    3.055184] pci_bus 0000:00: 2-byte config write to 0000:00:02.0 offset 0x4 may corrupt adjacent RW1C bits
[    3.064903] pci 0000:00:02.0: enabling Extended Tags
[    3.069870] pci_bus 0000:00: 2-byte config write to 0000:00:02.0 offset 0x88 may corrupt adjacent RW1C bits
[    3.079638] pci_bus 0000:00: 2-byte config write to 0000:00:02.0 offset 0x52 may corrupt adjacent RW1C bits
[    3.089421] pci 0000:00:02.0: PME# supported from D0 D1 D2 D3hot D3cold
[    3.096049] pci_bus 0000:00: 2-byte config write to 0000:00:02.0 offset 0x4c may corrupt adjacent RW1C bits
[    3.106075] PCI: bus0: Fast back to back transfers disabled
[    3.111692] pci 0000:00:01.0: bridge configuration invalid ([bus 00-00]), reconfiguring
[    3.119699] pci 0000:00:02.0: bridge configuration invalid ([bus 00-00]), reconfiguring
[    3.127937] pci 0000:01:00.0: [8086:4232] type 00 class 0x028000
[    3.134051] pci 0000:01:00.0: reg 0x10: [mem 0x00000000-0x00001fff 64bit]
[    3.141036] pci 0000:01:00.0: PME# supported from D0 D3hot D3cold
[    3.162229] mmc1: new high speed SDHC card at address aaaa
[    3.168396] mmcblk1: mmc1:aaaa SD04G 3.69 GiB 
[    3.173211] PCI: bus1: Fast back to back transfers disabled
[    3.178810] pci_bus 0000:01: busn_res: [bus 01-ff] end is updated to 01
[    3.185671] pci 0000:02:00.0: [10ec:8168] type 00 class 0x020000
[    3.191750] pci 0000:02:00.0: reg 0x10: [io  0x0000-0x00ff]
[    3.197348] pci 0000:02:00.0: reg 0x18: [mem 0x00000000-0x00000fff 64bit]
[    3.204164] pci 0000:02:00.0: reg 0x20: [mem 0x00000000-0x00003fff 64bit pref]
[    3.211518] pci 0000:02:00.0: supports D1 D2
[    3.215803] pci 0000:02:00.0: PME# supported from D0 D1 D2 D3hot D3cold
[    3.236407]  mmcblk1: p1 p2 p3
[    3.251721] PCI: bus2: Fast back to back transfers disabled
[    3.257300] pci_bus 0000:02: busn_res: [bus 02-ff] end is updated to 02
[    3.264016] pci 0000:00:01.0: BAR 8: assigned [mem 0x13000000-0x130fffff]
[    3.270814] pci 0000:00:02.0: BAR 8: assigned [mem 0x13100000-0x131fffff]
[    3.277651] pci 0000:00:02.0: BAR 9: assigned [mem 0x20000000-0x200fffff 64bit pref]
[    3.285430] pci 0000:00:02.0: BAR 7: assigned [io  0x1000-0x1fff]
[    3.291527] pci 0000:01:00.0: BAR 0: assigned [mem 0x13000000-0x13001fff 64bit]
[    3.298873] pci 0000:00:01.0: PCI bridge to [bus 01]
[    3.303880] pci 0000:00:01.0:   bridge window [mem 0x13000000-0x130fffff]
[    3.310679] pci 0000:02:00.0: BAR 4: assigned [mem 0x20000000-0x20003fff 64bit pref]
[    3.318454] pci 0000:02:00.0: BAR 2: assigned [mem 0x13100000-0x13100fff 64bit]
[    3.325816] pci 0000:02:00.0: BAR 0: assigned [io  0x1000-0x10ff]
[    3.331932] pci 0000:00:02.0: PCI bridge to [bus 02]
[    3.336894] pci 0000:00:02.0:   bridge window [io  0x1000-0x1fff]
[    3.343026] pci 0000:00:02.0:   bridge window [mem 0x13100000-0x131fffff]
[    3.349809] pci 0000:00:02.0:   bridge window [mem 0x20000000-0x200fffff 64bit pref]
[    3.357596] pci 0000:00:01.0: nv_msi_ht_cap_quirk didn't locate host bridge
[    3.364733] pcieport 0000:00:01.0: enabling device (0140 -> 0142)
[    3.371064] pcieport 0000:00:01.0: Signaling PME with IRQ 394
[    3.376967] pci 0000:00:02.0: nv_msi_ht_cap_quirk didn't locate host bridge
[    3.384100] pcieport 0000:00:02.0: enabling device (0140 -> 0143)
[    3.390433] pcieport 0000:00:02.0: Signaling PME with IRQ 395
[    3.396542] r8169 Gigabit Ethernet driver 2.3LK-NAPI loaded
[    3.402179] r8169 0000:02:00.0: enabling device (0140 -> 0143)
[    3.433167] r8169 0000:02:00.0 eth0: RTL8168g/8111g at 0xf0b81000, 00:04:4b:3a:d9:81, XID 0c000800 IRQ 396
[    3.442841] r8169 0000:02:00.0 eth0: jumbo features [frames: 9200 bytes, tx checksumming: ko]
[    3.455227] +1.05V_RUN_AVDD_HDMI_PLL: supplied by +1.05V_RUN
[    3.463660] [drm] Supports vblank timestamp caching Rev 2 (21.10.2013).
[    3.470274] [drm] No driver support for vblank timestamp query.
[    3.600513] tegra-hdmi 54280000.hdmi: cannot set audio to 48000 Hz at 297000000 Hz pixel clock
[    3.847272] Console: switching to colour frame buffer device 512x135
[    3.945867] drm drm: fb0:  frame buffer device
[    3.950395] [drm] Initialized tegra 0.0.0 20120330 for drm on minor 0
[    3.958031] iommu: Adding device cpufreq-dt.0 to group 73
[    3.963817] cpufreq: cpufreq_online: CPU0: Running at unlisted freq: 696000 KHz
[    3.971132] cpufreq: cpufreq_online: CPU0: Unlisted initial frequency changed to: 714000 KHz
[    3.980349] input: gpio-keys as /devices/soc0/gpio-keys/input/input0
[    3.987655] as3722-rtc as3722-rtc: setting system clock to 2000-01-01 00:00:14 UTC (946684814)
[    3.996596] +USB0_VBUS_SW: disabling
[    4.000170] +1.8V_RUN_CAM: disabling
[    4.004042] +2.8V_RUN_CAM: disabling
[    4.007817] +1.2V_RUN_CAM_FRONT: disabling
[    4.012156] +1.05V_RUN_CAM_REAR: disabling
[    4.016403] +3.3V_RUN_TOUCH: disabling
[    4.020305] +2.8V_RUN_CAM_AF: disabling
[    4.024419] +1.8V_RUN_VPP_FUSE: disabling
[    4.029507] EXT4-fs (mmcblk0p1): mounting ext3 file system using the ext4 subsystem
[    4.082870] EXT4-fs (mmcblk0p1): recovery complete
[    4.088905] EXT4-fs (mmcblk0p1): mounted filesystem with ordered data mode. Opts: (null)
[    4.097081] VFS: Mounted root (ext3 filesystem) on device 179:1.
[    4.107776] devtmpfs: mounted
[    4.112720] Freeing unused kernel memory: 2048K
bash: cannot set terminal process group (-1): Inappropriate ioctl for device
bash: no job control in this shell
root@(none):/# 