
U-Boot SPL 2016.05-rc2 (Apr 21 2016 - 16:23:00)
Trying to boot from RAM


U-Boot 2016.05-rc2 (Apr 21 2016 - 16:23:00 -0700)

TEGRA124
Model: NVIDIA Jetson TK1
Board: NVIDIA Jetson TK1
DRAM:  2 GiB
MC:   Tegra SD/MMC: 0, Tegra SD/MMC: 1
In:    serial
Out:   serial
Err:   serial
Net:   No ethernet found.
Hit any key to stop autoboot:  2  0 
Tegra124 (Jetson TK1) # 
Tegra124 (Jetson TK1) # pci enum
Tegra124 (Jetson TK1) # setenv bootargs 'ignore_loglevel console=ttyS0,115200n8 rw root=PARTUUID=b1791faa-84e8-4e27-83a1-9fb0a77e8803 rootwait gpt debug noinitrd earlyprintk init=/bin/bash'
Tegra124 (Jetson TK1) # setenv ipaddr 192.168.100.102; setenv serverip 192.168.100.1; setenv tftpserverip 192.168.100.1
Tegra124 (Jetson TK1) # tftpboot 0x82000000 zImage.multi_v7_defconfig

Warning: eth_rtl8169 using MAC address from ROM
Using eth_rtl8169 device
TFTP from server 192.168.100.1; our IP address is 192.168.100.102
Filename 'zImage.multi_v7_defconfig'.
Load address: 0x82000000
Loading: *#################################################################
	 #################################################################
	 #################################################################
	 #################################################################
	 #################################################################
	 #################################T T T ################################
	 #################################################################
	 #######################################
	 421.9 KiB/s
done
Bytes transferred = 7238568 (6e73a8 hex)
Tegra124 (Jetson TK1) # tftpboot 0x83000000 tegra124-jetson-tk1.dtb
Using eth_rtl8169 device
TFTP from server 192.168.100.1; our IP address is 192.168.100.102
Filename 'tegra124-jetson-tk1.dtb'.
Load address: 0x83000000
Loading: *#####
	 3.7 MiB/s
done
Bytes transferred = 66737 (104b1 hex)
Tegra124 (Jetson TK1) # bootz 0x82000000 - 0x83000000
Kernel image @ 0x82000000 [ 0x000000 - 0x6e73a8 ]
## Flattened Device Tree blob at 83000000
   Booting using the fdt blob at 0x83000000
   Using Device Tree in place at 83000000, end 830134b0

Starting kernel ...

[    0.000000] Booting Linux on physical CPU 0x0
[    0.000000] Linux version 4.7.0-97079-g523d939 (pwalmsley@sellafield) (gcc version 4.7.3 20130328 (prerelease) (crosstool-NG linaro-1.13.1-4.7-2013.04-20130415 - Linaro GCC 2013.04) ) #1 SMP Sun Jul 24 13:04:08 PDT 2016
[    0.000000] CPU: ARMv7 Processor [413fc0f3] revision 3 (ARMv7), cr=10c5387d
[    0.000000] CPU: div instructions available: patching division code
[    0.000000] CPU: PIPT / VIPT nonaliasing data cache, PIPT instruction cache
[    0.000000] Machine model: NVIDIA Tegra124 Jetson TK1
[    0.000000] debug: ignoring loglevel setting.
[    0.000000] cma: Reserved 64 MiB at 0xfb800000
[    0.000000] Memory policy: Data cache writealloc
[    0.000000] On node 0 totalpages: 524032
[    0.000000] free_area_init_node: node 0, pgdat c141bb40, node_mem_map eeff8000
[    0.000000]   DMA zone: 1536 pages used for memmap
[    0.000000]   DMA zone: 0 pages reserved
[    0.000000]   DMA zone: 196608 pages, LIFO batch:31
[    0.000000]   HighMem zone: 327424 pages, LIFO batch:31
[    0.000000] percpu: Embedded 13 pages/cpu @eef89000 s23808 r8192 d21248 u53248
[    0.000000] pcpu-alloc: s23808 r8192 d21248 u53248 alloc=13*4096
[    0.000000] pcpu-alloc: [0] 0 [0] 1 [0] 2 [0] 3 
[    0.000000] Built 1 zonelists in Zone order, mobility grouping on.  Total pages: 522496
[    0.000000] Kernel command line: ignore_loglevel console=ttyS0,115200n8 rw root=PARTUUID=b1791faa-84e8-4e27-83a1-9fb0a77e8803 rootwait gpt debug noinitrd earlyprintk init=/bin/bash
[    0.000000] PID hash table entries: 4096 (order: 2, 16384 bytes)
[    0.000000] Dentry cache hash table entries: 131072 (order: 7, 524288 bytes)
[    0.000000] Inode-cache hash table entries: 65536 (order: 6, 262144 bytes)
[    0.000000] Memory: 1994996K/2096128K available (9529K kernel code, 1142K rwdata, 4476K rodata, 2048K init, 343K bss, 35596K reserved, 65536K cma-reserved, 1244160K highmem)
[    0.000000] Virtual kernel memory layout:
[    0.000000]     vector  : 0xffff0000 - 0xffff1000   (   4 kB)
[    0.000000]     fixmap  : 0xffc00000 - 0xfff00000   (3072 kB)
[    0.000000]     vmalloc : 0xf0800000 - 0xff800000   ( 240 MB)
[    0.000000]     lowmem  : 0xc0000000 - 0xf0000000   ( 768 MB)
[    0.000000]     pkmap   : 0xbfe00000 - 0xc0000000   (   2 MB)
[    0.000000]     modules : 0xbf000000 - 0xbfe00000   (  14 MB)
[    0.000000]       .text : 0xc0208000 - 0xc10ad564   (14998 kB)
[    0.000000]       .init : 0xc1100000 - 0xc1300000   (2048 kB)
[    0.000000]       .data : 0xc1300000 - 0xc141dba0   (1143 kB)
[    0.000000]        .bss : 0xc141f000 - 0xc1474ce0   ( 344 kB)
[    0.000000] SLUB: HWalign=64, Order=0-3, MinObjects=0, CPUs=4, Nodes=1
[    0.000000] Hierarchical RCU implementation.
[    0.000000] 	Build-time adjustment of leaf fanout to 32.
[    0.000000] 	RCU restricting CPUs from NR_CPUS=16 to nr_cpu_ids=4.
[    0.000000] RCU: Adjusting geometry for rcu_fanout_leaf=32, nr_cpu_ids=4
[    0.000000] NR_IRQS:16 nr_irqs:16 16
[    0.000000] /interrupt-controller@60004000: 160 interrupts forwarded to /interrupt-controller@0,50041000
[    0.000000] Tegra clk 127: register failed with -17
[    0.000008] sched_clock: 32 bits at 1000kHz, resolution 1000ns, wraps every 2147483647500ns
[    0.000031] clocksource: timer_us: mask: 0xffffffff max_cycles: 0xffffffff, max_idle_ns: 1911260446275 ns
[    0.000045] Switching to timer-based delay loop, resolution 1000ns
[    0.005442] Architected cp15 timer(s) running at 12.00MHz (virt).
[    0.005460] clocksource: arch_sys_counter: mask: 0xffffffffffffff max_cycles: 0x2c47f4ee7, max_idle_ns: 440795202497 ns
[    0.005477] sched_clock: 56 bits at 12MHz, resolution 83ns, wraps every 4398046511096ns
[    0.005489] Switching to timer-based delay loop, resolution 83ns
[    0.005998] Console: colour dummy device 80x30
[    0.006023] Calibrating delay loop (skipped), value calculated using timer frequency.. 24.00 BogoMIPS (lpj=60000)
[    0.006039] pid_max: default: 32768 minimum: 301
[    0.006134] Mount-cache hash table entries: 2048 (order: 1, 8192 bytes)
[    0.006145] Mountpoint-cache hash table entries: 2048 (order: 1, 8192 bytes)
[    0.006740] CPU: Testing write buffer coherency: ok
[    0.006962] /cpus/cpu@0 missing clock-frequency property
[    0.007004] /cpus/cpu@1 missing clock-frequency property
[    0.007046] /cpus/cpu@2 missing clock-frequency property
[    0.007089] /cpus/cpu@3 missing clock-frequency property
[    0.007100] CPU0: thread -1, cpu 0, socket 0, mpidr 80000000
[    0.007122] Setting up static identity map for 0x80300000 - 0x80300098
[    0.010792] Tegra Revision: A01 SKU: 129 CPU Process: 1 SoC Process: 1
[    0.012250] CPU1: thread -1, cpu 1, socket 0, mpidr 80000001
[    0.015932] CPU2: thread -1, cpu 2, socket 0, mpidr 80000002
[    0.020934] CPU3: thread -1, cpu 3, socket 0, mpidr 80000003
[    0.025380] Brought up 4 CPUs
[    0.025400] SMP: Total of 4 processors activated (96.00 BogoMIPS).
[    0.025408] CPU: All CPU(s) started in SVC mode.
[    0.026868] devtmpfs: initialized
[    0.045548] VFP support v0.3: implementor 41 architecture 4 part 30 variant f rev 0
[    0.046242] clocksource: jiffies: mask: 0xffffffff max_cycles: 0xffffffff, max_idle_ns: 9556302231375000 ns
[    0.047627] pinctrl core: initialized pinctrl subsystem
[    0.049282] NET: Registered protocol family 16
[    0.051230] DMA: preallocated 256 KiB pool for atomic coherent allocations
[    0.065517] cpuidle: using governor menu
[    0.084996] No ATAGs?
[    0.085022] hw-breakpoint: found 5 (+1 reserved) breakpoint and 4 watchpoint registers.
[    0.085033] hw-breakpoint: maximum watchpoint size is 8 bytes.
[    0.091303] Serial: AMBA PL011 UART driver
[    0.120579] +5V_SYS: supplied by +VDD_MUX
[    0.120902] +3.3V_SYS: supplied by +VDD_MUX
[    0.121549] +USB0_VBUS_SW: Failed to request enable GPIO108: -517
[    0.121564] reg-fixed-voltage regulators:regulator@7: Failed to register regulator: -517
[    0.121653] +5V_USB_HS: Failed to request enable GPIO109: -517
[    0.121666] reg-fixed-voltage regulators:regulator@8: Failed to register regulator: -517
[    0.121831] +1.05V_RUN_AVDD_HDMI_PLL: Failed to request enable GPIO63: -517
[    0.121843] reg-fixed-voltage regulators:regulator@11: Failed to register regulator: -517
[    0.121931] +5V_HDMI_CON: Failed to request enable GPIO86: -517
[    0.121944] reg-fixed-voltage regulators:regulator@12: Failed to register regulator: -517
[    0.122031] +5V_SATA: Failed to request enable GPIO242: -517
[    0.122042] reg-fixed-voltage regulators:regulator@13: Failed to register regulator: -517
[    0.122130] +12V_SATA: Failed to request enable GPIO242: -517
[    0.122141] reg-fixed-voltage regulators:regulator@14: Failed to register regulator: -517
[    0.125483] vgaarb: loaded
[    0.126320] SCSI subsystem initialized
[    0.126470] libata version 3.00 loaded.
[    0.126752] usbcore: registered new interface driver usbfs
[    0.126823] usbcore: registered new interface driver hub
[    0.126895] usbcore: registered new device driver usb
[    0.130654] pps_core: LinuxPPS API ver. 1 registered
[    0.130664] pps_core: Software ver. 5.3.6 - Copyright 2005-2007 Rodolfo Giometti <giometti@linux.it>
[    0.130688] PTP clock support registered
[    0.130918] EDAC MC: Ver: 3.0.0
[    0.134086] clocksource: Switched to clocksource arch_sys_counter
[    0.145252] NET: Registered protocol family 2
[    0.145774] TCP established hash table entries: 8192 (order: 3, 32768 bytes)
[    0.145872] TCP bind hash table entries: 8192 (order: 4, 65536 bytes)
[    0.146059] TCP: Hash tables configured (established 8192 bind 8192)
[    0.146111] UDP hash table entries: 512 (order: 2, 16384 bytes)
[    0.146152] UDP-Lite hash table entries: 512 (order: 2, 16384 bytes)
[    0.146305] NET: Registered protocol family 1
[    0.146574] RPC: Registered named UNIX socket transport module.
[    0.146584] RPC: Registered udp transport module.
[    0.146591] RPC: Registered tcp transport module.
[    0.146599] RPC: Registered tcp NFSv4.1 backchannel transport module.
[    0.146610] PCI: CLS 0 bytes, default 64
[    0.147795] hw perfevents: enabled with armv7_cortex_a15 PMU driver, 7 counters available
[    0.149313] futex hash table entries: 1024 (order: 4, 65536 bytes)
[    0.150032] workingset: timestamp_bits=28 max_order=19 bucket_order=0
[    0.161520] squashfs: version 4.0 (2009/01/31) Phillip Lougher
[    0.162369] NFS: Registering the id_resolver key type
[    0.162396] Key type id_resolver registered
[    0.162404] Key type id_legacy registered
[    0.162447] ntfs: driver 2.1.32 [Flags: R/O].
[    0.163742] bounce: pool size: 64 pages
[    0.163948] Block layer SCSI generic (bsg) driver version 0.4 loaded (major 248)
[    0.163958] io scheduler noop registered
[    0.163966] io scheduler deadline registered
[    0.164002] io scheduler cfq registered (default)
[    0.169806] usb2-0 supply vbus not found, using dummy regulator
[    0.169935] usb2-1 supply vbus not found, using dummy regulator
[    0.170336] tegra-xusb-padctl 7009f000.padctl: failed to setup XUSB ports: -517
[    0.187213] tegra-pcie 1003000.pcie-controller: 2x1, 1x1 configuration
[    0.187267] tegra-pcie 1003000.pcie-controller: Failed to get supply 'avddio-pex': -517
[    0.194693] tegra-apbdma 60020000.dma: Tegra20 APB DMA driver register 32 channels
[    0.196745] tegra-pmc 7000e400.pmc: emergency thermal reset enabled
[    0.259691] Serial: 8250/16550 driver, 4 ports, IRQ sharing disabled
[    0.262659] console [ttyS0] disabled
[    0.262694] 70006300.serial: ttyS0 at MMIO 0x70006300 (irq = 333, base_baud = 25500000) is a Tegra
[    1.113160] console [ttyS0] enabled
[    1.117579] SuperH (H)SCI(F) driver initialized
[    1.123194] msm_serial: driver initialized
[    1.127516] STMicroelectronics ASC driver initialized
[    1.133517] serial-tegra serial@70006000: failed to get alias id, errno -19
[    1.140543] serial-tegra serial@70006040: failed to get alias id, errno -19
[    1.150658] [drm] Initialized drm 1.1.0 20060810
[    1.158822] tegra-hdmi 54280000.hdmi: failed to get HDMI regulator
[    1.178551] brd: module loaded
[    1.187727] loop: module loaded
[    1.191356] at24 0-0056: 256 byte 24c02 EEPROM, writable, 8 bytes/write
[    1.199697] as3722 4-0040: AS3722 with revision 0x1 found
[    1.210846] as3722-sd2: supplied by +5V_SYS
[    1.215522] as3722-sd3: supplied by +5V_SYS
[    1.219935] +1.35V_LP0(sd3): Bringing 0uV into 1350000-1350000uV
[    1.226320] as3722-sd4: supplied by +5V_SYS
[    1.230979] as3722-sd5: supplied by +5V_SYS
[    1.237047] as3722-ldo0: supplied by +1.35V_LP0(sd2)
[    1.243137] +1.8V_RUN_CAM: Bringing 0uV into 1800000-1800000uV
[    1.249412] as3722-ldo2: supplied by +1.8V_VDDIO
[    1.255349] as3722-ldo3: supplied by +3.3V_SYS
[    1.259845] +1.05V_LP0_VDD_RTC: Bringing 1100000uV into 1000000-1000000uV
[    1.267663] as3722-ldo4: supplied by +3.3V_SYS
[    1.272345] +2.8V_RUN_CAM: Bringing 0uV into 2800000-2800000uV
[    1.278604] as3722-ldo5: supplied by +1.8V_VDDIO
[    1.283455] +1.2V_RUN_CAM_FRONT: Bringing 0uV into 1200000-1200000uV
[    1.290420] +VDDIO_SDMMC3: bypassed regulator has no supply!
[    1.296093] +VDDIO_SDMMC3: failed to get the current voltage(-517)
[    1.302284] as3722-regulator as3722-regulator: regulator 13 register failed -517
[    1.314579] tegra-ahci 70027000.sata: couldn't get PHY in node sata: -517
[    1.336471] m25p80 spi32765.0: w25q32dw (4096 Kbytes)
[    1.345087] libphy: Fixed MDIO Bus: probed
[    1.349889] CAN device driver interface
[    1.355866] igb: Intel(R) Gigabit Ethernet Network Driver - version 5.3.0-k
[    1.362834] igb: Copyright (c) 2007-2014 Intel Corporation.
[    1.371920] pegasus: v0.9.3 (2013/04/25), Pegasus/Pegasus II USB Ethernet driver
[    1.379376] usbcore: registered new interface driver pegasus
[    1.385100] usbcore: registered new interface driver asix
[    1.390548] usbcore: registered new interface driver ax88179_178a
[    1.396689] usbcore: registered new interface driver cdc_ether
[    1.402594] usbcore: registered new interface driver smsc75xx
[    1.408407] usbcore: registered new interface driver smsc95xx
[    1.414201] usbcore: registered new interface driver net1080
[    1.419909] usbcore: registered new interface driver cdc_subset
[    1.425876] usbcore: registered new interface driver zaurus
[    1.431525] usbcore: registered new interface driver cdc_ncm
[    1.437446] tegra-phy 7d004000.usb-phy: no vbus regulator
[    1.445108] ehci_hcd: USB 2.0 'Enhanced' Host Controller (EHCI) Driver
[    1.451643] ehci-pci: EHCI PCI platform driver
[    1.456138] ehci-platform: EHCI generic platform driver
[    1.461607] ehci-omap: OMAP-EHCI Host Controller driver
[    1.466994] ehci-orion: EHCI orion driver
[    1.471170] SPEAr-ehci: EHCI SPEAr driver
[    1.475346] ehci-st: EHCI STMicroelectronics driver
[    1.480389] ehci-exynos: EHCI EXYNOS driver
[    1.484759] ehci-atmel: EHCI Atmel driver
[    1.488914] tegra-ehci: Tegra EHCI driver
[    1.495801] tegra-ehci 7d004000.usb: EHCI Host Controller
[    1.501229] tegra-ehci 7d004000.usb: new USB bus registered, assigned bus number 1
[    1.508980] tegra-ehci 7d004000.usb: irq 352, io mem 0x7d004000
[    1.524109] tegra-ehci 7d004000.usb: USB 2.0 started, EHCI 1.10
[    1.530871] hub 1-0:1.0: USB hub found
[    1.534671] hub 1-0:1.0: 1 port detected
[    1.539272] ohci_hcd: USB 1.1 'Open' Host Controller (OHCI) Driver
[    1.545474] ohci-pci: OHCI PCI platform driver
[    1.549984] ohci-platform: OHCI generic platform driver
[    1.555415] ohci-omap3: OHCI OMAP3 driver
[    1.559595] SPEAr-ohci: OHCI SPEAr driver
[    1.563757] ohci-st: OHCI STMicroelectronics driver
[    1.568806] ohci-atmel: OHCI Atmel driver
[    1.573669] usbcore: registered new interface driver usb-storage
[    1.581458] mousedev: PS/2 mouse device common for all mice
[    1.590428] as3722-rtc as3722-rtc: rtc core: registered as3722-rtc as rtc0
[    1.597316] as3722-rtc as3722-rtc: RTC interrupt 375
[    1.605717] tegra_rtc 7000e000.rtc: rtc core: registered 7000e000.rtc as rtc1
[    1.612907] tegra_rtc 7000e000.rtc: Tegra internal Real Time Clock
[    1.619706] i2c /dev entries driver
[    1.630406] 0-004c supply vcc not found, using dummy regulator
[    1.646053] sdhci: Secure Digital Host Controller Interface driver
[    1.652245] sdhci: Copyright(c) Pierre Ossman
[    1.658300] Synopsys Designware Multimedia Card Interface Driver
[    1.665521] sdhci-pltfm: SDHCI platform and OF driver helper
[    1.672005] sdhci-tegra 700b0400.sdhci: Got CD GPIO
[    1.676913] sdhci-tegra 700b0400.sdhci: Got WP GPIO
[    1.681853] mmc0: Unknown controller version (3). You may experience problems.
[    1.689332] mmc0: Unknown controller version (3). You may experience problems.
[    1.696621] mmc0: Invalid maximum block size, assuming 512 bytes
[    1.734110] mmc0: SDHCI controller on 700b0600.sdhci [700b0600.sdhci] using ADMA 64-bit
[    1.743860] ledtrig-cpu: registered to indicate activity on CPUs
[    1.750218] usbcore: registered new interface driver usbhid
[    1.755800] usbhid: USB HID core driver
[    1.764223] tegra124-dfll 70110000.clock: couldn't get vdd_cpu regulator
[    1.775870] NET: Registered protocol family 10
[    1.781017] sit: IPv6 over IPv4 tunneling driver
[    1.786334] NET: Registered protocol family 17
[    1.790821] can: controller area network core (rev 20120528 abi 9)
[    1.797093] NET: Registered protocol family 29
[    1.801557] can: raw protocol (rev 20120528)
[    1.805846] can: broadcast manager protocol (rev 20120528 t)
[    1.811529] can: netlink gateway (rev 20130117) max_hops=1
[    1.817427] Key type dns_resolver registered
[    1.822351] ThumbEE CPU extension supported.
[    1.826652] Registering SWP/SWPB emulation handler
[    1.835903] +3.3V_RUN: supplied by +3.3V_SYS
[    1.841546] +3.3V_AVDD_HDMI_AP_GATED: supplied by +3.3V_RUN
[    1.847714] +USB0_VBUS_SW: supplied by +5V_SYS
[    1.852896] +5V_USB_HS: supplied by +5V_SYS
[    1.858588] +3.3V_LP0: supplied by +3.3V_SYS
[    1.864781] +5V_HDMI_CON: supplied by +5V_SYS
[    1.869875] +5V_SATA: supplied by +5V_SYS
[    1.874542] +12V_SATA: supplied by +VDD_MUX
[    1.881040] usb2-0 supply vbus not found, using dummy regulator
[    1.885664] mmc0: new high speed MMC card at address 0001
[    1.886983] mmcblk0: mmc0:0001 SEM16G 14.7 GiB 
[    1.887953] mmcblk0boot0: mmc0:0001 SEM16G partition 1 4.00 MiB
[    1.888692] mmcblk0boot1: mmc0:0001 SEM16G partition 2 4.00 MiB
[    1.889569] mmcblk0rpmb: mmc0:0001 SEM16G partition 3 4.00 MiB
[    1.892403]  mmcblk0: p1
[    1.917449] usb2-1 supply vbus not found, using dummy regulator
[    1.923758] usb3-0 supply vbus not found, using dummy regulator
[    1.931005] tegra-pcie 1003000.pcie-controller: 2x1, 1x1 configuration
[    1.937646] tegra-pcie 1003000.pcie-controller: Failed to get supply 'avddio-pex': -517
[    1.947504] tegra-hdmi 54280000.hdmi: failed to get PLL regulator
[    1.958440] as3722-sd2: supplied by +5V_SYS
[    1.963091] as3722-sd3: supplied by +5V_SYS
[    1.967703] as3722-sd4: supplied by +5V_SYS
[    1.972244] +1.05V_RUN_AVDD_HDMI_PLL: supplied by +1.05V_RUN
[    1.978081] as3722-sd5: supplied by +5V_SYS
[    1.984145] as3722-ldo0: supplied by +1.35V_LP0(sd2)
[    1.990265] as3722-ldo1: supplied by +3.3V_RUN
[    1.995104] as3722-ldo2: supplied by +1.8V_VDDIO
[    2.000665] as3722-ldo3: supplied by +3.3V_SYS
[    2.006006] as3722-ldo4: supplied by +3.3V_SYS
[    2.010726] as3722-ldo5: supplied by +1.8V_VDDIO
[    2.015625] as3722-ldo6: supplied by +3.3V_RUN
[    2.020445] as3722-ldo7: supplied by +1.8V_VDDIO
[    2.025830] +1.05V_RUN_CAM_REAR: Bringing 0uV into 1050000-1050000uV
[    2.032936] as3722-ldo9: supplied by +5V_SYS
[    2.038431] +3.3V_RUN_TOUCH: Bringing 0uV into 2800000-2800000uV
[    2.045031] as3722-ldo10: supplied by +5V_SYS
[    2.049925] +2.8V_RUN_CAM_AF: Bringing 0uV into 2800000-2800000uV
[    2.056762] as3722-ldo11: supplied by +3.3V_RUN
[    2.062083] +1.8V_RUN_VPP_FUSE: Bringing 0uV into 1800000-1800000uV
[    2.071776] tegra-ahci 70027000.sata: AHCI 0001.0301 32 slots 2 ports 3 Gbps 0x1 impl platform mode
[    2.080854] tegra-ahci 70027000.sata: flags: 64bit ncq sntf pm led pio slum part sadm sds apst 
[    2.091680] scsi host0: tegra-ahci
[    2.096451] scsi host1: tegra-ahci
[    2.100241] ata1: SATA max UDMA/133 mmio [mem 0x70027000-0x70028fff] port 0x100 irq 343
[    2.108254] ata2: DUMMY
[    2.113871] tegra-ehci 7d008000.usb: EHCI Host Controller
[    2.119328] tegra-ehci 7d008000.usb: new USB bus registered, assigned bus number 2
[    2.127101] tegra-ehci 7d008000.usb: irq 353, io mem 0x7d008000
[    2.139119] tegra-ehci 7d008000.usb: USB 2.0 started, EHCI 1.10
[    2.146251] hub 2-0:1.0: USB hub found
[    2.150100] hub 2-0:1.0: 1 port detected
[    2.156884] sdhci-tegra 700b0400.sdhci: Got CD GPIO
[    2.161845] sdhci-tegra 700b0400.sdhci: Got WP GPIO
[    2.166864] mmc1: Unknown controller version (3). You may experience problems.
[    2.174442] mmc1: Invalid maximum block size, assuming 512 bytes
[    2.214349] mmc1: SDHCI controller on 700b0400.sdhci [700b0400.sdhci] using ADMA 64-bit
[    2.226838] tegra-pcie 1003000.pcie-controller: 2x1, 1x1 configuration
[    2.235465] tegra-pcie 1003000.pcie-controller: probing port 0, using 2 lanes
[    2.244810] tegra-pcie 1003000.pcie-controller: Slot present pin change, signature: 00000008
[    2.269401] tegra-pcie 1003000.pcie-controller: probing port 1, using 1 lanes
[    2.278631] tegra-pcie 1003000.pcie-controller: Slot present pin change, signature: 00000000
[    2.293449] tegra-pcie 1003000.pcie-controller: PCI host bridge to bus 0000:00
[    2.300712] pci_bus 0000:00: root bus resource [io  0x0000-0xffff]
[    2.306907] pci_bus 0000:00: root bus resource [mem 0x13000000-0x1fffffff]
[    2.313823] pci_bus 0000:00: root bus resource [mem 0x20000000-0x3fffffff pref]
[    2.321159] pci_bus 0000:00: root bus resource [bus 00-ff]
[    2.326724] pci 0000:00:01.0: [10de:0e12] type 01 class 0x060400
[    2.332869] pci 0000:00:01.0: PME# supported from D0 D1 D2 D3hot D3cold
[    2.339878] pci 0000:00:02.0: [10de:0e13] type 01 class 0x060400
[    2.346022] pci 0000:00:02.0: PME# supported from D0 D1 D2 D3hot D3cold
[    2.353021] PCI: bus0: Fast back to back transfers disabled
[    2.358640] pci 0000:00:01.0: bridge configuration invalid ([bus 00-00]), reconfiguring
[    2.366700] pci 0000:00:02.0: bridge configuration invalid ([bus 00-00]), reconfiguring
[    2.375025] pci 0000:01:00.0: [8086:4232] type 00 class 0x028000
[    2.381130] pci 0000:01:00.0: reg 0x10: [mem 0x00000000-0x00001fff 64bit]
[    2.388178] pci 0000:01:00.0: PME# supported from D0 D3hot D3cold
[    2.404239] PCI: bus1: Fast back to back transfers disabled
[    2.409854] pci_bus 0000:01: busn_res: [bus 01-ff] end is updated to 01
[    2.416791] pci 0000:02:00.0: [10ec:8168] type 00 class 0x020000
[    2.422869] pci 0000:02:00.0: reg 0x10: [io  0x0000-0x00ff]
[    2.428515] pci 0000:02:00.0: reg 0x18: [mem 0x00000000-0x00000fff 64bit]
[    2.435375] pci 0000:02:00.0: reg 0x20: [mem 0x00000000-0x00003fff 64bit pref]
[    2.442798] pci 0000:02:00.0: supports D1 D2
[    2.447109] pci 0000:02:00.0: PME# supported from D0 D1 D2 D3hot D3cold
[    2.456242] ata1: SATA link down (SStatus 0 SControl 300)
[    2.464229] PCI: bus2: Fast back to back transfers disabled
[    2.469834] pci_bus 0000:02: busn_res: [bus 02-ff] end is updated to 02
[    2.476629] pci 0000:00:01.0: BAR 8: assigned [mem 0x13000000-0x130fffff]
[    2.483461] pci 0000:00:02.0: BAR 8: assigned [mem 0x13100000-0x131fffff]
[    2.490265] pci 0000:00:02.0: BAR 9: assigned [mem 0x20000000-0x200fffff 64bit pref]
[    2.498056] pci 0000:00:02.0: BAR 7: assigned [io  0x1000-0x1fff]
[    2.504207] pci 0000:01:00.0: BAR 0: assigned [mem 0x13000000-0x13001fff 64bit]
[    2.511591] pci 0000:00:01.0: PCI bridge to [bus 01]
[    2.516616] pci 0000:00:01.0:   bridge window [mem 0x13000000-0x130fffff]
[    2.523471] pci 0000:02:00.0: BAR 4: assigned [mem 0x20000000-0x20003fff 64bit pref]
[    2.531285] pci 0000:02:00.0: BAR 2: assigned [mem 0x13100000-0x13100fff 64bit]
[    2.538663] pci 0000:02:00.0: BAR 0: assigned [io  0x1000-0x10ff]
[    2.544813] pci 0000:00:02.0: PCI bridge to [bus 02]
[    2.549829] pci 0000:00:02.0:   bridge window [io  0x1000-0x1fff]
[    2.555975] pci 0000:00:02.0:   bridge window [mem 0x13100000-0x131fffff]
[    2.562813] pci 0000:00:02.0:   bridge window [mem 0x20000000-0x200fffff 64bit pref]
[    2.570643] pci 0000:00:01.0: nv_msi_ht_cap_quirk didn't locate host bridge
[    2.577776] pcieport 0000:00:01.0: enabling device (0140 -> 0142)
[    2.584235] pcieport 0000:00:01.0: Signaling PME through PCIe PME interrupt
[    2.591241] pci 0000:01:00.0: Signaling PME through PCIe PME interrupt
[    2.597821] pcie_pme 0000:00:01.0:pcie001: service driver pcie_pme loaded
[    2.604756] pci 0000:00:02.0: nv_msi_ht_cap_quirk didn't locate host bridge
[    2.611880] pcieport 0000:00:02.0: enabling device (0140 -> 0143)
[    2.618288] pcieport 0000:00:02.0: Signaling PME through PCIe PME interrupt
[    2.625292] pci 0000:02:00.0: Signaling PME through PCIe PME interrupt
[    2.631871] pcie_pme 0000:00:02.0:pcie001: service driver pcie_pme loaded
[    2.639028] r8169 Gigabit Ethernet driver 2.3LK-NAPI loaded
[    2.644672] r8169 0000:02:00.0: enabling device (0140 -> 0143)
[    2.660886] r8169 0000:02:00.0 eth0: RTL8168g/8111g at 0xf0a52000, 00:04:4b:3a:d9:81, XID 0c000800 IRQ 393
[    2.670602] r8169 0000:02:00.0 eth0: jumbo features [frames: 9200 bytes, tx checksumming: ko]
[    2.683218] [drm] Supports vblank timestamp caching Rev 2 (21.10.2013).
[    2.689884] [drm] No driver support for vblank timestamp query.
[    2.697728] mmc1: new high speed SDHC card at address aaaa
[    2.704518] mmcblk1: mmc1:aaaa SD04G 3.69 GiB 
[    2.723058]  mmcblk1: p1 p2 p3
[    2.814584] tegra-hdmi 54280000.hdmi: cannot set audio to 44100 at 297000000 pclk
[    2.984851] Console: switching to colour frame buffer device 512x135
[    3.079875] drm drm: fb0:  frame buffer device
[    3.099214] [drm] Initialized tegra 0.0.0 20120330 on minor 0
[    3.106672] of: dev_pm_opp_of_cpumask_add_table: couldn't find opp table for cpu:0, -19
[    3.114755] cpufreq: cpufreq_online: CPU0: Running at unlisted freq: 696000 KHz
[    3.122090] cpufreq: cpufreq_online: CPU0: Unlisted initial frequency changed to: 714000 KHz
[    3.131282] input: gpio-keys as /devices/soc0/gpio-keys/input/input0
[    3.138678] as3722-rtc as3722-rtc: setting system clock to 2000-01-01 00:00:58 UTC (946684858)
[    3.150651] +USB0_VBUS_SW: disabling
[    3.154258] +1.8V_RUN_CAM: disabling
[    3.158055] +2.8V_RUN_CAM: disabling
[    3.161879] +1.2V_RUN_CAM_FRONT: disabling
[    3.166270] +1.05V_RUN_CAM_REAR: disabling
[    3.170671] +3.3V_RUN_TOUCH: disabling
[    3.174669] +2.8V_RUN_CAM_AF: disabling
[    3.178679] +1.8V_RUN_VPP_FUSE: disabling
[    3.184130] EXT4-fs (mmcblk0p1): mounting ext3 file system using the ext4 subsystem
[    3.206027] EXT4-fs (mmcblk0p1): recovery complete
[    3.210847] EXT4-fs (mmcblk0p1): mounted filesystem with ordered data mode. Opts: (null)
[    3.218952] VFS: Mounted root (ext3 filesystem) on device 179:1.
[    3.229309] devtmpfs: mounted
[    3.233116] Freeing unused kernel memory: 2048K (c1100000 - c1300000)
bash: cannot set terminal process group (-1): Inappropriate ioctl for device
bash: no job control in this shell
root@(none):/# mount -t sysfs none /sys
root@(none):/# 
root@(none):/# mount -t debugfs none /sys/kernel/debug
root@(none):/# 
root@(none):/# rtcwake -d rtc1 -m mem -s 3
rtcwake: assuming RTC uses UTC ...
rtcwake: wakeup from "mem" using /dev/rtc1 at Thu Jan  1 00:00:34 1970
[    6.524303] PM: Syncing filesystems ... done.
[    6.777368] Freezing user space processes ... (elapsed 0.001 seconds) done.
[    6.785880] Double checking all user space processes after OOM killer disable... (elapsed 0.000 seconds) 
[    6.795539] Freezing remaining freezable tasks ... (elapsed 0.001 seconds) done.
[    6.804210] Suspending console(s) (use no_console_suspend to debug)
[    6.900490] PM: suspend of devices complete after 89.342 msecs
[    6.902370] PM: late suspend of devices complete after 1.870 msecs
[    6.914824] PM: noirq suspend of devices complete after 12.449 msecs
[    6.914826] Disabling non-boot CPUs ...
[    6.915240] CPU1: shutdown
[    6.930051] IRQ17 no longer affine to CPU2
[    6.930258] CPU2: shutdown
[    6.945168] CPU3: shutdown
[    6.959593] Entering suspend state LP1
[    6.959607] Enabling non-boot CPUs ...
[    6.984856] CPU1 is up
[    7.009921] CPU2 is up
[    7.035050] CPU3 is up
[    7.035761] pcieport 0000:00:01.0: nv_msi_ht_cap_quirk didn't locate host bridge
[    7.035763] pcieport 0000:00:02.0: nv_msi_ht_cap_quirk didn't locate host bridge
[    7.049189] PM: noirq resume of devices complete after 14.134 msecs
[    7.051155] PM: early resume of devices complete after 1.643 msecs
[    7.054119] tegra-hdmi 54280000.hdmi: cannot set audio to 44100 at 297000000 pclk
[    7.133449] PM: resume of devices complete after 82.285 msecs
[    7.223681] Restarting tasks ... done.
root@(none):/# 
root@(none):/# [    7.366656] ata1: SATA link down (SStatus 0 SControl 300)
rtcwake -d rtc1 -m mem -s 3
rtcwake: assuming RTC uses UTC ...
rtcwake: wakeup from "mem" using /dev/rtc1 at Thu Jan  1 00:00:39 1970
[    8.260921] PM: Syncing filesystems ... done.
[    8.515815] Freezing user space processes ... (elapsed 0.001 seconds) done.
[    8.524423] Double checking all user space processes after OOM killer disable... (elapsed 0.000 seconds) 
[    8.534093] Freezing remaining freezable tasks ... (elapsed 0.001 seconds) done.
[    8.542754] Suspending console(s) (use no_console_suspend to debug)
[    8.635623] PM: suspend of devices complete after 85.922 msecs
[    8.636814] PM: late suspend of devices complete after 1.186 msecs
[    8.649784] PM: noirq suspend of devices complete after 12.966 msecs
[    8.649786] Disabling non-boot CPUs ...
[    8.650227] CPU1: shutdown
[    8.665330] CPU2: shutdown
[    8.680115] CPU3: shutdown
[    8.694603] Entering suspend state LP1
[    8.694617] Enabling non-boot CPUs ...
[    8.719875] CPU1 is up
[    8.744933] CPU2 is up
[    8.770064] CPU3 is up
[    8.770775] pcieport 0000:00:02.0: nv_msi_ht_cap_quirk didn't locate host bridge
[    8.770777] pcieport 0000:00:01.0: nv_msi_ht_cap_quirk didn't locate host bridge
[    8.784163] PM: noirq resume of devices complete after 14.094 msecs
[    8.785804] PM: early resume of devices complete after 1.318 msecs
[    8.788817] tegra-hdmi 54280000.hdmi: cannot set audio to 44100 at 297000000 pclk
[    8.868199] PM: resume of devices complete after 82.385 msecs
[    8.954291] Restarting tasks ... done.
root@(none):/# 
root@(none):/# [    9.100203] ata1: SATA link down (SStatus 0 SControl 300)
rtcwake -d rtc1 -m mem -s 3
rtcwake: assuming RTC uses UTC ...
rtcwake: wakeup from "mem" using /dev/rtc1 at Thu Jan  1 00:00:44 1970
[    9.995125] PM: Syncing filesystems ... done.
[   10.250221] Freezing user space processes ... (elapsed 0.001 seconds) done.
[   10.258806] Double checking all user space processes after OOM killer disable... (elapsed 0.000 seconds) 
[   10.268417] Freezing remaining freezable tasks ... (elapsed 0.001 seconds) done.
[   10.277075] Suspending console(s) (use no_console_suspend to debug)
[   10.365574] PM: suspend of devices complete after 81.557 msecs
[   10.366691] PM: late suspend of devices complete after 1.112 msecs
[   10.379717] PM: noirq suspend of devices complete after 13.023 msecs
[   10.379719] Disabling non-boot CPUs ...
[   10.380139] CPU1: shutdown
[   10.395209] CPU2: shutdown
[   10.410063] CPU3: shutdown
[   10.424541] Entering suspend state LP1
[   10.424555] Enabling non-boot CPUs ...
[   10.449817] CPU1 is up
[   10.474852] CPU2 is up
[   10.499985] CPU3 is up
[   10.500660] pcieport 0000:00:01.0: nv_msi_ht_cap_quirk didn't locate host bridge
[   10.500662] pcieport 0000:00:02.0: nv_msi_ht_cap_quirk didn't locate host bridge
[   10.514138] PM: noirq resume of devices complete after 14.148 msecs
[   10.515917] PM: early resume of devices complete after 1.464 msecs
[   10.518575] tegra-hdmi 54280000.hdmi: cannot set audio to 44100 at 297000000 pclk
[   10.597940] PM: resume of devices complete after 82.014 msecs
[   10.684068] Restarting tasks ... done.
root@(none):/# 
root@(none):/# [   10.831359] ata1: SATA link down (SStatus 0 SControl 300)
rtcwake -d rtc1 -m mem -s 3
rtcwake: assuming RTC uses UTC ...
rtcwake: wakeup from "mem" using /dev/rtc1 at Thu Jan  1 00:00:49 1970
[   11.723780] PM: Syncing filesystems ... done.
[   11.897058] Freezing user space processes ... (elapsed 0.001 seconds) done.
[   11.905762] Double checking all user space processes after OOM killer disable... (elapsed 0.000 seconds) 
[   11.915568] Freezing remaining freezable tasks ... (elapsed 0.001 seconds) done.
[   11.924755] Suspending console(s) (use no_console_suspend to debug)
[   12.011099] PM: suspend of devices complete after 77.461 msecs
[   12.016100] PM: late suspend of devices complete after 4.973 msecs
[   12.032611] PM: noirq suspend of devices complete after 16.493 msecs
[   12.032619] Disabling non-boot CPUs ...
[   12.033513] IRQ17 no longer affine to CPU1
[   12.034297] CPU1: shutdown
[   12.064239] CPU2: shutdown
[   12.083605] CPU3: shutdown
[   12.101420] Entering suspend state LP1
[   12.101435] Enabling non-boot CPUs ...
[   12.124859] CPU1 is up
[   12.149922] CPU2 is up
[   12.175073] CPU3 is up
[   12.175803] pcieport 0000:00:02.0: nv_msi_ht_cap_quirk didn't locate host bridge
[   12.175805] pcieport 0000:00:01.0: nv_msi_ht_cap_quirk didn't locate host bridge
[   12.189115] PM: noirq resume of devices complete after 14.036 msecs
[   12.190811] PM: early resume of devices complete after 1.368 msecs
[   12.193673] tegra-hdmi 54280000.hdmi: cannot set audio to 44100 at 297000000 pclk
[   12.273836] PM: resume of devices complete after 83.014 msecs
[   12.364111] Restarting tasks ... done.
root@(none):/# 
root@(none):/# [   12.506652] ata1: SATA link down (SStatus 0 SControl 300)
rtcwake -d rtc1 -m mem -s 3
rtcwake: assuming RTC uses UTC ...
rtcwake: wakeup from "mem" using /dev/rtc1 at Thu Jan  1 00:00:54 1970
[   13.405729] PM: Syncing filesystems ... done.
[   13.667569] Freezing user space processes ... (elapsed 0.001 seconds) done.
[   13.676156] Double checking all user space processes after OOM killer disable... (elapsed 0.000 seconds) 
[   13.685764] Freezing remaining freezable tasks ... (elapsed 0.001 seconds) done.
[   13.694442] Suspending console(s) (use no_console_suspend to debug)
[   13.810433] PM: suspend of devices complete after 109.029 msecs
[   13.812049] PM: late suspend of devices complete after 1.607 msecs
[   13.824702] PM: noirq suspend of devices complete after 12.647 msecs
[   13.824703] Disabling non-boot CPUs ...
[   13.825116] CPU1: shutdown
[   13.844925] IRQ17 no longer affine to CPU2
[   13.845133] CPU2: shutdown
[   13.860023] CPU3: shutdown
[   13.874491] Entering suspend state LP1
[   13.874505] Enabling non-boot CPUs ...
[   13.899763] CPU1 is up
[   13.924805] CPU2 is up
[   13.949926] CPU3 is up
[   13.950597] pcieport 0000:00:01.0: nv_msi_ht_cap_quirk didn't locate host bridge
[   13.950600] pcieport 0000:00:02.0: nv_msi_ht_cap_quirk didn't locate host bridge
[   13.964088] PM: noirq resume of devices complete after 14.156 msecs
[   13.965602] PM: early resume of devices complete after 1.198 msecs
[   13.968764] tegra-hdmi 54280000.hdmi: cannot set audio to 44100 at 297000000 pclk
[   14.048132] PM: resume of devices complete after 82.520 msecs
[   14.138414] Restarting tasks ... done.
root@(none):/# 
root@(none):/# [   14.281554] ata1: SATA link down (SStatus 0 SControl 300)
rtcwake -d rtc1 -m mem -s 3
rtcwake: assuming RTC uses UTC ...
rtcwake: wakeup from "mem" using /dev/rtc1 at Thu Jan  1 00:00:59 1970
[   15.173471] PM: Syncing filesystems ... done.
[   15.346528] Freezing user space processes ... (elapsed 0.001 seconds) done.
[   15.355237] Double checking all user space processes after OOM killer disable... (elapsed 0.000 seconds) 
[   15.365041] Freezing remaining freezable tasks ... (elapsed 0.001 seconds) done.
[   15.374229] Suspending console(s) (use no_console_suspend to debug)
[   15.466201] PM: suspend of devices complete after 83.066 msecs
[   15.471533] PM: late suspend of devices complete after 5.306 msecs
[   15.487487] PM: noirq suspend of devices complete after 15.936 msecs
[   15.487495] Disabling non-boot CPUs ...
[   15.489163] CPU1: shutdown
[   15.519174] CPU2: shutdown
[   15.538618] CPU3: shutdown
[   15.556396] Entering suspend state LP1
[   15.556411] Enabling non-boot CPUs ...
[   15.579830] CPU1 is up
[   15.604879] CPU2 is up
[   15.630018] CPU3 is up
[   15.630736] pcieport 0000:00:02.0: nv_msi_ht_cap_quirk didn't locate host bridge
[   15.630803] pcieport 0000:00:01.0: nv_msi_ht_cap_quirk didn't locate host bridge
[   15.644074] PM: noirq resume of devices complete after 14.049 msecs
[   15.645465] PM: early resume of devices complete after 1.230 msecs
[   15.648666] tegra-hdmi 54280000.hdmi: cannot set audio to 44100 at 297000000 pclk
[   15.728869] PM: resume of devices complete after 83.395 msecs
[   15.815052] Restarting tasks ... done.
root@(none):/# 
root@(none):/# [   15.961653] ata1: SATA link down (SStatus 0 SControl 300)
rtcwake -d rtc1 -m mem -s 3
rtcwake: assuming RTC uses UTC ...
rtcwake: wakeup from "mem" using /dev/rtc1 at Thu Jan  1 00:01:04 1970
[   16.854111] PM: Syncing filesystems ... done.
[   17.031869] Freezing user space processes ... (elapsed 0.001 seconds) done.
[   17.040593] Double checking all user space processes after OOM killer disable... (elapsed 0.000 seconds) 
[   17.050400] Freezing remaining freezable tasks ... (elapsed 0.001 seconds) done.
[   17.059618] Suspending console(s) (use no_console_suspend to debug)
[   17.141678] PM: suspend of devices complete after 73.107 msecs
[   17.147408] PM: late suspend of devices complete after 5.702 msecs
[   17.162574] PM: noirq suspend of devices complete after 15.146 msecs
[   17.162582] Disabling non-boot CPUs ...
[   17.163472] IRQ17 no longer affine to CPU1
[   17.164295] CPU1: shutdown
[   17.189135] CPU2: shutdown
[   17.208454] CPU3: shutdown
[   17.226334] Entering suspend state LP1
[   17.226349] Enabling non-boot CPUs ...
[   17.249794] CPU1 is up
[   17.274851] CPU2 is up
[   17.299989] CPU3 is up
[   17.300717] pcieport 0000:00:02.0: nv_msi_ht_cap_quirk didn't locate host bridge
[   17.300720] pcieport 0000:00:01.0: nv_msi_ht_cap_quirk didn't locate host bridge
[   17.314042] PM: noirq resume of devices complete after 14.047 msecs
[   17.315501] PM: early resume of devices complete after 1.119 msecs
[   17.318059] tegra-hdmi 54280000.hdmi: cannot set audio to 44100 at 297000000 pclk
[   17.398195] PM: resume of devices complete after 82.684 msecs
[   17.488411] Restarting tasks ... done.
root@(none):/# 
root@(none):/# [   17.631220] ata1: SATA link down (SStatus 0 SControl 300)
rtcwake -d rtc1 -m mem -s 3
rtcwake: assuming RTC uses UTC ...
rtcwake: wakeup from "mem" using /dev/rtc1 at Thu Jan  1 00:01:09 1970
[   18.525319] PM: Syncing filesystems ... done.
[   18.787466] Freezing user space processes ... (elapsed 0.001 seconds) done.
[   18.796051] Double checking all user space processes after OOM killer disable... (elapsed 0.000 seconds) 
[   18.805659] Freezing remaining freezable tasks ... (elapsed 0.001 seconds) done.
[   18.814407] Suspending console(s) (use no_console_suspend to debug)
[   18.900492] PM: suspend of devices complete after 79.139 msecs
[   18.902410] PM: late suspend of devices complete after 1.908 msecs
[   18.914629] PM: noirq suspend of devices complete after 12.214 msecs
[   18.914631] Disabling non-boot CPUs ...
[   18.915049] CPU1: shutdown
[   18.930063] CPU2: shutdown
[   18.944739] IRQ17 no longer affine to CPU3
[   18.944939] CPU3: shutdown
[   18.959410] Entering suspend state LP1
[   18.959424] Enabling non-boot CPUs ...
[   18.984679] CPU1 is up
[   19.009732] CPU2 is up
[   19.034849] CPU3 is up
[   19.035515] pcieport 0000:00:01.0: nv_msi_ht_cap_quirk didn't locate host bridge
[   19.035517] pcieport 0000:00:02.0: nv_msi_ht_cap_quirk didn't locate host bridge
[   19.049013] PM: noirq resume of devices complete after 14.159 msecs
[   19.050002] PM: early resume of devices complete after 0.687 msecs
[   19.052820] tegra-hdmi 54280000.hdmi: cannot set audio to 44100 at 297000000 pclk
[   19.132163] PM: resume of devices complete after 82.152 msecs
[   19.222386] Restarting tasks ... done.
root@(none):/# 
root@(none):/# [   19.361336] ata1: SATA link down (SStatus 0 SControl 300)
rtcwake -d rtc1 -m mem -s 3
rtcwake: assuming RTC uses UTC ...
rtcwake: wakeup from "mem" using /dev/rtc1 at Thu Jan  1 00:01:14 1970
[   20.258671] PM: Syncing filesystems ... done.
[   20.431625] Freezing user space processes ... (elapsed 0.001 seconds) done.
[   20.440340] Double checking all user space processes after OOM killer disable... (elapsed 0.000 seconds) 
[   20.450149] Freezing remaining freezable tasks ... (elapsed 0.001 seconds) done.
[   20.459336] Suspending console(s) (use no_console_suspend to debug)
[   20.551650] PM: suspend of devices complete after 83.423 msecs
[   20.556945] PM: late suspend of devices complete after 5.269 msecs
[   20.572402] PM: noirq suspend of devices complete after 15.438 msecs
[   20.572410] Disabling non-boot CPUs ...
[   20.574124] CPU1: shutdown
[   20.599110] CPU2: shutdown
[   20.617804] IRQ17 no longer affine to CPU3
[   20.618515] CPU3: shutdown
[   20.636294] Entering suspend state LP1
[   20.636309] Enabling non-boot CPUs ...
[   20.659739] CPU1 is up
[   20.684796] CPU2 is up
[   20.709931] CPU3 is up
[   20.710613] pcieport 0000:00:02.0: nv_msi_ht_cap_quirk didn't locate host bridge
[   20.710688] pcieport 0000:00:01.0: nv_msi_ht_cap_quirk didn't locate host bridge
[   20.723991] PM: noirq resume of devices complete after 14.054 msecs
[   20.725808] PM: early resume of devices complete after 1.494 msecs
[   20.728393] tegra-hdmi 54280000.hdmi: cannot set audio to 44100 at 297000000 pclk
[   20.808533] PM: resume of devices complete after 82.715 msecs
[   20.898770] Restarting tasks ... done.
root@(none):/# 
root@(none):/# [   21.041165] ata1: SATA link down (SStatus 0 SControl 300)
rtcwake -d rtc1 -m mem -s 3
rtcwake: assuming RTC uses UTC ...
rtcwake: wakeup from "mem" using /dev/rtc1 at Thu Jan  1 00:01:19 1970
[   21.946756] PM: Syncing filesystems ... done.
[   22.209289] Freezing user space processes ... (elapsed 0.001 seconds) done.
[   22.217874] Double checking all user space processes after OOM killer disable... (elapsed 0.000 seconds) 
[   22.227491] Freezing remaining freezable tasks ... (elapsed 0.001 seconds) done.
[   22.236182] Suspending console(s) (use no_console_suspend to debug)
[   22.350463] PM: suspend of devices complete after 107.331 msecs
[   22.352150] PM: late suspend of devices complete after 1.677 msecs
[   22.364649] PM: noirq suspend of devices complete after 12.494 msecs
[   22.364650] Disabling non-boot CPUs ...
[   22.365100] CPU1: shutdown
[   22.390091] CPU2: shutdown
[   22.404747] IRQ17 no longer affine to CPU3
[   22.404975] CPU3: shutdown
[   22.419402] Entering suspend state LP1
[   22.419416] Enabling non-boot CPUs ...
[   22.444689] CPU1 is up
[   22.469735] CPU2 is up
[   22.494874] CPU3 is up
[   22.495541] pcieport 0000:00:02.0: nv_msi_ht_cap_quirk didn't locate host bridge
[   22.495640] pcieport 0000:00:01.0: nv_msi_ht_cap_quirk didn't locate host bridge
[   22.508968] PM: noirq resume of devices complete after 14.089 msecs
[   22.510670] PM: early resume of devices complete after 1.388 msecs
[   22.513503] tegra-hdmi 54280000.hdmi: cannot set audio to 44100 at 297000000 pclk
[   22.592872] PM: resume of devices complete after 82.193 msecs
[   22.683191] Restarting tasks ... done.
root@(none):/# 
root@(none):/# [   22.826482] ata1: SATA link down (SStatus 0 SControl 300)
NVTB SYSTEM SUSPEND TEST COMPLETE
