
U-Boot SPL 2014.01-00219-gc4d376f (Feb 18 2014 - 19:57:32)


U-Boot 2014.01-00219-gc4d376f (Feb 18 2014 - 19:57:32)

TEGRA114
Board: NVIDIA Dalmore
I2C:   ready
DRAM:  2 GiB
MMC:   Tegra SD/MMC: 0, Tegra SD/MMC: 1
In:    serial
Out:   serial
Err:   serial
Net:   Net Initialization Skipped
No ethernet found.
Hit any key to stop autoboot:  2  0 
Tegra114 (Dalmore) # 
Tegra114 (Dalmore) # usb reset
(Re)start USB...
USB0:   USB EHCI 1.10
scanning bus 0 for devices... 2 USB Device(s) found
       scanning usb for storage devices... 0 Storage Device(s) found
       scanning usb for ethernet devices... 
Warning: asx0 using MAC address from net device
1 Ethernet Device(s) found
Tegra114 (Dalmore) # setenv bootargs 'ignore_loglevel console=ttyS0,115200n8 rw root=PARTUUID=7369c667-ff51-ec4a-29cd-baabf2fbe346 rootwait gpt debug earlyprintk init=/bin/bash'
Tegra114 (Dalmore) # setenv ipaddr 192.168.100.100; setenv serverip 192.168.100.1; setenv tftpserverip 192.168.100.1
Tegra114 (Dalmore) # tftpboot 0x81000000 zImage.multi_v7_defconfig
Using asx0 device
TFTP from server 192.168.100.1; our IP address is 192.168.100.100
Filename 'zImage.multi_v7_defconfig'.
Load address: 0x81000000
Loading: *#################################################################
	 #################################################################
	 #################################################################
	 #################################################################
	 #################################################################
	 #################################################################
	 #################################################################
	 #################################################################
	 ####################
	 3.1 MiB/s
done
Bytes transferred = 7916592 (78cc30 hex)
Tegra114 (Dalmore) # tftpboot 0x82000000 tegra114-dalmore.dtb
Using asx0 device
TFTP from server 192.168.100.1; our IP address is 192.168.100.100
Filename 'tegra114-dalmore.dtb'.
Load address: 0x82000000
Loading: *###
	 2.4 MiB/s
done
Bytes transferred = 35044 (88e4 hex)
Tegra114 (Dalmore) # bootz 0x81000000 - 0x82000000
Kernel image @ 0x81000000 [ 0x000000 - 0x78cc30 ]
## Flattened Device Tree blob at 82000000
   Booting using the fdt blob at 0x82000000
   Loading Device Tree to 8fff4000, end 8ffff8e3 ... OK

Starting kernel ...

[    0.000000] Booting Linux on physical CPU 0x0
[    0.000000] Linux version 4.12.0-rc2-171300-g0833289 (jonathanh@sellafield) (gcc version 4.7.3 20130328 (prerelease) (crosstool-NG linaro-1.13.1-4.7-2013.04-20130415 - Linaro GCC 2013.04) ) #1 SMP Sun May 21 20:06:29 PDT 2017
[    0.000000] CPU: ARMv7 Processor [412fc0f2] revision 2 (ARMv7), cr=10c5387d
[    0.000000] CPU: div instructions available: patching division code
[    0.000000] CPU: PIPT / VIPT nonaliasing data cache, PIPT instruction cache
[    0.000000] OF: fdt: Machine model: NVIDIA Tegra114 Dalmore evaluation board
[    0.000000] debug: ignoring loglevel setting.
[    0.000000] Memory policy: Data cache writealloc
[    0.000000] efi: Getting EFI parameters from FDT:
[    0.000000] efi: UEFI not found.
[    0.000000] cma: Reserved 64 MiB at 0xfb800000
[    0.000000] On node 0 totalpages: 524032
[    0.000000] free_area_init_node: node 0, pgdat c157fd40, node_mem_map eeff8000
[    0.000000]   DMA zone: 1536 pages used for memmap
[    0.000000]   DMA zone: 0 pages reserved
[    0.000000]   DMA zone: 196608 pages, LIFO batch:31
[    0.000000]   HighMem zone: 327424 pages, LIFO batch:31
[    0.000000] percpu: Embedded 17 pages/cpu @eef98000 s39168 r8192 d22272 u69632
[    0.000000] pcpu-alloc: s39168 r8192 d22272 u69632 alloc=17*4096
[    0.000000] pcpu-alloc: [0] 0 [0] 1 [0] 2 [0] 3 
[    0.000000] Built 1 zonelists in Zone order, mobility grouping on.  Total pages: 522496
[    0.000000] Kernel command line: ignore_loglevel console=ttyS0,115200n8 rw root=PARTUUID=7369c667-ff51-ec4a-29cd-baabf2fbe346 rootwait gpt debug earlyprintk init=/bin/bash
[    0.000000] PID hash table entries: 4096 (order: 2, 16384 bytes)
[    0.000000] Dentry cache hash table entries: 131072 (order: 7, 524288 bytes)
[    0.000000] Inode-cache hash table entries: 65536 (order: 6, 262144 bytes)
[    0.000000] Memory: 1993540K/2096128K available (10240K kernel code, 1566K rwdata, 4388K rodata, 2048K init, 409K bss, 37052K reserved, 65536K cma-reserved, 1244160K highmem)
[    0.000000] Virtual kernel memory layout:
[    0.000000]     vector  : 0xffff0000 - 0xffff1000   (   4 kB)
[    0.000000]     fixmap  : 0xffc00000 - 0xfff00000   (3072 kB)
[    0.000000]     vmalloc : 0xf0800000 - 0xff800000   ( 240 MB)
[    0.000000]     lowmem  : 0xc0000000 - 0xf0000000   ( 768 MB)
[    0.000000]     pkmap   : 0xbfe00000 - 0xc0000000   (   2 MB)
[    0.000000]     modules : 0xbf000000 - 0xbfe00000   (  14 MB)
[    0.000000]       .text : 0xc0208000 - 0xc0d00000   (11232 kB)
[    0.000000]       .init : 0xc1200000 - 0xc1400000   (2048 kB)
[    0.000000]       .data : 0xc1400000 - 0xc15879b0   (1567 kB)
[    0.000000]        .bss : 0xc1590d04 - 0xc15f74d8   ( 410 kB)
[    0.000000] SLUB: HWalign=64, Order=0-3, MinObjects=0, CPUs=4, Nodes=1
[    0.000000] Hierarchical RCU implementation.
[    0.000000] 	RCU debugfs-based tracing is enabled.
[    0.000000] 	RCU restricting CPUs from NR_CPUS=16 to nr_cpu_ids=4.
[    0.000000] RCU: Adjusting geometry for rcu_fanout_leaf=16, nr_cpu_ids=4
[    0.000000] NR_IRQS:16 nr_irqs:16 16
[    0.000000] /interrupt-controller@60004000: 160 interrupts forwarded to /interrupt-controller@50041000
[    0.000000] Tegra clk 127: register failed with -17
[    0.000009] sched_clock: 32 bits at 1000kHz, resolution 1000ns, wraps every 2147483647500ns
[    0.000028] clocksource: timer_us: mask: 0xffffffff max_cycles: 0xffffffff, max_idle_ns: 1911260446275 ns
[    0.000044] Switching to timer-based delay loop, resolution 1000ns
[    0.003135] arch_timer: cp15 timer(s) running at 12.00MHz (virt).
[    0.003154] clocksource: arch_sys_counter: mask: 0xffffffffffffff max_cycles: 0x2c47f4ee7, max_idle_ns: 440795202497 ns
[    0.003174] sched_clock: 56 bits at 12MHz, resolution 83ns, wraps every 4398046511096ns
[    0.003188] Switching to timer-based delay loop, resolution 83ns
[    0.003594] Console: colour dummy device 80x30
[    0.003624] Calibrating delay loop (skipped), value calculated using timer frequency.. 24.00 BogoMIPS (lpj=120000)
[    0.003643] pid_max: default: 32768 minimum: 301
[    0.003736] Mount-cache hash table entries: 2048 (order: 1, 8192 bytes)
[    0.003749] Mountpoint-cache hash table entries: 2048 (order: 1, 8192 bytes)
[    0.004259] CPU: Testing write buffer coherency: ok
[    0.004499] /cpus/cpu@0 missing clock-frequency property
[    0.004530] /cpus/cpu@1 missing clock-frequency property
[    0.004560] /cpus/cpu@2 missing clock-frequency property
[    0.004591] /cpus/cpu@3 missing clock-frequency property
[    0.004605] CPU0: thread -1, cpu 0, socket 0, mpidr 80000000
[    0.004907] Setting up static identity map for 0x80300000 - 0x803000a0
[    0.007426] Tegra Revision: A01 SKU: 0 CPU Process: 1 SoC Process: 0
[    0.008041] EFI services will not be available.
[    0.008278] smp: Bringing up secondary CPUs ...
[    0.008915] CPU1: thread -1, cpu 1, socket 0, mpidr 80000001
[    0.009638] CPU2: thread -1, cpu 2, socket 0, mpidr 80000002
[    0.010338] CPU3: thread -1, cpu 3, socket 0, mpidr 80000003
[    0.010426] smp: Brought up 1 node, 4 CPUs
[    0.010449] SMP: Total of 4 processors activated (96.00 BogoMIPS).
[    0.010459] CPU: All CPU(s) started in SVC mode.
[    0.011943] devtmpfs: initialized
[    0.020972] VFP support v0.3: implementor 41 architecture 4 part 30 variant f rev 0
[    0.021310] clocksource: jiffies: mask: 0xffffffff max_cycles: 0xffffffff, max_idle_ns: 19112604462750000 ns
[    0.021330] futex hash table entries: 1024 (order: 4, 65536 bytes)
[    0.022815] pinctrl core: initialized pinctrl subsystem
[    0.024576] NET: Registered protocol family 16
[    0.026741] DMA: preallocated 256 KiB pool for atomic coherent allocations
[    0.028870] cpuidle: using governor menu
[    0.051659] No ATAGs?
[    0.051787] hw-breakpoint: found 5 (+1 reserved) breakpoint and 4 watchpoint registers.
[    0.051805] hw-breakpoint: maximum watchpoint size is 8 bytes.
[    0.057292] Serial: AMBA PL011 UART driver
[    0.058026] tegra-mc 70019000.memory-controller: no memory timings for RAM code 3 registered
[    0.072688] AT91: Could not find identification node
[    0.073202] dvdd_ts: Failed to request enable GPIO61: -517
[    0.073224] reg-fixed-voltage regulators:regulator@1: Failed to register regulator: -517
[    0.073335] usb1_vbus: Failed to request enable GPIO108: -517
[    0.073351] reg-fixed-voltage regulators:regulator@3: Failed to register regulator: -517
[    0.073456] usb2_vbus: Failed to request enable GPIO86: -517
[    0.073471] reg-fixed-voltage regulators:regulator@4: Failed to register regulator: -517
[    0.073910] VDD_5V0_HDMI_CON: Failed to request enable GPIO81: -517
[    0.073926] reg-fixed-voltage regulators:regulator@7: Failed to register regulator: -517
[    0.076337] vgaarb: loaded
[    0.077086] SCSI subsystem initialized
[    0.077250] libata version 3.00 loaded.
[    0.077470] usbcore: registered new interface driver usbfs
[    0.077524] usbcore: registered new interface driver hub
[    0.077596] usbcore: registered new device driver usb
[    0.080787] tps65090 2-0048: No cache defaults, reading back from HW
[    0.082679] TPS65090_RAILSDCDC1: supplied by vdd_ac_bat
[    0.083762] TPS65090_RAILSDCDC2: supplied by vdd_ac_bat
[    0.084831] TPS65090_RAILSDCDC3: supplied by vdd_ac_bat
[    0.085364] TPS65090_RAILSFET1: supplied by vdd_ac_bat
[    0.085736] TPS65090_RAILSFET2: supplied by vdd_ac_bat
[    0.086093] TPS65090_RAILSFET3: supplied by vdd-sys-3v3
[    0.086612] TPS65090_RAILSFET4: supplied by vdd-sys-3v3
[    0.087141] TPS65090_RAILSFET5: supplied by vdd-sys-3v3
[    0.087660] TPS65090_RAILSFET6: supplied by vdd-sys-3v3
[    0.088495] TPS65090_RAILSFET7: supplied by vdd-sys-3v3
[    0.089018] TPS65090_RAILSLDO1: supplied by vdd_ac_bat
[    0.089226] TPS65090_RAILSLDO2: supplied by vdd_ac_bat
[    0.090133] palmas 2-0058: Irq flag is 0x00000004
[    0.092085] palmas 2-0058: Muxing GPIO ff, PWM 0, LED 0
[    0.094565] SMPS12: supplied by vdd-ao
[    0.095589] vdd_hdmi_5v0: supplied by vdd-sys-5v0
[    0.096398] SMPS3: supplied by vdd-ao
[    0.098130] SMPS457: supplied by vdd-sys-3v3
[    0.099771] SMPS6: supplied by regulator-dummy
[    0.101175] SMPS8: supplied by vdd-sys-3v3
[    0.101835] random: fast init done
[    0.102781] SMPS9: supplied by vdd-sys-3v3
[    0.103318] sdhci-vdd-sd-slot: Bringing 2840000uV into 2800000-2800000uV
[    0.104705] SMPS10_OUT2: supplied by regulator-dummy
[    0.105551] SMPS10_OUT1: supplied by regulator-dummy
[    0.106409] LDO1: supplied by vdd-sys-3v3
[    0.107518] LDO2: supplied by vdd-sys-3v3
[    0.108653] LDO3: supplied by vddio-1v8
[    0.109769] LDO4: supplied by vdd-sys-3v3
[    0.110895] LDO5: supplied by vdd_ac_bat
[    0.111591] LDO6: supplied by vdd-sys-3v3
[    0.112102] vdd-sensor-2v85: Bringing 2900000uV into 2850000-2850000uV
[    0.113464] LDO7: supplied by vdd-sys-3v3
[    0.115099] LDO8: supplied by vdd-ao
[    0.115627] vdd-rtc: Bringing 675000uV into 900000-900000uV
[    0.123888] LDO9: supplied by sdhci-vdd-sd-slot
[    0.134214] LDOLN: supplied by vdd-sys-5v0
[    0.135345] LDOUSB: supplied by vdd-sys-5v0
[    0.146504] pps_core: LinuxPPS API ver. 1 registered
[    0.146515] pps_core: Software ver. 5.3.6 - Copyright 2005-2007 Rodolfo Giometti <giometti@linux.it>
[    0.146539] PTP clock support registered
[    0.146719] EDAC MC: Ver: 3.0.0
[    0.148818] clocksource: Switched to clocksource arch_sys_counter
[    0.206957] NET: Registered protocol family 2
[    0.207470] TCP established hash table entries: 8192 (order: 3, 32768 bytes)
[    0.207572] TCP bind hash table entries: 8192 (order: 4, 65536 bytes)
[    0.207760] TCP: Hash tables configured (established 8192 bind 8192)
[    0.207847] UDP hash table entries: 512 (order: 2, 16384 bytes)
[    0.207891] UDP-Lite hash table entries: 512 (order: 2, 16384 bytes)
[    0.208042] NET: Registered protocol family 1
[    0.208364] RPC: Registered named UNIX socket transport module.
[    0.208375] RPC: Registered udp transport module.
[    0.208384] RPC: Registered tcp transport module.
[    0.208393] RPC: Registered tcp NFSv4.1 backchannel transport module.
[    0.208406] PCI: CLS 0 bytes, default 64
[    0.210869] workingset: timestamp_bits=30 max_order=19 bucket_order=0
[    0.219498] squashfs: version 4.0 (2009/01/31) Phillip Lougher
[    0.220213] NFS: Registering the id_resolver key type
[    0.220237] Key type id_resolver registered
[    0.220247] Key type id_legacy registered
[    0.220291] ntfs: driver 2.1.32 [Flags: R/O].
[    0.221983] bounce: pool size: 64 pages
[    0.222025] Block layer SCSI generic (bsg) driver version 0.4 loaded (major 248)
[    0.222038] io scheduler noop registered
[    0.222048] io scheduler deadline registered
[    0.222077] io scheduler cfq registered (default)
[    0.222088] io scheduler mq-deadline registered
[    0.222098] io scheduler kyber registered
[    0.251937] tegra-apbdma 6000a000.dma: Tegra20 APB DMA driver register 32 channels
[    0.254422] tegra-pmc 7000e400.pmc: i2c-thermtrip node not found, emergency thermal reset disabled.
[    0.309202] Serial: 8250/16550 driver, 4 ports, IRQ sharing disabled
[    0.311839] console [ttyS0] disabled
[    0.311881] 70006300.serial: ttyS0 at MMIO 0x70006300 (irq = 329, base_baud = 25500000) is a Tegra
[    1.309649] console [ttyS0] enabled
[    1.313862] SuperH (H)SCI(F) driver initialized
[    1.319302] msm_serial: driver initialized
[    1.323568] STMicroelectronics ASC driver initialized
[    1.333846] tegra-hdmi 54280000.hdmi: failed to get HDMI regulator
[    1.358388] brd: module loaded
[    1.368921] loop: module loaded
[    1.388570] m25p80 spi32766.0: w25q32dw (4096 Kbytes)
[    1.396684] libphy: Fixed MDIO Bus: probed
[    1.401898] CAN device driver interface
[    1.406517] bgmac_bcma: Broadcom 47xx GBit MAC driver loaded
[    1.413362] e1000e: Intel(R) PRO/1000 Network Driver - 3.2.6-k
[    1.419205] e1000e: Copyright(c) 1999 - 2015 Intel Corporation.
[    1.425170] igb: Intel(R) Gigabit Ethernet Network Driver - version 5.4.0-k
[    1.432137] igb: Copyright (c) 2007-2014 Intel Corporation.
[    1.440874] pegasus: v0.9.3 (2013/04/25), Pegasus/Pegasus II USB Ethernet driver
[    1.448307] usbcore: registered new interface driver pegasus
[    1.454024] usbcore: registered new interface driver asix
[    1.459473] usbcore: registered new interface driver ax88179_178a
[    1.465592] usbcore: registered new interface driver cdc_ether
[    1.471482] usbcore: registered new interface driver smsc75xx
[    1.477267] usbcore: registered new interface driver smsc95xx
[    1.483055] usbcore: registered new interface driver net1080
[    1.488740] usbcore: registered new interface driver cdc_subset
[    1.494700] usbcore: registered new interface driver zaurus
[    1.500339] usbcore: registered new interface driver cdc_ncm
[    1.507867] ehci_hcd: USB 2.0 'Enhanced' Host Controller (EHCI) Driver
[    1.514408] ehci-pci: EHCI PCI platform driver
[    1.518901] ehci-platform: EHCI generic platform driver
[    1.524295] ehci-orion: EHCI orion driver
[    1.528439] SPEAr-ehci: EHCI SPEAr driver
[    1.532588] ehci-st: EHCI STMicroelectronics driver
[    1.537581] ehci-exynos: EHCI EXYNOS driver
[    1.541915] ehci-atmel: EHCI Atmel driver
[    1.546040] tegra-ehci: Tegra EHCI driver
[    1.550352] ohci_hcd: USB 1.1 'Open' Host Controller (OHCI) Driver
[    1.556534] ohci-pci: OHCI PCI platform driver
[    1.561033] ohci-platform: OHCI generic platform driver
[    1.566392] ohci-omap3: OHCI OMAP3 driver
[    1.570543] SPEAr-ohci: OHCI SPEAr driver
[    1.574673] ohci-st: OHCI STMicroelectronics driver
[    1.579686] ohci-atmel: OHCI Atmel driver
[    1.584355] usbcore: registered new interface driver usb-storage
[    1.595990] palmas-rtc 7000d000.i2c:tps65913@58:rtc: rtc core: registered 7000d000.i2c:tps659 as rtc0
[    1.607034] tegra_rtc 7000e000.rtc: rtc core: registered 7000e000.rtc as rtc1
[    1.614217] tegra_rtc 7000e000.rtc: Tegra internal Real Time Clock
[    1.620884] i2c /dev entries driver
[    1.630573] sbs-battery 0-000b: sbs_probe: Failed to get device status
[    1.637107] sbs-battery: probe of 0-000b failed with error -121
[    1.653110] sdhci: Secure Digital Host Controller Interface driver
[    1.659308] sdhci: Copyright(c) Pierre Ossman
[    1.665030] Synopsys Designware Multimedia Card Interface Driver
[    1.672173] sdhci-pltfm: SDHCI platform and OF driver helper
[    1.678515] sdhci-tegra 78000400.sdhci: Got CD GPIO
[    1.683431] sdhci-tegra 78000400.sdhci: Got WP GPIO
[    1.696603] mmc0: Invalid maximum block size, assuming 512 bytes
[    1.758955] mmc0: SDHCI controller on 78000400.sdhci [78000400.sdhci] using ADMA
[    1.775599] mmc1: Invalid maximum block size, assuming 512 bytes
[    1.838860] mmc1: SDHCI controller on 78000600.sdhci [78000600.sdhci] using ADMA
[    1.848008] ledtrig-cpu: registered to indicate activity on CPUs
[    1.854400] usbcore: registered new interface driver usbhid
[    1.859987] usbhid: USB HID core driver
[    1.867424] NET: Registered protocol family 10
[    1.872805] Segment Routing with IPv6
[    1.876518] sit: IPv6, IPv4 and MPLS over IPv4 tunneling driver
[    1.883060] NET: Registered protocol family 17
[    1.887506] can: controller area network core (rev 20170425 abi 9)
[    1.893755] NET: Registered protocol family 29
[    1.898195] can: raw protocol (rev 20170425)
[    1.902484] can: broadcast manager protocol (rev 20170425 t)
[    1.908142] can: netlink gateway (rev 20170425) max_hops=1
[    1.913948] Key type dns_resolver registered
[    1.918779] ThumbEE CPU extension supported.
[    1.923073] Registering SWP/SWPB emulation handler
[    1.941695] usb1_vbus: supplied by vdd-sys-5v0
[    1.944446] mmc0: new high speed SDHC card at address aaaa
[    1.945040] mmcblk0: mmc0:aaaa SL16G 14.8 GiB 
[    1.957133] usb2_vbus: supplied by vdd-sys-5v0
[    1.965218] VDD_5V0_HDMI_CON: supplied by vdd-sys-5v0
[    1.969696]  mmcblk0: p1 p2 p3
[    1.982993] tegra-ehci 7d008000.usb: EHCI Host Controller
[    1.988423] tegra-ehci 7d008000.usb: new USB bus registered, assigned bus number 1
[    1.995034] mmc1: new high speed MMC card at address 0001
[    1.995896] mmcblk1: mmc1:0001 SEM32G 29.1 GiB 
[    1.996509] mmcblk1boot0: mmc1:0001 SEM32G partition 1 4.00 MiB
[    1.996988] mmcblk1boot1: mmc1:0001 SEM32G partition 2 4.00 MiB
[    1.997486] mmcblk1rpmb: mmc1:0001 SEM32G partition 3 4.00 MiB
[    2.002003]  mmcblk1: p1 p2 p3 p4 p5 p6 p7 p8
[    2.028257] tegra-ehci 7d008000.usb: irq 339, io mem 0x7d008000
[    2.058956] tegra-ehci 7d008000.usb: USB 2.0 started, EHCI 1.10
[    2.066067] hub 1-0:1.0: USB hub found
[    2.069932] hub 1-0:1.0: 1 port detected
[    2.075576] input: gpio-keys as /devices/soc0/gpio-keys/input/input0
[    2.084507] palmas-rtc 7000d000.i2c:tps65913@58:rtc: setting system clock to 2001-03-15 14:45:28 UTC (984667528)
[    2.095262] vdd_hdmi_5v0: disabling
[    2.105717] dvdd_ts: disabling
[    2.108783] usb1_vbus: disabling
[    2.112071] vdd_cam_1v8_reg: disabling
[    2.115830] VDD_5V0_HDMI_CON: disabling
[    2.121268] EXT4-fs (mmcblk1p1): mounting ext3 file system using the ext4 subsystem
[    2.144497] EXT4-fs (mmcblk1p1): recovery complete
[    2.149367] EXT4-fs (mmcblk1p1): mounted filesystem with ordered data mode. Opts: (null)
[    2.157500] VFS: Mounted root (ext3 filesystem) on device 179:17.
[    2.166264] devtmpfs: mounted
[    2.171262] Freeing unused kernel memory: 2048K
bash: cannot set terminal process group (-1): Inappropriate ioctl for device
bash: no job control in this shell
root@(none):/# [    2.428951] usb 1-1: new high-speed USB device number 2 using tegra-ehci
[    3.103784] asix 1-1:1.0 eth0: register 'asix' at usb-7d008000.usb-1, ASIX AX88772 USB 2.0 Ethernet, 00:50:b6:0d:b5:16
mount -t sysfs none /sys
root@(none):/# 
root@(none):/# mount -t debugfs none /sys/kernel/debug
root@(none):/# 
root@(none):/# rtcwake -d rtc1 -m mem -s 3
rtcwake: assuming RTC uses UTC ...
rtcwake: wakeup from "mem" using /dev/rtc1 at Thu Jan  1 00:00:19 1970
[    5.359793] PM: Syncing filesystems ... done.
[    5.366547] Freezing user space processes ... (elapsed 0.001 seconds) done.
[    5.374893] OOM killer disabled.
[    5.378116] Freezing remaining freezable tasks ... (elapsed 0.001 seconds) done.
[    5.386910] Suspending console(s) (use no_console_suspend to debug)
[    5.440612] PM: suspend of devices complete after 46.192 msecs
[    5.443407] PM: late suspend of devices complete after 2.778 msecs
[    5.445424] PM: noirq suspend of devices complete after 2.006 msecs
[    5.445429] Disabling non-boot CPUs ...
[    5.583654] Entering suspend state LP1
[    5.583654] Suspended for 7.032 seconds
[    5.583675] Enabling non-boot CPUs ...
[    5.612861] CPU1 is up
[    5.652994] CPU2 is up
[    5.693665] CPU3 is up
[    5.694812] PM: noirq resume of devices complete after 1.136 msecs
[    5.697272] PM: early resume of devices complete after 2.023 msecs
[    6.239945] PM: resume of devices complete after 542.656 msecs
[    6.300099] OOM killer enabled.
[    6.303234] Restarting tasks ... done.
root@(none):/# 
root@(none):/# rtcwake -d rtc1 -m mem -s 3
rtcwake: assuming RTC uses UTC ...
rtcwake: wakeup from "mem" using /dev/rtc1 at Thu Jan  1 00:00:28 1970
[    7.330163] PM: Syncing filesystems ... done.
[    7.335768] Freezing user space processes ... (elapsed 0.001 seconds) done.
[    7.344137] OOM killer disabled.
[    7.347361] Freezing remaining freezable tasks ... (elapsed 0.001 seconds) done.
[    7.356191] Suspending console(s) (use no_console_suspend to debug)
[    7.410829] PM: suspend of devices complete after 47.137 msecs
[    7.413558] PM: late suspend of devices complete after 2.713 msecs
[    7.415582] PM: noirq suspend of devices complete after 2.013 msecs
[    7.415588] Disabling non-boot CPUs ...
[    7.464233] IRQ17 no longer affine to CPU2
[    7.573212] Entering suspend state LP1
[    7.573212] Suspended for 7.010 seconds
[    7.573233] Enabling non-boot CPUs ...
[    7.602778] CPU1 is up
[    7.642914] CPU2 is up
[    7.683584] CPU3 is up
[    7.684702] PM: noirq resume of devices complete after 1.107 msecs
[    7.687518] PM: early resume of devices complete after 2.374 msecs
[    8.238225] PM: resume of devices complete after 550.691 msecs
[    8.302492] OOM killer enabled.
[    8.305626] Restarting tasks ... done.
root@(none):/# 
root@(none):/# rtcwake -d rtc1 -m mem -s 3
rtcwake: assuming RTC uses UTC ...
rtcwake: wakeup from "mem" using /dev/rtc1 at Thu Jan  1 00:00:37 1970
[    9.330922] PM: Syncing filesystems ... done.
[    9.336099] Freezing user space processes ... (elapsed 0.001 seconds) done.
[    9.344450] OOM killer disabled.
[    9.347674] Freezing remaining freezable tasks ... (elapsed 0.001 seconds) done.
[    9.356488] Suspending console(s) (use no_console_suspend to debug)
[    9.411153] PM: suspend of devices complete after 47.149 msecs
[    9.414208] PM: late suspend of devices complete after 3.040 msecs
[    9.416362] PM: noirq suspend of devices complete after 2.138 msecs
[    9.416368] Disabling non-boot CPUs ...
[    9.552372] Entering suspend state LP1
[    9.552372] Suspended for 7.021 seconds
[    9.552393] Enabling non-boot CPUs ...
[    9.583246] CPU1 is up
[    9.622891] CPU2 is up
[    9.663557] CPU3 is up
[    9.664688] PM: noirq resume of devices complete after 1.120 msecs
[    9.667487] PM: early resume of devices complete after 2.348 msecs
[   10.209788] PM: resume of devices complete after 542.284 msecs
[   10.270012] OOM killer enabled.
[   10.273147] Restarting tasks ... done.
root@(none):/# 
root@(none):/# rtcwake -d rtc1 -m mem -s 3
rtcwake: assuming RTC uses UTC ...
rtcwake: wakeup from "mem" using /dev/rtc1 at Thu Jan  1 00:00:46 1970
[   11.298209] PM: Syncing filesystems ... done.
[   11.303771] Freezing user space processes ... (elapsed 0.001 seconds) done.
[   11.312124] OOM killer disabled.
[   11.315347] Freezing remaining freezable tasks ... (elapsed 0.001 seconds) done.
[   11.324191] Suspending console(s) (use no_console_suspend to debug)
[   11.380642] PM: suspend of devices complete after 48.955 msecs
[   11.383457] PM: late suspend of devices complete after 2.799 msecs
[   11.385483] PM: noirq suspend of devices complete after 2.016 msecs
[   11.385489] Disabling non-boot CPUs ...
[   11.532326] Entering suspend state LP1
[   11.532326] Suspended for 7.019 seconds
[   11.532346] Enabling non-boot CPUs ...
[   11.563171] CPU1 is up
[   11.602827] CPU2 is up
[   11.643501] CPU3 is up
[   11.644639] PM: noirq resume of devices complete after 1.126 msecs
[   11.647027] PM: early resume of devices complete after 1.946 msecs
[   12.188116] PM: resume of devices complete after 541.072 msecs
[   12.248267] OOM killer enabled.
[   12.251412] Restarting tasks ... done.
root@(none):/# 
root@(none):/# rtcwake -d rtc1 -m mem -s 3
rtcwake: assuming RTC uses UTC ...
rtcwake: wakeup from "mem" using /dev/rtc1 at Thu Jan  1 00:00:55 1970
[   13.293236] PM: Syncing filesystems ... done.
[   13.298906] Freezing user space processes ... (elapsed 0.001 seconds) done.
[   13.307227] OOM killer disabled.
[   13.310485] Freezing remaining freezable tasks ... (elapsed 0.001 seconds) done.
[   13.319306] Suspending console(s) (use no_console_suspend to debug)
[   13.371037] PM: suspend of devices complete after 44.243 msecs
[   13.374093] PM: late suspend of devices complete after 3.039 msecs
[   13.376083] PM: noirq suspend of devices complete after 1.978 msecs
[   13.376089] Disabling non-boot CPUs ...
[   13.376592] IRQ17 no longer affine to CPU1
[   13.523028] Entering suspend state LP1
[   13.523028] Suspended for 7.009 seconds
[   13.523048] Enabling non-boot CPUs ...
[   13.552656] CPU1 is up
[   13.592786] CPU2 is up
[   13.633463] CPU3 is up
[   13.634586] PM: noirq resume of devices complete after 1.111 msecs
[   13.637359] PM: early resume of devices complete after 2.307 msecs
[   14.177051] PM: resume of devices complete after 539.676 msecs
[   14.241334] OOM killer enabled.
[   14.244470] Restarting tasks ... done.
root@(none):/# 
root@(none):/# rtcwake -d rtc1 -m mem -s 3
rtcwake: assuming RTC uses UTC ...
rtcwake: wakeup from "mem" using /dev/rtc1 at Thu Jan  1 00:01:04 1970
[   15.270323] PM: Syncing filesystems ... done.
[   15.275852] Freezing user space processes ... (elapsed 0.001 seconds) done.
[   15.284212] OOM killer disabled.
[   15.287435] Freezing remaining freezable tasks ... (elapsed 0.001 seconds) done.
[   15.296248] Suspending console(s) (use no_console_suspend to debug)
[   15.350995] PM: suspend of devices complete after 47.230 msecs
[   15.354018] PM: late suspend of devices complete after 3.006 msecs
[   15.356006] PM: noirq suspend of devices complete after 1.978 msecs
[   15.356012] Disabling non-boot CPUs ...
[   15.492227] Entering suspend state LP1
[   15.492227] Suspended for 7.031 seconds
[   15.492247] Enabling non-boot CPUs ...
[   15.523097] CPU1 is up
[   15.562743] CPU2 is up
[   15.603402] CPU3 is up
[   15.604533] PM: noirq resume of devices complete after 1.120 msecs
[   15.606896] PM: early resume of devices complete after 1.914 msecs
[   16.144624] PM: resume of devices complete after 537.711 msecs
[   16.204805] OOM killer enabled.
[   16.207939] Restarting tasks ... done.
root@(none):/# 
root@(none):/# rtcwake -d rtc1 -m mem -s 3
rtcwake: assuming RTC uses UTC ...
rtcwake: wakeup from "mem" using /dev/rtc1 at Thu Jan  1 00:01:13 1970
[   17.239014] PM: Syncing filesystems ... done.
[   17.244706] Freezing user space processes ... (elapsed 0.001 seconds) done.
[   17.252952] OOM killer disabled.
[   17.256176] Freezing remaining freezable tasks ... (elapsed 0.001 seconds) done.
[   17.264995] Suspending console(s) (use no_console_suspend to debug)
[   17.321145] PM: suspend of devices complete after 48.646 msecs
[   17.323881] PM: late suspend of devices complete after 2.719 msecs
[   17.325902] PM: noirq suspend of devices complete after 2.010 msecs
[   17.325907] Disabling non-boot CPUs ...
[   17.326421] IRQ17 no longer affine to CPU1
[   17.462979] Entering suspend state LP1
[   17.462979] Suspended for 7.029 seconds
[   17.462999] Enabling non-boot CPUs ...
[   17.492558] CPU1 is up
[   17.532687] CPU2 is up
[   17.573349] CPU3 is up
[   17.574463] PM: noirq resume of devices complete after 1.103 msecs
[   17.577268] PM: early resume of devices complete after 2.360 msecs
[   18.116530] PM: resume of devices complete after 539.246 msecs
[   18.180820] OOM killer enabled.
[   18.183956] Restarting tasks ... done.
root@(none):/# 
root@(none):/# rtcwake -d rtc1 -m mem -s 3
rtcwake: assuming RTC uses UTC ...
rtcwake: wakeup from "mem" using /dev/rtc1 at Thu Jan  1 00:01:22 1970
[   19.210285] PM: Syncing filesystems ... done.
[   19.215845] Freezing user space processes ... (elapsed 0.001 seconds) done.
[   19.224220] OOM killer disabled.
[   19.227443] Freezing remaining freezable tasks ... (elapsed 0.001 seconds) done.
[   19.236255] Suspending console(s) (use no_console_suspend to debug)
[   19.290576] PM: suspend of devices complete after 46.806 msecs
[   19.293539] PM: late suspend of devices complete after 2.947 msecs
[   19.295530] PM: noirq suspend of devices complete after 1.979 msecs
[   19.295535] Disabling non-boot CPUs ...
[   19.296036] IRQ17 no longer affine to CPU1
[   19.442426] Entering suspend state LP1
[   19.442426] Suspended for 7.020 seconds
[   19.442446] Enabling non-boot CPUs ...
[   19.472514] CPU1 is up
[   19.512650] CPU2 is up
[   19.553329] CPU3 is up
[   19.554445] PM: noirq resume of devices complete after 1.105 msecs
[   19.556848] PM: early resume of devices complete after 1.941 msecs
[   20.100035] PM: resume of devices complete after 543.170 msecs
[   20.164334] OOM killer enabled.
[   20.167468] Restarting tasks ... done.
root@(none):/# 
root@(none):/# rtcwake -d rtc1 -m mem -s 3
rtcwake: assuming RTC uses UTC ...
rtcwake: wakeup from "mem" using /dev/rtc1 at Thu Jan  1 00:01:31 1970
[   21.189699] PM: Syncing filesystems ... done.
[   21.195231] Freezing user space processes ... (elapsed 0.001 seconds) done.
[   21.203589] OOM killer disabled.
[   21.206811] Freezing remaining freezable tasks ... (elapsed 0.001 seconds) done.
[   21.215653] Suspending console(s) (use no_console_suspend to debug)
[   21.270835] PM: suspend of devices complete after 47.683 msecs
[   21.273850] PM: late suspend of devices complete after 2.998 msecs
[   21.275805] PM: noirq suspend of devices complete after 1.944 msecs
[   21.275810] Disabling non-boot CPUs ...
[   21.412170] Entering suspend state LP1
[   21.412170] Suspended for 7.030 seconds
[   21.412190] Enabling non-boot CPUs ...
[   21.442916] CPU1 is up
[   21.482591] CPU2 is up
[   21.523257] CPU3 is up
[   21.524407] PM: noirq resume of devices complete after 1.139 msecs
[   21.526700] PM: early resume of devices complete after 1.839 msecs
[   22.068736] PM: resume of devices complete after 542.019 msecs
[   22.128971] OOM killer enabled.
[   22.132105] Restarting tasks ... done.
root@(none):/# 
root@(none):/# rtcwake -d rtc1 -m mem -s 3
rtcwake: assuming RTC uses UTC ...
rtcwake: wakeup from "mem" using /dev/rtc1 at Thu Jan  1 00:01:40 1970
[   23.159603] PM: Syncing filesystems ... done.
[   23.165113] Freezing user space processes ... (elapsed 0.001 seconds) done.
[   23.173471] OOM killer disabled.
[   23.176695] Freezing remaining freezable tasks ... (elapsed 0.001 seconds) done.
[   23.185528] Suspending console(s) (use no_console_suspend to debug)
[   23.240764] PM: suspend of devices complete after 47.731 msecs
[   23.243515] PM: late suspend of devices complete after 2.734 msecs
[   23.245639] PM: noirq suspend of devices complete after 2.114 msecs
[   23.245645] Disabling non-boot CPUs ...
[   23.382029] Entering suspend state LP1
[   23.382029] Suspended for 7.030 seconds
[   23.382050] Enabling non-boot CPUs ...
[   23.412916] CPU1 is up
[   23.452543] CPU2 is up
[   23.493229] CPU3 is up
[   23.494353] PM: noirq resume of devices complete after 1.112 msecs
[   23.496813] PM: early resume of devices complete after 1.998 msecs
[   24.039241] PM: resume of devices complete after 542.411 msecs
[   24.099483] OOM killer enabled.
[   24.102618] Restarting tasks ... done.
root@(none):/# 
root@(none):/# NVTB SYSTEM SUSPEND TEST COMPLETE
