[    0.000000] Booting Linux on physical CPU 0x0
[    0.000000] Linux version 4.13.0-rc1-184950-g5771a8c (jonathanh@sellafield) (gcc version 4.9.2 20140904 (prerelease) (crosstool-NG linaro-1.13.1-4.9-2014.09 - Linaro GCC 4.9-2014.09)) #1 SMP PREEMPT Mon Jul 17 13:09:57 PDT 2017
[    0.000000] Boot CPU: AArch64 Processor [411fd070]
[    0.000000] Machine model: linux,dummy-virt
[    0.000000] Memory limited to 1024MB
[    0.000000] efi: Getting EFI parameters from FDT:
[    0.000000] efi: UEFI not found.
[    0.000000] cma: Reserved 16 MiB at 0x000000007f000000
[    0.000000] NUMA: No NUMA configuration found
[    0.000000] NUMA: Faking a node at [mem 0x0000000000000000-0x000000007fffffff]
[    0.000000] NUMA: Adding memblock [0x40000000 - 0x7fffffff] on node 0
[    0.000000] NUMA: Initmem setup node 0 [mem 0x40000000-0x7fffffff]
[    0.000000] NUMA: NODE_DATA [mem 0x7efe8d80-0x7efea87f]
[    0.000000] Zone ranges:
[    0.000000]   DMA      [mem 0x0000000040000000-0x000000007fffffff]
[    0.000000]   Normal   empty
[    0.000000] Movable zone start for each node
[    0.000000] Early memory node ranges
[    0.000000]   node   0: [mem 0x0000000040000000-0x000000007fffffff]
[    0.000000] Initmem setup node 0 [mem 0x0000000040000000-0x000000007fffffff]
[    0.000000] psci: probing for conduit method from DT.
[    0.000000] psci: PSCIv0.2 detected in firmware.
[    0.000000] psci: Using standard PSCI v0.2 function IDs
[    0.000000] psci: Trusted OS migration not required
[    0.000000] percpu: Embedded 26 pages/cpu @ffff80003efcb000 s67456 r8192 d30848 u106496
[    0.000000] Detected PIPT I-cache on CPU0
[    0.000000] CPU features: enabling workaround for ARM erratum 832075
[    0.000000] CPU features: enabling workaround for ARM erratum 834220
[    0.000000] Built 1 zonelists in Node order, mobility grouping on.  Total pages: 258048
[    0.000000] Policy zone: DMA
[    0.000000] Kernel command line: root=/dev/vda2 rw rootwait mem=1024M console=ttyAMA0,38400n8 init=/bin/bash
[    0.000000] PID hash table entries: 4096 (order: 3, 32768 bytes)
[    0.000000] Memory: 999304K/1048576K available (9084K kernel code, 1116K rwdata, 4412K rodata, 1088K init, 403K bss, 32888K reserved, 16384K cma-reserved)
[    0.000000] Virtual kernel memory layout:
[    0.000000]     modules : 0xffff000000000000 - 0xffff000008000000   (   128 MB)
[    0.000000]     vmalloc : 0xffff000008000000 - 0xffff7dffbfff0000   (129022 GB)
[    0.000000]       .text : 0xffff000008080000 - 0xffff000008960000   (  9088 KB)
[    0.000000]     .rodata : 0xffff000008960000 - 0xffff000008dc0000   (  4480 KB)
[    0.000000]       .init : 0xffff000008dc0000 - 0xffff000008ed0000   (  1088 KB)
[    0.000000]       .data : 0xffff000008ed0000 - 0xffff000008fe7200   (  1117 KB)
[    0.000000]        .bss : 0xffff000008fe7200 - 0xffff00000904c070   (   404 KB)
[    0.000000]     fixed   : 0xffff7dfffe7fd000 - 0xffff7dfffec00000   (  4108 KB)
[    0.000000]     PCI I/O : 0xffff7dfffee00000 - 0xffff7dffffe00000   (    16 MB)
[    0.000000]     vmemmap : 0xffff7e0000000000 - 0xffff800000000000   (  2048 GB maximum)
[    0.000000]               0xffff7e0000000000 - 0xffff7e0001000000   (    16 MB actual)
[    0.000000]     memory  : 0xffff800000000000 - 0xffff800040000000   (  1024 MB)
[    0.000000] SLUB: HWalign=64, Order=0-3, MinObjects=0, CPUs=1, Nodes=1
[    0.000000] Preemptible hierarchical RCU implementation.
[    0.000000] 	RCU restricting CPUs from NR_CPUS=64 to nr_cpu_ids=1.
[    0.000000] RCU: Adjusting geometry for rcu_fanout_leaf=16, nr_cpu_ids=1
[    0.000000] NR_IRQS: 64, nr_irqs: 64, preallocated irqs: 0
[    0.000000] GICv2m: range[mem 0x08020000-0x08020fff], SPI[80:143]
[    0.000000] arch_timer: cp15 timer(s) running at 62.50MHz (virt).
[    0.000000] clocksource: arch_sys_counter: mask: 0xffffffffffffff max_cycles: 0x1cd42e208c, max_idle_ns: 881590405314 ns
[    0.000212] sched_clock: 56 bits at 62MHz, resolution 16ns, wraps every 4398046511096ns
[    0.008088] Console: colour dummy device 80x25
[    0.009665] Calibrating delay loop (skipped), value calculated using timer frequency.. 125.00 BogoMIPS (lpj=250000)
[    0.009861] pid_max: default: 32768 minimum: 301
[    0.011271] Security Framework initialized
[    0.014608] Dentry cache hash table entries: 131072 (order: 8, 1048576 bytes)
[    0.015903] Inode-cache hash table entries: 65536 (order: 7, 524288 bytes)
[    0.016154] Mount-cache hash table entries: 2048 (order: 2, 16384 bytes)
[    0.016287] Mountpoint-cache hash table entries: 2048 (order: 2, 16384 bytes)
[    0.065143] ASID allocator initialised with 65536 entries
[    0.072417] Hierarchical SRCU implementation.
[    0.086075] EFI services will not be available.
[    0.093756] smp: Bringing up secondary CPUs ...
[    0.093879] smp: Brought up 1 node, 1 CPU
[    0.093927] SMP: Total of 1 processors activated.
[    0.094055] CPU features: detected feature: 32-bit EL0 Support
[    0.095470] CPU: All CPU(s) started at EL1
[    0.096224] alternatives: patching kernel code
[    0.115682] devtmpfs: initialized
[    0.134819] clocksource: jiffies: mask: 0xffffffff max_cycles: 0xffffffff, max_idle_ns: 7645041785100000 ns
[    0.135059] futex hash table entries: 256 (order: 3, 32768 bytes)
[    0.139537] pinctrl core: initialized pinctrl subsystem
[    0.161413] random: fast init done
[    0.175776] DMI not present or invalid.
[    0.184279] NET: Registered protocol family 16
[    0.211343] cpuidle: using governor menu
[    0.212988] vdso: 2 pages (1 code @ ffff000008966000, 1 data @ ffff000008ed5000)
[    0.213321] hw-breakpoint: found 6 breakpoint and 4 watchpoint registers.
[    0.222615] DMA: preallocated 256 KiB pool for atomic allocations
[    0.227101] Serial: AMBA PL011 UART driver
[    0.299958] 9000000.pl011: ttyAMA0 at MMIO 0x9000000 (irq = 39, base_baud = 0) is a PL011 rev1
[    0.348320] console [ttyAMA0] enabled
[    0.553326] HugeTLB registered 2.00 MiB page size, pre-allocated 0 pages
[    0.568998] ACPI: Interpreter disabled.
[    0.579270] vgaarb: loaded
[    0.583450] SCSI subsystem initialized
[    0.594104] usbcore: registered new interface driver usbfs
[    0.597682] usbcore: registered new interface driver hub
[    0.598784] usbcore: registered new device driver usb
[    0.608200] pps_core: LinuxPPS API ver. 1 registered
[    0.609182] pps_core: Software ver. 5.3.6 - Copyright 2005-2007 Rodolfo Giometti <giometti@linux.it>
[    0.611063] PTP clock support registered
[    0.613836] EDAC MC: Ver: 3.0.0
[    0.622969] dmi: Firmware registration failed.
[    0.625832] Advanced Linux Sound Architecture Driver Initialized.
[    0.644650] clocksource: Switched to clocksource arch_sys_counter
[    0.647658] VFS: Disk quotas dquot_6.6.0
[    0.648349] VFS: Dquot-cache hash table entries: 512 (order 0, 4096 bytes)
[    0.653046] pnp: PnP ACPI: disabled
[    0.738026] NET: Registered protocol family 2
[    0.746565] TCP established hash table entries: 8192 (order: 4, 65536 bytes)
[    0.747813] TCP bind hash table entries: 8192 (order: 5, 131072 bytes)
[    0.748992] TCP: Hash tables configured (established 8192 bind 8192)
[    0.751159] UDP hash table entries: 512 (order: 2, 16384 bytes)
[    0.752005] UDP-Lite hash table entries: 512 (order: 2, 16384 bytes)
[    0.754510] NET: Registered protocol family 1
[    0.767079] RPC: Registered named UNIX socket transport module.
[    0.767696] RPC: Registered udp transport module.
[    0.768155] RPC: Registered tcp transport module.
[    0.768810] RPC: Registered tcp NFSv4.1 backchannel transport module.
[    0.777372] hw perfevents: enabled with armv8_pmuv3 PMU driver, 1 counters available
[    0.778786] kvm [1]: HYP mode not available
[    0.798610] audit: initializing netlink subsys (disabled)
[    0.803630] audit: type=2000 audit(0.769:1): state=initialized audit_enabled=0 res=1
[    0.807780] workingset: timestamp_bits=44 max_order=18 bucket_order=0
[    0.889266] squashfs: version 4.0 (2009/01/31) Phillip Lougher
[    0.900087] NFS: Registering the id_resolver key type
[    0.902451] Key type id_resolver registered
[    0.902915] Key type id_legacy registered
[    0.903488] nfs4filelayout_init: NFSv4 File Layout Driver Registering...
[    0.905677] 9p: Installing v9fs 9p2000 file system support
[    0.923454] Block layer SCSI generic (bsg) driver version 0.4 loaded (major 247)
[    0.924322] io scheduler noop registered
[    0.927208] io scheduler cfq registered (default)
[    0.927703] io scheduler mq-deadline registered
[    0.928155] io scheduler kyber registered
[    0.985813] pl061_gpio 9030000.pl061: PL061 GPIO chip @0x0000000009030000 registered
[    1.000163] OF: PCI: host bridge /pcie@10000000 ranges:
[    1.002020] OF: PCI:    IO 0x3eff0000..0x3effffff -> 0x00000000
[    1.002979] OF: PCI:   MEM 0x10000000..0x3efeffff -> 0x10000000
[    1.003588] OF: PCI:   MEM 0x8000000000..0xffffffffff -> 0x8000000000
[    1.005470] pci-host-generic 3f000000.pcie: ECAM at [mem 0x3f000000-0x3fffffff] for [bus 00-0f]
[    1.007853] pci-host-generic 3f000000.pcie: PCI host bridge to bus 0000:00
[    1.008987] pci_bus 0000:00: root bus resource [bus 00-0f]
[    1.009629] pci_bus 0000:00: root bus resource [io  0x0000-0xffff]
[    1.010198] pci_bus 0000:00: root bus resource [mem 0x10000000-0x3efeffff]
[    1.010826] pci_bus 0000:00: root bus resource [mem 0x8000000000-0xffffffffff]
[    1.086908] xenfs: not registering filesystem on non-xen platform
[    1.133463] Serial: 8250/16550 driver, 4 ports, IRQ sharing enabled
[    1.151827] SuperH (H)SCI(F) driver initialized
[    1.156265] msm_serial: driver initialized
[    1.164174] cacheinfo: Unable to detect cache hierarchy for CPU 0
[    1.207911] loop: module loaded
[    1.251000]  vda: vda1 vda2
[    1.269705] hisi_sas: driver version v1.6
[    1.306023] libphy: Fixed MDIO Bus: probed
[    1.312190] tun: Universal TUN/TAP device driver, 1.6
[    1.336319] e1000e: Intel(R) PRO/1000 Network Driver - 3.2.6-k
[    1.337676] e1000e: Copyright(c) 1999 - 2015 Intel Corporation.
[    1.338776] igb: Intel(R) Gigabit Ethernet Network Driver - version 5.4.0-k
[    1.339156] igb: Copyright (c) 2007-2014 Intel Corporation.
[    1.339934] igbvf: Intel(R) Gigabit Virtual Function Network Driver - version 2.4.0-k
[    1.340359] igbvf: Copyright (c) 2009 - 2012 Intel Corporation.
[    1.344931] sky2: driver version 1.30
[    1.350979] VFIO - User Level meta-driver version: 0.3
[    1.368367] ehci_hcd: USB 2.0 'Enhanced' Host Controller (EHCI) Driver
[    1.369914] ehci-pci: EHCI PCI platform driver
[    1.371220] ehci-platform: EHCI generic platform driver
[    1.373247] ehci-orion: EHCI orion driver
[    1.374299] ehci-exynos: EHCI EXYNOS driver
[    1.375573] ehci-msm: Qualcomm On-Chip EHCI Host Controller
[    1.377470] ohci_hcd: USB 1.1 'Open' Host Controller (OHCI) Driver
[    1.377913] ohci-pci: OHCI PCI platform driver
[    1.378983] ohci-platform: OHCI generic platform driver
[    1.380174] ohci-exynos: OHCI EXYNOS driver
[    1.386289] usbcore: registered new interface driver usb-storage
[    1.411136] rtc-pl031 9010000.pl031: rtc core: registered pl031 as rtc0
[    1.418115] i2c /dev entries driver
[    1.455409] sdhci: Secure Digital Host Controller Interface driver
[    1.455787] sdhci: Copyright(c) Pierre Ossman
[    1.460313] Synopsys Designware Multimedia Card Interface Driver
[    1.469167] sdhci-pltfm: SDHCI platform and OF driver helper
[    1.482616] ledtrig-cpu: registered to indicate activity on CPUs
[    1.496846] usbcore: registered new interface driver usbhid
[    1.497197] usbhid: USB HID core driver
[    1.519691] NET: Registered protocol family 17
[    1.522946] 9pnet: Installing 9P2000 support
[    1.523930] Key type dns_resolver registered
[    1.529082] registered taskstats version 1
[    1.540162] input: gpio-keys as /devices/platform/gpio-keys/input/input0
[    1.545247] rtc-pl031 9010000.pl031: setting system clock to 2017-07-17 20:10:38 UTC (1500322238)
[    1.546735] ALSA device list:
[    1.546971]   No soundcards found.
[    1.551463] uart-pl011 9000000.pl011: no DMA platform data
[    1.558744] EXT4-fs (vda2): couldn't mount as ext3 due to feature incompatibilities
[    1.606380] EXT4-fs (vda2): recovery complete
[    1.607307] EXT4-fs (vda2): mounted filesystem with ordered data mode. Opts: (null)
[    1.608032] VFS: Mounted root (ext4 filesystem) on device 254:2.
[    1.611593] devtmpfs: mounted
[    1.701102] Freeing unused kernel memory: 1088K
bash: cannot set terminal process group (-1): Inappropriate ioctl for device
bash: no job control in this shell
bash-4.3# 