
U-Boot SPL 2014.01-00219-gc4d376f (Feb 18 2014 - 19:57:18)


U-Boot 2014.01-00219-gc4d376f (Feb 18 2014 - 19:57:18)

TEGRA30
Board: NVIDIA Beaver
I2C:   ready
DRAM:  2 GiB
MMC:   Tegra SD/MMC: 0, Tegra SD/MMC: 1
In:    serial
Out:   serial
Err:   serial
Net:   Net Initialization Skipped
No ethernet found.
Hit any key to stop autoboot:  2  0 
Tegra30 (Beaver) # 
Tegra30 (Beaver) # usb reset
(Re)start USB...
USB0:   USB EHCI 1.00
scanning bus 0 for devices... 2 USB Device(s) found
       scanning usb for storage devices... 0 Storage Device(s) found
       scanning usb for ethernet devices... 
Warning: asx0 using MAC address from net device
1 Ethernet Device(s) found
Tegra30 (Beaver) # setenv bootargs 'ignore_loglevel console=ttyS0,115200n8 rw root=PARTUUID=edbe1840-3633-c751-7993-b0ac834f81e0 rootwait gpt debug noinitrd earlyprintk init=/bin/bash'
Tegra30 (Beaver) # setenv ipaddr 192.168.100.101; setenv serverip 192.168.100.1; setenv tftpserverip 192.168.100.1
Tegra30 (Beaver) # tftpboot 0x81000000 zImage.multi_v7_defconfig
Using asx0 device
TFTP from server 192.168.100.1; our IP address is 192.168.100.101
Filename 'zImage.multi_v7_defconfig'.
Load address: 0x81000000
Loading: *#################################################################
	 #################################################################
	 #################################################################
	 #################################################################
	 #################################################################
	 #################################################################
	 #################################################################
	 #################################################################
	 ####################################
	 3.1 MiB/s
done
Bytes transferred = 8159752 (7c8208 hex)
Tegra30 (Beaver) # tftpboot 0x82000000 tegra30-beaver.dtb
Using asx0 device
TFTP from server 192.168.100.1; our IP address is 192.168.100.101
Filename 'tegra30-beaver.dtb'.
Load address: 0x82000000
Loading: *####
	 3.1 MiB/s
done
Bytes transferred = 51860 (ca94 hex)
Tegra30 (Beaver) # bootz 0x81000000 - 0x82000000
Kernel image @ 0x81000000 [ 0x000000 - 0x7c8200 ]
## Flattened Device Tree blob at 82000000
   Booting using the fdt blob at 0x82000000
   Loading Device Tree to 8fff0000, end 8ffffa93 ... OK

Starting kernel ...

[    0.000000] Booting Linux on physical CPU 0x0
[    0.000000] Linux version 4.14.0-rc6-201169-gbb176f6 (jonathanh@sellafield) (gcc version 4.7.3 20130328 (prerelease) (crosstool-NG linaro-1.13.1-4.7-2013.04-20130415 - Linaro GCC 2013.04)) #1 SMP Mon Oct 23 13:49:41 PDT 2017
[    0.000000] CPU: ARMv7 Processor [412fc099] revision 9 (ARMv7), cr=10c5387d
[    0.000000] CPU: PIPT / VIPT nonaliasing data cache, VIPT aliasing instruction cache
[    0.000000] OF: fdt: Machine model: NVIDIA Tegra30 Beaver evaluation board
[    0.000000] debug: ignoring loglevel setting.
[    0.000000] Memory policy: Data cache writealloc
[    0.000000] efi: Getting EFI parameters from FDT:
[    0.000000] efi: UEFI not found.
[    0.000000] cma: Reserved 64 MiB at 0xfb800000
[    0.000000] On node 0 totalpages: 524032
[    0.000000] free_area_init_node: node 0, pgdat c158fa40, node_mem_map eeff8000
[    0.000000]   DMA zone: 1536 pages used for memmap
[    0.000000]   DMA zone: 0 pages reserved
[    0.000000]   DMA zone: 196608 pages, LIFO batch:31
[    0.000000]   HighMem zone: 327424 pages, LIFO batch:31
[    0.000000] random: fast init done
[    0.000000] percpu: Embedded 17 pages/cpu @eef88000 s39424 r8192 d22016 u69632
[    0.000000] pcpu-alloc: s39424 r8192 d22016 u69632 alloc=17*4096
[    0.000000] pcpu-alloc: [0] 0 [0] 1 [0] 2 [0] 3 
[    0.000000] Built 1 zonelists, mobility grouping on.  Total pages: 522496
[    0.000000] Kernel command line: ignore_loglevel console=ttyS0,115200n8 rw root=PARTUUID=edbe1840-3633-c751-7993-b0ac834f81e0 rootwait gpt debug noinitrd earlyprintk init=/bin/bash
[    0.000000] PID hash table entries: 4096 (order: 2, 16384 bytes)
[    0.000000] Dentry cache hash table entries: 131072 (order: 7, 524288 bytes)
[    0.000000] Inode-cache hash table entries: 65536 (order: 6, 262144 bytes)
[    0.000000] Memory: 1993396K/2096128K available (10240K kernel code, 1631K rwdata, 4504K rodata, 2048K init, 406K bss, 37196K reserved, 65536K cma-reserved, 1244160K highmem)
[    0.000000] Virtual kernel memory layout:
[    0.000000]     vector  : 0xffff0000 - 0xffff1000   (   4 kB)
[    0.000000]     fixmap  : 0xffc00000 - 0xfff00000   (3072 kB)
[    0.000000]     vmalloc : 0xf0800000 - 0xff800000   ( 240 MB)
[    0.000000]     lowmem  : 0xc0000000 - 0xf0000000   ( 768 MB)
[    0.000000]     pkmap   : 0xbfe00000 - 0xc0000000   (   2 MB)
[    0.000000]     modules : 0xbf000000 - 0xbfe00000   (  14 MB)
[    0.000000]       .text : 0xc0208000 - 0xc0d00000   (11232 kB)
[    0.000000]       .init : 0xc1200000 - 0xc1400000   (2048 kB)
[    0.000000]       .data : 0xc1400000 - 0xc1597ee8   (1632 kB)
[    0.000000]        .bss : 0xc15a0b9c - 0xc16064fc   ( 407 kB)
[    0.000000] SLUB: HWalign=64, Order=0-3, MinObjects=0, CPUs=4, Nodes=1
[    0.000000] Hierarchical RCU implementation.
[    0.000000] 	RCU event tracing is enabled.
[    0.000000] 	RCU restricting CPUs from NR_CPUS=16 to nr_cpu_ids=4.
[    0.000000] RCU: Adjusting geometry for rcu_fanout_leaf=16, nr_cpu_ids=4
[    0.000000] NR_IRQS: 16, nr_irqs: 16, preallocated irqs: 16
[    0.000000] /interrupt-controller@60004000: 160 interrupts forwarded to /interrupt-controller@50041000
[    0.000000] L2C: platform modifies aux control register: 0x02080000 -> 0x3e480001
[    0.000000] L2C: DT/platform modifies aux control register: 0x02080000 -> 0x3e480001
[    0.000000] L2C-310 erratum 769419 enabled
[    0.000000] L2C-310 enabling early BRESP for Cortex-A9
[    0.000000] L2C-310: enabling full line of zeros but not enabled in Cortex-A9
[    0.000000] L2C-310 dynamic clock gating enabled, standby mode enabled
[    0.000000] L2C-310 cache controller enabled, 8 ways, 1024 kB
[    0.000000] L2C-310: CACHE_ID 0x410000c7, AUX_CTRL 0x4e480001
[    0.000014] sched_clock: 32 bits at 1000kHz, resolution 1000ns, wraps every 2147483647500ns
[    0.000031] clocksource: timer_us: mask: 0xffffffff max_cycles: 0xffffffff, max_idle_ns: 1911260446275 ns
[    0.000040] Switching to timer-based delay loop, resolution 1000ns
[    0.002973] Console: colour dummy device 80x30
[    0.003006] Calibrating delay loop (skipped), value calculated using timer frequency.. 2.00 BogoMIPS (lpj=10000)
[    0.003016] pid_max: default: 32768 minimum: 301
[    0.003100] Mount-cache hash table entries: 2048 (order: 1, 8192 bytes)
[    0.003109] Mountpoint-cache hash table entries: 2048 (order: 1, 8192 bytes)
[    0.003514] CPU: Testing write buffer coherency: ok
[    0.003816] CPU0: thread -1, cpu 0, socket 0, mpidr 80000000
[    0.004039] Setting up static identity map for 0x80300000 - 0x803000a0
[    0.005376] Hierarchical SRCU implementation.
[    0.006722] Tegra Revision: A03 SKU: 128 CPU Process: 4 SoC Process: 0
[    0.007288] EFI services will not be available.
[    0.007391] smp: Bringing up secondary CPUs ...
[    0.010378] CPU1: thread -1, cpu 1, socket 0, mpidr 80000001
[    0.020356] CPU2: thread -1, cpu 2, socket 0, mpidr 80000002
[    0.030339] CPU3: thread -1, cpu 3, socket 0, mpidr 80000003
[    0.030392] smp: Brought up 1 node, 4 CPUs
[    0.030404] SMP: Total of 4 processors activated (8.00 BogoMIPS).
[    0.030408] CPU: All CPU(s) started in SVC mode.
[    0.031125] devtmpfs: initialized
[    0.038432] VFP support v0.3: implementor 41 architecture 3 part 30 variant 9 rev 4
[    0.038872] clocksource: jiffies: mask: 0xffffffff max_cycles: 0xffffffff, max_idle_ns: 19112604462750000 ns
[    0.038892] futex hash table entries: 1024 (order: 4, 65536 bytes)
[    0.042323] pinctrl core: initialized pinctrl subsystem
[    0.043719] DMI not present or invalid.
[    0.043966] NET: Registered protocol family 16
[    0.046395] DMA: preallocated 256 KiB pool for atomic coherent allocations
[    0.048084] cpuidle: using governor menu
[    0.061498] No ATAGs?
[    0.061606] hw-breakpoint: found 5 (+1 reserved) breakpoint and 1 watchpoint registers.
[    0.061618] hw-breakpoint: maximum watchpoint size is 4 bytes.
[    0.065779] Serial: AMBA PL011 UART driver
[    0.066241] tegra-mc 7000f000.memory-controller: no memory timings for RAM code 3 registered
[    0.066343] iommu: Adding device reg-dummy to group 0
[    0.066377] iommu: Adding device 3000.pcie to group 1
[    0.066397] iommu: Adding device 50000000.host1x to group 2
[    0.066415] iommu: Adding device 54040000.mpe to group 3
[    0.066433] iommu: Adding device 54080000.vi to group 4
[    0.066451] iommu: Adding device 540c0000.epp to group 5
[    0.066470] iommu: Adding device 54100000.isp to group 6
[    0.066488] iommu: Adding device 54140000.gr2d to group 7
[    0.066505] iommu: Adding device 54180000.gr3d to group 8
[    0.066577] iommu: Adding device 54200000.dc to group 9
[    0.066627] iommu: Adding device 54240000.dc to group 10
[    0.066648] iommu: Adding device 54280000.hdmi to group 11
[    0.066666] iommu: Adding device 50040600.timer to group 12
[    0.066685] iommu: Adding device 50043000.cache-controller to group 13
[    0.066703] iommu: Adding device 60005000.timer to group 14
[    0.066721] iommu: Adding device 60007000.flow-controller to group 15
[    0.066740] iommu: Adding device 6000a000.dma to group 16
[    0.066762] iommu: Adding device 6000c000.ahb to group 17
[    0.066782] iommu: Adding device 6000d000.gpio to group 18
[    0.066799] iommu: Adding device 70000800.apbmisc to group 19
[    0.066823] iommu: Adding device 70000868.pinmux to group 20
[    0.066842] iommu: Adding device 70006000.serial to group 21
[    0.066861] iommu: Adding device 7000e000.rtc to group 22
[    0.066879] iommu: Adding device 7000c000.i2c to group 23
[    0.066897] iommu: Adding device 7000c400.i2c to group 24
[    0.066922] iommu: Adding device 7000c500.i2c to group 25
[    0.066942] iommu: Adding device 7000c700.i2c to group 26
[    0.066961] iommu: Adding device 7000d000.i2c to group 27
[    0.066979] iommu: Adding device 7000da00.spi to group 28
[    0.066997] iommu: Adding device 7000e400.pmc to group 29
[    0.067016] iommu: Adding device 7000f000.memory-controller to group 30
[    0.067041] iommu: Adding device 7000f800.fuse to group 31
[    0.067063] iommu: Adding device 70080000.ahub to group 32
[    0.067082] iommu: Adding device 78000000.sdhci to group 33
[    0.067105] iommu: Adding device 78000600.sdhci to group 34
[    0.067124] iommu: Adding device 7d000000.usb to group 35
[    0.067144] iommu: Adding device 7d000000.usb-phy to group 36
[    0.067162] iommu: Adding device 7d004000.usb to group 37
[    0.067181] iommu: Adding device 7d004000.usb-phy to group 38
[    0.067199] iommu: Adding device 7d008000.usb to group 39
[    0.067218] iommu: Adding device 7d008000.usb-phy to group 40
[    0.067235] iommu: Adding device pmu to group 41
[    0.067263] iommu: Adding device clocks to group 42
[    0.067281] iommu: Adding device gpio-leds to group 43
[    0.067299] iommu: Adding device regulators to group 44
[    0.067317] iommu: Adding device regulators:regulator@0 to group 45
[    0.067335] iommu: Adding device regulators:regulator@1 to group 46
[    0.067353] iommu: Adding device regulators:regulator@2 to group 47
[    0.067372] iommu: Adding device regulators:regulator@3 to group 48
[    0.067390] iommu: Adding device regulators:regulator@4 to group 49
[    0.067408] iommu: Adding device regulators:regulator@5 to group 50
[    0.067431] iommu: Adding device regulators:regulator@6 to group 51
[    0.067456] iommu: Adding device regulators:regulator@7 to group 52
[    0.067474] iommu: Adding device regulators:regulator@8 to group 53
[    0.067492] iommu: Adding device sound to group 54
[    0.075870] AT91: Could not find identification node
[    0.076379] vdd_5v_sata: Failed to request enable GPIO30: -517
[    0.076394] reg-fixed-voltage regulators:regulator@3: Failed to register regulator: -517
[    0.076444] usb1_vbus: Failed to request enable GPIO238: -517
[    0.076452] reg-fixed-voltage regulators:regulator@4: Failed to register regulator: -517
[    0.076499] usb3_vbus: Failed to request enable GPIO236: -517
[    0.076507] reg-fixed-voltage regulators:regulator@5: Failed to register regulator: -517
[    0.076611] sys_3v3_pexs: Failed to request enable GPIO95: -517
[    0.076618] reg-fixed-voltage regulators:regulator@7: Failed to register regulator: -517
[    0.078399] vgaarb: loaded
[    0.078865] SCSI subsystem initialized
[    0.079000] libata version 3.00 loaded.
[    0.079129] usbcore: registered new interface driver usbfs
[    0.079165] usbcore: registered new interface driver hub
[    0.079199] usbcore: registered new device driver usb
[    0.083565] iommu: Adding device tps65910-gpio to group 55
[    0.083842] iommu: Adding device tps65910-pmic to group 56
[    0.086315] vrtc: supplied by vdd_5v_in
[    0.089596] vio: supplied by vdd_5v_in
[    0.101808] vdd1: supplied by vdd_5v_in
[    0.103167] vddio_ddr_1v2: Bringing 600000uV into 1200000-1200000uV
[    0.111832] vdd2: supplied by vdd_5v_in
[    0.131812] ldo1: supplied by vdd_1v5_gen
[    0.134188] ldo2: supplied by vdd_1v5_gen
[    0.134659] vdd_sata,avdd_plle: Bringing 1200000uV into 1050000-1050000uV
[    0.136883] ldo3: supplied by vdd_5v_in
[    0.139226] ldo4: supplied by vdd_5v_in
[    0.141808] ldo5: supplied by vdd_5v_in
[    0.151812] ldo6: supplied by vdd_1v8_gen
[    0.152283] avdd_dsi_csi,pwrdet_mipi: Bringing 1000000uV into 1200000-1200000uV
[    0.154516] ldo7: supplied by vdd_1v8_gen
[    0.161810] ldo8: supplied by vdd_1v8_gen
[    0.170084] iommu: Adding device tps65910-rtc to group 57
[    0.170199] iommu: Adding device tps65910-power to group 58
[    0.171972] pps_core: LinuxPPS API ver. 1 registered
[    0.171979] pps_core: Software ver. 5.3.6 - Copyright 2005-2007 Rodolfo Giometti <giometti@linux.it>
[    0.171995] PTP clock support registered
[    0.172129] EDAC MC: Ver: 3.0.0
[    0.172327] dmi: Firmware registration failed.
[    0.173633] clocksource: Switched to clocksource timer_us
[    0.206056] NET: Registered protocol family 2
[    0.206462] TCP established hash table entries: 8192 (order: 3, 32768 bytes)
[    0.206518] TCP bind hash table entries: 8192 (order: 4, 65536 bytes)
[    0.206602] TCP: Hash tables configured (established 8192 bind 8192)
[    0.206749] UDP hash table entries: 512 (order: 2, 16384 bytes)
[    0.206819] UDP-Lite hash table entries: 512 (order: 2, 16384 bytes)
[    0.206987] NET: Registered protocol family 1
[    0.207326] RPC: Registered named UNIX socket transport module.
[    0.207333] RPC: Registered udp transport module.
[    0.207338] RPC: Registered tcp transport module.
[    0.207342] RPC: Registered tcp NFSv4.1 backchannel transport module.
[    0.207351] PCI: CLS 0 bytes, default 64
[    0.208158] hw perfevents: no interrupt-affinity property for /pmu, guessing.
[    0.208386] hw perfevents: enabled with armv7_cortex_a9 PMU driver, 7 counters available
[    0.208872] iommu: Adding device alarmtimer to group 59
[    0.209573] workingset: timestamp_bits=30 max_order=19 bucket_order=0
[    0.212950] squashfs: version 4.0 (2009/01/31) Phillip Lougher
[    0.213346] NFS: Registering the id_resolver key type
[    0.213379] Key type id_resolver registered
[    0.213385] Key type id_legacy registered
[    0.213414] ntfs: driver 2.1.32 [Flags: R/O].
[    0.214408] bounce: pool size: 64 pages
[    0.214446] Block layer SCSI generic (bsg) driver version 0.4 loaded (major 248)
[    0.214455] io scheduler noop registered
[    0.214459] io scheduler deadline registered
[    0.214612] io scheduler cfq registered (default)
[    0.214618] io scheduler mq-deadline registered
[    0.214623] io scheduler kyber registered
[    0.220923] tegra30-pinctrl 70000868.pinmux: invalid group "sdmmc3_dat6_pd3" for function "rsvd1"
[    0.220939] tegra30-pinctrl 70000868.pinmux: invalid group "sdmmc3_dat7_pd4" for function "rsvd1"
[    0.220953] tegra30-pinctrl 70000868.pinmux: invalid group "vi_vsync_pd6" for function "rsvd1"
[    0.220963] tegra30-pinctrl 70000868.pinmux: invalid group "vi_hsync_pd7" for function "rsvd1"
[    0.221420] tegra30-pinctrl 70000868.pinmux: invalid group "hdmi_int_pn7" for function "rsvd1"
[    0.221472] tegra30-pinctrl 70000868.pinmux: invalid group "ulpi_data3_po4" for function "rsvd1"
[    0.221810] tegra30-pinctrl 70000868.pinmux: invalid group "vi_d10_pt2" for function "rsvd1"
[    0.221822] tegra30-pinctrl 70000868.pinmux: invalid group "vi_d11_pt3" for function "rsvd1"
[    0.221834] tegra30-pinctrl 70000868.pinmux: invalid group "vi_d0_pt4" for function "rsvd1"
[    0.221876] tegra30-pinctrl 70000868.pinmux: invalid group "pu0" for function "rsvd1"
[    0.221907] tegra30-pinctrl 70000868.pinmux: invalid group "pu3" for function "rsvd1"
[    0.221937] tegra30-pinctrl 70000868.pinmux: invalid group "pu6" for function "rsvd1"
[    0.221978] tegra30-pinctrl 70000868.pinmux: invalid group "pv3" for function "rsvd1"
[    0.222478] tegra30-pinctrl 70000868.pinmux: invalid group "pbb0" for function "rsvd1"
[    0.222608] tegra30-pinctrl 70000868.pinmux: invalid group "pcc1" for function "rsvd1"
[    0.227756] tegra-pcie 3000.pcie: 2x3 configuration
[    0.227914] tegra-pcie 3000.pcie: Failed to get supply 'hvdd-pex': -517
[    0.233459] tegra-apbdma 6000a000.dma: Tegra20 APB DMA driver register 32 channels
[    0.235357] tegra-pmc 7000e400.pmc: i2c-thermtrip node not found, emergency thermal reset disabled.
[    0.263838] Serial: 8250/16550 driver, 4 ports, IRQ sharing disabled
[    0.263922] iommu: Adding device serial8250 to group 60
[    0.265914] console [ttyS0] disabled
[    0.265951] 70006000.serial: ttyS0 at MMIO 0x70006000 (irq = 331, base_baud = 25500000) is a Tegra
[    1.639177] console [ttyS0] enabled
[    1.643191] SuperH (H)SCI(F) driver initialized
[    1.648328] msm_serial: driver initialized
[    1.652519] STMicroelectronics ASC driver initialized
[    1.661427] tegra-hdmi 54280000.hdmi: failed to get HDMI regulator
[    1.674449] brd: module loaded
[    1.682970] loop: module loaded
[    1.691806] m25p80 spi0.1: w25q32 (4096 Kbytes)
[    1.697594] iommu: Adding device Fixed MDIO bus.0 to group 61
[    1.703844] libphy: Fixed MDIO Bus: probed
[    1.708477] CAN device driver interface
[    1.712826] bgmac_bcma: Broadcom 47xx GBit MAC driver loaded
[    1.719218] e1000e: Intel(R) PRO/1000 Network Driver - 3.2.6-k
[    1.725048] e1000e: Copyright(c) 1999 - 2015 Intel Corporation.
[    1.730984] igb: Intel(R) Gigabit Ethernet Network Driver - version 5.4.0-k
[    1.737935] igb: Copyright (c) 2007-2014 Intel Corporation.
[    1.745511] pegasus: v0.9.3 (2013/04/25), Pegasus/Pegasus II USB Ethernet driver
[    1.752936] usbcore: registered new interface driver pegasus
[    1.758614] usbcore: registered new interface driver asix
[    1.764027] usbcore: registered new interface driver ax88179_178a
[    1.770119] usbcore: registered new interface driver cdc_ether
[    1.775975] usbcore: registered new interface driver smsc75xx
[    1.781729] usbcore: registered new interface driver smsc95xx
[    1.787488] usbcore: registered new interface driver net1080
[    1.793147] usbcore: registered new interface driver cdc_subset
[    1.799075] usbcore: registered new interface driver zaurus
[    1.804684] usbcore: registered new interface driver cdc_ncm
[    1.810518] tegra-phy 7d000000.usb-phy: no vbus regulator
[    1.818254] ehci_hcd: USB 2.0 'Enhanced' Host Controller (EHCI) Driver
[    1.824783] ehci-pci: EHCI PCI platform driver
[    1.829235] ehci-platform: EHCI generic platform driver
[    1.834577] ehci-orion: EHCI orion driver
[    1.838659] SPEAr-ehci: EHCI SPEAr driver
[    1.842728] ehci-st: EHCI STMicroelectronics driver
[    1.847679] ehci-exynos: EHCI EXYNOS driver
[    1.851932] ehci-atmel: EHCI Atmel driver
[    1.856015] tegra-ehci: Tegra EHCI driver
[    1.860309] ohci_hcd: USB 1.1 'Open' Host Controller (OHCI) Driver
[    1.866498] ohci-pci: OHCI PCI platform driver
[    1.870956] ohci-platform: OHCI generic platform driver
[    1.876290] SPEAr-ohci: OHCI SPEAr driver
[    1.880359] ohci-st: OHCI STMicroelectronics driver
[    1.885309] ohci-atmel: OHCI Atmel driver
[    1.889729] usbcore: registered new interface driver usb-storage
[    1.899145] iommu: Adding device ci_hdrc.0 to group 62
[    1.909763] tegra_rtc 7000e000.rtc: rtc core: registered 7000e000.rtc as rtc1
[    1.916952] tegra_rtc 7000e000.rtc: Tegra internal Real Time Clock
[    1.935713] tps65910-rtc tps65910-rtc: rtc core: registered tps65910-rtc as rtc0
[    1.943288] i2c /dev entries driver
[    1.948919] IR NEC protocol handler initialized
[    1.953437] IR RC5(x/sz) protocol handler initialized
[    1.958491] IR RC6 protocol handler initialized
[    1.963007] IR JVC protocol handler initialized
[    1.967530] IR Sony protocol handler initialized
[    1.972133] IR SANYO protocol handler initialized
[    1.976828] IR Sharp protocol handler initialized
[    1.981517] IR MCE Keyboard/mouse protocol handler initialized
[    1.987338] IR XMP protocol handler initialized
[    1.997813] sdhci: Secure Digital Host Controller Interface driver
[    2.003996] sdhci: Copyright(c) Pierre Ossman
[    2.009243] Synopsys Designware Multimedia Card Interface Driver
[    2.015974] sdhci-pltfm: SDHCI platform and OF driver helper
[    2.022133] sdhci-tegra 78000000.sdhci: Got CD GPIO
[    2.027025] sdhci-tegra 78000000.sdhci: Got WP GPIO
[    2.040159] mmc0: Invalid maximum block size, assuming 512 bytes
[    2.103747] mmc0: SDHCI controller on 78000000.sdhci [78000000.sdhci] using ADMA
[    2.120123] mmc1: Invalid maximum block size, assuming 512 bytes
[    2.183651] mmc1: SDHCI controller on 78000600.sdhci [78000600.sdhci] using ADMA
[    2.192518] ledtrig-cpu: registered to indicate activity on CPUs
[    2.198807] usbcore: registered new interface driver usbhid
[    2.204378] usbhid: USB HID core driver
[    2.210589] NET: Registered protocol family 10
[    2.215717] Segment Routing with IPv6
[    2.219413] sit: IPv6, IPv4 and MPLS over IPv4 tunneling driver
[    2.225720] NET: Registered protocol family 17
[    2.230159] can: controller area network core (rev 20170425 abi 9)
[    2.236383] NET: Registered protocol family 29
[    2.240814] can: raw protocol (rev 20170425)
[    2.245087] can: broadcast manager protocol (rev 20170425 t)
[    2.250735] can: netlink gateway (rev 20170425) max_hops=1
[    2.256482] Key type dns_resolver registered
[    2.261121] ThumbEE CPU extension supported.
[    2.265403] Registering SWP/SWPB emulation handler
[    2.280988] vdd_ddr: supplied by vdd_5v_in
[    2.285946] vdd_5v_sata: supplied by vdd_5v_in
[    2.290712] usb1_vbus: supplied by vdd_5v_in
[    2.295297] usb3_vbus: supplied by vdd_5v_in
[    2.300792] sys_3v3,vdd_3v3_alw: supplied by vdd_5v_in
[    2.306700] sys_3v3_pexs: supplied by sys_3v3,vdd_3v3_alw
[    2.312200] +VDD_5V_HDMI: supplied by sys_3v3,vdd_3v3_alw
[    2.318313] tegra-pcie 3000.pcie: 2x3 configuration
[    2.326112] tegra-pcie 3000.pcie: probing port 0, using 2 lanes
[    2.327350] mmc1: new high speed MMC card at address 0001
[    2.328101] mmcblk1: mmc1:0001 SEM16G 14.8 GiB 
[    2.328210] mmcblk1boot0: mmc1:0001 SEM16G partition 1 1.00 MiB
[    2.328587] mmcblk1boot1: mmc1:0001 SEM16G partition 2 1.00 MiB
[    2.328760] mmcblk1rpmb: mmc1:0001 SEM16G partition 3 128 KiB
[    2.331055] mmc0: new ultra high speed DDR50 SDHC card at address aaaa
[    2.331662] mmcblk0: mmc0:aaaa SS04G 3.69 GiB 
[    2.335335] Primary GPT is invalid, using alternate GPT.
[    2.335350]  mmcblk1: p1 p2 p3 p4 p5
[    2.354205]  mmcblk0: p1 p2 p3
[    2.394414] tegra-pcie 3000.pcie: probing port 2, using 2 lanes
[    2.804121] tegra-pcie 3000.pcie: link 2 down, retrying
[    3.213127] tegra-pcie 3000.pcie: link 2 down, retrying
[    3.622146] tegra-pcie 3000.pcie: link 2 down, retrying
[    3.629381] tegra-pcie 3000.pcie: link 2 down, ignoring
[    3.634720] tegra-pcie 3000.pcie: PCI host bridge to bus 0000:00
[    3.640715] pci_bus 0000:00: root bus resource [io  0x0000-0xffff]
[    3.646892] pci_bus 0000:00: root bus resource [mem 0x20000000-0x27ffffff]
[    3.653758] pci_bus 0000:00: root bus resource [mem 0x28000000-0x3fffffff pref]
[    3.661050] pci_bus 0000:00: root bus resource [bus 00-ff]
[    3.666553] pci 0000:00:01.0: [10de:0e1c] type 01 class 0x060400
[    3.672558] pci_bus 0000:00: 2-byte config write to 0000:00:01.0 offset 0x4 may corrupt adjacent RW1C bits
[    3.682202] pci_bus 0000:00: 2-byte config write to 0000:00:01.0 offset 0x4 may corrupt adjacent RW1C bits
[    3.691854] pci 0000:00:01.0: enabling Extended Tags
[    3.696815] pci_bus 0000:00: 2-byte config write to 0000:00:01.0 offset 0x88 may corrupt adjacent RW1C bits
[    3.706560] pci_bus 0000:00: 2-byte config write to 0000:00:01.0 offset 0x52 may corrupt adjacent RW1C bits
[    3.716304] pci 0000:00:01.0: PME# supported from D0 D1 D2 D3hot D3cold
[    3.722904] pci_bus 0000:00: 2-byte config write to 0000:00:01.0 offset 0x4c may corrupt adjacent RW1C bits
[    3.732771] pci_bus 0000:00: 2-byte config write to 0000:00:01.0 offset 0x3e may corrupt adjacent RW1C bits
[    3.742505] pci_bus 0000:00: 2-byte config write to 0000:00:01.0 offset 0x4 may corrupt adjacent RW1C bits
[    3.752146] pci_bus 0000:00: 1-byte config write to 0000:00:01.0 offset 0xc may corrupt adjacent RW1C bits
[    3.761784] PCI: bus0: Fast back to back transfers disabled
[    3.767351] pci 0000:00:01.0: bridge configuration invalid ([bus 00-00]), reconfiguring
[    3.775344] pci_bus 0000:00: 2-byte config write to 0000:00:01.0 offset 0x3e may corrupt adjacent RW1C bits
[    3.785071] pci_bus 0000:00: 2-byte config write to 0000:00:01.0 offset 0x3e may corrupt adjacent RW1C bits
[    3.794883] pci 0000:01:00.0: [10ec:8168] type 00 class 0x020000
[    3.800899] pci 0000:01:00.0: reg 0x10: [io  0x0000-0x00ff]
[    3.806484] pci 0000:01:00.0: reg 0x18: [mem 0x00000000-0x00000fff 64bit pref]
[    3.813707] pci 0000:01:00.0: reg 0x20: [mem 0x00000000-0x00003fff 64bit pref]
[    3.820983] pci 0000:01:00.0: supports D1 D2
[    3.825249] pci 0000:01:00.0: PME# supported from D0 D1 D2 D3hot D3cold
[    3.853662] PCI: bus1: Fast back to back transfers disabled
[    3.859224] pci_bus 0000:01: busn_res: [bus 01-ff] end is updated to 01
[    3.865859] pci 0000:00:01.0: BAR 9: assigned [mem 0x28000000-0x280fffff 64bit pref]
[    3.873584] pci 0000:00:01.0: BAR 7: assigned [io  0x1000-0x1fff]
[    3.879675] pci 0000:01:00.0: BAR 4: assigned [mem 0x28000000-0x28003fff 64bit pref]
[    3.887420] pci 0000:01:00.0: BAR 2: assigned [mem 0x28004000-0x28004fff 64bit pref]
[    3.895164] pci 0000:01:00.0: BAR 0: assigned [io  0x1000-0x10ff]
[    3.901246] pci 0000:00:01.0: PCI bridge to [bus 01]
[    3.906204] pci 0000:00:01.0:   bridge window [io  0x1000-0x1fff]
[    3.912284] pci 0000:00:01.0:   bridge window [mem 0x28000000-0x280fffff 64bit pref]
[    3.920036] pci 0000:00:01.0: nv_msi_ht_cap_quirk didn't locate host bridge
[    3.927095] pcieport 0000:00:01.0: enabling device (0140 -> 0143)
[    3.933369] pcieport 0000:00:01.0: Signaling PME with IRQ 375
[    3.939365] r8169 Gigabit Ethernet driver 2.3LK-NAPI loaded
[    3.944959] r8169 0000:01:00.0: enabling device (0140 -> 0143)
[    3.951673] r8169 0000:01:00.0 eth0: RTL8168evl/8111evl at 0xf0a2a000, 02:04:4b:01:60:a6, XID 0c900800 IRQ 376
[    3.961674] r8169 0000:01:00.0 eth0: jumbo features [frames: 9200 bytes, tx checksumming: ko]
[    3.974102] [drm] Supports vblank timestamp caching Rev 2 (21.10.2013).
[    3.980705] [drm] No driver support for vblank timestamp query.
[    3.986657] [drm] Cannot find any crtc or sizes
[    3.991191] [drm] Initialized tegra 0.0.0 20120330 for drm on minor 0
[    4.000526] tegra-ehci 7d004000.usb: EHCI Host Controller
[    4.005955] tegra-ehci 7d004000.usb: new USB bus registered, assigned bus number 1
[    4.013743] tegra-ehci 7d004000.usb: irq 344, io mem 0x7d004000
[    4.019693] [drm] Cannot find any crtc or sizes
[    4.044030] tegra-ehci 7d004000.usb: USB 2.0 started, EHCI 1.00
[    4.051220] hub 1-0:1.0: USB hub found
[    4.054997] hub 1-0:1.0: 1 port detected
[    4.060184] tegra-ehci 7d008000.usb: EHCI Host Controller
[    4.065598] tegra-ehci 7d008000.usb: new USB bus registered, assigned bus number 2
[    4.073334] tegra-ehci 7d008000.usb: irq 345, io mem 0x7d008000
[    4.104028] tegra-ehci 7d008000.usb: USB 2.0 started, EHCI 1.00
[    4.111142] hub 2-0:1.0: USB hub found
[    4.114915] hub 2-0:1.0: 1 port detected
[    4.125256] tps65910-rtc tps65910-rtc: setting system clock to 2000-01-01 00:00:02 UTC (946684802)
[    4.134758] vdd_sata,avdd_plle: disabling
[    4.139501] usb1_vbus: disabling
[    4.144284] EXT4-fs (mmcblk1p1): mounting ext3 file system using the ext4 subsystem
[    4.159265] EXT4-fs (mmcblk1p1): warning: mounting fs with errors, running e2fsck is recommended
[    4.169497] EXT4-fs (mmcblk1p1): recovery complete
[    4.174305] EXT4-fs (mmcblk1p1): mounted filesystem with ordered data mode. Opts: (null)
[    4.182405] VFS: Mounted root (ext3 filesystem) on device 179:1.
[    4.191808] devtmpfs: mounted
[    4.197414] Freeing unused kernel memory: 2048K
bash: cannot set terminal process group (-1): Inappropriate ioctl for device
bash: no job control in this shell
root@(none):/# [    4.484045] usb 2-1: new high-speed USB device number 2 using tegra-ehci
[    5.174175] asix 2-1:1.0 eth1: register 'asix' at usb-7d008000.usb-1, ASIX AX88772 USB 2.0 Ethernet, 00:50:b6:0f:67:60
mount -t sysfs none /sys
root@(none):/# 
root@(none):/# mount -t debugfs none /sys/kernel/debug
root@(none):/# 
root@(none):/# rtcwake -d rtc1 -m mem -s 3
rtcwake: wakeup from "mem" using /dev/rtc1 at Thu Jan  1 00:00:22 1970
[    7.409846] PM: suspend entry (deep)
[    7.413422] PM: Syncing filesystems ... done.
[    7.419820] Freezing user space processes ... (elapsed 0.001 seconds) done.
[    7.427893] OOM killer disabled.
[    7.431110] Freezing remaining freezable tasks ... (elapsed 0.001 seconds) done.
[    7.439626] Suspending console(s) (use no_console_suspend to debug)
[    7.554303] Disabling non-boot CPUs ...
[    7.663838] IRQ17 no longer affine to CPU2
[    7.734390] Entering suspend state LP1
[    7.734404] Enabling non-boot CPUs ...
[    7.735047] CPU1 is up
[    7.735659] CPU2 is up
[    7.736329] CPU3 is up
[    7.736902] pcieport 0000:00:01.0: nv_msi_ht_cap_quirk didn't locate host bridge
[    8.353174] OOM killer enabled.
[    8.356311] Restarting tasks ... done.
[    8.360361] PM: suspend exit
root@(none):/# 
root@(none):/# rtcwake -d rtc1 -m mem -s 3
rtcwake: wakeup from "mem" using /dev/rtc1 at Thu Jan  1 00:00:27 1970
[    9.324988] PM: suspend entry (deep)
[    9.328564] PM: Syncing filesystems ... done.
[    9.333912] Freezing user space processes ... (elapsed 0.001 seconds) done.
[    9.341965] OOM killer disabled.
[    9.345194] Freezing remaining freezable tasks ... (elapsed 0.001 seconds) done.
[    9.353700] Suspending console(s) (use no_console_suspend to debug)
[    9.394539] pci_generic_config_write32: 68 callbacks suppressed
[    9.394552] pci_bus 0000:00: 2-byte config write to 0000:00:01.0 offset 0x9c may corrupt adjacent RW1C bits
[    9.438275] pci_bus 0000:01: 2-byte config write to 0000:01:00.0 offset 0x44 may corrupt adjacent RW1C bits
[    9.464283] Disabling non-boot CPUs ...
[    9.513898] IRQ17 no longer affine to CPU1
[    9.634140] Entering suspend state LP1
[    9.634158] Enabling non-boot CPUs ...
[    9.634974] CPU1 is up
[    9.635735] CPU2 is up
[    9.636536] CPU3 is up
[    9.637167] pci_bus 0000:00: 2-byte config write to 0000:00:01.0 offset 0x4c may corrupt adjacent RW1C bits
[    9.637180] pci_bus 0000:00: 2-byte config write to 0000:00:01.0 offset 0x88 may corrupt adjacent RW1C bits
[    9.637187] pci_bus 0000:00: 2-byte config write to 0000:00:01.0 offset 0x90 may corrupt adjacent RW1C bits
[    9.637195] pci_bus 0000:00: 2-byte config write to 0000:00:01.0 offset 0x98 may corrupt adjacent RW1C bits
[    9.637200] pci_bus 0000:00: 2-byte config write to 0000:00:01.0 offset 0x9c may corrupt adjacent RW1C bits
[    9.637220] pci_bus 0000:00: 2-byte config write to 0000:00:01.0 offset 0x52 may corrupt adjacent RW1C bits
[    9.637228] pci_bus 0000:00: 2-byte config write to 0000:00:01.0 offset 0x52 may corrupt adjacent RW1C bits
[    9.637234] pci_bus 0000:00: 2-byte config write to 0000:00:01.0 offset 0x5c may corrupt adjacent RW1C bits
[    9.637258] pcieport 0000:00:01.0: nv_msi_ht_cap_quirk didn't locate host bridge
[   10.361838] OOM killer enabled.
[   10.364975] Restarting tasks ... done.
[   10.369074] PM: suspend exit
root@(none):/# 
root@(none):/# rtcwake -d rtc1 -m mem -s 3
rtcwake: wakeup from "mem" using /dev/rtc1 at Thu Jan  1 00:00:32 1970
[   11.243912] PM: suspend entry (deep)
[   11.247495] PM: Syncing filesystems ... done.
[   11.254171] Freezing user space processes ... (elapsed 0.001 seconds) done.
[   11.262247] OOM killer disabled.
[   11.265480] Freezing remaining freezable tasks ... (elapsed 0.001 seconds) done.
[   11.274012] Suspending console(s) (use no_console_suspend to debug)
[   11.384383] Disabling non-boot CPUs ...
[   11.483827] IRQ17 no longer affine to CPU2
[   11.554333] Entering suspend state LP1
[   11.554350] Enabling non-boot CPUs ...
[   11.555175] CPU1 is up
[   11.555949] CPU2 is up
[   11.556743] CPU3 is up
[   11.557467] pcieport 0000:00:01.0: nv_msi_ht_cap_quirk didn't locate host bridge
[   12.168754] OOM killer enabled.
[   12.171888] Restarting tasks ... done.
[   12.176009] PM: suspend exit
root@(none):/# 
root@(none):/# rtcwake -d rtc1 -m mem -s 3
rtcwake: wakeup from "mem" using /dev/rtc1 at Thu Jan  1 00:00:37 1970
[   13.173850] PM: suspend entry (deep)
[   13.177428] PM: Syncing filesystems ... done.
[   13.184112] Freezing user space processes ... (elapsed 0.001 seconds) done.
[   13.192188] OOM killer disabled.
[   13.195421] Freezing remaining freezable tasks ... (elapsed 0.001 seconds) done.
[   13.203954] Suspending console(s) (use no_console_suspend to debug)
[   13.314371] Disabling non-boot CPUs ...
[   13.403802] IRQ17 no longer affine to CPU2
[   13.464292] Entering suspend state LP1
[   13.464307] Enabling non-boot CPUs ...
[   13.465134] CPU1 is up
[   13.465898] CPU2 is up
[   13.466724] CPU3 is up
[   13.467403] pcieport 0000:00:01.0: nv_msi_ht_cap_quirk didn't locate host bridge
[   14.078629] OOM killer enabled.
[   14.081757] Restarting tasks ... done.
[   14.085896] PM: suspend exit
root@(none):/# 
root@(none):/# rtcwake -d rtc1 -m mem -s 3
rtcwake: wakeup from "mem" using /dev/rtc1 at Thu Jan  1 00:00:42 1970
[   15.083890] PM: suspend entry (deep)
[   15.087468] PM: Syncing filesystems ... done.
[   15.094162] Freezing user space processes ... (elapsed 0.001 seconds) done.
[   15.102244] OOM killer disabled.
[   15.105479] Freezing remaining freezable tasks ... (elapsed 0.001 seconds) done.
[   15.114015] Suspending console(s) (use no_console_suspend to debug)
[   15.154235] pci_generic_config_write32: 65 callbacks suppressed
[   15.154253] pci_bus 0000:00: 2-byte config write to 0000:00:01.0 offset 0x9c may corrupt adjacent RW1C bits
[   15.200732] pci_bus 0000:01: 2-byte config write to 0000:01:00.0 offset 0x44 may corrupt adjacent RW1C bits
[   15.224340] Disabling non-boot CPUs ...
[   15.313775] IRQ17 no longer affine to CPU2
[   15.374269] Entering suspend state LP1
[   15.374285] Enabling non-boot CPUs ...
[   15.375117] CPU1 is up
[   15.375889] CPU2 is up
[   15.376699] CPU3 is up
[   15.377329] pci_bus 0000:00: 2-byte config write to 0000:00:01.0 offset 0x4c may corrupt adjacent RW1C bits
[   15.377349] pci_bus 0000:00: 2-byte config write to 0000:00:01.0 offset 0x88 may corrupt adjacent RW1C bits
[   15.377354] pci_bus 0000:00: 2-byte config write to 0000:00:01.0 offset 0x90 may corrupt adjacent RW1C bits
[   15.377360] pci_bus 0000:00: 2-byte config write to 0000:00:01.0 offset 0x98 may corrupt adjacent RW1C bits
[   15.377365] pci_bus 0000:00: 2-byte config write to 0000:00:01.0 offset 0x9c may corrupt adjacent RW1C bits
[   15.377385] pci_bus 0000:00: 2-byte config write to 0000:00:01.0 offset 0x52 may corrupt adjacent RW1C bits
[   15.377393] pci_bus 0000:00: 2-byte config write to 0000:00:01.0 offset 0x52 may corrupt adjacent RW1C bits
[   15.377401] pci_bus 0000:00: 2-byte config write to 0000:00:01.0 offset 0x5c may corrupt adjacent RW1C bits
[   15.377424] pcieport 0000:00:01.0: nv_msi_ht_cap_quirk didn't locate host bridge
[   16.091810] OOM killer enabled.
[   16.094955] Restarting tasks ... done.
[   16.099119] PM: suspend exit
root@(none):/# 
root@(none):/# rtcwake -d rtc1 -m mem -s 3
rtcwake: wakeup from "mem" using /dev/rtc1 at Thu Jan  1 00:00:47 1970
[   16.992768] PM: suspend entry (deep)
[   16.996375] PM: Syncing filesystems ... done.
[   17.002506] Freezing user space processes ... (elapsed 0.001 seconds) done.
[   17.010587] OOM killer disabled.
[   17.013825] Freezing remaining freezable tasks ... (elapsed 0.001 seconds) done.
[   17.022348] Suspending console(s) (use no_console_suspend to debug)
[   17.134324] Disabling non-boot CPUs ...
[   17.243742] IRQ17 no longer affine to CPU2
[   17.304094] Entering suspend state LP1
[   17.304112] Enabling non-boot CPUs ...
[   17.304938] CPU1 is up
[   17.305702] CPU2 is up
[   17.306515] CPU3 is up
[   17.307223] pcieport 0000:00:01.0: nv_msi_ht_cap_quirk didn't locate host bridge
[   17.919049] OOM killer enabled.
[   17.922179] Restarting tasks ... done.
[   17.927451] PM: suspend exit
root@(none):/# 
root@(none):/# rtcwake -d rtc1 -m mem -s 3
rtcwake: wakeup from "mem" using /dev/rtc1 at Thu Jan  1 00:00:52 1970
[   18.923315] PM: suspend entry (deep)
[   18.926924] PM: Syncing filesystems ... done.
[   18.933094] Freezing user space processes ... (elapsed 0.001 seconds) done.
[   18.941179] OOM killer disabled.
[   18.944413] Freezing remaining freezable tasks ... (elapsed 0.001 seconds) done.
[   18.952939] Suspending console(s) (use no_console_suspend to debug)
[   19.064330] Disabling non-boot CPUs ...
[   19.233652] IRQ17 no longer affine to CPU3
[   19.234181] Entering suspend state LP1
[   19.234198] Enabling non-boot CPUs ...
[   19.235028] CPU1 is up
[   19.235789] CPU2 is up
[   19.236598] CPU3 is up
[   19.237282] pcieport 0000:00:01.0: nv_msi_ht_cap_quirk didn't locate host bridge
[   19.848632] OOM killer enabled.
[   19.851762] Restarting tasks ... done.
[   19.855880] PM: suspend exit
root@(none):/# 
root@(none):/# rtcwake -d rtc1 -m mem -s 3
rtcwake: wakeup from "mem" using /dev/rtc1 at Thu Jan  1 00:00:57 1970
[   20.853686] PM: suspend entry (deep)
[   20.857266] PM: Syncing filesystems ... done.
[   20.863967] Freezing user space processes ... (elapsed 0.001 seconds) done.
[   20.872046] OOM killer disabled.
[   20.875278] Freezing remaining freezable tasks ... (elapsed 0.001 seconds) done.
[   20.883814] Suspending console(s) (use no_console_suspend to debug)
[   20.924206] pci_generic_config_write32: 65 callbacks suppressed
[   20.924222] pci_bus 0000:00: 2-byte config write to 0000:00:01.0 offset 0x9c may corrupt adjacent RW1C bits
[   20.972107] pci_bus 0000:01: 2-byte config write to 0000:01:00.0 offset 0x44 may corrupt adjacent RW1C bits
[   20.994254] Disabling non-boot CPUs ...
[   21.103695] IRQ17 no longer affine to CPU2
[   21.164188] Entering suspend state LP1
[   21.164205] Enabling non-boot CPUs ...
[   21.165078] CPU1 is up
[   21.165828] CPU2 is up
[   21.166648] CPU3 is up
[   21.167288] pci_bus 0000:00: 2-byte config write to 0000:00:01.0 offset 0x4c may corrupt adjacent RW1C bits
[   21.167304] pci_bus 0000:00: 2-byte config write to 0000:00:01.0 offset 0x88 may corrupt adjacent RW1C bits
[   21.167309] pci_bus 0000:00: 2-byte config write to 0000:00:01.0 offset 0x90 may corrupt adjacent RW1C bits
[   21.167316] pci_bus 0000:00: 2-byte config write to 0000:00:01.0 offset 0x98 may corrupt adjacent RW1C bits
[   21.167320] pci_bus 0000:00: 2-byte config write to 0000:00:01.0 offset 0x9c may corrupt adjacent RW1C bits
[   21.167340] pci_bus 0000:00: 2-byte config write to 0000:00:01.0 offset 0x52 may corrupt adjacent RW1C bits
[   21.167348] pci_bus 0000:00: 2-byte config write to 0000:00:01.0 offset 0x52 may corrupt adjacent RW1C bits
[   21.167355] pci_bus 0000:00: 2-byte config write to 0000:00:01.0 offset 0x5c may corrupt adjacent RW1C bits
[   21.167378] pcieport 0000:00:01.0: nv_msi_ht_cap_quirk didn't locate host bridge
[   21.891713] OOM killer enabled.
[   21.894849] Restarting tasks ... done.
[   21.898953] PM: suspend exit
root@(none):/# 
root@(none):/# rtcwake -d rtc1 -m mem -s 3
rtcwake: wakeup from "mem" using /dev/rtc1 at Thu Jan  1 00:01:02 1970
[   22.782696] PM: suspend entry (deep)
[   22.786303] PM: Syncing filesystems ... done.
[   22.792447] Freezing user space processes ... (elapsed 0.001 seconds) done.
[   22.800534] OOM killer disabled.
[   22.803770] Freezing remaining freezable tasks ... (elapsed 0.001 seconds) done.
[   22.812296] Suspending console(s) (use no_console_suspend to debug)
[   22.924252] Disabling non-boot CPUs ...
[   23.033691] IRQ17 no longer affine to CPU2
[   23.094065] Entering suspend state LP1
[   23.094082] Enabling non-boot CPUs ...
[   23.094915] CPU1 is up
[   23.095678] CPU2 is up
[   23.096497] CPU3 is up
[   23.097198] pcieport 0000:00:01.0: nv_msi_ht_cap_quirk didn't locate host bridge
[   23.709019] OOM killer enabled.
[   23.712148] Restarting tasks ... done.
[   23.717387] PM: suspend exit
root@(none):/# 
root@(none):/# rtcwake -d rtc1 -m mem -s 3
rtcwake: wakeup from "mem" using /dev/rtc1 at Thu Jan  1 00:01:07 1970
[   24.713725] PM: suspend entry (deep)
[   24.717303] PM: Syncing filesystems ... done.
[   24.722939] Freezing user space processes ... (elapsed 0.001 seconds) done.
[   24.731024] OOM killer disabled.
[   24.734263] Freezing remaining freezable tasks ... (elapsed 0.001 seconds) done.
[   24.742794] Suspending console(s) (use no_console_suspend to debug)
[   24.854243] Disabling non-boot CPUs ...
[   24.963661] IRQ17 no longer affine to CPU2
[   25.024154] Entering suspend state LP1
[   25.024171] Enabling non-boot CPUs ...
[   25.025007] CPU1 is up
[   25.025767] CPU2 is up
[   25.026578] CPU3 is up
[   25.027276] pcieport 0000:00:01.0: nv_msi_ht_cap_quirk didn't locate host bridge
[   25.638578] OOM killer enabled.
[   25.641708] Restarting tasks ... done.
[   25.645829] PM: suspend exit
root@(none):/# 
root@(none):/# NVTB SYSTEM SUSPEND TEST COMPLETE
