00] Boot CPU: AArch64 Processor [411fd071]
[    0.000000] efi: Getting EFI parameters from FDT:
[    0.000000] efi: UEFI not found.
[    0.000000] cma: Reserved 16 MiB at 0x00000000f5400000
[    0.000000] earlycon: uart0 at MMIO 0x0000000070006000 (options '115200n8')
[    0.000000] bootconsole [uart0] enabled
[    0.000000] psci: probing for conduit method from DT.
[    0.000000] psci: PSCIv1.0 detected in firmware.
[    0.000000] psci: Using standard PSCI v0.2 function IDs
[    0.000000] psci: MIGRATE_INFO_UP_CPU reported invalid physical ID (0x80000000)
[    0.000000] percpu: Embedded 21 pages/cpu @ffff8000bff3b000 s48000 r8192 d29824 u86016
[    0.000000] Detected PIPT I-cache on CPU0
[    0.000000] CPU features: enabling workaround for ARM erratum 832075
[    0.000000] CPU features: enabling workaround for ARM erratum 834220
[    0.000000] Built 1 zonelists in Zone order, mobility grouping on.  Total pages: 735336
[    0.000000] Kernel command line: cros_secure vpr=0x08000000@0xf6800000 earlycon
[    0.000000] log_buf_len individual max cpu contribution: 4096 bytes
[    0.000000] log_buf_len total cpu_extra contributions: 12288 bytes
[    0.000000] log_buf_len min size: 16384 bytes
[    0.000000] log_buf_len: 32768 bytes
[    0.000000] early log buf free: 14420(88%)
[    0.000000] PID hash table entries: 4096 (order: 3, 32768 bytes)
[    0.000000] Dentry cache hash table entries: 524288 (order: 10, 4194304 bytes)
[    0.000000] Inode-cache hash table entries: 262144 (order: 9, 2097152 bytes)
[    0.000000] software IO TLB [mem 0xf1400000-0xf5400000] (64MB) mapped at [ffff800071400000-ffff8000753fffff]
[    0.000000] Memory: 2832692K/2988032K available (8252K kernel code, 852K rwdata, 3908K rodata, 1024K init, 283K bss, 138956K reserved, 16384K cma-reserved)
[    0.000000] Virtual kernel memory layout:
[    0.000000]     modules : 0xffff000000000000 - 0xffff000008000000   (   128 MB)
    vmalloc : 0xffff000008000000 - 0xffff7dffbfff0000   (129022 GB)
      .text : 0xffff000008080000 - 0xffff000008890000   (  8256 KB)
    .rodata : 0xffff000008890000 - 0xffff000008c70000   (  3968 KB)
      .init : 0xffff000008c70000 - 0xffff000008d70000   (  1024 KB)
      .data : 0xffff000008d70000 - 0xffff000008e45200   (   853 KB)
       .bss : 0xffff000008e45200 - 0xffff000008e8bf40   (   284 KB)
    fixed   : 0xffff7dfffe7fd000 - 0xffff7dfffec00000   (  4108 KB)
    PCI I/O : 0xffff7dfffee00000 - 0xffff7dffffe00000   (    16 MB)
    vmemmap : 0xffff7e0000000000 - 0xffff800000000000   (  2048 GB maximum)
              0xffff7e0000000000 - 0xffff7e0003000000   (    48 MB actual)
    memory  : 0xffff800000000000 - 0xffff8000c0000000   (  3072 MB)
[    0.000000] SLUB: HWalign=64, Order=0-3, MinObjects=0, CPUs=4, Nodes=1
[    0.000000] Preemptible hierarchical RCU implementation.
[    0.000000] 	Build-time adjustment of leaf fanout to 64.
[    0.000000] 	RCU restricting CPUs from NR_CPUS=64 to nr_cpu_ids=4.
[    0.000000] RCU: Adjusting geometry for rcu_fanout_leaf=64, nr_cpu_ids=4
[    0.000000] NR_IRQS:64 nr_irqs:64 0
[    0.000000] GIC: Using split EOI/Deactivate mode
[    0.000000] /interrupt-controller@60004000: 192 interrupts forwarded to /interrupt-controller@50041000
[    0.000000] boot misc0 0x0: expected 0x80000
[    0.000000]  (comparison mask = 0x400ffffb)
[    0.000000] boot misc2 0x1f720005: expected 0x1f720f05
[    0.000000]  (comparison mask = 0xffffff17)
[    0.000000] PLL_C already enabled. Postponing set full defaults
[    0.000000] PLL_MB already enabled. Postponing set full defaults
[    0.000000] PLL_U already enabled. Postponing set full defaults
[    0.000000] PLL_D already enabled. Postponing set full defaults
[    0.000000] PLL_DP already enabled. Postponing set full defaults
[    0.000000] boot misc0 0x0: expected 0x20
[    0.000000]  (comparison mask = 0x7ffffff)
[    0.000000] boot misc1 0x90000000: expected 0xc0000000
[    0.000000]  (comparison mask = 0xf8000000)
[    0.000000] boot misc2 0x0: expected 0xf400f0da
[    0.000000]  (comparison mask = 0xffffffff)
[    0.000000] boot misc3 0x5848: expected 0x2004f400
[    0.000000]  (comparison mask = 0xffffffff)
[    0.000000] PLL_P already enabled. Postponing set full defaults
[    0.000000] PLL_X already enabled. Postponing set full defaults
[    0.000000] boot misc1 0x0: expected 0x20
[    0.000000]  (comparison mask = 0xffffff)
[    0.000000] arm_arch_timer: Architected cp15 timer(s) running at 19.20MHz (phys).
[    0.000000] clocksource: arch_sys_counter: mask: 0xffffffffffffff max_cycles: 0x46d987e47, max_idle_ns: 440795202767 ns
[    0.000002] sched_clock: 56 bits at 19MHz, resolution 52ns, wraps every 4398046511078ns
[    0.008346] Console: colour dummy device 80x25
[    0.012922] Calibrating delay loop (skipped), value calculated using timer frequency.. 38.40 BogoMIPS (lpj=76800)
[    0.023479] pid_max: default: 32768 minimum: 301
[    0.028265] Security Framework initialized
[    0.032497] Mount-cache hash table entries: 8192 (order: 4, 65536 bytes)
[    0.039388] Mountpoint-cache hash table entries: 8192 (order: 4, 65536 bytes)
[    0.047307] ASID allocator initialised with 65536 entries
[    0.085614] Speedo Revision 4
[    0.088668] Tegra Revision: A02 SKU: 19 CPU Process: 0 SoC Process: 0
[    0.143415] EFI services will not be available.
[    0.196230] Detected PIPT I-cache on CPU1
[    0.196257] CPU1: Booted secondary processor [411fd071]
[    0.228259] Detected PIPT I-cache on CPU2
[    0.228277] CPU2: Booted secondary processor [411fd071]
[    0.260299] Detected PIPT I-cache on CPU3
[    0.260317] CPU3: Booted secondary processor [411fd071]
[    0.260357] Brought up 4 CPUs
[    0.291853] SMP: Total of 4 processors activated.
[    0.296688] CPU features: detected feature: 32-bit EL0 Support
[    0.302711] CPU: All CPU(s) started at EL2
[    0.306930] alternatives: patching kernel code
[    0.313853] devtmpfs: initialized
[    0.323831] DMI not present or invalid.
[    0.327911] clocksource: jiffies: mask: 0xffffffff max_cycles: 0xffffffff, max_idle_ns: 7645041785100000 ns
[    0.338156] pinctrl core: initialized pinctrl subsystem
[    0.344424] NET: Registered protocol family 16
[    0.365029] cpuidle: using governor menu
[    0.369552] vdso: 2 pages (1 code @ ffff000008897000, 1 data @ ffff000008d74000)
[    0.377169] hw-breakpoint: found 6 breakpoint and 4 watchpoint registers.
[    0.384601] DMA: preallocated 256 KiB pool for atomic allocations
[    0.391805] Serial: AMBA PL011 UART driver
[    0.432351] HugeTLB registered 2 MB page size, pre-allocated 0 pages
[    0.439429] ACPI: Interpreter disabled.
[    0.443729] PPLCD_VDD: Failed to request enable GPIO172: -517
[    0.449642] reg-fixed-voltage regulators:regulator@1: Failed to register regulator: -517
[    0.458295] PP1800_LCDIO: Failed to request enable GPIO171: -517
[    0.464473] reg-fixed-voltage regulators:regulator@5: Failed to register regulator: -517
[    0.472822] PP1800_CAM: Failed to request enable GPIO83: -517
[    0.478729] reg-fixed-voltage regulators:regulator@6: Failed to register regulator: -517
[    0.487417] vgaarb: loaded
[    0.490329] SCSI subsystem initialized
[    0.494592] usbcore: registered new interface driver usbfs
[    0.500284] usbcore: registered new interface driver hub
[    0.505802] usbcore: registered new device driver usb
[    0.511917] tegra-i2c 7000d100.i2c: could not find pctldev for node /host1x@50000000/dpaux@545c0000/pinmux-i2c, deferring probe
[    0.523832] pps_core: LinuxPPS API ver. 1 registered
[    0.528935] pps_core: Software ver. 5.3.6 - Copyright 2005-2007 Rodolfo Giometti <giometti@linux.it>
[    0.538353] PTP clock support registered
[    0.542571] dmi: Firmware registration failed.
[    0.547568] Advanced Linux Sound Architecture Driver Initialized.
[    0.554325] clocksource: Switched to clocksource arch_sys_counter
[    0.560670] VFS: Disk quotas dquot_6.6.0
[    0.564730] VFS: Dquot-cache hash table entries: 512 (order 0, 4096 bytes)
[    0.571966] pnp: PnP ACPI: disabled
[    0.581890] NET: Registered protocol family 2
[    0.586638] TCP established hash table entries: 32768 (order: 6, 262144 bytes)
[    0.594181] TCP bind hash table entries: 32768 (order: 7, 524288 bytes)
[    0.601167] TCP: Hash tables configured (established 32768 bind 32768)
[    0.607928] UDP hash table entries: 2048 (order: 4, 65536 bytes)
[    0.614120] UDP-Lite hash table entries: 2048 (order: 4, 65536 bytes)
[    0.620844] NET: Registered protocol family 1
[    0.625515] RPC: Registered named UNIX socket transport module.
[    0.631607] RPC: Registered udp transport module.
[    0.636437] RPC: Registered tcp transport module.
[    0.641269] RPC: Registered tcp NFSv4.1 backchannel transport module.
[    0.648010] Unpacking initramfs...
[    0.739985] Freeing initrd memory: 2360K (ffff80000a06f000 - ffff80000a2bd000)
[    0.747827] kvm [1]: 8-bit VMID
[    0.751059] kvm [1]: IDMAP page: 8087f000
[    0.755180] kvm [1]: HYP VA range: 800000000000:ffffffffffff
[    0.761567] kvm [1]: Hyp mode initialized successfully
[    0.766879] kvm [1]: vgic-v2@50044000
[    0.770717] kvm [1]: vgic interrupt IRQ1
[    0.774753] kvm [1]: virtual timer IRQ4
[    0.780147] futex hash table entries: 1024 (order: 5, 131072 bytes)
[    0.786649] audit: initializing netlink subsys (disabled)
[    0.792220] audit: type=2000 audit(0.675:1): initialized
[    0.797970] workingset: timestamp_bits=46 max_order=20 bucket_order=0
[    0.811545] squashfs: version 4.0 (2009/01/31) Phillip Lougher
[    0.818101] NFS: Registering the id_resolver key type
[    0.823310] Key type id_resolver registered
[    0.827607] Key type id_legacy registered
[    0.831734] nfs4filelayout_init: NFSv4 File Layout Driver Registering...
[    0.838745] 9p: Installing v9fs 9p2000 file system support
[    0.845832] Block layer SCSI generic (bsg) driver version 0.4 loaded (major 247)
[    0.853439] io scheduler noop registered
[    0.857567] io scheduler cfq registered (default)
[    0.863797] usb3-0 supply vbus not found, using dummy regulator
[    0.870804] libphy: mdio_driver_register: phy-bcm-ns2-pci
[    0.884832] tegra-apbdma 60020000.dma: Tegra20 APB DMA driver register 32 channels
[    0.893529] tegra-pmc 7000e400.pmc: i2c-thermtrip node not found, emergency thermal reset disabled.
[    0.903085] xenfs: not registering filesystem on non-xen platform
[    0.912383] Serial: 8250/16550 driver, 4 ports, IRQ sharing disabled
[    0.920189] 70006000.serial: ttyS0 at MMIO 0x70006000 (irq = 313, base_baud = 25500000) is a Tegra
[    0.929424] console [ttyS0] enabled
[    0.929424] console [ttyS0] enabled
[    0.936484] bootconsole [uart0] disabled
[    0.936484] bootconsole [uart0] disabled
[    0.944751] SuperH (H)SCI(F) driver initialized
[    0.949539] msm_serial: driver initialized
[    0.953964] Unable to detect cache hierarchy from DT for CPU 0
[    0.963035] loop: module loaded
[    0.969031] cros-ec-i2c 0-001e: Chrome EC device registered
[    0.975236] max77620 1-003c: PMIC Version OTP:0x35 and ES:0x8
[    0.988523] PP1200_RCAM: Bringing 1050000uV into 1200000-1200000uV
[    0.995749] PP2800L_RCAM: Bringing 3100000uV into 2800000-2800000uV
[    1.002474] PP1100_SOC_RTC: Bringing 1000000uV into 850000-850000uV
[    1.009327] PP2800L_FCAM: Bringing 3100000uV into 2800000-2800000uV
[    1.016061] PP_LDO6: Bringing 2800000uV into 1800000-1800000uV
[    1.025434] hisi_sas: driver version v1.6
[    1.031265] libphy: Fixed MDIO Bus: probed
[    1.035819] tun: Universal TUN/TAP device driver, 1.6
[    1.040867] tun: (C) 1999-2004 Max Krasnyansky <maxk@qualcomm.com>
[    1.047758] e1000e: Intel(R) PRO/1000 Network Driver - 3.2.6-k
[    1.053586] e1000e: Copyright(c) 1999 - 2015 Intel Corporation.
[    1.059551] igb: Intel(R) Gigabit Ethernet Network Driver - version 5.4.0-k
[    1.066503] igb: Copyright (c) 2007-2014 Intel Corporation.
[    1.072114] igbvf: Intel(R) Gigabit Virtual Function Network Driver - version 2.4.0-k
[    1.079932] igbvf: Copyright (c) 2009 - 2012 Intel Corporation.
[    1.085890] sky2: driver version 1.30
[    1.089945] VFIO - User Level meta-driver version: 0.3
[    1.096481] ehci_hcd: USB 2.0 'Enhanced' Host Controller (EHCI) Driver
[    1.103008] ehci-pci: EHCI PCI platform driver
[    1.107492] ehci-platform: EHCI generic platform driver
[    1.112799] ehci-exynos: EHCI EXYNOS driver
[    1.117051] ehci-msm: Qualcomm On-Chip EHCI Host Controller
[    1.122685] ohci_hcd: USB 1.1 'Open' Host Controller (OHCI) Driver
[    1.128863] ohci-pci: OHCI PCI platform driver
[    1.133341] ohci-platform: OHCI generic platform driver
[    1.138633] ohci-exynos: OHCI EXYNOS driver
[    1.202971] tegra-xusb 70090000.usb: Firmware timestamp: 2015-08-10 09:47:54 UTC
[    1.210370] tegra-xusb 70090000.usb: xHCI Host Controller
[    1.215773] tegra-xusb 70090000.usb: new USB bus registered, assigned bus number 1
[    1.224295] tegra-xusb 70090000.usb: hcc params 0x0184f525 hci version 0x100 quirks 0x00010010
[    1.232922] tegra-xusb 70090000.usb: irq 319, io mem 0x70090000
[    1.239234] hub 1-0:1.0: USB hub found
[    1.242998] hub 1-0:1.0: 5 ports detected
[    1.247311] tegra-xusb 70090000.usb: xHCI Host Controller
[    1.252710] tegra-xusb 70090000.usb: new USB bus registered, assigned bus number 2
[    1.260314] usb usb2: We don't know the algorithms for LPM for this host, disabling LPM.
[    1.268687] hub 2-0:1.0: USB hub found
[    1.272450] hub 2-0:1.0: 4 ports detected
[    1.276955] usbcore: registered new interface driver usb-storage
[    1.283612] mousedev: PS/2 mouse device common for all mice
[    1.378587] random: fast init done
[    1.414387] max77686-rtc max77620-rtc: rtc core: registered max77620-rtc as rtc0
[    1.422352] tegra_rtc 7000e000.rtc: rtc core: registered 7000e000.rtc as rtc1
[    1.429501] tegra_rtc 7000e000.rtc: Tegra internal Real Time Clock
[    1.435757] i2c /dev entries driver
[    1.440607] bq27xxx-battery 2-0055: support ver. 1.2.0 enabled
[    1.464340] sdhci: Secure Digital Host Controller Interface driver
[    1.470544] sdhci: Copyright(c) Pierre Ossman
[    1.475086] Synopsys Designware Multimedia Card Interface Driver
[    1.481376] sdhci-pltfm: SDHCI platform and OF driver helper
[    1.487219] mmc0: Unknown controller version (3). You may experience problems.
[    1.538338] mmc0: SDHCI controller on 700b0600.sdhci [700b0600.sdhci] using ADMA 64-bit
[    1.548929] ledtrig-cpu: registered to indicate activity on CPUs
[    1.558807] usbcore: registered new interface driver usbhid
[    1.564456] usbhid: USB HID core driver
[    1.569409] NET: Registered protocol family 17
[    1.573992] 9pnet: Installing 9P2000 support
[    1.578381] Key type dns_resolver registered
[    1.587179] registered taskstats version 1
[    1.599090] tegra-i2c 7000d100.i2c: could not find pctldev for node /host1x@50000000/dpaux@545c0000/pinmux-i2c, deferring probe
[    1.611494] input: gpio-keys as /devices/platform/gpio-keys/input/input0
[    1.618417] tegra-i2c 7000d100.i2c: could not find pctldev for node /host1x@50000000/dpaux@545c0000/pinmux-i2c, deferring probe
[    1.630815] mmc0: new high speed MMC card at address 0001
[    1.636459] mmcblk0: mmc0:0001 BGND3R 29.1 GiB 
[    1.641089] mmcblk0boot0: mmc0:0001 BGND3R partition 1 4.00 MiB
[    1.647105] mmcblk0boot1: mmc0:0001 BGND3R partition 2 4.00 MiB
[    1.653115] mmcblk0rpmb: mmc0:0001 BGND3R partition 3 4.00 MiB
[    1.659099] max77686-rtc max77620-rtc: setting system clock to 2000-08-13 17:34:28 UTC (966188068)
[    1.668477] PP1200_AVDD: disabling
[    1.672071] PP1200_RCAM: disabling
[    1.675580] PP2800L_RCAM: disabling
[    1.679159] PP2800L_FCAM: disabling
[    1.682736] PP_LDO6: disabling
[    1.685871] PPLCD_VDD: disabling
[    1.689163] PP1800_LCDIO: disabling
[    1.692655] PP1800_CAM: disabling
[    1.695995] ALSA device list:
[    1.698983]   No soundcards found.
[    1.702963]  mmcblk0: p1 p2 p3 p4 p5 p6 p7 p8 p9 p10 p11
[    1.708366] Freeing unused kernel memory: 1024K (ffff800000c70000 - ffff800000d70000)
[    1.709971] tegra-i2c 7000d100.i2c: could not find pctldev for node /host1x@50000000/dpaux@545c0000/pinmux-i2c, deferring probe

System initialization...

Mounting /proc :[SUCCESS]
Mounting /sys :[SUCCESS]
Mounting /dev :[SUCCESS]
Mounting /dev/pts :[SUCCESS]
Mounting /sys/kernel/debug :[SUCCESS]
Mounting other filesystems :[SUCCESS]
Enabling hot-plug :[SUCCESS]
Populating /dev :[SUCCESS]
Starting syslogd :[SUCCESS]
Starting telnetd :[SUCCESS]

System initialization complete.

Please press Enter to activate this console. 