
U-Boot SPL 2016.05-rc2 (Apr 21 2016 - 16:23:00)
Trying to boot from RAM


U-Boot 2016.05-rc2 (Apr 21 2016 - 16:23:00 -0700)

TEGRA124
Model: NVIDIA Jetson TK1
Board: NVIDIA Jetson TK1
DRAM:  2 GiB
MC:   Tegra SD/MMC: 0, Tegra SD/MMC: 1
In:    serial
Out:   serial
Err:   serial
Net:   No ethernet found.
Hit any key to stop autoboot:  2  0 
Tegra124 (Jetson TK1) # 
Tegra124 (Jetson TK1) # pci enum
Tegra124 (Jetson TK1) # setenv bootargs 'ignore_loglevel console=ttyS0,115200n8 rw root=PARTUUID=b1791faa-84e8-4e27-83a1-9fb0a77e8803 rootwait gpt debug noinitrd earlyprintk init=/bin/bash'
Tegra124 (Jetson TK1) # setenv ipaddr 192.168.100.102; setenv serverip 192.168.100.1; setenv tftpserverip 192.168.100.1
Tegra124 (Jetson TK1) # tftpboot 0x82000000 zImage.multi_v7_defconfig

Warning: eth_rtl8169 using MAC address from ROM
Using eth_rtl8169 device
TFTP from server 192.168.100.1; our IP address is 192.168.100.102
Filename 'zImage.multi_v7_defconfig'.
Load address: 0x82000000
Loading: *#################################################################
	 #################################################################
	 #################################################################
	 #################################################################
	 #################################################################
	 #################################################################
	 #################################################################
	 #############################
	 4 MiB/s
done
Bytes transferred = 7100848 (6c59b0 hex)
Tegra124 (Jetson TK1) # tftpboot 0x83000000 tegra124-jetson-tk1.dtb
Using eth_rtl8169 device
TFTP from server 192.168.100.1; our IP address is 192.168.100.102
Filename 'tegra124-jetson-tk1.dtb'.
Load address: 0x83000000
Loading: *#####
	 3.7 MiB/s
done
Bytes transferred = 66405 (10365 hex)
Tegra124 (Jetson TK1) # bootz 0x82000000 - 0x83000000
Kernel image @ 0x82000000 [ 0x000000 - 0x6c59b0 ]
## Flattened Device Tree blob at 83000000
   Booting using the fdt blob at 0x83000000
   Using Device Tree in place at 83000000, end 83013364

Starting kernel ...

[    0.000000] Booting Linux on physical CPU 0x0
[    0.000000] Linux version 4.8.0-rc7-111321-g3be7988 (pwalmsley@sellafield) (gcc version 4.7.3 20130328 (prerelease) (crosstool-NG linaro-1.13.1-4.7-2013.04-20130415 - Linaro GCC 2013.04) ) #1 SMP Mon Sep 19 07:34:20 PDT 2016
[    0.000000] CPU: ARMv7 Processor [413fc0f3] revision 3 (ARMv7), cr=10c5387d
[    0.000000] CPU: div instructions available: patching division code
[    0.000000] CPU: PIPT / VIPT nonaliasing data cache, PIPT instruction cache
[    0.000000] OF: fdt:Machine model: NVIDIA Tegra124 Jetson TK1
[    0.000000] debug: ignoring loglevel setting.
[    0.000000] cma: Reserved 64 MiB at 0xfb800000
[    0.000000] Memory policy: Data cache writealloc
[    0.000000] On node 0 totalpages: 524032
[    0.000000] free_area_init_node: node 0, pgdat c141d380, node_mem_map eeff8000
[    0.000000]   DMA zone: 1536 pages used for memmap
[    0.000000]   DMA zone: 0 pages reserved
[    0.000000]   DMA zone: 196608 pages, LIFO batch:31
[    0.000000]   HighMem zone: 327424 pages, LIFO batch:31
[    0.000000] percpu: Embedded 14 pages/cpu @eef85000 s25984 r8192 d23168 u57344
[    0.000000] pcpu-alloc: s25984 r8192 d23168 u57344 alloc=14*4096
[    0.000000] pcpu-alloc: [0] 0 [0] 1 [0] 2 [0] 3 
[    0.000000] Built 1 zonelists in Zone order, mobility grouping on.  Total pages: 522496
[    0.000000] Kernel command line: ignore_loglevel console=ttyS0,115200n8 rw root=PARTUUID=b1791faa-84e8-4e27-83a1-9fb0a77e8803 rootwait gpt debug noinitrd earlyprintk init=/bin/bash
[    0.000000] PID hash table entries: 4096 (order: 2, 16384 bytes)
[    0.000000] Dentry cache hash table entries: 131072 (order: 7, 524288 bytes)
[    0.000000] Inode-cache hash table entries: 65536 (order: 6, 262144 bytes)
[    0.000000] Memory: 1994972K/2096128K available (9216K kernel code, 1148K rwdata, 3972K rodata, 2048K init, 343K bss, 35620K reserved, 65536K cma-reserved, 1244160K highmem)
[    0.000000] Virtual kernel memory layout:
[    0.000000]     vector  : 0xffff0000 - 0xffff1000   (   4 kB)
[    0.000000]     fixmap  : 0xffc00000 - 0xfff00000   (3072 kB)
[    0.000000]     vmalloc : 0xf0800000 - 0xff800000   ( 240 MB)
[    0.000000]     lowmem  : 0xc0000000 - 0xf0000000   ( 768 MB)
[    0.000000]     pkmap   : 0xbfe00000 - 0xc0000000   (   2 MB)
[    0.000000]     modules : 0xbf000000 - 0xbfe00000   (  14 MB)
[    0.000000]       .text : 0xc0208000 - 0xc0c00000   (10208 kB)
[    0.000000]       .init : 0xc1100000 - 0xc1300000   (2048 kB)
[    0.000000]       .data : 0xc1300000 - 0xc141f200   (1149 kB)
[    0.000000]        .bss : 0xc1421000 - 0xc1476c48   ( 344 kB)
[    0.000000] SLUB: HWalign=64, Order=0-3, MinObjects=0, CPUs=4, Nodes=1
[    0.000000] Hierarchical RCU implementation.
[    0.000000] 	Build-time adjustment of leaf fanout to 32.
[    0.000000] 	RCU restricting CPUs from NR_CPUS=16 to nr_cpu_ids=4.
[    0.000000] RCU: Adjusting geometry for rcu_fanout_leaf=32, nr_cpu_ids=4
[    0.000000] NR_IRQS:16 nr_irqs:16 16
[    0.000000] /interrupt-controller@60004000: 160 interrupts forwarded to /interrupt-controller@50041000
[    0.000000] Tegra clk 127: register failed with -17
[    0.000008] sched_clock: 32 bits at 1000kHz, resolution 1000ns, wraps every 2147483647500ns
[    0.000030] clocksource: timer_us: mask: 0xffffffff max_cycles: 0xffffffff, max_idle_ns: 1911260446275 ns
[    0.000044] Switching to timer-based delay loop, resolution 1000ns
[    0.005452] arm_arch_timer: Architected cp15 timer(s) running at 12.00MHz (virt).
[    0.005469] clocksource: arch_sys_counter: mask: 0xffffffffffffff max_cycles: 0x2c47f4ee7, max_idle_ns: 440795202497 ns
[    0.005488] sched_clock: 56 bits at 12MHz, resolution 83ns, wraps every 4398046511096ns
[    0.005500] Switching to timer-based delay loop, resolution 83ns
[    0.005982] Console: colour dummy device 80x30
[    0.006010] Calibrating delay loop (skipped), value calculated using timer frequency.. 24.00 BogoMIPS (lpj=60000)
[    0.006024] pid_max: default: 32768 minimum: 301
[    0.006119] Mount-cache hash table entries: 2048 (order: 1, 8192 bytes)
[    0.006131] Mountpoint-cache hash table entries: 2048 (order: 1, 8192 bytes)
[    0.006729] CPU: Testing write buffer coherency: ok
[    0.006947] /cpus/cpu@0 missing clock-frequency property
[    0.006989] /cpus/cpu@1 missing clock-frequency property
[    0.007030] /cpus/cpu@2 missing clock-frequency property
[    0.007072] /cpus/cpu@3 missing clock-frequency property
[    0.007084] CPU0: thread -1, cpu 0, socket 0, mpidr 80000000
[    0.007105] Setting up static identity map for 0x80300000 - 0x80300098
[    0.010804] Tegra Revision: A01 SKU: 129 CPU Process: 1 SoC Process: 1
[    0.012180] CPU1: thread -1, cpu 1, socket 0, mpidr 80000001
[    0.015856] CPU2: thread -1, cpu 2, socket 0, mpidr 80000002
[    0.020858] CPU3: thread -1, cpu 3, socket 0, mpidr 80000003
[    0.025395] Brought up 4 CPUs
[    0.025415] SMP: Total of 4 processors activated (96.00 BogoMIPS).
[    0.025422] CPU: All CPU(s) started in SVC mode.
[    0.026880] devtmpfs: initialized
[    0.047049] VFP support v0.3: implementor 41 architecture 4 part 30 variant f rev 0
[    0.047487] clocksource: jiffies: mask: 0xffffffff max_cycles: 0xffffffff, max_idle_ns: 9556302231375000 ns
[    0.048836] pinctrl core: initialized pinctrl subsystem
[    0.050583] NET: Registered protocol family 16
[    0.052503] DMA: preallocated 256 KiB pool for atomic coherent allocations
[    0.065511] cpuidle: using governor menu
[    0.084496] No ATAGs?
[    0.084524] hw-breakpoint: found 5 (+1 reserved) breakpoint and 4 watchpoint registers.
[    0.084534] hw-breakpoint: maximum watchpoint size is 8 bytes.
[    0.090887] Serial: AMBA PL011 UART driver
[    0.130642] +5V_SYS: supplied by +VDD_MUX
[    0.130963] +3.3V_SYS: supplied by +VDD_MUX
[    0.131593] +USB0_VBUS_SW: Failed to request enable GPIO108: -517
[    0.131608] reg-fixed-voltage regulators:regulator@7: Failed to register regulator: -517
[    0.131694] +5V_USB_HS: Failed to request enable GPIO109: -517
[    0.131707] reg-fixed-voltage regulators:regulator@8: Failed to register regulator: -517
[    0.131868] +1.05V_RUN_AVDD_HDMI_PLL: Failed to request enable GPIO63: -517
[    0.131881] reg-fixed-voltage regulators:regulator@11: Failed to register regulator: -517
[    0.131963] +5V_HDMI_CON: Failed to request enable GPIO86: -517
[    0.131975] reg-fixed-voltage regulators:regulator@12: Failed to register regulator: -517
[    0.132058] +5V_SATA: Failed to request enable GPIO242: -517
[    0.132070] reg-fixed-voltage regulators:regulator@13: Failed to register regulator: -517
[    0.132151] +12V_SATA: Failed to request enable GPIO242: -517
[    0.132163] reg-fixed-voltage regulators:regulator@14: Failed to register regulator: -517
[    0.135570] vgaarb: loaded
[    0.136415] SCSI subsystem initialized
[    0.136581] libata version 3.00 loaded.
[    0.136864] usbcore: registered new interface driver usbfs
[    0.136931] usbcore: registered new interface driver hub
[    0.137004] usbcore: registered new device driver usb
[    0.140612] pps_core: LinuxPPS API ver. 1 registered
[    0.140622] pps_core: Software ver. 5.3.6 - Copyright 2005-2007 Rodolfo Giometti <giometti@linux.it>
[    0.140644] PTP clock support registered
[    0.140872] EDAC MC: Ver: 3.0.0
[    0.144049] clocksource: Switched to clocksource arch_sys_counter
[    0.155274] NET: Registered protocol family 2
[    0.155791] TCP established hash table entries: 8192 (order: 3, 32768 bytes)
[    0.155888] TCP bind hash table entries: 8192 (order: 4, 65536 bytes)
[    0.156074] TCP: Hash tables configured (established 8192 bind 8192)
[    0.156125] UDP hash table entries: 512 (order: 2, 16384 bytes)
[    0.156167] UDP-Lite hash table entries: 512 (order: 2, 16384 bytes)
[    0.156321] NET: Registered protocol family 1
[    0.156646] RPC: Registered named UNIX socket transport module.
[    0.156656] RPC: Registered udp transport module.
[    0.156663] RPC: Registered tcp transport module.
[    0.156670] RPC: Registered tcp NFSv4.1 backchannel transport module.
[    0.156681] PCI: CLS 0 bytes, default 64
[    0.157869] hw perfevents: enabled with armv7_cortex_a15 PMU driver, 7 counters available
[    0.159402] futex hash table entries: 1024 (order: 4, 65536 bytes)
[    0.160116] workingset: timestamp_bits=30 max_order=19 bucket_order=0
[    0.171119] squashfs: version 4.0 (2009/01/31) Phillip Lougher
[    0.171970] NFS: Registering the id_resolver key type
[    0.171993] Key type id_resolver registered
[    0.172002] Key type id_legacy registered
[    0.172044] ntfs: driver 2.1.32 [Flags: R/O].
[    0.173292] bounce: pool size: 64 pages
[    0.173497] Block layer SCSI generic (bsg) driver version 0.4 loaded (major 248)
[    0.173507] io scheduler noop registered
[    0.173515] io scheduler deadline registered
[    0.173717] io scheduler cfq registered (default)
[    0.179488] usb2-0 supply vbus not found, using dummy regulator
[    0.179615] usb2-1 supply vbus not found, using dummy regulator
[    0.180009] tegra-xusb-padctl 7009f000.padctl: failed to setup XUSB ports: -517
[    0.180704] libphy: mdio_driver_register: phy-bcm-ns2-pci
[    0.196901] tegra-pcie 1003000.pcie-controller: 2x1, 1x1 configuration
[    0.196955] tegra-pcie 1003000.pcie-controller: Failed to get supply 'avddio-pex': -517
[    0.204202] tegra-apbdma 60020000.dma: Tegra20 APB DMA driver register 32 channels
[    0.206187] tegra-pmc 7000e400.pmc: emergency thermal reset enabled
[    0.271578] Serial: 8250/16550 driver, 4 ports, IRQ sharing disabled
[    0.274557] console [ttyS0] disabled
[    0.274593] 70006300.serial: ttyS0 at MMIO 0x70006300 (irq = 335, base_baud = 25500000) is a Tegra
[    1.132744] console [ttyS0] enabled
[    1.137166] SuperH (H)SCI(F) driver initialized
[    1.142758] msm_serial: driver initialized
[    1.147075] STMicroelectronics ASC driver initialized
[    1.153010] 70006000.serial: ttyTHS1 at MMIO 0x70006000 (irq = 333, base_baud = 0) is a TEGRA_UART
[    1.162307] 70006040.serial: ttyTHS2 at MMIO 0x70006040 (irq = 334, base_baud = 0) is a TEGRA_UART
[    1.174746] [drm] Initialized drm 1.1.0 20060810
[    1.182692] tegra-hdmi 54280000.hdmi: failed to get HDMI regulator
[    1.202422] brd: module loaded
[    1.211515] loop: module loaded
[    1.215091] at24 0-0056: 256 byte 24c02 EEPROM, writable, 8 bytes/write
[    1.223375] as3722 4-0040: AS3722 with revision 0x1 found
[    1.234538] as3722-sd2: supplied by +5V_SYS
[    1.239196] as3722-sd3: supplied by +5V_SYS
[    1.243589] +1.35V_LP0(sd3): Bringing 0uV into 1350000-1350000uV
[    1.249981] as3722-sd4: supplied by +5V_SYS
[    1.254641] as3722-sd5: supplied by +5V_SYS
[    1.260704] as3722-ldo0: supplied by +1.35V_LP0(sd2)
[    1.266801] +1.8V_RUN_CAM: Bringing 0uV into 1800000-1800000uV
[    1.273059] as3722-ldo2: supplied by +1.8V_VDDIO
[    1.278990] as3722-ldo3: supplied by +3.3V_SYS
[    1.283495] +1.05V_LP0_VDD_RTC: Bringing 1100000uV into 1000000-1000000uV
[    1.291314] as3722-ldo4: supplied by +3.3V_SYS
[    1.295986] +2.8V_RUN_CAM: Bringing 0uV into 2800000-2800000uV
[    1.302235] as3722-ldo5: supplied by +1.8V_VDDIO
[    1.307081] +1.2V_RUN_CAM_FRONT: Bringing 0uV into 1200000-1200000uV
[    1.314057] +VDDIO_SDMMC3: bypassed regulator has no supply!
[    1.319730] +VDDIO_SDMMC3: failed to get the current voltage(-517)
[    1.325923] as3722-regulator as3722-regulator: regulator 13 register failed -517
[    1.338384] tegra-ahci 70027000.sata: couldn't get PHY in node sata: -517
[    1.358252] random: fast init done
[    1.361891] m25p80 spi32765.0: w25q32dw (4096 Kbytes)
[    1.370419] libphy: Fixed MDIO Bus: probed
[    1.375450] CAN device driver interface
[    1.381612] igb: Intel(R) Gigabit Ethernet Network Driver - version 5.3.0-k
[    1.388591] igb: Copyright (c) 2007-2014 Intel Corporation.
[    1.397670] pegasus: v0.9.3 (2013/04/25), Pegasus/Pegasus II USB Ethernet driver
[    1.405135] usbcore: registered new interface driver pegasus
[    1.410863] usbcore: registered new interface driver asix
[    1.416320] usbcore: registered new interface driver ax88179_178a
[    1.422459] usbcore: registered new interface driver cdc_ether
[    1.428362] usbcore: registered new interface driver smsc75xx
[    1.434178] usbcore: registered new interface driver smsc95xx
[    1.439971] usbcore: registered new interface driver net1080
[    1.445683] usbcore: registered new interface driver cdc_subset
[    1.451649] usbcore: registered new interface driver zaurus
[    1.457300] usbcore: registered new interface driver cdc_ncm
[    1.463186] tegra-phy 7d004000.usb-phy: no vbus regulator
[    1.470651] ehci_hcd: USB 2.0 'Enhanced' Host Controller (EHCI) Driver
[    1.477190] ehci-pci: EHCI PCI platform driver
[    1.481686] ehci-platform: EHCI generic platform driver
[    1.487149] ehci-orion: EHCI orion driver
[    1.491325] SPEAr-ehci: EHCI SPEAr driver
[    1.495504] ehci-st: EHCI STMicroelectronics driver
[    1.500542] ehci-exynos: EHCI EXYNOS driver
[    1.504913] ehci-atmel: EHCI Atmel driver
[    1.509081] tegra-ehci: Tegra EHCI driver
[    1.515916] tegra-ehci 7d004000.usb: EHCI Host Controller
[    1.521343] tegra-ehci 7d004000.usb: new USB bus registered, assigned bus number 1
[    1.529159] tegra-ehci 7d004000.usb: irq 354, io mem 0x7d004000
[    1.549069] tegra-ehci 7d004000.usb: USB 2.0 started, EHCI 1.10
[    1.555828] hub 1-0:1.0: USB hub found
[    1.559637] hub 1-0:1.0: 1 port detected
[    1.564229] ohci_hcd: USB 1.1 'Open' Host Controller (OHCI) Driver
[    1.570437] ohci-pci: OHCI PCI platform driver
[    1.574949] ohci-platform: OHCI generic platform driver
[    1.580370] ohci-omap3: OHCI OMAP3 driver
[    1.584544] SPEAr-ohci: OHCI SPEAr driver
[    1.588707] ohci-st: OHCI STMicroelectronics driver
[    1.593747] ohci-atmel: OHCI Atmel driver
[    1.598624] usbcore: registered new interface driver usb-storage
[    1.606398] mousedev: PS/2 mouse device common for all mice
[    1.615479] as3722-rtc as3722-rtc: rtc core: registered as3722-rtc as rtc0
[    1.622367] as3722-rtc as3722-rtc: RTC interrupt 377
[    1.630730] tegra_rtc 7000e000.rtc: rtc core: registered 7000e000.rtc as rtc1
[    1.637923] tegra_rtc 7000e000.rtc: Tegra internal Real Time Clock
[    1.644691] i2c /dev entries driver
[    1.655513] 0-004c supply vcc not found, using dummy regulator
[    1.671207] sdhci: Secure Digital Host Controller Interface driver
[    1.677402] sdhci: Copyright(c) Pierre Ossman
[    1.683480] Synopsys Designware Multimedia Card Interface Driver
[    1.690720] sdhci-pltfm: SDHCI platform and OF driver helper
[    1.697212] sdhci-tegra 700b0400.sdhci: Got CD GPIO
[    1.702121] sdhci-tegra 700b0400.sdhci: Got WP GPIO
[    1.707263] mmc0: Unknown controller version (3). You may experience problems.
[    1.714577] mmc0: Invalid maximum block size, assuming 512 bytes
[    1.764072] mmc0: SDHCI controller on 700b0600.sdhci [700b0600.sdhci] using ADMA 64-bit
[    1.774161] ledtrig-cpu: registered to indicate activity on CPUs
[    1.780525] usbcore: registered new interface driver usbhid
[    1.786109] usbhid: USB HID core driver
[    1.794850] tegra124-dfll 70110000.clock: couldn't get vdd_cpu regulator
[    1.809544] NET: Registered protocol family 10
[    1.814864] sit: IPv6, IPv4 and MPLS over IPv4 tunneling driver
[    1.821474] NET: Registered protocol family 17
[    1.825939] can: controller area network core (rev 20120528 abi 9)
[    1.832184] NET: Registered protocol family 29
[    1.836636] can: raw protocol (rev 20120528)
[    1.840913] can: broadcast manager protocol (rev 20160617 t)
[    1.846581] can: netlink gateway (rev 20130117) max_hops=1
[    1.851864] mmc0: new high speed MMC card at address 0001
[    1.852449] mmcblk0: mmc0:0001 SEM16G 14.7 GiB 
[    1.852699] mmcblk0boot0: mmc0:0001 SEM16G partition 1 4.00 MiB
[    1.852932] mmcblk0boot1: mmc0:0001 SEM16G partition 2 4.00 MiB
[    1.853160] mmcblk0rpmb: mmc0:0001 SEM16G partition 3 4.00 MiB
[    1.858761]  mmcblk0: p1
[    1.882575] Key type dns_resolver registered
[    1.887472] ThumbEE CPU extension supported.
[    1.891758] Registering SWP/SWPB emulation handler
[    1.899539] +3.3V_RUN: supplied by +3.3V_SYS
[    1.904992] +3.3V_AVDD_HDMI_AP_GATED: supplied by +3.3V_RUN
[    1.911162] +USB0_VBUS_SW: supplied by +5V_SYS
[    1.916306] +5V_USB_HS: supplied by +5V_SYS
[    1.922354] +3.3V_LP0: supplied by +3.3V_SYS
[    1.928333] +5V_HDMI_CON: supplied by +5V_SYS
[    1.933410] +5V_SATA: supplied by +5V_SYS
[    1.938166] +12V_SATA: supplied by +VDD_MUX
[    1.944250] usb2-0 supply vbus not found, using dummy regulator
[    1.950387] usb2-1 supply vbus not found, using dummy regulator
[    1.956703] usb3-0 supply vbus not found, using dummy regulator
[    1.963916] tegra-pcie 1003000.pcie-controller: 2x1, 1x1 configuration
[    1.970575] tegra-pcie 1003000.pcie-controller: Failed to get supply 'avddio-pex': -517
[    1.980549] tegra-hdmi 54280000.hdmi: failed to get PLL regulator
[    1.991410] as3722-sd2: supplied by +5V_SYS
[    1.996042] as3722-sd3: supplied by +5V_SYS
[    2.000585] as3722-sd4: supplied by +5V_SYS
[    2.005109] +1.05V_RUN_AVDD_HDMI_PLL: supplied by +1.05V_RUN
[    2.010958] as3722-sd5: supplied by +5V_SYS
[    2.016892] as3722-ldo0: supplied by +1.35V_LP0(sd2)
[    2.022753] as3722-ldo1: supplied by +3.3V_RUN
[    2.027590] as3722-ldo2: supplied by +1.8V_VDDIO
[    2.033222] as3722-ldo3: supplied by +3.3V_SYS
[    2.038704] as3722-ldo4: supplied by +3.3V_SYS
[    2.043524] as3722-ldo5: supplied by +1.8V_VDDIO
[    2.048447] as3722-ldo6: supplied by +3.3V_RUN
[    2.053180] as3722-ldo7: supplied by +1.8V_VDDIO
[    2.058556] +1.05V_RUN_CAM_REAR: Bringing 0uV into 1050000-1050000uV
[    2.065649] as3722-ldo9: supplied by +5V_SYS
[    2.071225] +3.3V_RUN_TOUCH: Bringing 0uV into 2800000-2800000uV
[    2.077829] as3722-ldo10: supplied by +5V_SYS
[    2.082726] +2.8V_RUN_CAM_AF: Bringing 0uV into 2800000-2800000uV
[    2.089401] as3722-ldo11: supplied by +3.3V_RUN
[    2.094439] +1.8V_RUN_VPP_FUSE: Bringing 0uV into 1800000-1800000uV
[    2.104406] tegra-ahci 70027000.sata: AHCI 0001.0301 32 slots 2 ports 3 Gbps 0x1 impl platform mode
[    2.113477] tegra-ahci 70027000.sata: flags: 64bit ncq sntf pm led pio slum part sadm sds apst 
[    2.124503] scsi host0: tegra-ahci
[    2.129137] scsi host1: tegra-ahci
[    2.132876] ata1: SATA max UDMA/133 mmio [mem 0x70027000-0x70028fff] port 0x100 irq 345
[    2.140917] ata2: DUMMY
[    2.146556] tegra-ehci 7d008000.usb: EHCI Host Controller
[    2.152013] tegra-ehci 7d008000.usb: new USB bus registered, assigned bus number 2
[    2.159768] tegra-ehci 7d008000.usb: irq 355, io mem 0x7d008000
[    2.179171] tegra-ehci 7d008000.usb: USB 2.0 started, EHCI 1.10
[    2.185961] hub 2-0:1.0: USB hub found
[    2.189777] hub 2-0:1.0: 1 port detected
[    2.196256] sdhci-tegra 700b0400.sdhci: Got CD GPIO
[    2.201203] sdhci-tegra 700b0400.sdhci: Got WP GPIO
[    2.206298] mmc1: Unknown controller version (3). You may experience problems.
[    2.213625] mmc1: Invalid maximum block size, assuming 512 bytes
[    2.264639] mmc1: SDHCI controller on 700b0400.sdhci [700b0400.sdhci] using ADMA 64-bit
[    2.277257] tegra-pcie 1003000.pcie-controller: 2x1, 1x1 configuration
[    2.285939] tegra-pcie 1003000.pcie-controller: probing port 0, using 2 lanes
[    2.295276] tegra-pcie 1003000.pcie-controller: Slot present pin change, signature: 00000008
[    2.319443] tegra-pcie 1003000.pcie-controller: probing port 1, using 1 lanes
[    2.328678] tegra-pcie 1003000.pcie-controller: Slot present pin change, signature: 00000000
[    2.342733] tegra-pcie 1003000.pcie-controller: PCI host bridge to bus 0000:00
[    2.349989] pci_bus 0000:00: root bus resource [io  0x0000-0xffff]
[    2.356211] pci_bus 0000:00: root bus resource [mem 0x13000000-0x1fffffff]
[    2.363121] pci_bus 0000:00: root bus resource [mem 0x20000000-0x3fffffff pref]
[    2.370477] pci_bus 0000:00: root bus resource [bus 00-ff]
[    2.376033] pci 0000:00:01.0: [10de:0e12] type 01 class 0x060400
[    2.382202] pci 0000:00:01.0: PME# supported from D0 D1 D2 D3hot D3cold
[    2.389219] pci 0000:00:02.0: [10de:0e13] type 01 class 0x060400
[    2.395399] pci 0000:00:02.0: PME# supported from D0 D1 D2 D3hot D3cold
[    2.402416] PCI: bus0: Fast back to back transfers disabled
[    2.408032] pci 0000:00:01.0: bridge configuration invalid ([bus 00-00]), reconfiguring
[    2.416098] pci 0000:00:02.0: bridge configuration invalid ([bus 00-00]), reconfiguring
[    2.424405] pci 0000:01:00.0: [8086:4232] type 00 class 0x028000
[    2.430510] pci 0000:01:00.0: reg 0x10: [mem 0x00000000-0x00001fff 64bit]
[    2.437550] pci 0000:01:00.0: PME# supported from D0 D3hot D3cold
[    2.459205] PCI: bus1: Fast back to back transfers disabled
[    2.462728] ata1: SATA link down (SStatus 0 SControl 300)
[    2.470247] pci_bus 0000:01: busn_res: [bus 01-ff] end is updated to 01
[    2.477143] pci 0000:02:00.0: [10ec:8168] type 00 class 0x020000
[    2.483197] pci 0000:02:00.0: reg 0x10: [io  0x0000-0x00ff]
[    2.488853] pci 0000:02:00.0: reg 0x18: [mem 0x00000000-0x00000fff 64bit]
[    2.495712] pci 0000:02:00.0: reg 0x20: [mem 0x00000000-0x00003fff 64bit pref]
[    2.503146] pci 0000:02:00.0: supports D1 D2
[    2.507460] pci 0000:02:00.0: PME# supported from D0 D1 D2 D3hot D3cold
[    2.529196] PCI: bus2: Fast back to back transfers disabled
[    2.534801] pci_bus 0000:02: busn_res: [bus 02-ff] end is updated to 02
[    2.541596] pci 0000:00:01.0: BAR 8: assigned [mem 0x13000000-0x130fffff]
[    2.548429] pci 0000:00:02.0: BAR 8: assigned [mem 0x13100000-0x131fffff]
[    2.555235] pci 0000:00:02.0: BAR 9: assigned [mem 0x20000000-0x200fffff 64bit pref]
[    2.563020] pci 0000:00:02.0: BAR 7: assigned [io  0x1000-0x1fff]
[    2.569138] pci 0000:01:00.0: BAR 0: assigned [mem 0x13000000-0x13001fff 64bit]
[    2.576519] pci 0000:00:01.0: PCI bridge to [bus 01]
[    2.581538] pci 0000:00:01.0:   bridge window [mem 0x13000000-0x130fffff]
[    2.588392] pci 0000:02:00.0: BAR 4: assigned [mem 0x20000000-0x20003fff 64bit pref]
[    2.596208] pci 0000:02:00.0: BAR 2: assigned [mem 0x13100000-0x13100fff 64bit]
[    2.603586] pci 0000:02:00.0: BAR 0: assigned [io  0x1000-0x10ff]
[    2.609734] pci 0000:00:02.0: PCI bridge to [bus 02]
[    2.614748] pci 0000:00:02.0:   bridge window [io  0x1000-0x1fff]
[    2.620894] pci 0000:00:02.0:   bridge window [mem 0x13100000-0x131fffff]
[    2.627730] pci 0000:00:02.0:   bridge window [mem 0x20000000-0x200fffff 64bit pref]
[    2.635562] pci 0000:00:01.0: nv_msi_ht_cap_quirk didn't locate host bridge
[    2.642681] pcieport 0000:00:01.0: enabling device (0140 -> 0142)
[    2.649117] pcieport 0000:00:01.0: Signaling PME through PCIe PME interrupt
[    2.656126] pci 0000:01:00.0: Signaling PME through PCIe PME interrupt
[    2.662704] pcie_pme 0000:00:01.0:pcie001: service driver pcie_pme loaded
[    2.669664] pci 0000:00:02.0: nv_msi_ht_cap_quirk didn't locate host bridge
[    2.676779] pcieport 0000:00:02.0: enabling device (0140 -> 0143)
[    2.683183] pcieport 0000:00:02.0: Signaling PME through PCIe PME interrupt
[    2.690190] pci 0000:02:00.0: Signaling PME through PCIe PME interrupt
[    2.696767] pcie_pme 0000:00:02.0:pcie001: service driver pcie_pme loaded
[    2.703959] r8169 Gigabit Ethernet driver 2.3LK-NAPI loaded
[    2.709602] r8169 0000:02:00.0: enabling device (0140 -> 0143)
[    2.731812] r8169 0000:02:00.0 eth0: RTL8168g/8111g at 0xf0a50000, 00:04:4b:3a:d9:81, XID 0c000800 IRQ 395
[    2.741509] r8169 0000:02:00.0 eth0: jumbo features [frames: 9200 bytes, tx checksumming: ko]
[    2.751912] mmc1: new high speed SDHC card at address aaaa
[    2.758650] mmcblk1: mmc1:aaaa SD04G 3.69 GiB 
[    2.764252] [drm] Supports vblank timestamp caching Rev 2 (21.10.2013).
[    2.770914] [drm] No driver support for vblank timestamp query.
[    2.777497]  mmcblk1: p1 p2 p3
[    2.900758] tegra-hdmi 54280000.hdmi: cannot set audio to 48000 Hz at 297000000 Hz pixel clock
[    3.068191] Console: switching to colour frame buffer device 512x135
[    3.163654] drm drm: fb0:  frame buffer device
[    3.184161] [drm] Initialized tegra 0.0.0 20120330 on minor 0
[    3.191696] of: dev_pm_opp_of_cpumask_add_table: couldn't find opp table for cpu:0, -19
[    3.199772] cpufreq: cpufreq_online: CPU0: Running at unlisted freq: 696000 KHz
[    3.207107] cpufreq: cpufreq_online: CPU0: Unlisted initial frequency changed to: 714000 KHz
[    3.216242] input: gpio-keys as /devices/soc0/gpio-keys/input/input0
[    3.223344] as3722-rtc as3722-rtc: setting system clock to 2000-01-01 00:00:12 UTC (946684812)
[    3.235355] +USB0_VBUS_SW: disabling
[    3.238933] +1.8V_RUN_CAM: disabling
[    3.242754] +2.8V_RUN_CAM: disabling
[    3.246572] +1.2V_RUN_CAM_FRONT: disabling
[    3.250911] +1.05V_RUN_CAM_REAR: disabling
[    3.255248] +3.3V_RUN_TOUCH: disabling
[    3.259169] +2.8V_RUN_CAM_AF: disabling
[    3.263165] +1.8V_RUN_VPP_FUSE: disabling
[    3.268566] EXT4-fs (mmcblk0p1): mounting ext3 file system using the ext4 subsystem
[    3.308875] EXT4-fs (mmcblk0p1): recovery complete
[    3.314539] EXT4-fs (mmcblk0p1): mounted filesystem with ordered data mode. Opts: (null)
[    3.322678] VFS: Mounted root (ext3 filesystem) on device 179:1.
[    3.332721] devtmpfs: mounted
[    3.336611] Freeing unused kernel memory: 2048K (c1100000 - c1300000)
bash: cannot set terminal process group (-1): Inappropriate ioctl for device
bash: no job control in this shell
root@(none):/# 