
U-Boot SPL 2014.07-00097-g772e173 (Jul 25 2014 - 20:02:52)


U-Boot 2014.07-00097-g772e173 (Jul 25 2014 - 20:02:52)

TEGRA124
Board: NVIDIA Jetson TK1
I2C:   ready
DRAM:  2 GiB
MMC:   Tegra SD/MMC: 0, Tegra SD/MMC: 1
In:    serial
Out:   serial
Err:   serial
Net:   Net Initialization Skipped
No ethernet found.
Hit any key to stop autoboot:  2  0 
Tegra124 (Jetson TK1) # 
Tegra124 (Jetson TK1) # usb reset
(Re)start USB...
USB0:   USB EHCI 1.10
scanning bus 0 for devices... 1 USB Device(s) found
USB1:   USB EHCI 1.10
scanning bus 1 for devices... 2 USB Device(s) found
       scanning usb for storage devices... 0 Storage Device(s) found
       scanning usb for ethernet devices... 
Warning: asx0 using MAC address from net device
1 Ethernet Device(s) found
Tegra124 (Jetson TK1) # setenv bootargs 'ignore_loglevel console=ttyS0,115200n8 rw root=/dev/mmcblk0p1 rootwait gpt debug init=/bin/bash noinitrd'
Tegra124 (Jetson TK1) # setenv ipaddr 192.168.100.102; setenv serverip 192.168.100.1; setenv tftpserverip 192.168.100.1
Tegra124 (Jetson TK1) # tftpboot 0x81000000 zImage.multi_v7_defconfig
Using asx0 device
TFTP from server 192.168.100.1; our IP address is 192.168.100.102
Filename 'zImage.multi_v7_defconfig'.
Load address: 0x81000000
Loading: *#################################################################
	 #################################################################
	 #################################################################
	 #################################################################
	 #################################################################
	 #################################################################
	 #########
	 3.2 MiB/s
done
Bytes transferred = 5843040 (592860 hex)
Tegra124 (Jetson TK1) # tftpboot 0x82000000 tegra124-jetson-tk1.dtb
Using asx0 device
TFTP from server 192.168.100.1; our IP address is 192.168.100.102
Filename 'tegra124-jetson-tk1.dtb'.
Load address: 0x82000000
Loading: *####
	 2.9 MiB/s
done
Bytes transferred = 49059 (bfa3 hex)
Tegra124 (Jetson TK1) # bootz 0x81000000 - 0x82000000
Kernel image @ 0x81000000 [ 0x000000 - 0x592860 ]
## Flattened Device Tree blob at 82000000
   Booting using the fdt blob at 0x82000000
   Using Device Tree in place at 82000000, end 8200efa2

Starting kernel ...

[    0.000000] Booting Linux on physical CPU 0x0
[    0.000000] Linux version 4.0.0-rc1-23494-gc517d83 (pwalmsley@tamien) (gcc version 4.7.3 20130328 (prerelease) (crosstool-NG linaro-1.13.1-4.7-2013.04-20130415 - Linaro GCC 2013.04) ) #1 SMP Fri Feb 27 01:17:16 PST 2015
[    0.000000] CPU: ARMv7 Processor [413fc0f3] revision 3 (ARMv7), cr=10c5387d
[    0.000000] CPU: PIPT / VIPT nonaliasing data cache, PIPT instruction cache
[    0.000000] Machine model: NVIDIA Tegra124 Jetson TK1
[    0.000000] debug: ignoring loglevel setting.
[    0.000000] cma: Reserved 64 MiB at 0xfb800000
[    0.000000] Memory policy: Data cache writealloc
[    0.000000] On node 0 totalpages: 524032
[    0.000000] free_area_init_node: node 0, pgdat c0e34ac0, node_mem_map ee7f8000
[    0.000000]   DMA zone: 1520 pages used for memmap
[    0.000000]   DMA zone: 0 pages reserved
[    0.000000]   DMA zone: 194560 pages, LIFO batch:31
[    0.000000]   HighMem zone: 329472 pages, LIFO batch:31
[    0.000000] PERCPU: Embedded 11 pages/cpu @ee79a000 s12480 r8192 d24384 u45056
[    0.000000] pcpu-alloc: s12480 r8192 d24384 u45056 alloc=11*4096
[    0.000000] pcpu-alloc: [0] 0 [0] 1 [0] 2 [0] 3 
[    0.000000] Built 1 zonelists in Zone order, mobility grouping on.  Total pages: 522512
[    0.000000] Kernel command line: ignore_loglevel console=ttyS0,115200n8 rw root=/dev/mmcblk0p1 rootwait gpt debug init=/bin/bash noinitrd
[    0.000000] PID hash table entries: 4096 (order: 2, 16384 bytes)
[    0.000000] Dentry cache hash table entries: 131072 (order: 7, 524288 bytes)
[    0.000000] Inode-cache hash table entries: 65536 (order: 6, 262144 bytes)
[    0.000000] Memory: 2000172K/2096128K available (7602K kernel code, 922K rwdata, 3168K rodata, 780K init, 307K bss, 30420K reserved, 65536K cma-reserved, 1252352K highmem)
[    0.000000] Virtual kernel memory layout:
[    0.000000]     vector  : 0xffff0000 - 0xffff1000   (   4 kB)
[    0.000000]     fixmap  : 0xffc00000 - 0xfff00000   (3072 kB)
[    0.000000]     vmalloc : 0xf0000000 - 0xff000000   ( 240 MB)
[    0.000000]     lowmem  : 0xc0000000 - 0xef800000   ( 760 MB)
[    0.000000]     pkmap   : 0xbfe00000 - 0xc0000000   (   2 MB)
[    0.000000]     modules : 0xbf000000 - 0xbfe00000   (  14 MB)
[    0.000000]       .text : 0xc0208000 - 0xc0c8cb18   (10771 kB)
[    0.000000]       .init : 0xc0c8d000 - 0xc0d50000   ( 780 kB)
[    0.000000]       .data : 0xc0d50000 - 0xc0e36a20   ( 923 kB)
[    0.000000]        .bss : 0xc0e36a20 - 0xc0e838e8   ( 308 kB)
[    0.000000] SLUB: HWalign=64, Order=0-3, MinObjects=0, CPUs=4, Nodes=1
[    0.000000] Hierarchical RCU implementation.
[    0.000000] 	Additional per-CPU info printed with stalls.
[    0.000000] 	RCU restricting CPUs from NR_CPUS=8 to nr_cpu_ids=4.
[    0.000000] RCU: Adjusting geometry for rcu_fanout_leaf=16, nr_cpu_ids=4
[    0.000000] NR_IRQS:16 nr_irqs:16 16
[    0.000000] L2C: failed to init: -19
[    0.000008] sched_clock: 32 bits at 1000kHz, resolution 1000ns, wraps every 2147483648000ns
[    0.000027] Switching to timer-based delay loop, resolution 1000ns
[    0.003934] Architected cp15 timer(s) running at 12.00MHz (virt).
[    0.003957] sched_clock: 56 bits at 12MHz, resolution 83ns, wraps every 2863311536128ns
[    0.003970] Switching to timer-based delay loop, resolution 83ns
[    0.004357] Console: colour dummy device 80x30
[    0.004379] Calibrating delay loop (skipped), value calculated using timer frequency.. 24.00 BogoMIPS (lpj=60000)
[    0.004394] pid_max: default: 32768 minimum: 301
[    0.004503] Mount-cache hash table entries: 2048 (order: 1, 8192 bytes)
[    0.004515] Mountpoint-cache hash table entries: 2048 (order: 1, 8192 bytes)
[    0.005100] CPU: Testing write buffer coherency: ok
[    0.005300] /cpus/cpu@0 missing clock-frequency property
[    0.005333] /cpus/cpu@1 missing clock-frequency property
[    0.005366] /cpus/cpu@2 missing clock-frequency property
[    0.005400] /cpus/cpu@3 missing clock-frequency property
[    0.005412] CPU0: thread -1, cpu 0, socket 0, mpidr 80000000
[    0.005453] Setting up static identity map for 0x8092fc90 - 0x8092fd28
[    0.008086] Tegra Revision: A01 SKU: 129 CPU Process: 1 Core Process: 1
[    0.009244] CPU1: thread -1, cpu 1, socket 0, mpidr 80000001
[    0.009755] CPU2: thread -1, cpu 2, socket 0, mpidr 80000002
[    0.010257] CPU3: thread -1, cpu 3, socket 0, mpidr 80000003
[    0.010320] Brought up 4 CPUs
[    0.010341] SMP: Total of 4 processors activated (96.00 BogoMIPS).
[    0.010348] CPU: All CPU(s) started in SVC mode.
[    0.010857] devtmpfs: initialized
[    0.011723] VFP support v0.3: implementor 41 architecture 4 part 30 variant f rev 0
[    0.013653] pinctrl core: initialized pinctrl subsystem
[    0.030735] NET: Registered protocol family 16
[    0.032808] DMA: preallocated 256 KiB pool for atomic coherent allocations
[    0.048755] cpuidle: using governor ladder
[    0.063757] cpuidle: using governor menu
[    0.078294] No ATAGs?
[    0.078325] hw-breakpoint: found 5 (+1 reserved) breakpoint and 4 watchpoint registers.
[    0.078335] hw-breakpoint: maximum watchpoint size is 8 bytes.
[    0.081903] Serial: AMBA PL011 UART driver
[    0.107884] +5V_SYS: supplied by +VDD_MUX
[    0.108162] +3.3V_SYS: supplied by +VDD_MUX
[    0.108305] platform regulators:regulator@3: Driver reg-fixed-voltage requests probe deferral
[    0.108503] reg-fixed-voltage regulators:regulator@4: Failed to find supply vin
[    0.108616] reg-fixed-voltage regulators:regulator@4: Failed to register regulator: -517
[    0.108637] platform regulators:regulator@4: Driver reg-fixed-voltage requests probe deferral
[    0.108819] +USB0_VBUS_SW: Failed to request enable GPIO108: -517
[    0.108921] reg-fixed-voltage regulators:regulator@7: Failed to register regulator: -517
[    0.108942] platform regulators:regulator@7: Driver reg-fixed-voltage requests probe deferral
[    0.109140] +5V_USB_HS: Failed to request enable GPIO109: -517
[    0.109242] reg-fixed-voltage regulators:regulator@8: Failed to register regulator: -517
[    0.109263] platform regulators:regulator@8: Driver reg-fixed-voltage requests probe deferral
[    0.109344] platform regulators:regulator@10: Driver reg-fixed-voltage requests probe deferral
[    0.109519] +1.05V_RUN_AVDD_HDMI_PLL: Failed to request enable GPIO63: -517
[    0.109619] reg-fixed-voltage regulators:regulator@11: Failed to register regulator: -517
[    0.109640] platform regulators:regulator@11: Driver reg-fixed-voltage requests probe deferral
[    0.109814] +5V_HDMI_CON: Failed to request enable GPIO86: -517
[    0.109914] reg-fixed-voltage regulators:regulator@12: Failed to register regulator: -517
[    0.109934] platform regulators:regulator@12: Driver reg-fixed-voltage requests probe deferral
[    0.110108] +5V_SATA: Failed to request enable GPIO242: -517
[    0.110207] reg-fixed-voltage regulators:regulator@13: Failed to register regulator: -517
[    0.110227] platform regulators:regulator@13: Driver reg-fixed-voltage requests probe deferral
[    0.110398] +12V_SATA: Failed to request enable GPIO242: -517
[    0.110497] reg-fixed-voltage regulators:regulator@14: Failed to register regulator: -517
[    0.110517] platform regulators:regulator@14: Driver reg-fixed-voltage requests probe deferral
[    0.113117] vgaarb: loaded
[    0.113784] SCSI subsystem initialized
[    0.113958] libata version 3.00 loaded.
[    0.114301] usbcore: registered new interface driver usbfs
[    0.114369] usbcore: registered new interface driver hub
[    0.114443] usbcore: registered new device driver usb
[    0.117465] Linux video capture interface: v2.00
[    0.117519] pps_core: LinuxPPS API ver. 1 registered
[    0.117528] pps_core: Software ver. 5.3.6 - Copyright 2005-2007 Rodolfo Giometti <giometti@linux.it>
[    0.117562] PTP clock support registered
[    0.117814] EDAC MC: Ver: 3.0.0
[    0.118373] Advanced Linux Sound Architecture Driver Initialized.
[    0.119490] Switched to clocksource arch_sys_counter
[    0.129856] NET: Registered protocol family 2
[    0.130445] TCP established hash table entries: 8192 (order: 3, 32768 bytes)
[    0.130535] TCP bind hash table entries: 8192 (order: 4, 65536 bytes)
[    0.130722] TCP: Hash tables configured (established 8192 bind 8192)
[    0.130765] TCP: reno registered
[    0.130778] UDP hash table entries: 512 (order: 2, 16384 bytes)
[    0.130821] UDP-Lite hash table entries: 512 (order: 2, 16384 bytes)
[    0.130991] NET: Registered protocol family 1
[    0.131232] RPC: Registered named UNIX socket transport module.
[    0.131241] RPC: Registered udp transport module.
[    0.131248] RPC: Registered tcp transport module.
[    0.131255] RPC: Registered tcp NFSv4.1 backchannel transport module.
[    0.131273] PCI: CLS 0 bytes, default 64
[    0.133541] futex hash table entries: 1024 (order: 4, 65536 bytes)
[    0.145590] squashfs: version 4.0 (2009/01/31) Phillip Lougher
[    0.146514] NFS: Registering the id_resolver key type
[    0.146542] Key type id_resolver registered
[    0.146551] Key type id_legacy registered
[    0.146621] ntfs: driver 2.1.31 [Flags: R/O].
[    0.147754] bounce: pool size: 64 pages
[    0.147977] Block layer SCSI generic (bsg) driver version 0.4 loaded (major 249)
[    0.147999] io scheduler noop registered
[    0.148015] io scheduler deadline registered
[    0.148215] io scheduler cfq registered (default)
[    0.163333] tegra-pcie 1003000.pcie-controller: 2x1, 1x1 configuration
[    0.163385] tegra-pcie 1003000.pcie-controller: Failed to get supply 'avddio-pex': -517
[    0.163419] platform 1003000.pcie-controller: Driver tegra-pcie requests probe deferral
[    0.168790] tegra-apbdma 60020000.dma: Tegra20 APB DMA driver register 32 channels
[    0.169509] tegra-pmc 7000e400.pmc: emergency thermal reset enabled
[    0.232312] Serial: 8250/16550 driver, 4 ports, IRQ sharing disabled
[    0.234875] msm_serial: driver initialized
[    0.235726] console [ttyS0] disabled
[    0.235760] 70006300.serial: ttyS0 at MMIO 0x70006300 (irq = 330, base_baud = 25500000) is a Tegra
[    1.122460] console [ttyS0] enabled
[    1.126760] STMicroelectronics ASC driver initialized
[    1.133959] [drm] Initialized drm 1.1.0 20060810
[    1.140313] tegra-hdmi 54280000.hdmi: failed to get HDMI regulator
[    1.146521] platform 54280000.hdmi: Driver tegra-hdmi requests probe deferral
[    1.160383] loop: module loaded
[    1.163807] at24 0-0056: 256 byte 24c02 EEPROM, writable, 8 bytes/write
[    1.171741] as3722 4-0040: AS3722 with revision 0x1 found
[    1.182701] +1.35V_LP0(sd2): supplied by +5V_SYS
[    1.187845] +1.35V_LP0(sd3): supplied by +5V_SYS
[    1.192992] +1.05V_RUN: supplied by +5V_SYS
[    1.197609] +1.8V_VDDIO: supplied by +5V_SYS
[    1.203619] +1.05V_RUN_AVDD: supplied by +1.35V_LP0(sd2)
[    1.209929] as3722-regulator as3722-regulator: Failed to find supply vin-ldo1-6
[    1.217347] as3722-regulator as3722-regulator: regulator 8 register failed -517
[    1.225851] platform as3722-regulator: Driver as3722-regulator requests probe deferral
[    1.235975] tegra-ahci 70027000.sata: Failed to get supply 'avdd': -517
[    1.242599] tegra-ahci 70027000.sata: Failed to get regulators
[    1.248471] platform 70027000.sata: Driver tegra-ahci requests probe deferral
[    1.259209] m25p80 spi32765.0: w25q32dw (4096 Kbytes)
[    1.266956] CAN device driver interface
[    1.271956] igb: Intel(R) Gigabit Ethernet Network Driver - version 5.2.15-k
[    1.279007] igb: Copyright (c) 2007-2014 Intel Corporation.
[    1.286380] pegasus: v0.9.3 (2013/04/25), Pegasus/Pegasus II USB Ethernet driver
[    1.293826] usbcore: registered new interface driver pegasus
[    1.299558] usbcore: registered new interface driver asix
[    1.305014] usbcore: registered new interface driver ax88179_178a
[    1.311158] usbcore: registered new interface driver cdc_ether
[    1.317068] usbcore: registered new interface driver smsc75xx
[    1.322886] usbcore: registered new interface driver smsc95xx
[    1.328683] usbcore: registered new interface driver net1080
[    1.334394] usbcore: registered new interface driver cdc_subset
[    1.340365] usbcore: registered new interface driver zaurus
[    1.346026] usbcore: registered new interface driver cdc_ncm
[    1.352810] ehci_hcd: USB 2.0 'Enhanced' Host Controller (EHCI) Driver
[    1.359345] ehci-pci: EHCI PCI platform driver
[    1.363847] ehci-platform: EHCI generic platform driver
[    1.369274] ehci-omap: OMAP-EHCI Host Controller driver
[    1.374641] ehci-orion: EHCI orion driver
[    1.378781] SPEAr-ehci: EHCI SPEAr driver
[    1.382943] ehci-st: EHCI STMicroelectronics driver
[    1.387966] ehci-exynos: EHCI EXYNOS driver
[    1.392319] tegra-ehci: Tegra EHCI driver
[    1.396603] platform 7d004000.usb: Driver tegra-ehci requests probe deferral
[    1.403796] platform 7d008000.usb: Driver tegra-ehci requests probe deferral
[    1.410926] ohci_hcd: USB 1.1 'Open' Host Controller (OHCI) Driver
[    1.417124] ohci-pci: OHCI PCI platform driver
[    1.421627] ohci-platform: OHCI generic platform driver
[    1.427016] ohci-omap3: OHCI OMAP3 driver
[    1.431171] SPEAr-ohci: OHCI SPEAr driver
[    1.435328] ohci-st: OHCI STMicroelectronics driver
[    1.440422] usbcore: registered new interface driver usb-storage
[    1.446650] tegra-phy 7d004000.usb-phy: no vbus regulator
[    1.452338] platform 7d008000.usb-phy: Driver tegra-phy requests probe deferral
[    1.461394] mousedev: PS/2 mouse device common for all mice
[    1.470519] as3722-rtc as3722-rtc: rtc core: registered as3722-rtc as rtc0
[    1.477406] as3722-rtc as3722-rtc: RTC interrupt 364
[    1.485617] tegra_rtc 7000e000.rtc: rtc core: registered 7000e000.rtc as rtc1
[    1.492799] tegra_rtc 7000e000.rtc: Tegra internal Real Time Clock
[    1.499583] i2c /dev entries driver
[    1.505467] usbcore: registered new interface driver uvcvideo
[    1.511223] USB Video Class driver (1.1.1)
[    1.515341] gspca_main: v2.14.0 registered
[    1.520632] 0-004c supply vcc not found, using dummy regulator
[    1.530978] Driver 'mmcblk' needs updating - please use bus_type methods
[    1.537760] sdhci: Secure Digital Host Controller Interface driver
[    1.543941] sdhci: Copyright(c) Pierre Ossman
[    1.549134] Synopsys Designware Multimedia Card Interface Driver
[    1.556061] sdhci-pltfm: SDHCI platform and OF driver helper
[    1.562388] sdhci-tegra 700b0400.sdhci: Got CD GPIO
[    1.567289] sdhci-tegra 700b0400.sdhci: Got WP GPIO
[    1.572212] mmc0: Unknown controller version (3). You may experience problems.
[    1.579533] sdhci-tegra 700b0400.sdhci: No vmmc regulator found
[    1.585497] platform 700b0400.sdhci: Driver sdhci-tegra requests probe deferral
[    1.592932] mmc0: Unknown controller version (3). You may experience problems.
[    1.600200] sdhci-tegra 700b0600.sdhci: No vmmc regulator found
[    1.606128] sdhci-tegra 700b0600.sdhci: No vqmmc regulator found
[    1.612136] mmc0: Invalid maximum block size, assuming 512 bytes
[    1.649509] mmc0: SDHCI controller on 700b0600.sdhci [700b0600.sdhci] using ADMA 64-bit
[    1.658583] ledtrig-cpu: registered to indicate activity on CPUs
[    1.664829] usbcore: registered new interface driver usbhid
[    1.670416] usbhid: USB HID core driver
[    1.678269] usbcore: registered new interface driver snd-usb-audio
[    1.713495] mmc0: MAN_BKOPS_EN bit is not set
[    1.721087] mmc0: new high speed MMC card at address 0001
[    1.726840] mmcblk0: mmc0:0001 SEM16G 14.6 GiB 
[    1.731491] mmcblk0boot0: mmc0:0001 SEM16G partition 1 4.00 MiB
[    1.737519] mmcblk0boot1: mmc0:0001 SEM16G partition 2 4.00 MiB
[    1.743554] mmcblk0rpmb: mmc0:0001 SEM16G partition 3 4.00 MiB
[    1.751352] Primary GPT is invalid, using alternate GPT.
[    1.756701]  mmcblk0: p1 p2 p3 p4 p5 p6 p7 p8 p9
[    2.102361] tegra30-i2s 70301100.i2s: DMA channels sourced from device 70300000.ahub
[    2.118824] tegra-snd-rt5640 sound: rt5640-aif1 <-> 70301100.i2s mapping ok
[    2.128670] input: NVIDIA Tegra Jetson TK1 Headphones as /devices/soc0/sound/sound/card0/input0
[    2.138871] TCP: cubic registered
[    2.142217] NET: Registered protocol family 17
[    2.146691] can: controller area network core (rev 20120528 abi 9)
[    2.152944] NET: Registered protocol family 29
[    2.157404] can: raw protocol (rev 20120528)
[    2.161689] can: broadcast manager protocol (rev 20120528 t)
[    2.167366] can: netlink gateway (rev 20130117) max_hops=1
[    2.173259] Key type dns_resolver registered
[    2.178162] ThumbEE CPU extension supported.
[    2.182455] Registering SWP/SWPB emulation handler
[    2.191174] +3.3V_RUN: supplied by +3.3V_SYS
[    2.195954] +3.3V_AVDD_HDMI_AP_GATED: supplied by +3.3V_RUN
[    2.202099] +USB0_VBUS_SW: supplied by +5V_SYS
[    2.207110] +5V_USB_HS: supplied by +5V_SYS
[    2.213784] +3.3V_LP0: supplied by +3.3V_SYS
[    2.218697] reg-fixed-voltage regulators:regulator@11: Failed to find supply vin
[    2.226300] reg-fixed-voltage regulators:regulator@11: Failed to register regulator: -517
[    2.234544] platform regulators:regulator@11: Driver reg-fixed-voltage requests probe deferral
[    2.244362] +5V_HDMI_CON: supplied by +5V_SYS
[    2.249211] +5V_SATA: supplied by +5V_SYS
[    2.253764] +12V_SATA: supplied by +VDD_MUX
[    2.258606] tegra-pcie 1003000.pcie-controller: 2x1, 1x1 configuration
[    2.265231] tegra-pcie 1003000.pcie-controller: Failed to get supply 'avddio-pex': -517
[    2.273332] platform 1003000.pcie-controller: Driver tegra-pcie requests probe deferral
[    2.282634] tegra-hdmi 54280000.hdmi: failed to get PLL regulator
[    2.288861] platform 54280000.hdmi: Driver tegra-hdmi requests probe deferral
[    2.298836] +1.35V_LP0(sd2): supplied by +5V_SYS
[    2.303740] +1.35V_LP0(sd3): supplied by +5V_SYS
[    2.308670] +1.05V_RUN: supplied by +5V_SYS
[    2.313152] +1.8V_VDDIO: supplied by +5V_SYS
[    2.318935] +1.05V_RUN_AVDD: supplied by +1.35V_LP0(sd2)
[    2.324747] +1.8V_RUN_CAM: supplied by +3.3V_RUN
[    2.330570] +1.2V_GEN_AVDD: supplied by +1.8V_VDDIO
[    2.336663] +1.05V_LP0_VDD_RTC: supplied by +3.3V_SYS
[    2.342230] +2.8V_RUN_CAM: supplied by +3.3V_SYS
[    2.347370] +1.2V_RUN_CAM_FRONT: supplied by +1.8V_VDDIO
[    2.353092] +VDDIO_SDMMC3: supplied by +3.3V_RUN
[    2.358224] +1.05V_RUN_CAM_REAR: supplied by +1.8V_VDDIO
[    2.364234] +3.3V_RUN_TOUCH: supplied by +5V_SYS
[    2.369394] +2.8V_RUN_CAM_AF: supplied by +5V_SYS
[    2.374646] +1.8V_RUN_VPP_FUSE: supplied by +3.3V_RUN
[    2.381872] tegra-ahci 70027000.sata: AHCI 0001.0301 32 slots 2 ports 3 Gbps 0x1 impl platform mode
[    2.390942] tegra-ahci 70027000.sata: flags: 64bit ncq sntf pm led pio slum part sadm sds apst 
[    2.401539] scsi host0: tegra-ahci
[    2.405855] scsi host1: tegra-ahci
[    2.409646] ata1: SATA max UDMA/133 mmio [mem 0x70027000-0x70028fff] port 0x100 irq 340
[    2.417655] ata2: DUMMY
[    2.423749] tegra-ehci 7d004000.usb: EHCI Host Controller
[    2.429203] tegra-ehci 7d004000.usb: new USB bus registered, assigned bus number 1
[    2.436986] tegra-ehci 7d004000.usb: irq 345, io mem 0x7d004000
[    2.449526] tegra-ehci 7d004000.usb: USB 2.0 started, EHCI 1.10
[    2.456455] hub 1-0:1.0: USB hub found
[    2.460290] hub 1-0:1.0: 1 port detected
[    2.465712] platform 7d008000.usb: Driver tegra-ehci requests probe deferral
[    2.474924] sdhci-tegra 700b0400.sdhci: Got CD GPIO
[    2.479880] sdhci-tegra 700b0400.sdhci: Got WP GPIO
[    2.484845] mmc1: Unknown controller version (3). You may experience problems.
[    2.492312] sdhci-tegra 700b0400.sdhci: No vmmc regulator found
[    2.498321] mmc1: Invalid maximum block size, assuming 512 bytes
[    2.540019] mmc1: SDHCI controller on 700b0400.sdhci [700b0400.sdhci] using ADMA 64-bit
[    2.548624] +1.05V_RUN_AVDD_HDMI_PLL: supplied by +1.05V_RUN
[    2.554952] tegra-pcie 1003000.pcie-controller: 2x1, 1x1 configuration
[    2.562896] tegra-pcie 1003000.pcie-controller: probing port 0, using 2 lanes
[    2.572119] tegra-pcie 1003000.pcie-controller: Slot present pin change, signature: 00000008
[    2.749657] ata1: SATA link down (SStatus 0 SControl 300)
[    2.999683] tegra-pcie 1003000.pcie-controller: link 0 down, retrying
[    3.428270] tegra-pcie 1003000.pcie-controller: link 0 down, retrying
[    3.856533] tegra-pcie 1003000.pcie-controller: link 0 down, retrying
[    3.865107] tegra-pcie 1003000.pcie-controller: link 0 down, ignoring
[    3.871592] tegra-pcie 1003000.pcie-controller: probing port 1, using 1 lanes
[    3.880848] tegra-pcie 1003000.pcie-controller: Slot present pin change, signature: 00000000
[    4.309112] tegra-pcie 1003000.pcie-controller: link 1 down, retrying
[    4.737343] tegra-pcie 1003000.pcie-controller: link 1 down, retrying
[    5.165443] tegra-pcie 1003000.pcie-controller: link 1 down, retrying
[    5.174023] tegra-pcie 1003000.pcie-controller: link 1 down, ignoring
[    5.180719] tegra-pcie 1003000.pcie-controller: PCI host bridge to bus 0000:00
[    5.187952] pci_bus 0000:00: root bus resource [mem 0x13000000-0x1fffffff]
[    5.194831] pci_bus 0000:00: root bus resource [mem 0x20000000-0x3fffffff pref]
[    5.202144] pci_bus 0000:00: root bus resource [bus 00-ff]
[    5.207633] pci_bus 0000:00: root bus resource [io  0x1000-0xffff]
[    5.213843] PCI: bus0: Fast back to back transfers enabled
[    5.221821] [drm] Supports vblank timestamp caching Rev 2 (21.10.2013).
[    5.228487] [drm] No driver support for vblank timestamp query.
[    5.234467] drm drm: No connectors reported connected with modes
[    5.240535] [drm] Cannot find any crtc or sizes - going 1024x768
[    5.261494] Console: switching to colour frame buffer device 128x48
[    5.275140] drm drm: fb0:  frame buffer device
[    5.279641] drm drm: registered panic notifier
[    5.294608] [drm] Initialized tegra 0.0.0 20120330 on minor 0
[    5.301493] tegra-ehci 7d008000.usb: EHCI Host Controller
[    5.306951] tegra-ehci 7d008000.usb: new USB bus registered, assigned bus number 2
[    5.315152] tegra-ehci 7d008000.usb: irq 346, io mem 0x7d008000
[    5.329605] tegra-ehci 7d008000.usb: USB 2.0 started, EHCI 1.10
[    5.336379] hub 2-0:1.0: USB hub found
[    5.340191] hub 2-0:1.0: 1 port detected
[    5.345991] input: gpio-keys as /devices/soc0/gpio-keys/input/input1
[    5.353499] as3722-rtc as3722-rtc: setting system clock to 2000-02-01 00:00:17 UTC (949363217)
[    5.373170] +1.8V_RUN_VPP_FUSE: disabling
[    5.377626] +2.8V_RUN_CAM_AF: disabling
[    5.381831] +3.3V_RUN_TOUCH: disabling
[    5.385949] +1.05V_RUN_CAM_REAR: disabling
[    5.390414] +1.2V_RUN_CAM_FRONT: disabling
[    5.394878] +2.8V_RUN_CAM: disabling
[    5.398795] +1.8V_RUN_CAM: disabling
[    5.402530] +USB0_VBUS_SW: disabling
[    5.406447] ALSA device list:
[    5.409410]   #0: NVIDIA Tegra Jetson TK1
[    5.414667] EXT4-fs (mmcblk0p1): couldn't mount as ext3 due to feature incompatibilities
[    5.423410] EXT4-fs (mmcblk0p1): couldn't mount as ext2 due to feature incompatibilities
[    5.437579] EXT4-fs (mmcblk0p1): recovery complete
[    5.442431] EXT4-fs (mmcblk0p1): mounted filesystem with ordered data mode. Opts: (null)
[    5.450614] VFS: Mounted root (ext4 filesystem) on device 179:1.
[    5.458753] devtmpfs: mounted
[    5.462427] Freeing unused kernel memory: 780K (c0c8d000 - c0d50000)
bash: cannot set terminal process group (-1): Inappropriate ioctl for device
bash: no job control in this shell
root@(none):/# [    5.664648] usb 2-1: new high-speed USB device number 2 using tegra-ehci
