
U-Boot SPL 2014.01-00219-gc4d376f (Feb 18 2014 - 19:57:32)


U-Boot 2014.01-00219-gc4d376f (Feb 18 2014 - 19:57:32)

TEGRA114
Board: NVIDIA Dalmore
I2C:   ready
DRAM:  2 GiB
MMC:   Tegra SD/MMC: 0, Tegra SD/MMC: 1
In:    serial
Out:   serial
Err:   serial
Net:   Net Initialization Skipped
No ethernet found.
Hit any key to stop autoboot:  2  1  0 
Tegra114 (Dalmore) # 
Tegra114 (Dalmore) # usb reset
(Re)start USB...
USB0:   USB EHCI 1.10
scanning bus 0 for devices... 2 USB Device(s) found
       scanning usb for storage devices... 0 Storage Device(s) found
       scanning usb for ethernet devices... 
Warning: asx0 using MAC address from net device
1 Ethernet Device(s) found
Tegra114 (Dalmore) # setenv bootargs 'ignore_loglevel console=ttyS0,115200n8 rw root=PARTUUID=7369c667-ff51-ec4a-29cd-baabf2fbe346 rootwait gpt debug earlyprintk init=/bin/bash'
Tegra114 (Dalmore) # setenv ipaddr 192.168.100.100; setenv serverip 192.168.100.1; setenv tftpserverip 192.168.100.1
Tegra114 (Dalmore) # tftpboot 0x81000000 zImage.multi_v7_defconfig
Using asx0 device
TFTP from server 192.168.100.1; our IP address is 192.168.100.100
Filename 'zImage.multi_v7_defconfig'.
Load address: 0x81000000
Loading: *#################################################################
	 #################################################################
	 #################################################################
	 #################################################################
	 #################################################################
	 #################################################################
	 #################################################################
	 ###################################################
	 3.2 MiB/s
done
Bytes transferred = 7415968 (7128a0 hex)
Tegra114 (Dalmore) # tftpboot 0x82000000 tegra114-dalmore.dtb
Using asx0 device
TFTP from server 192.168.100.1; our IP address is 192.168.100.100
Filename 'tegra114-dalmore.dtb'.
Load address: 0x82000000
Loading: *###
	 2.8 MiB/s
done
Bytes transferred = 35044 (88e4 hex)
Tegra114 (Dalmore) # bootz 0x81000000 - 0x82000000
Kernel image @ 0x81000000 [ 0x000000 - 0x7128a0 ]
## Flattened Device Tree blob at 82000000
   Booting using the fdt blob at 0x82000000
   Loading Device Tree to 8fff4000, end 8ffff8e3 ... OK

Starting kernel ...

[    0.000000] Booting Linux on physical CPU 0x0
[    0.000000] Linux version 4.10.0-143272-gc470abd (pwalmsley@sellafield) (gcc version 4.7.3 20130328 (prerelease) (crosstool-NG linaro-1.13.1-4.7-2013.04-20130415 - Linaro GCC 2013.04) ) #1 SMP Sun Feb 19 15:04:08 PST 2017
[    0.000000] CPU: ARMv7 Processor [412fc0f2] revision 2 (ARMv7), cr=10c5387d
[    0.000000] CPU: div instructions available: patching division code
[    0.000000] CPU: PIPT / VIPT nonaliasing data cache, PIPT instruction cache
[    0.000000] OF: fdt:Machine model: NVIDIA Tegra114 Dalmore evaluation board
[    0.000000] debug: ignoring loglevel setting.
[    0.000000] efi: Getting EFI parameters from FDT:
[    0.000000] efi: UEFI not found.
[    0.000000] cma: Reserved 64 MiB at 0xfb800000
[    0.000000] Memory policy: Data cache writealloc
[    0.000000] On node 0 totalpages: 524032
[    0.000000] free_area_init_node: node 0, pgdat c142ba40, node_mem_map eeff8000
[    0.000000]   DMA zone: 1536 pages used for memmap
[    0.000000]   DMA zone: 0 pages reserved
[    0.000000]   DMA zone: 196608 pages, LIFO batch:31
[    0.000000]   HighMem zone: 327424 pages, LIFO batch:31
[    0.000000] percpu: Embedded 14 pages/cpu @eefa4000 s26176 r8192 d22976 u57344
[    0.000000] pcpu-alloc: s26176 r8192 d22976 u57344 alloc=14*4096
[    0.000000] pcpu-alloc: [0] 0 [0] 1 [0] 2 [0] 3 
[    0.000000] Built 1 zonelists in Zone order, mobility grouping on.  Total pages: 522496
[    0.000000] Kernel command line: ignore_loglevel console=ttyS0,115200n8 rw root=PARTUUID=7369c667-ff51-ec4a-29cd-baabf2fbe346 rootwait gpt debug earlyprintk init=/bin/bash
[    0.000000] PID hash table entries: 4096 (order: 2, 16384 bytes)
[    0.000000] Dentry cache hash table entries: 131072 (order: 7, 524288 bytes)
[    0.000000] Inode-cache hash table entries: 65536 (order: 6, 262144 bytes)
[    0.000000] Memory: 1994876K/2096128K available (9216K kernel code, 1205K rwdata, 4152K rodata, 2048K init, 536K bss, 35716K reserved, 65536K cma-reserved, 1244160K highmem)
[    0.000000] Virtual kernel memory layout:
[    0.000000]     vector  : 0xffff0000 - 0xffff1000   (   4 kB)
[    0.000000]     fixmap  : 0xffc00000 - 0xfff00000   (3072 kB)
[    0.000000]     vmalloc : 0xf0800000 - 0xff800000   ( 240 MB)
[    0.000000]     lowmem  : 0xc0000000 - 0xf0000000   ( 768 MB)
[    0.000000]     pkmap   : 0xbfe00000 - 0xc0000000   (   2 MB)
[    0.000000]     modules : 0xbf000000 - 0xbfe00000   (  14 MB)
[    0.000000]       .text : 0xc0208000 - 0xc0c00000   (10208 kB)
[    0.000000]       .init : 0xc1100000 - 0xc1300000   (2048 kB)
[    0.000000]       .data : 0xc1300000 - 0xc142d540   (1206 kB)
[    0.000000]        .bss : 0xc142f000 - 0xc14b51d0   ( 537 kB)
[    0.000000] SLUB: HWalign=64, Order=0-3, MinObjects=0, CPUs=4, Nodes=1
[    0.000000] Hierarchical RCU implementation.
[    0.000000] 	Build-time adjustment of leaf fanout to 32.
[    0.000000] 	RCU restricting CPUs from NR_CPUS=16 to nr_cpu_ids=4.
[    0.000000] RCU: Adjusting geometry for rcu_fanout_leaf=32, nr_cpu_ids=4
[    0.000000] NR_IRQS:16 nr_irqs:16 16
[    0.000000] /interrupt-controller@60004000: 160 interrupts forwarded to /interrupt-controller@50041000
[    0.000000] Tegra clk 127: register failed with -17
[    0.000008] sched_clock: 32 bits at 1000kHz, resolution 1000ns, wraps every 2147483647500ns
[    0.000026] clocksource: timer_us: mask: 0xffffffff max_cycles: 0xffffffff, max_idle_ns: 1911260446275 ns
[    0.000040] Switching to timer-based delay loop, resolution 1000ns
[    0.003090] arm_arch_timer: Architected cp15 timer(s) running at 12.00MHz (virt).
[    0.003108] clocksource: arch_sys_counter: mask: 0xffffffffffffff max_cycles: 0x2c47f4ee7, max_idle_ns: 440795202497 ns
[    0.003125] sched_clock: 56 bits at 12MHz, resolution 83ns, wraps every 4398046511096ns
[    0.003138] Switching to timer-based delay loop, resolution 83ns
[    0.003516] Console: colour dummy device 80x30
[    0.003549] Calibrating delay loop (skipped), value calculated using timer frequency.. 24.00 BogoMIPS (lpj=120000)
[    0.003564] pid_max: default: 32768 minimum: 301
[    0.003667] Mount-cache hash table entries: 2048 (order: 1, 8192 bytes)
[    0.003677] Mountpoint-cache hash table entries: 2048 (order: 1, 8192 bytes)
[    0.004283] CPU: Testing write buffer coherency: ok
[    0.004522] /cpus/cpu@0 missing clock-frequency property
[    0.004550] /cpus/cpu@1 missing clock-frequency property
[    0.004578] /cpus/cpu@2 missing clock-frequency property
[    0.004607] /cpus/cpu@3 missing clock-frequency property
[    0.004619] CPU0: thread -1, cpu 0, socket 0, mpidr 80000000
[    0.004863] Setting up static identity map for 0x80300000 - 0x80300098
[    0.007273] Tegra Revision: A01 SKU: 0 CPU Process: 1 SoC Process: 0
[    0.007816] EFI services will not be available.
[    0.008063] smp: Bringing up secondary CPUs ...
[    0.008695] CPU1: thread -1, cpu 1, socket 0, mpidr 80000001
[    0.009400] CPU2: thread -1, cpu 2, socket 0, mpidr 80000002
[    0.010092] CPU3: thread -1, cpu 3, socket 0, mpidr 80000003
[    0.010174] smp: Brought up 1 node, 4 CPUs
[    0.010193] SMP: Total of 4 processors activated (96.00 BogoMIPS).
[    0.010200] CPU: All CPU(s) started in SVC mode.
[    0.011668] devtmpfs: initialized
[    0.023168] VFP support v0.3: implementor 41 architecture 4 part 30 variant f rev 0
[    0.023543] clocksource: jiffies: mask: 0xffffffff max_cycles: 0xffffffff, max_idle_ns: 19112604462750000 ns
[    0.023560] futex hash table entries: 1024 (order: 4, 65536 bytes)
[    0.024979] pinctrl core: initialized pinctrl subsystem
[    0.026695] NET: Registered protocol family 16
[    0.028708] DMA: preallocated 256 KiB pool for atomic coherent allocations
[    0.052961] cpuidle: using governor menu
[    0.079470] No ATAGs?
[    0.079607] hw-breakpoint: found 5 (+1 reserved) breakpoint and 4 watchpoint registers.
[    0.079621] hw-breakpoint: maximum watchpoint size is 8 bytes.
[    0.084828] Serial: AMBA PL011 UART driver
[    0.085554] tegra-mc 70019000.memory-controller: no memory timings for RAM code 3 registered
[    0.127547] dvdd_ts: Failed to request enable GPIO61: -517
[    0.127563] reg-fixed-voltage regulators:regulator@1: Failed to register regulator: -517
[    0.127657] usb1_vbus: Failed to request enable GPIO108: -517
[    0.127670] reg-fixed-voltage regulators:regulator@3: Failed to register regulator: -517
[    0.127763] usb2_vbus: Failed to request enable GPIO86: -517
[    0.127775] reg-fixed-voltage regulators:regulator@4: Failed to register regulator: -517
[    0.128194] VDD_5V0_HDMI_CON: Failed to request enable GPIO81: -517
[    0.128207] reg-fixed-voltage regulators:regulator@7: Failed to register regulator: -517
[    0.130868] vgaarb: loaded
[    0.131666] SCSI subsystem initialized
[    0.131838] libata version 3.00 loaded.
[    0.132109] usbcore: registered new interface driver usbfs
[    0.132175] usbcore: registered new interface driver hub
[    0.132252] usbcore: registered new device driver usb
[    0.135797] tps65090 2-0048: No cache defaults, reading back from HW
[    0.137707] TPS65090_RAILSDCDC1: supplied by vdd_ac_bat
[    0.138254] vdd_hdmi_5v0: supplied by vdd-sys-5v0
[    0.139030] TPS65090_RAILSDCDC2: supplied by vdd_ac_bat
[    0.140093] TPS65090_RAILSDCDC3: supplied by vdd_ac_bat
[    0.140624] TPS65090_RAILSFET1: supplied by vdd_ac_bat
[    0.141013] TPS65090_RAILSFET2: supplied by vdd_ac_bat
[    0.141378] TPS65090_RAILSFET3: supplied by vdd-sys-3v3
[    0.141916] TPS65090_RAILSFET4: supplied by vdd-sys-3v3
[    0.142449] TPS65090_RAILSFET5: supplied by vdd-sys-3v3
[    0.142973] TPS65090_RAILSFET6: supplied by vdd-sys-3v3
[    0.143845] TPS65090_RAILSFET7: supplied by vdd-sys-3v3
[    0.144380] TPS65090_RAILSLDO1: supplied by vdd_ac_bat
[    0.144605] TPS65090_RAILSLDO2: supplied by vdd_ac_bat
[    0.145576] palmas 2-0058: Irq flag is 0x00000004
[    0.147580] palmas 2-0058: Muxing GPIO ff, PWM 0, LED 0
[    0.150086] SMPS12: supplied by vdd-ao
[    0.151687] SMPS3: supplied by vdd-ao
[    0.153452] SMPS457: supplied by vdd-sys-3v3
[    0.156355] SMPS8: supplied by vdd-sys-3v3
[    0.157221] random: fast init done
[    0.157974] SMPS9: supplied by vdd-sys-3v3
[    0.158490] sdhci-vdd-sd-slot: Bringing 2840000uV into 2800000-2800000uV
[    0.161336] LDO1: supplied by vdd-sys-3v3
[    0.162531] LDO2: supplied by vdd-sys-3v3
[    0.163761] LDO3: supplied by vddio-1v8
[    0.164972] LDO4: supplied by vdd-sys-3v3
[    0.166163] LDO5: supplied by vdd_ac_bat
[    0.166928] LDO6: supplied by vdd-sys-3v3
[    0.167434] vdd-sensor-2v85: Bringing 2900000uV into 2850000-2850000uV
[    0.168848] LDO7: supplied by vdd-sys-3v3
[    0.170563] LDO8: supplied by vdd-ao
[    0.171068] vdd-rtc: Bringing 675000uV into 900000-900000uV
[    0.173860] LDO9: supplied by sdhci-vdd-sd-slot
[    0.184185] LDOLN: supplied by vdd-sys-5v0
[    0.185393] LDOUSB: supplied by vdd-sys-5v0
[    0.197122] pps_core: LinuxPPS API ver. 1 registered
[    0.197131] pps_core: Software ver. 5.3.6 - Copyright 2005-2007 Rodolfo Giometti <giometti@linux.it>
[    0.197154] PTP clock support registered
[    0.197344] EDAC MC: Ver: 3.0.0
[    0.199705] clocksource: Switched to clocksource arch_sys_counter
[    0.209935] NET: Registered protocol family 2
[    0.210461] TCP established hash table entries: 8192 (order: 3, 32768 bytes)
[    0.210560] TCP bind hash table entries: 8192 (order: 4, 65536 bytes)
[    0.210747] TCP: Hash tables configured (established 8192 bind 8192)
[    0.210802] UDP hash table entries: 512 (order: 2, 16384 bytes)
[    0.210845] UDP-Lite hash table entries: 512 (order: 2, 16384 bytes)
[    0.211009] NET: Registered protocol family 1
[    0.211349] RPC: Registered named UNIX socket transport module.
[    0.211358] RPC: Registered udp transport module.
[    0.211365] RPC: Registered tcp transport module.
[    0.211372] RPC: Registered tcp NFSv4.1 backchannel transport module.
[    0.211384] PCI: CLS 0 bytes, default 64
[    0.214007] workingset: timestamp_bits=30 max_order=19 bucket_order=0
[    0.225495] squashfs: version 4.0 (2009/01/31) Phillip Lougher
[    0.226377] NFS: Registering the id_resolver key type
[    0.226403] Key type id_resolver registered
[    0.226411] Key type id_legacy registered
[    0.226454] ntfs: driver 2.1.32 [Flags: R/O].
[    0.228095] bounce: pool size: 64 pages
[    0.228297] Block layer SCSI generic (bsg) driver version 0.4 loaded (major 248)
[    0.228307] io scheduler noop registered
[    0.228315] io scheduler deadline registered
[    0.228498] io scheduler cfq registered (default)
[    0.259485] tegra-apbdma 6000a000.dma: Tegra20 APB DMA driver register 32 channels
[    0.261403] tegra-pmc 7000e400.pmc: i2c-thermtrip node not found, emergency thermal reset disabled.
[    0.324458] Serial: 8250/16550 driver, 4 ports, IRQ sharing disabled
[    0.327557] console [ttyS0] disabled
[    0.327595] 70006300.serial: ttyS0 at MMIO 0x70006300 (irq = 329, base_baud = 25500000) is a Tegra
[    1.298868] console [ttyS0] enabled
[    1.303209] SuperH (H)SCI(F) driver initialized
[    1.308684] msm_serial: driver initialized
[    1.312983] STMicroelectronics ASC driver initialized
[    1.321673] [drm] Initialized
[    1.327740] tegra-hdmi 54280000.hdmi: failed to get HDMI regulator
[    1.352956] brd: module loaded
[    1.362539] loop: module loaded
[    1.382366] m25p80 spi32766.0: w25q32dw (4096 Kbytes)
[    1.390673] libphy: Fixed MDIO Bus: probed
[    1.396057] CAN device driver interface
[    1.400758] bgmac_bcma: Broadcom 47xx GBit MAC driver loaded
[    1.407656] e1000e: Intel(R) PRO/1000 Network Driver - 3.2.6-k
[    1.413496] e1000e: Copyright(c) 1999 - 2015 Intel Corporation.
[    1.419474] igb: Intel(R) Gigabit Ethernet Network Driver - version 5.4.0-k
[    1.426434] igb: Copyright (c) 2007-2014 Intel Corporation.
[    1.435336] pegasus: v0.9.3 (2013/04/25), Pegasus/Pegasus II USB Ethernet driver
[    1.442788] usbcore: registered new interface driver pegasus
[    1.448493] usbcore: registered new interface driver asix
[    1.453945] usbcore: registered new interface driver ax88179_178a
[    1.460083] usbcore: registered new interface driver cdc_ether
[    1.465966] usbcore: registered new interface driver smsc75xx
[    1.471784] usbcore: registered new interface driver smsc95xx
[    1.477561] usbcore: registered new interface driver net1080
[    1.483264] usbcore: registered new interface driver cdc_subset
[    1.489211] usbcore: registered new interface driver zaurus
[    1.494855] usbcore: registered new interface driver cdc_ncm
[    1.502428] ehci_hcd: USB 2.0 'Enhanced' Host Controller (EHCI) Driver
[    1.508944] ehci-pci: EHCI PCI platform driver
[    1.513444] ehci-platform: EHCI generic platform driver
[    1.518843] ehci-orion: EHCI orion driver
[    1.522989] SPEAr-ehci: EHCI SPEAr driver
[    1.527125] ehci-st: EHCI STMicroelectronics driver
[    1.532150] ehci-exynos: EHCI EXYNOS driver
[    1.536477] ehci-atmel: EHCI Atmel driver
[    1.540623] tegra-ehci: Tegra EHCI driver
[    1.544917] ohci_hcd: USB 1.1 'Open' Host Controller (OHCI) Driver
[    1.551117] ohci-pci: OHCI PCI platform driver
[    1.555598] ohci-platform: OHCI generic platform driver
[    1.560981] ohci-omap3: OHCI OMAP3 driver
[    1.565113] SPEAr-ohci: OHCI SPEAr driver
[    1.569248] ohci-st: OHCI STMicroelectronics driver
[    1.574280] ohci-atmel: OHCI Atmel driver
[    1.578983] usbcore: registered new interface driver usb-storage
[    1.586471] mousedev: PS/2 mouse device common for all mice
[    1.596598] palmas-rtc 7000d000.i2c:tps65913@58:rtc: rtc core: registered 7000d000.i2c:tps659 as rtc0
[    1.607709] tegra_rtc 7000e000.rtc: rtc core: registered 7000e000.rtc as rtc1
[    1.614904] tegra_rtc 7000e000.rtc: Tegra internal Real Time Clock
[    1.621613] i2c /dev entries driver
[    1.631559] sbs-battery 0-000b: sbs_probe: Failed to get device status
[    1.638089] sbs-battery: probe of 0-000b failed with error -121
[    1.654095] sdhci: Secure Digital Host Controller Interface driver
[    1.660292] sdhci: Copyright(c) Pierre Ossman
[    1.666108] Synopsys Designware Multimedia Card Interface Driver
[    1.673168] sdhci-pltfm: SDHCI platform and OF driver helper
[    1.679526] sdhci-tegra 78000400.sdhci: Got CD GPIO
[    1.684439] sdhci-tegra 78000400.sdhci: Got WP GPIO
[    1.690521] mmc0: Invalid maximum block size, assuming 512 bytes
[    1.759851] mmc0: SDHCI controller on 78000400.sdhci [78000400.sdhci] using ADMA
[    1.767527] mmc1: Invalid maximum block size, assuming 512 bytes
[    1.839725] mmc1: SDHCI controller on 78000600.sdhci [78000600.sdhci] using ADMA
[    1.848919] ledtrig-cpu: registered to indicate activity on CPUs
[    1.855265] usbcore: registered new interface driver usbhid
[    1.860849] usbhid: USB HID core driver
[    1.868467] NET: Registered protocol family 10
[    1.873794] Segment Routing with IPv6
[    1.877511] sit: IPv6, IPv4 and MPLS over IPv4 tunneling driver
[    1.884139] NET: Registered protocol family 17
[    1.888584] can: controller area network core (rev 20120528 abi 9)
[    1.895002] NET: Registered protocol family 29
[    1.899441] can: raw protocol (rev 20120528)
[    1.903723] can: broadcast manager protocol (rev 20161123 t)
[    1.909383] can: netlink gateway (rev 20130117) max_hops=1
[    1.915236] Key type dns_resolver registered
[    1.920161] ThumbEE CPU extension supported.
[    1.924431] Registering SWP/SWPB emulation handler
[    1.941843] usb1_vbus: supplied by vdd-sys-5v0
[    1.947684] usb2_vbus: supplied by vdd-sys-5v0
[    1.954389] mmc0: new high speed SDHC card at address aaaa
[    1.958787] VDD_5V0_HDMI_CON: supplied by vdd-sys-5v0
[    1.964353] [drm] Supports vblank timestamp caching Rev 2 (21.10.2013).
[    1.964358] [drm] No driver support for vblank timestamp query.
[    1.981663] mmcblk0: mmc0:aaaa SL16G 14.8 GiB 
[    2.007332]  mmcblk0: p1 p2 p3
[    2.026837] Console: switching to colour frame buffer device 240x75
[    2.039458] mmc1: new high speed MMC card at address 0001
[    2.041045] mmcblk1: mmc1:0001 SEM32G 29.1 GiB 
[    2.041764] mmcblk1boot0: mmc1:0001 SEM32G partition 1 4.00 MiB
[    2.042464] mmcblk1boot1: mmc1:0001 SEM32G partition 2 4.00 MiB
[    2.043175] mmcblk1rpmb: mmc1:0001 SEM32G partition 3 4.00 MiB
[    2.047606]  mmcblk1: p1 p2 p3 p4 p5 p6 p7 p8
[    2.090169] drm drm: fb0:  frame buffer device
[    2.129896] [drm] Initialized tegra 0.0.0 20120330 on minor 0
[    2.141608] tegra-ehci 7d008000.usb: EHCI Host Controller
[    2.147036] tegra-ehci 7d008000.usb: new USB bus registered, assigned bus number 1
[    2.154977] tegra-ehci 7d008000.usb: irq 339, io mem 0x7d008000
[    2.189839] tegra-ehci 7d008000.usb: USB 2.0 started, EHCI 1.10
[    2.197046] hub 1-0:1.0: USB hub found
[    2.200914] hub 1-0:1.0: 1 port detected
[    2.206816] input: gpio-keys as /devices/soc0/gpio-keys/input/input0
[    2.215845] palmas-rtc 7000d000.i2c:tps65913@58:rtc: setting system clock to 2000-12-14 10:36:44 UTC (976790204)
[    2.232395] dvdd_ts: disabling
[    2.235454] usb1_vbus: disabling
[    2.238678] vdd_cam_1v8_reg: disabling
[    2.244166] EXT4-fs (mmcblk1p1): mounting ext3 file system using the ext4 subsystem
[    2.275504] EXT4-fs (mmcblk1p1): recovery complete
[    2.280381] EXT4-fs (mmcblk1p1): mounted filesystem with ordered data mode. Opts: (null)
[    2.288505] VFS: Mounted root (ext3 filesystem) on device 179:17.
[    2.297009] devtmpfs: mounted
[    2.301968] Freeing unused kernel memory: 2048K
bash: cannot set terminal process group (-1): Inappropriate ioctl for device
bash: no job control in this shell
root@(none):/# [    2.559859] usb 1-1: new high-speed USB device number 2 using tegra-ehci
[    3.234069] asix 1-1:1.0 eth0: register 'asix' at usb-7d008000.usb-1, ASIX AX88772 USB 2.0 Ethernet, 00:50:b6:0d:b5:16
mount -t sysfs none /sys
root@(none):/# 
root@(none):/# mount -t debugfs none /sys/kernel/debug
root@(none):/# 
root@(none):/# rtcwake -d rtc1 -m mem -s 3
rtcwake: assuming RTC uses UTC ...
rtcwake: wakeup from "mem" using /dev/rtc1 at Thu Jan  1 00:00:20 1970
[    5.397228] PM: Syncing filesystems ... done.
[    5.425262] Freezing user space processes ... (elapsed 0.001 seconds) done.
[    5.433590] Freezing remaining freezable tasks ... (elapsed 0.001 seconds) done.
[    5.442442] Suspending console(s) (use no_console_suspend to debug)
[    5.501863] PM: suspend of devices complete after 51.769 msecs
[    5.504905] PM: late suspend of devices complete after 3.026 msecs
[    5.507550] PM: noirq suspend of devices complete after 2.636 msecs
[    5.507554] Disabling non-boot CPUs ...
[    5.508396] CPU1: shutdown
[    5.542784] CPU2: shutdown
[    5.602724] CPU3: shutdown
[    5.651299] Entering suspend state LP1
[    5.651299] Suspended for 7.028 seconds
[    5.651318] Enabling non-boot CPUs ...
[    5.681415] CPU1 is up
[    5.721603] CPU2 is up
[    5.761916] CPU3 is up
[    5.763192] PM: noirq resume of devices complete after 1.266 msecs
[    5.765826] PM: early resume of devices complete after 2.188 msecs
[    6.341224] PM: resume of devices complete after 575.379 msecs
[    6.409737] Restarting tasks ... done.
root@(none):/# 
root@(none):/# rtcwake -d rtc1 -m mem -s 3
rtcwake: assuming RTC uses UTC ...
rtcwake: wakeup from "mem" using /dev/rtc1 at Thu Jan  1 00:00:29 1970
[    7.414981] PM: Syncing filesystems ... done.
[    7.441830] Freezing user space processes ... (elapsed 0.001 seconds) done.
[    7.450177] Freezing remaining freezable tasks ... (elapsed 0.001 seconds) done.
[    7.458995] Suspending console(s) (use no_console_suspend to debug)
[    7.522087] PM: suspend of devices complete after 55.424 msecs
[    7.525434] PM: late suspend of devices complete after 3.331 msecs
[    7.528015] PM: noirq suspend of devices complete after 2.570 msecs
[    7.528019] Disabling non-boot CPUs ...
[    7.528864] CPU1: shutdown
[    7.562467] CPU2: shutdown
[    7.622243] CPU3: shutdown
[    7.670996] Entering suspend state LP1
[    7.670996] Suspended for 6.980 seconds
[    7.671016] Enabling non-boot CPUs ...
[    7.701360] CPU1 is up
[    7.741556] CPU2 is up
[    7.781860] CPU3 is up
[    7.783130] PM: noirq resume of devices complete after 1.260 msecs
[    7.786028] PM: early resume of devices complete after 2.423 msecs
[    8.360525] PM: resume of devices complete after 574.479 msecs
[    8.428944] Restarting tasks ... done.
root@(none):/# 
root@(none):/# rtcwake -d rtc1 -m mem -s 3
rtcwake: assuming RTC uses UTC ...
rtcwake: wakeup from "mem" using /dev/rtc1 at Thu Jan  1 00:00:38 1970
[    9.421407] PM: Syncing filesystems ... done.
[    9.448349] Freezing user space processes ... (elapsed 0.001 seconds) done.
[    9.456697] Freezing remaining freezable tasks ... (elapsed 0.001 seconds) done.
[    9.465603] Suspending console(s) (use no_console_suspend to debug)
[    9.532169] PM: suspend of devices complete after 58.854 msecs
[    9.535171] PM: late suspend of devices complete after 2.987 msecs
[    9.537772] PM: noirq suspend of devices complete after 2.592 msecs
[    9.537776] Disabling non-boot CPUs ...
[    9.538622] CPU1: shutdown
[    9.582444] CPU2: shutdown
[    9.641965] CPU3: shutdown
[    9.671086] Entering suspend state LP1
[    9.671086] Suspended for 7.000 seconds
[    9.671105] Enabling non-boot CPUs ...
[    9.701354] CPU1 is up
[    9.741503] CPU2 is up
[    9.781820] CPU3 is up
[    9.783090] PM: noirq resume of devices complete after 1.259 msecs
[    9.785653] PM: early resume of devices complete after 2.115 msecs
[   10.359173] PM: resume of devices complete after 573.503 msecs
[   10.427608] Restarting tasks ... done.
root@(none):/# 
root@(none):/# rtcwake -d rtc1 -m mem -s 3
rtcwake: assuming RTC uses UTC ...
rtcwake: wakeup from "mem" using /dev/rtc1 at Thu Jan  1 00:00:47 1970
[   11.419674] PM: Syncing filesystems ... done.
[   11.446425] Freezing user space processes ... (elapsed 0.001 seconds) done.
[   11.454769] Freezing remaining freezable tasks ... (elapsed 0.001 seconds) done.
[   11.463597] Suspending console(s) (use no_console_suspend to debug)
[   11.521580] PM: suspend of devices complete after 50.334 msecs
[   11.524619] PM: late suspend of devices complete after 3.024 msecs
[   11.527424] PM: noirq suspend of devices complete after 2.792 msecs
[   11.527428] Disabling non-boot CPUs ...
[   11.527923] IRQ17 no longer affine to CPU1
[   11.528292] CPU1: shutdown
[   11.572429] CPU2: shutdown
[   11.632102] CPU3: shutdown
[   11.680894] Entering suspend state LP1
[   11.680894] Suspended for 6.990 seconds
[   11.680914] Enabling non-boot CPUs ...
[   11.711263] CPU1 is up
[   11.751457] CPU2 is up
[   11.791758] CPU3 is up
[   11.793025] PM: noirq resume of devices complete after 1.256 msecs
[   11.795512] PM: early resume of devices complete after 2.014 msecs
[   12.367963] PM: resume of devices complete after 572.434 msecs
[   12.440597] Restarting tasks ... done.
root@(none):/# 
root@(none):/# rtcwake -d rtc1 -m mem -s 3
rtcwake: assuming RTC uses UTC ...
rtcwake: wakeup from "mem" using /dev/rtc1 at Thu Jan  1 00:00:56 1970
[   13.432347] PM: Syncing filesystems ... done.
[   13.459269] Freezing user space processes ... (elapsed 0.001 seconds) done.
[   13.467606] Freezing remaining freezable tasks ... (elapsed 0.001 seconds) done.
[   13.476509] Suspending console(s) (use no_console_suspend to debug)
[   13.541928] PM: suspend of devices complete after 57.704 msecs
[   13.545286] PM: late suspend of devices complete after 3.341 msecs
[   13.547873] PM: noirq suspend of devices complete after 2.576 msecs
[   13.547877] Disabling non-boot CPUs ...
[   13.548718] CPU1: shutdown
[   13.582366] CPU2: shutdown
[   13.651881] CPU3: shutdown
[   13.680923] Entering suspend state LP1
[   13.680923] Suspended for 7.000 seconds
[   13.680942] Enabling non-boot CPUs ...
[   13.711257] CPU1 is up
[   13.751406] CPU2 is up
[   13.791702] CPU3 is up
[   13.792986] PM: noirq resume of devices complete after 1.274 msecs
[   13.795766] PM: early resume of devices complete after 2.328 msecs
[   14.369897] PM: resume of devices complete after 574.110 msecs
[   14.438383] Restarting tasks ... done.
root@(none):/# 
root@(none):/# rtcwake -d rtc1 -m mem -s 3
rtcwake: assuming RTC uses UTC ...
rtcwake: wakeup from "mem" using /dev/rtc1 at Thu Jan  1 00:01:05 1970
[   15.431777] PM: Syncing filesystems ... done.
[   15.458594] Freezing user space processes ... (elapsed 0.001 seconds) done.
[   15.466925] Freezing remaining freezable tasks ... (elapsed 0.001 seconds) done.
[   15.475829] Suspending console(s) (use no_console_suspend to debug)
[   15.542078] PM: suspend of devices complete after 58.583 msecs
[   15.545046] PM: late suspend of devices complete after 2.952 msecs
[   15.547649] PM: noirq suspend of devices complete after 2.593 msecs
[   15.547653] Disabling non-boot CPUs ...
[   15.548152] IRQ17 no longer affine to CPU1
[   15.548517] CPU1: shutdown
[   15.582273] CPU2: shutdown
[   15.642040] CPU3: shutdown
[   15.690782] Entering suspend state LP1
[   15.690782] Suspended for 6.990 seconds
[   15.690801] Enabling non-boot CPUs ...
[   15.721167] CPU1 is up
[   15.761366] CPU2 is up
[   15.801657] CPU3 is up
[   15.802936] PM: noirq resume of devices complete after 1.269 msecs
[   15.805794] PM: early resume of devices complete after 2.407 msecs
[   16.380076] PM: resume of devices complete after 574.266 msecs
[   16.452573] Restarting tasks ... done.
root@(none):/# 
root@(none):/# rtcwake -d rtc1 -m mem -s 3
rtcwake: assuming RTC uses UTC ...
rtcwake: wakeup from "mem" using /dev/rtc1 at Thu Jan  1 00:01:14 1970
[   17.439281] PM: Syncing filesystems ... done.
[   17.466246] Freezing user space processes ... (elapsed 0.001 seconds) done.
[   17.474592] Freezing remaining freezable tasks ... (elapsed 0.001 seconds) done.
[   17.483427] Suspending console(s) (use no_console_suspend to debug)
[   17.541746] PM: suspend of devices complete after 50.686 msecs
[   17.545026] PM: late suspend of devices complete after 3.263 msecs
[   17.547641] PM: noirq suspend of devices complete after 2.605 msecs
[   17.547646] Disabling non-boot CPUs ...
[   17.548504] CPU1: shutdown
[   17.592260] CPU2: shutdown
[   17.651793] CPU3: shutdown
[   17.680892] Entering suspend state LP1
[   17.680892] Suspended for 7.010 seconds
[   17.680911] Enabling non-boot CPUs ...
[   17.711142] CPU1 is up
[   17.751314] CPU2 is up
[   17.791631] CPU3 is up
[   17.792890] PM: noirq resume of devices complete after 1.249 msecs
[   17.795416] PM: early resume of devices complete after 2.072 msecs
[   18.370174] PM: resume of devices complete after 574.738 msecs
[   18.438662] Restarting tasks ... done.
root@(none):/# 
root@(none):/# rtcwake -d rtc1 -m mem -s 3
rtcwake: assuming RTC uses UTC ...
rtcwake: wakeup from "mem" using /dev/rtc1 at Thu Jan  1 00:01:23 1970
[   19.433413] PM: Syncing filesystems ... done.
[   19.460168] Freezing user space processes ... (elapsed 0.001 seconds) done.
[   19.468489] Freezing remaining freezable tasks ... (elapsed 0.001 seconds) done.
[   19.477368] Suspending console(s) (use no_console_suspend to debug)
[   19.541798] PM: suspend of devices complete after 56.766 msecs
[   19.545125] PM: late suspend of devices complete after 3.310 msecs
[   19.547701] PM: noirq suspend of devices complete after 2.566 msecs
[   19.547705] Disabling non-boot CPUs ...
[   19.548554] CPU1: shutdown
[   19.582222] CPU2: shutdown
[   19.641973] CPU3: shutdown
[   19.690648] Entering suspend state LP1
[   19.690648] Suspended for 6.990 seconds
[   19.690667] Enabling non-boot CPUs ...
[   19.721069] CPU1 is up
[   19.761273] CPU2 is up
[   19.801578] CPU3 is up
[   19.802839] PM: noirq resume of devices complete after 1.250 msecs
[   19.805443] PM: early resume of devices complete after 2.140 msecs
[   20.379020] PM: resume of devices complete after 573.561 msecs
[   20.447440] Restarting tasks ... done.
root@(none):/# 
root@(none):/# rtcwake -d rtc1 -m mem -s 3
rtcwake: assuming RTC uses UTC ...
rtcwake: wakeup from "mem" using /dev/rtc1 at Thu Jan  1 00:01:32 1970
[   21.440312] PM: Syncing filesystems ... done.
[   21.467032] Freezing user space processes ... (elapsed 0.001 seconds) done.
[   21.475288] Freezing remaining freezable tasks ... (elapsed 0.001 seconds) done.
[   21.484194] Suspending console(s) (use no_console_suspend to debug)
[   21.551700] PM: suspend of devices complete after 59.823 msecs
[   21.554692] PM: late suspend of devices complete after 2.976 msecs
[   21.557342] PM: noirq suspend of devices complete after 2.640 msecs
[   21.557346] Disabling non-boot CPUs ...
[   21.558183] CPU1: shutdown
[   21.592133] CPU2: shutdown
[   21.651880] CPU3: shutdown
[   21.700639] Entering suspend state LP1
[   21.700639] Suspended for 6.990 seconds
[   21.700658] Enabling non-boot CPUs ...
[   21.731033] CPU1 is up
[   21.771226] CPU2 is up
[   21.811533] CPU3 is up
[   21.812791] PM: noirq resume of devices complete after 1.247 msecs
[   21.815661] PM: early resume of devices complete after 2.418 msecs
[   22.387683] PM: resume of devices complete after 572.004 msecs
[   22.456187] Restarting tasks ... done.
root@(none):/# 
root@(none):/# rtcwake -d rtc1 -m mem -s 3
rtcwake: assuming RTC uses UTC ...
rtcwake: wakeup from "mem" using /dev/rtc1 at Thu Jan  1 00:01:41 1970
[   23.450709] PM: Syncing filesystems ... done.
[   23.477470] Freezing user space processes ... (elapsed 0.001 seconds) done.
[   23.485824] Freezing remaining freezable tasks ... (elapsed 0.001 seconds) done.
[   23.494722] Suspending console(s) (use no_console_suspend to debug)
[   23.561666] PM: suspend of devices complete after 59.231 msecs
[   23.565016] PM: late suspend of devices complete after 3.334 msecs
[   23.567641] PM: noirq suspend of devices complete after 2.614 msecs
[   23.567645] Disabling non-boot CPUs ...
[   23.568142] IRQ17 no longer affine to CPU1
[   23.568511] CPU1: shutdown
[   23.612130] CPU2: shutdown
[   23.671854] CPU3: shutdown
[   23.720564] Entering suspend state LP1
[   23.720564] Suspended for 6.980 seconds
[   23.720583] Enabling non-boot CPUs ...
[   23.750977] CPU1 is up
[   23.791169] CPU2 is up
[   23.831460] CPU3 is up
[   23.832702] PM: noirq resume of devices complete after 1.231 msecs
[   23.835611] PM: early resume of devices complete after 2.445 msecs
[   24.407024] PM: resume of devices complete after 571.397 msecs
[   24.479589] Restarting tasks ... done.
root@(none):/# 
root@(none):/# NVTB SYSTEM SUSPEND TEST COMPLETE
