
U-Boot SPL 2016.05-rc2 (Apr 21 2016 - 16:23:00)
Trying to boot from RAM


U-Boot 2016.05-rc2 (Apr 21 2016 - 16:23:00 -0700)

TEGRA124
Model: NVIDIA Jetson TK1
Board: NVIDIA Jetson TK1
DRAM:  2 GiB
MC:   Tegra SD/MMC: 0, Tegra SD/MMC: 1
In:    serial
Out:   serial
Err:   serial
Net:   No ethernet found.
Hit any key to stop autoboot:  2  0 
Tegra124 (Jetson TK1) # 
Tegra124 (Jetson TK1) # pci enum
Tegra124 (Jetson TK1) # setenv bootargs 'ignore_loglevel console=ttyS0,115200n8 rw root=PARTUUID=b1791faa-84e8-4e27-83a1-9fb0a77e8803 rootwait gpt debug noinitrd earlyprintk init=/bin/bash'
Tegra124 (Jetson TK1) # setenv ipaddr 192.168.100.102; setenv serverip 192.168.100.1; setenv tftpserverip 192.168.100.1
Tegra124 (Jetson TK1) # tftpboot 0x82000000 zImage.multi_v7_defconfig

Warning: eth_rtl8169 using MAC address from ROM
Using eth_rtl8169 device
TFTP from server 192.168.100.1; our IP address is 192.168.100.102
Filename 'zImage.multi_v7_defconfig'.
Load address: 0x82000000
Loading: *#################################################################
	 #################################################################
	 #################################################################
	 #################################################################
	 #################################################################
	 #################################################################
	 #################################################################
	 #################################################################
	 ####################
	 3.9 MiB/s
done
Bytes transferred = 7914664 (78c4a8 hex)
Tegra124 (Jetson TK1) # tftpboot 0x83000000 tegra124-jetson-tk1.dtb
Using eth_rtl8169 device
TFTP from server 192.168.100.1; our IP address is 192.168.100.102
Filename 'tegra124-jetson-tk1.dtb'.
Load address: 0x83000000
Loading: *#####
	 3.8 MiB/s
done
Bytes transferred = 67133 (1063d hex)
Tegra124 (Jetson TK1) # bootz 0x82000000 - 0x83000000
Kernel image @ 0x82000000 [ 0x000000 - 0x78c4a8 ]
## Flattened Device Tree blob at 83000000
   Booting using the fdt blob at 0x83000000
   Using Device Tree in place at 83000000, end 8301363c

Starting kernel ...

[    0.000000] Booting Linux on physical CPU 0x0
[    0.000000] Linux version 4.12.0-rc1-170892-g2ea659a (jonathanh@sellafield) (gcc version 4.7.3 20130328 (prerelease) (crosstool-NG linaro-1.13.1-4.7-2013.04-20130415 - Linaro GCC 2013.04) ) #1 SMP Sat May 13 13:37:05 PDT 2017
[    0.000000] CPU: ARMv7 Processor [413fc0f3] revision 3 (ARMv7), cr=10c5387d
[    0.000000] CPU: div instructions available: patching division code
[    0.000000] CPU: PIPT / VIPT nonaliasing data cache, PIPT instruction cache
[    0.000000] OF: fdt: Machine model: NVIDIA Tegra124 Jetson TK1
[    0.000000] debug: ignoring loglevel setting.
[    0.000000] Memory policy: Data cache writealloc
[    0.000000] efi: Getting EFI parameters from FDT:
[    0.000000] efi: UEFI not found.
[    0.000000] cma: Reserved 64 MiB at 0xfb800000
[    0.000000] On node 0 totalpages: 524032
[    0.000000] free_area_init_node: node 0, pgdat c157fd40, node_mem_map eeff8000
[    0.000000]   DMA zone: 1536 pages used for memmap
[    0.000000]   DMA zone: 0 pages reserved
[    0.000000]   DMA zone: 196608 pages, LIFO batch:31
[    0.000000]   HighMem zone: 327424 pages, LIFO batch:31
[    0.000000] percpu: Embedded 17 pages/cpu @eef82000 s39168 r8192 d22272 u69632
[    0.000000] pcpu-alloc: s39168 r8192 d22272 u69632 alloc=17*4096
[    0.000000] pcpu-alloc: [0] 0 [0] 1 [0] 2 [0] 3 
[    0.000000] Built 1 zonelists in Zone order, mobility grouping on.  Total pages: 522496
[    0.000000] Kernel command line: ignore_loglevel console=ttyS0,115200n8 rw root=PARTUUID=b1791faa-84e8-4e27-83a1-9fb0a77e8803 rootwait gpt debug noinitrd earlyprintk init=/bin/bash
[    0.000000] PID hash table entries: 4096 (order: 2, 16384 bytes)
[    0.000000] Dentry cache hash table entries: 131072 (order: 7, 524288 bytes)
[    0.000000] Inode-cache hash table entries: 65536 (order: 6, 262144 bytes)
[    0.000000] Memory: 1993420K/2096128K available (10240K kernel code, 1566K rwdata, 4388K rodata, 2048K init, 409K bss, 37172K reserved, 65536K cma-reserved, 1244160K highmem)
[    0.000000] Virtual kernel memory layout:
[    0.000000]     vector  : 0xffff0000 - 0xffff1000   (   4 kB)
[    0.000000]     fixmap  : 0xffc00000 - 0xfff00000   (3072 kB)
[    0.000000]     vmalloc : 0xf0800000 - 0xff800000   ( 240 MB)
[    0.000000]     lowmem  : 0xc0000000 - 0xf0000000   ( 768 MB)
[    0.000000]     pkmap   : 0xbfe00000 - 0xc0000000   (   2 MB)
[    0.000000]     modules : 0xbf000000 - 0xbfe00000   (  14 MB)
[    0.000000]       .text : 0xc0208000 - 0xc0d00000   (11232 kB)
[    0.000000]       .init : 0xc1200000 - 0xc1400000   (2048 kB)
[    0.000000]       .data : 0xc1400000 - 0xc15879b0   (1567 kB)
[    0.000000]        .bss : 0xc1590d04 - 0xc15f74d8   ( 410 kB)
[    0.000000] SLUB: HWalign=64, Order=0-3, MinObjects=0, CPUs=4, Nodes=1
[    0.000000] Hierarchical RCU implementation.
[    0.000000] 	RCU debugfs-based tracing is enabled.
[    0.000000] 	RCU restricting CPUs from NR_CPUS=16 to nr_cpu_ids=4.
[    0.000000] RCU: Adjusting geometry for rcu_fanout_leaf=16, nr_cpu_ids=4
[    0.000000] NR_IRQS:16 nr_irqs:16 16
[    0.000000] /interrupt-controller@60004000: 160 interrupts forwarded to /interrupt-controller@50041000
[    0.000000] Tegra clk 127: register failed with -17
[    0.000008] sched_clock: 32 bits at 1000kHz, resolution 1000ns, wraps every 2147483647500ns
[    0.000027] clocksource: timer_us: mask: 0xffffffff max_cycles: 0xffffffff, max_idle_ns: 1911260446275 ns
[    0.000042] Switching to timer-based delay loop, resolution 1000ns
[    0.004879] arch_timer: cp15 timer(s) running at 12.00MHz (virt).
[    0.004899] clocksource: arch_sys_counter: mask: 0xffffffffffffff max_cycles: 0x2c47f4ee7, max_idle_ns: 440795202497 ns
[    0.004918] sched_clock: 56 bits at 12MHz, resolution 83ns, wraps every 4398046511096ns
[    0.004932] Switching to timer-based delay loop, resolution 83ns
[    0.005390] Console: colour dummy device 80x30
[    0.005418] Calibrating delay loop (skipped), value calculated using timer frequency.. 24.00 BogoMIPS (lpj=120000)
[    0.005436] pid_max: default: 32768 minimum: 301
[    0.005529] Mount-cache hash table entries: 2048 (order: 1, 8192 bytes)
[    0.005541] Mountpoint-cache hash table entries: 2048 (order: 1, 8192 bytes)
[    0.006031] CPU: Testing write buffer coherency: ok
[    0.006277] /cpus/cpu@0 missing clock-frequency property
[    0.006320] /cpus/cpu@1 missing clock-frequency property
[    0.006362] /cpus/cpu@2 missing clock-frequency property
[    0.006405] /cpus/cpu@3 missing clock-frequency property
[    0.006419] CPU0: thread -1, cpu 0, socket 0, mpidr 80000000
[    0.006701] Setting up static identity map for 0x80300000 - 0x803000a0
[    0.010375] Tegra Revision: A01 SKU: 129 CPU Process: 1 SoC Process: 1
[    0.011097] EFI services will not be available.
[    0.011320] smp: Bringing up secondary CPUs ...
[    0.011907] CPU1: thread -1, cpu 1, socket 0, mpidr 80000001
[    0.015335] CPU2: thread -1, cpu 2, socket 0, mpidr 80000002
[    0.025350] CPU3: thread -1, cpu 3, socket 0, mpidr 80000003
[    0.034796] smp: Brought up 1 node, 4 CPUs
[    0.034818] SMP: Total of 4 processors activated (96.00 BogoMIPS).
[    0.034827] CPU: All CPU(s) started in SVC mode.
[    0.036314] devtmpfs: initialized
[    0.052906] VFP support v0.3: implementor 41 architecture 4 part 30 variant f rev 0
[    0.053303] clocksource: jiffies: mask: 0xffffffff max_cycles: 0xffffffff, max_idle_ns: 19112604462750000 ns
[    0.053323] futex hash table entries: 1024 (order: 4, 65536 bytes)
[    0.054791] pinctrl core: initialized pinctrl subsystem
[    0.056701] NET: Registered protocol family 16
[    0.058805] DMA: preallocated 256 KiB pool for atomic coherent allocations
[    0.061232] cpuidle: using governor menu
[    0.087725] No ATAGs?
[    0.087850] hw-breakpoint: found 5 (+1 reserved) breakpoint and 4 watchpoint registers.
[    0.087867] hw-breakpoint: maximum watchpoint size is 8 bytes.
[    0.095170] Serial: AMBA PL011 UART driver
[    0.111555] AT91: Could not find identification node
[    0.112108] +5V_SYS: supplied by +VDD_MUX
[    0.112390] +3.3V_SYS: supplied by +VDD_MUX
[    0.113010] +USB0_VBUS_SW: Failed to request enable GPIO108: -517
[    0.113026] reg-fixed-voltage regulators:regulator@7: Failed to register regulator: -517
[    0.113127] +5V_USB_HS: Failed to request enable GPIO109: -517
[    0.113141] reg-fixed-voltage regulators:regulator@8: Failed to register regulator: -517
[    0.113329] +1.05V_RUN_AVDD_HDMI_PLL: Failed to request enable GPIO63: -517
[    0.113343] reg-fixed-voltage regulators:regulator@11: Failed to register regulator: -517
[    0.113440] +5V_HDMI_CON: Failed to request enable GPIO86: -517
[    0.113453] reg-fixed-voltage regulators:regulator@12: Failed to register regulator: -517
[    0.113550] +5V_SATA: Failed to request enable GPIO242: -517
[    0.113563] reg-fixed-voltage regulators:regulator@13: Failed to register regulator: -517
[    0.113660] +12V_SATA: Failed to request enable GPIO242: -517
[    0.113673] reg-fixed-voltage regulators:regulator@14: Failed to register regulator: -517
[    0.116659] vgaarb: loaded
[    0.117435] SCSI subsystem initialized
[    0.117600] libata version 3.00 loaded.
[    0.117844] usbcore: registered new interface driver usbfs
[    0.117904] usbcore: registered new interface driver hub
[    0.117974] usbcore: registered new device driver usb
[    0.121446] pps_core: LinuxPPS API ver. 1 registered
[    0.121457] pps_core: Software ver. 5.3.6 - Copyright 2005-2007 Rodolfo Giometti <giometti@linux.it>
[    0.121480] PTP clock support registered
[    0.121670] EDAC MC: Ver: 3.0.0
[    0.124525] clocksource: Switched to clocksource arch_sys_counter
[    0.179858] NET: Registered protocol family 2
[    0.180376] TCP established hash table entries: 8192 (order: 3, 32768 bytes)
[    0.180476] TCP bind hash table entries: 8192 (order: 4, 65536 bytes)
[    0.180664] TCP: Hash tables configured (established 8192 bind 8192)
[    0.180746] UDP hash table entries: 512 (order: 2, 16384 bytes)
[    0.180790] UDP-Lite hash table entries: 512 (order: 2, 16384 bytes)
[    0.180940] NET: Registered protocol family 1
[    0.181251] RPC: Registered named UNIX socket transport module.
[    0.181261] RPC: Registered udp transport module.
[    0.181270] RPC: Registered tcp transport module.
[    0.181278] RPC: Registered tcp NFSv4.1 backchannel transport module.
[    0.181291] PCI: CLS 0 bytes, default 64
[    0.182693] hw perfevents: enabled with armv7_cortex_a15 PMU driver, 7 counters available
[    0.184542] workingset: timestamp_bits=30 max_order=19 bucket_order=0
[    0.192922] squashfs: version 4.0 (2009/01/31) Phillip Lougher
[    0.193618] NFS: Registering the id_resolver key type
[    0.193652] Key type id_resolver registered
[    0.193661] Key type id_legacy registered
[    0.193702] ntfs: driver 2.1.32 [Flags: R/O].
[    0.195336] bounce: pool size: 64 pages
[    0.195378] Block layer SCSI generic (bsg) driver version 0.4 loaded (major 248)
[    0.195390] io scheduler noop registered
[    0.195400] io scheduler deadline registered
[    0.195429] io scheduler cfq registered (default)
[    0.195439] io scheduler mq-deadline registered
[    0.195448] io scheduler kyber registered
[    0.200905]  usb2-0: usb2-0 supply vbus not found, using dummy regulator
[    0.201032]  usb2-1: usb2-1 supply vbus not found, using dummy regulator
[    0.201502] tegra-xusb-padctl 7009f000.padctl: failed to setup XUSB ports: -517
[    0.217546] tegra-pcie 1003000.pcie-controller: 2x1, 1x1 configuration
[    0.217600] tegra-pcie 1003000.pcie-controller: Failed to get supply 'avddio-pex': -517
[    0.223799] tegra124-dfll 70110000.clock: couldn't get vdd_cpu regulator
[    0.231636] tegra-apbdma 60020000.dma: Tegra20 APB DMA driver register 32 channels
[    0.234390] tegra-pmc 7000e400.pmc: emergency thermal reset enabled
[    0.288267] Serial: 8250/16550 driver, 4 ports, IRQ sharing disabled
[    0.290835] console [ttyS0] disabled
[    0.290876] 70006300.serial: ttyS0 at MMIO 0x70006300 (irq = 335, base_baud = 25500000) is a Tegra
[    1.181462] console [ttyS0] enabled
[    1.185786] SuperH (H)SCI(F) driver initialized
[    1.191293] msm_serial: driver initialized
[    1.195604] STMicroelectronics ASC driver initialized
[    1.201505] 70006000.serial: ttyTHS1 at MMIO 0x70006000 (irq = 333, base_baud = 0) is a TEGRA_UART
[    1.210778] 70006040.serial: ttyTHS2 at MMIO 0x70006040 (irq = 334, base_baud = 0) is a TEGRA_UART
[    1.224875] tegra-hdmi 54280000.hdmi: failed to get HDMI regulator
[    1.244192] brd: module loaded
[    1.254248] loop: module loaded
[    1.258611] at24 0-0056: 256 byte 24c02 EEPROM, writable, 8 bytes/write
[    1.266960] as3722 4-0040: AS3722 with revision 0x1 found
[    1.278748] as3722-sd2: supplied by +5V_SYS
[    1.283350] as3722-sd3: supplied by +5V_SYS
[    1.287873] +1.35V_LP0(sd3): Bringing 0uV into 1350000-1350000uV
[    1.294216] as3722-sd4: supplied by +5V_SYS
[    1.298846] as3722-sd5: supplied by +5V_SYS
[    1.304872] as3722-ldo0: supplied by +1.35V_LP0(sd2)
[    1.310923] +1.8V_RUN_CAM: Bringing 0uV into 1800000-1800000uV
[    1.317156] as3722-ldo2: supplied by +1.8V_VDDIO
[    1.323040] as3722-ldo3: supplied by +3.3V_SYS
[    1.327538] +1.05V_LP0_VDD_RTC: Bringing 1100000uV into 1000000-1000000uV
[    1.335297] as3722-ldo4: supplied by +3.3V_SYS
[    1.339950] +2.8V_RUN_CAM: Bringing 0uV into 2800000-2800000uV
[    1.346159] as3722-ldo5: supplied by +1.8V_VDDIO
[    1.351000] +1.2V_RUN_CAM_FRONT: Bringing 0uV into 1200000-1200000uV
[    1.357916] +VDDIO_SDMMC3: bypassed regulator has no supply!
[    1.363568] +VDDIO_SDMMC3: failed to get the current voltage(-517)
[    1.369766] as3722-regulator as3722-regulator: regulator 13 register failed -517
[    1.382859] tegra-ahci 70027000.sata: couldn't get PHY in node sata: -517
[    1.402113] random: fast init done
[    1.405657] m25p80 spi32765.0: w25q32dw (4096 Kbytes)
[    1.413436] libphy: Fixed MDIO Bus: probed
[    1.418717] CAN device driver interface
[    1.423470] bgmac_bcma: Broadcom 47xx GBit MAC driver loaded
[    1.430523] e1000e: Intel(R) PRO/1000 Network Driver - 3.2.6-k
[    1.436367] e1000e: Copyright(c) 1999 - 2015 Intel Corporation.
[    1.442333] igb: Intel(R) Gigabit Ethernet Network Driver - version 5.4.0-k
[    1.449295] igb: Copyright (c) 2007-2014 Intel Corporation.
[    1.458522] pegasus: v0.9.3 (2013/04/25), Pegasus/Pegasus II USB Ethernet driver
[    1.465972] usbcore: registered new interface driver pegasus
[    1.471676] usbcore: registered new interface driver asix
[    1.477120] usbcore: registered new interface driver ax88179_178a
[    1.483239] usbcore: registered new interface driver cdc_ether
[    1.489132] usbcore: registered new interface driver smsc75xx
[    1.494940] usbcore: registered new interface driver smsc95xx
[    1.500710] usbcore: registered new interface driver net1080
[    1.506409] usbcore: registered new interface driver cdc_subset
[    1.512353] usbcore: registered new interface driver zaurus
[    1.517989] usbcore: registered new interface driver cdc_ncm
[    1.523867] tegra-phy 7d004000.usb-phy: no vbus regulator
[    1.531292] ehci_hcd: USB 2.0 'Enhanced' Host Controller (EHCI) Driver
[    1.537831] ehci-pci: EHCI PCI platform driver
[    1.542314] ehci-platform: EHCI generic platform driver
[    1.547754] ehci-orion: EHCI orion driver
[    1.551918] SPEAr-ehci: EHCI SPEAr driver
[    1.556080] ehci-st: EHCI STMicroelectronics driver
[    1.561089] ehci-exynos: EHCI EXYNOS driver
[    1.565441] ehci-atmel: EHCI Atmel driver
[    1.569581] tegra-ehci: Tegra EHCI driver
[    1.576419] tegra-ehci 7d004000.usb: EHCI Host Controller
[    1.581838] tegra-ehci 7d004000.usb: new USB bus registered, assigned bus number 1
[    1.589622] tegra-ehci 7d004000.usb: irq 354, io mem 0x7d004000
[    1.624546] tegra-ehci 7d004000.usb: USB 2.0 started, EHCI 1.10
[    1.631244] hub 1-0:1.0: USB hub found
[    1.635045] hub 1-0:1.0: 1 port detected
[    1.639523] ohci_hcd: USB 1.1 'Open' Host Controller (OHCI) Driver
[    1.645741] ohci-pci: OHCI PCI platform driver
[    1.650220] ohci-platform: OHCI generic platform driver
[    1.655626] ohci-omap3: OHCI OMAP3 driver
[    1.659764] SPEAr-ohci: OHCI SPEAr driver
[    1.663905] ohci-st: OHCI STMicroelectronics driver
[    1.668931] ohci-atmel: OHCI Atmel driver
[    1.673708] usbcore: registered new interface driver usb-storage
[    1.684070] as3722-rtc as3722-rtc: rtc core: registered as3722-rtc as rtc0
[    1.690968] as3722-rtc as3722-rtc: RTC interrupt 377
[    1.699199] tegra_rtc 7000e000.rtc: rtc core: registered 7000e000.rtc as rtc1
[    1.706379] tegra_rtc 7000e000.rtc: Tegra internal Real Time Clock
[    1.713072] i2c /dev entries driver
[    1.723287] lm90 0-004c: 0-004c supply vcc not found, using dummy regulator
[    1.740493] sdhci: Secure Digital Host Controller Interface driver
[    1.746692] sdhci: Copyright(c) Pierre Ossman
[    1.752644] Synopsys Designware Multimedia Card Interface Driver
[    1.759976] sdhci-pltfm: SDHCI platform and OF driver helper
[    1.766421] sdhci-tegra 700b0400.sdhci: Got CD GPIO
[    1.771311] sdhci-tegra 700b0400.sdhci: Got WP GPIO
[    1.792561] mmc0: Unknown controller version (3). You may experience problems.
[    1.799835] mmc0: Invalid maximum block size, assuming 512 bytes
[    1.864548] mmc0: SDHCI controller on 700b0600.sdhci [700b0600.sdhci] using ADMA
[    1.873852] ledtrig-cpu: registered to indicate activity on CPUs
[    1.880181] usbcore: registered new interface driver usbhid
[    1.885766] usbhid: USB HID core driver
[    1.893537] NET: Registered protocol family 10
[    1.898839] Segment Routing with IPv6
[    1.902552] sit: IPv6, IPv4 and MPLS over IPv4 tunneling driver
[    1.909035] NET: Registered protocol family 17
[    1.913479] can: controller area network core (rev 20170425 abi 9)
[    1.919724] NET: Registered protocol family 29
[    1.924165] can: raw protocol (rev 20170425)
[    1.928447] can: broadcast manager protocol (rev 20170425 t)
[    1.934104] can: netlink gateway (rev 20170425) max_hops=1
[    1.939894] Key type dns_resolver registered
[    1.944723] ThumbEE CPU extension supported.
[    1.948994] Registering SWP/SWPB emulation handler
[    1.968377] +3.3V_RUN: supplied by +3.3V_SYS
[    1.973939] +USB0_VBUS_SW: supplied by +5V_SYS
[    1.978680] +3.3V_AVDD_HDMI_AP_GATED: supplied by +3.3V_RUN
[    1.984628] +5V_USB_HS: supplied by +5V_SYS
[    1.990448] +3.3V_LP0: supplied by +3.3V_SYS
[    1.997047] +5V_HDMI_CON: supplied by +5V_SYS
[    2.002078] +5V_SATA: supplied by +5V_SYS
[    2.006649] +12V_SATA: supplied by +VDD_MUX
[    2.012985]  usb2-0: usb2-0 supply vbus not found, using dummy regulator
[    2.014140] mmc0: new high speed MMC card at address 0001
[    2.015216] mmcblk0: mmc0:0001 SEM16G 14.7 GiB 
[    2.016296] mmcblk0boot0: mmc0:0001 SEM16G partition 1 4.00 MiB
[    2.017555] mmcblk0boot1: mmc0:0001 SEM16G partition 2 4.00 MiB
[    2.017956] mmcblk0rpmb: mmc0:0001 SEM16G partition 3 4.00 MiB
[    2.021664]  mmcblk0: p1
[    2.050110]  usb2-1: usb2-1 supply vbus not found, using dummy regulator
[    2.057218]  usb3-0: usb3-0 supply vbus not found, using dummy regulator
[    2.065217] tegra-pcie 1003000.pcie-controller: 2x1, 1x1 configuration
[    2.071803] tegra-pcie 1003000.pcie-controller: Failed to get supply 'avddio-pex': -517
[    2.082911] tegra124-dfll 70110000.clock: couldn't get vdd_cpu regulator
[    2.094236] tegra-hdmi 54280000.hdmi: failed to get PLL regulator
[    2.105573] as3722-sd2: supplied by +5V_SYS
[    2.110040] as3722-sd3: supplied by +5V_SYS
[    2.114457] as3722-sd4: supplied by +5V_SYS
[    2.119044] as3722-sd5: supplied by +5V_SYS
[    2.125305] as3722-ldo0: supplied by +1.35V_LP0(sd2)
[    2.131026] as3722-ldo1: supplied by +3.3V_RUN
[    2.135847] as3722-ldo2: supplied by +1.8V_VDDIO
[    2.141354] as3722-ldo3: supplied by +3.3V_SYS
[    2.146686] as3722-ldo4: supplied by +3.3V_SYS
[    2.151377] as3722-ldo5: supplied by +1.8V_VDDIO
[    2.156379] as3722-ldo6: supplied by +3.3V_RUN
[    2.161071] as3722-ldo7: supplied by +1.8V_VDDIO
[    2.166472] +1.05V_RUN_CAM_REAR: Bringing 0uV into 1050000-1050000uV
[    2.173547] as3722-ldo9: supplied by +5V_SYS
[    2.179146] +3.3V_RUN_TOUCH: Bringing 0uV into 2800000-2800000uV
[    2.185725] as3722-ldo10: supplied by +5V_SYS
[    2.190641] +2.8V_RUN_CAM_AF: Bringing 0uV into 2800000-2800000uV
[    2.197498] as3722-ldo11: supplied by +3.3V_RUN
[    2.202798] +1.8V_RUN_VPP_FUSE: Bringing 0uV into 1800000-1800000uV
[    2.212737] tegra-ahci 70027000.sata: AHCI 0001.0301 32 slots 2 ports 3 Gbps 0x1 impl platform mode
[    2.221812] tegra-ahci 70027000.sata: flags: 64bit ncq sntf pm led pio slum part sadm sds apst 
[    2.232319] scsi host0: tegra-ahci
[    2.236892] scsi host1: tegra-ahci
[    2.240586] ata1: SATA max UDMA/133 mmio [mem 0x70027000-0x70028fff] port 0x100 irq 345
[    2.248623] ata2: DUMMY
[    2.253940] tegra-ehci 7d008000.usb: EHCI Host Controller
[    2.259378] tegra-ehci 7d008000.usb: new USB bus registered, assigned bus number 2
[    2.267172] tegra-ehci 7d008000.usb: irq 355, io mem 0x7d008000
[    2.294648] tegra-ehci 7d008000.usb: USB 2.0 started, EHCI 1.10
[    2.301680] hub 2-0:1.0: USB hub found
[    2.305534] hub 2-0:1.0: 1 port detected
[    2.311872] sdhci-tegra 700b0400.sdhci: Got CD GPIO
[    2.316825] sdhci-tegra 700b0400.sdhci: Got WP GPIO
[    2.328751] mmc1: Unknown controller version (3). You may experience problems.
[    2.336088] mmc1: Invalid maximum block size, assuming 512 bytes
[    2.405062] mmc1: SDHCI controller on 700b0400.sdhci [700b0400.sdhci] using ADMA
[    2.413146] tegra-pcie 1003000.pcie-controller: 2x1, 1x1 configuration
[    2.421672] tegra-pcie 1003000.pcie-controller: probing port 0, using 2 lanes
[    2.432354] tegra-pcie 1003000.pcie-controller: Slot present pin change, signature: 00000008
[    2.455281] tegra-pcie 1003000.pcie-controller: probing port 1, using 1 lanes
[    2.464605] tegra-pcie 1003000.pcie-controller: Slot present pin change, signature: 00000000
[    2.478974] tegra-pcie 1003000.pcie-controller: PCI host bridge to bus 0000:00
[    2.486245] pci_bus 0000:00: root bus resource [io  0x0000-0xffff]
[    2.492435] pci_bus 0000:00: root bus resource [mem 0x13000000-0x1fffffff]
[    2.499343] pci_bus 0000:00: root bus resource [mem 0x20000000-0x3fffffff pref]
[    2.506695] pci_bus 0000:00: root bus resource [bus 00-ff]
[    2.512223] pci 0000:00:01.0: [10de:0e12] type 01 class 0x060400
[    2.518320] pci_bus 0000:00: 2-byte config write to 0000:00:01.0 offset 0x88 may corrupt adjacent RW1C bits
[    2.528128] pci_bus 0000:00: 2-byte config write to 0000:00:01.0 offset 0x52 may corrupt adjacent RW1C bits
[    2.537953] pci 0000:00:01.0: PME# supported from D0 D1 D2 D3hot D3cold
[    2.544614] pci_bus 0000:00: 2-byte config write to 0000:00:01.0 offset 0x4c may corrupt adjacent RW1C bits
[    2.554695] pci 0000:00:02.0: [10de:0e13] type 01 class 0x060400
[    2.560751] pci_bus 0000:00: 2-byte config write to 0000:00:02.0 offset 0x88 may corrupt adjacent RW1C bits
[    2.570548] pci_bus 0000:00: 2-byte config write to 0000:00:02.0 offset 0x52 may corrupt adjacent RW1C bits
[    2.580357] pci 0000:00:02.0: PME# supported from D0 D1 D2 D3hot D3cold
[    2.587023] pci_bus 0000:00: 2-byte config write to 0000:00:02.0 offset 0x4c may corrupt adjacent RW1C bits
[    2.588261] ata1: SATA link down (SStatus 0 SControl 300)
[    2.602446] pci_bus 0000:00: 2-byte config write to 0000:00:01.0 offset 0x3e may corrupt adjacent RW1C bits
[    2.612226] pci_bus 0000:00: 2-byte config write to 0000:00:02.0 offset 0x3e may corrupt adjacent RW1C bits
[    2.621974] pci_bus 0000:00: 2-byte config write to 0000:00:01.0 offset 0x4 may corrupt adjacent RW1C bits
[    2.631633] pci_bus 0000:00: 1-byte config write to 0000:00:01.0 offset 0xc may corrupt adjacent RW1C bits
[    2.641293] PCI: bus0: Fast back to back transfers disabled
[    2.646877] pci 0000:00:01.0: bridge configuration invalid ([bus 00-00]), reconfiguring
[    2.654897] pci 0000:00:02.0: bridge configuration invalid ([bus 00-00]), reconfiguring
[    2.663114] pci 0000:01:00.0: [8086:4232] type 00 class 0x028000
[    2.669194] pci 0000:01:00.0: reg 0x10: [mem 0x00000000-0x00001fff 64bit]
[    2.676219] pci 0000:01:00.0: PME# supported from D0 D3hot D3cold
[    2.697337] mmc1: new high speed SDHC card at address aaaa
[    2.703727] mmcblk1: mmc1:aaaa SD04G 3.69 GiB 
[    2.708530] PCI: bus1: Fast back to back transfers disabled
[    2.714126] pci_bus 0000:01: busn_res: [bus 01-ff] end is updated to 01
[    2.721002] pci 0000:02:00.0: [10ec:8168] type 00 class 0x020000
[    2.727086] pci 0000:02:00.0: reg 0x10: [io  0x0000-0x00ff]
[    2.732686] pci 0000:02:00.0: reg 0x18: [mem 0x00000000-0x00000fff 64bit]
[    2.739514] pci 0000:02:00.0: reg 0x20: [mem 0x00000000-0x00003fff 64bit pref]
[    2.746887] pci 0000:02:00.0: supports D1 D2
[    2.751155] pci 0000:02:00.0: PME# supported from D0 D1 D2 D3hot D3cold
[    2.771760]  mmcblk1: p1 p2 p3
[    2.784696] PCI: bus2: Fast back to back transfers disabled
[    2.790285] pci_bus 0000:02: busn_res: [bus 02-ff] end is updated to 02
[    2.797098] pci 0000:00:01.0: BAR 8: assigned [mem 0x13000000-0x130fffff]
[    2.803882] pci 0000:00:02.0: BAR 8: assigned [mem 0x13100000-0x131fffff]
[    2.810708] pci 0000:00:02.0: BAR 9: assigned [mem 0x20000000-0x200fffff 64bit pref]
[    2.818464] pci 0000:00:02.0: BAR 7: assigned [io  0x1000-0x1fff]
[    2.824580] pci 0000:01:00.0: BAR 0: assigned [mem 0x13000000-0x13001fff 64bit]
[    2.831922] pci 0000:00:01.0: PCI bridge to [bus 01]
[    2.836926] pci 0000:00:01.0:   bridge window [mem 0x13000000-0x130fffff]
[    2.843721] pci 0000:02:00.0: BAR 4: assigned [mem 0x20000000-0x20003fff 64bit pref]
[    2.851518] pci 0000:02:00.0: BAR 2: assigned [mem 0x13100000-0x13100fff 64bit]
[    2.858860] pci 0000:02:00.0: BAR 0: assigned [io  0x1000-0x10ff]
[    2.864993] pci 0000:00:02.0: PCI bridge to [bus 02]
[    2.869958] pci 0000:00:02.0:   bridge window [io  0x1000-0x1fff]
[    2.876068] pci 0000:00:02.0:   bridge window [mem 0x13100000-0x131fffff]
[    2.882849] pci 0000:00:02.0:   bridge window [mem 0x20000000-0x200fffff 64bit pref]
[    2.890652] pci 0000:00:01.0: nv_msi_ht_cap_quirk didn't locate host bridge
[    2.897734] pcieport 0000:00:01.0: enabling device (0140 -> 0142)
[    2.904069] pcieport 0000:00:01.0: Signaling PME with IRQ 393
[    2.909967] pci 0000:00:02.0: nv_msi_ht_cap_quirk didn't locate host bridge
[    2.917038] pcieport 0000:00:02.0: enabling device (0140 -> 0143)
[    2.923355] pcieport 0000:00:02.0: Signaling PME with IRQ 394
[    2.929456] r8169 Gigabit Ethernet driver 2.3LK-NAPI loaded
[    2.935071] r8169 0000:02:00.0: enabling device (0140 -> 0143)
[    2.966234] r8169 0000:02:00.0 eth0: RTL8168g/8111g at 0xf0b72000, 00:04:4b:3a:d9:81, XID 0c000800 IRQ 395
[    2.975934] r8169 0000:02:00.0 eth0: jumbo features [frames: 9200 bytes, tx checksumming: ko]
[    2.988888] +1.05V_RUN_AVDD_HDMI_PLL: supplied by +1.05V_RUN
[    2.996863] of: dev_pm_opp_of_cpumask_add_table: couldn't find opp table for cpu:0, -19
[    3.004958] cpufreq: cpufreq_online: CPU0: Running at unlisted freq: 696000 KHz
[    3.012273] cpufreq: cpufreq_online: CPU0: Unlisted initial frequency changed to: 714000 KHz
[    3.021408] input: gpio-keys as /devices/soc0/gpio-keys/input/input0
[    3.028709] as3722-rtc as3722-rtc: setting system clock to 2000-01-01 00:02:36 UTC (946684956)
[    3.037672] +3.3V_AVDD_HDMI_AP_GATED: disabling
[    3.042194] +USB0_VBUS_SW: disabling
[    3.045793] +1.05V_RUN_AVDD_HDMI_PLL: disabling
[    3.050320] +5V_HDMI_CON: disabling
[    3.053809] +1.8V_RUN_CAM: disabling
[    3.057652] +2.8V_RUN_CAM: disabling
[    3.061434] +1.2V_RUN_CAM_FRONT: disabling
[    3.065788] +1.05V_RUN_CAM_REAR: disabling
[    3.070039] +3.3V_RUN_TOUCH: disabling
[    3.073942] +2.8V_RUN_CAM_AF: disabling
[    3.078009] +1.8V_RUN_VPP_FUSE: disabling
[    3.083101] EXT4-fs (mmcblk0p1): mounting ext3 file system using the ext4 subsystem
[    3.105020] EXT4-fs (mmcblk0p1): recovery complete
[    3.109808] EXT4-fs (mmcblk0p1): mounted filesystem with ordered data mode. Opts: (null)
[    3.117929] VFS: Mounted root (ext3 filesystem) on device 179:1.
[    3.128410] devtmpfs: mounted
[    3.132150] Freeing unused kernel memory: 2048K
bash: cannot set terminal process group (-1): Inappropriate ioctl for device
bash: no job control in this shell
root@(none):/# mount -t sysfs none /sys
root@(none):/# 
root@(none):/# mount -t debugfs none /sys/kernel/debug
root@(none):/# 
root@(none):/# rtcwake -d rtc1 -m mem -s 3
rtcwake: assuming RTC uses UTC ...
rtcwake: wakeup from "mem" using /dev/rtc1 at Thu Jan  1 00:00:20 1970
[    6.454357] PM: Syncing filesystems ... done.
[    6.464255] Freezing user space processes ... (elapsed 0.001 seconds) done.
[    6.472992] OOM killer disabled.
[    6.476303] Freezing remaining freezable tasks ... (elapsed 0.001 seconds) done.
[    6.485555] Suspending console(s) (use no_console_suspend to debug)
[    6.608228] PM: suspend of devices complete after 113.313 msecs
[    6.619392] PM: late suspend of devices complete after 11.121 msecs
[    6.649976] PM: noirq suspend of devices complete after 30.551 msecs
[    6.649990] Disabling non-boot CPUs ...
[    6.651954] IRQ357 no longer affine to CPU1
[    6.720879] IRQ358 no longer affine to CPU2
[    6.798980] IRQ17 no longer affine to CPU3
[    6.799529] IRQ359 no longer affine to CPU3
[    6.855999] Entering suspend state LP1
[    6.855999] Suspended for 2.977 seconds
[    6.856011] Enabling non-boot CPUs ...
[    6.886262] CPU1 is up
[    6.926359] CPU2 is up
[    6.966667] CPU3 is up
[    6.967368] pcieport 0000:00:01.0: nv_msi_ht_cap_quirk didn't locate host bridge
[    6.967370] pcieport 0000:00:02.0: nv_msi_ht_cap_quirk didn't locate host bridge
[    6.994606] PM: noirq resume of devices complete after 27.933 msecs
[    6.996384] PM: early resume of devices complete after 1.615 msecs
[    7.024742] PM: resume of devices complete after 28.347 msecs
[    7.115748] OOM killer enabled.
[    7.118877] Restarting tasks ... done.
root@(none):/# 
root@(none):/# [    7.327134] ata1: SATA link down (SStatus 0 SControl 300)
rtcwake -d rtc1 -m mem -s 3
rtcwake: assuming RTC uses UTC ...
rtcwake: wakeup from "mem" using /dev/rtc1 at Thu Jan  1 00:00:24 1970
[    7.483729] PM: Syncing filesystems ... done.
[    7.488785] Freezing user space processes ... (elapsed 0.001 seconds) done.
[    7.497003] OOM killer disabled.
[    7.500227] Freezing remaining freezable tasks ... (elapsed 0.001 seconds) done.
[    7.508950] Suspending console(s) (use no_console_suspend to debug)
[    7.626311] PM: suspend of devices complete after 110.388 msecs
[    7.628460] PM: late suspend of devices complete after 2.140 msecs
[    7.628879] pci_generic_config_write32: 120 callbacks suppressed
[    7.628890] pci_bus 0000:02: 2-byte config write to 0000:02:00.0 offset 0x44 may corrupt adjacent RW1C bits
[    7.628906] pci_bus 0000:02: 2-byte config write to 0000:02:00.0 offset 0x44 may corrupt adjacent RW1C bits
[    7.655810] PM: noirq suspend of devices complete after 27.342 msecs
[    7.655814] Disabling non-boot CPUs ...
[    7.656291] IRQ357 no longer affine to CPU1
[    7.708710] IRQ358 no longer affine to CPU2
[    7.778420] IRQ359 no longer affine to CPU3
[    7.827519] Entering suspend state LP1
[    7.827519] Suspended for 3.028 seconds
[    7.827531] Enabling non-boot CPUs ...
[    7.856453] CPU1 is up
[    7.896353] CPU2 is up
[    7.936645] CPU3 is up
[    7.937241] pci_bus 0000:00: 2-byte config write to 0000:00:02.0 offset 0x4c may corrupt adjacent RW1C bits
[    7.937250] pci_bus 0000:00: 2-byte config write to 0000:00:01.0 offset 0x4c may corrupt adjacent RW1C bits
[    7.937262] pci_bus 0000:00: 2-byte config write to 0000:00:02.0 offset 0x88 may corrupt adjacent RW1C bits
[    7.937268] pci_bus 0000:00: 2-byte config write to 0000:00:01.0 offset 0x88 may corrupt adjacent RW1C bits
[    7.937275] pci_bus 0000:00: 2-byte config write to 0000:00:02.0 offset 0x90 may corrupt adjacent RW1C bits
[    7.937281] pci_bus 0000:00: 2-byte config write to 0000:00:01.0 offset 0x90 may corrupt adjacent RW1C bits
[    7.937286] pci_bus 0000:00: 2-byte config write to 0000:00:02.0 offset 0x98 may corrupt adjacent RW1C bits
[    7.937292] pci_bus 0000:00: 2-byte config write to 0000:00:01.0 offset 0x98 may corrupt adjacent RW1C bits
[    7.937395] pcieport 0000:00:02.0: nv_msi_ht_cap_quirk didn't locate host bridge
[    7.937397] pcieport 0000:00:01.0: nv_msi_ht_cap_quirk didn't locate host bridge
[    7.964581] PM: noirq resume of devices complete after 27.930 msecs
[    7.966434] PM: early resume of devices complete after 1.530 msecs
[    7.994808] PM: resume of devices complete after 28.363 msecs
[    8.184973] OOM killer enabled.
[    8.188105] Restarting tasks ... done.
root@(none):/# 
root@(none):/# [    8.297014] ata1: SATA link down (SStatus 0 SControl 300)
rtcwake -d rtc1 -m mem -s 3
rtcwake: assuming RTC uses UTC ...
rtcwake: wakeup from "mem" using /dev/rtc1 at Thu Jan  1 00:00:29 1970
[    9.457204] PM: Syncing filesystems ... done.
[    9.463797] Freezing user space processes ... (elapsed 0.001 seconds) done.
[    9.472248] OOM killer disabled.
[    9.475536] Freezing remaining freezable tasks ... (elapsed 0.001 seconds) done.
[    9.484697] Suspending console(s) (use no_console_suspend to debug)
[    9.608169] PM: suspend of devices complete after 114.788 msecs
[    9.619817] PM: late suspend of devices complete after 11.605 msecs
[    9.649774] PM: noirq suspend of devices complete after 29.924 msecs
[    9.649789] Disabling non-boot CPUs ...
[    9.651133] IRQ17 no longer affine to CPU1
[    9.651641] IRQ357 no longer affine to CPU1
[    9.719643] IRQ358 no longer affine to CPU2
[    9.864399] Entering suspend state LP1
[    9.864399] Suspended for 2.962 seconds
[    9.864426] Enabling non-boot CPUs ...
[    9.886404] CPU1 is up
[    9.926304] CPU2 is up
[    9.966600] CPU3 is up
[    9.967241] pcieport 0000:00:01.0: nv_msi_ht_cap_quirk didn't locate host bridge
[    9.967311] pcieport 0000:00:02.0: nv_msi_ht_cap_quirk didn't locate host bridge
[    9.994543] PM: noirq resume of devices complete after 27.937 msecs
[    9.996075] PM: early resume of devices complete after 1.217 msecs
[   10.024752] PM: resume of devices complete after 28.666 msecs
[   10.111659] OOM killer enabled.
[   10.114793] Restarting tasks ... done.
root@(none):/# 
root@(none):/# [   10.327040] ata1: SATA link down (SStatus 0 SControl 300)
rtcwake -d rtc1 -m mem -s 3
rtcwake: assuming RTC uses UTC ...
rtcwake: wakeup from "mem" using /dev/rtc1 at Thu Jan  1 00:00:33 1970
[   10.494327] PM: Syncing filesystems ... done.
[   10.499718] Freezing user space processes ... (elapsed 0.001 seconds) done.
[   10.507946] OOM killer disabled.
[   10.511165] Freezing remaining freezable tasks ... (elapsed 0.001 seconds) done.
[   10.519825] Suspending console(s) (use no_console_suspend to debug)
[   10.636462] PM: suspend of devices complete after 109.665 msecs
[   10.638973] PM: late suspend of devices complete after 2.497 msecs
[   10.665903] PM: noirq suspend of devices complete after 26.920 msecs
[   10.665907] Disabling non-boot CPUs ...
[   10.847428] Entering suspend state LP1
[   10.847428] Suspended for 3.016 seconds
[   10.847440] Enabling non-boot CPUs ...
[   10.876356] CPU1 is up
[   10.916276] CPU2 is up
[   10.956567] CPU3 is up
[   10.957303] pcieport 0000:00:01.0: nv_msi_ht_cap_quirk didn't locate host bridge
[   10.957306] pcieport 0000:00:02.0: nv_msi_ht_cap_quirk didn't locate host bridge
[   10.984514] PM: noirq resume of devices complete after 27.941 msecs
[   10.986470] PM: early resume of devices complete after 1.625 msecs
[   11.014694] PM: resume of devices complete after 28.214 msecs
[   11.089049] OOM killer enabled.
[   11.092178] Restarting tasks ... done.
root@(none):/# 
root@(none):/# [   11.317043] ata1: SATA link down (SStatus 0 SControl 300)
rtcwake -d rtc1 -m mem -s 3
rtcwake: assuming RTC uses UTC ...
rtcwake: wakeup from "mem" using /dev/rtc1 at Thu Jan  1 00:00:37 1970
[   11.490814] PM: Syncing filesystems ... done.
[   11.496343] Freezing user space processes ... (elapsed 0.001 seconds) done.
[   11.504588] OOM killer disabled.
[   11.507810] Freezing remaining freezable tasks ... (elapsed 0.001 seconds) done.
[   11.516554] Suspending console(s) (use no_console_suspend to debug)
[   11.636348] PM: suspend of devices complete after 112.741 msecs
[   11.638964] PM: late suspend of devices complete after 2.601 msecs
[   11.665965] PM: noirq suspend of devices complete after 26.991 msecs
[   11.665970] Disabling non-boot CPUs ...
[   11.666506] migrate_irqs: 5 callbacks suppressed
[   11.666511] IRQ357 no longer affine to CPU1
[   11.749029] IRQ17 no longer affine to CPU2
[   11.749224] IRQ358 no longer affine to CPU2
[   11.808823] IRQ359 no longer affine to CPU3
[   11.857784] Entering suspend state LP1
[   11.857784] Suspended for 2.989 seconds
[   11.857796] Enabling non-boot CPUs ...
[   11.886338] CPU1 is up
[   11.926238] CPU2 is up
[   11.966545] CPU3 is up
[   11.967179] pcieport 0000:00:01.0: nv_msi_ht_cap_quirk didn't locate host bridge
[   11.967345] pcieport 0000:00:02.0: nv_msi_ht_cap_quirk didn't locate host bridge
[   11.994484] PM: noirq resume of devices complete after 27.932 msecs
[   11.996300] PM: early resume of devices complete after 1.496 msecs
[   12.024711] PM: resume of devices complete after 28.400 msecs
[   12.120357] OOM killer enabled.
[   12.123487] Restarting tasks ... done.
root@(none):/# 
root@(none):/# [   12.326983] ata1: SATA link down (SStatus 0 SControl 300)
rtcwake -d rtc1 -m mem -s 3
rtcwake: assuming RTC uses UTC ...
rtcwake: wakeup from "mem" using /dev/rtc1 at Thu Jan  1 00:00:41 1970
[   12.493678] PM: Syncing filesystems ... done.
[   12.498998] Freezing user space processes ... (elapsed 0.001 seconds) done.
[   12.507196] OOM killer disabled.
[   12.510414] Freezing remaining freezable tasks ... (elapsed 0.001 seconds) done.
[   12.519059] Suspending console(s) (use no_console_suspend to debug)
[   12.636098] PM: suspend of devices complete after 110.136 msecs
[   12.638613] PM: late suspend of devices complete after 2.502 msecs
[   12.639114] pci_generic_config_write32: 158 callbacks suppressed
[   12.639125] pci_bus 0000:02: 2-byte config write to 0000:02:00.0 offset 0x44 may corrupt adjacent RW1C bits
[   12.639140] pci_bus 0000:02: 2-byte config write to 0000:02:00.0 offset 0x44 may corrupt adjacent RW1C bits
[   12.665661] PM: noirq suspend of devices complete after 27.039 msecs
[   12.665664] Disabling non-boot CPUs ...
[   12.665983] IRQ17 no longer affine to CPU1
[   12.666099] IRQ357 no longer affine to CPU1
[   12.738168] IRQ358 no longer affine to CPU2
[   12.797902] IRQ359 no longer affine to CPU3
[   12.847062] Entering suspend state LP1
[   12.847062] Suspended for 3.010 seconds
[   12.847074] Enabling non-boot CPUs ...
[   12.876295] CPU1 is up
[   12.916207] CPU2 is up
[   12.956498] CPU3 is up
[   12.957091] pci_bus 0000:00: 2-byte config write to 0000:00:02.0 offset 0x4c may corrupt adjacent RW1C bits
[   12.957101] pci_bus 0000:00: 2-byte config write to 0000:00:02.0 offset 0x88 may corrupt adjacent RW1C bits
[   12.957107] pci_bus 0000:00: 2-byte config write to 0000:00:02.0 offset 0x90 may corrupt adjacent RW1C bits
[   12.957113] pci_bus 0000:00: 2-byte config write to 0000:00:02.0 offset 0x98 may corrupt adjacent RW1C bits
[   12.957119] pci_bus 0000:00: 2-byte config write to 0000:00:02.0 offset 0x9c may corrupt adjacent RW1C bits
[   12.957125] pci_bus 0000:00: 2-byte config write to 0000:00:02.0 offset 0xa8 may corrupt adjacent RW1C bits
[   12.957130] pci_bus 0000:00: 2-byte config write to 0000:00:02.0 offset 0xb0 may corrupt adjacent RW1C bits
[   12.957159] pci_bus 0000:00: 2-byte config write to 0000:00:02.0 offset 0x52 may corrupt adjacent RW1C bits
[   12.957188] pcieport 0000:00:02.0: nv_msi_ht_cap_quirk didn't locate host bridge
[   12.957295] pcieport 0000:00:01.0: nv_msi_ht_cap_quirk didn't locate host bridge
[   12.984454] PM: noirq resume of devices complete after 27.950 msecs
[   12.986107] PM: early resume of devices complete after 1.322 msecs
[   13.014692] PM: resume of devices complete after 28.574 msecs
[   13.208906] OOM killer enabled.
[   13.212043] Restarting tasks ... done.
root@(none):/# 
root@(none):/# [   13.316909] ata1: SATA link down (SStatus 0 SControl 300)
rtcwake -d rtc1 -m mem -s 3
rtcwake: assuming RTC uses UTC ...
rtcwake: wakeup from "mem" using /dev/rtc1 at Thu Jan  1 00:00:46 1970
[   14.492299] PM: Syncing filesystems ... done.
[   14.500099] Freezing user space processes ... (elapsed 0.001 seconds) done.
[   14.508735] OOM killer disabled.
[   14.511971] Freezing remaining freezable tasks ... (elapsed 0.001 seconds) done.
[   14.521152] Suspending console(s) (use no_console_suspend to debug)
[   14.637848] PM: suspend of devices complete after 107.958 msecs
[   14.649511] PM: late suspend of devices complete after 11.619 msecs
[   14.679712] PM: noirq suspend of devices complete after 30.168 msecs
[   14.679726] Disabling non-boot CPUs ...
[   14.681070] IRQ17 no longer affine to CPU1
[   14.681577] IRQ357 no longer affine to CPU1
[   14.894292] Entering suspend state LP1
[   14.894292] Suspended for 2.952 seconds
[   14.894319] Enabling non-boot CPUs ...
[   14.916274] CPU1 is up
[   14.956183] CPU2 is up
[   14.996481] CPU3 is up
[   14.997121] pcieport 0000:00:01.0: nv_msi_ht_cap_quirk didn't locate host bridge
[   14.997285] pcieport 0000:00:02.0: nv_msi_ht_cap_quirk didn't locate host bridge
[   15.024418] PM: noirq resume of devices complete after 27.930 msecs
[   15.026016] PM: early resume of devices complete after 1.259 msecs
[   15.054627] PM: resume of devices complete after 28.600 msecs
[   15.137459] OOM killer enabled.
[   15.140590] Restarting tasks ... done.
root@(none):/# 
root@(none):/# [   15.356898] ata1: SATA link down (SStatus 0 SControl 300)
rtcwake -d rtc1 -m mem -s 3
rtcwake: assuming RTC uses UTC ...
rtcwake: wakeup from "mem" using /dev/rtc1 at Thu Jan  1 00:00:50 1970
[   15.523597] PM: Syncing filesystems ... done.
[   15.529239] Freezing user space processes ... (elapsed 0.001 seconds) done.
[   15.537506] OOM killer disabled.
[   15.540725] Freezing remaining freezable tasks ... (elapsed 0.001 seconds) done.
[   15.549433] Suspending console(s) (use no_console_suspend to debug)
[   15.665966] PM: suspend of devices complete after 109.468 msecs
[   15.668622] PM: late suspend of devices complete after 2.640 msecs
[   15.695920] PM: noirq suspend of devices complete after 27.287 msecs
[   15.695924] Disabling non-boot CPUs ...
[   15.857692] Entering suspend state LP1
[   15.857692] Suspended for 3.036 seconds
[   15.857704] Enabling non-boot CPUs ...
[   15.886206] CPU1 is up
[   15.926114] CPU2 is up
[   15.966394] CPU3 is up
[   15.967020] pcieport 0000:00:01.0: nv_msi_ht_cap_quirk didn't locate host bridge
[   15.967085] pcieport 0000:00:02.0: nv_msi_ht_cap_quirk didn't locate host bridge
[   15.994386] PM: noirq resume of devices complete after 27.986 msecs
[   15.995460] PM: early resume of devices complete after 0.752 msecs
[   16.024556] PM: resume of devices complete after 29.087 msecs
[   16.098988] OOM killer enabled.
[   16.102126] Restarting tasks ... done.
root@(none):/# 
root@(none):/# [   16.326865] ata1: SATA link down (SStatus 0 SControl 300)
rtcwake -d rtc1 -m mem -s 3
rtcwake: assuming RTC uses UTC ...
rtcwake: wakeup from "mem" using /dev/rtc1 at Thu Jan  1 00:00:54 1970
[   16.494766] PM: Syncing filesystems ... done.
[   16.500322] Freezing user space processes ... (elapsed 0.001 seconds) done.
[   16.508575] OOM killer disabled.
[   16.511794] Freezing remaining freezable tasks ... (elapsed 0.001 seconds) done.
[   16.520479] Suspending console(s) (use no_console_suspend to debug)
[   16.635969] PM: suspend of devices complete after 108.430 msecs
[   16.639642] PM: late suspend of devices complete after 3.658 msecs
[   16.665851] PM: noirq suspend of devices complete after 26.198 msecs
[   16.665855] Disabling non-boot CPUs ...
[   16.729080] migrate_irqs: 7 callbacks suppressed
[   16.729087] IRQ358 no longer affine to CPU2
[   16.788711] IRQ359 no longer affine to CPU3
[   16.837665] Entering suspend state LP1
[   16.837665] Suspended for 3.019 seconds
[   16.837677] Enabling non-boot CPUs ...
[   16.866194] CPU1 is up
[   16.906116] CPU2 is up
[   16.946412] CPU3 is up
[   16.947063] pcieport 0000:00:02.0: nv_msi_ht_cap_quirk didn't locate host bridge
[   16.947115] pcieport 0000:00:01.0: nv_msi_ht_cap_quirk didn't locate host bridge
[   16.974359] PM: noirq resume of devices complete after 27.940 msecs
[   16.975747] PM: early resume of devices complete after 1.064 msecs
[   17.004586] PM: resume of devices complete after 28.829 msecs
[   17.091899] OOM killer enabled.
[   17.095032] Restarting tasks ... done.
root@(none):/# 
root@(none):/# [   17.306877] ata1: SATA link down (SStatus 0 SControl 300)
rtcwake -d rtc1 -m mem -s 3
rtcwake: assuming RTC uses UTC ...
rtcwake: wakeup from "mem" using /dev/rtc1 at Thu Jan  1 00:00:58 1970
[   17.474393] PM: Syncing filesystems ... done.
[   17.479855] Freezing user space processes ... (elapsed 0.001 seconds) done.
[   17.488092] OOM killer disabled.
[   17.491310] Freezing remaining freezable tasks ... (elapsed 0.001 seconds) done.
[   17.499972] Suspending console(s) (use no_console_suspend to debug)
[   17.616132] PM: suspend of devices complete after 109.186 msecs
[   17.619388] PM: late suspend of devices complete after 3.242 msecs
[   17.645621] PM: noirq suspend of devices complete after 26.223 msecs
[   17.645625] Disabling non-boot CPUs ...
[   17.646107] IRQ357 no longer affine to CPU1
[   17.738344] IRQ17 no longer affine to CPU2
[   17.738521] IRQ358 no longer affine to CPU2
[   17.798177] IRQ359 no longer affine to CPU3
[   17.847230] Entering suspend state LP1
[   17.847230] Suspended for 2.990 seconds
[   17.847242] Enabling non-boot CPUs ...
[   17.876183] CPU1 is up
[   17.916092] CPU2 is up
[   17.956390] CPU3 is up
[   17.956962] pci_generic_config_write32: 160 callbacks suppressed
[   17.956969] pci_bus 0000:00: 2-byte config write to 0000:00:01.0 offset 0x4c may corrupt adjacent RW1C bits
[   17.956980] pci_bus 0000:00: 2-byte config write to 0000:00:02.0 offset 0x4c may corrupt adjacent RW1C bits
[   17.956990] pci_bus 0000:00: 2-byte config write to 0000:00:01.0 offset 0x88 may corrupt adjacent RW1C bits
[   17.956997] pci_bus 0000:00: 2-byte config write to 0000:00:01.0 offset 0x90 may corrupt adjacent RW1C bits
[   17.957003] pci_bus 0000:00: 2-byte config write to 0000:00:02.0 offset 0x88 may corrupt adjacent RW1C bits
[   17.957009] pci_bus 0000:00: 2-byte config write to 0000:00:01.0 offset 0x98 may corrupt adjacent RW1C bits
[   17.957016] pci_bus 0000:00: 2-byte config write to 0000:00:02.0 offset 0x90 may corrupt adjacent RW1C bits
[   17.957021] pci_bus 0000:00: 2-byte config write to 0000:00:01.0 offset 0x9c may corrupt adjacent RW1C bits
[   17.957027] pci_bus 0000:00: 2-byte config write to 0000:00:02.0 offset 0x98 may corrupt adjacent RW1C bits
[   17.957033] pci_bus 0000:00: 2-byte config write to 0000:00:01.0 offset 0xa8 may corrupt adjacent RW1C bits
[   17.957133] pcieport 0000:00:01.0: nv_msi_ht_cap_quirk didn't locate host bridge
[   17.957135] pcieport 0000:00:02.0: nv_msi_ht_cap_quirk didn't locate host bridge
[   17.984326] PM: noirq resume of devices complete after 27.930 msecs
[   17.985770] PM: early resume of devices complete after 1.122 msecs
[   18.014570] PM: resume of devices complete after 28.788 msecs
[   18.208762] OOM killer enabled.
[   18.211898] Restarting tasks ... done.
root@(none):/# 
root@(none):/# [   18.316772] ata1: SATA link down (SStatus 0 SControl 300)
NVTB SYSTEM SUSPEND TEST COMPLETE
