[    0.000000] Booting Linux on physical CPU 0x0
[    0.000000] Linux version 4.6.0-rc3+ (pwalmsley@tamien) (gcc version 4.9.2 20140904 (prerelease) (crosstool-NG linaro-1.13.1-4.9-2014.09 - Linaro GCC 4.9-2014.09) ) #1 SMP PREEMPT Sun Apr 10 18:35:55 PDT 2016
[    0.000000] Boot CPU: AArch64 Processor [411fd070]
[    0.000000] Memory limited to 1024MB
[    0.000000] efi: Getting EFI parameters from FDT:
[    0.000000] efi: UEFI not found.
[    0.000000] cma: Reserved 16 MiB at 0x000000007f000000
[    0.000000] psci: probing for conduit method from DT.
[    0.000000] psci: PSCIv0.2 detected in firmware.
[    0.000000] psci: Using standard PSCI v0.2 function IDs
[    0.000000] psci: Trusted OS migration not required
[    0.000000] percpu: Embedded 20 pages/cpu @ffffffc03efd3000 s43008 r8192 d30720 u81920
[    0.000000] Detected PIPT I-cache on CPU0
[    0.000000] CPU features: enabling workaround for ARM erratum 832075
[    0.000000] CPU features: enabling workaround for ARM erratum 834220
[    0.000000] Built 1 zonelists in Zone order, mobility grouping on.  Total pages: 258048
[    0.000000] Kernel command line: root=/dev/vda2 rw rootwait mem=1024M console=ttyAMA0,38400n8 init=/bin/bash
[    0.000000] PID hash table entries: 4096 (order: 3, 32768 bytes)
[    0.000000] Dentry cache hash table entries: 131072 (order: 8, 1048576 bytes)
[    0.000000] Inode-cache hash table entries: 65536 (order: 7, 524288 bytes)
[    0.000000] software IO TLB [mem 0x79c00000-0x7dc00000] (64MB) mapped at [ffffffc039c00000-ffffffc03dbfffff]
[    0.000000] Memory: 936376K/1048576K available (6996K kernel code, 625K rwdata, 2956K rodata, 816K init, 244K bss, 95816K reserved, 16384K cma-reserved)
[    0.000000] Virtual kernel memory layout:
[    0.000000]     modules : 0xffffff8000000000 - 0xffffff8008000000   (   128 MB)
[    0.000000]     vmalloc : 0xffffff8008000000 - 0xffffffbdbfff0000   (   246 GB)
[    0.000000]       .text : 0xffffff8008080000 - 0xffffff8008753000   (  6988 KB)
[    0.000000]     .rodata : 0xffffff8008753000 - 0xffffff8008a3a000   (  2972 KB)
[    0.000000]       .init : 0xffffff8008a3a000 - 0xffffff8008b06000   (   816 KB)
[    0.000000]       .data : 0xffffff8008b06000 - 0xffffff8008ba2400   (   625 KB)
[    0.000000]     vmemmap : 0xffffffbdc0000000 - 0xffffffbfc0000000   (     8 GB maximum)
[    0.000000]               0xffffffbdc0000000 - 0xffffffbdc1000000   (    16 MB actual)
[    0.000000]     fixed   : 0xffffffbffe7fd000 - 0xffffffbffec00000   (  4108 KB)
[    0.000000]     PCI I/O : 0xffffffbffee00000 - 0xffffffbfffe00000   (    16 MB)
[    0.000000]     memory  : 0xffffffc000000000 - 0xffffffc040000000   (  1024 MB)
[    0.000000] SLUB: HWalign=64, Order=0-3, MinObjects=0, CPUs=1, Nodes=1
[    0.000000] Preemptible hierarchical RCU implementation.
[    0.000000] 	Build-time adjustment of leaf fanout to 64.
[    0.000000] 	RCU restricting CPUs from NR_CPUS=64 to nr_cpu_ids=1.
[    0.000000] RCU: Adjusting geometry for rcu_fanout_leaf=64, nr_cpu_ids=1
[    0.000000] NR_IRQS:64 nr_irqs:64 0
[    0.000000] GICv2m: range[mem 0x08020000-0x08020fff], SPI[80:143]
[    0.000000] Architected cp15 timer(s) running at 62.50MHz (virt).
[    0.000000] clocksource: arch_sys_counter: mask: 0xffffffffffffff max_cycles: 0x1cd42e208c, max_idle_ns: 881590405314 ns
[    0.000164] sched_clock: 56 bits at 62MHz, resolution 16ns, wraps every 4398046511096ns
[    0.006585] Console: colour dummy device 80x25
[    0.007260] Calibrating delay loop (skipped), value calculated using timer frequency.. 125.00 BogoMIPS (lpj=250000)
[    0.007427] pid_max: default: 32768 minimum: 301
[    0.008310] Security Framework initialized
[    0.008824] Mount-cache hash table entries: 2048 (order: 2, 16384 bytes)
[    0.008871] Mountpoint-cache hash table entries: 2048 (order: 2, 16384 bytes)
[    0.033302] ASID allocator initialised with 65536 entries
[    0.044430] EFI services will not be available.
[    0.046839] Brought up 1 CPUs
[    0.046894] SMP: Total of 1 processors activated.
[    0.047192] CPU: All CPU(s) started at EL1
[    0.047894] alternatives: patching kernel code
[    0.062534] devtmpfs: initialized
[    0.073554] DMI not present or invalid.
[    0.075336] clocksource: jiffies: mask: 0xffffffff max_cycles: 0xffffffff, max_idle_ns: 7645041785100000 ns
[    0.078002] pinctrl core: initialized pinctrl subsystem
[    0.106392] NET: Registered protocol family 16
[    0.127741] cpuidle: using governor menu
[    0.128568] vdso: 2 pages (1 code @ ffffff8008759000, 1 data @ ffffff8008b0c000)
[    0.128888] hw-breakpoint: found 6 breakpoint and 4 watchpoint registers.
[    0.136108] DMA: preallocated 256 KiB pool for atomic allocations
[    0.138474] Serial: AMBA PL011 UART driver
[    0.196004] 9000000.pl011: ttyAMA0 at MMIO 0x9000000 (irq = 39, base_baud = 0) is a PL011 rev1
[    0.218528] console [ttyAMA0] enabled
[    0.345127] HugeTLB registered 2 MB page size, pre-allocated 0 pages
[    0.367324] vgaarb: loaded
[    0.370835] SCSI subsystem initialized
[    0.378282] usbcore: registered new interface driver usbfs
[    0.380393] usbcore: registered new interface driver hub
[    0.381927] usbcore: registered new device driver usb
[    0.385138] pps_core: LinuxPPS API ver. 1 registered
[    0.385355] pps_core: Software ver. 5.3.6 - Copyright 2005-2007 Rodolfo Giometti <giometti@linux.it>
[    0.387779] PTP clock support registered
[    0.389680] dmi: Firmware registration failed.
[    0.394124] Advanced Linux Sound Architecture Driver Initialized.
[    0.405222] clocksource: Switched to clocksource arch_sys_counter
[    0.406349] VFS: Disk quotas dquot_6.6.0
[    0.406794] VFS: Dquot-cache hash table entries: 512 (order 0, 4096 bytes)
[    0.488940] NET: Registered protocol family 2
[    0.496133] TCP established hash table entries: 8192 (order: 4, 65536 bytes)
[    0.496758] TCP bind hash table entries: 8192 (order: 5, 131072 bytes)
[    0.497948] TCP: Hash tables configured (established 8192 bind 8192)
[    0.499140] UDP hash table entries: 512 (order: 2, 16384 bytes)
[    0.499641] UDP-Lite hash table entries: 512 (order: 2, 16384 bytes)
[    0.502329] NET: Registered protocol family 1
[    0.505717] RPC: Registered named UNIX socket transport module.
[    0.506053] RPC: Registered udp transport module.
[    0.506443] RPC: Registered tcp transport module.
[    0.506831] RPC: Registered tcp NFSv4.1 backchannel transport module.
[    0.513458] kvm [1]: HYP mode not available
[    0.533123] futex hash table entries: 256 (order: 3, 32768 bytes)
[    0.535124] audit: initializing netlink subsys (disabled)
[    0.536175] audit: type=2000 audit(0.508:1): initialized
[    0.546374] workingset: timestamp_bits=44 max_order=18 bucket_order=0
[    0.628565] squashfs: version 4.0 (2009/01/31) Phillip Lougher
[    0.639870] NFS: Registering the id_resolver key type
[    0.640943] Key type id_resolver registered
[    0.642434] Key type id_legacy registered
[    0.644249] fuse init (API version 7.24)
[    0.648655] 9p: Installing v9fs 9p2000 file system support
[    0.664024] io scheduler noop registered
[    0.665483] io scheduler cfq registered (default)
[    0.689973] pl061_gpio 9030000.pl061: PL061 GPIO chip @0x0000000009030000 registered
[    0.696827] PCI host bridge /pcie@10000000 ranges:
[    0.698567]    IO 0x3eff0000..0x3effffff -> 0x00000000
[    0.699153]   MEM 0x10000000..0x3efeffff -> 0x10000000
[    0.699462]   MEM 0x8000000000..0xffffffffff -> 0x8000000000
[    0.702571] pci-host-generic 3f000000.pcie: PCI host bridge to bus 0000:00
[    0.703122] pci_bus 0000:00: root bus resource [bus 00-0f]
[    0.703469] pci_bus 0000:00: root bus resource [io  0x0000-0xffff]
[    0.703757] pci_bus 0000:00: root bus resource [mem 0x10000000-0x3efeffff]
[    0.704087] pci_bus 0000:00: root bus resource [mem 0x8000000000-0xffffffffff]
[    0.734402] xenfs: not registering filesystem on non-xen platform
[    0.768547] Serial: 8250/16550 driver, 4 ports, IRQ sharing disabled
[    0.782983] SuperH (H)SCI(F) driver initialized
[    0.785771] msm_serial: driver initialized
[    0.790651] Unable to detect cache hierarchy from DT for CPU 0
[    0.822419] loop: module loaded
[    0.850105]  vda: vda1 vda2
[    0.875524] tun: Universal TUN/TAP device driver, 1.6
[    0.875822] tun: (C) 1999-2004 Max Krasnyansky <maxk@qualcomm.com>
[    0.891595] e1000e: Intel(R) PRO/1000 Network Driver - 3.2.6-k
[    0.891998] e1000e: Copyright(c) 1999 - 2015 Intel Corporation.
[    0.894002] igb: Intel(R) Gigabit Ethernet Network Driver - version 5.3.0-k
[    0.894538] igb: Copyright (c) 2007-2014 Intel Corporation.
[    0.895960] igbvf: Intel(R) Gigabit Virtual Function Network Driver - version 2.0.2-k
[    0.896555] igbvf: Copyright (c) 2009 - 2012 Intel Corporation.
[    0.897767] sky2: driver version 1.30
[    0.902723] VFIO - User Level meta-driver version: 0.3
[    0.912252] ehci_hcd: USB 2.0 'Enhanced' Host Controller (EHCI) Driver
[    0.912807] ehci-pci: EHCI PCI platform driver
[    0.914791] ehci-platform: EHCI generic platform driver
[    0.915971] ehci-msm: Qualcomm On-Chip EHCI Host Controller
[    0.917788] ohci_hcd: USB 1.1 'Open' Host Controller (OHCI) Driver
[    0.918393] ohci-pci: OHCI PCI platform driver
[    0.919681] ohci-platform: OHCI generic platform driver
[    0.923685] usbcore: registered new interface driver usb-storage
[    0.934971] mousedev: PS/2 mouse device common for all mice
[    0.943103] rtc-pl031 9010000.pl031: rtc core: registered pl031 as rtc0
[    0.947155] i2c /dev entries driver
[    0.964307] sdhci: Secure Digital Host Controller Interface driver
[    0.964785] sdhci: Copyright(c) Pierre Ossman
[    0.966725] Synopsys Designware Multimedia Card Interface Driver
[    0.970773] sdhci-pltfm: SDHCI platform and OF driver helper
[    0.975843] ledtrig-cpu: registered to indicate activity on CPUs
[    0.987598] usbcore: registered new interface driver usbhid
[    0.988012] usbhid: USB HID core driver
[    1.004909] NET: Registered protocol family 17
[    1.007665] 9pnet: Installing 9P2000 support
[    1.008574] Key type dns_resolver registered
[    1.013608] registered taskstats version 1
[    1.022913] input: gpio-keys as /devices/platform/gpio-keys/input/input0
[    1.027024] rtc-pl031 9010000.pl031: setting system clock to 2016-04-11 01:36:26 UTC (1460338586)
[    1.030993] ALSA device list:
[    1.031312]   No soundcards found.
[    1.035382] uart-pl011 9000000.pl011: no DMA platform data
[    1.042603] EXT4-fs (vda2): couldn't mount as ext3 due to feature incompatibilities
[    1.082355] EXT4-fs (vda2): recovery complete
[    1.083186] EXT4-fs (vda2): mounted filesystem with ordered data mode. Opts: (null)
[    1.084091] VFS: Mounted root (ext4 filesystem) on device 254:2.
[    1.087345] devtmpfs: mounted
[    1.126525] Freeing unused kernel memory: 816K (ffffff8008a3a000 - ffffff8008b06000)
bash: cannot set terminal process group (-1): Inappropriate ioctl for device
bash: no job control in this shell
bash-4.3# 