Diff for ./tegra114-dalmore-a04/tegra114-dalmore/multi_v7_defconfig_log.txt
--- /tmp/fooa	2015-01-18 17:58:07.198923597 -0800
+++ /tmp/foob	2015-01-18 17:58:07.202923588 -0800
@@ -38,20 +38,20 @@
 	 #################################################################
 	 #################################################################
 	 ##
-	 3 MiB/s
+	 3.3 MiB/s
 done
-Bytes transferred = 5746800 (57b070 hex)
+Bytes transferred = 5747680 (57b3e0 hex)
 Tegra114 (Dalmore) # tftpboot 0x82000000 tegra114-dalmore.dtb
 Using asx0 device
 TFTP from server 192.168.100.1; our IP address is 192.168.100.100
 Filename 'tegra114-dalmore.dtb'.
 Load address: 0x82000000
 Loading: *###
-	 2.8 MiB/s
+	 3 MiB/s
 done
 Bytes transferred = 34638 (874e hex)
 Tegra114 (Dalmore) # bootz 0x81000000 - 0x82000000
-Kernel image @ 0x81000000 [ 0x000000 - 0x57b070 ]
+Kernel image @ 0x81000000 [ 0x000000 - 0x57b3e0 ]
 ## Flattened Device Tree blob at 82000000
    Booting using the fdt blob at 0x82000000
    Loading Device Tree to 8fff4000, end 8ffff74d ... OK
@@ -59,7 +59,7 @@
 Starting kernel ...
 
 Booting Linux on physical CPU 0x0
-Linux version 3.19.0-rc4-12904-geaa27f3 (pwalmsley@tamien) (gcc version 4.7.3 20130328 (prerelease) (crosstool-NG linaro-1.13.1-4.7-2013.04-20130415 - Linaro GCC 2013.04) ) #1 SMP Sun Jan 11 13:04:23 PST 2015
+Linux version 3.19.0-rc5-13216-gec6f34e (pwalmsley@tamien) (gcc version 4.7.3 20130328 (prerelease) (crosstool-NG linaro-1.13.1-4.7-2013.04-20130415 - Linaro GCC 2013.04) ) #1 SMP Sun Jan 18 17:52:22 PST 2015
 CPU: ARMv7 Processor [412fc0f2] revision 2 (ARMv7), cr=10c5387d
 CPU: PIPT / VIPT nonaliasing data cache, PIPT instruction cache
 Machine model: NVIDIA Tegra114 Dalmore evaluation board
@@ -67,7 +67,7 @@
 cma: Reserved 64 MiB at 0xfb800000
 Memory policy: Data cache writealloc
 On node 0 totalpages: 524032
-free_area_init_node: node 0, pgdat c0dfc8c0, node_mem_map ee7f8000
+free_area_init_node: node 0, pgdat c0dfe980, node_mem_map ee7f8000
   DMA zone: 1520 pages used for memmap
   DMA zone: 0 pages reserved
   DMA zone: 194560 pages, LIFO batch:31
@@ -80,7 +80,7 @@
 PID hash table entries: 4096 (order: 2, 16384 bytes)
 Dentry cache hash table entries: 131072 (order: 7, 524288 bytes)
 Inode-cache hash table entries: 65536 (order: 6, 262144 bytes)
-Memory: 2000480K/2096128K available (7477K kernel code, 953K rwdata, 3052K rodata, 764K init, 306K bss, 30112K reserved, 65536K cma-reserved, 1252352K highmem)
+Memory: 2000472K/2096128K available (7477K kernel code, 954K rwdata, 3052K rodata, 772K init, 306K bss, 30120K reserved, 65536K cma-reserved, 1252352K highmem)
 Virtual kernel memory layout:
     vector  : 0xffff0000 - 0xffff1000   (   4 kB)
     fixmap  : 0xffc00000 - 0xfff00000   (3072 kB)
@@ -88,10 +88,10 @@
     lowmem  : 0xc0000000 - 0xef800000   ( 760 MB)
     pkmap   : 0xbfe00000 - 0xc0000000   (   2 MB)
     modules : 0xbf000000 - 0xbfe00000   (  14 MB)
-      .text : 0xc0208000 - 0xc0c508ac   (10531 kB)
-      .init : 0xc0c51000 - 0xc0d10000   ( 764 kB)
-      .data : 0xc0d10000 - 0xc0dfe7a0   ( 954 kB)
-       .bss : 0xc0dfe7a0 - 0xc0e4b0e8   ( 307 kB)
+      .text : 0xc0208000 - 0xc0c50920   (10531 kB)
+      .init : 0xc0c51000 - 0xc0d12000   ( 772 kB)
+      .data : 0xc0d12000 - 0xc0e00880   ( 955 kB)
+       .bss : 0xc0e00880 - 0xc0e4d1a8   ( 307 kB)
 SLUB: HWalign=64, Order=0-3, MinObjects=0, CPUs=4, Nodes=1
 Hierarchical RCU implementation.
 	RCU restricting CPUs from NR_CPUS=8 to nr_cpu_ids=4.
@@ -114,7 +114,7 @@
 /cpus/cpu@2 missing clock-frequency property
 /cpus/cpu@3 missing clock-frequency property
 CPU0: thread -1, cpu 0, socket 0, mpidr 80000000
-Setting up static identity map for 0x809112d8 - 0x80911370
+Setting up static identity map for 0x80911820 - 0x809118b8
 Tegra Revision: A01 SKU: 0 CPU Process: 1 Core Process: 0
 CPU1: thread -1, cpu 1, socket 0, mpidr 80000001
 CPU2: thread -1, cpu 2, socket 0, mpidr 80000002
@@ -223,7 +223,7 @@
 Serial: 8250/16550 driver, 4 ports, IRQ sharing disabled
 msm_serial: driver initialized
 console [ttyS0] disabled
-of_serial 70006300.serial: ttyS0 at MMIO 0x70006300 (irq = 329, base_baud = 25500000) is a Tegra
+70006300.serial: ttyS0 at MMIO 0x70006300 (irq = 329, base_baud = 25500000) is a Tegra
 console [ttyS0] enabled
 STMicroelectronics ASC driver initialized
 [drm] Initialized drm 1.1.0 20060810
@@ -255,6 +255,7 @@
 ehci-st: EHCI STMicroelectronics driver
 ehci-exynos: EHCI EXYNOS driver
 tegra-ehci: Tegra EHCI driver
+platform 7d008000.usb: Driver tegra-ehci requests probe deferral
 ohci_hcd: USB 1.1 'Open' Host Controller (OHCI) Driver
 ohci-pci: OHCI PCI platform driver
 ohci-platform: OHCI generic platform driver
@@ -322,8 +323,15 @@
 host1x drm: fb0:  frame buffer device
 host1x drm: registered panic notifier
 [drm] Initialized tegra 0.0.0 20120330 on minor 0
+platform 7d008000.usb: Driver tegra-ehci requests probe deferral
+tegra-ehci 7d008000.usb: EHCI Host Controller
+tegra-ehci 7d008000.usb: new USB bus registered, assigned bus number 1
+tegra-ehci 7d008000.usb: irq 339, io mem 0x7d008000
+tegra-ehci 7d008000.usb: USB 2.0 started, EHCI 1.10
+hub 1-0:1.0: USB hub found
+hub 1-0:1.0: 1 port detected
 input: gpio-keys as /devices/soc0/gpio-keys/input/input1
-palmas-rtc 7000d000.i2c:tps65913@58:rtc: setting system clock to 2000-06-18 16:23:54 UTC (961345434)
+palmas-rtc 7000d000.i2c:tps65913@58:rtc: setting system clock to 2000-06-25 21:12:15 UTC (961967535)
 vdd_cam_1v8_reg: disabling
 vdd_hdmi_5v0: disabling
 usb1_vbus: disabling
@@ -335,7 +343,7 @@
 EXT4-fs (mmcblk0p1): mounted filesystem with ordered data mode. Opts: (null)
 VFS: Mounted root (ext3 filesystem) on device 179:1.
 devtmpfs: mounted
-Freeing unused kernel memory: 764K (c0c51000 - c0d10000)
+Freeing unused kernel memory: 772K (c0c51000 - c0d12000)
 bash: cannot set terminal process group (-1): Inappropriate ioctl for device
 bash: no job control in this shell
-root@(none):/# 
\ No newline at end of file
+root@(none):/# [    2.753262] usb 1-1: new high-speed USB device number 2 using tegra-ehci
Diff for ./tegra114-dalmore-a04/tegra114-dalmore/tegra_defconfig_log.txt
--- /tmp/fooa	2015-01-18 17:58:07.206923586 -0800
+++ /tmp/foob	2015-01-18 17:58:07.210923585 -0800
@@ -37,9 +37,9 @@
 	 #################################################################
 	 #################################################################
 	 #
-	 3 MiB/s
+	 2.9 MiB/s
 done
-Bytes transferred = 4777304 (48e558 hex)
+Bytes transferred = 4779712 (48eec0 hex)
 Tegra114 (Dalmore) # tftpboot 0x82000000 tegra114-dalmore.dtb
 Using asx0 device
 TFTP from server 192.168.100.1; our IP address is 192.168.100.100
@@ -50,7 +50,7 @@
 done
 Bytes transferred = 34638 (874e hex)
 Tegra114 (Dalmore) # bootz 0x81000000 - 0x82000000
-Kernel image @ 0x81000000 [ 0x000000 - 0x48e558 ]
+Kernel image @ 0x81000000 [ 0x000000 - 0x48eec0 ]
 ## Flattened Device Tree blob at 82000000
    Booting using the fdt blob at 0x82000000
    Loading Device Tree to 8fff4000, end 8ffff74d ... OK
@@ -61,7 +61,7 @@
 Booting Linux on physical CPU 0x0
 Initializing cgroup subsys cpu
 Initializing cgroup subsys cpuacct
-Linux version 3.19.0-rc4-118120-geaa27f3 (pwalmsley@kaivo) (gcc version 4.7.3 20130328 (prerelease) (crosstool-NG linaro-1.13.1-4.7-2013.04-20130415 - Linaro GCC 2013.04) ) #1 SMP PREEMPT Sun Jan 11 13:03:21 PST 2015
+Linux version 3.19.0-rc5-118432-gec6f34e (pwalmsley@kaivo) (gcc version 4.7.3 20130328 (prerelease) (crosstool-NG linaro-1.13.1-4.7-2013.04-20130415 - Linaro GCC 2013.04) ) #1 SMP PREEMPT Sun Jan 18 17:51:36 PST 2015
 CPU: ARMv7 Processor [412fc0f2] revision 2 (ARMv7), cr=10c5387d
 CPU: PIPT / VIPT nonaliasing data cache, PIPT instruction cache
 Machine model: NVIDIA Tegra114 Dalmore evaluation board
@@ -69,7 +69,7 @@
 cma: Reserved 64 MiB at 0xfbc00000
 Memory policy: Data cache writealloc
 On node 0 totalpages: 524032
-free_area_init_node: node 0, pgdat c092e800, node_mem_map ee7f7000
+free_area_init_node: node 0, pgdat c092e840, node_mem_map ee7f7000
   Normal zone: 1520 pages used for memmap
   Normal zone: 0 pages reserved
   Normal zone: 194560 pages, LIFO batch:31
@@ -90,10 +90,10 @@
     lowmem  : 0xc0000000 - 0xef800000   ( 760 MB)
     pkmap   : 0xbfe00000 - 0xc0000000   (   2 MB)
     modules : 0xbf000000 - 0xbfe00000   (  14 MB)
-      .text : 0xc0008000 - 0xc088d098   (8725 kB)
+      .text : 0xc0008000 - 0xc088d0dc   (8725 kB)
       .init : 0xc088e000 - 0xc08da000   ( 304 kB)
-      .data : 0xc08da000 - 0xc0930300   ( 345 kB)
-       .bss : 0xc0930300 - 0xc0987c24   ( 351 kB)
+      .data : 0xc08da000 - 0xc0930360   ( 345 kB)
+       .bss : 0xc0930360 - 0xc0987ca4   ( 351 kB)
 Preemptible hierarchical RCU implementation.
 NR_IRQS:16 nr_irqs:16 16
 L2C: failed to init: -19
@@ -115,7 +115,7 @@
 /cpus/cpu@2 missing clock-frequency property
 /cpus/cpu@3 missing clock-frequency property
 CPU0: thread -1, cpu 0, socket 0, mpidr 80000000
-Setting up static identity map for 0x806336b8 - 0x80633750
+Setting up static identity map for 0x80633b18 - 0x80633bb0
 Tegra Revision: A01 SKU: 0 CPU Process: 1 Core Process: 0
 CPU1: thread -1, cpu 1, socket 0, mpidr 80000001
 CPU2: thread -1, cpu 2, socket 0, mpidr 80000002
@@ -221,7 +221,7 @@
 tegra-apbdma 6000a000.dma: Tegra20 APB DMA driver register 32 channels
 Serial: 8250/16550 driver, 4 ports, IRQ sharing disabled
 console [ttyS0] disabled
-of_serial 70006300.serial: ttyS0 at MMIO 0x70006300 (irq = 329, base_baud = 25500000) is a Tegra
+70006300.serial: ttyS0 at MMIO 0x70006300 (irq = 329, base_baud = 25500000) is a Tegra
 console [ttyS0] enabled
 [drm] Initialized drm 1.1.0 20060810
 platform 54300000.dsi: Driver tegra-dsi requests probe deferral
@@ -246,6 +246,7 @@
 ehci_hcd: USB 2.0 'Enhanced' Host Controller (EHCI) Driver
 ehci-pci: EHCI PCI platform driver
 tegra-ehci: Tegra EHCI driver
+platform 7d008000.usb: Driver tegra-ehci requests probe deferral
 usbcore: registered new interface driver cdc_acm
 cdc_acm: USB Abstract Control Model driver for USB modems and ISDN adapters
 usbcore: registered new interface driver cdc_wdm
@@ -315,8 +316,15 @@
 host1x drm: fb0:  frame buffer device
 host1x drm: registered panic notifier
 [drm] Initialized tegra 0.0.0 20120330 on minor 0
+platform 7d008000.usb: Driver tegra-ehci requests probe deferral
+tegra-ehci 7d008000.usb: EHCI Host Controller
+tegra-ehci 7d008000.usb: new USB bus registered, assigned bus number 1
+tegra-ehci 7d008000.usb: irq 339, io mem 0x7d008000
+tegra-ehci 7d008000.usb: USB 2.0 started, EHCI 1.10
+hub 1-0:1.0: USB hub found
+hub 1-0:1.0: 1 port detected
 input: gpio-keys as /devices/soc0/gpio-keys/input/input1
-palmas-rtc 7000d000.i2c:tps65913@58:rtc: setting system clock to 2000-06-18 16:23:12 UTC (961345392)
+palmas-rtc 7000d000.i2c:tps65913@58:rtc: setting system clock to 2000-06-25 21:11:49 UTC (961967509)
 vdd_cam_1v8_reg: disabling
 vdd_hdmi_5v0: disabling
 usb1_vbus: disabling
@@ -332,4 +340,4 @@
 Freeing unused kernel memory: 304K (c088e000 - c08da000)
 bash: cannot set terminal process group (-1): Inappropriate ioctl for device
 bash: no job control in this shell
-root@(none):/# 
\ No newline at end of file
+root@(none):/# [    2.950335] usb 1-1: new high-speed USB device number 2 using tegra-ehci
Diff for ./tegra124-jetson-tk1/tegra124-jetson-tk1/multi_v7_defconfig_log.txt
--- /tmp/fooa	2015-01-18 17:58:07.214923585 -0800
+++ /tmp/foob	2015-01-18 17:58:07.218923584 -0800
@@ -29,21 +29,25 @@
 Tegra124 (Jetson TK1) # setenv bootargs 'ignore_loglevel console=ttyS0,115200n8 rw root=/dev/mmcblk0p1 rootwait gpt debug init=/bin/bash noinitrd'
 Tegra124 (Jetson TK1) # setenv ipaddr 192.168.100.102; setenv serverip 192.168.100.1; setenv tftpserverip 192.168.100.1
 Tegra124 (Jetson TK1) # tftpboot 0x81000000 zImage.multi_v7_defconfig
+Waiting for Ethernet connection... done.
 Using asx0 device
 TFTP from server 192.168.100.1; our IP address is 192.168.100.102
 Filename 'zImage.multi_v7_defconfig'.
 Load address: 0x81000000
-Loading: *#################################################################
+Loading: *EHCI timed out on TD - token=0x8008d80
+T EHCI timed out on TD - token=0x8008d80
+T #################################################################
 	 #################################################################
 	 #################################################################
 	 #################################################################
 	 #################################################################
 	 #################################################################
 	 ##
-	 3 MiB/s
+	 480.5 KiB/s
 done
-Bytes transferred = 5746800 (57b070 hex)
+Bytes transferred = 5747680 (57b3e0 hex)
 Tegra124 (Jetson TK1) # tftpboot 0x82000000 tegra124-jetson-tk1.dtb
+Waiting for Ethernet connection... done.
 Using asx0 device
 TFTP from server 192.168.100.1; our IP address is 192.168.100.102
 Filename 'tegra124-jetson-tk1.dtb'.
@@ -53,7 +57,7 @@
 done
 Bytes transferred = 48898 (bf02 hex)
 Tegra124 (Jetson TK1) # bootz 0x81000000 - 0x82000000
-Kernel image @ 0x81000000 [ 0x000000 - 0x57b070 ]
+Kernel image @ 0x81000000 [ 0x000000 - 0x57b3e0 ]
 ## Flattened Device Tree blob at 82000000
    Booting using the fdt blob at 0x82000000
    Using Device Tree in place at 82000000, end 8200ef01
@@ -61,7 +65,7 @@
 Starting kernel ...
 
 Booting Linux on physical CPU 0x0
-Linux version 3.19.0-rc4-12904-geaa27f3 (pwalmsley@tamien) (gcc version 4.7.3 20130328 (prerelease) (crosstool-NG linaro-1.13.1-4.7-2013.04-20130415 - Linaro GCC 2013.04) ) #1 SMP Sun Jan 11 13:04:23 PST 2015
+Linux version 3.19.0-rc5-13216-gec6f34e (pwalmsley@tamien) (gcc version 4.7.3 20130328 (prerelease) (crosstool-NG linaro-1.13.1-4.7-2013.04-20130415 - Linaro GCC 2013.04) ) #1 SMP Sun Jan 18 17:52:22 PST 2015
 CPU: ARMv7 Processor [413fc0f3] revision 3 (ARMv7), cr=10c5387d
 CPU: PIPT / VIPT nonaliasing data cache, PIPT instruction cache
 Machine model: NVIDIA Tegra124 Jetson TK1
@@ -69,7 +73,7 @@
 cma: Reserved 64 MiB at 0xfb800000
 Memory policy: Data cache writealloc
 On node 0 totalpages: 524032
-free_area_init_node: node 0, pgdat c0dfc8c0, node_mem_map ee7f8000
+free_area_init_node: node 0, pgdat c0dfe980, node_mem_map ee7f8000
   DMA zone: 1520 pages used for memmap
   DMA zone: 0 pages reserved
   DMA zone: 194560 pages, LIFO batch:31
@@ -82,7 +86,7 @@
 PID hash table entries: 4096 (order: 2, 16384 bytes)
 Dentry cache hash table entries: 131072 (order: 7, 524288 bytes)
 Inode-cache hash table entries: 65536 (order: 6, 262144 bytes)
-Memory: 2000416K/2096128K available (7477K kernel code, 953K rwdata, 3052K rodata, 764K init, 306K bss, 30176K reserved, 65536K cma-reserved, 1252352K highmem)
+Memory: 2000408K/2096128K available (7477K kernel code, 954K rwdata, 3052K rodata, 772K init, 306K bss, 30184K reserved, 65536K cma-reserved, 1252352K highmem)
 Virtual kernel memory layout:
     vector  : 0xffff0000 - 0xffff1000   (   4 kB)
     fixmap  : 0xffc00000 - 0xfff00000   (3072 kB)
@@ -90,10 +94,10 @@
     lowmem  : 0xc0000000 - 0xef800000   ( 760 MB)
     pkmap   : 0xbfe00000 - 0xc0000000   (   2 MB)
     modules : 0xbf000000 - 0xbfe00000   (  14 MB)
-      .text : 0xc0208000 - 0xc0c508ac   (10531 kB)
-      .init : 0xc0c51000 - 0xc0d10000   ( 764 kB)
-      .data : 0xc0d10000 - 0xc0dfe7a0   ( 954 kB)
-       .bss : 0xc0dfe7a0 - 0xc0e4b0e8   ( 307 kB)
+      .text : 0xc0208000 - 0xc0c50920   (10531 kB)
+      .init : 0xc0c51000 - 0xc0d12000   ( 772 kB)
+      .data : 0xc0d12000 - 0xc0e00880   ( 955 kB)
+       .bss : 0xc0e00880 - 0xc0e4d1a8   ( 307 kB)
 SLUB: HWalign=64, Order=0-3, MinObjects=0, CPUs=4, Nodes=1
 Hierarchical RCU implementation.
 	RCU restricting CPUs from NR_CPUS=8 to nr_cpu_ids=4.
@@ -116,7 +120,7 @@
 /cpus/cpu@2 missing clock-frequency property
 /cpus/cpu@3 missing clock-frequency property
 CPU0: thread -1, cpu 0, socket 0, mpidr 80000000
-Setting up static identity map for 0x809112d8 - 0x80911370
+Setting up static identity map for 0x80911820 - 0x809118b8
 Tegra Revision: A01 SKU: 129 CPU Process: 1 Core Process: 1
 CPU1: thread -1, cpu 1, socket 0, mpidr 80000001
 CPU2: thread -1, cpu 2, socket 0, mpidr 80000002
@@ -204,7 +208,7 @@
 Serial: 8250/16550 driver, 4 ports, IRQ sharing disabled
 msm_serial: driver initialized
 console [ttyS0] disabled
-of_serial 70006300.serial: ttyS0 at MMIO 0x70006300 (irq = 330, base_baud = 25500000) is a Tegra
+70006300.serial: ttyS0 at MMIO 0x70006300 (irq = 330, base_baud = 25500000) is a Tegra
 console [ttyS0] enabled
 STMicroelectronics ASC driver initialized
 [drm] Initialized drm 1.1.0 20060810
@@ -248,6 +252,8 @@
 ehci-st: EHCI STMicroelectronics driver
 ehci-exynos: EHCI EXYNOS driver
 tegra-ehci: Tegra EHCI driver
+platform 7d004000.usb: Driver tegra-ehci requests probe deferral
+platform 7d008000.usb: Driver tegra-ehci requests probe deferral
 ohci_hcd: USB 1.1 'Open' Host Controller (OHCI) Driver
 ohci-pci: OHCI PCI platform driver
 ohci-platform: OHCI generic platform driver
@@ -344,6 +350,13 @@
 scsi host1: ahci_platform
 ata1: SATA max UDMA/133 mmio [mem 0x70027000-0x70028fff] port 0x100 irq 340
 ata2: DUMMY
+tegra-ehci 7d004000.usb: EHCI Host Controller
+tegra-ehci 7d004000.usb: new USB bus registered, assigned bus number 1
+tegra-ehci 7d004000.usb: irq 345, io mem 0x7d004000
+tegra-ehci 7d004000.usb: USB 2.0 started, EHCI 1.10
+hub 1-0:1.0: USB hub found
+hub 1-0:1.0: 1 port detected
+platform 7d008000.usb: Driver tegra-ehci requests probe deferral
 sdhci-tegra 700b0400.sdhci: Got CD GPIO
 sdhci-tegra 700b0400.sdhci: Got WP GPIO
 mmc1: Unknown controller version (3). You may experience problems.
@@ -361,16 +374,41 @@
 tegra-pcie 1003000.pcie-controller: link 0 down, ignoring
 tegra-pcie 1003000.pcie-controller: probing port 1, using 1 lanes
 tegra-pcie 1003000.pcie-controller: Slot present pin change, signature: 00000000
-tegra-pcie 1003000.pcie-controller: link 1 down, retrying
-tegra-pcie 1003000.pcie-controller: link 1 down, retrying
-tegra-pcie 1003000.pcie-controller: link 1 down, retrying
-tegra-pcie 1003000.pcie-controller: link 1 down, ignoring
 tegra-pcie 1003000.pcie-controller: PCI host bridge to bus 0000:00
 pci_bus 0000:00: root bus resource [mem 0x13000000-0x1fffffff]
 pci_bus 0000:00: root bus resource [mem 0x20000000-0x3fffffff pref]
 pci_bus 0000:00: root bus resource [bus 00-ff]
 pci_bus 0000:00: root bus resource [io  0x1000-0xffff]
-PCI: bus0: Fast back to back transfers enabled
+pci 0000:00:02.0: [10de:0e13] type 01 class 0x060400
+pci 0000:00:02.0: PME# supported from D0 D1 D2 D3hot D3cold
+PCI: bus0: Fast back to back transfers disabled
+pci 0000:00:02.0: bridge configuration invalid ([bus 00-00]), reconfiguring
+pci 0000:01:00.0: [10ec:8168] type 00 class 0x020000
+pci 0000:01:00.0: reg 0x10: [io  0x0000-0x00ff]
+pci 0000:01:00.0: reg 0x18: [mem 0x00000000-0x00000fff 64bit]
+pci 0000:01:00.0: reg 0x20: [mem 0x00000000-0x00003fff 64bit pref]
+pci 0000:01:00.0: supports D1 D2
+pci 0000:01:00.0: PME# supported from D0 D1 D2 D3hot D3cold
+PCI: bus1: Fast back to back transfers disabled
+pci_bus 0000:01: busn_res: [bus 01-ff] end is updated to 01
+pci 0000:00:02.0: BAR 8: assigned [mem 0x13000000-0x130fffff]
+pci 0000:00:02.0: BAR 9: assigned [mem 0x20000000-0x200fffff 64bit pref]
+pci 0000:00:02.0: BAR 7: assigned [io  0x1000-0x1fff]
+pci 0000:01:00.0: BAR 4: assigned [mem 0x20000000-0x20003fff 64bit pref]
+pci 0000:01:00.0: BAR 2: assigned [mem 0x13000000-0x13000fff 64bit]
+pci 0000:01:00.0: BAR 0: assigned [io  0x1000-0x10ff]
+pci 0000:00:02.0: PCI bridge to [bus 01]
+pci 0000:00:02.0:   bridge window [io  0x1000-0x1fff]
+pci 0000:00:02.0:   bridge window [mem 0x13000000-0x130fffff]
+pci 0000:00:02.0:   bridge window [mem 0x20000000-0x200fffff 64bit pref]
+pci 0000:00:02.0: nv_msi_ht_cap_quirk didn't locate host bridge
+pcieport 0000:00:02.0: Signaling PME through PCIe PME interrupt
+pci 0000:01:00.0: Signaling PME through PCIe PME interrupt
+pcie_pme 0000:00:02.0:pcie01: service driver pcie_pme loaded
+r8169 Gigabit Ethernet driver 2.3LK-NAPI loaded
+r8169 0000:01:00.0: enabling device (0140 -> 0143)
+r8169 0000:01:00.0 eth0: RTL8168g/8111g at 0xf01c0000, 00:04:4b:25:b3:b4, XID 0c000800 IRQ 381
+r8169 0000:01:00.0 eth0: jumbo features [frames: 9200 bytes, tx checksumming: ko]
 [drm] Supports vblank timestamp caching Rev 2 (21.10.2013).
 [drm] No driver support for vblank timestamp query.
 host1x drm: No connectors reported connected with modes
@@ -379,8 +417,14 @@
 host1x drm: fb0:  frame buffer device
 host1x drm: registered panic notifier
 [drm] Initialized tegra 0.0.0 20120330 on minor 0
+tegra-ehci 7d008000.usb: EHCI Host Controller
+tegra-ehci 7d008000.usb: new USB bus registered, assigned bus number 2
+tegra-ehci 7d008000.usb: irq 346, io mem 0x7d008000
+tegra-ehci 7d008000.usb: USB 2.0 started, EHCI 1.10
+hub 2-0:1.0: USB hub found
+hub 2-0:1.0: 1 port detected
 input: gpio-keys as /devices/soc0/gpio-keys/input/input1
-as3722-rtc as3722-rtc: setting system clock to 2000-02-01 00:00:19 UTC (949363219)
+as3722-rtc as3722-rtc: setting system clock to 2000-02-01 00:01:01 UTC (949363261)
 +1.05V_RUN_AVDD_HDMI_PLL: disabling
 +1.8V_RUN_VPP_FUSE: disabling
 +2.8V_RUN_CAM_AF: disabling
@@ -399,7 +443,7 @@
 EXT4-fs (mmcblk0p1): mounted filesystem with ordered data mode. Opts: (null)
 VFS: Mounted root (ext4 filesystem) on device 179:1.
 devtmpfs: mounted
-Freeing unused kernel memory: 764K (c0c51000 - c0d10000)
+Freeing unused kernel memory: 772K (c0c51000 - c0d12000)
 bash: cannot set terminal process group (-1): Inappropriate ioctl for device
 bash: no job control in this shell
-root@(none):/# 
\ No newline at end of file
+root@(none):/# [    4.589846] usb 2-1: new high-speed USB device number 2 using tegra-ehci
Diff for ./tegra124-jetson-tk1/tegra124-jetson-tk1/tegra_defconfig_log.txt
--- /tmp/fooa	2015-01-18 17:58:07.222923583 -0800
+++ /tmp/foob	2015-01-18 17:58:07.226923581 -0800
@@ -39,20 +39,20 @@
 	 #################################################################
 	 #################################################################
 	 #
-	 2.8 MiB/s
+	 3.2 MiB/s
 done
-Bytes transferred = 4777304 (48e558 hex)
+Bytes transferred = 4779712 (48eec0 hex)
 Tegra124 (Jetson TK1) # tftpboot 0x82000000 tegra124-jetson-tk1.dtb
 Using asx0 device
 TFTP from server 192.168.100.1; our IP address is 192.168.100.102
 Filename 'tegra124-jetson-tk1.dtb'.
 Load address: 0x82000000
 Loading: *####
-	 3.1 MiB/s
+	 2.7 MiB/s
 done
 Bytes transferred = 48898 (bf02 hex)
 Tegra124 (Jetson TK1) # bootz 0x81000000 - 0x82000000
-Kernel image @ 0x81000000 [ 0x000000 - 0x48e558 ]
+Kernel image @ 0x81000000 [ 0x000000 - 0x48eec0 ]
 ## Flattened Device Tree blob at 82000000
    Booting using the fdt blob at 0x82000000
    Using Device Tree in place at 82000000, end 8200ef01
@@ -63,7 +63,7 @@
 Booting Linux on physical CPU 0x0
 Initializing cgroup subsys cpu
 Initializing cgroup subsys cpuacct
-Linux version 3.19.0-rc4-118120-geaa27f3 (pwalmsley@kaivo) (gcc version 4.7.3 20130328 (prerelease) (crosstool-NG linaro-1.13.1-4.7-2013.04-20130415 - Linaro GCC 2013.04) ) #1 SMP PREEMPT Sun Jan 11 13:03:21 PST 2015
+Linux version 3.19.0-rc5-118432-gec6f34e (pwalmsley@kaivo) (gcc version 4.7.3 20130328 (prerelease) (crosstool-NG linaro-1.13.1-4.7-2013.04-20130415 - Linaro GCC 2013.04) ) #1 SMP PREEMPT Sun Jan 18 17:51:36 PST 2015
 CPU: ARMv7 Processor [413fc0f3] revision 3 (ARMv7), cr=10c5387d
 CPU: PIPT / VIPT nonaliasing data cache, PIPT instruction cache
 Machine model: NVIDIA Tegra124 Jetson TK1
@@ -71,7 +71,7 @@
 cma: Reserved 64 MiB at 0xfbc00000
 Memory policy: Data cache writealloc
 On node 0 totalpages: 524032
-free_area_init_node: node 0, pgdat c092e800, node_mem_map ee7f7000
+free_area_init_node: node 0, pgdat c092e840, node_mem_map ee7f7000
   Normal zone: 1520 pages used for memmap
   Normal zone: 0 pages reserved
   Normal zone: 194560 pages, LIFO batch:31
@@ -92,10 +92,10 @@
     lowmem  : 0xc0000000 - 0xef800000   ( 760 MB)
     pkmap   : 0xbfe00000 - 0xc0000000   (   2 MB)
     modules : 0xbf000000 - 0xbfe00000   (  14 MB)
-      .text : 0xc0008000 - 0xc088d098   (8725 kB)
+      .text : 0xc0008000 - 0xc088d0dc   (8725 kB)
       .init : 0xc088e000 - 0xc08da000   ( 304 kB)
-      .data : 0xc08da000 - 0xc0930300   ( 345 kB)
-       .bss : 0xc0930300 - 0xc0987c24   ( 351 kB)
+      .data : 0xc08da000 - 0xc0930360   ( 345 kB)
+       .bss : 0xc0930360 - 0xc0987ca4   ( 351 kB)
 Preemptible hierarchical RCU implementation.
 NR_IRQS:16 nr_irqs:16 16
 L2C: failed to init: -19
@@ -117,7 +117,7 @@
 /cpus/cpu@2 missing clock-frequency property
 /cpus/cpu@3 missing clock-frequency property
 CPU0: thread -1, cpu 0, socket 0, mpidr 80000000
-Setting up static identity map for 0x806336b8 - 0x80633750
+Setting up static identity map for 0x80633b18 - 0x80633bb0
 Tegra Revision: A01 SKU: 129 CPU Process: 1 Core Process: 1
 CPU1: thread -1, cpu 1, socket 0, mpidr 80000001
 CPU2: thread -1, cpu 2, socket 0, mpidr 80000002
@@ -202,7 +202,7 @@
 tegra-apbdma 60020000.dma: Tegra20 APB DMA driver register 32 channels
 Serial: 8250/16550 driver, 4 ports, IRQ sharing disabled
 console [ttyS0] disabled
-of_serial 70006300.serial: ttyS0 at MMIO 0x70006300 (irq = 330, base_baud = 25500000) is a Tegra
+70006300.serial: ttyS0 at MMIO 0x70006300 (irq = 330, base_baud = 25500000) is a Tegra
 console [ttyS0] enabled
 [drm] Initialized drm 1.1.0 20060810
 tegra-hdmi 54280000.hdmi: failed to get HDMI regulator
@@ -239,6 +239,8 @@
 ehci_hcd: USB 2.0 'Enhanced' Host Controller (EHCI) Driver
 ehci-pci: EHCI PCI platform driver
 tegra-ehci: Tegra EHCI driver
+platform 7d004000.usb: Driver tegra-ehci requests probe deferral
+platform 7d008000.usb: Driver tegra-ehci requests probe deferral
 usbcore: registered new interface driver cdc_acm
 cdc_acm: USB Abstract Control Model driver for USB modems and ISDN adapters
 usbcore: registered new interface driver cdc_wdm
@@ -337,6 +339,13 @@
 scsi host1: ahci_platform
 ata1: SATA max UDMA/133 mmio [mem 0x70027000-0x70028fff] port 0x100 irq 340
 ata2: DUMMY
+tegra-ehci 7d004000.usb: EHCI Host Controller
+tegra-ehci 7d004000.usb: new USB bus registered, assigned bus number 1
+tegra-ehci 7d004000.usb: irq 345, io mem 0x7d004000
+tegra-ehci 7d004000.usb: USB 2.0 started, EHCI 1.10
+hub 1-0:1.0: USB hub found
+hub 1-0:1.0: 1 port detected
+platform 7d008000.usb: Driver tegra-ehci requests probe deferral
 sdhci-tegra 700b0400.sdhci: Got CD GPIO
 sdhci-tegra 700b0400.sdhci: Got WP GPIO
 mmc1: Unknown controller version (3). You may experience problems.
@@ -372,8 +381,14 @@
 host1x drm: fb0:  frame buffer device
 host1x drm: registered panic notifier
 [drm] Initialized tegra 0.0.0 20120330 on minor 0
+tegra-ehci 7d008000.usb: EHCI Host Controller
+tegra-ehci 7d008000.usb: new USB bus registered, assigned bus number 2
+tegra-ehci 7d008000.usb: irq 346, io mem 0x7d008000
+tegra-ehci 7d008000.usb: USB 2.0 started, EHCI 1.10
+hub 2-0:1.0: USB hub found
+hub 2-0:1.0: 1 port detected
 input: gpio-keys as /devices/soc0/gpio-keys/input/input1
-as3722-rtc as3722-rtc: setting system clock to 2000-02-01 00:00:17 UTC (949363217)
+as3722-rtc as3722-rtc: setting system clock to 2000-02-01 00:00:18 UTC (949363218)
 +1.05V_RUN_AVDD_HDMI_PLL: disabling
 +1.8V_RUN_VPP_FUSE: disabling
 +2.8V_RUN_CAM_AF: disabling
@@ -395,4 +410,5 @@
 Freeing unused kernel memory: 304K (c088e000 - c08da000)
 bash: cannot set terminal process group (-1): Inappropriate ioctl for device
 bash: no job control in this shell
+usb 2-1: new high-speed USB device number 2 using tegra-ehci
 root@(none):/# 
\ No newline at end of file
Diff for ./tegra30-beaver/tegra30-beaver/multi_v7_defconfig_log.txt
--- /tmp/fooa	2015-01-18 17:58:07.230923579 -0800
+++ /tmp/foob	2015-01-18 17:58:07.234923578 -0800
@@ -38,20 +38,20 @@
 	 #################################################################
 	 #################################################################
 	 ##
-	 2.8 MiB/s
+	 3.3 MiB/s
 done
-Bytes transferred = 5746800 (57b070 hex)
+Bytes transferred = 5747680 (57b3e0 hex)
 Tegra30 (Beaver) # tftpboot 0x82000000 tegra30-beaver.dtb
 Using asx0 device
 TFTP from server 192.168.100.1; our IP address is 192.168.100.101
 Filename 'tegra30-beaver.dtb'.
 Load address: 0x82000000
 Loading: *##
-	 2.6 MiB/s
+	 2.9 MiB/s
 done
 Bytes transferred = 24641 (6041 hex)
 Tegra30 (Beaver) # bootz 0x81000000 - 0x82000000
-Kernel image @ 0x81000000 [ 0x000000 - 0x57b070 ]
+Kernel image @ 0x81000000 [ 0x000000 - 0x57b3e0 ]
 ## Flattened Device Tree blob at 82000000
    Booting using the fdt blob at 0x82000000
    Loading Device Tree to 8fff6000, end 8ffff040 ... OK
@@ -59,7 +59,7 @@
 Starting kernel ...
 
 Booting Linux on physical CPU 0x0
-Linux version 3.19.0-rc4-12904-geaa27f3 (pwalmsley@tamien) (gcc version 4.7.3 20130328 (prerelease) (crosstool-NG linaro-1.13.1-4.7-2013.04-20130415 - Linaro GCC 2013.04) ) #1 SMP Sun Jan 11 13:04:23 PST 2015
+Linux version 3.19.0-rc5-13216-gec6f34e (pwalmsley@tamien) (gcc version 4.7.3 20130328 (prerelease) (crosstool-NG linaro-1.13.1-4.7-2013.04-20130415 - Linaro GCC 2013.04) ) #1 SMP Sun Jan 18 17:52:22 PST 2015
 CPU: ARMv7 Processor [412fc099] revision 9 (ARMv7), cr=10c5387d
 CPU: PIPT / VIPT nonaliasing data cache, VIPT aliasing instruction cache
 Machine model: NVIDIA Tegra30 Beaver evaluation board
@@ -67,7 +67,7 @@
 cma: Reserved 64 MiB at 0xfb800000
 Memory policy: Data cache writealloc
 On node 0 totalpages: 524032
-free_area_init_node: node 0, pgdat c0dfc8c0, node_mem_map ee7f8000
+free_area_init_node: node 0, pgdat c0dfe980, node_mem_map ee7f8000
   DMA zone: 1520 pages used for memmap
   DMA zone: 0 pages reserved
   DMA zone: 194560 pages, LIFO batch:31
@@ -80,7 +80,7 @@
 PID hash table entries: 4096 (order: 2, 16384 bytes)
 Dentry cache hash table entries: 131072 (order: 7, 524288 bytes)
 Inode-cache hash table entries: 65536 (order: 6, 262144 bytes)
-Memory: 2000528K/2096128K available (7477K kernel code, 953K rwdata, 3052K rodata, 764K init, 306K bss, 30064K reserved, 65536K cma-reserved, 1252352K highmem)
+Memory: 2000520K/2096128K available (7477K kernel code, 954K rwdata, 3052K rodata, 772K init, 306K bss, 30072K reserved, 65536K cma-reserved, 1252352K highmem)
 Virtual kernel memory layout:
     vector  : 0xffff0000 - 0xffff1000   (   4 kB)
     fixmap  : 0xffc00000 - 0xfff00000   (3072 kB)
@@ -88,10 +88,10 @@
     lowmem  : 0xc0000000 - 0xef800000   ( 760 MB)
     pkmap   : 0xbfe00000 - 0xc0000000   (   2 MB)
     modules : 0xbf000000 - 0xbfe00000   (  14 MB)
-      .text : 0xc0208000 - 0xc0c508ac   (10531 kB)
-      .init : 0xc0c51000 - 0xc0d10000   ( 764 kB)
-      .data : 0xc0d10000 - 0xc0dfe7a0   ( 954 kB)
-       .bss : 0xc0dfe7a0 - 0xc0e4b0e8   ( 307 kB)
+      .text : 0xc0208000 - 0xc0c50920   (10531 kB)
+      .init : 0xc0c51000 - 0xc0d12000   ( 772 kB)
+      .data : 0xc0d12000 - 0xc0e00880   ( 955 kB)
+       .bss : 0xc0e00880 - 0xc0e4d1a8   ( 307 kB)
 SLUB: HWalign=64, Order=0-3, MinObjects=0, CPUs=4, Nodes=1
 Hierarchical RCU implementation.
 	RCU restricting CPUs from NR_CPUS=8 to nr_cpu_ids=4.
@@ -115,7 +115,7 @@
 Mountpoint-cache hash table entries: 2048 (order: 1, 8192 bytes)
 CPU: Testing write buffer coherency: ok
 CPU0: thread -1, cpu 0, socket 0, mpidr 80000000
-Setting up static identity map for 0x809112d8 - 0x80911370
+Setting up static identity map for 0x80911820 - 0x809118b8
 Tegra Revision: A03 SKU: 128 CPU Process: 4 Core Process: 0
 CPU1: thread -1, cpu 1, socket 0, mpidr 80000001
 CPU2: thread -1, cpu 2, socket 0, mpidr 80000002
@@ -209,7 +209,7 @@
 Serial: 8250/16550 driver, 4 ports, IRQ sharing disabled
 msm_serial: driver initialized
 console [ttyS0] disabled
-of_serial 70006000.serial: ttyS0 at MMIO 0x70006000 (irq = 331, base_baud = 25500000) is a Tegra
+70006000.serial: ttyS0 at MMIO 0x70006000 (irq = 331, base_baud = 25500000) is a Tegra
 console [ttyS0] enabled
 STMicroelectronics ASC driver initialized
 [drm] Initialized drm 1.1.0 20060810
@@ -240,6 +240,8 @@
 ehci-st: EHCI STMicroelectronics driver
 ehci-exynos: EHCI EXYNOS driver
 tegra-ehci: Tegra EHCI driver
+platform 7d004000.usb: Driver tegra-ehci requests probe deferral
+platform 7d008000.usb: Driver tegra-ehci requests probe deferral
 ohci_hcd: USB 1.1 'Open' Host Controller (OHCI) Driver
 ohci-pci: OHCI PCI platform driver
 ohci-platform: OHCI generic platform driver
@@ -351,6 +353,21 @@
 host1x drm: fb0:  frame buffer device
 host1x drm: registered panic notifier
 [drm] Initialized tegra 0.0.0 20120330 on minor 0
+platform 7d004000.usb: Driver tegra-ehci requests probe deferral
+platform 7d008000.usb: Driver tegra-ehci requests probe deferral
+utmi_phy_clk_enable: timeout waiting for phy to stabilize
+tegra-ehci 7d004000.usb: EHCI Host Controller
+tegra-ehci 7d004000.usb: new USB bus registered, assigned bus number 1
+tegra-ehci 7d004000.usb: irq 343, io mem 0x7d004000
+tegra-ehci 7d004000.usb: USB 2.0 started, EHCI 1.00
+hub 1-0:1.0: USB hub found
+hub 1-0:1.0: 1 port detected
+tegra-ehci 7d008000.usb: EHCI Host Controller
+tegra-ehci 7d008000.usb: new USB bus registered, assigned bus number 2
+tegra-ehci 7d008000.usb: irq 344, io mem 0x7d008000
+tegra-ehci 7d008000.usb: USB 2.0 started, EHCI 1.00
+hub 2-0:1.0: USB hub found
+hub 2-0:1.0: 1 port detected
 tps65910-rtc tps65910-rtc: setting system clock to 2000-01-01 00:00:02 UTC (946684802)
 usb1_vbus: disabling
 vdd_sata,avdd_plle: disabling
@@ -362,7 +379,7 @@
 EXT4-fs (mmcblk0p1): mounted filesystem with ordered data mode. Opts: (null)
 VFS: Mounted root (ext3 filesystem) on device 179:1.
 devtmpfs: mounted
-Freeing unused kernel memory: 764K (c0c51000 - c0d10000)
+Freeing unused kernel memory: 772K (c0c51000 - c0d12000)
 bash: cannot set terminal process group (-1): Inappropriate ioctl for device
 bash: no job control in this shell
-root@(none):/# 
\ No newline at end of file
+root@(none):/# [    4.178648] usb 2-1: new high-speed USB device number 2 using tegra-ehci
Diff for ./tegra30-beaver/tegra30-beaver/tegra_defconfig_log.txt
--- /tmp/fooa	2015-01-18 17:58:07.238923577 -0800
+++ /tmp/foob	2015-01-18 17:58:07.242923575 -0800
@@ -37,20 +37,20 @@
 	 #################################################################
 	 #################################################################
 	 #
-	 2.9 MiB/s
+	 3.4 MiB/s
 done
-Bytes transferred = 4777304 (48e558 hex)
+Bytes transferred = 4779712 (48eec0 hex)
 Tegra30 (Beaver) # tftpboot 0x82000000 tegra30-beaver.dtb
 Using asx0 device
 TFTP from server 192.168.100.1; our IP address is 192.168.100.101
 Filename 'tegra30-beaver.dtb'.
 Load address: 0x82000000
 Loading: *##
-	 2.6 MiB/s
+	 2.9 MiB/s
 done
 Bytes transferred = 24641 (6041 hex)
 Tegra30 (Beaver) # bootz 0x81000000 - 0x82000000
-Kernel image @ 0x81000000 [ 0x000000 - 0x48e558 ]
+Kernel image @ 0x81000000 [ 0x000000 - 0x48eec0 ]
 ## Flattened Device Tree blob at 82000000
    Booting using the fdt blob at 0x82000000
    Loading Device Tree to 8fff6000, end 8ffff040 ... OK
@@ -61,7 +61,7 @@
 Booting Linux on physical CPU 0x0
 Initializing cgroup subsys cpu
 Initializing cgroup subsys cpuacct
-Linux version 3.19.0-rc4-118120-geaa27f3 (pwalmsley@kaivo) (gcc version 4.7.3 20130328 (prerelease) (crosstool-NG linaro-1.13.1-4.7-2013.04-20130415 - Linaro GCC 2013.04) ) #1 SMP PREEMPT Sun Jan 11 13:03:21 PST 2015
+Linux version 3.19.0-rc5-118432-gec6f34e (pwalmsley@kaivo) (gcc version 4.7.3 20130328 (prerelease) (crosstool-NG linaro-1.13.1-4.7-2013.04-20130415 - Linaro GCC 2013.04) ) #1 SMP PREEMPT Sun Jan 18 17:51:36 PST 2015
 CPU: ARMv7 Processor [412fc099] revision 9 (ARMv7), cr=10c5387d
 CPU: PIPT / VIPT nonaliasing data cache, VIPT aliasing instruction cache
 Machine model: NVIDIA Tegra30 Beaver evaluation board
@@ -69,7 +69,7 @@
 cma: Reserved 64 MiB at 0xfbc00000
 Memory policy: Data cache writealloc
 On node 0 totalpages: 524032
-free_area_init_node: node 0, pgdat c092e800, node_mem_map ee7f7000
+free_area_init_node: node 0, pgdat c092e840, node_mem_map ee7f7000
   Normal zone: 1520 pages used for memmap
   Normal zone: 0 pages reserved
   Normal zone: 194560 pages, LIFO batch:31
@@ -90,10 +90,10 @@
     lowmem  : 0xc0000000 - 0xef800000   ( 760 MB)
     pkmap   : 0xbfe00000 - 0xc0000000   (   2 MB)
     modules : 0xbf000000 - 0xbfe00000   (  14 MB)
-      .text : 0xc0008000 - 0xc088d098   (8725 kB)
+      .text : 0xc0008000 - 0xc088d0dc   (8725 kB)
       .init : 0xc088e000 - 0xc08da000   ( 304 kB)
-      .data : 0xc08da000 - 0xc0930300   ( 345 kB)
-       .bss : 0xc0930300 - 0xc0987c24   ( 351 kB)
+      .data : 0xc08da000 - 0xc0930360   ( 345 kB)
+       .bss : 0xc0930360 - 0xc0987ca4   ( 351 kB)
 Preemptible hierarchical RCU implementation.
 NR_IRQS:16 nr_irqs:16 16
 L2C: platform modifies aux control register: 0x02080000 -> 0x3e480001
@@ -116,7 +116,7 @@
 Initializing cgroup subsys debug
 CPU: Testing write buffer coherency: ok
 CPU0: thread -1, cpu 0, socket 0, mpidr 80000000
-Setting up static identity map for 0x806336b8 - 0x80633750
+Setting up static identity map for 0x80633b18 - 0x80633bb0
 Tegra Revision: A03 SKU: 128 CPU Process: 4 Core Process: 0
 CPU1: thread -1, cpu 1, socket 0, mpidr 80000001
 CPU2: thread -1, cpu 2, socket 0, mpidr 80000002
@@ -207,7 +207,7 @@
 tegra-apbdma 6000a000.dma: Tegra20 APB DMA driver register 32 channels
 Serial: 8250/16550 driver, 4 ports, IRQ sharing disabled
 console [ttyS0] disabled
-of_serial 70006000.serial: ttyS0 at MMIO 0x70006000 (irq = 331, base_baud = 25500000) is a Tegra
+70006000.serial: ttyS0 at MMIO 0x70006000 (irq = 331, base_baud = 25500000) is a Tegra
 console [ttyS0] enabled
 [drm] Initialized drm 1.1.0 20060810
 tegra-hdmi 54280000.hdmi: failed to get HDMI regulator
@@ -231,6 +231,8 @@
 ehci_hcd: USB 2.0 'Enhanced' Host Controller (EHCI) Driver
 ehci-pci: EHCI PCI platform driver
 tegra-ehci: Tegra EHCI driver
+platform 7d004000.usb: Driver tegra-ehci requests probe deferral
+platform 7d008000.usb: Driver tegra-ehci requests probe deferral
 usbcore: registered new interface driver cdc_acm
 cdc_acm: USB Abstract Control Model driver for USB modems and ISDN adapters
 usbcore: registered new interface driver cdc_wdm
@@ -344,13 +346,28 @@
 host1x drm: fb0:  frame buffer device
 host1x drm: registered panic notifier
 [drm] Initialized tegra 0.0.0 20120330 on minor 0
+platform 7d004000.usb: Driver tegra-ehci requests probe deferral
+platform 7d008000.usb: Driver tegra-ehci requests probe deferral
+utmi_phy_clk_enable: timeout waiting for phy to stabilize
+tegra-ehci 7d004000.usb: EHCI Host Controller
+tegra-ehci 7d004000.usb: new USB bus registered, assigned bus number 1
+tegra-ehci 7d004000.usb: irq 343, io mem 0x7d004000
+tegra-ehci 7d004000.usb: USB 2.0 started, EHCI 1.00
+hub 1-0:1.0: USB hub found
+hub 1-0:1.0: 1 port detected
+tegra-ehci 7d008000.usb: EHCI Host Controller
+tegra-ehci 7d008000.usb: new USB bus registered, assigned bus number 2
+tegra-ehci 7d008000.usb: irq 344, io mem 0x7d008000
+tegra-ehci 7d008000.usb: USB 2.0 started, EHCI 1.00
+hub 2-0:1.0: USB hub found
+hub 2-0:1.0: 1 port detected
 tps65910-rtc tps65910-rtc: setting system clock to 2000-01-01 00:00:02 UTC (946684802)
 usb1_vbus: disabling
 vdd_sata,avdd_plle: disabling
 ALSA device list:
   #0: NVIDIA Tegra Beaver
-kjournald starting.  Commit interval 5 seconds
 EXT3-fs (mmcblk0p1): warning: mounting fs with errors, running e2fsck is recommended
+kjournald starting.  Commit interval 5 seconds
 EXT3-fs (mmcblk0p1): using internal journal
 EXT3-fs (mmcblk0p1): recovery complete
 EXT3-fs (mmcblk0p1): mounted filesystem with writeback data mode
@@ -359,4 +376,4 @@
 Freeing unused kernel memory: 304K (c088e000 - c08da000)
 bash: cannot set terminal process group (-1): Inappropriate ioctl for device
 bash: no job control in this shell
-root@(none):/# 
\ No newline at end of file
+root@(none):/# [    4.416508] usb 2-1: new high-speed USB device number 2 using tegra-ehci
