
U-Boot SPL 2014.01-00219-gc4d376f (Feb 18 2014 - 19:57:18)


U-Boot 2014.01-00219-gc4d376f (Feb 18 2014 - 19:57:18)

TEGRA30
Board: NVIDIA Beaver
I2C:   ready
DRAM:  2 GiB
MMC:   Tegra SD/MMC: 0, Tegra SD/MMC: 1
In:    serial
Out:   serial
Err:   serial
Net:   Net Initialization Skipped
No ethernet found.
Hit any key to stop autoboot:  2  0 
Tegra30 (Beaver) # 
Tegra30 (Beaver) # usb reset
(Re)start USB...
USB0:   USB EHCI 1.00
scanning bus 0 for devices... 2 USB Device(s) found
       scanning usb for storage devices... 0 Storage Device(s) found
       scanning usb for ethernet devices... 
Warning: asx0 using MAC address from net device
1 Ethernet Device(s) found
Tegra30 (Beaver) # setenv bootargs 'ignore_loglevel console=ttyS0,115200n8 rw root=/dev/mmcblk0p1 rootwait gpt debug noinitrd earlyprintk init=/bin/bash'
Tegra30 (Beaver) # setenv ipaddr 192.168.100.101; setenv serverip 192.168.100.1; setenv tftpserverip 192.168.100.1
Tegra30 (Beaver) # tftpboot 0x81000000 zImage.multi_v7_defconfig
Using asx0 device
TFTP from server 192.168.100.1; our IP address is 192.168.100.101
Filename 'zImage.multi_v7_defconfig'.
Load address: 0x81000000
Loading: *#################################################################
	 #################################################################
	 #################################################################
	 #################################################################
	 #################################################################
	 #################################################################
	 #################################################################
	 #######
	 3.4 MiB/s
done
Bytes transferred = 6781592 (677a98 hex)
Tegra30 (Beaver) # tftpboot 0x82000000 tegra30-beaver.dtb
Using asx0 device
TFTP from server 192.168.100.1; our IP address is 192.168.100.101
Filename 'tegra30-beaver.dtb'.
Load address: 0x82000000
Loading: *####
	 3.1 MiB/s
done
Bytes transferred = 51467 (c90b hex)
Tegra30 (Beaver) # bootz 0x81000000 - 0x82000000
Kernel image @ 0x81000000 [ 0x000000 - 0x677a98 ]
## Flattened Device Tree blob at 82000000
   Booting using the fdt blob at 0x82000000
   Loading Device Tree to 8fff0000, end 8ffff90a ... OK

Starting kernel ...

[    0.000000] Booting Linux on physical CPU 0x0
[    0.000000] Linux version 4.5.0-rc5-68202-g81f70ba (pwalmsley@sellafield) (gcc version 4.7.3 20130328 (prerelease) (crosstool-NG linaro-1.13.1-4.7-2013.04-20130415 - Linaro GCC 2013.04) ) #1 SMP Sat Feb 20 14:04:54 PST 2016
[    0.000000] CPU: ARMv7 Processor [412fc099] revision 9 (ARMv7), cr=10c5387d
[    0.000000] CPU: PIPT / VIPT nonaliasing data cache, VIPT aliasing instruction cache
[    0.000000] Machine model: NVIDIA Tegra30 Beaver evaluation board
[    0.000000] debug: ignoring loglevel setting.
[    0.000000] cma: Reserved 64 MiB at 0xfb800000
[    0.000000] Memory policy: Data cache writealloc
[    0.000000] On node 0 totalpages: 524032
[    0.000000] free_area_init_node: node 0, pgdat c10706c0, node_mem_map eeff8000
[    0.000000]   DMA zone: 1536 pages used for memmap
[    0.000000]   DMA zone: 0 pages reserved
[    0.000000]   DMA zone: 196608 pages, LIFO batch:31
[    0.000000]   HighMem zone: 327424 pages, LIFO batch:31
[    0.000000] PERCPU: Embedded 12 pages/cpu @eef93000 s18880 r8192 d22080 u49152
[    0.000000] pcpu-alloc: s18880 r8192 d22080 u49152 alloc=12*4096
[    0.000000] pcpu-alloc: [0] 0 [0] 1 [0] 2 [0] 3 
[    0.000000] Built 1 zonelists in Zone order, mobility grouping on.  Total pages: 522496
[    0.000000] Kernel command line: ignore_loglevel console=ttyS0,115200n8 rw root=/dev/mmcblk0p1 rootwait gpt debug noinitrd earlyprintk init=/bin/bash
[    0.000000] PID hash table entries: 4096 (order: 2, 16384 bytes)
[    0.000000] Dentry cache hash table entries: 131072 (order: 7, 524288 bytes)
[    0.000000] Inode-cache hash table entries: 65536 (order: 6, 262144 bytes)
[    0.000000] Memory: 1997812K/2096128K available (8499K kernel code, 1113K rwdata, 4044K rodata, 1100K init, 345K bss, 32780K reserved, 65536K cma-reserved, 1244160K highmem)
[    0.000000] Virtual kernel memory layout:
[    0.000000]     vector  : 0xffff0000 - 0xffff1000   (   4 kB)
[    0.000000]     fixmap  : 0xffc00000 - 0xfff00000   (3072 kB)
[    0.000000]     vmalloc : 0xf0800000 - 0xff800000   ( 240 MB)
[    0.000000]     lowmem  : 0xc0000000 - 0xf0000000   ( 768 MB)
[    0.000000]     pkmap   : 0xbfe00000 - 0xc0000000   (   2 MB)
[    0.000000]     modules : 0xbf000000 - 0xbfe00000   (  14 MB)
[    0.000000]       .text : 0xc0208000 - 0xc0e48d34   (12548 kB)
[    0.000000]       .init : 0xc0e49000 - 0xc0f5c000   (1100 kB)
[    0.000000]       .data : 0xc0f5c000 - 0xc10726a0   (1114 kB)
[    0.000000]        .bss : 0xc1075000 - 0xc10cb620   ( 346 kB)
[    0.000000] SLUB: HWalign=64, Order=0-3, MinObjects=0, CPUs=4, Nodes=1
[    0.000000] Hierarchical RCU implementation.
[    0.000000] 	Build-time adjustment of leaf fanout to 32.
[    0.000000] 	RCU restricting CPUs from NR_CPUS=16 to nr_cpu_ids=4.
[    0.000000] RCU: Adjusting geometry for rcu_fanout_leaf=32, nr_cpu_ids=4
[    0.000000] NR_IRQS:16 nr_irqs:16 16
[    0.000000] /interrupt-controller@60004000: 160 interrupts forwarded to /interrupt-controller@50041000
[    0.000000] L2C: platform modifies aux control register: 0x02080000 -> 0x3e480001
[    0.000000] L2C: DT/platform modifies aux control register: 0x02080000 -> 0x3e480001
[    0.000000] L2C-310 erratum 769419 enabled
[    0.000000] L2C-310 enabling early BRESP for Cortex-A9
[    0.000000] L2C-310: enabling full line of zeros but not enabled in Cortex-A9
[    0.000000] L2C-310 dynamic clock gating enabled, standby mode enabled
[    0.000000] L2C-310 cache controller enabled, 8 ways, 1024 kB
[    0.000000] L2C-310: CACHE_ID 0x410000c7, AUX_CTRL 0x4e480001
[    0.000014] sched_clock: 32 bits at 1000kHz, resolution 1000ns, wraps every 2147483647500ns
[    0.000033] clocksource: timer_us: mask: 0xffffffff max_cycles: 0xffffffff, max_idle_ns: 1911260446275 ns
[    0.000042] Switching to timer-based delay loop, resolution 1000ns
[    0.002674] Console: colour dummy device 80x30
[    0.002699] Calibrating delay loop (skipped), value calculated using timer frequency.. 2.00 BogoMIPS (lpj=5000)
[    0.002708] pid_max: default: 32768 minimum: 301
[    0.002795] Mount-cache hash table entries: 2048 (order: 1, 8192 bytes)
[    0.002802] Mountpoint-cache hash table entries: 2048 (order: 1, 8192 bytes)
[    0.003227] CPU: Testing write buffer coherency: ok
[    0.003519] CPU0: thread -1, cpu 0, socket 0, mpidr 80000000
[    0.003592] Setting up static identity map for 0x80209000 - 0x80209098
[    0.005874] Tegra Revision: A03 SKU: 128 CPU Process: 4 SoC Process: 0
[    0.007091] CPU1: thread -1, cpu 1, socket 0, mpidr 80000001
[    0.007731] CPU2: thread -1, cpu 2, socket 0, mpidr 80000002
[    0.008368] CPU3: thread -1, cpu 3, socket 0, mpidr 80000003
[    0.008406] Brought up 4 CPUs
[    0.008418] SMP: Total of 4 processors activated (8.00 BogoMIPS).
[    0.008423] CPU: All CPU(s) started in SVC mode.
[    0.009010] devtmpfs: initialized
[    0.017252] VFP support v0.3: implementor 41 architecture 3 part 30 variant 9 rev 4
[    0.017941] clocksource: jiffies: mask: 0xffffffff max_cycles: 0xffffffff, max_idle_ns: 9556302231375000 ns
[    0.021357] pinctrl core: initialized pinctrl subsystem
[    0.022948] NET: Registered protocol family 16
[    0.025607] DMA: preallocated 256 KiB pool for atomic coherent allocations
[    0.039929] cpuidle: using governor menu
[    0.048226] No ATAGs?
[    0.048259] hw-breakpoint: found 5 (+1 reserved) breakpoint and 1 watchpoint registers.
[    0.048266] hw-breakpoint: maximum watchpoint size is 4 bytes.
[    0.051381] Serial: AMBA PL011 UART driver
[    0.052528] tegra-mc 7000f000.memory-controller: no memory timings for RAM code 3 registered
[    0.072978] vdd_5v_sata: Failed to request enable GPIO30: -517
[    0.073047] reg-fixed-voltage regulators:regulator@3: Failed to register regulator: -517
[    0.073158] usb1_vbus: Failed to request enable GPIO238: -517
[    0.073210] reg-fixed-voltage regulators:regulator@4: Failed to register regulator: -517
[    0.073317] usb3_vbus: Failed to request enable GPIO236: -517
[    0.073367] reg-fixed-voltage regulators:regulator@5: Failed to register regulator: -517
[    0.073521] sys_3v3_pexs: Failed to request enable GPIO95: -517
[    0.073572] reg-fixed-voltage regulators:regulator@7: Failed to register regulator: -517
[    0.075701] vgaarb: loaded
[    0.076323] SCSI subsystem initialized
[    0.076447] libata version 3.00 loaded.
[    0.076639] usbcore: registered new interface driver usbfs
[    0.076677] usbcore: registered new interface driver hub
[    0.076714] usbcore: registered new device driver usb
[    0.131726] pps_core: LinuxPPS API ver. 1 registered
[    0.131733] pps_core: Software ver. 5.3.6 - Copyright 2005-2007 Rodolfo Giometti <giometti@linux.it>
[    0.131750] PTP clock support registered
[    0.131901] EDAC MC: Ver: 3.0.0
[    0.133463] clocksource: Switched to clocksource timer_us
[    0.139424] NET: Registered protocol family 2
[    0.139819] TCP established hash table entries: 8192 (order: 3, 32768 bytes)
[    0.139871] TCP bind hash table entries: 8192 (order: 4, 65536 bytes)
[    0.139953] TCP: Hash tables configured (established 8192 bind 8192)
[    0.140042] UDP hash table entries: 512 (order: 2, 16384 bytes)
[    0.140102] UDP-Lite hash table entries: 512 (order: 2, 16384 bytes)
[    0.140283] NET: Registered protocol family 1
[    0.140557] RPC: Registered named UNIX socket transport module.
[    0.140564] RPC: Registered udp transport module.
[    0.140568] RPC: Registered tcp transport module.
[    0.140572] RPC: Registered tcp NFSv4.1 backchannel transport module.
[    0.140590] PCI: CLS 0 bytes, default 64
[    0.141347] hw perfevents: enabled with armv7_cortex_a9 PMU driver, 7 counters available
[    0.142292] futex hash table entries: 1024 (order: 4, 65536 bytes)
[    0.148508] squashfs: version 4.0 (2009/01/31) Phillip Lougher
[    0.149017] NFS: Registering the id_resolver key type
[    0.149051] Key type id_resolver registered
[    0.149056] Key type id_legacy registered
[    0.149104] ntfs: driver 2.1.32 [Flags: R/O].
[    0.149934] bounce: pool size: 64 pages
[    0.150059] Block layer SCSI generic (bsg) driver version 0.4 loaded (major 249)
[    0.150072] io scheduler noop registered
[    0.150080] io scheduler deadline registered
[    0.150100] io scheduler cfq registered (default)
[    0.155418] tegra30-pinctrl 70000868.pinmux: invalid group "sdmmc3_dat6_pd3" for function "rsvd1"
[    0.155432] tegra30-pinctrl 70000868.pinmux: invalid group "sdmmc3_dat7_pd4" for function "rsvd1"
[    0.155447] tegra30-pinctrl 70000868.pinmux: invalid group "vi_vsync_pd6" for function "rsvd1"
[    0.155456] tegra30-pinctrl 70000868.pinmux: invalid group "vi_hsync_pd7" for function "rsvd1"
[    0.155921] tegra30-pinctrl 70000868.pinmux: invalid group "hdmi_int_pn7" for function "rsvd1"
[    0.155965] tegra30-pinctrl 70000868.pinmux: invalid group "ulpi_data3_po4" for function "rsvd1"
[    0.156290] tegra30-pinctrl 70000868.pinmux: invalid group "vi_d10_pt2" for function "rsvd1"
[    0.156302] tegra30-pinctrl 70000868.pinmux: invalid group "vi_d11_pt3" for function "rsvd1"
[    0.156314] tegra30-pinctrl 70000868.pinmux: invalid group "vi_d0_pt4" for function "rsvd1"
[    0.156354] tegra30-pinctrl 70000868.pinmux: invalid group "pu0" for function "rsvd1"
[    0.156384] tegra30-pinctrl 70000868.pinmux: invalid group "pu3" for function "rsvd1"
[    0.156413] tegra30-pinctrl 70000868.pinmux: invalid group "pu6" for function "rsvd1"
[    0.156453] tegra30-pinctrl 70000868.pinmux: invalid group "pv3" for function "rsvd1"
[    0.156945] tegra30-pinctrl 70000868.pinmux: invalid group "pbb0" for function "rsvd1"
[    0.157057] tegra30-pinctrl 70000868.pinmux: invalid group "pcc1" for function "rsvd1"
[    0.162126] tegra-pcie 3000.pcie-controller: 2x3 configuration
[    0.162242] vdd_1v5_gen: supplied by vdd_5v_in
[    0.162287] vdd_pexa,vdd_pexb: supplied by vdd_1v5_gen
[    0.162386] tegra-pcie 3000.pcie-controller: Failed to get supply 'hvdd-pex': -517
[    0.166338] tegra-apbdma 6000a000.dma: Tegra20 APB DMA driver register 32 channels
[    0.167314] tegra-pmc 7000e400.pmc: i2c-thermtrip node not found, emergency thermal reset disabled.
[    0.199744] Serial: 8250/16550 driver, 4 ports, IRQ sharing disabled
[    0.201866] console [ttyS0] disabled
[    0.201905] 70006000.serial: ttyS0 at MMIO 0x70006000 (irq = 331, base_baud = 25500000) is a Tegra
[    1.116431] console [ttyS0] enabled
[    1.120418] SuperH (H)SCI(F) driver initialized
[    1.125533] msm_serial: driver initialized
[    1.129752] STMicroelectronics ASC driver initialized
[    1.136414] [drm] Initialized drm 1.1.0 20060810
[    1.142289] tegra-hdmi 54280000.hdmi: failed to get HDMI regulator
[    1.156191] brd: module loaded
[    1.163117] loop: module loaded
[    1.171137] m25p80 spi32766.1: w25q32 (4096 Kbytes)
[    1.177966] libphy: Fixed MDIO Bus: probed
[    1.182521] CAN device driver interface
[    1.187497] igb: Intel(R) Gigabit Ethernet Network Driver - version 5.3.0-k
[    1.194453] igb: Copyright (c) 2007-2014 Intel Corporation.
[    1.201734] pegasus: v0.9.3 (2013/04/25), Pegasus/Pegasus II USB Ethernet driver
[    1.209181] usbcore: registered new interface driver pegasus
[    1.214868] usbcore: registered new interface driver asix
[    1.220286] usbcore: registered new interface driver ax88179_178a
[    1.226396] usbcore: registered new interface driver cdc_ether
[    1.232264] usbcore: registered new interface driver smsc75xx
[    1.238038] usbcore: registered new interface driver smsc95xx
[    1.243804] usbcore: registered new interface driver net1080
[    1.249481] usbcore: registered new interface driver cdc_subset
[    1.255418] usbcore: registered new interface driver zaurus
[    1.261040] usbcore: registered new interface driver cdc_ncm
[    1.268028] ehci_hcd: USB 2.0 'Enhanced' Host Controller (EHCI) Driver
[    1.274558] ehci-pci: EHCI PCI platform driver
[    1.279038] ehci-platform: EHCI generic platform driver
[    1.284384] ehci-omap: OMAP-EHCI Host Controller driver
[    1.289681] ehci-orion: EHCI orion driver
[    1.293763] SPEAr-ehci: EHCI SPEAr driver
[    1.297836] ehci-st: EHCI STMicroelectronics driver
[    1.302787] ehci-exynos: EHCI EXYNOS driver
[    1.307058] ehci-atmel: EHCI Atmel driver
[    1.311143] tegra-ehci: Tegra EHCI driver
[    1.315473] ohci_hcd: USB 1.1 'Open' Host Controller (OHCI) Driver
[    1.321660] ohci-pci: OHCI PCI platform driver
[    1.326134] ohci-platform: OHCI generic platform driver
[    1.331457] ohci-omap3: OHCI OMAP3 driver
[    1.335541] SPEAr-ohci: OHCI SPEAr driver
[    1.339633] ohci-st: OHCI STMicroelectronics driver
[    1.344583] ohci-atmel: OHCI Atmel driver
[    1.348914] usbcore: registered new interface driver usb-storage
[    1.355870] mousedev: PS/2 mouse device common for all mice
[    1.363506] tegra_rtc 7000e000.rtc: rtc core: registered 7000e000.rtc as rtc1
[    1.370671] tegra_rtc 7000e000.rtc: Tegra internal Real Time Clock
[    1.389397] tps65910-rtc tps65910-rtc: rtc core: registered tps65910-rtc as rtc0
[    1.396987] i2c /dev entries driver
[    1.406967] sdhci: Secure Digital Host Controller Interface driver
[    1.413150] sdhci: Copyright(c) Pierre Ossman
[    1.418417] Synopsys Designware Multimedia Card Interface Driver
[    1.425066] sdhci-pltfm: SDHCI platform and OF driver helper
[    1.431257] sdhci-tegra 78000000.sdhci: Got CD GPIO
[    1.436150] sdhci-tegra 78000000.sdhci: Got WP GPIO
[    1.442178] mmc0: Invalid maximum block size, assuming 512 bytes
[    1.483549] mmc0: SDHCI controller on 78000000.sdhci [78000000.sdhci] using ADMA
[    1.494175] mmc1: Invalid maximum block size, assuming 512 bytes
[    1.533469] mmc1: SDHCI controller on 78000600.sdhci [78000600.sdhci] using ADMA
[    1.541987] ledtrig-cpu: registered to indicate activity on CPUs
[    1.548131] usbcore: registered new interface driver usbhid
[    1.553699] usbhid: USB HID core driver
[    1.560498] NET: Registered protocol family 10
[    1.565489] sit: IPv6 over IPv4 tunneling driver
[    1.570536] NET: Registered protocol family 17
[    1.574991] can: controller area network core (rev 20120528 abi 9)
[    1.581203] NET: Registered protocol family 29
[    1.585648] can: raw protocol (rev 20120528)
[    1.589915] can: broadcast manager protocol (rev 20120528 t)
[    1.595573] can: netlink gateway (rev 20130117) max_hops=1
[    1.601349] Key type dns_resolver registered
[    1.606028] ThumbEE CPU extension supported.
[    1.610313] Registering SWP/SWPB emulation handler
[    1.635428] tegra-pcie 3000.pcie-controller: 2x3 configuration
[    1.641444] sys_3v3,vdd_3v3_alw: supplied by vdd_5v_in
[    1.648623] sys_3v3_pexs: supplied by sys_3v3,vdd_3v3_alw
[    1.662049] tegra-pcie 3000.pcie-controller: probing port 0, using 2 lanes
[    1.726650] mmc1: new high speed MMC card at address 0001
[    1.727239] tegra-pcie 3000.pcie-controller: probing port 2, using 2 lanes
[    1.740826] mmcblk0: mmc1:0001 SEM16G 14.8 GiB 
[    1.747037] mmcblk0boot0: mmc1:0001 SEM16G partition 1 1.00 MiB
[    1.754630] mmcblk0boot1: mmc1:0001 SEM16G partition 2 1.00 MiB
[    1.762642] mmcblk0rpmb: mmc1:0001 SEM16G partition 3 128 KiB
[    1.775393] Primary GPT is invalid, using alternate GPT.
[    1.780715]  mmcblk0: p1 p2 p3 p4 p5
[    2.131130] tegra-pcie 3000.pcie-controller: link 2 down, retrying
[    2.541120] tegra-pcie 3000.pcie-controller: link 2 down, retrying
[    2.951104] tegra-pcie 3000.pcie-controller: link 2 down, retrying
[    2.959295] tegra-pcie 3000.pcie-controller: link 2 down, ignoring
[    2.965608] tegra-pcie 3000.pcie-controller: PCI host bridge to bus 0000:00
[    2.972569] pci_bus 0000:00: root bus resource [mem 0x20000000-0x27ffffff]
[    2.979436] pci_bus 0000:00: root bus resource [mem 0x28000000-0x3fffffff pref]
[    2.986733] pci_bus 0000:00: root bus resource [bus 00-ff]
[    2.992210] pci_bus 0000:00: root bus resource [io  0x1000-0xffff]
[    2.998404] pci 0000:00:01.0: [10de:0e1c] type 01 class 0x060400
[    3.004467] pci 0000:00:01.0: PME# supported from D0 D1 D2 D3hot D3cold
[    3.011228] PCI: bus0: Fast back to back transfers disabled
[    3.016797] pci 0000:00:01.0: bridge configuration invalid ([bus 00-00]), reconfiguring
[    3.024907] pci 0000:01:00.0: [10ec:8168] type 00 class 0x020000
[    3.030922] pci 0000:01:00.0: reg 0x10: [io  0x0000-0x00ff]
[    3.036501] pci 0000:01:00.0: reg 0x18: [mem 0x00000000-0x00000fff 64bit pref]
[    3.043722] pci 0000:01:00.0: reg 0x20: [mem 0x00000000-0x00003fff 64bit pref]
[    3.051000] pci 0000:01:00.0: supports D1 D2
[    3.055266] pci 0000:01:00.0: PME# supported from D0 D1 D2 D3hot D3cold
[    3.068487] PCI: bus1: Fast back to back transfers disabled
[    3.074057] pci_bus 0000:01: busn_res: [bus 01-ff] end is updated to 01
[    3.080722] pci 0000:00:01.0: BAR 9: assigned [mem 0x28000000-0x280fffff 64bit pref]
[    3.088459] pci 0000:00:01.0: BAR 7: assigned [io  0x1000-0x1fff]
[    3.094548] pci 0000:01:00.0: BAR 4: assigned [mem 0x28000000-0x28003fff 64bit pref]
[    3.102288] pci 0000:01:00.0: BAR 2: assigned [mem 0x28004000-0x28004fff 64bit pref]
[    3.110028] pci 0000:01:00.0: BAR 0: assigned [io  0x1000-0x10ff]
[    3.116114] pci 0000:00:01.0: PCI bridge to [bus 01]
[    3.121072] pci 0000:00:01.0:   bridge window [io  0x1000-0x1fff]
[    3.127157] pci 0000:00:01.0:   bridge window [mem 0x28000000-0x280fffff 64bit pref]
[    3.134900] pci 0000:00:01.0: nv_msi_ht_cap_quirk didn't locate host bridge
[    3.141959] pcieport 0000:00:01.0: enabling device (0140 -> 0143)
[    3.148187] pcieport 0000:00:01.0: Signaling PME through PCIe PME interrupt
[    3.155144] pci 0000:01:00.0: Signaling PME through PCIe PME interrupt
[    3.161662] pcie_pme 0000:00:01.0:pcie01: service driver pcie_pme loaded
[    3.168536] r8169 Gigabit Ethernet driver 2.3LK-NAPI loaded
[    3.174120] r8169 0000:01:00.0: enabling device (0140 -> 0143)
[    3.181221] r8169 0000:01:00.0 eth0: RTL8168evl/8111evl at 0xf09f2000, 02:04:4b:01:60:a6, XID 0c900800 IRQ 375
[    3.191221] r8169 0000:01:00.0 eth0: jumbo features [frames: 9200 bytes, tx checksumming: ko]
[    3.200651] +VDD_5V_HDMI: supplied by sys_3v3,vdd_3v3_alw
[    3.206143] vdd_1v8_gen: supplied by vdd_5v_in
[    3.213155] [drm] Supports vblank timestamp caching Rev 2 (21.10.2013).
[    3.219770] [drm] No driver support for vblank timestamp query.
[    3.225707] drm drm: No connectors reported connected with modes
[    3.231713] [drm] Cannot find any crtc or sizes - going 1024x768
[    3.257256] Console: switching to colour frame buffer device 128x48
[    3.270135] drm drm: fb0:  frame buffer device
[    3.288856] [drm] Initialized tegra 0.0.0 20120330 on minor 0
[    3.297523] usb3_vbus: supplied by vdd_5v_in
[    3.303967] utmi_phy_clk_enable: timeout waiting for phy to stabilize
[    3.310426] tegra-ehci 7d004000.usb: EHCI Host Controller
[    3.315833] tegra-ehci 7d004000.usb: new USB bus registered, assigned bus number 1
[    3.324115] tegra-ehci 7d004000.usb: irq 343, io mem 0x7d004000
[    3.338866] tegra-ehci 7d004000.usb: USB 2.0 started, EHCI 1.00
[    3.345320] hub 1-0:1.0: USB hub found
[    3.349102] hub 1-0:1.0: 1 port detected
[    3.354028] tegra-ehci 7d008000.usb: EHCI Host Controller
[    3.359445] tegra-ehci 7d008000.usb: new USB bus registered, assigned bus number 2
[    3.367181] tegra-ehci 7d008000.usb: irq 344, io mem 0x7d008000
[    3.378856] tegra-ehci 7d008000.usb: USB 2.0 started, EHCI 1.00
[    3.385235] hub 2-0:1.0: USB hub found
[    3.389012] hub 2-0:1.0: 1 port detected
[    3.397797] tps65910-rtc tps65910-rtc: setting system clock to 2000-01-01 00:00:02 UTC (946684802)
[    3.411690] vdd_sata,avdd_plle: disabling
[    3.416494] usb1_vbus: disabling
[    3.421731] EXT4-fs (mmcblk0p1): mounting ext3 file system using the ext4 subsystem
[    3.436516] EXT4-fs (mmcblk0p1): warning: mounting fs with errors, running e2fsck is recommended
[    3.446843] EXT4-fs (mmcblk0p1): recovery complete
[    3.451651] EXT4-fs (mmcblk0p1): mounted filesystem with ordered data mode. Opts: (null)
[    3.459762] VFS: Mounted root (ext3 filesystem) on device 179:1.
[    3.475771] devtmpfs: mounted
[    3.479815] Freeing unused kernel memory: 1100K (c0e49000 - c0f5c000)
bash: cannot set terminal process group (-1): Inappropriate ioctl for device
bash: no job control in this shell
root@(none):/# [    3.698870] usb 2-1: new high-speed USB device number 2 using tegra-ehci
mount -t sysfs none /sys
root@(none):/# 
root@(none):/# [    4.655848] asix 2-1:1.0 eth1: register 'asix' at usb-7d008000.usb-1, ASIX AX88772 USB 2.0 Ethernet, 00:50:b6:0f:67:60
mount -t debugfs none /sys/kernel/debug
root@(none):/# 
root@(none):/# rtcwake -d rtc1 -m mem -s 3
rtcwake: wakeup from "mem" using /dev/rtc1 at Thu Jan  1 00:00:21 1970
[    6.504789] PM: Syncing filesystems ... done.
[    6.516344] Freezing user space processes ... (elapsed 0.001 seconds) done.
[    6.524472] Freezing remaining freezable tasks ... (elapsed 0.001 seconds) done.
[    6.533085] Suspending console(s) (use no_console_suspend to debug)
[    6.575769] PM: suspend of devices complete after 35.405 msecs
[    6.576442] PM: late suspend of devices complete after 0.666 msecs
[    6.588922] PM: noirq suspend of devices complete after 12.474 msecs
[    6.588926] Disabling non-boot CPUs ...
[    6.589260] IRQ17 no longer affine to CPU1
[    6.589559] CPU1: shutdown
[    6.604825] CPU2: shutdown
[    6.619466] CPU3: shutdown
[    6.633949] Entering suspend state LP1
[    6.633960] Enabling non-boot CPUs ...
[    6.659474] CPU1 is up
[    6.684572] CPU2 is up
[    6.709704] CPU3 is up
[    6.710317] pcieport 0000:00:01.0: nv_msi_ht_cap_quirk didn't locate host bridge
[    6.723528] PM: noirq resume of devices complete after 13.817 msecs
[    6.724920] PM: early resume of devices complete after 1.034 msecs
[    6.790367] PM: resume of devices complete after 65.438 msecs
[    6.865533] Restarting tasks ... done.
root@(none):/# 
root@(none):/# rtcwake -d rtc1 -m mem -s 3
rtcwake: wakeup from "mem" using /dev/rtc1 at Thu Jan  1 00:00:25 1970
[    7.310727] PM: Syncing filesystems ... done.
[    7.322739] Freezing user space processes ... (elapsed 0.001 seconds) done.
[    7.330851] Freezing remaining freezable tasks ... (elapsed 0.001 seconds) done.
[    7.339458] Suspending console(s) (use no_console_suspend to debug)
[    7.377710] PM: suspend of devices complete after 31.072 msecs
[    7.379184] PM: late suspend of devices complete after 1.466 msecs
[    7.393898] PM: noirq suspend of devices complete after 14.708 msecs
[    7.393902] Disabling non-boot CPUs ...
[    7.394209] IRQ17 no longer affine to CPU1
[    7.394520] CPU1: shutdown
[    7.409803] CPU2: shutdown
[    7.424420] CPU3: shutdown
[    7.438920] Entering suspend state LP1
[    7.438936] Enabling non-boot CPUs ...
[    7.464613] CPU1 is up
[    7.489718] CPU2 is up
[    7.514834] CPU3 is up
[    7.515595] pcieport 0000:00:01.0: nv_msi_ht_cap_quirk didn't locate host bridge
[    7.528507] PM: noirq resume of devices complete after 13.667 msecs
[    7.531176] PM: early resume of devices complete after 2.236 msecs
[    7.596766] PM: resume of devices complete after 65.576 msecs
[    7.672199] Restarting tasks ... done.
root@(none):/# 
root@(none):/# rtcwake -d rtc1 -m mem -s 3
rtcwake: wakeup from "mem" using /dev/rtc1 at Thu Jan  1 00:00:29 1970
[    8.118603] PM: Syncing filesystems ... done.
[    8.133327] Freezing user space processes ... (elapsed 0.001 seconds) done.
[    8.141474] Freezing remaining freezable tasks ... (elapsed 0.001 seconds) done.
[    8.150142] Suspending console(s) (use no_console_suspend to debug)
[    8.193900] PM: suspend of devices complete after 36.306 msecs
[    8.196718] PM: late suspend of devices complete after 2.808 msecs
[    8.208973] PM: noirq suspend of devices complete after 12.246 msecs
[    8.208975] Disabling non-boot CPUs ...
[    8.209725] CPU1: shutdown
[    8.234760] IRQ17 no longer affine to CPU2
[    8.235031] CPU2: shutdown
[    8.249529] CPU3: shutdown
[    8.263969] Entering suspend state LP1
[    8.263983] Enabling non-boot CPUs ...
[    8.289591] CPU1 is up
[    8.314711] CPU2 is up
[    8.339837] CPU3 is up
[    8.340591] pcieport 0000:00:01.0: nv_msi_ht_cap_quirk didn't locate host bridge
[    8.353496] PM: noirq resume of devices complete after 13.650 msecs
[    8.355162] PM: early resume of devices complete after 1.231 msecs
[    8.425862] PM: resume of devices complete after 70.690 msecs
[    8.501275] Restarting tasks ... done.
root@(none):/# 
root@(none):/# rtcwake -d rtc1 -m mem -s 3
rtcwake: wakeup from "mem" using /dev/rtc1 at Thu Jan  1 00:00:33 1970
[    8.944432] PM: Syncing filesystems ... done.
[    8.958668] Freezing user space processes ... (elapsed 0.001 seconds) done.
[    8.966793] Freezing remaining freezable tasks ... (elapsed 0.001 seconds) done.
[    8.975462] Suspending console(s) (use no_console_suspend to debug)
[    9.018326] PM: suspend of devices complete after 35.429 msecs
[    9.020178] PM: late suspend of devices complete after 1.841 msecs
[    9.033941] PM: noirq suspend of devices complete after 13.753 msecs
[    9.033946] Disabling non-boot CPUs ...
[    9.034315] IRQ17 no longer affine to CPU1
[    9.034693] CPU1: shutdown
[    9.049999] CPU2: shutdown
[    9.064461] CPU3: shutdown
[    9.078911] Entering suspend state LP1
[    9.078925] Enabling non-boot CPUs ...
[    9.104572] CPU1 is up
[    9.129672] CPU2 is up
[    9.154783] CPU3 is up
[    9.155490] pcieport 0000:00:01.0: nv_msi_ht_cap_quirk didn't locate host bridge
[    9.168466] PM: noirq resume of devices complete after 13.673 msecs
[    9.171103] PM: early resume of devices complete after 2.205 msecs
[    9.241741] PM: resume of devices complete after 70.626 msecs
[    9.317138] Restarting tasks ... done.
root@(none):/# 
root@(none):/# rtcwake -d rtc1 -m mem -s 3
rtcwake: wakeup from "mem" using /dev/rtc1 at Thu Jan  1 00:00:37 1970
[    9.759575] PM: Syncing filesystems ... done.
[    9.773902] Freezing user space processes ... (elapsed 0.001 seconds) done.
[    9.782024] Freezing remaining freezable tasks ... (elapsed 0.001 seconds) done.
[    9.790699] Suspending console(s) (use no_console_suspend to debug)
[    9.833766] PM: suspend of devices complete after 35.616 msecs
[    9.835073] PM: late suspend of devices complete after 1.298 msecs
[    9.848914] PM: noirq suspend of devices complete after 13.832 msecs
[    9.848917] Disabling non-boot CPUs ...
[    9.849282] IRQ17 no longer affine to CPU1
[    9.849670] CPU1: shutdown
[    9.874968] CPU2: shutdown
[    9.899442] CPU3: shutdown
[    9.913884] Entering suspend state LP1
[    9.913897] Enabling non-boot CPUs ...
[    9.939538] CPU1 is up
[    9.964620] CPU2 is up
[    9.989763] CPU3 is up
[    9.990465] pcieport 0000:00:01.0: nv_msi_ht_cap_quirk didn't locate host bridge
[   10.003444] PM: noirq resume of devices complete after 13.673 msecs
[   10.005071] PM: early resume of devices complete after 1.195 msecs
[   10.075738] PM: resume of devices complete after 70.657 msecs
[   10.151134] Restarting tasks ... done.
root@(none):/# 
root@(none):/# NVTB SYSTEM SUSPEND TEST COMPLETE
