
U-Boot SPL 2014.01-00219-gc4d376f (Feb 18 2014 - 19:57:18)


U-Boot 2014.01-00219-gc4d376f (Feb 18 2014 - 19:57:18)

TEGRA30
Board: NVIDIA Beaver
I2C:   ready
DRAM:  2 GiB
MMC:   Tegra SD/MMC: 0, Tegra SD/MMC: 1
In:    serial
Out:   serial
Err:   serial
Net:   Net Initialization Skipped
No ethernet found.
Hit any key to stop autoboot:  2  0 
Tegra30 (Beaver) # 
Tegra30 (Beaver) # usb reset
(Re)start USB...
USB0:   USB EHCI 1.00
scanning bus 0 for devices... 2 USB Device(s) found
       scanning usb for storage devices... 0 Storage Device(s) found
       scanning usb for ethernet devices... 
Warning: asx0 using MAC address from net device
1 Ethernet Device(s) found
Tegra30 (Beaver) # setenv bootargs 'ignore_loglevel console=ttyS0,115200n8 rw root=PARTUUID=edbe1840-3633-c751-7993-b0ac834f81e0 rootwait gpt debug noinitrd earlyprintk init=/bin/bash'
Tegra30 (Beaver) # setenv ipaddr 192.168.100.101; setenv serverip 192.168.100.1; setenv tftpserverip 192.168.100.1
Tegra30 (Beaver) # tftpboot 0x81000000 zImage.multi_v7_defconfig
Using asx0 device
TFTP from server 192.168.100.1; our IP address is 192.168.100.101
Filename 'zImage.multi_v7_defconfig'.
Load address: 0x81000000
Loading: *#################################################################
	 #################################################################
	 #################################################################
	 #################################################################
	 #################################################################
	 #################################################################
	 #################################################################
	 #################################################################
	 ####################
	 3.3 MiB/s
done
Bytes transferred = 7917584 (78d010 hex)
Tegra30 (Beaver) # tftpboot 0x82000000 tegra30-beaver.dtb
Using asx0 device
TFTP from server 192.168.100.1; our IP address is 192.168.100.101
Filename 'tegra30-beaver.dtb'.
Load address: 0x82000000
Loading: *####
	 2.4 MiB/s
done
Bytes transferred = 51804 (ca5c hex)
Tegra30 (Beaver) # bootz 0x81000000 - 0x82000000
Kernel image @ 0x81000000 [ 0x000000 - 0x78d010 ]
## Flattened Device Tree blob at 82000000
   Booting using the fdt blob at 0x82000000
   Loading Device Tree to 8fff0000, end 8ffffa5b ... OK

Starting kernel ...

[    0.000000] Booting Linux on physical CPU 0x0
[    0.000000] Linux version 4.12.0-rc5-172302-g32c1431 (jonathanh@sellafield) (gcc version 4.7.3 20130328 (prerelease) (crosstool-NG linaro-1.13.1-4.7-2013.04-20130415 - Linaro GCC 2013.04) ) #1 SMP Sun Jun 11 17:05:53 PDT 2017
[    0.000000] CPU: ARMv7 Processor [412fc099] revision 9 (ARMv7), cr=10c5387d
[    0.000000] CPU: PIPT / VIPT nonaliasing data cache, VIPT aliasing instruction cache
[    0.000000] OF: fdt: Machine model: NVIDIA Tegra30 Beaver evaluation board
[    0.000000] debug: ignoring loglevel setting.
[    0.000000] Memory policy: Data cache writealloc
[    0.000000] efi: Getting EFI parameters from FDT:
[    0.000000] efi: UEFI not found.
[    0.000000] cma: Reserved 64 MiB at 0xfb800000
[    0.000000] On node 0 totalpages: 524032
[    0.000000] free_area_init_node: node 0, pgdat c157fd00, node_mem_map eeff8000
[    0.000000]   DMA zone: 1536 pages used for memmap
[    0.000000]   DMA zone: 0 pages reserved
[    0.000000]   DMA zone: 196608 pages, LIFO batch:31
[    0.000000]   HighMem zone: 327424 pages, LIFO batch:31
[    0.000000] percpu: Embedded 17 pages/cpu @eef88000 s39168 r8192 d22272 u69632
[    0.000000] pcpu-alloc: s39168 r8192 d22272 u69632 alloc=17*4096
[    0.000000] pcpu-alloc: [0] 0 [0] 1 [0] 2 [0] 3 
[    0.000000] Built 1 zonelists in Zone order, mobility grouping on.  Total pages: 522496
[    0.000000] Kernel command line: ignore_loglevel console=ttyS0,115200n8 rw root=PARTUUID=edbe1840-3633-c751-7993-b0ac834f81e0 rootwait gpt debug noinitrd earlyprintk init=/bin/bash
[    0.000000] PID hash table entries: 4096 (order: 2, 16384 bytes)
[    0.000000] Dentry cache hash table entries: 131072 (order: 7, 524288 bytes)
[    0.000000] Inode-cache hash table entries: 65536 (order: 6, 262144 bytes)
[    0.000000] Memory: 1993460K/2096128K available (10240K kernel code, 1566K rwdata, 4388K rodata, 2048K init, 409K bss, 37132K reserved, 65536K cma-reserved, 1244160K highmem)
[    0.000000] Virtual kernel memory layout:
[    0.000000]     vector  : 0xffff0000 - 0xffff1000   (   4 kB)
[    0.000000]     fixmap  : 0xffc00000 - 0xfff00000   (3072 kB)
[    0.000000]     vmalloc : 0xf0800000 - 0xff800000   ( 240 MB)
[    0.000000]     lowmem  : 0xc0000000 - 0xf0000000   ( 768 MB)
[    0.000000]     pkmap   : 0xbfe00000 - 0xc0000000   (   2 MB)
[    0.000000]     modules : 0xbf000000 - 0xbfe00000   (  14 MB)
[    0.000000]       .text : 0xc0208000 - 0xc0d00000   (11232 kB)
[    0.000000]       .init : 0xc1200000 - 0xc1400000   (2048 kB)
[    0.000000]       .data : 0xc1400000 - 0xc1587970   (1567 kB)
[    0.000000]        .bss : 0xc1590ce0 - 0xc15f7498   ( 410 kB)
[    0.000000] SLUB: HWalign=64, Order=0-3, MinObjects=0, CPUs=4, Nodes=1
[    0.000000] Hierarchical RCU implementation.
[    0.000000] 	RCU debugfs-based tracing is enabled.
[    0.000000] 	RCU restricting CPUs from NR_CPUS=16 to nr_cpu_ids=4.
[    0.000000] RCU: Adjusting geometry for rcu_fanout_leaf=16, nr_cpu_ids=4
[    0.000000] NR_IRQS:16 nr_irqs:16 16
[    0.000000] /interrupt-controller@60004000: 160 interrupts forwarded to /interrupt-controller@50041000
[    0.000000] L2C: platform modifies aux control register: 0x02080000 -> 0x3e480001
[    0.000000] L2C: DT/platform modifies aux control register: 0x02080000 -> 0x3e480001
[    0.000000] L2C-310 erratum 769419 enabled
[    0.000000] L2C-310 enabling early BRESP for Cortex-A9
[    0.000000] L2C-310: enabling full line of zeros but not enabled in Cortex-A9
[    0.000000] L2C-310 dynamic clock gating enabled, standby mode enabled
[    0.000000] L2C-310 cache controller enabled, 8 ways, 1024 kB
[    0.000000] L2C-310: CACHE_ID 0x410000c7, AUX_CTRL 0x4e480001
[    0.000012] sched_clock: 32 bits at 1000kHz, resolution 1000ns, wraps every 2147483647500ns
[    0.000030] clocksource: timer_us: mask: 0xffffffff max_cycles: 0xffffffff, max_idle_ns: 1911260446275 ns
[    0.000039] Switching to timer-based delay loop, resolution 1000ns
[    0.002808] Console: colour dummy device 80x30
[    0.002839] Calibrating delay loop (skipped), value calculated using timer frequency.. 2.00 BogoMIPS (lpj=10000)
[    0.002849] pid_max: default: 32768 minimum: 301
[    0.002920] Mount-cache hash table entries: 2048 (order: 1, 8192 bytes)
[    0.002927] Mountpoint-cache hash table entries: 2048 (order: 1, 8192 bytes)
[    0.003322] CPU: Testing write buffer coherency: ok
[    0.003637] CPU0: thread -1, cpu 0, socket 0, mpidr 80000000
[    0.003853] Setting up static identity map for 0x80300000 - 0x803000a0
[    0.006422] Tegra Revision: A03 SKU: 128 CPU Process: 4 SoC Process: 0
[    0.006971] EFI services will not be available.
[    0.007127] smp: Bringing up secondary CPUs ...
[    0.010388] CPU1: thread -1, cpu 1, socket 0, mpidr 80000001
[    0.020340] CPU2: thread -1, cpu 2, socket 0, mpidr 80000002
[    0.030339] CPU3: thread -1, cpu 3, socket 0, mpidr 80000003
[    0.030384] smp: Brought up 1 node, 4 CPUs
[    0.030397] SMP: Total of 4 processors activated (8.00 BogoMIPS).
[    0.030401] CPU: All CPU(s) started in SVC mode.
[    0.031085] devtmpfs: initialized
[    0.039513] VFP support v0.3: implementor 41 architecture 3 part 30 variant 9 rev 4
[    0.039993] clocksource: jiffies: mask: 0xffffffff max_cycles: 0xffffffff, max_idle_ns: 19112604462750000 ns
[    0.040012] futex hash table entries: 1024 (order: 4, 65536 bytes)
[    0.043365] pinctrl core: initialized pinctrl subsystem
[    0.045114] NET: Registered protocol family 16
[    0.048108] DMA: preallocated 256 KiB pool for atomic coherent allocations
[    0.049816] cpuidle: using governor menu
[    0.063932] No ATAGs?
[    0.064036] hw-breakpoint: found 5 (+1 reserved) breakpoint and 1 watchpoint registers.
[    0.064047] hw-breakpoint: maximum watchpoint size is 4 bytes.
[    0.068269] Serial: AMBA PL011 UART driver
[    0.068746] tegra-mc 7000f000.memory-controller: no memory timings for RAM code 3 registered
[    0.077806] AT91: Could not find identification node
[    0.078279] vdd_5v_sata: Failed to request enable GPIO30: -517
[    0.078295] reg-fixed-voltage regulators:regulator@3: Failed to register regulator: -517
[    0.078342] usb1_vbus: Failed to request enable GPIO238: -517
[    0.078350] reg-fixed-voltage regulators:regulator@4: Failed to register regulator: -517
[    0.078395] usb3_vbus: Failed to request enable GPIO236: -517
[    0.078402] reg-fixed-voltage regulators:regulator@5: Failed to register regulator: -517
[    0.078498] sys_3v3_pexs: Failed to request enable GPIO95: -517
[    0.078506] reg-fixed-voltage regulators:regulator@7: Failed to register regulator: -517
[    0.080298] vgaarb: loaded
[    0.080751] SCSI subsystem initialized
[    0.080882] libata version 3.00 loaded.
[    0.081033] usbcore: registered new interface driver usbfs
[    0.081070] usbcore: registered new interface driver hub
[    0.081102] usbcore: registered new device driver usb
[    0.088114] vrtc: supplied by vdd_5v_in
[    0.091404] vio: supplied by vdd_5v_in
[    0.101831] vdd1: supplied by vdd_5v_in
[    0.103188] vddio_ddr_1v2: Bringing 600000uV into 1200000-1200000uV
[    0.111840] vdd2: supplied by vdd_5v_in
[    0.131830] ldo1: supplied by vdd_1v5_gen
[    0.134219] ldo2: supplied by vdd_1v5_gen
[    0.134690] vdd_sata,avdd_plle: Bringing 1200000uV into 1050000-1050000uV
[    0.136924] ldo3: supplied by vdd_5v_in
[    0.139280] ldo4: supplied by vdd_5v_in
[    0.141834] ldo5: supplied by vdd_5v_in
[    0.151827] ldo6: supplied by vdd_1v8_gen
[    0.152295] avdd_dsi_csi,pwrdet_mipi: Bringing 1000000uV into 1200000-1200000uV
[    0.154551] ldo7: supplied by vdd_1v8_gen
[    0.161824] ldo8: supplied by vdd_1v8_gen
[    0.171930] pps_core: LinuxPPS API ver. 1 registered
[    0.171937] pps_core: Software ver. 5.3.6 - Copyright 2005-2007 Rodolfo Giometti <giometti@linux.it>
[    0.171951] PTP clock support registered
[    0.172083] EDAC MC: Ver: 3.0.0
[    0.173600] clocksource: Switched to clocksource timer_us
[    0.206569] NET: Registered protocol family 2
[    0.206989] TCP established hash table entries: 8192 (order: 3, 32768 bytes)
[    0.207044] TCP bind hash table entries: 8192 (order: 4, 65536 bytes)
[    0.207130] TCP: Hash tables configured (established 8192 bind 8192)
[    0.207272] UDP hash table entries: 512 (order: 2, 16384 bytes)
[    0.207344] UDP-Lite hash table entries: 512 (order: 2, 16384 bytes)
[    0.207511] NET: Registered protocol family 1
[    0.207836] RPC: Registered named UNIX socket transport module.
[    0.207844] RPC: Registered udp transport module.
[    0.207848] RPC: Registered tcp transport module.
[    0.207852] RPC: Registered tcp NFSv4.1 backchannel transport module.
[    0.207861] PCI: CLS 0 bytes, default 64
[    0.208660] hw perfevents: no interrupt-affinity property for /pmu, guessing.
[    0.208859] hw perfevents: enabled with armv7_cortex_a9 PMU driver, 7 counters available
[    0.210097] workingset: timestamp_bits=30 max_order=19 bucket_order=0
[    0.215028] squashfs: version 4.0 (2009/01/31) Phillip Lougher
[    0.215461] NFS: Registering the id_resolver key type
[    0.215489] Key type id_resolver registered
[    0.215493] Key type id_legacy registered
[    0.215525] ntfs: driver 2.1.32 [Flags: R/O].
[    0.216632] bounce: pool size: 64 pages
[    0.216670] Block layer SCSI generic (bsg) driver version 0.4 loaded (major 248)
[    0.216678] io scheduler noop registered
[    0.216683] io scheduler deadline registered
[    0.216703] io scheduler cfq registered (default)
[    0.216708] io scheduler mq-deadline registered
[    0.216712] io scheduler kyber registered
[    0.222717] tegra30-pinctrl 70000868.pinmux: invalid group "sdmmc3_dat6_pd3" for function "rsvd1"
[    0.222732] tegra30-pinctrl 70000868.pinmux: invalid group "sdmmc3_dat7_pd4" for function "rsvd1"
[    0.222745] tegra30-pinctrl 70000868.pinmux: invalid group "vi_vsync_pd6" for function "rsvd1"
[    0.222755] tegra30-pinctrl 70000868.pinmux: invalid group "vi_hsync_pd7" for function "rsvd1"
[    0.223231] tegra30-pinctrl 70000868.pinmux: invalid group "hdmi_int_pn7" for function "rsvd1"
[    0.223276] tegra30-pinctrl 70000868.pinmux: invalid group "ulpi_data3_po4" for function "rsvd1"
[    0.223667] tegra30-pinctrl 70000868.pinmux: invalid group "vi_d10_pt2" for function "rsvd1"
[    0.223681] tegra30-pinctrl 70000868.pinmux: invalid group "vi_d11_pt3" for function "rsvd1"
[    0.223694] tegra30-pinctrl 70000868.pinmux: invalid group "vi_d0_pt4" for function "rsvd1"
[    0.223750] tegra30-pinctrl 70000868.pinmux: invalid group "pu0" for function "rsvd1"
[    0.223781] tegra30-pinctrl 70000868.pinmux: invalid group "pu3" for function "rsvd1"
[    0.223811] tegra30-pinctrl 70000868.pinmux: invalid group "pu6" for function "rsvd1"
[    0.223851] tegra30-pinctrl 70000868.pinmux: invalid group "pv3" for function "rsvd1"
[    0.224351] tegra30-pinctrl 70000868.pinmux: invalid group "pbb0" for function "rsvd1"
[    0.224465] tegra30-pinctrl 70000868.pinmux: invalid group "pcc1" for function "rsvd1"
[    0.229502] tegra-pcie 3000.pcie-controller: 2x3 configuration
[    0.229648] tegra-pcie 3000.pcie-controller: Failed to get supply 'hvdd-pex': -517
[    0.235085] tegra-apbdma 6000a000.dma: Tegra20 APB DMA driver register 32 channels
[    0.236633] tegra-pmc 7000e400.pmc: i2c-thermtrip node not found, emergency thermal reset disabled.
[    0.268655] Serial: 8250/16550 driver, 4 ports, IRQ sharing disabled
[    0.270656] console [ttyS0] disabled
[    0.270697] 70006000.serial: ttyS0 at MMIO 0x70006000 (irq = 331, base_baud = 25500000) is a Tegra
[    1.290963] console [ttyS0] enabled
[    1.294979] SuperH (H)SCI(F) driver initialized
[    1.300055] msm_serial: driver initialized
[    1.304278] STMicroelectronics ASC driver initialized
[    1.312706] tegra-hdmi 54280000.hdmi: failed to get HDMI regulator
[    1.327170] brd: module loaded
[    1.336076] loop: module loaded
[    1.344632] m25p80 spi32766.1: w25q32 (4096 Kbytes)
[    1.351293] libphy: Fixed MDIO Bus: probed
[    1.356108] CAN device driver interface
[    1.360476] bgmac_bcma: Broadcom 47xx GBit MAC driver loaded
[    1.366863] e1000e: Intel(R) PRO/1000 Network Driver - 3.2.6-k
[    1.372680] e1000e: Copyright(c) 1999 - 2015 Intel Corporation.
[    1.378630] igb: Intel(R) Gigabit Ethernet Network Driver - version 5.4.0-k
[    1.385580] igb: Copyright (c) 2007-2014 Intel Corporation.
[    1.393021] pegasus: v0.9.3 (2013/04/25), Pegasus/Pegasus II USB Ethernet driver
[    1.400465] usbcore: registered new interface driver pegasus
[    1.406151] usbcore: registered new interface driver asix
[    1.411555] usbcore: registered new interface driver ax88179_178a
[    1.417662] usbcore: registered new interface driver cdc_ether
[    1.423505] usbcore: registered new interface driver smsc75xx
[    1.429270] usbcore: registered new interface driver smsc95xx
[    1.435030] usbcore: registered new interface driver net1080
[    1.440691] usbcore: registered new interface driver cdc_subset
[    1.446628] usbcore: registered new interface driver zaurus
[    1.452219] usbcore: registered new interface driver cdc_ncm
[    1.459295] ehci_hcd: USB 2.0 'Enhanced' Host Controller (EHCI) Driver
[    1.465819] ehci-pci: EHCI PCI platform driver
[    1.470274] ehci-platform: EHCI generic platform driver
[    1.475615] ehci-orion: EHCI orion driver
[    1.479701] SPEAr-ehci: EHCI SPEAr driver
[    1.483782] ehci-st: EHCI STMicroelectronics driver
[    1.488717] ehci-exynos: EHCI EXYNOS driver
[    1.492971] ehci-atmel: EHCI Atmel driver
[    1.497052] tegra-ehci: Tegra EHCI driver
[    1.501346] ohci_hcd: USB 1.1 'Open' Host Controller (OHCI) Driver
[    1.507529] ohci-pci: OHCI PCI platform driver
[    1.511995] ohci-platform: OHCI generic platform driver
[    1.517315] ohci-omap3: OHCI OMAP3 driver
[    1.521386] SPEAr-ohci: OHCI SPEAr driver
[    1.525467] ohci-st: OHCI STMicroelectronics driver
[    1.530403] ohci-atmel: OHCI Atmel driver
[    1.534832] usbcore: registered new interface driver usb-storage
[    1.543260] tegra_rtc 7000e000.rtc: rtc core: registered 7000e000.rtc as rtc1
[    1.550437] tegra_rtc 7000e000.rtc: Tegra internal Real Time Clock
[    1.559367] random: fast init done
[    1.572676] tps65910-rtc tps65910-rtc: rtc core: registered tps65910-rtc as rtc0
[    1.580275] i2c /dev entries driver
[    1.591746] sdhci: Secure Digital Host Controller Interface driver
[    1.597938] sdhci: Copyright(c) Pierre Ossman
[    1.603179] Synopsys Designware Multimedia Card Interface Driver
[    1.609899] sdhci-pltfm: SDHCI platform and OF driver helper
[    1.616081] sdhci-tegra 78000000.sdhci: Got CD GPIO
[    1.620954] sdhci-tegra 78000000.sdhci: Got WP GPIO
[    1.634115] mmc0: Invalid maximum block size, assuming 512 bytes
[    1.703690] mmc0: SDHCI controller on 78000000.sdhci [78000000.sdhci] using ADMA
[    1.720038] mmc1: Invalid maximum block size, assuming 512 bytes
[    1.783617] mmc1: SDHCI controller on 78000600.sdhci [78000600.sdhci] using ADMA
[    1.792307] ledtrig-cpu: registered to indicate activity on CPUs
[    1.798585] usbcore: registered new interface driver usbhid
[    1.804155] usbhid: USB HID core driver
[    1.810339] NET: Registered protocol family 10
[    1.815482] Segment Routing with IPv6
[    1.819178] sit: IPv6, IPv4 and MPLS over IPv4 tunneling driver
[    1.825519] NET: Registered protocol family 17
[    1.829955] can: controller area network core (rev 20170425 abi 9)
[    1.836178] NET: Registered protocol family 29
[    1.840611] can: raw protocol (rev 20170425)
[    1.844882] can: broadcast manager protocol (rev 20170425 t)
[    1.850533] can: netlink gateway (rev 20170425) max_hops=1
[    1.856293] Key type dns_resolver registered
[    1.860950] ThumbEE CPU extension supported.
[    1.865234] Registering SWP/SWPB emulation handler
[    1.880111] vdd_ddr: supplied by vdd_5v_in
[    1.885055] vdd_5v_sata: supplied by vdd_5v_in
[    1.889814] usb1_vbus: supplied by vdd_5v_in
[    1.894407] usb3_vbus: supplied by vdd_5v_in
[    1.899902] sys_3v3,vdd_3v3_alw: supplied by vdd_5v_in
[    1.905839] sys_3v3_pexs: supplied by sys_3v3,vdd_3v3_alw
[    1.911358] +VDD_5V_HDMI: supplied by sys_3v3,vdd_3v3_alw
[    1.915588] mmc1: new high speed MMC card at address 0001
[    1.918129] mmcblk1: mmc1:0001 SEM16G 14.8 GiB 
[    1.919538] mmcblk1boot0: mmc1:0001 SEM16G partition 1 1.00 MiB
[    1.920554] mmcblk1boot1: mmc1:0001 SEM16G partition 2 1.00 MiB
[    1.921072] mmc0: new ultra high speed DDR50 SDHC card at address aaaa
[    1.921725] mmcblk1rpmb: mmc1:0001 SEM16G partition 3 128 KiB
[    1.922752] mmcblk0: mmc0:aaaa SS04G 3.69 GiB 
[    1.927529] Primary GPT is invalid, using alternate GPT.
[    1.927545]  mmcblk1: p1 p2 p3 p4 p5
[    1.950503]  mmcblk0: p1 p2 p3
[    1.967844] tegra-pcie 3000.pcie-controller: 2x3 configuration
[    1.976615] tegra-pcie 3000.pcie-controller: probing port 0, using 2 lanes
[    2.041730] tegra-pcie 3000.pcie-controller: probing port 2, using 2 lanes
[    2.452465] tegra-pcie 3000.pcie-controller: link 2 down, retrying
[    2.862498] tegra-pcie 3000.pcie-controller: link 2 down, retrying
[    3.272547] tegra-pcie 3000.pcie-controller: link 2 down, retrying
[    3.280739] tegra-pcie 3000.pcie-controller: link 2 down, ignoring
[    3.287037] tegra-pcie 3000.pcie-controller: PCI host bridge to bus 0000:00
[    3.293999] pci_bus 0000:00: root bus resource [io  0x0000-0xffff]
[    3.300164] pci_bus 0000:00: root bus resource [mem 0x20000000-0x27ffffff]
[    3.307030] pci_bus 0000:00: root bus resource [mem 0x28000000-0x3fffffff pref]
[    3.314331] pci_bus 0000:00: root bus resource [bus 00-ff]
[    3.319823] pci 0000:00:01.0: [10de:0e1c] type 01 class 0x060400
[    3.325849] pci_bus 0000:00: 2-byte config write to 0000:00:01.0 offset 0x88 may corrupt adjacent RW1C bits
[    3.335595] pci_bus 0000:00: 2-byte config write to 0000:00:01.0 offset 0x52 may corrupt adjacent RW1C bits
[    3.345337] pci 0000:00:01.0: PME# supported from D0 D1 D2 D3hot D3cold
[    3.351938] pci_bus 0000:00: 2-byte config write to 0000:00:01.0 offset 0x4c may corrupt adjacent RW1C bits
[    3.361807] pci_bus 0000:00: 2-byte config write to 0000:00:01.0 offset 0x3e may corrupt adjacent RW1C bits
[    3.371539] pci_bus 0000:00: 2-byte config write to 0000:00:01.0 offset 0x4 may corrupt adjacent RW1C bits
[    3.381180] pci_bus 0000:00: 1-byte config write to 0000:00:01.0 offset 0xc may corrupt adjacent RW1C bits
[    3.390818] PCI: bus0: Fast back to back transfers disabled
[    3.396386] pci 0000:00:01.0: bridge configuration invalid ([bus 00-00]), reconfiguring
[    3.404379] pci_bus 0000:00: 2-byte config write to 0000:00:01.0 offset 0x3e may corrupt adjacent RW1C bits
[    3.414107] pci_bus 0000:00: 2-byte config write to 0000:00:01.0 offset 0x3e may corrupt adjacent RW1C bits
[    3.423834] pci_bus 0000:00: 2-byte config write to 0000:00:01.0 offset 0x3e may corrupt adjacent RW1C bits
[    3.433553] pci_bus 0000:00: 2-byte config write to 0000:00:01.0 offset 0x6 may corrupt adjacent RW1C bits
[    3.443289] pci 0000:01:00.0: [10ec:8168] type 00 class 0x020000
[    3.449309] pci 0000:01:00.0: reg 0x10: [io  0x0000-0x00ff]
[    3.454890] pci 0000:01:00.0: reg 0x18: [mem 0x00000000-0x00000fff 64bit pref]
[    3.462104] pci 0000:01:00.0: reg 0x20: [mem 0x00000000-0x00003fff 64bit pref]
[    3.469386] pci 0000:01:00.0: supports D1 D2
[    3.473652] pci 0000:01:00.0: PME# supported from D0 D1 D2 D3hot D3cold
[    3.503628] PCI: bus1: Fast back to back transfers disabled
[    3.509189] pci_bus 0000:01: busn_res: [bus 01-ff] end is updated to 01
[    3.515861] pci 0000:00:01.0: BAR 9: assigned [mem 0x28000000-0x280fffff 64bit pref]
[    3.523597] pci 0000:00:01.0: BAR 7: assigned [io  0x1000-0x1fff]
[    3.529678] pci 0000:01:00.0: BAR 4: assigned [mem 0x28000000-0x28003fff 64bit pref]
[    3.537423] pci 0000:01:00.0: BAR 2: assigned [mem 0x28004000-0x28004fff 64bit pref]
[    3.545166] pci 0000:01:00.0: BAR 0: assigned [io  0x1000-0x10ff]
[    3.551248] pci 0000:00:01.0: PCI bridge to [bus 01]
[    3.556207] pci 0000:00:01.0:   bridge window [io  0x1000-0x1fff]
[    3.562287] pci 0000:00:01.0:   bridge window [mem 0x28000000-0x280fffff 64bit pref]
[    3.570035] pci 0000:00:01.0: nv_msi_ht_cap_quirk didn't locate host bridge
[    3.577055] pcieport 0000:00:01.0: enabling device (0140 -> 0143)
[    3.583340] pcieport 0000:00:01.0: Signaling PME with IRQ 374
[    3.589293] r8169 Gigabit Ethernet driver 2.3LK-NAPI loaded
[    3.594882] r8169 0000:01:00.0: enabling device (0140 -> 0143)
[    3.601636] r8169 0000:01:00.0 eth0: RTL8168evl/8111evl at 0xf0b1c000, 02:04:4b:01:60:a6, XID 0c900800 IRQ 375
[    3.611637] r8169 0000:01:00.0 eth0: jumbo features [frames: 9200 bytes, tx checksumming: ko]
[    3.626724] utmi_phy_clk_enable: timeout waiting for phy to stabilize
[    3.633171] tegra-ehci 7d004000.usb: EHCI Host Controller
[    3.638594] tegra-ehci 7d004000.usb: new USB bus registered, assigned bus number 1
[    3.646356] tegra-ehci 7d004000.usb: irq 343, io mem 0x7d004000
[    3.674009] tegra-ehci 7d004000.usb: USB 2.0 started, EHCI 1.00
[    3.681276] hub 1-0:1.0: USB hub found
[    3.685052] hub 1-0:1.0: 1 port detected
[    3.690103] tegra-ehci 7d008000.usb: EHCI Host Controller
[    3.695519] tegra-ehci 7d008000.usb: new USB bus registered, assigned bus number 2
[    3.703244] tegra-ehci 7d008000.usb: irq 344, io mem 0x7d008000
[    3.733992] tegra-ehci 7d008000.usb: USB 2.0 started, EHCI 1.00
[    3.741149] hub 2-0:1.0: USB hub found
[    3.744924] hub 2-0:1.0: 1 port detected
[    3.754846] tps65910-rtc tps65910-rtc: setting system clock to 2000-01-01 00:00:02 UTC (946684802)
[    3.764343] vdd_sata,avdd_plle: disabling
[    3.769083] usb1_vbus: disabling
[    3.774489] EXT4-fs (mmcblk1p1): mounting ext3 file system using the ext4 subsystem
[    3.791986] EXT4-fs (mmcblk1p1): warning: mounting fs with errors, running e2fsck is recommended
[    3.803427] EXT4-fs (mmcblk1p1): recovery complete
[    3.808229] EXT4-fs (mmcblk1p1): mounted filesystem with ordered data mode. Opts: (null)
[    3.816344] VFS: Mounted root (ext3 filesystem) on device 179:1.
[    3.835127] devtmpfs: mounted
[    3.840650] Freeing unused kernel memory: 2048K
bash: cannot set terminal process group (-1): Inappropriate ioctl for device
bash: no job control in this shell
root@(none):/# [    4.104007] usb 2-1: new high-speed USB device number 2 using tegra-ehci
[    4.784215] asix 2-1:1.0 eth1: register 'asix' at usb-7d008000.usb-1, ASIX AX88772 USB 2.0 Ethernet, 00:50:b6:0f:67:60
mount -t sysfs none /sys
root@(none):/# 
root@(none):/# mount -t debugfs none /sys/kernel/debug
root@(none):/# 
root@(none):/# rtcwake -d rtc1 -m mem -s 3
rtcwake: wakeup from "mem" using /dev/rtc1 at Thu Jan  1 00:00:22 1970
[    7.482624] PM: Syncing filesystems ... done.
[    7.489897] Freezing user space processes ... (elapsed 0.001 seconds) done.
[    7.497996] OOM killer disabled.
[    7.501212] Freezing remaining freezable tasks ... (elapsed 0.001 seconds) done.
[    7.509836] Suspending console(s) (use no_console_suspend to debug)
[    7.596951] PM: suspend of devices complete after 80.017 msecs
[    7.597907] PM: late suspend of devices complete after 0.949 msecs
[    7.624342] PM: noirq suspend of devices complete after 26.427 msecs
[    7.624346] Disabling non-boot CPUs ...
[    7.624827] IRQ346 no longer affine to CPU1
[    7.707065] IRQ347 no longer affine to CPU2
[    7.765996] IRQ17 no longer affine to CPU3
[    7.766125] IRQ348 no longer affine to CPU3
[    7.815366] Entering suspend state LP1
[    7.815366] Suspended for 3.107 seconds
[    7.815382] Enabling non-boot CPUs ...
[    7.845587] CPU1 is up
[    7.885669] CPU2 is up
[    7.925889] CPU3 is up
[    7.926637] pcieport 0000:00:01.0: nv_msi_ht_cap_quirk didn't locate host bridge
[    7.953666] PM: noirq resume of devices complete after 27.768 msecs
[    7.955664] PM: early resume of devices complete after 1.539 msecs
[    8.496546] PM: resume of devices complete after 540.872 msecs
[    8.580269] OOM killer enabled.
[    8.583398] Restarting tasks ... done.
root@(none):/# 
root@(none):/# rtcwake -d rtc1 -m mem -s 3
rtcwake: wakeup from "mem" using /dev/rtc1 at Thu Jan  1 00:00:27 1970
[    9.457873] PM: Syncing filesystems ... done.
[    9.463629] Freezing user space processes ... (elapsed 0.001 seconds) done.
[    9.471712] OOM killer disabled.
[    9.474941] Freezing remaining freezable tasks ... (elapsed 0.001 seconds) done.
[    9.483532] Suspending console(s) (use no_console_suspend to debug)
[    9.524815] pci_generic_config_write32: 63 callbacks suppressed
[    9.524828] pci_bus 0000:00: 2-byte config write to 0000:00:01.0 offset 0x9c may corrupt adjacent RW1C bits
[    9.566948] PM: suspend of devices complete after 76.402 msecs
[    9.568622] PM: late suspend of devices complete after 1.666 msecs
[    9.569036] pci_bus 0000:01: 2-byte config write to 0000:01:00.0 offset 0x44 may corrupt adjacent RW1C bits
[    9.569051] pci_bus 0000:01: 2-byte config write to 0000:01:00.0 offset 0x44 may corrupt adjacent RW1C bits
[    9.594289] PM: noirq suspend of devices complete after 25.659 msecs
[    9.594293] Disabling non-boot CPUs ...
[    9.594647] IRQ17 no longer affine to CPU1
[    9.594799] IRQ346 no longer affine to CPU1
[    9.646807] IRQ347 no longer affine to CPU2
[    9.705845] IRQ348 no longer affine to CPU3
[    9.735223] Entering suspend state LP1
[    9.735223] Suspended for 3.080 seconds
[    9.735240] Enabling non-boot CPUs ...
[    9.766244] CPU1 is up
[    9.806066] CPU2 is up
[    9.846277] CPU3 is up
[    9.847177] pci_bus 0000:00: 2-byte config write to 0000:00:01.0 offset 0x4c may corrupt adjacent RW1C bits
[    9.847195] pci_bus 0000:00: 2-byte config write to 0000:00:01.0 offset 0x88 may corrupt adjacent RW1C bits
[    9.847201] pci_bus 0000:00: 2-byte config write to 0000:00:01.0 offset 0x90 may corrupt adjacent RW1C bits
[    9.847205] pci_bus 0000:00: 2-byte config write to 0000:00:01.0 offset 0x98 may corrupt adjacent RW1C bits
[    9.847212] pci_bus 0000:00: 2-byte config write to 0000:00:01.0 offset 0x9c may corrupt adjacent RW1C bits
[    9.847235] pci_bus 0000:00: 2-byte config write to 0000:00:01.0 offset 0x52 may corrupt adjacent RW1C bits
[    9.847244] pci_bus 0000:00: 2-byte config write to 0000:00:01.0 offset 0x52 may corrupt adjacent RW1C bits
[    9.847272] pcieport 0000:00:01.0: nv_msi_ht_cap_quirk didn't locate host bridge
[    9.873624] PM: noirq resume of devices complete after 27.336 msecs
[    9.876532] PM: early resume of devices complete after 2.378 msecs
[   10.421746] PM: resume of devices complete after 545.203 msecs
[   10.608909] OOM killer enabled.
[   10.612039] Restarting tasks ... done.
root@(none):/# 
root@(none):/# rtcwake -d rtc1 -m mem -s 3
rtcwake: wakeup from "mem" using /dev/rtc1 at Thu Jan  1 00:00:32 1970
[   11.368771] PM: Syncing filesystems ... done.
[   11.374979] Freezing user space processes ... (elapsed 0.001 seconds) done.
[   11.383109] OOM killer disabled.
[   11.386347] Freezing remaining freezable tasks ... (elapsed 0.001 seconds) done.
[   11.395007] Suspending console(s) (use no_console_suspend to debug)
[   11.476058] PM: suspend of devices complete after 73.823 msecs
[   11.478294] PM: late suspend of devices complete after 2.226 msecs
[   11.504397] PM: noirq suspend of devices complete after 26.094 msecs
[   11.504401] Disabling non-boot CPUs ...
[   11.504846] IRQ17 no longer affine to CPU1
[   11.505045] IRQ346 no longer affine to CPU1
[   11.665466] Entering suspend state LP1
[   11.665466] Suspended for 3.069 seconds
[   11.665483] Enabling non-boot CPUs ...
[   11.695844] CPU1 is up
[   11.735958] CPU2 is up
[   11.776209] CPU3 is up
[   11.777143] pcieport 0000:00:01.0: nv_msi_ht_cap_quirk didn't locate host bridge
[   11.803606] PM: noirq resume of devices complete after 27.387 msecs
[   11.806068] PM: early resume of devices complete after 1.972 msecs
[   12.355428] PM: resume of devices complete after 549.348 msecs
[   12.431107] OOM killer enabled.
[   12.434246] Restarting tasks ... done.
root@(none):/# 
root@(none):/# rtcwake -d rtc1 -m mem -s 3
rtcwake: wakeup from "mem" using /dev/rtc1 at Thu Jan  1 00:00:37 1970
[   13.299978] PM: Syncing filesystems ... done.
[   13.306672] Freezing user space processes ... (elapsed 0.001 seconds) done.
[   13.314820] OOM killer disabled.
[   13.318037] Freezing remaining freezable tasks ... (elapsed 0.001 seconds) done.
[   13.326697] Suspending console(s) (use no_console_suspend to debug)
[   13.416536] PM: suspend of devices complete after 82.630 msecs
[   13.420782] PM: late suspend of devices complete after 4.235 msecs
[   13.444383] PM: noirq suspend of devices complete after 23.591 msecs
[   13.444388] Disabling non-boot CPUs ...
[   13.444808] migrate_irqs: 2 callbacks suppressed
[   13.444813] IRQ17 no longer affine to CPU1
[   13.445003] IRQ346 no longer affine to CPU1
[   13.497933] IRQ347 no longer affine to CPU2
[   13.556474] IRQ348 no longer affine to CPU3
[   13.605324] Entering suspend state LP1
[   13.605324] Suspended for 3.060 seconds
[   13.605342] Enabling non-boot CPUs ...
[   13.635763] CPU1 is up
[   13.675960] CPU2 is up
[   13.716225] CPU3 is up
[   13.717128] pcieport 0000:00:01.0: nv_msi_ht_cap_quirk didn't locate host bridge
[   13.743574] PM: noirq resume of devices complete after 27.336 msecs
[   13.745510] PM: early resume of devices complete after 1.434 msecs
[   14.295981] PM: resume of devices complete after 550.456 msecs
[   14.384631] OOM killer enabled.
[   14.387763] Restarting tasks ... done.
root@(none):/# 
root@(none):/# rtcwake -d rtc1 -m mem -s 3
rtcwake: wakeup from "mem" using /dev/rtc1 at Thu Jan  1 00:00:42 1970
[   15.299946] PM: Syncing filesystems ... done.
[   15.306646] Freezing user space processes ... (elapsed 0.001 seconds) done.
[   15.314791] OOM killer disabled.
[   15.318007] Freezing remaining freezable tasks ... (elapsed 0.001 seconds) done.
[   15.326668] Suspending console(s) (use no_console_suspend to debug)
[   15.375115] pci_generic_config_write32: 65 callbacks suppressed
[   15.375131] pci_bus 0000:00: 2-byte config write to 0000:00:01.0 offset 0x9c may corrupt adjacent RW1C bits
[   15.416510] PM: suspend of devices complete after 82.599 msecs
[   15.420248] PM: late suspend of devices complete after 3.727 msecs
[   15.420996] pci_bus 0000:01: 2-byte config write to 0000:01:00.0 offset 0x44 may corrupt adjacent RW1C bits
[   15.421014] pci_bus 0000:01: 2-byte config write to 0000:01:00.0 offset 0x44 may corrupt adjacent RW1C bits
[   15.444345] PM: noirq suspend of devices complete after 24.086 msecs
[   15.444349] Disabling non-boot CPUs ...
[   15.444770] IRQ17 no longer affine to CPU1
[   15.444966] IRQ346 no longer affine to CPU1
[   15.497864] IRQ347 no longer affine to CPU2
[   15.556344] IRQ348 no longer affine to CPU3
[   15.605234] Entering suspend state LP1
[   15.605234] Suspended for 3.000 seconds
[   15.605251] Enabling non-boot CPUs ...
[   15.635736] CPU1 is up
[   15.675903] CPU2 is up
[   15.716163] CPU3 is up
[   15.716981] pci_bus 0000:00: 2-byte config write to 0000:00:01.0 offset 0x4c may corrupt adjacent RW1C bits
[   15.716995] pci_bus 0000:00: 2-byte config write to 0000:00:01.0 offset 0x88 may corrupt adjacent RW1C bits
[   15.717001] pci_bus 0000:00: 2-byte config write to 0000:00:01.0 offset 0x90 may corrupt adjacent RW1C bits
[   15.717006] pci_bus 0000:00: 2-byte config write to 0000:00:01.0 offset 0x98 may corrupt adjacent RW1C bits
[   15.717011] pci_bus 0000:00: 2-byte config write to 0000:00:01.0 offset 0x9c may corrupt adjacent RW1C bits
[   15.717032] pci_bus 0000:00: 2-byte config write to 0000:00:01.0 offset 0x52 may corrupt adjacent RW1C bits
[   15.717040] pci_bus 0000:00: 2-byte config write to 0000:00:01.0 offset 0x52 may corrupt adjacent RW1C bits
[   15.717070] pcieport 0000:00:01.0: nv_msi_ht_cap_quirk didn't locate host bridge
[   15.743547] PM: noirq resume of devices complete after 27.374 msecs
[   15.746013] PM: early resume of devices complete after 1.964 msecs
[   16.292095] PM: resume of devices complete after 546.070 msecs
[   16.479221] OOM killer enabled.
[   16.482350] Restarting tasks ... done.
root@(none):/# 
root@(none):/# rtcwake -d rtc1 -m mem -s 3
rtcwake: wakeup from "mem" using /dev/rtc1 at Thu Jan  1 00:00:47 1970
[   17.299371] PM: Syncing filesystems ... done.
[   17.306053] Freezing user space processes ... (elapsed 0.001 seconds) done.
[   17.314199] OOM killer disabled.
[   17.317416] Freezing remaining freezable tasks ... (elapsed 0.001 seconds) done.
[   17.326082] Suspending console(s) (use no_console_suspend to debug)
[   17.407494] PM: suspend of devices complete after 74.186 msecs
[   17.411693] PM: late suspend of devices complete after 4.189 msecs
[   17.434312] PM: noirq suspend of devices complete after 22.610 msecs
[   17.434318] Disabling non-boot CPUs ...
[   17.434766] IRQ17 no longer affine to CPU1
[   17.434959] IRQ346 no longer affine to CPU1
[   17.585717] Entering suspend state LP1
[   17.585717] Suspended for 3.019 seconds
[   17.585735] Enabling non-boot CPUs ...
[   17.615807] CPU1 is up
[   17.655911] CPU2 is up
[   17.696194] CPU3 is up
[   17.697116] pcieport 0000:00:01.0: nv_msi_ht_cap_quirk didn't locate host bridge
[   17.723500] PM: noirq resume of devices complete after 27.295 msecs
[   17.725988] PM: early resume of devices complete after 1.985 msecs
[   18.271021] PM: resume of devices complete after 545.021 msecs
[   18.346725] OOM killer enabled.
[   18.349859] Restarting tasks ... done.
root@(none):/# 
root@(none):/# rtcwake -d rtc1 -m mem -s 3
rtcwake: wakeup from "mem" using /dev/rtc1 at Thu Jan  1 00:00:52 1970
[   19.219931] PM: Syncing filesystems ... done.
[   19.226624] Freezing user space processes ... (elapsed 0.001 seconds) done.
[   19.234769] OOM killer disabled.
[   19.237984] Freezing remaining freezable tasks ... (elapsed 0.001 seconds) done.
[   19.246645] Suspending console(s) (use no_console_suspend to debug)
[   19.335950] PM: suspend of devices complete after 82.066 msecs
[   19.339602] PM: late suspend of devices complete after 3.641 msecs
[   19.364259] PM: noirq suspend of devices complete after 24.647 msecs
[   19.364263] Disabling non-boot CPUs ...
[   19.364678] migrate_irqs: 2 callbacks suppressed
[   19.364683] IRQ17 no longer affine to CPU1
[   19.364884] IRQ346 no longer affine to CPU1
[   19.417755] IRQ347 no longer affine to CPU2
[   19.476233] IRQ348 no longer affine to CPU3
[   19.525147] Entering suspend state LP1
[   19.525147] Suspended for 3.060 seconds
[   19.525163] Enabling non-boot CPUs ...
[   19.555664] CPU1 is up
[   19.595820] CPU2 is up
[   19.636064] CPU3 is up
[   19.636994] pcieport 0000:00:01.0: nv_msi_ht_cap_quirk didn't locate host bridge
[   19.663464] PM: noirq resume of devices complete after 27.389 msecs
[   19.665266] PM: early resume of devices complete after 1.304 msecs
[   20.209068] PM: resume of devices complete after 543.787 msecs
[   20.297721] OOM killer enabled.
[   20.300851] Restarting tasks ... done.
root@(none):/# 
root@(none):/# rtcwake -d rtc1 -m mem -s 3
rtcwake: wakeup from "mem" using /dev/rtc1 at Thu Jan  1 00:00:57 1970
[   21.219843] PM: Syncing filesystems ... done.
[   21.226524] Freezing user space processes ... (elapsed 0.001 seconds) done.
[   21.234670] OOM killer disabled.
[   21.237887] Freezing remaining freezable tasks ... (elapsed 0.001 seconds) done.
[   21.246550] Suspending console(s) (use no_console_suspend to debug)
[   21.295024] pci_generic_config_write32: 65 callbacks suppressed
[   21.295039] pci_bus 0000:00: 2-byte config write to 0000:00:01.0 offset 0x9c may corrupt adjacent RW1C bits
[   21.336939] PM: suspend of devices complete after 83.138 msecs
[   21.341190] PM: late suspend of devices complete after 4.242 msecs
[   21.341693] pci_bus 0000:01: 2-byte config write to 0000:01:00.0 offset 0x44 may corrupt adjacent RW1C bits
[   21.341712] pci_bus 0000:01: 2-byte config write to 0000:01:00.0 offset 0x44 may corrupt adjacent RW1C bits
[   21.364230] PM: noirq suspend of devices complete after 23.030 msecs
[   21.364236] Disabling non-boot CPUs ...
[   21.364646] IRQ17 no longer affine to CPU1
[   21.364842] IRQ346 no longer affine to CPU1
[   21.417752] IRQ347 no longer affine to CPU2
[   21.476190] IRQ348 no longer affine to CPU3
[   21.525080] Entering suspend state LP1
[   21.525080] Suspended for 3.000 seconds
[   21.525097] Enabling non-boot CPUs ...
[   21.555615] CPU1 is up
[   21.595750] CPU2 is up
[   21.636076] CPU3 is up
[   21.636915] pci_bus 0000:00: 2-byte config write to 0000:00:01.0 offset 0x4c may corrupt adjacent RW1C bits
[   21.636929] pci_bus 0000:00: 2-byte config write to 0000:00:01.0 offset 0x88 may corrupt adjacent RW1C bits
[   21.636937] pci_bus 0000:00: 2-byte config write to 0000:00:01.0 offset 0x90 may corrupt adjacent RW1C bits
[   21.636942] pci_bus 0000:00: 2-byte config write to 0000:00:01.0 offset 0x98 may corrupt adjacent RW1C bits
[   21.636948] pci_bus 0000:00: 2-byte config write to 0000:00:01.0 offset 0x9c may corrupt adjacent RW1C bits
[   21.636969] pci_bus 0000:00: 2-byte config write to 0000:00:01.0 offset 0x52 may corrupt adjacent RW1C bits
[   21.636976] pci_bus 0000:00: 2-byte config write to 0000:00:01.0 offset 0x52 may corrupt adjacent RW1C bits
[   21.637005] pcieport 0000:00:01.0: nv_msi_ht_cap_quirk didn't locate host bridge
[   21.663439] PM: noirq resume of devices complete after 27.351 msecs
[   21.664727] PM: early resume of devices complete after 0.805 msecs
[   22.214195] PM: resume of devices complete after 549.457 msecs
[   22.401341] OOM killer enabled.
[   22.404484] Restarting tasks ... done.
root@(none):/# 
root@(none):/# rtcwake -d rtc1 -m mem -s 3
rtcwake: wakeup from "mem" using /dev/rtc1 at Thu Jan  1 00:01:02 1970
[   23.159796] PM: Syncing filesystems ... done.
[   23.166483] Freezing user space processes ... (elapsed 0.001 seconds) done.
[   23.174624] OOM killer disabled.
[   23.177841] Freezing remaining freezable tasks ... (elapsed 0.001 seconds) done.
[   23.186510] Suspending console(s) (use no_console_suspend to debug)
[   23.277431] PM: suspend of devices complete after 83.680 msecs
[   23.281658] PM: late suspend of devices complete after 4.217 msecs
[   23.304210] PM: noirq suspend of devices complete after 22.542 msecs
[   23.304215] Disabling non-boot CPUs ...
[   23.304823] IRQ346 no longer affine to CPU1
[   23.357555] IRQ17 no longer affine to CPU2
[   23.465097] Entering suspend state LP1
[   23.465097] Suspended for 3.059 seconds
[   23.465114] Enabling non-boot CPUs ...
[   23.495536] CPU1 is up
[   23.535743] CPU2 is up
[   23.575994] CPU3 is up
[   23.576890] pcieport 0000:00:01.0: nv_msi_ht_cap_quirk didn't locate host bridge
[   23.603407] PM: noirq resume of devices complete after 27.399 msecs
[   23.605724] PM: early resume of devices complete after 1.844 msecs
[   24.156305] PM: resume of devices complete after 550.566 msecs
[   24.231980] OOM killer enabled.
[   24.235118] Restarting tasks ... done.
root@(none):/# 
root@(none):/# rtcwake -d rtc1 -m mem -s 3
rtcwake: wakeup from "mem" using /dev/rtc1 at Thu Jan  1 00:01:07 1970
[   25.098694] PM: Syncing filesystems ... done.
[   25.104878] Freezing user space processes ... (elapsed 0.001 seconds) done.
[   25.113014] OOM killer disabled.
[   25.116249] Freezing remaining freezable tasks ... (elapsed 0.001 seconds) done.
[   25.124909] Suspending console(s) (use no_console_suspend to debug)
[   25.207394] PM: suspend of devices complete after 75.260 msecs
[   25.211620] PM: late suspend of devices complete after 4.215 msecs
[   25.234194] PM: noirq suspend of devices complete after 22.564 msecs
[   25.234200] Disabling non-boot CPUs ...
[   25.234651] migrate_irqs: 2 callbacks suppressed
[   25.234656] IRQ17 no longer affine to CPU1
[   25.234854] IRQ346 no longer affine to CPU1
[   25.287495] IRQ347 no longer affine to CPU2
[   25.346162] IRQ348 no longer affine to CPU3
[   25.375282] Entering suspend state LP1
[   25.375282] Suspended for 3.089 seconds
[   25.375301] Enabling non-boot CPUs ...
[   25.405978] CPU1 is up
[   25.445779] CPU2 is up
[   25.486012] CPU3 is up
[   25.486900] pcieport 0000:00:01.0: nv_msi_ht_cap_quirk didn't locate host bridge
[   25.523401] PM: noirq resume of devices complete after 37.378 msecs
[   25.525287] PM: early resume of devices complete after 1.548 msecs
[   26.070400] PM: resume of devices complete after 545.100 msecs
[   26.159009] OOM killer enabled.
[   26.162139] Restarting tasks ... done.
root@(none):/# 
root@(none):/# NVTB SYSTEM SUSPEND TEST COMPLETE
