
U-Boot SPL 2016.05-rc2 (Apr 21 2016 - 16:23:00)
Trying to boot from RAM


U-Boot 2016.05-rc2 (Apr 21 2016 - 16:23:00 -0700)

TEGRA124
Model: NVIDIA Jetson TK1
Board: NVIDIA Jetson TK1
DRAM:  2 GiB
MC:   Tegra SD/MMC: 0, Tegra SD/MMC: 1
In:    serial
Out:   serial
Err:   serial
Net:   No ethernet found.
Hit any key to stop autoboot:  2  0 
Tegra124 (Jetson TK1) # 
Tegra124 (Jetson TK1) # pci enum
Tegra124 (Jetson TK1) # setenv bootargs 'ignore_loglevel console=ttyS0,115200n8 rw root=PARTUUID=b1791faa-84e8-4e27-83a1-9fb0a77e8803 rootwait gpt debug noinitrd earlyprintk init=/bin/bash'
Tegra124 (Jetson TK1) # setenv ipaddr 192.168.100.102; setenv serverip 192.168.100.1; setenv tftpserverip 192.168.100.1
Tegra124 (Jetson TK1) # tftpboot 0x82000000 zImage.multi_v7_defconfig

Warning: eth_rtl8169 using MAC address from ROM
Using eth_rtl8169 device
TFTP from server 192.168.100.1; our IP address is 192.168.100.102
Filename 'zImage.multi_v7_defconfig'.
Load address: 0x82000000
Loading: *#################################################################
	 #################################################################
	 #################################################################
	 #################################################################
	 #################################################################
	 #################################################################
	 #################################################################
	 #######################################
	 3.9 MiB/s
done
Bytes transferred = 7240744 (6e7c28 hex)
Tegra124 (Jetson TK1) # tftpboot 0x83000000 tegra124-jetson-tk1.dtb
Using eth_rtl8169 device
TFTP from server 192.168.100.1; our IP address is 192.168.100.102
Filename 'tegra124-jetson-tk1.dtb'.
Load address: 0x83000000
Loading: *#####
	 3.7 MiB/s
done
Bytes transferred = 66737 (104b1 hex)
Tegra124 (Jetson TK1) # bootz 0x82000000 - 0x83000000
Kernel image @ 0x82000000 [ 0x000000 - 0x6e7c28 ]
## Flattened Device Tree blob at 83000000
   Booting using the fdt blob at 0x83000000
   Using Device Tree in place at 83000000, end 830134b0

Starting kernel ...

[    0.000000] Booting Linux on physical CPU 0x0
[    0.000000] Linux version 4.7.0-rc6-96657-ga99cde4 (pwalmsley@sellafield) (gcc version 4.7.3 20130328 (prerelease) (crosstool-NG linaro-1.13.1-4.7-2013.04-20130415 - Linaro GCC 2013.04) ) #1 SMP Sun Jul 3 23:34:53 PDT 2016
[    0.000000] CPU: ARMv7 Processor [413fc0f3] revision 3 (ARMv7), cr=10c5387d
[    0.000000] CPU: div instructions available: patching division code
[    0.000000] CPU: PIPT / VIPT nonaliasing data cache, PIPT instruction cache
[    0.000000] Machine model: NVIDIA Tegra124 Jetson TK1
[    0.000000] debug: ignoring loglevel setting.
[    0.000000] cma: Reserved 64 MiB at 0xfb800000
[    0.000000] Memory policy: Data cache writealloc
[    0.000000] On node 0 totalpages: 524032
[    0.000000] free_area_init_node: node 0, pgdat c141bb00, node_mem_map eeff8000
[    0.000000]   DMA zone: 1536 pages used for memmap
[    0.000000]   DMA zone: 0 pages reserved
[    0.000000]   DMA zone: 196608 pages, LIFO batch:31
[    0.000000]   HighMem zone: 327424 pages, LIFO batch:31
[    0.000000] percpu: Embedded 13 pages/cpu @eef89000 s23808 r8192 d21248 u53248
[    0.000000] pcpu-alloc: s23808 r8192 d21248 u53248 alloc=13*4096
[    0.000000] pcpu-alloc: [0] 0 [0] 1 [0] 2 [0] 3 
[    0.000000] Built 1 zonelists in Zone order, mobility grouping on.  Total pages: 522496
[    0.000000] Kernel command line: ignore_loglevel console=ttyS0,115200n8 rw root=PARTUUID=b1791faa-84e8-4e27-83a1-9fb0a77e8803 rootwait gpt debug noinitrd earlyprintk init=/bin/bash
[    0.000000] PID hash table entries: 4096 (order: 2, 16384 bytes)
[    0.000000] Dentry cache hash table entries: 131072 (order: 7, 524288 bytes)
[    0.000000] Inode-cache hash table entries: 65536 (order: 6, 262144 bytes)
[    0.000000] Memory: 1994996K/2096128K available (9529K kernel code, 1142K rwdata, 4476K rodata, 2048K init, 343K bss, 35596K reserved, 65536K cma-reserved, 1244160K highmem)
[    0.000000] Virtual kernel memory layout:
[    0.000000]     vector  : 0xffff0000 - 0xffff1000   (   4 kB)
[    0.000000]     fixmap  : 0xffc00000 - 0xfff00000   (3072 kB)
[    0.000000]     vmalloc : 0xf0800000 - 0xff800000   ( 240 MB)
[    0.000000]     lowmem  : 0xc0000000 - 0xf0000000   ( 768 MB)
[    0.000000]     pkmap   : 0xbfe00000 - 0xc0000000   (   2 MB)
[    0.000000]     modules : 0xbf000000 - 0xbfe00000   (  14 MB)
[    0.000000]       .text : 0xc0208000 - 0xc10ad560   (14998 kB)
[    0.000000]       .init : 0xc1100000 - 0xc1300000   (2048 kB)
[    0.000000]       .data : 0xc1300000 - 0xc141db60   (1143 kB)
[    0.000000]        .bss : 0xc141f000 - 0xc1474ce0   ( 344 kB)
[    0.000000] SLUB: HWalign=64, Order=0-3, MinObjects=0, CPUs=4, Nodes=1
[    0.000000] Hierarchical RCU implementation.
[    0.000000] 	Build-time adjustment of leaf fanout to 32.
[    0.000000] 	RCU restricting CPUs from NR_CPUS=16 to nr_cpu_ids=4.
[    0.000000] RCU: Adjusting geometry for rcu_fanout_leaf=32, nr_cpu_ids=4
[    0.000000] NR_IRQS:16 nr_irqs:16 16
[    0.000000] /interrupt-controller@60004000: 160 interrupts forwarded to /interrupt-controller@0,50041000
[    0.000000] Tegra clk 127: register failed with -17
[    0.000008] sched_clock: 32 bits at 1000kHz, resolution 1000ns, wraps every 2147483647500ns
[    0.000031] clocksource: timer_us: mask: 0xffffffff max_cycles: 0xffffffff, max_idle_ns: 1911260446275 ns
[    0.000045] Switching to timer-based delay loop, resolution 1000ns
[    0.005401] Architected cp15 timer(s) running at 12.00MHz (virt).
[    0.005420] clocksource: arch_sys_counter: mask: 0xffffffffffffff max_cycles: 0x2c47f4ee7, max_idle_ns: 440795202497 ns
[    0.005437] sched_clock: 56 bits at 12MHz, resolution 83ns, wraps every 4398046511096ns
[    0.005450] Switching to timer-based delay loop, resolution 83ns
[    0.005959] Console: colour dummy device 80x30
[    0.005984] Calibrating delay loop (skipped), value calculated using timer frequency.. 24.00 BogoMIPS (lpj=60000)
[    0.005999] pid_max: default: 32768 minimum: 301
[    0.006092] Mount-cache hash table entries: 2048 (order: 1, 8192 bytes)
[    0.006104] Mountpoint-cache hash table entries: 2048 (order: 1, 8192 bytes)
[    0.006704] CPU: Testing write buffer coherency: ok
[    0.006926] /cpus/cpu@0 missing clock-frequency property
[    0.006969] /cpus/cpu@1 missing clock-frequency property
[    0.007011] /cpus/cpu@2 missing clock-frequency property
[    0.007056] /cpus/cpu@3 missing clock-frequency property
[    0.007068] CPU0: thread -1, cpu 0, socket 0, mpidr 80000000
[    0.007090] Setting up static identity map for 0x80300000 - 0x80300098
[    0.010732] Tegra Revision: A01 SKU: 129 CPU Process: 1 SoC Process: 1
[    0.012193] CPU1: thread -1, cpu 1, socket 0, mpidr 80000001
[    0.015881] CPU2: thread -1, cpu 2, socket 0, mpidr 80000002
[    0.020883] CPU3: thread -1, cpu 3, socket 0, mpidr 80000003
[    0.025325] Brought up 4 CPUs
[    0.025344] SMP: Total of 4 processors activated (96.00 BogoMIPS).
[    0.025351] CPU: All CPU(s) started in SVC mode.
[    0.026831] devtmpfs: initialized
[    0.045852] VFP support v0.3: implementor 41 architecture 4 part 30 variant f rev 0
[    0.046542] clocksource: jiffies: mask: 0xffffffff max_cycles: 0xffffffff, max_idle_ns: 9556302231375000 ns
[    0.047933] pinctrl core: initialized pinctrl subsystem
[    0.049592] NET: Registered protocol family 16
[    0.051551] DMA: preallocated 256 KiB pool for atomic coherent allocations
[    0.065459] cpuidle: using governor menu
[    0.084817] No ATAGs?
[    0.084845] hw-breakpoint: found 5 (+1 reserved) breakpoint and 4 watchpoint registers.
[    0.084855] hw-breakpoint: maximum watchpoint size is 8 bytes.
[    0.091121] Serial: AMBA PL011 UART driver
[    0.120722] +5V_SYS: supplied by +VDD_MUX
[    0.121046] +3.3V_SYS: supplied by +VDD_MUX
[    0.121687] +USB0_VBUS_SW: Failed to request enable GPIO108: -517
[    0.121702] reg-fixed-voltage regulators:regulator@7: Failed to register regulator: -517
[    0.121793] +5V_USB_HS: Failed to request enable GPIO109: -517
[    0.121805] reg-fixed-voltage regulators:regulator@8: Failed to register regulator: -517
[    0.121973] +1.05V_RUN_AVDD_HDMI_PLL: Failed to request enable GPIO63: -517
[    0.121985] reg-fixed-voltage regulators:regulator@11: Failed to register regulator: -517
[    0.122071] +5V_HDMI_CON: Failed to request enable GPIO86: -517
[    0.122082] reg-fixed-voltage regulators:regulator@12: Failed to register regulator: -517
[    0.122167] +5V_SATA: Failed to request enable GPIO242: -517
[    0.122179] reg-fixed-voltage regulators:regulator@13: Failed to register regulator: -517
[    0.122263] +12V_SATA: Failed to request enable GPIO242: -517
[    0.122275] reg-fixed-voltage regulators:regulator@14: Failed to register regulator: -517
[    0.125612] vgaarb: loaded
[    0.126460] SCSI subsystem initialized
[    0.126622] libata version 3.00 loaded.
[    0.126901] usbcore: registered new interface driver usbfs
[    0.126972] usbcore: registered new interface driver hub
[    0.127047] usbcore: registered new device driver usb
[    0.130813] pps_core: LinuxPPS API ver. 1 registered
[    0.130822] pps_core: Software ver. 5.3.6 - Copyright 2005-2007 Rodolfo Giometti <giometti@linux.it>
[    0.130845] PTP clock support registered
[    0.131078] EDAC MC: Ver: 3.0.0
[    0.134258] clocksource: Switched to clocksource arch_sys_counter
[    0.145376] NET: Registered protocol family 2
[    0.145884] TCP established hash table entries: 8192 (order: 3, 32768 bytes)
[    0.145983] TCP bind hash table entries: 8192 (order: 4, 65536 bytes)
[    0.146169] TCP: Hash tables configured (established 8192 bind 8192)
[    0.146220] UDP hash table entries: 512 (order: 2, 16384 bytes)
[    0.146262] UDP-Lite hash table entries: 512 (order: 2, 16384 bytes)
[    0.146418] NET: Registered protocol family 1
[    0.146651] RPC: Registered named UNIX socket transport module.
[    0.146660] RPC: Registered udp transport module.
[    0.146668] RPC: Registered tcp transport module.
[    0.146674] RPC: Registered tcp NFSv4.1 backchannel transport module.
[    0.146685] PCI: CLS 0 bytes, default 64
[    0.147882] hw perfevents: enabled with armv7_cortex_a15 PMU driver, 7 counters available
[    0.149396] futex hash table entries: 1024 (order: 4, 65536 bytes)
[    0.150130] workingset: timestamp_bits=28 max_order=19 bucket_order=0
[    0.161466] squashfs: version 4.0 (2009/01/31) Phillip Lougher
[    0.162343] NFS: Registering the id_resolver key type
[    0.162371] Key type id_resolver registered
[    0.162379] Key type id_legacy registered
[    0.162423] ntfs: driver 2.1.32 [Flags: R/O].
[    0.163725] bounce: pool size: 64 pages
[    0.163938] Block layer SCSI generic (bsg) driver version 0.4 loaded (major 248)
[    0.163949] io scheduler noop registered
[    0.163957] io scheduler deadline registered
[    0.163989] io scheduler cfq registered (default)
[    0.169819] usb2-0 supply vbus not found, using dummy regulator
[    0.169946] usb2-1 supply vbus not found, using dummy regulator
[    0.170335] tegra-xusb-padctl 7009f000.padctl: failed to setup XUSB ports: -517
[    0.187020] tegra-pcie 1003000.pcie-controller: 2x1, 1x1 configuration
[    0.187074] tegra-pcie 1003000.pcie-controller: Failed to get supply 'avddio-pex': -517
[    0.194500] tegra-apbdma 60020000.dma: Tegra20 APB DMA driver register 32 channels
[    0.196554] tegra-pmc 7000e400.pmc: emergency thermal reset enabled
[    0.256859] Serial: 8250/16550 driver, 4 ports, IRQ sharing disabled
[    0.259823] console [ttyS0] disabled
[    0.259859] 70006300.serial: ttyS0 at MMIO 0x70006300 (irq = 333, base_baud = 25500000) is a Tegra
[    1.110549] console [ttyS0] enabled
[    1.114963] SuperH (H)SCI(F) driver initialized
[    1.120590] msm_serial: driver initialized
[    1.124906] STMicroelectronics ASC driver initialized
[    1.130906] serial-tegra serial@70006000: failed to get alias id, errno -19
[    1.137932] serial-tegra serial@70006040: failed to get alias id, errno -19
[    1.148014] [drm] Initialized drm 1.1.0 20060810
[    1.156192] tegra-hdmi 54280000.hdmi: failed to get HDMI regulator
[    1.175741] brd: module loaded
[    1.184875] loop: module loaded
[    1.188441] at24 0-0056: 256 byte 24c02 EEPROM, writable, 8 bytes/write
[    1.196758] as3722 4-0040: AS3722 with revision 0x1 found
[    1.208039] as3722-sd2: supplied by +5V_SYS
[    1.212696] as3722-sd3: supplied by +5V_SYS
[    1.217112] +1.35V_LP0(sd3): Bringing 0uV into 1350000-1350000uV
[    1.223498] as3722-sd4: supplied by +5V_SYS
[    1.228158] as3722-sd5: supplied by +5V_SYS
[    1.234226] as3722-ldo0: supplied by +1.35V_LP0(sd2)
[    1.240338] +1.8V_RUN_CAM: Bringing 0uV into 1800000-1800000uV
[    1.246595] as3722-ldo2: supplied by +1.8V_VDDIO
[    1.252528] as3722-ldo3: supplied by +3.3V_SYS
[    1.257023] +1.05V_LP0_VDD_RTC: Bringing 1100000uV into 1000000-1000000uV
[    1.264856] as3722-ldo4: supplied by +3.3V_SYS
[    1.269531] +2.8V_RUN_CAM: Bringing 0uV into 2800000-2800000uV
[    1.275786] as3722-ldo5: supplied by +1.8V_VDDIO
[    1.280641] +1.2V_RUN_CAM_FRONT: Bringing 0uV into 1200000-1200000uV
[    1.287615] +VDDIO_SDMMC3: bypassed regulator has no supply!
[    1.293287] +VDDIO_SDMMC3: failed to get the current voltage(-517)
[    1.299480] as3722-regulator as3722-regulator: regulator 13 register failed -517
[    1.311768] tegra-ahci 70027000.sata: couldn't get PHY in node sata: -517
[    1.333672] m25p80 spi32765.0: w25q32dw (4096 Kbytes)
[    1.342216] libphy: Fixed MDIO Bus: probed
[    1.347021] CAN device driver interface
[    1.353036] igb: Intel(R) Gigabit Ethernet Network Driver - version 5.3.0-k
[    1.360004] igb: Copyright (c) 2007-2014 Intel Corporation.
[    1.369091] pegasus: v0.9.3 (2013/04/25), Pegasus/Pegasus II USB Ethernet driver
[    1.376547] usbcore: registered new interface driver pegasus
[    1.382273] usbcore: registered new interface driver asix
[    1.387723] usbcore: registered new interface driver ax88179_178a
[    1.393865] usbcore: registered new interface driver cdc_ether
[    1.399771] usbcore: registered new interface driver smsc75xx
[    1.405586] usbcore: registered new interface driver smsc95xx
[    1.411382] usbcore: registered new interface driver net1080
[    1.417092] usbcore: registered new interface driver cdc_subset
[    1.423059] usbcore: registered new interface driver zaurus
[    1.428711] usbcore: registered new interface driver cdc_ncm
[    1.434633] tegra-phy 7d004000.usb-phy: no vbus regulator
[    1.442266] ehci_hcd: USB 2.0 'Enhanced' Host Controller (EHCI) Driver
[    1.448803] ehci-pci: EHCI PCI platform driver
[    1.453300] ehci-platform: EHCI generic platform driver
[    1.458766] ehci-omap: OMAP-EHCI Host Controller driver
[    1.464158] ehci-orion: EHCI orion driver
[    1.468331] SPEAr-ehci: EHCI SPEAr driver
[    1.472507] ehci-st: EHCI STMicroelectronics driver
[    1.477550] ehci-exynos: EHCI EXYNOS driver
[    1.481917] ehci-atmel: EHCI Atmel driver
[    1.486091] tegra-ehci: Tegra EHCI driver
[    1.492956] tegra-ehci 7d004000.usb: EHCI Host Controller
[    1.498388] tegra-ehci 7d004000.usb: new USB bus registered, assigned bus number 1
[    1.506139] tegra-ehci 7d004000.usb: irq 352, io mem 0x7d004000
[    1.519326] tegra-ehci 7d004000.usb: USB 2.0 started, EHCI 1.10
[    1.526076] hub 1-0:1.0: USB hub found
[    1.529885] hub 1-0:1.0: 1 port detected
[    1.534441] ohci_hcd: USB 1.1 'Open' Host Controller (OHCI) Driver
[    1.540641] ohci-pci: OHCI PCI platform driver
[    1.545144] ohci-platform: OHCI generic platform driver
[    1.550564] ohci-omap3: OHCI OMAP3 driver
[    1.554737] SPEAr-ohci: OHCI SPEAr driver
[    1.558898] ohci-st: OHCI STMicroelectronics driver
[    1.563942] ohci-atmel: OHCI Atmel driver
[    1.568801] usbcore: registered new interface driver usb-storage
[    1.576567] mousedev: PS/2 mouse device common for all mice
[    1.585454] as3722-rtc as3722-rtc: rtc core: registered as3722-rtc as rtc0
[    1.592346] as3722-rtc as3722-rtc: RTC interrupt 375
[    1.600746] tegra_rtc 7000e000.rtc: rtc core: registered 7000e000.rtc as rtc1
[    1.607937] tegra_rtc 7000e000.rtc: Tegra internal Real Time Clock
[    1.614744] i2c /dev entries driver
[    1.625298] 0-004c supply vcc not found, using dummy regulator
[    1.640969] sdhci: Secure Digital Host Controller Interface driver
[    1.647162] sdhci: Copyright(c) Pierre Ossman
[    1.653231] Synopsys Designware Multimedia Card Interface Driver
[    1.660465] sdhci-pltfm: SDHCI platform and OF driver helper
[    1.666954] sdhci-tegra 700b0400.sdhci: Got CD GPIO
[    1.671861] sdhci-tegra 700b0400.sdhci: Got WP GPIO
[    1.676807] mmc0: Unknown controller version (3). You may experience problems.
[    1.684319] mmc0: Unknown controller version (3). You may experience problems.
[    1.691600] mmc0: Invalid maximum block size, assuming 512 bytes
[    1.729279] mmc0: SDHCI controller on 700b0600.sdhci [700b0600.sdhci] using ADMA 64-bit
[    1.739018] ledtrig-cpu: registered to indicate activity on CPUs
[    1.745375] usbcore: registered new interface driver usbhid
[    1.750957] usbhid: USB HID core driver
[    1.759357] tegra124-dfll 70110000.clock: couldn't get vdd_cpu regulator
[    1.770949] NET: Registered protocol family 10
[    1.776087] sit: IPv6 over IPv4 tunneling driver
[    1.781402] NET: Registered protocol family 17
[    1.785890] can: controller area network core (rev 20120528 abi 9)
[    1.792154] NET: Registered protocol family 29
[    1.796618] can: raw protocol (rev 20120528)
[    1.800908] can: broadcast manager protocol (rev 20120528 t)
[    1.806588] can: netlink gateway (rev 20130117) max_hops=1
[    1.812482] Key type dns_resolver registered
[    1.817417] ThumbEE CPU extension supported.
[    1.821718] Registering SWP/SWPB emulation handler
[    1.832139] +3.3V_RUN: supplied by +3.3V_SYS
[    1.837428] +3.3V_AVDD_HDMI_AP_GATED: supplied by +3.3V_RUN
[    1.843588] +USB0_VBUS_SW: supplied by +5V_SYS
[    1.848926] +5V_USB_HS: supplied by +5V_SYS
[    1.854559] +3.3V_LP0: supplied by +3.3V_SYS
[    1.861125] +5V_HDMI_CON: supplied by +5V_SYS
[    1.866307] +5V_SATA: supplied by +5V_SYS
[    1.871104] +12V_SATA: supplied by +VDD_MUX
[    1.877257] usb2-0 supply vbus not found, using dummy regulator
[    1.883395] usb2-1 supply vbus not found, using dummy regulator
[    1.889862] usb3-0 supply vbus not found, using dummy regulator
[    1.897211] tegra-pcie 1003000.pcie-controller: 2x1, 1x1 configuration
[    1.903925] tegra-pcie 1003000.pcie-controller: Failed to get supply 'avddio-pex': -517
[    1.913953] tegra-hdmi 54280000.hdmi: failed to get PLL regulator
[    1.923200] as3722-sd2: supplied by +5V_SYS
[    1.928010] as3722-sd3: supplied by +5V_SYS
[    1.932765] as3722-sd4: supplied by +5V_SYS
[    1.937432] +1.05V_RUN_AVDD_HDMI_PLL: supplied by +1.05V_RUN
[    1.943355] as3722-sd5: supplied by +5V_SYS
[    1.948410] mmc0: new high speed MMC card at address 0001
[    1.949400] as3722-ldo0: supplied by +1.35V_LP0(sd2)
[    1.950038] as3722-ldo1: supplied by +3.3V_RUN
[    1.950401] as3722-ldo2: supplied by +1.8V_VDDIO
[    1.951354] as3722-ldo3: supplied by +3.3V_SYS
[    1.952305] as3722-ldo4: supplied by +3.3V_SYS
[    1.952628] as3722-ldo5: supplied by +1.8V_VDDIO
[    1.952951] as3722-ldo6: supplied by +3.3V_RUN
[    1.953298] as3722-ldo7: supplied by +1.8V_VDDIO
[    1.953525] +1.05V_RUN_CAM_REAR: Bringing 0uV into 1050000-1050000uV
[    1.953954] as3722-ldo9: supplied by +5V_SYS
[    1.954426] +3.3V_RUN_TOUCH: Bringing 0uV into 2800000-2800000uV
[    1.954964] as3722-ldo10: supplied by +5V_SYS
[    1.955225] +2.8V_RUN_CAM_AF: Bringing 0uV into 2800000-2800000uV
[    1.955674] as3722-ldo11: supplied by +3.3V_RUN
[    1.955916] +1.8V_RUN_VPP_FUSE: Bringing 0uV into 1800000-1800000uV
[    1.959444] tegra-ahci 70027000.sata: AHCI 0001.0301 32 slots 2 ports 3 Gbps 0x1 impl platform mode
[    1.959456] tegra-ahci 70027000.sata: flags: 64bit ncq sntf pm led pio slum part sadm sds apst 
[    1.961976] scsi host0: tegra-ahci
[    1.963397] scsi host1: tegra-ahci
[    1.963855] ata1: SATA max UDMA/133 mmio [mem 0x70027000-0x70028fff] port 0x100 irq 343
[    1.963860] ata2: DUMMY
[    1.967337] tegra-ehci 7d008000.usb: EHCI Host Controller
[    1.967371] tegra-ehci 7d008000.usb: new USB bus registered, assigned bus number 2
[    1.967583] tegra-ehci 7d008000.usb: irq 353, io mem 0x7d008000
[    1.974337] tegra-ehci 7d008000.usb: USB 2.0 started, EHCI 1.10
[    1.975442] hub 2-0:1.0: USB hub found
[    1.975490] hub 2-0:1.0: 1 port detected
[    1.978485] sdhci-tegra 700b0400.sdhci: Got CD GPIO
[    1.978508] sdhci-tegra 700b0400.sdhci: Got WP GPIO
[    1.978585] mmc1: Unknown controller version (3). You may experience problems.
[    1.978826] mmc1: Invalid maximum block size, assuming 512 bytes
[    2.019867] mmc1: SDHCI controller on 700b0400.sdhci [700b0400.sdhci] using ADMA 64-bit
[    2.026029] tegra-pcie 1003000.pcie-controller: 2x1, 1x1 configuration
[    2.030472] tegra-pcie 1003000.pcie-controller: probing port 0, using 2 lanes
[    2.033585] tegra-pcie 1003000.pcie-controller: Slot present pin change, signature: 00000008
[    2.062695] tegra-pcie 1003000.pcie-controller: probing port 1, using 1 lanes
[    2.064295] tegra-pcie 1003000.pcie-controller: Slot present pin change, signature: 00000000
[    2.078876] tegra-pcie 1003000.pcie-controller: PCI host bridge to bus 0000:00
[    2.078886] pci_bus 0000:00: root bus resource [io  0x0000-0xffff]
[    2.078893] pci_bus 0000:00: root bus resource [mem 0x13000000-0x1fffffff]
[    2.078901] pci_bus 0000:00: root bus resource [mem 0x20000000-0x3fffffff pref]
[    2.078908] pci_bus 0000:00: root bus resource [bus 00-ff]
[    2.078951] pci 0000:00:01.0: [10de:0e12] type 01 class 0x060400
[    2.079075] pci 0000:00:01.0: PME# supported from D0 D1 D2 D3hot D3cold
[    2.079498] pci 0000:00:02.0: [10de:0e13] type 01 class 0x060400
[    2.079642] pci 0000:00:02.0: PME# supported from D0 D1 D2 D3hot D3cold
[    2.080052] PCI: bus0: Fast back to back transfers disabled
[    2.080062] pci 0000:00:01.0: bridge configuration invalid ([bus 00-00]), reconfiguring
[    2.080078] pci 0000:00:02.0: bridge configuration invalid ([bus 00-00]), reconfiguring
[    2.080331] pci 0000:01:00.0: [8086:4232] type 00 class 0x028000
[    2.080388] pci 0000:01:00.0: reg 0x10: [mem 0x00000000-0x00001fff 64bit]
[    2.080621] pci 0000:01:00.0: PME# supported from D0 D3hot D3cold
[    2.089433] PCI: bus1: Fast back to back transfers disabled
[    2.089448] pci_bus 0000:01: busn_res: [bus 01-ff] end is updated to 01
[    2.089765] pci 0000:02:00.0: [10ec:8168] type 00 class 0x020000
[    2.089802] pci 0000:02:00.0: reg 0x10: [io  0x0000-0x00ff]
[    2.089845] pci 0000:02:00.0: reg 0x18: [mem 0x00000000-0x00000fff 64bit]
[    2.089872] pci 0000:02:00.0: reg 0x20: [mem 0x00000000-0x00003fff 64bit pref]
[    2.090050] pci 0000:02:00.0: supports D1 D2
[    2.090056] pci 0000:02:00.0: PME# supported from D0 D1 D2 D3hot D3cold
[    2.099467] PCI: bus2: Fast back to back transfers disabled
[    2.099481] pci_bus 0000:02: busn_res: [bus 02-ff] end is updated to 02
[    2.099684] pci 0000:00:01.0: BAR 8: assigned [mem 0x13000000-0x130fffff]
[    2.099694] pci 0000:00:02.0: BAR 8: assigned [mem 0x13100000-0x131fffff]
[    2.099704] pci 0000:00:02.0: BAR 9: assigned [mem 0x20000000-0x200fffff 64bit pref]
[    2.099764] pci 0000:00:02.0: BAR 7: assigned [io  0x1000-0x1fff]
[    2.099779] pci 0000:01:00.0: BAR 0: assigned [mem 0x13000000-0x13001fff 64bit]
[    2.099815] pci 0000:00:01.0: PCI bridge to [bus 01]
[    2.099826] pci 0000:00:01.0:   bridge window [mem 0x13000000-0x130fffff]
[    2.099846] pci 0000:02:00.0: BAR 4: assigned [mem 0x20000000-0x20003fff 64bit pref]
[    2.099875] pci 0000:02:00.0: BAR 2: assigned [mem 0x13100000-0x13100fff 64bit]
[    2.099903] pci 0000:02:00.0: BAR 0: assigned [io  0x1000-0x10ff]
[    2.099916] pci 0000:00:02.0: PCI bridge to [bus 02]
[    2.099925] pci 0000:00:02.0:   bridge window [io  0x1000-0x1fff]
[    2.099936] pci 0000:00:02.0:   bridge window [mem 0x13100000-0x131fffff]
[    2.099945] pci 0000:00:02.0:   bridge window [mem 0x20000000-0x200fffff 64bit pref]
[    2.099991] pci 0000:00:01.0: nv_msi_ht_cap_quirk didn't locate host bridge
[    2.100123] pcieport 0000:00:01.0: enabling device (0140 -> 0142)
[    2.100396] pcieport 0000:00:01.0: Signaling PME through PCIe PME interrupt
[    2.100403] pci 0000:01:00.0: Signaling PME through PCIe PME interrupt
[    2.100414] pcie_pme 0000:00:01.0:pcie001: service driver pcie_pme loaded
[    2.100504] pci 0000:00:02.0: nv_msi_ht_cap_quirk didn't locate host bridge
[    2.100595] pcieport 0000:00:02.0: enabling device (0140 -> 0143)
[    2.100833] pcieport 0000:00:02.0: Signaling PME through PCIe PME interrupt
[    2.100839] pci 0000:02:00.0: Signaling PME through PCIe PME interrupt
[    2.100849] pcie_pme 0000:00:02.0:pcie001: service driver pcie_pme loaded
[    2.101172] r8169 Gigabit Ethernet driver 2.3LK-NAPI loaded
[    2.101198] r8169 0000:02:00.0: enabling device (0140 -> 0143)
[    2.116140] r8169 0000:02:00.0 eth0: RTL8168g/8111g at 0xf0a48000, 00:04:4b:3a:d9:81, XID 0c000800 IRQ 393
[    2.116149] r8169 0000:02:00.0 eth0: jumbo features [frames: 9200 bytes, tx checksumming: ko]
[    2.119578] [drm] Supports vblank timestamp caching Rev 2 (21.10.2013).
[    2.119582] [drm] No driver support for vblank timestamp query.
[    2.119631] drm drm: No connectors reported connected with modes
[    2.119640] [drm] Cannot find any crtc or sizes - going 1024x768
[    2.273857] mmc1: new high speed SDHC card at address aaaa
[    2.275327] mmcblk1: mmc1:aaaa SD04G 3.69 GiB 
[    2.277836] ata1: SATA link down (SStatus 0 SControl 300)
[    2.285166]  mmcblk1: p1 p2 p3
[    2.560106] mmcblk0: mmc0:0001 SEM16G 14.7 GiB 
[    2.566858] Console: switching to colour frame buffer device 128x48
[    2.574766] mmcblk0boot0: mmc0:0001 SEM16G partition 1 4.00 MiB
[    2.575948] mmcblk0boot1: mmc0:0001 SEM16G partition 2 4.00 MiB
[    2.576791] mmcblk0rpmb: mmc0:0001 SEM16G partition 3 4.00 MiB
[    2.591544]  mmcblk0: p1
[    2.606053] drm drm: fb0:  frame buffer device
[    2.624376] [drm] Initialized tegra 0.0.0 20120330 on minor 0
[    2.631803] of: dev_pm_opp_of_cpumask_add_table: couldn't find opp table for cpu:0, -19
[    2.639887] cpufreq: cpufreq_online: CPU0: Running at unlisted freq: 696000 KHz
[    2.647237] cpufreq: cpufreq_online: CPU0: Unlisted initial frequency changed to: 714000 KHz
[    2.656309] input: gpio-keys as /devices/soc0/gpio-keys/input/input0
[    2.663436] as3722-rtc as3722-rtc: setting system clock to 2000-01-01 00:01:37 UTC (946684897)
[    2.675347] +USB0_VBUS_SW: disabling
[    2.678921] +1.8V_RUN_CAM: disabling
[    2.682699] +2.8V_RUN_CAM: disabling
[    2.686475] +1.2V_RUN_CAM_FRONT: disabling
[    2.690836] +1.05V_RUN_CAM_REAR: disabling
[    2.695049] +3.3V_RUN_TOUCH: disabling
[    2.698960] +2.8V_RUN_CAM_AF: disabling
[    2.702953] +1.8V_RUN_VPP_FUSE: disabling
[    2.708200] EXT4-fs (mmcblk0p1): mounting ext3 file system using the ext4 subsystem
[    2.747841] EXT4-fs (mmcblk0p1): recovery complete
[    2.753607] EXT4-fs (mmcblk0p1): mounted filesystem with ordered data mode. Opts: (null)
[    2.761758] VFS: Mounted root (ext3 filesystem) on device 179:17.
[    2.771055] devtmpfs: mounted
[    2.774855] Freeing unused kernel memory: 2048K (c1100000 - c1300000)
bash: cannot set terminal process group (-1): Inappropriate ioctl for device
bash: no job control in this shell
root@(none):/# 