
U-Boot SPL 2014.01-00219-gc4d376f (Feb 18 2014 - 19:57:18)


U-Boot 2014.01-00219-gc4d376f (Feb 18 2014 - 19:57:18)

TEGRA30
Board: NVIDIA Beaver
I2C:   ready
DRAM:  2 GiB
MMC:   Tegra SD/MMC: 0, Tegra SD/MMC: 1
In:    serial
Out:   serial
Err:   serial
Net:   Net Initialization Skipped
No ethernet found.
Hit any key to stop autoboot:  2  0 
Tegra30 (Beaver) # 
Tegra30 (Beaver) # usb reset
(Re)start USB...
USB0:   USB EHCI 1.00
scanning bus 0 for devices... 2 USB Device(s) found
       scanning usb for storage devices... 0 Storage Device(s) found
       scanning usb for ethernet devices... 
Warning: asx0 using MAC address from net device
1 Ethernet Device(s) found
Tegra30 (Beaver) # setenv bootargs 'ignore_loglevel console=ttyS0,115200n8 rw root=PARTUUID=edbe1840-3633-c751-7993-b0ac834f81e0 rootwait gpt debug noinitrd earlyprintk init=/bin/bash'
Tegra30 (Beaver) # setenv ipaddr 192.168.100.101; setenv serverip 192.168.100.1; setenv tftpserverip 192.168.100.1
Tegra30 (Beaver) # tftpboot 0x81000000 zImage.multi_v7_defconfig
Using asx0 device
TFTP from server 192.168.100.1; our IP address is 192.168.100.101
Filename 'zImage.multi_v7_defconfig'.
Load address: 0x81000000
Loading: *#################################################################
	 #################################################################
	 #################################################################
	 #################################################################
	 #################################################################
	 #################################################################
	 #################################################################
	 ###########################################################
	 3.2 MiB/s
done
Bytes transferred = 7535296 (72fac0 hex)
Tegra30 (Beaver) # tftpboot 0x82000000 tegra30-beaver.dtb
Using asx0 device
TFTP from server 192.168.100.1; our IP address is 192.168.100.101
Filename 'tegra30-beaver.dtb'.
Load address: 0x82000000
Loading: *####
	 3.3 MiB/s
done
Bytes transferred = 51804 (ca5c hex)
Tegra30 (Beaver) # bootz 0x81000000 - 0x82000000
Kernel image @ 0x81000000 [ 0x000000 - 0x72fac0 ]
## Flattened Device Tree blob at 82000000
   Booting using the fdt blob at 0x82000000
   Loading Device Tree to 8fff0000, end 8ffffa5b ... OK

Starting kernel ...

[    0.000000] Booting Linux on physical CPU 0x0
[    0.000000] Linux version 4.11.0-rc2-155355-g4495c08 (pwalmsley@sellafield) (gcc version 4.7.3 20130328 (prerelease) (crosstool-NG linaro-1.13.1-4.7-2013.04-20130415 - Linaro GCC 2013.04) ) #1 SMP Sun Mar 12 15:05:38 PDT 2017
[    0.000000] CPU: ARMv7 Processor [412fc099] revision 9 (ARMv7), cr=10c5387d
[    0.000000] CPU: PIPT / VIPT nonaliasing data cache, VIPT aliasing instruction cache
[    0.000000] OF: fdt: Machine model: NVIDIA Tegra30 Beaver evaluation board
[    0.000000] debug: ignoring loglevel setting.
[    0.000000] efi: Getting EFI parameters from FDT:
[    0.000000] efi: UEFI not found.
[    0.000000] cma: Reserved 64 MiB at 0xfb800000
[    0.000000] Memory policy: Data cache writealloc
[    0.000000] On node 0 totalpages: 524032
[    0.000000] free_area_init_node: node 0, pgdat c1538180, node_mem_map eeff8000
[    0.000000]   DMA zone: 1536 pages used for memmap
[    0.000000]   DMA zone: 0 pages reserved
[    0.000000]   DMA zone: 196608 pages, LIFO batch:31
[    0.000000]   HighMem zone: 327424 pages, LIFO batch:31
[    0.000000] percpu: Embedded 16 pages/cpu @eef8c000 s34432 r8192 d22912 u65536
[    0.000000] pcpu-alloc: s34432 r8192 d22912 u65536 alloc=16*4096
[    0.000000] pcpu-alloc: [0] 0 [0] 1 [0] 2 [0] 3 
[    0.000000] Built 1 zonelists in Zone order, mobility grouping on.  Total pages: 522496
[    0.000000] Kernel command line: ignore_loglevel console=ttyS0,115200n8 rw root=PARTUUID=edbe1840-3633-c751-7993-b0ac834f81e0 rootwait gpt debug noinitrd earlyprintk init=/bin/bash
[    0.000000] PID hash table entries: 4096 (order: 2, 16384 bytes)
[    0.000000] Dentry cache hash table entries: 131072 (order: 7, 524288 bytes)
[    0.000000] Inode-cache hash table entries: 65536 (order: 6, 262144 bytes)
[    0.000000] Memory: 1993692K/2096128K available (10240K kernel code, 1254K rwdata, 4212K rodata, 2048K init, 536K bss, 36900K reserved, 65536K cma-reserved, 1244160K highmem)
[    0.000000] Virtual kernel memory layout:
[    0.000000]     vector  : 0xffff0000 - 0xffff1000   (   4 kB)
[    0.000000]     fixmap  : 0xffc00000 - 0xfff00000   (3072 kB)
[    0.000000]     vmalloc : 0xf0800000 - 0xff800000   ( 240 MB)
[    0.000000]     lowmem  : 0xc0000000 - 0xf0000000   ( 768 MB)
[    0.000000]     pkmap   : 0xbfe00000 - 0xc0000000   (   2 MB)
[    0.000000]     modules : 0xbf000000 - 0xbfe00000   (  14 MB)
[    0.000000]       .text : 0xc0208000 - 0xc0d00000   (11232 kB)
[    0.000000]       .init : 0xc1200000 - 0xc1400000   (2048 kB)
[    0.000000]       .data : 0xc1400000 - 0xc1539aa0   (1255 kB)
[    0.000000]        .bss : 0xc153b000 - 0xc15c12b8   ( 537 kB)
[    0.000000] SLUB: HWalign=64, Order=0-3, MinObjects=0, CPUs=4, Nodes=1
[    0.000000] Hierarchical RCU implementation.
[    0.000000] 	RCU debugfs-based tracing is enabled.
[    0.000000] 	Build-time adjustment of leaf fanout to 32.
[    0.000000] 	RCU restricting CPUs from NR_CPUS=16 to nr_cpu_ids=4.
[    0.000000] RCU: Adjusting geometry for rcu_fanout_leaf=32, nr_cpu_ids=4
[    0.000000] NR_IRQS:16 nr_irqs:16 16
[    0.000000] /interrupt-controller@60004000: 160 interrupts forwarded to /interrupt-controller@50041000
[    0.000000] L2C: platform modifies aux control register: 0x02080000 -> 0x3e480001
[    0.000000] L2C: DT/platform modifies aux control register: 0x02080000 -> 0x3e480001
[    0.000000] L2C-310 erratum 769419 enabled
[    0.000000] L2C-310 enabling early BRESP for Cortex-A9
[    0.000000] L2C-310: enabling full line of zeros but not enabled in Cortex-A9
[    0.000000] L2C-310 dynamic clock gating enabled, standby mode enabled
[    0.000000] L2C-310 cache controller enabled, 8 ways, 1024 kB
[    0.000000] L2C-310: CACHE_ID 0x410000c7, AUX_CTRL 0x4e480001
[    0.000013] sched_clock: 32 bits at 1000kHz, resolution 1000ns, wraps every 2147483647500ns
[    0.000029] clocksource: timer_us: mask: 0xffffffff max_cycles: 0xffffffff, max_idle_ns: 1911260446275 ns
[    0.000038] Switching to timer-based delay loop, resolution 1000ns
[    0.002832] Console: colour dummy device 80x30
[    0.002860] Calibrating delay loop (skipped), value calculated using timer frequency.. 2.00 BogoMIPS (lpj=10000)
[    0.002870] pid_max: default: 32768 minimum: 301
[    0.002944] Mount-cache hash table entries: 2048 (order: 1, 8192 bytes)
[    0.002952] Mountpoint-cache hash table entries: 2048 (order: 1, 8192 bytes)
[    0.003340] CPU: Testing write buffer coherency: ok
[    0.003656] CPU0: thread -1, cpu 0, socket 0, mpidr 80000000
[    0.003814] Setting up static identity map for 0x80300000 - 0x80300098
[    0.006431] Tegra Revision: A03 SKU: 128 CPU Process: 4 SoC Process: 0
[    0.006926] EFI services will not be available.
[    0.007080] smp: Bringing up secondary CPUs ...
[    0.010367] CPU1: thread -1, cpu 1, socket 0, mpidr 80000001
[    0.020326] CPU2: thread -1, cpu 2, socket 0, mpidr 80000002
[    0.030325] CPU3: thread -1, cpu 3, socket 0, mpidr 80000003
[    0.030369] smp: Brought up 1 node, 4 CPUs
[    0.030383] SMP: Total of 4 processors activated (8.00 BogoMIPS).
[    0.030389] CPU: All CPU(s) started in SVC mode.
[    0.031077] devtmpfs: initialized
[    0.039459] VFP support v0.3: implementor 41 architecture 3 part 30 variant 9 rev 4
[    0.039869] clocksource: jiffies: mask: 0xffffffff max_cycles: 0xffffffff, max_idle_ns: 19112604462750000 ns
[    0.039887] futex hash table entries: 1024 (order: 4, 65536 bytes)
[    0.043280] pinctrl core: initialized pinctrl subsystem
[    0.045034] NET: Registered protocol family 16
[    0.047904] DMA: preallocated 256 KiB pool for atomic coherent allocations
[    0.049644] cpuidle: using governor menu
[    0.064181] No ATAGs?
[    0.064287] hw-breakpoint: found 5 (+1 reserved) breakpoint and 1 watchpoint registers.
[    0.064297] hw-breakpoint: maximum watchpoint size is 4 bytes.
[    0.068246] Serial: AMBA PL011 UART driver
[    0.068719] tegra-mc 7000f000.memory-controller: no memory timings for RAM code 3 registered
[    0.077903] vdd_5v_sata: Failed to request enable GPIO30: -517
[    0.077918] reg-fixed-voltage regulators:regulator@3: Failed to register regulator: -517
[    0.077964] usb1_vbus: Failed to request enable GPIO238: -517
[    0.077971] reg-fixed-voltage regulators:regulator@4: Failed to register regulator: -517
[    0.078015] usb3_vbus: Failed to request enable GPIO236: -517
[    0.078022] reg-fixed-voltage regulators:regulator@5: Failed to register regulator: -517
[    0.078111] sys_3v3_pexs: Failed to request enable GPIO95: -517
[    0.078119] reg-fixed-voltage regulators:regulator@7: Failed to register regulator: -517
[    0.080029] vgaarb: loaded
[    0.080484] SCSI subsystem initialized
[    0.080593] libata version 3.00 loaded.
[    0.080743] usbcore: registered new interface driver usbfs
[    0.080781] usbcore: registered new interface driver hub
[    0.080814] usbcore: registered new device driver usb
[    0.087859] vrtc: supplied by vdd_5v_in
[    0.091149] vio: supplied by vdd_5v_in
[    0.101818] vdd1: supplied by vdd_5v_in
[    0.103173] vddio_ddr_1v2: Bringing 600000uV into 1200000-1200000uV
[    0.111826] vdd2: supplied by vdd_5v_in
[    0.131803] ldo1: supplied by vdd_1v5_gen
[    0.134183] ldo2: supplied by vdd_1v5_gen
[    0.134652] vdd_sata,avdd_plle: Bringing 1200000uV into 1050000-1050000uV
[    0.136881] ldo3: supplied by vdd_5v_in
[    0.139237] ldo4: supplied by vdd_5v_in
[    0.141813] ldo5: supplied by vdd_5v_in
[    0.151811] ldo6: supplied by vdd_1v8_gen
[    0.152281] avdd_dsi_csi,pwrdet_mipi: Bringing 1000000uV into 1200000-1200000uV
[    0.154542] ldo7: supplied by vdd_1v8_gen
[    0.161811] ldo8: supplied by vdd_1v8_gen
[    0.171895] pps_core: LinuxPPS API ver. 1 registered
[    0.171902] pps_core: Software ver. 5.3.6 - Copyright 2005-2007 Rodolfo Giometti <giometti@linux.it>
[    0.171915] PTP clock support registered
[    0.172055] EDAC MC: Ver: 3.0.0
[    0.173628] clocksource: Switched to clocksource timer_us
[    0.178845] NET: Registered protocol family 2
[    0.179230] TCP established hash table entries: 8192 (order: 3, 32768 bytes)
[    0.179283] TCP bind hash table entries: 8192 (order: 4, 65536 bytes)
[    0.179366] TCP: Hash tables configured (established 8192 bind 8192)
[    0.179478] UDP hash table entries: 512 (order: 2, 16384 bytes)
[    0.179538] UDP-Lite hash table entries: 512 (order: 2, 16384 bytes)
[    0.179704] NET: Registered protocol family 1
[    0.180027] RPC: Registered named UNIX socket transport module.
[    0.180035] RPC: Registered udp transport module.
[    0.180039] RPC: Registered tcp transport module.
[    0.180043] RPC: Registered tcp NFSv4.1 backchannel transport module.
[    0.180052] PCI: CLS 0 bytes, default 64
[    0.180861] hw perfevents: enabled with armv7_cortex_a9 PMU driver, 7 counters available
[    0.182084] workingset: timestamp_bits=30 max_order=19 bucket_order=0
[    0.186823] squashfs: version 4.0 (2009/01/31) Phillip Lougher
[    0.187237] NFS: Registering the id_resolver key type
[    0.187263] Key type id_resolver registered
[    0.187269] Key type id_legacy registered
[    0.187297] ntfs: driver 2.1.32 [Flags: R/O].
[    0.188305] bounce: pool size: 64 pages
[    0.188339] Block layer SCSI generic (bsg) driver version 0.4 loaded (major 248)
[    0.188348] io scheduler noop registered
[    0.188353] io scheduler deadline registered
[    0.188453] io scheduler cfq registered (default)
[    0.188459] io scheduler mq-deadline registered
[    0.194378] tegra30-pinctrl 70000868.pinmux: invalid group "sdmmc3_dat6_pd3" for function "rsvd1"
[    0.194393] tegra30-pinctrl 70000868.pinmux: invalid group "sdmmc3_dat7_pd4" for function "rsvd1"
[    0.194407] tegra30-pinctrl 70000868.pinmux: invalid group "vi_vsync_pd6" for function "rsvd1"
[    0.194416] tegra30-pinctrl 70000868.pinmux: invalid group "vi_hsync_pd7" for function "rsvd1"
[    0.194858] tegra30-pinctrl 70000868.pinmux: invalid group "hdmi_int_pn7" for function "rsvd1"
[    0.194908] tegra30-pinctrl 70000868.pinmux: invalid group "ulpi_data3_po4" for function "rsvd1"
[    0.195233] tegra30-pinctrl 70000868.pinmux: invalid group "vi_d10_pt2" for function "rsvd1"
[    0.195245] tegra30-pinctrl 70000868.pinmux: invalid group "vi_d11_pt3" for function "rsvd1"
[    0.195257] tegra30-pinctrl 70000868.pinmux: invalid group "vi_d0_pt4" for function "rsvd1"
[    0.195297] tegra30-pinctrl 70000868.pinmux: invalid group "pu0" for function "rsvd1"
[    0.195328] tegra30-pinctrl 70000868.pinmux: invalid group "pu3" for function "rsvd1"
[    0.195358] tegra30-pinctrl 70000868.pinmux: invalid group "pu6" for function "rsvd1"
[    0.195397] tegra30-pinctrl 70000868.pinmux: invalid group "pv3" for function "rsvd1"
[    0.195879] tegra30-pinctrl 70000868.pinmux: invalid group "pbb0" for function "rsvd1"
[    0.195998] tegra30-pinctrl 70000868.pinmux: invalid group "pcc1" for function "rsvd1"
[    0.201215] tegra-pcie 3000.pcie-controller: 2x3 configuration
[    0.201361] tegra-pcie 3000.pcie-controller: Failed to get supply 'hvdd-pex': -517
[    0.206785] tegra-apbdma 6000a000.dma: Tegra20 APB DMA driver register 32 channels
[    0.207950] tegra-pmc 7000e400.pmc: i2c-thermtrip node not found, emergency thermal reset disabled.
[    0.239503] Serial: 8250/16550 driver, 4 ports, IRQ sharing disabled
[    0.241660] console [ttyS0] disabled
[    0.241701] 70006000.serial: ttyS0 at MMIO 0x70006000 (irq = 331, base_baud = 25500000) is a Tegra
[    1.251190] console [ttyS0] enabled
[    1.255227] SuperH (H)SCI(F) driver initialized
[    1.260310] msm_serial: driver initialized
[    1.264525] STMicroelectronics ASC driver initialized
[    1.273758] tegra-hdmi 54280000.hdmi: failed to get HDMI regulator
[    1.288145] brd: module loaded
[    1.296998] loop: module loaded
[    1.305442] m25p80 spi32766.1: w25q32 (4096 Kbytes)
[    1.312200] libphy: Fixed MDIO Bus: probed
[    1.316985] CAN device driver interface
[    1.321367] bgmac_bcma: Broadcom 47xx GBit MAC driver loaded
[    1.327781] e1000e: Intel(R) PRO/1000 Network Driver - 3.2.6-k
[    1.333598] e1000e: Copyright(c) 1999 - 2015 Intel Corporation.
[    1.339553] igb: Intel(R) Gigabit Ethernet Network Driver - version 5.4.0-k
[    1.346503] igb: Copyright (c) 2007-2014 Intel Corporation.
[    1.353999] pegasus: v0.9.3 (2013/04/25), Pegasus/Pegasus II USB Ethernet driver
[    1.361425] usbcore: registered new interface driver pegasus
[    1.367104] usbcore: registered new interface driver asix
[    1.372513] usbcore: registered new interface driver ax88179_178a
[    1.378619] usbcore: registered new interface driver cdc_ether
[    1.384471] usbcore: registered new interface driver smsc75xx
[    1.390227] usbcore: registered new interface driver smsc95xx
[    1.395995] usbcore: registered new interface driver net1080
[    1.401655] usbcore: registered new interface driver cdc_subset
[    1.407585] usbcore: registered new interface driver zaurus
[    1.413179] usbcore: registered new interface driver cdc_ncm
[    1.420194] ehci_hcd: USB 2.0 'Enhanced' Host Controller (EHCI) Driver
[    1.426717] ehci-pci: EHCI PCI platform driver
[    1.431171] ehci-platform: EHCI generic platform driver
[    1.436513] ehci-orion: EHCI orion driver
[    1.440585] SPEAr-ehci: EHCI SPEAr driver
[    1.444668] ehci-st: EHCI STMicroelectronics driver
[    1.449606] ehci-exynos: EHCI EXYNOS driver
[    1.453875] ehci-atmel: EHCI Atmel driver
[    1.457945] tegra-ehci: Tegra EHCI driver
[    1.462230] ohci_hcd: USB 1.1 'Open' Host Controller (OHCI) Driver
[    1.468413] ohci-pci: OHCI PCI platform driver
[    1.472872] ohci-platform: OHCI generic platform driver
[    1.478203] ohci-omap3: OHCI OMAP3 driver
[    1.482277] SPEAr-ohci: OHCI SPEAr driver
[    1.486361] ohci-st: OHCI STMicroelectronics driver
[    1.491298] ohci-atmel: OHCI Atmel driver
[    1.495742] usbcore: registered new interface driver usb-storage
[    1.504142] tegra_rtc 7000e000.rtc: rtc core: registered 7000e000.rtc as rtc1
[    1.511291] tegra_rtc 7000e000.rtc: Tegra internal Real Time Clock
[    1.520151] random: fast init done
[    1.533449] tps65910-rtc tps65910-rtc: rtc core: registered tps65910-rtc as rtc0
[    1.541049] i2c /dev entries driver
[    1.552568] sdhci: Secure Digital Host Controller Interface driver
[    1.558760] sdhci: Copyright(c) Pierre Ossman
[    1.564030] Synopsys Designware Multimedia Card Interface Driver
[    1.570683] sdhci-pltfm: SDHCI platform and OF driver helper
[    1.576839] sdhci-tegra 78000000.sdhci: Got CD GPIO
[    1.581713] sdhci-tegra 78000000.sdhci: Got WP GPIO
[    1.587844] mmc0: Invalid maximum block size, assuming 512 bytes
[    1.653713] mmc0: SDHCI controller on 78000000.sdhci [78000000.sdhci] using ADMA
[    1.662290] mmc1: Invalid maximum block size, assuming 512 bytes
[    1.723646] mmc1: SDHCI controller on 78000600.sdhci [78000600.sdhci] using ADMA
[    1.732379] ledtrig-cpu: registered to indicate activity on CPUs
[    1.740633] usbcore: registered new interface driver usbhid
[    1.746203] usbhid: USB HID core driver
[    1.752454] NET: Registered protocol family 10
[    1.759556] Segment Routing with IPv6
[    1.763248] sit: IPv6, IPv4 and MPLS over IPv4 tunneling driver
[    1.769592] NET: Registered protocol family 17
[    1.774045] can: controller area network core (rev 20120528 abi 9)
[    1.780323] NET: Registered protocol family 29
[    1.784771] can: raw protocol (rev 20120528)
[    1.789029] can: broadcast manager protocol (rev 20161123 t)
[    1.794683] can: netlink gateway (rev 20130117) max_hops=1
[    1.800429] Key type dns_resolver registered
[    1.805105] ThumbEE CPU extension supported.
[    1.809367] Registering SWP/SWPB emulation handler
[    1.836639] vdd_ddr: supplied by vdd_5v_in
[    1.841585] vdd_5v_sata: supplied by vdd_5v_in
[    1.846367] usb1_vbus: supplied by vdd_5v_in
[    1.850941] usb3_vbus: supplied by vdd_5v_in
[    1.858028] sys_3v3,vdd_3v3_alw: supplied by vdd_5v_in
[    1.864365] sys_3v3_pexs: supplied by sys_3v3,vdd_3v3_alw
[    1.869900] +VDD_5V_HDMI: supplied by sys_3v3,vdd_3v3_alw
[    1.875918] mmc1: new high speed MMC card at address 0001
[    1.875953] tegra-pcie 3000.pcie-controller: 2x3 configuration
[    1.884880] tegra-pcie 3000.pcie-controller: probing port 0, using 2 lanes
[    1.894304] mmc0: new ultra high speed DDR50 SDHC card at address aaaa
[    1.901111] mmcblk1: mmc1:0001 SEM16G 14.8 GiB 
[    1.905761] mmcblk0: mmc0:aaaa SS04G 3.69 GiB 
[    1.910984] mmcblk1boot0: mmc1:0001 SEM16G partition 1 1.00 MiB
[    1.917374] mmcblk1boot1: mmc1:0001 SEM16G partition 2 1.00 MiB
[    1.923412] mmcblk1rpmb: mmc1:0001 SEM16G partition 3 128 KiB
[    1.931844] Primary GPT is invalid, using alternate GPT.
[    1.937185]  mmcblk1: p1 p2 p3 p4 p5
[    1.942946]  mmcblk0: p1 p2 p3
[    1.943218] tegra-pcie 3000.pcie-controller: probing port 2, using 2 lanes
[    2.347016] tegra-pcie 3000.pcie-controller: link 2 down, retrying
[    2.756970] tegra-pcie 3000.pcie-controller: link 2 down, retrying
[    3.166909] tegra-pcie 3000.pcie-controller: link 2 down, retrying
[    3.175086] tegra-pcie 3000.pcie-controller: link 2 down, ignoring
[    3.181375] tegra-pcie 3000.pcie-controller: PCI host bridge to bus 0000:00
[    3.188350] pci_bus 0000:00: root bus resource [io  0x0000-0xffff]
[    3.194525] pci_bus 0000:00: root bus resource [mem 0x20000000-0x27ffffff]
[    3.201383] pci_bus 0000:00: root bus resource [mem 0x28000000-0x3fffffff pref]
[    3.208682] pci_bus 0000:00: root bus resource [bus 00-ff]
[    3.214186] pci 0000:00:01.0: [10de:0e1c] type 01 class 0x060400
[    3.220201] pci_bus 0000:00: 2-byte config write to 0000:00:01.0 offset 0x88 may corrupt adjacent RW1C bits
[    3.229961] pci_bus 0000:00: 2-byte config write to 0000:00:01.0 offset 0x52 may corrupt adjacent RW1C bits
[    3.239704] pci 0000:00:01.0: PME# supported from D0 D1 D2 D3hot D3cold
[    3.246313] pci_bus 0000:00: 2-byte config write to 0000:00:01.0 offset 0x4c may corrupt adjacent RW1C bits
[    3.256182] pci_bus 0000:00: 2-byte config write to 0000:00:01.0 offset 0x3e may corrupt adjacent RW1C bits
[    3.265912] pci_bus 0000:00: 2-byte config write to 0000:00:01.0 offset 0x4 may corrupt adjacent RW1C bits
[    3.275553] pci_bus 0000:00: 1-byte config write to 0000:00:01.0 offset 0xc may corrupt adjacent RW1C bits
[    3.285191] PCI: bus0: Fast back to back transfers disabled
[    3.290750] pci 0000:00:01.0: bridge configuration invalid ([bus 00-00]), reconfiguring
[    3.298743] pci_bus 0000:00: 2-byte config write to 0000:00:01.0 offset 0x3e may corrupt adjacent RW1C bits
[    3.308470] pci_bus 0000:00: 2-byte config write to 0000:00:01.0 offset 0x3e may corrupt adjacent RW1C bits
[    3.318196] pci_bus 0000:00: 2-byte config write to 0000:00:01.0 offset 0x3e may corrupt adjacent RW1C bits
[    3.327921] pci_bus 0000:00: 2-byte config write to 0000:00:01.0 offset 0x6 may corrupt adjacent RW1C bits
[    3.337657] pci 0000:01:00.0: [10ec:8168] type 00 class 0x020000
[    3.343674] pci 0000:01:00.0: reg 0x10: [io  0x0000-0x00ff]
[    3.349247] pci 0000:01:00.0: reg 0x18: [mem 0x00000000-0x00000fff 64bit pref]
[    3.356469] pci 0000:01:00.0: reg 0x20: [mem 0x00000000-0x00003fff 64bit pref]
[    3.363757] pci 0000:01:00.0: supports D1 D2
[    3.368015] pci 0000:01:00.0: PME# supported from D0 D1 D2 D3hot D3cold
[    3.403656] PCI: bus1: Fast back to back transfers disabled
[    3.409220] pci_bus 0000:01: busn_res: [bus 01-ff] end is updated to 01
[    3.415898] pci 0000:00:01.0: BAR 9: assigned [mem 0x28000000-0x280fffff 64bit pref]
[    3.423636] pci 0000:00:01.0: BAR 7: assigned [io  0x1000-0x1fff]
[    3.429724] pci 0000:01:00.0: BAR 4: assigned [mem 0x28000000-0x28003fff 64bit pref]
[    3.437470] pci 0000:01:00.0: BAR 2: assigned [mem 0x28004000-0x28004fff 64bit pref]
[    3.445213] pci 0000:01:00.0: BAR 0: assigned [io  0x1000-0x10ff]
[    3.451295] pci 0000:00:01.0: PCI bridge to [bus 01]
[    3.456254] pci 0000:00:01.0:   bridge window [io  0x1000-0x1fff]
[    3.462334] pci 0000:00:01.0:   bridge window [mem 0x28000000-0x280fffff 64bit pref]
[    3.470082] pci 0000:00:01.0: nv_msi_ht_cap_quirk didn't locate host bridge
[    3.477098] pcieport 0000:00:01.0: enabling device (0140 -> 0143)
[    3.483380] pcieport 0000:00:01.0: Signaling PME with IRQ 374
[    3.489320] r8169 Gigabit Ethernet driver 2.3LK-NAPI loaded
[    3.494910] r8169 0000:01:00.0: enabling device (0140 -> 0143)
[    3.501670] r8169 0000:01:00.0 eth0: RTL8168evl/8111evl at 0xf0afe000, 02:04:4b:01:60:a6, XID 0c900800 IRQ 375
[    3.511673] r8169 0000:01:00.0 eth0: jumbo features [frames: 9200 bytes, tx checksumming: ko]
[    3.522453] [drm] Supports vblank timestamp caching Rev 2 (21.10.2013).
[    3.529093] [drm] No driver support for vblank timestamp query.
[    3.535043] [drm] Cannot find any crtc or sizes - going 1024x768
[    3.560608] Console: switching to colour frame buffer device 128x48
[    3.572943] drm drm: fb0:  frame buffer device
[    3.577497] [drm] Initialized tegra 0.0.0 20120330 for drm on minor 0
[    3.589460] utmi_phy_clk_enable: timeout waiting for phy to stabilize
[    3.595952] tegra-ehci 7d004000.usb: EHCI Host Controller
[    3.601355] tegra-ehci 7d004000.usb: new USB bus registered, assigned bus number 1
[    3.609170] tegra-ehci 7d004000.usb: irq 343, io mem 0x7d004000
[    3.643638] tegra-ehci 7d004000.usb: USB 2.0 started, EHCI 1.00
[    3.650162] hub 1-0:1.0: USB hub found
[    3.653947] hub 1-0:1.0: 1 port detected
[    3.659101] tegra-ehci 7d008000.usb: EHCI Host Controller
[    3.664526] tegra-ehci 7d008000.usb: new USB bus registered, assigned bus number 2
[    3.672256] tegra-ehci 7d008000.usb: irq 344, io mem 0x7d008000
[    3.704401] tegra-ehci 7d008000.usb: USB 2.0 started, EHCI 1.00
[    3.710786] hub 2-0:1.0: USB hub found
[    3.714563] hub 2-0:1.0: 1 port detected
[    3.723692] tps65910-rtc tps65910-rtc: setting system clock to 2000-01-01 00:00:02 UTC (946684802)
[    3.733305] vdd_sata,avdd_plle: disabling
[    3.738054] usb1_vbus: disabling
[    3.742814] EXT4-fs (mmcblk1p1): mounting ext3 file system using the ext4 subsystem
[    3.804902] EXT4-fs (mmcblk1p1): warning: mounting fs with errors, running e2fsck is recommended
[    3.815119] EXT4-fs (mmcblk1p1): recovery complete
[    3.821085] EXT4-fs (mmcblk1p1): mounted filesystem with ordered data mode. Opts: (null)
[    3.829218] VFS: Mounted root (ext3 filesystem) on device 179:1.
[    3.839787] devtmpfs: mounted
[    3.845256] Freeing unused kernel memory: 2048K
bash: cannot set terminal process group (-1): Inappropriate ioctl for device
bash: no job control in this shell
root@(none):/# [    4.084042] usb 2-1: new high-speed USB device number 2 using tegra-ehci
[    4.760615] asix 2-1:1.0 eth1: register 'asix' at usb-7d008000.usb-1, ASIX AX88772 USB 2.0 Ethernet, 00:50:b6:0f:67:60
