
U-Boot SPL 2014.01-00219-gc4d376f (Feb 18 2014 - 19:57:18)


U-Boot 2014.01-00219-gc4d376f (Feb 18 2014 - 19:57:18)

TEGRA30
Board: NVIDIA Beaver
I2C:   ready
DRAM:  2 GiB
MMC:   Tegra SD/MMC: 0, Tegra SD/MMC: 1
In:    serial
Out:   serial
Err:   serial
Net:   Net Initialization Skipped
No ethernet found.
Hit any key to stop autoboot:  2  0 
Tegra30 (Beaver) # 
Tegra30 (Beaver) # usb reset
(Re)start USB...
USB0:   USB EHCI 1.00
scanning bus 0 for devices... 2 USB Device(s) found
       scanning usb for storage devices... 0 Storage Device(s) found
       scanning usb for ethernet devices... 
Warning: asx0 using MAC address from net device
1 Ethernet Device(s) found
Tegra30 (Beaver) # setenv bootargs 'ignore_loglevel console=ttyS0,115200n8 rw root=PARTUUID=edbe1840-3633-c751-7993-b0ac834f81e0 rootwait gpt debug noinitrd earlyprintk init=/bin/bash'
Tegra30 (Beaver) # setenv ipaddr 192.168.100.101; setenv serverip 192.168.100.1; setenv tftpserverip 192.168.100.1
Tegra30 (Beaver) # tftpboot 0x81000000 zImage.multi_v7_defconfig
Using asx0 device
TFTP from server 192.168.100.1; our IP address is 192.168.100.101
Filename 'zImage.multi_v7_defconfig'.
Load address: 0x81000000
Loading: *#################################################################
	 #################################################################
	 #################################################################
	 #################################################################
	 #################################################################
	 #################################################################
	 #################################################################
	 #################################################################
	 #############################
	 2.8 MiB/s
done
Bytes transferred = 8057344 (7af200 hex)
Tegra30 (Beaver) # tftpboot 0x82000000 tegra30-beaver.dtb
Using asx0 device
TFTP from server 192.168.100.1; our IP address is 192.168.100.101
Filename 'tegra30-beaver.dtb'.
Load address: 0x82000000
Loading: *####
	 2.7 MiB/s
done
Bytes transferred = 51470 (c90e hex)
Tegra30 (Beaver) # bootz 0x81000000 - 0x82000000
Kernel image @ 0x81000000 [ 0x000000 - 0x7af200 ]
## Flattened Device Tree blob at 82000000
   Booting using the fdt blob at 0x82000000
   Loading Device Tree to 8fff0000, end 8ffff90d ... OK

Starting kernel ...

[    0.000000] Booting Linux on physical CPU 0x0
[    0.000000] Linux version 4.15.0-rc1-333438-g4fbd8d194f06 (jonathanh@tamien) (gcc version 4.7.3 20130328 (prerelease) (crosstool-NG linaro-1.13.1-4.7-2013.04-20130415 - Linaro GCC 2013.04)) #1 SMP Mon Dec 4 13:33:57 PST 2017
[    0.000000] CPU: ARMv7 Processor [412fc099] revision 9 (ARMv7), cr=10c5387d
[    0.000000] CPU: PIPT / VIPT nonaliasing data cache, VIPT aliasing instruction cache
[    0.000000] OF: fdt: Machine model: NVIDIA Tegra30 Beaver evaluation board
[    0.000000] debug: ignoring loglevel setting.
[    0.000000] Memory policy: Data cache writealloc
[    0.000000] efi: Getting EFI parameters from FDT:
[    0.000000] efi: UEFI not found.
[    0.000000] cma: Reserved 64 MiB at 0xfb800000
[    0.000000] On node 0 totalpages: 524032
[    0.000000]   DMA zone: 1536 pages used for memmap
[    0.000000]   DMA zone: 0 pages reserved
[    0.000000]   DMA zone: 196608 pages, LIFO batch:31
[    0.000000]   HighMem zone: 327424 pages, LIFO batch:31
[    0.000000] random: fast init done
[    0.000000] percpu: Embedded 17 pages/cpu @eef8c000 s39040 r8192 d22400 u69632
[    0.000000] pcpu-alloc: s39040 r8192 d22400 u69632 alloc=17*4096
[    0.000000] pcpu-alloc: [0] 0 [0] 1 [0] 2 [0] 3 
[    0.000000] Built 1 zonelists, mobility grouping on.  Total pages: 522496
[    0.000000] Kernel command line: ignore_loglevel console=ttyS0,115200n8 rw root=PARTUUID=edbe1840-3633-c751-7993-b0ac834f81e0 rootwait gpt debug noinitrd earlyprintk init=/bin/bash
[    0.000000] Dentry cache hash table entries: 131072 (order: 7, 524288 bytes)
[    0.000000] Inode-cache hash table entries: 65536 (order: 6, 262144 bytes)
[    0.000000] Memory: 1992476K/2096128K available (11264K kernel code, 1602K rwdata, 4296K rodata, 2048K init, 404K bss, 38116K reserved, 65536K cma-reserved, 1244160K highmem)
[    0.000000] Virtual kernel memory layout:
[    0.000000]     vector  : 0xffff0000 - 0xffff1000   (   4 kB)
[    0.000000]     fixmap  : 0xffc00000 - 0xfff00000   (3072 kB)
[    0.000000]     vmalloc : 0xf0800000 - 0xff800000   ( 240 MB)
[    0.000000]     lowmem  : 0xc0000000 - 0xf0000000   ( 768 MB)
[    0.000000]     pkmap   : 0xbfe00000 - 0xc0000000   (   2 MB)
[    0.000000]     modules : 0xbf000000 - 0xbfe00000   (  14 MB)
[    0.000000]       .text : 0xc0208000 - 0xc0e00000   (12256 kB)
[    0.000000]       .init : 0xc1300000 - 0xc1500000   (2048 kB)
[    0.000000]       .data : 0xc1500000 - 0xc1690a5c   (1603 kB)
[    0.000000]        .bss : 0xc1690a5c - 0xc16f5ca4   ( 405 kB)
[    0.000000] SLUB: HWalign=64, Order=0-3, MinObjects=0, CPUs=4, Nodes=1
[    0.000000] Hierarchical RCU implementation.
[    0.000000] 	RCU event tracing is enabled.
[    0.000000] 	RCU restricting CPUs from NR_CPUS=16 to nr_cpu_ids=4.
[    0.000000] RCU: Adjusting geometry for rcu_fanout_leaf=16, nr_cpu_ids=4
[    0.000000] NR_IRQS: 16, nr_irqs: 16, preallocated irqs: 16
[    0.000000] /interrupt-controller@60004000: 160 interrupts forwarded to /interrupt-controller@50041000
[    0.000000] L2C: platform modifies aux control register: 0x02080000 -> 0x3e480001
[    0.000000] L2C: DT/platform modifies aux control register: 0x02080000 -> 0x3e480001
[    0.000000] L2C-310 erratum 769419 enabled
[    0.000000] L2C-310 enabling early BRESP for Cortex-A9
[    0.000000] L2C-310: enabling full line of zeros but not enabled in Cortex-A9
[    0.000000] L2C-310 dynamic clock gating enabled, standby mode enabled
[    0.000000] L2C-310 cache controller enabled, 8 ways, 1024 kB
[    0.000000] L2C-310: CACHE_ID 0x410000c7, AUX_CTRL 0x4e480001
[    0.000012] sched_clock: 32 bits at 1000kHz, resolution 1000ns, wraps every 2147483647500ns
[    0.000029] clocksource: timer_us: mask: 0xffffffff max_cycles: 0xffffffff, max_idle_ns: 1911260446275 ns
[    0.000038] Switching to timer-based delay loop, resolution 1000ns
[    0.002996] Console: colour dummy device 80x30
[    0.003027] Calibrating delay loop (skipped), value calculated using timer frequency.. 2.00 BogoMIPS (lpj=10000)
[    0.003037] pid_max: default: 32768 minimum: 301
[    0.003112] Mount-cache hash table entries: 2048 (order: 1, 8192 bytes)
[    0.003120] Mountpoint-cache hash table entries: 2048 (order: 1, 8192 bytes)
[    0.003534] CPU: Testing write buffer coherency: ok
[    0.003842] CPU0: thread -1, cpu 0, socket 0, mpidr 80000000
[    0.004068] Setting up static identity map for 0x80300000 - 0x803000a0
[    0.005402] Hierarchical SRCU implementation.
[    0.006738] Tegra Revision: A03 SKU: 128 CPU Process: 4 SoC Process: 0
[    0.007312] EFI services will not be available.
[    0.007414] smp: Bringing up secondary CPUs ...
[    0.010373] CPU1: thread -1, cpu 1, socket 0, mpidr 80000001
[    0.020353] CPU2: thread -1, cpu 2, socket 0, mpidr 80000002
[    0.030332] CPU3: thread -1, cpu 3, socket 0, mpidr 80000003
[    0.030388] smp: Brought up 1 node, 4 CPUs
[    0.030400] SMP: Total of 4 processors activated (8.00 BogoMIPS).
[    0.030405] CPU: All CPU(s) started in SVC mode.
[    0.031132] devtmpfs: initialized
[    0.038000] VFP support v0.3: implementor 41 architecture 3 part 30 variant 9 rev 4
[    0.038421] clocksource: jiffies: mask: 0xffffffff max_cycles: 0xffffffff, max_idle_ns: 19112604462750000 ns
[    0.038439] futex hash table entries: 1024 (order: 4, 65536 bytes)
[    0.041884] pinctrl core: initialized pinctrl subsystem
[    0.043255] DMI not present or invalid.
[    0.043504] NET: Registered protocol family 16
[    0.046451] DMA: preallocated 256 KiB pool for atomic coherent allocations
[    0.048142] cpuidle: using governor menu
[    0.061450] No ATAGs?
[    0.061553] hw-breakpoint: found 5 (+1 reserved) breakpoint and 1 watchpoint registers.
[    0.061564] hw-breakpoint: maximum watchpoint size is 4 bytes.
[    0.065855] Serial: AMBA PL011 UART driver
[    0.066458] tegra-mc 7000f000.memory-controller: no memory timings for RAM code 3 registered
[    0.066551] iommu: Adding device reg-dummy to group 0
[    0.066575] iommu: Adding device 3000.pcie to group 1
[    0.066595] iommu: Adding device 50000000.host1x to group 2
[    0.066613] iommu: Adding device 54040000.mpe to group 3
[    0.066637] iommu: Adding device 54080000.vi to group 4
[    0.066655] iommu: Adding device 540c0000.epp to group 5
[    0.066679] iommu: Adding device 54100000.isp to group 6
[    0.066697] iommu: Adding device 54140000.gr2d to group 7
[    0.066716] iommu: Adding device 54180000.gr3d to group 8
[    0.066781] iommu: Adding device 54200000.dc to group 9
[    0.066821] iommu: Adding device 54240000.dc to group 10
[    0.066845] iommu: Adding device 54280000.hdmi to group 11
[    0.066864] iommu: Adding device 50040600.timer to group 12
[    0.066882] iommu: Adding device 50043000.cache-controller to group 13
[    0.066899] iommu: Adding device 60005000.timer to group 14
[    0.066916] iommu: Adding device 60007000.flow-controller to group 15
[    0.066940] iommu: Adding device 6000a000.dma to group 16
[    0.066957] iommu: Adding device 6000c000.ahb to group 17
[    0.066975] iommu: Adding device 6000d000.gpio to group 18
[    0.066992] iommu: Adding device 70000800.apbmisc to group 19
[    0.067015] iommu: Adding device 70000868.pinmux to group 20
[    0.067034] iommu: Adding device 70006000.serial to group 21
[    0.067050] iommu: Adding device 7000e000.rtc to group 22
[    0.067067] iommu: Adding device 7000c000.i2c to group 23
[    0.067086] iommu: Adding device 7000c400.i2c to group 24
[    0.067103] iommu: Adding device 7000c500.i2c to group 25
[    0.067125] iommu: Adding device 7000c700.i2c to group 26
[    0.067150] iommu: Adding device 7000d000.i2c to group 27
[    0.067172] iommu: Adding device 7000da00.spi to group 28
[    0.067191] iommu: Adding device 7000e400.pmc to group 29
[    0.067208] iommu: Adding device 7000f000.memory-controller to group 30
[    0.067225] iommu: Adding device 7000f800.fuse to group 31
[    0.067242] iommu: Adding device 70080000.ahub to group 32
[    0.067261] iommu: Adding device 78000000.sdhci to group 33
[    0.067278] iommu: Adding device 78000600.sdhci to group 34
[    0.067295] iommu: Adding device 7d000000.usb to group 35
[    0.067314] iommu: Adding device 7d000000.usb-phy to group 36
[    0.067343] iommu: Adding device 7d004000.usb to group 37
[    0.067363] iommu: Adding device 7d004000.usb-phy to group 38
[    0.067380] iommu: Adding device 7d008000.usb to group 39
[    0.067399] iommu: Adding device 7d008000.usb-phy to group 40
[    0.067416] iommu: Adding device pmu to group 41
[    0.067432] iommu: Adding device clocks to group 42
[    0.067447] iommu: Adding device gpio-leds to group 43
[    0.067464] iommu: Adding device regulators to group 44
[    0.067486] iommu: Adding device regulators:regulator@0 to group 45
[    0.067535] iommu: Adding device regulators:regulator@1 to group 46
[    0.067554] iommu: Adding device regulators:regulator@2 to group 47
[    0.067579] iommu: Adding device regulators:regulator@3 to group 48
[    0.067598] iommu: Adding device regulators:regulator@4 to group 49
[    0.067616] iommu: Adding device regulators:regulator@5 to group 50
[    0.067633] iommu: Adding device regulators:regulator@6 to group 51
[    0.067652] iommu: Adding device regulators:regulator@7 to group 52
[    0.067674] iommu: Adding device regulators:regulator@8 to group 53
[    0.067691] iommu: Adding device sound to group 54
[    0.076208] AT91: Could not find identification node
[    0.076696] vdd_5v_sata: Failed to request enable GPIO30: -517
[    0.076711] reg-fixed-voltage regulators:regulator@3: Failed to register regulator: -517
[    0.076761] usb1_vbus: Failed to request enable GPIO238: -517
[    0.076768] reg-fixed-voltage regulators:regulator@4: Failed to register regulator: -517
[    0.076817] usb3_vbus: Failed to request enable GPIO236: -517
[    0.076824] reg-fixed-voltage regulators:regulator@5: Failed to register regulator: -517
[    0.076927] sys_3v3_pexs: Failed to request enable GPIO95: -517
[    0.076934] reg-fixed-voltage regulators:regulator@7: Failed to register regulator: -517
[    0.078750] vgaarb: loaded
[    0.079224] SCSI subsystem initialized
[    0.079380] libata version 3.00 loaded.
[    0.079516] usbcore: registered new interface driver usbfs
[    0.079545] usbcore: registered new interface driver hub
[    0.079578] usbcore: registered new device driver usb
[    0.083981] iommu: Adding device tps65910-gpio to group 55
[    0.084260] iommu: Adding device tps65910-pmic to group 56
[    0.086727] vrtc: supplied by vdd_5v_in
[    0.090006] vio: supplied by vdd_5v_in
[    0.101813] vdd1: supplied by vdd_5v_in
[    0.103172] vddio_ddr_1v2: Bringing 600000uV into 1200000-1200000uV
[    0.111817] vdd2: supplied by vdd_5v_in
[    0.131805] ldo1: supplied by vdd_1v5_gen
[    0.134167] ldo2: supplied by vdd_1v5_gen
[    0.134638] vdd_sata,avdd_plle: Bringing 1200000uV into 1050000-1050000uV
[    0.136857] ldo3: supplied by vdd_5v_in
[    0.139196] ldo4: supplied by vdd_5v_in
[    0.141803] ldo5: supplied by vdd_5v_in
[    0.151797] ldo6: supplied by vdd_1v8_gen
[    0.152267] avdd_dsi_csi,pwrdet_mipi: Bringing 1000000uV into 1200000-1200000uV
[    0.154504] ldo7: supplied by vdd_1v8_gen
[    0.161797] ldo8: supplied by vdd_1v8_gen
[    0.170080] iommu: Adding device tps65910-rtc to group 57
[    0.170202] iommu: Adding device tps65910-power to group 58
[    0.171950] pps_core: LinuxPPS API ver. 1 registered
[    0.171957] pps_core: Software ver. 5.3.6 - Copyright 2005-2007 Rodolfo Giometti <giometti@linux.it>
[    0.171973] PTP clock support registered
[    0.172110] EDAC MC: Ver: 3.0.0
[    0.172303] dmi: Firmware registration failed.
[    0.173671] clocksource: Switched to clocksource timer_us
[    0.203982] NET: Registered protocol family 2
[    0.204376] TCP established hash table entries: 8192 (order: 3, 32768 bytes)
[    0.204433] TCP bind hash table entries: 8192 (order: 4, 65536 bytes)
[    0.204520] TCP: Hash tables configured (established 8192 bind 8192)
[    0.204657] UDP hash table entries: 512 (order: 2, 16384 bytes)
[    0.204723] UDP-Lite hash table entries: 512 (order: 2, 16384 bytes)
[    0.204890] NET: Registered protocol family 1
[    0.205229] RPC: Registered named UNIX socket transport module.
[    0.205237] RPC: Registered udp transport module.
[    0.205241] RPC: Registered tcp transport module.
[    0.205245] RPC: Registered tcp NFSv4.1 backchannel transport module.
[    0.205255] PCI: CLS 0 bytes, default 64
[    0.206077] hw perfevents: no interrupt-affinity property for /pmu, guessing.
[    0.206321] hw perfevents: enabled with armv7_cortex_a9 PMU driver, 7 counters available
[    0.206827] iommu: Adding device alarmtimer to group 59
[    0.207405] Initialise system trusted keyrings
[    0.207527] workingset: timestamp_bits=30 max_order=19 bucket_order=0
[    0.210706] squashfs: version 4.0 (2009/01/31) Phillip Lougher
[    0.211101] NFS: Registering the id_resolver key type
[    0.211122] Key type id_resolver registered
[    0.211127] Key type id_legacy registered
[    0.211155] ntfs: driver 2.1.32 [Flags: R/O].
[    0.212093] Key type asymmetric registered
[    0.212101] Asymmetric key parser 'x509' registered
[    0.212136] bounce: pool size: 64 pages
[    0.212180] Block layer SCSI generic (bsg) driver version 0.4 loaded (major 247)
[    0.212189] io scheduler noop registered
[    0.212193] io scheduler deadline registered
[    0.212338] io scheduler cfq registered (default)
[    0.212345] io scheduler mq-deadline registered
[    0.212350] io scheduler kyber registered
[    0.219021] tegra30-pinctrl 70000868.pinmux: invalid group "sdmmc3_dat6_pd3" for function "rsvd1"
[    0.219037] tegra30-pinctrl 70000868.pinmux: invalid group "sdmmc3_dat7_pd4" for function "rsvd1"
[    0.219051] tegra30-pinctrl 70000868.pinmux: invalid group "vi_vsync_pd6" for function "rsvd1"
[    0.219060] tegra30-pinctrl 70000868.pinmux: invalid group "vi_hsync_pd7" for function "rsvd1"
[    0.219526] tegra30-pinctrl 70000868.pinmux: invalid group "hdmi_int_pn7" for function "rsvd1"
[    0.219570] tegra30-pinctrl 70000868.pinmux: invalid group "ulpi_data3_po4" for function "rsvd1"
[    0.219903] tegra30-pinctrl 70000868.pinmux: invalid group "vi_d10_pt2" for function "rsvd1"
[    0.219915] tegra30-pinctrl 70000868.pinmux: invalid group "vi_d11_pt3" for function "rsvd1"
[    0.219927] tegra30-pinctrl 70000868.pinmux: invalid group "vi_d0_pt4" for function "rsvd1"
[    0.219968] tegra30-pinctrl 70000868.pinmux: invalid group "pu0" for function "rsvd1"
[    0.219999] tegra30-pinctrl 70000868.pinmux: invalid group "pu3" for function "rsvd1"
[    0.220029] tegra30-pinctrl 70000868.pinmux: invalid group "pu6" for function "rsvd1"
[    0.220070] tegra30-pinctrl 70000868.pinmux: invalid group "pv3" for function "rsvd1"
[    0.220579] tegra30-pinctrl 70000868.pinmux: invalid group "pbb0" for function "rsvd1"
[    0.220696] tegra30-pinctrl 70000868.pinmux: invalid group "pcc1" for function "rsvd1"
[    0.226176] tegra-pcie 3000.pcie: 2x3 configuration
[    0.226323] tegra-pcie 3000.pcie: Failed to get supply 'hvdd-pex': -517
[    0.232085] tegra-apbdma 6000a000.dma: Tegra20 APB DMA driver register 32 channels
[    0.234296] tegra-pmc 7000e400.pmc: i2c-thermtrip node not found, emergency thermal reset disabled.
[    0.263532] Serial: 8250/16550 driver, 4 ports, IRQ sharing disabled
[    0.263616] iommu: Adding device serial8250 to group 60
[    0.265717] console [ttyS0] disabled
[    0.265755] 70006000.serial: ttyS0 at MMIO 0x70006000 (irq = 331, base_baud = 25500000) is a Tegra
[    1.639140] console [ttyS0] enabled
[    1.643157] SuperH (H)SCI(F) driver initialized
[    1.648323] msm_serial: driver initialized
[    1.652546] STMicroelectronics ASC driver initialized
[    1.677605] tegra-hdmi 54280000.hdmi: failed to get HDMI regulator
[    1.690581] brd: module loaded
[    1.699185] loop: module loaded
[    1.708307] m25p80 spi0.1: w25q32 (4096 Kbytes)
[    1.714129] iommu: Adding device Fixed MDIO bus.0 to group 61
[    1.720293] libphy: Fixed MDIO Bus: probed
[    1.725014] CAN device driver interface
[    1.729407] bgmac_bcma: Broadcom 47xx GBit MAC driver loaded
[    1.735831] e1000e: Intel(R) PRO/1000 Network Driver - 3.2.6-k
[    1.741647] e1000e: Copyright(c) 1999 - 2015 Intel Corporation.
[    1.747595] igb: Intel(R) Gigabit Ethernet Network Driver - version 5.4.0-k
[    1.754546] igb: Copyright (c) 2007-2014 Intel Corporation.
[    1.762288] pegasus: v0.9.3 (2013/04/25), Pegasus/Pegasus II USB Ethernet driver
[    1.769736] usbcore: registered new interface driver pegasus
[    1.775413] usbcore: registered new interface driver asix
[    1.780818] usbcore: registered new interface driver ax88179_178a
[    1.786925] usbcore: registered new interface driver cdc_ether
[    1.792764] usbcore: registered new interface driver smsc75xx
[    1.798526] usbcore: registered new interface driver smsc95xx
[    1.804289] usbcore: registered new interface driver net1080
[    1.809947] usbcore: registered new interface driver cdc_subset
[    1.815881] usbcore: registered new interface driver zaurus
[    1.821469] usbcore: registered new interface driver cdc_ncm
[    1.827316] tegra-phy 7d000000.usb-phy: no vbus regulator
[    1.835126] ehci_hcd: USB 2.0 'Enhanced' Host Controller (EHCI) Driver
[    1.841638] ehci-pci: EHCI PCI platform driver
[    1.846115] ehci-platform: EHCI generic platform driver
[    1.851451] ehci-orion: EHCI orion driver
[    1.855551] SPEAr-ehci: EHCI SPEAr driver
[    1.859623] ehci-st: EHCI STMicroelectronics driver
[    1.864578] ehci-exynos: EHCI EXYNOS driver
[    1.868837] ehci-atmel: EHCI Atmel driver
[    1.872908] tegra-ehci: Tegra EHCI driver
[    1.877214] ohci_hcd: USB 1.1 'Open' Host Controller (OHCI) Driver
[    1.883388] ohci-pci: OHCI PCI platform driver
[    1.887858] ohci-platform: OHCI generic platform driver
[    1.893185] SPEAr-ohci: OHCI SPEAr driver
[    1.897279] ohci-st: OHCI STMicroelectronics driver
[    1.902220] ohci-atmel: OHCI Atmel driver
[    1.906674] usbcore: registered new interface driver usb-storage
[    1.916213] iommu: Adding device ci_hdrc.0 to group 62
[    1.926906] tegra_rtc 7000e000.rtc: rtc core: registered 7000e000.rtc as rtc1
[    1.934082] tegra_rtc 7000e000.rtc: Tegra internal Real Time Clock
[    1.952848] tps65910-rtc tps65910-rtc: rtc core: registered tps65910-rtc as rtc0
[    1.960442] i2c /dev entries driver
[    1.972309] sdhci: Secure Digital Host Controller Interface driver
[    1.978495] sdhci: Copyright(c) Pierre Ossman
[    1.983841] Synopsys Designware Multimedia Card Interface Driver
[    1.990691] sdhci-pltfm: SDHCI platform and OF driver helper
[    1.996897] sdhci-tegra 78000000.sdhci: Got CD GPIO
[    2.001772] sdhci-tegra 78000000.sdhci: Got WP GPIO
[    2.014918] mmc0: Invalid maximum block size, assuming 512 bytes
[    2.083790] mmc0: SDHCI controller on 78000000.sdhci [78000000.sdhci] using ADMA
[    2.100168] mmc1: Invalid maximum block size, assuming 512 bytes
[    2.163691] mmc1: SDHCI controller on 78000600.sdhci [78000600.sdhci] using ADMA
[    2.172603] ledtrig-cpu: registered to indicate activity on CPUs
[    2.178881] usbcore: registered new interface driver usbhid
[    2.184452] usbhid: USB HID core driver
[    2.190839] NET: Registered protocol family 10
[    2.195974] Segment Routing with IPv6
[    2.199673] sit: IPv6, IPv4 and MPLS over IPv4 tunneling driver
[    2.205970] NET: Registered protocol family 17
[    2.210408] can: controller area network core (rev 20170425 abi 9)
[    2.216637] NET: Registered protocol family 29
[    2.221068] can: raw protocol (rev 20170425)
[    2.225340] can: broadcast manager protocol (rev 20170425 t)
[    2.230988] can: netlink gateway (rev 20170425) max_hops=1
[    2.236743] Key type dns_resolver registered
[    2.241374] ThumbEE CPU extension supported.
[    2.245655] Registering SWP/SWPB emulation handler
[    2.250823] Loading compiled-in X.509 certificates
[    2.266795] vdd_ddr: supplied by vdd_5v_in
[    2.271757] vdd_5v_sata: supplied by vdd_5v_in
[    2.276547] usb1_vbus: supplied by vdd_5v_in
[    2.281126] usb3_vbus: supplied by vdd_5v_in
[    2.287051] sys_3v3,vdd_3v3_alw: supplied by vdd_5v_in
[    2.292980] sys_3v3_pexs: supplied by sys_3v3,vdd_3v3_alw
[    2.297372] mmc1: new high speed MMC card at address 0001
[    2.298152] mmcblk1: mmc1:0001 SEM16G 14.8 GiB 
[    2.298636] mmcblk1boot0: mmc1:0001 SEM16G partition 1 1.00 MiB
[    2.299112] mmcblk1boot1: mmc1:0001 SEM16G partition 2 1.00 MiB
[    2.301105] mmc0: new ultra high speed DDR50 SDHC card at address aaaa
[    2.301331] mmcblk0: mmc0:aaaa SS04G 3.69 GiB 
[    2.304335] mmcblk1rpmb: mmc1:0001 SEM16G partition 3 128 KiB, chardev (237:0)
[    2.307968] Primary GPT is invalid, using alternate GPT.
[    2.307985]  mmcblk1: p1 p2 p3 p4 p5
[    2.325968]  mmcblk0: p1 p2 p3
[    2.350415] +VDD_5V_HDMI: supplied by sys_3v3,vdd_3v3_alw
[    2.356639] tegra-pcie 3000.pcie: 2x3 configuration
[    2.365143] tegra-pcie 3000.pcie: probing port 0, using 2 lanes
[    2.429326] tegra-pcie 3000.pcie: probing port 2, using 2 lanes
[    2.839074] tegra-pcie 3000.pcie: link 2 down, retrying
[    3.248100] tegra-pcie 3000.pcie: link 2 down, retrying
[    3.657119] tegra-pcie 3000.pcie: link 2 down, retrying
[    3.664344] tegra-pcie 3000.pcie: link 2 down, ignoring
[    3.669660] tegra-pcie 3000.pcie: PCI host bridge to bus 0000:00
[    3.675673] pci_bus 0000:00: root bus resource [io  0x0000-0xffff]
[    3.681837] pci_bus 0000:00: root bus resource [mem 0x20000000-0x27ffffff]
[    3.688706] pci_bus 0000:00: root bus resource [mem 0x28000000-0x3fffffff pref]
[    3.696007] pci_bus 0000:00: root bus resource [bus 00-ff]
[    3.701501] pci 0000:00:01.0: [10de:0e1c] type 01 class 0x060400
[    3.707514] pci_bus 0000:00: 2-byte config write to 0000:00:01.0 offset 0x4 may corrupt adjacent RW1C bits
[    3.717157] pci_bus 0000:00: 2-byte config write to 0000:00:01.0 offset 0x4 may corrupt adjacent RW1C bits
[    3.726809] pci 0000:00:01.0: enabling Extended Tags
[    3.731761] pci_bus 0000:00: 2-byte config write to 0000:00:01.0 offset 0x88 may corrupt adjacent RW1C bits
[    3.741511] pci_bus 0000:00: 2-byte config write to 0000:00:01.0 offset 0x52 may corrupt adjacent RW1C bits
[    3.751255] pci 0000:00:01.0: PME# supported from D0 D1 D2 D3hot D3cold
[    3.757863] pci_bus 0000:00: 2-byte config write to 0000:00:01.0 offset 0x4c may corrupt adjacent RW1C bits
[    3.767724] pci_bus 0000:00: 2-byte config write to 0000:00:01.0 offset 0x3e may corrupt adjacent RW1C bits
[    3.777457] pci_bus 0000:00: 2-byte config write to 0000:00:01.0 offset 0x4 may corrupt adjacent RW1C bits
[    3.787099] pci_bus 0000:00: 1-byte config write to 0000:00:01.0 offset 0xc may corrupt adjacent RW1C bits
[    3.796738] PCI: bus0: Fast back to back transfers disabled
[    3.802297] pci 0000:00:01.0: bridge configuration invalid ([bus 00-00]), reconfiguring
[    3.810291] pci_bus 0000:00: 2-byte config write to 0000:00:01.0 offset 0x3e may corrupt adjacent RW1C bits
[    3.820019] pci_bus 0000:00: 2-byte config write to 0000:00:01.0 offset 0x3e may corrupt adjacent RW1C bits
[    3.829819] pci 0000:01:00.0: [10ec:8168] type 00 class 0x020000
[    3.835842] pci 0000:01:00.0: reg 0x10: [io  0x0000-0x00ff]
[    3.841415] pci 0000:01:00.0: reg 0x18: [mem 0x00000000-0x00000fff 64bit pref]
[    3.848639] pci 0000:01:00.0: reg 0x20: [mem 0x00000000-0x00003fff 64bit pref]
[    3.855951] PCI: bus1: Fast back to back transfers disabled
[    3.861513] pci_bus 0000:01: busn_res: [bus 01-ff] end is updated to 01
[    3.868147] pci 0000:00:01.0: BAR 9: assigned [mem 0x28000000-0x280fffff 64bit pref]
[    3.875882] pci 0000:00:01.0: BAR 7: assigned [io  0x1000-0x1fff]
[    3.881962] pci 0000:01:00.0: BAR 4: assigned [mem 0x28000000-0x28003fff 64bit pref]
[    3.889705] pci 0000:01:00.0: BAR 2: assigned [mem 0x28004000-0x28004fff 64bit pref]
[    3.897446] pci 0000:01:00.0: BAR 0: assigned [io  0x1000-0x10ff]
[    3.903527] pci 0000:00:01.0: PCI bridge to [bus 01]
[    3.908486] pci 0000:00:01.0:   bridge window [io  0x1000-0x1fff]
[    3.914575] pci 0000:00:01.0:   bridge window [mem 0x28000000-0x280fffff 64bit pref]
[    3.922317] pci 0000:00:01.0: nv_msi_ht_cap_quirk didn't locate host bridge
[    3.929364] pcieport 0000:00:01.0: enabling device (0140 -> 0143)
[    3.935660] pcieport 0000:00:01.0: Signaling PME with IRQ 375
[    3.941635] r8169 Gigabit Ethernet driver 2.3LK-NAPI loaded
[    3.947233] r8169 0000:01:00.0: enabling device (0140 -> 0143)
[    3.953075] r8169 0000:01:00.0 (unnamed net_device) (uninitialized): not PCI Express
[    3.961618] r8169 0000:01:00.0 eth0: RTL8168evl/8111evl at 0xf0a2a000, 02:04:4b:01:60:a6, XID 0c900800 IRQ 18
[    3.971532] r8169 0000:01:00.0 eth0: jumbo features [frames: 9200 bytes, tx checksumming: ko]
[    3.983800] [drm] Supports vblank timestamp caching Rev 2 (21.10.2013).
[    3.990401] [drm] No driver support for vblank timestamp query.
[    3.996348] [drm] Cannot find any crtc or sizes
[    4.000882] [drm] Initialized tegra 0.0.0 20120330 for drm on minor 0
[    4.010243] tegra-ehci 7d004000.usb: EHCI Host Controller
[    4.015669] tegra-ehci 7d004000.usb: new USB bus registered, assigned bus number 1
[    4.023418] tegra-ehci 7d004000.usb: irq 344, io mem 0x7d004000
[    4.029380] [drm] Cannot find any crtc or sizes
[    4.054068] tegra-ehci 7d004000.usb: USB 2.0 started, EHCI 1.00
[    4.061274] hub 1-0:1.0: USB hub found
[    4.065052] hub 1-0:1.0: 1 port detected
[    4.070202] tegra-ehci 7d008000.usb: EHCI Host Controller
[    4.075613] tegra-ehci 7d008000.usb: new USB bus registered, assigned bus number 2
[    4.083356] tegra-ehci 7d008000.usb: irq 345, io mem 0x7d008000
[    4.114064] tegra-ehci 7d008000.usb: USB 2.0 started, EHCI 1.00
[    4.121180] hub 2-0:1.0: USB hub found
[    4.124953] hub 2-0:1.0: 1 port detected
[    4.135305] tps65910-rtc tps65910-rtc: setting system clock to 2000-01-01 00:00:02 UTC (946684802)
[    4.144819] vdd_sata,avdd_plle: disabling
[    4.149564] usb1_vbus: disabling
[    4.154347] EXT4-fs (mmcblk1p1): mounting ext3 file system using the ext4 subsystem
[    4.215710] EXT4-fs (mmcblk1p1): warning: mounting fs with errors, running e2fsck is recommended
[    4.225941] EXT4-fs (mmcblk1p1): recovery complete
[    4.231908] EXT4-fs (mmcblk1p1): mounted filesystem with ordered data mode. Opts: (null)
[    4.240046] VFS: Mounted root (ext3 filesystem) on device 179:1.
[    4.250663] devtmpfs: mounted
[    4.256183] Freeing unused kernel memory: 2048K
bash: cannot set terminal process group (-1): Inappropriate ioctl for device
bash: no job control in this shell
root@(none):/# [    4.504084] usb 2-1: new high-speed USB device number 2 using tegra-ehci
