
U-Boot SPL 2014.01-00219-gc4d376f (Feb 18 2014 - 19:57:18)


U-Boot 2014.01-00219-gc4d376f (Feb 18 2014 - 19:57:18)

TEGRA30
Board: NVIDIA Beaver
I2C:   ready
DRAM:  2 GiB
MMC:   Tegra SD/MMC: 0, Tegra SD/MMC: 1
In:    serial
Out:   serial
Err:   serial
Net:   Net Initialization Skipped
No ethernet found.
Hit any key to stop autoboot:  2  0 
Tegra30 (Beaver) # 
Tegra30 (Beaver) # usb reset
(Re)start USB...
USB0:   USB EHCI 1.00
scanning bus 0 for devices... 2 USB Device(s) found
       scanning usb for storage devices... 0 Storage Device(s) found
       scanning usb for ethernet devices... 
Warning: asx0 using MAC address from net device
1 Ethernet Device(s) found
Tegra30 (Beaver) # setenv bootargs 'ignore_loglevel console=ttyS0,115200n8 rw root=PARTUUID=edbe1840-3633-c751-7993-b0ac834f81e0 rootwait gpt debug noinitrd earlyprintk init=/bin/bash'
Tegra30 (Beaver) # setenv ipaddr 192.168.100.101; setenv serverip 192.168.100.1; setenv tftpserverip 192.168.100.1
Tegra30 (Beaver) # tftpboot 0x81000000 zImage.tegra_defconfig
Using asx0 device
TFTP from server 192.168.100.1; our IP address is 192.168.100.101
Filename 'zImage.tegra_defconfig'.
Load address: 0x81000000
Loading: *#################################################################
	 #################################################################
	 #################################################################
	 #################################################################
	 #################################################################
	 #################################################################
	 ##############################
	 3.3 MiB/s
done
Bytes transferred = 6164760 (5e1118 hex)
Tegra30 (Beaver) # tftpboot 0x82000000 tegra30-beaver.dtb
Using asx0 device
TFTP from server 192.168.100.1; our IP address is 192.168.100.101
Filename 'tegra30-beaver.dtb'.
Load address: 0x82000000
Loading: *####
	 3.3 MiB/s
done
Bytes transferred = 51470 (c90e hex)
Tegra30 (Beaver) # bootz 0x81000000 - 0x82000000
Kernel image @ 0x81000000 [ 0x000000 - 0x5e1118 ]
## Flattened Device Tree blob at 82000000
   Booting using the fdt blob at 0x82000000
   Loading Device Tree to 8fff0000, end 8ffff90d ... OK

Starting kernel ...

[    0.000000] Booting Linux on physical CPU 0x0
[    0.000000] Linux version 4.15.0-rc1-13489-g4fbd8d1 (jonathanh@kaivo) (gcc version 4.7.3 20130328 (prerelease) (crosstool-NG linaro-1.13.1-4.7-2013.04-20130415 - Linaro GCC 2013.04)) #1 SMP PREEMPT Mon Dec 4 13:32:33 PST 2017
[    0.000000] CPU: ARMv7 Processor [412fc099] revision 9 (ARMv7), cr=10c5387d
[    0.000000] CPU: PIPT / VIPT nonaliasing data cache, VIPT aliasing instruction cache
[    0.000000] OF: fdt: Machine model: NVIDIA Tegra30 Beaver evaluation board
[    0.000000] debug: ignoring loglevel setting.
[    0.000000] bootconsole [earlycon0] enabled
[    0.000000] Memory policy: Data cache writealloc
[    0.000000] cma: Reserved 64 MiB at 0xfbc00000
[    0.000000] On node 0 totalpages: 524032
[    0.000000]   Normal zone: 1536 pages used for memmap
[    0.000000]   Normal zone: 0 pages reserved
[    0.000000]   Normal zone: 196608 pages, LIFO batch:31
[    0.000000]   HighMem zone: 327424 pages, LIFO batch:31
[    0.000000] random: fast init done
[    0.000000] percpu: Embedded 17 pages/cpu @eef8d000 s39104 r8192 d22336 u69632
[    0.000000] pcpu-alloc: s39104 r8192 d22336 u69632 alloc=17*4096
[    0.000000] pcpu-alloc: [0] 0 [0] 1 [0] 2 [0] 3 
[    0.000000] Built 1 zonelists, mobility grouping on.  Total pages: 522496
[    0.000000] Kernel command line: ignore_loglevel console=ttyS0,115200n8 rw root=PARTUUID=edbe1840-3633-c751-7993-b0ac834f81e0 rootwait gpt debug noinitrd earlyprintk init=/bin/bash
[    0.000000] Dentry cache hash table entries: 131072 (order: 7, 524288 bytes)
[    0.000000] Inode-cache hash table entries: 65536 (order: 6, 262144 bytes)
[    0.000000] Memory: 1998528K/2096128K available (9216K kernel code, 778K rwdata, 2556K rodata, 1024K init, 299K bss, 32064K reserved, 65536K cma-reserved, 1244160K highmem)
[    0.000000] Virtual kernel memory layout:
[    0.000000]     vector  : 0xffff0000 - 0xffff1000   (   4 kB)
[    0.000000]     fixmap  : 0xffc00000 - 0xfff00000   (3072 kB)
[    0.000000]     vmalloc : 0xf0800000 - 0xff800000   ( 240 MB)
[    0.000000]     lowmem  : 0xc0000000 - 0xf0000000   ( 768 MB)
[    0.000000]     pkmap   : 0xbfe00000 - 0xc0000000   (   2 MB)
[    0.000000]     modules : 0xbf000000 - 0xbfe00000   (  14 MB)
[    0.000000]       .text : 0xc0008000 - 0xc0a00000   (10208 kB)
[    0.000000]       .init : 0xc0d00000 - 0xc0e00000   (1024 kB)
[    0.000000]       .data : 0xc0e00000 - 0xc0ec289c   ( 779 kB)
[    0.000000]        .bss : 0xc0ec289c - 0xc0f0d4ec   ( 300 kB)
[    0.000000] Preemptible hierarchical RCU implementation.
[    0.000000] 	Tasks RCU enabled.
[    0.000000] NR_IRQS: 16, nr_irqs: 16, preallocated irqs: 16
[    0.000000] /interrupt-controller@60004000: 160 interrupts forwarded to /interrupt-controller@50041000
[    0.000000] L2C: platform modifies aux control register: 0x02080000 -> 0x3e480001
[    0.000000] L2C: DT/platform modifies aux control register: 0x02080000 -> 0x3e480001
[    0.000000] L2C-310 erratum 769419 enabled
[    0.000000] L2C-310 enabling early BRESP for Cortex-A9
[    0.000000] L2C-310: enabling full line of zeros but not enabled in Cortex-A9
[    0.000000] L2C-310 dynamic clock gating enabled, standby mode enabled
[    0.000000] L2C-310 cache controller enabled, 8 ways, 1024 kB
[    0.000000] L2C-310: CACHE_ID 0x410000c7, AUX_CTRL 0x4e480001
[    0.000013] sched_clock: 32 bits at 1000kHz, resolution 1000ns, wraps every 2147483647500ns
[    0.006451] clocksource: timer_us: mask: 0xffffffff max_cycles: 0xffffffff, max_idle_ns: 1911260446275 ns
[    0.015980] Switching to timer-based delay loop, resolution 1000ns
[    0.022965] Console: colour dummy device 80x30
[    0.026568] Calibrating delay loop (skipped), value calculated using timer frequency.. 2.00 BogoMIPS (lpj=10000)
[    0.036700] pid_max: default: 32768 minimum: 301
[    0.041630] Mount-cache hash table entries: 2048 (order: 1, 8192 bytes)
[    0.047875] Mountpoint-cache hash table entries: 2048 (order: 1, 8192 bytes)
[    0.055593] CPU: Testing write buffer coherency: ok
[    0.060097] CPU0: thread -1, cpu 0, socket 0, mpidr 80000000
[    0.100016] Setting up static identity map for 0x80100000 - 0x801000a0
[    0.104722] Hierarchical SRCU implementation.
[    0.120415] Tegra Revision: A03 SKU: 128 CPU Process: 4 SoC Process: 0
[    0.139973] smp: Bringing up secondary CPUs ...
[    0.200397] CPU1: thread -1, cpu 1, socket 0, mpidr 80000001
[    0.280385] CPU2: thread -1, cpu 2, socket 0, mpidr 80000002
[    0.360384] CPU3: thread -1, cpu 3, socket 0, mpidr 80000003
[    0.360444] smp: Brought up 1 node, 4 CPUs
[    0.379525] SMP: Total of 4 processors activated (8.00 BogoMIPS).
[    0.385599] CPU: All CPU(s) started in SVC mode.
[    0.391267] devtmpfs: initialized
[    0.404108] VFP support v0.3: implementor 41 architecture 3 part 30 variant 9 rev 4
[    0.410286] clocksource: jiffies: mask: 0xffffffff max_cycles: 0xffffffff, max_idle_ns: 19112604462750000 ns
[    0.419666] futex hash table entries: 1024 (order: 4, 65536 bytes)
[    0.429033] pinctrl core: initialized pinctrl subsystem
[    0.433536] NET: Registered protocol family 16
[    0.439362] DMA: preallocated 256 KiB pool for atomic coherent allocations
[    0.445307] cpuidle: using governor menu
[    0.461923] No ATAGs?
[    0.462036] hw-breakpoint: found 5 (+1 reserved) breakpoint and 1 watchpoint registers.
[    0.470387] hw-breakpoint: maximum watchpoint size is 4 bytes.
[    0.477699] tegra-mc 7000f000.memory-controller: no memory timings for RAM code 3 registered
[    0.484752] iommu: Adding device reg-dummy to group 0
[    0.489635] iommu: Adding device 3000.pcie to group 1
[    0.494672] iommu: Adding device 50000000.host1x to group 2
[    0.500213] iommu: Adding device 54040000.mpe to group 3
[    0.505490] iommu: Adding device 54080000.vi to group 4
[    0.510706] iommu: Adding device 540c0000.epp to group 5
[    0.515983] iommu: Adding device 54100000.isp to group 6
[    0.521275] iommu: Adding device 54140000.gr2d to group 7
[    0.526636] iommu: Adding device 54180000.gr3d to group 8
[    0.532075] iommu: Adding device 54200000.dc to group 9
[    0.537237] iommu: Adding device 54240000.dc to group 10
[    0.542510] iommu: Adding device 54280000.hdmi to group 11
[    0.547966] iommu: Adding device 50040600.timer to group 12
[    0.553513] iommu: Adding device 50043000.cache-controller to group 13
[    0.560013] iommu: Adding device 60005000.timer to group 14
[    0.565556] iommu: Adding device 60007000.flow-controller to group 15
[    0.571973] iommu: Adding device 6000a000.dma to group 16
[    0.577335] iommu: Adding device 6000c000.ahb to group 17
[    0.582720] iommu: Adding device 6000d000.gpio to group 18
[    0.588176] iommu: Adding device 70000800.apbmisc to group 19
[    0.593900] iommu: Adding device 70000868.pinmux to group 20
[    0.599524] iommu: Adding device 70006000.serial to group 21
[    0.605168] iommu: Adding device 7000e000.rtc to group 22
[    0.610542] iommu: Adding device 7000c000.i2c to group 23
[    0.615902] iommu: Adding device 7000c400.i2c to group 24
[    0.621286] iommu: Adding device 7000c500.i2c to group 25
[    0.626656] iommu: Adding device 7000c700.i2c to group 26
[    0.632039] iommu: Adding device 7000d000.i2c to group 27
[    0.637397] iommu: Adding device 7000da00.spi to group 28
[    0.642781] iommu: Adding device 7000e400.pmc to group 29
[    0.648143] iommu: Adding device 7000f000.memory-controller to group 30
[    0.654754] iommu: Adding device 7000f800.fuse to group 31
[    0.660202] iommu: Adding device 70080000.ahub to group 32
[    0.665650] iommu: Adding device 78000000.sdhci to group 33
[    0.671214] iommu: Adding device 78000600.sdhci to group 34
[    0.676745] iommu: Adding device 7d000000.usb to group 35
[    0.682134] iommu: Adding device 7d000000.usb-phy to group 36
[    0.687836] iommu: Adding device 7d004000.usb to group 37
[    0.693221] iommu: Adding device 7d004000.usb-phy to group 38
[    0.698929] iommu: Adding device 7d008000.usb to group 39
[    0.704315] iommu: Adding device 7d008000.usb-phy to group 40
[    0.710039] iommu: Adding device pmu to group 41
[    0.714617] iommu: Adding device clocks to group 42
[    0.719468] iommu: Adding device gpio-leds to group 43
[    0.724593] iommu: Adding device regulators to group 44
[    0.729783] iommu: Adding device regulators:regulator@0 to group 45
[    0.736032] iommu: Adding device regulators:regulator@1 to group 46
[    0.742289] iommu: Adding device regulators:regulator@2 to group 47
[    0.748513] iommu: Adding device regulators:regulator@3 to group 48
[    0.754753] iommu: Adding device regulators:regulator@4 to group 49
[    0.760993] iommu: Adding device regulators:regulator@5 to group 50
[    0.767222] iommu: Adding device regulators:regulator@6 to group 51
[    0.773474] iommu: Adding device regulators:regulator@7 to group 52
[    0.779702] iommu: Adding device regulators:regulator@8 to group 53
[    0.785952] iommu: Adding device sound to group 54
[    0.803842] vdd_5v_sata: Failed to request enable GPIO30: -517
[    0.807763] reg-fixed-voltage regulators:regulator@3: Failed to register regulator: -517
[    0.815905] usb1_vbus: Failed to request enable GPIO238: -517
[    0.821576] reg-fixed-voltage regulators:regulator@4: Failed to register regulator: -517
[    0.829663] usb3_vbus: Failed to request enable GPIO236: -517
[    0.835331] reg-fixed-voltage regulators:regulator@5: Failed to register regulator: -517
[    0.843522] sys_3v3_pexs: Failed to request enable GPIO95: -517
[    0.849273] reg-fixed-voltage regulators:regulator@7: Failed to register regulator: -517
[    0.858458] vgaarb: loaded
[    0.860682] SCSI subsystem initialized
[    0.863964] libata version 3.00 loaded.
[    0.867845] usbcore: registered new interface driver usbfs
[    0.873092] usbcore: registered new interface driver hub
[    0.878382] usbcore: registered new device driver usb
[    0.887974] iommu: Adding device tps65910-gpio to group 55
[    0.891972] iommu: Adding device tps65910-pmic to group 56
[    0.899511] vrtc: supplied by vdd_5v_in
[    0.904776] vio: supplied by vdd_5v_in
[    0.911935] vdd1: supplied by vdd_5v_in
[    0.915233] vddio_ddr_1v2: Bringing 600000uV into 1200000-1200000uV
[    0.931928] vdd2: supplied by vdd_5v_in
[    0.951927] ldo1: supplied by vdd_1v5_gen
[    0.956451] ldo2: supplied by vdd_1v5_gen
[    0.959030] vdd_sata,avdd_plle: Bringing 1200000uV into 1050000-1050000uV
[    0.967589] ldo3: supplied by vdd_5v_in
[    0.971950] ldo4: supplied by vdd_5v_in
[    0.981915] ldo5: supplied by vdd_5v_in
[    0.991917] ldo6: supplied by vdd_1v8_gen
[    0.994506] avdd_dsi_csi,pwrdet_mipi: Bringing 1000000uV into 1200000-1200000uV
[    1.003578] ldo7: supplied by vdd_1v8_gen
[    1.011910] ldo8: supplied by vdd_1v8_gen
[    1.020221] iommu: Adding device tps65910-rtc to group 57
[    1.023797] iommu: Adding device tps65910-power to group 58
[    1.031229] Linux video capture interface: v2.00
[    1.034014] pps_core: LinuxPPS API ver. 1 registered
[    1.038867] pps_core: Software ver. 5.3.6 - Copyright 2005-2007 Rodolfo Giometti <giometti@linux.it>
[    1.048022] PTP clock support registered
[    1.052366] Advanced Linux Sound Architecture Driver Initialized.
[    1.058510] Bluetooth: Core ver 2.22
[    1.061552] NET: Registered protocol family 31
[    1.065907] Bluetooth: HCI device and connection manager initialized
[    1.072251] Bluetooth: HCI socket layer initialized
[    1.077091] Bluetooth: L2CAP socket layer initialized
[    1.082153] Bluetooth: SCO socket layer initialized
[    1.087552] clocksource: Switched to clocksource timer_us
[    1.153585] NET: Registered protocol family 2
[    1.156904] TCP established hash table entries: 8192 (order: 3, 32768 bytes)
[    1.163144] TCP bind hash table entries: 8192 (order: 4, 65536 bytes)
[    1.169563] TCP: Hash tables configured (established 8192 bind 8192)
[    1.176384] UDP hash table entries: 512 (order: 2, 16384 bytes)
[    1.181774] UDP-Lite hash table entries: 512 (order: 2, 16384 bytes)
[    1.188333] NET: Registered protocol family 1
[    1.193027] RPC: Registered named UNIX socket transport module.
[    1.198258] RPC: Registered udp transport module.
[    1.202920] RPC: Registered tcp transport module.
[    1.207611] RPC: Registered tcp NFSv4.1 backchannel transport module.
[    1.214469] iommu: Adding device regulatory.0 to group 59
[    1.219597] PCI: CLS 0 bytes, default 64
[    1.224466] hw perfevents: no interrupt-affinity property for /pmu, guessing.
[    1.230693] hw perfevents: enabled with armv7_cortex_a9 PMU driver, 7 counters available
[    1.238979] iommu: Adding device alarmtimer to group 60
[    1.244518] Initialise system trusted keyrings
[    1.248272] workingset: timestamp_bits=30 max_order=19 bucket_order=0
[    1.255368] squashfs: version 4.0 (2009/01/31) Phillip Lougher
[    1.260874] NFS: Registering the id_resolver key type
[    1.265336] Key type id_resolver registered
[    1.269500] Key type id_legacy registered
[    1.277361] Key type asymmetric registered
[    1.279558] Asymmetric key parser 'x509' registered
[    1.284670] bounce: pool size: 64 pages
[    1.288298] io scheduler noop registered (default)
[    1.292975] io scheduler mq-deadline registered
[    1.297481] io scheduler kyber registered
[    1.305900] tegra30-pinctrl 70000868.pinmux: invalid group "sdmmc3_dat6_pd3" for function "rsvd1"
[    1.312885] tegra30-pinctrl 70000868.pinmux: invalid group "sdmmc3_dat7_pd4" for function "rsvd1"
[    1.321710] tegra30-pinctrl 70000868.pinmux: invalid group "vi_vsync_pd6" for function "rsvd1"
[    1.330283] tegra30-pinctrl 70000868.pinmux: invalid group "vi_hsync_pd7" for function "rsvd1"
[    1.339371] tegra30-pinctrl 70000868.pinmux: invalid group "hdmi_int_pn7" for function "rsvd1"
[    1.347473] tegra30-pinctrl 70000868.pinmux: invalid group "ulpi_data3_po4" for function "rsvd1"
[    1.356545] tegra30-pinctrl 70000868.pinmux: invalid group "vi_d10_pt2" for function "rsvd1"
[    1.364609] tegra30-pinctrl 70000868.pinmux: invalid group "vi_d11_pt3" for function "rsvd1"
[    1.373018] tegra30-pinctrl 70000868.pinmux: invalid group "vi_d0_pt4" for function "rsvd1"
[    1.381365] tegra30-pinctrl 70000868.pinmux: invalid group "pu0" for function "rsvd1"
[    1.389152] tegra30-pinctrl 70000868.pinmux: invalid group "pu3" for function "rsvd1"
[    1.396950] tegra30-pinctrl 70000868.pinmux: invalid group "pu6" for function "rsvd1"
[    1.404765] tegra30-pinctrl 70000868.pinmux: invalid group "pv3" for function "rsvd1"
[    1.413036] tegra30-pinctrl 70000868.pinmux: invalid group "pbb0" for function "rsvd1"
[    1.420528] tegra30-pinctrl 70000868.pinmux: invalid group "pcc1" for function "rsvd1"
[    1.430023] tegra-pcie 3000.pcie: 2x3 configuration
[    1.433304] tegra-pcie 3000.pcie: Failed to get supply 'hvdd-pex': -517
[    1.443709] tegra-apbdma 6000a000.dma: Tegra20 APB DMA driver register 32 channels
[    1.450234] tegra-pmc 7000e400.pmc: i2c-thermtrip node not found, emergency thermal reset disabled.
[    1.458844] Serial: 8250/16550 driver, 4 ports, IRQ sharing disabled
[    1.464801] iommu: Adding device serial8250 to group 61
[    1.471313] console [ttyS0] disabled
[    1.473490] 70006000.serial: ttyS0 at MMIO 0x70006000 (irq = 331, base_baud = 25500000) is a Tegra
[    1.482438] console [ttyS0] enabled
[    1.482438] console [ttyS0] enabled
[    1.488632] bootconsole [earlycon0] disabled
[    1.488632] bootconsole [earlycon0] disabled
[    1.515549] tegra-hdmi 54280000.hdmi: failed to get HDMI regulator
[    1.533003] loop: module loaded
[    1.539003] m25p80 spi0.1: w25q32 (4096 Kbytes)
[    1.545047] iommu: Adding device Fixed MDIO bus.0 to group 62
[    1.551004] libphy: Fixed MDIO Bus: probed
[    1.555091] CAN device driver interface
[    1.558977] igb: Intel(R) Gigabit Ethernet Network Driver - version 5.4.0-k
[    1.565920] igb: Copyright (c) 2007-2014 Intel Corporation.
[    1.571596] pegasus: v0.9.3 (2013/04/25), Pegasus/Pegasus II USB Ethernet driver
[    1.579086] usbcore: registered new interface driver pegasus
[    1.584780] usbcore: registered new interface driver asix
[    1.590223] usbcore: registered new interface driver ax88179_178a
[    1.596341] usbcore: registered new interface driver cdc_ether
[    1.602226] usbcore: registered new interface driver smsc75xx
[    1.608031] usbcore: registered new interface driver smsc95xx
[    1.613803] usbcore: registered new interface driver net1080
[    1.619504] usbcore: registered new interface driver cdc_subset
[    1.625447] usbcore: registered new interface driver zaurus
[    1.631073] usbcore: registered new interface driver cdc_ncm
[    1.636930] tegra-phy 7d000000.usb-phy: no vbus regulator
[    1.643746] ehci_hcd: USB 2.0 'Enhanced' Host Controller (EHCI) Driver
[    1.650274] ehci-pci: EHCI PCI platform driver
[    1.654755] tegra-ehci: Tegra EHCI driver
[    1.659353] usbcore: registered new interface driver cdc_acm
[    1.664997] cdc_acm: USB Abstract Control Model driver for USB modems and ISDN adapters
[    1.673048] usbcore: registered new interface driver cdc_wdm
[    1.678759] usbcore: registered new interface driver usb-storage
[    1.688206] iommu: Adding device ci_hdrc.0 to group 63
[    1.698315] tegra_rtc 7000e000.rtc: rtc core: registered 7000e000.rtc as rtc1
[    1.705469] tegra_rtc 7000e000.rtc: Tegra internal Real Time Clock
[    1.724703] tps65910-rtc tps65910-rtc: rtc core: registered tps65910-rtc as rtc0
[    1.732174] i2c /dev entries driver
[    1.736599] usbcore: registered new interface driver uvcvideo
[    1.742346] USB Video Class driver (1.1.1)
[    1.746429] gspca_main: v2.14.0 registered
[    1.751227] tegra-wdt 60005000.timer: initialized (heartbeat = 120 sec, nowayout = 0)
[    1.759567] sdhci: Secure Digital Host Controller Interface driver
[    1.765730] sdhci: Copyright(c) Pierre Ossman
[    1.770087] sdhci-pltfm: SDHCI platform and OF driver helper
[    1.775970] sdhci-tegra 78000000.sdhci: Got CD GPIO
[    1.780859] sdhci-tegra 78000000.sdhci: Got WP GPIO
[    1.794028] mmc0: Invalid maximum block size, assuming 512 bytes
[    1.857718] mmc0: SDHCI controller on 78000000.sdhci [78000000.sdhci] using ADMA
[    1.874637] mmc1: Invalid maximum block size, assuming 512 bytes
[    1.937641] mmc1: SDHCI controller on 78000600.sdhci [78000600.sdhci] using ADMA
[    1.949203] usbcore: registered new interface driver usbhid
[    1.954830] usbhid: USB HID core driver
[    1.963353] iommu: Adding device snd-soc-dummy to group 64
[    1.999627] mmc1: new high speed MMC card at address 0001
[    2.005584] mmcblk1: mmc1:0001 SEM16G 14.8 GiB 
[    2.010495] mmcblk1boot0: mmc1:0001 SEM16G partition 1 1.00 MiB
[    2.016782] mmcblk1boot1: mmc1:0001 SEM16G partition 2 1.00 MiB
[    2.022863] mmcblk1rpmb: mmc1:0001 SEM16G partition 3 128 KiB, chardev (247:0)
[    2.035190] Primary GPT is invalid, using alternate GPT.
[    2.040557]  mmcblk1: p1 p2 p3 p4 p5
[    2.053846] mmc0: new ultra high speed DDR50 SDHC card at address aaaa
[    2.060900] mmcblk0: mmc0:aaaa SS04G 3.69 GiB 
[    2.087214]  mmcblk0: p1 p2 p3
[    2.399089] iommu: Adding device 70080400.i2s to group 65
[    2.405178] tegra30-i2s 70080400.i2s: DMA channels sourced from device 70080000.ahub
[    2.420973] tegra-snd-rt5640 sound: rt5640-aif1 <-> 70080400.i2s mapping ok
[    2.430980] input: NVIDIA Tegra Beaver Headphones as /devices/soc0/sound/sound/card0/input0
[    2.440991] NET: Registered protocol family 10
[    2.446587] Segment Routing with IPv6
[    2.450416] mip6: Mobile IPv6
[    2.453376] sit: IPv6, IPv4 and MPLS over IPv4 tunneling driver
[    2.460472] NET: Registered protocol family 17
[    2.464918] NET: Registered protocol family 15
[    2.469364] can: controller area network core (rev 20170425 abi 9)
[    2.475707] NET: Registered protocol family 29
[    2.480150] can: raw protocol (rev 20170425)
[    2.484407] can: broadcast manager protocol (rev 20170425 t)
[    2.490063] can: netlink gateway (rev 20170425) max_hops=1
[    2.495706] Bluetooth: RFCOMM socket layer initialized
[    2.500875] Bluetooth: RFCOMM ver 1.11
[    2.504619] Bluetooth: BNEP (Ethernet Emulation) ver 1.3
[    2.509933] Bluetooth: BNEP socket layer initialized
[    2.514883] Bluetooth: HIDP (Human Interface Emulation) ver 1.2
[    2.520799] Bluetooth: HIDP socket layer initialized
[    2.525958] Key type dns_resolver registered
[    2.530607] Registering SWP/SWPB emulation handler
[    2.536003] Loading compiled-in X.509 certificates
[    2.553515] vdd_ddr: supplied by vdd_5v_in
[    2.558457] vdd_5v_sata: supplied by vdd_5v_in
[    2.563214] usb1_vbus: supplied by vdd_5v_in
[    2.567814] usb3_vbus: supplied by vdd_5v_in
[    2.573298] sys_3v3,vdd_3v3_alw: supplied by vdd_5v_in
[    2.579267] sys_3v3_pexs: supplied by sys_3v3,vdd_3v3_alw
[    2.584823] +VDD_5V_HDMI: supplied by sys_3v3,vdd_3v3_alw
[    2.590545] tegra-pcie 3000.pcie: 2x3 configuration
[    2.598779] tegra-pcie 3000.pcie: probing port 0, using 2 lanes
[    2.662986] tegra-pcie 3000.pcie: probing port 2, using 2 lanes
[    3.072872] tegra-pcie 3000.pcie: link 2 down, retrying
[    3.482059] tegra-pcie 3000.pcie: link 2 down, retrying
[    3.891231] tegra-pcie 3000.pcie: link 2 down, retrying
[    3.898456] tegra-pcie 3000.pcie: link 2 down, ignoring
[    3.903814] tegra-pcie 3000.pcie: PCI host bridge to bus 0000:00
[    3.909835] pci_bus 0000:00: root bus resource [io  0x0000-0xffff]
[    3.916001] pci_bus 0000:00: root bus resource [mem 0x20000000-0x27ffffff]
[    3.922871] pci_bus 0000:00: root bus resource [mem 0x28000000-0x3fffffff pref]
[    3.930173] pci_bus 0000:00: root bus resource [bus 00-ff]
[    3.935686] pci 0000:00:01.0: [10de:0e1c] type 01 class 0x060400
[    3.941703] pci_bus 0000:00: 2-byte config write to 0000:00:01.0 offset 0x4 may corrupt adjacent RW1C bits
[    3.951345] pci_bus 0000:00: 2-byte config write to 0000:00:01.0 offset 0x4 may corrupt adjacent RW1C bits
[    3.961000] pci 0000:00:01.0: enabling Extended Tags
[    3.965953] pci_bus 0000:00: 2-byte config write to 0000:00:01.0 offset 0x88 may corrupt adjacent RW1C bits
[    3.975702] pci_bus 0000:00: 2-byte config write to 0000:00:01.0 offset 0x52 may corrupt adjacent RW1C bits
[    3.985448] pci 0000:00:01.0: PME# supported from D0 D1 D2 D3hot D3cold
[    3.992058] pci_bus 0000:00: 2-byte config write to 0000:00:01.0 offset 0x4c may corrupt adjacent RW1C bits
[    4.001956] pci_bus 0000:00: 2-byte config write to 0000:00:01.0 offset 0x3e may corrupt adjacent RW1C bits
[    4.011690] pci_bus 0000:00: 2-byte config write to 0000:00:01.0 offset 0x4 may corrupt adjacent RW1C bits
[    4.021333] pci_bus 0000:00: 1-byte config write to 0000:00:01.0 offset 0xc may corrupt adjacent RW1C bits
[    4.030972] PCI: bus0: Fast back to back transfers disabled
[    4.036533] pci 0000:00:01.0: bridge configuration invalid ([bus 00-00]), reconfiguring
[    4.044529] pci_bus 0000:00: 2-byte config write to 0000:00:01.0 offset 0x3e may corrupt adjacent RW1C bits
[    4.054258] pci_bus 0000:00: 2-byte config write to 0000:00:01.0 offset 0x3e may corrupt adjacent RW1C bits
[    4.064124] pci 0000:01:00.0: [10ec:8168] type 00 class 0x020000
[    4.070148] pci 0000:01:00.0: reg 0x10: [io  0x0000-0x00ff]
[    4.075722] pci 0000:01:00.0: reg 0x18: [mem 0x00000000-0x00000fff 64bit pref]
[    4.082948] pci 0000:01:00.0: reg 0x20: [mem 0x00000000-0x00003fff 64bit pref]
[    4.090304] PCI: bus1: Fast back to back transfers disabled
[    4.095865] pci_bus 0000:01: busn_res: [bus 01-ff] end is updated to 01
[    4.102506] pci 0000:00:01.0: BAR 9: assigned [mem 0x28000000-0x280fffff 64bit pref]
[    4.110244] pci 0000:00:01.0: BAR 7: assigned [io  0x1000-0x1fff]
[    4.116327] pci 0000:01:00.0: BAR 4: assigned [mem 0x28000000-0x28003fff 64bit pref]
[    4.124072] pci 0000:01:00.0: BAR 2: assigned [mem 0x28004000-0x28004fff 64bit pref]
[    4.131815] pci 0000:01:00.0: BAR 0: assigned [io  0x1000-0x10ff]
[    4.137907] pci 0000:00:01.0: PCI bridge to [bus 01]
[    4.142858] pci 0000:00:01.0:   bridge window [io  0x1000-0x1fff]
[    4.148947] pci 0000:00:01.0:   bridge window [mem 0x28000000-0x280fffff 64bit pref]
[    4.156691] pci 0000:00:01.0: nv_msi_ht_cap_quirk didn't locate host bridge
[    4.163737] pcieport 0000:00:01.0: enabling device (0140 -> 0143)
[    4.170107] pcieport 0000:00:01.0: Signaling PME with IRQ 375
[    4.176145] r8169 Gigabit Ethernet driver 2.3LK-NAPI loaded
[    4.181768] r8169 0000:01:00.0: enabling device (0140 -> 0143)
[    4.187622] r8169 0000:01:00.0 (unnamed net_device) (uninitialized): not PCI Express
[    4.196381] r8169 0000:01:00.0 eth0: RTL8168evl/8111evl at 0xf091c000, 02:04:4b:01:60:a6, XID 0c900800 IRQ 18
[    4.206301] r8169 0000:01:00.0 eth0: jumbo features [frames: 9200 bytes, tx checksumming: ko]
[    4.218175] [drm] Supports vblank timestamp caching Rev 2 (21.10.2013).
[    4.224777] [drm] No driver support for vblank timestamp query.
[    4.230752] [drm] Cannot find any crtc or sizes
[    4.235305] [drm] Initialized tegra 0.0.0 20120330 for drm on minor 0
[    4.242810] tegra-ehci 7d004000.usb: EHCI Host Controller
[    4.248234] tegra-ehci 7d004000.usb: new USB bus registered, assigned bus number 1
[    4.256071] tegra-ehci 7d004000.usb: irq 344, io mem 0x7d004000
[    4.262063] [drm] Cannot find any crtc or sizes
[    4.287569] tegra-ehci 7d004000.usb: USB 2.0 started, EHCI 1.00
[    4.294612] hub 1-0:1.0: USB hub found
[    4.298395] hub 1-0:1.0: 1 port detected
[    4.302923] tegra-ehci 7d008000.usb: EHCI Host Controller
[    4.308338] tegra-ehci 7d008000.usb: new USB bus registered, assigned bus number 2
[    4.316157] tegra-ehci 7d008000.usb: irq 345, io mem 0x7d008000
[    4.347566] tegra-ehci 7d008000.usb: USB 2.0 started, EHCI 1.00
[    4.354500] hub 2-0:1.0: USB hub found
[    4.358280] hub 2-0:1.0: 1 port detected
[    4.366273] tps65910-rtc tps65910-rtc: setting system clock to 2000-01-01 00:00:02 UTC (946684802)
[    4.375637] cfg80211: Loading compiled-in X.509 certificates for regulatory database
[    4.387945] cfg80211: Loaded X.509 cert 'sforshee: 00b28ddf47aef9cea7'
[    4.394679] platform regulatory.0: Direct firmware load for regulatory.db failed with error -2
[    4.398213] vdd_sata,avdd_plle: disabling
[    4.403723] usb1_vbus: disabling
[    4.403729] ALSA device list:
[    4.403732]   #0: NVIDIA Tegra Beaver
[    4.417119] cfg80211: failed to load regulatory.db
[    4.423848] EXT4-fs (mmcblk1p1): mounting ext3 file system using the ext4 subsystem
[    4.485356] EXT4-fs (mmcblk1p1): warning: mounting fs with errors, running e2fsck is recommended
[    4.495622] EXT4-fs (mmcblk1p1): recovery complete
[    4.502057] EXT4-fs (mmcblk1p1): mounted filesystem with ordered data mode. Opts: (null)
[    4.510211] VFS: Mounted root (ext3 filesystem) on device 179:1.
[    4.527730] devtmpfs: mounted
[    4.532163] Freeing unused kernel memory: 1024K
bash: cannot set terminal process group (-1): Inappropriate ioctl for device
bash: no job control in this shell
root@(none):/# [    4.737587] usb 2-1: new high-speed USB device number 2 using tegra-ehci
