
U-Boot SPL 2016.05-rc2 (Apr 21 2016 - 16:23:00)
Trying to boot from RAM


U-Boot 2016.05-rc2 (Apr 21 2016 - 16:23:00 -0700)

TEGRA124
Model: NVIDIA Jetson TK1
Board: NVIDIA Jetson TK1
DRAM:  2 GiB
MC:   Tegra SD/MMC: 0, Tegra SD/MMC: 1
In:    serial
Out:   serial
Err:   serial
Net:   No ethernet found.
Hit any key to stop autoboot:  2  0 
Tegra124 (Jetson TK1) # 
Tegra124 (Jetson TK1) # pci enum
Tegra124 (Jetson TK1) # setenv bootargs 'ignore_loglevel console=ttyS0,115200n8 rw root=PARTUUID=b1791faa-84e8-4e27-83a1-9fb0a77e8803 rootwait gpt debug noinitrd earlyprintk init=/bin/bash'
Tegra124 (Jetson TK1) # setenv ipaddr 192.168.100.102; setenv serverip 192.168.100.1; setenv tftpserverip 192.168.100.1
Tegra124 (Jetson TK1) # tftpboot 0x82000000 zImage.multi_v7_defconfig

Warning: eth_rtl8169 using MAC address from ROM
Using eth_rtl8169 device
TFTP from server 192.168.100.1; our IP address is 192.168.100.102
Filename 'zImage.multi_v7_defconfig'.
Load address: 0x82000000
Loading: *#################################################################
	 #################################################################
	 #################################################################
	 #################################################################
	 #################################################################
	 #################################################################
	 #################################################################
	 ##########################################
	 4 MiB/s
done
Bytes transferred = 7284752 (6f2810 hex)
Tegra124 (Jetson TK1) # tftpboot 0x83000000 tegra124-jetson-tk1.dtb
Using eth_rtl8169 device
TFTP from server 192.168.100.1; our IP address is 192.168.100.102
Filename 'tegra124-jetson-tk1.dtb'.
Load address: 0x83000000
Loading: *#####
	 4 MiB/s
done
Bytes transferred = 67133 (1063d hex)
Tegra124 (Jetson TK1) # bootz 0x82000000 - 0x83000000
Kernel image @ 0x82000000 [ 0x000000 - 0x6f2810 ]
## Flattened Device Tree blob at 83000000
   Booting using the fdt blob at 0x83000000
   Using Device Tree in place at 83000000, end 8301363c

Starting kernel ...

[    0.000000] Booting Linux on physical CPU 0x0
[    0.000000] Linux version 4.9.0-rc3-127352-ga909d3e (pwalmsley@sellafield) (gcc version 4.7.3 20130328 (prerelease) (crosstool-NG linaro-1.13.1-4.7-2013.04-20130415 - Linaro GCC 2013.04) ) #1 SMP Wed Nov 2 06:03:37 PDT 2016
[    0.000000] CPU: ARMv7 Processor [413fc0f3] revision 3 (ARMv7), cr=10c5387d
[    0.000000] CPU: div instructions available: patching division code
[    0.000000] CPU: PIPT / VIPT nonaliasing data cache, PIPT instruction cache
[    0.000000] OF: fdt:Machine model: NVIDIA Tegra124 Jetson TK1
[    0.000000] debug: ignoring loglevel setting.
[    0.000000] efi: Getting EFI parameters from FDT:
[    0.000000] efi: UEFI not found.
[    0.000000] cma: Reserved 64 MiB at 0xfb800000
[    0.000000] Memory policy: Data cache writealloc
[    0.000000] On node 0 totalpages: 524032
[    0.000000] free_area_init_node: node 0, pgdat c1427f80, node_mem_map eeff8000
[    0.000000]   DMA zone: 1536 pages used for memmap
[    0.000000]   DMA zone: 0 pages reserved
[    0.000000]   DMA zone: 196608 pages, LIFO batch:31
[    0.000000]   HighMem zone: 327424 pages, LIFO batch:31
[    0.000000] percpu: Embedded 14 pages/cpu @eef8e000 s26624 r8192 d22528 u57344
[    0.000000] pcpu-alloc: s26624 r8192 d22528 u57344 alloc=14*4096
[    0.000000] pcpu-alloc: [0] 0 [0] 1 [0] 2 [0] 3 
[    0.000000] Built 1 zonelists in Zone order, mobility grouping on.  Total pages: 522496
[    0.000000] Kernel command line: ignore_loglevel console=ttyS0,115200n8 rw root=PARTUUID=b1791faa-84e8-4e27-83a1-9fb0a77e8803 rootwait gpt debug noinitrd earlyprintk init=/bin/bash
[    0.000000] PID hash table entries: 4096 (order: 2, 16384 bytes)
[    0.000000] Dentry cache hash table entries: 131072 (order: 7, 524288 bytes)
[    0.000000] Inode-cache hash table entries: 65536 (order: 6, 262144 bytes)
[    0.000000] Memory: 1994968K/2096128K available (9216K kernel code, 1190K rwdata, 4068K rodata, 2048K init, 343K bss, 35624K reserved, 65536K cma-reserved, 1244160K highmem)
[    0.000000] Virtual kernel memory layout:
[    0.000000]     vector  : 0xffff0000 - 0xffff1000   (   4 kB)
[    0.000000]     fixmap  : 0xffc00000 - 0xfff00000   (3072 kB)
[    0.000000]     vmalloc : 0xf0800000 - 0xff800000   ( 240 MB)
[    0.000000]     lowmem  : 0xc0000000 - 0xf0000000   ( 768 MB)
[    0.000000]     pkmap   : 0xbfe00000 - 0xc0000000   (   2 MB)
[    0.000000]     modules : 0xbf000000 - 0xbfe00000   (  14 MB)
[    0.000000]       .text : 0xc0208000 - 0xc0c00000   (10208 kB)
[    0.000000]       .init : 0xc1100000 - 0xc1300000   (2048 kB)
[    0.000000]       .data : 0xc1300000 - 0xc1429a60   (1191 kB)
[    0.000000]        .bss : 0xc142b000 - 0xc1480fc8   ( 344 kB)
[    0.000000] SLUB: HWalign=64, Order=0-3, MinObjects=0, CPUs=4, Nodes=1
[    0.000000] Hierarchical RCU implementation.
[    0.000000] 	Build-time adjustment of leaf fanout to 32.
[    0.000000] 	RCU restricting CPUs from NR_CPUS=16 to nr_cpu_ids=4.
[    0.000000] RCU: Adjusting geometry for rcu_fanout_leaf=32, nr_cpu_ids=4
[    0.000000] NR_IRQS:16 nr_irqs:16 16
[    0.000000] /interrupt-controller@60004000: 160 interrupts forwarded to /interrupt-controller@50041000
[    0.000000] Tegra clk 127: register failed with -17
[    0.000008] sched_clock: 32 bits at 1000kHz, resolution 1000ns, wraps every 2147483647500ns
[    0.000030] clocksource: timer_us: mask: 0xffffffff max_cycles: 0xffffffff, max_idle_ns: 1911260446275 ns
[    0.000043] Switching to timer-based delay loop, resolution 1000ns
[    0.005487] arm_arch_timer: Architected cp15 timer(s) running at 12.00MHz (virt).
[    0.005505] clocksource: arch_sys_counter: mask: 0xffffffffffffff max_cycles: 0x2c47f4ee7, max_idle_ns: 440795202497 ns
[    0.005524] sched_clock: 56 bits at 12MHz, resolution 83ns, wraps every 4398046511096ns
[    0.005537] Switching to timer-based delay loop, resolution 83ns
[    0.005997] Console: colour dummy device 80x30
[    0.006025] Calibrating delay loop (skipped), value calculated using timer frequency.. 24.00 BogoMIPS (lpj=60000)
[    0.006039] pid_max: default: 32768 minimum: 301
[    0.006134] Mount-cache hash table entries: 2048 (order: 1, 8192 bytes)
[    0.006146] Mountpoint-cache hash table entries: 2048 (order: 1, 8192 bytes)
[    0.006745] CPU: Testing write buffer coherency: ok
[    0.006965] /cpus/cpu@0 missing clock-frequency property
[    0.007007] /cpus/cpu@1 missing clock-frequency property
[    0.007048] /cpus/cpu@2 missing clock-frequency property
[    0.007092] /cpus/cpu@3 missing clock-frequency property
[    0.007103] CPU0: thread -1, cpu 0, socket 0, mpidr 80000000
[    0.007124] Setting up static identity map for 0x80300000 - 0x80300098
[    0.010867] Tegra Revision: A01 SKU: 129 CPU Process: 1 SoC Process: 1
[    0.011540] EFI services will not be available.
[    0.012276] CPU1: thread -1, cpu 1, socket 0, mpidr 80000001
[    0.015939] CPU2: thread -1, cpu 2, socket 0, mpidr 80000002
[    0.020935] CPU3: thread -1, cpu 3, socket 0, mpidr 80000003
[    0.025459] Brought up 4 CPUs
[    0.025478] SMP: Total of 4 processors activated (96.00 BogoMIPS).
[    0.025485] CPU: All CPU(s) started in SVC mode.
[    0.026967] devtmpfs: initialized
[    0.047471] VFP support v0.3: implementor 41 architecture 4 part 30 variant f rev 0
[    0.047912] clocksource: jiffies: mask: 0xffffffff max_cycles: 0xffffffff, max_idle_ns: 9556302231375000 ns
[    0.049274] pinctrl core: initialized pinctrl subsystem
[    0.051052] NET: Registered protocol family 16
[    0.052973] DMA: preallocated 256 KiB pool for atomic coherent allocations
[    0.065575] cpuidle: using governor menu
[    0.096295] No ATAGs?
[    0.096322] hw-breakpoint: found 5 (+1 reserved) breakpoint and 4 watchpoint registers.
[    0.096332] hw-breakpoint: maximum watchpoint size is 8 bytes.
[    0.103283] Serial: AMBA PL011 UART driver
[    0.140897] +5V_SYS: supplied by +VDD_MUX
[    0.141205] +3.3V_SYS: supplied by +VDD_MUX
[    0.141855] +USB0_VBUS_SW: Failed to request enable GPIO108: -517
[    0.141870] reg-fixed-voltage regulators:regulator@7: Failed to register regulator: -517
[    0.141958] +5V_USB_HS: Failed to request enable GPIO109: -517
[    0.141970] reg-fixed-voltage regulators:regulator@8: Failed to register regulator: -517
[    0.142133] +1.05V_RUN_AVDD_HDMI_PLL: Failed to request enable GPIO63: -517
[    0.142145] reg-fixed-voltage regulators:regulator@11: Failed to register regulator: -517
[    0.142231] +5V_HDMI_CON: Failed to request enable GPIO86: -517
[    0.142243] reg-fixed-voltage regulators:regulator@12: Failed to register regulator: -517
[    0.142327] +5V_SATA: Failed to request enable GPIO242: -517
[    0.142339] reg-fixed-voltage regulators:regulator@13: Failed to register regulator: -517
[    0.142423] +12V_SATA: Failed to request enable GPIO242: -517
[    0.142435] reg-fixed-voltage regulators:regulator@14: Failed to register regulator: -517
[    0.145695] vgaarb: loaded
[    0.146579] SCSI subsystem initialized
[    0.146744] libata version 3.00 loaded.
[    0.147037] usbcore: registered new interface driver usbfs
[    0.147102] usbcore: registered new interface driver hub
[    0.147165] usbcore: registered new device driver usb
[    0.150736] pps_core: LinuxPPS API ver. 1 registered
[    0.150745] pps_core: Software ver. 5.3.6 - Copyright 2005-2007 Rodolfo Giometti <giometti@linux.it>
[    0.150767] PTP clock support registered
[    0.150990] EDAC MC: Ver: 3.0.0
[    0.154157] clocksource: Switched to clocksource arch_sys_counter
[    0.165458] NET: Registered protocol family 2
[    0.165981] TCP established hash table entries: 8192 (order: 3, 32768 bytes)
[    0.166079] TCP bind hash table entries: 8192 (order: 4, 65536 bytes)
[    0.166265] TCP: Hash tables configured (established 8192 bind 8192)
[    0.166315] UDP hash table entries: 512 (order: 2, 16384 bytes)
[    0.166355] UDP-Lite hash table entries: 512 (order: 2, 16384 bytes)
[    0.166510] NET: Registered protocol family 1
[    0.166828] RPC: Registered named UNIX socket transport module.
[    0.166836] RPC: Registered udp transport module.
[    0.166843] RPC: Registered tcp transport module.
[    0.166850] RPC: Registered tcp NFSv4.1 backchannel transport module.
[    0.166861] PCI: CLS 0 bytes, default 64
[    0.168087] hw perfevents: enabled with armv7_cortex_a15 PMU driver, 7 counters available
[    0.169581] futex hash table entries: 1024 (order: 4, 65536 bytes)
[    0.170327] workingset: timestamp_bits=30 max_order=19 bucket_order=0
[    0.181459] squashfs: version 4.0 (2009/01/31) Phillip Lougher
[    0.182312] NFS: Registering the id_resolver key type
[    0.182335] Key type id_resolver registered
[    0.182343] Key type id_legacy registered
[    0.182389] ntfs: driver 2.1.32 [Flags: R/O].
[    0.183633] bounce: pool size: 64 pages
[    0.183825] Block layer SCSI generic (bsg) driver version 0.4 loaded (major 248)
[    0.183835] io scheduler noop registered
[    0.183843] io scheduler deadline registered
[    0.184029] io scheduler cfq registered (default)
[    0.189627] usb2-0 supply vbus not found, using dummy regulator
[    0.189749] usb2-1 supply vbus not found, using dummy regulator
[    0.190131] tegra-xusb-padctl 7009f000.padctl: failed to setup XUSB ports: -517
[    0.190825] libphy: mdio_driver_register: phy-bcm-ns2-pci
[    0.207113] tegra-pcie 1003000.pcie-controller: 2x1, 1x1 configuration
[    0.207166] tegra-pcie 1003000.pcie-controller: Failed to get supply 'avddio-pex': -517
[    0.213151] tegra124-dfll 70110000.clock: couldn't get vdd_cpu regulator
[    0.221342] tegra-apbdma 60020000.dma: Tegra20 APB DMA driver register 32 channels
[    0.223289] tegra-pmc 7000e400.pmc: emergency thermal reset enabled
[    0.288298] Serial: 8250/16550 driver, 4 ports, IRQ sharing disabled
[    0.291300] console [ttyS0] disabled
[    0.291335] 70006300.serial: ttyS0 at MMIO 0x70006300 (irq = 335, base_baud = 25500000) is a Tegra
[    1.168660] console [ttyS0] enabled
[    1.173060] SuperH (H)SCI(F) driver initialized
[    1.178666] msm_serial: driver initialized
[    1.182972] STMicroelectronics ASC driver initialized
[    1.188924] 70006000.serial: ttyTHS1 at MMIO 0x70006000 (irq = 333, base_baud = 0) is a TEGRA_UART
[    1.198234] 70006040.serial: ttyTHS2 at MMIO 0x70006040 (irq = 334, base_baud = 0) is a TEGRA_UART
[    1.210639] [drm] Initialized
[    1.216812] tegra-hdmi 54280000.hdmi: failed to get HDMI regulator
[    1.236403] brd: module loaded
[    1.245633] loop: module loaded
[    1.250002] at24 0-0056: 256 byte 24c02 EEPROM, writable, 8 bytes/write
[    1.258404] as3722 4-0040: AS3722 with revision 0x1 found
[    1.270836] as3722-sd2: supplied by +5V_SYS
[    1.275503] as3722-sd3: supplied by +5V_SYS
[    1.279917] +1.35V_LP0(sd3): Bringing 0uV into 1350000-1350000uV
[    1.286054] +1.35V_LP0(sd3): ramp_delay not set
[    1.290837] as3722-sd4: supplied by +5V_SYS
[    1.295489] as3722-sd5: supplied by +5V_SYS
[    1.301566] as3722-ldo0: supplied by +1.35V_LP0(sd2)
[    1.307669] +1.8V_RUN_CAM: Bringing 0uV into 1800000-1800000uV
[    1.313632] +1.8V_RUN_CAM: ramp_delay not set
[    1.318292] as3722-ldo2: supplied by +1.8V_VDDIO
[    1.324225] as3722-ldo3: supplied by +3.3V_SYS
[    1.328699] +1.05V_LP0_VDD_RTC: Bringing 1100000uV into 1000000-1000000uV
[    1.335618] +1.05V_LP0_VDD_RTC: ramp_delay not set
[    1.341321] as3722-ldo4: supplied by +3.3V_SYS
[    1.345994] +2.8V_RUN_CAM: Bringing 0uV into 2800000-2800000uV
[    1.351956] +2.8V_RUN_CAM: ramp_delay not set
[    1.356612] as3722-ldo5: supplied by +1.8V_VDDIO
[    1.361457] +1.2V_RUN_CAM_FRONT: Bringing 0uV into 1200000-1200000uV
[    1.367939] +1.2V_RUN_CAM_FRONT: ramp_delay not set
[    1.373319] +VDDIO_SDMMC3: bypassed regulator has no supply!
[    1.378989] +VDDIO_SDMMC3: failed to get the current voltage(-517)
[    1.385180] as3722-regulator as3722-regulator: regulator 13 register failed -517
[    1.397928] tegra-ahci 70027000.sata: couldn't get PHY in node sata: -517
[    1.417881] random: fast init done
[    1.421480] m25p80 spi32765.0: w25q32dw (4096 Kbytes)
[    1.429742] libphy: Fixed MDIO Bus: probed
[    1.435077] CAN device driver interface
[    1.441200] e1000e: Intel(R) PRO/1000 Network Driver - 3.2.6-k
[    1.447041] e1000e: Copyright(c) 1999 - 2015 Intel Corporation.
[    1.453029] igb: Intel(R) Gigabit Ethernet Network Driver - version 5.4.0-k
[    1.459991] igb: Copyright (c) 2007-2014 Intel Corporation.
[    1.469276] pegasus: v0.9.3 (2013/04/25), Pegasus/Pegasus II USB Ethernet driver
[    1.476735] usbcore: registered new interface driver pegasus
[    1.482457] usbcore: registered new interface driver asix
[    1.487906] usbcore: registered new interface driver ax88179_178a
[    1.494043] usbcore: registered new interface driver cdc_ether
[    1.499938] usbcore: registered new interface driver smsc75xx
[    1.505749] usbcore: registered new interface driver smsc95xx
[    1.511542] usbcore: registered new interface driver net1080
[    1.517252] usbcore: registered new interface driver cdc_subset
[    1.523215] usbcore: registered new interface driver zaurus
[    1.528857] usbcore: registered new interface driver cdc_ncm
[    1.534754] tegra-phy 7d004000.usb-phy: no vbus regulator
[    1.542257] ehci_hcd: USB 2.0 'Enhanced' Host Controller (EHCI) Driver
[    1.548795] ehci-pci: EHCI PCI platform driver
[    1.553288] ehci-platform: EHCI generic platform driver
[    1.558742] ehci-orion: EHCI orion driver
[    1.562905] SPEAr-ehci: EHCI SPEAr driver
[    1.567077] ehci-st: EHCI STMicroelectronics driver
[    1.572123] ehci-exynos: EHCI EXYNOS driver
[    1.576487] ehci-atmel: EHCI Atmel driver
[    1.580651] tegra-ehci: Tegra EHCI driver
[    1.587512] tegra-ehci 7d004000.usb: EHCI Host Controller
[    1.592945] tegra-ehci 7d004000.usb: new USB bus registered, assigned bus number 1
[    1.600724] tegra-ehci 7d004000.usb: irq 354, io mem 0x7d004000
[    1.619182] tegra-ehci 7d004000.usb: USB 2.0 started, EHCI 1.10
[    1.625943] hub 1-0:1.0: USB hub found
[    1.629754] hub 1-0:1.0: 1 port detected
[    1.634289] ohci_hcd: USB 1.1 'Open' Host Controller (OHCI) Driver
[    1.640495] ohci-pci: OHCI PCI platform driver
[    1.645000] ohci-platform: OHCI generic platform driver
[    1.650418] ohci-omap3: OHCI OMAP3 driver
[    1.654589] SPEAr-ohci: OHCI SPEAr driver
[    1.658743] ohci-st: OHCI STMicroelectronics driver
[    1.663778] ohci-atmel: OHCI Atmel driver
[    1.668616] usbcore: registered new interface driver usb-storage
[    1.676306] mousedev: PS/2 mouse device common for all mice
[    1.685218] as3722-rtc as3722-rtc: rtc core: registered as3722-rtc as rtc0
[    1.692109] as3722-rtc as3722-rtc: RTC interrupt 377
[    1.700536] tegra_rtc 7000e000.rtc: rtc core: registered 7000e000.rtc as rtc1
[    1.707728] tegra_rtc 7000e000.rtc: Tegra internal Real Time Clock
[    1.714518] i2c /dev entries driver
[    1.725109] 0-004c supply vcc not found, using dummy regulator
[    1.741101] sdhci: Secure Digital Host Controller Interface driver
[    1.747293] sdhci: Copyright(c) Pierre Ossman
[    1.753334] Synopsys Designware Multimedia Card Interface Driver
[    1.760573] sdhci-pltfm: SDHCI platform and OF driver helper
[    1.767031] sdhci-tegra 700b0400.sdhci: Got CD GPIO
[    1.771938] sdhci-tegra 700b0400.sdhci: Got WP GPIO
[    1.777071] mmc0: Unknown controller version (3). You may experience problems.
[    1.784383] mmc0: Invalid maximum block size, assuming 512 bytes
[    1.834184] mmc0: SDHCI controller on 700b0600.sdhci [700b0600.sdhci] using ADMA
[    1.843603] ledtrig-cpu: registered to indicate activity on CPUs
[    1.849969] usbcore: registered new interface driver usbhid
[    1.855552] usbhid: USB HID core driver
[    1.863034] NET: Registered protocol family 10
[    1.868425] sit: IPv6, IPv4 and MPLS over IPv4 tunneling driver
[    1.875029] NET: Registered protocol family 17
[    1.879495] can: controller area network core (rev 20120528 abi 9)
[    1.885745] NET: Registered protocol family 29
[    1.890199] can: raw protocol (rev 20120528)
[    1.894477] can: broadcast manager protocol (rev 20160617 t)
[    1.900148] can: netlink gateway (rev 20130117) max_hops=1
[    1.906014] Key type dns_resolver registered
[    1.910966] ThumbEE CPU extension supported.
[    1.915256] Registering SWP/SWPB emulation handler
[    1.938319] +3.3V_RUN: supplied by +3.3V_SYS
[    1.943658] +3.3V_AVDD_HDMI_AP_GATED: supplied by +3.3V_RUN
[    1.949805] +USB0_VBUS_SW: supplied by +5V_SYS
[    1.954904] +5V_USB_HS: supplied by +5V_SYS
[    1.960983] +3.3V_LP0: supplied by +3.3V_SYS
[    1.967150] +5V_HDMI_CON: supplied by +5V_SYS
[    1.972294] +5V_SATA: supplied by +5V_SYS
[    1.975411] mmc0: new high speed MMC card at address 0001
[    1.977509] mmcblk0: mmc0:0001 SEM16G 14.7 GiB 
[    1.978354] mmcblk0boot0: mmc0:0001 SEM16G partition 1 4.00 MiB
[    1.979256] mmcblk0boot1: mmc0:0001 SEM16G partition 2 4.00 MiB
[    1.980159] mmcblk0rpmb: mmc0:0001 SEM16G partition 3 4.00 MiB
[    1.983921]  mmcblk0: p1
[    2.007310] +12V_SATA: supplied by +VDD_MUX
[    2.013329] usb2-0 supply vbus not found, using dummy regulator
[    2.019461] usb2-1 supply vbus not found, using dummy regulator
[    2.025769] usb3-0 supply vbus not found, using dummy regulator
[    2.032943] tegra-pcie 1003000.pcie-controller: 2x1, 1x1 configuration
[    2.039583] tegra-pcie 1003000.pcie-controller: Failed to get supply 'avddio-pex': -517
[    2.050675] tegra124-dfll 70110000.clock: couldn't get vdd_cpu regulator
[    2.061356] tegra-hdmi 54280000.hdmi: failed to get PLL regulator
[    2.072257] as3722-sd2: supplied by +5V_SYS
[    2.076857] as3722-sd3: supplied by +5V_SYS
[    2.081450] as3722-sd4: supplied by +5V_SYS
[    2.085983] +1.05V_RUN_AVDD_HDMI_PLL: supplied by +1.05V_RUN
[    2.091753] as3722-sd5: supplied by +5V_SYS
[    2.097744] as3722-ldo0: supplied by +1.35V_LP0(sd2)
[    2.103576] as3722-ldo1: supplied by +3.3V_RUN
[    2.108393] as3722-ldo2: supplied by +1.8V_VDDIO
[    2.114039] as3722-ldo3: supplied by +3.3V_SYS
[    2.119966] as3722-ldo4: supplied by +3.3V_SYS
[    2.124782] as3722-ldo5: supplied by +1.8V_VDDIO
[    2.129727] as3722-ldo6: supplied by +3.3V_RUN
[    2.134516] as3722-ldo7: supplied by +1.8V_VDDIO
[    2.139938] +1.05V_RUN_CAM_REAR: Bringing 0uV into 1050000-1050000uV
[    2.146725] +1.05V_RUN_CAM_REAR: ramp_delay not set
[    2.151971] as3722-ldo9: supplied by +5V_SYS
[    2.157543] +3.3V_RUN_TOUCH: Bringing 0uV into 2800000-2800000uV
[    2.163784] +3.3V_RUN_TOUCH: ramp_delay not set
[    2.168697] as3722-ldo10: supplied by +5V_SYS
[    2.173621] +2.8V_RUN_CAM_AF: Bringing 0uV into 2800000-2800000uV
[    2.180144] +2.8V_RUN_CAM_AF: ramp_delay not set
[    2.185136] as3722-ldo11: supplied by +3.3V_RUN
[    2.190448] +1.8V_RUN_VPP_FUSE: Bringing 0uV into 1800000-1800000uV
[    2.197135] +1.8V_RUN_VPP_FUSE: ramp_delay not set
[    2.205016] tegra-ahci 70027000.sata: AHCI 0001.0301 32 slots 2 ports 3 Gbps 0x1 impl platform mode
[    2.214080] tegra-ahci 70027000.sata: flags: 64bit ncq sntf pm led pio slum part sadm sds apst 
[    2.224957] scsi host0: tegra-ahci
[    2.229660] scsi host1: tegra-ahci
[    2.233410] ata1: SATA max UDMA/133 mmio [mem 0x70027000-0x70028fff] port 0x100 irq 345
[    2.241448] ata2: DUMMY
[    2.247178] tegra-ehci 7d008000.usb: EHCI Host Controller
[    2.252634] tegra-ehci 7d008000.usb: new USB bus registered, assigned bus number 2
[    2.260397] tegra-ehci 7d008000.usb: irq 355, io mem 0x7d008000
[    2.279280] tegra-ehci 7d008000.usb: USB 2.0 started, EHCI 1.10
[    2.286395] hub 2-0:1.0: USB hub found
[    2.290252] hub 2-0:1.0: 1 port detected
[    2.296786] sdhci-tegra 700b0400.sdhci: Got CD GPIO
[    2.301737] sdhci-tegra 700b0400.sdhci: Got WP GPIO
[    2.306861] mmc1: Unknown controller version (3). You may experience problems.
[    2.314210] mmc1: Invalid maximum block size, assuming 512 bytes
[    2.364719] mmc1: SDHCI controller on 700b0400.sdhci [700b0400.sdhci] using ADMA
[    2.372859] tegra-pcie 1003000.pcie-controller: 2x1, 1x1 configuration
[    2.381491] tegra-pcie 1003000.pcie-controller: probing port 0, using 2 lanes
[    2.390890] tegra-pcie 1003000.pcie-controller: Slot present pin change, signature: 00000008
[    2.415324] tegra-pcie 1003000.pcie-controller: probing port 1, using 1 lanes
[    2.424566] tegra-pcie 1003000.pcie-controller: Slot present pin change, signature: 00000000
[    2.439310] tegra-pcie 1003000.pcie-controller: PCI host bridge to bus 0000:00
[    2.446549] pci_bus 0000:00: root bus resource [io  0x0000-0xffff]
[    2.452745] pci_bus 0000:00: root bus resource [mem 0x13000000-0x1fffffff]
[    2.459645] pci_bus 0000:00: root bus resource [mem 0x20000000-0x3fffffff pref]
[    2.466986] pci_bus 0000:00: root bus resource [bus 00-ff]
[    2.472548] pci 0000:00:01.0: [10de:0e12] type 01 class 0x060400
[    2.478716] pci 0000:00:01.0: PME# supported from D0 D1 D2 D3hot D3cold
[    2.485702] pci 0000:00:02.0: [10de:0e13] type 01 class 0x060400
[    2.491874] pci 0000:00:02.0: PME# supported from D0 D1 D2 D3hot D3cold
[    2.498855] PCI: bus0: Fast back to back transfers disabled
[    2.504474] pci 0000:00:01.0: bridge configuration invalid ([bus 00-00]), reconfiguring
[    2.512518] pci 0000:00:02.0: bridge configuration invalid ([bus 00-00]), reconfiguring
[    2.520815] pci 0000:01:00.0: [8086:4232] type 00 class 0x028000
[    2.526896] pci 0000:01:00.0: reg 0x10: [mem 0x00000000-0x00001fff 64bit]
[    2.533927] pci 0000:01:00.0: PME# supported from D0 D3hot D3cold
[    2.554311] PCI: bus1: Fast back to back transfers disabled
[    2.559946] pci_bus 0000:01: busn_res: [bus 01-ff] end is updated to 01
[    2.562858] ata1: SATA link down (SStatus 0 SControl 300)
[    2.572274] pci 0000:02:00.0: [10ec:8168] type 00 class 0x020000
[    2.578319] pci 0000:02:00.0: reg 0x10: [io  0x0000-0x00ff]
[    2.583931] pci 0000:02:00.0: reg 0x18: [mem 0x00000000-0x00000fff 64bit]
[    2.590752] pci 0000:02:00.0: reg 0x20: [mem 0x00000000-0x00003fff 64bit pref]
[    2.598163] pci 0000:02:00.0: supports D1 D2
[    2.602445] pci 0000:02:00.0: PME# supported from D0 D1 D2 D3hot D3cold
[    2.624303] PCI: bus2: Fast back to back transfers disabled
[    2.629908] pci_bus 0000:02: busn_res: [bus 02-ff] end is updated to 02
[    2.636701] pci 0000:00:01.0: BAR 8: assigned [mem 0x13000000-0x130fffff]
[    2.643530] pci 0000:00:02.0: BAR 8: assigned [mem 0x13100000-0x131fffff]
[    2.650336] pci 0000:00:02.0: BAR 9: assigned [mem 0x20000000-0x200fffff 64bit pref]
[    2.658121] pci 0000:00:02.0: BAR 7: assigned [io  0x1000-0x1fff]
[    2.664232] pci 0000:01:00.0: BAR 0: assigned [mem 0x13000000-0x13001fff 64bit]
[    2.671574] pci 0000:00:01.0: PCI bridge to [bus 01]
[    2.676553] pci 0000:00:01.0:   bridge window [mem 0x13000000-0x130fffff]
[    2.683358] pci 0000:02:00.0: BAR 4: assigned [mem 0x20000000-0x20003fff 64bit pref]
[    2.691127] pci 0000:02:00.0: BAR 2: assigned [mem 0x13100000-0x13100fff 64bit]
[    2.698459] pci 0000:02:00.0: BAR 0: assigned [io  0x1000-0x10ff]
[    2.704566] pci 0000:00:02.0: PCI bridge to [bus 02]
[    2.709540] pci 0000:00:02.0:   bridge window [io  0x1000-0x1fff]
[    2.715643] pci 0000:00:02.0:   bridge window [mem 0x13100000-0x131fffff]
[    2.722441] pci 0000:00:02.0:   bridge window [mem 0x20000000-0x200fffff 64bit pref]
[    2.730257] pci 0000:00:01.0: nv_msi_ht_cap_quirk didn't locate host bridge
[    2.737325] pcieport 0000:00:01.0: enabling device (0140 -> 0142)
[    2.743704] pcieport 0000:00:01.0: Signaling PME through PCIe PME interrupt
[    2.750676] pci 0000:01:00.0: Signaling PME through PCIe PME interrupt
[    2.757212] pcie_pme 0000:00:01.0:pcie001: service driver pcie_pme loaded
[    2.764094] pci 0000:00:02.0: nv_msi_ht_cap_quirk didn't locate host bridge
[    2.771132] pcieport 0000:00:02.0: enabling device (0140 -> 0143)
[    2.777487] pcieport 0000:00:02.0: Signaling PME through PCIe PME interrupt
[    2.784461] pci 0000:02:00.0: Signaling PME through PCIe PME interrupt
[    2.791032] pcie_pme 0000:00:02.0:pcie001: service driver pcie_pme loaded
[    2.798154] r8169 Gigabit Ethernet driver 2.3LK-NAPI loaded
[    2.803758] r8169 0000:02:00.0: enabling device (0140 -> 0143)
[    2.826442] r8169 0000:02:00.0 eth0: RTL8168g/8111g at 0xf0a45000, 00:04:4b:3a:d9:81, XID 0c000800 IRQ 395
[    2.836128] r8169 0000:02:00.0 eth0: jumbo features [frames: 9200 bytes, tx checksumming: ko]
[    2.848888] mmc1: new high speed SDHC card at address aaaa
[    2.855910] mmcblk1: mmc1:aaaa SD04G 3.69 GiB 
[    2.862116] [drm] Supports vblank timestamp caching Rev 2 (21.10.2013).
[    2.868777] [drm] No driver support for vblank timestamp query.
[    2.884729]  mmcblk1: p1 p2 p3
[    2.998559] tegra-hdmi 54280000.hdmi: cannot set audio to 48000 Hz at 297000000 Hz pixel clock
[    3.167066] Console: switching to colour frame buffer device 512x135
[    3.262914] drm drm: fb0:  frame buffer device
[    3.284271] [drm] Initialized tegra 0.0.0 20120330 on minor 0
[    3.291972] of: dev_pm_opp_of_cpumask_add_table: couldn't find opp table for cpu:0, -19
[    3.300046] cpufreq: cpufreq_online: CPU0: Running at unlisted freq: 696000 KHz
[    3.307380] cpufreq: cpufreq_online: CPU0: Unlisted initial frequency changed to: 714000 KHz
[    3.316602] input: gpio-keys as /devices/soc0/gpio-keys/input/input0
[    3.323883] as3722-rtc as3722-rtc: setting system clock to 2000-01-01 00:00:12 UTC (946684812)
[    3.332961] +USB0_VBUS_SW: disabling
[    3.336578] +1.8V_RUN_CAM: disabling
[    3.340398] +2.8V_RUN_CAM: disabling
[    3.344253] +1.2V_RUN_CAM_FRONT: disabling
[    3.348502] +1.05V_RUN_CAM_REAR: disabling
[    3.352813] +3.3V_RUN_TOUCH: disabling
[    3.356734] +2.8V_RUN_CAM_AF: disabling
[    3.360786] +1.8V_RUN_VPP_FUSE: disabling
[    3.365918] EXT4-fs (mmcblk0p1): mounting ext3 file system using the ext4 subsystem
[    3.402183] EXT4-fs (mmcblk0p1): recovery complete
[    3.407834] EXT4-fs (mmcblk0p1): mounted filesystem with ordered data mode. Opts: (null)
[    3.415944] VFS: Mounted root (ext3 filesystem) on device 179:1.
[    3.426246] devtmpfs: mounted
[    3.429869] Freeing unused kernel memory: 2048K (c1100000 - c1300000)
bash: cannot set terminal process group (-1): Inappropriate ioctl for device
bash: no job control in this shell
root@(none):/# 