

U-Boot 2015.04-00466-gedec83e90172 (Mar 14 2016 - 10:42:01)

TEGRA124
Model: Acer Chromebook 13 CB5-311
DRAM:  4 GiB
C:   Tegra SD/MMC: 0, Tegra SD/MMC: 1, Tegra SD/MMC: 2
MMC init failed
Using default environment

In:    serial
Out:   serial
Err:   serial
Net:   Net Initialization Skipped
No ethernet found.
Hit any key to stop autoboot:  2  0 
Tegra124 (Nyan-big) # 
Tegra124 (Nyan-big) # usb start
starting USB...
USB0:   USB EHCI 1.10
scanning bus 0 for devices... 2 USB Device(s) found
USB1:   USB EHCI 1.10
scanning bus 1 for devices... 2 USB Device(s) found
       scanning usb for storage devices... 1 Storage Device(s) found
       scanning usb for ethernet devices... 
Warning: asx0 using MAC address from net device
1 Ethernet Device(s) found
Tegra124 (Nyan-big) # mw 0x7000e4a0 0x00080000
Tegra124 (Nyan-big) # setenv bootargs 'ignore_loglevel console=ttyS0,115200n8 rw root=PARTUUID=4d36e82a-b3c0-4b4b-bfcd-afe5217ac023 rootwait gpt debug noinitrd earlyprintk init=/bin/bash'
Tegra124 (Nyan-big) # setenv ipaddr 192.168.100.102; setenv serverip 192.168.100.1; setenv tftpserverip 192.168.100.1
Tegra124 (Nyan-big) # tftpboot 0x82000000 zImage.multi_v7_defconfig
Using asx0 device
TFTP from server 192.168.100.1; our IP address is 192.168.100.102
Filename 'zImage.multi_v7_defconfig'.
Load address: 0x82000000
Loading: *#################################################################
	 #################################################################
	 #################################################################
	 #################################################################
	 #################################################################
	 #################################################################
	 #################################################################
	 ##########################################
	 3.6 MiB/s
done
Bytes transferred = 7286920 (6f3088 hex)
Tegra124 (Nyan-big) # tftpboot 0x83000000 tegra124-nyan-big.dtb
Using asx0 device
TFTP from server 192.168.100.1; our IP address is 192.168.100.102
Filename 'tegra124-nyan-big.dtb'.
Load address: 0x83000000
Loading: *#####
	 3.4 MiB/s
done
Bytes transferred = 67899 (1093b hex)
Tegra124 (Nyan-big) # bootz 0x82000000 - 0x83000000
Kernel image @ 0x82000000 [ 0x000000 - 0x6f3088 ]
## Flattened Device Tree blob at 83000000
   Booting using the fdt blob at 0x83000000
   Using Device Tree in place at 83000000, end 8301393a

Starting kernel ...

[    0.000000] Booting Linux on physical CPU 0x0
[    0.000000] Linux version 4.9.0-rc6-128439-g9c76358 (pwalmsley@sellafield) (gcc version 4.7.3 20130328 (prerelease) (crosstool-NG linaro-1.13.1-4.7-2013.04-20130415 - Linaro GCC 2013.04) ) #1 SMP Mon Nov 21 03:34:34 PST 2016
[    0.000000] CPU: ARMv7 Processor [413fc0f3] revision 3 (ARMv7), cr=10c5387d
[    0.000000] CPU: div instructions available: patching division code
[    0.000000] CPU: PIPT / VIPT nonaliasing data cache, PIPT instruction cache
[    0.000000] OF: fdt:Machine model: Acer Chromebook 13 CB5-311
[    0.000000] OF: fdt:Ignoring memory range 0x100000000 - 0x17ffff000
[    0.000000] debug: ignoring loglevel setting.
[    0.000000] efi: Getting EFI parameters from FDT:
[    0.000000] efi: UEFI not found.
[    0.000000] cma: Reserved 64 MiB at 0xfb800000
[    0.000000] Memory policy: Data cache writealloc
[    0.000000] On node 0 totalpages: 524287
[    0.000000] free_area_init_node: node 0, pgdat c1427fc0, node_mem_map eeff8000
[    0.000000]   DMA zone: 1536 pages used for memmap
[    0.000000]   DMA zone: 0 pages reserved
[    0.000000]   DMA zone: 196608 pages, LIFO batch:31
[    0.000000]   HighMem zone: 327679 pages, LIFO batch:31
[    0.000000] percpu: Embedded 14 pages/cpu @eef8d000 s26624 r8192 d22528 u57344
[    0.000000] pcpu-alloc: s26624 r8192 d22528 u57344 alloc=14*4096
[    0.000000] pcpu-alloc: [0] 0 [0] 1 [0] 2 [0] 3 
[    0.000000] Built 1 zonelists in Zone order, mobility grouping on.  Total pages: 522751
[    0.000000] Kernel command line: ignore_loglevel console=ttyS0,115200n8 rw root=PARTUUID=4d36e82a-b3c0-4b4b-bfcd-afe5217ac023 rootwait gpt debug noinitrd earlyprintk init=/bin/bash
[    0.000000] PID hash table entries: 4096 (order: 2, 16384 bytes)
[    0.000000] Dentry cache hash table entries: 131072 (order: 7, 524288 bytes)
[    0.000000] Inode-cache hash table entries: 65536 (order: 6, 262144 bytes)
[    0.000000] Memory: 1995984K/2097148K available (9216K kernel code, 1190K rwdata, 4068K rodata, 2048K init, 343K bss, 35628K reserved, 65536K cma-reserved, 1245180K highmem)
[    0.000000] Virtual kernel memory layout:
[    0.000000]     vector  : 0xffff0000 - 0xffff1000   (   4 kB)
[    0.000000]     fixmap  : 0xffc00000 - 0xfff00000   (3072 kB)
[    0.000000]     vmalloc : 0xf0800000 - 0xff800000   ( 240 MB)
[    0.000000]     lowmem  : 0xc0000000 - 0xf0000000   ( 768 MB)
[    0.000000]     pkmap   : 0xbfe00000 - 0xc0000000   (   2 MB)
[    0.000000]     modules : 0xbf000000 - 0xbfe00000   (  14 MB)
[    0.000000]       .text : 0xc0208000 - 0xc0c00000   (10208 kB)
[    0.000000]       .init : 0xc1100000 - 0xc1300000   (2048 kB)
[    0.000000]       .data : 0xc1300000 - 0xc1429aa0   (1191 kB)
[    0.000000]        .bss : 0xc142b000 - 0xc1480fc8   ( 344 kB)
[    0.000000] SLUB: HWalign=64, Order=0-3, MinObjects=0, CPUs=4, Nodes=1
[    0.000000] Hierarchical RCU implementation.
[    0.000000] 	Build-time adjustment of leaf fanout to 32.
[    0.000000] 	RCU restricting CPUs from NR_CPUS=16 to nr_cpu_ids=4.
[    0.000000] RCU: Adjusting geometry for rcu_fanout_leaf=32, nr_cpu_ids=4
[    0.000000] NR_IRQS:16 nr_irqs:16 16
[    0.000000] /interrupt-controller@60004000: 160 interrupts forwarded to /interrupt-controller@50041000
[    0.000000] Tegra clk 127: register failed with -17
[    0.000003] sched_clock: 32 bits at 1000kHz, resolution 1000ns, wraps every 2147483647500ns
[    0.000012] clocksource: timer_us: mask: 0xffffffff max_cycles: 0xffffffff, max_idle_ns: 1911260446275 ns
[    0.000017] Switching to timer-based delay loop, resolution 1000ns
[    0.001887] arm_arch_timer: Architected cp15 timer(s) running at 12.00MHz (virt).
[    0.001893] clocksource: arch_sys_counter: mask: 0xffffffffffffff max_cycles: 0x2c47f4ee7, max_idle_ns: 440795202497 ns
[    0.001900] sched_clock: 56 bits at 12MHz, resolution 83ns, wraps every 4398046511096ns
[    0.001904] Switching to timer-based delay loop, resolution 83ns
[    0.002116] Console: colour dummy device 80x30
[    0.002130] Calibrating delay loop (skipped), value calculated using timer frequency.. 24.00 BogoMIPS (lpj=60000)
[    0.002135] pid_max: default: 32768 minimum: 301
[    0.002174] Mount-cache hash table entries: 2048 (order: 1, 8192 bytes)
[    0.002178] Mountpoint-cache hash table entries: 2048 (order: 1, 8192 bytes)
[    0.002425] CPU: Testing write buffer coherency: ok
[    0.002538] /cpus/cpu@0 missing clock-frequency property
[    0.002552] /cpus/cpu@1 missing clock-frequency property
[    0.002566] /cpus/cpu@2 missing clock-frequency property
[    0.002581] /cpus/cpu@3 missing clock-frequency property
[    0.002585] CPU0: thread -1, cpu 0, socket 0, mpidr 80000000
[    0.002595] Setting up static identity map for 0x80300000 - 0x80300098
[    0.003939] Tegra Revision: A01 SKU: 131 CPU Process: 1 SoC Process: 1
[    0.004174] EFI services will not be available.
[    0.004505] CPU1: thread -1, cpu 1, socket 0, mpidr 80000001
[    0.007009] CPU2: thread -1, cpu 2, socket 0, mpidr 80000002
[    0.012002] CPU3: thread -1, cpu 3, socket 0, mpidr 80000003
[    0.016779] Brought up 4 CPUs
[    0.016787] SMP: Total of 4 processors activated (96.00 BogoMIPS).
[    0.016790] CPU: All CPU(s) started in SVC mode.
[    0.017336] devtmpfs: initialized
[    0.024413] VFP support v0.3: implementor 41 architecture 4 part 30 variant f rev 0
[    0.024620] clocksource: jiffies: mask: 0xffffffff max_cycles: 0xffffffff, max_idle_ns: 9556302231375000 ns
[    0.025148] pinctrl core: initialized pinctrl subsystem
[    0.025855] NET: Registered protocol family 16
[    0.026525] DMA: preallocated 256 KiB pool for atomic coherent allocations
[    0.041815] cpuidle: using governor menu
[    0.051763] No ATAGs?
[    0.051776] hw-breakpoint: found 5 (+1 reserved) breakpoint and 4 watchpoint registers.
[    0.051780] hw-breakpoint: maximum watchpoint size is 8 bytes.
[    0.054445] Serial: AMBA PL011 UART driver
[    0.054790] tegra-mc 70019000.memory-controller: no memory timings for RAM code 0 registered
[    0.073722] +5V_SYS: supplied by +VDD_MUX
[    0.073828] +3.3V_SYS: supplied by +VDD_MUX
[    0.074050] +VDD_LED: Failed to request enable GPIO122: -517
[    0.074055] reg-fixed-voltage regulators:regulator@5: Failed to register regulator: -517
[    0.074086] +5V_VDD_TS_SW: Failed to request enable GPIO81: -517
[    0.074090] reg-fixed-voltage regulators:regulator@6: Failed to register regulator: -517
[    0.074118] +5V_USB_HS: Failed to request enable GPIO108: -517
[    0.074122] reg-fixed-voltage regulators:regulator@7: Failed to register regulator: -517
[    0.074150] +5V_USB_SS: Failed to request enable GPIO109: -517
[    0.074154] reg-fixed-voltage regulators:regulator@8: Failed to register regulator: -517
[    0.074231] +1.05V_RUN_AVDD_HDMI_PLL: Failed to request enable GPIO63: -517
[    0.074235] reg-fixed-voltage regulators:regulator@11: Failed to register regulator: -517
[    0.074262] +5V_HDMI_CON: Failed to request enable GPIO86: -517
[    0.074266] reg-fixed-voltage regulators:regulator@12: Failed to register regulator: -517
[    0.075367] vgaarb: loaded
[    0.075673] SCSI subsystem initialized
[    0.075746] libata version 3.00 loaded.
[    0.075850] usbcore: registered new interface driver usbfs
[    0.075874] usbcore: registered new interface driver hub
[    0.075901] usbcore: registered new device driver usb
[    0.077233] pps_core: LinuxPPS API ver. 1 registered
[    0.077237] pps_core: Software ver. 5.3.6 - Copyright 2005-2007 Rodolfo Giometti <giometti@linux.it>
[    0.077245] PTP clock support registered
[    0.077312] EDAC MC: Ver: 3.0.0
[    0.077753] tegra-emc 7001b000.emc: no memory timings for RAM code 0 found in DT
[    0.077762] tegra-emc: probe of 7001b000.emc failed with error -2
[    0.078245] clocksource: Switched to clocksource arch_sys_counter
[    0.081955] NET: Registered protocol family 2
[    0.082154] TCP established hash table entries: 8192 (order: 3, 32768 bytes)
[    0.082188] TCP bind hash table entries: 8192 (order: 4, 65536 bytes)
[    0.082250] TCP: Hash tables configured (established 8192 bind 8192)
[    0.082270] UDP hash table entries: 512 (order: 2, 16384 bytes)
[    0.082284] UDP-Lite hash table entries: 512 (order: 2, 16384 bytes)
[    0.082346] NET: Registered protocol family 1
[    0.082473] RPC: Registered named UNIX socket transport module.
[    0.082477] RPC: Registered udp transport module.
[    0.082479] RPC: Registered tcp transport module.
[    0.082482] RPC: Registered tcp NFSv4.1 backchannel transport module.
[    0.082486] PCI: CLS 0 bytes, default 64
[    0.082927] hw perfevents: enabled with armv7_cortex_a15 PMU driver, 7 counters available
[    0.083467] futex hash table entries: 1024 (order: 4, 65536 bytes)
[    0.083751] workingset: timestamp_bits=30 max_order=19 bucket_order=0
[    0.087468] squashfs: version 4.0 (2009/01/31) Phillip Lougher
[    0.087771] NFS: Registering the id_resolver key type
[    0.087783] Key type id_resolver registered
[    0.087787] Key type id_legacy registered
[    0.087804] ntfs: driver 2.1.32 [Flags: R/O].
[    0.088252] bounce: pool size: 64 pages
[    0.088324] Block layer SCSI generic (bsg) driver version 0.4 loaded (major 248)
[    0.088328] io scheduler noop registered
[    0.088331] io scheduler deadline registered
[    0.088396] io scheduler cfq registered (default)
[    0.090228] tegra-xusb-padctl 7009f000.padctl: failed to setup XUSB ports: -517
[    0.090407] libphy: mdio_driver_register: phy-bcm-ns2-pci
[    0.100266] tegra-apbdma 60020000.dma: Tegra20 APB DMA driver register 32 channels
[    0.100925] tegra-pmc 7000e400.pmc: i2c-thermtrip node not found, emergency thermal reset disabled.
[    0.122215] Serial: 8250/16550 driver, 4 ports, IRQ sharing disabled
[    0.123396] console [ttyS0] disabled
[    0.123411] 70006000.serial: ttyS0 at MMIO 0x70006000 (irq = 331, base_baud = 25500000) is a Tegra
[    0.996929] console [ttyS0] enabled
[    1.000724] SuperH (H)SCI(F) driver initialized
[    1.005602] msm_serial: driver initialized
[    1.009756] STMicroelectronics ASC driver initialized
[    1.016199] [drm] Initialized
[    1.020288] tegra-hdmi 54280000.hdmi: failed to get HDMI regulator
[    1.026825] tegra-dpaux 545c0000.dpaux: failed to get VDD supply: -517
[    1.034066] panel supply power not found, using dummy regulator
[    1.043755] brd: module loaded
[    1.048912] loop: module loaded
[    1.052955] as3722 4-0040: AS3722 with revision 0x1 found
[    1.063063] as3722-sd2: supplied by +5V_SYS
[    1.067512] as3722-sd3: supplied by +5V_SYS
[    1.071846] +1.35V_LP0(sd3): Bringing 0uV into 1350000-1350000uV
[    1.078032] as3722-sd4: supplied by +5V_SYS
[    1.082374] +1.05V_RUN: Bringing 0uV into 1050000-1050000uV
[    1.088125] as3722-sd5: supplied by +5V_SYS
[    1.093720] as3722-ldo0: supplied by +1.35V_LP0(sd2)
[    1.099461] +1.8V_RUN_CAM: Bringing 0uV into 1800000-1800000uV
[    1.105480] as3722-ldo2: supplied by +1.8V_VDDIO
[    1.111099] as3722-ldo3: supplied by +3.3V_SYS
[    1.115554] +1.00V_LP0_VDD_RTC: Bringing 1100000uV into 1000000-1000000uV
[    1.123131] as3722-ldo4: supplied by +3.3V_SYS
[    1.127729] +3.3V_RUN_CAM: Bringing 0uV into 2800000-2800000uV
[    1.133748] as3722-ldo5: supplied by +1.8V_VDDIO
[    1.138518] +1.2V_RUN_CAM_FRONT: Bringing 0uV into 1200000-1200000uV
[    1.145212] +VDDIO_SDMMC3: Bringing 0uV into 1800000-1800000uV
[    1.151252] as3722-ldo7: supplied by +1.8V_VDDIO
[    1.156023] +1.05V_RUN_CAM_REAR: Bringing 0uV into 1050000-1050000uV
[    1.162579] as3722-ldo9: supplied by +5V_SYS
[    1.167145] +2.8V_RUN_TOUCH: Bringing 0uV into 2800000-2800000uV
[    1.173354] as3722-ldo10: supplied by +5V_SYS
[    1.177860] +2.8V_RUN_CAM_AF: Bringing 0uV into 2800000-2800000uV
[    1.184313] +1.8V_RUN_VPP_FUSE: Bringing 0uV into 1800000-1800000uV
[    1.197220] random: fast init done
[    1.202832] m25p80 spi32765.0: w25q32dw (4096 Kbytes)
[    1.208991] libphy: Fixed MDIO Bus: probed
[    1.213493] CAN device driver interface
[    1.218071] e1000e: Intel(R) PRO/1000 Network Driver - 3.2.6-k
[    1.223893] e1000e: Copyright(c) 1999 - 2015 Intel Corporation.
[    1.229825] igb: Intel(R) Gigabit Ethernet Network Driver - version 5.4.0-k
[    1.236774] igb: Copyright (c) 2007-2014 Intel Corporation.
[    1.243576] pegasus: v0.9.3 (2013/04/25), Pegasus/Pegasus II USB Ethernet driver
[    1.250983] usbcore: registered new interface driver pegasus
[    1.256653] usbcore: registered new interface driver asix
[    1.262057] usbcore: registered new interface driver ax88179_178a
[    1.268155] usbcore: registered new interface driver cdc_ether
[    1.273998] usbcore: registered new interface driver smsc75xx
[    1.279753] usbcore: registered new interface driver smsc95xx
[    1.285503] usbcore: registered new interface driver net1080
[    1.291166] usbcore: registered new interface driver cdc_subset
[    1.297088] usbcore: registered new interface driver zaurus
[    1.302672] usbcore: registered new interface driver cdc_ncm
[    1.309005] ehci_hcd: USB 2.0 'Enhanced' Host Controller (EHCI) Driver
[    1.315522] ehci-pci: EHCI PCI platform driver
[    1.319972] ehci-platform: EHCI generic platform driver
[    1.325261] ehci-orion: EHCI orion driver
[    1.329312] SPEAr-ehci: EHCI SPEAr driver
[    1.333365] ehci-st: EHCI STMicroelectronics driver
[    1.338285] ehci-exynos: EHCI EXYNOS driver
[    1.342510] ehci-atmel: EHCI Atmel driver
[    1.346561] tegra-ehci: Tegra EHCI driver
[    1.350626] ohci_hcd: USB 1.1 'Open' Host Controller (OHCI) Driver
[    1.356799] ohci-pci: OHCI PCI platform driver
[    1.361249] ohci-platform: OHCI generic platform driver
[    1.366522] ohci-omap3: OHCI OMAP3 driver
[    1.370575] SPEAr-ohci: OHCI SPEAr driver
[    1.374629] ohci-st: OHCI STMicroelectronics driver
[    1.379547] ohci-atmel: OHCI Atmel driver
[    1.383810] usbcore: registered new interface driver usb-storage
[    1.390379] mousedev: PS/2 mouse device common for all mice
[    1.396319] 1-0015 supply vcc not found, using dummy regulator
[    1.402210] as3722-rtc as3722-rtc: rtc core: registered as3722-rtc as rtc0
[    1.409085] as3722-rtc as3722-rtc: RTC interrupt 370
[    1.415998] tegra_rtc 7000e000.rtc: rtc core: registered 7000e000.rtc as rtc1
[    1.423138] tegra_rtc 7000e000.rtc: Tegra internal Real Time Clock
[    1.429502] i2c /dev entries driver
[    1.435404] 0-004c supply vcc not found, using dummy regulator
[    1.445477] sdhci: Secure Digital Host Controller Interface driver
[    1.451658] sdhci: Copyright(c) Pierre Ossman
[    1.456569] Synopsys Designware Multimedia Card Interface Driver
[    1.462966] sdhci-pltfm: SDHCI platform and OF driver helper
[    1.468899] sdhci-tegra 700b0000.sdhci: allocated mmc-pwrseq
[    1.474665] sdhci-tegra 700b0400.sdhci: Got CD GPIO
[    1.479540] sdhci-tegra 700b0400.sdhci: Got WP GPIO
[    1.484528] mmc0: Unknown controller version (3). You may experience problems.
[    1.491764] mmc0: Invalid maximum block size, assuming 512 bytes
[    1.543254] mmc0: SDHCI controller on 700b0600.sdhci [700b0600.sdhci] using ADMA
[    1.551356] ledtrig-cpu: registered to indicate activity on CPUs
[    1.557558] usbcore: registered new interface driver usbhid
[    1.563129] usbhid: USB HID core driver
[    1.568259] NET: Registered protocol family 10
[    1.573057] sit: IPv6, IPv4 and MPLS over IPv4 tunneling driver
[    1.579232] NET: Registered protocol family 17
[    1.583679] can: controller area network core (rev 20120528 abi 9)
[    1.589887] NET: Registered protocol family 29
[    1.594330] can: raw protocol (rev 20120528)
[    1.598598] can: broadcast manager protocol (rev 20160617 t)
[    1.604254] can: netlink gateway (rev 20130117) max_hops=1
[    1.609883] Key type dns_resolver registered
[    1.614389] ThumbEE CPU extension supported.
[    1.618659] Registering SWP/SWPB emulation handler
[    1.628941] +3.3V_RUN: supplied by +3.3V_SYS
[    1.629903] input: Elan Touchpad as /devices/soc0/7000c400.i2c/i2c-1/1-0015/input/input0
[    1.641832] +3.3V_AVDD_HDMI_AP_GATED: supplied by +3.3V_RUN
[    1.647466] +1.8V_RUN_CAM: supplied by +3.3V_RUN
[    1.652185] +VDDIO_SDMMC3: supplied by +3.3V_RUN
[    1.656833] +1.8V_RUN_VPP_FUSE: supplied by +3.3V_RUN
[    1.662198] +VDD_LED: supplied by +VDD_MUX
[    1.666657] +5V_VDD_TS_SW: supplied by +5V_SYS
[    1.671449] +5V_USB_HS: supplied by +5V_SYS
[    1.676008] +5V_USB_SS: supplied by +5V_SYS
[    1.679997] mmc0: new high speed MMC card at address 0001
[    1.680819] mmcblk0: mmc0:0001 MMC16G 14.4 GiB 
[    1.681515] mmcblk0boot0: mmc0:0001 MMC16G partition 1 2.00 MiB
[    1.682186] mmcblk0boot1: mmc0:0001 MMC16G partition 2 2.00 MiB
[    1.682570] mmcblk0rpmb: mmc0:0001 MMC16G partition 3 128 KiB
[    1.688551]  mmcblk0: p1 p2 p3 p4 p5 p6 p7 p8 p9 p10 p11 p12
[    1.714532] +3.3V_PANEL: supplied by +3.3V_RUN
[    1.719960] +3.3V_LP0: supplied by +3.3V_SYS
[    1.725131] +1.05V_RUN_AVDD_HDMI_PLL: supplied by +1.05V_RUN
[    1.725344] elan_i2c 1-0015: failed to read report data: -121
[    1.736904] +5V_HDMI_CON: supplied by +5V_SYS
[    1.742127] usb3-0 supply vbus not found, using dummy regulator
[    1.748152] usb3-1 supply vbus not found, using dummy regulator
[    1.757739] tegra-sor 54540000.sor: failed to probe output: -517
[    1.764517] panel supply power not found, using dummy regulator
[    1.771161] sdhci-tegra 700b0000.sdhci: allocated mmc-pwrseq
[    1.776933] mmc1: Unknown controller version (3). You may experience problems.
[    1.784259] mmc1: Invalid maximum block size, assuming 512 bytes
[    1.790683] mmc1: Switching to 3.3V signalling voltage failed
[    1.833332] mmc1: SDHCI controller on 700b0000.sdhci [700b0000.sdhci] using ADMA
[    1.841480] sdhci-tegra 700b0400.sdhci: Got CD GPIO
[    1.846357] sdhci-tegra 700b0400.sdhci: Got WP GPIO
[    1.851323] mmc2: Unknown controller version (3). You may experience problems.
[    1.858573] mmc2: Invalid maximum block size, assuming 512 bytes
[    1.866353] elan_i2c 1-0015: invalid report id data (ff)
[    1.904670] mmc1: new high speed SDIO card at address 0001
[    1.910457] mmc2: SDHCI controller on 700b0400.sdhci [700b0400.sdhci] using ADMA
[    2.013293] [drm] Supports vblank timestamp caching Rev 2 (21.10.2013).
[    2.019903] [drm] No driver support for vblank timestamp query.
[    2.055209] mmc2: new high speed SDHC card at address 0007
[    2.055803] mmcblk2: mmc2:0007 SD08G 7.42 GiB 
[    2.064434] GPT:Primary header alternate_lba != Alt. header my_lba
[    2.064438] GPT:3014591 != 15564799
[    2.064439] GPT:Primary header thinks Alt. header is not at the end of the disk.
[    2.064440] GPT:3014591 != 15564799
[    2.064441] GPT: Use GNU Parted to correct GPT errors.
[    2.064466]  mmcblk2: p1 p2 p3 p4 p5 p6 p7 p8 p9 p10 p11 p12
[    2.080802] Console: switching to colour frame buffer device 170x48
[    2.132156] drm drm: fb0:  frame buffer device
[    2.153325] [drm] Initialized tegra 0.0.0 20120330 on minor 0
[    2.160255] input: gpio-keys as /devices/soc0/gpio-keys/input/input1
[    2.168067] as3722-rtc as3722-rtc: setting system clock to 2000-01-01 00:00:23 UTC (946684823)
[    2.177198] +1.8V_RUN_CAM: disabling
[    2.181003] +3.3V_RUN_CAM: disabling
[    2.184840] +1.2V_RUN_CAM_FRONT: disabling
[    2.189174] +1.05V_RUN_CAM_REAR: disabling
[    2.193540] +2.8V_RUN_TOUCH: disabling
[    2.197447] +2.8V_RUN_CAM_AF: disabling
[    2.201469] +1.8V_RUN_VPP_FUSE: disabling
[    2.205708] +5V_VDD_TS_SW: disabling
[    2.209317] +5V_USB_HS: disabling
[    2.212631] +5V_USB_SS: disabling
[    2.216833] EXT4-fs (mmcblk0p3): couldn't mount as ext3 due to feature incompatibilities
[    2.225461] EXT4-fs (mmcblk0p3): couldn't mount as ext2 due to feature incompatibilities
[    2.436871] EXT4-fs (mmcblk0p3): recovery complete
[    2.441695] EXT4-fs (mmcblk0p3): mounted filesystem with ordered data mode. Opts: (null)
[    2.449811] VFS: Mounted root (ext4 filesystem) on device 179:3.
[    2.457165] devtmpfs: mounted
[    2.460854] Freeing unused kernel memory: 2048K (c1100000 - c1300000)
bash: cannot set terminal process group (-1): Inappropriate ioctl for device
bash: no job control in this shell
root@(none):/# 