
U-Boot SPL 2015.04-rc3-00209-ga74ef40 (Mar 16 2015 - 14:43:39)


U-Boot 2015.04-rc3-00209-ga74ef40 (Mar 16 2015 - 14:43:39)

TEGRA20
Model: Compulab TrimSlice board
DRAM:  1 GiB
MMC:   Tegra SD/MMC: 0, Tegra SD/MMC: 1
SF: Detected W25Q80BL with page size 256 Bytes, erase size 4 KiB, total 1 MiB
tegra-pcie: PCI regions:
tegra-pcie:   I/O: 0x82000000-0x82010000
tegra-pcie:   non-prefetchable memory: 0xa0000000-0xa8000000
tegra-pcie:   prefetchable memory: 0xa8000000-0xc0000000
tegra-pcie: dual-mode configuration
tegra-pcie: probing port 0, using 2 lanes
In:    serial
Out:   serial
Err:   serial
Net:   RTL8169#0
Hit any key to stop autoboot:  2  0 
Tegra20 (TrimSlice) # 
Tegra20 (TrimSlice) # usb reset
resetting USB...
USB0:   USB EHCI 1.00
scanning bus 0 for devices... 3 USB Device(s) found
USB1:   USB EHCI 1.00
scanning bus 1 for devices... 1 USB Device(s) found
USB2:   lowlevel init failed
       scanning usb for storage devices... 0 Storage Device(s) found
       scanning usb for ethernet devices... 
Warning: asx0 using MAC address from net device
1 Ethernet Device(s) found
Tegra20 (TrimSlice) # setenv bootargs 'ignore_loglevel console=ttyS0,115200n8 rw root=PARTUUID=11eb23c1-01 rootwait gpt debug noinitrd earlyprintk init=/bin/bash'
Tegra20 (TrimSlice) # setenv ipaddr 192.168.100.103; setenv serverip 192.168.100.1; setenv tftpserverip 192.168.100.1
Tegra20 (TrimSlice) # tftpboot 0x00408000 zImage.multi_v7_defconfig
Using RTL8169#0 device
TFTP from server 192.168.100.1; our IP address is 192.168.100.103
Filename 'zImage.multi_v7_defconfig'.
Load address: 0x408000
Loading: *#################################################################
	 #################################################################
	 #################################################################
	 #################################################################
	 #################################################################
	 #################################################################
	 #################################################################
	 #################################################################
	 ####################
	 4.1 MiB/s
done
Bytes transferred = 7914664 (78c4a8 hex)
Tegra20 (TrimSlice) # tftpboot 0x02408000 tegra20-trimslice.dtb
Using RTL8169#0 device
TFTP from server 192.168.100.1; our IP address is 192.168.100.103
Filename 'tegra20-trimslice.dtb'.
Load address: 0x2408000
Loading: *##
	 4.1 MiB/s
done
Bytes transferred = 21426 (53b2 hex)
Tegra20 (TrimSlice) # bootz 0x00408000 - 0x02408000
Kernel image @ 0x408000 [ 0x000000 - 0x78c4a8 ]
## Flattened Device Tree blob at 02408000
   Booting using the fdt blob at 0x2408000
   Using Device Tree in place at 02408000, end 024103b1

Starting kernel ...

[    0.000000] Booting Linux on physical CPU 0x0
[    0.000000] Linux version 4.12.0-rc1-170892-g2ea659a (jonathanh@sellafield) (gcc version 4.7.3 20130328 (prerelease) (crosstool-NG linaro-1.13.1-4.7-2013.04-20130415 - Linaro GCC 2013.04) ) #1 SMP Sat May 13 13:37:05 PDT 2017
[    0.000000] CPU: ARMv7 Processor [411fc090] revision 0 (ARMv7), cr=10c5387d
[    0.000000] CPU: PIPT / VIPT nonaliasing data cache, VIPT aliasing instruction cache
[    0.000000] OF: fdt: Machine model: Compulab TrimSlice board
[    0.000000] debug: ignoring loglevel setting.
[    0.000000] Memory policy: Data cache writealloc
[    0.000000] efi: Getting EFI parameters from FDT:
[    0.000000] efi: UEFI not found.
[    0.000000] cma: Reserved 64 MiB at 0x3c000000
[    0.000000] On node 0 totalpages: 262144
[    0.000000] free_area_init_node: node 0, pgdat c157fd40, node_mem_map ef7f8000
[    0.000000]   DMA zone: 1536 pages used for memmap
[    0.000000]   DMA zone: 0 pages reserved
[    0.000000]   DMA zone: 196608 pages, LIFO batch:31
[    0.000000]   HighMem zone: 65536 pages, LIFO batch:15
[    0.000000] percpu: Embedded 17 pages/cpu @ef7c4000 s39168 r8192 d22272 u69632
[    0.000000] pcpu-alloc: s39168 r8192 d22272 u69632 alloc=17*4096
[    0.000000] pcpu-alloc: [0] 0 [0] 1 
[    0.000000] Built 1 zonelists in Zone order, mobility grouping on.  Total pages: 260608
[    0.000000] Kernel command line: ignore_loglevel console=ttyS0,115200n8 rw root=PARTUUID=11eb23c1-01 rootwait gpt debug noinitrd earlyprintk init=/bin/bash
[    0.000000] PID hash table entries: 4096 (order: 2, 16384 bytes)
[    0.000000] Dentry cache hash table entries: 131072 (order: 7, 524288 bytes)
[    0.000000] Inode-cache hash table entries: 65536 (order: 6, 262144 bytes)
[    0.000000] Memory: 954368K/1048576K available (10240K kernel code, 1566K rwdata, 4388K rodata, 2048K init, 409K bss, 28672K reserved, 65536K cma-reserved, 196608K highmem)
[    0.000000] Virtual kernel memory layout:
[    0.000000]     vector  : 0xffff0000 - 0xffff1000   (   4 kB)
[    0.000000]     fixmap  : 0xffc00000 - 0xfff00000   (3072 kB)
[    0.000000]     vmalloc : 0xf0800000 - 0xff800000   ( 240 MB)
[    0.000000]     lowmem  : 0xc0000000 - 0xf0000000   ( 768 MB)
[    0.000000]     pkmap   : 0xbfe00000 - 0xc0000000   (   2 MB)
[    0.000000]     modules : 0xbf000000 - 0xbfe00000   (  14 MB)
[    0.000000]       .text : 0xc0208000 - 0xc0d00000   (11232 kB)
[    0.000000]       .init : 0xc1200000 - 0xc1400000   (2048 kB)
[    0.000000]       .data : 0xc1400000 - 0xc15879b0   (1567 kB)
[    0.000000]        .bss : 0xc1590d04 - 0xc15f74d8   ( 410 kB)
[    0.000000] SLUB: HWalign=64, Order=0-3, MinObjects=0, CPUs=2, Nodes=1
[    0.000000] Hierarchical RCU implementation.
[    0.000000] 	RCU debugfs-based tracing is enabled.
[    0.000000] 	RCU restricting CPUs from NR_CPUS=16 to nr_cpu_ids=2.
[    0.000000] RCU: Adjusting geometry for rcu_fanout_leaf=16, nr_cpu_ids=2
[    0.000000] NR_IRQS:16 nr_irqs:16 16
[    0.000000] /interrupt-controller@60004000: 128 interrupts forwarded to /interrupt-controller@50041000
[    0.000000] L2C: platform modifies aux control register: 0x02080000 -> 0x3e480001
[    0.000000] L2C: DT/platform modifies aux control register: 0x02080000 -> 0x3e480001
[    0.000000] L2C-310 errata 727915 769419 enabled
[    0.000000] L2C-310 enabling early BRESP for Cortex-A9
[    0.000000] L2C-310: enabling full line of zeros but not enabled in Cortex-A9
[    0.000000] L2C-310 ID prefetch enabled, offset 1 lines
[    0.000000] L2C-310 cache controller enabled, 8 ways, 1024 kB
[    0.000000] L2C-310: CACHE_ID 0x410000c4, AUX_CTRL 0x7e480001
[    0.000009] sched_clock: 32 bits at 1000kHz, resolution 1000ns, wraps every 2147483647500ns
[    0.000026] clocksource: timer_us: mask: 0xffffffff max_cycles: 0xffffffff, max_idle_ns: 1911260446275 ns
[    0.000036] Switching to timer-based delay loop, resolution 1000ns
[    0.001573] Console: colour dummy device 80x30
[    0.001600] Calibrating delay loop (skipped), value calculated using timer frequency.. 2.00 BogoMIPS (lpj=10000)
[    0.001612] pid_max: default: 32768 minimum: 301
[    0.001684] Mount-cache hash table entries: 2048 (order: 1, 8192 bytes)
[    0.001692] Mountpoint-cache hash table entries: 2048 (order: 1, 8192 bytes)
[    0.002135] CPU: Testing write buffer coherency: ok
[    0.002341] CPU0: thread -1, cpu 0, socket 0, mpidr 80000000
[    0.002567] Setting up static identity map for 0x300000 - 0x3000a0
[    0.003995] Tegra Revision: A03 prime SKU: 8 CPU Process: 1 SoC Process: 2
[    0.004438] EFI services will not be available.
[    0.004605] smp: Bringing up secondary CPUs ...
[    0.005155] CPU1: thread -1, cpu 1, socket 0, mpidr 80000001
[    0.005220] smp: Brought up 1 node, 2 CPUs
[    0.005231] SMP: Total of 2 processors activated (4.00 BogoMIPS).
[    0.005236] CPU: All CPU(s) started in SVC mode.
[    0.005900] devtmpfs: initialized
[    0.009573] VFP support v0.3: implementor 41 architecture 3 part 30 variant 9 rev 1
[    0.009786] clocksource: jiffies: mask: 0xffffffff max_cycles: 0xffffffff, max_idle_ns: 19112604462750000 ns
[    0.009801] futex hash table entries: 512 (order: 3, 32768 bytes)
[    0.012804] pinctrl core: initialized pinctrl subsystem
[    0.014027] NET: Registered protocol family 16
[    0.016334] DMA: preallocated 256 KiB pool for atomic coherent allocations
[    0.017773] cpuidle: using governor menu
[    0.034792] No ATAGs?
[    0.034860] hw-breakpoint: found 5 (+1 reserved) breakpoint and 1 watchpoint registers.
[    0.034871] hw-breakpoint: maximum watchpoint size is 4 bytes.
[    0.040327] Serial: AMBA PL011 UART driver
[    0.051555] AT91: Could not find identification node
[    0.052101] usb1_vbus: Failed to request enable GPIO170: -517
[    0.052117] reg-fixed-voltage regulators:regulator@2: Failed to register regulator: -517
[    0.055511] vgaarb: loaded
[    0.056082] SCSI subsystem initialized
[    0.056204] libata version 3.00 loaded.
[    0.056385] usbcore: registered new interface driver usbfs
[    0.056428] usbcore: registered new interface driver hub
[    0.056465] usbcore: registered new device driver usb
[    0.058423] pps_core: LinuxPPS API ver. 1 registered
[    0.058431] pps_core: Software ver. 5.3.6 - Copyright 2005-2007 Rodolfo Giometti <giometti@linux.it>
[    0.058448] PTP clock support registered
[    0.058588] EDAC MC: Ver: 3.0.0
[    0.060357] clocksource: Switched to clocksource timer_us
[    0.100329] NET: Registered protocol family 2
[    0.100802] TCP established hash table entries: 8192 (order: 3, 32768 bytes)
[    0.100873] TCP bind hash table entries: 8192 (order: 4, 65536 bytes)
[    0.100987] TCP: Hash tables configured (established 8192 bind 8192)
[    0.101070] UDP hash table entries: 512 (order: 2, 16384 bytes)
[    0.101120] UDP-Lite hash table entries: 512 (order: 2, 16384 bytes)
[    0.101271] NET: Registered protocol family 1
[    0.101557] RPC: Registered named UNIX socket transport module.
[    0.101565] RPC: Registered udp transport module.
[    0.101571] RPC: Registered tcp transport module.
[    0.101576] RPC: Registered tcp NFSv4.1 backchannel transport module.
[    0.101585] PCI: CLS 0 bytes, default 64
[    0.102392] hw perfevents: no interrupt-affinity property for /pmu, guessing.
[    0.102542] hw perfevents: enabled with armv7_cortex_a9 PMU driver, 7 counters available
[    0.103882] workingset: timestamp_bits=30 max_order=18 bucket_order=0
[    0.110499] squashfs: version 4.0 (2009/01/31) Phillip Lougher
[    0.111108] NFS: Registering the id_resolver key type
[    0.111128] Key type id_resolver registered
[    0.111134] Key type id_legacy registered
[    0.111165] ntfs: driver 2.1.32 [Flags: R/O].
[    0.112469] bounce: pool size: 64 pages
[    0.112507] Block layer SCSI generic (bsg) driver version 0.4 loaded (major 248)
[    0.112515] io scheduler noop registered
[    0.112521] io scheduler deadline registered
[    0.112548] io scheduler cfq registered (default)
[    0.112554] io scheduler mq-deadline registered
[    0.112560] io scheduler kyber registered
[    0.123688] tegra-pcie 80003000.pcie-controller: dual-mode configuration
[    0.124384] tegra-pcie 80003000.pcie-controller: probing port 0, using 2 lanes
[    0.206530] tegra-pcie 80003000.pcie-controller: PCI host bridge to bus 0000:00
[    0.206543] pci_bus 0000:00: root bus resource [io  0x0000-0xffff]
[    0.206551] pci_bus 0000:00: root bus resource [mem 0xa0000000-0xa7ffffff]
[    0.206560] pci_bus 0000:00: root bus resource [mem 0xa8000000-0xbfffffff pref]
[    0.206568] pci_bus 0000:00: root bus resource [bus 00-ff]
[    0.206597] pci 0000:00:01.0: [10de:0bf0] type 01 class 0x060000
[    0.206626] pci_bus 0000:00: 2-byte config write to 0000:00:01.0 offset 0x88 may corrupt adjacent RW1C bits
[    0.206652] pci_bus 0000:00: 2-byte config write to 0000:00:01.0 offset 0x52 may corrupt adjacent RW1C bits
[    0.206676] pci 0000:00:01.0: PME# supported from D0 D1 D2 D3hot D3cold
[    0.206687] pci_bus 0000:00: 2-byte config write to 0000:00:01.0 offset 0x4c may corrupt adjacent RW1C bits
[    0.206865] pci_bus 0000:00: 2-byte config write to 0000:00:01.0 offset 0x3e may corrupt adjacent RW1C bits
[    0.206877] pci_bus 0000:00: 2-byte config write to 0000:00:01.0 offset 0x4 may corrupt adjacent RW1C bits
[    0.206888] pci_bus 0000:00: 1-byte config write to 0000:00:01.0 offset 0xc may corrupt adjacent RW1C bits
[    0.206894] PCI: bus0: Fast back to back transfers disabled
[    0.206904] pci 0000:00:01.0: bridge configuration invalid ([bus 00-00]), reconfiguring
[    0.206913] pci_bus 0000:00: 2-byte config write to 0000:00:01.0 offset 0x3e may corrupt adjacent RW1C bits
[    0.206924] pci_bus 0000:00: 2-byte config write to 0000:00:01.0 offset 0x3e may corrupt adjacent RW1C bits
[    0.206934] pci_bus 0000:00: 2-byte config write to 0000:00:01.0 offset 0x3e may corrupt adjacent RW1C bits
[    0.206944] pci_bus 0000:00: 2-byte config write to 0000:00:01.0 offset 0x6 may corrupt adjacent RW1C bits
[    0.207061] pci 0000:01:00.0: [10ec:8168] type 00 class 0x020000
[    0.207088] pci 0000:01:00.0: reg 0x10: [io  0x0000-0x00ff]
[    0.207112] pci 0000:01:00.0: reg 0x18: [mem 0x00000000-0x00000fff 64bit pref]
[    0.207130] pci 0000:01:00.0: reg 0x20: [mem 0x00000000-0x00003fff 64bit pref]
[    0.207143] pci 0000:01:00.0: reg 0x30: [mem 0x00000000-0x0001ffff pref]
[    0.207216] pci 0000:01:00.0: supports D1 D2
[    0.207224] pci 0000:01:00.0: PME# supported from D0 D1 D2 D3hot D3cold
[    0.230406] PCI: bus1: Fast back to back transfers disabled
[    0.230419] pci_bus 0000:01: busn_res: [bus 01-ff] end is updated to 01
[    0.230431] Disabling cpuidle LP2 state, since PCIe IRQs are in use
[    0.230492] pci 0000:00:01.0: BAR 8: assigned [mem 0xa0000000-0xa00fffff]
[    0.230503] pci 0000:00:01.0: BAR 9: assigned [mem 0xa8000000-0xa80fffff 64bit pref]
[    0.230512] pci 0000:00:01.0: BAR 7: assigned [io  0x1000-0x1fff]
[    0.230525] pci 0000:01:00.0: BAR 6: assigned [mem 0xa0000000-0xa001ffff pref]
[    0.230535] pci 0000:01:00.0: BAR 4: assigned [mem 0xa8000000-0xa8003fff 64bit pref]
[    0.230554] pci 0000:01:00.0: BAR 2: assigned [mem 0xa8004000-0xa8004fff 64bit pref]
[    0.230573] pci 0000:01:00.0: BAR 0: assigned [io  0x1000-0x10ff]
[    0.230584] pci 0000:00:01.0: PCI bridge to [bus 01]
[    0.230592] pci 0000:00:01.0:   bridge window [io  0x1000-0x1fff]
[    0.230601] pci 0000:00:01.0:   bridge window [mem 0xa0000000-0xa00fffff]
[    0.230609] pci 0000:00:01.0:   bridge window [mem 0xa8000000-0xa80fffff 64bit pref]
[    0.230632] pci 0000:00:01.0: nv_msi_ht_cap_quirk didn't locate host bridge
[    0.230690] pcieport 0000:00:01.0: enabling device (0140 -> 0143)
[    0.230874] pcieport 0000:00:01.0: Signaling PME with IRQ 295
[    0.236777] tegra-apbdma 6000a000.dma: Tegra20 APB DMA driver register 16 channels
[    0.285809] Serial: 8250/16550 driver, 4 ports, IRQ sharing disabled
[    0.288052] console [ttyS0] disabled
[    0.288087] 70006000.serial: ttyS0 at MMIO 0x70006000 (irq = 279, base_baud = 13500000) is a Tegra
[    1.353282] console [ttyS0] enabled
[    1.357332] SuperH (H)SCI(F) driver initialized
[    1.362573] msm_serial: driver initialized
[    1.366794] STMicroelectronics ASC driver initialized
[    1.376105] tegra-hdmi 54280000.hdmi: 54280000.hdmi supply hdmi not found, using dummy regulator
[    1.386839] [drm] Supports vblank timestamp caching Rev 2 (21.10.2013).
[    1.393462] [drm] No driver support for vblank timestamp query.
[    1.399403] [drm] Cannot find any crtc or sizes - going 1024x768
[    1.421579] Console: switching to colour frame buffer device 128x48
[    1.436254] drm drm: fb0:  frame buffer device
[    1.440747] [drm] Initialized tegra 0.0.0 20120330 for drm on minor 0
[    1.456425] brd: module loaded
[    1.465136] loop: module loaded
[    1.474232] m25p80 spi32766.0: found s25fl008k, expected w25q80bl
[    1.480317] m25p80 spi32766.0: s25fl008k (1024 Kbytes)
[    1.487684] libphy: Fixed MDIO Bus: probed
[    1.492587] CAN device driver interface
[    1.497080] bgmac_bcma: Broadcom 47xx GBit MAC driver loaded
[    1.503733] e1000e: Intel(R) PRO/1000 Network Driver - 3.2.6-k
[    1.509549] e1000e: Copyright(c) 1999 - 2015 Intel Corporation.
[    1.515535] igb: Intel(R) Gigabit Ethernet Network Driver - version 5.4.0-k
[    1.522495] igb: Copyright (c) 2007-2014 Intel Corporation.
[    1.528583] r8169 Gigabit Ethernet driver 2.3LK-NAPI loaded
[    1.534182] r8169 0000:01:00.0: enabling device (0140 -> 0143)
[    1.540839] r8169 0000:01:00.0 eth0: RTL8168d/8111d at 0xf08fc000, 00:01:c0:13:7d:63, XID 081000c0 IRQ 296
[    1.550501] r8169 0000:01:00.0 eth0: jumbo features [frames: 9200 bytes, tx checksumming: ko]
[    1.561151] pegasus: v0.9.3 (2013/04/25), Pegasus/Pegasus II USB Ethernet driver
[    1.568585] usbcore: registered new interface driver pegasus
[    1.574295] usbcore: registered new interface driver asix
[    1.579709] usbcore: registered new interface driver ax88179_178a
[    1.585831] usbcore: registered new interface driver cdc_ether
[    1.591708] usbcore: registered new interface driver smsc75xx
[    1.597478] usbcore: registered new interface driver smsc95xx
[    1.603253] usbcore: registered new interface driver net1080
[    1.608924] usbcore: registered new interface driver cdc_subset
[    1.614879] usbcore: registered new interface driver zaurus
[    1.620503] usbcore: registered new interface driver cdc_ncm
[    1.626415] tegra-phy c5004000.usb-phy: no vbus regulator
[    1.632919] tegra-phy c5008000.usb-phy: no vbus regulator
[    1.639599] ehci_hcd: USB 2.0 'Enhanced' Host Controller (EHCI) Driver
[    1.646131] ehci-pci: EHCI PCI platform driver
[    1.650609] ehci-platform: EHCI generic platform driver
[    1.655970] ehci-orion: EHCI orion driver
[    1.660083] SPEAr-ehci: EHCI SPEAr driver
[    1.664204] ehci-st: EHCI STMicroelectronics driver
[    1.669169] ehci-exynos: EHCI EXYNOS driver
[    1.673472] ehci-atmel: EHCI Atmel driver
[    1.677566] tegra-ehci: Tegra EHCI driver
[    1.741563] ulpi_phy_power_on: ulpi write failed
[    1.746170] tegra-ehci c5004000.usb: Failed to power on the phy
[    1.752106] tegra-ehci: probe of c5004000.usb failed with error -110
[    1.761083] tegra-ehci c5008000.usb: EHCI Host Controller
[    1.766488] tegra-ehci c5008000.usb: new USB bus registered, assigned bus number 1
[    1.774296] tegra-ehci c5008000.usb: irq 290, io mem 0xc5008000
[    1.800376] tegra-ehci c5008000.usb: USB 2.0 started, EHCI 1.00
[    1.806897] hub 1-0:1.0: USB hub found
[    1.810679] hub 1-0:1.0: 1 port detected
[    1.814900] ohci_hcd: USB 1.1 'Open' Host Controller (OHCI) Driver
[    1.821091] ohci-pci: OHCI PCI platform driver
[    1.825571] ohci-platform: OHCI generic platform driver
[    1.830960] ohci-omap3: OHCI OMAP3 driver
[    1.835061] SPEAr-ohci: OHCI SPEAr driver
[    1.839157] ohci-st: OHCI STMicroelectronics driver
[    1.844146] ohci-atmel: OHCI Atmel driver
[    1.848742] usbcore: registered new interface driver usb-storage
[    1.857343] rtc-em3027 2-0056: rtc core: registered rtc-em3027 as rtc0
[    1.865028] tegra_rtc 7000e000.rtc: rtc core: registered 7000e000.rtc as rtc1
[    1.872192] tegra_rtc 7000e000.rtc: Tegra internal Real Time Clock
[    1.878752] i2c /dev entries driver
[    1.891479] sdhci: Secure Digital Host Controller Interface driver
[    1.897644] sdhci: Copyright(c) Pierre Ossman
[    1.903154] Synopsys Designware Multimedia Card Interface Driver
[    1.910062] sdhci-pltfm: SDHCI platform and OF driver helper
[    1.924585] mmc0: Invalid maximum block size, assuming 512 bytes
[    1.990375] mmc0: SDHCI controller on c8000000.sdhci [c8000000.sdhci] using ADMA
[    1.997854] sdhci-tegra c8000600.sdhci: Got CD GPIO
[    2.002754] sdhci-tegra c8000600.sdhci: Got WP GPIO
[    2.015787] mmc1: Invalid maximum block size, assuming 512 bytes
[    2.080475] mmc1: SDHCI controller on c8000600.sdhci [c8000600.sdhci] using ADMA
[    2.089285] ledtrig-cpu: registered to indicate activity on CPUs
[    2.095584] usbcore: registered new interface driver usbhid
[    2.101160] usbhid: USB HID core driver
[    2.108115] NET: Registered protocol family 10
[    2.113549] Segment Routing with IPv6
[    2.117245] sit: IPv6, IPv4 and MPLS over IPv4 tunneling driver
[    2.123664] NET: Registered protocol family 17
[    2.128102] can: controller area network core (rev 20170425 abi 9)
[    2.134332] NET: Registered protocol family 29
[    2.138764] can: raw protocol (rev 20170425)
[    2.143036] can: broadcast manager protocol (rev 20170425 t)
[    2.148683] can: netlink gateway (rev 20170425) max_hops=1
[    2.154483] Key type dns_resolver registered
[    2.159131] ThumbEE CPU extension supported.
[    2.163416] Registering SWP/SWPB emulation handler
[    2.176313] utmi_phy_clk_enable: timeout waiting for phy to stabilize
[    2.180395] usb 1-1: new high-speed USB device number 2 using tegra-ehci
[    2.189472] tegra-ehci c5000000.usb: EHCI Host Controller
[    2.194887] tegra-ehci c5000000.usb: new USB bus registered, assigned bus number 2
[    2.202745] tegra-ehci c5000000.usb: irq 288, io mem 0xc5000000
[    2.299369] mmc1: new high speed SD card at address b368
[    2.305221] mmcblk1: mmc1:b368 NCard 1.83 GiB (ro)
[    2.312740]  mmcblk1: p1 p2
[    2.350399] tegra-ehci c5000000.usb: USB 2.0 started, EHCI 1.00
[    2.357159] hub 2-0:1.0: USB hub found
[    2.360979] hub 2-0:1.0: 1 port detected
[    2.366144] input: gpio-keys as /devices/soc0/gpio-keys/input/input0
[    2.373168] hub 1-1:1.0: USB hub found
[    2.376950] rtc-em3027 2-0056: hctosys: unable to read the hardware clock
[    2.377073] hub 1-1:1.0: 4 ports detected
[    2.388655] Waiting for root device PARTUUID=11eb23c1-01...
[    2.690448] usb 1-1.2: new high-speed USB device number 3 using tegra-ehci
[    3.258299] mmc0: host does not support reading read-only switch, assuming write-enable
[    3.268422] mmc0: new high speed SDHC card at address b368
[    3.275366] mmcblk0: mmc0:b368 NCard 3.70 GiB 
[    3.283319]  mmcblk0: p1
[    3.315445] asix 1-1.2:1.0 eth1: register 'asix' at usb-c5008000.usb-1.2, ASIX AX88772 USB 2.0 Ethernet, 00:60:6e:60:6c:68
[    3.351842] EXT4-fs (mmcblk0p1): mounting ext3 file system using the ext4 subsystem
[    3.383364] random: fast init done
[    3.596630] EXT4-fs (mmcblk0p1): recovery complete
[    3.672842] EXT4-fs (mmcblk0p1): mounted filesystem with ordered data mode. Opts: (null)
[    3.681042] VFS: Mounted root (ext3 filesystem) on device 179:17.
[    3.691289] devtmpfs: mounted
[    3.699855] Freeing unused kernel memory: 2048K
bash: cannot set terminal process group (-1): Inappropriate ioctl for device
bash: no job control in this shell
root@(none):/#  
root@(none):/# mount -t sysfs none /sys
root@(none):/# 
root@(none):/# mount -t debugfs none /sys/kernel/debug
root@(none):/# 
root@(none):/# rtcwake -d rtc1 -m mem -s 3
rtcwake: assuming RTC uses UTC ...
rtcwake: wakeup from "mem" using /dev/rtc1 at Thu Jan  1 00:00:32 1970
[   15.077269] PM: Syncing filesystems ... done.
[   15.123450] Freezing user space processes ... (elapsed 0.001 seconds) done.
[   15.131922] OOM killer disabled.
[   15.135163] Freezing remaining freezable tasks ... (elapsed 0.001 seconds) done.
[   15.144160] Suspending console(s) (use no_console_suspend to debug)
[   15.186206] pci_generic_config_write32: 38 callbacks suppressed
[   15.186252] pci_bus 0000:00: 2-byte config write to 0000:00:01.0 offset 0x9c may corrupt adjacent RW1C bits
[   15.198657] PM: suspend of devices complete after 45.799 msecs
[   15.203495] PM: late suspend of devices complete after 4.804 msecs
[   15.207446] pci_bus 0000:01: 2-byte config write to 0000:01:00.0 offset 0x44 may corrupt adjacent RW1C bits
[   15.207502] pci_bus 0000:01: 2-byte config write to 0000:01:00.0 offset 0x44 may corrupt adjacent RW1C bits
[   15.231046] PM: noirq suspend of devices complete after 27.520 msecs
[   15.231059] Disabling non-boot CPUs ...
[   15.232449] IRQ294 no longer affine to CPU1
[   15.299992] Entering suspend state LP1
[   15.299992] Suspended for 1.803 seconds
[   15.300041] Enabling non-boot CPUs ...
[   15.329863] CPU1 is up
[   15.330921] pci_bus 0000:00: 2-byte config write to 0000:00:01.0 offset 0x4c may corrupt adjacent RW1C bits
[   15.330971] pci_bus 0000:00: 2-byte config write to 0000:00:01.0 offset 0x88 may corrupt adjacent RW1C bits
[   15.331002] pci_bus 0000:00: 2-byte config write to 0000:00:01.0 offset 0x90 may corrupt adjacent RW1C bits
[   15.331034] pci_bus 0000:00: 2-byte config write to 0000:00:01.0 offset 0x98 may corrupt adjacent RW1C bits
[   15.331063] pci_bus 0000:00: 2-byte config write to 0000:00:01.0 offset 0x9c may corrupt adjacent RW1C bits
[   15.331144] pci_bus 0000:00: 2-byte config write to 0000:00:01.0 offset 0x52 may corrupt adjacent RW1C bits
[   15.331177] pci_bus 0000:00: 2-byte config write to 0000:00:01.0 offset 0x52 may corrupt adjacent RW1C bits
[   15.331254] pcieport 0000:00:01.0: nv_msi_ht_cap_quirk didn't locate host bridge
[   15.360762] PM: noirq resume of devices complete after 30.864 msecs
[   15.364388] PM: early resume of devices complete after 3.047 msecs
[   15.909479] PM: resume of devices complete after 545.056 msecs
[   16.082070] OOM killer enabled.
[   16.085199] Restarting tasks ... done.
root@(none):/# 
root@(none):/# rtcwake -d rtc1 -m mem -s 3
rtcwake: assuming RTC uses UTC ...
rtcwake: wakeup from "mem" using /dev/rtc1 at Thu Jan  1 00:00:37 1970
[   16.895324] PM: Syncing filesystems ... done.
[   16.940499] Freezing user space processes ... (elapsed 0.001 seconds) done.
[   16.948915] OOM killer disabled.
[   16.952271] Freezing remaining freezable tasks ... (elapsed 0.001 seconds) done.
[   16.961327] Suspending console(s) (use no_console_suspend to debug)
[   17.017719] PM: suspend of devices complete after 47.767 msecs
[   17.022408] PM: late suspend of devices complete after 4.654 msecs
[   17.050939] PM: noirq suspend of devices complete after 28.498 msecs
[   17.050953] Disabling non-boot CPUs ...
[   17.052350] IRQ294 no longer affine to CPU1
[   17.088753] Entering suspend state LP1
[   17.088753] Suspended for 3.211 seconds
[   17.088802] Enabling non-boot CPUs ...
[   17.119907] CPU1 is up
[   17.121385] pcieport 0000:00:01.0: nv_msi_ht_cap_quirk didn't locate host bridge
[   17.150674] PM: noirq resume of devices complete after 30.733 msecs
[   17.154205] PM: early resume of devices complete after 2.959 msecs
[   17.699504] PM: resume of devices complete after 545.263 msecs
[   17.768999] OOM killer enabled.
[   17.772137] Restarting tasks ... done.
root@(none):/# 
root@(none):/# rtcwake -d rtc1 -m mem -s 3
rtcwake: assuming RTC uses UTC ...
rtcwake: wakeup from "mem" using /dev/rtc1 at Thu Jan  1 00:00:42 1970
[   18.685212] PM: Syncing filesystems ... done.
[   18.730378] Freezing user space processes ... (elapsed 0.001 seconds) done.
[   18.738718] OOM killer disabled.
[   18.742010] Freezing remaining freezable tasks ... (elapsed 0.001 seconds) done.
[   18.750874] Suspending console(s) (use no_console_suspend to debug)
[   18.780719] PM: suspend of devices complete after 21.852 msecs
[   18.785568] PM: late suspend of devices complete after 4.816 msecs
[   18.810874] PM: noirq suspend of devices complete after 25.274 msecs
[   18.810886] Disabling non-boot CPUs ...
[   18.812389] IRQ294 no longer affine to CPU1
[   18.878645] Entering suspend state LP1
[   18.878645] Suspended for 3.210 seconds
[   18.878694] Enabling non-boot CPUs ...
[   18.909710] CPU1 is up
[   18.910896] pcieport 0000:00:01.0: nv_msi_ht_cap_quirk didn't locate host bridge
[   18.940588] PM: noirq resume of devices complete after 30.843 msecs
[   18.944245] PM: early resume of devices complete after 3.086 msecs
[   19.489158] PM: resume of devices complete after 544.880 msecs
[   19.558618] OOM killer enabled.
[   19.561756] Restarting tasks ... done.
root@(none):/# 
root@(none):/# rtcwake -d rtc1 -m mem -s 3
rtcwake: assuming RTC uses UTC ...
rtcwake: wakeup from "mem" using /dev/rtc1 at Thu Jan  1 00:00:47 1970
[   20.475548] PM: Syncing filesystems ... done.
[   20.520881] Freezing user space processes ... (elapsed 0.001 seconds) done.
[   20.529305] OOM killer disabled.
[   20.532635] Freezing remaining freezable tasks ... (elapsed 0.001 seconds) done.
[   20.541705] Suspending console(s) (use no_console_suspend to debug)
[   20.586670] pci_generic_config_write32: 65 callbacks suppressed
[   20.586719] pci_bus 0000:00: 2-byte config write to 0000:00:01.0 offset 0x9c may corrupt adjacent RW1C bits
[   20.598483] PM: suspend of devices complete after 48.099 msecs
[   20.603245] PM: late suspend of devices complete after 4.728 msecs
[   20.607161] pci_bus 0000:01: 2-byte config write to 0000:01:00.0 offset 0x44 may corrupt adjacent RW1C bits
[   20.607218] pci_bus 0000:01: 2-byte config write to 0000:01:00.0 offset 0x44 may corrupt adjacent RW1C bits
[   20.630733] PM: noirq suspend of devices complete after 27.455 msecs
[   20.630746] Disabling non-boot CPUs ...
[   20.632119] IRQ294 no longer affine to CPU1
[   20.668614] Entering suspend state LP1
[   20.668614] Suspended for 3.209 seconds
[   20.668663] Enabling non-boot CPUs ...
[   20.699602] CPU1 is up
[   20.700953] pci_bus 0000:00: 2-byte config write to 0000:00:01.0 offset 0x4c may corrupt adjacent RW1C bits
[   20.701002] pci_bus 0000:00: 2-byte config write to 0000:00:01.0 offset 0x88 may corrupt adjacent RW1C bits
[   20.701034] pci_bus 0000:00: 2-byte config write to 0000:00:01.0 offset 0x90 may corrupt adjacent RW1C bits
[   20.701064] pci_bus 0000:00: 2-byte config write to 0000:00:01.0 offset 0x98 may corrupt adjacent RW1C bits
[   20.701092] pci_bus 0000:00: 2-byte config write to 0000:00:01.0 offset 0x9c may corrupt adjacent RW1C bits
[   20.701173] pci_bus 0000:00: 2-byte config write to 0000:00:01.0 offset 0x52 may corrupt adjacent RW1C bits
[   20.701206] pci_bus 0000:00: 2-byte config write to 0000:00:01.0 offset 0x52 may corrupt adjacent RW1C bits
[   20.701282] pcieport 0000:00:01.0: nv_msi_ht_cap_quirk didn't locate host bridge
[   20.730395] PM: noirq resume of devices complete after 30.759 msecs
[   20.733979] PM: early resume of devices complete after 3.007 msecs
[   21.285584] PM: resume of devices complete after 551.570 msecs
[   21.458136] OOM killer enabled.
[   21.461274] Restarting tasks ... done.
root@(none):/# 
root@(none):/# rtcwake -d rtc1 -m mem -s 3
rtcwake: assuming RTC uses UTC ...
rtcwake: wakeup from "mem" using /dev/rtc1 at Thu Jan  1 00:00:52 1970
[   22.265094] PM: Syncing filesystems ... done.
[   22.310305] Freezing user space processes ... (elapsed 0.001 seconds) done.
[   22.318651] OOM killer disabled.
[   22.321943] Freezing remaining freezable tasks ... (elapsed 0.001 seconds) done.
[   22.330798] Suspending console(s) (use no_console_suspend to debug)
[   22.387558] PM: suspend of devices complete after 48.789 msecs
[   22.392578] PM: late suspend of devices complete after 4.986 msecs
[   22.420689] PM: noirq suspend of devices complete after 28.079 msecs
[   22.420701] Disabling non-boot CPUs ...
[   22.422189] IRQ294 no longer affine to CPU1
[   22.488446] Entering suspend state LP1
[   22.488446] Suspended for 3.180 seconds
[   22.488495] Enabling non-boot CPUs ...
[   22.519496] CPU1 is up
[   22.520549] pcieport 0000:00:01.0: nv_msi_ht_cap_quirk didn't locate host bridge
[   22.550399] PM: noirq resume of devices complete after 30.869 msecs
[   22.554018] PM: early resume of devices complete after 3.044 msecs
[   23.098986] PM: resume of devices complete after 544.933 msecs
[   23.168349] OOM killer enabled.
[   23.171487] Restarting tasks ... done.
root@(none):/# 
root@(none):/# rtcwake -d rtc1 -m mem -s 3
rtcwake: assuming RTC uses UTC ...
rtcwake: wakeup from "mem" using /dev/rtc1 at Thu Jan  1 00:00:57 1970
[   24.085129] PM: Syncing filesystems ... done.
[   24.130352] Freezing user space processes ... (elapsed 0.001 seconds) done.
[   24.138776] OOM killer disabled.
[   24.142102] Freezing remaining freezable tasks ... (elapsed 0.001 seconds) done.
[   24.151179] Suspending console(s) (use no_console_suspend to debug)
[   24.207598] PM: suspend of devices complete after 47.733 msecs
[   24.212567] PM: late suspend of devices complete after 4.934 msecs
[   24.240524] PM: noirq suspend of devices complete after 27.925 msecs
[   24.240537] Disabling non-boot CPUs ...
[   24.242024] IRQ294 no longer affine to CPU1
[   24.308456] Entering suspend state LP1
[   24.308456] Suspended for 3.179 seconds
[   24.308506] Enabling non-boot CPUs ...
[   24.339475] CPU1 is up
[   24.340639] pcieport 0000:00:01.0: nv_msi_ht_cap_quirk didn't locate host bridge
[   24.370177] PM: noirq resume of devices complete after 30.666 msecs
[   24.373779] PM: early resume of devices complete after 3.028 msecs
[   24.918632] PM: resume of devices complete after 544.818 msecs
[   24.987993] OOM killer enabled.
[   24.991131] Restarting tasks ... done.
root@(none):/# 
root@(none):/# rtcwake -d rtc1 -m mem -s 3
rtcwake: assuming RTC uses UTC ...
rtcwake: wakeup from "mem" using /dev/rtc1 at Thu Jan  1 00:01:02 1970
[   25.904800] PM: Syncing filesystems ... done.
[   25.950028] Freezing user space processes ... (elapsed 0.001 seconds) done.
[   25.958465] OOM killer disabled.
[   25.961797] Freezing remaining freezable tasks ... (elapsed 0.001 seconds) done.
[   25.970849] Suspending console(s) (use no_console_suspend to debug)
[   26.014506] pci_generic_config_write32: 65 callbacks suppressed
[   26.014551] pci_bus 0000:00: 2-byte config write to 0000:00:01.0 offset 0x9c may corrupt adjacent RW1C bits
[   26.026898] PM: suspend of devices complete after 47.429 msecs
[   26.031534] PM: late suspend of devices complete after 4.603 msecs
[   26.035460] pci_bus 0000:01: 2-byte config write to 0000:01:00.0 offset 0x44 may corrupt adjacent RW1C bits
[   26.035516] pci_bus 0000:01: 2-byte config write to 0000:01:00.0 offset 0x44 may corrupt adjacent RW1C bits
[   26.060464] PM: noirq suspend of devices complete after 28.898 msecs
[   26.060477] Disabling non-boot CPUs ...
[   26.061957] IRQ294 no longer affine to CPU1
[   26.108305] Entering suspend state LP1
[   26.108305] Suspended for 3.200 seconds
[   26.108355] Enabling non-boot CPUs ...
[   26.139397] CPU1 is up
[   26.140470] pci_bus 0000:00: 2-byte config write to 0000:00:01.0 offset 0x4c may corrupt adjacent RW1C bits
[   26.140519] pci_bus 0000:00: 2-byte config write to 0000:00:01.0 offset 0x88 may corrupt adjacent RW1C bits
[   26.140550] pci_bus 0000:00: 2-byte config write to 0000:00:01.0 offset 0x90 may corrupt adjacent RW1C bits
[   26.140581] pci_bus 0000:00: 2-byte config write to 0000:00:01.0 offset 0x98 may corrupt adjacent RW1C bits
[   26.140610] pci_bus 0000:00: 2-byte config write to 0000:00:01.0 offset 0x9c may corrupt adjacent RW1C bits
[   26.140691] pci_bus 0000:00: 2-byte config write to 0000:00:01.0 offset 0x52 may corrupt adjacent RW1C bits
[   26.140724] pci_bus 0000:00: 2-byte config write to 0000:00:01.0 offset 0x52 may corrupt adjacent RW1C bits
[   26.140802] pcieport 0000:00:01.0: nv_msi_ht_cap_quirk didn't locate host bridge
[   26.170243] PM: noirq resume of devices complete after 30.810 msecs
[   26.173825] PM: early resume of devices complete after 3.003 msecs
[   26.718763] PM: resume of devices complete after 544.906 msecs
[   26.891285] OOM killer enabled.
[   26.894414] Restarting tasks ... done.
root@(none):/# 
root@(none):/# rtcwake -d rtc1 -m mem -s 3
rtcwake: assuming RTC uses UTC ...
rtcwake: wakeup from "mem" using /dev/rtc1 at Thu Jan  1 00:01:07 1970
[   27.704599] PM: Syncing filesystems ... done.
[   27.749664] Freezing user space processes ... (elapsed 0.001 seconds) done.
[   27.758182] OOM killer disabled.
[   27.761535] Freezing remaining freezable tasks ... (elapsed 0.001 seconds) done.
[   27.770423] Suspending console(s) (use no_console_suspend to debug)
[   27.817162] PM: suspend of devices complete after 39.275 msecs
[   27.821839] PM: late suspend of devices complete after 4.642 msecs
[   27.850398] PM: noirq suspend of devices complete after 28.526 msecs
[   27.850411] Disabling non-boot CPUs ...
[   27.851939] IRQ294 no longer affine to CPU1
[   27.898222] Entering suspend state LP1
[   27.898222] Suspended for 3.210 seconds
[   27.898271] Enabling non-boot CPUs ...
[   27.929324] CPU1 is up
[   27.930431] pcieport 0000:00:01.0: nv_msi_ht_cap_quirk didn't locate host bridge
[   27.960018] PM: noirq resume of devices complete after 30.660 msecs
[   27.963608] PM: early resume of devices complete after 3.014 msecs
[   28.498828] PM: resume of devices complete after 535.185 msecs
[   28.568208] OOM killer enabled.
[   28.571345] Restarting tasks ... done.
root@(none):/# 
root@(none):/# rtcwake -d rtc1 -m mem -s 3
rtcwake: assuming RTC uses UTC ...
rtcwake: wakeup from "mem" using /dev/rtc1 at Thu Jan  1 00:01:12 1970
[   29.494593] PM: Syncing filesystems ... done.
[   29.539750] Freezing user space processes ... (elapsed 0.001 seconds) done.
[   29.548184] OOM killer disabled.
[   29.551507] Freezing remaining freezable tasks ... (elapsed 0.001 seconds) done.
[   29.560602] Suspending console(s) (use no_console_suspend to debug)
[   29.617951] PM: suspend of devices complete after 48.729 msecs
[   29.622720] PM: late suspend of devices complete after 4.734 msecs
[   29.650310] PM: noirq suspend of devices complete after 27.555 msecs
[   29.650323] Disabling non-boot CPUs ...
[   29.651861] IRQ294 no longer affine to CPU1
[   29.698128] Entering suspend state LP1
[   29.698128] Suspended for 3.200 seconds
[   29.698176] Enabling non-boot CPUs ...
[   29.729193] CPU1 is up
[   29.730320] pcieport 0000:00:01.0: nv_msi_ht_cap_quirk didn't locate host bridge
[   29.760074] PM: noirq resume of devices complete after 30.846 msecs
[   29.763717] PM: early resume of devices complete after 3.068 msecs
[   30.315187] PM: resume of devices complete after 551.436 msecs
[   30.384647] OOM killer enabled.
[   30.387776] Restarting tasks ... done.
root@(none):/# 
root@(none):/# rtcwake -d rtc1 -m mem -s 3
rtcwake: assuming RTC uses UTC ...
rtcwake: wakeup from "mem" using /dev/rtc1 at Thu Jan  1 00:01:17 1970
[   31.294661] PM: Syncing filesystems ... done.
[   31.339880] Freezing user space processes ... (elapsed 0.001 seconds) done.
[   31.348239] OOM killer disabled.
[   31.351531] Freezing remaining freezable tasks ... (elapsed 0.001 seconds) done.
[   31.360404] Suspending console(s) (use no_console_suspend to debug)
[   31.375132] pci_generic_config_write32: 65 callbacks suppressed
[   31.375177] pci_bus 0000:00: 2-byte config write to 0000:00:01.0 offset 0x9c may corrupt adjacent RW1C bits
[   31.390051] PM: suspend of devices complete after 21.698 msecs
[   31.394721] PM: late suspend of devices complete after 4.636 msecs
[   31.398065] pci_bus 0000:01: 2-byte config write to 0000:01:00.0 offset 0x44 may corrupt adjacent RW1C bits
[   31.398121] pci_bus 0000:01: 2-byte config write to 0000:01:00.0 offset 0x44 may corrupt adjacent RW1C bits
[   31.420259] PM: noirq suspend of devices complete after 25.506 msecs
[   31.420273] Disabling non-boot CPUs ...
[   31.421653] IRQ294 no longer affine to CPU1
[   31.477957] Entering suspend state LP1
[   31.477957] Suspended for 3.220 seconds
[   31.478006] Enabling non-boot CPUs ...
[   31.509108] CPU1 is up
[   31.510231] pci_bus 0000:00: 2-byte config write to 0000:00:01.0 offset 0x4c may corrupt adjacent RW1C bits
[   31.510280] pci_bus 0000:00: 2-byte config write to 0000:00:01.0 offset 0x88 may corrupt adjacent RW1C bits
[   31.510311] pci_bus 0000:00: 2-byte config write to 0000:00:01.0 offset 0x90 may corrupt adjacent RW1C bits
[   31.510340] pci_bus 0000:00: 2-byte config write to 0000:00:01.0 offset 0x98 may corrupt adjacent RW1C bits
[   31.510369] pci_bus 0000:00: 2-byte config write to 0000:00:01.0 offset 0x9c may corrupt adjacent RW1C bits
[   31.510449] pci_bus 0000:00: 2-byte config write to 0000:00:01.0 offset 0x52 may corrupt adjacent RW1C bits
[   31.510484] pci_bus 0000:00: 2-byte config write to 0000:00:01.0 offset 0x52 may corrupt adjacent RW1C bits
[   31.510562] pcieport 0000:00:01.0: nv_msi_ht_cap_quirk didn't locate host bridge
[   31.539979] PM: noirq resume of devices complete after 30.837 msecs
[   31.543547] PM: early resume of devices complete after 2.992 msecs
[   32.088710] PM: resume of devices complete after 545.129 msecs
[   32.261359] OOM killer enabled.
[   32.264488] Restarting tasks ... done.
root@(none):/# 
root@(none):/# NVTB SYSTEM SUSPEND TEST COMPLETE
