
U-Boot SPL 2014.01-00219-gc4d376f (Feb 18 2014 - 19:57:32)


U-Boot 2014.01-00219-gc4d376f (Feb 18 2014 - 19:57:32)

TEGRA114
Board: NVIDIA Dalmore
I2C:   ready
DRAM:  2 GiB
MMC:   Tegra SD/MMC: 0, Tegra SD/MMC: 1
In:    serial
Out:   serial
Err:   serial
Net:   Net Initialization Skipped
No ethernet found.
Hit any key to stop autoboot:  2  0 
Tegra114 (Dalmore) # 
Tegra114 (Dalmore) # usb reset
(Re)start USB...
USB0:   USB EHCI 1.10
scanning bus 0 for devices... 2 USB Device(s) found
       scanning usb for storage devices... 0 Storage Device(s) found
       scanning usb for ethernet devices... 
Warning: asx0 using MAC address from net device
1 Ethernet Device(s) found
Tegra114 (Dalmore) # setenv bootargs 'ignore_loglevel console=ttyS0,115200n8 rw root=PARTUUID=7369c667-ff51-ec4a-29cd-baabf2fbe346 rootwait gpt debug earlyprintk init=/bin/bash'
Tegra114 (Dalmore) # setenv ipaddr 192.168.100.100; setenv serverip 192.168.100.1; setenv tftpserverip 192.168.100.1
Tegra114 (Dalmore) # tftpboot 0x81000000 zImage.multi_v7_defconfig
Using asx0 device
TFTP from server 192.168.100.1; our IP address is 192.168.100.100
Filename 'zImage.multi_v7_defconfig'.
Load address: 0x81000000
Loading: *#################################################################
	 #################################################################
	 #################################################################
	 #################################################################
	 #################################################################
	 #################################################################
	 #################################################################
	 ##########################################
	 3.2 MiB/s
done
Bytes transferred = 7287456 (6f32a0 hex)
Tegra114 (Dalmore) # tftpboot 0x82000000 tegra114-dalmore.dtb
Using asx0 device
TFTP from server 192.168.100.1; our IP address is 192.168.100.100
Filename 'tegra114-dalmore.dtb'.
Load address: 0x82000000
Loading: *###
	 3 MiB/s
done
Bytes transferred = 35044 (88e4 hex)
Tegra114 (Dalmore) # bootz 0x81000000 - 0x82000000
Kernel image @ 0x81000000 [ 0x000000 - 0x6f32a0 ]
## Flattened Device Tree blob at 82000000
   Booting using the fdt blob at 0x82000000
   Loading Device Tree to 8fff4000, end 8ffff8e3 ... OK

Starting kernel ...

[    0.000000] Booting Linux on physical CPU 0x0
[    0.000000] Linux version 4.9.0-rc4-127805-gbc33b0c (pwalmsley@sellafield) (gcc version 4.7.3 20130328 (prerelease) (crosstool-NG linaro-1.13.1-4.7-2013.04-20130415 - Linaro GCC 2013.04) ) #1 SMP Mon Nov 7 03:03:36 PST 2016
[    0.000000] CPU: ARMv7 Processor [412fc0f2] revision 2 (ARMv7), cr=10c5387d
[    0.000000] CPU: div instructions available: patching division code
[    0.000000] CPU: PIPT / VIPT nonaliasing data cache, PIPT instruction cache
[    0.000000] OF: fdt:Machine model: NVIDIA Tegra114 Dalmore evaluation board
[    0.000000] debug: ignoring loglevel setting.
[    0.000000] efi: Getting EFI parameters from FDT:
[    0.000000] efi: UEFI not found.
[    0.000000] cma: Reserved 64 MiB at 0xfb800000
[    0.000000] Memory policy: Data cache writealloc
[    0.000000] On node 0 totalpages: 524032
[    0.000000] free_area_init_node: node 0, pgdat c1427f80, node_mem_map eeff8000
[    0.000000]   DMA zone: 1536 pages used for memmap
[    0.000000]   DMA zone: 0 pages reserved
[    0.000000]   DMA zone: 196608 pages, LIFO batch:31
[    0.000000]   HighMem zone: 327424 pages, LIFO batch:31
[    0.000000] percpu: Embedded 14 pages/cpu @eefa4000 s26624 r8192 d22528 u57344
[    0.000000] pcpu-alloc: s26624 r8192 d22528 u57344 alloc=14*4096
[    0.000000] pcpu-alloc: [0] 0 [0] 1 [0] 2 [0] 3 
[    0.000000] Built 1 zonelists in Zone order, mobility grouping on.  Total pages: 522496
[    0.000000] Kernel command line: ignore_loglevel console=ttyS0,115200n8 rw root=PARTUUID=7369c667-ff51-ec4a-29cd-baabf2fbe346 rootwait gpt debug earlyprintk init=/bin/bash
[    0.000000] PID hash table entries: 4096 (order: 2, 16384 bytes)
[    0.000000] Dentry cache hash table entries: 131072 (order: 7, 524288 bytes)
[    0.000000] Inode-cache hash table entries: 65536 (order: 6, 262144 bytes)
[    0.000000] Memory: 1995088K/2096128K available (9216K kernel code, 1190K rwdata, 4068K rodata, 2048K init, 343K bss, 35504K reserved, 65536K cma-reserved, 1244160K highmem)
[    0.000000] Virtual kernel memory layout:
[    0.000000]     vector  : 0xffff0000 - 0xffff1000   (   4 kB)
[    0.000000]     fixmap  : 0xffc00000 - 0xfff00000   (3072 kB)
[    0.000000]     vmalloc : 0xf0800000 - 0xff800000   ( 240 MB)
[    0.000000]     lowmem  : 0xc0000000 - 0xf0000000   ( 768 MB)
[    0.000000]     pkmap   : 0xbfe00000 - 0xc0000000   (   2 MB)
[    0.000000]     modules : 0xbf000000 - 0xbfe00000   (  14 MB)
[    0.000000]       .text : 0xc0208000 - 0xc0c00000   (10208 kB)
[    0.000000]       .init : 0xc1100000 - 0xc1300000   (2048 kB)
[    0.000000]       .data : 0xc1300000 - 0xc1429a60   (1191 kB)
[    0.000000]        .bss : 0xc142b000 - 0xc1480fc8   ( 344 kB)
[    0.000000] SLUB: HWalign=64, Order=0-3, MinObjects=0, CPUs=4, Nodes=1
[    0.000000] Hierarchical RCU implementation.
[    0.000000] 	Build-time adjustment of leaf fanout to 32.
[    0.000000] 	RCU restricting CPUs from NR_CPUS=16 to nr_cpu_ids=4.
[    0.000000] RCU: Adjusting geometry for rcu_fanout_leaf=32, nr_cpu_ids=4
[    0.000000] NR_IRQS:16 nr_irqs:16 16
[    0.000000] /interrupt-controller@60004000: 160 interrupts forwarded to /interrupt-controller@50041000
[    0.000000] Tegra clk 127: register failed with -17
[    0.000008] sched_clock: 32 bits at 1000kHz, resolution 1000ns, wraps every 2147483647500ns
[    0.000026] clocksource: timer_us: mask: 0xffffffff max_cycles: 0xffffffff, max_idle_ns: 1911260446275 ns
[    0.000040] Switching to timer-based delay loop, resolution 1000ns
[    0.003125] arm_arch_timer: Architected cp15 timer(s) running at 12.00MHz (virt).
[    0.003142] clocksource: arch_sys_counter: mask: 0xffffffffffffff max_cycles: 0x2c47f4ee7, max_idle_ns: 440795202497 ns
[    0.003159] sched_clock: 56 bits at 12MHz, resolution 83ns, wraps every 4398046511096ns
[    0.003171] Switching to timer-based delay loop, resolution 83ns
[    0.003547] Console: colour dummy device 80x30
[    0.003575] Calibrating delay loop (skipped), value calculated using timer frequency.. 24.00 BogoMIPS (lpj=60000)
[    0.003590] pid_max: default: 32768 minimum: 301
[    0.003687] Mount-cache hash table entries: 2048 (order: 1, 8192 bytes)
[    0.003698] Mountpoint-cache hash table entries: 2048 (order: 1, 8192 bytes)
[    0.004323] CPU: Testing write buffer coherency: ok
[    0.004538] /cpus/cpu@0 missing clock-frequency property
[    0.004566] /cpus/cpu@1 missing clock-frequency property
[    0.004594] /cpus/cpu@2 missing clock-frequency property
[    0.004624] /cpus/cpu@3 missing clock-frequency property
[    0.004636] CPU0: thread -1, cpu 0, socket 0, mpidr 80000000
[    0.004659] Setting up static identity map for 0x80300000 - 0x80300098
[    0.007247] Tegra Revision: A01 SKU: 0 CPU Process: 1 SoC Process: 0
[    0.007796] EFI services will not be available.
[    0.008610] CPU1: thread -1, cpu 1, socket 0, mpidr 80000001
[    0.009239] CPU2: thread -1, cpu 2, socket 0, mpidr 80000002
[    0.009851] CPU3: thread -1, cpu 3, socket 0, mpidr 80000003
[    0.009941] Brought up 4 CPUs
[    0.009961] SMP: Total of 4 processors activated (96.00 BogoMIPS).
[    0.009969] CPU: All CPU(s) started in SVC mode.
[    0.011452] devtmpfs: initialized
[    0.023049] VFP support v0.3: implementor 41 architecture 4 part 30 variant f rev 0
[    0.023420] clocksource: jiffies: mask: 0xffffffff max_cycles: 0xffffffff, max_idle_ns: 9556302231375000 ns
[    0.024805] pinctrl core: initialized pinctrl subsystem
[    0.026422] NET: Registered protocol family 16
[    0.028468] DMA: preallocated 256 KiB pool for atomic coherent allocations
[    0.043035] cpuidle: using governor menu
[    0.069506] No ATAGs?
[    0.069534] hw-breakpoint: found 5 (+1 reserved) breakpoint and 4 watchpoint registers.
[    0.069545] hw-breakpoint: maximum watchpoint size is 8 bytes.
[    0.074890] Serial: AMBA PL011 UART driver
[    0.075626] tegra-mc 70019000.memory-controller: no memory timings for RAM code 3 registered
[    0.102595] dvdd_ts: Failed to request enable GPIO61: -517
[    0.102612] reg-fixed-voltage regulators:regulator@1: Failed to register regulator: -517
[    0.102706] usb1_vbus: Failed to request enable GPIO108: -517
[    0.102720] reg-fixed-voltage regulators:regulator@3: Failed to register regulator: -517
[    0.102812] usb2_vbus: Failed to request enable GPIO86: -517
[    0.102825] reg-fixed-voltage regulators:regulator@4: Failed to register regulator: -517
[    0.103275] VDD_5V0_HDMI_CON: Failed to request enable GPIO81: -517
[    0.103289] reg-fixed-voltage regulators:regulator@7: Failed to register regulator: -517
[    0.105892] vgaarb: loaded
[    0.106703] SCSI subsystem initialized
[    0.106875] libata version 3.00 loaded.
[    0.107170] usbcore: registered new interface driver usbfs
[    0.107238] usbcore: registered new interface driver hub
[    0.107307] usbcore: registered new device driver usb
[    0.110811] tps65090 2-0048: No cache defaults, reading back from HW
[    0.112724] TPS65090_RAILSDCDC1: supplied by vdd_ac_bat
[    0.113287] vdd_hdmi_5v0: supplied by vdd-sys-5v0
[    0.114063] TPS65090_RAILSDCDC2: supplied by vdd_ac_bat
[    0.115135] TPS65090_RAILSDCDC3: supplied by vdd_ac_bat
[    0.115671] TPS65090_RAILSFET1: supplied by vdd_ac_bat
[    0.116064] TPS65090_RAILSFET2: supplied by vdd_ac_bat
[    0.116439] TPS65090_RAILSFET3: supplied by vdd-sys-3v3
[    0.116988] TPS65090_RAILSFET4: supplied by vdd-sys-3v3
[    0.117522] TPS65090_RAILSFET5: supplied by vdd-sys-3v3
[    0.118060] TPS65090_RAILSFET6: supplied by vdd-sys-3v3
[    0.118919] TPS65090_RAILSFET7: supplied by vdd-sys-3v3
[    0.119464] TPS65090_RAILSLDO1: supplied by vdd_ac_bat
[    0.119695] TPS65090_RAILSLDO2: supplied by vdd_ac_bat
[    0.120631] palmas 2-0058: Irq flag is 0x00000004
[    0.122639] palmas 2-0058: Muxing GPIO ff, PWM 0, LED 0
[    0.125242] SMPS12: supplied by vdd-ao
[    0.126868] SMPS3: supplied by vdd-ao
[    0.128644] SMPS457: supplied by vdd-sys-3v3
[    0.131604] SMPS8: supplied by vdd-sys-3v3
[    0.132482] random: fast init done
[    0.133246] SMPS9: supplied by vdd-sys-3v3
[    0.133789] sdhci-vdd-sd-slot: Bringing 2840000uV into 2800000-2800000uV
[    0.136674] LDO1: supplied by vdd-sys-3v3
[    0.137886] LDO2: supplied by vdd-sys-3v3
[    0.139111] LDO3: supplied by vddio-1v8
[    0.140323] LDO4: supplied by vdd-sys-3v3
[    0.141531] LDO5: supplied by vdd_ac_bat
[    0.142308] LDO6: supplied by vdd-sys-3v3
[    0.142820] vdd-sensor-2v85: Bringing 2900000uV into 2850000-2850000uV
[    0.144257] LDO7: supplied by vdd-sys-3v3
[    0.146005] LDO8: supplied by vdd-ao
[    0.146520] vdd-rtc: Bringing 675000uV into 900000-900000uV
[    0.149057] LDO9: supplied by sdhci-vdd-sd-slot
[    0.154390] LDOLN: supplied by vdd-sys-5v0
[    0.155616] LDOUSB: supplied by vdd-sys-5v0
[    0.162313] pps_core: LinuxPPS API ver. 1 registered
[    0.162323] pps_core: Software ver. 5.3.6 - Copyright 2005-2007 Rodolfo Giometti <giometti@linux.it>
[    0.162347] PTP clock support registered
[    0.162544] EDAC MC: Ver: 3.0.0
[    0.165010] clocksource: Switched to clocksource arch_sys_counter
[    0.175762] NET: Registered protocol family 2
[    0.176288] TCP established hash table entries: 8192 (order: 3, 32768 bytes)
[    0.176387] TCP bind hash table entries: 8192 (order: 4, 65536 bytes)
[    0.176574] TCP: Hash tables configured (established 8192 bind 8192)
[    0.176629] UDP hash table entries: 512 (order: 2, 16384 bytes)
[    0.176670] UDP-Lite hash table entries: 512 (order: 2, 16384 bytes)
[    0.176834] NET: Registered protocol family 1
[    0.177164] RPC: Registered named UNIX socket transport module.
[    0.177174] RPC: Registered udp transport module.
[    0.177181] RPC: Registered tcp transport module.
[    0.177189] RPC: Registered tcp NFSv4.1 backchannel transport module.
[    0.177199] PCI: CLS 0 bytes, default 64
[    0.179399] futex hash table entries: 1024 (order: 4, 65536 bytes)
[    0.179917] workingset: timestamp_bits=30 max_order=19 bucket_order=0
[    0.191497] squashfs: version 4.0 (2009/01/31) Phillip Lougher
[    0.192415] NFS: Registering the id_resolver key type
[    0.192438] Key type id_resolver registered
[    0.192447] Key type id_legacy registered
[    0.192493] ntfs: driver 2.1.32 [Flags: R/O].
[    0.193765] bounce: pool size: 64 pages
[    0.193968] Block layer SCSI generic (bsg) driver version 0.4 loaded (major 248)
[    0.193979] io scheduler noop registered
[    0.193987] io scheduler deadline registered
[    0.194172] io scheduler cfq registered (default)
[    0.198362] libphy: mdio_driver_register: phy-bcm-ns2-pci
[    0.225915] tegra-apbdma 6000a000.dma: Tegra20 APB DMA driver register 32 channels
[    0.227669] tegra-pmc 7000e400.pmc: i2c-thermtrip node not found, emergency thermal reset disabled.
[    0.296019] Serial: 8250/16550 driver, 4 ports, IRQ sharing disabled
[    0.299088] console [ttyS0] disabled
[    0.299125] 70006300.serial: ttyS0 at MMIO 0x70006300 (irq = 329, base_baud = 25500000) is a Tegra
[    1.271125] console [ttyS0] enabled
[    1.275515] SuperH (H)SCI(F) driver initialized
[    1.281016] msm_serial: driver initialized
[    1.285310] STMicroelectronics ASC driver initialized
[    1.293935] [drm] Initialized
[    1.299915] tegra-hdmi 54280000.hdmi: failed to get HDMI regulator
[    1.324667] brd: module loaded
[    1.334026] loop: module loaded
[    1.353883] m25p80 spi32766.0: w25q32dw (4096 Kbytes)
[    1.362078] libphy: Fixed MDIO Bus: probed
[    1.367450] CAN device driver interface
[    1.373308] e1000e: Intel(R) PRO/1000 Network Driver - 3.2.6-k
[    1.379149] e1000e: Copyright(c) 1999 - 2015 Intel Corporation.
[    1.385144] igb: Intel(R) Gigabit Ethernet Network Driver - version 5.4.0-k
[    1.392110] igb: Copyright (c) 2007-2014 Intel Corporation.
[    1.401030] pegasus: v0.9.3 (2013/04/25), Pegasus/Pegasus II USB Ethernet driver
[    1.408488] usbcore: registered new interface driver pegasus
[    1.414224] usbcore: registered new interface driver asix
[    1.419677] usbcore: registered new interface driver ax88179_178a
[    1.425823] usbcore: registered new interface driver cdc_ether
[    1.431734] usbcore: registered new interface driver smsc75xx
[    1.437555] usbcore: registered new interface driver smsc95xx
[    1.443353] usbcore: registered new interface driver net1080
[    1.449066] usbcore: registered new interface driver cdc_subset
[    1.455055] usbcore: registered new interface driver zaurus
[    1.460706] usbcore: registered new interface driver cdc_ncm
[    1.468369] ehci_hcd: USB 2.0 'Enhanced' Host Controller (EHCI) Driver
[    1.474907] ehci-pci: EHCI PCI platform driver
[    1.479411] ehci-platform: EHCI generic platform driver
[    1.484841] ehci-orion: EHCI orion driver
[    1.488995] SPEAr-ehci: EHCI SPEAr driver
[    1.493152] ehci-st: EHCI STMicroelectronics driver
[    1.498176] ehci-exynos: EHCI EXYNOS driver
[    1.502520] ehci-atmel: EHCI Atmel driver
[    1.506674] tegra-ehci: Tegra EHCI driver
[    1.510991] ohci_hcd: USB 1.1 'Open' Host Controller (OHCI) Driver
[    1.517191] ohci-pci: OHCI PCI platform driver
[    1.521690] ohci-platform: OHCI generic platform driver
[    1.527085] ohci-omap3: OHCI OMAP3 driver
[    1.531240] SPEAr-ohci: OHCI SPEAr driver
[    1.535404] ohci-st: OHCI STMicroelectronics driver
[    1.540431] ohci-atmel: OHCI Atmel driver
[    1.545151] usbcore: registered new interface driver usb-storage
[    1.552743] mousedev: PS/2 mouse device common for all mice
[    1.562944] palmas-rtc 7000d000.i2c:tps65913@58:rtc: rtc core: registered 7000d000.i2c:tps659 as rtc0
[    1.574061] tegra_rtc 7000e000.rtc: rtc core: registered 7000e000.rtc as rtc1
[    1.581250] tegra_rtc 7000e000.rtc: Tegra internal Real Time Clock
[    1.587969] i2c /dev entries driver
[    1.597929] sbs-battery 0-000b: sbs_probe: Failed to get device status
[    1.604482] sbs-battery: probe of 0-000b failed with error -121
[    1.620491] sdhci: Secure Digital Host Controller Interface driver
[    1.626685] sdhci: Copyright(c) Pierre Ossman
[    1.632518] Synopsys Designware Multimedia Card Interface Driver
[    1.639608] sdhci-pltfm: SDHCI platform and OF driver helper
[    1.645992] sdhci-tegra 78000400.sdhci: Got CD GPIO
[    1.650902] sdhci-tegra 78000400.sdhci: Got WP GPIO
[    1.657003] mmc0: Invalid maximum block size, assuming 512 bytes
[    1.705162] mmc0: SDHCI controller on 78000400.sdhci [78000400.sdhci] using ADMA
[    1.712862] mmc1: Invalid maximum block size, assuming 512 bytes
[    1.765023] mmc1: SDHCI controller on 78000600.sdhci [78000600.sdhci] using ADMA
[    1.774287] ledtrig-cpu: registered to indicate activity on CPUs
[    1.780647] usbcore: registered new interface driver usbhid
[    1.786232] usbhid: USB HID core driver
[    1.793461] NET: Registered protocol family 10
[    1.798820] sit: IPv6, IPv4 and MPLS over IPv4 tunneling driver
[    1.805457] NET: Registered protocol family 17
[    1.809903] can: controller area network core (rev 20120528 abi 9)
[    1.816166] NET: Registered protocol family 29
[    1.820624] can: raw protocol (rev 20120528)
[    1.824888] can: broadcast manager protocol (rev 20160617 t)
[    1.830562] can: netlink gateway (rev 20130117) max_hops=1
[    1.836416] Key type dns_resolver registered
[    1.841347] ThumbEE CPU extension supported.
[    1.845640] Registering SWP/SWPB emulation handler
[    1.866304] usb1_vbus: supplied by vdd-sys-5v0
[    1.872138] usb2_vbus: supplied by vdd-sys-5v0
[    1.883185] VDD_5V0_HDMI_CON: supplied by vdd-sys-5v0
[    1.891020] mmc0: new high speed SDHC card at address aaaa
[    1.902167] mmcblk0: mmc0:aaaa SL16G 14.8 GiB 
[    1.911984] [drm] Supports vblank timestamp caching Rev 2 (21.10.2013).
[    1.918641] [drm] No driver support for vblank timestamp query.
[    1.954069]  mmcblk0: p1 p2 p3
[    1.962723] mmc1: new high speed MMC card at address 0001
[    1.963574] mmcblk1: mmc1:0001 SEM32G 29.1 GiB 
[    1.985820] Console: switching to colour frame buffer device 240x75
[    2.010525] mmcblk1boot0: mmc1:0001 SEM32G partition 1 4.00 MiB
[    2.020827] mmcblk1boot1: mmc1:0001 SEM32G partition 2 4.00 MiB
[    2.033342] mmcblk1rpmb: mmc1:0001 SEM32G partition 3 4.00 MiB
[    2.045880] drm drm: fb0:  frame buffer device
[    2.052839]  mmcblk1: p1 p2 p3 p4 p5 p6 p7 p8
[    2.070077] [drm] Initialized tegra 0.0.0 20120330 on minor 0
[    2.081724] tegra-ehci 7d008000.usb: EHCI Host Controller
[    2.087204] tegra-ehci 7d008000.usb: new USB bus registered, assigned bus number 1
[    2.095022] tegra-ehci 7d008000.usb: irq 339, io mem 0x7d008000
[    2.115140] tegra-ehci 7d008000.usb: USB 2.0 started, EHCI 1.10
[    2.122316] hub 1-0:1.0: USB hub found
[    2.126181] hub 1-0:1.0: 1 port detected
[    2.132117] input: gpio-keys as /devices/soc0/gpio-keys/input/input0
[    2.141106] palmas-rtc 7000d000.i2c:tps65913@58:rtc: setting system clock to 2000-08-31 22:31:27 UTC (967761087)
[    2.157676] dvdd_ts: disabling
[    2.160783] usb1_vbus: disabling
[    2.164008] vdd_cam_1v8_reg: disabling
[    2.169310] EXT4-fs (mmcblk1p1): mounting ext3 file system using the ext4 subsystem
[    2.191563] EXT4-fs (mmcblk1p1): recovery complete
[    2.196426] EXT4-fs (mmcblk1p1): mounted filesystem with ordered data mode. Opts: (null)
[    2.204608] VFS: Mounted root (ext3 filesystem) on device 179:17.
[    2.215164] devtmpfs: mounted
[    2.220075] Freeing unused kernel memory: 2048K (c1100000 - c1300000)
bash: cannot set terminal process group (-1): Inappropriate ioctl for device
bash: no job control in this shell
root@(none):/# [    2.460146] usb 1-1: new high-speed USB device number 2 using tegra-ehci
[    3.064281] asix 1-1:1.0 eth0: register 'asix' at usb-7d008000.usb-1, ASIX AX88772 USB 2.0 Ethernet, 00:50:b6:0d:b5:16
mount -t sysfs none /sys
root@(none):/# 
root@(none):/# mount -t debugfs none /sys/kernel/debug
root@(none):/# 
root@(none):/# rtcwake -d rtc1 -m mem -s 3
rtcwake: assuming RTC uses UTC ...
rtcwake: wakeup from "mem" using /dev/rtc1 at Thu Jan  1 00:00:20 1970
[    5.365156] PM: Syncing filesystems ... done.
[    5.393464] Freezing user space processes ... (elapsed 0.001 seconds) done.
[    5.401851] Freezing remaining freezable tasks ... (elapsed 0.001 seconds) done.
[    5.410706] Suspending console(s) (use no_console_suspend to debug)
[    5.418571] asix 1-1:1.0 eth0: Failed to read reg index 0x0000: -19
[    5.418580] asix 1-1:1.0 eth0: Error reading Medium Status register: ffffffed
[    5.418591] asix 1-1:1.0 eth0: Failed to write reg index 0x0000: -19
[    5.418600] asix 1-1:1.0 eth0: Failed to write Medium Mode mode to 0xfeed: ffffffed
[    5.462432] PM: suspend of devices complete after 44.055 msecs
[    5.465203] PM: late suspend of devices complete after 2.755 msecs
[    5.467389] PM: noirq suspend of devices complete after 2.173 msecs
[    5.467394] Disabling non-boot CPUs ...
[    5.468012] IRQ17 no longer affine to CPU1
[    5.468397] CPU1: shutdown
[    5.502959] CPU2: shutdown
[    5.532470] CPU3: shutdown
[    5.546868] Entering suspend state LP1
[    5.546868] Suspended for 7.847 seconds
[    5.546887] Enabling non-boot CPUs ...
[    5.561594] CPU1 is up
[    5.581777] CPU2 is up
[    5.602108] CPU3 is up
[    5.603377] PM: noirq resume of devices complete after 1.258 msecs
[    5.606202] PM: early resume of devices complete after 2.362 msecs
[    6.140184] PM: resume of devices complete after 533.964 msecs
[    6.240359] Restarting tasks ... done.
root@(none):/# 
root@(none):/# rtcwake -d rtc1 -m mem -s 3
rtcwake: assuming RTC uses UTC ...
rtcwake: wakeup from "mem" using /dev/rtc1 at Thu Jan  1 00:00:30 1970
[    7.507864] PM: Syncing filesystems ... done.
[    7.535182] Freezing user space processes ... (elapsed 0.001 seconds) done.
[    7.543546] Freezing remaining freezable tasks ... (elapsed 0.001 seconds) done.
[    7.552505] Suspending console(s) (use no_console_suspend to debug)
[    7.560441] asix 1-1:1.0 eth0: Failed to read reg index 0x0000: -19
[    7.560451] asix 1-1:1.0 eth0: Error reading Medium Status register: ffffffed
[    7.560461] asix 1-1:1.0 eth0: Failed to write reg index 0x0000: -19
[    7.560468] asix 1-1:1.0 eth0: Failed to write Medium Mode mode to 0xfeed: ffffffed
[    7.607277] PM: suspend of devices complete after 47.044 msecs
[    7.609661] PM: late suspend of devices complete after 2.368 msecs
[    7.611654] PM: noirq suspend of devices complete after 1.984 msecs
[    7.611659] Disabling non-boot CPUs ...
[    7.612152] IRQ17 no longer affine to CPU1
[    7.612514] CPU1: shutdown
[    7.652644] CPU2: shutdown
[    7.682528] CPU3: shutdown
[    7.706373] Entering suspend state LP1
[    7.706373] Suspended for 8.424 seconds
[    7.706392] Enabling non-boot CPUs ...
[    7.721518] CPU1 is up
[    7.741727] CPU2 is up
[    7.762066] CPU3 is up
[    7.763326] PM: noirq resume of devices complete after 1.249 msecs
[    7.766109] PM: early resume of devices complete after 2.335 msecs
[    8.301374] PM: resume of devices complete after 535.245 msecs
[    8.401497] Restarting tasks ... done.
root@(none):/# 
root@(none):/# rtcwake -d rtc1 -m mem -s 3
rtcwake: assuming RTC uses UTC ...
rtcwake: wakeup from "mem" using /dev/rtc1 at Thu Jan  1 00:00:40 1970
[    9.082567] PM: Syncing filesystems ... done.
[    9.109775] Freezing user space processes ... (elapsed 0.001 seconds) done.
[    9.118108] Freezing remaining freezable tasks ... (elapsed 0.001 seconds) done.
[    9.127065] Suspending console(s) (use no_console_suspend to debug)
[    9.134857] asix 1-1:1.0 eth0: Failed to read reg index 0x0000: -19
[    9.134865] asix 1-1:1.0 eth0: Error reading Medium Status register: ffffffed
[    9.134874] asix 1-1:1.0 eth0: Failed to write reg index 0x0000: -19
[    9.134881] asix 1-1:1.0 eth0: Failed to write Medium Mode mode to 0xfeed: ffffffed
[    9.181663] PM: suspend of devices complete after 46.964 msecs
[    9.184089] PM: late suspend of devices complete after 2.412 msecs
[    9.186107] PM: noirq suspend of devices complete after 2.009 msecs
[    9.186111] Disabling non-boot CPUs ...
[    9.186950] CPU1: shutdown
[    9.222627] CPU2: shutdown
[    9.252078] IRQ17 no longer affine to CPU3
[    9.252419] CPU3: shutdown
[    9.276243] Entering suspend state LP1
[    9.276243] Suspended for 7.847 seconds
[    9.276262] Enabling non-boot CPUs ...
[    9.291476] CPU1 is up
[    9.311679] CPU2 is up
[    9.332032] CPU3 is up
[    9.333283] PM: noirq resume of devices complete after 1.241 msecs
[    9.336293] PM: early resume of devices complete after 2.569 msecs
[    9.869587] PM: resume of devices complete after 533.277 msecs
[    9.969648] Restarting tasks ... done.
root@(none):/# 
root@(none):/# rtcwake -d rtc1 -m mem -s 3
rtcwake: assuming RTC uses UTC ...
rtcwake: wakeup from "mem" using /dev/rtc1 at Thu Jan  1 00:00:50 1970
[   11.234298] PM: Syncing filesystems ... done.
[   11.260962] Freezing user space processes ... (elapsed 0.001 seconds) done.
[   11.269307] Freezing remaining freezable tasks ... (elapsed 0.001 seconds) done.
[   11.278233] Suspending console(s) (use no_console_suspend to debug)
[   11.286046] asix 1-1:1.0 eth0: Failed to read reg index 0x0000: -19
[   11.286060] asix 1-1:1.0 eth0: Error reading Medium Status register: ffffffed
[   11.286070] asix 1-1:1.0 eth0: Failed to write reg index 0x0000: -19
[   11.286077] asix 1-1:1.0 eth0: Failed to write Medium Mode mode to 0xfeed: ffffffed
[   11.331924] PM: suspend of devices complete after 46.022 msecs
[   11.334363] PM: late suspend of devices complete after 2.425 msecs
[   11.336596] PM: noirq suspend of devices complete after 2.219 msecs
[   11.336600] Disabling non-boot CPUs ...
[   11.337434] CPU1: shutdown
[   11.372208] IRQ17 no longer affine to CPU2
[   11.372570] CPU2: shutdown
[   11.402372] CPU3: shutdown
[   11.426240] Entering suspend state LP1
[   11.426240] Suspended for 8.433 seconds
[   11.426259] Enabling non-boot CPUs ...
[   11.441437] CPU1 is up
[   11.461641] CPU2 is up
[   11.481968] CPU3 is up
[   11.483230] PM: noirq resume of devices complete after 1.251 msecs
[   11.485884] PM: early resume of devices complete after 2.192 msecs
[   12.019186] PM: resume of devices complete after 533.285 msecs
[   12.119201] Restarting tasks ... done.
root@(none):/# 
root@(none):/# rtcwake -d rtc1 -m mem -s 3
rtcwake: assuming RTC uses UTC ...
rtcwake: wakeup from "mem" using /dev/rtc1 at Thu Jan  1 00:01:00 1970
[   12.818799] PM: Syncing filesystems ... done.
[   12.845778] Freezing user space processes ... (elapsed 0.001 seconds) done.
[   12.854129] Freezing remaining freezable tasks ... (elapsed 0.001 seconds) done.
[   12.863050] Suspending console(s) (use no_console_suspend to debug)
[   12.870892] asix 1-1:1.0 eth0: Failed to read reg index 0x0000: -19
[   12.870900] asix 1-1:1.0 eth0: Error reading Medium Status register: ffffffed
[   12.870909] asix 1-1:1.0 eth0: Failed to write reg index 0x0000: -19
[   12.870916] asix 1-1:1.0 eth0: Failed to write Medium Mode mode to 0xfeed: ffffffed
[   12.917112] PM: suspend of devices complete after 46.397 msecs
[   12.919524] PM: late suspend of devices complete after 2.397 msecs
[   12.921725] PM: noirq suspend of devices complete after 2.188 msecs
[   12.921729] Disabling non-boot CPUs ...
[   12.922226] IRQ17 no longer affine to CPU1
[   12.922597] CPU1: shutdown
[   12.957504] CPU2: shutdown
[   12.987316] CPU3: shutdown
[   13.011179] Entering suspend state LP1
[   13.011179] Suspended for 7.831 seconds
[   13.011197] Enabling non-boot CPUs ...
[   13.026384] CPU1 is up
[   13.046612] CPU2 is up
[   13.066940] CPU3 is up
[   13.068193] PM: noirq resume of devices complete after 1.242 msecs
[   13.070794] PM: early resume of devices complete after 2.155 msecs
[   13.604513] PM: resume of devices complete after 533.699 msecs
[   13.704575] Restarting tasks ... done.
root@(none):/# 
root@(none):/# rtcwake -d rtc1 -m mem -s 3
rtcwake: assuming RTC uses UTC ...
rtcwake: wakeup from "mem" using /dev/rtc1 at Thu Jan  1 00:01:10 1970
[   14.971133] PM: Syncing filesystems ... done.
[   14.997777] Freezing user space processes ... (elapsed 0.001 seconds) done.
[   15.006150] Freezing remaining freezable tasks ... (elapsed 0.001 seconds) done.
[   15.015107] Suspending console(s) (use no_console_suspend to debug)
[   15.022881] asix 1-1:1.0 eth0: Failed to read reg index 0x0000: -19
[   15.022888] asix 1-1:1.0 eth0: Error reading Medium Status register: ffffffed
[   15.022897] asix 1-1:1.0 eth0: Failed to write reg index 0x0000: -19
[   15.022905] asix 1-1:1.0 eth0: Failed to write Medium Mode mode to 0xfeed: ffffffed
[   15.067302] PM: suspend of devices complete after 44.552 msecs
[   15.069703] PM: late suspend of devices complete after 2.387 msecs
[   15.071961] PM: noirq suspend of devices complete after 2.245 msecs
[   15.071966] Disabling non-boot CPUs ...
[   15.072800] CPU1: shutdown
[   15.107146] IRQ17 no longer affine to CPU2
[   15.107511] CPU2: shutdown
[   15.137238] CPU3: shutdown
[   15.151078] Entering suspend state LP1
[   15.151078] Suspended for 8.443 seconds
[   15.151096] Enabling non-boot CPUs ...
[   15.166352] CPU1 is up
[   15.186536] CPU2 is up
[   15.206866] CPU3 is up
[   15.208117] PM: noirq resume of devices complete after 1.241 msecs
[   15.210749] PM: early resume of devices complete after 2.182 msecs
[   15.744621] PM: resume of devices complete after 533.856 msecs
[   15.844690] Restarting tasks ... done.
root@(none):/# 
root@(none):/# rtcwake -d rtc1 -m mem -s 3
rtcwake: assuming RTC uses UTC ...
rtcwake: wakeup from "mem" using /dev/rtc1 at Thu Jan  1 00:01:20 1970
[   16.522151] PM: Syncing filesystems ... done.
[   16.549113] Freezing user space processes ... (elapsed 0.001 seconds) done.
[   16.557505] Freezing remaining freezable tasks ... (elapsed 0.001 seconds) done.
[   16.566419] Suspending console(s) (use no_console_suspend to debug)
[   16.574273] asix 1-1:1.0 eth0: Failed to read reg index 0x0000: -19
[   16.574282] asix 1-1:1.0 eth0: Error reading Medium Status register: ffffffed
[   16.574292] asix 1-1:1.0 eth0: Failed to write reg index 0x0000: -19
[   16.574300] asix 1-1:1.0 eth0: Failed to write Medium Mode mode to 0xfeed: ffffffed
[   16.621995] PM: suspend of devices complete after 47.918 msecs
[   16.624363] PM: late suspend of devices complete after 2.352 msecs
[   16.626372] PM: noirq suspend of devices complete after 2.000 msecs
[   16.626376] Disabling non-boot CPUs ...
[   16.627210] CPU1: shutdown
[   16.672433] CPU2: shutdown
[   16.702221] CPU3: shutdown
[   16.726046] Entering suspend state LP1
[   16.726046] Suspended for 7.842 seconds
[   16.726065] Enabling non-boot CPUs ...
[   16.741283] CPU1 is up
[   16.761485] CPU2 is up
[   16.781839] CPU3 is up
[   16.783092] PM: noirq resume of devices complete after 1.242 msecs
[   16.786173] PM: early resume of devices complete after 2.643 msecs
[   17.321302] PM: resume of devices complete after 535.110 msecs
[   17.417338] Restarting tasks ... done.
root@(none):/# 
root@(none):/# rtcwake -d rtc1 -m mem -s 3
rtcwake: assuming RTC uses UTC ...
rtcwake: wakeup from "mem" using /dev/rtc1 at Thu Jan  1 00:01:30 1970
[   18.686145] PM: Syncing filesystems ... done.
[   18.713124] Freezing user space processes ... (elapsed 0.001 seconds) done.
[   18.721505] Freezing remaining freezable tasks ... (elapsed 0.001 seconds) done.
[   18.730459] Suspending console(s) (use no_console_suspend to debug)
[   18.738268] asix 1-1:1.0 eth0: Failed to read reg index 0x0000: -19
[   18.738277] asix 1-1:1.0 eth0: Error reading Medium Status register: ffffffed
[   18.738287] asix 1-1:1.0 eth0: Failed to write reg index 0x0000: -19
[   18.738294] asix 1-1:1.0 eth0: Failed to write Medium Mode mode to 0xfeed: ffffffed
[   18.782021] PM: suspend of devices complete after 43.924 msecs
[   18.784596] PM: late suspend of devices complete after 2.561 msecs
[   18.786500] PM: noirq suspend of devices complete after 1.893 msecs
[   18.786504] Disabling non-boot CPUs ...
[   18.786984] IRQ17 no longer affine to CPU1
[   18.787336] CPU1: shutdown
[   18.822332] CPU2: shutdown
[   18.852173] CPU3: shutdown
[   18.876058] Entering suspend state LP1
[   18.876058] Suspended for 8.433 seconds
[   18.876077] Enabling non-boot CPUs ...
[   18.891241] CPU1 is up
[   18.911442] CPU2 is up
[   18.931791] CPU3 is up
[   18.933080] PM: noirq resume of devices complete after 1.278 msecs
[   18.936095] PM: early resume of devices complete after 2.567 msecs
[   19.467683] PM: resume of devices complete after 531.572 msecs
[   19.567729] Restarting tasks ... done.
root@(none):/# 
root@(none):/# rtcwake -d rtc1 -m mem -s 3
rtcwake: assuming RTC uses UTC ...
rtcwake: wakeup from "mem" using /dev/rtc1 at Thu Jan  1 00:01:40 1970
[   20.255720] PM: Syncing filesystems ... done.
[   20.282643] Freezing user space processes ... (elapsed 0.001 seconds) done.
[   20.291042] Freezing remaining freezable tasks ... (elapsed 0.001 seconds) done.
[   20.299978] Suspending console(s) (use no_console_suspend to debug)
[   20.307870] asix 1-1:1.0 eth0: Failed to read reg index 0x0000: -19
[   20.307879] asix 1-1:1.0 eth0: Error reading Medium Status register: ffffffed
[   20.307888] asix 1-1:1.0 eth0: Failed to write reg index 0x0000: -19
[   20.307895] asix 1-1:1.0 eth0: Failed to write Medium Mode mode to 0xfeed: ffffffed
[   20.351978] PM: suspend of devices complete after 44.295 msecs
[   20.354827] PM: late suspend of devices complete after 2.834 msecs
[   20.356965] PM: noirq suspend of devices complete after 2.124 msecs
[   20.356970] Disabling non-boot CPUs ...
[   20.357822] CPU1: shutdown
[   20.402299] CPU2: shutdown
[   20.432097] CPU3: shutdown
[   20.455947] Entering suspend state LP1
[   20.455947] Suspended for 7.836 seconds
[   20.455966] Enabling non-boot CPUs ...
[   20.471172] CPU1 is up
[   20.491378] CPU2 is up
[   20.511733] CPU3 is up
[   20.512982] PM: noirq resume of devices complete after 1.240 msecs
[   20.516032] PM: early resume of devices complete after 2.608 msecs
[   21.049197] PM: resume of devices complete after 533.148 msecs
[   21.145240] Restarting tasks ... done.
root@(none):/# 
root@(none):/# rtcwake -d rtc1 -m mem -s 3
rtcwake: assuming RTC uses UTC ...
rtcwake: wakeup from "mem" using /dev/rtc1 at Thu Jan  1 00:01:50 1970
[   22.415982] PM: Syncing filesystems ... done.
[   22.442957] Freezing user space processes ... (elapsed 0.001 seconds) done.
[   22.451337] Freezing remaining freezable tasks ... (elapsed 0.001 seconds) done.
[   22.460286] Suspending console(s) (use no_console_suspend to debug)
[   22.468086] asix 1-1:1.0 eth0: Failed to read reg index 0x0000: -19
[   22.468094] asix 1-1:1.0 eth0: Error reading Medium Status register: ffffffed
[   22.468102] asix 1-1:1.0 eth0: Failed to write reg index 0x0000: -19
[   22.468109] asix 1-1:1.0 eth0: Failed to write Medium Mode mode to 0xfeed: ffffffed
[   22.511912] PM: suspend of devices complete after 43.984 msecs
[   22.514633] PM: late suspend of devices complete after 2.705 msecs
[   22.516874] PM: noirq suspend of devices complete after 2.227 msecs
[   22.516879] Disabling non-boot CPUs ...
[   22.517379] IRQ17 no longer affine to CPU1
[   22.517762] CPU1: shutdown
[   22.552251] CPU2: shutdown
[   22.582138] CPU3: shutdown
[   22.605990] Entering suspend state LP1
[   22.605990] Suspended for 8.433 seconds
[   22.606009] Enabling non-boot CPUs ...
[   22.621157] CPU1 is up
[   22.641360] CPU2 is up
[   22.661704] CPU3 is up
[   22.662946] PM: noirq resume of devices complete after 1.231 msecs
[   22.665774] PM: early resume of devices complete after 2.550 msecs
[   23.201006] PM: resume of devices complete after 535.216 msecs
[   23.301169] Restarting tasks ... done.
root@(none):/# 
root@(none):/# NVTB SYSTEM SUSPEND TEST COMPLETE
