[0000.738] [TegraBoot] (version 23.00.2015.14-mobile-1ef66670)
[0000.743] Processing in cold boot mode Bootloader 2
[0000.748] A01Q Bootrom Patch rev = 3
[0000.751] Power-up reason: pmu watchdog
[0000.755] No Battery Present
[0000.758] Platform has Ddr4 type ram
[0000.761] max77620 disabling SD1 Remote Sense
[0000.765] Setting Ddr voltage to 1125mv
[0000.770] Serial Number of Pmic Max77663: 0x40daf
[0000.777] Entering ramdump check
[0000.780] Get RamDumpCarveOut = 0x0
[0000.784] RamDumpCarveOut=0x0,  RamDumperFlag=0xe59ff3f8
[0000.789] Last reboot was clean, booting normally!
[0000.793] Sdram initialization is successful 
[0000.797] SecureOs Carveout Base=0xff800000 Size=0x00800000
[0000.803] GSC1 Carveout Base=0xff700000 Size=0x00100000
[0000.829] GSC2 Carveout Base=0xff600000 Size=0x00100000
[0000.855] GSC3 Carveout Base=0xff500000 Size=0x00100000
[0000.860] GSC4 Carveout Base=0xff400000 Size=0x00100000
[0000.865] GSC5 Carveout Base=0xff300000 Size=0x00100000
[0000.870] BpmpFw Carveout Base=0xff2c0000 Size=0x00040000
[0000.875] Lp0 Carveout Base=0xff2bf000 Size=0x00001000
[0000.891] RamDump Carveout Base=0xff23f000 Size=0x00080000
[0000.896] Platform-DebugCarveout: 0
[0000.899] Nck Carveout Base=0xff03f000 Size=0x00200000
[0000.949] Using GPT Primary to query partitions 
[0000.954] Loading Tboot-CPU binary
[0001.003] Verifying bootloader in OdmNonSecureSBK mode
[0001.013] Bootloader load address is 0xa0000000,                            entry address is 0xa0000258
[0001.022] Bootloader downloaded successfully.
[0001.026] Downloaded Tboot-CPU binary to 0xa0000258
[0001.032] MAX77620_GPIO1 Configured.
[0001.036] MAX77620_GPIO5 Configured.
[0001.039] CPU power rail is up
[0001.042] CPU clock enabled
[0001.046] Performing RAM repair
[0001.049] Updating A64 Warmreset Address to 0xa00002e9
[0001.068] Bootloader DTB Load Address: 0x83000000
[0001.085] Kernel DTB Load Address: 0x83080000
[0001.090] Loading cboot binary
[0001.184] Verifying bootloader in OdmNonSecureSBK mode
[0001.272] Bootloader load address is 0x8010fda8,                            entry address is 0x80110000
[0001.281] Bootloader downloaded successfully.
[0001.285] GPT: Partition NOT found ! 
[0001.288] Find Partition via GPT Failed
[0001.292] function NvTbootGetBinaryOffsets: 0x845208 error
[0001.297] Error in NvTbootLoadBinary: 0x845208 !
[0001.302] GPT: Partition NOT found ! 
[0001.305] No FB partition
[0001.308] Next binary entry address: 0x80110000 
[0001.312] BoardId: 2595
[0001.317] dram memory type is 3
[0001.323] WB0 init successful
[0001.349] Bpmp FW successfully loaded
[0001.353] Set NvDecSticky Bits
[0001.356] GSC1 address : ff700000
[0001.360] GSC2 address : ff600000
[0001.364] GSC3 address : ff500000
[0001.367] GSC4 address : ff400000
[0001.371] GSC5 address : ff300000
[0001.374] GSC MC Settings done
[0001.379] TOS old plaintext Image length 61440
[0001.386] *** Secure OS image signature not verified ***
[0001.391] Loading and Validation of Secure OS Successful
[0001.396] NvTbootPackSdramParams: start. 
[0001.401] NvTbootPackSdramParams: done. 
[0001.405] Tegraboot started after 730611 us
[0001.409] Basic modules init took 348824 us
[0001.413] Sec Bootdevice Read Time = 202 ms, Read Size = 8459 KB
[0001.418] Next stage binary read took 14370 us
[0001.423] Carveout took 252731 us
[0001.426] CPU initialization took 92299 us
[0001.430] Total time taken by TegraBoot 708224 us

[0001.434] Starting CPU & Halting co-processor 

64b[0001.570] LPDDR4 Training: Number of tables = 10
[0001.574] EMC Training (SRC-freq: 204000; DST-freq: 408000)
[0001.580] EMC Training Successful
[0001.583] EMC Training (SRC-freq: 204000; DST-freq: 665600)
[0001.589] EMC Training Successful
[0001.592] EMC Training (SRC-freq: 204000; DST-freq: 800000)
[0001.604] EMC Training Successful
[0001.607] EMC Training (SRC-freq: 204000; DST-freq: 1065600)
[0001.629] EMC Training Successful
[0001.632] EMC Training (SRC-freq: 204000; DST-freq: 1331200)
[0001.654] EMC Training Successful
[0001.657] EMC Training (SRC-freq: 204000; DST-freq: 1600000)
[0001.676] EMC Training Successful
[0001.680] Switching to 800000 KHz Success
[0001.713] LPDDR4 Training: Number of tables = 10


U-Boot 2015.07-rc2-g2ac3917 (Nov 09 2015 - 13:12:08 -0800)

TEGRA210
Model: NVIDIA P2371-0000
DRAM:  3 GiB
MC:   Tegra SD/MMC: 0, Tegra SD/MMC: 1
*** Warning - bad CRC, using default environment

In:    serial
Out:   serial
Err:   serial
Net:   Net Initialization Skipped
No ethernet found.
Hit any key to stop autoboot:  2  0 
Tegra210 (P2371-0000) # 
Tegra210 (P2371-0000) # ums 0 mmc 0
UMS: disk start sector: 0x0, count: 0x1d5a000
|/-\|/-\/-\|/-\/-\|/-\/-\|/-\/-\|/-\/-\|/-\/-\|/-\/-\|/-\/-\|/-\/-\|/-\/-\|/-\/-\|/-\/-\|/-\/-\|/-\/-\|/-\/-\|/-\/-\|/-\/-\|/-\/-\|/-\/-\|/-\/-\|/-\/-\|/-\/-\|/-\/-\|/-\/-\|/-\/-\|/-\/-\|/-\/-\|/-\/-\|/-\/-\|/-\/-\|/-\/-\|/-\/-\|/-\/-\|/-\/-\|/CTRL+C - Operation aborted
Tegra210 (P2371-0000) # 
Tegra210 (P2371-0000) # env set fdt_copy_node_names /cpus:/psci
Tegra210 (P2371-0000) # setenv rootpart 1
Tegra210 (P2371-0000) # setenv devtype mmc
Tegra210 (P2371-0000) # setenv devnum 0
Tegra210 (P2371-0000) # part uuid ${devtype} ${devnum}:${rootpart} uuid
Tegra210 (P2371-0000) # setenv bootargs ignore_loglevel console=ttyS0,115200n8 earlycon=uart8250,mmio32,0x70006000 rw root=/dev/mmcblk0p1 rootwait debug earlyprintk init=/bin/bash
Tegra210 (P2371-0000) # load ${devtype} ${devnum}:${rootpart} ${kernel_addr_r} /boot/Image.defconfig
11007488 bytes read in 704 ms (14.9 MiB/s)
Tegra210 (P2371-0000) # load ${devtype} ${devnum}:${rootpart} ${fdt_addr_r} /boot/tegra210-p2371-0000.dtb
37136 bytes read in 460 ms (78.1 KiB/s)
Tegra210 (P2371-0000) # load ${devtype} ${devnum}:${rootpart} ${ramdisk_addr_r} /boot/tegra-ramdisk.img
1627787 bytes read in 494 ms (3.1 MiB/s)
Tegra210 (P2371-0000) # ramdisk_size=${filesize}
Tegra210 (P2371-0000) # booti ${kernel_addr_r} - ${fdt_addr_r}
## Flattened Device Tree blob at 82000000
   Booting using the fdt blob at 0x82000000
   Using Device Tree in place at 0000000082000000, end 000000008200c10f

Starting kernel ...

[    0.000000] Booting Linux on physical CPU 0x0
[    0.000000] Linux version 4.5.0-rc4+ (pwalmsley@tamien) (gcc version 4.9.2 20140904 (prerelease) (crosstool-NG linaro-1.13.1-4.9-2014.09 - Linaro GCC 4.9-2014.09) ) #1 SMP PREEMPT Sun Feb 14 13:36:03 PST 2016
[    0.000000] Boot CPU: AArch64 Processor [411fd071]
[    0.000000] debug: ignoring loglevel setting.
[    0.000000] earlycon: Early serial console at MMIO32 0x70006000 (options '')
[    0.000000] bootconsole [uart0] enabled
[    0.000000] efi: Getting EFI parameters from FDT:
[    0.000000] efi: UEFI not found.
[    0.000000] cma: Reserved 16 MiB at 0x00000000fe000000
[    0.000000] On node 0 totalpages: 782848
[    0.000000]   DMA zone: 8192 pages used for memmap
[    0.000000]   DMA zone: 0 pages reserved
[    0.000000]   DMA zone: 520704 pages, LIFO batch:31
[    0.000000]   Normal zone: 4096 pages used for memmap
[    0.000000]   Normal zone: 262144 pages, LIFO batch:31
[    0.000000] psci: probing for conduit method from DT.
[    0.000000] psci: PSCIv0.2 detected in firmware.
[    0.000000] psci: Using standard PSCI v0.2 function IDs
[    0.000000] psci: MIGRATE_INFO_TYPE not supported.
[    0.000000] PERCPU: Embedded 20 pages/cpu @ffffffc0bff61000 s41984 r8192 d31744 u81920
[    0.000000] pcpu-alloc: s41984 r8192 d31744 u81920 alloc=20*4096
[    0.000000] pcpu-alloc: [0] 0 [0] 1 [0] 2 [0] 3 
[    0.000000] Detected PIPT I-cache on CPU0
[    0.000000] CPU features: enabling workaround for ARM erratum 832075
[    0.000000] CPU features: enabling workaround for ARM erratum 834220
[    0.000000] Built 1 zonelists in Zone order, mobility grouping on.  Total pages: 770560
[    0.000000] Kernel command line: ignore_loglevel console=ttyS0,115200n8 earlycon=uart8250,mmio32,0x70006000 rw root=/dev/mmcblk0p1 rootwait debug earlyprintk init=/bin/bash
[    0.000000] log_buf_len individual max cpu contribution: 4096 bytes
[    0.000000] log_buf_len total cpu_extra contributions: 12288 bytes
[    0.000000] log_buf_len min size: 16384 bytes
[    0.000000] log_buf_len: 32768 bytes
[    0.000000] early log buf free: 14320(87%)
[    0.000000] PID hash table entries: 4096 (order: 3, 32768 bytes)
[    0.000000] Dentry cache hash table entries: 524288 (order: 10, 4194304 bytes)
[    0.000000] Inode-cache hash table entries: 262144 (order: 9, 2097152 bytes)
[    0.000000] software IO TLB [mem 0xfa000000-0xfe000000] (64MB) mapped at [ffffffc07a000000-ffffffc07dffffff]
[    0.000000] Memory: 2981992K/3131392K available (6512K kernel code, 597K rwdata, 2904K rodata, 724K init, 243K bss, 133016K reserved, 16384K cma-reserved)
[    0.000000] Virtual kernel memory layout:
[    0.000000]     vmalloc : 0xffffff8000000000 - 0xffffffbdbfff0000   (   246 GB)
[    0.000000]     vmemmap : 0xffffffbdc0000000 - 0xffffffbfc0000000   (     8 GB maximum)
[    0.000000]               0xffffffbdc2000000 - 0xffffffbdc5000000   (    48 MB actual)
[    0.000000]     fixed   : 0xffffffbffa7fd000 - 0xffffffbffac00000   (  4108 KB)
[    0.000000]     PCI I/O : 0xffffffbffae00000 - 0xffffffbffbe00000   (    16 MB)
[    0.000000]     modules : 0xffffffbffc000000 - 0xffffffc000000000   (    64 MB)
[    0.000000]     memory  : 0xffffffc000000000 - 0xffffffc0c0000000   (  3072 MB)
[    0.000000]       .init : 0xffffffc0009b5000 - 0xffffffc000a6a000   (   724 KB)
[    0.000000]       .text : 0xffffffc000080000 - 0xffffffc0009b42a4   (  9425 KB)
[    0.000000]       .data : 0xffffffc000a6a000 - 0xffffffc000aff600   (   598 KB)
[    0.000000] SLUB: HWalign=64, Order=0-3, MinObjects=0, CPUs=4, Nodes=1
[    0.000000] Preemptible hierarchical RCU implementation.
[    0.000000] 	Build-time adjustment of leaf fanout to 64.
[    0.000000] 	RCU restricting CPUs from NR_CPUS=64 to nr_cpu_ids=4.
[    0.000000] RCU: Adjusting geometry for rcu_fanout_leaf=64, nr_cpu_ids=4
[    0.000000] NR_IRQS:64 nr_irqs:64 0
[    0.000000] GIC: Using split EOI/Deactivate mode
[    0.000000] /interrupt-controller@0,60004000: 192 interrupts forwarded to /interrupt-controller@0,50041000
[    0.000000] PLL_MB already enabled. Postponing set full defaults
[    0.000000] PLL_U already enabled. Postponing set full defaults
[    0.000000] PLL_P already enabled. Postponing set full defaults
[    0.000000] PLL_X already enabled. Postponing set full defaults
[    0.000000] boot misc1 0x0: expected 0x20
[    0.000000]  (comparison mask = 0xffffff)
[    0.000000] Architected cp15 timer(s) running at 19.20MHz (phys).
[    0.000000] clocksource: arch_sys_counter: mask: 0xffffffffffffff max_cycles: 0x46d987e47, max_idle_ns: 440795202767 ns
[    0.000005] sched_clock: 56 bits at 19MHz, resolution 52ns, wraps every 4398046511078ns
[    0.008392] Console: colour dummy device 80x25
[    0.013004] Calibrating delay loop (skipped), value calculated using timer frequency.. 38.40 BogoMIPS (lpj=76800)
[    0.023618] pid_max: default: 32768 minimum: 301
[    0.028451] Security Framework initialized
[    0.032724] Mount-cache hash table entries: 8192 (order: 4, 65536 bytes)
[    0.039663] Mountpoint-cache hash table entries: 8192 (order: 4, 65536 bytes)
[    0.047885] ASID allocator initialised with 65536 entries
[    0.074147] Speedo Revision 4
[    0.077226] Tegra Revision: A01 SKU: 1 CPU Process: -22 SoC Process: -22
[    0.084638] EFI services will not be available.
[    0.105426] Detected PIPT I-cache on CPU1
[    0.105465] CPU1: Booted secondary processor [411fd071]
[    0.117447] Detected PIPT I-cache on CPU2
[    0.117476] CPU2: Booted secondary processor [411fd071]
[    0.129474] Detected PIPT I-cache on CPU3
[    0.129503] CPU3: Booted secondary processor [411fd071]
[    0.129562] Brought up 4 CPUs
[    0.161233] SMP: Total of 4 processors activated.
[    0.166100] CPU: All CPU(s) started at EL2
[    0.170352] alternatives: patching kernel code
[    0.176741] devtmpfs: initialized
[    0.188000] DMI not present or invalid.
[    0.192205] clocksource: jiffies: mask: 0xffffffff max_cycles: 0xffffffff, max_idle_ns: 7645041785100000 ns
[    0.202761] pinctrl core: initialized pinctrl subsystem
[    0.209400] NET: Registered protocol family 16
[    0.226056] cpuidle: using governor menu
[    0.230314] vdso: 2 pages (1 code @ ffffffc000a71000, 1 data @ ffffffc000a70000)
[    0.238011] hw-breakpoint: found 6 breakpoint and 4 watchpoint registers.
[    0.245867] DMA: preallocated 256 KiB pool for atomic allocations
[    0.252409] Serial: AMBA PL011 UART driver
[    0.289043] HugeTLB registered 2 MB page size, pre-allocated 0 pages
[    0.297308] vgaarb: loaded
[    0.300330] SCSI subsystem initialized
[    0.304354] libata version 3.00 loaded.
[    0.308586] usbcore: registered new interface driver usbfs
[    0.314336] usbcore: registered new interface driver hub
[    0.319924] usbcore: registered new device driver usb
[    0.325281] pps_core: LinuxPPS API ver. 1 registered
[    0.330427] pps_core: Software ver. 5.3.6 - Copyright 2005-2007 Rodolfo Giometti <giometti@linux.it>
[    0.339915] PTP clock support registered
[    0.344134] dmi: Firmware registration failed.
[    0.348912] Advanced Linux Sound Architecture Driver Initialized.
[    0.355865] clocksource: Switched to clocksource arch_sys_counter
[    0.362310] VFS: Disk quotas dquot_6.6.0
[    0.366423] VFS: Dquot-cache hash table entries: 512 (order 0, 4096 bytes)
[    0.381209] NET: Registered protocol family 2
[    0.386225] TCP established hash table entries: 32768 (order: 6, 262144 bytes)
[    0.393928] TCP bind hash table entries: 32768 (order: 7, 524288 bytes)
[    0.401088] TCP: Hash tables configured (established 32768 bind 32768)
[    0.408043] UDP hash table entries: 2048 (order: 4, 65536 bytes)
[    0.414323] UDP-Lite hash table entries: 2048 (order: 4, 65536 bytes)
[    0.421192] NET: Registered protocol family 1
[    0.425929] RPC: Registered named UNIX socket transport module.
[    0.432082] RPC: Registered udp transport module.
[    0.436976] RPC: Registered tcp transport module.
[    0.441855] RPC: Registered tcp NFSv4.1 backchannel transport module.
[    0.448545] PCI: CLS 0 bytes, default 128
[    0.453763] kvm [1]: interrupt-controller@50044000 IRQ9
[    0.459603] kvm [1]: timer IRQ3
[    0.462882] kvm [1]: 8-bit VMID
[    0.466139] kvm [1]: Hyp mode initialized successfully
[    0.474042] futex hash table entries: 1024 (order: 5, 131072 bytes)
[    0.480658] audit: initializing netlink subsys (disabled)
[    0.486289] audit: type=2000 audit(0.415:1): initialized
[    0.502188] squashfs: version 4.0 (2009/01/31) Phillip Lougher
[    0.509106] NFS: Registering the id_resolver key type
[    0.514577] Key type id_resolver registered
[    0.518943] Key type id_legacy registered
[    0.523308] fuse init (API version 7.24)
[    0.527913] 9p: Installing v9fs 9p2000 file system support
[    0.535989] io scheduler noop registered
[    0.540227] io scheduler cfq registered (default)
[    0.554441] tegra-apbdma 60020000.dma: Tegra20 APB DMA driver register 32 channels
[    0.562737] tegra-pmc 7000e400.pmc: i2c-thermtrip node not found, emergency thermal reset disabled.
[    0.572363] xenfs: not registering filesystem on non-xen platform
[    0.581948] Serial: 8250/16550 driver, 4 ports, IRQ sharing disabled
[    0.590012] console [ttyS0] disabled
[    0.593763] 70006000.serial: ttyS0 at MMIO 0x70006000 (irq = 312, base_baud = 25500000) is a Tegra
[    0.603083] console [ttyS0] enabled
[    0.603083] console [ttyS0] enabled
[    0.610176] bootconsole [uart0] disabled
[    0.610176] bootconsole [uart0] disabled
[    0.618526] SuperH (H)SCI(F) driver initialized
[    0.623240] msm_serial: driver initialized
[    0.627716] Unable to detect cache hierarchy from DT for CPU 0
[    0.638132] loop: module loaded
[    0.642462] tun: Universal TUN/TAP device driver, 1.6
[    0.647529] tun: (C) 1999-2004 Max Krasnyansky <maxk@qualcomm.com>
[    0.654020] e1000e: Intel(R) PRO/1000 Network Driver - 3.2.6-k
[    0.659879] e1000e: Copyright(c) 1999 - 2015 Intel Corporation.
[    0.665855] igb: Intel(R) Gigabit Ethernet Network Driver - version 5.3.0-k
[    0.672812] igb: Copyright (c) 2007-2014 Intel Corporation.
[    0.678445] igbvf: Intel(R) Gigabit Virtual Function Network Driver - version 2.0.2-k
[    0.686267] igbvf: Copyright (c) 2009 - 2012 Intel Corporation.
[    0.692243] sky2: driver version 1.30
[    0.696298] VFIO - User Level meta-driver version: 0.3
[    0.702019] ehci_hcd: USB 2.0 'Enhanced' Host Controller (EHCI) Driver
[    0.708570] ehci-pci: EHCI PCI platform driver
[    0.713084] ehci-platform: EHCI generic platform driver
[    0.718395] ohci_hcd: USB 1.1 'Open' Host Controller (OHCI) Driver
[    0.724586] ohci-pci: OHCI PCI platform driver
[    0.729078] ohci-platform: OHCI generic platform driver
[    0.734430] usbcore: registered new interface driver usb-storage
[    0.740720] mousedev: PS/2 mouse device common for all mice
[    0.747352] sdhci: Secure Digital Host Controller Interface driver
[    0.753557] sdhci: Copyright(c) Pierre Ossman
[    0.757971] Synopsys Designware Multimedia Card Interface Driver
[    0.764158] sdhci-pltfm: SDHCI platform and OF driver helper
[    0.770047] mmc0: Unknown controller version (3). You may experience problems.
[    0.811919] mmc0: SDHCI controller on 700b0600.sdhci [700b0600.sdhci] using ADMA 64-bit
[    0.820170] ledtrig-cpu: registered to indicate activity on CPUs
[    0.826827] usbcore: registered new interface driver usbhid
[    0.832434] usbhid: USB HID core driver
[    0.837417] NET: Registered protocol family 17
[    0.842034] 9pnet: Installing 9P2000 support
[    0.846450] Key type dns_resolver registered
[    0.851630] registered taskstats version 1
[    0.856154] hctosys: unable to open rtc device (rtc0)
[    0.868277] ALSA device list:
[    0.871240]   No soundcards found.
[    0.874963] Waiting for root device /dev/mmcblk0p1...
[    0.911912] mmc0: MAN_BKOPS_EN bit is not set
[    0.936531] mmc0: new HS200 MMC card at address 0001
[    0.941888] mmcblk0: mmc0:0001 SDW16G 14.7 GiB 
[    0.946596] mmcblk0boot0: mmc0:0001 SDW16G partition 1 4.00 MiB
[    0.956694] mmcblk0boot1: mmc0:0001 SDW16G partition 2 4.00 MiB
[    0.962770] mmcblk0rpmb: mmc0:0001 SDW16G partition 3 4.00 MiB
[    0.969934]  mmcblk0: p1 p2 p3 p4 p5 p6 p7 p8 p9 p10 p11 p12 p13 p14 p15 p16 p17 p18
[    0.984668] EXT4-fs (mmcblk0p1): couldn't mount as ext3 due to feature incompatibilities
[    0.999360] EXT4-fs (mmcblk0p1): mounted filesystem with ordered data mode. Opts: (null)
[    1.007519] VFS: Mounted root (ext4 filesystem) on device 179:1.
[    1.015251] devtmpfs: mounted
[    1.018857] Freeing unused kernel memory: 724K (ffffffc0009b5000 - ffffffc000a6a000)
bash: cannot set terminal process group (-1): Inappropriate ioctl for device
bash: no job control in this shell
root@(none):/# 