
U-Boot SPL 2014.01-00219-gc4d376f (Feb 18 2014 - 19:57:18)


U-Boot 2014.01-00219-gc4d376f (Feb 18 2014 - 19:57:18)

TEGRA30
Board: NVIDIA Beaver
I2C:   ready
DRAM:  2 GiB
MMC:   Tegra SD/MMC: 0, Tegra SD/MMC: 1
In:    serial
Out:   serial
Err:   serial
Net:   Net Initialization Skipped
No ethernet found.
Hit any key to stop autoboot:  2  0 
Tegra30 (Beaver) # 
Tegra30 (Beaver) # usb reset
(Re)start USB...
USB0:   USB EHCI 1.00
scanning bus 0 for devices... 2 USB Device(s) found
       scanning usb for storage devices... 0 Storage Device(s) found
       scanning usb for ethernet devices... 
Warning: asx0 using MAC address from net device
1 Ethernet Device(s) found
Tegra30 (Beaver) # setenv bootargs 'ignore_loglevel console=ttyS0,115200n8 rw root=/dev/mmcblk0p1 rootwait gpt debug noinitrd earlyprintk init=/bin/bash'
Tegra30 (Beaver) # setenv ipaddr 192.168.100.101; setenv serverip 192.168.100.1; setenv tftpserverip 192.168.100.1
Tegra30 (Beaver) # tftpboot 0x81000000 zImage.multi_v7_defconfig
Using asx0 device
TFTP from server 192.168.100.1; our IP address is 192.168.100.101
Filename 'zImage.multi_v7_defconfig'.
Load address: 0x81000000
Loading: *#################################################################
	 #################################################################
	 #################################################################
	 #################################################################
	 #################################################################
	 #################################################################
	 #################################################################
	 #######
	 3.3 MiB/s
done
Bytes transferred = 6778736 (676f70 hex)
Tegra30 (Beaver) # tftpboot 0x82000000 tegra30-beaver.dtb
Using asx0 device
TFTP from server 192.168.100.1; our IP address is 192.168.100.101
Filename 'tegra30-beaver.dtb'.
Load address: 0x82000000
Loading: *####
	 2.9 MiB/s
done
Bytes transferred = 51467 (c90b hex)
Tegra30 (Beaver) # bootz 0x81000000 - 0x82000000
Kernel image @ 0x81000000 [ 0x000000 - 0x676f70 ]
## Flattened Device Tree blob at 82000000
   Booting using the fdt blob at 0x82000000
   Loading Device Tree to 8fff0000, end 8ffff90a ... OK

Starting kernel ...

[    0.000000] Booting Linux on physical CPU 0x0
[    0.000000] Linux version 4.5.0-rc3-67635-g388f7b1 (pwalmsley@sellafield) (gcc version 4.7.3 20130328 (prerelease) (crosstool-NG linaro-1.13.1-4.7-2013.04-20130415 - Linaro GCC 2013.04) ) #1 SMP Mon Feb 8 03:33:08 PST 2016
[    0.000000] CPU: ARMv7 Processor [412fc099] revision 9 (ARMv7), cr=10c5387d
[    0.000000] CPU: PIPT / VIPT nonaliasing data cache, VIPT aliasing instruction cache
[    0.000000] Machine model: NVIDIA Tegra30 Beaver evaluation board
[    0.000000] debug: ignoring loglevel setting.
[    0.000000] cma: Reserved 64 MiB at 0xfb800000
[    0.000000] Memory policy: Data cache writealloc
[    0.000000] On node 0 totalpages: 524032
[    0.000000] free_area_init_node: node 0, pgdat c106e5c0, node_mem_map eeff8000
[    0.000000]   DMA zone: 1536 pages used for memmap
[    0.000000]   DMA zone: 0 pages reserved
[    0.000000]   DMA zone: 196608 pages, LIFO batch:31
[    0.000000]   HighMem zone: 327424 pages, LIFO batch:31
[    0.000000] PERCPU: Embedded 12 pages/cpu @eef93000 s18880 r8192 d22080 u49152
[    0.000000] pcpu-alloc: s18880 r8192 d22080 u49152 alloc=12*4096
[    0.000000] pcpu-alloc: [0] 0 [0] 1 [0] 2 [0] 3 
[    0.000000] Built 1 zonelists in Zone order, mobility grouping on.  Total pages: 522496
[    0.000000] Kernel command line: ignore_loglevel console=ttyS0,115200n8 rw root=/dev/mmcblk0p1 rootwait gpt debug noinitrd earlyprintk init=/bin/bash
[    0.000000] PID hash table entries: 4096 (order: 2, 16384 bytes)
[    0.000000] Dentry cache hash table entries: 131072 (order: 7, 524288 bytes)
[    0.000000] Inode-cache hash table entries: 65536 (order: 6, 262144 bytes)
[    0.000000] Memory: 1997820K/2096128K available (8495K kernel code, 1113K rwdata, 4040K rodata, 1100K init, 345K bss, 32772K reserved, 65536K cma-reserved, 1244160K highmem)
[    0.000000] Virtual kernel memory layout:
[    0.000000]     vector  : 0xffff0000 - 0xffff1000   (   4 kB)
[    0.000000]     fixmap  : 0xffc00000 - 0xfff00000   (3072 kB)
[    0.000000]     vmalloc : 0xf0800000 - 0xff800000   ( 240 MB)
[    0.000000]     lowmem  : 0xc0000000 - 0xf0000000   ( 768 MB)
[    0.000000]     pkmap   : 0xbfe00000 - 0xc0000000   (   2 MB)
[    0.000000]     modules : 0xbf000000 - 0xbfe00000   (  14 MB)
[    0.000000]       .text : 0xc0208000 - 0xc0e46d00   (12540 kB)
[    0.000000]       .init : 0xc0e47000 - 0xc0f5a000   (1100 kB)
[    0.000000]       .data : 0xc0f5a000 - 0xc1070580   (1114 kB)
[    0.000000]        .bss : 0xc1073000 - 0xc10c95e0   ( 346 kB)
[    0.000000] SLUB: HWalign=64, Order=0-3, MinObjects=0, CPUs=4, Nodes=1
[    0.000000] Hierarchical RCU implementation.
[    0.000000] 	Build-time adjustment of leaf fanout to 32.
[    0.000000] 	RCU restricting CPUs from NR_CPUS=16 to nr_cpu_ids=4.
[    0.000000] RCU: Adjusting geometry for rcu_fanout_leaf=32, nr_cpu_ids=4
[    0.000000] NR_IRQS:16 nr_irqs:16 16
[    0.000000] /interrupt-controller@60004000: 160 interrupts forwarded to /interrupt-controller@50041000
[    0.000000] L2C: platform modifies aux control register: 0x02080000 -> 0x3e480001
[    0.000000] L2C: DT/platform modifies aux control register: 0x02080000 -> 0x3e480001
[    0.000000] L2C-310 erratum 769419 enabled
[    0.000000] L2C-310 enabling early BRESP for Cortex-A9
[    0.000000] L2C-310: enabling full line of zeros but not enabled in Cortex-A9
[    0.000000] L2C-310 dynamic clock gating enabled, standby mode enabled
[    0.000000] L2C-310 cache controller enabled, 8 ways, 1024 kB
[    0.000000] L2C-310: CACHE_ID 0x410000c7, AUX_CTRL 0x4e480001
[    0.000015] sched_clock: 32 bits at 1000kHz, resolution 1000ns, wraps every 2147483647500ns
[    0.000033] clocksource: timer_us: mask: 0xffffffff max_cycles: 0xffffffff, max_idle_ns: 1911260446275 ns
[    0.000043] Switching to timer-based delay loop, resolution 1000ns
[    0.002761] Console: colour dummy device 80x30
[    0.002786] Calibrating delay loop (skipped), value calculated using timer frequency.. 2.00 BogoMIPS (lpj=5000)
[    0.002795] pid_max: default: 32768 minimum: 301
[    0.002881] Mount-cache hash table entries: 2048 (order: 1, 8192 bytes)
[    0.002889] Mountpoint-cache hash table entries: 2048 (order: 1, 8192 bytes)
[    0.003307] CPU: Testing write buffer coherency: ok
[    0.003589] CPU0: thread -1, cpu 0, socket 0, mpidr 80000000
[    0.003660] Setting up static identity map for 0x80209000 - 0x80209098
[    0.005959] Tegra Revision: A03 SKU: 128 CPU Process: 4 SoC Process: 0
[    0.007182] CPU1: thread -1, cpu 1, socket 0, mpidr 80000001
[    0.007819] CPU2: thread -1, cpu 2, socket 0, mpidr 80000002
[    0.008455] CPU3: thread -1, cpu 3, socket 0, mpidr 80000003
[    0.008494] Brought up 4 CPUs
[    0.008506] SMP: Total of 4 processors activated (8.00 BogoMIPS).
[    0.008511] CPU: All CPU(s) started in SVC mode.
[    0.009096] devtmpfs: initialized
[    0.017224] VFP support v0.3: implementor 41 architecture 3 part 30 variant 9 rev 4
[    0.017900] clocksource: jiffies: mask: 0xffffffff max_cycles: 0xffffffff, max_idle_ns: 9556302231375000 ns
[    0.021355] pinctrl core: initialized pinctrl subsystem
[    0.022858] NET: Registered protocol family 16
[    0.025129] DMA: preallocated 256 KiB pool for atomic coherent allocations
[    0.039927] cpuidle: using governor menu
[    0.048272] No ATAGs?
[    0.048306] hw-breakpoint: found 5 (+1 reserved) breakpoint and 1 watchpoint registers.
[    0.048313] hw-breakpoint: maximum watchpoint size is 4 bytes.
[    0.051499] Serial: AMBA PL011 UART driver
[    0.052676] tegra-mc 7000f000.memory-controller: no memory timings for RAM code 3 registered
[    0.072968] vdd_5v_sata: Failed to request enable GPIO30: -517
[    0.073039] reg-fixed-voltage regulators:regulator@3: Failed to register regulator: -517
[    0.073147] usb1_vbus: Failed to request enable GPIO238: -517
[    0.073196] reg-fixed-voltage regulators:regulator@4: Failed to register regulator: -517
[    0.073302] usb3_vbus: Failed to request enable GPIO236: -517
[    0.073352] reg-fixed-voltage regulators:regulator@5: Failed to register regulator: -517
[    0.073505] sys_3v3_pexs: Failed to request enable GPIO95: -517
[    0.073556] reg-fixed-voltage regulators:regulator@7: Failed to register regulator: -517
[    0.075738] vgaarb: loaded
[    0.076354] SCSI subsystem initialized
[    0.076506] libata version 3.00 loaded.
[    0.076690] usbcore: registered new interface driver usbfs
[    0.076729] usbcore: registered new interface driver hub
[    0.076762] usbcore: registered new device driver usb
[    0.131727] pps_core: LinuxPPS API ver. 1 registered
[    0.131736] pps_core: Software ver. 5.3.6 - Copyright 2005-2007 Rodolfo Giometti <giometti@linux.it>
[    0.131752] PTP clock support registered
[    0.131901] EDAC MC: Ver: 3.0.0
[    0.133441] clocksource: Switched to clocksource timer_us
[    0.139323] NET: Registered protocol family 2
[    0.139723] TCP established hash table entries: 8192 (order: 3, 32768 bytes)
[    0.139780] TCP bind hash table entries: 8192 (order: 4, 65536 bytes)
[    0.139863] TCP: Hash tables configured (established 8192 bind 8192)
[    0.139954] UDP hash table entries: 512 (order: 2, 16384 bytes)
[    0.140018] UDP-Lite hash table entries: 512 (order: 2, 16384 bytes)
[    0.140197] NET: Registered protocol family 1
[    0.140433] RPC: Registered named UNIX socket transport module.
[    0.140439] RPC: Registered udp transport module.
[    0.140443] RPC: Registered tcp transport module.
[    0.140447] RPC: Registered tcp NFSv4.1 backchannel transport module.
[    0.140465] PCI: CLS 0 bytes, default 64
[    0.141236] hw perfevents: enabled with armv7_cortex_a9 PMU driver, 7 counters available
[    0.142176] futex hash table entries: 1024 (order: 4, 65536 bytes)
[    0.148150] squashfs: version 4.0 (2009/01/31) Phillip Lougher
[    0.148654] NFS: Registering the id_resolver key type
[    0.148693] Key type id_resolver registered
[    0.148697] Key type id_legacy registered
[    0.148750] ntfs: driver 2.1.32 [Flags: R/O].
[    0.149587] bounce: pool size: 64 pages
[    0.149710] Block layer SCSI generic (bsg) driver version 0.4 loaded (major 249)
[    0.149724] io scheduler noop registered
[    0.149731] io scheduler deadline registered
[    0.149753] io scheduler cfq registered (default)
[    0.155134] tegra30-pinctrl 70000868.pinmux: invalid group "sdmmc3_dat6_pd3" for function "rsvd1"
[    0.155148] tegra30-pinctrl 70000868.pinmux: invalid group "sdmmc3_dat7_pd4" for function "rsvd1"
[    0.155162] tegra30-pinctrl 70000868.pinmux: invalid group "vi_vsync_pd6" for function "rsvd1"
[    0.155171] tegra30-pinctrl 70000868.pinmux: invalid group "vi_hsync_pd7" for function "rsvd1"
[    0.155629] tegra30-pinctrl 70000868.pinmux: invalid group "hdmi_int_pn7" for function "rsvd1"
[    0.155680] tegra30-pinctrl 70000868.pinmux: invalid group "ulpi_data3_po4" for function "rsvd1"
[    0.156006] tegra30-pinctrl 70000868.pinmux: invalid group "vi_d10_pt2" for function "rsvd1"
[    0.156018] tegra30-pinctrl 70000868.pinmux: invalid group "vi_d11_pt3" for function "rsvd1"
[    0.156030] tegra30-pinctrl 70000868.pinmux: invalid group "vi_d0_pt4" for function "rsvd1"
[    0.156070] tegra30-pinctrl 70000868.pinmux: invalid group "pu0" for function "rsvd1"
[    0.156099] tegra30-pinctrl 70000868.pinmux: invalid group "pu3" for function "rsvd1"
[    0.156129] tegra30-pinctrl 70000868.pinmux: invalid group "pu6" for function "rsvd1"
[    0.156168] tegra30-pinctrl 70000868.pinmux: invalid group "pv3" for function "rsvd1"
[    0.156656] tegra30-pinctrl 70000868.pinmux: invalid group "pbb0" for function "rsvd1"
[    0.156775] tegra30-pinctrl 70000868.pinmux: invalid group "pcc1" for function "rsvd1"
[    0.161940] tegra-pcie 3000.pcie-controller: 2x3 configuration
[    0.162056] vdd_1v5_gen: supplied by vdd_5v_in
[    0.162098] vdd_pexa,vdd_pexb: supplied by vdd_1v5_gen
[    0.162196] tegra-pcie 3000.pcie-controller: Failed to get supply 'hvdd-pex': -517
[    0.166086] tegra-apbdma 6000a000.dma: Tegra20 APB DMA driver register 32 channels
[    0.167084] tegra-pmc 7000e400.pmc: i2c-thermtrip node not found, emergency thermal reset disabled.
[    0.199168] Serial: 8250/16550 driver, 4 ports, IRQ sharing disabled
[    0.201276] console [ttyS0] disabled
[    0.201314] 70006000.serial: ttyS0 at MMIO 0x70006000 (irq = 331, base_baud = 25500000) is a Tegra
[    1.115795] console [ttyS0] enabled
[    1.119796] SuperH (H)SCI(F) driver initialized
[    1.124922] msm_serial: driver initialized
[    1.129141] STMicroelectronics ASC driver initialized
[    1.135800] [drm] Initialized drm 1.1.0 20060810
[    1.141710] tegra-hdmi 54280000.hdmi: failed to get HDMI regulator
[    1.155568] brd: module loaded
[    1.162386] loop: module loaded
[    1.170523] m25p80 spi32766.1: w25q32 (4096 Kbytes)
[    1.177386] libphy: Fixed MDIO Bus: probed
[    1.181905] CAN device driver interface
[    1.186897] igb: Intel(R) Gigabit Ethernet Network Driver - version 5.3.0-k
[    1.193853] igb: Copyright (c) 2007-2014 Intel Corporation.
[    1.201200] pegasus: v0.9.3 (2013/04/25), Pegasus/Pegasus II USB Ethernet driver
[    1.208642] usbcore: registered new interface driver pegasus
[    1.214335] usbcore: registered new interface driver asix
[    1.219754] usbcore: registered new interface driver ax88179_178a
[    1.225863] usbcore: registered new interface driver cdc_ether
[    1.231723] usbcore: registered new interface driver smsc75xx
[    1.237496] usbcore: registered new interface driver smsc95xx
[    1.243260] usbcore: registered new interface driver net1080
[    1.248937] usbcore: registered new interface driver cdc_subset
[    1.254880] usbcore: registered new interface driver zaurus
[    1.260501] usbcore: registered new interface driver cdc_ncm
[    1.267484] ehci_hcd: USB 2.0 'Enhanced' Host Controller (EHCI) Driver
[    1.274014] ehci-pci: EHCI PCI platform driver
[    1.278481] ehci-platform: EHCI generic platform driver
[    1.283827] ehci-omap: OMAP-EHCI Host Controller driver
[    1.289124] ehci-orion: EHCI orion driver
[    1.293194] SPEAr-ehci: EHCI SPEAr driver
[    1.297278] ehci-st: EHCI STMicroelectronics driver
[    1.302229] ehci-exynos: EHCI EXYNOS driver
[    1.306500] ehci-atmel: EHCI Atmel driver
[    1.310590] tegra-ehci: Tegra EHCI driver
[    1.314918] ohci_hcd: USB 1.1 'Open' Host Controller (OHCI) Driver
[    1.321106] ohci-pci: OHCI PCI platform driver
[    1.325579] ohci-platform: OHCI generic platform driver
[    1.330902] ohci-omap3: OHCI OMAP3 driver
[    1.334987] SPEAr-ohci: OHCI SPEAr driver
[    1.339072] ohci-st: OHCI STMicroelectronics driver
[    1.344022] ohci-atmel: OHCI Atmel driver
[    1.348352] usbcore: registered new interface driver usb-storage
[    1.355319] mousedev: PS/2 mouse device common for all mice
[    1.362896] tegra_rtc 7000e000.rtc: rtc core: registered 7000e000.rtc as rtc1
[    1.370060] tegra_rtc 7000e000.rtc: Tegra internal Real Time Clock
[    1.388759] tps65910-rtc tps65910-rtc: rtc core: registered tps65910-rtc as rtc0
[    1.396342] i2c /dev entries driver
[    1.406375] sdhci: Secure Digital Host Controller Interface driver
[    1.412558] sdhci: Copyright(c) Pierre Ossman
[    1.417837] Synopsys Designware Multimedia Card Interface Driver
[    1.424494] sdhci-pltfm: SDHCI platform and OF driver helper
[    1.430709] sdhci-tegra 78000000.sdhci: Got CD GPIO
[    1.435596] sdhci-tegra 78000000.sdhci: Got WP GPIO
[    1.441620] mmc0: Invalid maximum block size, assuming 512 bytes
[    1.483519] mmc0: SDHCI controller on 78000000.sdhci [78000000.sdhci] using ADMA
[    1.494142] mmc1: Invalid maximum block size, assuming 512 bytes
[    1.533446] mmc1: SDHCI controller on 78000600.sdhci [78000600.sdhci] using ADMA
[    1.541969] ledtrig-cpu: registered to indicate activity on CPUs
[    1.548118] usbcore: registered new interface driver usbhid
[    1.553684] usbhid: USB HID core driver
[    1.560490] NET: Registered protocol family 10
[    1.565498] sit: IPv6 over IPv4 tunneling driver
[    1.570549] NET: Registered protocol family 17
[    1.575002] can: controller area network core (rev 20120528 abi 9)
[    1.581218] NET: Registered protocol family 29
[    1.585661] can: raw protocol (rev 20120528)
[    1.589929] can: broadcast manager protocol (rev 20120528 t)
[    1.595585] can: netlink gateway (rev 20130117) max_hops=1
[    1.601356] Key type dns_resolver registered
[    1.606025] ThumbEE CPU extension supported.
[    1.610309] Registering SWP/SWPB emulation handler
[    1.635613] tegra-pcie 3000.pcie-controller: 2x3 configuration
[    1.641624] sys_3v3,vdd_3v3_alw: supplied by vdd_5v_in
[    1.648824] sys_3v3_pexs: supplied by sys_3v3,vdd_3v3_alw
[    1.662012] tegra-pcie 3000.pcie-controller: probing port 0, using 2 lanes
[    1.727207] tegra-pcie 3000.pcie-controller: probing port 2, using 2 lanes
[    1.727598] mmc1: new high speed MMC card at address 0001
[    1.728636] mmcblk0: mmc1:0001 SEM16G 14.8 GiB 
[    1.730283] mmcblk0boot0: mmc1:0001 SEM16G partition 1 1.00 MiB
[    1.731916] mmcblk0boot1: mmc1:0001 SEM16G partition 2 1.00 MiB
[    1.732809] mmcblk0rpmb: mmc1:0001 SEM16G partition 3 128 KiB
[    1.764158] Primary GPT is invalid, using alternate GPT.
[    1.769480]  mmcblk0: p1 p2 p3 p4 p5
[    2.165396] tegra-pcie 3000.pcie-controller: link 2 down, retrying
[    2.575366] tegra-pcie 3000.pcie-controller: link 2 down, retrying
[    2.985328] tegra-pcie 3000.pcie-controller: link 2 down, retrying
[    2.993518] tegra-pcie 3000.pcie-controller: link 2 down, ignoring
[    2.999840] tegra-pcie 3000.pcie-controller: PCI host bridge to bus 0000:00
[    3.006804] pci_bus 0000:00: root bus resource [mem 0x20000000-0x27ffffff]
[    3.013671] pci_bus 0000:00: root bus resource [mem 0x28000000-0x3fffffff pref]
[    3.020970] pci_bus 0000:00: root bus resource [bus 00-ff]
[    3.026446] pci_bus 0000:00: root bus resource [io  0x1000-0xffff]
[    3.032640] pci 0000:00:01.0: [10de:0e1c] type 01 class 0x060400
[    3.038700] pci 0000:00:01.0: PME# supported from D0 D1 D2 D3hot D3cold
[    3.045462] PCI: bus0: Fast back to back transfers disabled
[    3.051033] pci 0000:00:01.0: bridge configuration invalid ([bus 00-00]), reconfiguring
[    3.059132] pci 0000:01:00.0: [10ec:8168] type 00 class 0x020000
[    3.065146] pci 0000:01:00.0: reg 0x10: [io  0x0000-0x00ff]
[    3.070725] pci 0000:01:00.0: reg 0x18: [mem 0x00000000-0x00000fff 64bit pref]
[    3.077945] pci 0000:01:00.0: reg 0x20: [mem 0x00000000-0x00003fff 64bit pref]
[    3.085225] pci 0000:01:00.0: supports D1 D2
[    3.089491] pci 0000:01:00.0: PME# supported from D0 D1 D2 D3hot D3cold
[    3.103467] PCI: bus1: Fast back to back transfers disabled
[    3.109038] pci_bus 0000:01: busn_res: [bus 01-ff] end is updated to 01
[    3.115707] pci 0000:00:01.0: BAR 9: assigned [mem 0x28000000-0x280fffff 64bit pref]
[    3.123443] pci 0000:00:01.0: BAR 7: assigned [io  0x1000-0x1fff]
[    3.129533] pci 0000:01:00.0: BAR 4: assigned [mem 0x28000000-0x28003fff 64bit pref]
[    3.137274] pci 0000:01:00.0: BAR 2: assigned [mem 0x28004000-0x28004fff 64bit pref]
[    3.145014] pci 0000:01:00.0: BAR 0: assigned [io  0x1000-0x10ff]
[    3.151101] pci 0000:00:01.0: PCI bridge to [bus 01]
[    3.156059] pci 0000:00:01.0:   bridge window [io  0x1000-0x1fff]
[    3.162144] pci 0000:00:01.0:   bridge window [mem 0x28000000-0x280fffff 64bit pref]
[    3.169890] pci 0000:00:01.0: nv_msi_ht_cap_quirk didn't locate host bridge
[    3.176940] pcieport 0000:00:01.0: enabling device (0140 -> 0143)
[    3.183170] pcieport 0000:00:01.0: Signaling PME through PCIe PME interrupt
[    3.190127] pci 0000:01:00.0: Signaling PME through PCIe PME interrupt
[    3.196646] pcie_pme 0000:00:01.0:pcie01: service driver pcie_pme loaded
[    3.203514] r8169 Gigabit Ethernet driver 2.3LK-NAPI loaded
[    3.209099] r8169 0000:01:00.0: enabling device (0140 -> 0143)
[    3.216203] r8169 0000:01:00.0 eth0: RTL8168evl/8111evl at 0xf09f2000, 02:04:4b:01:60:a6, XID 0c900800 IRQ 375
[    3.226202] r8169 0000:01:00.0 eth0: jumbo features [frames: 9200 bytes, tx checksumming: ko]
[    3.235635] +VDD_5V_HDMI: supplied by sys_3v3,vdd_3v3_alw
[    3.241128] vdd_1v8_gen: supplied by vdd_5v_in
[    3.248146] [drm] Supports vblank timestamp caching Rev 2 (21.10.2013).
[    3.254761] [drm] No driver support for vblank timestamp query.
[    3.260702] drm drm: No connectors reported connected with modes
[    3.266707] [drm] Cannot find any crtc or sizes - going 1024x768
[    3.293069] Console: switching to colour frame buffer device 128x48
[    3.306195] drm drm: fb0:  frame buffer device
[    3.323833] [drm] Initialized tegra 0.0.0 20120330 on minor 0
[    3.332481] usb3_vbus: supplied by vdd_5v_in
[    3.338975] utmi_phy_clk_enable: timeout waiting for phy to stabilize
[    3.345434] tegra-ehci 7d004000.usb: EHCI Host Controller
[    3.350842] tegra-ehci 7d004000.usb: new USB bus registered, assigned bus number 1
[    3.358472] ------------[ cut here ]------------
[    3.363091] WARNING: CPU: 1 PID: 79 at kernel/workqueue.c:2361 check_flush_dependency+0xc8/0x124()
[    3.372051] workqueue: WQ_MEM_RECLAIM deferwq:deferred_probe_work_func is flushing !WQ_MEM_RECLAIM events:lru_add_drain_per_cpu
[    3.383326] Modules linked in:
[    3.386555] CPU: 1 PID: 79 Comm: kworker/u8:1 Not tainted 4.5.0-rc3-67635-g388f7b1 #1
[    3.394363] Hardware name: NVIDIA Tegra SoC (Flattened Device Tree)
[    3.400615] Workqueue: deferwq deferred_probe_work_func
[    3.405862] [<c02188b0>] (unwind_backtrace) from [<c0213f90>] (show_stack+0x10/0x14)
[    3.413598] [<c0213f90>] (show_stack) from [<c0488438>] (dump_stack+0x84/0xa4)
[    3.420814] [<c0488438>] (dump_stack) from [<c024ab38>] (warn_slowpath_common+0x74/0xb0)
[    3.428888] [<c024ab38>] (warn_slowpath_common) from [<c024ac08>] (warn_slowpath_fmt+0x30/0x40)
[    3.437567] [<c024ac08>] (warn_slowpath_fmt) from [<c025dc44>] (check_flush_dependency+0xc8/0x124)
[    3.446506] [<c025dc44>] (check_flush_dependency) from [<c025dd58>] (flush_work+0x54/0x144)
[    3.454839] [<c025dd58>] (flush_work) from [<c02da2e0>] (lru_add_drain_all+0x124/0x180)
[    3.462829] [<c02da2e0>] (lru_add_drain_all) from [<c030bcfc>] (migrate_prep+0x8/0x10)
[    3.470729] [<c030bcfc>] (migrate_prep) from [<c02d52f8>] (alloc_contig_range+0xc4/0x2f8)
[    3.478889] [<c02d52f8>] (alloc_contig_range) from [<c030d628>] (cma_alloc+0xd8/0x1a0)
[    3.486789] [<c030d628>] (cma_alloc) from [<c021e39c>] (__alloc_from_contiguous+0x38/0xdc)
[    3.495041] [<c021e39c>] (__alloc_from_contiguous) from [<c021ff8c>] (__dma_alloc+0x21c/0x250)
[    3.503635] [<c021ff8c>] (__dma_alloc) from [<c0220044>] (arm_dma_alloc+0x48/0x54)
[    3.511194] [<c0220044>] (arm_dma_alloc) from [<c030624c>] (dma_pool_alloc+0x1dc/0x210)
[    3.519193] [<c030624c>] (dma_pool_alloc) from [<c07c6c04>] (ehci_qh_alloc+0x3c/0xb4)
[    3.527009] [<c07c6c04>] (ehci_qh_alloc) from [<c07cb1fc>] (ehci_setup+0x154/0x478)
[    3.534650] [<c07cb1fc>] (ehci_setup) from [<c07d12b4>] (tegra_ehci_reset+0xc/0x50)
[    3.542296] [<c07d12b4>] (tegra_ehci_reset) from [<c07a1640>] (usb_add_hcd+0x300/0x830)
[    3.550281] [<c07a1640>] (usb_add_hcd) from [<c07d0c2c>] (tegra_ehci_probe+0x3b8/0x504)
[    3.558272] [<c07d0c2c>] (tegra_ehci_probe) from [<c0658c14>] (platform_drv_probe+0x50/0xb0)
[    3.566693] [<c0658c14>] (platform_drv_probe) from [<c0657580>] (driver_probe_device+0x1f4/0x2b0)
[    3.575545] [<c0657580>] (driver_probe_device) from [<c0655b10>] (bus_for_each_drv+0x44/0x8c)
[    3.584051] [<c0655b10>] (bus_for_each_drv) from [<c0657304>] (__device_attach+0x9c/0x100)
[    3.592295] [<c0657304>] (__device_attach) from [<c0656990>] (bus_probe_device+0x84/0x8c)
[    3.600454] [<c0656990>] (bus_probe_device) from [<c0656dc4>] (deferred_probe_work_func+0x60/0x8c)
[    3.609393] [<c0656dc4>] (deferred_probe_work_func) from [<c025eba0>] (process_one_work+0x134/0x338)
[    3.618505] [<c025eba0>] (process_one_work) from [<c025ee08>] (worker_thread+0x2c/0x4f0)
[    3.626582] [<c025ee08>] (worker_thread) from [<c0263f94>] (kthread+0xd8/0xf4)
[    3.633790] [<c0263f94>] (kthread) from [<c0210e78>] (ret_from_fork+0x14/0x3c)
[    3.640993] ---[ end trace a6af994e2de28acc ]---
[    3.646259] tegra-ehci 7d004000.usb: irq 343, io mem 0x7d004000
[    3.658838] tegra-ehci 7d004000.usb: USB 2.0 started, EHCI 1.00
[    3.665268] hub 1-0:1.0: USB hub found
[    3.669051] hub 1-0:1.0: 1 port detected
[    3.674039] tegra-ehci 7d008000.usb: EHCI Host Controller
[    3.679452] tegra-ehci 7d008000.usb: new USB bus registered, assigned bus number 2
[    3.687203] tegra-ehci 7d008000.usb: irq 344, io mem 0x7d008000
[    3.698833] tegra-ehci 7d008000.usb: USB 2.0 started, EHCI 1.00
[    3.705185] hub 2-0:1.0: USB hub found
[    3.708954] hub 2-0:1.0: 1 port detected
[    3.717736] tps65910-rtc tps65910-rtc: setting system clock to 2000-01-01 00:00:02 UTC (946684802)
[    3.731639] vdd_sata,avdd_plle: disabling
[    3.736440] usb1_vbus: disabling
[    3.741681] EXT4-fs (mmcblk0p1): mounting ext3 file system using the ext4 subsystem
[    3.793271] EXT4-fs (mmcblk0p1): warning: mounting fs with errors, running e2fsck is recommended
[    3.803511] EXT4-fs (mmcblk0p1): recovery complete
[    3.809475] EXT4-fs (mmcblk0p1): mounted filesystem with ordered data mode. Opts: (null)
[    3.817589] VFS: Mounted root (ext3 filesystem) on device 179:1.
[    3.825445] devtmpfs: mounted
[    3.829427] Freeing unused kernel memory: 1100K (c0e47000 - c0f5a000)
bash: cannot set terminal process group (-1): Inappropriate ioctl for device
bash: no job control in this shell
root@(none):/# [    4.018465] usb 2-1: new high-speed USB device number 2 using tegra-ehci
