
U-Boot SPL 2014.01-00219-gc4d376f (Feb 18 2014 - 19:57:32)


U-Boot 2014.01-00219-gc4d376f (Feb 18 2014 - 19:57:32)

TEGRA114
Board: NVIDIA Dalmore
I2C:   ready
DRAM:  2 GiB
MMC:   Tegra SD/MMC: 0, Tegra SD/MMC: 1
In:    serial
Out:   serial
Err:   serial
Net:   Net Initialization Skipped
No ethernet found.
Hit any key to stop autoboot:  2  0 
Tegra114 (Dalmore) # 
Tegra114 (Dalmore) # usb reset
(Re)start USB...
USB0:   USB EHCI 1.10
scanning bus 0 for devices... 2 USB Device(s) found
       scanning usb for storage devices... 0 Storage Device(s) found
       scanning usb for ethernet devices... 
Warning: asx0 using MAC address from net device
1 Ethernet Device(s) found
Tegra114 (Dalmore) # setenv bootargs 'ignore_loglevel console=ttyS0,115200n8 rw root=PARTUUID=7369c667-ff51-ec4a-29cd-baabf2fbe346 rootwait gpt debug earlyprintk init=/bin/bash'
Tegra114 (Dalmore) # setenv ipaddr 192.168.100.100; setenv serverip 192.168.100.1; setenv tftpserverip 192.168.100.1
Tegra114 (Dalmore) # tftpboot 0x81000000 zImage.multi_v7_defconfig
Using asx0 device
TFTP from server 192.168.100.1; our IP address is 192.168.100.100
Filename 'zImage.multi_v7_defconfig'.
Load address: 0x81000000
Loading: *#################################################################
	 #################################################################
	 #################################################################
	 #################################################################
	 #################################################################
	 #################################################################
	 #################################################################
	 ###########################################################
	 3.2 MiB/s
done
Bytes transferred = 7534672 (72f850 hex)
Tegra114 (Dalmore) # tftpboot 0x82000000 tegra114-dalmore.dtb
Using asx0 device
TFTP from server 192.168.100.1; our IP address is 192.168.100.100
Filename 'tegra114-dalmore.dtb'.
Load address: 0x82000000
Loading: *###
	 2.6 MiB/s
done
Bytes transferred = 35044 (88e4 hex)
Tegra114 (Dalmore) # bootz 0x81000000 - 0x82000000
Kernel image @ 0x81000000 [ 0x000000 - 0x72f850 ]
## Flattened Device Tree blob at 82000000
   Booting using the fdt blob at 0x82000000
   Loading Device Tree to 8fff4000, end 8ffff8e3 ... OK

Starting kernel ...

[    0.000000] Booting Linux on physical CPU 0x0
[    0.000000] Linux version 4.11.0-rc4-156165-gc02ed2e (jonathanh@sellafield) (gcc version 4.7.3 20130328 (prerelease) (crosstool-NG linaro-1.13.1-4.7-2013.04-20130415 - Linaro GCC 2013.04) ) #1 SMP Sun Mar 26 14:35:27 PDT 2017
[    0.000000] CPU: ARMv7 Processor [412fc0f2] revision 2 (ARMv7), cr=10c5387d
[    0.000000] CPU: div instructions available: patching division code
[    0.000000] CPU: PIPT / VIPT nonaliasing data cache, PIPT instruction cache
[    0.000000] OF: fdt: Machine model: NVIDIA Tegra114 Dalmore evaluation board
[    0.000000] debug: ignoring loglevel setting.
[    0.000000] efi: Getting EFI parameters from FDT:
[    0.000000] efi: UEFI not found.
[    0.000000] cma: Reserved 64 MiB at 0xfb800000
[    0.000000] Memory policy: Data cache writealloc
[    0.000000] On node 0 totalpages: 524032
[    0.000000] free_area_init_node: node 0, pgdat c15381c0, node_mem_map eeff8000
[    0.000000]   DMA zone: 1536 pages used for memmap
[    0.000000]   DMA zone: 0 pages reserved
[    0.000000]   DMA zone: 196608 pages, LIFO batch:31
[    0.000000]   HighMem zone: 327424 pages, LIFO batch:31
[    0.000000] percpu: Embedded 16 pages/cpu @eef9c000 s34432 r8192 d22912 u65536
[    0.000000] pcpu-alloc: s34432 r8192 d22912 u65536 alloc=16*4096
[    0.000000] pcpu-alloc: [0] 0 [0] 1 [0] 2 [0] 3 
[    0.000000] Built 1 zonelists in Zone order, mobility grouping on.  Total pages: 522496
[    0.000000] Kernel command line: ignore_loglevel console=ttyS0,115200n8 rw root=PARTUUID=7369c667-ff51-ec4a-29cd-baabf2fbe346 rootwait gpt debug earlyprintk init=/bin/bash
[    0.000000] PID hash table entries: 4096 (order: 2, 16384 bytes)
[    0.000000] Dentry cache hash table entries: 131072 (order: 7, 524288 bytes)
[    0.000000] Inode-cache hash table entries: 65536 (order: 6, 262144 bytes)
[    0.000000] Memory: 1993772K/2096128K available (10240K kernel code, 1254K rwdata, 4212K rodata, 2048K init, 536K bss, 36820K reserved, 65536K cma-reserved, 1244160K highmem)
[    0.000000] Virtual kernel memory layout:
[    0.000000]     vector  : 0xffff0000 - 0xffff1000   (   4 kB)
[    0.000000]     fixmap  : 0xffc00000 - 0xfff00000   (3072 kB)
[    0.000000]     vmalloc : 0xf0800000 - 0xff800000   ( 240 MB)
[    0.000000]     lowmem  : 0xc0000000 - 0xf0000000   ( 768 MB)
[    0.000000]     pkmap   : 0xbfe00000 - 0xc0000000   (   2 MB)
[    0.000000]     modules : 0xbf000000 - 0xbfe00000   (  14 MB)
[    0.000000]       .text : 0xc0208000 - 0xc0d00000   (11232 kB)
[    0.000000]       .init : 0xc1200000 - 0xc1400000   (2048 kB)
[    0.000000]       .data : 0xc1400000 - 0xc1539ae0   (1255 kB)
[    0.000000]        .bss : 0xc153b000 - 0xc15c12b8   ( 537 kB)
[    0.000000] SLUB: HWalign=64, Order=0-3, MinObjects=0, CPUs=4, Nodes=1
[    0.000000] Hierarchical RCU implementation.
[    0.000000] 	RCU debugfs-based tracing is enabled.
[    0.000000] 	Build-time adjustment of leaf fanout to 32.
[    0.000000] 	RCU restricting CPUs from NR_CPUS=16 to nr_cpu_ids=4.
[    0.000000] RCU: Adjusting geometry for rcu_fanout_leaf=32, nr_cpu_ids=4
[    0.000000] NR_IRQS:16 nr_irqs:16 16
[    0.000000] /interrupt-controller@60004000: 160 interrupts forwarded to /interrupt-controller@50041000
[    0.000000] Tegra clk 127: register failed with -17
[    0.000008] sched_clock: 32 bits at 1000kHz, resolution 1000ns, wraps every 2147483647500ns
[    0.000028] clocksource: timer_us: mask: 0xffffffff max_cycles: 0xffffffff, max_idle_ns: 1911260446275 ns
[    0.000043] Switching to timer-based delay loop, resolution 1000ns
[    0.003283] arm_arch_timer: Architected cp15 timer(s) running at 12.00MHz (virt).
[    0.003303] clocksource: arch_sys_counter: mask: 0xffffffffffffff max_cycles: 0x2c47f4ee7, max_idle_ns: 440795202497 ns
[    0.003322] sched_clock: 56 bits at 12MHz, resolution 83ns, wraps every 4398046511096ns
[    0.003337] Switching to timer-based delay loop, resolution 83ns
[    0.003745] Console: colour dummy device 80x30
[    0.003777] Calibrating delay loop (skipped), value calculated using timer frequency.. 24.00 BogoMIPS (lpj=120000)
[    0.003796] pid_max: default: 32768 minimum: 301
[    0.003905] Mount-cache hash table entries: 2048 (order: 1, 8192 bytes)
[    0.003918] Mountpoint-cache hash table entries: 2048 (order: 1, 8192 bytes)
[    0.004407] CPU: Testing write buffer coherency: ok
[    0.004646] /cpus/cpu@0 missing clock-frequency property
[    0.004678] /cpus/cpu@1 missing clock-frequency property
[    0.004708] /cpus/cpu@2 missing clock-frequency property
[    0.004740] /cpus/cpu@3 missing clock-frequency property
[    0.004755] CPU0: thread -1, cpu 0, socket 0, mpidr 80000000
[    0.004963] Setting up static identity map for 0x80300000 - 0x80300098
[    0.007527] Tegra Revision: A01 SKU: 0 CPU Process: 1 SoC Process: 0
[    0.008073] EFI services will not be available.
[    0.008325] smp: Bringing up secondary CPUs ...
[    0.008858] CPU1: thread -1, cpu 1, socket 0, mpidr 80000001
[    0.009472] CPU2: thread -1, cpu 2, socket 0, mpidr 80000002
[    0.010071] CPU3: thread -1, cpu 3, socket 0, mpidr 80000003
[    0.010157] smp: Brought up 1 node, 4 CPUs
[    0.010181] SMP: Total of 4 processors activated (96.00 BogoMIPS).
[    0.010190] CPU: All CPU(s) started in SVC mode.
[    0.011679] devtmpfs: initialized
[    0.020322] VFP support v0.3: implementor 41 architecture 4 part 30 variant f rev 0
[    0.020658] clocksource: jiffies: mask: 0xffffffff max_cycles: 0xffffffff, max_idle_ns: 19112604462750000 ns
[    0.020679] futex hash table entries: 1024 (order: 4, 65536 bytes)
[    0.022095] pinctrl core: initialized pinctrl subsystem
[    0.023850] NET: Registered protocol family 16
[    0.026036] DMA: preallocated 256 KiB pool for atomic coherent allocations
[    0.028210] cpuidle: using governor menu
[    0.051225] No ATAGs?
[    0.051356] hw-breakpoint: found 5 (+1 reserved) breakpoint and 4 watchpoint registers.
[    0.051372] hw-breakpoint: maximum watchpoint size is 8 bytes.
[    0.056364] Serial: AMBA PL011 UART driver
[    0.057081] tegra-mc 70019000.memory-controller: no memory timings for RAM code 3 registered
[    0.071670] dvdd_ts: Failed to request enable GPIO61: -517
[    0.071689] reg-fixed-voltage regulators:regulator@1: Failed to register regulator: -517
[    0.071784] usb1_vbus: Failed to request enable GPIO108: -517
[    0.071799] reg-fixed-voltage regulators:regulator@3: Failed to register regulator: -517
[    0.071890] usb2_vbus: Failed to request enable GPIO86: -517
[    0.071905] reg-fixed-voltage regulators:regulator@4: Failed to register regulator: -517
[    0.072291] VDD_5V0_HDMI_CON: Failed to request enable GPIO81: -517
[    0.072306] reg-fixed-voltage regulators:regulator@7: Failed to register regulator: -517
[    0.074918] vgaarb: loaded
[    0.075649] SCSI subsystem initialized
[    0.075819] libata version 3.00 loaded.
[    0.076040] usbcore: registered new interface driver usbfs
[    0.076093] usbcore: registered new interface driver hub
[    0.076165] usbcore: registered new device driver usb
[    0.079301] tps65090 2-0048: No cache defaults, reading back from HW
[    0.081175] TPS65090_RAILSDCDC1: supplied by vdd_ac_bat
[    0.082232] TPS65090_RAILSDCDC2: supplied by vdd_ac_bat
[    0.083304] TPS65090_RAILSDCDC3: supplied by vdd_ac_bat
[    0.083823] TPS65090_RAILSFET1: supplied by vdd_ac_bat
[    0.084191] TPS65090_RAILSFET2: supplied by vdd_ac_bat
[    0.084552] TPS65090_RAILSFET3: supplied by vdd-sys-3v3
[    0.085070] TPS65090_RAILSFET4: supplied by vdd-sys-3v3
[    0.085604] TPS65090_RAILSFET5: supplied by vdd-sys-3v3
[    0.086116] TPS65090_RAILSFET6: supplied by vdd-sys-3v3
[    0.086954] TPS65090_RAILSFET7: supplied by vdd-sys-3v3
[    0.087485] TPS65090_RAILSLDO1: supplied by vdd_ac_bat
[    0.087686] TPS65090_RAILSLDO2: supplied by vdd_ac_bat
[    0.088578] palmas 2-0058: Irq flag is 0x00000004
[    0.090542] palmas 2-0058: Muxing GPIO ff, PWM 0, LED 0
[    0.092981] SMPS12: supplied by vdd-ao
[    0.094000] vdd_hdmi_5v0: supplied by vdd-sys-5v0
[    0.094813] SMPS3: supplied by vdd-ao
[    0.096550] SMPS457: supplied by vdd-sys-3v3
[    0.099410] SMPS8: supplied by vdd-sys-3v3
[    0.100558] random: fast init done
[    0.101030] SMPS9: supplied by vdd-sys-3v3
[    0.101554] sdhci-vdd-sd-slot: Bringing 2840000uV into 2800000-2800000uV
[    0.104343] LDO1: supplied by vdd-sys-3v3
[    0.105514] LDO2: supplied by vdd-sys-3v3
[    0.106691] LDO3: supplied by vddio-1v8
[    0.107862] LDO4: supplied by vdd-sys-3v3
[    0.109042] LDO5: supplied by vdd_ac_bat
[    0.109781] LDO6: supplied by vdd-sys-3v3
[    0.110292] vdd-sensor-2v85: Bringing 2900000uV into 2850000-2850000uV
[    0.111698] LDO7: supplied by vdd-sys-3v3
[    0.113414] LDO8: supplied by vdd-ao
[    0.113930] vdd-rtc: Bringing 675000uV into 900000-900000uV
[    0.123964] LDO9: supplied by sdhci-vdd-sd-slot
[    0.134294] LDOLN: supplied by vdd-sys-5v0
[    0.135495] LDOUSB: supplied by vdd-sys-5v0
[    0.146948] pps_core: LinuxPPS API ver. 1 registered
[    0.146960] pps_core: Software ver. 5.3.6 - Copyright 2005-2007 Rodolfo Giometti <giometti@linux.it>
[    0.146987] PTP clock support registered
[    0.147171] EDAC MC: Ver: 3.0.0
[    0.149296] clocksource: Switched to clocksource arch_sys_counter
[    0.158293] NET: Registered protocol family 2
[    0.158800] TCP established hash table entries: 8192 (order: 3, 32768 bytes)
[    0.158900] TCP bind hash table entries: 8192 (order: 4, 65536 bytes)
[    0.159088] TCP: Hash tables configured (established 8192 bind 8192)
[    0.159174] UDP hash table entries: 512 (order: 2, 16384 bytes)
[    0.159219] UDP-Lite hash table entries: 512 (order: 2, 16384 bytes)
[    0.159401] NET: Registered protocol family 1
[    0.159711] RPC: Registered named UNIX socket transport module.
[    0.159722] RPC: Registered udp transport module.
[    0.159731] RPC: Registered tcp transport module.
[    0.159741] RPC: Registered tcp NFSv4.1 backchannel transport module.
[    0.159755] PCI: CLS 0 bytes, default 64
[    0.162157] workingset: timestamp_bits=30 max_order=19 bucket_order=0
[    0.170510] squashfs: version 4.0 (2009/01/31) Phillip Lougher
[    0.171220] NFS: Registering the id_resolver key type
[    0.171251] Key type id_resolver registered
[    0.171262] Key type id_legacy registered
[    0.171304] ntfs: driver 2.1.32 [Flags: R/O].
[    0.172884] bounce: pool size: 64 pages
[    0.172929] Block layer SCSI generic (bsg) driver version 0.4 loaded (major 248)
[    0.172941] io scheduler noop registered
[    0.172952] io scheduler deadline registered
[    0.173116] io scheduler cfq registered (default)
[    0.173127] io scheduler mq-deadline registered
[    0.202344] tegra-apbdma 6000a000.dma: Tegra20 APB DMA driver register 32 channels
[    0.204129] tegra-pmc 7000e400.pmc: i2c-thermtrip node not found, emergency thermal reset disabled.
[    0.260938] Serial: 8250/16550 driver, 4 ports, IRQ sharing disabled
[    0.263527] console [ttyS0] disabled
[    0.263568] 70006300.serial: ttyS0 at MMIO 0x70006300 (irq = 329, base_baud = 25500000) is a Tegra
[    1.244750] console [ttyS0] enabled
[    1.248955] SuperH (H)SCI(F) driver initialized
[    1.254368] msm_serial: driver initialized
[    1.258622] STMicroelectronics ASC driver initialized
[    1.270023] tegra-hdmi 54280000.hdmi: failed to get HDMI regulator
[    1.293770] brd: module loaded
[    1.304185] loop: module loaded
[    1.323431] m25p80 spi32766.0: w25q32dw (4096 Kbytes)
[    1.331388] libphy: Fixed MDIO Bus: probed
[    1.336537] CAN device driver interface
[    1.341232] bgmac_bcma: Broadcom 47xx GBit MAC driver loaded
[    1.348044] e1000e: Intel(R) PRO/1000 Network Driver - 3.2.6-k
[    1.353883] e1000e: Copyright(c) 1999 - 2015 Intel Corporation.
[    1.359863] igb: Intel(R) Gigabit Ethernet Network Driver - version 5.4.0-k
[    1.366813] igb: Copyright (c) 2007-2014 Intel Corporation.
[    1.375475] pegasus: v0.9.3 (2013/04/25), Pegasus/Pegasus II USB Ethernet driver
[    1.382930] usbcore: registered new interface driver pegasus
[    1.388625] usbcore: registered new interface driver asix
[    1.394063] usbcore: registered new interface driver ax88179_178a
[    1.400199] usbcore: registered new interface driver cdc_ether
[    1.406075] usbcore: registered new interface driver smsc75xx
[    1.411875] usbcore: registered new interface driver smsc95xx
[    1.417644] usbcore: registered new interface driver net1080
[    1.423348] usbcore: registered new interface driver cdc_subset
[    1.429308] usbcore: registered new interface driver zaurus
[    1.434925] usbcore: registered new interface driver cdc_ncm
[    1.442408] ehci_hcd: USB 2.0 'Enhanced' Host Controller (EHCI) Driver
[    1.448926] ehci-pci: EHCI PCI platform driver
[    1.453419] ehci-platform: EHCI generic platform driver
[    1.458820] ehci-orion: EHCI orion driver
[    1.462962] SPEAr-ehci: EHCI SPEAr driver
[    1.467091] ehci-st: EHCI STMicroelectronics driver
[    1.472102] ehci-exynos: EHCI EXYNOS driver
[    1.476418] ehci-atmel: EHCI Atmel driver
[    1.480562] tegra-ehci: Tegra EHCI driver
[    1.484850] ohci_hcd: USB 1.1 'Open' Host Controller (OHCI) Driver
[    1.491048] ohci-pci: OHCI PCI platform driver
[    1.495528] ohci-platform: OHCI generic platform driver
[    1.500910] ohci-omap3: OHCI OMAP3 driver
[    1.505033] SPEAr-ohci: OHCI SPEAr driver
[    1.509163] ohci-st: OHCI STMicroelectronics driver
[    1.514175] ohci-atmel: OHCI Atmel driver
[    1.518841] usbcore: registered new interface driver usb-storage
[    1.530230] palmas-rtc 7000d000.i2c:tps65913@58:rtc: rtc core: registered 7000d000.i2c:tps659 as rtc0
[    1.541317] tegra_rtc 7000e000.rtc: rtc core: registered 7000e000.rtc as rtc1
[    1.548476] tegra_rtc 7000e000.rtc: Tegra internal Real Time Clock
[    1.555150] i2c /dev entries driver
[    1.564794] sbs-battery 0-000b: sbs_probe: Failed to get device status
[    1.571350] sbs-battery: probe of 0-000b failed with error -121
[    1.587187] sdhci: Secure Digital Host Controller Interface driver
[    1.593392] sdhci: Copyright(c) Pierre Ossman
[    1.599122] Synopsys Designware Multimedia Card Interface Driver
[    1.606132] sdhci-pltfm: SDHCI platform and OF driver helper
[    1.612464] sdhci-tegra 78000400.sdhci: Got CD GPIO
[    1.617352] sdhci-tegra 78000400.sdhci: Got WP GPIO
[    1.623461] mmc0: Invalid maximum block size, assuming 512 bytes
[    1.689424] mmc0: SDHCI controller on 78000400.sdhci [78000400.sdhci] using ADMA
[    1.697098] mmc1: Invalid maximum block size, assuming 512 bytes
[    1.759314] mmc1: SDHCI controller on 78000600.sdhci [78000600.sdhci] using ADMA
[    1.768419] ledtrig-cpu: registered to indicate activity on CPUs
[    1.776764] usbcore: registered new interface driver usbhid
[    1.784377] usbhid: USB HID core driver
[    1.794076] NET: Registered protocol family 10
[    1.805405] Segment Routing with IPv6
[    1.811176] sit: IPv6, IPv4 and MPLS over IPv4 tunneling driver
[    1.817702] NET: Registered protocol family 17
[    1.822169] can: controller area network core (rev 20120528 abi 9)
[    1.828524] NET: Registered protocol family 29
[    1.832995] can: raw protocol (rev 20120528)
[    1.837261] can: broadcast manager protocol (rev 20161123 t)
[    1.842932] can: netlink gateway (rev 20130117) max_hops=1
[    1.848720] Key type dns_resolver registered
[    1.853564] ThumbEE CPU extension supported.
[    1.857835] Registering SWP/SWPB emulation handler
[    1.883245] mmc0: new high speed SDHC card at address aaaa
[    1.884106] usb1_vbus: supplied by vdd-sys-5v0
[    1.884993] usb2_vbus: supplied by vdd-sys-5v0
[    1.886875] VDD_5V0_HDMI_CON: supplied by vdd-sys-5v0
[    1.903341] mmcblk0: mmc0:aaaa SL16G 14.8 GiB 
[    1.905317] [drm] Supports vblank timestamp caching Rev 2 (21.10.2013).
[    1.905322] [drm] No driver support for vblank timestamp query.
[    1.941241] mmc1: new high speed MMC card at address 0001
[    1.942562] mmcblk1: mmc1:0001 SEM32G 29.1 GiB 
[    1.943623]  mmcblk0: p1 p2 p3
[    1.943833] mmcblk1boot0: mmc1:0001 SEM32G partition 1 4.00 MiB
[    1.944884] mmcblk1boot1: mmc1:0001 SEM32G partition 2 4.00 MiB
[    1.946042] mmcblk1rpmb: mmc1:0001 SEM32G partition 3 4.00 MiB
[    1.950498]  mmcblk1: p1 p2 p3 p4 p5 p6 p7 p8
[    2.001324] Console: switching to colour frame buffer device 240x75
[    2.076037] drm drm: fb0:  frame buffer device
[    2.080641] [drm] Initialized tegra 0.0.0 20120330 for drm on minor 0
[    2.092987] tegra-ehci 7d008000.usb: EHCI Host Controller
[    2.098432] tegra-ehci 7d008000.usb: new USB bus registered, assigned bus number 1
[    2.106265] tegra-ehci 7d008000.usb: irq 339, io mem 0x7d008000
[    2.139419] tegra-ehci 7d008000.usb: USB 2.0 started, EHCI 1.10
[    2.146527] hub 1-0:1.0: USB hub found
[    2.150420] hub 1-0:1.0: 1 port detected
[    2.156023] input: gpio-keys as /devices/soc0/gpio-keys/input/input0
[    2.164646] palmas-rtc 7000d000.i2c:tps65913@58:rtc: setting system clock to 2001-01-18 09:12:16 UTC (979809136)
[    2.178955] dvdd_ts: disabling
[    2.182100] usb1_vbus: disabling
[    2.185343] vdd_cam_1v8_reg: disabling
[    2.190632] EXT4-fs (mmcblk1p1): mounting ext3 file system using the ext4 subsystem
[    2.212004] EXT4-fs (mmcblk1p1): recovery complete
[    2.216822] EXT4-fs (mmcblk1p1): mounted filesystem with ordered data mode. Opts: (null)
[    2.224999] VFS: Mounted root (ext3 filesystem) on device 179:17.
[    2.235707] devtmpfs: mounted
[    2.240468] Freeing unused kernel memory: 2048K
bash: cannot set terminal process group (-1): Inappropriate ioctl for device
bash: no job control in this shell
root@(none):/# [    2.519428] usb 1-1: new high-speed USB device number 2 using tegra-ehci
[    3.191913] asix 1-1:1.0 eth0: register 'asix' at usb-7d008000.usb-1, ASIX AX88772 USB 2.0 Ethernet, 00:50:b6:0d:b5:16
mount -t sysfs none /sys
root@(none):/# 
root@(none):/# mount -t debugfs none /sys/kernel/debug
root@(none):/# 
root@(none):/# rtcwake -d rtc1 -m mem -s 3
rtcwake: assuming RTC uses UTC ...
rtcwake: wakeup from "mem" using /dev/rtc1 at Thu Jan  1 00:00:20 1970
[    5.450969] PM: Syncing filesystems ... done.
[    5.483260] Freezing user space processes ... (elapsed 0.001 seconds) done.
[    5.491605] Freezing remaining freezable tasks ... (elapsed 0.001 seconds) done.
[    5.500457] Suspending console(s) (use no_console_suspend to debug)
[    5.561681] PM: suspend of devices complete after 53.675 msecs
[    5.564828] PM: late suspend of devices complete after 3.130 msecs
[    5.567319] PM: noirq suspend of devices complete after 2.479 msecs
[    5.567324] Disabling non-boot CPUs ...
[    5.567815] IRQ17 no longer affine to CPU1
[    5.713762] Entering suspend state LP1
[    5.713762] Suspended for 7.825 seconds
[    5.713781] Enabling non-boot CPUs ...
[    5.743162] CPU1 is up
[    5.783331] CPU2 is up
[    5.823979] CPU3 is up
[    5.825173] PM: noirq resume of devices complete after 1.181 msecs
[    5.827509] PM: early resume of devices complete after 1.878 msecs
[    6.416377] PM: resume of devices complete after 588.850 msecs
[    6.480746] Restarting tasks ... done.
root@(none):/# 
root@(none):/# rtcwake -d rtc1 -m mem -s 3
rtcwake: assuming RTC uses UTC ...
rtcwake: wakeup from "mem" using /dev/rtc1 at Thu Jan  1 00:00:30 1970
[    7.650692] PM: Syncing filesystems ... done.
[    7.686960] Freezing user space processes ... (elapsed 0.001 seconds) done.
[    7.695316] Freezing remaining freezable tasks ... (elapsed 0.001 seconds) done.
[    7.704207] Suspending console(s) (use no_console_suspend to debug)
[    7.761501] PM: suspend of devices complete after 49.735 msecs
[    7.764161] PM: late suspend of devices complete after 2.649 msecs
[    7.766531] PM: noirq suspend of devices complete after 2.361 msecs
[    7.766536] Disabling non-boot CPUs ...
[    7.892857] Entering suspend state LP1
[    7.892857] Suspended for 8.404 seconds
[    7.892876] Enabling non-boot CPUs ...
[    7.923591] CPU1 is up
[    7.963301] CPU2 is up
[    8.003982] CPU3 is up
[    8.005137] PM: noirq resume of devices complete after 1.143 msecs
[    8.007871] PM: early resume of devices complete after 2.287 msecs
[    8.600685] PM: resume of devices complete after 592.796 msecs
[    8.660902] Restarting tasks ... done.
root@(none):/# 
root@(none):/# rtcwake -d rtc1 -m mem -s 3
rtcwake: assuming RTC uses UTC ...
rtcwake: wakeup from "mem" using /dev/rtc1 at Thu Jan  1 00:00:40 1970
[    9.243548] PM: Syncing filesystems ... done.
[    9.284414] Freezing user space processes ... (elapsed 0.001 seconds) done.
[    9.292786] Freezing remaining freezable tasks ... (elapsed 0.001 seconds) done.
[    9.301669] Suspending console(s) (use no_console_suspend to debug)
[    9.361555] PM: suspend of devices complete after 52.316 msecs
[    9.364718] PM: late suspend of devices complete after 3.146 msecs
[    9.367189] PM: noirq suspend of devices complete after 2.459 msecs
[    9.367194] Disabling non-boot CPUs ...
[    9.367693] IRQ17 no longer affine to CPU1
[    9.513614] Entering suspend state LP1
[    9.513614] Suspended for 7.796 seconds
[    9.513633] Enabling non-boot CPUs ...
[    9.543134] CPU1 is up
[    9.583261] CPU2 is up
[    9.623973] CPU3 is up
[    9.625129] PM: noirq resume of devices complete after 1.144 msecs
[    9.627873] PM: early resume of devices complete after 2.296 msecs
[   10.218679] PM: resume of devices complete after 590.788 msecs
[   10.282984] Restarting tasks ... done.
root@(none):/# 
root@(none):/# rtcwake -d rtc1 -m mem -s 3
rtcwake: assuming RTC uses UTC ...
rtcwake: wakeup from "mem" using /dev/rtc1 at Thu Jan  1 00:00:50 1970
[   11.410461] PM: Syncing filesystems ... done.
[   11.453561] Freezing user space processes ... (elapsed 0.001 seconds) done.
[   11.461924] Freezing remaining freezable tasks ... (elapsed 0.001 seconds) done.
[   11.470802] Suspending console(s) (use no_console_suspend to debug)
[   11.531445] PM: suspend of devices complete after 53.102 msecs
[   11.534322] PM: late suspend of devices complete after 2.861 msecs
[   11.536982] PM: noirq suspend of devices complete after 2.646 msecs
[   11.536988] Disabling non-boot CPUs ...
[   11.537487] IRQ17 no longer affine to CPU1
[   11.683515] Entering suspend state LP1
[   11.683515] Suspended for 8.413 seconds
[   11.683534] Enabling non-boot CPUs ...
[   11.713091] CPU1 is up
[   11.753212] CPU2 is up
[   11.793902] CPU3 is up
[   11.795051] PM: noirq resume of devices complete after 1.137 msecs
[   11.797625] PM: early resume of devices complete after 2.128 msecs
[   12.389262] PM: resume of devices complete after 591.619 msecs
[   12.453610] Restarting tasks ... done.
root@(none):/# 
root@(none):/# rtcwake -d rtc1 -m mem -s 3
rtcwake: assuming RTC uses UTC ...
rtcwake: wakeup from "mem" using /dev/rtc1 at Thu Jan  1 00:01:00 1970
[   13.045831] PM: Syncing filesystems ... done.
[   13.073216] Freezing user space processes ... (elapsed 0.001 seconds) done.
[   13.081574] Freezing remaining freezable tasks ... (elapsed 0.001 seconds) done.
[   13.090493] Suspending console(s) (use no_console_suspend to debug)
[   13.151190] PM: suspend of devices complete after 53.155 msecs
[   13.154242] PM: late suspend of devices complete after 3.034 msecs
[   13.156696] PM: noirq suspend of devices complete after 2.442 msecs
[   13.156701] Disabling non-boot CPUs ...
[   13.157200] IRQ17 no longer affine to CPU1
[   13.303005] Entering suspend state LP1
[   13.303005] Suspended for 7.797 seconds
[   13.303023] Enabling non-boot CPUs ...
[   13.333002] CPU1 is up
[   13.373147] CPU2 is up
[   13.413851] CPU3 is up
[   13.415005] PM: noirq resume of devices complete after 1.143 msecs
[   13.417801] PM: early resume of devices complete after 2.347 msecs
[   14.010025] PM: resume of devices complete after 592.204 msecs
[   14.074321] Restarting tasks ... done.
root@(none):/# 
root@(none):/# rtcwake -d rtc1 -m mem -s 3
rtcwake: assuming RTC uses UTC ...
rtcwake: wakeup from "mem" using /dev/rtc1 at Thu Jan  1 00:01:10 1970
[   15.233348] PM: Syncing filesystems ... done.
[   15.260927] Freezing user space processes ... (elapsed 0.001 seconds) done.
[   15.269284] Freezing remaining freezable tasks ... (elapsed 0.001 seconds) done.
[   15.278142] Suspending console(s) (use no_console_suspend to debug)
[   15.341379] PM: suspend of devices complete after 55.665 msecs
[   15.344586] PM: late suspend of devices complete after 3.190 msecs
[   15.347070] PM: noirq suspend of devices complete after 2.472 msecs
[   15.347075] Disabling non-boot CPUs ...
[   15.347568] IRQ17 no longer affine to CPU1
[   15.492930] Entering suspend state LP1
[   15.492930] Suspended for 8.393 seconds
[   15.492949] Enabling non-boot CPUs ...
[   15.522954] CPU1 is up
[   15.563170] CPU2 is up
[   15.603825] CPU3 is up
[   15.604974] PM: noirq resume of devices complete after 1.137 msecs
[   15.607771] PM: early resume of devices complete after 2.329 msecs
[   16.197442] PM: resume of devices complete after 589.654 msecs
[   16.261826] Restarting tasks ... done.
root@(none):/# 
root@(none):/# rtcwake -d rtc1 -m mem -s 3
rtcwake: assuming RTC uses UTC ...
rtcwake: wakeup from "mem" using /dev/rtc1 at Thu Jan  1 00:01:20 1970
[   16.841136] PM: Syncing filesystems ... done.
[   16.867734] Freezing user space processes ... (elapsed 0.001 seconds) done.
[   16.876147] Freezing remaining freezable tasks ... (elapsed 0.001 seconds) done.
[   16.885094] Suspending console(s) (use no_console_suspend to debug)
[   16.951356] PM: suspend of devices complete after 58.700 msecs
[   16.954510] PM: late suspend of devices complete after 3.138 msecs
[   16.956973] PM: noirq suspend of devices complete after 2.451 msecs
[   16.956978] Disabling non-boot CPUs ...
[   16.957472] IRQ17 no longer affine to CPU1
[   17.082715] Entering suspend state LP1
[   17.082715] Suspended for 7.827 seconds
[   17.082734] Enabling non-boot CPUs ...
[   17.113378] CPU1 is up
[   17.153063] CPU2 is up
[   17.193745] CPU3 is up
[   17.194924] PM: noirq resume of devices complete after 1.167 msecs
[   17.197477] PM: early resume of devices complete after 2.267 msecs
[   17.786819] PM: resume of devices complete after 589.323 msecs
[   17.851229] Restarting tasks ... done.
root@(none):/# 
root@(none):/# rtcwake -d rtc1 -m mem -s 3
rtcwake: assuming RTC uses UTC ...
rtcwake: wakeup from "mem" using /dev/rtc1 at Thu Jan  1 00:01:30 1970
[   19.013699] PM: Syncing filesystems ... done.
[   19.040514] Freezing user space processes ... (elapsed 0.001 seconds) done.
[   19.048841] Freezing remaining freezable tasks ... (elapsed 0.001 seconds) done.
[   19.057738] Suspending console(s) (use no_console_suspend to debug)
[   19.120752] PM: suspend of devices complete after 55.439 msecs
[   19.123630] PM: late suspend of devices complete after 2.861 msecs
[   19.126294] PM: noirq suspend of devices complete after 2.650 msecs
[   19.126300] Disabling non-boot CPUs ...
[   19.164396] IRQ17 no longer affine to CPU2
[   19.272818] Entering suspend state LP1
[   19.272818] Suspended for 8.393 seconds
[   19.272837] Enabling non-boot CPUs ...
[   19.302923] CPU1 is up
[   19.343023] CPU2 is up
[   19.383709] CPU3 is up
[   19.384862] PM: noirq resume of devices complete after 1.141 msecs
[   19.387327] PM: early resume of devices complete after 2.001 msecs
[   19.980523] PM: resume of devices complete after 593.178 msecs
[   20.044967] Restarting tasks ... done.
root@(none):/# 
root@(none):/# rtcwake -d rtc1 -m mem -s 3
rtcwake: assuming RTC uses UTC ...
rtcwake: wakeup from "mem" using /dev/rtc1 at Thu Jan  1 00:01:40 1970
[   20.623108] PM: Syncing filesystems ... done.
[   20.663666] Freezing user space processes ... (elapsed 0.001 seconds) done.
[   20.672034] Freezing remaining freezable tasks ... (elapsed 0.001 seconds) done.
[   20.680910] Suspending console(s) (use no_console_suspend to debug)
[   20.741209] PM: suspend of devices complete after 52.759 msecs
[   20.744356] PM: late suspend of devices complete after 3.129 msecs
[   20.746824] PM: noirq suspend of devices complete after 2.457 msecs
[   20.746830] Disabling non-boot CPUs ...
[   20.747326] IRQ17 no longer affine to CPU1
[   20.893305] Entering suspend state LP1
[   20.893305] Suspended for 7.796 seconds
[   20.893323] Enabling non-boot CPUs ...
[   20.922863] CPU1 is up
[   20.962993] CPU2 is up
[   21.003681] CPU3 is up
[   21.004888] PM: noirq resume of devices complete after 1.194 msecs
[   21.007377] PM: early resume of devices complete after 2.021 msecs
[   21.600382] PM: resume of devices complete after 592.987 msecs
[   21.664696] Restarting tasks ... done.
root@(none):/# 
root@(none):/# rtcwake -d rtc1 -m mem -s 3
rtcwake: assuming RTC uses UTC ...
rtcwake: wakeup from "mem" using /dev/rtc1 at Thu Jan  1 00:01:50 1970
[   22.833067] PM: Syncing filesystems ... done.
[   22.866975] Freezing user space processes ... (elapsed 0.001 seconds) done.
[   22.875348] Freezing remaining freezable tasks ... (elapsed 0.001 seconds) done.
[   22.884222] Suspending console(s) (use no_console_suspend to debug)
[   22.951159] PM: suspend of devices complete after 59.376 msecs
[   22.954267] PM: late suspend of devices complete after 3.091 msecs
[   22.956798] PM: noirq suspend of devices complete after 2.520 msecs
[   22.956804] Disabling non-boot CPUs ...
[   22.957298] IRQ17 no longer affine to CPU1
[   23.103265] Entering suspend state LP1
[   23.103265] Suspended for 8.373 seconds
[   23.103284] Enabling non-boot CPUs ...
[   23.132843] CPU1 is up
[   23.173011] CPU2 is up
[   23.213617] CPU3 is up
[   23.214790] PM: noirq resume of devices complete after 1.161 msecs
[   23.217550] PM: early resume of devices complete after 2.293 msecs
[   23.812819] PM: resume of devices complete after 595.251 msecs
[   23.877098] Restarting tasks ... done.
root@(none):/# 
root@(none):/# NVTB SYSTEM SUSPEND TEST COMPLETE
