
U-Boot SPL 2015.04-rc3-00209-ga74ef40 (Mar 16 2015 - 14:43:39)


U-Boot 2015.04-rc3-00209-ga74ef40 (Mar 16 2015 - 14:43:39)

TEGRA20
Model: Compulab TrimSlice board
DRAM:  1 GiB
MMC:   Tegra SD/MMC: 0, Tegra SD/MMC: 1
SF: Detected W25Q80BL with page size 256 Bytes, erase size 4 KiB, total 1 MiB
tegra-pcie: PCI regions:
tegra-pcie:   I/O: 0x82000000-0x82010000
tegra-pcie:   non-prefetchable memory: 0xa0000000-0xa8000000
tegra-pcie:   prefetchable memory: 0xa8000000-0xc0000000
tegra-pcie: dual-mode configuration
tegra-pcie: probing port 0, using 2 lanes
In:    serial
Out:   serial
Err:   serial
Net:   RTL8169#0
Hit any key to stop autoboot:  2  1  0 
Tegra20 (TrimSlice) # 
Tegra20 (TrimSlice) # usb reset
resetting USB...
USB0:   USB EHCI 1.00
scanning bus 0 for devices... 3 USB Device(s) found
USB1:   USB EHCI 1.00
scanning bus 1 for devices... 1 USB Device(s) found
USB2:   lowlevel init failed
       scanning usb for storage devices... 0 Storage Device(s) found
       scanning usb for ethernet devices... 
Warning: asx0 using MAC address from net device
1 Ethernet Device(s) found
Tegra20 (TrimSlice) # setenv bootargs 'ignore_loglevel console=ttyS0,115200n8 rw root=PARTUUID=11eb23c1-01 rootwait gpt debug noinitrd earlyprintk init=/bin/bash'
Tegra20 (TrimSlice) # setenv ipaddr 192.168.100.103; setenv serverip 192.168.100.1; setenv tftpserverip 192.168.100.1
Tegra20 (TrimSlice) # tftpboot 0x00408000 zImage.multi_v7_defconfig
Using RTL8169#0 device
TFTP from server 192.168.100.1; our IP address is 192.168.100.103
Filename 'zImage.multi_v7_defconfig'.
Load address: 0x408000
Loading: *#################################################################
	 #################################################################
	 #################################################################
	 #################################################################
	 #################################################################
	 #################################################################
	 #################################################################
	 ##################################################
	 4 MiB/s
done
Bytes transferred = 7403088 (70f650 hex)
Tegra20 (TrimSlice) # tftpboot 0x02408000 tegra20-trimslice.dtb
Using RTL8169#0 device
TFTP from server 192.168.100.1; our IP address is 192.168.100.103
Filename 'tegra20-trimslice.dtb'.
Load address: 0x2408000
Loading: *##
	 2.9 MiB/s
done
Bytes transferred = 21404 (539c hex)
Tegra20 (TrimSlice) # bootz 0x00408000 - 0x02408000
Kernel image @ 0x408000 [ 0x000000 - 0x70f650 ]
## Flattened Device Tree blob at 02408000
   Booting using the fdt blob at 0x2408000
   Using Device Tree in place at 02408000, end 0241039b

Starting kernel ...

[    0.000000] Booting Linux on physical CPU 0x0
[    0.000000] Linux version 4.10.0-rc2-141358-g0c744ea (pwalmsley@sellafield) (gcc version 4.7.3 20130328 (prerelease) (crosstool-NG linaro-1.13.1-4.7-2013.04-20130415 - Linaro GCC 2013.04) ) #1 SMP Sun Jan 1 15:05:44 PST 2017
[    0.000000] CPU: ARMv7 Processor [411fc090] revision 0 (ARMv7), cr=10c5387d
[    0.000000] CPU: PIPT / VIPT nonaliasing data cache, VIPT aliasing instruction cache
[    0.000000] OF: fdt:Machine model: Compulab TrimSlice board
[    0.000000] debug: ignoring loglevel setting.
[    0.000000] efi: Getting EFI parameters from FDT:
[    0.000000] efi: UEFI not found.
[    0.000000] cma: Reserved 64 MiB at 0x3c000000
[    0.000000] Memory policy: Data cache writealloc
[    0.000000] On node 0 totalpages: 262144
[    0.000000] free_area_init_node: node 0, pgdat c142b0c0, node_mem_map ef7f8000
[    0.000000]   DMA zone: 1536 pages used for memmap
[    0.000000]   DMA zone: 0 pages reserved
[    0.000000]   DMA zone: 196608 pages, LIFO batch:31
[    0.000000]   HighMem zone: 65536 pages, LIFO batch:15
[    0.000000] percpu: Embedded 14 pages/cpu @ef7ca000 s26688 r8192 d22464 u57344
[    0.000000] pcpu-alloc: s26688 r8192 d22464 u57344 alloc=14*4096
[    0.000000] pcpu-alloc: [0] 0 [0] 1 
[    0.000000] Built 1 zonelists in Zone order, mobility grouping on.  Total pages: 260608
[    0.000000] Kernel command line: ignore_loglevel console=ttyS0,115200n8 rw root=PARTUUID=11eb23c1-01 rootwait gpt debug noinitrd earlyprintk init=/bin/bash
[    0.000000] PID hash table entries: 4096 (order: 2, 16384 bytes)
[    0.000000] Dentry cache hash table entries: 131072 (order: 7, 524288 bytes)
[    0.000000] Inode-cache hash table entries: 65536 (order: 6, 262144 bytes)
[    0.000000] Memory: 955748K/1048576K available (9216K kernel code, 1202K rwdata, 4140K rodata, 2048K init, 472K bss, 27292K reserved, 65536K cma-reserved, 196608K highmem)
[    0.000000] Virtual kernel memory layout:
[    0.000000]     vector  : 0xffff0000 - 0xffff1000   (   4 kB)
[    0.000000]     fixmap  : 0xffc00000 - 0xfff00000   (3072 kB)
[    0.000000]     vmalloc : 0xf0800000 - 0xff800000   ( 240 MB)
[    0.000000]     lowmem  : 0xc0000000 - 0xf0000000   ( 768 MB)
[    0.000000]     pkmap   : 0xbfe00000 - 0xc0000000   (   2 MB)
[    0.000000]     modules : 0xbf000000 - 0xbfe00000   (  14 MB)
[    0.000000]       .text : 0xc0208000 - 0xc0c00000   (10208 kB)
[    0.000000]       .init : 0xc1100000 - 0xc1300000   (2048 kB)
[    0.000000]       .data : 0xc1300000 - 0xc142cbc0   (1203 kB)
[    0.000000]        .bss : 0xc142e000 - 0xc14a41d0   ( 473 kB)
[    0.000000] SLUB: HWalign=64, Order=0-3, MinObjects=0, CPUs=2, Nodes=1
[    0.000000] Hierarchical RCU implementation.
[    0.000000] 	Build-time adjustment of leaf fanout to 32.
[    0.000000] 	RCU restricting CPUs from NR_CPUS=16 to nr_cpu_ids=2.
[    0.000000] RCU: Adjusting geometry for rcu_fanout_leaf=32, nr_cpu_ids=2
[    0.000000] NR_IRQS:16 nr_irqs:16 16
[    0.000000] /interrupt-controller@60004000: 128 interrupts forwarded to /interrupt-controller@50041000
[    0.000000] L2C: platform modifies aux control register: 0x02080000 -> 0x3e480001
[    0.000000] L2C: DT/platform modifies aux control register: 0x02080000 -> 0x3e480001
[    0.000000] L2C-310 errata 727915 769419 enabled
[    0.000000] L2C-310 enabling early BRESP for Cortex-A9
[    0.000000] L2C-310: enabling full line of zeros but not enabled in Cortex-A9
[    0.000000] L2C-310 ID prefetch enabled, offset 1 lines
[    0.000000] L2C-310 cache controller enabled, 8 ways, 1024 kB
[    0.000000] L2C-310: CACHE_ID 0x410000c4, AUX_CTRL 0x7e480001
[    0.000009] sched_clock: 32 bits at 1000kHz, resolution 1000ns, wraps every 2147483647500ns
[    0.000024] clocksource: timer_us: mask: 0xffffffff max_cycles: 0xffffffff, max_idle_ns: 1911260446275 ns
[    0.000034] Switching to timer-based delay loop, resolution 1000ns
[    0.001599] Console: colour dummy device 80x30
[    0.001622] Calibrating delay loop (skipped), value calculated using timer frequency.. 2.00 BogoMIPS (lpj=5000)
[    0.001633] pid_max: default: 32768 minimum: 301
[    0.001719] Mount-cache hash table entries: 2048 (order: 1, 8192 bytes)
[    0.001728] Mountpoint-cache hash table entries: 2048 (order: 1, 8192 bytes)
[    0.002199] CPU: Testing write buffer coherency: ok
[    0.002401] CPU0: thread -1, cpu 0, socket 0, mpidr 80000000
[    0.002570] Setting up static identity map for 0x300000 - 0x300098
[    0.003942] Tegra Revision: A03 prime SKU: 8 CPU Process: 1 SoC Process: 2
[    0.004313] EFI services will not be available.
[    0.004468] smp: Bringing up secondary CPUs ...
[    0.005015] CPU1: thread -1, cpu 1, socket 0, mpidr 80000001
[    0.005075] smp: Brought up 1 node, 2 CPUs
[    0.005086] SMP: Total of 2 processors activated (4.00 BogoMIPS).
[    0.005092] CPU: All CPU(s) started in SVC mode.
[    0.005732] devtmpfs: initialized
[    0.010018] VFP support v0.3: implementor 41 architecture 3 part 30 variant 9 rev 1
[    0.010250] clocksource: jiffies: mask: 0xffffffff max_cycles: 0xffffffff, max_idle_ns: 9556302231375000 ns
[    0.013152] pinctrl core: initialized pinctrl subsystem
[    0.014360] NET: Registered protocol family 16
[    0.016314] DMA: preallocated 256 KiB pool for atomic coherent allocations
[    0.029923] cpuidle: using governor menu
[    0.047862] No ATAGs?
[    0.047929] hw-breakpoint: found 5 (+1 reserved) breakpoint and 1 watchpoint registers.
[    0.047939] hw-breakpoint: maximum watchpoint size is 4 bytes.
[    0.053207] Serial: AMBA PL011 UART driver
[    0.078291] usb1_vbus: Failed to request enable GPIO170: -517
[    0.078305] reg-fixed-voltage regulators:regulator@2: Failed to register regulator: -517
[    0.081876] vgaarb: loaded
[    0.082473] SCSI subsystem initialized
[    0.082593] libata version 3.00 loaded.
[    0.082794] usbcore: registered new interface driver usbfs
[    0.082846] usbcore: registered new interface driver hub
[    0.082886] usbcore: registered new device driver usb
[    0.084942] pps_core: LinuxPPS API ver. 1 registered
[    0.084949] pps_core: Software ver. 5.3.6 - Copyright 2005-2007 Rodolfo Giometti <giometti@linux.it>
[    0.084966] PTP clock support registered
[    0.085108] EDAC MC: Ver: 3.0.0
[    0.086990] clocksource: Switched to clocksource timer_us
[    0.094845] NET: Registered protocol family 2
[    0.095275] TCP established hash table entries: 8192 (order: 3, 32768 bytes)
[    0.095345] TCP bind hash table entries: 8192 (order: 4, 65536 bytes)
[    0.095458] TCP: Hash tables configured (established 8192 bind 8192)
[    0.095535] UDP hash table entries: 512 (order: 2, 16384 bytes)
[    0.095580] UDP-Lite hash table entries: 512 (order: 2, 16384 bytes)
[    0.095735] NET: Registered protocol family 1
[    0.095997] RPC: Registered named UNIX socket transport module.
[    0.096005] RPC: Registered udp transport module.
[    0.096010] RPC: Registered tcp transport module.
[    0.096015] RPC: Registered tcp NFSv4.1 backchannel transport module.
[    0.096023] PCI: CLS 0 bytes, default 64
[    0.096812] hw perfevents: enabled with armv7_cortex_a9 PMU driver, 7 counters available
[    0.097804] futex hash table entries: 512 (order: 3, 32768 bytes)
[    0.098356] workingset: timestamp_bits=30 max_order=18 bucket_order=0
[    0.105621] squashfs: version 4.0 (2009/01/31) Phillip Lougher
[    0.106185] NFS: Registering the id_resolver key type
[    0.106205] Key type id_resolver registered
[    0.106210] Key type id_legacy registered
[    0.106242] ntfs: driver 2.1.32 [Flags: R/O].
[    0.107399] bounce: pool size: 64 pages
[    0.107555] Block layer SCSI generic (bsg) driver version 0.4 loaded (major 248)
[    0.107564] io scheduler noop registered
[    0.107570] io scheduler deadline registered
[    0.107696] io scheduler cfq registered (default)
[    0.118798] tegra-pcie 80003000.pcie-controller: dual-mode configuration
[    0.119494] tegra-pcie 80003000.pcie-controller: probing port 0, using 2 lanes
[    0.203424] tegra-pcie 80003000.pcie-controller: PCI host bridge to bus 0000:00
[    0.203436] pci_bus 0000:00: root bus resource [io  0x0000-0xffff]
[    0.203445] pci_bus 0000:00: root bus resource [mem 0xa0000000-0xa7ffffff]
[    0.203452] pci_bus 0000:00: root bus resource [mem 0xa8000000-0xbfffffff pref]
[    0.203461] pci_bus 0000:00: root bus resource [bus 00-ff]
[    0.203488] pci 0000:00:01.0: [10de:0bf0] type 01 class 0x060000
[    0.203535] pci_bus 0000:00: 2-byte config write to 0000:00:01.0 offset 0x52 may corrupt adjacent RW1C bits
[    0.203560] pci 0000:00:01.0: PME# supported from D0 D1 D2 D3hot D3cold
[    0.203570] pci_bus 0000:00: 2-byte config write to 0000:00:01.0 offset 0x4c may corrupt adjacent RW1C bits
[    0.203774] pci_bus 0000:00: 2-byte config write to 0000:00:01.0 offset 0x3e may corrupt adjacent RW1C bits
[    0.203786] pci_bus 0000:00: 2-byte config write to 0000:00:01.0 offset 0x4 may corrupt adjacent RW1C bits
[    0.203795] pci_bus 0000:00: 1-byte config write to 0000:00:01.0 offset 0xc may corrupt adjacent RW1C bits
[    0.203802] PCI: bus0: Fast back to back transfers disabled
[    0.203811] pci 0000:00:01.0: bridge configuration invalid ([bus 00-00]), reconfiguring
[    0.203820] pci_bus 0000:00: 2-byte config write to 0000:00:01.0 offset 0x3e may corrupt adjacent RW1C bits
[    0.203830] pci_bus 0000:00: 2-byte config write to 0000:00:01.0 offset 0x3e may corrupt adjacent RW1C bits
[    0.203839] pci_bus 0000:00: 2-byte config write to 0000:00:01.0 offset 0x3e may corrupt adjacent RW1C bits
[    0.203849] pci_bus 0000:00: 2-byte config write to 0000:00:01.0 offset 0x6 may corrupt adjacent RW1C bits
[    0.203977] pci 0000:01:00.0: [10ec:8168] type 00 class 0x020000
[    0.204000] pci 0000:01:00.0: reg 0x10: [io  0x0000-0x00ff]
[    0.204024] pci 0000:01:00.0: reg 0x18: [mem 0x00000000-0x00000fff 64bit pref]
[    0.204041] pci 0000:01:00.0: reg 0x20: [mem 0x00000000-0x00003fff 64bit pref]
[    0.204054] pci 0000:01:00.0: reg 0x30: [mem 0x00000000-0x0001ffff pref]
[    0.204094] pci_bus 0000:01: 2-byte config write to 0000:01:00.0 offset 0x52 may corrupt adjacent RW1C bits
[    0.204144] pci 0000:01:00.0: supports D1 D2
[    0.204151] pci 0000:01:00.0: PME# supported from D0 D1 D2 D3hot D3cold
[    0.217027] PCI: bus1: Fast back to back transfers disabled
[    0.217039] pci_bus 0000:01: busn_res: [bus 01-ff] end is updated to 01
[    0.217051] Disabling cpuidle LP2 state, since PCIe IRQs are in use
[    0.217109] pci 0000:00:01.0: BAR 8: assigned [mem 0xa0000000-0xa00fffff]
[    0.217120] pci 0000:00:01.0: BAR 9: assigned [mem 0xa8000000-0xa80fffff 64bit pref]
[    0.217128] pci 0000:00:01.0: BAR 7: assigned [io  0x1000-0x1fff]
[    0.217140] pci 0000:01:00.0: BAR 6: assigned [mem 0xa0000000-0xa001ffff pref]
[    0.217149] pci 0000:01:00.0: BAR 4: assigned [mem 0xa8000000-0xa8003fff 64bit pref]
[    0.217168] pci 0000:01:00.0: BAR 2: assigned [mem 0xa8004000-0xa8004fff 64bit pref]
[    0.217185] pci 0000:01:00.0: BAR 0: assigned [io  0x1000-0x10ff]
[    0.217196] pci 0000:00:01.0: PCI bridge to [bus 01]
[    0.217204] pci 0000:00:01.0:   bridge window [io  0x1000-0x1fff]
[    0.217213] pci 0000:00:01.0:   bridge window [mem 0xa0000000-0xa00fffff]
[    0.217220] pci 0000:00:01.0:   bridge window [mem 0xa8000000-0xa80fffff 64bit pref]
[    0.217242] pci 0000:00:01.0: nv_msi_ht_cap_quirk didn't locate host bridge
[    0.217292] pcieport 0000:00:01.0: enabling device (0140 -> 0143)
[    0.217482] pcieport 0000:00:01.0: Signaling PME with IRQ 295
[    0.223300] tegra-apbdma 6000a000.dma: Tegra20 APB DMA driver register 16 channels
[    0.275473] Serial: 8250/16550 driver, 4 ports, IRQ sharing disabled
[    0.277800] console [ttyS0] disabled
[    0.277834] 70006000.serial: ttyS0 at MMIO 0x70006000 (irq = 279, base_baud = 13500000) is a Tegra
[    1.322898] console [ttyS0] enabled
[    1.326968] SuperH (H)SCI(F) driver initialized
[    1.332255] msm_serial: driver initialized
[    1.336469] STMicroelectronics ASC driver initialized
[    1.344198] [drm] Initialized
[    1.349469] 54280000.hdmi supply hdmi not found, using dummy regulator
[    1.358065] [drm] Supports vblank timestamp caching Rev 2 (21.10.2013).
[    1.364679] [drm] No driver support for vblank timestamp query.
[    1.370617] [drm] Cannot find any crtc or sizes - going 1024x768
[    1.392588] Console: switching to colour frame buffer device 128x48
[    1.407278] drm drm: fb0:  frame buffer device
[    1.427016] [drm] Initialized tegra 0.0.0 20120330 on minor 0
[    1.442049] brd: module loaded
[    1.449687] loop: module loaded
[    1.458544] m25p80 spi32766.0: found s25fl008k, expected w25q80bl
[    1.464653] m25p80 spi32766.0: s25fl008k (1024 Kbytes)
[    1.472067] libphy: Fixed MDIO Bus: probed
[    1.477027] CAN device driver interface
[    1.481537] bgmac_bcma: Broadcom 47xx GBit MAC driver loaded
[    1.488150] e1000e: Intel(R) PRO/1000 Network Driver - 3.2.6-k
[    1.493981] e1000e: Copyright(c) 1999 - 2015 Intel Corporation.
[    1.499952] igb: Intel(R) Gigabit Ethernet Network Driver - version 5.4.0-k
[    1.506907] igb: Copyright (c) 2007-2014 Intel Corporation.
[    1.513014] r8169 Gigabit Ethernet driver 2.3LK-NAPI loaded
[    1.518611] r8169 0000:01:00.0: enabling device (0140 -> 0143)
[    1.525266] r8169 0000:01:00.0 eth0: RTL8168d/8111d at 0xf08fc000, 00:01:c0:13:7d:63, XID 081000c0 IRQ 296
[    1.534922] r8169 0000:01:00.0 eth0: jumbo features [frames: 9200 bytes, tx checksumming: ko]
[    1.545555] pegasus: v0.9.3 (2013/04/25), Pegasus/Pegasus II USB Ethernet driver
[    1.553008] usbcore: registered new interface driver pegasus
[    1.558716] usbcore: registered new interface driver asix
[    1.564150] usbcore: registered new interface driver ax88179_178a
[    1.570275] usbcore: registered new interface driver cdc_ether
[    1.576159] usbcore: registered new interface driver smsc75xx
[    1.581950] usbcore: registered new interface driver smsc95xx
[    1.587731] usbcore: registered new interface driver net1080
[    1.593421] usbcore: registered new interface driver cdc_subset
[    1.599370] usbcore: registered new interface driver zaurus
[    1.604990] usbcore: registered new interface driver cdc_ncm
[    1.610908] tegra-phy c5004000.usb-phy: no vbus regulator
[    1.617415] tegra-phy c5008000.usb-phy: no vbus regulator
[    1.624116] ehci_hcd: USB 2.0 'Enhanced' Host Controller (EHCI) Driver
[    1.630646] ehci-pci: EHCI PCI platform driver
[    1.635130] ehci-platform: EHCI generic platform driver
[    1.640509] ehci-orion: EHCI orion driver
[    1.644628] SPEAr-ehci: EHCI SPEAr driver
[    1.648742] ehci-st: EHCI STMicroelectronics driver
[    1.653723] ehci-exynos: EHCI EXYNOS driver
[    1.658028] ehci-atmel: EHCI Atmel driver
[    1.662140] tegra-ehci: Tegra EHCI driver
[    1.693194] ulpi_phy_power_on: ulpi write failed
[    1.697814] tegra-ehci c5004000.usb: Failed to power on the phy
[    1.703745] tegra-ehci: probe of c5004000.usb failed with error -110
[    1.712728] tegra-ehci c5008000.usb: EHCI Host Controller
[    1.718142] tegra-ehci c5008000.usb: new USB bus registered, assigned bus number 1
[    1.725947] tegra-ehci c5008000.usb: irq 290, io mem 0xc5008000
[    1.742004] tegra-ehci c5008000.usb: USB 2.0 started, EHCI 1.00
[    1.748528] hub 1-0:1.0: USB hub found
[    1.752307] hub 1-0:1.0: 1 port detected
[    1.756535] ohci_hcd: USB 1.1 'Open' Host Controller (OHCI) Driver
[    1.762725] ohci-pci: OHCI PCI platform driver
[    1.767211] ohci-platform: OHCI generic platform driver
[    1.772590] ohci-omap3: OHCI OMAP3 driver
[    1.776691] SPEAr-ohci: OHCI SPEAr driver
[    1.780815] ohci-st: OHCI STMicroelectronics driver
[    1.785794] ohci-atmel: OHCI Atmel driver
[    1.790406] usbcore: registered new interface driver usb-storage
[    1.797611] mousedev: PS/2 mouse device common for all mice
[    1.804753] rtc-em3027 2-0056: rtc core: registered rtc-em3027 as rtc0
[    1.812458] tegra_rtc 7000e000.rtc: rtc core: registered 7000e000.rtc as rtc1
[    1.819621] tegra_rtc 7000e000.rtc: Tegra internal Real Time Clock
[    1.826206] i2c /dev entries driver
[    1.838939] sdhci: Secure Digital Host Controller Interface driver
[    1.845131] sdhci: Copyright(c) Pierre Ossman
[    1.850641] Synopsys Designware Multimedia Card Interface Driver
[    1.857506] sdhci-pltfm: SDHCI platform and OF driver helper
[    1.863975] mmc0: Invalid maximum block size, assuming 512 bytes
[    1.907009] mmc0: SDHCI controller on c8000000.sdhci [c8000000.sdhci] using ADMA
[    1.914507] sdhci-tegra c8000600.sdhci: Got CD GPIO
[    1.919400] sdhci-tegra c8000600.sdhci: Got WP GPIO
[    1.924440] mmc1: Invalid maximum block size, assuming 512 bytes
[    1.967095] mmc1: SDHCI controller on c8000600.sdhci [c8000600.sdhci] using ADMA
[    1.975927] ledtrig-cpu: registered to indicate activity on CPUs
[    1.982211] usbcore: registered new interface driver usbhid
[    1.987785] usbhid: USB HID core driver
[    1.994636] NET: Registered protocol family 10
[    1.999863] Segment Routing with IPv6
[    2.003581] sit: IPv6, IPv4 and MPLS over IPv4 tunneling driver
[    2.009993] NET: Registered protocol family 17
[    2.014449] can: controller area network core (rev 20120528 abi 9)
[    2.020674] NET: Registered protocol family 29
[    2.025115] can: raw protocol (rev 20120528)
[    2.029386] can: broadcast manager protocol (rev 20161123 t)
[    2.035045] can: netlink gateway (rev 20130117) max_hops=1
[    2.040843] Key type dns_resolver registered
[    2.045493] ThumbEE CPU extension supported.
[    2.049772] Registering SWP/SWPB emulation handler
[    2.064880] utmi_phy_clk_enable: timeout waiting for phy to stabilize
[    2.071355] tegra-ehci c5000000.usb: EHCI Host Controller
[    2.076768] tegra-ehci c5000000.usb: new USB bus registered, assigned bus number 2
[    2.084629] tegra-ehci c5000000.usb: irq 288, io mem 0xc5000000
[    2.090601] usb 1-1: new high-speed USB device number 2 using tegra-ehci
[    2.104083] mmc0: host does not support reading read-only switch, assuming write-enable
[    2.112008] tegra-ehci c5000000.usb: USB 2.0 started, EHCI 1.00
[    2.112621] hub 2-0:1.0: USB hub found
[    2.112654] hub 2-0:1.0: 1 port detected
[    2.113568] input: gpio-keys as /devices/soc0/gpio-keys/input/input0
[    2.118002] rtc-em3027 2-0056: setting system clock to 2015-02-06 02:53:19 UTC (1423191199)
[    2.140736] Waiting for root device PARTUUID=11eb23c1-01...
[    2.147053] mmc0: new high speed SDHC card at address b368
[    2.153014] mmcblk0: mmc0:b368 NCard 3.70 GiB 
[    2.159505]  mmcblk0: p1
[    2.171169] mmc1: new high speed SD card at address b368
[    2.172792] EXT4-fs (mmcblk0p1): mounting ext3 file system using the ext4 subsystem
[    2.184592] mmcblk1: mmc1:b368 NCard 1.83 GiB (ro)
[    2.191830]  mmcblk1: p1 p2
[    2.251907] EXT4-fs (mmcblk0p1): recovery complete
[    2.256724] EXT4-fs (mmcblk0p1): mounted filesystem with ordered data mode. Opts: (null)
[    2.264844] VFS: Mounted root (ext3 filesystem) on device 179:1.
[    2.272629] hub 1-1:1.0: USB hub found
[    2.276467] hub 1-1:1.0: 4 ports detected
[    2.280880] devtmpfs: mounted
[    2.285994] Freeing unused kernel memory: 2048K
[    2.388831] random: fast init done
bash: cannot set terminal process group (-1): Inappropriate ioctl for device
bash: no job control in this shell
[    2.583258] usb 1-1.2: new high-speed USB device number 3 using tegra-ehci
root@(none):/# [    3.147129] asix 1-1.2:1.0 eth1: register 'asix' at usb-c5008000.usb-1.2, ASIX AX88772 USB 2.0 Ethernet, 00:60:6e:60:6c:68
mount -t sysfs none /sys[    3.718987] random: crng init done

root@(none):/# 
root@(none):/# mount -t debugfs none /sys/kernel/debug
root@(none):/# 
root@(none):/# rtcwake -d rtc1 -m mem -s 3
rtcwake: assuming RTC uses UTC ...
rtcwake: wakeup from "mem" using /dev/rtc1 at Thu Jan  1 00:00:23 1970
[    7.475658] PM: Syncing filesystems ... done.
[    7.522170] Freezing user space processes ... (elapsed 0.001 seconds) done.
[    7.530626] Freezing remaining freezable tasks ... (elapsed 0.001 seconds) done.
[    7.539669] Suspending console(s) (use no_console_suspend to debug)
[    7.568111] pci_generic_config_write32: 37 callbacks suppressed
[    7.568155] pci_bus 0000:00: 2-byte config write to 0000:00:01.0 offset 0x9c may corrupt adjacent RW1C bits
[    7.580463] PM: suspend of devices complete after 31.959 msecs
[    7.585349] PM: late suspend of devices complete after 4.854 msecs
[    7.589312] pci_bus 0000:01: 2-byte config write to 0000:01:00.0 offset 0x44 may corrupt adjacent RW1C bits
[    7.589366] pci_bus 0000:01: 2-byte config write to 0000:01:00.0 offset 0x44 may corrupt adjacent RW1C bits
[    7.607669] PM: noirq suspend of devices complete after 22.291 msecs
[    7.607680] Disabling non-boot CPUs ...
[    7.609470] CPU1: shutdown
[    7.636175] Entering suspend state LP1
[    7.636175] Suspended for 1.379 seconds
[    7.636218] Enabling non-boot CPUs ...
[    7.651469] CPU1 is up
[    7.652428] pci_bus 0000:00: 2-byte config write to 0000:00:01.0 offset 0x4c may corrupt adjacent RW1C bits
[    7.652474] pci_bus 0000:00: 2-byte config write to 0000:00:01.0 offset 0x88 may corrupt adjacent RW1C bits
[    7.652507] pci_bus 0000:00: 2-byte config write to 0000:00:01.0 offset 0x90 may corrupt adjacent RW1C bits
[    7.652536] pci_bus 0000:00: 2-byte config write to 0000:00:01.0 offset 0x98 may corrupt adjacent RW1C bits
[    7.652565] pci_bus 0000:00: 2-byte config write to 0000:00:01.0 offset 0x9c may corrupt adjacent RW1C bits
[    7.652645] pci_bus 0000:00: 2-byte config write to 0000:00:01.0 offset 0x52 may corrupt adjacent RW1C bits
[    7.652675] pci_bus 0000:00: 2-byte config write to 0000:00:01.0 offset 0x52 may corrupt adjacent RW1C bits
[    7.652745] pcieport 0000:00:01.0: nv_msi_ht_cap_quirk didn't locate host bridge
[    7.672274] PM: noirq resume of devices complete after 20.773 msecs
[    7.676061] PM: early resume of devices complete after 3.036 msecs
[    8.181804] PM: resume of devices complete after 505.712 msecs
[    8.352967] Restarting tasks ... done.
root@(none):/# 
root@(none):/# rtcwake -d rtc1 -m mem -s 3
rtcwake: assuming RTC uses UTC ...
rtcwake: wakeup from "mem" using /dev/rtc1 at Thu Jan  1 00:00:28 1970
[    9.316562] PM: Syncing filesystems ... done.
[    9.361825] Freezing user space processes ... (elapsed 0.001 seconds) done.
[    9.370405] Freezing remaining freezable tasks ... (elapsed 0.001 seconds) done.
[    9.379544] Suspending console(s) (use no_console_suspend to debug)
[    9.419394] PM: suspend of devices complete after 31.009 msecs
[    9.424224] PM: late suspend of devices complete after 4.799 msecs
[    9.447614] PM: noirq suspend of devices complete after 23.358 msecs
[    9.447625] Disabling non-boot CPUs ...
[    9.449550] CPU1: shutdown
[    9.480334] Entering suspend state LP1
[    9.480334] Suspended for 3.155 seconds
[    9.480377] Enabling non-boot CPUs ...
[    9.496401] CPU1 is up
[    9.497501] pcieport 0000:00:01.0: nv_msi_ht_cap_quirk didn't locate host bridge
[    9.517214] PM: noirq resume of devices complete after 20.779 msecs
[    9.521011] PM: early resume of devices complete after 3.066 msecs
[   10.020501] PM: resume of devices complete after 499.458 msecs
[   10.088567] Restarting tasks ... done.
root@(none):/# 
root@(none):/# rtcwake -d rtc1 -m mem -s 3
rtcwake: assuming RTC uses UTC ...
rtcwake: wakeup from "mem" using /dev/rtc1 at Thu Jan  1 00:00:33 1970
[   11.186409] PM: Syncing filesystems ... done.
[   11.231710] Freezing user space processes ... (elapsed 0.001 seconds) done.
[   11.240318] Freezing remaining freezable tasks ... (elapsed 0.001 seconds) done.
[   11.249434] Suspending console(s) (use no_console_suspend to debug)
[   11.289187] PM: suspend of devices complete after 30.927 msecs
[   11.294256] PM: late suspend of devices complete after 5.038 msecs
[   11.317523] PM: noirq suspend of devices complete after 23.236 msecs
[   11.317535] Disabling non-boot CPUs ...
[   11.319457] CPU1: shutdown
[   11.350221] Entering suspend state LP1
[   11.350221] Suspended for 3.130 seconds
[   11.350263] Enabling non-boot CPUs ...
[   11.366310] CPU1 is up
[   11.367207] pcieport 0000:00:01.0: nv_msi_ht_cap_quirk didn't locate host bridge
[   11.387134] PM: noirq resume of devices complete after 20.791 msecs
[   11.390966] PM: early resume of devices complete after 3.100 msecs
[   11.895464] PM: resume of devices complete after 504.466 msecs
[   11.963521] Restarting tasks ... done.
root@(none):/# 
root@(none):/# rtcwake -d rtc1 -m mem -s 3
rtcwake: assuming RTC uses UTC ...
rtcwake: wakeup from "mem" using /dev/rtc1 at Thu Jan  1 00:00:38 1970
[   13.031463] PM: Syncing filesystems ... done.
[   13.076807] Freezing user space processes ... (elapsed 0.001 seconds) done.
[   13.085338] Freezing remaining freezable tasks ... (elapsed 0.001 seconds) done.
[   13.094413] Suspending console(s) (use no_console_suspend to debug)
[   13.121668] pci_generic_config_write32: 65 callbacks suppressed
[   13.121712] pci_bus 0000:00: 2-byte config write to 0000:00:01.0 offset 0x9c may corrupt adjacent RW1C bits
[   13.134149] PM: suspend of devices complete after 30.934 msecs
[   13.139256] PM: late suspend of devices complete after 5.077 msecs
[   13.143367] pci_bus 0000:01: 2-byte config write to 0000:01:00.0 offset 0x44 may corrupt adjacent RW1C bits
[   13.143422] pci_bus 0000:01: 2-byte config write to 0000:01:00.0 offset 0x44 may corrupt adjacent RW1C bits
[   13.162433] PM: noirq suspend of devices complete after 23.146 msecs
[   13.162444] Disabling non-boot CPUs ...
[   13.164369] CPU1: shutdown
[   13.195092] Entering suspend state LP1
[   13.195092] Suspended for 3.155 seconds
[   13.195135] Enabling non-boot CPUs ...
[   13.211199] CPU1 is up
[   13.212095] pci_bus 0000:00: 2-byte config write to 0000:00:01.0 offset 0x4c may corrupt adjacent RW1C bits
[   13.212142] pci_bus 0000:00: 2-byte config write to 0000:00:01.0 offset 0x88 may corrupt adjacent RW1C bits
[   13.212173] pci_bus 0000:00: 2-byte config write to 0000:00:01.0 offset 0x90 may corrupt adjacent RW1C bits
[   13.212200] pci_bus 0000:00: 2-byte config write to 0000:00:01.0 offset 0x98 may corrupt adjacent RW1C bits
[   13.212229] pci_bus 0000:00: 2-byte config write to 0000:00:01.0 offset 0x9c may corrupt adjacent RW1C bits
[   13.212309] pci_bus 0000:00: 2-byte config write to 0000:00:01.0 offset 0x52 may corrupt adjacent RW1C bits
[   13.212341] pci_bus 0000:00: 2-byte config write to 0000:00:01.0 offset 0x52 may corrupt adjacent RW1C bits
[   13.212413] pcieport 0000:00:01.0: nv_msi_ht_cap_quirk didn't locate host bridge
[   13.232018] PM: noirq resume of devices complete after 20.788 msecs
[   13.235639] PM: early resume of devices complete after 3.072 msecs
[   13.735789] PM: resume of devices complete after 500.118 msecs
[   13.906997] Restarting tasks ... done.
root@(none):/# 
root@(none):/# rtcwake -d rtc1 -m mem -s 3
rtcwake: assuming RTC uses UTC ...
rtcwake: wakeup from "mem" using /dev/rtc1 at Thu Jan  1 00:00:43 1970
[   14.876362] PM: Syncing filesystems ... done.
[   14.921718] Freezing user space processes ... (elapsed 0.001 seconds) done.
[   14.930240] Freezing remaining freezable tasks ... (elapsed 0.001 seconds) done.
[   14.939316] Suspending console(s) (use no_console_suspend to debug)
[   14.979380] PM: suspend of devices complete after 31.254 msecs
[   14.984209] PM: late suspend of devices complete after 4.798 msecs
[   15.007290] PM: noirq suspend of devices complete after 23.051 msecs
[   15.007301] Disabling non-boot CPUs ...
[   15.009108] CPU1: shutdown
[   15.025079] Entering suspend state LP1
[   15.025079] Suspended for 3.169 seconds
[   15.025123] Enabling non-boot CPUs ...
[   15.041114] CPU1 is up
[   15.042031] pcieport 0000:00:01.0: nv_msi_ht_cap_quirk didn't locate host bridge
[   15.061929] PM: noirq resume of devices complete after 20.784 msecs
[   15.065538] PM: early resume of devices complete after 3.062 msecs
[   15.565285] PM: resume of devices complete after 499.716 msecs
[   15.633278] Restarting tasks ... done.
root@(none):/# 
root@(none):/# rtcwake -d rtc1 -m mem -s 3
rtcwake: assuming RTC uses UTC ...
rtcwake: wakeup from "mem" using /dev/rtc1 at Thu Jan  1 00:00:48 1970
[   16.706300] PM: Syncing filesystems ... done.
[   16.751524] Freezing user space processes ... (elapsed 0.001 seconds) done.
[   16.760128] Freezing remaining freezable tasks ... (elapsed 0.001 seconds) done.
[   16.769244] Suspending console(s) (use no_console_suspend to debug)
[   16.809211] PM: suspend of devices complete after 31.163 msecs
[   16.814241] PM: late suspend of devices complete after 5.001 msecs
[   16.837276] PM: noirq suspend of devices complete after 23.003 msecs
[   16.837288] Disabling non-boot CPUs ...
[   16.839186] CPU1: shutdown
[   16.870026] Entering suspend state LP1
[   16.870026] Suspended for 3.154 seconds
[   16.870069] Enabling non-boot CPUs ...
[   16.886104] CPU1 is up
[   16.887361] pcieport 0000:00:01.0: nv_msi_ht_cap_quirk didn't locate host bridge
[   16.906848] PM: noirq resume of devices complete after 20.712 msecs
[   16.910428] PM: early resume of devices complete after 3.033 msecs
[   17.409925] PM: resume of devices complete after 499.465 msecs
[   17.477905] Restarting tasks ... done.
root@(none):/# 
root@(none):/# rtcwake -d rtc1 -m mem -s 3
rtcwake: assuming RTC uses UTC ...
rtcwake: wakeup from "mem" using /dev/rtc1 at Thu Jan  1 00:00:53 1970
[   18.551208] PM: Syncing filesystems ... done.
[   18.596528] Freezing user space processes ... (elapsed 0.001 seconds) done.
[   18.605067] Freezing remaining freezable tasks ... (elapsed 0.001 seconds) done.
[   18.614146] Suspending console(s) (use no_console_suspend to debug)
[   18.642600] pci_generic_config_write32: 65 callbacks suppressed
[   18.642644] pci_bus 0000:00: 2-byte config write to 0000:00:01.0 offset 0x9c may corrupt adjacent RW1C bits
[   18.654637] PM: suspend of devices complete after 31.686 msecs
[   18.659505] PM: late suspend of devices complete after 4.836 msecs
[   18.663447] pci_bus 0000:01: 2-byte config write to 0000:01:00.0 offset 0x44 may corrupt adjacent RW1C bits
[   18.663501] pci_bus 0000:01: 2-byte config write to 0000:01:00.0 offset 0x44 may corrupt adjacent RW1C bits
[   18.682178] PM: noirq suspend of devices complete after 22.644 msecs
[   18.682190] Disabling non-boot CPUs ...
[   18.684090] CPU1: shutdown
[   18.714926] Entering suspend state LP1
[   18.714926] Suspended for 3.155 seconds
[   18.714968] Enabling non-boot CPUs ...
[   18.730950] CPU1 is up
[   18.732145] pci_bus 0000:00: 2-byte config write to 0000:00:01.0 offset 0x4c may corrupt adjacent RW1C bits
[   18.732191] pci_bus 0000:00: 2-byte config write to 0000:00:01.0 offset 0x88 may corrupt adjacent RW1C bits
[   18.732222] pci_bus 0000:00: 2-byte config write to 0000:00:01.0 offset 0x90 may corrupt adjacent RW1C bits
[   18.732249] pci_bus 0000:00: 2-byte config write to 0000:00:01.0 offset 0x98 may corrupt adjacent RW1C bits
[   18.732276] pci_bus 0000:00: 2-byte config write to 0000:00:01.0 offset 0x9c may corrupt adjacent RW1C bits
[   18.732357] pci_bus 0000:00: 2-byte config write to 0000:00:01.0 offset 0x52 may corrupt adjacent RW1C bits
[   18.732390] pci_bus 0000:00: 2-byte config write to 0000:00:01.0 offset 0x52 may corrupt adjacent RW1C bits
[   18.732460] pcieport 0000:00:01.0: nv_msi_ht_cap_quirk didn't locate host bridge
[   18.751783] PM: noirq resume of devices complete after 20.802 msecs
[   18.755683] PM: early resume of devices complete after 3.173 msecs
[   19.255654] PM: resume of devices complete after 499.939 msecs
[   19.424820] Restarting tasks ... done.
root@(none):/# 
root@(none):/# rtcwake -d rtc1 -m mem -s 3
rtcwake: assuming RTC uses UTC ...
rtcwake: wakeup from "mem" using /dev/rtc1 at Thu Jan  1 00:00:58 1970
[   20.426007] PM: Syncing filesystems ... done.
[   20.471296] Freezing user space processes ... (elapsed 0.001 seconds) done.
[   20.479893] Freezing remaining freezable tasks ... (elapsed 0.001 seconds) done.
[   20.489010] Suspending console(s) (use no_console_suspend to debug)
[   20.528347] PM: suspend of devices complete after 30.538 msecs
[   20.533433] PM: late suspend of devices complete after 5.054 msecs
[   20.557072] PM: noirq suspend of devices complete after 23.607 msecs
[   20.557083] Disabling non-boot CPUs ...
[   20.558880] CPU1: shutdown
[   20.589783] Entering suspend state LP1
[   20.589783] Suspended for 3.125 seconds
[   20.589826] Enabling non-boot CPUs ...
[   20.605899] CPU1 is up
[   20.606761] pcieport 0000:00:01.0: nv_msi_ht_cap_quirk didn't locate host bridge
[   20.626717] PM: noirq resume of devices complete after 20.785 msecs
[   20.630513] PM: early resume of devices complete after 3.064 msecs
[   21.135480] PM: resume of devices complete after 504.935 msecs
[   21.203533] Restarting tasks ... done.
root@(none):/# 
root@(none):/# rtcwake -d rtc1 -m mem -s 3
rtcwake: assuming RTC uses UTC ...
rtcwake: wakeup from "mem" using /dev/rtc1 at Thu Jan  1 00:01:03 1970
[   22.270953] PM: Syncing filesystems ... done.
[   22.316183] Freezing user space processes ... (elapsed 0.001 seconds) done.
[   22.324793] Freezing remaining freezable tasks ... (elapsed 0.001 seconds) done.
[   22.333903] Suspending console(s) (use no_console_suspend to debug)
[   22.373600] PM: suspend of devices complete after 30.850 msecs
[   22.378669] PM: late suspend of devices complete after 5.039 msecs
[   22.402021] PM: noirq suspend of devices complete after 23.322 msecs
[   22.402032] Disabling non-boot CPUs ...
[   22.403937] CPU1: shutdown
[   22.434720] Entering suspend state LP1
[   22.434720] Suspended for 3.154 seconds
[   22.434762] Enabling non-boot CPUs ...
[   22.450812] CPU1 is up
[   22.452155] pcieport 0000:00:01.0: nv_msi_ht_cap_quirk didn't locate host bridge
[   22.471634] PM: noirq resume of devices complete after 20.788 msecs
[   22.475442] PM: early resume of devices complete after 3.079 msecs
[   22.979313] PM: resume of devices complete after 503.838 msecs
[   23.047340] Restarting tasks ... done.
root@(none):/# 
root@(none):/# rtcwake -d rtc1 -m mem -s 3
rtcwake: assuming RTC uses UTC ...
rtcwake: wakeup from "mem" using /dev/rtc1 at Thu Jan  1 00:01:08 1970
[   24.145917] PM: Syncing filesystems ... done.
[   24.191192] Freezing user space processes ... (elapsed 0.001 seconds) done.
[   24.199783] Freezing remaining freezable tasks ... (elapsed 0.001 seconds) done.
[   24.208889] Suspending console(s) (use no_console_suspend to debug)
[   24.237469] pci_generic_config_write32: 65 callbacks suppressed
[   24.237513] pci_bus 0000:00: 2-byte config write to 0000:00:01.0 offset 0x9c may corrupt adjacent RW1C bits
[   24.249259] PM: suspend of devices complete after 31.559 msecs
[   24.254253] PM: late suspend of devices complete after 4.962 msecs
[   24.258247] pci_bus 0000:01: 2-byte config write to 0000:01:00.0 offset 0x44 may corrupt adjacent RW1C bits
[   24.258302] pci_bus 0000:01: 2-byte config write to 0000:01:00.0 offset 0x44 may corrupt adjacent RW1C bits
[   24.276937] PM: noirq suspend of devices complete after 22.654 msecs
[   24.276948] Disabling non-boot CPUs ...
[   24.278876] CPU1: shutdown
[   24.309633] Entering suspend state LP1
[   24.309633] Suspended for 3.125 seconds
[   24.309676] Enabling non-boot CPUs ...
[   24.325698] CPU1 is up
[   24.326561] pci_bus 0000:00: 2-byte config write to 0000:00:01.0 offset 0x4c may corrupt adjacent RW1C bits
[   24.326606] pci_bus 0000:00: 2-byte config write to 0000:00:01.0 offset 0x88 may corrupt adjacent RW1C bits
[   24.326636] pci_bus 0000:00: 2-byte config write to 0000:00:01.0 offset 0x90 may corrupt adjacent RW1C bits
[   24.326664] pci_bus 0000:00: 2-byte config write to 0000:00:01.0 offset 0x98 may corrupt adjacent RW1C bits
[   24.326691] pci_bus 0000:00: 2-byte config write to 0000:00:01.0 offset 0x9c may corrupt adjacent RW1C bits
[   24.326772] pci_bus 0000:00: 2-byte config write to 0000:00:01.0 offset 0x52 may corrupt adjacent RW1C bits
[   24.326804] pci_bus 0000:00: 2-byte config write to 0000:00:01.0 offset 0x52 may corrupt adjacent RW1C bits
[   24.326874] pcieport 0000:00:01.0: nv_msi_ht_cap_quirk didn't locate host bridge
[   24.346543] PM: noirq resume of devices complete after 20.812 msecs
[   24.350376] PM: early resume of devices complete after 3.102 msecs
[   24.854234] PM: resume of devices complete after 503.826 msecs
[   25.025423] Restarting tasks ... done.
root@(none):/# 
root@(none):/# NVTB SYSTEM SUSPEND TEST COMPLETE
