
U-Boot SPL 2016.05-rc2 (Apr 21 2016 - 16:23:00)
Trying to boot from RAM


U-Boot 2016.05-rc2 (Apr 21 2016 - 16:23:00 -0700)

TEGRA124
Model: NVIDIA Jetson TK1
Board: NVIDIA Jetson TK1
DRAM:  2 GiB
MC:   Tegra SD/MMC: 0, Tegra SD/MMC: 1
In:    serial
Out:   serial
Err:   serial
Net:   No ethernet found.
Hit any key to stop autoboot:  2  0 
Tegra124 (Jetson TK1) # 
Tegra124 (Jetson TK1) # pci enum
Tegra124 (Jetson TK1) # setenv bootargs 'ignore_loglevel console=ttyS0,115200n8 rw root=PARTUUID=b1791faa-84e8-4e27-83a1-9fb0a77e8803 rootwait gpt debug noinitrd earlyprintk init=/bin/bash'
Tegra124 (Jetson TK1) # setenv ipaddr 192.168.100.102; setenv serverip 192.168.100.1; setenv tftpserverip 192.168.100.1
Tegra124 (Jetson TK1) # tftpboot 0x82000000 zImage.multi_v7_defconfig

Warning: eth_rtl8169 using MAC address from ROM
Using eth_rtl8169 device
TFTP from server 192.168.100.1; our IP address is 192.168.100.102
Filename 'zImage.multi_v7_defconfig'.
Load address: 0x82000000
Loading: *#################################################################
	 #################################################################
	 #################################################################
	 #################################################################
	 #################################################################
	 #################################################################
	 #################################################################
	 #################################################################
	 ##############################
	 4 MiB/s
done
Bytes transferred = 8065536 (7b1200 hex)
Tegra124 (Jetson TK1) # tftpboot 0x83000000 tegra124-jetson-tk1.dtb
Using eth_rtl8169 device
TFTP from server 192.168.100.1; our IP address is 192.168.100.102
Filename 'tegra124-jetson-tk1.dtb'.
Load address: 0x83000000
Loading: *#####
	 3.7 MiB/s
done
Bytes transferred = 66544 (103f0 hex)
Tegra124 (Jetson TK1) # bootz 0x82000000 - 0x83000000
Kernel image @ 0x82000000 [ 0x000000 - 0x7b1200 ]
## Flattened Device Tree blob at 83000000
   Booting using the fdt blob at 0x83000000
   Using Device Tree in place at 83000000, end 830133ef

Starting kernel ...

[    0.000000] Booting Linux on physical CPU 0x0
[    0.000000] Linux version 4.15.0-rc8-335804-ga8750ddca918 (jonathanh@tamien) (gcc version 4.7.3 20130328 (prerelease) (crosstool-NG linaro-1.13.1-4.7-2013.04-20130415 - Linaro GCC 2013.04)) #1 SMP Sun Jan 14 16:34:20 PST 2018
[    0.000000] CPU: ARMv7 Processor [413fc0f3] revision 3 (ARMv7), cr=10c5387d
[    0.000000] CPU: div instructions available: patching division code
[    0.000000] CPU: PIPT / VIPT nonaliasing data cache, PIPT instruction cache
[    0.000000] OF: fdt: Machine model: NVIDIA Tegra124 Jetson TK1
[    0.000000] debug: ignoring loglevel setting.
[    0.000000] Memory policy: Data cache writealloc
[    0.000000] efi: Getting EFI parameters from FDT:
[    0.000000] efi: UEFI not found.
[    0.000000] cma: Reserved 64 MiB at 0xfb800000
[    0.000000] On node 0 totalpages: 524032
[    0.000000]   DMA zone: 1536 pages used for memmap
[    0.000000]   DMA zone: 0 pages reserved
[    0.000000]   DMA zone: 196608 pages, LIFO batch:31
[    0.000000]   HighMem zone: 327424 pages, LIFO batch:31
[    0.000000] random: fast init done
[    0.000000] percpu: Embedded 17 pages/cpu @(ptrval) s39104 r8192 d22336 u69632
[    0.000000] pcpu-alloc: s39104 r8192 d22336 u69632 alloc=17*4096
[    0.000000] pcpu-alloc: [0] 0 [0] 1 [0] 2 [0] 3 
[    0.000000] Built 1 zonelists, mobility grouping on.  Total pages: 522496
[    0.000000] Kernel command line: ignore_loglevel console=ttyS0,115200n8 rw root=PARTUUID=b1791faa-84e8-4e27-83a1-9fb0a77e8803 rootwait gpt debug noinitrd earlyprintk init=/bin/bash
[    0.000000] Dentry cache hash table entries: 131072 (order: 7, 524288 bytes)
[    0.000000] Inode-cache hash table entries: 65536 (order: 6, 262144 bytes)
[    0.000000] Memory: 1992440K/2096128K available (11264K kernel code, 1602K rwdata, 4296K rodata, 2048K init, 404K bss, 38152K reserved, 65536K cma-reserved, 1244160K highmem)
[    0.000000] Virtual kernel memory layout:
[    0.000000]     vector  : 0xffff0000 - 0xffff1000   (   4 kB)
[    0.000000]     fixmap  : 0xffc00000 - 0xfff00000   (3072 kB)
[    0.000000]     vmalloc : 0xf0800000 - 0xff800000   ( 240 MB)
[    0.000000]     lowmem  : 0xc0000000 - 0xf0000000   ( 768 MB)
[    0.000000]     pkmap   : 0xbfe00000 - 0xc0000000   (   2 MB)
[    0.000000]     modules : 0xbf000000 - 0xbfe00000   (  14 MB)
[    0.000000]       .text : 0x(ptrval) - 0x(ptrval)   (12256 kB)
[    0.000000]       .init : 0x(ptrval) - 0x(ptrval)   (2048 kB)
[    0.000000]       .data : 0x(ptrval) - 0x(ptrval)   (1603 kB)
[    0.000000]        .bss : 0x(ptrval) - 0x(ptrval)   ( 405 kB)
[    0.000000] SLUB: HWalign=64, Order=0-3, MinObjects=0, CPUs=4, Nodes=1
[    0.000000] Hierarchical RCU implementation.
[    0.000000] 	RCU event tracing is enabled.
[    0.000000] 	RCU restricting CPUs from NR_CPUS=16 to nr_cpu_ids=4.
[    0.000000] RCU: Adjusting geometry for rcu_fanout_leaf=16, nr_cpu_ids=4
[    0.000000] NR_IRQS: 16, nr_irqs: 16, preallocated irqs: 16
[    0.000000] /interrupt-controller@60004000: 160 interrupts forwarded to /interrupt-controller@50041000
[    0.000000] Tegra clk 127: register failed with -17
[    0.000008] sched_clock: 32 bits at 1000kHz, resolution 1000ns, wraps every 2147483647500ns
[    0.000028] clocksource: timer_us: mask: 0xffffffff max_cycles: 0xffffffff, max_idle_ns: 1911260446275 ns
[    0.000043] Switching to timer-based delay loop, resolution 1000ns
[    0.005656] arch_timer: cp15 timer(s) running at 12.00MHz (virt).
[    0.005675] clocksource: arch_sys_counter: mask: 0xffffffffffffff max_cycles: 0x2c47f4ee7, max_idle_ns: 440795202497 ns
[    0.005695] sched_clock: 56 bits at 12MHz, resolution 83ns, wraps every 4398046511096ns
[    0.005709] Switching to timer-based delay loop, resolution 83ns
[    0.006166] Console: colour dummy device 80x30
[    0.006200] Calibrating delay loop (skipped), value calculated using timer frequency.. 24.00 BogoMIPS (lpj=120000)
[    0.006219] pid_max: default: 32768 minimum: 301
[    0.006319] Mount-cache hash table entries: 2048 (order: 1, 8192 bytes)
[    0.006334] Mountpoint-cache hash table entries: 2048 (order: 1, 8192 bytes)
[    0.006836] CPU: Testing write buffer coherency: ok
[    0.007092] /cpus/cpu@0 missing clock-frequency property
[    0.007137] /cpus/cpu@1 missing clock-frequency property
[    0.007181] /cpus/cpu@2 missing clock-frequency property
[    0.007225] /cpus/cpu@3 missing clock-frequency property
[    0.007239] CPU0: thread -1, cpu 0, socket 0, mpidr 80000000
[    0.007546] Setting up static identity map for 0x80300000 - 0x803000a0
[    0.009579] Hierarchical SRCU implementation.
[    0.011547] Tegra Revision: A01 SKU: 129 CPU Process: 1 SoC Process: 1
[    0.012355] EFI services will not be available.
[    0.012509] smp: Bringing up secondary CPUs ...
[    0.013066] CPU1: thread -1, cpu 1, socket 0, mpidr 80000001
[    0.016171] CPU2: thread -1, cpu 2, socket 0, mpidr 80000002
[    0.026206] CPU3: thread -1, cpu 3, socket 0, mpidr 80000003
[    0.035651] smp: Brought up 1 node, 4 CPUs
[    0.035672] SMP: Total of 4 processors activated (96.00 BogoMIPS).
[    0.035681] CPU: All CPU(s) started in SVC mode.
[    0.037208] devtmpfs: initialized
[    0.050679] VFP support v0.3: implementor 41 architecture 4 part 30 variant f rev 0
[    0.051061] clocksource: jiffies: mask: 0xffffffff max_cycles: 0xffffffff, max_idle_ns: 19112604462750000 ns
[    0.051080] futex hash table entries: 1024 (order: 4, 65536 bytes)
[    0.052534] pinctrl core: initialized pinctrl subsystem
[    0.054119] DMI not present or invalid.
[    0.054364] NET: Registered protocol family 16
[    0.056563] DMA: preallocated 256 KiB pool for atomic coherent allocations
[    0.058992] cpuidle: using governor menu
[    0.084433] No ATAGs?
[    0.084561] hw-breakpoint: found 5 (+1 reserved) breakpoint and 4 watchpoint registers.
[    0.084577] hw-breakpoint: maximum watchpoint size is 8 bytes.
[    0.092163] Serial: AMBA PL011 UART driver
[    0.093572] iommu: Adding device reg-dummy to group 0
[    0.093614] iommu: Adding device 1003000.pcie to group 1
[    0.093690] iommu: Adding device 50000000.host1x to group 2
[    0.093765] iommu: Adding device 54200000.dc to group 3
[    0.093836] iommu: Adding device 54240000.dc to group 4
[    0.093868] iommu: Adding device 54280000.hdmi to group 5
[    0.093938] iommu: Adding device 57000000.gpu to group 6
[    0.093974] iommu: Adding device 60005000.timer to group 7
[    0.094006] iommu: Adding device 60007000.flow-controller to group 8
[    0.094037] iommu: Adding device 6000c800.actmon to group 9
[    0.094070] iommu: Adding device 6000d000.gpio to group 10
[    0.094102] iommu: Adding device 60020000.dma to group 11
[    0.094133] iommu: Adding device 70000800.apbmisc to group 12
[    0.094170] iommu: Adding device 70000868.pinmux to group 13
[    0.094201] iommu: Adding device 70006000.serial to group 14
[    0.094232] iommu: Adding device 70006040.serial to group 15
[    0.094267] iommu: Adding device 70006300.serial to group 16
[    0.094299] iommu: Adding device 7000c000.i2c to group 17
[    0.094331] iommu: Adding device 7000c400.i2c to group 18
[    0.094362] iommu: Adding device 7000c500.i2c to group 19
[    0.094394] iommu: Adding device 7000c700.i2c to group 20
[    0.094425] iommu: Adding device 7000d000.i2c to group 21
[    0.094457] iommu: Adding device 7000d400.spi to group 22
[    0.094489] iommu: Adding device 7000da00.spi to group 23
[    0.094527] iommu: Adding device 7000e000.rtc to group 24
[    0.094559] iommu: Adding device 7000e400.pmc to group 25
[    0.094590] iommu: Adding device 7000f800.fuse to group 26
[    0.094622] iommu: Adding device 70019000.memory-controller to group 27
[    0.094654] iommu: Adding device 7001b000.emc to group 28
[    0.094685] iommu: Adding device 70027000.sata to group 29
[    0.094717] iommu: Adding device 70030000.hda to group 30
[    0.094753] iommu: Adding device 70090000.usb to group 31
[    0.094784] iommu: Adding device 7009f000.padctl to group 32
[    0.094819] iommu: Adding device 700b0400.sdhci to group 33
[    0.094856] iommu: Adding device 700b0600.sdhci to group 34
[    0.094888] iommu: Adding device 70015000.cec to group 35
[    0.094919] iommu: Adding device 700e2000.thermal-sensor to group 36
[    0.094951] iommu: Adding device 70110000.clock to group 37
[    0.094982] iommu: Adding device 70300000.ahub to group 38
[    0.095013] iommu: Adding device 7d000000.usb to group 39
[    0.095045] iommu: Adding device 7d000000.usb-phy to group 40
[    0.095081] iommu: Adding device 7d004000.usb to group 41
[    0.095112] iommu: Adding device 7d004000.usb-phy to group 42
[    0.095143] iommu: Adding device 7d008000.usb to group 43
[    0.095174] iommu: Adding device 7d008000.usb-phy to group 44
[    0.095210] iommu: Adding device pmu to group 45
[    0.095241] iommu: Adding device timer to group 46
[    0.095272] iommu: Adding device clocks to group 47
[    0.095305] iommu: Adding device gpio-keys to group 48
[    0.095340] iommu: Adding device regulators to group 49
[    0.095372] iommu: Adding device regulators:regulator@0 to group 50
[    0.095404] iommu: Adding device regulators:regulator@1 to group 51
[    0.095435] iommu: Adding device regulators:regulator@2 to group 52
[    0.095466] iommu: Adding device regulators:regulator@3 to group 53
[    0.095497] iommu: Adding device regulators:regulator@4 to group 54
[    0.095529] iommu: Adding device regulators:regulator@7 to group 55
[    0.095565] iommu: Adding device regulators:regulator@8 to group 56
[    0.095596] iommu: Adding device regulators:regulator@10 to group 57
[    0.095632] iommu: Adding device regulators:regulator@11 to group 58
[    0.095692] iommu: Adding device regulators:regulator@12 to group 59
[    0.095725] iommu: Adding device regulators:regulator@13 to group 60
[    0.095757] iommu: Adding device regulators:regulator@14 to group 61
[    0.095792] iommu: Adding device sound to group 62
[    0.110816] AT91: Could not find identification node
[    0.111385] +5V_SYS: supplied by +VDD_MUX
[    0.111670] +3.3V_SYS: supplied by +VDD_MUX
[    0.112296] +USB0_VBUS_SW: Failed to request enable GPIO108: -517
[    0.112312] reg-fixed-voltage regulators:regulator@7: Failed to register regulator: -517
[    0.112414] +5V_USB_HS: Failed to request enable GPIO109: -517
[    0.112429] reg-fixed-voltage regulators:regulator@8: Failed to register regulator: -517
[    0.112615] +1.05V_RUN_AVDD_HDMI_PLL: Failed to request enable GPIO63: -517
[    0.112629] reg-fixed-voltage regulators:regulator@11: Failed to register regulator: -517
[    0.112725] +5V_HDMI_CON: Failed to request enable GPIO86: -517
[    0.112738] reg-fixed-voltage regulators:regulator@12: Failed to register regulator: -517
[    0.112835] +5V_SATA: Failed to request enable GPIO242: -517
[    0.112848] reg-fixed-voltage regulators:regulator@13: Failed to register regulator: -517
[    0.112944] +12V_SATA: Failed to request enable GPIO242: -517
[    0.112957] reg-fixed-voltage regulators:regulator@14: Failed to register regulator: -517
[    0.116014] vgaarb: loaded
[    0.116762] SCSI subsystem initialized
[    0.116938] libata version 3.00 loaded.
[    0.117137] usbcore: registered new interface driver usbfs
[    0.117185] usbcore: registered new interface driver hub
[    0.117248] usbcore: registered new device driver usb
[    0.120709] pps_core: LinuxPPS API ver. 1 registered
[    0.120720] pps_core: Software ver. 5.3.6 - Copyright 2005-2007 Rodolfo Giometti <giometti@linux.it>
[    0.120742] PTP clock support registered
[    0.120935] EDAC MC: Ver: 3.0.0
[    0.121200] dmi: Firmware registration failed.
[    0.123785] clocksource: Switched to clocksource arch_sys_counter
[    0.174156] NET: Registered protocol family 2
[    0.174648] TCP established hash table entries: 8192 (order: 3, 32768 bytes)
[    0.174750] TCP bind hash table entries: 8192 (order: 4, 65536 bytes)
[    0.174937] TCP: Hash tables configured (established 8192 bind 8192)
[    0.175023] UDP hash table entries: 512 (order: 2, 16384 bytes)
[    0.175068] UDP-Lite hash table entries: 512 (order: 2, 16384 bytes)
[    0.175215] NET: Registered protocol family 1
[    0.175536] RPC: Registered named UNIX socket transport module.
[    0.175547] RPC: Registered udp transport module.
[    0.175555] RPC: Registered tcp transport module.
[    0.175564] RPC: Registered tcp NFSv4.1 backchannel transport module.
[    0.175576] PCI: CLS 0 bytes, default 64
[    0.177053] hw perfevents: enabled with armv7_cortex_a15 PMU driver, 7 counters available
[    0.177812] iommu: Adding device alarmtimer to group 63
[    0.178605] Initialise system trusted keyrings
[    0.178738] workingset: timestamp_bits=30 max_order=19 bucket_order=0
[    0.184539] squashfs: version 4.0 (2009/01/31) Phillip Lougher
[    0.185102] NFS: Registering the id_resolver key type
[    0.185127] Key type id_resolver registered
[    0.185136] Key type id_legacy registered
[    0.185177] ntfs: driver 2.1.32 [Flags: R/O].
[    0.186556] Key type asymmetric registered
[    0.186568] Asymmetric key parser 'x509' registered
[    0.186619] bounce: pool size: 64 pages
[    0.186661] Block layer SCSI generic (bsg) driver version 0.4 loaded (major 247)
[    0.186672] io scheduler noop registered
[    0.186682] io scheduler deadline registered
[    0.186899] io scheduler cfq registered (default)
[    0.186910] io scheduler mq-deadline registered
[    0.186919] io scheduler kyber registered
[    0.191060]  usb2-0: usb2-0 supply vbus not found, using dummy regulator
[    0.191164]  usb2-1: usb2-1 supply vbus not found, using dummy regulator
[    0.191535] tegra-xusb-padctl 7009f000.padctl: failed to setup XUSB ports: -517
[    0.210828] tegra-pcie 1003000.pcie: 2x1, 1x1 configuration
[    0.210889] tegra-pcie 1003000.pcie: Failed to get supply 'avddio-pex': -517
[    0.217403] tegra124-dfll 70110000.clock: couldn't get vdd_cpu regulator
[    0.223949] tegra-apbdma 60020000.dma: Tegra20 APB DMA driver register 32 channels
[    0.227340] tegra-pmc 7000e400.pmc: emergency thermal reset enabled
[    0.276902] Serial: 8250/16550 driver, 4 ports, IRQ sharing disabled
[    0.277000] iommu: Adding device serial8250 to group 64
[    0.279496] console [ttyS0] disabled
[    0.279537] 70006300.serial: ttyS0 at MMIO 0x70006300 (irq = 335, base_baud = 25500000) is a Tegra
[    1.548544] console [ttyS0] enabled
[    1.552957] SuperH (H)SCI(F) driver initialized
[    1.558636] msm_serial: driver initialized
[    1.562919] STMicroelectronics ASC driver initialized
[    1.568675] 70006000.serial: ttyTHS1 at MMIO 0x70006000 (irq = 333, base_baud = 0) is a TEGRA_UART
[    1.577971] 70006040.serial: ttyTHS2 at MMIO 0x70006040 (irq = 334, base_baud = 0) is a TEGRA_UART
[    1.609198] tegra-hdmi 54280000.hdmi: failed to get HDMI regulator
[    1.626187] brd: module loaded
[    1.635614] loop: module loaded
[    1.639981] at24 0-0056: 256 byte 24c02 EEPROM, writable, 8 bytes/write
[    1.648334] as3722 4-0040: AS3722 with revision 0x1 found
[    1.655717] iommu: Adding device as3722-pinctrl to group 65
[    1.662761] iommu: Adding device as3722-regulator to group 66
[    1.671451] as3722-sd2: supplied by +5V_SYS
[    1.676053] as3722-sd3: supplied by +5V_SYS
[    1.680443] +1.35V_LP0(sd3): Bringing 0uV into 1350000-1350000uV
[    1.686825] as3722-sd4: supplied by +5V_SYS
[    1.691402] as3722-sd5: supplied by +5V_SYS
[    1.697386] as3722-ldo0: supplied by +1.35V_LP0(sd2)
[    1.703412] +1.8V_RUN_CAM: Bringing 0uV into 1800000-1800000uV
[    1.709609] as3722-ldo2: supplied by +1.8V_VDDIO
[    1.715490] as3722-ldo3: supplied by +3.3V_SYS
[    1.719978] +1.05V_LP0_VDD_RTC: Bringing 1100000uV into 1000000-1000000uV
[    1.727746] as3722-ldo4: supplied by +3.3V_SYS
[    1.732405] +2.8V_RUN_CAM: Bringing 0uV into 2800000-2800000uV
[    1.738606] as3722-ldo5: supplied by +1.8V_VDDIO
[    1.743434] +1.2V_RUN_CAM_FRONT: Bringing 0uV into 1200000-1200000uV
[    1.750356] +VDDIO_SDMMC3: bypassed regulator has no supply!
[    1.756028] +VDDIO_SDMMC3: failed to get the current voltage(-517)
[    1.762205] as3722-regulator as3722-regulator: regulator 13 register failed -517
[    1.772144] iommu: Adding device as3722-rtc to group 67
[    1.777723] iommu: Adding device as3722-adc to group 68
[    1.783249] iommu: Adding device as3722-power-off to group 69
[    1.789314] iommu: Adding device as3722-wdt to group 70
[    1.796406] tegra-ahci 70027000.sata: couldn't get PHY in node sata: -517
[    1.818804] m25p80 spi1.0: w25q32dw (4096 Kbytes)
[    1.825958] iommu: Adding device Fixed MDIO bus.0 to group 71
[    1.832051] libphy: Fixed MDIO Bus: probed
[    1.837146] CAN device driver interface
[    1.841924] bgmac_bcma: Broadcom 47xx GBit MAC driver loaded
[    1.849011] e1000e: Intel(R) PRO/1000 Network Driver - 3.2.6-k
[    1.854852] e1000e: Copyright(c) 1999 - 2015 Intel Corporation.
[    1.860808] igb: Intel(R) Gigabit Ethernet Network Driver - version 5.4.0-k
[    1.867774] igb: Copyright (c) 2007-2014 Intel Corporation.
[    1.877423] pegasus: v0.9.3 (2013/04/25), Pegasus/Pegasus II USB Ethernet driver
[    1.884867] usbcore: registered new interface driver pegasus
[    1.890561] usbcore: registered new interface driver asix
[    1.896000] usbcore: registered new interface driver ax88179_178a
[    1.902112] usbcore: registered new interface driver cdc_ether
[    1.907998] usbcore: registered new interface driver smsc75xx
[    1.913795] usbcore: registered new interface driver smsc95xx
[    1.919560] usbcore: registered new interface driver net1080
[    1.925257] usbcore: registered new interface driver cdc_subset
[    1.931194] usbcore: registered new interface driver zaurus
[    1.936823] usbcore: registered new interface driver cdc_ncm
[    1.942716] tegra-phy 7d000000.usb-phy: no vbus regulator
[    1.948329] tegra-phy 7d004000.usb-phy: no vbus regulator
[    1.955805] ehci_hcd: USB 2.0 'Enhanced' Host Controller (EHCI) Driver
[    1.962323] ehci-pci: EHCI PCI platform driver
[    1.966811] ehci-platform: EHCI generic platform driver
[    1.972244] ehci-orion: EHCI orion driver
[    1.976432] SPEAr-ehci: EHCI SPEAr driver
[    1.980578] ehci-st: EHCI STMicroelectronics driver
[    1.985610] ehci-exynos: EHCI EXYNOS driver
[    1.989950] ehci-atmel: EHCI Atmel driver
[    1.994114] tegra-ehci: Tegra EHCI driver
[    2.000966] tegra-ehci 7d004000.usb: EHCI Host Controller
[    2.006397] tegra-ehci 7d004000.usb: new USB bus registered, assigned bus number 1
[    2.014143] tegra-ehci 7d004000.usb: irq 356, io mem 0x7d004000
[    2.043810] tegra-ehci 7d004000.usb: USB 2.0 started, EHCI 1.10
[    2.050400] hub 1-0:1.0: USB hub found
[    2.054202] hub 1-0:1.0: 1 port detected
[    2.058679] ohci_hcd: USB 1.1 'Open' Host Controller (OHCI) Driver
[    2.064879] ohci-pci: OHCI PCI platform driver
[    2.069352] ohci-platform: OHCI generic platform driver
[    2.074789] SPEAr-ohci: OHCI SPEAr driver
[    2.078941] ohci-st: OHCI STMicroelectronics driver
[    2.083970] ohci-atmel: OHCI Atmel driver
[    2.088776] usbcore: registered new interface driver usb-storage
[    2.096578] iommu: Adding device ci_hdrc.0 to group 72
[    2.108841] as3722-rtc as3722-rtc: rtc core: registered as3722-rtc as rtc0
[    2.115731] as3722-rtc as3722-rtc: RTC interrupt 379
[    2.124171] tegra_rtc 7000e000.rtc: rtc core: registered 7000e000.rtc as rtc1
[    2.131343] tegra_rtc 7000e000.rtc: Tegra internal Real Time Clock
[    2.138112] i2c /dev entries driver
[    2.148770] lm90 0-004c: 0-004c supply vcc not found, using dummy regulator
[    2.164065] iommu: Adding device cpufreq-tegra124 to group 73
[    2.172259] sdhci: Secure Digital Host Controller Interface driver
[    2.178448] sdhci: Copyright(c) Pierre Ossman
[    2.184611] Synopsys Designware Multimedia Card Interface Driver
[    2.192166] sdhci-pltfm: SDHCI platform and OF driver helper
[    2.198653] sdhci-tegra 700b0400.sdhci: Got CD GPIO
[    2.203541] sdhci-tegra 700b0400.sdhci: Got WP GPIO
[    2.223826] mmc0: Unknown controller version (3). You may experience problems.
[    2.231086] mmc0: Invalid maximum block size, assuming 512 bytes
[    2.293807] mmc0: SDHCI controller on 700b0600.sdhci [700b0600.sdhci] using ADMA
[    2.303403] ledtrig-cpu: registered to indicate activity on CPUs
[    2.309710] usbcore: registered new interface driver usbhid
[    2.315294] usbhid: USB HID core driver
[    2.323295] NET: Registered protocol family 10
[    2.328596] Segment Routing with IPv6
[    2.332322] sit: IPv6, IPv4 and MPLS over IPv4 tunneling driver
[    2.338765] NET: Registered protocol family 17
[    2.343210] can: controller area network core (rev 20170425 abi 9)
[    2.349457] NET: Registered protocol family 29
[    2.353915] can: raw protocol (rev 20170425)
[    2.358179] can: broadcast manager protocol (rev 20170425 t)
[    2.363850] can: netlink gateway (rev 20170425) max_hops=1
[    2.369607] Key type dns_resolver registered
[    2.374403] ThumbEE CPU extension supported.
[    2.378673] Registering SWP/SWPB emulation handler
[    2.383990] Loading compiled-in X.509 certificates
[    2.402207] +3.3V_RUN: supplied by +3.3V_SYS
[    2.407955] +USB0_VBUS_SW: supplied by +5V_SYS
[    2.412592] +3.3V_AVDD_HDMI_AP_GATED: supplied by +3.3V_RUN
[    2.418605] +5V_USB_HS: supplied by +5V_SYS
[    2.424265] +3.3V_LP0: supplied by +3.3V_SYS
[    2.430422] +5V_HDMI_CON: supplied by +5V_SYS
[    2.435365] +5V_SATA: supplied by +5V_SYS
[    2.440217] +12V_SATA: supplied by +VDD_MUX
[    2.444650] mmc0: new high speed MMC card at address 0001
[    2.446259]  usb2-0: usb2-0 supply vbus not found, using dummy regulator
[    2.446395]  usb2-1: usb2-1 supply vbus not found, using dummy regulator
[    2.446713]  usb3-0: usb3-0 supply vbus not found, using dummy regulator
[    2.448061] tegra-pcie 1003000.pcie: 2x1, 1x1 configuration
[    2.448115] tegra-pcie 1003000.pcie: Failed to get supply 'avddio-pex': -517
[    2.451427] tegra124-dfll 70110000.clock: couldn't get vdd_cpu regulator
[    2.455389] tegra-hdmi 54280000.hdmi: failed to get PLL regulator
[    2.461213] as3722-sd2: supplied by +5V_SYS
[    2.461547] as3722-sd3: supplied by +5V_SYS
[    2.461837] as3722-sd4: supplied by +5V_SYS
[    2.462102] as3722-sd5: supplied by +5V_SYS
[    2.463944] as3722-ldo0: supplied by +1.35V_LP0(sd2)
[    2.465114] as3722-ldo1: supplied by +3.3V_RUN
[    2.465481] as3722-ldo2: supplied by +1.8V_VDDIO
[    2.466417] as3722-ldo3: supplied by +3.3V_SYS
[    2.467322] as3722-ldo4: supplied by +3.3V_SYS
[    2.467624] as3722-ldo5: supplied by +1.8V_VDDIO
[    2.467920] as3722-ldo6: supplied by +3.3V_RUN
[    2.468227] as3722-ldo7: supplied by +1.8V_VDDIO
[    2.468816] +1.05V_RUN_CAM_REAR: Bringing 0uV into 1050000-1050000uV
[    2.469523] as3722-ldo9: supplied by +5V_SYS
[    2.470808] +3.3V_RUN_TOUCH: Bringing 0uV into 2800000-2800000uV
[    2.471288] as3722-ldo10: supplied by +5V_SYS
[    2.471545] +2.8V_RUN_CAM_AF: Bringing 0uV into 2800000-2800000uV
[    2.472283] as3722-ldo11: supplied by +3.3V_RUN
[    2.472873] +1.8V_RUN_VPP_FUSE: Bringing 0uV into 1800000-1800000uV
[    2.476806] tegra-ahci 70027000.sata: AHCI 0001.0301 32 slots 2 ports 3 Gbps 0x1 impl platform mode
[    2.476819] tegra-ahci 70027000.sata: flags: 64bit ncq sntf pm led pio slum part sadm sds apst 
[    2.478177] scsi host0: tegra-ahci
[    2.479358] scsi host1: tegra-ahci
[    2.479655] ata1: SATA max UDMA/133 mmio [mem 0x70027000-0x70028fff] port 0x100 irq 345
[    2.479661] ata2: DUMMY
[    2.483396] tegra-ehci 7d008000.usb: EHCI Host Controller
[    2.483422] tegra-ehci 7d008000.usb: new USB bus registered, assigned bus number 2
[    2.483627] tegra-ehci 7d008000.usb: irq 357, io mem 0x7d008000
[    2.503925] tegra-ehci 7d008000.usb: USB 2.0 started, EHCI 1.10
[    2.504782] hub 2-0:1.0: USB hub found
[    2.504827] hub 2-0:1.0: 1 port detected
[    2.507897] sdhci-tegra 700b0400.sdhci: Got CD GPIO
[    2.507921] sdhci-tegra 700b0400.sdhci: Got WP GPIO
[    2.516414] mmc1: Unknown controller version (3). You may experience problems.
[    2.516523] mmc1: Invalid maximum block size, assuming 512 bytes
[    2.574436] mmc1: SDHCI controller on 700b0400.sdhci [700b0400.sdhci] using ADMA
[    2.575421] tegra-pcie 1003000.pcie: 2x1, 1x1 configuration
[    2.577786] tegra-pcie 1003000.pcie: probing port 0, using 2 lanes
[    2.581328] tegra-pcie 1003000.pcie: Slot present pin change, signature: 00000008
[    2.610166] tegra-pcie 1003000.pcie: probing port 1, using 1 lanes
[    2.612347] tegra-pcie 1003000.pcie: Slot present pin change, signature: 00000000
[    2.626125] tegra-pcie 1003000.pcie: PCI host bridge to bus 0000:00
[    2.626135] pci_bus 0000:00: root bus resource [io  0x0000-0xffff]
[    2.626143] pci_bus 0000:00: root bus resource [mem 0x13000000-0x1fffffff]
[    2.626151] pci_bus 0000:00: root bus resource [mem 0x20000000-0x3fffffff pref]
[    2.626160] pci_bus 0000:00: root bus resource [bus 00-ff]
[    2.626205] pci 0000:00:01.0: [10de:0e12] type 01 class 0x060400
[    2.626227] pci_bus 0000:00: 2-byte config write to 0000:00:01.0 offset 0x4 may corrupt adjacent RW1C bits
[    2.626240] pci_bus 0000:00: 2-byte config write to 0000:00:01.0 offset 0x4 may corrupt adjacent RW1C bits
[    2.626283] pci 0000:00:01.0: enabling Extended Tags
[    2.626294] pci_bus 0000:00: 2-byte config write to 0000:00:01.0 offset 0x88 may corrupt adjacent RW1C bits
[    2.626331] pci_bus 0000:00: 2-byte config write to 0000:00:01.0 offset 0x52 may corrupt adjacent RW1C bits
[    2.626386] pci 0000:00:01.0: PME# supported from D0 D1 D2 D3hot D3cold
[    2.626398] pci_bus 0000:00: 2-byte config write to 0000:00:01.0 offset 0x4c may corrupt adjacent RW1C bits
[    2.626668] pci 0000:00:02.0: [10de:0e13] type 01 class 0x060400
[    2.626687] pci_bus 0000:00: 2-byte config write to 0000:00:02.0 offset 0x4 may corrupt adjacent RW1C bits
[    2.626700] pci_bus 0000:00: 2-byte config write to 0000:00:02.0 offset 0x4 may corrupt adjacent RW1C bits
[    2.626744] pci 0000:00:02.0: enabling Extended Tags
[    2.626756] pci_bus 0000:00: 2-byte config write to 0000:00:02.0 offset 0x88 may corrupt adjacent RW1C bits
[    2.626790] pci_bus 0000:00: 2-byte config write to 0000:00:02.0 offset 0x52 may corrupt adjacent RW1C bits
[    2.626844] pci 0000:00:02.0: PME# supported from D0 D1 D2 D3hot D3cold
[    2.626855] pci_bus 0000:00: 2-byte config write to 0000:00:02.0 offset 0x4c may corrupt adjacent RW1C bits
[    2.627138] PCI: bus0: Fast back to back transfers disabled
[    2.627149] pci 0000:00:01.0: bridge configuration invalid ([bus 00-00]), reconfiguring
[    2.627169] pci 0000:00:02.0: bridge configuration invalid ([bus 00-00]), reconfiguring
[    2.627363] pci 0000:01:00.0: [8086:4232] type 00 class 0x028000
[    2.627422] pci 0000:01:00.0: reg 0x10: [mem 0x00000000-0x00001fff 64bit]
[    2.627714] PCI: bus1: Fast back to back transfers disabled
[    2.627725] pci_bus 0000:01: busn_res: [bus 01-ff] end is updated to 01
[    2.627908] pci 0000:02:00.0: [10ec:8168] type 00 class 0x020000
[    2.627948] pci 0000:02:00.0: reg 0x10: [io  0x0000-0x00ff]
[    2.627991] pci 0000:02:00.0: reg 0x18: [mem 0x00000000-0x00000fff 64bit]
[    2.628021] pci 0000:02:00.0: reg 0x20: [mem 0x00000000-0x00003fff 64bit pref]
[    2.628230] PCI: bus2: Fast back to back transfers disabled
[    2.628241] pci_bus 0000:02: busn_res: [bus 02-ff] end is updated to 02
[    2.628288] pci 0000:00:01.0: BAR 8: assigned [mem 0x13000000-0x130fffff]
[    2.628298] pci 0000:00:02.0: BAR 8: assigned [mem 0x13100000-0x131fffff]
[    2.628308] pci 0000:00:02.0: BAR 9: assigned [mem 0x20000000-0x200fffff 64bit pref]
[    2.628316] pci 0000:00:02.0: BAR 7: assigned [io  0x1000-0x1fff]
[    2.628329] pci 0000:01:00.0: BAR 0: assigned [mem 0x13000000-0x13001fff 64bit]
[    2.628361] pci 0000:00:01.0: PCI bridge to [bus 01]
[    2.628376] pci 0000:00:01.0:   bridge window [mem 0x13000000-0x130fffff]
[    2.628398] pci 0000:02:00.0: BAR 4: assigned [mem 0x20000000-0x20003fff 64bit pref]
[    2.628424] pci 0000:02:00.0: BAR 2: assigned [mem 0x13100000-0x13100fff 64bit]
[    2.628450] pci 0000:02:00.0: BAR 0: assigned [io  0x1000-0x10ff]
[    2.628463] pci 0000:00:02.0: PCI bridge to [bus 02]
[    2.628471] pci 0000:00:02.0:   bridge window [io  0x1000-0x1fff]
[    2.628484] pci 0000:00:02.0:   bridge window [mem 0x13100000-0x131fffff]
[    2.628495] pci 0000:00:02.0:   bridge window [mem 0x20000000-0x200fffff 64bit pref]
[    2.628539] pci 0000:00:01.0: nv_msi_ht_cap_quirk didn't locate host bridge
[    2.628693] pcieport 0000:00:01.0: enabling device (0140 -> 0142)
[    2.628970] pcieport 0000:00:01.0: Signaling PME with IRQ 395
[    2.629172] pci 0000:00:02.0: nv_msi_ht_cap_quirk didn't locate host bridge
[    2.629293] pcieport 0000:00:02.0: enabling device (0140 -> 0143)
[    2.629544] pcieport 0000:00:02.0: Signaling PME with IRQ 396
[    2.629924] r8169 Gigabit Ethernet driver 2.3LK-NAPI loaded
[    2.629950] r8169 0000:02:00.0: enabling device (0140 -> 0143)
[    2.629997] r8169 0000:02:00.0 (unnamed net_device) (uninitialized): not PCI Express
[    2.655398] r8169 0000:02:00.0 eth0: RTL8168g/8111g at 0x30185647, 00:04:4b:3a:d9:81, XID 0c000800 IRQ 22
[    2.655407] r8169 0000:02:00.0 eth0: jumbo features [frames: 9200 bytes, tx checksumming: ko]
[    2.660779] +1.05V_RUN_AVDD_HDMI_PLL: supplied by +1.05V_RUN
[    2.663256] [drm] Supports vblank timestamp caching Rev 2 (21.10.2013).
[    2.663261] [drm] No driver support for vblank timestamp query.
[    2.663308] [drm] Cannot find any crtc or sizes
[    2.663386] [drm] Initialized tegra 0.0.0 20120330 for drm on minor 0
[    2.665295] iommu: Adding device cpufreq-dt.0 to group 74
[    2.666124] cpufreq: cpufreq_online: CPU0: Running at unlisted freq: 696000 KHz
[    2.666159] cpufreq: cpufreq_online: CPU0: Unlisted initial frequency changed to: 714000 KHz
[    2.666891] input: gpio-keys as /devices/soc0/gpio-keys/input/input0
[    2.671337] as3722-rtc as3722-rtc: setting system clock to 2000-01-01 00:04:10 UTC (946685050)
[    2.671690] +USB0_VBUS_SW: disabling
[    2.671703] +1.8V_RUN_CAM: disabling
[    2.671875] +2.8V_RUN_CAM: disabling
[    2.672064] +1.2V_RUN_CAM_FRONT: disabling
[    2.672253] +1.05V_RUN_CAM_REAR: disabling
[    2.672440] +3.3V_RUN_TOUCH: disabling
[    2.672621] +2.8V_RUN_CAM_AF: disabling
[    2.672802] +1.8V_RUN_VPP_FUSE: disabling
[    2.803476] tegra-hdmi 54280000.hdmi: cannot set audio to 48000 Hz at 297000000 Hz pixel clock
[    2.806406] ata1: SATA link down (SStatus 0 SControl 300)
[    2.807332] mmc1: new high speed SDHC card at address aaaa
[    2.807735] mmcblk1: mmc1:aaaa SD04G 3.69 GiB 
[    2.818976]  mmcblk1: p1 p2 p3
[    3.256950] mmcblk0: mmc0:0001 SEM16G 14.7 GiB 
[    3.257362] mmcblk0boot0: mmc0:0001 SEM16G partition 1 4.00 MiB
[    3.257633] mmcblk0boot1: mmc0:0001 SEM16G partition 2 4.00 MiB
[    3.257896] mmcblk0rpmb: mmc0:0001 SEM16G partition 3 4.00 MiB, chardev (237:0)
[    3.259610]  mmcblk0: p1
[    3.261130] EXT4-fs (mmcblk0p1): mounting ext3 file system using the ext4 subsystem
[    3.305975] EXT4-fs (mmcblk0p1): recovery complete
[    3.307084] EXT4-fs (mmcblk0p1): mounted filesystem with ordered data mode. Opts: (null)
[    3.307138] VFS: Mounted root (ext3 filesystem) on device 179:17.
[    3.311641] devtmpfs: mounted
[    3.390276] Console: switching to colour frame buffer device 512x135
[    3.391186] Freeing unused kernel memory: 2048K
[    3.571166] drm drm: fb0:  frame buffer device
bash: cannot set terminal process group (-1): Inappropriate ioctl for device
bash: no job control in this shell
root@(none):/# 