Diff for ./qemu-vexpress64/__internal/defconfig_log.txt
--- /tmp/fooa	2015-12-20 16:39:50.142822578 -0800
+++ /tmp/foob	2015-12-20 16:39:50.146822575 -0800
@@ -1,6 +1,6 @@
 Booting Linux on physical CPU 0x0
 Initializing cgroup subsys cpu
-Linux version 4.4.0-rc5+ (pwalmsley@tamien) (gcc version 4.9.2 20140904 (prerelease) (crosstool-NG linaro-1.13.1-4.9-2014.09 - Linaro GCC 4.9-2014.09) ) #1 SMP PREEMPT Sun Dec 13 18:05:26 PST 2015
+Linux version 4.4.0-rc6+ (pwalmsley@tamien) (gcc version 4.9.2 20140904 (prerelease) (crosstool-NG linaro-1.13.1-4.9-2014.09 - Linaro GCC 4.9-2014.09) ) #1 SMP PREEMPT Sun Dec 20 16:35:38 PST 2015
 Boot CPU: AArch64 Processor [411fd070]
 Memory limited to 1024MB
 efi: Getting EFI parameters from FDT:
@@ -20,7 +20,7 @@
 Dentry cache hash table entries: 131072 (order: 8, 1048576 bytes)
 Inode-cache hash table entries: 65536 (order: 7, 524288 bytes)
 software IO TLB [mem 0x79c00000-0x7dc00000] (64MB) mapped at [ffffffc039c00000-ffffffc03dbfffff]
-Memory: 938884K/1048576K available (5522K kernel code, 494K rwdata, 2340K rodata, 540K init, 209K bss, 93308K reserved, 16384K cma-reserved)
+Memory: 938868K/1048576K available (5526K kernel code, 506K rwdata, 2340K rodata, 540K init, 209K bss, 93324K reserved, 16384K cma-reserved)
 Virtual kernel memory layout:
     vmalloc : 0xffffff8000000000 - 0xffffffbdbfff0000   (   246 GB)
     vmemmap : 0xffffffbdc0000000 - 0xffffffbfc0000000   (     8 GB maximum)
@@ -29,9 +29,9 @@
     PCI I/O : 0xffffffbffae00000 - 0xffffffbffbe00000   (    16 MB)
     modules : 0xffffffbffc000000 - 0xffffffc000000000   (    64 MB)
     memory  : 0xffffffc000000000 - 0xffffffc040000000   (  1024 MB)
-      .init : 0xffffffc000830000 - 0xffffffc0008b7000   (   540 KB)
-      .text : 0xffffffc000080000 - 0xffffffc00082f9f4   (  7871 KB)
-      .data : 0xffffffc0008c8000 - 0xffffffc000943a00   (   495 KB)
+      .init : 0xffffffc000831000 - 0xffffffc0008b8000   (   540 KB)
+      .text : 0xffffffc000080000 - 0xffffffc0008309f4   (  7875 KB)
+      .data : 0xffffffc0008c9000 - 0xffffffc000947a00   (   507 KB)
 SLUB: HWalign=64, Order=0-3, MinObjects=0, CPUs=1, Nodes=1
 Preemptible hierarchical RCU implementation.
 	Build-time adjustment of leaf fanout to 64.
@@ -62,7 +62,7 @@
 NET: Registered protocol family 16
 cpuidle: using governor ladder
 cpuidle: using governor menu
-vdso: 2 pages (1 code @ ffffffc0008cd000, 1 data @ ffffffc0008cc000)
+vdso: 2 pages (1 code @ ffffffc0008d1000, 1 data @ ffffffc0008d0000)
 hw-breakpoint: found 6 breakpoint and 4 watchpoint registers.
 DMA: preallocated 256 KiB pool for atomic allocations
 Serial: AMBA PL011 UART driver
@@ -89,7 +89,7 @@
 kvm [1]: HYP mode not available
 futex hash table entries: 256 (order: 3, 32768 bytes)
 audit: initializing netlink subsys (disabled)
-audit: type=2000 audit(0.468:1): initialized
+audit: type=2000 audit(0.576:1): initialized
 HugeTLB registered 2 MB page size, pre-allocated 0 pages
 VFS: Disk quotas dquot_6.6.0
 VFS: Dquot-cache hash table entries: 512 (order 0, 4096 bytes)
@@ -134,8 +134,8 @@
 EXT4-fs (vda2): mounted filesystem with ordered data mode. Opts: (null)
 VFS: Mounted root (ext4 filesystem) on device 254:2.
 devtmpfs: mounted
-Freeing unused kernel memory: 540K (ffffffc000830000 - ffffffc0008b7000)
-Freeing alternatives memory: 48K (ffffffc0008b7000 - ffffffc0008c3000)
+Freeing unused kernel memory: 540K (ffffffc000831000 - ffffffc0008b8000)
+Freeing alternatives memory: 48K (ffffffc0008b8000 - ffffffc0008c4000)
 bash: cannot set terminal process group (-1): Inappropriate ioctl for device
 bash: no job control in this shell
 bash-4.3# 
\ No newline at end of file
Diff for ./tegra114-dalmore-a04/tegra114-dalmore/multi_v7_defconfig_log.txt
--- /tmp/fooa	2015-12-20 16:39:50.250822490 -0800
+++ /tmp/foob	2015-12-20 16:39:50.254822488 -0800
@@ -38,9 +38,9 @@
 	 #################################################################
 	 #################################################################
 	 ########################################################
-	 3.2 MiB/s
+	 3.3 MiB/s
 done
-Bytes transferred = 6543896 (63da18 hex)
+Bytes transferred = 6544040 (63daa8 hex)
 Tegra114 (Dalmore) # tftpboot 0x82000000 tegra114-dalmore.dtb
 Using asx0 device
 TFTP from server 192.168.100.1; our IP address is 192.168.100.100
@@ -51,7 +51,7 @@
 done
 Bytes transferred = 34894 (884e hex)
 Tegra114 (Dalmore) # bootz 0x81000000 - 0x82000000
-Kernel image @ 0x81000000 [ 0x000000 - 0x63da18 ]
+Kernel image @ 0x81000000 [ 0x000000 - 0x63daa8 ]
 ## Flattened Device Tree blob at 82000000
    Booting using the fdt blob at 0x82000000
    Loading Device Tree to 8fff4000, end 8ffff84d ... OK
@@ -59,7 +59,7 @@
 Starting kernel ...
 
 Booting Linux on physical CPU 0x0
-Linux version 4.4.0-rc5-55253-g9f9499a (pwalmsley@sellafield) (gcc version 4.7.3 20130328 (prerelease) (crosstool-NG linaro-1.13.1-4.7-2013.04-20130415 - Linaro GCC 2013.04) ) #1 SMP Sun Dec 13 18:03:30 PST 2015
+Linux version 4.4.0-rc6-55562-g4ef7675 (pwalmsley@sellafield) (gcc version 4.7.3 20130328 (prerelease) (crosstool-NG linaro-1.13.1-4.7-2013.04-20130415 - Linaro GCC 2013.04) ) #1 SMP Sun Dec 20 16:33:44 PST 2015
 CPU: ARMv7 Processor [412fc0f2] revision 2 (ARMv7), cr=10c5387d
 CPU: PIPT / VIPT nonaliasing data cache, PIPT instruction cache
 Machine model: NVIDIA Tegra114 Dalmore evaluation board
@@ -67,7 +67,7 @@
 cma: Reserved 64 MiB at 0xfb800000
 Memory policy: Data cache writealloc
 On node 0 totalpages: 524032
-free_area_init_node: node 0, pgdat c0fc43c0, node_mem_map eeff8000
+free_area_init_node: node 0, pgdat c0fc23c0, node_mem_map eeff8000
   DMA zone: 1536 pages used for memmap
   DMA zone: 0 pages reserved
   DMA zone: 196608 pages, LIFO batch:31
@@ -80,7 +80,7 @@
 PID hash table entries: 4096 (order: 2, 16384 bytes)
 Dentry cache hash table entries: 131072 (order: 7, 524288 bytes)
 Inode-cache hash table entries: 65536 (order: 6, 262144 bytes)
-Memory: 1998584K/2096128K available (8243K kernel code, 1040K rwdata, 3736K rodata, 1048K init, 340K bss, 32008K reserved, 65536K cma-reserved, 1244160K highmem)
+Memory: 1998592K/2096128K available (8239K kernel code, 1040K rwdata, 3736K rodata, 1044K init, 340K bss, 32000K reserved, 65536K cma-reserved, 1244160K highmem)
 Virtual kernel memory layout:
     vector  : 0xffff0000 - 0xffff1000   (   4 kB)
     fixmap  : 0xffc00000 - 0xfff00000   (3072 kB)
@@ -88,10 +88,10 @@
     lowmem  : 0xc0000000 - 0xf0000000   ( 768 MB)
     pkmap   : 0xbfe00000 - 0xc0000000   (   2 MB)
     modules : 0xbf000000 - 0xbfe00000   (  14 MB)
-      .text : 0xc0208000 - 0xc0dbbccc   (11984 kB)
-      .init : 0xc0dbc000 - 0xc0ec2000   (1048 kB)
-      .data : 0xc0ec2000 - 0xc0fc6320   (1041 kB)
-       .bss : 0xc0fc9000 - 0xc101e3e8   ( 341 kB)
+      .text : 0xc0208000 - 0xc0dbacc8   (11980 kB)
+      .init : 0xc0dbb000 - 0xc0ec0000   (1044 kB)
+      .data : 0xc0ec0000 - 0xc0fc4320   (1041 kB)
+       .bss : 0xc0fc7000 - 0xc101c3e8   ( 341 kB)
 SLUB: HWalign=64, Order=0-3, MinObjects=0, CPUs=4, Nodes=1
 Hierarchical RCU implementation.
 	Build-time adjustment of leaf fanout to 32.
@@ -205,7 +205,6 @@
 avdd-lcd: supplied by vdd-sys-3v3
 loop: module loaded
 m25p80 spi32766.0: w25q32dw (4096 Kbytes)
-spi32766.0: 'partitions' subnode not found on /spi@7000da00/spi-flash@0. Trying to parse direct subnodes as partitions.
 libphy: Fixed MDIO Bus: probed
 CAN device driver interface
 igb: Intel(R) Gigabit Ethernet Network Driver - version 5.3.0-k
@@ -277,9 +276,6 @@
 Registering SWP/SWPB emulation handler
 vdd-sys-5v0: supplied by vdd_ac_bat
 VDD_5V0_HDMI_CON: supplied by vdd-sys-5v0
-vdd_hdmi_5v0: supplied by vdd-sys-5v0
-[drm] Supports vblank timestamp caching Rev 2 (21.10.2013).
-[drm] No driver support for vblank timestamp query.
 mmc1: MAN_BKOPS_EN bit is not set
 mmc1: new high speed MMC card at address 0001
 mmcblk0: mmc1:0001 SEM32G 29.1 GiB 
@@ -287,6 +283,9 @@
 mmcblk0boot1: mmc1:0001 SEM32G partition 2 4.00 MiB
 mmcblk0rpmb: mmc1:0001 SEM32G partition 3 4.00 MiB
  mmcblk0: p1 p2 p3 p4 p5 p6 p7 p8
+vdd_hdmi_5v0: supplied by vdd-sys-5v0
+[drm] Supports vblank timestamp caching Rev 2 (21.10.2013).
+[drm] No driver support for vblank timestamp query.
 Console: switching to colour frame buffer device 240x75
 drm drm: fb0:  frame buffer device
 [drm] Initialized tegra 0.0.0 20120330 on minor 0
@@ -298,7 +297,7 @@
 hub 1-0:1.0: USB hub found
 hub 1-0:1.0: 1 port detected
 input: gpio-keys as /devices/soc0/gpio-keys/input/input0
-palmas-rtc 7000d000.i2c:tps65913@58:rtc: setting system clock to 2000-06-25 11:02:45 UTC (961930965)
+palmas-rtc 7000d000.i2c:tps65913@58:rtc: setting system clock to 2000-07-02 09:33:20 UTC (962530400)
 dvdd_ts: disabling
 usb1_vbus: disabling
 vdd_cam_1v8_reg: disabling
@@ -307,7 +306,7 @@
 EXT4-fs (mmcblk0p1): mounted filesystem with ordered data mode. Opts: (null)
 VFS: Mounted root (ext3 filesystem) on device 179:1.
 devtmpfs: mounted
-Freeing unused kernel memory: 1048K (c0dbc000 - c0ec2000)
+Freeing unused kernel memory: 1044K (c0dbb000 - c0ec0000)
 bash: cannot set terminal process group (-1): Inappropriate ioctl for device
 bash: no job control in this shell
-root@(none):/# [    2.248938] usb 1-1: new high-speed USB device number 2 using tegra-ehci
+root@(none):/# [    2.239012] usb 1-1: new high-speed USB device number 2 using tegra-ehci
Diff for ./tegra114-dalmore-a04/tegra114-dalmore/tegra_defconfig_log.txt
--- /tmp/fooa	2015-12-20 16:39:50.278822467 -0800
+++ /tmp/foob	2015-12-20 16:39:50.282822464 -0800
@@ -37,9 +37,9 @@
 	 #################################################################
 	 #################################################################
 	 ##############################
-	 3.1 MiB/s
+	 3.3 MiB/s
 done
-Bytes transferred = 5202280 (4f6168 hex)
+Bytes transferred = 5204200 (4f68e8 hex)
 Tegra114 (Dalmore) # tftpboot 0x82000000 tegra114-dalmore.dtb
 Using asx0 device
 TFTP from server 192.168.100.1; our IP address is 192.168.100.100
@@ -50,7 +50,7 @@
 done
 Bytes transferred = 34894 (884e hex)
 Tegra114 (Dalmore) # bootz 0x81000000 - 0x82000000
-Kernel image @ 0x81000000 [ 0x000000 - 0x4f6168 ]
+Kernel image @ 0x81000000 [ 0x000000 - 0x4f68e8 ]
 ## Flattened Device Tree blob at 82000000
    Booting using the fdt blob at 0x82000000
    Loading Device Tree to 8fff4000, end 8ffff84d ... OK
@@ -61,7 +61,7 @@
 Booting Linux on physical CPU 0x0
 Initializing cgroup subsys cpu
 Initializing cgroup subsys cpuacct
-Linux version 4.4.0-rc5-55253-g9f9499a (pwalmsley@kaivo) (gcc version 4.7.3 20130328 (prerelease) (crosstool-NG linaro-1.13.1-4.7-2013.04-20130415 - Linaro GCC 2013.04) ) #1 SMP PREEMPT Sun Dec 13 18:03:50 PST 2015
+Linux version 4.4.0-rc6-55562-g4ef7675 (pwalmsley@kaivo) (gcc version 4.7.3 20130328 (prerelease) (crosstool-NG linaro-1.13.1-4.7-2013.04-20130415 - Linaro GCC 2013.04) ) #1 SMP PREEMPT Sun Dec 20 16:34:02 PST 2015
 CPU: ARMv7 Processor [412fc0f2] revision 2 (ARMv7), cr=10c5387d
 CPU: PIPT / VIPT nonaliasing data cache, PIPT instruction cache
 Machine model: NVIDIA Tegra114 Dalmore evaluation board
@@ -83,7 +83,7 @@
 PID hash table entries: 4096 (order: 2, 16384 bytes)
 Dentry cache hash table entries: 131072 (order: 7, 524288 bytes)
 Inode-cache hash table entries: 65536 (order: 6, 262144 bytes)
-Memory: 2002352K/2096128K available (7127K kernel code, 352K rwdata, 2452K rodata, 336K init, 364K bss, 28240K reserved, 65536K cma-reserved, 1244160K highmem)
+Memory: 2002352K/2096128K available (7131K kernel code, 352K rwdata, 2452K rodata, 332K init, 364K bss, 28240K reserved, 65536K cma-reserved, 1244160K highmem)
 Virtual kernel memory layout:
     vector  : 0xffff0000 - 0xffff1000   (   4 kB)
     fixmap  : 0xffc00000 - 0xfff00000   (3072 kB)
@@ -91,8 +91,8 @@
     lowmem  : 0xc0000000 - 0xf0000000   ( 768 MB)
     pkmap   : 0xbfe00000 - 0xc0000000   (   2 MB)
     modules : 0xbf000000 - 0xbfe00000   (  14 MB)
-      .text : 0xc0008000 - 0xc09630c0   (9581 kB)
-      .init : 0xc0964000 - 0xc09b8000   ( 336 kB)
+      .text : 0xc0008000 - 0xc09640b4   (9585 kB)
+      .init : 0xc0965000 - 0xc09b8000   ( 332 kB)
       .data : 0xc09b8000 - 0xc0a10260   ( 353 kB)
        .bss : 0xc0a13000 - 0xc0a6e090   ( 365 kB)
 Preemptible hierarchical RCU implementation.
@@ -209,7 +209,6 @@
 avdd-lcd: supplied by vdd-sys-3v3
 loop: module loaded
 m25p80 spi32766.0: w25q32dw (4096 Kbytes)
-spi32766.0: 'partitions' subnode not found on /spi@7000da00/spi-flash@0. Trying to parse direct subnodes as partitions.
 CAN device driver interface
 igb: Intel(R) Gigabit Ethernet Network Driver - version 5.3.0-k
 igb: Copyright (c) 2007-2014 Intel Corporation.
@@ -301,7 +300,7 @@
 hub 1-0:1.0: USB hub found
 hub 1-0:1.0: 1 port detected
 input: gpio-keys as /devices/soc0/gpio-keys/input/input1
-palmas-rtc 7000d000.i2c:tps65913@58:rtc: setting system clock to 2000-06-25 11:03:15 UTC (961930995)
+palmas-rtc 7000d000.i2c:tps65913@58:rtc: setting system clock to 2000-07-02 09:33:53 UTC (962530433)
 dvdd_ts: disabling
 usb1_vbus: disabling
 vdd_cam_1v8_reg: disabling
@@ -312,7 +311,7 @@
 EXT4-fs (mmcblk0p1): mounted filesystem with ordered data mode. Opts: (null)
 VFS: Mounted root (ext3 filesystem) on device 179:1.
 devtmpfs: mounted
-Freeing unused kernel memory: 336K (c0964000 - c09b8000)
+Freeing unused kernel memory: 332K (c0965000 - c09b8000)
 bash: cannot set terminal process group (-1): Inappropriate ioctl for device
 bash: no job control in this shell
-root@(none):/# [    2.545402] usb 1-1: new high-speed USB device number 2 using tegra-ehci
+root@(none):/# [    2.545577] usb 1-1: new high-speed USB device number 2 using tegra-ehci
Diff for ./tegra124-jetson-tk1/tegra124-jetson-tk1/multi_v7_defconfig_log.txt
--- /tmp/fooa	2015-12-20 16:39:50.290822458 -0800
+++ /tmp/foob	2015-12-20 16:39:50.290822458 -0800
@@ -40,9 +40,9 @@
 	 #################################################################
 	 #################################################################
 	 ########################################################
-	 3.1 MiB/s
+	 3.2 MiB/s
 done
-Bytes transferred = 6543896 (63da18 hex)
+Bytes transferred = 6544040 (63daa8 hex)
 Tegra124 (Jetson TK1) # tftpboot 0x83000000 tegra124-jetson-tk1.dtb
 Using asx0 device
 TFTP from server 192.168.100.1; our IP address is 192.168.100.102
@@ -53,7 +53,7 @@
 done
 Bytes transferred = 64138 (fa8a hex)
 Tegra124 (Jetson TK1) # bootz 0x82000000 - 0x83000000
-Kernel image @ 0x82000000 [ 0x000000 - 0x63da18 ]
+Kernel image @ 0x82000000 [ 0x000000 - 0x63daa8 ]
 ## Flattened Device Tree blob at 83000000
    Booting using the fdt blob at 0x83000000
    Using Device Tree in place at 83000000, end 83012a89
@@ -61,7 +61,7 @@
 Starting kernel ...
 
 Booting Linux on physical CPU 0x0
-Linux version 4.4.0-rc5-55253-g9f9499a (pwalmsley@sellafield) (gcc version 4.7.3 20130328 (prerelease) (crosstool-NG linaro-1.13.1-4.7-2013.04-20130415 - Linaro GCC 2013.04) ) #1 SMP Sun Dec 13 18:03:30 PST 2015
+Linux version 4.4.0-rc6-55562-g4ef7675 (pwalmsley@sellafield) (gcc version 4.7.3 20130328 (prerelease) (crosstool-NG linaro-1.13.1-4.7-2013.04-20130415 - Linaro GCC 2013.04) ) #1 SMP Sun Dec 20 16:33:44 PST 2015
 CPU: ARMv7 Processor [413fc0f3] revision 3 (ARMv7), cr=10c5387d
 CPU: PIPT / VIPT nonaliasing data cache, PIPT instruction cache
 Machine model: NVIDIA Tegra124 Jetson TK1
@@ -69,7 +69,7 @@
 cma: Reserved 64 MiB at 0xfb800000
 Memory policy: Data cache writealloc
 On node 0 totalpages: 524032
-free_area_init_node: node 0, pgdat c0fc43c0, node_mem_map eeff8000
+free_area_init_node: node 0, pgdat c0fc23c0, node_mem_map eeff8000
   DMA zone: 1536 pages used for memmap
   DMA zone: 0 pages reserved
   DMA zone: 196608 pages, LIFO batch:31
@@ -82,7 +82,7 @@
 PID hash table entries: 4096 (order: 2, 16384 bytes)
 Dentry cache hash table entries: 131072 (order: 7, 524288 bytes)
 Inode-cache hash table entries: 65536 (order: 6, 262144 bytes)
-Memory: 1998476K/2096128K available (8243K kernel code, 1040K rwdata, 3736K rodata, 1048K init, 340K bss, 32116K reserved, 65536K cma-reserved, 1244160K highmem)
+Memory: 1998484K/2096128K available (8239K kernel code, 1040K rwdata, 3736K rodata, 1044K init, 340K bss, 32108K reserved, 65536K cma-reserved, 1244160K highmem)
 Virtual kernel memory layout:
     vector  : 0xffff0000 - 0xffff1000   (   4 kB)
     fixmap  : 0xffc00000 - 0xfff00000   (3072 kB)
@@ -90,10 +90,10 @@
     lowmem  : 0xc0000000 - 0xf0000000   ( 768 MB)
     pkmap   : 0xbfe00000 - 0xc0000000   (   2 MB)
     modules : 0xbf000000 - 0xbfe00000   (  14 MB)
-      .text : 0xc0208000 - 0xc0dbbccc   (11984 kB)
-      .init : 0xc0dbc000 - 0xc0ec2000   (1048 kB)
-      .data : 0xc0ec2000 - 0xc0fc6320   (1041 kB)
-       .bss : 0xc0fc9000 - 0xc101e3e8   ( 341 kB)
+      .text : 0xc0208000 - 0xc0dbacc8   (11980 kB)
+      .init : 0xc0dbb000 - 0xc0ec0000   (1044 kB)
+      .data : 0xc0ec0000 - 0xc0fc4320   (1041 kB)
+       .bss : 0xc0fc7000 - 0xc101c3e8   ( 341 kB)
 SLUB: HWalign=64, Order=0-3, MinObjects=0, CPUs=4, Nodes=1
 Hierarchical RCU implementation.
 	Build-time adjustment of leaf fanout to 32.
@@ -208,7 +208,6 @@
 tegra-ahci 70027000.sata: Failed to get supply 'hvdd': -517
 tegra-ahci 70027000.sata: Failed to get regulators
 m25p80 spi32765.0: w25q32dw (4096 Kbytes)
-spi32765.0: 'partitions' subnode not found on /spi@0,7000da00/spi-flash@0. Trying to parse direct subnodes as partitions.
 libphy: Fixed MDIO Bus: probed
 CAN device driver interface
 igb: Intel(R) Gigabit Ethernet Network Driver - version 5.3.0-k
@@ -290,14 +289,14 @@
 +1.05V_RUN_AVDD: supplied by +1.35V_LP0(sd2)
 mmc0: MAN_BKOPS_EN bit is not set
 mmc0: new high speed MMC card at address 0001
-tegra-pcie 1003000.pcie-controller: probing port 0, using 2 lanes
-tegra-pcie 1003000.pcie-controller: Slot present pin change, signature: 00000008
 mmcblk0: mmc0:0001 SEM16G 14.6 GiB 
 mmcblk0boot0: mmc0:0001 SEM16G partition 1 4.00 MiB
 mmcblk0boot1: mmc0:0001 SEM16G partition 2 4.00 MiB
 mmcblk0rpmb: mmc0:0001 SEM16G partition 3 4.00 MiB
 Primary GPT is invalid, using alternate GPT.
  mmcblk0: p1 p2 p3 p4 p5 p6 p7 p8 p9
+tegra-pcie 1003000.pcie-controller: probing port 0, using 2 lanes
+tegra-pcie 1003000.pcie-controller: Slot present pin change, signature: 00000008
 tegra-pcie 1003000.pcie-controller: link 0 down, retrying
 tegra-pcie 1003000.pcie-controller: link 0 down, retrying
 tegra-pcie 1003000.pcie-controller: link 0 down, retrying
@@ -350,7 +349,7 @@
 mmc1: Invalid maximum block size, assuming 512 bytes
 mmc1: SDHCI controller on 700b0400.sdhci [700b0400.sdhci] using ADMA 64-bit
 input: gpio-keys as /devices/soc0/gpio-keys/input/input0
-as3722-rtc as3722-rtc: setting system clock to 2000-01-01 00:00:18 UTC (946684818)
+as3722-rtc as3722-rtc: setting system clock to 2000-01-03 12:45:15 UTC (946903515)
 +1.8V_RUN_CAM: disabling
 +2.8V_RUN_CAM: disabling
 +1.2V_RUN_CAM_FRONT: disabling
@@ -362,12 +361,12 @@
 ata1: SATA link down (SStatus 0 SControl 300)
 EXT4-fs (mmcblk0p1): couldn't mount as ext3 due to feature incompatibilities
 EXT4-fs (mmcblk0p1): couldn't mount as ext2 due to feature incompatibilities
+usb 2-1: new high-speed USB device number 2 using tegra-ehci
 EXT4-fs (mmcblk0p1): recovery complete
 EXT4-fs (mmcblk0p1): mounted filesystem with ordered data mode. Opts: (null)
-usb 2-1: new high-speed USB device number 2 using tegra-ehci
 VFS: Mounted root (ext4 filesystem) on device 179:1.
 devtmpfs: mounted
-Freeing unused kernel memory: 1048K (c0dbc000 - c0ec2000)
+Freeing unused kernel memory: 1044K (c0dbb000 - c0ec0000)
 bash: cannot set terminal process group (-1): Inappropriate ioctl for device
 bash: no job control in this shell
 root@(none):/# 
\ No newline at end of file
Diff for ./tegra124-jetson-tk1/tegra124-jetson-tk1/tegra_defconfig_log.txt
--- /tmp/fooa	2015-12-20 16:39:50.306822445 -0800
+++ /tmp/foob	2015-12-20 16:39:50.306822445 -0800
@@ -39,9 +39,9 @@
 	 #################################################################
 	 #################################################################
 	 ##############################
-	 3.1 MiB/s
+	 3.2 MiB/s
 done
-Bytes transferred = 5202280 (4f6168 hex)
+Bytes transferred = 5204200 (4f68e8 hex)
 Tegra124 (Jetson TK1) # tftpboot 0x83000000 tegra124-jetson-tk1.dtb
 Using asx0 device
 TFTP from server 192.168.100.1; our IP address is 192.168.100.102
@@ -52,7 +52,7 @@
 done
 Bytes transferred = 64138 (fa8a hex)
 Tegra124 (Jetson TK1) # bootz 0x82000000 - 0x83000000
-Kernel image @ 0x82000000 [ 0x000000 - 0x4f6168 ]
+Kernel image @ 0x82000000 [ 0x000000 - 0x4f68e8 ]
 ## Flattened Device Tree blob at 83000000
    Booting using the fdt blob at 0x83000000
    Using Device Tree in place at 83000000, end 83012a89
@@ -63,7 +63,7 @@
 Booting Linux on physical CPU 0x0
 Initializing cgroup subsys cpu
 Initializing cgroup subsys cpuacct
-Linux version 4.4.0-rc5-55253-g9f9499a (pwalmsley@kaivo) (gcc version 4.7.3 20130328 (prerelease) (crosstool-NG linaro-1.13.1-4.7-2013.04-20130415 - Linaro GCC 2013.04) ) #1 SMP PREEMPT Sun Dec 13 18:03:50 PST 2015
+Linux version 4.4.0-rc6-55562-g4ef7675 (pwalmsley@kaivo) (gcc version 4.7.3 20130328 (prerelease) (crosstool-NG linaro-1.13.1-4.7-2013.04-20130415 - Linaro GCC 2013.04) ) #1 SMP PREEMPT Sun Dec 20 16:34:02 PST 2015
 CPU: ARMv7 Processor [413fc0f3] revision 3 (ARMv7), cr=10c5387d
 CPU: PIPT / VIPT nonaliasing data cache, PIPT instruction cache
 Machine model: NVIDIA Tegra124 Jetson TK1
@@ -85,7 +85,7 @@
 PID hash table entries: 4096 (order: 2, 16384 bytes)
 Dentry cache hash table entries: 131072 (order: 7, 524288 bytes)
 Inode-cache hash table entries: 65536 (order: 6, 262144 bytes)
-Memory: 2002244K/2096128K available (7127K kernel code, 352K rwdata, 2452K rodata, 336K init, 364K bss, 28348K reserved, 65536K cma-reserved, 1244160K highmem)
+Memory: 2002244K/2096128K available (7131K kernel code, 352K rwdata, 2452K rodata, 332K init, 364K bss, 28348K reserved, 65536K cma-reserved, 1244160K highmem)
 Virtual kernel memory layout:
     vector  : 0xffff0000 - 0xffff1000   (   4 kB)
     fixmap  : 0xffc00000 - 0xfff00000   (3072 kB)
@@ -93,8 +93,8 @@
     lowmem  : 0xc0000000 - 0xf0000000   ( 768 MB)
     pkmap   : 0xbfe00000 - 0xc0000000   (   2 MB)
     modules : 0xbf000000 - 0xbfe00000   (  14 MB)
-      .text : 0xc0008000 - 0xc09630c0   (9581 kB)
-      .init : 0xc0964000 - 0xc09b8000   ( 336 kB)
+      .text : 0xc0008000 - 0xc09640b4   (9585 kB)
+      .init : 0xc0965000 - 0xc09b8000   ( 332 kB)
       .data : 0xc09b8000 - 0xc0a10260   ( 353 kB)
        .bss : 0xc0a13000 - 0xc0a6e090   ( 365 kB)
 Preemptible hierarchical RCU implementation.
@@ -212,7 +212,6 @@
 tegra-ahci 70027000.sata: Failed to get supply 'hvdd': -517
 tegra-ahci 70027000.sata: Failed to get regulators
 m25p80 spi32765.0: w25q32dw (4096 Kbytes)
-spi32765.0: 'partitions' subnode not found on /spi@0,7000da00/spi-flash@0. Trying to parse direct subnodes as partitions.
 CAN device driver interface
 igb: Intel(R) Gigabit Ethernet Network Driver - version 5.3.0-k
 igb: Copyright (c) 2007-2014 Intel Corporation.
@@ -308,16 +307,42 @@
 tegra-pcie 1003000.pcie-controller: link 0 down, ignoring
 tegra-pcie 1003000.pcie-controller: probing port 1, using 1 lanes
 tegra-pcie 1003000.pcie-controller: Slot present pin change, signature: 00000000
-tegra-pcie 1003000.pcie-controller: link 1 down, retrying
-tegra-pcie 1003000.pcie-controller: link 1 down, retrying
-tegra-pcie 1003000.pcie-controller: link 1 down, retrying
-tegra-pcie 1003000.pcie-controller: link 1 down, ignoring
 tegra-pcie 1003000.pcie-controller: PCI host bridge to bus 0000:00
 pci_bus 0000:00: root bus resource [mem 0x13000000-0x1fffffff]
 pci_bus 0000:00: root bus resource [mem 0x20000000-0x3fffffff pref]
 pci_bus 0000:00: root bus resource [bus 00-ff]
 pci_bus 0000:00: root bus resource [io  0x1000-0xffff]
-PCI: bus0: Fast back to back transfers enabled
+pci 0000:00:02.0: [10de:0e13] type 01 class 0x060400
+pci 0000:00:02.0: PME# supported from D0 D1 D2 D3hot D3cold
+PCI: bus0: Fast back to back transfers disabled
+pci 0000:00:02.0: bridge configuration invalid ([bus 00-00]), reconfiguring
+pci 0000:01:00.0: [10ec:8168] type 00 class 0x020000
+pci 0000:01:00.0: reg 0x10: [io  0x0000-0x00ff]
+pci 0000:01:00.0: reg 0x18: [mem 0x00000000-0x00000fff 64bit]
+pci 0000:01:00.0: reg 0x20: [mem 0x00000000-0x00003fff 64bit pref]
+pci 0000:01:00.0: supports D1 D2
+pci 0000:01:00.0: PME# supported from D0 D1 D2 D3hot D3cold
+PCI: bus1: Fast back to back transfers disabled
+pci_bus 0000:01: busn_res: [bus 01-ff] end is updated to 01
+pci 0000:00:02.0: BAR 8: assigned [mem 0x13000000-0x130fffff]
+pci 0000:00:02.0: BAR 9: assigned [mem 0x20000000-0x200fffff 64bit pref]
+pci 0000:00:02.0: BAR 7: assigned [io  0x1000-0x1fff]
+pci 0000:01:00.0: BAR 4: assigned [mem 0x20000000-0x20003fff 64bit pref]
+pci 0000:01:00.0: BAR 2: assigned [mem 0x13000000-0x13000fff 64bit]
+pci 0000:01:00.0: BAR 0: assigned [io  0x1000-0x10ff]
+pci 0000:00:02.0: PCI bridge to [bus 01]
+pci 0000:00:02.0:   bridge window [io  0x1000-0x1fff]
+pci 0000:00:02.0:   bridge window [mem 0x13000000-0x130fffff]
+pci 0000:00:02.0:   bridge window [mem 0x20000000-0x200fffff 64bit pref]
+pci 0000:00:02.0: nv_msi_ht_cap_quirk didn't locate host bridge
+pcieport 0000:00:02.0: enabling device (0140 -> 0143)
+pcieport 0000:00:02.0: Signaling PME through PCIe PME interrupt
+pci 0000:01:00.0: Signaling PME through PCIe PME interrupt
+pcie_pme 0000:00:02.0:pcie01: service driver pcie_pme loaded
+r8169 Gigabit Ethernet driver 2.3LK-NAPI loaded
+r8169 0000:01:00.0: enabling device (0140 -> 0143)
+r8169 0000:01:00.0 eth0: RTL8168g/8111g at 0xf08f8000, 00:04:4b:25:b3:b4, XID 0c000800 IRQ 388
+r8169 0000:01:00.0 eth0: jumbo features [frames: 9200 bytes, tx checksumming: ko]
 +5V_HDMI_CON: supplied by +5V_SYS
 +1.05V_RUN_AVDD_HDMI_PLL: supplied by +1.05V_RUN
 +3.3V_RUN: supplied by +3.3V_SYS
@@ -354,7 +379,7 @@
 mmc1: Invalid maximum block size, assuming 512 bytes
 mmc1: SDHCI controller on 700b0400.sdhci [700b0400.sdhci] using ADMA 64-bit
 input: gpio-keys as /devices/soc0/gpio-keys/input/input2
-as3722-rtc as3722-rtc: setting system clock to 2000-01-01 00:00:19 UTC (946684819)
+as3722-rtc as3722-rtc: setting system clock to 2000-01-03 12:45:46 UTC (946903546)
 +1.8V_RUN_CAM: disabling
 +2.8V_RUN_CAM: disabling
 +1.2V_RUN_CAM_FRONT: disabling
@@ -373,7 +398,7 @@
 EXT4-fs (mmcblk0p1): mounted filesystem with ordered data mode. Opts: (null)
 VFS: Mounted root (ext4 filesystem) on device 179:1.
 devtmpfs: mounted
-Freeing unused kernel memory: 336K (c0964000 - c09b8000)
+Freeing unused kernel memory: 332K (c0965000 - c09b8000)
 bash: cannot set terminal process group (-1): Inappropriate ioctl for device
 bash: no job control in this shell
 root@(none):/# 
\ No newline at end of file
Diff for ./tegra20-trimslice/tegra20-trimslice/multi_v7_defconfig_log.txt
--- /tmp/fooa	2015-12-20 16:39:50.314822438 -0800
+++ /tmp/foob	2015-12-20 16:39:50.314822438 -0800
@@ -48,7 +48,7 @@
 	 ########################################################
 	 4 MiB/s
 done
-Bytes transferred = 6543896 (63da18 hex)
+Bytes transferred = 6544040 (63daa8 hex)
 Tegra20 (TrimSlice) # tftpboot 0x02408000 tegra20-trimslice.dtb
 Using RTL8169#0 device
 TFTP from server 192.168.100.1; our IP address is 192.168.100.103
@@ -59,7 +59,7 @@
 done
 Bytes transferred = 21130 (528a hex)
 Tegra20 (TrimSlice) # bootz 0x00408000 - 0x02408000
-Kernel image @ 0x408000 [ 0x000000 - 0x63da18 ]
+Kernel image @ 0x408000 [ 0x000000 - 0x63daa8 ]
 ## Flattened Device Tree blob at 02408000
    Booting using the fdt blob at 0x2408000
    Using Device Tree in place at 02408000, end 02410289
@@ -67,7 +67,7 @@
 Starting kernel ...
 
 Booting Linux on physical CPU 0x0
-Linux version 4.4.0-rc5-55253-g9f9499a (pwalmsley@sellafield) (gcc version 4.7.3 20130328 (prerelease) (crosstool-NG linaro-1.13.1-4.7-2013.04-20130415 - Linaro GCC 2013.04) ) #1 SMP Sun Dec 13 18:03:30 PST 2015
+Linux version 4.4.0-rc6-55562-g4ef7675 (pwalmsley@sellafield) (gcc version 4.7.3 20130328 (prerelease) (crosstool-NG linaro-1.13.1-4.7-2013.04-20130415 - Linaro GCC 2013.04) ) #1 SMP Sun Dec 20 16:33:44 PST 2015
 CPU: ARMv7 Processor [411fc090] revision 0 (ARMv7), cr=10c5387d
 CPU: PIPT / VIPT nonaliasing data cache, VIPT aliasing instruction cache
 Machine model: Compulab TrimSlice board
@@ -75,7 +75,7 @@
 cma: Reserved 64 MiB at 0x3c000000
 Memory policy: Data cache writealloc
 On node 0 totalpages: 262144
-free_area_init_node: node 0, pgdat c0fc43c0, node_mem_map ef7f8000
+free_area_init_node: node 0, pgdat c0fc23c0, node_mem_map ef7f8000
   DMA zone: 1536 pages used for memmap
   DMA zone: 0 pages reserved
   DMA zone: 196608 pages, LIFO batch:31
@@ -88,7 +88,7 @@
 PID hash table entries: 4096 (order: 2, 16384 bytes)
 Dentry cache hash table entries: 131072 (order: 7, 524288 bytes)
 Inode-cache hash table entries: 65536 (order: 6, 262144 bytes)
-Memory: 959392K/1048576K available (8243K kernel code, 1040K rwdata, 3736K rodata, 1048K init, 340K bss, 23648K reserved, 65536K cma-reserved, 196608K highmem)
+Memory: 959400K/1048576K available (8239K kernel code, 1040K rwdata, 3736K rodata, 1044K init, 340K bss, 23640K reserved, 65536K cma-reserved, 196608K highmem)
 Virtual kernel memory layout:
     vector  : 0xffff0000 - 0xffff1000   (   4 kB)
     fixmap  : 0xffc00000 - 0xfff00000   (3072 kB)
@@ -96,10 +96,10 @@
     lowmem  : 0xc0000000 - 0xf0000000   ( 768 MB)
     pkmap   : 0xbfe00000 - 0xc0000000   (   2 MB)
     modules : 0xbf000000 - 0xbfe00000   (  14 MB)
-      .text : 0xc0208000 - 0xc0dbbccc   (11984 kB)
-      .init : 0xc0dbc000 - 0xc0ec2000   (1048 kB)
-      .data : 0xc0ec2000 - 0xc0fc6320   (1041 kB)
-       .bss : 0xc0fc9000 - 0xc101e3e8   ( 341 kB)
+      .text : 0xc0208000 - 0xc0dbacc8   (11980 kB)
+      .init : 0xc0dbb000 - 0xc0ec0000   (1044 kB)
+      .data : 0xc0ec0000 - 0xc0fc4320   (1041 kB)
+       .bss : 0xc0fc7000 - 0xc101c3e8   ( 341 kB)
 SLUB: HWalign=64, Order=0-3, MinObjects=0, CPUs=2, Nodes=1
 Hierarchical RCU implementation.
 	Build-time adjustment of leaf fanout to 32.
@@ -237,7 +237,6 @@
 loop: module loaded
 m25p80 spi32766.0: found s25fl008k, expected w25q80bl
 m25p80 spi32766.0: s25fl008k (1024 Kbytes)
-spi32766.0: 'partitions' subnode not found on /spi@7000c380/spi-flash@0. Trying to parse direct subnodes as partitions.
 libphy: Fixed MDIO Bus: probed
 CAN device driver interface
 igb: Intel(R) Gigabit Ethernet Network Driver - version 5.3.0-k
@@ -323,28 +322,29 @@
 tegra-ehci c5000000.usb: EHCI Host Controller
 tegra-ehci c5000000.usb: new USB bus registered, assigned bus number 2
 tegra-ehci c5000000.usb: irq 288, io mem 0xc5000000
-mmc0: host does not support reading read-only switch, assuming write-enable
-mmc0: new high speed SDHC card at address b368
 usb 1-1: new high-speed USB device number 2 using tegra-ehci
-mmcblk0: mmc0:b368 NCard 3.70 GiB 
- mmcblk0: p1
+mmc0: host does not support reading read-only switch, assuming write-enable
 tegra-ehci c5000000.usb: USB 2.0 started, EHCI 1.00
 hub 2-0:1.0: USB hub found
 hub 2-0:1.0: 1 port detected
 input: gpio-keys as /devices/soc0/gpio-keys/input/input0
-rtc-em3027 2-0056: setting system clock to 2014-12-27 02:57:21 UTC (1419649041)
+rtc-em3027 2-0056: setting system clock to 2014-12-27 03:14:06 UTC (1419650046)
+Waiting for root device /dev/mmcblk0p1...
+mmc0: new high speed SDHC card at address b368
+mmcblk0: mmc0:b368 NCard 3.70 GiB 
+ mmcblk0: p1
 EXT4-fs (mmcblk0p1): mounting ext3 file system using the ext4 subsystem
 EXT4-fs (mmcblk0p1): recovery complete
 EXT4-fs (mmcblk0p1): mounted filesystem with ordered data mode. Opts: (null)
+VFS: Mounted root (ext3 filesystem) on device 179:1.
+devtmpfs: mounted
+Freeing unused kernel memory: 1044K (c0dbb000 - c0ec0000)
 hub 1-1:1.0: USB hub found
 hub 1-1:1.0: 4 ports detected
 mmc1: new high speed SD card at address b368
-VFS: Mounted root (ext3 filesystem) on device 179:1.
 mmcblk1: mmc1:b368 NCard 1.83 GiB (ro)
  mmcblk1: p1 p2
-devtmpfs: mounted
-Freeing unused kernel memory: 1048K (c0dbc000 - c0ec2000)
-usb 1-1.2: new high-speed USB device number 3 using tegra-ehci
 bash: cannot set terminal process group (-1): Inappropriate ioctl for device
 bash: no job control in this shell
+usb 1-1.2: new high-speed USB device number 3 using tegra-ehci
 root@(none):/# 
\ No newline at end of file
Diff for ./tegra20-trimslice/tegra20-trimslice/tegra_defconfig_log.txt
--- /tmp/fooa	2015-12-20 16:39:50.326822428 -0800
+++ /tmp/foob	2015-12-20 16:39:50.330822426 -0800
@@ -45,9 +45,9 @@
 	 #################################################################
 	 #################################################################
 	 ##############################
-	 4.1 MiB/s
+	 4 MiB/s
 done
-Bytes transferred = 5202280 (4f6168 hex)
+Bytes transferred = 5204200 (4f68e8 hex)
 Tegra20 (TrimSlice) # tftpboot 0x02408000 tegra20-trimslice.dtb
 Using RTL8169#0 device
 TFTP from server 192.168.100.1; our IP address is 192.168.100.103
@@ -58,7 +58,7 @@
 done
 Bytes transferred = 21130 (528a hex)
 Tegra20 (TrimSlice) # bootz 0x00408000 - 0x02408000
-Kernel image @ 0x408000 [ 0x000000 - 0x4f6168 ]
+Kernel image @ 0x408000 [ 0x000000 - 0x4f68e8 ]
 ## Flattened Device Tree blob at 02408000
    Booting using the fdt blob at 0x2408000
    Using Device Tree in place at 02408000, end 02410289
@@ -69,7 +69,7 @@
 Booting Linux on physical CPU 0x0
 Initializing cgroup subsys cpu
 Initializing cgroup subsys cpuacct
-Linux version 4.4.0-rc5-55253-g9f9499a (pwalmsley@kaivo) (gcc version 4.7.3 20130328 (prerelease) (crosstool-NG linaro-1.13.1-4.7-2013.04-20130415 - Linaro GCC 2013.04) ) #1 SMP PREEMPT Sun Dec 13 18:03:50 PST 2015
+Linux version 4.4.0-rc6-55562-g4ef7675 (pwalmsley@kaivo) (gcc version 4.7.3 20130328 (prerelease) (crosstool-NG linaro-1.13.1-4.7-2013.04-20130415 - Linaro GCC 2013.04) ) #1 SMP PREEMPT Sun Dec 20 16:34:02 PST 2015
 CPU: ARMv7 Processor [411fc090] revision 0 (ARMv7), cr=10c5387d
 CPU: PIPT / VIPT nonaliasing data cache, VIPT aliasing instruction cache
 Machine model: Compulab TrimSlice board
@@ -91,7 +91,7 @@
 PID hash table entries: 4096 (order: 2, 16384 bytes)
 Dentry cache hash table entries: 131072 (order: 7, 524288 bytes)
 Inode-cache hash table entries: 65536 (order: 6, 262144 bytes)
-Memory: 963160K/1048576K available (7127K kernel code, 352K rwdata, 2452K rodata, 336K init, 364K bss, 19880K reserved, 65536K cma-reserved, 196608K highmem)
+Memory: 963160K/1048576K available (7131K kernel code, 352K rwdata, 2452K rodata, 332K init, 364K bss, 19880K reserved, 65536K cma-reserved, 196608K highmem)
 Virtual kernel memory layout:
     vector  : 0xffff0000 - 0xffff1000   (   4 kB)
     fixmap  : 0xffc00000 - 0xfff00000   (3072 kB)
@@ -99,8 +99,8 @@
     lowmem  : 0xc0000000 - 0xf0000000   ( 768 MB)
     pkmap   : 0xbfe00000 - 0xc0000000   (   2 MB)
     modules : 0xbf000000 - 0xbfe00000   (  14 MB)
-      .text : 0xc0008000 - 0xc09630c0   (9581 kB)
-      .init : 0xc0964000 - 0xc09b8000   ( 336 kB)
+      .text : 0xc0008000 - 0xc09640b4   (9585 kB)
+      .init : 0xc0965000 - 0xc09b8000   ( 332 kB)
       .data : 0xc09b8000 - 0xc0a10260   ( 353 kB)
        .bss : 0xc0a13000 - 0xc0a6e090   ( 365 kB)
 Preemptible hierarchical RCU implementation.
@@ -243,7 +243,6 @@
 loop: module loaded
 m25p80 spi32766.0: found s25fl008k, expected w25q80bl
 m25p80 spi32766.0: s25fl008k (1024 Kbytes)
-spi32766.0: 'partitions' subnode not found on /spi@7000c380/spi-flash@0. Trying to parse direct subnodes as partitions.
 CAN device driver interface
 igb: Intel(R) Gigabit Ethernet Network Driver - version 5.3.0-k
 igb: Copyright (c) 2007-2014 Intel Corporation.
@@ -342,14 +341,14 @@
 utmi_phy_clk_enable: timeout waiting for phy to stabilize
 tegra-ehci c5000000.usb: EHCI Host Controller
 tegra-ehci c5000000.usb: new USB bus registered, assigned bus number 2
-hub 1-1:1.0: USB hub found
 tegra-ehci c5000000.usb: irq 288, io mem 0xc5000000
+hub 1-1:1.0: USB hub found
 hub 1-1:1.0: 4 ports detected
 tegra-ehci c5000000.usb: USB 2.0 started, EHCI 1.00
 hub 2-0:1.0: USB hub found
 hub 2-0:1.0: 1 port detected
 input: gpio-keys as /devices/soc0/gpio-keys/input/input0
-rtc-em3027 2-0056: setting system clock to 2014-12-27 02:57:41 UTC (1419649061)
+rtc-em3027 2-0056: setting system clock to 2014-12-27 03:14:26 UTC (1419650066)
 ALSA device list:
   #0: tegra-trimslice
 EXT4-fs (mmcblk0p1): mounting ext3 file system using the ext4 subsystem
@@ -357,7 +356,7 @@
 EXT4-fs (mmcblk0p1): mounted filesystem with ordered data mode. Opts: (null)
 VFS: Mounted root (ext3 filesystem) on device 179:1.
 devtmpfs: mounted
-Freeing unused kernel memory: 336K (c0964000 - c09b8000)
+Freeing unused kernel memory: 332K (c0965000 - c09b8000)
 usb 1-1.2: new high-speed USB device number 3 using tegra-ehci
 bash: cannot set terminal process group (-1): Inappropriate ioctl for device
 bash: no job control in this shell
Diff for ./tegra30-beaver/tegra30-beaver/multi_v7_defconfig_log.txt
--- /tmp/fooa	2015-12-20 16:39:50.342822416 -0800
+++ /tmp/foob	2015-12-20 16:39:50.342822416 -0800
@@ -38,9 +38,9 @@
 	 #################################################################
 	 #################################################################
 	 ########################################################
-	 3.4 MiB/s
+	 3.3 MiB/s
 done
-Bytes transferred = 6543896 (63da18 hex)
+Bytes transferred = 6544040 (63daa8 hex)
 Tegra30 (Beaver) # tftpboot 0x82000000 tegra30-beaver.dtb
 Using asx0 device
 TFTP from server 192.168.100.1; our IP address is 192.168.100.101
@@ -51,7 +51,7 @@
 done
 Bytes transferred = 51467 (c90b hex)
 Tegra30 (Beaver) # bootz 0x81000000 - 0x82000000
-Kernel image @ 0x81000000 [ 0x000000 - 0x63da18 ]
+Kernel image @ 0x81000000 [ 0x000000 - 0x63daa8 ]
 ## Flattened Device Tree blob at 82000000
    Booting using the fdt blob at 0x82000000
    Loading Device Tree to 8fff0000, end 8ffff90a ... OK
@@ -59,7 +59,7 @@
 Starting kernel ...
 
 Booting Linux on physical CPU 0x0
-Linux version 4.4.0-rc5-55253-g9f9499a (pwalmsley@sellafield) (gcc version 4.7.3 20130328 (prerelease) (crosstool-NG linaro-1.13.1-4.7-2013.04-20130415 - Linaro GCC 2013.04) ) #1 SMP Sun Dec 13 18:03:30 PST 2015
+Linux version 4.4.0-rc6-55562-g4ef7675 (pwalmsley@sellafield) (gcc version 4.7.3 20130328 (prerelease) (crosstool-NG linaro-1.13.1-4.7-2013.04-20130415 - Linaro GCC 2013.04) ) #1 SMP Sun Dec 20 16:33:44 PST 2015
 CPU: ARMv7 Processor [412fc099] revision 9 (ARMv7), cr=10c5387d
 CPU: PIPT / VIPT nonaliasing data cache, VIPT aliasing instruction cache
 Machine model: NVIDIA Tegra30 Beaver evaluation board
@@ -67,7 +67,7 @@
 cma: Reserved 64 MiB at 0xfb800000
 Memory policy: Data cache writealloc
 On node 0 totalpages: 524032
-free_area_init_node: node 0, pgdat c0fc43c0, node_mem_map eeff8000
+free_area_init_node: node 0, pgdat c0fc23c0, node_mem_map eeff8000
   DMA zone: 1536 pages used for memmap
   DMA zone: 0 pages reserved
   DMA zone: 196608 pages, LIFO batch:31
@@ -80,7 +80,7 @@
 PID hash table entries: 4096 (order: 2, 16384 bytes)
 Dentry cache hash table entries: 131072 (order: 7, 524288 bytes)
 Inode-cache hash table entries: 65536 (order: 6, 262144 bytes)
-Memory: 1998504K/2096128K available (8243K kernel code, 1040K rwdata, 3736K rodata, 1048K init, 340K bss, 32088K reserved, 65536K cma-reserved, 1244160K highmem)
+Memory: 1998512K/2096128K available (8239K kernel code, 1040K rwdata, 3736K rodata, 1044K init, 340K bss, 32080K reserved, 65536K cma-reserved, 1244160K highmem)
 Virtual kernel memory layout:
     vector  : 0xffff0000 - 0xffff1000   (   4 kB)
     fixmap  : 0xffc00000 - 0xfff00000   (3072 kB)
@@ -88,10 +88,10 @@
     lowmem  : 0xc0000000 - 0xf0000000   ( 768 MB)
     pkmap   : 0xbfe00000 - 0xc0000000   (   2 MB)
     modules : 0xbf000000 - 0xbfe00000   (  14 MB)
-      .text : 0xc0208000 - 0xc0dbbccc   (11984 kB)
-      .init : 0xc0dbc000 - 0xc0ec2000   (1048 kB)
-      .data : 0xc0ec2000 - 0xc0fc6320   (1041 kB)
-       .bss : 0xc0fc9000 - 0xc101e3e8   ( 341 kB)
+      .text : 0xc0208000 - 0xc0dbacc8   (11980 kB)
+      .init : 0xc0dbb000 - 0xc0ec0000   (1044 kB)
+      .data : 0xc0ec0000 - 0xc0fc4320   (1041 kB)
+       .bss : 0xc0fc7000 - 0xc101c3e8   ( 341 kB)
 SLUB: HWalign=64, Order=0-3, MinObjects=0, CPUs=4, Nodes=1
 Hierarchical RCU implementation.
 	Build-time adjustment of leaf fanout to 32.
@@ -213,7 +213,6 @@
 tegra-hdmi 54280000.hdmi: failed to get HDMI regulator
 loop: module loaded
 m25p80 spi32766.1: w25q32 (4096 Kbytes)
-spi32766.1: 'partitions' subnode not found on /spi@7000da00/spi-flash@1. Trying to parse direct subnodes as partitions.
 libphy: Fixed MDIO Bus: probed
 CAN device driver interface
 igb: Intel(R) Gigabit Ethernet Network Driver - version 5.3.0-k
@@ -285,12 +284,12 @@
 mmcblk0boot0: mmc1:0001 SEM16G partition 1 1.00 MiB
 mmcblk0boot1: mmc1:0001 SEM16G partition 2 1.00 MiB
 mmcblk0rpmb: mmc1:0001 SEM16G partition 3 128 KiB
-Primary GPT is invalid, using alternate GPT.
 tegra-pcie 3000.pcie-controller: 2x3 configuration
+Primary GPT is invalid, using alternate GPT.
+ mmcblk0: p1 p2 p3 p4 p5
 sys_3v3,vdd_3v3_alw: supplied by vdd_5v_in
 sys_3v3_pexs: supplied by sys_3v3,vdd_3v3_alw
 tegra-pcie 3000.pcie-controller: probing port 0, using 2 lanes
- mmcblk0: p1 p2 p3 p4 p5
 tegra-pcie 3000.pcie-controller: probing port 2, using 2 lanes
 tegra-pcie 3000.pcie-controller: link 2 down, retrying
 tegra-pcie 3000.pcie-controller: link 2 down, retrying
@@ -362,7 +361,7 @@
 EXT4-fs (mmcblk0p1): mounted filesystem with ordered data mode. Opts: (null)
 VFS: Mounted root (ext3 filesystem) on device 179:1.
 devtmpfs: mounted
-Freeing unused kernel memory: 1048K (c0dbc000 - c0ec2000)
+Freeing unused kernel memory: 1044K (c0dbb000 - c0ec0000)
 bash: cannot set terminal process group (-1): Inappropriate ioctl for device
 bash: no job control in this shell
-root@(none):/# [    3.738459] usb 2-1: new high-speed USB device number 2 using tegra-ehci
+root@(none):/# [    3.758412] usb 2-1: new high-speed USB device number 2 using tegra-ehci
Diff for ./tegra30-beaver/tegra30-beaver/tegra_defconfig_log.txt
--- /tmp/fooa	2015-12-20 16:39:50.346822413 -0800
+++ /tmp/foob	2015-12-20 16:39:50.350822410 -0800
@@ -37,20 +37,20 @@
 	 #################################################################
 	 #################################################################
 	 ##############################
-	 3.2 MiB/s
+	 3.3 MiB/s
 done
-Bytes transferred = 5202280 (4f6168 hex)
+Bytes transferred = 5204200 (4f68e8 hex)
 Tegra30 (Beaver) # tftpboot 0x82000000 tegra30-beaver.dtb
 Using asx0 device
 TFTP from server 192.168.100.1; our IP address is 192.168.100.101
 Filename 'tegra30-beaver.dtb'.
 Load address: 0x82000000
 Loading: *####
-	 3.1 MiB/s
+	 3.3 MiB/s
 done
 Bytes transferred = 51467 (c90b hex)
 Tegra30 (Beaver) # bootz 0x81000000 - 0x82000000
-Kernel image @ 0x81000000 [ 0x000000 - 0x4f6168 ]
+Kernel image @ 0x81000000 [ 0x000000 - 0x4f68e8 ]
 ## Flattened Device Tree blob at 82000000
    Booting using the fdt blob at 0x82000000
    Loading Device Tree to 8fff0000, end 8ffff90a ... OK
@@ -61,7 +61,7 @@
 Booting Linux on physical CPU 0x0
 Initializing cgroup subsys cpu
 Initializing cgroup subsys cpuacct
-Linux version 4.4.0-rc5-55253-g9f9499a (pwalmsley@kaivo) (gcc version 4.7.3 20130328 (prerelease) (crosstool-NG linaro-1.13.1-4.7-2013.04-20130415 - Linaro GCC 2013.04) ) #1 SMP PREEMPT Sun Dec 13 18:03:50 PST 2015
+Linux version 4.4.0-rc6-55562-g4ef7675 (pwalmsley@kaivo) (gcc version 4.7.3 20130328 (prerelease) (crosstool-NG linaro-1.13.1-4.7-2013.04-20130415 - Linaro GCC 2013.04) ) #1 SMP PREEMPT Sun Dec 20 16:34:02 PST 2015
 CPU: ARMv7 Processor [412fc099] revision 9 (ARMv7), cr=10c5387d
 CPU: PIPT / VIPT nonaliasing data cache, VIPT aliasing instruction cache
 Machine model: NVIDIA Tegra30 Beaver evaluation board
@@ -83,7 +83,7 @@
 PID hash table entries: 4096 (order: 2, 16384 bytes)
 Dentry cache hash table entries: 131072 (order: 7, 524288 bytes)
 Inode-cache hash table entries: 65536 (order: 6, 262144 bytes)
-Memory: 2002272K/2096128K available (7127K kernel code, 352K rwdata, 2452K rodata, 336K init, 364K bss, 28320K reserved, 65536K cma-reserved, 1244160K highmem)
+Memory: 2002272K/2096128K available (7131K kernel code, 352K rwdata, 2452K rodata, 332K init, 364K bss, 28320K reserved, 65536K cma-reserved, 1244160K highmem)
 Virtual kernel memory layout:
     vector  : 0xffff0000 - 0xffff1000   (   4 kB)
     fixmap  : 0xffc00000 - 0xfff00000   (3072 kB)
@@ -91,8 +91,8 @@
     lowmem  : 0xc0000000 - 0xf0000000   ( 768 MB)
     pkmap   : 0xbfe00000 - 0xc0000000   (   2 MB)
     modules : 0xbf000000 - 0xbfe00000   (  14 MB)
-      .text : 0xc0008000 - 0xc09630c0   (9581 kB)
-      .init : 0xc0964000 - 0xc09b8000   ( 336 kB)
+      .text : 0xc0008000 - 0xc09640b4   (9585 kB)
+      .init : 0xc0965000 - 0xc09b8000   ( 332 kB)
       .data : 0xc09b8000 - 0xc0a10260   ( 353 kB)
        .bss : 0xc0a13000 - 0xc0a6e090   ( 365 kB)
 Preemptible hierarchical RCU implementation.
@@ -217,7 +217,6 @@
 tegra-hdmi 54280000.hdmi: failed to get HDMI regulator
 loop: module loaded
 m25p80 spi32766.1: w25q32 (4096 Kbytes)
-spi32766.1: 'partitions' subnode not found on /spi@7000da00/spi-flash@1. Trying to parse direct subnodes as partitions.
 CAN device driver interface
 igb: Intel(R) Gigabit Ethernet Network Driver - version 5.3.0-k
 igb: Copyright (c) 2007-2014 Intel Corporation.
@@ -368,7 +367,7 @@
 EXT4-fs (mmcblk0p1): mounted filesystem with ordered data mode. Opts: (null)
 VFS: Mounted root (ext3 filesystem) on device 179:1.
 devtmpfs: mounted
-Freeing unused kernel memory: 336K (c0964000 - c09b8000)
+Freeing unused kernel memory: 332K (c0965000 - c09b8000)
 bash: cannot set terminal process group (-1): Inappropriate ioctl for device
 bash: no job control in this shell
-root@(none):/# [    4.170542] usb 2-1: new high-speed USB device number 2 using tegra-ehci
+root@(none):/# [    4.170568] usb 2-1: new high-speed USB device number 2 using tegra-ehci
