Diff for ./qemu-vexpress64/__internal/defconfig_log.txt
--- /tmp/fooa	2016-07-10 21:12:58.779272219 -0700
+++ /tmp/foob	2016-07-10 21:12:58.779272219 -0700
@@ -1,5 +1,5 @@
 Booting Linux on physical CPU 0x0
-Linux version 4.7.0-rc6+ (pwalmsley@tamien) (gcc version 4.9.2 20140904 (prerelease) (crosstool-NG linaro-1.13.1-4.9-2014.09 - Linaro GCC 4.9-2014.09) ) #1 SMP PREEMPT Sun Jul 3 23:38:00 PDT 2016
+Linux version 4.7.0-rc7+ (pwalmsley@tamien) (gcc version 4.9.2 20140904 (prerelease) (crosstool-NG linaro-1.13.1-4.9-2014.09 - Linaro GCC 4.9-2014.09) ) #1 SMP PREEMPT Sun Jul 10 21:08:13 PDT 2016
 Boot CPU: AArch64 Processor [411fd070]
 Memory limited to 1024MB
 efi: Getting EFI parameters from FDT:
@@ -9,7 +9,7 @@
 psci: PSCIv0.2 detected in firmware.
 psci: Using standard PSCI v0.2 function IDs
 psci: Trusted OS migration not required
-percpu: Embedded 20 pages/cpu @ffff80003efd0000 s42752 r8192 d30976 u81920
+percpu: Embedded 20 pages/cpu @ffff80003efd0000 s42880 r8192 d30848 u81920
 Detected PIPT I-cache on CPU0
 CPU features: enabling workaround for ARM erratum 832075
 CPU features: enabling workaround for ARM erratum 834220
@@ -98,7 +98,7 @@
 kvm [1]: HYP mode not available
 futex hash table entries: 256 (order: 3, 32768 bytes)
 audit: initializing netlink subsys (disabled)
-audit: type=2000 audit(0.564:1): initialized
+audit: type=2000 audit(0.584:1): initialized
 workingset: timestamp_bits=44 max_order=18 bucket_order=0
 squashfs: version 4.0 (2009/01/31) Phillip Lougher
 NFS: Registering the id_resolver key type
@@ -159,7 +159,7 @@
 Key type dns_resolver registered
 registered taskstats version 1
 input: gpio-keys as /devices/platform/gpio-keys/input/input0
-rtc-pl031 9010000.pl031: setting system clock to 2016-07-04 06:38:34 UTC (1467614314)
+rtc-pl031 9010000.pl031: setting system clock to 2016-07-11 04:08:47 UTC (1468210127)
 ALSA device list:
   No soundcards found.
 uart-pl011 9000000.pl011: no DMA platform data
Diff for ./tegra114-dalmore-a04/tegra114-dalmore/multi_v7_defconfig_log.txt
--- /tmp/fooa	2016-07-10 21:12:58.799272236 -0700
+++ /tmp/foob	2016-07-10 21:12:58.803272239 -0700
@@ -14,7 +14,7 @@
 Err:   serial
 Net:   Net Initialization Skipped
 No ethernet found.
-Hit any key to stop autoboot:  2  1  0 
+Hit any key to stop autoboot:  2  0 
 Tegra114 (Dalmore) # 
 Tegra114 (Dalmore) # usb reset
 (Re)start USB...
@@ -39,20 +39,20 @@
 	 #################################################################
 	 #################################################################
 	 #######################################
-	 2.8 MiB/s
+	 3.2 MiB/s
 done
-Bytes transferred = 7240744 (6e7c28 hex)
+Bytes transferred = 7239984 (6e7930 hex)
 Tegra114 (Dalmore) # tftpboot 0x82000000 tegra114-dalmore.dtb
 Using asx0 device
 TFTP from server 192.168.100.1; our IP address is 192.168.100.100
 Filename 'tegra114-dalmore.dtb'.
 Load address: 0x82000000
 Loading: *###
-	 2.8 MiB/s
+	 3 MiB/s
 done
 Bytes transferred = 34956 (888c hex)
 Tegra114 (Dalmore) # bootz 0x81000000 - 0x82000000
-Kernel image @ 0x81000000 [ 0x000000 - 0x6e7c28 ]
+Kernel image @ 0x81000000 [ 0x000000 - 0x6e7930 ]
 ## Flattened Device Tree blob at 82000000
    Booting using the fdt blob at 0x82000000
    Loading Device Tree to 8fff4000, end 8ffff88b ... OK
@@ -60,7 +60,7 @@
 Starting kernel ...
 
 Booting Linux on physical CPU 0x0
-Linux version 4.7.0-rc6-96657-ga99cde4 (pwalmsley@sellafield) (gcc version 4.7.3 20130328 (prerelease) (crosstool-NG linaro-1.13.1-4.7-2013.04-20130415 - Linaro GCC 2013.04) ) #1 SMP Sun Jul 3 23:34:53 PDT 2016
+Linux version 4.7.0-rc7-96809-g92d21ac (pwalmsley@sellafield) (gcc version 4.7.3 20130328 (prerelease) (crosstool-NG linaro-1.13.1-4.7-2013.04-20130415 - Linaro GCC 2013.04) ) #1 SMP Sun Jul 10 21:05:17 PDT 2016
 CPU: ARMv7 Processor [412fc0f2] revision 2 (ARMv7), cr=10c5387d
 CPU: div instructions available: patching division code
 CPU: PIPT / VIPT nonaliasing data cache, PIPT instruction cache
@@ -69,7 +69,7 @@
 cma: Reserved 64 MiB at 0xfb800000
 Memory policy: Data cache writealloc
 On node 0 totalpages: 524032
-free_area_init_node: node 0, pgdat c141bb00, node_mem_map eeff8000
+free_area_init_node: node 0, pgdat c141bb40, node_mem_map eeff8000
   DMA zone: 1536 pages used for memmap
   DMA zone: 0 pages reserved
   DMA zone: 196608 pages, LIFO batch:31
@@ -90,9 +90,9 @@
     lowmem  : 0xc0000000 - 0xf0000000   ( 768 MB)
     pkmap   : 0xbfe00000 - 0xc0000000   (   2 MB)
     modules : 0xbf000000 - 0xbfe00000   (  14 MB)
-      .text : 0xc0208000 - 0xc10ad560   (14998 kB)
+      .text : 0xc0208000 - 0xc10ad570   (14998 kB)
       .init : 0xc1100000 - 0xc1300000   (2048 kB)
-      .data : 0xc1300000 - 0xc141db60   (1143 kB)
+      .data : 0xc1300000 - 0xc141dba0   (1143 kB)
        .bss : 0xc141f000 - 0xc1474ce0   ( 344 kB)
 SLUB: HWalign=64, Order=0-3, MinObjects=0, CPUs=4, Nodes=1
 Hierarchical RCU implementation.
@@ -322,7 +322,7 @@
 hub 1-0:1.0: USB hub found
 hub 1-0:1.0: 1 port detected
 input: gpio-keys as /devices/soc0/gpio-keys/input/input0
-palmas-rtc 7000d000.i2c:tps65913@58:rtc: setting system clock to 2000-04-27 17:59:16 UTC (956858356)
+palmas-rtc 7000d000.i2c:tps65913@58:rtc: setting system clock to 2000-05-04 15:27:18 UTC (957454038)
 dvdd_ts: disabling
 usb1_vbus: disabling
 vdd_cam_1v8_reg: disabling
@@ -334,5 +334,4 @@
 Freeing unused kernel memory: 2048K (c1100000 - c1300000)
 bash: cannot set terminal process group (-1): Inappropriate ioctl for device
 bash: no job control in this shell
-usb 1-1: new high-speed USB device number 2 using tegra-ehci
-root@(none):/# 
\ No newline at end of file
+root@(none):/# [    2.355038] usb 1-1: new high-speed USB device number 2 using tegra-ehci
Diff for ./tegra114-dalmore-a04/tegra114-dalmore/tegra_defconfig_log.txt
--- /tmp/fooa	2016-07-10 21:12:58.815272249 -0700
+++ /tmp/foob	2016-07-10 21:12:58.815272249 -0700
@@ -37,20 +37,20 @@
 	 #################################################################
 	 #################################################################
 	 #####################################################
-	 3.2 MiB/s
+	 2.8 MiB/s
 done
-Bytes transferred = 5547016 (54a408 hex)
+Bytes transferred = 5547720 (54a6c8 hex)
 Tegra114 (Dalmore) # tftpboot 0x82000000 tegra114-dalmore.dtb
 Using asx0 device
 TFTP from server 192.168.100.1; our IP address is 192.168.100.100
 Filename 'tegra114-dalmore.dtb'.
 Load address: 0x82000000
 Loading: *###
-	 2.6 MiB/s
+	 2.8 MiB/s
 done
 Bytes transferred = 34956 (888c hex)
 Tegra114 (Dalmore) # bootz 0x81000000 - 0x82000000
-Kernel image @ 0x81000000 [ 0x000000 - 0x54a408 ]
+Kernel image @ 0x81000000 [ 0x000000 - 0x54a6c8 ]
 ## Flattened Device Tree blob at 82000000
    Booting using the fdt blob at 0x82000000
    Loading Device Tree to 8fff4000, end 8ffff88b ... OK
@@ -59,7 +59,7 @@
 
 Uncompressing Linux... done, booting the kernel.
 Booting Linux on physical CPU 0x0
-Linux version 4.7.0-rc6-96657-ga99cde4 (pwalmsley@kaivo) (gcc version 4.7.3 20130328 (prerelease) (crosstool-NG linaro-1.13.1-4.7-2013.04-20130415 - Linaro GCC 2013.04) ) #1 SMP PREEMPT Sun Jul 3 23:34:47 PDT 2016
+Linux version 4.7.0-rc7-96809-g92d21ac (pwalmsley@kaivo) (gcc version 4.7.3 20130328 (prerelease) (crosstool-NG linaro-1.13.1-4.7-2013.04-20130415 - Linaro GCC 2013.04) ) #1 SMP PREEMPT Sun Jul 10 21:05:21 PDT 2016
 CPU: ARMv7 Processor [412fc0f2] revision 2 (ARMv7), cr=10c5387d
 CPU: div instructions available: patching division code
 CPU: PIPT / VIPT nonaliasing data cache, PIPT instruction cache
@@ -90,7 +90,7 @@
     lowmem  : 0xc0000000 - 0xf0000000   ( 768 MB)
     pkmap   : 0xbfe00000 - 0xc0000000   (   2 MB)
     modules : 0xbf000000 - 0xbfe00000   (  14 MB)
-      .text : 0xc0008000 - 0xc0b00148   (11233 kB)
+      .text : 0xc0008000 - 0xc0b00158   (11233 kB)
       .init : 0xc0c00000 - 0xc0d00000   (1024 kB)
       .data : 0xc0d00000 - 0xc0d5d980   ( 375 kB)
        .bss : 0xc0d5f000 - 0xc0dbab18   ( 367 kB)
@@ -279,8 +279,8 @@
 mmcblk1: mmc1:0001 SEM32G 29.1 GiB 
 mmc0: new high speed SDHC card at address aaaa
 mmcblk1boot0: mmc1:0001 SEM32G partition 1 4.00 MiB
-mmcblk0: mmc0:aaaa SL16G 14.8 GiB 
 mmcblk1boot1: mmc1:0001 SEM32G partition 2 4.00 MiB
+mmcblk0: mmc0:aaaa SL16G 14.8 GiB 
 mmcblk1rpmb: mmc1:0001 SEM32G partition 3 4.00 MiB
  mmcblk1: p1 p2 p3 p4 p5 p6 p7 p8
  mmcblk0: p1 p2 p3
@@ -320,7 +320,7 @@
 hub 1-0:1.0: USB hub found
 hub 1-0:1.0: 1 port detected
 input: gpio-keys as /devices/soc0/gpio-keys/input/input1
-palmas-rtc 7000d000.i2c:tps65913@58:rtc: setting system clock to 2000-04-27 17:56:36 UTC (956858196)
+palmas-rtc 7000d000.i2c:tps65913@58:rtc: setting system clock to 2000-05-04 15:29:46 UTC (957454186)
 dvdd_ts: disabling
 usb1_vbus: disabling
 vdd_cam_1v8_reg: disabling
Diff for ./tegra124-jetson-tk1/tegra124-jetson-tk1/multi_v7_defconfig_log.txt
--- /tmp/fooa	2016-07-10 21:12:58.831272262 -0700
+++ /tmp/foob	2016-07-10 21:12:58.835272265 -0700
@@ -34,9 +34,9 @@
 	 #################################################################
 	 #################################################################
 	 #######################################
-	 3.9 MiB/s
+	 4 MiB/s
 done
-Bytes transferred = 7240744 (6e7c28 hex)
+Bytes transferred = 7239984 (6e7930 hex)
 Tegra124 (Jetson TK1) # tftpboot 0x83000000 tegra124-jetson-tk1.dtb
 Using eth_rtl8169 device
 TFTP from server 192.168.100.1; our IP address is 192.168.100.102
@@ -47,7 +47,7 @@
 done
 Bytes transferred = 66737 (104b1 hex)
 Tegra124 (Jetson TK1) # bootz 0x82000000 - 0x83000000
-Kernel image @ 0x82000000 [ 0x000000 - 0x6e7c28 ]
+Kernel image @ 0x82000000 [ 0x000000 - 0x6e7930 ]
 ## Flattened Device Tree blob at 83000000
    Booting using the fdt blob at 0x83000000
    Using Device Tree in place at 83000000, end 830134b0
@@ -55,7 +55,7 @@
 Starting kernel ...
 
 Booting Linux on physical CPU 0x0
-Linux version 4.7.0-rc6-96657-ga99cde4 (pwalmsley@sellafield) (gcc version 4.7.3 20130328 (prerelease) (crosstool-NG linaro-1.13.1-4.7-2013.04-20130415 - Linaro GCC 2013.04) ) #1 SMP Sun Jul 3 23:34:53 PDT 2016
+Linux version 4.7.0-rc7-96809-g92d21ac (pwalmsley@sellafield) (gcc version 4.7.3 20130328 (prerelease) (crosstool-NG linaro-1.13.1-4.7-2013.04-20130415 - Linaro GCC 2013.04) ) #1 SMP Sun Jul 10 21:05:17 PDT 2016
 CPU: ARMv7 Processor [413fc0f3] revision 3 (ARMv7), cr=10c5387d
 CPU: div instructions available: patching division code
 CPU: PIPT / VIPT nonaliasing data cache, PIPT instruction cache
@@ -64,7 +64,7 @@
 cma: Reserved 64 MiB at 0xfb800000
 Memory policy: Data cache writealloc
 On node 0 totalpages: 524032
-free_area_init_node: node 0, pgdat c141bb00, node_mem_map eeff8000
+free_area_init_node: node 0, pgdat c141bb40, node_mem_map eeff8000
   DMA zone: 1536 pages used for memmap
   DMA zone: 0 pages reserved
   DMA zone: 196608 pages, LIFO batch:31
@@ -85,9 +85,9 @@
     lowmem  : 0xc0000000 - 0xf0000000   ( 768 MB)
     pkmap   : 0xbfe00000 - 0xc0000000   (   2 MB)
     modules : 0xbf000000 - 0xbfe00000   (  14 MB)
-      .text : 0xc0208000 - 0xc10ad560   (14998 kB)
+      .text : 0xc0208000 - 0xc10ad570   (14998 kB)
       .init : 0xc1100000 - 0xc1300000   (2048 kB)
-      .data : 0xc1300000 - 0xc141db60   (1143 kB)
+      .data : 0xc1300000 - 0xc141dba0   (1143 kB)
        .bss : 0xc141f000 - 0xc1474ce0   ( 344 kB)
 SLUB: HWalign=64, Order=0-3, MinObjects=0, CPUs=4, Nodes=1
 Hierarchical RCU implementation.
@@ -306,6 +306,12 @@
 +5V_SATA: supplied by +5V_SYS
 +12V_SATA: supplied by +VDD_MUX
 usb2-0 supply vbus not found, using dummy regulator
+mmc0: new high speed MMC card at address 0001
+mmcblk0: mmc0:0001 SEM16G 14.7 GiB 
+mmcblk0boot0: mmc0:0001 SEM16G partition 1 4.00 MiB
+mmcblk0boot1: mmc0:0001 SEM16G partition 2 4.00 MiB
+mmcblk0rpmb: mmc0:0001 SEM16G partition 3 4.00 MiB
+ mmcblk0: p1
 usb2-1 supply vbus not found, using dummy regulator
 usb3-0 supply vbus not found, using dummy regulator
 tegra-pcie 1003000.pcie-controller: 2x1, 1x1 configuration
@@ -316,7 +322,6 @@
 as3722-sd4: supplied by +5V_SYS
 +1.05V_RUN_AVDD_HDMI_PLL: supplied by +1.05V_RUN
 as3722-sd5: supplied by +5V_SYS
-mmc0: new high speed MMC card at address 0001
 as3722-ldo0: supplied by +1.35V_LP0(sd2)
 as3722-ldo1: supplied by +3.3V_RUN
 as3722-ldo2: supplied by +1.8V_VDDIO
@@ -372,6 +377,7 @@
 PCI: bus1: Fast back to back transfers disabled
 pci_bus 0000:01: busn_res: [bus 01-ff] end is updated to 01
 pci 0000:02:00.0: [10ec:8168] type 00 class 0x020000
+ata1: SATA link down (SStatus 0 SControl 300)
 pci 0000:02:00.0: reg 0x10: [io  0x0000-0x00ff]
 pci 0000:02:00.0: reg 0x18: [mem 0x00000000-0x00000fff 64bit]
 pci 0000:02:00.0: reg 0x20: [mem 0x00000000-0x00003fff 64bit pref]
@@ -405,29 +411,22 @@
 pcie_pme 0000:00:02.0:pcie001: service driver pcie_pme loaded
 r8169 Gigabit Ethernet driver 2.3LK-NAPI loaded
 r8169 0000:02:00.0: enabling device (0140 -> 0143)
-r8169 0000:02:00.0 eth0: RTL8168g/8111g at 0xf0a48000, 00:04:4b:3a:d9:81, XID 0c000800 IRQ 393
+r8169 0000:02:00.0 eth0: RTL8168g/8111g at 0xf0a52000, 00:04:4b:3a:d9:81, XID 0c000800 IRQ 393
 r8169 0000:02:00.0 eth0: jumbo features [frames: 9200 bytes, tx checksumming: ko]
 [drm] Supports vblank timestamp caching Rev 2 (21.10.2013).
 [drm] No driver support for vblank timestamp query.
-drm drm: No connectors reported connected with modes
-[drm] Cannot find any crtc or sizes - going 1024x768
 mmc1: new high speed SDHC card at address aaaa
 mmcblk1: mmc1:aaaa SD04G 3.69 GiB 
-ata1: SATA link down (SStatus 0 SControl 300)
  mmcblk1: p1 p2 p3
-mmcblk0: mmc0:0001 SEM16G 14.7 GiB 
-Console: switching to colour frame buffer device 128x48
-mmcblk0boot0: mmc0:0001 SEM16G partition 1 4.00 MiB
-mmcblk0boot1: mmc0:0001 SEM16G partition 2 4.00 MiB
-mmcblk0rpmb: mmc0:0001 SEM16G partition 3 4.00 MiB
- mmcblk0: p1
+tegra-hdmi 54280000.hdmi: cannot set audio to 44100 at 297000000 pclk
+Console: switching to colour frame buffer device 512x135
 drm drm: fb0:  frame buffer device
 [drm] Initialized tegra 0.0.0 20120330 on minor 0
 of: dev_pm_opp_of_cpumask_add_table: couldn't find opp table for cpu:0, -19
 cpufreq: cpufreq_online: CPU0: Running at unlisted freq: 696000 KHz
 cpufreq: cpufreq_online: CPU0: Unlisted initial frequency changed to: 714000 KHz
 input: gpio-keys as /devices/soc0/gpio-keys/input/input0
-as3722-rtc as3722-rtc: setting system clock to 2000-01-01 00:01:37 UTC (946684897)
+as3722-rtc as3722-rtc: setting system clock to 2000-01-01 00:00:12 UTC (946684812)
 +USB0_VBUS_SW: disabling
 +1.8V_RUN_CAM: disabling
 +2.8V_RUN_CAM: disabling
@@ -439,7 +438,7 @@
 EXT4-fs (mmcblk0p1): mounting ext3 file system using the ext4 subsystem
 EXT4-fs (mmcblk0p1): recovery complete
 EXT4-fs (mmcblk0p1): mounted filesystem with ordered data mode. Opts: (null)
-VFS: Mounted root (ext3 filesystem) on device 179:17.
+VFS: Mounted root (ext3 filesystem) on device 179:1.
 devtmpfs: mounted
 Freeing unused kernel memory: 2048K (c1100000 - c1300000)
 bash: cannot set terminal process group (-1): Inappropriate ioctl for device
Diff for ./tegra124-jetson-tk1/tegra124-jetson-tk1/tegra_defconfig_log.txt
--- /tmp/fooa	2016-07-10 21:12:58.855272282 -0700
+++ /tmp/foob	2016-07-10 21:12:58.855272282 -0700
@@ -9,7 +9,7 @@
 Model: NVIDIA Jetson TK1
 Board: NVIDIA Jetson TK1
 DRAM:  2 GiB
-C:   Tegra SD/MMC: 0, Tegra SD/MMC: 1
+MMC:   Tegra SD/MMC: 0, Tegra SD/MMC: 1
 In:    serial
 Out:   serial
 Err:   serial
@@ -32,20 +32,20 @@
 	 #################################################################
 	 #################################################################
 	 #####################################################
-	 4 MiB/s
+	 3.9 MiB/s
 done
-Bytes transferred = 5547016 (54a408 hex)
+Bytes transferred = 5547720 (54a6c8 hex)
 Tegra124 (Jetson TK1) # tftpboot 0x83000000 tegra124-jetson-tk1.dtb
 Using eth_rtl8169 device
 TFTP from server 192.168.100.1; our IP address is 192.168.100.102
 Filename 'tegra124-jetson-tk1.dtb'.
 Load address: 0x83000000
 Loading: *#####
-	 4 MiB/s
+	 3.7 MiB/s
 done
 Bytes transferred = 66737 (104b1 hex)
 Tegra124 (Jetson TK1) # bootz 0x82000000 - 0x83000000
-Kernel image @ 0x82000000 [ 0x000000 - 0x54a408 ]
+Kernel image @ 0x82000000 [ 0x000000 - 0x54a6c8 ]
 ## Flattened Device Tree blob at 83000000
    Booting using the fdt blob at 0x83000000
    Using Device Tree in place at 83000000, end 830134b0
@@ -54,7 +54,7 @@
 
 Uncompressing Linux... done, booting the kernel.
 Booting Linux on physical CPU 0x0
-Linux version 4.7.0-rc6-96657-ga99cde4 (pwalmsley@kaivo) (gcc version 4.7.3 20130328 (prerelease) (crosstool-NG linaro-1.13.1-4.7-2013.04-20130415 - Linaro GCC 2013.04) ) #1 SMP PREEMPT Sun Jul 3 23:34:47 PDT 2016
+Linux version 4.7.0-rc7-96809-g92d21ac (pwalmsley@kaivo) (gcc version 4.7.3 20130328 (prerelease) (crosstool-NG linaro-1.13.1-4.7-2013.04-20130415 - Linaro GCC 2013.04) ) #1 SMP PREEMPT Sun Jul 10 21:05:21 PDT 2016
 CPU: ARMv7 Processor [413fc0f3] revision 3 (ARMv7), cr=10c5387d
 CPU: div instructions available: patching division code
 CPU: PIPT / VIPT nonaliasing data cache, PIPT instruction cache
@@ -85,7 +85,7 @@
     lowmem  : 0xc0000000 - 0xf0000000   ( 768 MB)
     pkmap   : 0xbfe00000 - 0xc0000000   (   2 MB)
     modules : 0xbf000000 - 0xbfe00000   (  14 MB)
-      .text : 0xc0008000 - 0xc0b00148   (11233 kB)
+      .text : 0xc0008000 - 0xc0b00158   (11233 kB)
       .init : 0xc0c00000 - 0xc0d00000   (1024 kB)
       .data : 0xc0d00000 - 0xc0d5d980   ( 375 kB)
        .bss : 0xc0d5f000 - 0xc0dbab18   ( 367 kB)
@@ -398,19 +398,19 @@
 pci 0000:02:00.0: reg 0x20: [mem 0x00000000-0x00003fff 64bit pref]
 pci 0000:02:00.0: supports D1 D2
 pci 0000:02:00.0: PME# supported from D0 D1 D2 D3hot D3cold
+mmc1: new high speed SDHC card at address aaaa
 PCI: bus2: Fast back to back transfers disabled
 pci_bus 0000:02: busn_res: [bus 02-ff] end is updated to 02
-mmc1: new high speed SDHC card at address aaaa
 mmcblk1: mmc1:aaaa SD04G 3.69 GiB 
 pci 0000:00:01.0: BAR 8: assigned [mem 0x13000000-0x130fffff]
 pci 0000:00:02.0: BAR 8: assigned [mem 0x13100000-0x131fffff]
 pci 0000:00:02.0: BAR 9: assigned [mem 0x20000000-0x200fffff 64bit pref]
 pci 0000:00:02.0: BAR 7: assigned [io  0x1000-0x1fff]
 pci 0000:01:00.0: BAR 0: assigned [mem 0x13000000-0x13001fff 64bit]
+ mmcblk1: p1 p2 p3
 pci 0000:00:01.0: PCI bridge to [bus 01]
 pci 0000:00:01.0:   bridge window [mem 0x13000000-0x130fffff]
 pci 0000:02:00.0: BAR 4: assigned [mem 0x20000000-0x20003fff 64bit pref]
- mmcblk1: p1 p2 p3
 pci 0000:02:00.0: BAR 2: assigned [mem 0x13100000-0x13100fff 64bit]
 pci 0000:02:00.0: BAR 0: assigned [io  0x1000-0x10ff]
 pci 0000:00:02.0: PCI bridge to [bus 02]
@@ -441,7 +441,7 @@
 cpufreq: cpufreq_online: CPU0: Running at unlisted freq: 696000 KHz
 cpufreq: cpufreq_online: CPU0: Unlisted initial frequency changed to: 714000 KHz
 input: gpio-keys as /devices/soc0/gpio-keys/input/input2
-as3722-rtc as3722-rtc: setting system clock to 2000-01-01 00:00:16 UTC (946684816)
+as3722-rtc as3722-rtc: setting system clock to 2000-01-01 00:01:39 UTC (946684899)
 +USB0_VBUS_SW: disabling
 +1.8V_RUN_CAM: disabling
 +2.8V_RUN_CAM: disabling
Diff for ./tegra124-nyan-big/tegra124-nyan-big/multi_v7_defconfig_log.txt
--- /tmp/fooa	2016-07-10 21:12:58.871272295 -0700
+++ /tmp/foob	2016-07-10 21:12:58.871272295 -0700
@@ -14,7 +14,7 @@
 Err:   serial
 Net:   Net Initialization Skipped
 No ethernet found.
-Hit any key to stop autoboot:  2  1  0 
+Hit any key to stop autoboot:  2  0 
 Tegra124 (Nyan-big) # 
 Tegra124 (Nyan-big) # usb start
 starting USB...
@@ -41,20 +41,20 @@
 	 #################################################################
 	 #################################################################
 	 #######################################
-	 3.5 MiB/s
+	 2.8 MiB/s
 done
-Bytes transferred = 7240744 (6e7c28 hex)
+Bytes transferred = 7239984 (6e7930 hex)
 Tegra124 (Nyan-big) # tftpboot 0x83000000 tegra124-nyan-big.dtb
 Using asx0 device
 TFTP from server 192.168.100.1; our IP address is 192.168.100.102
 Filename 'tegra124-nyan-big.dtb'.
 Load address: 0x83000000
 Loading: *#####
-	 3.4 MiB/s
+	 2.7 MiB/s
 done
 Bytes transferred = 66901 (10555 hex)
 Tegra124 (Nyan-big) # bootz 0x82000000 - 0x83000000
-Kernel image @ 0x82000000 [ 0x000000 - 0x6e7c28 ]
+Kernel image @ 0x82000000 [ 0x000000 - 0x6e7930 ]
 ## Flattened Device Tree blob at 83000000
    Booting using the fdt blob at 0x83000000
    Using Device Tree in place at 83000000, end 83013554
@@ -62,7 +62,7 @@
 Starting kernel ...
 
 Booting Linux on physical CPU 0x0
-Linux version 4.7.0-rc6-96657-ga99cde4 (pwalmsley@sellafield) (gcc version 4.7.3 20130328 (prerelease) (crosstool-NG linaro-1.13.1-4.7-2013.04-20130415 - Linaro GCC 2013.04) ) #1 SMP Sun Jul 3 23:34:53 PDT 2016
+Linux version 4.7.0-rc7-96809-g92d21ac (pwalmsley@sellafield) (gcc version 4.7.3 20130328 (prerelease) (crosstool-NG linaro-1.13.1-4.7-2013.04-20130415 - Linaro GCC 2013.04) ) #1 SMP Sun Jul 10 21:05:17 PDT 2016
 CPU: ARMv7 Processor [413fc0f3] revision 3 (ARMv7), cr=10c5387d
 CPU: div instructions available: patching division code
 CPU: PIPT / VIPT nonaliasing data cache, PIPT instruction cache
@@ -72,7 +72,7 @@
 cma: Reserved 64 MiB at 0xfb800000
 Memory policy: Data cache writealloc
 On node 0 totalpages: 524287
-free_area_init_node: node 0, pgdat c141bb00, node_mem_map eeff8000
+free_area_init_node: node 0, pgdat c141bb40, node_mem_map eeff8000
   DMA zone: 1536 pages used for memmap
   DMA zone: 0 pages reserved
   DMA zone: 196608 pages, LIFO batch:31
@@ -93,9 +93,9 @@
     lowmem  : 0xc0000000 - 0xf0000000   ( 768 MB)
     pkmap   : 0xbfe00000 - 0xc0000000   (   2 MB)
     modules : 0xbf000000 - 0xbfe00000   (  14 MB)
-      .text : 0xc0208000 - 0xc10ad560   (14998 kB)
+      .text : 0xc0208000 - 0xc10ad570   (14998 kB)
       .init : 0xc1100000 - 0xc1300000   (2048 kB)
-      .data : 0xc1300000 - 0xc141db60   (1143 kB)
+      .data : 0xc1300000 - 0xc141dba0   (1143 kB)
        .bss : 0xc141f000 - 0xc1474ce0   ( 344 kB)
 SLUB: HWalign=64, Order=0-3, MinObjects=0, CPUs=4, Nodes=1
 Hierarchical RCU implementation.
@@ -305,8 +305,8 @@
 Registering SWP/SWPB emulation handler
 +3.3V_RUN: supplied by +3.3V_SYS
 +3.3V_AVDD_HDMI_AP_GATED: supplied by +3.3V_RUN
-+1.8V_RUN_CAM: supplied by +3.3V_RUN
 input: Elan Touchpad as /devices/soc0/7000c400.i2c/i2c-1/1-0015/input/input0
++1.8V_RUN_CAM: supplied by +3.3V_RUN
 +VDDIO_SDMMC3: supplied by +3.3V_RUN
 +1.8V_RUN_VPP_FUSE: supplied by +3.3V_RUN
 +VDD_LED: supplied by +VDD_MUX
@@ -355,7 +355,7 @@
 drm drm: fb0:  frame buffer device
 [drm] Initialized tegra 0.0.0 20120330 on minor 0
 input: gpio-keys as /devices/soc0/gpio-keys/input/input1
-as3722-rtc as3722-rtc: setting system clock to 2000-01-01 00:00:23 UTC (946684823)
+as3722-rtc as3722-rtc: setting system clock to 2000-01-01 00:00:22 UTC (946684822)
 +1.8V_RUN_CAM: disabling
 +3.3V_RUN_CAM: disabling
 +1.2V_RUN_CAM_FRONT: disabling
Diff for ./tegra124-nyan-big/tegra124-nyan-big/tegra_defconfig_log.txt
--- /tmp/fooa	2016-07-10 21:12:58.891272311 -0700
+++ /tmp/foob	2016-07-10 21:12:58.895272314 -0700
@@ -14,7 +14,7 @@
 Err:   serial
 Net:   Net Initialization Skipped
 No ethernet found.
-Hit any key to stop autoboot:  2  1  0 
+Hit any key to stop autoboot:  2  0 
 Tegra124 (Nyan-big) # 
 Tegra124 (Nyan-big) # usb start
 starting USB...
@@ -35,14 +35,13 @@
 Load address: 0x82000000
 Loading: *#################################################################
 	 #################################################################
-	 #########T EHCI timed out on TD - token=0x8008d80
-T ########################################################
 	 #################################################################
+	 #############################################T T ####################
 	 #################################################################
 	 #####################################################
-	 440.4 KiB/s
+	 456.1 KiB/s
 done
-Bytes transferred = 5547016 (54a408 hex)
+Bytes transferred = 5547720 (54a6c8 hex)
 Tegra124 (Nyan-big) # tftpboot 0x83000000 tegra124-nyan-big.dtb
 Using asx0 device
 TFTP from server 192.168.100.1; our IP address is 192.168.100.102
@@ -53,7 +52,7 @@
 done
 Bytes transferred = 66901 (10555 hex)
 Tegra124 (Nyan-big) # bootz 0x82000000 - 0x83000000
-Kernel image @ 0x82000000 [ 0x000000 - 0x54a408 ]
+Kernel image @ 0x82000000 [ 0x000000 - 0x54a6c8 ]
 ## Flattened Device Tree blob at 83000000
    Booting using the fdt blob at 0x83000000
    Using Device Tree in place at 83000000, end 83013554
@@ -143,16 +142,17 @@
 max98090 0-0010: MAX98090 REVID=0x43
 max98090 0-0010: use default 2.8v micbias
 mmc0: new high speed MMC card at address 0001
+tegra-snd-max98090 sound: HiFi <-> 70301100.i2s mapping ok
 mmcblk0: mmc0:0001 MMC16G 14.4 GiB 
 mmcblk0boot0: mmc0:0001 MMC16G partition 1 2.00 MiB
+input: GoogleNyanBig Headphones as /devices/soc0/sound/sound/card1/input1
+input: GoogleNyanBig Mic Jack as /devices/soc0/sound/sound/card1/input2
 mmcblk0boot1: mmc0:0001 MMC16G partition 2 2.00 MiB
 mmcblk0rpmb: mmc0:0001 MMC16G partition 3 128 KiB
  mmcblk0: p1 p2 p3 p4 p5 p6 p7 p8 p9 p10 p11 p12
-tegra-snd-max98090 sound: HiFi <-> 70301100.i2s mapping ok
-input: GoogleNyanBig Headphones as /devices/soc0/sound/sound/card1/input1
-input: GoogleNyanBig Mic Jack as /devices/soc0/sound/sound/card1/input2
 NET: Registered protocol family 10
 mip6: Mobile IPv6
+input: tegra-hda HDMI/DP,pcm=3 as /devices/soc0/70030000.hda/sound/card0/input3
 sit: IPv6 over IPv4 tunneling driver
 NET: Registered protocol family 17
 NET: Registered protocol family 15
@@ -161,7 +161,6 @@
 can: raw protocol (rev 20120528)
 can: broadcast manager protocol (rev 20120528 t)
 can: netlink gateway (rev 20130117) max_hops=1
-input: tegra-hda HDMI/DP,pcm=3 as /devices/soc0/70030000.hda/sound/card0/input3
 Bluetooth: RFCOMM socket layer initialized
 Bluetooth: RFCOMM ver 1.11
 Bluetooth: BNEP (Ethernet Emulation) ver 1.3
@@ -226,7 +225,7 @@
 drm drm: fb0:  frame buffer device
 [drm] Initialized tegra 0.0.0 20120330 on minor 0
 input: gpio-keys as /devices/soc0/gpio-keys/input/input4
-as3722-rtc as3722-rtc: setting system clock to 2000-01-01 00:00:35 UTC (946684835)
+as3722-rtc as3722-rtc: setting system clock to 2000-01-01 00:00:34 UTC (946684834)
 +1.8V_RUN_CAM: disabling
 +1.2V_RUN_CAM_FRONT: disabling
 +1.05V_RUN_CAM_REAR: disabling
@@ -240,7 +239,6 @@
 EXT4-fs (mmcblk0p3): couldn't mount as ext3 due to feature incompatibilities
 uvcvideo: Found UVC 1.00 device HD WebCam (1bcf:2c67)
 input: HD WebCam as /devices/soc0/70090000.usb/usb1/1-2/1-2:1.0/input/input5
-usb 1-3: new high-speed USB device number 3 using tegra-xusb
 EXT4-fs (mmcblk0p3): recovery complete
 EXT4-fs (mmcblk0p3): mounted filesystem with ordered data mode. Opts: (null)
 VFS: Mounted root (ext4 filesystem) on device 179:3.
@@ -248,7 +246,8 @@
 Freeing unused kernel memory: 1024K (c0c00000 - c0d00000)
 bash: cannot set terminal process group (-1): Inappropriate ioctl for device
 bash: no job control in this shell
-root@(none):/# [    5.777489] asix 1-3:1.0 eth0: register 'asix' at usb-70090000.usb-3, ASIX AX88772 USB 2.0 Ethernet, c8:d7:19:90:fa:65
+usb 1-3: new high-speed USB device number 3 using tegra-xusb
+root@(none):/# [    5.827952] asix 1-3:1.0 eth0: register 'asix' at usb-70090000.usb-3, ASIX AX88772 USB 2.0 Ethernet, c8:d7:19:90:fa:65
 usb 1-1: new high-speed USB device number 4 using tegra-xusb
 usb-storage 1-1:1.0: USB Mass Storage device detected
 scsi host0: usb-storage 1-1:1.0
Diff for ./tegra132-norrin/tegra132-norrin/defconfig_log.txt
--- /tmp/fooa	2016-07-10 21:12:58.935272348 -0700
+++ /tmp/foob	2016-07-10 21:12:58.935272348 -0700
@@ -31,7 +31,7 @@
 MSENC clock is set to  79200 KHz
 Vde clock is set to 204000 KHz
 
-Bootloader-Cpu Init at (time stamp): 1800191 us
+Bootloader-Cpu Init at (time stamp): 1801234 us
 
 Pinmux changes applied in kernel way
 
@@ -62,29 +62,29 @@
 Board Id Read Time: 3 us
 Power Rail enable Time: 1 us
 
-Miscellaneous avp time: 1800165  us
-Bootloader (AosInit) time: 733493 us
-Bootloader Main Init time: 180224 us
-BlockDevMgrInit time: 157543 us
+Miscellaneous avp time: 1801208  us
+Bootloader (AosInit) time: 733488 us
+Bootloader Main Init time: 180290 us
+BlockDevMgrInit time: 157557 us
 PartMgrInit time: 8 us
-StorMgrInit time: 30 us
+StorMgrInit time: 31 us
 FsMgrInit time: 2 us
-Partition Table load: 77001 us 
-Display init time: 574438 us
-Kernel read time: 353 msec
+Partition Table load: 77098 us 
+Display init time: 574582 us
+Kernel read time: 352 msec
 Load Kernel Size:   15280128 Bytes
-Bl Kernel ReadSpeed: 43286000 Bytes/sec
-Pre-Kernel Jump time: 1657286 us
-Clearing 32 Bit State and Warm resetting to 64bit mode: 5727183 us
+Bl Kernel ReadSpeed: 43409000 Bytes/sec
+Pre-Kernel Jump time: 1657960 us
+Clearing 32 Bit State and Warm resetting to 64bit mode: 5728855 us
 Booting Linux on physical CPU 0x0
-Linux version 4.7.0-rc6+ (pwalmsley@tamien) (gcc version 4.9.2 20140904 (prerelease) (crosstool-NG linaro-1.13.1-4.9-2014.09 - Linaro GCC 4.9-2014.09) ) #1 SMP PREEMPT Sun Jul 3 23:38:00 PDT 2016
+Linux version 4.7.0-rc7+ (pwalmsley@tamien) (gcc version 4.9.2 20140904 (prerelease) (crosstool-NG linaro-1.13.1-4.9-2014.09 - Linaro GCC 4.9-2014.09) ) #1 SMP PREEMPT Sun Jul 10 21:08:13 PDT 2016
 Boot CPU: AArch64 Processor [4e0f0000]
 Memory limited to 1734MB
 efi: Getting EFI parameters from FDT:
 efi: UEFI not found.
 cma: Reserved 16 MiB at 0x00000000eb400000
 /cpus/cpu@1: missing enable-method property
-percpu: Embedded 20 pages/cpu @ffff80006c59f000 s42752 r8192 d30976 u81920
+percpu: Embedded 20 pages/cpu @ffff80006c59f000 s42880 r8192 d30848 u81920
 Detected PIPT I-cache on CPU0
 Built 1 zonelists in Zone order, mobility grouping on.  Total pages: 436968
 Kernel command line: tegraid=13.1.3.0.0 mem=1734M@2048M memtype=255 vpr=151M@3817M ddr_die=2048M@2048M section=256M commchip_id=0 usb_port_owner_info=0 lane_owner_info=0 emc_max_dvfs=0 touch_id=0@0 video=tegrafb no_console_suspend=1 console=ttyS0,115200n8 debug_uartport=lsport,0 earlyprintk=uart8250-32bit,0x70006000 usbcore.old_scheme_first=1 lp0_vec=0@0x0 tegra_fbmem=32899072@0xad012000 core_edp_mv=1150 core_edp_ma=4000 pmuboard=0x0176:0x0001:0x01:0x43:0x00 displayboard=0x0162:0x0001:0x00:0x42:0x00 power_supply=Adapter audio_codec=rt5640 board_info=0x0176:0x0001:0x01:0x43:0x00 tegraboot=sdmmc gpt gpt_sector=94207 modem_id=0 android.kerneltype=normal
@@ -185,7 +185,7 @@
 kvm [1]: HYP mode not available
 futex hash table entries: 256 (order: 3, 32768 bytes)
 audit: initializing netlink subsys (disabled)
-audit: type=2000 audit(1.091:1): initialized
+audit: type=2000 audit(1.087:1): initialized
 workingset: timestamp_bits=44 max_order=19 bucket_order=0
 squashfs: version 4.0 (2009/01/31) Phillip Lougher
 NFS: Registering the id_resolver key type
@@ -242,14 +242,10 @@
 NET: Registered protocol family 17
 9pnet: Installing 9P2000 support
 Key type dns_resolver registered
-mmc0: new high speed MMC card at address 0001
 registered taskstats version 1
 +VDD_LED: supplied by +VDD_MUX
-mmcblk0: mmc0:0001 SEM16G 14.7 GiB 
-mmcblk0boot0: mmc0:0001 SEM16G partition 1 4.00 MiB
+mmc0: new high speed MMC card at address 0001
 +5V_USB_HS: supplied by +5V_SYS
-mmcblk0boot1: mmc0:0001 SEM16G partition 2 4.00 MiB
-mmcblk0rpmb: mmc0:0001 SEM16G partition 3 4.00 MiB
 +5V_USB_SS: supplied by +5V_SYS
 +5V_HDMI_CON: supplied by +5V_SYS
 sdhci-tegra 700b0400.sdhci: Got CD GPIO
@@ -269,6 +265,10 @@
 ALSA device list:
   No soundcards found.
 Freeing unused kernel memory: 960K (ffff800000b30000 - ffff800000c20000)
+mmcblk0: mmc0:0001 SEM16G 14.7 GiB 
+mmcblk0boot0: mmc0:0001 SEM16G partition 1 4.00 MiB
+mmcblk0boot1: mmc0:0001 SEM16G partition 2 4.00 MiB
+mmcblk0rpmb: mmc0:0001 SEM16G partition 3 4.00 MiB
  mmcblk0: p1 p2 p3 p4 p5 p6 p7 p8
 sdhci-tegra 700b0400.sdhci: Got CD GPIO
 sdhci-tegra 700b0400.sdhci: Got WP GPIO
Diff for ./tegra20-trimslice/tegra20-trimslice/multi_v7_defconfig_log.txt
--- /tmp/fooa	2016-07-10 21:12:58.951272361 -0700
+++ /tmp/foob	2016-07-10 21:12:58.955272364 -0700
@@ -47,9 +47,9 @@
 	 #################################################################
 	 #################################################################
 	 #######################################
-	 906.3 KiB/s
+	 902.3 KiB/s
 done
-Bytes transferred = 7240744 (6e7c28 hex)
+Bytes transferred = 7239984 (6e7930 hex)
 Tegra20 (TrimSlice) # tftpboot 0x02408000 tegra20-trimslice.dtb
 Using RTL8169#0 device
 TFTP from server 192.168.100.1; our IP address is 192.168.100.103
@@ -60,7 +60,7 @@
 done
 Bytes transferred = 21172 (52b4 hex)
 Tegra20 (TrimSlice) # bootz 0x00408000 - 0x02408000
-Kernel image @ 0x408000 [ 0x000000 - 0x6e7c28 ]
+Kernel image @ 0x408000 [ 0x000000 - 0x6e7930 ]
 ## Flattened Device Tree blob at 02408000
    Booting using the fdt blob at 0x2408000
    Using Device Tree in place at 02408000, end 024102b3
@@ -68,7 +68,7 @@
 Starting kernel ...
 
 Booting Linux on physical CPU 0x0
-Linux version 4.7.0-rc6-96657-ga99cde4 (pwalmsley@sellafield) (gcc version 4.7.3 20130328 (prerelease) (crosstool-NG linaro-1.13.1-4.7-2013.04-20130415 - Linaro GCC 2013.04) ) #1 SMP Sun Jul 3 23:34:53 PDT 2016
+Linux version 4.7.0-rc7-96809-g92d21ac (pwalmsley@sellafield) (gcc version 4.7.3 20130328 (prerelease) (crosstool-NG linaro-1.13.1-4.7-2013.04-20130415 - Linaro GCC 2013.04) ) #1 SMP Sun Jul 10 21:05:17 PDT 2016
 CPU: ARMv7 Processor [411fc090] revision 0 (ARMv7), cr=10c5387d
 CPU: PIPT / VIPT nonaliasing data cache, VIPT aliasing instruction cache
 Machine model: Compulab TrimSlice board
@@ -76,7 +76,7 @@
 cma: Reserved 64 MiB at 0x3c000000
 Memory policy: Data cache writealloc
 On node 0 totalpages: 262144
-free_area_init_node: node 0, pgdat c141bb00, node_mem_map ef7f8000
+free_area_init_node: node 0, pgdat c141bb40, node_mem_map ef7f8000
   DMA zone: 1536 pages used for memmap
   DMA zone: 0 pages reserved
   DMA zone: 196608 pages, LIFO batch:31
@@ -97,9 +97,9 @@
     lowmem  : 0xc0000000 - 0xf0000000   ( 768 MB)
     pkmap   : 0xbfe00000 - 0xc0000000   (   2 MB)
     modules : 0xbf000000 - 0xbfe00000   (  14 MB)
-      .text : 0xc0208000 - 0xc10ad560   (14998 kB)
+      .text : 0xc0208000 - 0xc10ad570   (14998 kB)
       .init : 0xc1100000 - 0xc1300000   (2048 kB)
-      .data : 0xc1300000 - 0xc141db60   (1143 kB)
+      .data : 0xc1300000 - 0xc141dba0   (1143 kB)
        .bss : 0xc141f000 - 0xc1474ce0   ( 344 kB)
 SLUB: HWalign=64, Order=0-3, MinObjects=0, CPUs=2, Nodes=1
 Hierarchical RCU implementation.
@@ -320,16 +320,16 @@
 tegra-ehci c5000000.usb: EHCI Host Controller
 tegra-ehci c5000000.usb: new USB bus registered, assigned bus number 2
 tegra-ehci c5000000.usb: irq 288, io mem 0xc5000000
-mmc0: host does not support reading read-only switch, assuming write-enable
 usb 1-1: new high-speed USB device number 2 using tegra-ehci
-mmc0: new high speed SDHC card at address b368
+mmc0: host does not support reading read-only switch, assuming write-enable
 tegra-ehci c5000000.usb: USB 2.0 started, EHCI 1.00
+mmc0: new high speed SDHC card at address b368
 hub 2-0:1.0: USB hub found
+mmcblk0: mmc0:b368 NCard 3.70 GiB 
 hub 2-0:1.0: 1 port detected
 input: gpio-keys as /devices/soc0/gpio-keys/input/input0
-rtc-em3027 2-0056: hctosys: unable to read the hardware clock
-mmcblk0: mmc0:b368 NCard 3.70 GiB 
  mmcblk0: p1
+rtc-em3027 2-0056: hctosys: unable to read the hardware clock
 EXT4-fs (mmcblk0p1): mounting ext3 file system using the ext4 subsystem
 mmc1: new high speed SD card at address b368
 mmcblk1: mmc1:b368 NCard 1.83 GiB (ro)
Diff for ./tegra20-trimslice/tegra20-trimslice/tegra_defconfig_log.txt
--- /tmp/fooa	2016-07-10 21:12:58.967272374 -0700
+++ /tmp/foob	2016-07-10 21:12:58.967272374 -0700
@@ -45,20 +45,20 @@
 	 #################################################################
 	 #################################################################
 	 #####################################################
-	 4.1 MiB/s
+	 905.3 KiB/s
 done
-Bytes transferred = 5547016 (54a408 hex)
+Bytes transferred = 5547720 (54a6c8 hex)
 Tegra20 (TrimSlice) # tftpboot 0x02408000 tegra20-trimslice.dtb
 Using RTL8169#0 device
 TFTP from server 192.168.100.1; our IP address is 192.168.100.103
 Filename 'tegra20-trimslice.dtb'.
 Load address: 0x2408000
 Loading: *##
-	 3.4 MiB/s
+	 861.3 KiB/s
 done
 Bytes transferred = 21172 (52b4 hex)
 Tegra20 (TrimSlice) # bootz 0x00408000 - 0x02408000
-Kernel image @ 0x408000 [ 0x000000 - 0x54a408 ]
+Kernel image @ 0x408000 [ 0x000000 - 0x54a6c8 ]
 ## Flattened Device Tree blob at 02408000
    Booting using the fdt blob at 0x2408000
    Using Device Tree in place at 02408000, end 024102b3
@@ -67,7 +67,7 @@
 
 Uncompressing Linux... done, booting the kernel.
 Booting Linux on physical CPU 0x0
-Linux version 4.7.0-rc6-96657-ga99cde4 (pwalmsley@kaivo) (gcc version 4.7.3 20130328 (prerelease) (crosstool-NG linaro-1.13.1-4.7-2013.04-20130415 - Linaro GCC 2013.04) ) #1 SMP PREEMPT Sun Jul 3 23:34:47 PDT 2016
+Linux version 4.7.0-rc7-96809-g92d21ac (pwalmsley@kaivo) (gcc version 4.7.3 20130328 (prerelease) (crosstool-NG linaro-1.13.1-4.7-2013.04-20130415 - Linaro GCC 2013.04) ) #1 SMP PREEMPT Sun Jul 10 21:05:21 PDT 2016
 CPU: ARMv7 Processor [411fc090] revision 0 (ARMv7), cr=10c5387d
 CPU: PIPT / VIPT nonaliasing data cache, VIPT aliasing instruction cache
 Machine model: Compulab TrimSlice board
@@ -97,7 +97,7 @@
     lowmem  : 0xc0000000 - 0xf0000000   ( 768 MB)
     pkmap   : 0xbfe00000 - 0xc0000000   (   2 MB)
     modules : 0xbf000000 - 0xbfe00000   (  14 MB)
-      .text : 0xc0008000 - 0xc0b00148   (11233 kB)
+      .text : 0xc0008000 - 0xc0b00158   (11233 kB)
       .init : 0xc0c00000 - 0xc0d00000   (1024 kB)
       .data : 0xc0d00000 - 0xc0d5d980   ( 375 kB)
        .bss : 0xc0d5f000 - 0xc0dbab18   ( 367 kB)
@@ -308,8 +308,8 @@
 mmc0: host does not support reading read-only switch, assuming write-enable
 mmc0: new high speed SDHC card at address b368
 mmc1: new high speed SD card at address b368
-mmcblk0: mmc0:b368 NCard 3.70 GiB 
 mmcblk1: mmc1:b368 NCard 1.83 GiB (ro)
+mmcblk0: mmc0:b368 NCard 3.70 GiB 
  mmcblk0: p1
  mmcblk1: p1 p2
 hub 1-1:1.0: USB hub found
@@ -320,11 +320,11 @@
 NET: Registered protocol family 17
 NET: Registered protocol family 15
 can: controller area network core (rev 20120528 abi 9)
+usb 1-1.2: new high-speed USB device number 3 using tegra-ehci
 NET: Registered protocol family 29
 can: raw protocol (rev 20120528)
 can: broadcast manager protocol (rev 20120528 t)
 can: netlink gateway (rev 20130117) max_hops=1
-usb 1-1.2: new high-speed USB device number 3 using tegra-ehci
 Bluetooth: RFCOMM socket layer initialized
 Bluetooth: RFCOMM ver 1.11
 Bluetooth: BNEP (Ethernet Emulation) ver 1.3
Diff for ./tegra210-p2371-0000/tegra210-p2371-0000/defconfig_log.txt
--- /tmp/fooa	2016-07-10 21:12:58.995272397 -0700
+++ /tmp/foob	2016-07-10 21:12:58.995272397 -0700
@@ -64,17 +64,17 @@
 Loading and Validation of Secure OS Successful
 NvTbootPackSdramParams: start. 
 NvTbootPackSdramParams: done. 
-Tegraboot started after 759108 us
-Basic modules init took 348534 us
+Tegraboot started after 880953 us
+Basic modules init took 348532 us
 Sec Bootdevice Read Time = 202 ms, Read Size = 8459 KB
-Next stage binary read took 14366 us
-Carveout took 252834 us
-CPU initialization took 92307 us
-Total time taken by TegraBoot 708041 us
+Next stage binary read took 14365 us
+Carveout took 252716 us
+CPU initialization took 92306 us
+Total time taken by TegraBoot 707919 us
 
 Starting CPU & Halting co-processor 
 
-64b[0001.597] LPDDR4 Training: Number of tables = 10
+64b[0001.716] LPDDR4 Training: Number of tables = 10
 EMC Training (SRC-freq: 204000; DST-freq: 408000)
 EMC Training Successful
 EMC Training (SRC-freq: 204000; DST-freq: 665600)
@@ -117,11 +117,11 @@
 Tegra210 (P2371-0000) # part uuid ${devtype} ${devnum}:${rootpart} uuid
 Tegra210 (P2371-0000) # setenv bootargs ignore_loglevel console=ttyS0,115200n8 earlycon=uart8250,mmio32,0x70006000 rw root=PARTUUID=00000000-0001-0000-788f-a75600000000 rootwait debug earlyprintk init=/bin/bash
 Tegra210 (P2371-0000) # load ${devtype} ${devnum}:${rootpart} ${kernel_addr_r} /boot/Image.defconfig
-12851712 bytes read in 753 ms (16.3 MiB/s)
+12851712 bytes read in 747 ms (16.4 MiB/s)
 Tegra210 (P2371-0000) # load ${devtype} ${devnum}:${rootpart} ${fdt_addr_r} /boot/tegra210-p2371-0000.dtb
 37108 bytes read in 454 ms (79.1 KiB/s)
 Tegra210 (P2371-0000) # load ${devtype} ${devnum}:${rootpart} ${ramdisk_addr_r} /boot/tegra-ramdisk.img
-1627787 bytes read in 495 ms (3.1 MiB/s)
+1627787 bytes read in 497 ms (3.1 MiB/s)
 Tegra210 (P2371-0000) # ramdisk_size=${filesize}
 Tegra210 (P2371-0000) # booti ${kernel_addr_r} - ${fdt_addr_r}
 ## Flattened Device Tree blob at 82000000
@@ -131,7 +131,7 @@
 Starting kernel ...
 
 Booting Linux on physical CPU 0x0
-Linux version 4.7.0-rc6+ (pwalmsley@tamien) (gcc version 4.9.2 20140904 (prerelease) (crosstool-NG linaro-1.13.1-4.9-2014.09 - Linaro GCC 4.9-2014.09) ) #1 SMP PREEMPT Sun Jul 3 23:38:00 PDT 2016
+Linux version 4.7.0-rc7+ (pwalmsley@tamien) (gcc version 4.9.2 20140904 (prerelease) (crosstool-NG linaro-1.13.1-4.9-2014.09 - Linaro GCC 4.9-2014.09) ) #1 SMP PREEMPT Sun Jul 10 21:08:13 PDT 2016
 Boot CPU: AArch64 Processor [411fd071]
 debug: ignoring loglevel setting.
 earlycon: uart8250 at MMIO32 0x0000000070006000 (options '')
@@ -149,8 +149,8 @@
 psci: PSCIv0.2 detected in firmware.
 psci: Using standard PSCI v0.2 function IDs
 psci: MIGRATE_INFO_TYPE not supported.
-percpu: Embedded 20 pages/cpu @ffff8000bff56000 s42752 r8192 d30976 u81920
-pcpu-alloc: s42752 r8192 d30976 u81920 alloc=20*4096
+percpu: Embedded 20 pages/cpu @ffff8000bff56000 s42880 r8192 d30848 u81920
+pcpu-alloc: s42880 r8192 d30848 u81920 alloc=20*4096
 pcpu-alloc: [0] 0 [0] 1 [0] 2 [0] 3 
 Detected PIPT I-cache on CPU0
 CPU features: enabling workaround for ARM erratum 832075
@@ -264,7 +264,7 @@
 kvm [1]: virtual timer IRQ4
 futex hash table entries: 1024 (order: 5, 131072 bytes)
 audit: initializing netlink subsys (disabled)
-audit: type=2000 audit(0.447:1): initialized
+audit: type=2000 audit(0.455:1): initialized
 workingset: timestamp_bits=44 max_order=20 bucket_order=0
 squashfs: version 4.0 (2009/01/31) Phillip Lougher
 NFS: Registering the id_resolver key type
Diff for ./tegra210-smaug/tegra210-smaug/defconfig_log.txt
--- /tmp/fooa	2016-07-10 21:12:59.003272403 -0700
+++ /tmp/foob	2016-07-10 21:12:59.003272403 -0700
@@ -1,4 +1,4 @@
-00n8')
+IO 0x0000000070006000 (options '115200n8')
 bootconsole [uart0] enabled
 efi: Getting EFI parameters from FDT:
 efi: UEFI not found.
@@ -7,7 +7,7 @@
 psci: PSCIv1.0 detected in firmware.
 psci: Using standard PSCI v0.2 function IDs
 psci: MIGRATE_INFO_UP_CPU reported invalid physical ID (0x80000000)
-percpu: Embedded 20 pages/cpu @ffff8000bff54000 s42752 r8192 d30976 u81920
+percpu: Embedded 20 pages/cpu @ffff8000bff54000 s42880 r8192 d30848 u81920
 Detected PIPT I-cache on CPU0
 CPU features: enabling workaround for ARM erratum 832075
 CPU features: enabling workaround for ARM erratum 834220
@@ -59,7 +59,7 @@
  (comparison mask = 0xf8000000)
 boot misc2 0x0: expected 0xf400f0da
  (comparison mask = 0xffffffff)
-boot misc3 0xb8a0: expected 0x2004f400
+boot misc3 0xb9a0: expected 0x2004f400
  (comparison mask = 0xffffffff)
 PLL_P already enabled. Postponing set full defaults
 PLL_X already enabled. Postponing set full defaults
@@ -72,7 +72,7 @@
 console [tty0] enabled
 bootconsole [uart0] disabled
 Booting Linux on physical CPU 0x0
-Linux version 4.7.0-rc6+ (pwalmsley@tamien) (gcc version 4.9.2 20140904 (prerelease) (crosstool-NG linaro-1.13.1-4.9-2014.09 - Linaro GCC 4.9-2014.09) ) #1 SMP PREEMPT Sun Jul 3 23:38:00 PDT 2016
+Linux version 4.7.0-rc7+ (pwalmsley@tamien) (gcc version 4.9.2 20140904 (prerelease) (crosstool-NG linaro-1.13.1-4.9-2014.09 - Linaro GCC 4.9-2014.09) ) #1 SMP PREEMPT Sun Jul 10 21:08:13 PDT 2016
 Boot CPU: AArch64 Processor [411fd071]
 earlycon: uart0 at MMIO 0x0000000070006000 (options '115200n8')
 bootconsole [uart0] enabled
@@ -83,7 +83,7 @@
 psci: PSCIv1.0 detected in firmware.
 psci: Using standard PSCI v0.2 function IDs
 psci: MIGRATE_INFO_UP_CPU reported invalid physical ID (0x80000000)
-percpu: Embedded 20 pages/cpu @ffff8000bff54000 s42752 r8192 d30976 u81920
+percpu: Embedded 20 pages/cpu @ffff8000bff54000 s42880 r8192 d30848 u81920
 Detected PIPT I-cache on CPU0
 CPU features: enabling workaround for ARM erratum 832075
 CPU features: enabling workaround for ARM erratum 834220
@@ -135,7 +135,7 @@
  (comparison mask = 0xf8000000)
 boot misc2 0x0: expected 0xf400f0da
  (comparison mask = 0xffffffff)
-boot misc3 0xb8a0: expected 0x2004f400
+boot misc3 0xb9a0: expected 0x2004f400
  (comparison mask = 0xffffffff)
 PLL_P already enabled. Postponing set full defaults
 PLL_X already enabled. Postponing set full defaults
@@ -213,7 +213,7 @@
 kvm [1]: virtual timer IRQ4
 futex hash table entries: 1024 (order: 5, 131072 bytes)
 audit: initializing netlink subsys (disabled)
-audit: type=2000 audit(0.223:1): initialized
+audit: type=2000 audit(0.231:1): initialized
 workingset: timestamp_bits=44 max_order=20 bucket_order=0
 squashfs: version 4.0 (2009/01/31) Phillip Lougher
 NFS: Registering the id_resolver key type
Diff for ./tegra30-beaver/tegra30-beaver/multi_v7_defconfig_log.txt
--- /tmp/fooa	2016-07-10 21:12:59.007272407 -0700
+++ /tmp/foob	2016-07-10 21:12:59.011272411 -0700
@@ -41,18 +41,18 @@
 	 #######################################
 	 3.2 MiB/s
 done
-Bytes transferred = 7240744 (6e7c28 hex)
+Bytes transferred = 7239984 (6e7930 hex)
 Tegra30 (Beaver) # tftpboot 0x82000000 tegra30-beaver.dtb
 Using asx0 device
 TFTP from server 192.168.100.1; our IP address is 192.168.100.101
 Filename 'tegra30-beaver.dtb'.
 Load address: 0x82000000
 Loading: *####
-	 2.7 MiB/s
+	 2.9 MiB/s
 done
 Bytes transferred = 51511 (c937 hex)
 Tegra30 (Beaver) # bootz 0x81000000 - 0x82000000
-Kernel image @ 0x81000000 [ 0x000000 - 0x6e7c28 ]
+Kernel image @ 0x81000000 [ 0x000000 - 0x6e7930 ]
 ## Flattened Device Tree blob at 82000000
    Booting using the fdt blob at 0x82000000
    Loading Device Tree to 8fff0000, end 8ffff936 ... OK
@@ -60,7 +60,7 @@
 Starting kernel ...
 
 Booting Linux on physical CPU 0x0
-Linux version 4.7.0-rc6-96657-ga99cde4 (pwalmsley@sellafield) (gcc version 4.7.3 20130328 (prerelease) (crosstool-NG linaro-1.13.1-4.7-2013.04-20130415 - Linaro GCC 2013.04) ) #1 SMP Sun Jul 3 23:34:53 PDT 2016
+Linux version 4.7.0-rc7-96809-g92d21ac (pwalmsley@sellafield) (gcc version 4.7.3 20130328 (prerelease) (crosstool-NG linaro-1.13.1-4.7-2013.04-20130415 - Linaro GCC 2013.04) ) #1 SMP Sun Jul 10 21:05:17 PDT 2016
 CPU: ARMv7 Processor [412fc099] revision 9 (ARMv7), cr=10c5387d
 CPU: PIPT / VIPT nonaliasing data cache, VIPT aliasing instruction cache
 Machine model: NVIDIA Tegra30 Beaver evaluation board
@@ -68,7 +68,7 @@
 cma: Reserved 64 MiB at 0xfb800000
 Memory policy: Data cache writealloc
 On node 0 totalpages: 524032
-free_area_init_node: node 0, pgdat c141bb00, node_mem_map eeff8000
+free_area_init_node: node 0, pgdat c141bb40, node_mem_map eeff8000
   DMA zone: 1536 pages used for memmap
   DMA zone: 0 pages reserved
   DMA zone: 196608 pages, LIFO batch:31
@@ -89,9 +89,9 @@
     lowmem  : 0xc0000000 - 0xf0000000   ( 768 MB)
     pkmap   : 0xbfe00000 - 0xc0000000   (   2 MB)
     modules : 0xbf000000 - 0xbfe00000   (  14 MB)
-      .text : 0xc0208000 - 0xc10ad560   (14998 kB)
+      .text : 0xc0208000 - 0xc10ad570   (14998 kB)
       .init : 0xc1100000 - 0xc1300000   (2048 kB)
-      .data : 0xc1300000 - 0xc141db60   (1143 kB)
+      .data : 0xc1300000 - 0xc141dba0   (1143 kB)
        .bss : 0xc141f000 - 0xc1474ce0   ( 344 kB)
 SLUB: HWalign=64, Order=0-3, MinObjects=0, CPUs=4, Nodes=1
 Hierarchical RCU implementation.
@@ -299,15 +299,15 @@
 sys_3v3_pexs: supplied by sys_3v3,vdd_3v3_alw
 tegra-pcie 3000.pcie-controller: 2x3 configuration
 tegra-pcie 3000.pcie-controller: probing port 0, using 2 lanes
+mmc0: error -110 whilst initialising SD card
 mmc1: new high speed MMC card at address 0001
+tegra-pcie 3000.pcie-controller: probing port 2, using 2 lanes
 mmcblk1: mmc1:0001 SEM16G 14.8 GiB 
 mmcblk1boot0: mmc1:0001 SEM16G partition 1 1.00 MiB
 mmcblk1boot1: mmc1:0001 SEM16G partition 2 1.00 MiB
 mmcblk1rpmb: mmc1:0001 SEM16G partition 3 128 KiB
 Primary GPT is invalid, using alternate GPT.
  mmcblk1: p1 p2 p3 p4 p5
-mmc0: error -110 whilst initialising SD card
-tegra-pcie 3000.pcie-controller: probing port 2, using 2 lanes
 tegra-pcie 3000.pcie-controller: link 2 down, retrying
 tegra-pcie 3000.pcie-controller: link 2 down, retrying
 tegra-pcie 3000.pcie-controller: link 2 down, retrying
@@ -378,5 +378,4 @@
 Freeing unused kernel memory: 2048K (c1100000 - c1300000)
 bash: cannot set terminal process group (-1): Inappropriate ioctl for device
 bash: no job control in this shell
-usb 2-1: new high-speed USB device number 2 using tegra-ehci
-root@(none):/# 
\ No newline at end of file
+root@(none):/# [    3.908567] usb 2-1: new high-speed USB device number 2 using tegra-ehci
Diff for ./tegra30-beaver/tegra30-beaver/tegra_defconfig_log.txt
--- /tmp/fooa	2016-07-10 21:12:59.031272426 -0700
+++ /tmp/foob	2016-07-10 21:12:59.031272426 -0700
@@ -31,18 +31,16 @@
 TFTP from server 192.168.100.1; our IP address is 192.168.100.101
 Filename 'zImage.tegra_defconfig'.
 Load address: 0x81000000
-Loading: *EHCI timed out on TD - token=0x8008d80
-T T #################################################################
+Loading: *#################################################################
 	 #################################################################
 	 #################################################################
 	 #################################################################
 	 #################################################################
 	 #####################################################
-	 463.9 KiB/s
+	 3.2 MiB/s
 done
-Bytes transferred = 5547016 (54a408 hex)
+Bytes transferred = 5547720 (54a6c8 hex)
 Tegra30 (Beaver) # tftpboot 0x82000000 tegra30-beaver.dtb
-Waiting for Ethernet connection... done.
 Using asx0 device
 TFTP from server 192.168.100.1; our IP address is 192.168.100.101
 Filename 'tegra30-beaver.dtb'.
@@ -52,7 +50,7 @@
 done
 Bytes transferred = 51511 (c937 hex)
 Tegra30 (Beaver) # bootz 0x81000000 - 0x82000000
-Kernel image @ 0x81000000 [ 0x000000 - 0x54a408 ]
+Kernel image @ 0x81000000 [ 0x000000 - 0x54a6c8 ]
 ## Flattened Device Tree blob at 82000000
    Booting using the fdt blob at 0x82000000
    Loading Device Tree to 8fff0000, end 8ffff936 ... OK
@@ -61,7 +59,7 @@
 
 Uncompressing Linux... done, booting the kernel.
 Booting Linux on physical CPU 0x0
-Linux version 4.7.0-rc6-96657-ga99cde4 (pwalmsley@kaivo) (gcc version 4.7.3 20130328 (prerelease) (crosstool-NG linaro-1.13.1-4.7-2013.04-20130415 - Linaro GCC 2013.04) ) #1 SMP PREEMPT Sun Jul 3 23:34:47 PDT 2016
+Linux version 4.7.0-rc7-96809-g92d21ac (pwalmsley@kaivo) (gcc version 4.7.3 20130328 (prerelease) (crosstool-NG linaro-1.13.1-4.7-2013.04-20130415 - Linaro GCC 2013.04) ) #1 SMP PREEMPT Sun Jul 10 21:05:21 PDT 2016
 CPU: ARMv7 Processor [412fc099] revision 9 (ARMv7), cr=10c5387d
 CPU: PIPT / VIPT nonaliasing data cache, VIPT aliasing instruction cache
 Machine model: NVIDIA Tegra30 Beaver evaluation board
@@ -91,7 +89,7 @@
     lowmem  : 0xc0000000 - 0xf0000000   ( 768 MB)
     pkmap   : 0xbfe00000 - 0xc0000000   (   2 MB)
     modules : 0xbf000000 - 0xbfe00000   (  14 MB)
-      .text : 0xc0008000 - 0xc0b00148   (11233 kB)
+      .text : 0xc0008000 - 0xc0b00158   (11233 kB)
       .init : 0xc0c00000 - 0xc0d00000   (1024 kB)
       .data : 0xc0d00000 - 0xc0d5d980   ( 375 kB)
        .bss : 0xc0d5f000 - 0xc0dbab18   ( 367 kB)
@@ -274,9 +272,9 @@
 mmcblk1boot0: mmc1:0001 SEM16G partition 1 1.00 MiB
 mmcblk1boot1: mmc1:0001 SEM16G partition 2 1.00 MiB
 mmcblk1rpmb: mmc1:0001 SEM16G partition 3 128 KiB
-mmc0: error -110 whilst initialising SD card
 Primary GPT is invalid, using alternate GPT.
  mmcblk1: p1 p2 p3 p4 p5
+mmc0: error -110 whilst initialising SD card
 tegra30-i2s 70080400.i2s: DMA channels sourced from device 70080000.ahub
 tegra-snd-rt5640 sound: rt5640-aif1 <-> 70080400.i2s mapping ok
 input: NVIDIA Tegra Beaver Headphones as /devices/soc0/sound/sound/card0/input0
@@ -378,7 +376,7 @@
 VFS: Mounted root (ext3 filesystem) on device 179:1.
 devtmpfs: mounted
 Freeing unused kernel memory: 1024K (c0c00000 - c0d00000)
-usb 2-1: new high-speed USB device number 2 using tegra-ehci
 bash: cannot set terminal process group (-1): Inappropriate ioctl for device
 bash: no job control in this shell
+usb 2-1: new high-speed USB device number 2 using tegra-ehci
 root@(none):/# 
\ No newline at end of file
