

U-Boot 2015.04-00466-gedec83e90172 (Mar 14 2016 - 10:42:01)

TEGRA124
Model: Acer Chromebook 13 CB5-311
DRAM:  4 GiB
:   Tegra SD/MMC: 0, Tegra SD/MMC: 1, Tegra SD/MMC: 2
MMC init failed
Using default environment

In:    serial
Out:   serial
Err:   serial
Net:   Net Initialization Skipped
No ethernet found.
Hit any key to stop autoboot:  2  1  0 
Tegra124 (Nyan-big) # 
Tegra124 (Nyan-big) # usb start
starting USB...
USB0:   USB EHCI 1.10
scanning bus 0 for devices... 2 USB Device(s) found
USB1:   USB EHCI 1.10
scanning bus 1 for devices... 2 USB Device(s) found
       scanning usb for storage devices... 1 Storage Device(s) found
       scanning usb for ethernet devices... 
Warning: asx0 using MAC address from net device
1 Ethernet Device(s) found
Tegra124 (Nyan-big) # setenv bootargs 'ignore_loglevel console=ttyS0,115200n8 rw root=PARTUUID=4d36e82a-b3c0-4b4b-bfcd-afe5217ac023 rootwait gpt debug noinitrd earlyprintk init=/bin/bash'
Tegra124 (Nyan-big) # setenv ipaddr 192.168.100.102; setenv serverip 192.168.100.1; setenv tftpserverip 192.168.100.1
Tegra124 (Nyan-big) # tftpboot 0x82000000 zImage.tegra_defconfig
Using asx0 device
TFTP from server 192.168.100.1; our IP address is 192.168.100.102
Filename 'zImage.tegra_defconfig'.
Load address: 0x82000000
Loading: *#################################################################
	 #################################################################
	 #################################################################
	 #################################################################
	 #################################################################
	 ############################################
	 3.2 MiB/s
done
Bytes transferred = 5410488 (528eb8 hex)
Tegra124 (Nyan-big) # tftpboot 0x83000000 tegra124-nyan-big.dtb
Using asx0 device
TFTP from server 192.168.100.1; our IP address is 192.168.100.102
Filename 'tegra124-nyan-big.dtb'.
Load address: 0x83000000
Loading: *#####
	 3 MiB/s
done
Bytes transferred = 66821 (10505 hex)
Tegra124 (Nyan-big) # bootz 0x82000000 - 0x83000000
Kernel image @ 0x82000000 [ 0x000000 - 0x528eb8 ]
## Flattened Device Tree blob at 83000000
   Booting using the fdt blob at 0x83000000
   Using Device Tree in place at 83000000, end 83013504

Starting kernel ...

[    3.115568] console [ttyS0] enabled
[    3.119044] bootconsole [earlycon0] disabled
[    3.124303] [drm] Initialized drm 1.1.0 20060810
[    3.129365] tegra-hdmi 54280000.hdmi: failed to get HDMI regulator
[    3.135959] tegra-dpaux 545c0000.dpaux: failed to get VDD supply: -517
[    3.143272] panel supply power not found, using dummy regulator
[    3.154662] loop: module loaded
[    3.158414] as3722 4-0040: AS3722 with revision 0x1 found
[    3.168525] as3722-sd2: supplied by +5V_SYS
[    3.173028] as3722-sd3: supplied by +5V_SYS
[    3.177383] +1.35V_LP0(sd3): Bringing 0uV into 1350000-1350000uV
[    3.183645] as3722-sd4: supplied by +5V_SYS
[    3.187991] +1.05V_RUN: Bringing 0uV into 1050000-1050000uV
[    3.193814] as3722-sd5: supplied by +5V_SYS
[    3.199612] as3722-ldo0: supplied by +1.35V_LP0(sd2)
[    3.205441] +1.8V_RUN_CAM: Bringing 0uV into 1800000-1800000uV
[    3.211560] as3722-ldo2: supplied by +1.8V_VDDIO
[    3.217294] as3722-ldo3: supplied by +3.3V_SYS
[    3.221746] +1.00V_LP0_VDD_RTC: Bringing 1100000uV into 1000000-1000000uV
[    3.229409] as3722-ldo4: supplied by +3.3V_SYS
[    3.234008] +3.3V_RUN_CAM: Bringing 0uV into 2800000-2800000uV
[    3.240125] as3722-ldo5: supplied by +1.8V_VDDIO
[    3.244909] +1.2V_RUN_CAM_FRONT: Bringing 0uV into 1200000-1200000uV
[    3.251690] +VDDIO_SDMMC3: Bringing 0uV into 1800000-1800000uV
[    3.257822] as3722-ldo7: supplied by +1.8V_VDDIO
[    3.262596] +1.05V_RUN_CAM_REAR: Bringing 0uV into 1050000-1050000uV
[    3.269247] as3722-ldo9: supplied by +5V_SYS
[    3.273819] +2.8V_RUN_TOUCH: Bringing 0uV into 2800000-2800000uV
[    3.280123] as3722-ldo10: supplied by +5V_SYS
[    3.284631] +2.8V_RUN_CAM_AF: Bringing 0uV into 2800000-2800000uV
[    3.291164] +1.8V_RUN_VPP_FUSE: Bringing 0uV into 1800000-1800000uV
[    3.341665] cros-ec-spi spi32766.0: Chrome EC device registered
[    3.351796] random: fast init done
[    3.357015] m25p80 spi32765.0: w25q32dw (4096 Kbytes)
[    3.363394] libphy: Fixed MDIO Bus: probed
[    3.367500] CAN device driver interface
[    3.371357] igb: Intel(R) Gigabit Ethernet Network Driver - version 5.3.0-k
[    3.378306] igb: Copyright (c) 2007-2014 Intel Corporation.
[    3.383980] pegasus: v0.9.3 (2013/04/25), Pegasus/Pegasus II USB Ethernet driver
[    3.391417] usbcore: registered new interface driver pegasus
[    3.397125] usbcore: registered new interface driver asix
[    3.402546] usbcore: registered new interface driver ax88179_178a
[    3.408678] usbcore: registered new interface driver cdc_ether
[    3.414552] usbcore: registered new interface driver smsc75xx
[    3.420343] usbcore: registered new interface driver smsc95xx
[    3.426128] usbcore: registered new interface driver net1080
[    3.431810] usbcore: registered new interface driver cdc_subset
[    3.437761] usbcore: registered new interface driver zaurus
[    3.443377] usbcore: registered new interface driver cdc_ncm
[    3.449135] ehci_hcd: USB 2.0 'Enhanced' Host Controller (EHCI) Driver
[    3.455652] ehci-pci: EHCI PCI platform driver
[    3.460122] tegra-ehci: Tegra EHCI driver
[    3.464451] usbcore: registered new interface driver cdc_acm
[    3.470102] cdc_acm: USB Abstract Control Model driver for USB modems and ISDN adapters
[    3.478132] usbcore: registered new interface driver cdc_wdm
[    3.483834] usbcore: registered new interface driver usb-storage
[    3.490099] mousedev: PS/2 mouse device common for all mice
[    3.495978] input: cros_ec as /devices/soc0/7000d400.spi/spi_master/spi32766/spi32766.0/7000d400.spi:cros-ec@0:keyboard-controller/input/input0
[    3.510912] as3722-rtc as3722-rtc: rtc core: registered as3722-rtc as rtc0
[    3.517779] as3722-rtc as3722-rtc: RTC interrupt 370
[    3.524601] tegra_rtc 7000e000.rtc: rtc core: registered 7000e000.rtc as rtc1
[    3.531758] tegra_rtc 7000e000.rtc: Tegra internal Real Time Clock
[    3.538065] i2c /dev entries driver
[    3.542308] usbcore: registered new interface driver uvcvideo
[    3.548048] USB Video Class driver (1.1.1)
[    3.552130] gspca_main: v2.14.0 registered
[    3.556510] 0-004c supply vcc not found, using dummy regulator
[    3.564278] tegra-wdt 60005000.timer: initialized (heartbeat = 120 sec, nowayout = 0)
[    3.572698] sdhci: Secure Digital Host Controller Interface driver
[    3.578873] sdhci: Copyright(c) Pierre Ossman
[    3.583215] sdhci-pltfm: SDHCI platform and OF driver helper
[    3.589008] sdhci-tegra 700b0000.sdhci: allocated mmc-pwrseq
[    3.594808] sdhci-tegra 700b0400.sdhci: Got CD GPIO
[    3.599678] sdhci-tegra 700b0400.sdhci: Got WP GPIO
[    3.604702] mmc0: Unknown controller version (3). You may experience problems.
[    3.611935] mmc0: Invalid maximum block size, assuming 512 bytes
[    3.674656] mmc0: SDHCI controller on 700b0600.sdhci [700b0600.sdhci] using ADMA 64-bit
[    3.685098] usbcore: registered new interface driver usbhid
[    3.693580] usbhid: USB HID core driver
[    3.704650] tegra30-i2s 70301100.i2s: DMA channels sourced from device 70300000.ahub
[    3.745110] max98090 0-0010: MAX98090 REVID=0x43
[    3.752409] max98090 0-0010: use default 2.8v micbias
[    3.755081] mmc0: new high speed MMC card at address 0001
[    3.755539] mmcblk0: mmc0:0001 MMC16G 14.4 GiB 
[    3.755731] mmcblk0boot0: mmc0:0001 MMC16G partition 1 2.00 MiB
[    3.755922] mmcblk0boot1: mmc0:0001 MMC16G partition 2 2.00 MiB
[    3.756088] mmcblk0rpmb: mmc0:0001 MMC16G partition 3 128 KiB
[    3.759263]  mmcblk0: p1 p2 p3 p4 p5 p6 p7 p8 p9 p10 p11 p12
[    3.793207] tegra-snd-max98090 sound: HiFi <-> 70301100.i2s mapping ok
[    3.801004] input: GoogleNyanBig Headphones as /devices/soc0/sound/sound/card1/input1
[    3.809120] input: GoogleNyanBig Mic Jack as /devices/soc0/sound/sound/card1/input2
[    4.104625] NET: Registered protocol family 10
[    4.274639] mip6: Mobile IPv6
[    4.277598] sit: IPv6, IPv4 and MPLS over IPv4 tunneling driver
[    4.284547] NET: Registered protocol family 17
[    4.289004] NET: Registered protocol family 15
[    4.293436] can: controller area network core (rev 20120528 abi 9)
[    4.334667] NET: Registered protocol family 29
[    4.339097] can: raw protocol (rev 20120528)
[    4.343354] can: broadcast manager protocol (rev 20160617 t)
[    4.349011] can: netlink gateway (rev 20130117) max_hops=1
[    4.394670] Bluetooth: RFCOMM socket layer initialized
[    4.399803] Bluetooth: RFCOMM ver 1.11
[    4.403544] Bluetooth: BNEP (Ethernet Emulation) ver 1.3
[    4.408878] Bluetooth: BNEP socket layer initialized
[    4.413828] Bluetooth: HIDP (Human Interface Emulation) ver 1.2
[    4.419743] Bluetooth: HIDP socket layer initialized
[    4.424837] Key type dns_resolver registered
[    4.429559] Registering SWP/SWPB emulation handler
[    4.435521] +3.3V_RUN: supplied by +3.3V_SYS
[    4.440290] +3.3V_AVDD_HDMI_AP_GATED: supplied by +3.3V_RUN
[    4.445906] +1.8V_RUN_CAM: supplied by +3.3V_RUN
[    4.450551] +VDDIO_SDMMC3: supplied by +3.3V_RUN
[    4.455868] +1.8V_RUN_VPP_FUSE: supplied by +3.3V_RUN
[    4.461147] input: tegra-hda HDMI/DP,pcm=3 as /devices/soc0/70030000.hda/sound/card0/input3
[    4.469887] +VDD_LED: supplied by +VDD_MUX
[    4.474222] +5V_VDD_TS_SW: supplied by +5V_SYS
[    4.479021] +5V_USB_HS: supplied by +5V_SYS
[    4.483408] +5V_USB_SS: supplied by +5V_SYS
[    4.488452] +3.3V_PANEL: supplied by +3.3V_RUN
[    4.493535] +3.3V_LP0: supplied by +3.3V_SYS
[    4.498285] +1.05V_RUN_AVDD_HDMI_PLL: supplied by +1.05V_RUN
[    4.504149] +5V_HDMI_CON: supplied by +5V_SYS
[    4.509625] usb3-0 supply vbus not found, using dummy regulator
[    4.515623] usb3-1 supply vbus not found, using dummy regulator
[    4.524152] tegra-sor 54540000.sor: failed to probe output: -517
[    4.530330] panel supply power not found, using dummy regulator
[    4.615343] tegra-xusb 70090000.usb: Firmware timestamp: 2014-09-16 02:10:07 UTC
[    4.622753] tegra-xusb 70090000.usb: xHCI Host Controller
[    4.628173] tegra-xusb 70090000.usb: new USB bus registered, assigned bus number 1
[    4.637776] tegra-xusb 70090000.usb: hcc params 0x0184f525 hci version 0x100 quirks 0x00010010
[    4.646411] tegra-xusb 70090000.usb: irq 342, io mem 0x70090000
[    4.653156] hub 1-0:1.0: USB hub found
[    4.656975] hub 1-0:1.0: 6 ports detected
[    4.661680] tegra-xusb 70090000.usb: xHCI Host Controller
[    4.667141] tegra-xusb 70090000.usb: new USB bus registered, assigned bus number 2
[    4.674803] usb usb2: We don't know the algorithms for LPM for this host, disabling LPM.
[    4.683701] hub 2-0:1.0: USB hub found
[    4.687515] hub 2-0:1.0: 2 ports detected
[    4.692755] sdhci-tegra 700b0000.sdhci: allocated mmc-pwrseq
[    4.698755] mmc1: Unknown controller version (3). You may experience problems.
[    4.706044] mmc1: Invalid maximum block size, assuming 512 bytes
[    4.712609] mmc1: Switching to 3.3V signalling voltage failed
[    4.774746] mmc1: SDHCI controller on 700b0000.sdhci [700b0000.sdhci] using ADMA 64-bit
[    4.783032] sdhci-tegra 700b0400.sdhci: Got CD GPIO
[    4.789944] sdhci-tegra 700b0400.sdhci: Got WP GPIO
[    4.797986] mmc2: Unknown controller version (3). You may experience problems.
[    4.805343] mmc2: Invalid maximum block size, assuming 512 bytes
[    4.841849] mmc1: new high speed SDIO card at address 0001
[    4.876565] mmc2: SDHCI controller on 700b0400.sdhci [700b0400.sdhci] using ADMA 64-bit
[    4.983311] [drm] Supports vblank timestamp caching Rev 2 (21.10.2013).
[    4.989944] [drm] No driver support for vblank timestamp query.
[    5.034716] usb 1-2: new high-speed USB device number 2 using tegra-xusb
[    5.046604] mmc2: new high speed SDHC card at address 0007
[    5.047533] mmcblk2: mmc2:0007 SD08G 7.42 GiB 
[    5.052410] Console: switching to colour frame buffer device 170x48
[    5.055971] GPT:Primary header alternate_lba != Alt. header my_lba
[    5.055974] GPT:3014591 != 15564799
[    5.055976] GPT:Primary header thinks Alt. header is not at the end of the disk.
[    5.055977] GPT:3014591 != 15564799
[    5.055979] GPT: Use GNU Parted to correct GPT errors.
[    5.056004]  mmcblk2: p1 p2 p3 p4 p5 p6 p7 p8 p9 p10 p11 p12
[    5.110585] drm drm: fb0:  frame buffer device
[    5.154709] [drm] Initialized tegra 0.0.0 20120330 on minor 0
[    5.161140] input: gpio-keys as /devices/soc0/gpio-keys/input/input4
[    5.168726] as3722-rtc as3722-rtc: setting system clock to 2000-01-03 18:08:58 UTC (946922938)
[    5.182946] +1.8V_RUN_CAM: disabling
[    5.186798] +1.2V_RUN_CAM_FRONT: disabling
[    5.191095] +1.05V_RUN_CAM_REAR: disabling
[    5.195440] +2.8V_RUN_TOUCH: disabling
[    5.199389] +2.8V_RUN_CAM_AF: disabling
[    5.203380] +1.8V_RUN_VPP_FUSE: disabling
[    5.207592] +5V_VDD_TS_SW: disabling
[    5.211351] ALSA device list:
[    5.214311]   #0: tegra-hda at 0x70038000 irq 341
[    5.219061]   #1: GoogleNyanBig
[    5.222976] EXT4-fs (mmcblk0p3): couldn't mount as ext3 due to feature incompatibilities
[    5.344926] uvcvideo: Found UVC 1.00 device HD WebCam (1bcf:2c67)
[    5.359754] input: HD WebCam as /devices/soc0/70090000.usb/usb1/1-2/1-2:1.0/input/input5
[    5.384939] EXT4-fs (mmcblk0p3): recovery complete
[    5.390485] EXT4-fs (mmcblk0p3): mounted filesystem with ordered data mode. Opts: (null)
[    5.398652] VFS: Mounted root (ext4 filesystem) on device 179:3.
[    5.405872] devtmpfs: mounted
[    5.409281] Freeing unused kernel memory: 1024K (c0c00000 - c0d00000)
bash: cannot set terminal process group (-1): Inappropriate ioctl for device
bash: no job control in this shell
root@(none):/# [    5.724715] usb 1-3: new high-speed USB device number 3 using tegra-xusb
[    6.797498] asix 1-3:1.0 eth0: register 'asix' at usb-70090000.usb-3, ASIX AX88772 USB 2.0 Ethernet, c8:d7:19:90:fa:65
[    7.144664] usb 1-1: new high-speed USB device number 4 using tegra-xusb
[    7.323323] usb-storage 1-1:1.0: USB Mass Storage device detected
[    7.330290] scsi host0: usb-storage 1-1:1.0
[    7.404816] scsi host0: runtime PM trying to activate child device host0 but parent (1-1:1.0) is not active
[    8.486423] scsi 0:0:0:0: Direct-Access     SanDisk  SDDR-113         9412 PQ: 0 ANSI: 0
[    8.659306] sd 0:0:0:0: [sda] 15523840 512-byte logical blocks: (7.95 GB/7.40 GiB)
[    8.668139] sd 0:0:0:0: [sda] Write Protect is off
[    8.672923] sd 0:0:0:0: [sda] Mode Sense: 03 00 00 00
[    8.678959] sd 0:0:0:0: [sda] No Caching mode page found
[    8.684260] sd 0:0:0:0: [sda] Assuming drive cache: write through
[    8.710249]  sda: sda1 sda2 sda3 sda4 sda5 sda6 sda7 sda8 sda9 sda10 sda11 sda12 sda13
[    8.724083] sd 0:0:0:0: [sda] Attached SCSI removable disk
mount -t sysfs none /sys
root@(none):/# 
root@(none):/# mount -t debugfs none /sys/kernel/debug
root@(none):/# 
root@(none):/# rtcwake -d rtc1 -m mem -s 3
rtcwake: assuming RTC uses UTC ...
rtcwake: wakeup from "mem" using /dev/rtc1 at Thu Jan  1 00:00:53 1970
[   31.922951] PM: Syncing filesystems ... done.
[   31.932946] Freezing user space processes ... (elapsed 0.001 seconds) done.
[   31.941143] Double checking all user space processes after OOM killer disable... (elapsed 0.000 seconds) 
[   31.950834] Freezing remaining freezable tasks ... (elapsed 0.001 seconds) done.
[   31.959533] Suspending console(s) (use no_console_suspend to debug)
[   32.176086] PM: suspend of devices complete after 209.680 msecs
[   32.177344] PM: late suspend of devices complete after 1.248 msecs
[   32.178215] PM: noirq suspend of devices complete after 0.863 msecs
[   32.178217] Disabling non-boot CPUs ...
[   32.235043] CPU1: shutdown
[   32.354869] IRQ17 no longer affine to CPU2
[   32.355047] CPU2: shutdown
[   32.465012] CPU3: shutdown
[   32.515440] Entering suspend state LP1
[   32.515453] Enabling non-boot CPUs ...
[   32.575825] CPU1 is up
[   32.635993] CPU2 is up
[   32.696214] CPU3 is up
[   32.696756] PM: noirq resume of devices complete after 0.537 msecs
[   32.698099] PM: early resume of devices complete after 0.831 msecs
[   32.750331] mmc1: Switching to 3.3V signalling voltage failed
[   32.934983] usb 1-1: reset high-speed USB device number 4 using tegra-xusb
[   33.004630] tegra-sor 54540000.sor: failed to attach SOR: -110
[   33.111527] PM: resume of devices complete after 413.418 msecs
[   33.197905] Restarting tasks ... done.
root@(none):/# 
root@(none):/# rtcwake -d rtc1 -m mem -s 3
rtcwake: assuming RTC uses UTC ...
rtcwake: wakeup from "mem" using /dev/rtc1 at Thu Jan  1 00:00:58 1970
[   34.174255] PM: Syncing filesystems ... done.
[   34.183572] Freezing user space processes ... (elapsed 0.001 seconds) done.
[   34.191792] Double checking all user space processes after OOM killer disable... (elapsed 0.000 seconds) 
[   34.201410] Freezing remaining freezable tasks ... (elapsed 0.001 seconds) done.
[   34.210045] Suspending console(s) (use no_console_suspend to debug)
[   34.436060] PM: suspend of devices complete after 219.141 msecs
[   34.437737] PM: late suspend of devices complete after 1.669 msecs
[   34.438604] PM: noirq suspend of devices complete after 0.862 msecs
[   34.438606] Disabling non-boot CPUs ...
[   34.474955] CPU1: shutdown
[   34.574960] CPU2: shutdown
[   34.674914] CPU3: shutdown
[   34.725417] Entering suspend state LP1
[   34.725443] Enabling non-boot CPUs ...
[   34.785812] CPU1 is up
[   34.845976] CPU2 is up
[   34.906212] CPU3 is up
[   34.906772] PM: noirq resume of devices complete after 0.556 msecs
[   34.908818] PM: early resume of devices complete after 1.536 msecs
[   34.959990] mmc1: Switching to 3.3V signalling voltage failed
[   35.144959] usb 1-1: reset high-speed USB device number 4 using tegra-xusb
[   35.214610] tegra-sor 54540000.sor: failed to attach SOR: -110
[   35.321601] PM: resume of devices complete after 412.773 msecs
[   35.403825] Restarting tasks ... done.
root@(none):/# 
root@(none):/# rtcwake -d rtc1 -m mem -s 3
rtcwake: assuming RTC uses UTC ...
rtcwake: wakeup from "mem" using /dev/rtc1 at Thu Jan  1 00:01:03 1970
[   36.384306] PM: Syncing filesystems ... done.
[   36.393635] Freezing user space processes ... (elapsed 0.001 seconds) done.
[   36.401835] Double checking all user space processes after OOM killer disable... (elapsed 0.000 seconds) 
[   36.411450] Freezing remaining freezable tasks ... (elapsed 0.001 seconds) done.
[   36.420101] Suspending console(s) (use no_console_suspend to debug)
[   36.646035] PM: suspend of devices complete after 219.080 msecs
[   36.647290] PM: late suspend of devices complete after 1.245 msecs
[   36.648157] PM: noirq suspend of devices complete after 0.860 msecs
[   36.648160] Disabling non-boot CPUs ...
[   36.684941] CPU1: shutdown
[   36.784927] CPU2: shutdown
[   36.884897] CPU3: shutdown
[   36.935387] Entering suspend state LP1
[   36.935413] Enabling non-boot CPUs ...
[   36.995794] CPU1 is up
[   37.055953] CPU2 is up
[   37.116176] CPU3 is up
[   37.116747] PM: noirq resume of devices complete after 0.567 msecs
[   37.118515] PM: early resume of devices complete after 1.270 msecs
[   37.159942] mmc1: Switching to 3.3V signalling voltage failed
[   37.344908] usb 1-1: reset high-speed USB device number 4 using tegra-xusb
[   37.414585] tegra-sor 54540000.sor: failed to attach SOR: -110
[   37.521386] PM: resume of devices complete after 402.860 msecs
[   37.603614] Restarting tasks ... done.
root@(none):/# 
root@(none):/# rtcwake -d rtc1 -m mem -s 3
rtcwake: assuming RTC uses UTC ...
rtcwake: wakeup from "mem" using /dev/rtc1 at Thu Jan  1 00:01:08 1970
[   38.595077] PM: Syncing filesystems ... done.
[   38.604693] Freezing user space processes ... (elapsed 0.001 seconds) done.
[   38.612896] Double checking all user space processes after OOM killer disable... (elapsed 0.000 seconds) 
[   38.622501] Freezing remaining freezable tasks ... (elapsed 0.001 seconds) done.
[   38.631159] Suspending console(s) (use no_console_suspend to debug)
[   38.846010] PM: suspend of devices complete after 207.987 msecs
[   38.847491] PM: late suspend of devices complete after 1.472 msecs
[   38.848307] PM: noirq suspend of devices complete after 0.811 msecs
[   38.848309] Disabling non-boot CPUs ...
[   38.884914] CPU1: shutdown
[   38.984908] CPU2: shutdown
[   39.084872] CPU3: shutdown
[   39.135367] Entering suspend state LP1
[   39.135394] Enabling non-boot CPUs ...
[   39.195774] CPU1 is up
[   39.255929] CPU2 is up
[   39.316155] CPU3 is up
[   39.316690] PM: noirq resume of devices complete after 0.531 msecs
[   39.318463] PM: early resume of devices complete after 1.262 msecs
[   39.359784] mmc1: Switching to 3.3V signalling voltage failed
[   39.614603] tegra-sor 54540000.sor: failed to attach SOR: -110
[   39.630620] PM: resume of devices complete after 312.152 msecs
[   39.705955] Restarting tasks ... done.
root@(none):/# 
root@(none):/# rtcwake -d rtc1 -m mem -s 3
rtcwake: assuming RTC uses UTC ...
rtcwake: wakeup from "mem" using /dev/rtc1 at Thu Jan  1 00:01:13 1970
[   40.794945] PM: Syncing filesystems ... done.
[   40.804557] Freezing user space processes ... (elapsed 0.001 seconds) done.
[   40.812742] Double checking all user space processes after OOM killer disable... (elapsed 0.000 seconds) 
[   40.822348] Freezing remaining freezable tasks ... (elapsed 0.001 seconds) done.
[   40.831004] Suspending console(s) (use no_console_suspend to debug)
[   41.045996] PM: suspend of devices complete after 208.130 msecs
[   41.047420] PM: late suspend of devices complete after 1.415 msecs
[   41.048298] PM: noirq suspend of devices complete after 0.874 msecs
[   41.048300] Disabling non-boot CPUs ...
[   41.084900] CPU1: shutdown
[   41.194872] CPU2: shutdown
[   41.304672] IRQ17 no longer affine to CPU3
[   41.304852] CPU3: shutdown
[   41.355332] Entering suspend state LP1
[   41.355358] Enabling non-boot CPUs ...
[   41.415755] CPU1 is up
[   41.475896] CPU2 is up
[   41.536123] CPU3 is up
[   41.536669] PM: noirq resume of devices complete after 0.542 msecs
[   41.538493] PM: early resume of devices complete after 1.303 msecs
[   41.579942] mmc1: Switching to 3.3V signalling voltage failed
[   41.834578] tegra-sor 54540000.sor: failed to attach SOR: -110
[   41.850713] PM: resume of devices complete after 312.214 msecs
[   41.930117] Restarting tasks ... done.
root@(none):/# 
root@(none):/# rtcwake -d rtc1 -m mem -s 3
rtcwake: assuming RTC uses UTC ...
rtcwake: wakeup from "mem" using /dev/rtc1 at Thu Jan  1 00:01:18 1970
[   43.014976] PM: Syncing filesystems ... done.
[   43.024592] Freezing user space processes ... (elapsed 0.001 seconds) done.
[   43.032702] Double checking all user space processes after OOM killer disable... (elapsed 0.000 seconds) 
[   43.042292] Freezing remaining freezable tasks ... (elapsed 0.001 seconds) done.
[   43.050939] Suspending console(s) (use no_console_suspend to debug)
[   43.265956] PM: suspend of devices complete after 208.152 msecs
[   43.267022] PM: late suspend of devices complete after 1.057 msecs
[   43.267877] PM: noirq suspend of devices complete after 0.851 msecs
[   43.267879] Disabling non-boot CPUs ...
[   43.304877] CPU1: shutdown
[   43.414846] CPU2: shutdown
[   43.514837] CPU3: shutdown
[   43.565309] Entering suspend state LP1
[   43.565335] Enabling non-boot CPUs ...
[   43.625725] CPU1 is up
[   43.685871] CPU2 is up
[   43.746100] CPU3 is up
[   43.746654] PM: noirq resume of devices complete after 0.550 msecs
[   43.748351] PM: early resume of devices complete after 1.184 msecs
[   43.789711] mmc1: Switching to 3.3V signalling voltage failed
[   44.044547] tegra-sor 54540000.sor: failed to attach SOR: -110
[   44.060797] PM: resume of devices complete after 312.440 msecs
[   44.136230] Restarting tasks ... done.
root@(none):/# 
root@(none):/# rtcwake -d rtc1 -m mem -s 3
rtcwake: assuming RTC uses UTC ...
rtcwake: wakeup from "mem" using /dev/rtc1 at Thu Jan  1 00:01:23 1970
[   45.224862] PM: Syncing filesystems ... done.
[   45.234444] Freezing user space processes ... (elapsed 0.001 seconds) done.
[   45.242675] Double checking all user space processes after OOM killer disable... (elapsed 0.000 seconds) 
[   45.252280] Freezing remaining freezable tasks ... (elapsed 0.001 seconds) done.
[   45.260937] Suspending console(s) (use no_console_suspend to debug)
[   45.475879] PM: suspend of devices complete after 208.081 msecs
[   45.476769] PM: late suspend of devices complete after 0.886 msecs
[   45.477583] PM: noirq suspend of devices complete after 0.809 msecs
[   45.477584] Disabling non-boot CPUs ...
[   45.514674] IRQ17 no longer affine to CPU1
[   45.514855] CPU1: shutdown
[   45.614826] CPU2: shutdown
[   45.714803] CPU3: shutdown
[   45.765286] Entering suspend state LP1
[   45.765312] Enabling non-boot CPUs ...
[   45.825706] CPU1 is up
[   45.885845] CPU2 is up
[   45.946075] CPU3 is up
[   45.946647] PM: noirq resume of devices complete after 0.567 msecs
[   45.948208] PM: early resume of devices complete after 1.065 msecs
[   45.989488] mmc1: Switching to 3.3V signalling voltage failed
[   46.174836] usb 1-1: reset high-speed USB device number 4 using tegra-xusb
[   46.244499] tegra-sor 54540000.sor: failed to attach SOR: -110
[   46.351494] PM: resume of devices complete after 403.277 msecs
[   46.437852] Restarting tasks ... done.
root@(none):/# 
root@(none):/# rtcwake -d rtc1 -m mem -s 3
rtcwake: assuming RTC uses UTC ...
rtcwake: wakeup from "mem" using /dev/rtc1 at Thu Jan  1 00:01:28 1970
[   47.424763] PM: Syncing filesystems ... done.
[   47.434199] Freezing user space processes ... (elapsed 0.001 seconds) done.
[   47.442336] Double checking all user space processes after OOM killer disable... (elapsed 0.000 seconds) 
[   47.451925] Freezing remaining freezable tasks ... (elapsed 0.001 seconds) done.
[   47.460575] Suspending console(s) (use no_console_suspend to debug)
[   47.675856] PM: suspend of devices complete after 208.420 msecs
[   47.676737] PM: late suspend of devices complete after 0.877 msecs
[   47.677552] PM: noirq suspend of devices complete after 0.812 msecs
[   47.677554] Disabling non-boot CPUs ...
[   47.714646] IRQ17 no longer affine to CPU1
[   47.714827] CPU1: shutdown
[   47.814802] CPU2: shutdown
[   47.924770] CPU3: shutdown
[   47.975257] Entering suspend state LP1
[   47.975284] Enabling non-boot CPUs ...
[   48.035677] CPU1 is up
[   48.095838] CPU2 is up
[   48.156062] CPU3 is up
[   48.156624] PM: noirq resume of devices complete after 0.557 msecs
[   48.158499] PM: early resume of devices complete after 1.375 msecs
[   48.199861] mmc1: Switching to 3.3V signalling voltage failed
[   48.454492] tegra-sor 54540000.sor: failed to attach SOR: -110
[   48.470905] PM: resume of devices complete after 312.401 msecs
[   48.550301] Restarting tasks ... done.
root@(none):/# 
root@(none):/# rtcwake -d rtc1 -m mem -s 3
rtcwake: assuming RTC uses UTC ...
rtcwake: wakeup from "mem" using /dev/rtc1 at Thu Jan  1 00:01:33 1970
[   49.634828] PM: Syncing filesystems ... done.
[   49.644449] Freezing user space processes ... (elapsed 0.001 seconds) done.
[   49.652672] Double checking all user space processes after OOM killer disable... (elapsed 0.000 seconds) 
[   49.662279] Freezing remaining freezable tasks ... (elapsed 0.001 seconds) done.
[   49.670937] Suspending console(s) (use no_console_suspend to debug)
[   49.885830] PM: suspend of devices complete after 208.032 msecs
[   49.886715] PM: late suspend of devices complete after 0.880 msecs
[   49.887523] PM: noirq suspend of devices complete after 0.805 msecs
[   49.887525] Disabling non-boot CPUs ...
[   49.924624] IRQ17 no longer affine to CPU1
[   49.924803] CPU1: shutdown
[   50.024778] CPU2: shutdown
[   50.134744] CPU3: shutdown
[   50.185239] Entering suspend state LP1
[   50.185265] Enabling non-boot CPUs ...
[   50.245659] CPU1 is up
[   50.305801] CPU2 is up
[   50.366024] CPU3 is up
[   50.366575] PM: noirq resume of devices complete after 0.546 msecs
[   50.368292] PM: early resume of devices complete after 1.219 msecs
[   50.409330] mmc1: Switching to 3.3V signalling voltage failed
[   50.594779] usb 1-1: reset high-speed USB device number 4 using tegra-xusb
[   50.664427] tegra-sor 54540000.sor: failed to attach SOR: -110
[   50.771244] PM: resume of devices complete after 402.942 msecs
[   50.857539] Restarting tasks ... done.
root@(none):/# 
root@(none):/# rtcwake -d rtc1 -m mem -s 3
rtcwake: assuming RTC uses UTC ...
rtcwake: wakeup from "mem" using /dev/rtc1 at Thu Jan  1 00:01:38 1970
[   51.845045] PM: Syncing filesystems ... done.
[   51.854707] Freezing user space processes ... (elapsed 0.001 seconds) done.
[   51.862909] Double checking all user space processes after OOM killer disable... (elapsed 0.000 seconds) 
[   51.872515] Freezing remaining freezable tasks ... (elapsed 0.001 seconds) done.
[   51.881172] Suspending console(s) (use no_console_suspend to debug)
[   52.095840] PM: suspend of devices complete after 207.805 msecs
[   52.096737] PM: late suspend of devices complete after 0.892 msecs
[   52.097546] PM: noirq suspend of devices complete after 0.806 msecs
[   52.097548] Disabling non-boot CPUs ...
[   52.134780] CPU1: shutdown
[   52.244574] IRQ17 no longer affine to CPU2
[   52.244754] CPU2: shutdown
[   52.354724] CPU3: shutdown
[   52.405209] Entering suspend state LP1
[   52.405235] Enabling non-boot CPUs ...
[   52.465627] CPU1 is up
[   52.525777] CPU2 is up
[   52.586003] CPU3 is up
[   52.586564] PM: noirq resume of devices complete after 0.556 msecs
[   52.588114] PM: early resume of devices complete after 1.041 msecs
[   52.629849] mmc1: Switching to 3.3V signalling voltage failed
[   52.884445] tegra-sor 54540000.sor: failed to attach SOR: -110
[   52.900793] PM: resume of devices complete after 312.674 msecs
[   52.980196] Restarting tasks ... done.
root@(none):/# 
root@(none):/# NVTB SYSTEM SUSPEND TEST COMPLETE
