
U-Boot SPL 2016.05-rc2 (Apr 21 2016 - 16:23:00)
Trying to boot from RAM


U-Boot 2016.05-rc2 (Apr 21 2016 - 16:23:00 -0700)

TEGRA124
Model: NVIDIA Jetson TK1
Board: NVIDIA Jetson TK1
DRAM:  2 GiB
MC:   Tegra SD/MMC: 0, Tegra SD/MMC: 1
In:    serial
Out:   serial
Err:   serial
Net:   No ethernet found.
Hit any key to stop autoboot:  2  0 
Tegra124 (Jetson TK1) # 
Tegra124 (Jetson TK1) # pci enum
Tegra124 (Jetson TK1) # setenv bootargs 'ignore_loglevel console=ttyS0,115200n8 rw root=PARTUUID=b1791faa-84e8-4e27-83a1-9fb0a77e8803 rootwait gpt debug noinitrd earlyprintk init=/bin/bash'
Tegra124 (Jetson TK1) # setenv ipaddr 192.168.100.102; setenv serverip 192.168.100.1; setenv tftpserverip 192.168.100.1
Tegra124 (Jetson TK1) # tftpboot 0x82000000 zImage.multi_v7_defconfig

Warning: eth_rtl8169 using MAC address from ROM
Using eth_rtl8169 device
TFTP from server 192.168.100.1; our IP address is 192.168.100.102
Filename 'zImage.multi_v7_defconfig'.
Load address: 0x82000000
Loading: *#################################################################
	 #################################################################
	 #################################################################
	 #################################################################
	 #################################################################
	 #################################################################
	 #################################################################
	 ##################################################
	 4 MiB/s
done
Bytes transferred = 7412960 (711ce0 hex)
Tegra124 (Jetson TK1) # tftpboot 0x83000000 tegra124-jetson-tk1.dtb
Using eth_rtl8169 device
TFTP from server 192.168.100.1; our IP address is 192.168.100.102
Filename 'tegra124-jetson-tk1.dtb'.
Load address: 0x83000000
Loading: *#####
	 3.8 MiB/s
done
Bytes transferred = 67133 (1063d hex)
Tegra124 (Jetson TK1) # bootz 0x82000000 - 0x83000000
Kernel image @ 0x82000000 [ 0x000000 - 0x711ce0 ]
## Flattened Device Tree blob at 83000000
   Booting using the fdt blob at 0x83000000
   Using Device Tree in place at 83000000, end 8301363c

Starting kernel ...

[    0.000000] Booting Linux on physical CPU 0x0
[    0.000000] Linux version 4.10.0-rc5-142388-g7a308bb (pwalmsley@sellafield) (gcc version 4.7.3 20130328 (prerelease) (crosstool-NG linaro-1.13.1-4.7-2013.04-20130415 - Linaro GCC 2013.04) ) #1 SMP Mon Jan 23 02:35:51 PST 2017
[    0.000000] CPU: ARMv7 Processor [413fc0f3] revision 3 (ARMv7), cr=10c5387d
[    0.000000] CPU: div instructions available: patching division code
[    0.000000] CPU: PIPT / VIPT nonaliasing data cache, PIPT instruction cache
[    0.000000] OF: fdt:Machine model: NVIDIA Tegra124 Jetson TK1
[    0.000000] debug: ignoring loglevel setting.
[    0.000000] efi: Getting EFI parameters from FDT:
[    0.000000] efi: UEFI not found.
[    0.000000] cma: Reserved 64 MiB at 0xfb800000
[    0.000000] Memory policy: Data cache writealloc
[    0.000000] On node 0 totalpages: 524032
[    0.000000] free_area_init_node: node 0, pgdat c142b4c0, node_mem_map eeff8000
[    0.000000]   DMA zone: 1536 pages used for memmap
[    0.000000]   DMA zone: 0 pages reserved
[    0.000000]   DMA zone: 196608 pages, LIFO batch:31
[    0.000000]   HighMem zone: 327424 pages, LIFO batch:31
[    0.000000] percpu: Embedded 14 pages/cpu @eef8e000 s26176 r8192 d22976 u57344
[    0.000000] pcpu-alloc: s26176 r8192 d22976 u57344 alloc=14*4096
[    0.000000] pcpu-alloc: [0] 0 [0] 1 [0] 2 [0] 3 
[    0.000000] Built 1 zonelists in Zone order, mobility grouping on.  Total pages: 522496
[    0.000000] Kernel command line: ignore_loglevel console=ttyS0,115200n8 rw root=PARTUUID=b1791faa-84e8-4e27-83a1-9fb0a77e8803 rootwait gpt debug noinitrd earlyprintk init=/bin/bash
[    0.000000] PID hash table entries: 4096 (order: 2, 16384 bytes)
[    0.000000] Dentry cache hash table entries: 131072 (order: 7, 524288 bytes)
[    0.000000] Inode-cache hash table entries: 65536 (order: 6, 262144 bytes)
[    0.000000] Memory: 1994760K/2096128K available (9216K kernel code, 1203K rwdata, 4148K rodata, 2048K init, 536K bss, 35832K reserved, 65536K cma-reserved, 1244160K highmem)
[    0.000000] Virtual kernel memory layout:
[    0.000000]     vector  : 0xffff0000 - 0xffff1000   (   4 kB)
[    0.000000]     fixmap  : 0xffc00000 - 0xfff00000   (3072 kB)
[    0.000000]     vmalloc : 0xf0800000 - 0xff800000   ( 240 MB)
[    0.000000]     lowmem  : 0xc0000000 - 0xf0000000   ( 768 MB)
[    0.000000]     pkmap   : 0xbfe00000 - 0xc0000000   (   2 MB)
[    0.000000]     modules : 0xbf000000 - 0xbfe00000   (  14 MB)
[    0.000000]       .text : 0xc0208000 - 0xc0c00000   (10208 kB)
[    0.000000]       .init : 0xc1100000 - 0xc1300000   (2048 kB)
[    0.000000]       .data : 0xc1300000 - 0xc142cfc0   (1204 kB)
[    0.000000]        .bss : 0xc142e000 - 0xc14b41d0   ( 537 kB)
[    0.000000] SLUB: HWalign=64, Order=0-3, MinObjects=0, CPUs=4, Nodes=1
[    0.000000] Hierarchical RCU implementation.
[    0.000000] 	Build-time adjustment of leaf fanout to 32.
[    0.000000] 	RCU restricting CPUs from NR_CPUS=16 to nr_cpu_ids=4.
[    0.000000] RCU: Adjusting geometry for rcu_fanout_leaf=32, nr_cpu_ids=4
[    0.000000] NR_IRQS:16 nr_irqs:16 16
[    0.000000] /interrupt-controller@60004000: 160 interrupts forwarded to /interrupt-controller@50041000
[    0.000000] Tegra clk 127: register failed with -17
[    0.000008] sched_clock: 32 bits at 1000kHz, resolution 1000ns, wraps every 2147483647500ns
[    0.000030] clocksource: timer_us: mask: 0xffffffff max_cycles: 0xffffffff, max_idle_ns: 1911260446275 ns
[    0.000043] Switching to timer-based delay loop, resolution 1000ns
[    0.005057] arm_arch_timer: Architected cp15 timer(s) running at 12.00MHz (virt).
[    0.005074] clocksource: arch_sys_counter: mask: 0xffffffffffffff max_cycles: 0x2c47f4ee7, max_idle_ns: 440795202497 ns
[    0.005092] sched_clock: 56 bits at 12MHz, resolution 83ns, wraps every 4398046511096ns
[    0.005104] Switching to timer-based delay loop, resolution 83ns
[    0.005554] Console: colour dummy device 80x30
[    0.005585] Calibrating delay loop (skipped), value calculated using timer frequency.. 24.00 BogoMIPS (lpj=120000)
[    0.005600] pid_max: default: 32768 minimum: 301
[    0.005696] Mount-cache hash table entries: 2048 (order: 1, 8192 bytes)
[    0.005707] Mountpoint-cache hash table entries: 2048 (order: 1, 8192 bytes)
[    0.006286] CPU: Testing write buffer coherency: ok
[    0.006537] /cpus/cpu@0 missing clock-frequency property
[    0.006577] /cpus/cpu@1 missing clock-frequency property
[    0.006616] /cpus/cpu@2 missing clock-frequency property
[    0.006657] /cpus/cpu@3 missing clock-frequency property
[    0.006669] CPU0: thread -1, cpu 0, socket 0, mpidr 80000000
[    0.006903] Setting up static identity map for 0x80300000 - 0x80300098
[    0.010463] Tegra Revision: A01 SKU: 129 CPU Process: 1 SoC Process: 1
[    0.011107] EFI services will not be available.
[    0.011339] smp: Bringing up secondary CPUs ...
[    0.011939] CPU1: thread -1, cpu 1, socket 0, mpidr 80000001
[    0.015307] CPU2: thread -1, cpu 2, socket 0, mpidr 80000002
[    0.025307] CPU3: thread -1, cpu 3, socket 0, mpidr 80000003
[    0.034741] smp: Brought up 1 node, 4 CPUs
[    0.034759] SMP: Total of 4 processors activated (96.00 BogoMIPS).
[    0.034766] CPU: All CPU(s) started in SVC mode.
[    0.036238] devtmpfs: initialized
[    0.056533] VFP support v0.3: implementor 41 architecture 4 part 30 variant f rev 0
[    0.056972] clocksource: jiffies: mask: 0xffffffff max_cycles: 0xffffffff, max_idle_ns: 19112604462750000 ns
[    0.058331] pinctrl core: initialized pinctrl subsystem
[    0.060134] NET: Registered protocol family 16
[    0.062070] DMA: preallocated 256 KiB pool for atomic coherent allocations
[    0.084816] cpuidle: using governor menu
[    0.115545] No ATAGs?
[    0.115681] hw-breakpoint: found 5 (+1 reserved) breakpoint and 4 watchpoint registers.
[    0.115694] hw-breakpoint: maximum watchpoint size is 8 bytes.
[    0.122426] Serial: AMBA PL011 UART driver
[    0.170132] +5V_SYS: supplied by +VDD_MUX
[    0.170422] +3.3V_SYS: supplied by +VDD_MUX
[    0.171053] +USB0_VBUS_SW: Failed to request enable GPIO108: -517
[    0.171067] reg-fixed-voltage regulators:regulator@7: Failed to register regulator: -517
[    0.171154] +5V_USB_HS: Failed to request enable GPIO109: -517
[    0.171166] reg-fixed-voltage regulators:regulator@8: Failed to register regulator: -517
[    0.171329] +1.05V_RUN_AVDD_HDMI_PLL: Failed to request enable GPIO63: -517
[    0.171341] reg-fixed-voltage regulators:regulator@11: Failed to register regulator: -517
[    0.171424] +5V_HDMI_CON: Failed to request enable GPIO86: -517
[    0.171435] reg-fixed-voltage regulators:regulator@12: Failed to register regulator: -517
[    0.171517] +5V_SATA: Failed to request enable GPIO242: -517
[    0.171528] reg-fixed-voltage regulators:regulator@13: Failed to register regulator: -517
[    0.171611] +12V_SATA: Failed to request enable GPIO242: -517
[    0.171622] reg-fixed-voltage regulators:regulator@14: Failed to register regulator: -517
[    0.174982] vgaarb: loaded
[    0.175835] SCSI subsystem initialized
[    0.176000] libata version 3.00 loaded.
[    0.176267] usbcore: registered new interface driver usbfs
[    0.176330] usbcore: registered new interface driver hub
[    0.176399] usbcore: registered new device driver usb
[    0.180008] pps_core: LinuxPPS API ver. 1 registered
[    0.180017] pps_core: Software ver. 5.3.6 - Copyright 2005-2007 Rodolfo Giometti <giometti@linux.it>
[    0.180043] PTP clock support registered
[    0.180238] EDAC MC: Ver: 3.0.0
[    0.183421] clocksource: Switched to clocksource arch_sys_counter
[    0.194386] NET: Registered protocol family 2
[    0.194907] TCP established hash table entries: 8192 (order: 3, 32768 bytes)
[    0.195005] TCP bind hash table entries: 8192 (order: 4, 65536 bytes)
[    0.195191] TCP: Hash tables configured (established 8192 bind 8192)
[    0.195244] UDP hash table entries: 512 (order: 2, 16384 bytes)
[    0.195285] UDP-Lite hash table entries: 512 (order: 2, 16384 bytes)
[    0.195438] NET: Registered protocol family 1
[    0.195758] RPC: Registered named UNIX socket transport module.
[    0.195767] RPC: Registered udp transport module.
[    0.195774] RPC: Registered tcp transport module.
[    0.195780] RPC: Registered tcp NFSv4.1 backchannel transport module.
[    0.195790] PCI: CLS 0 bytes, default 64
[    0.196993] hw perfevents: enabled with armv7_cortex_a15 PMU driver, 7 counters available
[    0.198426] futex hash table entries: 1024 (order: 4, 65536 bytes)
[    0.199152] workingset: timestamp_bits=30 max_order=19 bucket_order=0
[    0.210204] squashfs: version 4.0 (2009/01/31) Phillip Lougher
[    0.211047] NFS: Registering the id_resolver key type
[    0.211068] Key type id_resolver registered
[    0.211075] Key type id_legacy registered
[    0.211120] ntfs: driver 2.1.32 [Flags: R/O].
[    0.212713] bounce: pool size: 64 pages
[    0.212907] Block layer SCSI generic (bsg) driver version 0.4 loaded (major 248)
[    0.212916] io scheduler noop registered
[    0.212923] io scheduler deadline registered
[    0.213104] io scheduler cfq registered (default)
[    0.218310] usb2-0 supply vbus not found, using dummy regulator
[    0.218430] usb2-1 supply vbus not found, using dummy regulator
[    0.218819] tegra-xusb-padctl 7009f000.padctl: failed to setup XUSB ports: -517
[    0.235633] tegra-pcie 1003000.pcie-controller: 2x1, 1x1 configuration
[    0.235687] tegra-pcie 1003000.pcie-controller: Failed to get supply 'avddio-pex': -517
[    0.241919] tegra124-dfll 70110000.clock: couldn't get vdd_cpu regulator
[    0.250282] tegra-apbdma 60020000.dma: Tegra20 APB DMA driver register 32 channels
[    0.252367] tegra-pmc 7000e400.pmc: emergency thermal reset enabled
[    0.314689] Serial: 8250/16550 driver, 4 ports, IRQ sharing disabled
[    0.317689] console [ttyS0] disabled
[    0.317723] 70006300.serial: ttyS0 at MMIO 0x70006300 (irq = 335, base_baud = 25500000) is a Tegra
[    1.194995] console [ttyS0] enabled
[    1.199372] SuperH (H)SCI(F) driver initialized
[    1.204968] msm_serial: driver initialized
[    1.209254] STMicroelectronics ASC driver initialized
[    1.215207] 70006000.serial: ttyTHS1 at MMIO 0x70006000 (irq = 333, base_baud = 0) is a TEGRA_UART
[    1.224532] 70006040.serial: ttyTHS2 at MMIO 0x70006040 (irq = 334, base_baud = 0) is a TEGRA_UART
[    1.236915] [drm] Initialized
[    1.243193] tegra-hdmi 54280000.hdmi: failed to get HDMI regulator
[    1.263296] brd: module loaded
[    1.272641] loop: module loaded
[    1.277041] at24 0-0056: 256 byte 24c02 EEPROM, writable, 8 bytes/write
[    1.285363] as3722 4-0040: AS3722 with revision 0x1 found
[    1.297434] as3722-sd2: supplied by +5V_SYS
[    1.302059] as3722-sd3: supplied by +5V_SYS
[    1.306557] +1.35V_LP0(sd3): Bringing 0uV into 1350000-1350000uV
[    1.312914] as3722-sd4: supplied by +5V_SYS
[    1.317564] as3722-sd5: supplied by +5V_SYS
[    1.323629] as3722-ldo0: supplied by +1.35V_LP0(sd2)
[    1.329695] +1.8V_RUN_CAM: Bringing 0uV into 1800000-1800000uV
[    1.335950] as3722-ldo2: supplied by +1.8V_VDDIO
[    1.341861] as3722-ldo3: supplied by +3.3V_SYS
[    1.346363] +1.05V_LP0_VDD_RTC: Bringing 1100000uV into 1000000-1000000uV
[    1.354157] as3722-ldo4: supplied by +3.3V_SYS
[    1.358805] +2.8V_RUN_CAM: Bringing 0uV into 2800000-2800000uV
[    1.365059] as3722-ldo5: supplied by +1.8V_VDDIO
[    1.369881] +1.2V_RUN_CAM_FRONT: Bringing 0uV into 1200000-1200000uV
[    1.376840] +VDDIO_SDMMC3: bypassed regulator has no supply!
[    1.382489] +VDDIO_SDMMC3: failed to get the current voltage(-517)
[    1.388686] as3722-regulator as3722-regulator: regulator 13 register failed -517
[    1.401374] tegra-ahci 70027000.sata: couldn't get PHY in node sata: -517
[    1.421208] random: fast init done
[    1.424758] m25p80 spi32765.0: w25q32dw (4096 Kbytes)
[    1.432935] libphy: Fixed MDIO Bus: probed
[    1.438301] CAN device driver interface
[    1.443097] bgmac_bcma: Broadcom 47xx GBit MAC driver loaded
[    1.450210] e1000e: Intel(R) PRO/1000 Network Driver - 3.2.6-k
[    1.456049] e1000e: Copyright(c) 1999 - 2015 Intel Corporation.
[    1.462022] igb: Intel(R) Gigabit Ethernet Network Driver - version 5.4.0-k
[    1.468982] igb: Copyright (c) 2007-2014 Intel Corporation.
[    1.478340] pegasus: v0.9.3 (2013/04/25), Pegasus/Pegasus II USB Ethernet driver
[    1.485789] usbcore: registered new interface driver pegasus
[    1.491494] usbcore: registered new interface driver asix
[    1.496947] usbcore: registered new interface driver ax88179_178a
[    1.503070] usbcore: registered new interface driver cdc_ether
[    1.508964] usbcore: registered new interface driver smsc75xx
[    1.514783] usbcore: registered new interface driver smsc95xx
[    1.520558] usbcore: registered new interface driver net1080
[    1.526261] usbcore: registered new interface driver cdc_subset
[    1.532209] usbcore: registered new interface driver zaurus
[    1.537850] usbcore: registered new interface driver cdc_ncm
[    1.543732] tegra-phy 7d004000.usb-phy: no vbus regulator
[    1.551198] ehci_hcd: USB 2.0 'Enhanced' Host Controller (EHCI) Driver
[    1.557736] ehci-pci: EHCI PCI platform driver
[    1.562216] ehci-platform: EHCI generic platform driver
[    1.567663] ehci-orion: EHCI orion driver
[    1.571812] SPEAr-ehci: EHCI SPEAr driver
[    1.575986] ehci-st: EHCI STMicroelectronics driver
[    1.581004] ehci-exynos: EHCI EXYNOS driver
[    1.585364] ehci-atmel: EHCI Atmel driver
[    1.589513] tegra-ehci: Tegra EHCI driver
[    1.596362] tegra-ehci 7d004000.usb: EHCI Host Controller
[    1.601774] tegra-ehci 7d004000.usb: new USB bus registered, assigned bus number 1
[    1.609582] tegra-ehci 7d004000.usb: irq 354, io mem 0x7d004000
[    1.643441] tegra-ehci 7d004000.usb: USB 2.0 started, EHCI 1.10
[    1.650192] hub 1-0:1.0: USB hub found
[    1.654005] hub 1-0:1.0: 1 port detected
[    1.658524] ohci_hcd: USB 1.1 'Open' Host Controller (OHCI) Driver
[    1.664739] ohci-pci: OHCI PCI platform driver
[    1.669225] ohci-platform: OHCI generic platform driver
[    1.674648] ohci-omap3: OHCI OMAP3 driver
[    1.678799] SPEAr-ohci: OHCI SPEAr driver
[    1.682954] ohci-st: OHCI STMicroelectronics driver
[    1.687992] ohci-atmel: OHCI Atmel driver
[    1.692822] usbcore: registered new interface driver usb-storage
[    1.700507] mousedev: PS/2 mouse device common for all mice
[    1.709390] as3722-rtc as3722-rtc: rtc core: registered as3722-rtc as rtc0
[    1.716278] as3722-rtc as3722-rtc: RTC interrupt 377
[    1.724649] tegra_rtc 7000e000.rtc: rtc core: registered 7000e000.rtc as rtc1
[    1.731813] tegra_rtc 7000e000.rtc: Tegra internal Real Time Clock
[    1.738575] i2c /dev entries driver
[    1.749233] 0-004c supply vcc not found, using dummy regulator
[    1.765290] sdhci: Secure Digital Host Controller Interface driver
[    1.771460] sdhci: Copyright(c) Pierre Ossman
[    1.777517] Synopsys Designware Multimedia Card Interface Driver
[    1.784739] sdhci-pltfm: SDHCI platform and OF driver helper
[    1.791173] sdhci-tegra 700b0400.sdhci: Got CD GPIO
[    1.796081] sdhci-tegra 700b0400.sdhci: Got WP GPIO
[    1.801194] mmc0: Unknown controller version (3). You may experience problems.
[    1.808497] mmc0: Invalid maximum block size, assuming 512 bytes
[    1.873442] mmc0: SDHCI controller on 700b0600.sdhci [700b0600.sdhci] using ADMA
[    1.882856] ledtrig-cpu: registered to indicate activity on CPUs
[    1.889218] usbcore: registered new interface driver usbhid
[    1.894801] usbhid: USB HID core driver
[    1.902741] NET: Registered protocol family 10
[    1.908110] Segment Routing with IPv6
[    1.911815] sit: IPv6, IPv4 and MPLS over IPv4 tunneling driver
[    1.918419] NET: Registered protocol family 17
[    1.922863] can: controller area network core (rev 20120528 abi 9)
[    1.929115] NET: Registered protocol family 29
[    1.933572] can: raw protocol (rev 20120528)
[    1.937835] can: broadcast manager protocol (rev 20161123 t)
[    1.943506] can: netlink gateway (rev 20130117) max_hops=1
[    1.949335] Key type dns_resolver registered
[    1.954235] ThumbEE CPU extension supported.
[    1.958504] Registering SWP/SWPB emulation handler
[    1.979385] +3.3V_RUN: supplied by +3.3V_SYS
[    1.984774] +3.3V_AVDD_HDMI_AP_GATED: supplied by +3.3V_RUN
[    1.990788] +USB0_VBUS_SW: supplied by +5V_SYS
[    1.995996] +5V_USB_HS: supplied by +5V_SYS
[    2.001689] +3.3V_LP0: supplied by +3.3V_SYS
[    2.007717] +5V_HDMI_CON: supplied by +5V_SYS
[    2.012588] +5V_SATA: supplied by +5V_SYS
[    2.017527] +12V_SATA: supplied by +VDD_MUX
[    2.023526] usb2-0 supply vbus not found, using dummy regulator
[    2.029620] usb2-1 supply vbus not found, using dummy regulator
[    2.035078] mmc0: new high speed MMC card at address 0001
[    2.036191] mmcblk0: mmc0:0001 SEM16G 14.7 GiB 
[    2.036605] mmcblk0boot0: mmc0:0001 SEM16G partition 1 4.00 MiB
[    2.037348] mmcblk0boot1: mmc0:0001 SEM16G partition 2 4.00 MiB
[    2.038111] mmcblk0rpmb: mmc0:0001 SEM16G partition 3 4.00 MiB
[    2.047803]  mmcblk0: p1
[    2.066195] usb3-0 supply vbus not found, using dummy regulator
[    2.073364] tegra-pcie 1003000.pcie-controller: 2x1, 1x1 configuration
[    2.080020] tegra-pcie 1003000.pcie-controller: Failed to get supply 'avddio-pex': -517
[    2.091208] tegra124-dfll 70110000.clock: couldn't get vdd_cpu regulator
[    2.101990] tegra-hdmi 54280000.hdmi: failed to get PLL regulator
[    2.112972] as3722-sd2: supplied by +5V_SYS
[    2.117632] as3722-sd3: supplied by +5V_SYS
[    2.122109] as3722-sd4: supplied by +5V_SYS
[    2.126567] +1.05V_RUN_AVDD_HDMI_PLL: supplied by +1.05V_RUN
[    2.132301] as3722-sd5: supplied by +5V_SYS
[    2.138511] as3722-ldo0: supplied by +1.35V_LP0(sd2)
[    2.144560] as3722-ldo1: supplied by +3.3V_RUN
[    2.149311] as3722-ldo2: supplied by +1.8V_VDDIO
[    2.155029] as3722-ldo3: supplied by +3.3V_SYS
[    2.160335] as3722-ldo4: supplied by +3.3V_SYS
[    2.165152] as3722-ldo5: supplied by +1.8V_VDDIO
[    2.170040] as3722-ldo6: supplied by +3.3V_RUN
[    2.174764] as3722-ldo7: supplied by +1.8V_VDDIO
[    2.179868] +1.05V_RUN_CAM_REAR: Bringing 0uV into 1050000-1050000uV
[    2.186797] as3722-ldo9: supplied by +5V_SYS
[    2.192119] +3.3V_RUN_TOUCH: Bringing 0uV into 2800000-2800000uV
[    2.198695] as3722-ldo10: supplied by +5V_SYS
[    2.203556] +2.8V_RUN_CAM_AF: Bringing 0uV into 2800000-2800000uV
[    2.210177] as3722-ldo11: supplied by +3.3V_RUN
[    2.215513] +1.8V_RUN_VPP_FUSE: Bringing 0uV into 1800000-1800000uV
[    2.225297] tegra-ahci 70027000.sata: AHCI 0001.0301 32 slots 2 ports 3 Gbps 0x1 impl platform mode
[    2.234372] tegra-ahci 70027000.sata: flags: 64bit ncq sntf pm led pio slum part sadm sds apst 
[    2.245166] scsi host0: tegra-ahci
[    2.249742] scsi host1: tegra-ahci
[    2.253528] ata1: SATA max UDMA/133 mmio [mem 0x70027000-0x70028fff] port 0x100 irq 345
[    2.261521] ata2: DUMMY
[    2.266930] tegra-ehci 7d008000.usb: EHCI Host Controller
[    2.272341] tegra-ehci 7d008000.usb: new USB bus registered, assigned bus number 2
[    2.280191] tegra-ehci 7d008000.usb: irq 355, io mem 0x7d008000
[    2.313543] tegra-ehci 7d008000.usb: USB 2.0 started, EHCI 1.10
[    2.320637] hub 2-0:1.0: USB hub found
[    2.324487] hub 2-0:1.0: 1 port detected
[    2.330961] sdhci-tegra 700b0400.sdhci: Got CD GPIO
[    2.335910] sdhci-tegra 700b0400.sdhci: Got WP GPIO
[    2.340981] mmc1: Unknown controller version (3). You may experience problems.
[    2.348312] mmc1: Invalid maximum block size, assuming 512 bytes
[    2.414013] mmc1: SDHCI controller on 700b0400.sdhci [700b0400.sdhci] using ADMA
[    2.422132] tegra-pcie 1003000.pcie-controller: 2x1, 1x1 configuration
[    2.433092] tegra-pcie 1003000.pcie-controller: probing port 0, using 2 lanes
[    2.443500] tegra-pcie 1003000.pcie-controller: Slot present pin change, signature: 00000008
[    2.466349] tegra-pcie 1003000.pcie-controller: probing port 1, using 1 lanes
[    2.475582] tegra-pcie 1003000.pcie-controller: Slot present pin change, signature: 00000000
[    2.489962] tegra-pcie 1003000.pcie-controller: PCI host bridge to bus 0000:00
[    2.497228] pci_bus 0000:00: root bus resource [io  0x0000-0xffff]
[    2.503450] pci_bus 0000:00: root bus resource [mem 0x13000000-0x1fffffff]
[    2.510329] pci_bus 0000:00: root bus resource [mem 0x20000000-0x3fffffff pref]
[    2.517679] pci_bus 0000:00: root bus resource [bus 00-ff]
[    2.523203] pci 0000:00:01.0: [10de:0e12] type 01 class 0x060400
[    2.529329] pci_bus 0000:00: 2-byte config write to 0000:00:01.0 offset 0x52 may corrupt adjacent RW1C bits
[    2.539150] pci 0000:00:01.0: PME# supported from D0 D1 D2 D3hot D3cold
[    2.545808] pci_bus 0000:00: 2-byte config write to 0000:00:01.0 offset 0x4c may corrupt adjacent RW1C bits
[    2.555937] pci 0000:00:02.0: [10de:0e13] type 01 class 0x060400
[    2.562023] pci_bus 0000:00: 2-byte config write to 0000:00:02.0 offset 0x52 may corrupt adjacent RW1C bits
[    2.571844] pci 0000:00:02.0: PME# supported from D0 D1 D2 D3hot D3cold
[    2.578496] pci_bus 0000:00: 2-byte config write to 0000:00:02.0 offset 0x4c may corrupt adjacent RW1C bits
[    2.588582] pci_bus 0000:00: 2-byte config write to 0000:00:01.0 offset 0x3e may corrupt adjacent RW1C bits
[    2.598362] pci_bus 0000:00: 2-byte config write to 0000:00:02.0 offset 0x3e may corrupt adjacent RW1C bits
[    2.607251] ata1: SATA link down (SStatus 0 SControl 300)
[    2.613539] pci_bus 0000:00: 2-byte config write to 0000:00:01.0 offset 0x4 may corrupt adjacent RW1C bits
[    2.623180] pci_bus 0000:00: 1-byte config write to 0000:00:01.0 offset 0xc may corrupt adjacent RW1C bits
[    2.632837] pci_bus 0000:00: 2-byte config write to 0000:00:02.0 offset 0x4 may corrupt adjacent RW1C bits
[    2.642495] pci_bus 0000:00: 1-byte config write to 0000:00:02.0 offset 0xc may corrupt adjacent RW1C bits
[    2.652179] PCI: bus0: Fast back to back transfers disabled
[    2.657769] pci 0000:00:01.0: bridge configuration invalid ([bus 00-00]), reconfiguring
[    2.665794] pci 0000:00:02.0: bridge configuration invalid ([bus 00-00]), reconfiguring
[    2.674085] pci 0000:01:00.0: [8086:4232] type 00 class 0x028000
[    2.680131] pci 0000:01:00.0: reg 0x10: [mem 0x00000000-0x00001fff 64bit]
[    2.687148] pci 0000:01:00.0: PME# supported from D0 D3hot D3cold
[    2.709393] mmc1: new high speed SDHC card at address aaaa
[    2.716161] mmcblk1: mmc1:aaaa SD04G 3.69 GiB 
[    2.723531] PCI: bus1: Fast back to back transfers disabled
[    2.729133] pci_bus 0000:01: busn_res: [bus 01-ff] end is updated to 01
[    2.736032] pci 0000:02:00.0: [10ec:8168] type 00 class 0x020000
[    2.742063] pci 0000:02:00.0: reg 0x10: [io  0x0000-0x00ff]
[    2.747704] pci 0000:02:00.0: reg 0x18: [mem 0x00000000-0x00000fff 64bit]
[    2.754520] pci 0000:02:00.0: reg 0x20: [mem 0x00000000-0x00003fff 64bit pref]
[    2.761886] pci 0000:02:00.0: supports D1 D2
[    2.766167] pci 0000:02:00.0: PME# supported from D0 D1 D2 D3hot D3cold
[    2.782827]  mmcblk1: p1 p2 p3
[    2.793578] PCI: bus2: Fast back to back transfers disabled
[    2.799164] pci_bus 0000:02: busn_res: [bus 02-ff] end is updated to 02
[    2.805973] pci 0000:00:01.0: BAR 8: assigned [mem 0x13000000-0x130fffff]
[    2.812753] pci 0000:00:02.0: BAR 8: assigned [mem 0x13100000-0x131fffff]
[    2.819578] pci 0000:00:02.0: BAR 9: assigned [mem 0x20000000-0x200fffff 64bit pref]
[    2.827336] pci 0000:00:02.0: BAR 7: assigned [io  0x1000-0x1fff]
[    2.833449] pci 0000:01:00.0: BAR 0: assigned [mem 0x13000000-0x13001fff 64bit]
[    2.840788] pci 0000:00:01.0: PCI bridge to [bus 01]
[    2.845788] pci 0000:00:01.0:   bridge window [mem 0x13000000-0x130fffff]
[    2.852579] pci 0000:02:00.0: BAR 4: assigned [mem 0x20000000-0x20003fff 64bit pref]
[    2.860376] pci 0000:02:00.0: BAR 2: assigned [mem 0x13100000-0x13100fff 64bit]
[    2.867717] pci 0000:02:00.0: BAR 0: assigned [io  0x1000-0x10ff]
[    2.873848] pci 0000:00:02.0: PCI bridge to [bus 02]
[    2.878810] pci 0000:00:02.0:   bridge window [io  0x1000-0x1fff]
[    2.884918] pci 0000:00:02.0:   bridge window [mem 0x13100000-0x131fffff]
[    2.891698] pci 0000:00:02.0:   bridge window [mem 0x20000000-0x200fffff 64bit pref]
[    2.899500] pci 0000:00:01.0: nv_msi_ht_cap_quirk didn't locate host bridge
[    2.906575] pcieport 0000:00:01.0: enabling device (0140 -> 0142)
[    2.912942] pcieport 0000:00:01.0: Signaling PME with IRQ 393
[    2.918836] pci 0000:00:02.0: nv_msi_ht_cap_quirk didn't locate host bridge
[    2.925904] pcieport 0000:00:02.0: enabling device (0140 -> 0143)
[    2.932252] pcieport 0000:00:02.0: Signaling PME with IRQ 394
[    2.938352] r8169 Gigabit Ethernet driver 2.3LK-NAPI loaded
[    2.943963] r8169 0000:02:00.0: enabling device (0140 -> 0143)
[    2.975244] r8169 0000:02:00.0 eth0: RTL8168g/8111g at 0xf0b54000, 00:04:4b:3a:d9:81, XID 0c000800 IRQ 395
[    2.984940] r8169 0000:02:00.0 eth0: jumbo features [frames: 9200 bytes, tx checksumming: ko]
[    3.000037] [drm] Supports vblank timestamp caching Rev 2 (21.10.2013).
[    3.006687] [drm] No driver support for vblank timestamp query.
[    3.135762] tegra-hdmi 54280000.hdmi: cannot set audio to 48000 Hz at 297000000 Hz pixel clock
[    3.303905] Console: switching to colour frame buffer device 512x135
[    3.399443] drm drm: fb0:  frame buffer device
[    3.443578] [drm] Initialized tegra 0.0.0 20120330 on minor 0
[    3.450875] of: dev_pm_opp_of_cpumask_add_table: couldn't find opp table for cpu:0, -19
[    3.458975] cpufreq: cpufreq_online: CPU0: Running at unlisted freq: 696000 KHz
[    3.466337] cpufreq: cpufreq_online: CPU0: Unlisted initial frequency changed to: 714000 KHz
[    3.475607] input: gpio-keys as /devices/soc0/gpio-keys/input/input0
[    3.482978] as3722-rtc as3722-rtc: setting system clock to 2000-01-01 00:00:14 UTC (946684814)
[    3.492087] +USB0_VBUS_SW: disabling
[    3.495704] +1.8V_RUN_CAM: disabling
[    3.499520] +2.8V_RUN_CAM: disabling
[    3.503298] +1.2V_RUN_CAM_FRONT: disabling
[    3.507664] +1.05V_RUN_CAM_REAR: disabling
[    3.511917] +3.3V_RUN_TOUCH: disabling
[    3.515899] +2.8V_RUN_CAM_AF: disabling
[    3.519890] +1.8V_RUN_VPP_FUSE: disabling
[    3.525141] EXT4-fs (mmcblk0p1): mounting ext3 file system using the ext4 subsystem
[    3.566919] EXT4-fs (mmcblk0p1): recovery complete
[    3.572545] EXT4-fs (mmcblk0p1): mounted filesystem with ordered data mode. Opts: (null)
[    3.580682] VFS: Mounted root (ext3 filesystem) on device 179:1.
[    3.590740] devtmpfs: mounted
[    3.594447] Freeing unused kernel memory: 2048K
bash: cannot set terminal process group (-1): Inappropriate ioctl for device
bash: no job control in this shell
root@(none):/# 