

U-Boot 2015.04-00466-gedec83e90172 (Mar 14 2016 - 10:42:01)

TEGRA124
Model: Acer Chromebook 13 CB5-311
DRAM:  4 GiB
:   Tegra SD/MMC: 0, Tegra SD/MMC: 1, Tegra SD/MMC: 2
MMC init failed
Using default environment

In:    serial
Out:   serial
Err:   serial
Net:   Net Initialization Skipped
No ethernet found.
Hit any key to stop autoboot:  2  0 
Tegra124 (Nyan-big) # 
Tegra124 (Nyan-big) # usb start
starting USB...
USB0:   USB EHCI 1.10
scanning bus 0 for devices... 2 USB Device(s) found
USB1:   USB EHCI 1.10
scanning bus 1 for devices... 2 USB Device(s) found
       scanning usb for storage devices... 1 Storage Device(s) found
       scanning usb for ethernet devices... 
Warning: asx0 using MAC address from net device
1 Ethernet Device(s) found
Tegra124 (Nyan-big) # mw 0x7000e4a0 0x00080000
Tegra124 (Nyan-big) # setenv bootargs 'ignore_loglevel console=ttyS0,115200n8 rw root=PARTUUID=4d36e82a-b3c0-4b4b-bfcd-afe5217ac023 rootwait gpt debug noinitrd earlyprintk init=/bin/bash'
Tegra124 (Nyan-big) # setenv ipaddr 192.168.100.102; setenv serverip 192.168.100.1; setenv tftpserverip 192.168.100.1
Tegra124 (Nyan-big) # tftpboot 0x82000000 zImage.multi_v7_defconfig
Using asx0 device
TFTP from server 192.168.100.1; our IP address is 192.168.100.102
Filename 'zImage.multi_v7_defconfig'.
Load address: 0x82000000
Loading: *#################################################################
	 #################################################################
	 #################################################################
	 #################################################################
	 #################################################################
	 #################################################################
	 #################################################################
	 #################################################################
	 ##########################
	 2.9 MiB/s
done
Bytes transferred = 8014792 (7a4bc8 hex)
Tegra124 (Nyan-big) # tftpboot 0x83000000 tegra124-nyan-big.dtb
Using asx0 device
TFTP from server 192.168.100.1; our IP address is 192.168.100.102
Filename 'tegra124-nyan-big.dtb'.
Load address: 0x83000000
Loading: *#####
	 2.7 MiB/s
done
Bytes transferred = 68183 (10a57 hex)
Tegra124 (Nyan-big) # bootz 0x82000000 - 0x83000000
Kernel image @ 0x82000000 [ 0x000000 - 0x7a4bc8 ]
## Flattened Device Tree blob at 83000000
   Booting using the fdt blob at 0x83000000
   Using Device Tree in place at 83000000, end 83013a56

Starting kernel ...

[    0.000000] Booting Linux on physical CPU 0x0
[    0.000000] Linux version 4.13.0-rc6-186564-g14ccee7 (jonathanh@sellafield) (gcc version 4.7.3 20130328 (prerelease) (crosstool-NG linaro-1.13.1-4.7-2013.04-20130415 - Linaro GCC 2013.04)) #1 SMP Sun Aug 20 15:06:31 PDT 2017
[    0.000000] CPU: ARMv7 Processor [413fc0f3] revision 3 (ARMv7), cr=10c5387d
[    0.000000] CPU: div instructions available: patching division code
[    0.000000] CPU: PIPT / VIPT nonaliasing data cache, PIPT instruction cache
[    0.000000] OF: fdt: Machine model: Acer Chromebook 13 CB5-311
[    0.000000] OF: fdt: Ignoring memory range 0x100000000 - 0x17ffff000
[    0.000000] debug: ignoring loglevel setting.
[    0.000000] Memory policy: Data cache writealloc
[    0.000000] efi: Getting EFI parameters from FDT:
[    0.000000] efi: UEFI not found.
[    0.000000] cma: Reserved 64 MiB at 0xfb800000
[    0.000000] On node 0 totalpages: 524287
[    0.000000] free_area_init_node: node 0, pgdat c157ee00, node_mem_map eeff8000
[    0.000000]   DMA zone: 1536 pages used for memmap
[    0.000000]   DMA zone: 0 pages reserved
[    0.000000]   DMA zone: 196608 pages, LIFO batch:31
[    0.000000]   HighMem zone: 327679 pages, LIFO batch:31
[    0.000000] percpu: Embedded 17 pages/cpu @eef81000 s39488 r8192 d21952 u69632
[    0.000000] pcpu-alloc: s39488 r8192 d21952 u69632 alloc=17*4096
[    0.000000] pcpu-alloc: [0] 0 [0] 1 [0] 2 [0] 3 
[    0.000000] Built 1 zonelists in Zone order, mobility grouping on.  Total pages: 522751
[    0.000000] Kernel command line: ignore_loglevel console=ttyS0,115200n8 rw root=PARTUUID=4d36e82a-b3c0-4b4b-bfcd-afe5217ac023 rootwait gpt debug noinitrd earlyprintk init=/bin/bash
[    0.000000] PID hash table entries: 4096 (order: 2, 16384 bytes)
[    0.000000] Dentry cache hash table entries: 131072 (order: 7, 524288 bytes)
[    0.000000] Inode-cache hash table entries: 65536 (order: 6, 262144 bytes)
[    0.000000] Memory: 1994448K/2097148K available (10240K kernel code, 1562K rwdata, 4452K rodata, 2048K init, 402K bss, 37164K reserved, 65536K cma-reserved, 1245180K highmem)
[    0.000000] Virtual kernel memory layout:
[    0.000000]     vector  : 0xffff0000 - 0xffff1000   (   4 kB)
[    0.000000]     fixmap  : 0xffc00000 - 0xfff00000   (3072 kB)
[    0.000000]     vmalloc : 0xf0800000 - 0xff800000   ( 240 MB)
[    0.000000]     lowmem  : 0xc0000000 - 0xf0000000   ( 768 MB)
[    0.000000]     pkmap   : 0xbfe00000 - 0xc0000000   (   2 MB)
[    0.000000]     modules : 0xbf000000 - 0xbfe00000   (  14 MB)
[    0.000000]       .text : 0xc0208000 - 0xc0d00000   (11232 kB)
[    0.000000]       .init : 0xc1200000 - 0xc1400000   (2048 kB)
[    0.000000]       .data : 0xc1400000 - 0xc1586be8   (1563 kB)
[    0.000000]        .bss : 0xc158fcb0 - 0xc15f46fc   ( 403 kB)
[    0.000000] SLUB: HWalign=64, Order=0-3, MinObjects=0, CPUs=4, Nodes=1
[    0.000000] Hierarchical RCU implementation.
[    0.000000] 	RCU event tracing is enabled.
[    0.000000] 	RCU restricting CPUs from NR_CPUS=16 to nr_cpu_ids=4.
[    0.000000] RCU: Adjusting geometry for rcu_fanout_leaf=16, nr_cpu_ids=4
[    0.000000] NR_IRQS: 16, nr_irqs: 16, preallocated irqs: 16
[    0.000000] /interrupt-controller@60004000: 160 interrupts forwarded to /interrupt-controller@50041000
[    0.000000] Tegra clk 127: register failed with -17
[    0.000003] sched_clock: 32 bits at 1000kHz, resolution 1000ns, wraps every 2147483647500ns
[    0.000011] clocksource: timer_us: mask: 0xffffffff max_cycles: 0xffffffff, max_idle_ns: 1911260446275 ns
[    0.000017] Switching to timer-based delay loop, resolution 1000ns
[    0.001742] arch_timer: cp15 timer(s) running at 12.00MHz (virt).
[    0.001749] clocksource: arch_sys_counter: mask: 0xffffffffffffff max_cycles: 0x2c47f4ee7, max_idle_ns: 440795202497 ns
[    0.001756] sched_clock: 56 bits at 12MHz, resolution 83ns, wraps every 4398046511096ns
[    0.001761] Switching to timer-based delay loop, resolution 83ns
[    0.001977] Console: colour dummy device 80x30
[    0.001991] Calibrating delay loop (skipped), value calculated using timer frequency.. 24.00 BogoMIPS (lpj=120000)
[    0.001999] pid_max: default: 32768 minimum: 301
[    0.002034] Mount-cache hash table entries: 2048 (order: 1, 8192 bytes)
[    0.002040] Mountpoint-cache hash table entries: 2048 (order: 1, 8192 bytes)
[    0.002229] CPU: Testing write buffer coherency: ok
[    0.002349] /cpus/cpu@0 missing clock-frequency property
[    0.002364] /cpus/cpu@1 missing clock-frequency property
[    0.002379] /cpus/cpu@2 missing clock-frequency property
[    0.002394] /cpus/cpu@3 missing clock-frequency property
[    0.002399] CPU0: thread -1, cpu 0, socket 0, mpidr 80000000
[    0.002518] Setting up static identity map for 0x80300000 - 0x803000a0
[    0.003226] Hierarchical SRCU implementation.
[    0.003906] Tegra Revision: A01 SKU: 131 CPU Process: 1 SoC Process: 1
[    0.004174] EFI services will not be available.
[    0.004232] smp: Bringing up secondary CPUs ...
[    0.004511] CPU1: thread -1, cpu 1, socket 0, mpidr 80000001
[    0.012002] CPU2: thread -1, cpu 2, socket 0, mpidr 80000002
[    0.022011] CPU3: thread -1, cpu 3, socket 0, mpidr 80000003
[    0.031738] smp: Brought up 1 node, 4 CPUs
[    0.031746] SMP: Total of 4 processors activated (96.00 BogoMIPS).
[    0.031750] CPU: All CPU(s) started in SVC mode.
[    0.032295] devtmpfs: initialized
[    0.037966] VFP support v0.3: implementor 41 architecture 4 part 30 variant f rev 0
[    0.038160] clocksource: jiffies: mask: 0xffffffff max_cycles: 0xffffffff, max_idle_ns: 19112604462750000 ns
[    0.038168] futex hash table entries: 1024 (order: 4, 65536 bytes)
[    0.038735] pinctrl core: initialized pinctrl subsystem
[    0.039400] DMI not present or invalid.
[    0.039482] random: get_random_u32 called from bucket_table_alloc+0xe8/0x254 with crng_init=0
[    0.039517] NET: Registered protocol family 16
[    0.040264] DMA: preallocated 256 KiB pool for atomic coherent allocations
[    0.041210] cpuidle: using governor menu
[    0.050156] No ATAGs?
[    0.050211] hw-breakpoint: found 5 (+1 reserved) breakpoint and 4 watchpoint registers.
[    0.050217] hw-breakpoint: maximum watchpoint size is 8 bytes.
[    0.053042] Serial: AMBA PL011 UART driver
[    0.053407] tegra-mc 70019000.memory-controller: no memory timings for RAM code 0 registered
[    0.058965] AT91: Could not find identification node
[    0.059176] +5V_SYS: supplied by +VDD_MUX
[    0.059275] +3.3V_SYS: supplied by +VDD_MUX
[    0.059493] +VDD_LED: Failed to request enable GPIO122: -517
[    0.059499] reg-fixed-voltage regulators:regulator@5: Failed to register regulator: -517
[    0.059534] +5V_VDD_TS_SW: Failed to request enable GPIO81: -517
[    0.059539] reg-fixed-voltage regulators:regulator@6: Failed to register regulator: -517
[    0.059573] +5V_USB_HS: Failed to request enable GPIO108: -517
[    0.059578] reg-fixed-voltage regulators:regulator@7: Failed to register regulator: -517
[    0.059611] +5V_USB_SS: Failed to request enable GPIO109: -517
[    0.059615] reg-fixed-voltage regulators:regulator@8: Failed to register regulator: -517
[    0.059706] +1.05V_RUN_AVDD_HDMI_PLL: Failed to request enable GPIO63: -517
[    0.059710] reg-fixed-voltage regulators:regulator@11: Failed to register regulator: -517
[    0.059743] +5V_HDMI_CON: Failed to request enable GPIO86: -517
[    0.059748] reg-fixed-voltage regulators:regulator@12: Failed to register regulator: -517
[    0.060770] vgaarb: loaded
[    0.061056] SCSI subsystem initialized
[    0.061123] libata version 3.00 loaded.
[    0.061212] usbcore: registered new interface driver usbfs
[    0.061234] usbcore: registered new interface driver hub
[    0.061256] usbcore: registered new device driver usb
[    0.062592] pps_core: LinuxPPS API ver. 1 registered
[    0.062596] pps_core: Software ver. 5.3.6 - Copyright 2005-2007 Rodolfo Giometti <giometti@linux.it>
[    0.062604] PTP clock support registered
[    0.062670] EDAC MC: Ver: 3.0.0
[    0.062798] dmi: Firmware registration failed.
[    0.063103] tegra-emc 7001b000.emc: no memory timings for RAM code 0 found in DT
[    0.063113] tegra-emc: probe of 7001b000.emc failed with error -2
[    0.063557] clocksource: Switched to clocksource arch_sys_counter
[    0.082924] NET: Registered protocol family 2
[    0.083123] TCP established hash table entries: 8192 (order: 3, 32768 bytes)
[    0.083157] TCP bind hash table entries: 8192 (order: 4, 65536 bytes)
[    0.083219] TCP: Hash tables configured (established 8192 bind 8192)
[    0.083254] UDP hash table entries: 512 (order: 2, 16384 bytes)
[    0.083269] UDP-Lite hash table entries: 512 (order: 2, 16384 bytes)
[    0.083327] NET: Registered protocol family 1
[    0.083491] RPC: Registered named UNIX socket transport module.
[    0.083495] RPC: Registered udp transport module.
[    0.083498] RPC: Registered tcp transport module.
[    0.083501] RPC: Registered tcp NFSv4.1 backchannel transport module.
[    0.083507] PCI: CLS 0 bytes, default 64
[    0.084089] hw perfevents: enabled with armv7_cortex_a15 PMU driver, 7 counters available
[    0.084757] workingset: timestamp_bits=30 max_order=19 bucket_order=0
[    0.087553] squashfs: version 4.0 (2009/01/31) Phillip Lougher
[    0.087815] NFS: Registering the id_resolver key type
[    0.087827] Key type id_resolver registered
[    0.087830] Key type id_legacy registered
[    0.087849] ntfs: driver 2.1.32 [Flags: R/O].
[    0.088096] random: fast init done
[    0.088448] bounce: pool size: 64 pages
[    0.088468] Block layer SCSI generic (bsg) driver version 0.4 loaded (major 248)
[    0.088473] io scheduler noop registered
[    0.088476] io scheduler deadline registered
[    0.088531] io scheduler cfq registered (default)
[    0.088534] io scheduler mq-deadline registered
[    0.088537] io scheduler kyber registered
[    0.089771] tegra-xusb-padctl 7009f000.padctl: failed to setup XUSB ports: -517
[    0.100503] tegra-apbdma 60020000.dma: Tegra20 APB DMA driver register 32 channels
[    0.101397] tegra-pmc 7000e400.pmc: i2c-thermtrip node not found, emergency thermal reset disabled.
[    0.119790] Serial: 8250/16550 driver, 4 ports, IRQ sharing disabled
[    0.120853] console [ttyS0] disabled
[    0.120871] 70006000.serial: ttyS0 at MMIO 0x70006000 (irq = 333, base_baud = 25500000) is a Tegra
[    1.032206] console [ttyS0] enabled
[    1.035984] SuperH (H)SCI(F) driver initialized
[    1.040868] msm_serial: driver initialized
[    1.045024] STMicroelectronics ASC driver initialized
[    1.052309] tegra-hdmi 54280000.hdmi: failed to get HDMI regulator
[    1.058855] tegra-dpaux 545c0000.dpaux: failed to get VDD supply: -517
[    1.066290] panel-simple panel: panel supply power not found, using dummy regulator
[    1.076996] brd: module loaded
[    1.082490] loop: module loaded
[    1.086582] as3722 4-0040: AS3722 with revision 0x1 found
[    1.096628] as3722-sd2: supplied by +5V_SYS
[    1.101033] as3722-sd3: supplied by +5V_SYS
[    1.105370] +1.35V_LP0(sd3): Bringing 0uV into 1350000-1350000uV
[    1.111535] as3722-sd4: supplied by +5V_SYS
[    1.115917] +1.05V_RUN: Bringing 0uV into 1050000-1050000uV
[    1.121660] as3722-sd5: supplied by +5V_SYS
[    1.127238] as3722-ldo0: supplied by +1.35V_LP0(sd2)
[    1.132966] +1.8V_RUN_CAM: Bringing 0uV into 1800000-1800000uV
[    1.138981] as3722-ldo2: supplied by +1.8V_VDDIO
[    1.144596] as3722-ldo3: supplied by +3.3V_SYS
[    1.149043] +1.00V_LP0_VDD_RTC: Bringing 1100000uV into 1000000-1000000uV
[    1.156619] as3722-ldo4: supplied by +3.3V_SYS
[    1.161210] +3.3V_RUN_CAM: Bringing 0uV into 2800000-2800000uV
[    1.167218] as3722-ldo5: supplied by +1.8V_VDDIO
[    1.171980] +1.2V_RUN_CAM_FRONT: Bringing 0uV into 1200000-1200000uV
[    1.178656] +VDDIO_SDMMC3: Bringing 0uV into 1800000-1800000uV
[    1.184677] as3722-ldo7: supplied by +1.8V_VDDIO
[    1.189448] +1.05V_RUN_CAM_REAR: Bringing 0uV into 1050000-1050000uV
[    1.195987] as3722-ldo9: supplied by +5V_SYS
[    1.200545] +2.8V_RUN_TOUCH: Bringing 0uV into 2800000-2800000uV
[    1.206741] as3722-ldo10: supplied by +5V_SYS
[    1.211243] +2.8V_RUN_CAM_AF: Bringing 0uV into 2800000-2800000uV
[    1.217678] +1.8V_RUN_VPP_FUSE: Bringing 0uV into 1800000-1800000uV
[    1.236266] m25p80 spi32765.0: w25q32dw (4096 Kbytes)
[    1.242331] libphy: Fixed MDIO Bus: probed
[    1.246828] CAN device driver interface
[    1.250970] bgmac_bcma: Broadcom 47xx GBit MAC driver loaded
[    1.257088] e1000e: Intel(R) PRO/1000 Network Driver - 3.2.6-k
[    1.262904] e1000e: Copyright(c) 1999 - 2015 Intel Corporation.
[    1.268831] igb: Intel(R) Gigabit Ethernet Network Driver - version 5.4.0-k
[    1.275779] igb: Copyright (c) 2007-2014 Intel Corporation.
[    1.282646] pegasus: v0.9.3 (2013/04/25), Pegasus/Pegasus II USB Ethernet driver
[    1.290051] usbcore: registered new interface driver pegasus
[    1.295715] usbcore: registered new interface driver asix
[    1.301110] usbcore: registered new interface driver ax88179_178a
[    1.307204] usbcore: registered new interface driver cdc_ether
[    1.313038] usbcore: registered new interface driver smsc75xx
[    1.318790] usbcore: registered new interface driver smsc95xx
[    1.324537] usbcore: registered new interface driver net1080
[    1.330191] usbcore: registered new interface driver cdc_subset
[    1.336110] usbcore: registered new interface driver zaurus
[    1.341685] usbcore: registered new interface driver cdc_ncm
[    1.348010] ehci_hcd: USB 2.0 'Enhanced' Host Controller (EHCI) Driver
[    1.354531] ehci-pci: EHCI PCI platform driver
[    1.358975] ehci-platform: EHCI generic platform driver
[    1.364265] ehci-orion: EHCI orion driver
[    1.368316] SPEAr-ehci: EHCI SPEAr driver
[    1.372360] ehci-st: EHCI STMicroelectronics driver
[    1.377277] ehci-exynos: EHCI EXYNOS driver
[    1.381500] ehci-atmel: EHCI Atmel driver
[    1.385549] tegra-ehci: Tegra EHCI driver
[    1.389609] ohci_hcd: USB 1.1 'Open' Host Controller (OHCI) Driver
[    1.395783] ohci-pci: OHCI PCI platform driver
[    1.400227] ohci-platform: OHCI generic platform driver
[    1.405507] SPEAr-ohci: OHCI SPEAr driver
[    1.409552] ohci-st: OHCI STMicroelectronics driver
[    1.414468] ohci-atmel: OHCI Atmel driver
[    1.418727] usbcore: registered new interface driver usb-storage
[    1.425873] elan_i2c 1-0015: 1-0015 supply vcc not found, using dummy regulator
[    1.434544] as3722-rtc as3722-rtc: rtc core: registered as3722-rtc as rtc0
[    1.441403] as3722-rtc as3722-rtc: RTC interrupt 372
[    1.448361] tegra_rtc 7000e000.rtc: rtc core: registered 7000e000.rtc as rtc1
[    1.455499] tegra_rtc 7000e000.rtc: Tegra internal Real Time Clock
[    1.461847] i2c /dev entries driver
[    1.467778] lm90 0-004c: 0-004c supply vcc not found, using dummy regulator
[    1.479213] sdhci: Secure Digital Host Controller Interface driver
[    1.485396] sdhci: Copyright(c) Pierre Ossman
[    1.490290] Synopsys Designware Multimedia Card Interface Driver
[    1.496734] sdhci-pltfm: SDHCI platform and OF driver helper
[    1.502667] sdhci-tegra 700b0000.sdhci: allocated mmc-pwrseq
[    1.516472] sdhci-tegra 700b0400.sdhci: Got CD GPIO
[    1.521342] sdhci-tegra 700b0400.sdhci: Got WP GPIO
[    1.541680] mmc0: Unknown controller version (3). You may experience problems.
[    1.548921] mmc0: Invalid maximum block size, assuming 512 bytes
[    1.605841] elan_i2c 1-0015: Elan Touchpad: Module ID: 0x002a, Firmware: 0x0005, Sample: 0x0007, IAP: 0x0009
[    1.615681] mmc0: SDHCI controller on 700b0600.sdhci [700b0600.sdhci] using ADMA
[    1.623812] input: Elan Touchpad as /devices/soc0/7000c400.i2c/i2c-1/1-0015/input/input0
[    1.632097] ledtrig-cpu: registered to indicate activity on CPUs
[    1.638278] usbcore: registered new interface driver usbhid
[    1.643841] usbhid: USB HID core driver
[    1.649100] NET: Registered protocol family 10
[    1.654903] Segment Routing with IPv6
[    1.658591] sit: IPv6, IPv4 and MPLS over IPv4 tunneling driver
[    1.664723] NET: Registered protocol family 17
[    1.669155] can: controller area network core (rev 20170425 abi 9)
[    1.675346] NET: Registered protocol family 29
[    1.679776] can: raw protocol (rev 20170425)
[    1.684038] can: broadcast manager protocol (rev 20170425 t)
[    1.689683] can: netlink gateway (rev 20170425) max_hops=1
[    1.695286] Key type dns_resolver registered
[    1.699776] ThumbEE CPU extension supported.
[    1.704043] Registering SWP/SWPB emulation handler
[    1.715223] +3.3V_RUN: supplied by +3.3V_SYS
[    1.720265] +VDD_LED: supplied by +VDD_MUX
[    1.724469] +3.3V_AVDD_HDMI_AP_GATED: supplied by +3.3V_RUN
[    1.730055] +1.8V_RUN_CAM: supplied by +3.3V_RUN
[    1.734712] +VDDIO_SDMMC3: supplied by +3.3V_RUN
[    1.739403] +1.8V_RUN_VPP_FUSE: supplied by +3.3V_RUN
[    1.744808] +5V_VDD_TS_SW: supplied by +5V_SYS
[    1.749584] +5V_USB_HS: supplied by +5V_SYS
[    1.753941] +5V_USB_SS: supplied by +5V_SYS
[    1.759222] +3.3V_PANEL: supplied by +3.3V_RUN
[    1.764751] mmc0: new high speed MMC card at address 0001
[    1.764798] +3.3V_LP0: supplied by +3.3V_SYS
[    1.774769] mmcblk0: mmc0:0001 MMC16G 14.4 GiB 
[    1.775106] +1.05V_RUN_AVDD_HDMI_PLL: supplied by +1.05V_RUN
[    1.775372] +5V_HDMI_CON: supplied by +5V_SYS
[    1.776198]  usb3-0: usb3-0 supply vbus not found, using dummy regulator
[    1.776257]  usb3-1: usb3-1 supply vbus not found, using dummy regulator
[    1.779450] elan_i2c 1-0015: failed to read report data: -121
[    1.780346] tegra-sor 54540000.sor: failed to probe output: -517
[    1.781101] panel-simple panel: panel supply power not found, using dummy regulator
[    1.782100] sdhci-tegra 700b0000.sdhci: allocated mmc-pwrseq
[    1.785117] elan_i2c 1-0015: failed to read report data: -121
[    1.790445] mmc1: Unknown controller version (3). You may experience problems.
[    1.790488] mmc1: Invalid maximum block size, assuming 512 bytes
[    1.790961] mmc1: Switching to 3.3V signalling voltage failed
[    1.852799] mmcblk0boot0: mmc0:0001 MMC16G partition 1 2.00 MiB
[    1.853633] mmc1: SDHCI controller on 700b0000.sdhci [700b0000.sdhci] using ADMA
[    1.854640] sdhci-tegra 700b0400.sdhci: Got CD GPIO
[    1.854650] sdhci-tegra 700b0400.sdhci: Got WP GPIO
[    1.862958] mmc2: Unknown controller version (3). You may experience problems.
[    1.863011] mmc2: Invalid maximum block size, assuming 512 bytes
[    1.889381] mmcblk0boot1: mmc0:0001 MMC16G partition 2 2.00 MiB
[    1.895698] mmcblk0rpmb: mmc0:0001 MMC16G partition 3 128 KiB
[    1.907653]  mmcblk0: p1 p2 p3 p4 p5 p6 p7 p8 p9 p10 p11 p12
[    1.919376] elan_i2c 1-0015: invalid report id data (ff)
[    1.923746] mmc2: SDHCI controller on 700b0400.sdhci [700b0400.sdhci] using ADMA
[    1.944347] mmc1: new high speed SDIO card at address 0001
[    2.019478] [drm] Supports vblank timestamp caching Rev 2 (21.10.2013).
[    2.026105] [drm] No driver support for vblank timestamp query.
[    2.064395] mmc2: new high speed SDHC card at address 0007
[    2.064720] mmcblk2: mmc2:0007 SD08G 7.42 GiB 
[    2.073042] GPT:Primary header alternate_lba != Alt. header my_lba
[    2.073046] GPT:3014591 != 15564799
[    2.073048] GPT:Primary header thinks Alt. header is not at the end of the disk.
[    2.073049] GPT:3014591 != 15564799
[    2.073050] GPT: Use GNU Parted to correct GPT errors.
[    2.073075]  mmcblk2: p1 p2 p3 p4 p5 p6 p7 p8 p9 p10 p11 p12
[    2.114724] Console: switching to colour frame buffer device 170x48
[    2.178883] drm drm: fb0:  frame buffer device
[    2.183371] [drm] Initialized tegra 0.0.0 20120330 for drm on minor 0
[    2.190580] input: gpio-keys as /devices/soc0/gpio-keys/input/input1
[    2.198067] as3722-rtc as3722-rtc: setting system clock to 2000-01-01 00:00:23 UTC (946684823)
[    2.207043] +1.8V_RUN_CAM: disabling
[    2.210813] +3.3V_RUN_CAM: disabling
[    2.214633] +1.2V_RUN_CAM_FRONT: disabling
[    2.218929] +1.05V_RUN_CAM_REAR: disabling
[    2.223181] +2.8V_RUN_TOUCH: disabling
[    2.227168] +2.8V_RUN_CAM_AF: disabling
[    2.231160] +1.8V_RUN_VPP_FUSE: disabling
[    2.235409] +5V_VDD_TS_SW: disabling
[    2.238981] +5V_USB_HS: disabling
[    2.242285] +5V_USB_SS: disabling
[    2.246468] EXT4-fs (mmcblk0p3): couldn't mount as ext3 due to feature incompatibilities
[    2.255099] EXT4-fs (mmcblk0p3): couldn't mount as ext2 due to feature incompatibilities
[    2.750088] EXT4-fs (mmcblk0p3): recovery complete
[    2.754904] EXT4-fs (mmcblk0p3): mounted filesystem with ordered data mode. Opts: (null)
[    2.763004] VFS: Mounted root (ext4 filesystem) on device 179:3.
[    2.770228] devtmpfs: mounted
[    2.773920] Freeing unused kernel memory: 2048K
bash: cannot set terminal process group (-1): Inappropriate ioctl for device
bash: no job control in this shell
root@(none):/# 