
U-Boot SPL 2014.01-00219-gc4d376f (Feb 18 2014 - 19:57:32)


U-Boot 2014.01-00219-gc4d376f (Feb 18 2014 - 19:57:32)

TEGRA114
Board: NVIDIA Dalmore
I2C:   ready
DRAM:  2 GiB
MMC:   Tegra SD/MMC: 0, Tegra SD/MMC: 1
In:    serial
Out:   serial
Err:   serial
Net:   Net Initialization Skipped
No ethernet found.
Hit any key to stop autoboot:  2  0 
Tegra114 (Dalmore) # 
Tegra114 (Dalmore) # usb reset
(Re)start USB...
USB0:   USB EHCI 1.10
scanning bus 0 for devices... 2 USB Device(s) found
       scanning usb for storage devices... 0 Storage Device(s) found
       scanning usb for ethernet devices... 
Warning: asx0 using MAC address from net device
1 Ethernet Device(s) found
Tegra114 (Dalmore) # setenv bootargs 'ignore_loglevel console=ttyS0,115200n8 rw root=PARTUUID=7369c667-ff51-ec4a-29cd-baabf2fbe346 rootwait gpt debug earlyprintk init=/bin/bash'
Tegra114 (Dalmore) # setenv ipaddr 192.168.100.100; setenv serverip 192.168.100.1; setenv tftpserverip 192.168.100.1
Tegra114 (Dalmore) # tftpboot 0x81000000 zImage.multi_v7_defconfig
Using asx0 device
TFTP from server 192.168.100.1; our IP address is 192.168.100.100
Filename 'zImage.multi_v7_defconfig'.
Load address: 0x81000000
Loading: *#################################################################
	 #################################################################
	 #################################################################
	 #################################################################
	 #################################################################
	 #################################################################
	 #################################################################
	 #############################
	 3.1 MiB/s
done
Bytes transferred = 7101528 (6c5c58 hex)
Tegra114 (Dalmore) # tftpboot 0x82000000 tegra114-dalmore.dtb
Using asx0 device
TFTP from server 192.168.100.1; our IP address is 192.168.100.100
Filename 'tegra114-dalmore.dtb'.
Load address: 0x82000000
Loading: *###
	 3 MiB/s
done
Bytes transferred = 34956 (888c hex)
Tegra114 (Dalmore) # bootz 0x81000000 - 0x82000000
Kernel image @ 0x81000000 [ 0x000000 - 0x6c5c58 ]
## Flattened Device Tree blob at 82000000
   Booting using the fdt blob at 0x82000000
   Loading Device Tree to 8fff4000, end 8ffff88b ... OK

Starting kernel ...

[    0.000000] Booting Linux on physical CPU 0x0
[    0.000000] Linux version 4.8.0-111631-gc8d2bc9 (pwalmsley@sellafield) (gcc version 4.7.3 20130328 (prerelease) (crosstool-NG linaro-1.13.1-4.7-2013.04-20130415 - Linaro GCC 2013.04) ) #1 SMP Sun Oct 2 17:05:04 PDT 2016
[    0.000000] CPU: ARMv7 Processor [412fc0f2] revision 2 (ARMv7), cr=10c5387d
[    0.000000] CPU: div instructions available: patching division code
[    0.000000] CPU: PIPT / VIPT nonaliasing data cache, PIPT instruction cache
[    0.000000] OF: fdt:Machine model: NVIDIA Tegra114 Dalmore evaluation board
[    0.000000] debug: ignoring loglevel setting.
[    0.000000] cma: Reserved 64 MiB at 0xfb800000
[    0.000000] Memory policy: Data cache writealloc
[    0.000000] On node 0 totalpages: 524032
[    0.000000] free_area_init_node: node 0, pgdat c141d380, node_mem_map eeff8000
[    0.000000]   DMA zone: 1536 pages used for memmap
[    0.000000]   DMA zone: 0 pages reserved
[    0.000000]   DMA zone: 196608 pages, LIFO batch:31
[    0.000000]   HighMem zone: 327424 pages, LIFO batch:31
[    0.000000] percpu: Embedded 14 pages/cpu @eef9b000 s25984 r8192 d23168 u57344
[    0.000000] pcpu-alloc: s25984 r8192 d23168 u57344 alloc=14*4096
[    0.000000] pcpu-alloc: [0] 0 [0] 1 [0] 2 [0] 3 
[    0.000000] Built 1 zonelists in Zone order, mobility grouping on.  Total pages: 522496
[    0.000000] Kernel command line: ignore_loglevel console=ttyS0,115200n8 rw root=PARTUUID=7369c667-ff51-ec4a-29cd-baabf2fbe346 rootwait gpt debug earlyprintk init=/bin/bash
[    0.000000] PID hash table entries: 4096 (order: 2, 16384 bytes)
[    0.000000] Dentry cache hash table entries: 131072 (order: 7, 524288 bytes)
[    0.000000] Inode-cache hash table entries: 65536 (order: 6, 262144 bytes)
[    0.000000] Memory: 1995092K/2096128K available (9216K kernel code, 1148K rwdata, 3972K rodata, 2048K init, 343K bss, 35500K reserved, 65536K cma-reserved, 1244160K highmem)
[    0.000000] Virtual kernel memory layout:
[    0.000000]     vector  : 0xffff0000 - 0xffff1000   (   4 kB)
[    0.000000]     fixmap  : 0xffc00000 - 0xfff00000   (3072 kB)
[    0.000000]     vmalloc : 0xf0800000 - 0xff800000   ( 240 MB)
[    0.000000]     lowmem  : 0xc0000000 - 0xf0000000   ( 768 MB)
[    0.000000]     pkmap   : 0xbfe00000 - 0xc0000000   (   2 MB)
[    0.000000]     modules : 0xbf000000 - 0xbfe00000   (  14 MB)
[    0.000000]       .text : 0xc0208000 - 0xc0c00000   (10208 kB)
[    0.000000]       .init : 0xc1100000 - 0xc1300000   (2048 kB)
[    0.000000]       .data : 0xc1300000 - 0xc141f200   (1149 kB)
[    0.000000]        .bss : 0xc1421000 - 0xc1476c48   ( 344 kB)
[    0.000000] SLUB: HWalign=64, Order=0-3, MinObjects=0, CPUs=4, Nodes=1
[    0.000000] Hierarchical RCU implementation.
[    0.000000] 	Build-time adjustment of leaf fanout to 32.
[    0.000000] 	RCU restricting CPUs from NR_CPUS=16 to nr_cpu_ids=4.
[    0.000000] RCU: Adjusting geometry for rcu_fanout_leaf=32, nr_cpu_ids=4
[    0.000000] NR_IRQS:16 nr_irqs:16 16
[    0.000000] /interrupt-controller@60004000: 160 interrupts forwarded to /interrupt-controller@50041000
[    0.000000] Tegra clk 127: register failed with -17
[    0.000008] sched_clock: 32 bits at 1000kHz, resolution 1000ns, wraps every 2147483647500ns
[    0.000026] clocksource: timer_us: mask: 0xffffffff max_cycles: 0xffffffff, max_idle_ns: 1911260446275 ns
[    0.000040] Switching to timer-based delay loop, resolution 1000ns
[    0.003193] arm_arch_timer: Architected cp15 timer(s) running at 12.00MHz (virt).
[    0.003211] clocksource: arch_sys_counter: mask: 0xffffffffffffff max_cycles: 0x2c47f4ee7, max_idle_ns: 440795202497 ns
[    0.003229] sched_clock: 56 bits at 12MHz, resolution 83ns, wraps every 4398046511096ns
[    0.003242] Switching to timer-based delay loop, resolution 83ns
[    0.003630] Console: colour dummy device 80x30
[    0.003659] Calibrating delay loop (skipped), value calculated using timer frequency.. 24.00 BogoMIPS (lpj=60000)
[    0.003674] pid_max: default: 32768 minimum: 301
[    0.003771] Mount-cache hash table entries: 2048 (order: 1, 8192 bytes)
[    0.003782] Mountpoint-cache hash table entries: 2048 (order: 1, 8192 bytes)
[    0.004409] CPU: Testing write buffer coherency: ok
[    0.004618] /cpus/cpu@0 missing clock-frequency property
[    0.004647] /cpus/cpu@1 missing clock-frequency property
[    0.004675] /cpus/cpu@2 missing clock-frequency property
[    0.004705] /cpus/cpu@3 missing clock-frequency property
[    0.004717] CPU0: thread -1, cpu 0, socket 0, mpidr 80000000
[    0.004739] Setting up static identity map for 0x80300000 - 0x80300098
[    0.007283] Tegra Revision: A01 SKU: 0 CPU Process: 1 SoC Process: 0
[    0.008601] CPU1: thread -1, cpu 1, socket 0, mpidr 80000001
[    0.009205] CPU2: thread -1, cpu 2, socket 0, mpidr 80000002
[    0.009792] CPU3: thread -1, cpu 3, socket 0, mpidr 80000003
[    0.009878] Brought up 4 CPUs
[    0.009898] SMP: Total of 4 processors activated (96.00 BogoMIPS).
[    0.009906] CPU: All CPU(s) started in SVC mode.
[    0.011363] devtmpfs: initialized
[    0.022900] VFP support v0.3: implementor 41 architecture 4 part 30 variant f rev 0
[    0.023292] clocksource: jiffies: mask: 0xffffffff max_cycles: 0xffffffff, max_idle_ns: 9556302231375000 ns
[    0.024651] pinctrl core: initialized pinctrl subsystem
[    0.026253] NET: Registered protocol family 16
[    0.028284] DMA: preallocated 256 KiB pool for atomic coherent allocations
[    0.043124] cpuidle: using governor menu
[    0.058082] No ATAGs?
[    0.058110] hw-breakpoint: found 5 (+1 reserved) breakpoint and 4 watchpoint registers.
[    0.058120] hw-breakpoint: maximum watchpoint size is 8 bytes.
[    0.063134] Serial: AMBA PL011 UART driver
[    0.064495] tegra-mc 70019000.memory-controller: no memory timings for RAM code 3 registered
[    0.092612] dvdd_ts: Failed to request enable GPIO61: -517
[    0.092628] reg-fixed-voltage regulators:regulator@1: Failed to register regulator: -517
[    0.092720] usb1_vbus: Failed to request enable GPIO108: -517
[    0.092734] reg-fixed-voltage regulators:regulator@3: Failed to register regulator: -517
[    0.092824] usb2_vbus: Failed to request enable GPIO86: -517
[    0.092837] reg-fixed-voltage regulators:regulator@4: Failed to register regulator: -517
[    0.093256] VDD_5V0_HDMI_CON: Failed to request enable GPIO81: -517
[    0.093270] reg-fixed-voltage regulators:regulator@7: Failed to register regulator: -517
[    0.095969] vgaarb: loaded
[    0.096765] SCSI subsystem initialized
[    0.096940] libata version 3.00 loaded.
[    0.097230] usbcore: registered new interface driver usbfs
[    0.097304] usbcore: registered new interface driver hub
[    0.097387] usbcore: registered new device driver usb
[    0.100886] tps65090 2-0048: No cache defaults, reading back from HW
[    0.102799] TPS65090_RAILSDCDC1: supplied by vdd_ac_bat
[    0.103347] vdd_hdmi_5v0: supplied by vdd-sys-5v0
[    0.104141] TPS65090_RAILSDCDC2: supplied by vdd_ac_bat
[    0.105201] TPS65090_RAILSDCDC3: supplied by vdd_ac_bat
[    0.105745] TPS65090_RAILSFET1: supplied by vdd_ac_bat
[    0.106138] TPS65090_RAILSFET2: supplied by vdd_ac_bat
[    0.106503] TPS65090_RAILSFET3: supplied by vdd-sys-3v3
[    0.107043] TPS65090_RAILSFET4: supplied by vdd-sys-3v3
[    0.107573] TPS65090_RAILSFET5: supplied by vdd-sys-3v3
[    0.108099] TPS65090_RAILSFET6: supplied by vdd-sys-3v3
[    0.108975] TPS65090_RAILSFET7: supplied by vdd-sys-3v3
[    0.109512] TPS65090_RAILSLDO1: supplied by vdd_ac_bat
[    0.109738] TPS65090_RAILSLDO2: supplied by vdd_ac_bat
[    0.110589] palmas 2-0058: Irq flag is 0x00000004
[    0.112579] palmas 2-0058: Muxing GPIO ff, PWM 0, LED 0
[    0.115156] SMPS12: supplied by vdd-ao
[    0.116774] SMPS3: supplied by vdd-ao
[    0.118538] SMPS457: supplied by vdd-sys-3v3
[    0.121460] SMPS8: supplied by vdd-sys-3v3
[    0.122329] random: fast init done
[    0.123092] SMPS9: supplied by vdd-sys-3v3
[    0.123630] sdhci-vdd-sd-slot: Bringing 2840000uV into 2800000-2800000uV
[    0.124366] sdhci-vdd-sd-slot: ramp_delay not set
[    0.126363] LDO1: supplied by vdd-sys-3v3
[    0.127561] LDO2: supplied by vdd-sys-3v3
[    0.128802] LDO3: supplied by vddio-1v8
[    0.130007] LDO4: supplied by vdd-sys-3v3
[    0.131227] LDO5: supplied by vdd_ac_bat
[    0.132002] LDO6: supplied by vdd-sys-3v3
[    0.132513] vdd-sensor-2v85: Bringing 2900000uV into 2850000-2850000uV
[    0.133821] LDO7: supplied by vdd-sys-3v3
[    0.135573] LDO8: supplied by vdd-ao
[    0.136081] vdd-rtc: Bringing 675000uV into 900000-900000uV
[    0.139219] LDO9: supplied by sdhci-vdd-sd-slot
[    0.144557] LDOLN: supplied by vdd-sys-5v0
[    0.145781] LDOUSB: supplied by vdd-sys-5v0
[    0.152453] pps_core: LinuxPPS API ver. 1 registered
[    0.152463] pps_core: Software ver. 5.3.6 - Copyright 2005-2007 Rodolfo Giometti <giometti@linux.it>
[    0.152486] PTP clock support registered
[    0.152691] EDAC MC: Ver: 3.0.0
[    0.155135] clocksource: Switched to clocksource arch_sys_counter
[    0.165866] NET: Registered protocol family 2
[    0.166388] TCP established hash table entries: 8192 (order: 3, 32768 bytes)
[    0.166486] TCP bind hash table entries: 8192 (order: 4, 65536 bytes)
[    0.166673] TCP: Hash tables configured (established 8192 bind 8192)
[    0.166724] UDP hash table entries: 512 (order: 2, 16384 bytes)
[    0.166765] UDP-Lite hash table entries: 512 (order: 2, 16384 bytes)
[    0.166925] NET: Registered protocol family 1
[    0.167266] RPC: Registered named UNIX socket transport module.
[    0.167276] RPC: Registered udp transport module.
[    0.167284] RPC: Registered tcp transport module.
[    0.167291] RPC: Registered tcp NFSv4.1 backchannel transport module.
[    0.167303] PCI: CLS 0 bytes, default 64
[    0.169444] futex hash table entries: 1024 (order: 4, 65536 bytes)
[    0.169962] workingset: timestamp_bits=30 max_order=19 bucket_order=0
[    0.181515] squashfs: version 4.0 (2009/01/31) Phillip Lougher
[    0.182406] NFS: Registering the id_resolver key type
[    0.182431] Key type id_resolver registered
[    0.182439] Key type id_legacy registered
[    0.182486] ntfs: driver 2.1.32 [Flags: R/O].
[    0.183788] bounce: pool size: 64 pages
[    0.184002] Block layer SCSI generic (bsg) driver version 0.4 loaded (major 248)
[    0.184013] io scheduler noop registered
[    0.184022] io scheduler deadline registered
[    0.184218] io scheduler cfq registered (default)
[    0.188515] libphy: mdio_driver_register: phy-bcm-ns2-pci
[    0.212547] tegra-apbdma 6000a000.dma: Tegra20 APB DMA driver register 32 channels
[    0.214343] tegra-pmc 7000e400.pmc: i2c-thermtrip node not found, emergency thermal reset disabled.
[    0.282635] Serial: 8250/16550 driver, 4 ports, IRQ sharing disabled
[    0.285696] console [ttyS0] disabled
[    0.285732] 70006300.serial: ttyS0 at MMIO 0x70006300 (irq = 329, base_baud = 25500000) is a Tegra
[    1.249516] console [ttyS0] enabled
[    1.253827] SuperH (H)SCI(F) driver initialized
[    1.259311] msm_serial: driver initialized
[    1.263605] STMicroelectronics ASC driver initialized
[    1.272234] [drm] Initialized drm 1.1.0 20060810
[    1.279885] tegra-hdmi 54280000.hdmi: failed to get HDMI regulator
[    1.304694] brd: module loaded
[    1.314034] loop: module loaded
[    1.333558] m25p80 spi32766.0: w25q32dw (4096 Kbytes)
[    1.342218] libphy: Fixed MDIO Bus: probed
[    1.347147] CAN device driver interface
[    1.352978] igb: Intel(R) Gigabit Ethernet Network Driver - version 5.3.0-k
[    1.359946] igb: Copyright (c) 2007-2014 Intel Corporation.
[    1.368584] pegasus: v0.9.3 (2013/04/25), Pegasus/Pegasus II USB Ethernet driver
[    1.376046] usbcore: registered new interface driver pegasus
[    1.381779] usbcore: registered new interface driver asix
[    1.387232] usbcore: registered new interface driver ax88179_178a
[    1.393378] usbcore: registered new interface driver cdc_ether
[    1.399282] usbcore: registered new interface driver smsc75xx
[    1.405098] usbcore: registered new interface driver smsc95xx
[    1.410897] usbcore: registered new interface driver net1080
[    1.416608] usbcore: registered new interface driver cdc_subset
[    1.422578] usbcore: registered new interface driver zaurus
[    1.428230] usbcore: registered new interface driver cdc_ncm
[    1.435829] ehci_hcd: USB 2.0 'Enhanced' Host Controller (EHCI) Driver
[    1.442364] ehci-pci: EHCI PCI platform driver
[    1.446862] ehci-platform: EHCI generic platform driver
[    1.452289] ehci-orion: EHCI orion driver
[    1.456444] SPEAr-ehci: EHCI SPEAr driver
[    1.460605] ehci-st: EHCI STMicroelectronics driver
[    1.465632] ehci-exynos: EHCI EXYNOS driver
[    1.469959] ehci-atmel: EHCI Atmel driver
[    1.474114] tegra-ehci: Tegra EHCI driver
[    1.478427] ohci_hcd: USB 1.1 'Open' Host Controller (OHCI) Driver
[    1.484629] ohci-pci: OHCI PCI platform driver
[    1.489135] ohci-platform: OHCI generic platform driver
[    1.494526] ohci-omap3: OHCI OMAP3 driver
[    1.498682] SPEAr-ohci: OHCI SPEAr driver
[    1.502843] ohci-st: OHCI STMicroelectronics driver
[    1.507869] ohci-atmel: OHCI Atmel driver
[    1.512593] usbcore: registered new interface driver usb-storage
[    1.520141] mousedev: PS/2 mouse device common for all mice
[    1.530499] palmas-rtc 7000d000.i2c:tps65913@58:rtc: rtc core: registered 7000d000.i2c:tps659 as rtc0
[    1.541625] tegra_rtc 7000e000.rtc: rtc core: registered 7000e000.rtc as rtc1
[    1.548817] tegra_rtc 7000e000.rtc: Tegra internal Real Time Clock
[    1.555548] i2c /dev entries driver
[    1.563277] sbs-battery 0-000b: sbs_probe: Failed to get device status
[    1.569837] sbs-battery: probe of 0-000b failed with error -121
[    1.587902] sdhci: Secure Digital Host Controller Interface driver
[    1.594108] sdhci: Copyright(c) Pierre Ossman
[    1.599931] Synopsys Designware Multimedia Card Interface Driver
[    1.606996] sdhci-pltfm: SDHCI platform and OF driver helper
[    1.613377] sdhci-tegra 78000400.sdhci: Got CD GPIO
[    1.618286] sdhci-tegra 78000400.sdhci: Got WP GPIO
[    1.624354] mmc0: Invalid maximum block size, assuming 512 bytes
[    1.675280] mmc0: SDHCI controller on 78000400.sdhci [78000400.sdhci] using ADMA
[    1.682971] mmc1: Invalid maximum block size, assuming 512 bytes
[    1.735146] mmc1: SDHCI controller on 78000600.sdhci [78000600.sdhci] using ADMA
[    1.744393] ledtrig-cpu: registered to indicate activity on CPUs
[    1.750756] usbcore: registered new interface driver usbhid
[    1.756340] usbhid: USB HID core driver
[    1.766261] NET: Registered protocol family 10
[    1.771597] sit: IPv6, IPv4 and MPLS over IPv4 tunneling driver
[    1.778216] NET: Registered protocol family 17
[    1.782685] can: controller area network core (rev 20120528 abi 9)
[    1.788938] NET: Registered protocol family 29
[    1.793396] can: raw protocol (rev 20120528)
[    1.797676] can: broadcast manager protocol (rev 20160617 t)
[    1.803349] can: netlink gateway (rev 20130117) max_hops=1
[    1.809234] Key type dns_resolver registered
[    1.814159] ThumbEE CPU extension supported.
[    1.818450] Registering SWP/SWPB emulation handler
[    1.826058] usb1_vbus: supplied by vdd-sys-5v0
[    1.842451] usb2_vbus: supplied by vdd-sys-5v0
[    1.849118] mmc0: new high speed SDHC card at address aaaa
[    1.854646] VDD_5V0_HDMI_CON: supplied by vdd-sys-5v0
[    1.861158] mmcblk0: mmc0:aaaa SL16G 14.8 GiB 
[    1.862826] [drm] Supports vblank timestamp caching Rev 2 (21.10.2013).
[    1.862830] [drm] No driver support for vblank timestamp query.
[    1.899312]  mmcblk0: p1 p2 p3
[    1.922130] mmc1: new high speed MMC card at address 0001
[    1.923172] mmcblk1: mmc1:0001 SEM32G 29.1 GiB 
[    1.924034] mmcblk1boot0: mmc1:0001 SEM32G partition 1 4.00 MiB
[    1.924613] mmcblk1boot1: mmc1:0001 SEM32G partition 2 4.00 MiB
[    1.925603] mmcblk1rpmb: mmc1:0001 SEM32G partition 3 4.00 MiB
[    1.930102]  mmcblk1: p1 p2 p3 p4 p5 p6 p7 p8
[    1.930479] Console: switching to colour frame buffer device 240x75
[    1.993771] drm drm: fb0:  frame buffer device
[    2.015278] [drm] Initialized tegra 0.0.0 20120330 on minor 0
[    2.026341] tegra-ehci 7d008000.usb: EHCI Host Controller
[    2.031826] tegra-ehci 7d008000.usb: new USB bus registered, assigned bus number 1
[    2.039769] tegra-ehci 7d008000.usb: irq 339, io mem 0x7d008000
[    2.060264] tegra-ehci 7d008000.usb: USB 2.0 started, EHCI 1.10
[    2.067440] hub 1-0:1.0: USB hub found
[    2.071312] hub 1-0:1.0: 1 port detected
[    2.076885] input: gpio-keys as /devices/soc0/gpio-keys/input/input0
[    2.085282] palmas-rtc 7000d000.i2c:tps65913@58:rtc: setting system clock to 2000-07-27 11:31:16 UTC (964697476)
[    2.110383] dvdd_ts: disabling
[    2.113443] usb1_vbus: disabling
[    2.116702] vdd_cam_1v8_reg: disabling
[    2.122158] EXT4-fs (mmcblk1p1): mounting ext3 file system using the ext4 subsystem
[    2.144538] EXT4-fs (mmcblk1p1): recovery complete
[    2.149415] EXT4-fs (mmcblk1p1): mounted filesystem with ordered data mode. Opts: (null)
[    2.157576] VFS: Mounted root (ext3 filesystem) on device 179:17.
[    2.167984] devtmpfs: mounted
[    2.172839] Freeing unused kernel memory: 2048K (c1100000 - c1300000)
bash: cannot set terminal process group (-1): Inappropriate ioctl for device
bash: no job control in this shell
root@(none):/# [    2.405270] usb 1-1: new high-speed USB device number 2 using tegra-ehci
mount -t sysfs none /sys
root@(none):/# 
[    3.400491] asix 1-1:1.0 eth0: register 'asix' at usb-7d008000.usb-1, ASIX AX88772 USB 2.0 Ethernet, 00:50:b6:0d:b5:16
root@(none):/# mount -t debugfs none /sys/kernel/debug
root@(none):/# 
root@(none):/# rtcwake -d rtc1 -m mem -s 3
rtcwake: assuming RTC uses UTC ...
rtcwake: wakeup from "mem" using /dev/rtc1 at Thu Jan  1 00:00:19 1970
[    5.392652] PM: Syncing filesystems ... done.
[    5.420882] Freezing user space processes ... (elapsed 0.001 seconds) done.
[    5.429267] Double checking all user space processes after OOM killer disable... (elapsed 0.000 seconds) 
[    5.438946] Freezing remaining freezable tasks ... (elapsed 0.001 seconds) done.
[    5.447882] Suspending console(s) (use no_console_suspend to debug)
[    5.497437] PM: suspend of devices complete after 41.864 msecs
[    5.500103] PM: late suspend of devices complete after 2.650 msecs
[    5.502074] PM: noirq suspend of devices complete after 1.961 msecs
[    5.502078] Disabling non-boot CPUs ...
[    5.502553] IRQ17 no longer affine to CPU1
[    5.502939] CPU1: shutdown
[    5.542748] CPU2: shutdown
[    5.572342] CPU3: shutdown
[    5.586347] Entering suspend state LP1
[    5.586372] Enabling non-boot CPUs ...
[    5.616780] CPU1 is up
[    5.646933] CPU2 is up
[    5.677280] CPU3 is up
[    5.678606] PM: noirq resume of devices complete after 1.315 msecs
[    5.681313] PM: early resume of devices complete after 2.263 msecs
[    5.781830] PM: resume of devices complete after 100.500 msecs
[    5.850598] Restarting tasks ... done.
root@(none):/# 
root@(none):/# rtcwake -d rtc1 -m mem -s 3
rtcwake: assuming RTC uses UTC ...
rtcwake: wakeup from "mem" using /dev/rtc1 at Thu Jan  1 00:00:27 1970
[    6.302477] PM: Syncing filesystems ... done.
[    6.329441] Freezing user space processes ... (elapsed 0.001 seconds) done.
[    6.337849] Double checking all user space processes after OOM killer disable... (elapsed 0.000 seconds) 
[    6.347583] Freezing remaining freezable tasks ... (elapsed 0.001 seconds) done.
[    6.356461] Suspending console(s) (use no_console_suspend to debug)
[    6.407092] PM: suspend of devices complete after 42.989 msecs
[    6.409817] PM: late suspend of devices complete after 2.709 msecs
[    6.411764] PM: noirq suspend of devices complete after 1.937 msecs
[    6.411768] Disabling non-boot CPUs ...
[    6.412618] CPU1: shutdown
[    6.447727] CPU2: shutdown
[    6.476952] IRQ17 no longer affine to CPU3
[    6.477329] CPU3: shutdown
[    6.491317] Entering suspend state LP1
[    6.491342] Enabling non-boot CPUs ...
[    6.521725] CPU1 is up
[    6.551903] CPU2 is up
[    6.587214] CPU3 is up
[    6.588531] PM: noirq resume of devices complete after 1.307 msecs
[    6.591282] PM: early resume of devices complete after 2.298 msecs
[    6.692189] PM: resume of devices complete after 100.889 msecs
[    6.760971] Restarting tasks ... done.
root@(none):/# 
root@(none):/# rtcwake -d rtc1 -m mem -s 3
rtcwake: assuming RTC uses UTC ...
rtcwake: wakeup from "mem" using /dev/rtc1 at Thu Jan  1 00:00:35 1970
[    7.211877] PM: Syncing filesystems ... done.
[    7.238879] Freezing user space processes ... (elapsed 0.001 seconds) done.
[    7.247292] Double checking all user space processes after OOM killer disable... (elapsed 0.000 seconds) 
[    7.257021] Freezing remaining freezable tasks ... (elapsed 0.001 seconds) done.
[    7.265900] Suspending console(s) (use no_console_suspend to debug)
[    7.317245] PM: suspend of devices complete after 43.706 msecs
[    7.319655] PM: late suspend of devices complete after 2.394 msecs
[    7.321610] PM: noirq suspend of devices complete after 1.945 msecs
[    7.321614] Disabling non-boot CPUs ...
[    7.322456] CPU1: shutdown
[    7.357694] CPU2: shutdown
[    7.386902] IRQ17 no longer affine to CPU3
[    7.387279] CPU3: shutdown
[    7.401283] Entering suspend state LP1
[    7.401308] Enabling non-boot CPUs ...
[    7.431700] CPU1 is up
[    7.461873] CPU2 is up
[    7.492192] CPU3 is up
[    7.493457] PM: noirq resume of devices complete after 1.254 msecs
[    7.496370] PM: early resume of devices complete after 2.459 msecs
[    7.597158] PM: resume of devices complete after 100.770 msecs
[    7.665988] Restarting tasks ... done.
root@(none):/# 
root@(none):/# rtcwake -d rtc1 -m mem -s 3
rtcwake: assuming RTC uses UTC ...
rtcwake: wakeup from "mem" using /dev/rtc1 at Thu Jan  1 00:00:43 1970
[    8.119394] PM: Syncing filesystems ... done.
[    8.146604] Freezing user space processes ... (elapsed 0.001 seconds) done.
[    8.154975] Double checking all user space processes after OOM killer disable... (elapsed 0.000 seconds) 
[    8.164655] Freezing remaining freezable tasks ... (elapsed 0.001 seconds) done.
[    8.173590] Suspending console(s) (use no_console_suspend to debug)
[    8.222037] PM: suspend of devices complete after 40.777 msecs
[    8.224425] PM: late suspend of devices complete after 2.373 msecs
[    8.226373] PM: noirq suspend of devices complete after 1.939 msecs
[    8.226377] Disabling non-boot CPUs ...
[    8.227228] CPU1: shutdown
[    8.262276] IRQ17 no longer affine to CPU2
[    8.262667] CPU2: shutdown
[    8.292239] CPU3: shutdown
[    8.306253] Entering suspend state LP1
[    8.306278] Enabling non-boot CPUs ...
[    8.336653] CPU1 is up
[    8.366819] CPU2 is up
[    8.397147] CPU3 is up
[    8.398408] PM: noirq resume of devices complete after 1.251 msecs
[    8.401367] PM: early resume of devices complete after 2.516 msecs
[    8.502072] PM: resume of devices complete after 100.686 msecs
[    8.570979] Restarting tasks ... done.
root@(none):/# 
root@(none):/# rtcwake -d rtc1 -m mem -s 3
rtcwake: assuming RTC uses UTC ...
rtcwake: wakeup from "mem" using /dev/rtc1 at Thu Jan  1 00:00:51 1970
[    9.039109] PM: Syncing filesystems ... done.
[    9.065829] Freezing user space processes ... (elapsed 0.001 seconds) done.
[    9.074191] Double checking all user space processes after OOM killer disable... (elapsed 0.000 seconds) 
[    9.083933] Freezing remaining freezable tasks ... (elapsed 0.001 seconds) done.
[    9.092820] Suspending console(s) (use no_console_suspend to debug)
[    9.142291] PM: suspend of devices complete after 41.812 msecs
[    9.144680] PM: late suspend of devices complete after 2.373 msecs
[    9.146634] PM: noirq suspend of devices complete after 1.944 msecs
[    9.146638] Disabling non-boot CPUs ...
[    9.147504] CPU1: shutdown
[    9.182236] IRQ17 no longer affine to CPU2
[    9.182625] CPU2: shutdown
[    9.212212] CPU3: shutdown
[    9.226208] Entering suspend state LP1
[    9.226233] Enabling non-boot CPUs ...
[    9.256622] CPU1 is up
[    9.286774] CPU2 is up
[    9.317113] CPU3 is up
[    9.318374] PM: noirq resume of devices complete after 1.250 msecs
[    9.321283] PM: early resume of devices complete after 2.474 msecs
[    9.421844] PM: resume of devices complete after 100.544 msecs
[    9.490675] Restarting tasks ... done.
root@(none):/# 
root@(none):/# rtcwake -d rtc1 -m mem -s 3
rtcwake: assuming RTC uses UTC ...
rtcwake: wakeup from "mem" using /dev/rtc1 at Thu Jan  1 00:00:59 1970
[    9.946181] PM: Syncing filesystems ... done.
[    9.972864] Freezing user space processes ... (elapsed 0.001 seconds) done.
[    9.981275] Double checking all user space processes after OOM killer disable... (elapsed 0.000 seconds) 
[    9.990948] Freezing remaining freezable tasks ... (elapsed 0.001 seconds) done.
[    9.999827] Suspending console(s) (use no_console_suspend to debug)
[   10.047861] PM: suspend of devices complete after 40.372 msecs
[   10.050361] PM: late suspend of devices complete after 2.483 msecs
[   10.052422] PM: noirq suspend of devices complete after 2.051 msecs
[   10.052426] Disabling non-boot CPUs ...
[   10.053292] CPU1: shutdown
[   10.097213] IRQ17 no longer affine to CPU2
[   10.097596] CPU2: shutdown
[   10.127243] CPU3: shutdown
[   10.151180] Entering suspend state LP1
[   10.151205] Enabling non-boot CPUs ...
[   10.181565] CPU1 is up
[   10.211747] CPU2 is up
[   10.242064] CPU3 is up
[   10.243331] PM: noirq resume of devices complete after 1.256 msecs
[   10.245793] PM: early resume of devices complete after 2.017 msecs
[   10.346970] PM: resume of devices complete after 101.157 msecs
[   10.415758] Restarting tasks ... done.
root@(none):/# 
root@(none):/# rtcwake -d rtc1 -m mem -s 3
rtcwake: assuming RTC uses UTC ...
rtcwake: wakeup from "mem" using /dev/rtc1 at Thu Jan  1 00:01:07 1970
[   10.868656] PM: Syncing filesystems ... done.
[   10.895642] Freezing user space processes ... (elapsed 0.001 seconds) done.
[   10.904047] Double checking all user space processes after OOM killer disable... (elapsed 0.000 seconds) 
[   10.913790] Freezing remaining freezable tasks ... (elapsed 0.001 seconds) done.
[   10.922759] Suspending console(s) (use no_console_suspend to debug)
[   10.971641] PM: suspend of devices complete after 41.230 msecs
[   10.974051] PM: late suspend of devices complete after 2.395 msecs
[   10.976281] PM: noirq suspend of devices complete after 2.216 msecs
[   10.976285] Disabling non-boot CPUs ...
[   10.977123] CPU1: shutdown
[   11.012542] CPU2: shutdown
[   11.042142] CPU3: shutdown
[   11.056138] Entering suspend state LP1
[   11.056163] Enabling non-boot CPUs ...
[   11.086547] CPU1 is up
[   11.116730] CPU2 is up
[   11.147038] CPU3 is up
[   11.148301] PM: noirq resume of devices complete after 1.252 msecs
[   11.151202] PM: early resume of devices complete after 2.444 msecs
[   11.252012] PM: resume of devices complete after 100.793 msecs
[   11.316704] Restarting tasks ... done.
root@(none):/# 
root@(none):/# rtcwake -d rtc1 -m mem -s 3
rtcwake: assuming RTC uses UTC ...
rtcwake: wakeup from "mem" using /dev/rtc1 at Thu Jan  1 00:01:15 1970
[   11.777934] PM: Syncing filesystems ... done.
[   11.804943] Freezing user space processes ... (elapsed 0.001 seconds) done.
[   11.813308] Double checking all user space processes after OOM killer disable... (elapsed 0.000 seconds) 
[   11.822990] Freezing remaining freezable tasks ... (elapsed 0.001 seconds) done.
[   11.831974] Suspending console(s) (use no_console_suspend to debug)
[   11.882187] PM: suspend of devices complete after 42.499 msecs
[   11.884560] PM: late suspend of devices complete after 2.356 msecs
[   11.886533] PM: noirq suspend of devices complete after 1.965 msecs
[   11.886537] Disabling non-boot CPUs ...
[   11.887413] CPU1: shutdown
[   11.932480] CPU2: shutdown
[   11.962105] CPU3: shutdown
[   11.976095] Entering suspend state LP1
[   11.976121] Enabling non-boot CPUs ...
[   12.006510] CPU1 is up
[   12.036680] CPU2 is up
[   12.067004] CPU3 is up
[   12.068260] PM: noirq resume of devices complete after 1.245 msecs
[   12.070937] PM: early resume of devices complete after 2.400 msecs
[   12.171749] PM: resume of devices complete after 100.793 msecs
[   12.236468] Restarting tasks ... done.
root@(none):/# 
root@(none):/# rtcwake -d rtc1 -m mem -s 3
rtcwake: assuming RTC uses UTC ...
rtcwake: wakeup from "mem" using /dev/rtc1 at Thu Jan  1 00:01:23 1970
[   12.695977] PM: Syncing filesystems ... done.
[   12.722930] Freezing user space processes ... (elapsed 0.001 seconds) done.
[   12.731363] Double checking all user space processes after OOM killer disable... (elapsed 0.000 seconds) 
[   12.741034] Freezing remaining freezable tasks ... (elapsed 0.001 seconds) done.
[   12.750008] Suspending console(s) (use no_console_suspend to debug)
[   12.802136] PM: suspend of devices complete after 44.491 msecs
[   12.804523] PM: late suspend of devices complete after 2.372 msecs
[   12.806453] PM: noirq suspend of devices complete after 1.920 msecs
[   12.806457] Disabling non-boot CPUs ...
[   12.807327] CPU1: shutdown
[   12.842104] IRQ17 no longer affine to CPU2
[   12.842493] CPU2: shutdown
[   12.872052] CPU3: shutdown
[   12.886050] Entering suspend state LP1
[   12.886075] Enabling non-boot CPUs ...
[   12.916466] CPU1 is up
[   12.946636] CPU2 is up
[   12.976956] CPU3 is up
[   12.978207] PM: noirq resume of devices complete after 1.241 msecs
[   12.980514] PM: early resume of devices complete after 1.868 msecs
[   13.081872] PM: resume of devices complete after 101.340 msecs
[   13.150662] Restarting tasks ... done.
root@(none):/# 
root@(none):/# rtcwake -d rtc1 -m mem -s 3
rtcwake: assuming RTC uses UTC ...
rtcwake: wakeup from "mem" using /dev/rtc1 at Thu Jan  1 00:01:31 1970
[   13.606192] PM: Syncing filesystems ... done.
[   13.633175] Freezing user space processes ... (elapsed 0.001 seconds) done.
[   13.641606] Double checking all user space processes after OOM killer disable... (elapsed 0.000 seconds) 
[   13.651279] Freezing remaining freezable tasks ... (elapsed 0.001 seconds) done.
[   13.660243] Suspending console(s) (use no_console_suspend to debug)
[   13.711531] PM: suspend of devices complete after 43.654 msecs
[   13.713956] PM: late suspend of devices complete after 2.410 msecs
[   13.716157] PM: noirq suspend of devices complete after 2.188 msecs
[   13.716162] Disabling non-boot CPUs ...
[   13.717025] CPU1: shutdown
[   13.752456] CPU2: shutdown
[   13.782029] CPU3: shutdown
[   13.796021] Entering suspend state LP1
[   13.796046] Enabling non-boot CPUs ...
[   13.826424] CPU1 is up
[   13.856618] CPU2 is up
[   13.886920] CPU3 is up
[   13.888204] PM: noirq resume of devices complete after 1.274 msecs
[   13.891019] PM: early resume of devices complete after 2.372 msecs
[   13.991808] PM: resume of devices complete after 100.771 msecs
[   14.056451] Restarting tasks ... done.
root@(none):/# 
root@(none):/# NVTB SYSTEM SUSPEND TEST COMPLETE
