

U-Boot 2015.04-00466-gedec83e90172 (Mar 14 2016 - 10:42:01)

TEGRA124
Model: Acer Chromebook 13 CB5-311
DRAM:  4 GiB
:   Tegra SD/MMC: 0, Tegra SD/MMC: 1, Tegra SD/MMC: 2
MMC init failed
Using default environment

In:    serial
Out:   serial
Err:   serial
Net:   Net Initialization Skipped
No ethernet found.
Hit any key to stop autoboot:  2  0 
Tegra124 (Nyan-big) # 
Tegra124 (Nyan-big) # usb start
starting USB...
USB0:   USB EHCI 1.10
scanning bus 0 for devices... 2 USB Device(s) found
USB1:   USB EHCI 1.10
scanning bus 1 for devices... 2 USB Device(s) found
       scanning usb for storage devices... 1 Storage Device(s) found
       scanning usb for ethernet devices... 
Warning: asx0 using MAC address from net device
1 Ethernet Device(s) found
Tegra124 (Nyan-big) # mw 0x7000e4a0 0x00080000
Tegra124 (Nyan-big) # setenv bootargs 'ignore_loglevel console=ttyS0,115200n8 rw root=PARTUUID=4d36e82a-b3c0-4b4b-bfcd-afe5217ac023 rootwait gpt debug noinitrd earlyprintk init=/bin/bash'
Tegra124 (Nyan-big) # setenv ipaddr 192.168.100.102; setenv serverip 192.168.100.1; setenv tftpserverip 192.168.100.1
Tegra124 (Nyan-big) # tftpboot 0x82000000 zImage.multi_v7_defconfig
Using asx0 device
TFTP from server 192.168.100.1; our IP address is 192.168.100.102
Filename 'zImage.multi_v7_defconfig'.
Load address: 0x82000000
Loading: *#################################################################
	 #################################################################
	 #################################################################
	 #################################################################
	 #################################################################
	 #################################################################
	 #################################################################
	 ##################################################
	 3.5 MiB/s
done
Bytes transferred = 7403536 (70f810 hex)
Tegra124 (Nyan-big) # tftpboot 0x83000000 tegra124-nyan-big.dtb
Using asx0 device
TFTP from server 192.168.100.1; our IP address is 192.168.100.102
Filename 'tegra124-nyan-big.dtb'.
Load address: 0x83000000
Loading: *#####
	 3.1 MiB/s
done
Bytes transferred = 67943 (10967 hex)
Tegra124 (Nyan-big) # bootz 0x82000000 - 0x83000000
Kernel image @ 0x82000000 [ 0x000000 - 0x70f810 ]
## Flattened Device Tree blob at 83000000
   Booting using the fdt blob at 0x83000000
   Using Device Tree in place at 83000000, end 83013966

Starting kernel ...

[    0.000000] Booting Linux on physical CPU 0x0
[    0.000000] Linux version 4.10.0-rc3-141727-ga121103 (pwalmsley@sellafield) (gcc version 4.7.3 20130328 (prerelease) (crosstool-NG linaro-1.13.1-4.7-2013.04-20130415 - Linaro GCC 2013.04) ) #1 SMP Sun Jan 8 15:05:05 PST 2017
[    0.000000] CPU: ARMv7 Processor [413fc0f3] revision 3 (ARMv7), cr=10c5387d
[    0.000000] CPU: div instructions available: patching division code
[    0.000000] CPU: PIPT / VIPT nonaliasing data cache, PIPT instruction cache
[    0.000000] OF: fdt:Machine model: Acer Chromebook 13 CB5-311
[    0.000000] OF: fdt:Ignoring memory range 0x100000000 - 0x17ffff000
[    0.000000] debug: ignoring loglevel setting.
[    0.000000] efi: Getting EFI parameters from FDT:
[    0.000000] efi: UEFI not found.
[    0.000000] cma: Reserved 64 MiB at 0xfb800000
[    0.000000] Memory policy: Data cache writealloc
[    0.000000] On node 0 totalpages: 524287
[    0.000000] free_area_init_node: node 0, pgdat c142b100, node_mem_map eeff8000
[    0.000000]   DMA zone: 1536 pages used for memmap
[    0.000000]   DMA zone: 0 pages reserved
[    0.000000]   DMA zone: 196608 pages, LIFO batch:31
[    0.000000]   HighMem zone: 327679 pages, LIFO batch:31
[    0.000000] percpu: Embedded 14 pages/cpu @eef8d000 s26176 r8192 d22976 u57344
[    0.000000] pcpu-alloc: s26176 r8192 d22976 u57344 alloc=14*4096
[    0.000000] pcpu-alloc: [0] 0 [0] 1 [0] 2 [0] 3 
[    0.000000] Built 1 zonelists in Zone order, mobility grouping on.  Total pages: 522751
[    0.000000] Kernel command line: ignore_loglevel console=ttyS0,115200n8 rw root=PARTUUID=4d36e82a-b3c0-4b4b-bfcd-afe5217ac023 rootwait gpt debug noinitrd earlyprintk init=/bin/bash
[    0.000000] PID hash table entries: 4096 (order: 2, 16384 bytes)
[    0.000000] Dentry cache hash table entries: 131072 (order: 7, 524288 bytes)
[    0.000000] Inode-cache hash table entries: 65536 (order: 6, 262144 bytes)
[    0.000000] Memory: 1995840K/2097148K available (9216K kernel code, 1203K rwdata, 4140K rodata, 2048K init, 472K bss, 35772K reserved, 65536K cma-reserved, 1245180K highmem)
[    0.000000] Virtual kernel memory layout:
[    0.000000]     vector  : 0xffff0000 - 0xffff1000   (   4 kB)
[    0.000000]     fixmap  : 0xffc00000 - 0xfff00000   (3072 kB)
[    0.000000]     vmalloc : 0xf0800000 - 0xff800000   ( 240 MB)
[    0.000000]     lowmem  : 0xc0000000 - 0xf0000000   ( 768 MB)
[    0.000000]     pkmap   : 0xbfe00000 - 0xc0000000   (   2 MB)
[    0.000000]     modules : 0xbf000000 - 0xbfe00000   (  14 MB)
[    0.000000]       .text : 0xc0208000 - 0xc0c00000   (10208 kB)
[    0.000000]       .init : 0xc1100000 - 0xc1300000   (2048 kB)
[    0.000000]       .data : 0xc1300000 - 0xc142cc00   (1203 kB)
[    0.000000]        .bss : 0xc142e000 - 0xc14a41d0   ( 473 kB)
[    0.000000] SLUB: HWalign=64, Order=0-3, MinObjects=0, CPUs=4, Nodes=1
[    0.000000] Hierarchical RCU implementation.
[    0.000000] 	Build-time adjustment of leaf fanout to 32.
[    0.000000] 	RCU restricting CPUs from NR_CPUS=16 to nr_cpu_ids=4.
[    0.000000] RCU: Adjusting geometry for rcu_fanout_leaf=32, nr_cpu_ids=4
[    0.000000] NR_IRQS:16 nr_irqs:16 16
[    0.000000] /interrupt-controller@60004000: 160 interrupts forwarded to /interrupt-controller@50041000
[    0.000000] Tegra clk 127: register failed with -17
[    0.000003] sched_clock: 32 bits at 1000kHz, resolution 1000ns, wraps every 2147483647500ns
[    0.000012] clocksource: timer_us: mask: 0xffffffff max_cycles: 0xffffffff, max_idle_ns: 1911260446275 ns
[    0.000017] Switching to timer-based delay loop, resolution 1000ns
[    0.001845] arm_arch_timer: Architected cp15 timer(s) running at 12.00MHz (virt).
[    0.001851] clocksource: arch_sys_counter: mask: 0xffffffffffffff max_cycles: 0x2c47f4ee7, max_idle_ns: 440795202497 ns
[    0.001857] sched_clock: 56 bits at 12MHz, resolution 83ns, wraps every 4398046511096ns
[    0.001861] Switching to timer-based delay loop, resolution 83ns
[    0.002065] Console: colour dummy device 80x30
[    0.002079] Calibrating delay loop (skipped), value calculated using timer frequency.. 24.00 BogoMIPS (lpj=120000)
[    0.002084] pid_max: default: 32768 minimum: 301
[    0.002125] Mount-cache hash table entries: 2048 (order: 1, 8192 bytes)
[    0.002129] Mountpoint-cache hash table entries: 2048 (order: 1, 8192 bytes)
[    0.002367] CPU: Testing write buffer coherency: ok
[    0.002492] /cpus/cpu@0 missing clock-frequency property
[    0.002506] /cpus/cpu@1 missing clock-frequency property
[    0.002520] /cpus/cpu@2 missing clock-frequency property
[    0.002534] /cpus/cpu@3 missing clock-frequency property
[    0.002539] CPU0: thread -1, cpu 0, socket 0, mpidr 80000000
[    0.002637] Setting up static identity map for 0x80300000 - 0x80300098
[    0.003942] Tegra Revision: A01 SKU: 131 CPU Process: 1 SoC Process: 1
[    0.004172] EFI services will not be available.
[    0.004267] smp: Bringing up secondary CPUs ...
[    0.004514] CPU1: thread -1, cpu 1, socket 0, mpidr 80000001
[    0.011972] CPU2: thread -1, cpu 2, socket 0, mpidr 80000002
[    0.021972] CPU3: thread -1, cpu 3, socket 0, mpidr 80000003
[    0.031741] smp: Brought up 1 node, 4 CPUs
[    0.031748] SMP: Total of 4 processors activated (96.00 BogoMIPS).
[    0.031751] CPU: All CPU(s) started in SVC mode.
[    0.032299] devtmpfs: initialized
[    0.039375] VFP support v0.3: implementor 41 architecture 4 part 30 variant f rev 0
[    0.039582] clocksource: jiffies: mask: 0xffffffff max_cycles: 0xffffffff, max_idle_ns: 19112604462750000 ns
[    0.040108] pinctrl core: initialized pinctrl subsystem
[    0.040839] NET: Registered protocol family 16
[    0.041514] DMA: preallocated 256 KiB pool for atomic coherent allocations
[    0.071770] cpuidle: using governor menu
[    0.082121] No ATAGs?
[    0.082178] hw-breakpoint: found 5 (+1 reserved) breakpoint and 4 watchpoint registers.
[    0.082183] hw-breakpoint: maximum watchpoint size is 8 bytes.
[    0.084799] Serial: AMBA PL011 UART driver
[    0.085142] tegra-mc 70019000.memory-controller: no memory timings for RAM code 0 registered
[    0.113640] +5V_SYS: supplied by +VDD_MUX
[    0.113747] +3.3V_SYS: supplied by +VDD_MUX
[    0.113973] +VDD_LED: Failed to request enable GPIO122: -517
[    0.113978] reg-fixed-voltage regulators:regulator@5: Failed to register regulator: -517
[    0.114008] +5V_VDD_TS_SW: Failed to request enable GPIO81: -517
[    0.114012] reg-fixed-voltage regulators:regulator@6: Failed to register regulator: -517
[    0.114041] +5V_USB_HS: Failed to request enable GPIO108: -517
[    0.114045] reg-fixed-voltage regulators:regulator@7: Failed to register regulator: -517
[    0.114074] +5V_USB_SS: Failed to request enable GPIO109: -517
[    0.114078] reg-fixed-voltage regulators:regulator@8: Failed to register regulator: -517
[    0.114156] +1.05V_RUN_AVDD_HDMI_PLL: Failed to request enable GPIO63: -517
[    0.114160] reg-fixed-voltage regulators:regulator@11: Failed to register regulator: -517
[    0.114188] +5V_HDMI_CON: Failed to request enable GPIO86: -517
[    0.114192] reg-fixed-voltage regulators:regulator@12: Failed to register regulator: -517
[    0.115308] vgaarb: loaded
[    0.115599] SCSI subsystem initialized
[    0.115667] libata version 3.00 loaded.
[    0.115757] usbcore: registered new interface driver usbfs
[    0.115780] usbcore: registered new interface driver hub
[    0.115804] usbcore: registered new device driver usb
[    0.117167] pps_core: LinuxPPS API ver. 1 registered
[    0.117171] pps_core: Software ver. 5.3.6 - Copyright 2005-2007 Rodolfo Giometti <giometti@linux.it>
[    0.117178] PTP clock support registered
[    0.117245] EDAC MC: Ver: 3.0.0
[    0.117694] tegra-emc 7001b000.emc: no memory timings for RAM code 0 found in DT
[    0.117702] tegra-emc: probe of 7001b000.emc failed with error -2
[    0.118193] clocksource: Switched to clocksource arch_sys_counter
[    0.121995] NET: Registered protocol family 2
[    0.122195] TCP established hash table entries: 8192 (order: 3, 32768 bytes)
[    0.122228] TCP bind hash table entries: 8192 (order: 4, 65536 bytes)
[    0.122289] TCP: Hash tables configured (established 8192 bind 8192)
[    0.122311] UDP hash table entries: 512 (order: 2, 16384 bytes)
[    0.122325] UDP-Lite hash table entries: 512 (order: 2, 16384 bytes)
[    0.122385] NET: Registered protocol family 1
[    0.122525] RPC: Registered named UNIX socket transport module.
[    0.122528] RPC: Registered udp transport module.
[    0.122530] RPC: Registered tcp transport module.
[    0.122532] RPC: Registered tcp NFSv4.1 backchannel transport module.
[    0.122536] PCI: CLS 0 bytes, default 64
[    0.122979] hw perfevents: enabled with armv7_cortex_a15 PMU driver, 7 counters available
[    0.123520] futex hash table entries: 1024 (order: 4, 65536 bytes)
[    0.123807] workingset: timestamp_bits=30 max_order=19 bucket_order=0
[    0.127550] squashfs: version 4.0 (2009/01/31) Phillip Lougher
[    0.127847] NFS: Registering the id_resolver key type
[    0.127857] Key type id_resolver registered
[    0.127859] Key type id_legacy registered
[    0.127876] ntfs: driver 2.1.32 [Flags: R/O].
[    0.128504] bounce: pool size: 64 pages
[    0.128576] Block layer SCSI generic (bsg) driver version 0.4 loaded (major 248)
[    0.128580] io scheduler noop registered
[    0.128582] io scheduler deadline registered
[    0.128645] io scheduler cfq registered (default)
[    0.130403] tegra-xusb-padctl 7009f000.padctl: failed to setup XUSB ports: -517
[    0.140567] tegra-apbdma 60020000.dma: Tegra20 APB DMA driver register 32 channels
[    0.141279] tegra-pmc 7000e400.pmc: i2c-thermtrip node not found, emergency thermal reset disabled.
[    0.163717] Serial: 8250/16550 driver, 4 ports, IRQ sharing disabled
[    0.164916] console [ttyS0] disabled
[    0.164934] 70006000.serial: ttyS0 at MMIO 0x70006000 (irq = 333, base_baud = 25500000) is a Tegra
[    1.038664] console [ttyS0] enabled
[    1.042452] SuperH (H)SCI(F) driver initialized
[    1.047315] msm_serial: driver initialized
[    1.051471] STMicroelectronics ASC driver initialized
[    1.057932] [drm] Initialized
[    1.062079] tegra-hdmi 54280000.hdmi: failed to get HDMI regulator
[    1.068620] tegra-dpaux 545c0000.dpaux: failed to get VDD supply: -517
[    1.075904] panel supply power not found, using dummy regulator
[    1.085864] brd: module loaded
[    1.091173] loop: module loaded
[    1.095218] as3722 4-0040: AS3722 with revision 0x1 found
[    1.105291] as3722-sd2: supplied by +5V_SYS
[    1.109713] as3722-sd3: supplied by +5V_SYS
[    1.114039] +1.35V_LP0(sd3): Bringing 0uV into 1350000-1350000uV
[    1.120262] as3722-sd4: supplied by +5V_SYS
[    1.124596] +1.05V_RUN: Bringing 0uV into 1050000-1050000uV
[    1.130350] as3722-sd5: supplied by +5V_SYS
[    1.135936] as3722-ldo0: supplied by +1.35V_LP0(sd2)
[    1.141679] +1.8V_RUN_CAM: Bringing 0uV into 1800000-1800000uV
[    1.147695] as3722-ldo2: supplied by +1.8V_VDDIO
[    1.153316] as3722-ldo3: supplied by +3.3V_SYS
[    1.157766] +1.00V_LP0_VDD_RTC: Bringing 1100000uV into 1000000-1000000uV
[    1.165346] as3722-ldo4: supplied by +3.3V_SYS
[    1.169944] +3.3V_RUN_CAM: Bringing 0uV into 2800000-2800000uV
[    1.175956] as3722-ldo5: supplied by +1.8V_VDDIO
[    1.180726] +1.2V_RUN_CAM_FRONT: Bringing 0uV into 1200000-1200000uV
[    1.187413] +VDDIO_SDMMC3: Bringing 0uV into 1800000-1800000uV
[    1.193453] as3722-ldo7: supplied by +1.8V_VDDIO
[    1.198215] +1.05V_RUN_CAM_REAR: Bringing 0uV into 1050000-1050000uV
[    1.204768] as3722-ldo9: supplied by +5V_SYS
[    1.209338] +2.8V_RUN_TOUCH: Bringing 0uV into 2800000-2800000uV
[    1.215541] as3722-ldo10: supplied by +5V_SYS
[    1.220055] +2.8V_RUN_CAM_AF: Bringing 0uV into 2800000-2800000uV
[    1.226494] +1.8V_RUN_VPP_FUSE: Bringing 0uV into 1800000-1800000uV
[    1.239165] random: fast init done
[    1.245015] m25p80 spi32765.0: w25q32dw (4096 Kbytes)
[    1.251198] libphy: Fixed MDIO Bus: probed
[    1.255683] CAN device driver interface
[    1.259848] bgmac_bcma: Broadcom 47xx GBit MAC driver loaded
[    1.265973] e1000e: Intel(R) PRO/1000 Network Driver - 3.2.6-k
[    1.271795] e1000e: Copyright(c) 1999 - 2015 Intel Corporation.
[    1.277720] igb: Intel(R) Gigabit Ethernet Network Driver - version 5.4.0-k
[    1.284668] igb: Copyright (c) 2007-2014 Intel Corporation.
[    1.291510] pegasus: v0.9.3 (2013/04/25), Pegasus/Pegasus II USB Ethernet driver
[    1.298917] usbcore: registered new interface driver pegasus
[    1.304579] usbcore: registered new interface driver asix
[    1.309984] usbcore: registered new interface driver ax88179_178a
[    1.316075] usbcore: registered new interface driver cdc_ether
[    1.321917] usbcore: registered new interface driver smsc75xx
[    1.327666] usbcore: registered new interface driver smsc95xx
[    1.333415] usbcore: registered new interface driver net1080
[    1.339077] usbcore: registered new interface driver cdc_subset
[    1.344992] usbcore: registered new interface driver zaurus
[    1.350578] usbcore: registered new interface driver cdc_ncm
[    1.356901] ehci_hcd: USB 2.0 'Enhanced' Host Controller (EHCI) Driver
[    1.363418] ehci-pci: EHCI PCI platform driver
[    1.367864] ehci-platform: EHCI generic platform driver
[    1.373153] ehci-orion: EHCI orion driver
[    1.377199] SPEAr-ehci: EHCI SPEAr driver
[    1.381252] ehci-st: EHCI STMicroelectronics driver
[    1.386165] ehci-exynos: EHCI EXYNOS driver
[    1.390396] ehci-atmel: EHCI Atmel driver
[    1.394442] tegra-ehci: Tegra EHCI driver
[    1.398508] ohci_hcd: USB 1.1 'Open' Host Controller (OHCI) Driver
[    1.404673] ohci-pci: OHCI PCI platform driver
[    1.409125] ohci-platform: OHCI generic platform driver
[    1.414392] ohci-omap3: OHCI OMAP3 driver
[    1.418446] SPEAr-ohci: OHCI SPEAr driver
[    1.422493] ohci-st: OHCI STMicroelectronics driver
[    1.427406] ohci-atmel: OHCI Atmel driver
[    1.431677] usbcore: registered new interface driver usb-storage
[    1.438265] mousedev: PS/2 mouse device common for all mice
[    1.444192] 1-0015 supply vcc not found, using dummy regulator
[    1.450080] as3722-rtc as3722-rtc: rtc core: registered as3722-rtc as rtc0
[    1.456945] as3722-rtc as3722-rtc: RTC interrupt 372
[    1.463867] tegra_rtc 7000e000.rtc: rtc core: registered 7000e000.rtc as rtc1
[    1.471008] tegra_rtc 7000e000.rtc: Tegra internal Real Time Clock
[    1.477369] i2c /dev entries driver
[    1.483323] 0-004c supply vcc not found, using dummy regulator
[    1.493414] sdhci: Secure Digital Host Controller Interface driver
[    1.499594] sdhci: Copyright(c) Pierre Ossman
[    1.504501] Synopsys Designware Multimedia Card Interface Driver
[    1.510901] sdhci-pltfm: SDHCI platform and OF driver helper
[    1.516826] sdhci-tegra 700b0000.sdhci: allocated mmc-pwrseq
[    1.522588] sdhci-tegra 700b0400.sdhci: Got CD GPIO
[    1.527457] sdhci-tegra 700b0400.sdhci: Got WP GPIO
[    1.532446] mmc0: Unknown controller version (3). You may experience problems.
[    1.539684] mmc0: Invalid maximum block size, assuming 512 bytes
[    1.608198] mmc0: SDHCI controller on 700b0600.sdhci [700b0600.sdhci] using ADMA
[    1.616320] ledtrig-cpu: registered to indicate activity on CPUs
[    1.622517] usbcore: registered new interface driver usbhid
[    1.628080] usbhid: USB HID core driver
[    1.633361] NET: Registered protocol family 10
[    1.638144] Segment Routing with IPv6
[    1.641845] sit: IPv6, IPv4 and MPLS over IPv4 tunneling driver
[    1.648000] NET: Registered protocol family 17
[    1.652448] can: controller area network core (rev 20120528 abi 9)
[    1.658633] elan_i2c 1-0015: Elan Touchpad: Module ID: 0x002a, Firmware: 0x0005, Sample: 0x0007, IAP: 0x0009
[    1.658671] NET: Registered protocol family 29
[    1.658675] can: raw protocol (rev 20120528)
[    1.658677] can: broadcast manager protocol (rev 20161123 t)
[    1.658682] can: netlink gateway (rev 20130117) max_hops=1
[    1.658878] Key type dns_resolver registered
[    1.668646] ThumbEE CPU extension supported.
[    1.668652] Registering SWP/SWPB emulation handler
[    1.676753] +3.3V_RUN: supplied by +3.3V_SYS
[    1.677551] +3.3V_AVDD_HDMI_AP_GATED: supplied by +3.3V_RUN
[    1.677604] +1.8V_RUN_CAM: supplied by +3.3V_RUN
[    1.677645] +VDDIO_SDMMC3: supplied by +3.3V_RUN
[    1.677684] +1.8V_RUN_VPP_FUSE: supplied by +3.3V_RUN
[    1.678049] +VDD_LED: supplied by +VDD_MUX
[    1.678457] +5V_VDD_TS_SW: supplied by +5V_SYS
[    1.678722] +5V_USB_HS: supplied by +5V_SYS
[    1.678987] +5V_USB_SS: supplied by +5V_SYS
[    1.681057] +3.3V_PANEL: supplied by +3.3V_RUN
[    1.682742] +3.3V_LP0: supplied by +3.3V_SYS
[    1.683676] +1.05V_RUN_AVDD_HDMI_PLL: supplied by +1.05V_RUN
[    1.683972] +5V_HDMI_CON: supplied by +5V_SYS
[    1.685076] usb3-0 supply vbus not found, using dummy regulator
[    1.685144] usb3-1 supply vbus not found, using dummy regulator
[    1.688942] tegra-sor 54540000.sor: failed to probe output: -517
[    1.689682] panel supply power not found, using dummy regulator
[    1.690639] sdhci-tegra 700b0000.sdhci: allocated mmc-pwrseq
[    1.690742] mmc1: Unknown controller version (3). You may experience problems.
[    1.690786] mmc1: Invalid maximum block size, assuming 512 bytes
[    1.691266] mmc1: Switching to 3.3V signalling voltage failed
[    1.729945] mmc0: new high speed MMC card at address 0001
[    1.730767] mmcblk0: mmc0:0001 MMC16G 14.4 GiB 
[    1.731197] mmcblk0boot0: mmc0:0001 MMC16G partition 1 2.00 MiB
[    1.731672] mmcblk0boot1: mmc0:0001 MMC16G partition 2 2.00 MiB
[    1.731912] mmcblk0rpmb: mmc0:0001 MMC16G partition 3 128 KiB
[    1.737491]  mmcblk0: p1 p2 p3 p4 p5 p6 p7 p8 p9 p10 p11 p12
[    1.748209] mmc1: SDHCI controller on 700b0000.sdhci [700b0000.sdhci] using ADMA
[    1.749214] sdhci-tegra 700b0400.sdhci: Got CD GPIO
[    1.749223] sdhci-tegra 700b0400.sdhci: Got WP GPIO
[    1.749342] mmc2: Unknown controller version (3). You may experience problems.
[    1.749407] mmc2: Invalid maximum block size, assuming 512 bytes
[    1.790019] mmc1: new high speed SDIO card at address 0001
[    1.808391] mmc2: SDHCI controller on 700b0400.sdhci [700b0400.sdhci] using ADMA
[    1.886375] input: Elan Touchpad as /devices/soc0/7000c400.i2c/i2c-1/1-0015/input/input0
[    1.903444] [drm] Supports vblank timestamp caching Rev 2 (21.10.2013).
[    1.910087] [drm] No driver support for vblank timestamp query.
[    1.950618] mmc2: new high speed SDHC card at address 0007
[    1.951279] mmcblk2: mmc2:0007 SD08G 7.42 GiB 
[    1.960776] GPT:Primary header alternate_lba != Alt. header my_lba
[    1.960779] GPT:3014591 != 15564799
[    1.960781] GPT:Primary header thinks Alt. header is not at the end of the disk.
[    1.960782] GPT:3014591 != 15564799
[    1.960783] GPT: Use GNU Parted to correct GPT errors.
[    1.960808]  mmcblk2: p1 p2 p3 p4 p5 p6 p7 p8 p9 p10 p11 p12
[    1.971318] Console: switching to colour frame buffer device 170x48
[    2.022658] drm drm: fb0:  frame buffer device
[    2.058295] [drm] Initialized tegra 0.0.0 20120330 on minor 0
[    2.064905] input: gpio-keys as /devices/soc0/gpio-keys/input/input1
[    2.072455] as3722-rtc as3722-rtc: setting system clock to 2000-01-01 00:00:23 UTC (946684823)
[    2.081599] +1.8V_RUN_CAM: disabling
[    2.085372] +3.3V_RUN_CAM: disabling
[    2.089218] +1.2V_RUN_CAM_FRONT: disabling
[    2.093512] +1.05V_RUN_CAM_REAR: disabling
[    2.097766] +2.8V_RUN_TOUCH: disabling
[    2.101781] +2.8V_RUN_CAM_AF: disabling
[    2.105774] +1.8V_RUN_VPP_FUSE: disabling
[    2.110020] +5V_VDD_TS_SW: disabling
[    2.113595] +5V_USB_HS: disabling
[    2.116900] +5V_USB_SS: disabling
[    2.121080] EXT4-fs (mmcblk0p3): couldn't mount as ext3 due to feature incompatibilities
[    2.129722] EXT4-fs (mmcblk0p3): couldn't mount as ext2 due to feature incompatibilities
[    2.344945] EXT4-fs (mmcblk0p3): recovery complete
[    2.349760] EXT4-fs (mmcblk0p3): mounted filesystem with ordered data mode. Opts: (null)
[    2.357847] VFS: Mounted root (ext4 filesystem) on device 179:3.
[    2.365091] devtmpfs: mounted
[    2.368787] Freeing unused kernel memory: 2048K
bash: cannot set terminal process group (-1): Inappropriate ioctl for device
bash: no job control in this shell
root@(none):/# 