
U-Boot SPL 2014.01-00219-gc4d376f (Feb 18 2014 - 19:57:32)


U-Boot 2014.01-00219-gc4d376f (Feb 18 2014 - 19:57:32)

TEGRA114
Board: NVIDIA Dalmore
I2C:   ready
DRAM:  2 GiB
MMC:   Tegra SD/MMC: 0, Tegra SD/MMC: 1
In:    serial
Out:   serial
Err:   serial
Net:   Net Initialization Skipped
No ethernet found.
Hit any key to stop autoboot:  2  0 
Tegra114 (Dalmore) # 
Tegra114 (Dalmore) # usb reset
(Re)start USB...
USB0:   USB EHCI 1.10
scanning bus 0 for devices... 2 USB Device(s) found
       scanning usb for storage devices... 0 Storage Device(s) found
       scanning usb for ethernet devices... 
Warning: asx0 using MAC address from net device
1 Ethernet Device(s) found
Tegra114 (Dalmore) # setenv bootargs 'ignore_loglevel console=ttyS0,115200n8 rw root=PARTUUID=7369c667-ff51-ec4a-29cd-baabf2fbe346 rootwait gpt debug earlyprintk init=/bin/bash'
Tegra114 (Dalmore) # setenv ipaddr 192.168.100.100; setenv serverip 192.168.100.1; setenv tftpserverip 192.168.100.1
Tegra114 (Dalmore) # tftpboot 0x81000000 zImage.multi_v7_defconfig
Using asx0 device
TFTP from server 192.168.100.1; our IP address is 192.168.100.100
Filename 'zImage.multi_v7_defconfig'.
Load address: 0x81000000
Loading: *#################################################################
	 #################################################################
	 #################################################################
	 #################################################################
	 #################################################################
	 #################################################################
	 #################################################################
	 ###########################################################
	 3.3 MiB/s
done
Bytes transferred = 7534672 (72f850 hex)
Tegra114 (Dalmore) # tftpboot 0x82000000 tegra114-dalmore.dtb
Using asx0 device
TFTP from server 192.168.100.1; our IP address is 192.168.100.100
Filename 'tegra114-dalmore.dtb'.
Load address: 0x82000000
Loading: *###
	 2.6 MiB/s
done
Bytes transferred = 35044 (88e4 hex)
Tegra114 (Dalmore) # bootz 0x81000000 - 0x82000000
Kernel image @ 0x81000000 [ 0x000000 - 0x72f850 ]
## Flattened Device Tree blob at 82000000
   Booting using the fdt blob at 0x82000000
   Loading Device Tree to 8fff4000, end 8ffff8e3 ... OK

Starting kernel ...

[    0.000000] Booting Linux on physical CPU 0x0
[    0.000000] Linux version 4.11.0-rc4-156165-gc02ed2e (jonathanh@sellafield) (gcc version 4.7.3 20130328 (prerelease) (crosstool-NG linaro-1.13.1-4.7-2013.04-20130415 - Linaro GCC 2013.04) ) #1 SMP Sun Mar 26 14:35:27 PDT 2017
[    0.000000] CPU: ARMv7 Processor [412fc0f2] revision 2 (ARMv7), cr=10c5387d
[    0.000000] CPU: div instructions available: patching division code
[    0.000000] CPU: PIPT / VIPT nonaliasing data cache, PIPT instruction cache
[    0.000000] OF: fdt: Machine model: NVIDIA Tegra114 Dalmore evaluation board
[    0.000000] debug: ignoring loglevel setting.
[    0.000000] efi: Getting EFI parameters from FDT:
[    0.000000] efi: UEFI not found.
[    0.000000] cma: Reserved 64 MiB at 0xfb800000
[    0.000000] Memory policy: Data cache writealloc
[    0.000000] On node 0 totalpages: 524032
[    0.000000] free_area_init_node: node 0, pgdat c15381c0, node_mem_map eeff8000
[    0.000000]   DMA zone: 1536 pages used for memmap
[    0.000000]   DMA zone: 0 pages reserved
[    0.000000]   DMA zone: 196608 pages, LIFO batch:31
[    0.000000]   HighMem zone: 327424 pages, LIFO batch:31
[    0.000000] percpu: Embedded 16 pages/cpu @eef9c000 s34432 r8192 d22912 u65536
[    0.000000] pcpu-alloc: s34432 r8192 d22912 u65536 alloc=16*4096
[    0.000000] pcpu-alloc: [0] 0 [0] 1 [0] 2 [0] 3 
[    0.000000] Built 1 zonelists in Zone order, mobility grouping on.  Total pages: 522496
[    0.000000] Kernel command line: ignore_loglevel console=ttyS0,115200n8 rw root=PARTUUID=7369c667-ff51-ec4a-29cd-baabf2fbe346 rootwait gpt debug earlyprintk init=/bin/bash
[    0.000000] PID hash table entries: 4096 (order: 2, 16384 bytes)
[    0.000000] Dentry cache hash table entries: 131072 (order: 7, 524288 bytes)
[    0.000000] Inode-cache hash table entries: 65536 (order: 6, 262144 bytes)
[    0.000000] Memory: 1993772K/2096128K available (10240K kernel code, 1254K rwdata, 4212K rodata, 2048K init, 536K bss, 36820K reserved, 65536K cma-reserved, 1244160K highmem)
[    0.000000] Virtual kernel memory layout:
[    0.000000]     vector  : 0xffff0000 - 0xffff1000   (   4 kB)
[    0.000000]     fixmap  : 0xffc00000 - 0xfff00000   (3072 kB)
[    0.000000]     vmalloc : 0xf0800000 - 0xff800000   ( 240 MB)
[    0.000000]     lowmem  : 0xc0000000 - 0xf0000000   ( 768 MB)
[    0.000000]     pkmap   : 0xbfe00000 - 0xc0000000   (   2 MB)
[    0.000000]     modules : 0xbf000000 - 0xbfe00000   (  14 MB)
[    0.000000]       .text : 0xc0208000 - 0xc0d00000   (11232 kB)
[    0.000000]       .init : 0xc1200000 - 0xc1400000   (2048 kB)
[    0.000000]       .data : 0xc1400000 - 0xc1539ae0   (1255 kB)
[    0.000000]        .bss : 0xc153b000 - 0xc15c12b8   ( 537 kB)
[    0.000000] SLUB: HWalign=64, Order=0-3, MinObjects=0, CPUs=4, Nodes=1
[    0.000000] Hierarchical RCU implementation.
[    0.000000] 	RCU debugfs-based tracing is enabled.
[    0.000000] 	Build-time adjustment of leaf fanout to 32.
[    0.000000] 	RCU restricting CPUs from NR_CPUS=16 to nr_cpu_ids=4.
[    0.000000] RCU: Adjusting geometry for rcu_fanout_leaf=32, nr_cpu_ids=4
[    0.000000] NR_IRQS:16 nr_irqs:16 16
[    0.000000] /interrupt-controller@60004000: 160 interrupts forwarded to /interrupt-controller@50041000
[    0.000000] Tegra clk 127: register failed with -17
[    0.000008] sched_clock: 32 bits at 1000kHz, resolution 1000ns, wraps every 2147483647500ns
[    0.000029] clocksource: timer_us: mask: 0xffffffff max_cycles: 0xffffffff, max_idle_ns: 1911260446275 ns
[    0.000044] Switching to timer-based delay loop, resolution 1000ns
[    0.003260] arm_arch_timer: Architected cp15 timer(s) running at 12.00MHz (virt).
[    0.003280] clocksource: arch_sys_counter: mask: 0xffffffffffffff max_cycles: 0x2c47f4ee7, max_idle_ns: 440795202497 ns
[    0.003300] sched_clock: 56 bits at 12MHz, resolution 83ns, wraps every 4398046511096ns
[    0.003315] Switching to timer-based delay loop, resolution 83ns
[    0.003718] Console: colour dummy device 80x30
[    0.003749] Calibrating delay loop (skipped), value calculated using timer frequency.. 24.00 BogoMIPS (lpj=120000)
[    0.003768] pid_max: default: 32768 minimum: 301
[    0.003879] Mount-cache hash table entries: 2048 (order: 1, 8192 bytes)
[    0.003892] Mountpoint-cache hash table entries: 2048 (order: 1, 8192 bytes)
[    0.004384] CPU: Testing write buffer coherency: ok
[    0.004619] /cpus/cpu@0 missing clock-frequency property
[    0.004649] /cpus/cpu@1 missing clock-frequency property
[    0.004680] /cpus/cpu@2 missing clock-frequency property
[    0.004711] /cpus/cpu@3 missing clock-frequency property
[    0.004725] CPU0: thread -1, cpu 0, socket 0, mpidr 80000000
[    0.004934] Setting up static identity map for 0x80300000 - 0x80300098
[    0.007496] Tegra Revision: A01 SKU: 0 CPU Process: 1 SoC Process: 0
[    0.008042] EFI services will not be available.
[    0.008291] smp: Bringing up secondary CPUs ...
[    0.008828] CPU1: thread -1, cpu 1, socket 0, mpidr 80000001
[    0.009446] CPU2: thread -1, cpu 2, socket 0, mpidr 80000002
[    0.010043] CPU3: thread -1, cpu 3, socket 0, mpidr 80000003
[    0.010130] smp: Brought up 1 node, 4 CPUs
[    0.010153] SMP: Total of 4 processors activated (96.00 BogoMIPS).
[    0.010163] CPU: All CPU(s) started in SVC mode.
[    0.011653] devtmpfs: initialized
[    0.020299] VFP support v0.3: implementor 41 architecture 4 part 30 variant f rev 0
[    0.020640] clocksource: jiffies: mask: 0xffffffff max_cycles: 0xffffffff, max_idle_ns: 19112604462750000 ns
[    0.020660] futex hash table entries: 1024 (order: 4, 65536 bytes)
[    0.022073] pinctrl core: initialized pinctrl subsystem
[    0.023829] NET: Registered protocol family 16
[    0.026006] DMA: preallocated 256 KiB pool for atomic coherent allocations
[    0.028172] cpuidle: using governor menu
[    0.051123] No ATAGs?
[    0.051253] hw-breakpoint: found 5 (+1 reserved) breakpoint and 4 watchpoint registers.
[    0.051269] hw-breakpoint: maximum watchpoint size is 8 bytes.
[    0.056268] Serial: AMBA PL011 UART driver
[    0.056984] tegra-mc 70019000.memory-controller: no memory timings for RAM code 3 registered
[    0.071598] dvdd_ts: Failed to request enable GPIO61: -517
[    0.071616] reg-fixed-voltage regulators:regulator@1: Failed to register regulator: -517
[    0.071712] usb1_vbus: Failed to request enable GPIO108: -517
[    0.071727] reg-fixed-voltage regulators:regulator@3: Failed to register regulator: -517
[    0.071820] usb2_vbus: Failed to request enable GPIO86: -517
[    0.071834] reg-fixed-voltage regulators:regulator@4: Failed to register regulator: -517
[    0.072220] VDD_5V0_HDMI_CON: Failed to request enable GPIO81: -517
[    0.072235] reg-fixed-voltage regulators:regulator@7: Failed to register regulator: -517
[    0.074826] vgaarb: loaded
[    0.075553] SCSI subsystem initialized
[    0.075725] libata version 3.00 loaded.
[    0.075944] usbcore: registered new interface driver usbfs
[    0.075998] usbcore: registered new interface driver hub
[    0.076059] usbcore: registered new device driver usb
[    0.079201] tps65090 2-0048: No cache defaults, reading back from HW
[    0.081082] TPS65090_RAILSDCDC1: supplied by vdd_ac_bat
[    0.082137] TPS65090_RAILSDCDC2: supplied by vdd_ac_bat
[    0.083224] TPS65090_RAILSDCDC3: supplied by vdd_ac_bat
[    0.083751] TPS65090_RAILSFET1: supplied by vdd_ac_bat
[    0.084121] TPS65090_RAILSFET2: supplied by vdd_ac_bat
[    0.084477] TPS65090_RAILSFET3: supplied by vdd-sys-3v3
[    0.084997] TPS65090_RAILSFET4: supplied by vdd-sys-3v3
[    0.085530] TPS65090_RAILSFET5: supplied by vdd-sys-3v3
[    0.086043] TPS65090_RAILSFET6: supplied by vdd-sys-3v3
[    0.086881] TPS65090_RAILSFET7: supplied by vdd-sys-3v3
[    0.087407] TPS65090_RAILSLDO1: supplied by vdd_ac_bat
[    0.087604] TPS65090_RAILSLDO2: supplied by vdd_ac_bat
[    0.088497] palmas 2-0058: Irq flag is 0x00000004
[    0.090457] palmas 2-0058: Muxing GPIO ff, PWM 0, LED 0
[    0.092907] SMPS12: supplied by vdd-ao
[    0.093946] vdd_hdmi_5v0: supplied by vdd-sys-5v0
[    0.094757] SMPS3: supplied by vdd-ao
[    0.096496] SMPS457: supplied by vdd-sys-3v3
[    0.099355] SMPS8: supplied by vdd-sys-3v3
[    0.100432] random: fast init done
[    0.100970] SMPS9: supplied by vdd-sys-3v3
[    0.101494] sdhci-vdd-sd-slot: Bringing 2840000uV into 2800000-2800000uV
[    0.104306] LDO1: supplied by vdd-sys-3v3
[    0.105481] LDO2: supplied by vdd-sys-3v3
[    0.106663] LDO3: supplied by vddio-1v8
[    0.107837] LDO4: supplied by vdd-sys-3v3
[    0.109016] LDO5: supplied by vdd_ac_bat
[    0.109758] LDO6: supplied by vdd-sys-3v3
[    0.110270] vdd-sensor-2v85: Bringing 2900000uV into 2850000-2850000uV
[    0.111679] LDO7: supplied by vdd-sys-3v3
[    0.113386] LDO8: supplied by vdd-ao
[    0.113902] vdd-rtc: Bringing 675000uV into 900000-900000uV
[    0.123940] LDO9: supplied by sdhci-vdd-sd-slot
[    0.134274] LDOLN: supplied by vdd-sys-5v0
[    0.135470] LDOUSB: supplied by vdd-sys-5v0
[    0.146923] pps_core: LinuxPPS API ver. 1 registered
[    0.146935] pps_core: Software ver. 5.3.6 - Copyright 2005-2007 Rodolfo Giometti <giometti@linux.it>
[    0.146963] PTP clock support registered
[    0.147145] EDAC MC: Ver: 3.0.0
[    0.149275] clocksource: Switched to clocksource arch_sys_counter
[    0.158215] NET: Registered protocol family 2
[    0.158723] TCP established hash table entries: 8192 (order: 3, 32768 bytes)
[    0.158824] TCP bind hash table entries: 8192 (order: 4, 65536 bytes)
[    0.159012] TCP: Hash tables configured (established 8192 bind 8192)
[    0.159098] UDP hash table entries: 512 (order: 2, 16384 bytes)
[    0.159143] UDP-Lite hash table entries: 512 (order: 2, 16384 bytes)
[    0.159326] NET: Registered protocol family 1
[    0.159635] RPC: Registered named UNIX socket transport module.
[    0.159646] RPC: Registered udp transport module.
[    0.159656] RPC: Registered tcp transport module.
[    0.159666] RPC: Registered tcp NFSv4.1 backchannel transport module.
[    0.159680] PCI: CLS 0 bytes, default 64
[    0.162071] workingset: timestamp_bits=30 max_order=19 bucket_order=0
[    0.170426] squashfs: version 4.0 (2009/01/31) Phillip Lougher
[    0.171139] NFS: Registering the id_resolver key type
[    0.171164] Key type id_resolver registered
[    0.171174] Key type id_legacy registered
[    0.171216] ntfs: driver 2.1.32 [Flags: R/O].
[    0.172796] bounce: pool size: 64 pages
[    0.172843] Block layer SCSI generic (bsg) driver version 0.4 loaded (major 248)
[    0.172855] io scheduler noop registered
[    0.172865] io scheduler deadline registered
[    0.173027] io scheduler cfq registered (default)
[    0.173038] io scheduler mq-deadline registered
[    0.202418] tegra-apbdma 6000a000.dma: Tegra20 APB DMA driver register 32 channels
[    0.204204] tegra-pmc 7000e400.pmc: i2c-thermtrip node not found, emergency thermal reset disabled.
[    0.261026] Serial: 8250/16550 driver, 4 ports, IRQ sharing disabled
[    0.263631] console [ttyS0] disabled
[    0.263671] 70006300.serial: ttyS0 at MMIO 0x70006300 (irq = 329, base_baud = 25500000) is a Tegra
[    1.244846] console [ttyS0] enabled
[    1.249043] SuperH (H)SCI(F) driver initialized
[    1.254455] msm_serial: driver initialized
[    1.258710] STMicroelectronics ASC driver initialized
[    1.270112] tegra-hdmi 54280000.hdmi: failed to get HDMI regulator
[    1.293922] brd: module loaded
[    1.304371] loop: module loaded
[    1.323620] m25p80 spi32766.0: w25q32dw (4096 Kbytes)
[    1.331578] libphy: Fixed MDIO Bus: probed
[    1.336719] CAN device driver interface
[    1.341402] bgmac_bcma: Broadcom 47xx GBit MAC driver loaded
[    1.348210] e1000e: Intel(R) PRO/1000 Network Driver - 3.2.6-k
[    1.354049] e1000e: Copyright(c) 1999 - 2015 Intel Corporation.
[    1.360028] igb: Intel(R) Gigabit Ethernet Network Driver - version 5.4.0-k
[    1.366978] igb: Copyright (c) 2007-2014 Intel Corporation.
[    1.375641] pegasus: v0.9.3 (2013/04/25), Pegasus/Pegasus II USB Ethernet driver
[    1.383093] usbcore: registered new interface driver pegasus
[    1.388788] usbcore: registered new interface driver asix
[    1.394228] usbcore: registered new interface driver ax88179_178a
[    1.400363] usbcore: registered new interface driver cdc_ether
[    1.406238] usbcore: registered new interface driver smsc75xx
[    1.412036] usbcore: registered new interface driver smsc95xx
[    1.417804] usbcore: registered new interface driver net1080
[    1.423506] usbcore: registered new interface driver cdc_subset
[    1.429462] usbcore: registered new interface driver zaurus
[    1.435078] usbcore: registered new interface driver cdc_ncm
[    1.442563] ehci_hcd: USB 2.0 'Enhanced' Host Controller (EHCI) Driver
[    1.449082] ehci-pci: EHCI PCI platform driver
[    1.453573] ehci-platform: EHCI generic platform driver
[    1.458974] ehci-orion: EHCI orion driver
[    1.463120] SPEAr-ehci: EHCI SPEAr driver
[    1.467249] ehci-st: EHCI STMicroelectronics driver
[    1.472258] ehci-exynos: EHCI EXYNOS driver
[    1.476573] ehci-atmel: EHCI Atmel driver
[    1.480725] tegra-ehci: Tegra EHCI driver
[    1.485009] ohci_hcd: USB 1.1 'Open' Host Controller (OHCI) Driver
[    1.491207] ohci-pci: OHCI PCI platform driver
[    1.495688] ohci-platform: OHCI generic platform driver
[    1.501069] ohci-omap3: OHCI OMAP3 driver
[    1.505194] SPEAr-ohci: OHCI SPEAr driver
[    1.509343] ohci-st: OHCI STMicroelectronics driver
[    1.514340] ohci-atmel: OHCI Atmel driver
[    1.519007] usbcore: registered new interface driver usb-storage
[    1.530403] palmas-rtc 7000d000.i2c:tps65913@58:rtc: rtc core: registered 7000d000.i2c:tps659 as rtc0
[    1.541494] tegra_rtc 7000e000.rtc: rtc core: registered 7000e000.rtc as rtc1
[    1.548655] tegra_rtc 7000e000.rtc: Tegra internal Real Time Clock
[    1.555329] i2c /dev entries driver
[    1.564963] sbs-battery 0-000b: sbs_probe: Failed to get device status
[    1.571518] sbs-battery: probe of 0-000b failed with error -121
[    1.587349] sdhci: Secure Digital Host Controller Interface driver
[    1.593554] sdhci: Copyright(c) Pierre Ossman
[    1.599305] Synopsys Designware Multimedia Card Interface Driver
[    1.606296] sdhci-pltfm: SDHCI platform and OF driver helper
[    1.612625] sdhci-tegra 78000400.sdhci: Got CD GPIO
[    1.617514] sdhci-tegra 78000400.sdhci: Got WP GPIO
[    1.623621] mmc0: Invalid maximum block size, assuming 512 bytes
[    1.689410] mmc0: SDHCI controller on 78000400.sdhci [78000400.sdhci] using ADMA
[    1.697082] mmc1: Invalid maximum block size, assuming 512 bytes
[    1.759292] mmc1: SDHCI controller on 78000600.sdhci [78000600.sdhci] using ADMA
[    1.768415] ledtrig-cpu: registered to indicate activity on CPUs
[    1.774723] usbcore: registered new interface driver usbhid
[    1.780315] usbhid: USB HID core driver
[    1.787873] NET: Registered protocol family 10
[    1.793164] Segment Routing with IPv6
[    1.796883] sit: IPv6, IPv4 and MPLS over IPv4 tunneling driver
[    1.803425] NET: Registered protocol family 17
[    1.807870] can: controller area network core (rev 20120528 abi 9)
[    1.814250] NET: Registered protocol family 29
[    1.818691] can: raw protocol (rev 20120528)
[    1.822976] can: broadcast manager protocol (rev 20161123 t)
[    1.828633] can: netlink gateway (rev 20130117) max_hops=1
[    1.834440] Key type dns_resolver registered
[    1.839278] ThumbEE CPU extension supported.
[    1.843550] Registering SWP/SWPB emulation handler
[    1.861779] usb1_vbus: supplied by vdd-sys-5v0
[    1.868313] usb2_vbus: supplied by vdd-sys-5v0
[    1.870366] mmc0: new high speed SDHC card at address aaaa
[    1.875332] mmcblk0: mmc0:aaaa SL16G 14.8 GiB 
[    1.886476] VDD_5V0_HDMI_CON: supplied by vdd-sys-5v0
[    1.896846] [drm] Supports vblank timestamp caching Rev 2 (21.10.2013).
[    1.903062]  mmcblk0: p1 p2 p3
[    1.906583] [drm] No driver support for vblank timestamp query.
[    1.939723] mmc1: new high speed MMC card at address 0001
[    1.941116] mmcblk1: mmc1:0001 SEM32G 29.1 GiB 
[    1.942147] mmcblk1boot0: mmc1:0001 SEM32G partition 1 4.00 MiB
[    1.943293] mmcblk1boot1: mmc1:0001 SEM32G partition 2 4.00 MiB
[    1.944090] mmcblk1rpmb: mmc1:0001 SEM32G partition 3 4.00 MiB
[    1.948387]  mmcblk1: p1 p2 p3 p4 p5 p6 p7 p8
[    2.006032] Console: switching to colour frame buffer device 240x75
[    2.077646] drm drm: fb0:  frame buffer device
[    2.082219] [drm] Initialized tegra 0.0.0 20120330 for drm on minor 0
[    2.094380] tegra-ehci 7d008000.usb: EHCI Host Controller
[    2.099820] tegra-ehci 7d008000.usb: new USB bus registered, assigned bus number 1
[    2.107649] tegra-ehci 7d008000.usb: irq 339, io mem 0x7d008000
[    2.139405] tegra-ehci 7d008000.usb: USB 2.0 started, EHCI 1.10
[    2.146559] hub 1-0:1.0: USB hub found
[    2.150430] hub 1-0:1.0: 1 port detected
[    2.156144] input: gpio-keys as /devices/soc0/gpio-keys/input/input0
[    2.165154] palmas-rtc 7000d000.i2c:tps65913@58:rtc: setting system clock to 2001-01-18 09:11:23 UTC (979809083)
[    2.181828] dvdd_ts: disabling
[    2.184887] usb1_vbus: disabling
[    2.188113] vdd_cam_1v8_reg: disabling
[    2.193447] EXT4-fs (mmcblk1p1): mounting ext3 file system using the ext4 subsystem
[    2.300608] EXT4-fs (mmcblk1p1): recovery complete
[    2.306965] EXT4-fs (mmcblk1p1): mounted filesystem with ordered data mode. Opts: (null)
[    2.315153] VFS: Mounted root (ext3 filesystem) on device 179:17.
[    2.325956] devtmpfs: mounted
[    2.330729] Freeing unused kernel memory: 2048K
bash: cannot set terminal process group (-1): Inappropriate ioctl for device
bash: no job control in this shell
root@(none):/# [    2.509422] usb 1-1: new high-speed USB device number 2 using tegra-ehci
