

U-Boot 2011.03 (Jun 11 2013 - 06:07:37)

T114
Board: NVIDIA Dalmore
DRAM:  2 GiB
MMC:   Tegra2 SD/MMC: 0, Tegra2 SD/MMC: 1
In:    serial
Out:   serial
Err:   serial
Net:   Net Initialization Skipped
No ethernet found.
Hit any key to stop autoboot:  2  0 
Dalmore #
Dalmore #usb reset
(Re)start USB...
USB:   Register 10011 NbrPorts 1
USB EHCI 1.10
scanning bus for devices... 2 USB Device(s) found
       scanning bus for storage devices... 0 Storage Device(s) found
       scanning bus for ethernet devices... 1 Ethernet Device(s) found
Dalmore #setenv bootargs 'ignore_loglevel console=ttyS0,115200n8 rw root=/dev/mmcblk0p1 rootwait gpt init=/bin/bash'
Dalmore #setenv ipaddr 192.168.100.100; setenv serverip 192.168.100.1; setenv tftpserverip 192.168.100.1
Dalmore #tftpboot 0x81000000 zImage.tegra_defconfig
Waiting for Ethernet connection... done.
Using asx0 device
TFTP from server 192.168.100.1; our IP address is 192.168.100.100
Filename 'zImage.tegra_defconfig'.
Load address: 0x81000000
Loading: *#################################################  2.8 MiB/s
done
Bytes transferred = 4326952 (420628 hex)
Dalmore #tftpboot 0x82000000 tegra114-dalmore.dtb
Using asx0 device
TFTP from server 192.168.100.1; our IP address is 192.168.100.100
Filename 'tegra114-dalmore.dtb'.
Load address: 0x82000000
Loading: *#################################################  2.5 MiB/s
done
Bytes transferred = 24048 (5df0 hex)
Dalmore #bootz 0x81000000 - 0x82000000
## Flattened Device Tree blob at 82000000
   Booting using the fdt blob at 0x82000000
   Loading Device Tree to 81ff7000, end 81fffdef ... OK

Starting kernel ...

Timer summary in microseconds:
       Mark    Elapsed  Stage
          0          0  awake
  2,888,455  2,888,455  usb_start
  6,891,820  4,003,365  eth_start
  6,891,817         -3  tftp start
 10,803,329  3,911,512  tftp done
 12,904,024  2,100,695  start_kernel
[    0.000000] Booting Linux on physical CPU 0x0
[    0.000000] Initializing cgroup subsys cpu
[    0.000000] Initializing cgroup subsys cpuacct
[    0.000000] Linux version 3.11.0-rc1-10775-gad81f05 (pwalmsley@tamien) (gcc version 4.5.1 (Sourcery G++ Lite 2010.09-50) ) #1 SMP PREEMPT Mon Jul 29 19:25:16 PDT 2013
[    0.000000] CPU: ARMv7 Processor [412fc0f2] revision 2 (ARMv7), cr=10c5387d
[    0.000000] CPU: PIPT / VIPT nonaliasing data cache, PIPT instruction cache
[    0.000000] Machine: NVIDIA Tegra SoC (Flattened Device Tree), model: NVIDIA Tegra114 Dalmore evaluation board
[    0.000000] debug: ignoring loglevel setting.
[    0.000000] cma: CMA: reserved 16 MiB at ae800000
[    0.000000] Memory policy: ECC disabled, Data cache writealloc
[    0.000000] On node 0 totalpages: 524032
[    0.000000] free_area_init_node: node 0, pgdat c07ff640, node_mem_map c0857000
[    0.000000]   Normal zone: 1520 pages used for memmap
[    0.000000]   Normal zone: 0 pages reserved
[    0.000000]   Normal zone: 194560 pages, LIFO batch:31
[    0.000000]   HighMem zone: 2574 pages used for memmap
[    0.000000]   HighMem zone: 329472 pages, LIFO batch:31
[    0.000000] Tegra Revision: A01 SKU: 0 CPU Process: 1 Core Process: 1
[    0.000000] PERCPU: Embedded 8 pages/cpu @c186c000 s9536 r8192 d15040 u32768
[    0.000000] pcpu-alloc: s9536 r8192 d15040 u32768 alloc=8*4096
[    0.000000] pcpu-alloc: [0] 0 [0] 1 [0] 2 [0] 3 
[    0.000000] Built 1 zonelists in Zone order, mobility grouping on.  Total pages: 522512
[    0.000000] Kernel command line: ignore_loglevel console=ttyS0,115200n8 rw root=/dev/mmcblk0p1 rootwait gpt init=/bin/bash
[    0.000000] PID hash table entries: 4096 (order: 2, 16384 bytes)
[    0.000000] Dentry cache hash table entries: 131072 (order: 7, 524288 bytes)
[    0.000000] Inode-cache hash table entries: 65536 (order: 6, 262144 bytes)
[    0.000000] Memory: 2053740K/2096128K available (5874K kernel code, 299K rwdata, 1748K rodata, 237K init, 342K bss, 42388K reserved, 1317888K highmem)
[    0.000000] Virtual kernel memory layout:
[    0.000000]     vector  : 0xffff0000 - 0xffff1000   (   4 kB)
[    0.000000]     fixmap  : 0xfff00000 - 0xfffe0000   ( 896 kB)
[    0.000000]     vmalloc : 0xf0000000 - 0xff000000   ( 240 MB)
[    0.000000]     lowmem  : 0xc0000000 - 0xef800000   ( 760 MB)
[    0.000000]     pkmap   : 0xbfe00000 - 0xc0000000   (   2 MB)
[    0.000000]     modules : 0xbf000000 - 0xbfe00000   (  14 MB)
[    0.000000]       .text : 0xc0008000 - 0xc0779e10   (7624 kB)
[    0.000000]       .init : 0xc077a000 - 0xc07b5540   ( 238 kB)
[    0.000000]       .data : 0xc07b6000 - 0xc0800d20   ( 300 kB)
[    0.000000]        .bss : 0xc0800d20 - 0xc0856550   ( 343 kB)
[    0.000000] Preemptible hierarchical RCU implementation.
[    0.000000] NR_IRQS:16 nr_irqs:16 16
[    0.000000] sched_clock: 32 bits at 1000kHz, resolution 1000ns, wraps every 4294967ms
[    0.000000] Architected local timer running at 12.00MHz (virt).
[    0.000000] Switching to timer-based delay loop
[    0.000000] sched_clock: ARM arch timer >56 bits at 12000kHz, resolution 83ns
[    0.000000] Console: colour dummy device 80x30
[   13.146252] Calibrating delay loop (skipped), value calculated using timer frequency.. 24.00 BogoMIPS (lpj=120000)
[   13.146268] pid_max: default: 32768 minimum: 301
[   13.146714] Mount-cache hash table entries: 512
[   13.162043] Initializing cgroup subsys debug
[   13.162061] Initializing cgroup subsys freezer
[   13.162110] CPU: Testing write buffer coherency: ok
[   13.162448] /cpus/cpu@0 missing clock-frequency property
[   13.162461] /cpus/cpu@1 missing clock-frequency property
[   13.162470] /cpus/cpu@2 missing clock-frequency property
[   13.162478] /cpus/cpu@3 missing clock-frequency property
[   13.162492] CPU0: thread -1, cpu 0, socket 0, mpidr 80000000
[   13.162523] Setting up static identity map for 0xc0596ac8 - 0xc0596b60
[   13.216546] CPU1: Booted secondary processor
[   13.216575] CPU1: thread -1, cpu 1, socket 0, mpidr 80000001
[   13.236463] CPU2: Booted secondary processor
[   13.236489] CPU2: thread -1, cpu 2, socket 0, mpidr 80000002
[   13.256391] CPU3: Booted secondary processor
[   13.256416] CPU3: thread -1, cpu 3, socket 0, mpidr 80000003
[   13.256522] Brought up 4 CPUs
[   13.256552] SMP: Total of 4 processors activated (96.00 BogoMIPS).
[   13.256559] CPU: All CPU(s) started in SVC mode.
[   13.257587] devtmpfs: initialized
[   13.270663] pinctrl core: initialized pinctrl subsystem
[   13.271201] regulator-dummy: no parameters
[   13.272008] NET: Registered protocol family 16
[   13.273747] DMA: preallocated 256 KiB pool for atomic coherent allocations
[   13.285033] No ATAGs?
[   13.285063] hw-breakpoint: found 5 (+1 reserved) breakpoint and 4 watchpoint registers.
[   13.285073] hw-breakpoint: maximum watchpoint size is 8 bytes.
[   13.296007] bio: create slab <bio-0> at 0
[   13.297294] vdd_ac_bat: 5000 mV 
[   13.297607] dvdd_ts: Failed to request enable GPIO61: -517
[   13.297774] reg-fixed-voltage 1.regulator: Failed to register regulator: -517
[   13.297798] platform 1.regulator: Driver reg-fixed-voltage requests probe deferral
[   13.297993] lcd_bl_en: Failed to request enable GPIO58: -517
[   13.298141] reg-fixed-voltage 2.regulator: Failed to register regulator: -517
[   13.298163] platform 2.regulator: Driver reg-fixed-voltage requests probe deferral
[   13.298357] usb1_vbus: Failed to request enable GPIO108: -517
[   13.298501] reg-fixed-voltage 3.regulator: Failed to register regulator: -517
[   13.298524] platform 3.regulator: Driver reg-fixed-voltage requests probe deferral
[   13.298716] usb2_vbus: Failed to request enable GPIO86: -517
[   13.298861] reg-fixed-voltage 4.regulator: Failed to register regulator: -517
[   13.298882] platform 4.regulator: Driver reg-fixed-voltage requests probe deferral
[   13.299075] vdd_hdmi_5v0: Failed to request enable GPIO81: -517
[   13.299218] reg-fixed-voltage 5.regulator: Failed to register regulator: -517
[   13.299240] platform 5.regulator: Driver reg-fixed-voltage requests probe deferral
[   13.300332] vgaarb: loaded
[   13.301439] SCSI subsystem initialized
[   13.301808] usbcore: registered new interface driver usbfs
[   13.301912] usbcore: registered new interface driver hub
[   13.302062] usbcore: registered new device driver usb
[   13.305938] vdd-cpu: 500 <--> 1520 mV at 1100 mV 
[   13.306600] tps65090 1-0048: No cache defaults, reading back from HW
[   13.312958] vdd-sys-5v0: no parameters
[   13.313010] vdd-sys-5v0: supplied by vdd_ac_bat
[   13.314454] vdd-sys-3v3: no parameters
[   13.314491] vdd-sys-3v3: supplied by vdd_ac_bat
[   13.315962] vdd-ao: no parameters
[   13.315999] vdd-ao: supplied by vdd_ac_bat
[   13.316261] vdd-lcd-bl: no parameters
[   13.316296] vdd-lcd-bl: supplied by vdd_ac_bat
[   13.316551] TPS65090_RAILSFET2: no parameters
[   13.316586] TPS65090_RAILSFET2: supplied by vdd_ac_bat
[   13.316833] vdd-modem-3v3: no parameters
[   13.316867] vdd-modem-3v3: supplied by vdd-sys-3v3
[   13.317125] avdd-lcd: no parameters
[   13.317157] avdd-lcd: supplied by vdd-sys-3v3
[   13.317412] vdd-lvds: no parameters
[   13.317447] vdd-lvds: supplied by vdd-sys-3v3
[   13.317699] vdd-sd-slot: no parameters
[   13.317733] vdd-sd-slot: supplied by vdd-sys-3v3
[   13.318012] vdd-com-3v3: no parameters
[   13.318046] vdd-com-3v3: supplied by vdd-sys-3v3
[   13.318290] vdd-sby-5v0: no parameters
[   13.318322] vdd-sby-5v0: supplied by vdd_ac_bat
[   13.318578] vdd-sby-3v3: no parameters
[   13.318611] vdd-sby-3v3: supplied by vdd_ac_bat
[   13.319064] Linux video capture interface: v2.00
[   13.319743] platform 7000f010.iommu: Driver tegra-smmu requests probe deferral
[   13.320048] Advanced Linux Sound Architecture Driver Initialized.
[   13.320806] Bluetooth: Core ver 2.16
[   13.320881] NET: Registered protocol family 31
[   13.320889] Bluetooth: HCI device and connection manager initialized
[   13.320914] Bluetooth: HCI socket layer initialized
[   13.320937] Bluetooth: L2CAP socket layer initialized
[   13.320983] Bluetooth: SCO socket layer initialized
[   13.321612] cfg80211: Calling CRDA to update world regulatory domain
[   13.322715] Switched to clocksource arch_sys_counter
[   13.336933] NET: Registered protocol family 2
[   13.337827] TCP established hash table entries: 8192 (order: 4, 65536 bytes)
[   13.338034] TCP bind hash table entries: 8192 (order: 4, 65536 bytes)
[   13.338211] TCP: Hash tables configured (established 8192 bind 8192)
[   13.338664] TCP: reno registered
[   13.338679] UDP hash table entries: 512 (order: 2, 16384 bytes)
[   13.338723] UDP-Lite hash table entries: 512 (order: 2, 16384 bytes)
[   13.339138] NET: Registered protocol family 1
[   13.339849] RPC: Registered named UNIX socket transport module.
[   13.339859] RPC: Registered udp transport module.
[   13.339867] RPC: Registered tcp transport module.
[   13.339874] RPC: Registered tcp NFSv4.1 backchannel transport module.
[   13.339886] PCI: CLS 0 bytes, default 64
[   13.343675] bounce pool size: 64 pages
[   13.345332] squashfs: version 4.0 (2009/01/31) Phillip Lougher
[   13.347580] io scheduler noop registered (default)
[   13.358908] tegra-apbdma 6000a000.dma: Tegra20 APB DMA driver register 32 channels
[   13.359396] Serial: 8250/16550 driver, 4 ports, IRQ sharing disabled
[   13.361411] 70006300.serial: ttyS0 at MMIO 0x70006300 (irq = 122) is a Tegra
[   14.191145] console [ttyS0] enabled
[   14.195437] [drm] Initialized drm 1.1.0 20060810
[   14.205760] loop: module loaded
[   14.212038] m25p80 spi32766.0: w25q32dw (4096 Kbytes)
[   14.218816] pegasus: v0.9.3 (2013/04/25), Pegasus/Pegasus II USB Ethernet driver
[   14.226276] usbcore: registered new interface driver pegasus
[   14.232018] usbcore: registered new interface driver asix
[   14.237452] usbcore: registered new interface driver ax88179_178a
[   14.243597] usbcore: registered new interface driver cdc_ether
[   14.249479] usbcore: registered new interface driver r815x
[   14.255030] usbcore: registered new interface driver smsc75xx
[   14.260847] usbcore: registered new interface driver smsc95xx
[   14.266626] usbcore: registered new interface driver net1080
[   14.272333] usbcore: registered new interface driver cdc_subset
[   14.278281] usbcore: registered new interface driver zaurus
[   14.283943] usbcore: registered new interface driver cdc_ncm
[   14.289625] ehci_hcd: USB 2.0 'Enhanced' Host Controller (EHCI) Driver
[   14.296115] ehci-pci: EHCI PCI platform driver
[   14.300626] tegra-ehci: Tegra EHCI driver
[   14.304821] usbcore: registered new interface driver cdc_acm
[   14.310463] cdc_acm: USB Abstract Control Model driver for USB modems and ISDN adapters
[   14.318488] usbcore: registered new interface driver cdc_wdm
[   14.324220] usbcore: registered new interface driver usb-storage
[   14.330800] mousedev: PS/2 mouse device common for all mice
[   14.337651] tegra_rtc 7000e000.rtc: rtc core: registered 7000e000.rtc as rtc0
[   14.344807] tegra_rtc 7000e000.rtc: Tegra internal Real Time Clock
[   14.352359] sbs-battery 0-000b: sbs_probe: Failed to get device status
[   14.358887] sbs-battery: probe of 0-000b failed with error -121
[   14.368369] cpuidle: using governor ladder
[   14.372465] cpuidle: using governor menu
[   14.376432] sdhci: Secure Digital Host Controller Interface driver
[   14.382589] sdhci: Copyright(c) Pierre Ossman
[   14.386920] sdhci-pltfm: SDHCI platform and OF driver helper
[   14.392976] sdhci-tegra 78000400.sdhci: Got CD GPIO #170.
[   14.399398] mmc0: no vqmmc regulator found
[   14.403475] mmc0: no vmmc regulator found
[   14.407461] mmc0: Invalid maximum block size, assuming 512 bytes
[   14.458177] mmc0: SDHCI controller on 78000400.sdhci [78000400.sdhci] using ADMA
[   14.467728] mmc1: no vqmmc regulator found
[   14.471825] mmc1: no vmmc regulator found
[   14.475812] mmc1: Invalid maximum block size, assuming 512 bytes
[   14.517934] mmc1: SDHCI controller on 78000600.sdhci [78000600.sdhci] using ADMA
[   14.525934] usbcore: registered new interface driver usbhid
[   14.533538] usbhid: USB HID core driver
[   14.649735] mmc1: BKOPS_EN bit is not set
[   14.680156] mmc1: new HS200 MMC card at address 0001
[   14.685709] mmcblk0: mmc1:0001 SEM32G 29.1 GiB 
[   14.690540] mmcblk0boot0: mmc1:0001 SEM32G partition 1 4.00 MiB
[   14.696737] mmcblk0boot1: mmc1:0001 SEM32G partition 2 4.00 MiB
[   14.702903] mmcblk0rpmb: mmc1:0001 SEM32G partition 3 4.00 MiB
[   14.711234] Primary GPT is invalid, using alternate GPT.
[   14.716539]  mmcblk0: p1 p2 p3 p4 p5
[   14.723503]  mmcblk0boot1: unknown partition table
[   14.729973]  mmcblk0boot0: unknown partition table
[   14.987359] tegra-snd-rt5640 sound.3:  rt5640-aif1 <-> 70080400.i2s mapping ok
[   14.995870] input: NVIDIA Tegra Dalmore Headphones as /devices/soc0/sound.3/sound/card0/input0
[   15.006012] TCP: cubic registered
[   15.009609] NET: Registered protocol family 10
[   15.015400] mip6: Mobile IPv6
[   15.018373] sit: IPv6 over IPv4 tunneling driver
[   15.024565] NET: Registered protocol family 17
[   15.029048] NET: Registered protocol family 15
[   15.033639] Bluetooth: RFCOMM socket layer initialized
[   15.038768] Bluetooth: RFCOMM ver 1.11
[   15.042497] Bluetooth: BNEP (Ethernet Emulation) ver 1.3
[   15.047808] Bluetooth: BNEP socket layer initialized
[   15.052744] Bluetooth: HIDP (Human Interface Emulation) ver 1.2
[   15.058659] Bluetooth: HIDP socket layer initialized
[   15.063817] VFP support v0.3: implementor 41 architecture 4 part 30 variant f rev 0
[   15.071717] Registering SWP/SWPB emulation handler
[   15.077232] vdd-com-3v3: disabling
[   15.081226] vdd-lvds: disabling
[   15.084946] avdd-lcd: disabling
[   15.088692] vdd-lcd-bl: disabling
[   15.093046] dvdd_ts: 1800 mV 
[   15.096359] lcd_bl_en: 5000 mV 
[   15.099805] usb1_vbus: 5000 mV 
[   15.102981] usb1_vbus: supplied by vdd-sys-5v0
[   15.107771] usb2_vbus: 5000 mV 
[   15.110926] usb2_vbus: supplied by vdd-sys-5v0
[   15.115727] vdd_hdmi_5v0: 5000 mV 
[   15.119139] vdd_hdmi_5v0: supplied by vdd-sys-5v0
[   15.124354] tegra_rtc 7000e000.rtc: setting system clock to 1970-01-01 00:00:16 UTC (16)
[   15.132834] ALSA device list:
[   15.135806]   #0: NVIDIA Tegra Dalmore
 
[   15.156439] kjournald starting.  Commit interval 5 seconds
[   15.163576] EXT3-fs (mmcblk0p1): using internal journal
[   15.168827] EXT3-fs (mmcblk0p1): recovery complete
[   15.173592] EXT3-fs (mmcblk0p1): mounted filesystem with writeback data mode
[   15.180696] VFS: Mounted root (ext3 filesystem) on device 179:1.
[   15.187780] devtmpfs: mounted
[   15.191004] Freeing unused kernel memory: 236K (c077a000 - c07b5000)
bash: cannot set terminal process group (-1): Inappropriate ioctl for device
bash: no job control in this shell
I have no name!@(none):/#  
I have no name!@(none):/# 