
U-Boot SPL 2016.05-rc2 (Apr 21 2016 - 16:23:00)
Trying to boot from RAM


U-Boot 2016.05-rc2 (Apr 21 2016 - 16:23:00 -0700)

TEGRA124
Model: NVIDIA Jetson TK1
Board: NVIDIA Jetson TK1
DRAM:  2 GiB
MC:   Tegra SD/MMC: 0, Tegra SD/MMC: 1
In:    serial
Out:   serial
Err:   serial
Net:   No ethernet found.
Hit any key to stop autoboot:  2  0 
Tegra124 (Jetson TK1) # 
Tegra124 (Jetson TK1) # pci enum
Tegra124 (Jetson TK1) # setenv bootargs 'ignore_loglevel console=ttyS0,115200n8 rw root=PARTUUID=b1791faa-84e8-4e27-83a1-9fb0a77e8803 rootwait gpt debug noinitrd earlyprintk init=/bin/bash'
Tegra124 (Jetson TK1) # setenv ipaddr 192.168.100.102; setenv serverip 192.168.100.1; setenv tftpserverip 192.168.100.1
Tegra124 (Jetson TK1) # tftpboot 0x82000000 zImage.tegra_defconfig%tegra-fw

Warning: eth_rtl8169 using MAC address from ROM
Using eth_rtl8169 device
TFTP from server 192.168.100.1; our IP address is 192.168.100.102
Filename 'zImage.tegra_defconfig%tegra-fw'.
Load address: 0x82000000
Loading: *#################################################################
	 #################################################################
	 #################################################################
	 #################################################################
	 #################################################################
	 #################################################################
	 ##########################################
	 4 MiB/s
done
Bytes transferred = 6332440 (60a018 hex)
Tegra124 (Jetson TK1) # tftpboot 0x83000000 tegra124-jetson-tk1.dtb
Using eth_rtl8169 device
TFTP from server 192.168.100.1; our IP address is 192.168.100.102
Filename 'tegra124-jetson-tk1.dtb'.
Load address: 0x83000000
Loading: *#####
	 3.7 MiB/s
done
Bytes transferred = 66544 (103f0 hex)
Tegra124 (Jetson TK1) # bootz 0x82000000 - 0x83000000
Kernel image @ 0x82000000 [ 0x000000 - 0x60a018 ]
## Flattened Device Tree blob at 83000000
   Booting using the fdt blob at 0x83000000
   Using Device Tree in place at 83000000, end 830133ef

Starting kernel ...

[    0.000000] Booting Linux on physical CPU 0x0
[    0.000000] Linux version 4.15.0-rc7-217283-gb2cd1df (jonathanh@sellafield) (gcc version 4.7.3 20130328 (prerelease) (crosstool-NG linaro-1.13.1-4.7-2013.04-20130415 - Linaro GCC 2013.04)) #1 SMP PREEMPT Sun Jan 7 15:08:24 PST 2018
[    0.000000] CPU: ARMv7 Processor [413fc0f3] revision 3 (ARMv7), cr=10c5387d
[    0.000000] CPU: div instructions available: patching division code
[    0.000000] CPU: PIPT / VIPT nonaliasing data cache, PIPT instruction cache
[    0.000000] OF: fdt: Machine model: NVIDIA Tegra124 Jetson TK1
[    0.000000] debug: ignoring loglevel setting.
[    0.000000] bootconsole [earlycon0] enabled
[    0.000000] Memory policy: Data cache writealloc
[    0.000000] cma: Reserved 64 MiB at 0xfbc00000
[    0.000000] On node 0 totalpages: 524032
[    0.000000]   Normal zone: 1536 pages used for memmap
[    0.000000]   Normal zone: 0 pages reserved
[    0.000000]   Normal zone: 196608 pages, LIFO batch:31
[    0.000000]   HighMem zone: 327424 pages, LIFO batch:31
[    0.000000] random: fast init done
[    0.000000] percpu: Embedded 17 pages/cpu @(ptrval) s39168 r8192 d22272 u69632
[    0.000000] pcpu-alloc: s39168 r8192 d22272 u69632 alloc=17*4096
[    0.000000] pcpu-alloc: [0] 0 [0] 1 [0] 2 [0] 3 
[    0.000000] Built 1 zonelists, mobility grouping on.  Total pages: 522496
[    0.000000] Kernel command line: ignore_loglevel console=ttyS0,115200n8 rw root=PARTUUID=b1791faa-84e8-4e27-83a1-9fb0a77e8803 rootwait gpt debug noinitrd earlyprintk init=/bin/bash
[    0.000000] Dentry cache hash table entries: 131072 (order: 7, 524288 bytes)
[    0.000000] Inode-cache hash table entries: 65536 (order: 6, 262144 bytes)
[    0.000000] Memory: 1997468K/2096128K available (9216K kernel code, 778K rwdata, 2820K rodata, 1024K init, 299K bss, 33124K reserved, 65536K cma-reserved, 1244160K highmem)
[    0.000000] Virtual kernel memory layout:
[    0.000000]     vector  : 0xffff0000 - 0xffff1000   (   4 kB)
[    0.000000]     fixmap  : 0xffc00000 - 0xfff00000   (3072 kB)
[    0.000000]     vmalloc : 0xf0800000 - 0xff800000   ( 240 MB)
[    0.000000]     lowmem  : 0xc0000000 - 0xf0000000   ( 768 MB)
[    0.000000]     pkmap   : 0xbfe00000 - 0xc0000000   (   2 MB)
[    0.000000]     modules : 0xbf000000 - 0xbfe00000   (  14 MB)
[    0.000000]       .text : 0x(ptrval) - 0x(ptrval)   (10208 kB)
[    0.000000]       .init : 0x(ptrval) - 0x(ptrval)   (1024 kB)
[    0.000000]       .data : 0x(ptrval) - 0x(ptrval)   ( 779 kB)
[    0.000000]        .bss : 0x(ptrval) - 0x(ptrval)   ( 300 kB)
[    0.000000] Preemptible hierarchical RCU implementation.
[    0.000000] 	Tasks RCU enabled.
[    0.000000] NR_IRQS: 16, nr_irqs: 16, preallocated irqs: 16
[    0.000000] /interrupt-controller@60004000: 160 interrupts forwarded to /interrupt-controller@50041000
[    0.000000] Tegra clk 127: register failed with -17
[    0.000008] sched_clock: 32 bits at 1000kHz, resolution 1000ns, wraps every 2147483647500ns
[    0.007472] clocksource: timer_us: mask: 0xffffffff max_cycles: 0xffffffff, max_idle_ns: 1911260446275 ns
[    0.017000] Switching to timer-based delay loop, resolution 1000ns
[    0.024179] arch_timer: cp15 timer(s) running at 12.00MHz (virt).
[    0.029224] clocksource: arch_sys_counter: mask: 0xffffffffffffff max_cycles: 0x2c47f4ee7, max_idle_ns: 440795202497 ns
[    0.039971] sched_clock: 56 bits at 12MHz, resolution 83ns, wraps every 4398046511096ns
[    0.047939] Switching to timer-based delay loop, resolution 83ns
[    0.054384] Console: colour dummy device 80x30
[    0.058355] Calibrating delay loop (skipped), value calculated using timer frequency.. 24.00 BogoMIPS (lpj=120000)
[    0.068663] pid_max: default: 32768 minimum: 301
[    0.073724] Mount-cache hash table entries: 2048 (order: 1, 8192 bytes)
[    0.079849] Mountpoint-cache hash table entries: 2048 (order: 1, 8192 bytes)
[    0.087692] CPU: Testing write buffer coherency: ok
[    0.092014] /cpus/cpu@0 missing clock-frequency property
[    0.097022] /cpus/cpu@1 missing clock-frequency property
[    0.102332] /cpus/cpu@2 missing clock-frequency property
[    0.107597] /cpus/cpu@3 missing clock-frequency property
[    0.112868] CPU0: thread -1, cpu 0, socket 0, mpidr 80000000
[    0.152985] Setting up static identity map for 0x80100000 - 0x801000a0
[    0.157738] Hierarchical SRCU implementation.
[    0.173507] Tegra Revision: A01 SKU: 129 CPU Process: 1 SoC Process: 1
[    0.193005] smp: Bringing up secondary CPUs ...
[    0.243637] CPU1: thread -1, cpu 1, socket 0, mpidr 80000001
[    0.323744] CPU2: thread -1, cpu 2, socket 0, mpidr 80000002
[    0.403858] CPU3: thread -1, cpu 3, socket 0, mpidr 80000003
[    0.413436] smp: Brought up 1 node, 4 CPUs
[    0.432523] SMP: Total of 4 processors activated (96.00 BogoMIPS).
[    0.438692] CPU: All CPU(s) started in SVC mode.
[    0.445148] devtmpfs: initialized
[    0.465102] VFP support v0.3: implementor 41 architecture 4 part 30 variant f rev 0
[    0.471202] clocksource: jiffies: mask: 0xffffffff max_cycles: 0xffffffff, max_idle_ns: 19112604462750000 ns
[    0.480658] futex hash table entries: 1024 (order: 4, 65536 bytes)
[    0.488134] pinctrl core: initialized pinctrl subsystem
[    0.493197] NET: Registered protocol family 16
[    0.497884] DMA: preallocated 256 KiB pool for atomic coherent allocations
[    0.504573] cpuidle: using governor menu
[    0.530462] No ATAGs?
[    0.530599] hw-breakpoint: found 5 (+1 reserved) breakpoint and 4 watchpoint registers.
[    0.538960] hw-breakpoint: maximum watchpoint size is 8 bytes.
[    0.546646] iommu: Adding device reg-dummy to group 0
[    0.549851] iommu: Adding device 1003000.pcie to group 1
[    0.555153] iommu: Adding device 50000000.host1x to group 2
[    0.560707] iommu: Adding device 54200000.dc to group 3
[    0.565889] iommu: Adding device 54240000.dc to group 4
[    0.571073] iommu: Adding device 54280000.hdmi to group 5
[    0.576462] iommu: Adding device 57000000.gpu to group 6
[    0.581734] iommu: Adding device 60005000.timer to group 7
[    0.587167] iommu: Adding device 60007000.flow-controller to group 8
[    0.593512] iommu: Adding device 6000c800.actmon to group 9
[    0.599042] iommu: Adding device 6000d000.gpio to group 10
[    0.604518] iommu: Adding device 60020000.dma to group 11
[    0.609890] iommu: Adding device 70000800.apbmisc to group 12
[    0.615612] iommu: Adding device 70000868.pinmux to group 13
[    0.621233] iommu: Adding device 70006000.serial to group 14
[    0.626879] iommu: Adding device 70006040.serial to group 15
[    0.632493] iommu: Adding device 70006300.serial to group 16
[    0.638145] iommu: Adding device 7000c000.i2c to group 17
[    0.643500] iommu: Adding device 7000c400.i2c to group 18
[    0.648891] iommu: Adding device 7000c500.i2c to group 19
[    0.654248] iommu: Adding device 7000c700.i2c to group 20
[    0.659645] iommu: Adding device 7000d000.i2c to group 21
[    0.664993] iommu: Adding device 7000d400.spi to group 22
[    0.670390] iommu: Adding device 7000da00.spi to group 23
[    0.675743] iommu: Adding device 7000e000.rtc to group 24
[    0.681133] iommu: Adding device 7000e400.pmc to group 25
[    0.686486] iommu: Adding device 7000f800.fuse to group 26
[    0.691964] iommu: Adding device 70019000.memory-controller to group 27
[    0.698534] iommu: Adding device 7001b000.emc to group 28
[    0.703930] iommu: Adding device 70027000.sata to group 29
[    0.709367] iommu: Adding device 70030000.hda to group 30
[    0.714761] iommu: Adding device 70090000.usb to group 31
[    0.720114] iommu: Adding device 7009f000.padctl to group 32
[    0.725779] iommu: Adding device 700b0400.sdhci to group 33
[    0.731293] iommu: Adding device 700b0600.sdhci to group 34
[    0.736858] iommu: Adding device 70015000.cec to group 35
[    0.742226] iommu: Adding device 700e2000.thermal-sensor to group 36
[    0.748562] iommu: Adding device 70110000.clock to group 37
[    0.754087] iommu: Adding device 70300000.ahub to group 38
[    0.759567] iommu: Adding device 7d000000.usb to group 39
[    0.764920] iommu: Adding device 7d000000.usb-phy to group 40
[    0.770659] iommu: Adding device 7d004000.usb to group 41
[    0.776015] iommu: Adding device 7d004000.usb-phy to group 42
[    0.781755] iommu: Adding device 7d008000.usb to group 43
[    0.787113] iommu: Adding device 7d008000.usb-phy to group 44
[    0.792843] iommu: Adding device pmu to group 45
[    0.797421] iommu: Adding device timer to group 46
[    0.802187] iommu: Adding device clocks to group 47
[    0.807058] iommu: Adding device gpio-keys to group 48
[    0.812155] iommu: Adding device regulators to group 49
[    0.817380] iommu: Adding device regulators:regulator@0 to group 50
[    0.823594] iommu: Adding device regulators:regulator@1 to group 51
[    0.829855] iommu: Adding device regulators:regulator@2 to group 52
[    0.836074] iommu: Adding device regulators:regulator@3 to group 53
[    0.842330] iommu: Adding device regulators:regulator@4 to group 54
[    0.848560] iommu: Adding device regulators:regulator@7 to group 55
[    0.854812] iommu: Adding device regulators:regulator@8 to group 56
[    0.861042] iommu: Adding device regulators:regulator@10 to group 57
[    0.867378] iommu: Adding device regulators:regulator@11 to group 58
[    0.873686] iommu: Adding device regulators:regulator@12 to group 59
[    0.880032] iommu: Adding device regulators:regulator@13 to group 60
[    0.886341] iommu: Adding device regulators:regulator@14 to group 61
[    0.892683] iommu: Adding device sound to group 62
[    0.914398] +5V_SYS: supplied by +VDD_MUX
[    0.916891] +3.3V_SYS: supplied by +VDD_MUX
[    0.921456] +USB0_VBUS_SW: Failed to request enable GPIO108: -517
[    0.926772] reg-fixed-voltage regulators:regulator@7: Failed to register regulator: -517
[    0.934895] +5V_USB_HS: Failed to request enable GPIO109: -517
[    0.940617] reg-fixed-voltage regulators:regulator@8: Failed to register regulator: -517
[    0.948855] +1.05V_RUN_AVDD_HDMI_PLL: Failed to request enable GPIO63: -517
[    0.955636] reg-fixed-voltage regulators:regulator@11: Failed to register regulator: -517
[    0.963840] +5V_HDMI_CON: Failed to request enable GPIO86: -517
[    0.969650] reg-fixed-voltage regulators:regulator@12: Failed to register regulator: -517
[    0.977878] +5V_SATA: Failed to request enable GPIO242: -517
[    0.983429] reg-fixed-voltage regulators:regulator@13: Failed to register regulator: -517
[    0.991658] +12V_SATA: Failed to request enable GPIO242: -517
[    0.997293] reg-fixed-voltage regulators:regulator@14: Failed to register regulator: -517
[    1.006735] vgaarb: loaded
[    1.008891] SCSI subsystem initialized
[    1.012073] libata version 3.00 loaded.
[    1.015967] usbcore: registered new interface driver usbfs
[    1.021192] usbcore: registered new interface driver hub
[    1.026500] usbcore: registered new device driver usb
[    1.034719] Linux video capture interface: v2.00
[    1.037501] pps_core: LinuxPPS API ver. 1 registered
[    1.042399] pps_core: Software ver. 5.3.6 - Copyright 2005-2007 Rodolfo Giometti <giometti@linux.it>
[    1.051506] PTP clock support registered
[    1.056813] Advanced Linux Sound Architecture Driver Initialized.
[    1.062077] Bluetooth: Core ver 2.22
[    1.065037] NET: Registered protocol family 31
[    1.069434] Bluetooth: HCI device and connection manager initialized
[    1.075737] Bluetooth: HCI socket layer initialized
[    1.080611] Bluetooth: L2CAP socket layer initialized
[    1.085646] Bluetooth: SCO socket layer initialized
[    1.091123] clocksource: Switched to clocksource arch_sys_counter
[    1.186832] NET: Registered protocol family 2
[    1.190276] TCP established hash table entries: 8192 (order: 3, 32768 bytes)
[    1.196421] TCP bind hash table entries: 8192 (order: 4, 65536 bytes)
[    1.202908] TCP: Hash tables configured (established 8192 bind 8192)
[    1.209525] UDP hash table entries: 512 (order: 2, 16384 bytes)
[    1.214992] UDP-Lite hash table entries: 512 (order: 2, 16384 bytes)
[    1.221592] NET: Registered protocol family 1
[    1.226320] RPC: Registered named UNIX socket transport module.
[    1.231513] RPC: Registered udp transport module.
[    1.236165] RPC: Registered tcp transport module.
[    1.240846] RPC: Registered tcp NFSv4.1 backchannel transport module.
[    1.247724] iommu: Adding device regulatory.0 to group 63
[    1.252863] PCI: CLS 0 bytes, default 64
[    1.258360] hw perfevents: enabled with armv7_cortex_a15 PMU driver, 7 counters available
[    1.265422] iommu: Adding device alarmtimer to group 64
[    1.271021] Initialise system trusted keyrings
[    1.274508] workingset: timestamp_bits=30 max_order=19 bucket_order=0
[    1.282133] squashfs: version 4.0 (2009/01/31) Phillip Lougher
[    1.287283] NFS: Registering the id_resolver key type
[    1.291595] Key type id_resolver registered
[    1.295706] Key type id_legacy registered
[    1.304639] Key type asymmetric registered
[    1.306825] Asymmetric key parser 'x509' registered
[    1.311832] bounce: pool size: 64 pages
[    1.315558] io scheduler noop registered (default)
[    1.320259] io scheduler mq-deadline registered
[    1.324783] io scheduler kyber registered
[    1.330585]  usb2-0: usb2-0 supply vbus not found, using dummy regulator
[    1.335583]  usb2-1: usb2-1 supply vbus not found, using dummy regulator
[    1.342546] tegra-xusb-padctl 7009f000.padctl: failed to setup XUSB ports: -517
[    1.358658] tegra-pcie 1003000.pcie: 2x1, 1x1 configuration
[    1.362391] tegra-pcie 1003000.pcie: Failed to get supply 'avddio-pex': -517
[    1.372267] tegra124-dfll 70110000.clock: couldn't get vdd_cpu regulator
[    1.382976] tegra-apbdma 60020000.dma: Tegra20 APB DMA driver register 32 channels
[    1.389935] tegra-pmc 7000e400.pmc: emergency thermal reset enabled
[    1.395508] Serial: 8250/16550 driver, 4 ports, IRQ sharing disabled
[    1.401337] iommu: Adding device serial8250 to group 65
[    1.408222] console [ttyS0] disabled
[    1.409994] 70006300.serial: ttyS0 at MMIO 0x70006300 (irq = 335, base_baud = 25500000) is a Tegra
[    1.419327] console [ttyS0] enabled
[    1.419327] console [ttyS0] enabled
[    1.425138] bootconsole [earlycon0] disabled
[    1.425138] bootconsole [earlycon0] disabled
[    1.434516] 70006000.serial: ttyTHS1 at MMIO 0x70006000 (irq = 333, base_baud = 0) is a TEGRA_UART
[    1.445546] 70006040.serial: ttyTHS2 at MMIO 0x70006040 (irq = 334, base_baud = 0) is a TEGRA_UART
[    1.474152] tegra-hdmi 54280000.hdmi: failed to get HDMI regulator
[    1.493795] loop: module loaded
[    1.498292] at24 0-0056: 256 byte 24c02 EEPROM, writable, 8 bytes/write
[    1.505761] as3722 4-0040: AS3722 with revision 0x1 found
[    1.513411] iommu: Adding device as3722-pinctrl to group 66
[    1.520693] iommu: Adding device as3722-regulator to group 67
[    1.529448] as3722-sd2: supplied by +5V_SYS
[    1.534164] as3722-sd3: supplied by +5V_SYS
[    1.538591] +1.35V_LP0(sd3): Bringing 0uV into 1350000-1350000uV
[    1.544974] as3722-sd4: supplied by +5V_SYS
[    1.549630] as3722-sd5: supplied by +5V_SYS
[    1.555746] as3722-ldo0: supplied by +1.35V_LP0(sd2)
[    1.561885] +1.8V_RUN_CAM: Bringing 0uV into 1800000-1800000uV
[    1.568124] as3722-ldo2: supplied by +1.8V_VDDIO
[    1.574099] as3722-ldo3: supplied by +3.3V_SYS
[    1.578591] +1.05V_LP0_VDD_RTC: Bringing 1100000uV into 1000000-1000000uV
[    1.586425] as3722-ldo4: supplied by +3.3V_SYS
[    1.591101] +2.8V_RUN_CAM: Bringing 0uV into 2800000-2800000uV
[    1.597374] as3722-ldo5: supplied by +1.8V_VDDIO
[    1.602256] +1.2V_RUN_CAM_FRONT: Bringing 0uV into 1200000-1200000uV
[    1.609203] +VDDIO_SDMMC3: bypassed regulator has no supply!
[    1.614878] +VDDIO_SDMMC3: failed to get the current voltage(-517)
[    1.621057] as3722-regulator as3722-regulator: regulator 13 register failed -517
[    1.631352] iommu: Adding device as3722-rtc to group 68
[    1.636729] iommu: Adding device as3722-adc to group 69
[    1.642124] iommu: Adding device as3722-power-off to group 70
[    1.648012] iommu: Adding device as3722-wdt to group 71
[    1.654013] tegra-ahci 70027000.sata: couldn't get PHY in node sata: -517
[    1.672773] m25p80 spi1.0: w25q32dw (4096 Kbytes)
[    1.679487] iommu: Adding device Fixed MDIO bus.0 to group 72
[    1.685440] libphy: Fixed MDIO Bus: probed
[    1.689533] CAN device driver interface
[    1.693443] igb: Intel(R) Gigabit Ethernet Network Driver - version 5.4.0-k
[    1.700394] igb: Copyright (c) 2007-2014 Intel Corporation.
[    1.706122] pegasus: v0.9.3 (2013/04/25), Pegasus/Pegasus II USB Ethernet driver
[    1.713596] usbcore: registered new interface driver pegasus
[    1.719314] usbcore: registered new interface driver asix
[    1.724799] usbcore: registered new interface driver ax88179_178a
[    1.730933] usbcore: registered new interface driver cdc_ether
[    1.736854] usbcore: registered new interface driver smsc75xx
[    1.742681] usbcore: registered new interface driver smsc95xx
[    1.748470] usbcore: registered new interface driver net1080
[    1.754195] usbcore: registered new interface driver cdc_subset
[    1.760156] usbcore: registered new interface driver zaurus
[    1.765836] usbcore: registered new interface driver cdc_ncm
[    1.771759] tegra-phy 7d000000.usb-phy: no vbus regulator
[    1.777380] tegra-phy 7d004000.usb-phy: no vbus regulator
[    1.783101] ehci_hcd: USB 2.0 'Enhanced' Host Controller (EHCI) Driver
[    1.789620] ehci-pci: EHCI PCI platform driver
[    1.794142] tegra-ehci: Tegra EHCI driver
[    1.800991] tegra-ehci 7d004000.usb: EHCI Host Controller
[    1.806429] tegra-ehci 7d004000.usb: new USB bus registered, assigned bus number 1
[    1.814243] tegra-ehci 7d004000.usb: irq 356, io mem 0x7d004000
[    1.841155] tegra-ehci 7d004000.usb: USB 2.0 started, EHCI 1.10
[    1.847981] hub 1-0:1.0: USB hub found
[    1.851792] hub 1-0:1.0: 1 port detected
[    1.856971] usbcore: registered new interface driver cdc_acm
[    1.862645] cdc_acm: USB Abstract Control Model driver for USB modems and ISDN adapters
[    1.870702] usbcore: registered new interface driver cdc_wdm
[    1.876453] usbcore: registered new interface driver usb-storage
[    1.884114] iommu: Adding device ci_hdrc.0 to group 73
[    1.895925] as3722-rtc as3722-rtc: rtc core: registered as3722-rtc as rtc0
[    1.902824] as3722-rtc as3722-rtc: RTC interrupt 379
[    1.910645] tegra_rtc 7000e000.rtc: rtc core: registered 7000e000.rtc as rtc1
[    1.917846] tegra_rtc 7000e000.rtc: Tegra internal Real Time Clock
[    1.924388] i2c /dev entries driver
[    1.929139] usbcore: registered new interface driver uvcvideo
[    1.934903] USB Video Class driver (1.1.1)
[    1.938992] gspca_main: v2.14.0 registered
[    1.943737] lm90 0-004c: 0-004c supply vcc not found, using dummy regulator
[    1.954027] tegra-wdt 60005000.timer: initialized (heartbeat = 120 sec, nowayout = 0)
[    1.962530] iommu: Adding device cpufreq-tegra124 to group 74
[    1.968837] sdhci: Secure Digital Host Controller Interface driver
[    1.975030] sdhci: Copyright(c) Pierre Ossman
[    1.979380] sdhci-pltfm: SDHCI platform and OF driver helper
[    1.985372] sdhci-tegra 700b0400.sdhci: Got CD GPIO
[    1.990262] sdhci-tegra 700b0400.sdhci: Got WP GPIO
[    2.011177] mmc0: Unknown controller version (3). You may experience problems.
[    2.018435] mmc0: Invalid maximum block size, assuming 512 bytes
[    2.081194] mmc0: SDHCI controller on 700b0600.sdhci [700b0600.sdhci] using ADMA
[    2.092683] usbcore: registered new interface driver usbhid
[    2.098356] usbhid: USB HID core driver
[    2.105253] iommu: Adding device snd-soc-dummy to group 75
[    2.157603] mmc0: new high speed MMC card at address 0001
[    2.163610] mmcblk0: mmc0:0001 SEM16G 14.7 GiB 
[    2.168544] mmcblk0boot0: mmc0:0001 SEM16G partition 1 4.00 MiB
[    2.174921] mmcblk0boot1: mmc0:0001 SEM16G partition 2 4.00 MiB
[    2.181026] mmcblk0rpmb: mmc0:0001 SEM16G partition 3 4.00 MiB, chardev (247:0)
[    2.190074]  mmcblk0: p1
[    2.551590] iommu: Adding device 70301100.i2s to group 76
[    2.557868] tegra30-i2s 70301100.i2s: DMA channels sourced from device 70300000.ahub
[    2.578202] tegra-snd-rt5640 sound: rt5640-aif1 <-> 70301100.i2s mapping ok
[    2.588978] input: NVIDIA Tegra Jetson TK1 Headphones as /devices/soc0/sound/sound/card1/input0
[    2.600189] NET: Registered protocol family 10
[    2.606007] Segment Routing with IPv6
[    2.609844] mip6: Mobile IPv6
[    2.612835] sit: IPv6, IPv4 and MPLS over IPv4 tunneling driver
[    2.620244] NET: Registered protocol family 17
[    2.624763] NET: Registered protocol family 15
[    2.629215] can: controller area network core (rev 20170425 abi 9)
[    2.635620] NET: Registered protocol family 29
[    2.640061] can: raw protocol (rev 20170425)
[    2.644342] can: broadcast manager protocol (rev 20170425 t)
[    2.650001] can: netlink gateway (rev 20170425) max_hops=1
[    2.655732] Bluetooth: RFCOMM socket layer initialized
[    2.660879] Bluetooth: RFCOMM ver 1.11
[    2.664665] Bluetooth: BNEP (Ethernet Emulation) ver 1.3
[    2.669977] Bluetooth: BNEP socket layer initialized
[    2.674953] Bluetooth: HIDP (Human Interface Emulation) ver 1.2
[    2.680870] Bluetooth: HIDP socket layer initialized
[    2.686102] Key type dns_resolver registered
[    2.690881] Registering SWP/SWPB emulation handler
[    2.696492] Loading compiled-in X.509 certificates
[    2.718964] +3.3V_RUN: supplied by +3.3V_SYS
[    2.724114] +USB0_VBUS_SW: supplied by +5V_SYS
[    2.728815] +3.3V_AVDD_HDMI_AP_GATED: supplied by +3.3V_RUN
[    2.734846] +5V_USB_HS: supplied by +5V_SYS
[    2.739949] +3.3V_LP0: supplied by +3.3V_SYS
[    2.745299] +5V_HDMI_CON: supplied by +5V_SYS
[    2.750077] +5V_SATA: supplied by +5V_SYS
[    2.754758] +12V_SATA: supplied by +VDD_MUX
[    2.760378]  usb2-0: usb2-0 supply vbus not found, using dummy regulator
[    2.767261]  usb2-1: usb2-1 supply vbus not found, using dummy regulator
[    2.774450]  usb3-0: usb3-0 supply vbus not found, using dummy regulator
[    2.781981] tegra-pcie 1003000.pcie: 2x1, 1x1 configuration
[    2.787596] tegra-pcie 1003000.pcie: Failed to get supply 'avddio-pex': -517
[    2.796703] tegra124-dfll 70110000.clock: couldn't get vdd_cpu regulator
[    2.805736] tegra-hdmi 54280000.hdmi: failed to get PLL regulator
[    2.814298] as3722-sd2: supplied by +5V_SYS
[    2.818790] as3722-sd3: supplied by +5V_SYS
[    2.823313] as3722-sd4: supplied by +5V_SYS
[    2.827793] as3722-sd5: supplied by +5V_SYS
[    2.833743] as3722-ldo0: supplied by +1.35V_LP0(sd2)
[    2.839220] as3722-ldo1: supplied by +3.3V_RUN
[    2.844413] as3722-ldo2: supplied by +1.8V_VDDIO
[    2.849954] as3722-ldo3: supplied by +3.3V_SYS
[    2.855494] as3722-ldo4: supplied by +3.3V_SYS
[    2.860246] as3722-ldo5: supplied by +1.8V_VDDIO
[    2.866062] input: tegra-hda HDMI/DP,pcm=3 as /devices/soc0/70030000.hda/sound/card0/input1
[    2.874709] as3722-ldo6: supplied by +3.3V_RUN
[    2.879703] as3722-ldo7: supplied by +1.8V_VDDIO
[    2.885175] +1.05V_RUN_CAM_REAR: Bringing 0uV into 1050000-1050000uV
[    2.892302] as3722-ldo9: supplied by +5V_SYS
[    2.897776] +3.3V_RUN_TOUCH: Bringing 0uV into 2800000-2800000uV
[    2.904540] as3722-ldo10: supplied by +5V_SYS
[    2.909644] +2.8V_RUN_CAM_AF: Bringing 0uV into 2800000-2800000uV
[    2.916517] as3722-ldo11: supplied by +3.3V_RUN
[    2.921834] +1.8V_RUN_VPP_FUSE: Bringing 0uV into 1800000-1800000uV
[    2.931071] tegra-ahci 70027000.sata: AHCI 0001.0301 32 slots 2 ports 3 Gbps 0x1 impl platform mode
[    2.940149] tegra-ahci 70027000.sata: flags: 64bit ncq sntf pm led pio slum part sadm sds apst 
[    2.950697] scsi host0: tegra-ahci
[    2.955167] scsi host1: tegra-ahci
[    2.958872] ata1: SATA max UDMA/133 mmio [mem 0x70027000-0x70028fff] port 0x100 irq 345
[    2.966919] ata2: DUMMY
[    2.970533] tegra-ehci 7d008000.usb: EHCI Host Controller
[    2.976013] tegra-ehci 7d008000.usb: new USB bus registered, assigned bus number 2
[    2.983864] tegra-ehci 7d008000.usb: irq 357, io mem 0x7d008000
[    3.011253] tegra-ehci 7d008000.usb: USB 2.0 started, EHCI 1.10
[    3.018375] hub 2-0:1.0: USB hub found
[    3.022258] hub 2-0:1.0: 1 port detected
[    3.101926] tegra-xusb 70090000.usb: Firmware timestamp: 2014-09-16 02:10:07 UTC
[    3.109353] tegra-xusb 70090000.usb: xHCI Host Controller
[    3.114799] tegra-xusb 70090000.usb: new USB bus registered, assigned bus number 3
[    3.124967] tegra-xusb 70090000.usb: hcc params 0x0184f525 hci version 0x100 quirks 0x00010010
[    3.133657] tegra-xusb 70090000.usb: irq 347, io mem 0x70090000
[    3.141067] hub 3-0:1.0: USB hub found
[    3.144945] hub 3-0:1.0: 6 ports detected
[    3.149820] tegra-xusb 70090000.usb: xHCI Host Controller
[    3.155285] tegra-xusb 70090000.usb: new USB bus registered, assigned bus number 4
[    3.163034] usb usb4: We don't know the algorithms for LPM for this host, disabling LPM.
[    3.172386] hub 4-0:1.0: USB hub found
[    3.176192] hub 4-0:1.0: 2 ports detected
[    3.182278] sdhci-tegra 700b0400.sdhci: Got CD GPIO
[    3.187204] sdhci-tegra 700b0400.sdhci: Got WP GPIO
[    3.200494] mmc1: Unknown controller version (3). You may experience problems.
[    3.207874] mmc1: Invalid maximum block size, assuming 512 bytes
[    3.271762] mmc1: SDHCI controller on 700b0400.sdhci [700b0400.sdhci] using ADMA
[    3.279475] tegra-pcie 1003000.pcie: 2x1, 1x1 configuration
[    3.290428] tegra-pcie 1003000.pcie: probing port 0, using 2 lanes
[    3.294479] ata1: SATA link down (SStatus 0 SControl 300)
[    3.305377] tegra-pcie 1003000.pcie: Slot present pin change, signature: 00000008
[    3.335683] tegra-pcie 1003000.pcie: probing port 1, using 1 lanes
[    3.344004] tegra-pcie 1003000.pcie: Slot present pin change, signature: 00000000
[    3.358031] tegra-pcie 1003000.pcie: PCI host bridge to bus 0000:00
[    3.364339] pci_bus 0000:00: root bus resource [io  0x0000-0xffff]
[    3.370515] pci_bus 0000:00: root bus resource [mem 0x13000000-0x1fffffff]
[    3.377450] pci_bus 0000:00: root bus resource [mem 0x20000000-0x3fffffff pref]
[    3.384831] pci_bus 0000:00: root bus resource [bus 00-ff]
[    3.390401] pci 0000:00:01.0: [10de:0e12] type 01 class 0x060400
[    3.396435] pci_bus 0000:00: 2-byte config write to 0000:00:01.0 offset 0x4 may corrupt adjacent RW1C bits
[    3.406095] pci_bus 0000:00: 2-byte config write to 0000:00:01.0 offset 0x4 may corrupt adjacent RW1C bits
[    3.415816] pci 0000:00:01.0: enabling Extended Tags
[    3.420835] pci_bus 0000:00: 2-byte config write to 0000:00:01.0 offset 0x88 may corrupt adjacent RW1C bits
[    3.430646] pci_bus 0000:00: 2-byte config write to 0000:00:01.0 offset 0x52 may corrupt adjacent RW1C bits
[    3.440431] pci 0000:00:01.0: PME# supported from D0 D1 D2 D3hot D3cold
[    3.447060] pci_bus 0000:00: 2-byte config write to 0000:00:01.0 offset 0x4c may corrupt adjacent RW1C bits
[    3.457104] pci 0000:00:02.0: [10de:0e13] type 01 class 0x060400
[    3.463193] pci_bus 0000:00: 2-byte config write to 0000:00:02.0 offset 0x4 may corrupt adjacent RW1C bits
[    3.472895] pci_bus 0000:00: 2-byte config write to 0000:00:02.0 offset 0x4 may corrupt adjacent RW1C bits
[    3.482582] pci 0000:00:02.0: enabling Extended Tags
[    3.487547] pci_bus 0000:00: 2-byte config write to 0000:00:02.0 offset 0x88 may corrupt adjacent RW1C bits
[    3.497315] pci_bus 0000:00: 2-byte config write to 0000:00:02.0 offset 0x52 may corrupt adjacent RW1C bits
[    3.507135] pci 0000:00:02.0: PME# supported from D0 D1 D2 D3hot D3cold
[    3.513884] pci_bus 0000:00: 2-byte config write to 0000:00:02.0 offset 0x4c may corrupt adjacent RW1C bits
[    3.523984] PCI: bus0: Fast back to back transfers disabled
[    3.529556] pci 0000:00:01.0: bridge configuration invalid ([bus 00-00]), reconfiguring
[    3.537593] pci 0000:00:02.0: bridge configuration invalid ([bus 00-00]), reconfiguring
[    3.545828] pci 0000:01:00.0: [8086:4232] type 00 class 0x028000
[    3.551932] pci 0000:01:00.0: reg 0x10: [mem 0x00000000-0x00001fff 64bit]
[    3.559040] PCI: bus1: Fast back to back transfers disabled
[    3.564688] pci_bus 0000:01: busn_res: [bus 01-ff] end is updated to 01
[    3.571618] pci 0000:02:00.0: [10ec:8168] type 00 class 0x020000
[    3.577707] pci 0000:02:00.0: reg 0x10: [io  0x0000-0x00ff]
[    3.583387] pci 0000:02:00.0: reg 0x18: [mem 0x00000000-0x00000fff 64bit]
[    3.590242] pci 0000:02:00.0: reg 0x20: [mem 0x00000000-0x00003fff 64bit pref]
[    3.597745] PCI: bus2: Fast back to back transfers disabled
[    3.603398] pci_bus 0000:02: busn_res: [bus 02-ff] end is updated to 02
[    3.610105] pci 0000:00:01.0: BAR 8: assigned [mem 0x13000000-0x130fffff]
[    3.616973] pci 0000:00:02.0: BAR 8: assigned [mem 0x13100000-0x131fffff]
[    3.623842] pci 0000:00:02.0: BAR 9: assigned [mem 0x20000000-0x200fffff 64bit pref]
[    3.631790] mmc1: new high speed SDHC card at address aaaa
[    3.637828] mmcblk1: mmc1:aaaa SD04G 3.69 GiB 
[    3.642893] pci 0000:00:02.0: BAR 7: assigned [io  0x1000-0x1fff]
[    3.649065] pci 0000:01:00.0: BAR 0: assigned [mem 0x13000000-0x13001fff 64bit]
[    3.656692] pci 0000:00:01.0: PCI bridge to [bus 01]
[    3.661770] pci 0000:00:01.0:   bridge window [mem 0x13000000-0x130fffff]
[    3.668732] pci 0000:02:00.0: BAR 4: assigned [mem 0x20000000-0x20003fff 64bit pref]
[    3.676597] pci 0000:02:00.0: BAR 2: assigned [mem 0x13100000-0x13100fff 64bit]
[    3.684122] pci 0000:02:00.0: BAR 0: assigned [io  0x1000-0x10ff]
[    3.690292] pci 0000:00:02.0: PCI bridge to [bus 02]
[    3.695456] pci 0000:00:02.0:   bridge window [io  0x1000-0x1fff]
[    3.701660] pci 0000:00:02.0:   bridge window [mem 0x13100000-0x131fffff]
[    3.708688] pci 0000:00:02.0:   bridge window [mem 0x20000000-0x200fffff 64bit pref]
[    3.716575] pci 0000:00:01.0: nv_msi_ht_cap_quirk didn't locate host bridge
[    3.724018] pcieport 0000:00:01.0: enabling device (0140 -> 0142)
[    3.730691] pcieport 0000:00:01.0: Signaling PME with IRQ 395
[    3.736948] pci 0000:00:02.0: nv_msi_ht_cap_quirk didn't locate host bridge
[    3.744289] pcieport 0000:00:02.0: enabling device (0140 -> 0143)
[    3.750703]  mmcblk1: p1 p2 p3
[    3.754296] pcieport 0000:00:02.0: Signaling PME with IRQ 396
[    3.761606] r8169 Gigabit Ethernet driver 2.3LK-NAPI loaded
[    3.767229] r8169 0000:02:00.0: enabling device (0140 -> 0143)
[    3.773139] r8169 0000:02:00.0 (unnamed net_device) (uninitialized): not PCI Express
[    3.803017] r8169 0000:02:00.0 eth0: RTL8168g/8111g at 0x25725027, 00:04:4b:3a:d9:81, XID 0c000800 IRQ 22
[    3.812625] r8169 0000:02:00.0 eth0: jumbo features [frames: 9200 bytes, tx checksumming: ko]
[    3.824772] +1.05V_RUN_AVDD_HDMI_PLL: supplied by +1.05V_RUN
[    3.834156] [drm] Supports vblank timestamp caching Rev 2 (21.10.2013).
[    3.840782] [drm] No driver support for vblank timestamp query.
[    3.974576] tegra-hdmi 54280000.hdmi: cannot set audio to 48000 Hz at 297000000 Hz pixel clock
[    4.221258] Console: switching to colour frame buffer device 512x135
[    4.317233] drm drm: fb0:  frame buffer device
[    4.321774] [drm] Initialized tegra 0.0.0 20120330 for drm on minor 0
[    4.329032] iommu: Adding device cpufreq-dt.0 to group 77
[    4.334754] cpufreq: cpufreq_online: CPU0: Running at unlisted freq: 696000 KHz
[    4.342100] cpufreq: cpufreq_online: CPU0: Unlisted initial frequency changed to: 714000 KHz
[    4.351144] input: gpio-keys as /devices/soc0/gpio-keys/input/input2
[    4.358246] as3722-rtc as3722-rtc: setting system clock to 2000-01-01 00:03:00 UTC (946684980)
[    4.367076] cfg80211: Loading compiled-in X.509 certificates for regulatory database
[    4.376762] cfg80211: Loaded X.509 cert 'sforshee: 00b28ddf47aef9cea7'
[    4.383421] platform regulatory.0: Direct firmware load for regulatory.db failed with error -2
[    4.392104] cfg80211: failed to load regulatory.db
[    4.397137] +USB0_VBUS_SW: disabling
[    4.400711] +1.8V_RUN_CAM: disabling
[    4.404456] +2.8V_RUN_CAM: disabling
[    4.408140] +1.2V_RUN_CAM_FRONT: disabling
[    4.412393] +1.05V_RUN_CAM_REAR: disabling
[    4.416602] +3.3V_RUN_TOUCH: disabling
[    4.420457] +2.8V_RUN_CAM_AF: disabling
[    4.424474] +1.8V_RUN_VPP_FUSE: disabling
[    4.428597] ALSA device list:
[    4.431587]   #0: tegra-hda at 0x70038000 irq 346
[    4.436289]   #1: NVIDIA Tegra Jetson TK1
[    4.440982] EXT4-fs (mmcblk0p1): mounting ext3 file system using the ext4 subsystem
[    4.470660] EXT4-fs (mmcblk0p1): recovery complete
[    4.476288] EXT4-fs (mmcblk0p1): mounted filesystem with ordered data mode. Opts: (null)
[    4.484455] VFS: Mounted root (ext3 filesystem) on device 179:1.
[    4.495305] devtmpfs: mounted
[    4.498798] Freeing unused kernel memory: 1024K
bash: cannot set terminal process group (-1): Inappropriate ioctl for device
bash: no job control in this shell
root@(none):/# mount -t sysfs none /sys
root@(none):/# 
root@(none):/# mount -t debugfs none /sys/kernel/debug
root@(none):/# 
root@(none):/# rtcwake -d rtc1 -m mem -s 3
rtcwake: assuming RTC uses UTC ...
rtcwake: wakeup from "mem" using /dev/rtc1 at Thu Jan  1 00:00:20 1970
[    7.331512] PM: suspend entry (deep)
[    7.335102] PM: Syncing filesystems ... done.
[    7.343228] Freezing user space processes ... (elapsed 0.001 seconds) done.
[    7.344467] OOM killer disabled.
[    7.344469] Freezing remaining freezable tasks ... (elapsed 0.001 seconds) done.
[    7.345720] Suspending console(s) (use no_console_suspend to debug)
[    7.697495] Disabling non-boot CPUs ...
[    7.881411] IRQ17 no longer affine to CPU3
[    7.882590] Entering suspend state LP1
[    7.882616] Enabling non-boot CPUs ...
[    7.883518] CPU1 is up
[    7.884332] CPU2 is up
[    7.885209] CPU3 is up
[    7.885883] pcieport 0000:00:01.0: nv_msi_ht_cap_quirk didn't locate host bridge
[    7.885885] pcieport 0000:00:02.0: nv_msi_ht_cap_quirk didn't locate host bridge
[    7.941610] tegra-hdmi 54280000.hdmi: cannot set audio to 48000 Hz at 297000000 Hz pixel clock
[    8.233871] ata1: SATA link down (SStatus 0 SControl 300)
[   10.913142] OOM killer enabled.
[   10.916274] Restarting tasks ... done.
root@(none):/# 
[   10.981096] PM: suspend exit
root@(none):/# rtcwake -d rtc1 -m mem -s 3
rtcwake: assuming RTC uses UTC ...
rtcwake: wakeup from "mem" using /dev/rtc1 at Thu Jan  1 00:00:27 1970
[   11.538960] PM: suspend entry (deep)
[   11.542721] PM: Syncing filesystems ... done.
[   11.548037] Freezing user space processes ... (elapsed 0.001 seconds) done.
[   11.549261] OOM killer disabled.
[   11.549263] Freezing remaining freezable tasks ... (elapsed 0.001 seconds) done.
[   11.550508] Suspending console(s) (use no_console_suspend to debug)
[   11.663239] pci_generic_config_write32: 78 callbacks suppressed
[   11.663250] pci_bus 0000:00: 2-byte config write to 0000:00:02.0 offset 0x9c may corrupt adjacent RW1C bits
[   11.663276] pci_bus 0000:00: 2-byte config write to 0000:00:01.0 offset 0x9c may corrupt adjacent RW1C bits
[   11.875989] Disabling non-boot CPUs ...
[   12.022147] Entering suspend state LP1
[   12.022174] Enabling non-boot CPUs ...
[   12.023088] CPU1 is up
[   12.023911] CPU2 is up
[   12.024785] CPU3 is up
[   12.025287] pci_bus 0000:00: 2-byte config write to 0000:00:02.0 offset 0x4c may corrupt adjacent RW1C bits
[   12.025295] pci_bus 0000:00: 2-byte config write to 0000:00:01.0 offset 0x4c may corrupt adjacent RW1C bits
[   12.025308] pci_bus 0000:00: 2-byte config write to 0000:00:02.0 offset 0x88 may corrupt adjacent RW1C bits
[   12.025314] pci_bus 0000:00: 2-byte config write to 0000:00:01.0 offset 0x88 may corrupt adjacent RW1C bits
[   12.025320] pci_bus 0000:00: 2-byte config write to 0000:00:02.0 offset 0x90 may corrupt adjacent RW1C bits
[   12.025325] pci_bus 0000:00: 2-byte config write to 0000:00:01.0 offset 0x90 may corrupt adjacent RW1C bits
[   12.025331] pci_bus 0000:00: 2-byte config write to 0000:00:02.0 offset 0x98 may corrupt adjacent RW1C bits
[   12.025336] pci_bus 0000:00: 2-byte config write to 0000:00:01.0 offset 0x98 may corrupt adjacent RW1C bits
[   12.025444] pcieport 0000:00:01.0: nv_msi_ht_cap_quirk didn't locate host bridge
[   12.025446] pcieport 0000:00:02.0: nv_msi_ht_cap_quirk didn't locate host bridge
[   12.071538] tegra-hdmi 54280000.hdmi: cannot set audio to 48000 Hz at 297000000 Hz pixel clock
[   12.373866] ata1: SATA link down (SStatus 0 SControl 300)
[   15.162179] OOM killer enabled.
[   15.165307] Restarting tasks ... done.
root@(none):/# 
root@(none):/# [   15.169673] PM: suspend exit
rtcwake -d rtc1 -m mem -s 3
rtcwake: assuming RTC uses UTC ...
rtcwake: wakeup from "mem" using /dev/rtc1 at Thu Jan  1 00:00:34 1970
[   15.678392] PM: suspend entry (deep)
[   15.682164] PM: Syncing filesystems ... done.
[   15.688022] Freezing user space processes ... (elapsed 0.001 seconds) done.
[   15.689336] OOM killer disabled.
[   15.689339] Freezing remaining freezable tasks ... (elapsed 0.001 seconds) done.
[   15.690681] Suspending console(s) (use no_console_suspend to debug)
[   16.048407] Disabling non-boot CPUs ...
[   16.231422] IRQ17 no longer affine to CPU3
[   16.232735] Entering suspend state LP1
[   16.232761] Enabling non-boot CPUs ...
[   16.233712] CPU1 is up
[   16.234547] CPU2 is up
[   16.235443] CPU3 is up
[   16.236138] pcieport 0000:00:01.0: nv_msi_ht_cap_quirk didn't locate host bridge
[   16.236140] pcieport 0000:00:02.0: nv_msi_ht_cap_quirk didn't locate host bridge
[   16.281508] tegra-hdmi 54280000.hdmi: cannot set audio to 48000 Hz at 297000000 Hz pixel clock
[   16.583844] ata1: SATA link down (SStatus 0 SControl 300)
[   19.273039] OOM killer enabled.
[   19.276168] Restarting tasks ... done.
root@(none):/# 
root@(none):/# [   19.280682] PM: suspend exit
rtcwake -d rtc1 -m mem -s 3
rtcwake: assuming RTC uses UTC ...
rtcwake: wakeup from "mem" using /dev/rtc1 at Thu Jan  1 00:00:41 1970
[   19.888069] PM: suspend entry (deep)
[   19.891808] PM: Syncing filesystems ... done.
[   19.897062] Freezing user space processes ... (elapsed 0.001 seconds) done.
[   19.898336] OOM killer disabled.
[   19.898339] Freezing remaining freezable tasks ... (elapsed 0.001 seconds) done.
[   19.899637] Suspending console(s) (use no_console_suspend to debug)
[   20.003195] pci_generic_config_write32: 46 callbacks suppressed
[   20.003205] pci_bus 0000:00: 2-byte config write to 0000:00:02.0 offset 0x9c may corrupt adjacent RW1C bits
[   20.003221] pci_bus 0000:00: 2-byte config write to 0000:00:01.0 offset 0x9c may corrupt adjacent RW1C bits
[   20.216416] Disabling non-boot CPUs ...
[   20.392083] Entering suspend state LP1
[   20.392110] Enabling non-boot CPUs ...
[   20.393070] CPU1 is up
[   20.393910] CPU2 is up
[   20.394812] CPU3 is up
[   20.395392] pci_bus 0000:00: 2-byte config write to 0000:00:01.0 offset 0x4c may corrupt adjacent RW1C bits
[   20.395406] pci_bus 0000:00: 2-byte config write to 0000:00:01.0 offset 0x88 may corrupt adjacent RW1C bits
[   20.395416] pci_bus 0000:00: 2-byte config write to 0000:00:01.0 offset 0x90 may corrupt adjacent RW1C bits
[   20.395422] pci_bus 0000:00: 2-byte config write to 0000:00:01.0 offset 0x98 may corrupt adjacent RW1C bits
[   20.395429] pci_bus 0000:00: 2-byte config write to 0000:00:01.0 offset 0x9c may corrupt adjacent RW1C bits
[   20.395437] pci_bus 0000:00: 2-byte config write to 0000:00:02.0 offset 0x4c may corrupt adjacent RW1C bits
[   20.395442] pci_bus 0000:00: 2-byte config write to 0000:00:01.0 offset 0xa8 may corrupt adjacent RW1C bits
[   20.395448] pci_bus 0000:00: 2-byte config write to 0000:00:01.0 offset 0xb0 may corrupt adjacent RW1C bits
[   20.395553] pcieport 0000:00:01.0: nv_msi_ht_cap_quirk didn't locate host bridge
[   20.395556] pcieport 0000:00:02.0: nv_msi_ht_cap_quirk didn't locate host bridge
[   20.441504] tegra-hdmi 54280000.hdmi: cannot set audio to 48000 Hz at 297000000 Hz pixel clock
[   20.743875] ata1: SATA link down (SStatus 0 SControl 300)
[   23.522174] OOM killer enabled.
[   23.525304] Restarting tasks ... done.
root@(none):/# 
root@(none):/# [   23.529782] PM: suspend exit
rtcwake -d rtc1 -m mem -s 3
rtcwake: assuming RTC uses UTC ...
rtcwake: wakeup from "mem" using /dev/rtc1 at Thu Jan  1 00:00:48 1970
[   24.060477] PM: suspend entry (deep)
[   24.064130] PM: Syncing filesystems ... done.
[   24.071116] Freezing user space processes ... (elapsed 0.001 seconds) done.
[   24.072593] OOM killer disabled.
[   24.072599] Freezing remaining freezable tasks ... (elapsed 0.001 seconds) done.
[   24.074102] Suspending console(s) (use no_console_suspend to debug)
[   24.375582] Disabling non-boot CPUs ...
[   24.551200] IRQ17 no longer affine to CPU3
[   24.551861] Entering suspend state LP1
[   24.551888] Enabling non-boot CPUs ...
[   24.552850] CPU1 is up
[   24.553692] CPU2 is up
[   24.554590] CPU3 is up
[   24.555255] pcieport 0000:00:01.0: nv_msi_ht_cap_quirk didn't locate host bridge
[   24.555257] pcieport 0000:00:02.0: nv_msi_ht_cap_quirk didn't locate host bridge
[   24.611451] tegra-hdmi 54280000.hdmi: cannot set audio to 48000 Hz at 297000000 Hz pixel clock
[   24.903884] ata1: SATA link down (SStatus 0 SControl 300)
[   27.582967] OOM killer enabled.
[   27.586099] Restarting tasks ... done.
root@(none):/# 
root@(none):/# [   27.590416] PM: suspend exit
rtcwake -d rtc1 -m mem -s 3
rtcwake: assuming RTC uses UTC ...
rtcwake: wakeup from "mem" using /dev/rtc1 at Thu Jan  1 00:00:55 1970
[   28.207537] PM: suspend entry (deep)
[   28.211313] PM: Syncing filesystems ... done.
[   28.217066] Freezing user space processes ... (elapsed 0.001 seconds) done.
[   28.218436] OOM killer disabled.
[   28.218439] Freezing remaining freezable tasks ... (elapsed 0.001 seconds) done.
[   28.219825] Suspending console(s) (use no_console_suspend to debug)
[   28.376453] pci_generic_config_write32: 46 callbacks suppressed
[   28.376467] pci_bus 0000:00: 2-byte config write to 0000:00:01.0 offset 0x9c may corrupt adjacent RW1C bits
[   28.377547] pci_bus 0000:00: 2-byte config write to 0000:00:02.0 offset 0x9c may corrupt adjacent RW1C bits
[   28.588573] Disabling non-boot CPUs ...
[   28.711446] IRQ17 no longer affine to CPU2
[   28.762400] Entering suspend state LP1
[   28.762427] Enabling non-boot CPUs ...
[   28.763387] CPU1 is up
[   28.764224] CPU2 is up
[   28.765126] CPU3 is up
[   28.765754] pci_bus 0000:00: 2-byte config write to 0000:00:02.0 offset 0x4c may corrupt adjacent RW1C bits
[   28.765765] pci_bus 0000:00: 2-byte config write to 0000:00:02.0 offset 0x88 may corrupt adjacent RW1C bits
[   28.765771] pci_bus 0000:00: 2-byte config write to 0000:00:02.0 offset 0x90 may corrupt adjacent RW1C bits
[   28.765776] pci_bus 0000:00: 2-byte config write to 0000:00:02.0 offset 0x98 may corrupt adjacent RW1C bits
[   28.765782] pci_bus 0000:00: 2-byte config write to 0000:00:02.0 offset 0x9c may corrupt adjacent RW1C bits
[   28.765788] pci_bus 0000:00: 2-byte config write to 0000:00:02.0 offset 0xa8 may corrupt adjacent RW1C bits
[   28.765794] pci_bus 0000:00: 2-byte config write to 0000:00:02.0 offset 0xb0 may corrupt adjacent RW1C bits
[   28.765802] pci_bus 0000:00: 2-byte config write to 0000:00:01.0 offset 0x4c may corrupt adjacent RW1C bits
[   28.765907] pcieport 0000:00:02.0: nv_msi_ht_cap_quirk didn't locate host bridge
[   28.765910] pcieport 0000:00:01.0: nv_msi_ht_cap_quirk didn't locate host bridge
[   28.811435] tegra-hdmi 54280000.hdmi: cannot set audio to 48000 Hz at 297000000 Hz pixel clock
[   29.113748] ata1: SATA link down (SStatus 0 SControl 300)
[   31.896052] OOM killer enabled.
[   31.899180] Restarting tasks ... done.
root@(none):/# 
root@(none):/# [   31.903504] PM: suspend exit
rtcwake -d rtc1 -m mem -s 3
rtcwake: assuming RTC uses UTC ...
rtcwake: wakeup from "mem" using /dev/rtc1 at Thu Jan  1 00:01:02 1970
[   32.424473] PM: suspend entry (deep)
[   32.428054] PM: Syncing filesystems ... done.
[   32.434456] Freezing user space processes ... (elapsed 0.001 seconds) done.
[   32.435824] OOM killer disabled.
[   32.435828] Freezing remaining freezable tasks ... (elapsed 0.001 seconds) done.
[   32.437210] Suspending console(s) (use no_console_suspend to debug)
[   32.788834] Disabling non-boot CPUs ...
[   32.942365] Entering suspend state LP1
[   32.942392] Enabling non-boot CPUs ...
[   32.943346] CPU1 is up
[   32.944184] CPU2 is up
[   32.945091] CPU3 is up
[   32.945772] pcieport 0000:00:01.0: nv_msi_ht_cap_quirk didn't locate host bridge
[   32.945789] pcieport 0000:00:02.0: nv_msi_ht_cap_quirk didn't locate host bridge
[   32.991421] tegra-hdmi 54280000.hdmi: cannot set audio to 48000 Hz at 297000000 Hz pixel clock
[   33.293835] ata1: SATA link down (SStatus 0 SControl 300)
[   35.968627] OOM killer enabled.
[   35.971788] Restarting tasks ... done.
root@(none):/# 
root@(none):/# [   35.976020] PM: suspend exit
rtcwake -d rtc1 -m mem -s 3
rtcwake: assuming RTC uses UTC ...
rtcwake: wakeup from "mem" using /dev/rtc1 at Thu Jan  1 00:01:09 1970
[   36.607751] PM: suspend entry (deep)
[   36.611533] PM: Syncing filesystems ... done.
[   36.617253] Freezing user space processes ... (elapsed 0.001 seconds) done.
[   36.618625] OOM killer disabled.
[   36.618629] Freezing remaining freezable tasks ... (elapsed 0.001 seconds) done.
[   36.620010] Suspending console(s) (use no_console_suspend to debug)
[   36.756310] pci_generic_config_write32: 46 callbacks suppressed
[   36.756325] pci_bus 0000:00: 2-byte config write to 0000:00:02.0 offset 0x9c may corrupt adjacent RW1C bits
[   36.756379] pci_bus 0000:00: 2-byte config write to 0000:00:01.0 offset 0x9c may corrupt adjacent RW1C bits
[   36.967484] Disabling non-boot CPUs ...
[   37.122375] Entering suspend state LP1
[   37.122402] Enabling non-boot CPUs ...
[   37.123359] CPU1 is up
[   37.124193] CPU2 is up
[   37.125098] CPU3 is up
[   37.125656] pci_bus 0000:00: 2-byte config write to 0000:00:01.0 offset 0x4c may corrupt adjacent RW1C bits
[   37.125666] pci_bus 0000:00: 2-byte config write to 0000:00:02.0 offset 0x4c may corrupt adjacent RW1C bits
[   37.125677] pci_bus 0000:00: 2-byte config write to 0000:00:01.0 offset 0x88 may corrupt adjacent RW1C bits
[   37.125683] pci_bus 0000:00: 2-byte config write to 0000:00:01.0 offset 0x90 may corrupt adjacent RW1C bits
[   37.125690] pci_bus 0000:00: 2-byte config write to 0000:00:02.0 offset 0x88 may corrupt adjacent RW1C bits
[   37.125695] pci_bus 0000:00: 2-byte config write to 0000:00:01.0 offset 0x98 may corrupt adjacent RW1C bits
[   37.125701] pci_bus 0000:00: 2-byte config write to 0000:00:02.0 offset 0x90 may corrupt adjacent RW1C bits
[   37.125707] pci_bus 0000:00: 2-byte config write to 0000:00:01.0 offset 0x9c may corrupt adjacent RW1C bits
[   37.125814] pcieport 0000:00:02.0: nv_msi_ht_cap_quirk didn't locate host bridge
[   37.125816] pcieport 0000:00:01.0: nv_msi_ht_cap_quirk didn't locate host bridge
[   37.171375] tegra-hdmi 54280000.hdmi: cannot set audio to 48000 Hz at 297000000 Hz pixel clock
[   37.473814] ata1: SATA link down (SStatus 0 SControl 300)
[   40.251999] OOM killer enabled.
[   40.255127] Restarting tasks ... done.
root@(none):/# 
root@(none):/# [   40.259417] PM: suspend exit
rtcwake -d rtc1 -m mem -s 3
rtcwake: assuming RTC uses UTC ...
rtcwake: wakeup from "mem" using /dev/rtc1 at Thu Jan  1 00:01:16 1970
[   40.778068] PM: suspend entry (deep)
[   40.781827] PM: Syncing filesystems ... done.
[   40.787314] Freezing user space processes ... (elapsed 0.001 seconds) done.
[   40.788595] OOM killer disabled.
[   40.788598] Freezing remaining freezable tasks ... (elapsed 0.001 seconds) done.
[   40.789899] Suspending console(s) (use no_console_suspend to debug)
[   41.106675] Disabling non-boot CPUs ...
[   41.251934] Entering suspend state LP1
[   41.251961] Enabling non-boot CPUs ...
[   41.252920] CPU1 is up
[   41.253762] CPU2 is up
[   41.254672] CPU3 is up
[   41.255314] pcieport 0000:00:02.0: nv_msi_ht_cap_quirk didn't locate host bridge
[   41.255343] pcieport 0000:00:01.0: nv_msi_ht_cap_quirk didn't locate host bridge
[   41.311341] tegra-hdmi 54280000.hdmi: cannot set audio to 48000 Hz at 297000000 Hz pixel clock
[   41.603794] ata1: SATA link down (SStatus 0 SControl 300)
[   44.278655] OOM killer enabled.
[   44.281800] Restarting tasks ... done.
root@(none):/# 
root@(none):/# [   44.286295] PM: suspend exit
rtcwake -d rtc1 -m mem -s 3
rtcwake: assuming RTC uses UTC ...
rtcwake: wakeup from "mem" using /dev/rtc1 at Thu Jan  1 00:01:23 1970
[   44.918277] PM: suspend entry (deep)
[   44.922056] PM: Syncing filesystems ... done.
[   44.927779] Freezing user space processes ... (elapsed 0.001 seconds) done.
[   44.929152] OOM killer disabled.
[   44.929156] Freezing remaining freezable tasks ... (elapsed 0.001 seconds) done.
[   44.930540] Suspending console(s) (use no_console_suspend to debug)
[   45.076223] pci_generic_config_write32: 46 callbacks suppressed
[   45.076236] pci_bus 0000:00: 2-byte config write to 0000:00:02.0 offset 0x9c may corrupt adjacent RW1C bits
[   45.076281] pci_bus 0000:00: 2-byte config write to 0000:00:01.0 offset 0x9c may corrupt adjacent RW1C bits
[   45.288340] Disabling non-boot CPUs ...
[   45.442578] Entering suspend state LP1
[   45.442605] Enabling non-boot CPUs ...
[   45.443563] CPU1 is up
[   45.444406] CPU2 is up
[   45.445306] CPU3 is up
[   45.445881] pci_bus 0000:00: 2-byte config write to 0000:00:01.0 offset 0x4c may corrupt adjacent RW1C bits
[   45.445889] pci_bus 0000:00: 2-byte config write to 0000:00:02.0 offset 0x4c may corrupt adjacent RW1C bits
[   45.445901] pci_bus 0000:00: 2-byte config write to 0000:00:01.0 offset 0x88 may corrupt adjacent RW1C bits
[   45.445907] pci_bus 0000:00: 2-byte config write to 0000:00:02.0 offset 0x88 may corrupt adjacent RW1C bits
[   45.445913] pci_bus 0000:00: 2-byte config write to 0000:00:01.0 offset 0x90 may corrupt adjacent RW1C bits
[   45.445919] pci_bus 0000:00: 2-byte config write to 0000:00:02.0 offset 0x90 may corrupt adjacent RW1C bits
[   45.445924] pci_bus 0000:00: 2-byte config write to 0000:00:01.0 offset 0x98 may corrupt adjacent RW1C bits
[   45.445930] pci_bus 0000:00: 2-byte config write to 0000:00:02.0 offset 0x98 may corrupt adjacent RW1C bits
[   45.446037] pcieport 0000:00:02.0: nv_msi_ht_cap_quirk didn't locate host bridge
[   45.446039] pcieport 0000:00:01.0: nv_msi_ht_cap_quirk didn't locate host bridge
[   45.501352] tegra-hdmi 54280000.hdmi: cannot set audio to 48000 Hz at 297000000 Hz pixel clock
[   45.793765] ata1: SATA link down (SStatus 0 SControl 300)
[   48.571929] OOM killer enabled.
[   48.575058] Restarting tasks ... done.
root@(none):/# 
root@(none):/# [   48.579562] PM: suspend exit
NVTB SYSTEM SUSPEND TEST COMPLETE
