

U-Boot 2015.04-00466-gedec83e90172 (Mar 14 2016 - 10:42:01)

TEGRA124
Model: Acer Chromebook 13 CB5-311
DRAM:  4 GiB
:   Tegra SD/MMC: 0, Tegra SD/MMC: 1, Tegra SD/MMC: 2
MMC init failed
Using default environment

In:    serial
Out:   serial
Err:   serial
Net:   Net Initialization Skipped
No ethernet found.
Hit any key to stop autoboot:  2  0 
Tegra124 (Nyan-big) # 
Tegra124 (Nyan-big) # usb start
starting USB...
USB0:   USB EHCI 1.10
scanning bus 0 for devices... 2 USB Device(s) found
USB1:   USB EHCI 1.10
scanning bus 1 for devices... 2 USB Device(s) found
       scanning usb for storage devices... 1 Storage Device(s) found
       scanning usb for ethernet devices... 
Warning: asx0 using MAC address from net device
1 Ethernet Device(s) found
Tegra124 (Nyan-big) # mw 0x7000e4a0 0x00080000
Tegra124 (Nyan-big) # setenv bootargs 'ignore_loglevel console=ttyS0,115200n8 rw root=PARTUUID=4d36e82a-b3c0-4b4b-bfcd-afe5217ac023 rootwait gpt debug noinitrd earlyprintk init=/bin/bash'
Tegra124 (Nyan-big) # setenv ipaddr 192.168.100.102; setenv serverip 192.168.100.1; setenv tftpserverip 192.168.100.1
Tegra124 (Nyan-big) # tftpboot 0x82000000 zImage.multi_v7_defconfig
Using asx0 device
TFTP from server 192.168.100.1; our IP address is 192.168.100.102
Filename 'zImage.multi_v7_defconfig'.
Load address: 0x82000000
Loading: *#################################################################
	 #################################################################
	 #################################################################
	 #################################################################
	 #################################################################
	 #################################################################
	 #################################################################
	 #################################################################
	 ####################
	 3.5 MiB/s
done
Bytes transferred = 7917584 (78d010 hex)
Tegra124 (Nyan-big) # tftpboot 0x83000000 tegra124-nyan-big.dtb
Using asx0 device
TFTP from server 192.168.100.1; our IP address is 192.168.100.102
Filename 'tegra124-nyan-big.dtb'.
Load address: 0x83000000
Loading: *#####
	 3.4 MiB/s
done
Bytes transferred = 68155 (10a3b hex)
Tegra124 (Nyan-big) # bootz 0x82000000 - 0x83000000
Kernel image @ 0x82000000 [ 0x000000 - 0x78d010 ]
## Flattened Device Tree blob at 83000000
   Booting using the fdt blob at 0x83000000
   Using Device Tree in place at 83000000, end 83013a3a

Starting kernel ...

[    0.000000] Booting Linux on physical CPU 0x0
[    0.000000] Linux version 4.12.0-rc5-172302-g32c1431 (jonathanh@sellafield) (gcc version 4.7.3 20130328 (prerelease) (crosstool-NG linaro-1.13.1-4.7-2013.04-20130415 - Linaro GCC 2013.04) ) #1 SMP Sun Jun 11 17:05:53 PDT 2017
[    0.000000] CPU: ARMv7 Processor [413fc0f3] revision 3 (ARMv7), cr=10c5387d
[    0.000000] CPU: div instructions available: patching division code
[    0.000000] CPU: PIPT / VIPT nonaliasing data cache, PIPT instruction cache
[    0.000000] OF: fdt: Machine model: Acer Chromebook 13 CB5-311
[    0.000000] OF: fdt: Ignoring memory range 0x100000000 - 0x17ffff000
[    0.000000] debug: ignoring loglevel setting.
[    0.000000] Memory policy: Data cache writealloc
[    0.000000] efi: Getting EFI parameters from FDT:
[    0.000000] efi: UEFI not found.
[    0.000000] cma: Reserved 64 MiB at 0xfb800000
[    0.000000] On node 0 totalpages: 524287
[    0.000000] free_area_init_node: node 0, pgdat c157fd00, node_mem_map eeff8000
[    0.000000]   DMA zone: 1536 pages used for memmap
[    0.000000]   DMA zone: 0 pages reserved
[    0.000000]   DMA zone: 196608 pages, LIFO batch:31
[    0.000000]   HighMem zone: 327679 pages, LIFO batch:31
[    0.000000] percpu: Embedded 17 pages/cpu @eef81000 s39168 r8192 d22272 u69632
[    0.000000] pcpu-alloc: s39168 r8192 d22272 u69632 alloc=17*4096
[    0.000000] pcpu-alloc: [0] 0 [0] 1 [0] 2 [0] 3 
[    0.000000] Built 1 zonelists in Zone order, mobility grouping on.  Total pages: 522751
[    0.000000] Kernel command line: ignore_loglevel console=ttyS0,115200n8 rw root=PARTUUID=4d36e82a-b3c0-4b4b-bfcd-afe5217ac023 rootwait gpt debug noinitrd earlyprintk init=/bin/bash
[    0.000000] PID hash table entries: 4096 (order: 2, 16384 bytes)
[    0.000000] Dentry cache hash table entries: 131072 (order: 7, 524288 bytes)
[    0.000000] Inode-cache hash table entries: 65536 (order: 6, 262144 bytes)
[    0.000000] Memory: 1994436K/2097148K available (10240K kernel code, 1566K rwdata, 4388K rodata, 2048K init, 409K bss, 37176K reserved, 65536K cma-reserved, 1245180K highmem)
[    0.000000] Virtual kernel memory layout:
[    0.000000]     vector  : 0xffff0000 - 0xffff1000   (   4 kB)
[    0.000000]     fixmap  : 0xffc00000 - 0xfff00000   (3072 kB)
[    0.000000]     vmalloc : 0xf0800000 - 0xff800000   ( 240 MB)
[    0.000000]     lowmem  : 0xc0000000 - 0xf0000000   ( 768 MB)
[    0.000000]     pkmap   : 0xbfe00000 - 0xc0000000   (   2 MB)
[    0.000000]     modules : 0xbf000000 - 0xbfe00000   (  14 MB)
[    0.000000]       .text : 0xc0208000 - 0xc0d00000   (11232 kB)
[    0.000000]       .init : 0xc1200000 - 0xc1400000   (2048 kB)
[    0.000000]       .data : 0xc1400000 - 0xc1587970   (1567 kB)
[    0.000000]        .bss : 0xc1590ce0 - 0xc15f7498   ( 410 kB)
[    0.000000] SLUB: HWalign=64, Order=0-3, MinObjects=0, CPUs=4, Nodes=1
[    0.000000] Hierarchical RCU implementation.
[    0.000000] 	RCU debugfs-based tracing is enabled.
[    0.000000] 	RCU restricting CPUs from NR_CPUS=16 to nr_cpu_ids=4.
[    0.000000] RCU: Adjusting geometry for rcu_fanout_leaf=16, nr_cpu_ids=4
[    0.000000] NR_IRQS:16 nr_irqs:16 16
[    0.000000] /interrupt-controller@60004000: 160 interrupts forwarded to /interrupt-controller@50041000
[    0.000000] Tegra clk 127: register failed with -17
[    0.000004] sched_clock: 32 bits at 1000kHz, resolution 1000ns, wraps every 2147483647500ns
[    0.000011] clocksource: timer_us: mask: 0xffffffff max_cycles: 0xffffffff, max_idle_ns: 1911260446275 ns
[    0.000017] Switching to timer-based delay loop, resolution 1000ns
[    0.001692] arch_timer: cp15 timer(s) running at 12.00MHz (virt).
[    0.001698] clocksource: arch_sys_counter: mask: 0xffffffffffffff max_cycles: 0x2c47f4ee7, max_idle_ns: 440795202497 ns
[    0.001705] sched_clock: 56 bits at 12MHz, resolution 83ns, wraps every 4398046511096ns
[    0.001710] Switching to timer-based delay loop, resolution 83ns
[    0.001928] Console: colour dummy device 80x30
[    0.001941] Calibrating delay loop (skipped), value calculated using timer frequency.. 24.00 BogoMIPS (lpj=120000)
[    0.001948] pid_max: default: 32768 minimum: 301
[    0.001986] Mount-cache hash table entries: 2048 (order: 1, 8192 bytes)
[    0.001991] Mountpoint-cache hash table entries: 2048 (order: 1, 8192 bytes)
[    0.002196] CPU: Testing write buffer coherency: ok
[    0.002316] /cpus/cpu@0 missing clock-frequency property
[    0.002332] /cpus/cpu@1 missing clock-frequency property
[    0.002346] /cpus/cpu@2 missing clock-frequency property
[    0.002361] /cpus/cpu@3 missing clock-frequency property
[    0.002367] CPU0: thread -1, cpu 0, socket 0, mpidr 80000000
[    0.002481] Setting up static identity map for 0x80300000 - 0x803000a0
[    0.003820] Tegra Revision: A01 SKU: 131 CPU Process: 1 SoC Process: 1
[    0.004079] EFI services will not be available.
[    0.004170] smp: Bringing up secondary CPUs ...
[    0.004461] CPU1: thread -1, cpu 1, socket 0, mpidr 80000001
[    0.011940] CPU2: thread -1, cpu 2, socket 0, mpidr 80000002
[    0.021943] CPU3: thread -1, cpu 3, socket 0, mpidr 80000003
[    0.031667] smp: Brought up 1 node, 4 CPUs
[    0.031675] SMP: Total of 4 processors activated (96.00 BogoMIPS).
[    0.031679] CPU: All CPU(s) started in SVC mode.
[    0.032221] devtmpfs: initialized
[    0.037920] VFP support v0.3: implementor 41 architecture 4 part 30 variant f rev 0
[    0.038110] clocksource: jiffies: mask: 0xffffffff max_cycles: 0xffffffff, max_idle_ns: 19112604462750000 ns
[    0.038119] futex hash table entries: 1024 (order: 4, 65536 bytes)
[    0.038680] pinctrl core: initialized pinctrl subsystem
[    0.039441] NET: Registered protocol family 16
[    0.040200] DMA: preallocated 256 KiB pool for atomic coherent allocations
[    0.041081] cpuidle: using governor menu
[    0.049927] No ATAGs?
[    0.049982] hw-breakpoint: found 5 (+1 reserved) breakpoint and 4 watchpoint registers.
[    0.049988] hw-breakpoint: maximum watchpoint size is 8 bytes.
[    0.052816] Serial: AMBA PL011 UART driver
[    0.053172] tegra-mc 70019000.memory-controller: no memory timings for RAM code 0 registered
[    0.058485] AT91: Could not find identification node
[    0.058690] +5V_SYS: supplied by +VDD_MUX
[    0.058790] +3.3V_SYS: supplied by +VDD_MUX
[    0.059006] +VDD_LED: Failed to request enable GPIO122: -517
[    0.059012] reg-fixed-voltage regulators:regulator@5: Failed to register regulator: -517
[    0.059048] +5V_VDD_TS_SW: Failed to request enable GPIO81: -517
[    0.059053] reg-fixed-voltage regulators:regulator@6: Failed to register regulator: -517
[    0.059085] +5V_USB_HS: Failed to request enable GPIO108: -517
[    0.059090] reg-fixed-voltage regulators:regulator@7: Failed to register regulator: -517
[    0.059123] +5V_USB_SS: Failed to request enable GPIO109: -517
[    0.059128] reg-fixed-voltage regulators:regulator@8: Failed to register regulator: -517
[    0.059218] +1.05V_RUN_AVDD_HDMI_PLL: Failed to request enable GPIO63: -517
[    0.059223] reg-fixed-voltage regulators:regulator@11: Failed to register regulator: -517
[    0.059256] +5V_HDMI_CON: Failed to request enable GPIO86: -517
[    0.059261] reg-fixed-voltage regulators:regulator@12: Failed to register regulator: -517
[    0.060247] vgaarb: loaded
[    0.060519] SCSI subsystem initialized
[    0.060586] libata version 3.00 loaded.
[    0.060676] usbcore: registered new interface driver usbfs
[    0.060696] usbcore: registered new interface driver hub
[    0.060719] usbcore: registered new device driver usb
[    0.062022] pps_core: LinuxPPS API ver. 1 registered
[    0.062026] pps_core: Software ver. 5.3.6 - Copyright 2005-2007 Rodolfo Giometti <giometti@linux.it>
[    0.062035] PTP clock support registered
[    0.062099] EDAC MC: Ver: 3.0.0
[    0.062502] tegra-emc 7001b000.emc: no memory timings for RAM code 0 found in DT
[    0.062512] tegra-emc: probe of 7001b000.emc failed with error -2
[    0.062947] clocksource: Switched to clocksource arch_sys_counter
[    0.083153] NET: Registered protocol family 2
[    0.083354] TCP established hash table entries: 8192 (order: 3, 32768 bytes)
[    0.083388] TCP bind hash table entries: 8192 (order: 4, 65536 bytes)
[    0.083450] TCP: Hash tables configured (established 8192 bind 8192)
[    0.083488] UDP hash table entries: 512 (order: 2, 16384 bytes)
[    0.083503] UDP-Lite hash table entries: 512 (order: 2, 16384 bytes)
[    0.083562] NET: Registered protocol family 1
[    0.083706] RPC: Registered named UNIX socket transport module.
[    0.083709] RPC: Registered udp transport module.
[    0.083712] RPC: Registered tcp transport module.
[    0.083715] RPC: Registered tcp NFSv4.1 backchannel transport module.
[    0.083721] PCI: CLS 0 bytes, default 64
[    0.084269] hw perfevents: enabled with armv7_cortex_a15 PMU driver, 7 counters available
[    0.084970] workingset: timestamp_bits=30 max_order=19 bucket_order=0
[    0.087848] squashfs: version 4.0 (2009/01/31) Phillip Lougher
[    0.088100] NFS: Registering the id_resolver key type
[    0.088111] Key type id_resolver registered
[    0.088114] Key type id_legacy registered
[    0.088131] ntfs: driver 2.1.32 [Flags: R/O].
[    0.088743] bounce: pool size: 64 pages
[    0.088760] Block layer SCSI generic (bsg) driver version 0.4 loaded (major 248)
[    0.088765] io scheduler noop registered
[    0.088768] io scheduler deadline registered
[    0.088779] io scheduler cfq registered (default)
[    0.088782] io scheduler mq-deadline registered
[    0.088786] io scheduler kyber registered
[    0.090638] tegra-xusb-padctl 7009f000.padctl: failed to setup XUSB ports: -517
[    0.100130] tegra-apbdma 60020000.dma: Tegra20 APB DMA driver register 32 channels
[    0.101064] tegra-pmc 7000e400.pmc: i2c-thermtrip node not found, emergency thermal reset disabled.
[    0.119323] Serial: 8250/16550 driver, 4 ports, IRQ sharing disabled
[    0.120359] console [ttyS0] disabled
[    0.120376] 70006000.serial: ttyS0 at MMIO 0x70006000 (irq = 333, base_baud = 25500000) is a Tegra
[    1.005937] console [ttyS0] enabled
[    1.009700] SuperH (H)SCI(F) driver initialized
[    1.014553] msm_serial: driver initialized
[    1.018701] STMicroelectronics ASC driver initialized
[    1.025716] tegra-hdmi 54280000.hdmi: failed to get HDMI regulator
[    1.032240] tegra-dpaux 545c0000.dpaux: failed to get VDD supply: -517
[    1.039620] panel-simple panel: panel supply power not found, using dummy regulator
[    1.050817] brd: module loaded
[    1.056563] loop: module loaded
[    1.060618] as3722 4-0040: AS3722 with revision 0x1 found
[    1.070620] as3722-sd2: supplied by +5V_SYS
[    1.075033] as3722-sd3: supplied by +5V_SYS
[    1.079363] +1.35V_LP0(sd3): Bringing 0uV into 1350000-1350000uV
[    1.085590] as3722-sd4: supplied by +5V_SYS
[    1.089921] +1.05V_RUN: Bringing 0uV into 1050000-1050000uV
[    1.095659] as3722-sd5: supplied by +5V_SYS
[    1.101232] as3722-ldo0: supplied by +1.35V_LP0(sd2)
[    1.106951] +1.8V_RUN_CAM: Bringing 0uV into 1800000-1800000uV
[    1.112966] as3722-ldo2: supplied by +1.8V_VDDIO
[    1.118583] as3722-ldo3: supplied by +3.3V_SYS
[    1.123040] +1.00V_LP0_VDD_RTC: Bringing 1100000uV into 1000000-1000000uV
[    1.130605] as3722-ldo4: supplied by +3.3V_SYS
[    1.135200] +3.3V_RUN_CAM: Bringing 0uV into 2800000-2800000uV
[    1.141204] as3722-ldo5: supplied by +1.8V_VDDIO
[    1.145978] +1.2V_RUN_CAM_FRONT: Bringing 0uV into 1200000-1200000uV
[    1.152658] +VDDIO_SDMMC3: Bringing 0uV into 1800000-1800000uV
[    1.158677] as3722-ldo7: supplied by +1.8V_VDDIO
[    1.163448] +1.05V_RUN_CAM_REAR: Bringing 0uV into 1050000-1050000uV
[    1.169982] as3722-ldo9: supplied by +5V_SYS
[    1.174547] +2.8V_RUN_TOUCH: Bringing 0uV into 2800000-2800000uV
[    1.180737] as3722-ldo10: supplied by +5V_SYS
[    1.185247] +2.8V_RUN_CAM_AF: Bringing 0uV into 2800000-2800000uV
[    1.191674] +1.8V_RUN_VPP_FUSE: Bringing 0uV into 1800000-1800000uV
[    1.204082] random: fast init done
[    1.209926] m25p80 spi32765.0: w25q32dw (4096 Kbytes)
[    1.216006] libphy: Fixed MDIO Bus: probed
[    1.220486] CAN device driver interface
[    1.224632] bgmac_bcma: Broadcom 47xx GBit MAC driver loaded
[    1.230727] e1000e: Intel(R) PRO/1000 Network Driver - 3.2.6-k
[    1.236549] e1000e: Copyright(c) 1999 - 2015 Intel Corporation.
[    1.242471] igb: Intel(R) Gigabit Ethernet Network Driver - version 5.4.0-k
[    1.249420] igb: Copyright (c) 2007-2014 Intel Corporation.
[    1.256173] pegasus: v0.9.3 (2013/04/25), Pegasus/Pegasus II USB Ethernet driver
[    1.263579] usbcore: registered new interface driver pegasus
[    1.269238] usbcore: registered new interface driver asix
[    1.274641] usbcore: registered new interface driver ax88179_178a
[    1.280730] usbcore: registered new interface driver cdc_ether
[    1.286568] usbcore: registered new interface driver smsc75xx
[    1.292313] usbcore: registered new interface driver smsc95xx
[    1.298060] usbcore: registered new interface driver net1080
[    1.303721] usbcore: registered new interface driver cdc_subset
[    1.309635] usbcore: registered new interface driver zaurus
[    1.315217] usbcore: registered new interface driver cdc_ncm
[    1.321510] ehci_hcd: USB 2.0 'Enhanced' Host Controller (EHCI) Driver
[    1.328031] ehci-pci: EHCI PCI platform driver
[    1.332475] ehci-platform: EHCI generic platform driver
[    1.337758] ehci-orion: EHCI orion driver
[    1.341809] SPEAr-ehci: EHCI SPEAr driver
[    1.345858] ehci-st: EHCI STMicroelectronics driver
[    1.350768] ehci-exynos: EHCI EXYNOS driver
[    1.354996] ehci-atmel: EHCI Atmel driver
[    1.359039] tegra-ehci: Tegra EHCI driver
[    1.363102] ohci_hcd: USB 1.1 'Open' Host Controller (OHCI) Driver
[    1.369271] ohci-pci: OHCI PCI platform driver
[    1.373719] ohci-platform: OHCI generic platform driver
[    1.378982] ohci-omap3: OHCI OMAP3 driver
[    1.383031] SPEAr-ohci: OHCI SPEAr driver
[    1.387075] ohci-st: OHCI STMicroelectronics driver
[    1.391984] ohci-atmel: OHCI Atmel driver
[    1.396239] usbcore: registered new interface driver usb-storage
[    1.403068] elan_i2c 1-0015: 1-0015 supply vcc not found, using dummy regulator
[    1.404772] as3722-rtc as3722-rtc: rtc core: registered as3722-rtc as rtc0
[    1.404775] as3722-rtc as3722-rtc: RTC interrupt 372
[    1.407007] tegra_rtc 7000e000.rtc: rtc core: registered 7000e000.rtc as rtc1
[    1.407025] tegra_rtc 7000e000.rtc: Tegra internal Real Time Clock
[    1.407275] i2c /dev entries driver
[    1.410402] lm90 0-004c: 0-004c supply vcc not found, using dummy regulator
[    1.448843] sdhci: Secure Digital Host Controller Interface driver
[    1.455024] sdhci: Copyright(c) Pierre Ossman
[    1.459901] Synopsys Designware Multimedia Card Interface Driver
[    1.466330] sdhci-pltfm: SDHCI platform and OF driver helper
[    1.472254] sdhci-tegra 700b0000.sdhci: allocated mmc-pwrseq
[    1.486054] sdhci-tegra 700b0400.sdhci: Got CD GPIO
[    1.490924] sdhci-tegra 700b0400.sdhci: Got WP GPIO
[    1.511066] mmc0: Unknown controller version (3). You may experience problems.
[    1.518306] mmc0: Invalid maximum block size, assuming 512 bytes
[    1.582954] mmc0: SDHCI controller on 700b0600.sdhci [700b0600.sdhci] using ADMA
[    1.591008] ledtrig-cpu: registered to indicate activity on CPUs
[    1.597189] usbcore: registered new interface driver usbhid
[    1.602752] usbhid: USB HID core driver
[    1.607947] NET: Registered protocol family 10
[    1.612722] Segment Routing with IPv6
[    1.616427] sit: IPv6, IPv4 and MPLS over IPv4 tunneling driver
[    1.622556] NET: Registered protocol family 17
[    1.627003] can: controller area network core (rev 20170425 abi 9)
[    1.633207] NET: Registered protocol family 29
[    1.637643] can: raw protocol (rev 20170425)
[    1.641907] can: broadcast manager protocol (rev 20170425 t)
[    1.647565] can: netlink gateway (rev 20170425) max_hops=1
[    1.653178] Key type dns_resolver registered
[    1.657660] ThumbEE CPU extension supported.
[    1.661927] Registering SWP/SWPB emulation handler
[    1.671173] elan_i2c 1-0015: Elan Touchpad: Module ID: 0x002a, Firmware: 0x0005, Sample: 0x0007, IAP: 0x0009
[    1.674420] +3.3V_RUN: supplied by +3.3V_SYS
[    1.675540] +VDD_LED: supplied by +VDD_MUX
[    1.675662] +3.3V_AVDD_HDMI_AP_GATED: supplied by +3.3V_RUN
[    1.675703] +1.8V_RUN_CAM: supplied by +3.3V_RUN
[    1.675743] +VDDIO_SDMMC3: supplied by +3.3V_RUN
[    1.675781] +1.8V_RUN_VPP_FUSE: supplied by +3.3V_RUN
[    1.675956] +5V_VDD_TS_SW: supplied by +5V_SYS
[    1.676201] +5V_USB_HS: supplied by +5V_SYS
[    1.676658] +5V_USB_SS: supplied by +5V_SYS
[    1.678035] +3.3V_PANEL: supplied by +3.3V_RUN
[    1.679340] +3.3V_LP0: supplied by +3.3V_SYS
[    1.680001] +1.05V_RUN_AVDD_HDMI_PLL: supplied by +1.05V_RUN
[    1.680248] +5V_HDMI_CON: supplied by +5V_SYS
[    1.681130]  usb3-0: usb3-0 supply vbus not found, using dummy regulator
[    1.681190]  usb3-1: usb3-1 supply vbus not found, using dummy regulator
[    1.694513] tegra-sor 54540000.sor: failed to probe output: -517
[    1.695242] panel-simple panel: panel supply power not found, using dummy regulator
[    1.696165] sdhci-tegra 700b0000.sdhci: allocated mmc-pwrseq
[    1.703093] mmc1: Unknown controller version (3). You may experience problems.
[    1.703145] mmc1: Invalid maximum block size, assuming 512 bytes
[    1.703664] mmc1: Switching to 3.3V signalling voltage failed
[    1.722663] mmc0: new high speed MMC card at address 0001
[    1.723397] mmcblk0: mmc0:0001 MMC16G 14.4 GiB 
[    1.723596] mmcblk0boot0: mmc0:0001 MMC16G partition 1 2.00 MiB
[    1.723870] mmcblk0boot1: mmc0:0001 MMC16G partition 2 2.00 MiB
[    1.724323] mmcblk0rpmb: mmc0:0001 MMC16G partition 3 128 KiB
[    1.730141]  mmcblk0: p1 p2 p3 p4 p5 p6 p7 p8 p9 p10 p11 p12
[    1.763075] mmc1: SDHCI controller on 700b0000.sdhci [700b0000.sdhci] using ADMA
[    1.764055] sdhci-tegra 700b0400.sdhci: Got CD GPIO
[    1.764066] sdhci-tegra 700b0400.sdhci: Got WP GPIO
[    1.772686] mmc2: Unknown controller version (3). You may experience problems.
[    1.772741] mmc2: Invalid maximum block size, assuming 512 bytes
[    1.800285] mmc1: new high speed SDIO card at address 0001
[    1.833354] mmc2: SDHCI controller on 700b0400.sdhci [700b0400.sdhci] using ADMA
[    1.839795] input: gpio-keys as /devices/soc0/gpio-keys/input/input0
[    1.842679] as3722-rtc as3722-rtc: setting system clock to 2000-01-01 00:00:22 UTC (946684822)
[    1.843108] +3.3V_AVDD_HDMI_AP_GATED: disabling
[    1.843119] +1.05V_RUN: disabling
[    1.843424] +1.8V_RUN_CAM: disabling
[    1.843731] +3.3V_RUN_CAM: disabling
[    1.844013] +1.2V_RUN_CAM_FRONT: disabling
[    1.844319] +1.05V_RUN_CAM_REAR: disabling
[    1.844603] +2.8V_RUN_TOUCH: disabling
[    1.844846] +2.8V_RUN_CAM_AF: disabling
[    1.844967] +1.8V_RUN_VPP_FUSE: disabling
[    1.845074] +VDD_LED: disabling
[    1.845077] +5V_VDD_TS_SW: disabling
[    1.845081] +5V_USB_HS: disabling
[    1.845085] +5V_USB_SS: disabling
[    1.845087] +3.3V_PANEL: disabling
[    1.845090] +1.05V_RUN_AVDD_HDMI_PLL: disabling
[    1.845093] +5V_HDMI_CON: disabling
[    1.943820] input: Elan Touchpad as /devices/soc0/7000c400.i2c/i2c-1/1-0015/input/input1
[    1.953210] EXT4-fs (mmcblk0p3): couldn't mount as ext3 due to feature incompatibilities
[    1.961747] EXT4-fs (mmcblk0p3): couldn't mount as ext2 due to feature incompatibilities
[    1.974664] mmc2: new high speed SDHC card at address 0007
[    1.980535] mmcblk2: mmc2:0007 SD08G 7.42 GiB 
[    1.995120] GPT:Primary header alternate_lba != Alt. header my_lba
[    2.001292] GPT:3014591 != 15564799
[    2.004801] GPT:Primary header thinks Alt. header is not at the end of the disk.
[    2.012181] GPT:3014591 != 15564799
[    2.015687] GPT: Use GNU Parted to correct GPT errors.
[    2.020838]  mmcblk2: p1 p2 p3 p4 p5 p6 p7 p8 p9 p10 p11 p12
[    2.338436] EXT4-fs (mmcblk0p3): recovery complete
[    2.344149] EXT4-fs (mmcblk0p3): mounted filesystem with ordered data mode. Opts: (null)
[    2.352252] VFS: Mounted root (ext4 filesystem) on device 179:3.
[    2.359005] devtmpfs: mounted
[    2.362678] Freeing unused kernel memory: 2048K
bash: cannot set terminal process group (-1): Inappropriate ioctl for device
bash: no job control in this shell
root@(none):/# mount -t sysfs none /sys
root@(none):/# 
root@(none):/# mount -t debugfs none /sys/kernel/debug
root@(none):/# 
root@(none):/# rtcwake -d rtc1 -m mem -s 3
rtcwake: assuming RTC uses UTC ...
rtcwake: wakeup from "mem" using /dev/rtc1 at Thu Jan  1 00:00:28 1970
[    5.804495] PM: Syncing filesystems ... done.
[    5.810421] Freezing user space processes ... (elapsed 0.001 seconds) done.
[    5.818580] OOM killer disabled.
[    5.821808] Freezing remaining freezable tasks ... (elapsed 0.001 seconds) done.
[    5.830489] Suspending console(s) (use no_console_suspend to debug)
[    5.854947] PM: suspend of devices complete after 17.668 msecs
[    5.856432] PM: late suspend of devices complete after 1.475 msecs
[    5.857378] PM: noirq suspend of devices complete after 0.941 msecs
[    5.857380] Disabling non-boot CPUs ...
[    5.857589] IRQ17 no longer affine to CPU1
[    5.857646] IRQ352 no longer affine to CPU1
[    5.905179] IRQ353 no longer affine to CPU2
[    5.965145] IRQ354 no longer affine to CPU3
[    6.014487] Entering suspend state LP1
[    6.014487] Suspended for 2.964 seconds
[    6.014499] Enabling non-boot CPUs ...
[    6.044527] CPU1 is up
[    6.084380] CPU2 is up
[    6.124598] CPU3 is up
[    6.125069] PM: noirq resume of devices complete after 0.466 msecs
[    6.126438] PM: early resume of devices complete after 1.068 msecs
[    6.282024] mmc1: Switching to 3.3V signalling voltage failed
[    6.362649] PM: resume of devices complete after 236.202 msecs
[    6.444666] OOM killer enabled.
[    6.447795] Restarting tasks ... done.
root@(none):/# 
root@(none):/# rtcwake -d rtc1 -m mem -s 3
rtcwake: assuming RTC uses UTC ...
rtcwake: wakeup from "mem" using /dev/rtc1 at Thu Jan  1 00:00:32 1970
[    6.921743] PM: Syncing filesystems ... done.
[    6.927461] Freezing user space processes ... (elapsed 0.001 seconds) done.
[    6.935530] OOM killer disabled.
[    6.938746] Freezing remaining freezable tasks ... (elapsed 0.001 seconds) done.
[    6.947245] Suspending console(s) (use no_console_suspend to debug)
[    6.970416] PM: suspend of devices complete after 16.457 msecs
[    6.971724] PM: late suspend of devices complete after 1.298 msecs
[    6.972622] PM: noirq suspend of devices complete after 0.893 msecs
[    6.972624] Disabling non-boot CPUs ...
[    6.972883] IRQ352 no longer affine to CPU1
[    7.055035] IRQ353 no longer affine to CPU2
[    7.114812] IRQ354 no longer affine to CPU3
[    7.164693] Entering suspend state LP1
[    7.164693] Suspended for 2.849 seconds
[    7.164705] Enabling non-boot CPUs ...
[    7.194521] CPU1 is up
[    7.234366] CPU2 is up
[    7.274581] CPU3 is up
[    7.275035] PM: noirq resume of devices complete after 0.450 msecs
[    7.276592] PM: early resume of devices complete after 1.256 msecs
[    7.432005] mmc1: Switching to 3.3V signalling voltage failed
[    7.514436] PM: resume of devices complete after 237.833 msecs
[    7.592437] OOM killer enabled.
[    7.595570] Restarting tasks ... done.
root@(none):/# 
root@(none):/# rtcwake -d rtc1 -m mem -s 3
rtcwake: assuming RTC uses UTC ...
rtcwake: wakeup from "mem" using /dev/rtc1 at Thu Jan  1 00:00:36 1970
[    8.070645] PM: Syncing filesystems ... done.
[    8.076337] Freezing user space processes ... (elapsed 0.001 seconds) done.
[    8.084512] OOM killer disabled.
[    8.087728] Freezing remaining freezable tasks ... (elapsed 0.001 seconds) done.
[    8.096231] Suspending console(s) (use no_console_suspend to debug)
[    8.119430] PM: suspend of devices complete after 16.434 msecs
[    8.120690] PM: late suspend of devices complete after 1.252 msecs
[    8.121537] PM: noirq suspend of devices complete after 0.842 msecs
[    8.121540] Disabling non-boot CPUs ...
[    8.121802] IRQ352 no longer affine to CPU1
[    8.204986] IRQ353 no longer affine to CPU2
[    8.264772] IRQ354 no longer affine to CPU3
[    8.314658] Entering suspend state LP1
[    8.314658] Suspended for 2.849 seconds
[    8.314670] Enabling non-boot CPUs ...
[    8.344502] CPU1 is up
[    8.384333] CPU2 is up
[    8.424537] CPU3 is up
[    8.424968] PM: noirq resume of devices complete after 0.427 msecs
[    8.426319] PM: early resume of devices complete after 1.055 msecs
[    8.581978] mmc1: Switching to 3.3V signalling voltage failed
[    8.664366] PM: resume of devices complete after 238.037 msecs
[    8.742359] OOM killer enabled.
[    8.745493] Restarting tasks ... done.
root@(none):/# 
root@(none):/# rtcwake -d rtc1 -m mem -s 3
rtcwake: assuming RTC uses UTC ...
rtcwake: wakeup from "mem" using /dev/rtc1 at Thu Jan  1 00:00:40 1970
[    9.220741] PM: Syncing filesystems ... done.
[    9.226473] Freezing user space processes ... (elapsed 0.001 seconds) done.
[    9.234634] OOM killer disabled.
[    9.237850] Freezing remaining freezable tasks ... (elapsed 0.001 seconds) done.
[    9.246370] Suspending console(s) (use no_console_suspend to debug)
[    9.270249] PM: suspend of devices complete after 17.117 msecs
[    9.271416] PM: late suspend of devices complete after 1.158 msecs
[    9.272299] PM: noirq suspend of devices complete after 0.879 msecs
[    9.272301] Disabling non-boot CPUs ...
[    9.444378] Entering suspend state LP1
[    9.444378] Suspended for 2.870 seconds
[    9.444390] Enabling non-boot CPUs ...
[    9.474472] CPU1 is up
[    9.514303] CPU2 is up
[    9.554525] CPU3 is up
[    9.554959] PM: noirq resume of devices complete after 0.430 msecs
[    9.556187] PM: early resume of devices complete after 0.921 msecs
[    9.711945] mmc1: Switching to 3.3V signalling voltage failed
[    9.794345] PM: resume of devices complete after 238.150 msecs
[    9.859850] OOM killer enabled.
[    9.862984] Restarting tasks ... done.
root@(none):/# 
root@(none):/# rtcwake -d rtc1 -m mem -s 3
rtcwake: assuming RTC uses UTC ...
rtcwake: wakeup from "mem" using /dev/rtc1 at Thu Jan  1 00:00:44 1970
[   10.351725] PM: Syncing filesystems ... done.
[   10.357604] Freezing user space processes ... (elapsed 0.001 seconds) done.
[   10.365777] OOM killer disabled.
[   10.368994] Freezing remaining freezable tasks ... (elapsed 0.001 seconds) done.
[   10.377604] Suspending console(s) (use no_console_suspend to debug)
[   10.400676] PM: suspend of devices complete after 16.310 msecs
[   10.402041] PM: late suspend of devices complete after 1.355 msecs
[   10.403019] PM: noirq suspend of devices complete after 0.974 msecs
[   10.403022] Disabling non-boot CPUs ...
[   10.574367] Entering suspend state LP1
[   10.574367] Suspended for 2.869 seconds
[   10.574378] Enabling non-boot CPUs ...
[   10.604436] CPU1 is up
[   10.644272] CPU2 is up
[   10.684492] CPU3 is up
[   10.684935] PM: noirq resume of devices complete after 0.439 msecs
[   10.686281] PM: early resume of devices complete after 1.034 msecs
[   10.841838] mmc1: Switching to 3.3V signalling voltage failed
[   10.925295] PM: resume of devices complete after 239.005 msecs
[   10.990798] OOM killer enabled.
[   10.993931] Restarting tasks ... done.
root@(none):/# 
root@(none):/# rtcwake -d rtc1 -m mem -s 3
rtcwake: assuming RTC uses UTC ...
rtcwake: wakeup from "mem" using /dev/rtc1 at Thu Jan  1 00:00:48 1970
[   11.481654] PM: Syncing filesystems ... done.
[   11.487418] Freezing user space processes ... (elapsed 0.001 seconds) done.
[   11.495573] OOM killer disabled.
[   11.498789] Freezing remaining freezable tasks ... (elapsed 0.001 seconds) done.
[   11.507291] Suspending console(s) (use no_console_suspend to debug)
[   11.531219] PM: suspend of devices complete after 17.167 msecs
[   11.532259] PM: late suspend of devices complete after 1.035 msecs
[   11.533103] PM: noirq suspend of devices complete after 0.840 msecs
[   11.533105] Disabling non-boot CPUs ...
[   11.533305] migrate_irqs: 7 callbacks suppressed
[   11.533307] IRQ17 no longer affine to CPU1
[   11.533363] IRQ352 no longer affine to CPU1
[   11.594888] IRQ353 no longer affine to CPU2
[   11.654709] IRQ354 no longer affine to CPU3
[   11.704578] Entering suspend state LP1
[   11.704578] Suspended for 2.869 seconds
[   11.704590] Enabling non-boot CPUs ...
[   11.734405] CPU1 is up
[   11.774247] CPU2 is up
[   11.814450] CPU3 is up
[   11.814886] PM: noirq resume of devices complete after 0.432 msecs
[   11.816304] PM: early resume of devices complete after 1.090 msecs
[   11.971891] mmc1: Switching to 3.3V signalling voltage failed
[   12.054372] PM: resume of devices complete after 238.059 msecs
[   12.141089] OOM killer enabled.
[   12.144222] Restarting tasks ... done.
root@(none):/# 
root@(none):/# rtcwake -d rtc1 -m mem -s 3
rtcwake: assuming RTC uses UTC ...
rtcwake: wakeup from "mem" using /dev/rtc1 at Thu Jan  1 00:00:52 1970
[   12.611371] PM: Syncing filesystems ... done.
[   12.616741] Freezing user space processes ... (elapsed 0.001 seconds) done.
[   12.624891] OOM killer disabled.
[   12.628107] Freezing remaining freezable tasks ... (elapsed 0.001 seconds) done.
[   12.636610] Suspending console(s) (use no_console_suspend to debug)
[   12.660836] PM: suspend of devices complete after 17.468 msecs
[   12.661886] PM: late suspend of devices complete after 1.045 msecs
[   12.662724] PM: noirq suspend of devices complete after 0.835 msecs
[   12.662726] Disabling non-boot CPUs ...
[   12.663007] IRQ352 no longer affine to CPU1
[   12.734854] IRQ353 no longer affine to CPU2
[   12.784692] IRQ354 no longer affine to CPU3
[   12.834546] Entering suspend state LP1
[   12.834546] Suspended for 2.869 seconds
[   12.834558] Enabling non-boot CPUs ...
[   12.864405] CPU1 is up
[   12.904219] CPU2 is up
[   12.944428] CPU3 is up
[   12.944863] PM: noirq resume of devices complete after 0.431 msecs
[   12.946200] PM: early resume of devices complete after 1.043 msecs
[   13.101869] mmc1: Switching to 3.3V signalling voltage failed
[   13.182986] PM: resume of devices complete after 236.776 msecs
[   13.260998] OOM killer enabled.
[   13.264131] Restarting tasks ... done.
root@(none):/# 
root@(none):/# rtcwake -d rtc1 -m mem -s 3
rtcwake: assuming RTC uses UTC ...
rtcwake: wakeup from "mem" using /dev/rtc1 at Thu Jan  1 00:00:56 1970
[   13.741078] PM: Syncing filesystems ... done.
[   13.746629] Freezing user space processes ... (elapsed 0.001 seconds) done.
[   13.754689] OOM killer disabled.
[   13.757905] Freezing remaining freezable tasks ... (elapsed 0.001 seconds) done.
[   13.766403] Suspending console(s) (use no_console_suspend to debug)
[   13.789531] PM: suspend of devices complete after 16.410 msecs
[   13.790802] PM: late suspend of devices complete after 1.262 msecs
[   13.791700] PM: noirq suspend of devices complete after 0.893 msecs
[   13.791702] Disabling non-boot CPUs ...
[   13.791958] IRQ352 no longer affine to CPU1
[   13.854721] IRQ17 no longer affine to CPU2
[   13.854829] IRQ353 no longer affine to CPU2
[   13.964525] Entering suspend state LP1
[   13.964525] Suspended for 2.869 seconds
[   13.964537] Enabling non-boot CPUs ...
[   13.994358] CPU1 is up
[   14.034203] CPU2 is up
[   14.074449] CPU3 is up
[   14.074895] PM: noirq resume of devices complete after 0.440 msecs
[   14.076300] PM: early resume of devices complete after 1.103 msecs
[   14.231842] mmc1: Switching to 3.3V signalling voltage failed
[   14.314314] PM: resume of devices complete after 238.005 msecs
[   14.392237] OOM killer enabled.
[   14.395373] Restarting tasks ... done.
root@(none):/# 
root@(none):/# rtcwake -d rtc1 -m mem -s 3
rtcwake: assuming RTC uses UTC ...
rtcwake: wakeup from "mem" using /dev/rtc1 at Thu Jan  1 00:01:00 1970
[   14.871556] PM: Syncing filesystems ... done.
[   14.877412] Freezing user space processes ... (elapsed 0.001 seconds) done.
[   14.885496] OOM killer disabled.
[   14.888712] Freezing remaining freezable tasks ... (elapsed 0.001 seconds) done.
[   14.897317] Suspending console(s) (use no_console_suspend to debug)
[   14.920226] PM: suspend of devices complete after 16.149 msecs
[   14.921593] PM: late suspend of devices complete after 1.358 msecs
[   14.922534] PM: noirq suspend of devices complete after 0.937 msecs
[   14.922536] Disabling non-boot CPUs ...
[   15.094265] Entering suspend state LP1
[   15.094265] Suspended for 2.869 seconds
[   15.094276] Enabling non-boot CPUs ...
[   15.124345] CPU1 is up
[   15.164170] CPU2 is up
[   15.204379] CPU3 is up
[   15.204811] PM: noirq resume of devices complete after 0.427 msecs
[   15.206212] PM: early resume of devices complete after 1.102 msecs
[   15.361817] mmc1: Switching to 3.3V signalling voltage failed
[   15.444232] PM: resume of devices complete after 238.012 msecs
[   15.509719] OOM killer enabled.
[   15.512854] Restarting tasks ... done.
root@(none):/# 
root@(none):/# rtcwake -d rtc1 -m mem -s 3
rtcwake: assuming RTC uses UTC ...
rtcwake: wakeup from "mem" using /dev/rtc1 at Thu Jan  1 00:01:04 1970
[   16.000555] PM: Syncing filesystems ... done.
[   16.006145] Freezing user space processes ... (elapsed 0.001 seconds) done.
[   16.014309] OOM killer disabled.
[   16.017526] Freezing remaining freezable tasks ... (elapsed 0.001 seconds) done.
[   16.026028] Suspending console(s) (use no_console_suspend to debug)
[   16.050047] PM: suspend of devices complete after 17.259 msecs
[   16.051303] PM: late suspend of devices complete after 1.248 msecs
[   16.052197] PM: noirq suspend of devices complete after 0.889 msecs
[   16.052199] Disabling non-boot CPUs ...
[   16.224474] Entering suspend state LP1
[   16.224474] Suspended for 2.869 seconds
[   16.224486] Enabling non-boot CPUs ...
[   16.254313] CPU1 is up
[   16.294142] CPU2 is up
[   16.334352] CPU3 is up
[   16.334779] PM: noirq resume of devices complete after 0.422 msecs
[   16.336127] PM: early resume of devices complete after 1.047 msecs
[   16.491775] mmc1: Switching to 3.3V signalling voltage failed
[   16.574204] PM: resume of devices complete after 238.067 msecs
[   16.639705] OOM killer enabled.
[   16.642839] Restarting tasks ... done.
root@(none):/# 
root@(none):/# NVTB SYSTEM SUSPEND TEST COMPLETE
