
U-Boot SPL 2014.07-00097-g772e173 (Jul 25 2014 - 20:02:52)


U-Boot 2014.07-00097-g772e173 (Jul 25 2014 - 20:02:52)

TEGRA124
Board: NVIDIA Jetson TK1
I2C:   ready
DRAM:  2 GiB
MMC:   Tegra SD/MMC: 0, Tegra SD/MMC: 1
In:    serial
Out:   serial
Err:   serial
Net:   Net Initialization Skipped
No ethernet found.
Hit any key to stop autoboot:  2  0 
Tegra124 (Jetson TK1) # 
Tegra124 (Jetson TK1) # usb reset
(Re)start USB...
USB0:   USB EHCI 1.10
scanning bus 0 for devices... 1 USB Device(s) found
USB1:   USB EHCI 1.10
scanning bus 1 for devices... 2 USB Device(s) found
       scanning usb for storage devices... 0 Storage Device(s) found
       scanning usb for ethernet devices... 
Warning: asx0 using MAC address from net device
1 Ethernet Device(s) found
Tegra124 (Jetson TK1) # setenv bootargs 'ignore_loglevel console=ttyS0,115200n8 rw root=/dev/mmcblk0p1 rootwait gpt debug init=/bin/bash noinitrd'
Tegra124 (Jetson TK1) # setenv ipaddr 192.168.100.102; setenv serverip 192.168.100.1; setenv tftpserverip 192.168.100.1
Tegra124 (Jetson TK1) # tftpboot 0x81000000 zImage.multi_v7_defconfig
Using asx0 device
TFTP from server 192.168.100.1; our IP address is 192.168.100.102
Filename 'zImage.multi_v7_defconfig'.
Load address: 0x81000000
Loading: *#################################################################
	 #################################################################
	 #################################################################
	 #################################################################
	 #################################################################
	 #################################################################
	 #########################
	 3.4 MiB/s
done
Bytes transferred = 6081544 (5ccc08 hex)
Tegra124 (Jetson TK1) # tftpboot 0x82000000 tegra124-jetson-tk1.dtb
Using asx0 device
TFTP from server 192.168.100.1; our IP address is 192.168.100.102
Filename 'tegra124-jetson-tk1.dtb'.
Load address: 0x82000000
Loading: *####
	 3.1 MiB/s
done
Bytes transferred = 49059 (bfa3 hex)
Tegra124 (Jetson TK1) # bootz 0x81000000 - 0x82000000
Kernel image @ 0x81000000 [ 0x000000 - 0x5ccc08 ]
## Flattened Device Tree blob at 82000000
   Booting using the fdt blob at 0x82000000
   Using Device Tree in place at 82000000, end 8200efa2

Starting kernel ...

[    0.000000] Booting Linux on physical CPU 0x0
[    0.000000] Linux version 4.0.0-rc4-24433-g06e5801 (pwalmsley@tamien) (gcc version 4.7.3 20130328 (prerelease) (crosstool-NG linaro-1.13.1-4.7-2013.04-20130415 - Linaro GCC 2013.04) ) #1 SMP Sun Mar 15 18:05:06 PDT 2015
[    0.000000] CPU: ARMv7 Processor [413fc0f3] revision 3 (ARMv7), cr=10c5387d
[    0.000000] CPU: PIPT / VIPT nonaliasing data cache, PIPT instruction cache
[    0.000000] Machine model: NVIDIA Tegra124 Jetson TK1
[    0.000000] debug: ignoring loglevel setting.
[    0.000000] cma: Reserved 64 MiB at 0xfb800000
[    0.000000] Memory policy: Data cache writealloc
[    0.000000] On node 0 totalpages: 524032
[    0.000000] free_area_init_node: node 0, pgdat c0ec7e40, node_mem_map ee7f8000
[    0.000000]   DMA zone: 1520 pages used for memmap
[    0.000000]   DMA zone: 0 pages reserved
[    0.000000]   DMA zone: 194560 pages, LIFO batch:31
[    0.000000]   HighMem zone: 329472 pages, LIFO batch:31
[    0.000000] PERCPU: Embedded 11 pages/cpu @ee79a000 s12480 r8192 d24384 u45056
[    0.000000] pcpu-alloc: s12480 r8192 d24384 u45056 alloc=11*4096
[    0.000000] pcpu-alloc: [0] 0 [0] 1 [0] 2 [0] 3 
[    0.000000] Built 1 zonelists in Zone order, mobility grouping on.  Total pages: 522512
[    0.000000] Kernel command line: ignore_loglevel console=ttyS0,115200n8 rw root=/dev/mmcblk0p1 rootwait gpt debug init=/bin/bash noinitrd
[    0.000000] PID hash table entries: 4096 (order: 2, 16384 bytes)
[    0.000000] Dentry cache hash table entries: 131072 (order: 7, 524288 bytes)
[    0.000000] Inode-cache hash table entries: 65536 (order: 6, 262144 bytes)
[    0.000000] Memory: 1999580K/2096128K available (7830K kernel code, 1015K rwdata, 3412K rodata, 800K init, 316K bss, 31012K reserved, 65536K cma-reserved, 1252352K highmem)
[    0.000000] Virtual kernel memory layout:
[    0.000000]     vector  : 0xffff0000 - 0xffff1000   (   4 kB)
[    0.000000]     fixmap  : 0xffc00000 - 0xfff00000   (3072 kB)
[    0.000000]     vmalloc : 0xf0000000 - 0xff000000   ( 240 MB)
[    0.000000]     lowmem  : 0xc0000000 - 0xef800000   ( 760 MB)
[    0.000000]     pkmap   : 0xbfe00000 - 0xc0000000   (   2 MB)
[    0.000000]     modules : 0xbf000000 - 0xbfe00000   (  14 MB)
[    0.000000]       .text : 0xc0208000 - 0xc0d03b54   (11247 kB)
[    0.000000]       .init : 0xc0d04000 - 0xc0dcc000   ( 800 kB)
[    0.000000]       .data : 0xc0dcc000 - 0xc0ec9d60   (1016 kB)
[    0.000000]        .bss : 0xc0ec9d60 - 0xc0f18e68   ( 317 kB)
[    0.000000] SLUB: HWalign=64, Order=0-3, MinObjects=0, CPUs=4, Nodes=1
[    0.000000] Hierarchical RCU implementation.
[    0.000000] 	Additional per-CPU info printed with stalls.
[    0.000000] 	RCU restricting CPUs from NR_CPUS=16 to nr_cpu_ids=4.
[    0.000000] RCU: Adjusting geometry for rcu_fanout_leaf=16, nr_cpu_ids=4
[    0.000000] NR_IRQS:16 nr_irqs:16 16
[    0.000000] L2C: failed to init: -19
[    0.000009] sched_clock: 32 bits at 1000kHz, resolution 1000ns, wraps every 2147483648000ns
[    0.000030] Switching to timer-based delay loop, resolution 1000ns
[    0.003912] Architected cp15 timer(s) running at 12.00MHz (virt).
[    0.003934] sched_clock: 56 bits at 12MHz, resolution 83ns, wraps every 2863311536128ns
[    0.003947] Switching to timer-based delay loop, resolution 83ns
[    0.004333] Console: colour dummy device 80x30
[    0.004355] Calibrating delay loop (skipped), value calculated using timer frequency.. 24.00 BogoMIPS (lpj=60000)
[    0.004369] pid_max: default: 32768 minimum: 301
[    0.004479] Mount-cache hash table entries: 2048 (order: 1, 8192 bytes)
[    0.004491] Mountpoint-cache hash table entries: 2048 (order: 1, 8192 bytes)
[    0.005082] CPU: Testing write buffer coherency: ok
[    0.005281] /cpus/cpu@0 missing clock-frequency property
[    0.005315] /cpus/cpu@1 missing clock-frequency property
[    0.005348] /cpus/cpu@2 missing clock-frequency property
[    0.005383] /cpus/cpu@3 missing clock-frequency property
[    0.005395] CPU0: thread -1, cpu 0, socket 0, mpidr 80000000
[    0.005444] Setting up static identity map for 0x80967a60 - 0x80967af8
[    0.008060] Tegra Revision: A01 SKU: 129 CPU Process: 1 Core Process: 1
[    0.009221] CPU1: thread -1, cpu 1, socket 0, mpidr 80000001
[    0.009731] CPU2: thread -1, cpu 2, socket 0, mpidr 80000002
[    0.010231] CPU3: thread -1, cpu 3, socket 0, mpidr 80000003
[    0.010295] Brought up 4 CPUs
[    0.010316] SMP: Total of 4 processors activated (96.00 BogoMIPS).
[    0.010323] CPU: All CPU(s) started in SVC mode.
[    0.010840] devtmpfs: initialized
[    0.011707] VFP support v0.3: implementor 41 architecture 4 part 30 variant f rev 0
[    0.013843] pinctrl core: initialized pinctrl subsystem
[    0.030674] NET: Registered protocol family 16
[    0.032641] DMA: preallocated 256 KiB pool for atomic coherent allocations
[    0.048715] cpuidle: using governor ladder
[    0.063731] cpuidle: using governor menu
[    0.078796] No ATAGs?
[    0.078832] hw-breakpoint: found 5 (+1 reserved) breakpoint and 4 watchpoint registers.
[    0.078842] hw-breakpoint: maximum watchpoint size is 8 bytes.
[    0.082544] Serial: AMBA PL011 UART driver
[    0.112800] +5V_SYS: supplied by +VDD_MUX
[    0.113088] +3.3V_SYS: supplied by +VDD_MUX
[    0.113232] platform regulators:regulator@3: Driver reg-fixed-voltage requests probe deferral
[    0.113449] reg-fixed-voltage regulators:regulator@4: Failed to find supply vin
[    0.113575] reg-fixed-voltage regulators:regulator@4: Failed to register regulator: -517
[    0.113596] platform regulators:regulator@4: Driver reg-fixed-voltage requests probe deferral
[    0.113792] +USB0_VBUS_SW: Failed to request enable GPIO108: -517
[    0.113922] reg-fixed-voltage regulators:regulator@7: Failed to register regulator: -517
[    0.113942] platform regulators:regulator@7: Driver reg-fixed-voltage requests probe deferral
[    0.114134] +5V_USB_HS: Failed to request enable GPIO109: -517
[    0.114243] reg-fixed-voltage regulators:regulator@8: Failed to register regulator: -517
[    0.114263] platform regulators:regulator@8: Driver reg-fixed-voltage requests probe deferral
[    0.114343] platform regulators:regulator@10: Driver reg-fixed-voltage requests probe deferral
[    0.114535] +1.05V_RUN_AVDD_HDMI_PLL: Failed to request enable GPIO63: -517
[    0.114642] reg-fixed-voltage regulators:regulator@11: Failed to register regulator: -517
[    0.114663] platform regulators:regulator@11: Driver reg-fixed-voltage requests probe deferral
[    0.114854] +5V_HDMI_CON: Failed to request enable GPIO86: -517
[    0.114960] reg-fixed-voltage regulators:regulator@12: Failed to register regulator: -517
[    0.114980] platform regulators:regulator@12: Driver reg-fixed-voltage requests probe deferral
[    0.115172] +5V_SATA: Failed to request enable GPIO242: -517
[    0.115278] reg-fixed-voltage regulators:regulator@13: Failed to register regulator: -517
[    0.115298] platform regulators:regulator@13: Driver reg-fixed-voltage requests probe deferral
[    0.115487] +12V_SATA: Failed to request enable GPIO242: -517
[    0.115593] reg-fixed-voltage regulators:regulator@14: Failed to register regulator: -517
[    0.115613] platform regulators:regulator@14: Driver reg-fixed-voltage requests probe deferral
[    0.118342] vgaarb: loaded
[    0.119058] SCSI subsystem initialized
[    0.119231] libata version 3.00 loaded.
[    0.119554] usbcore: registered new interface driver usbfs
[    0.119626] usbcore: registered new interface driver hub
[    0.119697] usbcore: registered new device driver usb
[    0.123039] media: Linux media interface: v0.10
[    0.123108] Linux video capture interface: v2.00
[    0.123165] pps_core: LinuxPPS API ver. 1 registered
[    0.123172] pps_core: Software ver. 5.3.6 - Copyright 2005-2007 Rodolfo Giometti <giometti@linux.it>
[    0.123200] PTP clock support registered
[    0.123431] EDAC MC: Ver: 3.0.0
[    0.124569] Advanced Linux Sound Architecture Driver Initialized.
[    0.125645] Switched to clocksource arch_sys_counter
[    0.136886] NET: Registered protocol family 2
[    0.137475] TCP established hash table entries: 8192 (order: 3, 32768 bytes)
[    0.137565] TCP bind hash table entries: 8192 (order: 4, 65536 bytes)
[    0.137751] TCP: Hash tables configured (established 8192 bind 8192)
[    0.137795] TCP: reno registered
[    0.137808] UDP hash table entries: 512 (order: 2, 16384 bytes)
[    0.137850] UDP-Lite hash table entries: 512 (order: 2, 16384 bytes)
[    0.138029] NET: Registered protocol family 1
[    0.138271] RPC: Registered named UNIX socket transport module.
[    0.138280] RPC: Registered udp transport module.
[    0.138287] RPC: Registered tcp transport module.
[    0.138294] RPC: Registered tcp NFSv4.1 backchannel transport module.
[    0.138313] PCI: CLS 0 bytes, default 64
[    0.140545] futex hash table entries: 1024 (order: 4, 65536 bytes)
[    0.152291] squashfs: version 4.0 (2009/01/31) Phillip Lougher
[    0.153212] NFS: Registering the id_resolver key type
[    0.153255] Key type id_resolver registered
[    0.153264] Key type id_legacy registered
[    0.153335] ntfs: driver 2.1.31 [Flags: R/O].
[    0.154465] bounce: pool size: 64 pages
[    0.154685] Block layer SCSI generic (bsg) driver version 0.4 loaded (major 248)
[    0.154702] io scheduler noop registered
[    0.154717] io scheduler deadline registered
[    0.154921] io scheduler cfq registered (default)
[    0.170521] tegra-pcie 1003000.pcie-controller: 2x1, 1x1 configuration
[    0.170569] tegra-pcie 1003000.pcie-controller: Failed to get supply 'avddio-pex': -517
[    0.170602] platform 1003000.pcie-controller: Driver tegra-pcie requests probe deferral
[    0.176932] tegra-apbdma 60020000.dma: Tegra20 APB DMA driver register 32 channels
[    0.177624] tegra-pmc 7000e400.pmc: emergency thermal reset enabled
[    0.242320] Serial: 8250/16550 driver, 4 ports, IRQ sharing disabled
[    0.244566] SuperH (H)SCI(F) driver initialized
[    0.245281] msm_serial: driver initialized
[    0.246151] console [ttyS0] disabled
[    0.246186] 70006300.serial: ttyS0 at MMIO 0x70006300 (irq = 330, base_baud = 25500000) is a Tegra
[    1.142084] console [ttyS0] enabled
[    1.146391] STMicroelectronics ASC driver initialized
[    1.153583] [drm] Initialized drm 1.1.0 20060810
[    1.159951] tegra-hdmi 54280000.hdmi: failed to get HDMI regulator
[    1.166158] platform 54280000.hdmi: Driver tegra-hdmi requests probe deferral
[    1.179968] loop: module loaded
[    1.183425] at24 0-0056: 256 byte 24c02 EEPROM, writable, 8 bytes/write
[    1.191377] as3722 4-0040: AS3722 with revision 0x1 found
[    1.202450] +1.35V_LP0(sd2): supplied by +5V_SYS
[    1.207616] +1.35V_LP0(sd3): supplied by +5V_SYS
[    1.212790] +1.05V_RUN: supplied by +5V_SYS
[    1.217398] +1.8V_VDDIO: supplied by +5V_SYS
[    1.223471] +1.05V_RUN_AVDD: supplied by +1.35V_LP0(sd2)
[    1.229798] as3722-regulator as3722-regulator: Failed to find supply vin-ldo1-6
[    1.237236] as3722-regulator as3722-regulator: regulator 8 register failed -517
[    1.245878] platform as3722-regulator: Driver as3722-regulator requests probe deferral
[    1.256047] tegra-ahci 70027000.sata: Failed to get supply 'avdd': -517
[    1.262672] tegra-ahci 70027000.sata: Failed to get regulators
[    1.268540] platform 70027000.sata: Driver tegra-ahci requests probe deferral
[    1.279891] m25p80 spi32765.0: w25q32dw (4096 Kbytes)
[    1.288220] CAN device driver interface
[    1.293230] igb: Intel(R) Gigabit Ethernet Network Driver - version 5.2.15-k
[    1.300278] igb: Copyright (c) 2007-2014 Intel Corporation.
[    1.307962] pegasus: v0.9.3 (2013/04/25), Pegasus/Pegasus II USB Ethernet driver
[    1.315409] usbcore: registered new interface driver pegasus
[    1.321147] usbcore: registered new interface driver asix
[    1.326602] usbcore: registered new interface driver ax88179_178a
[    1.332745] usbcore: registered new interface driver cdc_ether
[    1.338651] usbcore: registered new interface driver smsc75xx
[    1.344472] usbcore: registered new interface driver smsc95xx
[    1.350275] usbcore: registered new interface driver net1080
[    1.355990] usbcore: registered new interface driver cdc_subset
[    1.361964] usbcore: registered new interface driver zaurus
[    1.367630] usbcore: registered new interface driver cdc_ncm
[    1.374424] ehci_hcd: USB 2.0 'Enhanced' Host Controller (EHCI) Driver
[    1.380960] ehci-pci: EHCI PCI platform driver
[    1.385456] ehci-platform: EHCI generic platform driver
[    1.390890] ehci-omap: OMAP-EHCI Host Controller driver
[    1.396259] ehci-orion: EHCI orion driver
[    1.400399] SPEAr-ehci: EHCI SPEAr driver
[    1.404558] ehci-st: EHCI STMicroelectronics driver
[    1.409588] ehci-exynos: EHCI EXYNOS driver
[    1.413937] tegra-ehci: Tegra EHCI driver
[    1.418220] platform 7d004000.usb: Driver tegra-ehci requests probe deferral
[    1.425416] platform 7d008000.usb: Driver tegra-ehci requests probe deferral
[    1.432549] ohci_hcd: USB 1.1 'Open' Host Controller (OHCI) Driver
[    1.438745] ohci-pci: OHCI PCI platform driver
[    1.443249] ohci-platform: OHCI generic platform driver
[    1.448639] ohci-omap3: OHCI OMAP3 driver
[    1.452794] SPEAr-ohci: OHCI SPEAr driver
[    1.456952] ohci-st: OHCI STMicroelectronics driver
[    1.462057] usbcore: registered new interface driver usb-storage
[    1.468287] tegra-phy 7d004000.usb-phy: no vbus regulator
[    1.473977] platform 7d008000.usb-phy: Driver tegra-phy requests probe deferral
[    1.483037] mousedev: PS/2 mouse device common for all mice
[    1.492228] as3722-rtc as3722-rtc: rtc core: registered as3722-rtc as rtc0
[    1.499122] as3722-rtc as3722-rtc: RTC interrupt 364
[    1.507318] tegra_rtc 7000e000.rtc: rtc core: registered 7000e000.rtc as rtc1
[    1.514502] tegra_rtc 7000e000.rtc: Tegra internal Real Time Clock
[    1.521274] i2c /dev entries driver
[    1.527652] usbcore: registered new interface driver uvcvideo
[    1.533405] USB Video Class driver (1.1.1)
[    1.537516] gspca_main: v2.14.0 registered
[    1.542934] 0-004c supply vcc not found, using dummy regulator
[    1.553451] Driver 'mmcblk' needs updating - please use bus_type methods
[    1.560230] sdhci: Secure Digital Host Controller Interface driver
[    1.566412] sdhci: Copyright(c) Pierre Ossman
[    1.571972] Synopsys Designware Multimedia Card Interface Driver
[    1.579058] sdhci-pltfm: SDHCI platform and OF driver helper
[    1.585381] sdhci-tegra 700b0400.sdhci: Got CD GPIO
[    1.590280] sdhci-tegra 700b0400.sdhci: Got WP GPIO
[    1.595202] mmc0: Unknown controller version (3). You may experience problems.
[    1.602508] sdhci-tegra 700b0400.sdhci: No vmmc regulator found
[    1.608470] platform 700b0400.sdhci: Driver sdhci-tegra requests probe deferral
[    1.615904] mmc0: Unknown controller version (3). You may experience problems.
[    1.623173] sdhci-tegra 700b0600.sdhci: No vmmc regulator found
[    1.629100] sdhci-tegra 700b0600.sdhci: No vqmmc regulator found
[    1.635108] mmc0: Invalid maximum block size, assuming 512 bytes
[    1.675663] mmc0: SDHCI controller on 700b0600.sdhci [700b0600.sdhci] using ADMA 64-bit
[    1.684758] ledtrig-cpu: registered to indicate activity on CPUs
[    1.691000] usbcore: registered new interface driver usbhid
[    1.696587] usbhid: USB HID core driver
[    1.704842] usbcore: registered new interface driver snd-usb-audio
[    1.739636] mmc0: MAN_BKOPS_EN bit is not set
[    1.747235] mmc0: new high speed MMC card at address 0001
[    1.752989] mmcblk0: mmc0:0001 SEM16G 14.6 GiB 
[    1.757643] mmcblk0boot0: mmc0:0001 SEM16G partition 1 4.00 MiB
[    1.763677] mmcblk0boot1: mmc0:0001 SEM16G partition 2 4.00 MiB
[    1.769702] mmcblk0rpmb: mmc0:0001 SEM16G partition 3 4.00 MiB
[    1.777509] Primary GPT is invalid, using alternate GPT.
[    1.782860]  mmcblk0: p1 p2 p3 p4 p5 p6 p7 p8 p9
[    2.128577] tegra30-i2s 70301100.i2s: DMA channels sourced from device 70300000.ahub
[    2.145058] tegra-snd-rt5640 sound: rt5640-aif1 <-> 70301100.i2s mapping ok
[    2.154883] input: NVIDIA Tegra Jetson TK1 Headphones as /devices/soc0/sound/sound/card0/input0
[    2.165009] TCP: cubic registered
[    2.168352] NET: Registered protocol family 17
[    2.172821] can: controller area network core (rev 20120528 abi 9)
[    2.179067] NET: Registered protocol family 29
[    2.183527] can: raw protocol (rev 20120528)
[    2.187810] can: broadcast manager protocol (rev 20120528 t)
[    2.193486] can: netlink gateway (rev 20130117) max_hops=1
[    2.199360] Key type dns_resolver registered
[    2.204246] ThumbEE CPU extension supported.
[    2.208541] Registering SWP/SWPB emulation handler
[    2.215699] +3.3V_RUN: supplied by +3.3V_SYS
[    2.220406] +3.3V_AVDD_HDMI_AP_GATED: supplied by +3.3V_RUN
[    2.226586] +USB0_VBUS_SW: supplied by +5V_SYS
[    2.231580] +5V_USB_HS: supplied by +5V_SYS
[    2.237091] +3.3V_LP0: supplied by +3.3V_SYS
[    2.241983] reg-fixed-voltage regulators:regulator@11: Failed to find supply vin
[    2.249573] reg-fixed-voltage regulators:regulator@11: Failed to register regulator: -517
[    2.257809] platform regulators:regulator@11: Driver reg-fixed-voltage requests probe deferral
[    2.267706] +5V_HDMI_CON: supplied by +5V_SYS
[    2.272655] +5V_SATA: supplied by +5V_SYS
[    2.277306] +12V_SATA: supplied by +VDD_MUX
[    2.282212] tegra-pcie 1003000.pcie-controller: 2x1, 1x1 configuration
[    2.288831] tegra-pcie 1003000.pcie-controller: Failed to get supply 'avddio-pex': -517
[    2.296916] platform 1003000.pcie-controller: Driver tegra-pcie requests probe deferral
[    2.306314] tegra-hdmi 54280000.hdmi: failed to get PLL regulator
[    2.312528] platform 54280000.hdmi: Driver tegra-hdmi requests probe deferral
[    2.323932] +1.35V_LP0(sd2): supplied by +5V_SYS
[    2.328913] +1.35V_LP0(sd3): supplied by +5V_SYS
[    2.333910] +1.05V_RUN: supplied by +5V_SYS
[    2.338437] +1.8V_VDDIO: supplied by +5V_SYS
[    2.344708] +1.05V_RUN_AVDD: supplied by +1.35V_LP0(sd2)
[    2.351110] +1.8V_RUN_CAM: supplied by +3.3V_RUN
[    2.357422] +1.2V_GEN_AVDD: supplied by +1.8V_VDDIO
[    2.364163] +1.05V_LP0_VDD_RTC: supplied by +3.3V_SYS
[    2.370700] +2.8V_RUN_CAM: supplied by +3.3V_SYS
[    2.376532] +1.2V_RUN_CAM_FRONT: supplied by +1.8V_VDDIO
[    2.382931] +VDDIO_SDMMC3: supplied by +3.3V_RUN
[    2.388975] +1.05V_RUN_CAM_REAR: supplied by +1.8V_VDDIO
[    2.396230] +3.3V_RUN_TOUCH: supplied by +5V_SYS
[    2.401903] +2.8V_RUN_CAM_AF: supplied by +5V_SYS
[    2.407664] +1.8V_RUN_VPP_FUSE: supplied by +3.3V_RUN
[    2.415275] tegra-ahci 70027000.sata: AHCI 0001.0301 32 slots 2 ports 3 Gbps 0x1 impl platform mode
[    2.424359] tegra-ahci 70027000.sata: flags: 64bit ncq sntf pm led pio slum part sadm sds apst 
[    2.435129] scsi host0: tegra-ahci
[    2.439687] scsi host1: tegra-ahci
[    2.443452] ata1: SATA max UDMA/133 mmio [mem 0x70027000-0x70028fff] port 0x100 irq 340
[    2.451459] ata2: DUMMY
[    2.457548] tegra-ehci 7d004000.usb: EHCI Host Controller
[    2.462982] tegra-ehci 7d004000.usb: new USB bus registered, assigned bus number 1
[    2.470825] tegra-ehci 7d004000.usb: irq 345, io mem 0x7d004000
[    2.485675] tegra-ehci 7d004000.usb: USB 2.0 started, EHCI 1.10
[    2.492454] hub 1-0:1.0: USB hub found
[    2.496302] hub 1-0:1.0: 1 port detected
[    2.501803] platform 7d008000.usb: Driver tegra-ehci requests probe deferral
[    2.511234] sdhci-tegra 700b0400.sdhci: Got CD GPIO
[    2.516171] sdhci-tegra 700b0400.sdhci: Got WP GPIO
[    2.521133] mmc1: Unknown controller version (3). You may experience problems.
[    2.528644] sdhci-tegra 700b0400.sdhci: No vmmc regulator found
[    2.534637] mmc1: Invalid maximum block size, assuming 512 bytes
[    2.576208] mmc1: SDHCI controller on 700b0400.sdhci [700b0400.sdhci] using ADMA 64-bit
[    2.584722] +1.05V_RUN_AVDD_HDMI_PLL: supplied by +1.05V_RUN
[    2.590959] tegra-pcie 1003000.pcie-controller: 2x1, 1x1 configuration
[    2.598786] tegra-pcie 1003000.pcie-controller: probing port 0, using 2 lanes
[    2.607973] tegra-pcie 1003000.pcie-controller: Slot present pin change, signature: 00000008
[    2.785780] ata1: SATA link down (SStatus 0 SControl 300)
[    3.039837] tegra-pcie 1003000.pcie-controller: link 0 down, retrying
[    3.475390] tegra-pcie 1003000.pcie-controller: link 0 down, retrying
[    3.909729] tegra-pcie 1003000.pcie-controller: link 0 down, retrying
[    3.918359] tegra-pcie 1003000.pcie-controller: link 0 down, ignoring
[    3.924862] tegra-pcie 1003000.pcie-controller: probing port 1, using 1 lanes
[    3.934362] tegra-pcie 1003000.pcie-controller: Slot present pin change, signature: 00000000
[    4.367317] tegra-pcie 1003000.pcie-controller: link 1 down, retrying
[    4.802753] tegra-pcie 1003000.pcie-controller: link 1 down, retrying
[    5.238382] tegra-pcie 1003000.pcie-controller: link 1 down, retrying
[    5.247020] tegra-pcie 1003000.pcie-controller: link 1 down, ignoring
[    5.253735] tegra-pcie 1003000.pcie-controller: PCI host bridge to bus 0000:00
[    5.260970] pci_bus 0000:00: root bus resource [mem 0x13000000-0x1fffffff]
[    5.267849] pci_bus 0000:00: root bus resource [mem 0x20000000-0x3fffffff pref]
[    5.275162] pci_bus 0000:00: root bus resource [bus 00-ff]
[    5.280653] pci_bus 0000:00: root bus resource [io  0x1000-0xffff]
[    5.286862] PCI: bus0: Fast back to back transfers enabled
[    5.294830] [drm] Supports vblank timestamp caching Rev 2 (21.10.2013).
[    5.301479] [drm] No driver support for vblank timestamp query.
[    5.307453] drm drm: No connectors reported connected with modes
[    5.313492] [drm] Cannot find any crtc or sizes - going 1024x768
[    5.334164] Console: switching to colour frame buffer device 128x48
[    5.347842] drm drm: fb0:  frame buffer device
[    5.352342] drm drm: registered panic notifier
[    5.370774] [drm] Initialized tegra 0.0.0 20120330 on minor 0
[    5.377654] tegra-ehci 7d008000.usb: EHCI Host Controller
[    5.383085] tegra-ehci 7d008000.usb: new USB bus registered, assigned bus number 2
[    5.391374] tegra-ehci 7d008000.usb: irq 346, io mem 0x7d008000
[    5.405760] tegra-ehci 7d008000.usb: USB 2.0 started, EHCI 1.10
[    5.412545] hub 2-0:1.0: USB hub found
[    5.416357] hub 2-0:1.0: 1 port detected
[    5.421697] input: gpio-keys as /devices/soc0/gpio-keys/input/input1
[    5.429226] as3722-rtc as3722-rtc: setting system clock to 2000-02-01 00:00:18 UTC (949363218)
[    5.448954] +1.8V_RUN_VPP_FUSE: disabling
[    5.453408] +2.8V_RUN_CAM_AF: disabling
[    5.457613] +3.3V_RUN_TOUCH: disabling
[    5.461730] +1.05V_RUN_CAM_REAR: disabling
[    5.465981] +1.2V_RUN_CAM_FRONT: disabling
[    5.470191] +2.8V_RUN_CAM: disabling
[    5.473898] +1.8V_RUN_CAM: disabling
[    5.477608] +USB0_VBUS_SW: disabling
[    5.481570] ALSA device list:
[    5.484541]   #0: NVIDIA Tegra Jetson TK1
[    5.489888] EXT4-fs (mmcblk0p1): couldn't mount as ext3 due to feature incompatibilities
[    5.498679] EXT4-fs (mmcblk0p1): couldn't mount as ext2 due to feature incompatibilities
[    5.513212] EXT4-fs (mmcblk0p1): recovery complete
[    5.518068] EXT4-fs (mmcblk0p1): mounted filesystem with ordered data mode. Opts: (null)
[    5.526251] VFS: Mounted root (ext4 filesystem) on device 179:1.
[    5.534701] devtmpfs: mounted
[    5.538383] Freeing unused kernel memory: 800K (c0d04000 - c0dcc000)
bash: cannot set terminal process group (-1): Inappropriate ioctl for device
bash: no job control in this shell
root@(none):/# [    5.740799] usb 2-1: new high-speed USB device number 2 using tegra-ehci
