
U-Boot SPL 2014.01-00219-gc4d376f (Feb 18 2014 - 19:57:18)


U-Boot 2014.01-00219-gc4d376f (Feb 18 2014 - 19:57:18)

TEGRA30
Board: NVIDIA Beaver
I2C:   ready
DRAM:  2 GiB
MMC:   Tegra SD/MMC: 0, Tegra SD/MMC: 1
In:    serial
Out:   serial
Err:   serial
Net:   Net Initialization Skipped
No ethernet found.
Hit any key to stop autoboot:  2  0 
Tegra30 (Beaver) # 
Tegra30 (Beaver) # usb reset
(Re)start USB...
USB0:   USB EHCI 1.00
scanning bus 0 for devices... 2 USB Device(s) found
       scanning usb for storage devices... 0 Storage Device(s) found
       scanning usb for ethernet devices... 
Warning: asx0 using MAC address from net device
1 Ethernet Device(s) found
Tegra30 (Beaver) # setenv bootargs 'ignore_loglevel console=ttyS0,115200n8 rw root=/dev/mmcblk0p1 rootwait gpt debug init=/bin/bash noinitrd'
Tegra30 (Beaver) # setenv ipaddr 192.168.100.101; setenv serverip 192.168.100.1; setenv tftpserverip 192.168.100.1
Tegra30 (Beaver) # tftpboot 0x81000000 zImage.multi_v7_defconfig
Using asx0 device
TFTP from server 192.168.100.1; our IP address is 192.168.100.101
Filename 'zImage.multi_v7_defconfig'.
Load address: 0x81000000
Loading: *#################################################################
	 #################################################################
	 #################################################################
	 #################################################################
	 ###########################################################
	 3.4 MiB/s
done
Bytes transferred = 4680264 (476a48 hex)
Tegra30 (Beaver) # tftpboot 0x82000000 tegra30-beaver.dtb
Using asx0 device
TFTP from server 192.168.100.1; our IP address is 192.168.100.101
Filename 'tegra30-beaver.dtb'.
Load address: 0x82000000
Loading: *##
	 3.3 MiB/s
done
Bytes transferred = 23973 (5da5 hex)
Tegra30 (Beaver) # bootz 0x81000000 - 0x82000000
Kernel image @ 0x81000000 [ 0x000000 - 0x476a48 ]
## Flattened Device Tree blob at 82000000
   Booting using the fdt blob at 0x82000000
   Loading Device Tree to 8fff7000, end 8ffffda4 ... OK

Starting kernel ...

[    0.000000] Booting Linux on physical CPU 0x0
[    0.000000] Linux version 3.15.0-rc2-64340-ga798c10 (pwalmsley@kaivo) (gcc version 4.7.3 20130328 (prerelease) (crosstool-NG linaro-1.13.1-4.7-2013.04-20130415 - Linaro GCC 2013.04) ) #1 SMP Sun Apr 20 11:34:44 PDT 2014
[    0.000000] CPU: ARMv7 Processor [412fc099] revision 9 (ARMv7), cr=10c5387d
[    0.000000] CPU: PIPT / VIPT nonaliasing data cache, VIPT aliasing instruction cache
[    0.000000] Machine model: NVIDIA Tegra30 Beaver evaluation board
[    0.000000] debug: ignoring loglevel setting.
[    0.000000] cma: CMA: reserved 64 MiB at ab800000
[    0.000000] Memory policy: Data cache writealloc
[    0.000000] On node 0 totalpages: 524032
[    0.000000] free_area_init_node: node 0, pgdat c0b9fac0, node_mem_map ea7d9000
[    0.000000]   DMA zone: 1520 pages used for memmap
[    0.000000]   DMA zone: 0 pages reserved
[    0.000000]   DMA zone: 194560 pages, LIFO batch:31
[    0.000000]   HighMem zone: 2574 pages used for memmap
[    0.000000]   HighMem zone: 329472 pages, LIFO batch:31
[    0.000000] fuse_speedo_calib: ATE prog ver 3.3
[    0.000000] Tegra30: CPU Speedo ID 5, Soc Speedo ID 2
[    0.000000] Tegra Revision: A03 SKU: 128 CPU Process: 4 Core Process: 0
[    0.000000] L310 cache controller enabled
[    0.000000] l2x0: 8 ways, CACHE_ID 0x410000c7, AUX_CTRL 0x7e480001, Cache size: 1024 kB
[    0.000000] PERCPU: Embedded 7 pages/cpu @ea79e000 s8192 r8192 d12288 u32768
[    0.000000] pcpu-alloc: s8192 r8192 d12288 u32768 alloc=8*4096
[    0.000000] pcpu-alloc: [0] 0 [0] 1 [0] 2 [0] 3 
[    0.000000] Built 1 zonelists in Zone order, mobility grouping on.  Total pages: 522512
[    0.000000] Kernel command line: ignore_loglevel console=ttyS0,115200n8 rw root=/dev/mmcblk0p1 rootwait gpt debug init=/bin/bash noinitrd
[    0.000000] PID hash table entries: 4096 (order: 2, 16384 bytes)
[    0.000000] Dentry cache hash table entries: 131072 (order: 7, 524288 bytes)
[    0.000000] Inode-cache hash table entries: 65536 (order: 6, 262144 bytes)
[    0.000000] Memory: 2002892K/2096128K available (6050K kernel code, 797K rwdata, 2428K rodata, 548K init, 290K bss, 93236K reserved, 1317888K highmem)
[    0.000000] Virtual kernel memory layout:
[    0.000000]     vector  : 0xffff0000 - 0xffff1000   (   4 kB)
[    0.000000]     fixmap  : 0xfff00000 - 0xfffe0000   ( 896 kB)
[    0.000000]     vmalloc : 0xf0000000 - 0xff000000   ( 240 MB)
[    0.000000]     lowmem  : 0xc0000000 - 0xef800000   ( 760 MB)
[    0.000000]     pkmap   : 0xbfe00000 - 0xc0000000   (   2 MB)
[    0.000000]     modules : 0xbf000000 - 0xbfe00000   (  14 MB)
[    0.000000]       .text : 0xc0208000 - 0xc0a4fda8   (8480 kB)
[    0.000000]       .init : 0xc0a50000 - 0xc0ad9000   ( 548 kB)
[    0.000000]       .data : 0xc0ada000 - 0xc0ba1760   ( 798 kB)
[    0.000000]        .bss : 0xc0ba1768 - 0xc0bea020   ( 291 kB)
[    0.000000] SLUB: HWalign=64, Order=0-3, MinObjects=0, CPUs=4, Nodes=1
[    0.000000] Hierarchical RCU implementation.
[    0.000000] NR_IRQS:16 nr_irqs:16 16
[    0.000011] sched_clock: 32 bits at 1000kHz, resolution 1000ns, wraps every 2147483648000ns
[    0.000796] Console: colour dummy device 80x30
[    0.000824] Calibrating delay loop... 2793.47 BogoMIPS (lpj=13967360)
[    0.059935] pid_max: default: 32768 minimum: 301
[    0.060040] Mount-cache hash table entries: 2048 (order: 1, 8192 bytes)
[    0.060047] Mountpoint-cache hash table entries: 2048 (order: 1, 8192 bytes)
[    0.060518] CPU: Testing write buffer coherency: ok
[    0.060791] CPU0: thread -1, cpu 0, socket 0, mpidr 80000000
[    0.060852] Setting up static identity map for 0x807b8148 - 0x807b81e0
[    0.062370] CPU1: Booted secondary processor
[    0.119976] CPU1: thread -1, cpu 1, socket 0, mpidr 80000001
[    0.120831] CPU2: Booted secondary processor
[    0.179976] CPU2: thread -1, cpu 2, socket 0, mpidr 80000002
[    0.180833] CPU3: Booted secondary processor
[    0.239977] CPU3: thread -1, cpu 3, socket 0, mpidr 80000003
[    0.240041] Brought up 4 CPUs
[    0.240057] SMP: Total of 4 processors activated.
[    0.240063] CPU: All CPU(s) started in SVC mode.
[    0.240569] devtmpfs: initialized
[    0.243044] VFP support v0.3: implementor 41 architecture 3 part 30 variant 9 rev 4
[    0.243356] pinctrl core: initialized pinctrl subsystem
[    0.243615] regulator-dummy: no parameters
[    0.249768] NET: Registered protocol family 16
[    0.252887] DMA: preallocated 256 KiB pool for atomic coherent allocations
[    0.253479] cpuidle: using governor ladder
[    0.253485] cpuidle: using governor menu
[    0.259630] No ATAGs?
[    0.260765] Serial: AMBA PL011 UART driver
[    0.266585] edma-dma-engine edma-dma-engine.0: Can't allocate PaRAM dummy slot
[    0.266605] edma-dma-engine: probe of edma-dma-engine.0 failed with error -5
[    0.266902] vdd_5v_in: 5000 mV 
[    0.266990] platform 1.regulator: Driver reg-fixed-voltage requests probe deferral
[    0.267022] platform 2.regulator: Driver reg-fixed-voltage requests probe deferral
[    0.267123] vdd_5v_sata: Failed to request enable GPIO30: -517
[    0.267174] reg-fixed-voltage 3.regulator: Failed to register regulator: -517
[    0.267185] platform 3.regulator: Driver reg-fixed-voltage requests probe deferral
[    0.267266] usb1_vbus: Failed to request enable GPIO238: -517
[    0.267308] reg-fixed-voltage 4.regulator: Failed to register regulator: -517
[    0.267318] platform 4.regulator: Driver reg-fixed-voltage requests probe deferral
[    0.267398] usb3_vbus: Failed to request enable GPIO236: -517
[    0.267440] reg-fixed-voltage 5.regulator: Failed to register regulator: -517
[    0.267450] platform 5.regulator: Driver reg-fixed-voltage requests probe deferral
[    0.267484] platform 6.regulator: Driver reg-fixed-voltage requests probe deferral
[    0.267564] sys_3v3_pexs: Failed to request enable GPIO95: -517
[    0.267606] reg-fixed-voltage 7.regulator: Failed to register regulator: -517
[    0.267616] platform 7.regulator: Driver reg-fixed-voltage requests probe deferral
[    0.268805] vgaarb: loaded
[    0.269114] SCSI subsystem initialized
[    0.269262] libata version 3.00 loaded.
[    0.269452] usbcore: registered new interface driver usbfs
[    0.269488] usbcore: registered new interface driver hub
[    0.269546] usbcore: registered new device driver usb
[    0.279984] vdd_1v8_gen: 1800 mV 
[    0.280031] vdd_1v8_gen: supplied by vdd_5v_in
[    0.289965] vddio_ddr_1v2: 1200 mV 
[    0.290452] vddio_ddr_1v2: supplied by vdd_5v_in
[    0.299965] vdd_1v5_gen: 1500 mV 
[    0.300010] vdd_1v5_gen: supplied by vdd_5v_in
[    0.309964] vdd_cpu,vdd_sys: 1000 mV 
[    0.312308] vdd_pexa,vdd_pexb: 1050 mV 
[    0.312336] vdd_pexa,vdd_pexb: supplied by vdd_1v5_gen
[    0.315056] vdd_sata,avdd_plle: 1050 mV 
[    0.315085] vdd_sata,avdd_plle: supplied by vdd_1v5_gen
[    0.319968] vdd_rtc: 1200 mV 
[    0.319998] vdd_rtc: supplied by vdd_5v_in
[    0.329964] vddio_sdmmc,avdd_vdac: 3300 mV 
[    0.330004] vddio_sdmmc,avdd_vdac: supplied by vdd_5v_in
[    0.332698] avdd_dsi_csi,pwrdet_mipi: 1200 mV 
[    0.332727] avdd_dsi_csi,pwrdet_mipi: supplied by vdd_1v8_gen
[    0.339965] vdd_pllm,x,u,a_p_c_s: 1200 mV 
[    0.339993] vdd_pllm,x,u,a_p_c_s: supplied by vdd_1v8_gen
[    0.349964] vdd_ddr_hs: 1000 mV 
[    0.349992] vdd_ddr_hs: supplied by vdd_1v8_gen
[    0.351760] tps62361-vout: 500 <--> 1500 mV at 1160 mV 
[    0.351882] Linux video capture interface: v2.00
[    0.351918] pps_core: LinuxPPS API ver. 1 registered
[    0.351923] pps_core: Software ver. 5.3.6 - Copyright 2005-2007 Rodolfo Giometti <giometti@linux.it>
[    0.351935] PTP clock support registered
[    0.351966] EDAC MC: Ver: 3.0.0
[    0.352375] platform 7000f010.iommu: Driver tegra-smmu requests probe deferral
[    0.352479] Advanced Linux Sound Architecture Driver Initialized.
[    0.353118] Switched to clocksource timer_us
[    0.358722] NET: Registered protocol family 2
[    0.359061] TCP established hash table entries: 8192 (order: 3, 32768 bytes)
[    0.359108] TCP bind hash table entries: 8192 (order: 4, 65536 bytes)
[    0.359191] TCP: Hash tables configured (established 8192 bind 8192)
[    0.359263] TCP: reno registered
[    0.359273] UDP hash table entries: 512 (order: 2, 16384 bytes)
[    0.359338] UDP-Lite hash table entries: 512 (order: 2, 16384 bytes)
[    0.359503] NET: Registered protocol family 1
[    0.359734] RPC: Registered named UNIX socket transport module.
[    0.359740] RPC: Registered udp transport module.
[    0.359744] RPC: Registered tcp transport module.
[    0.359747] RPC: Registered tcp NFSv4.1 backchannel transport module.
[    0.359755] PCI: CLS 0 bytes, default 64
[    0.360881] futex hash table entries: 1024 (order: 4, 65536 bytes)
[    0.361787] bounce pool size: 64 pages
[    0.366975] squashfs: version 4.0 (2009/01/31) Phillip Lougher
[    0.367379] NFS: Registering the id_resolver key type
[    0.367427] Key type id_resolver registered
[    0.367432] Key type id_legacy registered
[    0.367465] msgmni has been set to 1465
[    0.367814] Block layer SCSI generic (bsg) driver version 0.4 loaded (major 249)
[    0.367823] io scheduler noop registered
[    0.367827] io scheduler deadline registered
[    0.367932] io scheduler cfq registered (default)
[    0.370718] platform 3000.pcie-controller: Driver tegra-pcie requests probe deferral
[    0.373182] tegra-apbdma 6000a000.dma: Tegra20 APB DMA driver register 32 channels
[    0.405702] Serial: 8250/16550 driver, 4 ports, IRQ sharing disabled
[    0.406663] Serial: IMX driver
[    0.406863] msm_serial: driver initialized
[    0.407394] console [ttyS0] disabled
[    0.407421] 70006000.serial: ttyS0 at MMIO 0x70006000 (irq = 68, base_baud = 25500000) is a Tegra
[    1.266468] console [ttyS0] enabled
[    1.270357] STMicroelectronics ASC driver initialized
[    1.275805] serial: Freescale lpuart driver
[    1.280087] [drm] Initialized drm 1.1.0 20060810
[    1.285410] tegra-hdmi 54280000.hdmi: failed to get VDD regulator
[    1.291499] platform 54280000.hdmi: Driver tegra-hdmi requests probe deferral
[    1.301980] loop: module loaded
[    1.307551] m25p80 spi32766.1: w25q32 (4096 Kbytes)
[    1.313997] pegasus: v0.9.3 (2013/04/25), Pegasus/Pegasus II USB Ethernet driver
[    1.321417] usbcore: registered new interface driver pegasus
[    1.327104] usbcore: registered new interface driver asix
[    1.332509] usbcore: registered new interface driver ax88179_178a
[    1.338617] usbcore: registered new interface driver cdc_ether
[    1.344471] usbcore: registered new interface driver smsc75xx
[    1.350243] usbcore: registered new interface driver smsc95xx
[    1.356015] usbcore: registered new interface driver net1080
[    1.361680] usbcore: registered new interface driver cdc_subset
[    1.367613] usbcore: registered new interface driver zaurus
[    1.373229] usbcore: registered new interface driver cdc_ncm
[    1.378891] ehci_hcd: USB 2.0 'Enhanced' Host Controller (EHCI) Driver
[    1.385408] ehci-pci: EHCI PCI platform driver
[    1.389866] ehci-platform: EHCI generic platform driver
[    1.395176] ehci-omap: OMAP-EHCI Host Controller driver
[    1.400443] ehci-orion: EHCI orion driver
[    1.404505] SPEAr-ehci: EHCI SPEAr driver
[    1.408569] tegra-ehci: Tegra EHCI driver
[    1.412701] platform 7d004000.usb: Driver tegra-ehci requests probe deferral
[    1.419786] platform 7d008000.usb: Driver tegra-ehci requests probe deferral
[    1.427081] usbcore: registered new interface driver usb-storage
[    1.433380] platform 7d004000.usb-phy: Driver tegra-phy requests probe deferral
[    1.440720] platform 7d008000.usb-phy: Driver tegra-phy requests probe deferral
[    1.448697] mousedev: PS/2 mouse device common for all mice
[    1.455222] tegra_rtc 7000e000.rtc: rtc core: registered 7000e000.rtc as rtc1
[    1.462359] tegra_rtc 7000e000.rtc: Tegra internal Real Time Clock
[    1.481222] tps65910-rtc tps65910-rtc: rtc core: registered tps65910-rtc as rtc0
[    1.488710] i2c /dev entries driver
[    1.493000] usbcore: registered new interface driver uvcvideo
[    1.498740] USB Video Class driver (1.1.1)
[    1.502823] gspca_main: v2.14.0 registered
[    1.508546] sdhci: Secure Digital Host Controller Interface driver
[    1.514720] sdhci: Copyright(c) Pierre Ossman
[    1.519397] sdhci-pltfm: SDHCI platform and OF driver helper
[    1.525464] sdhci-tegra 78000000.sdhci: Got CD GPIO #69.
[    1.530774] sdhci-tegra 78000000.sdhci: Got WP GPIO #155.
[    1.537207] mmc0: no vqmmc regulator found
[    1.541294] mmc0: no vmmc regulator found
[    1.545298] mmc0: Invalid maximum block size, assuming 512 bytes
[    1.593127] mmc0: SDHCI controller on 78000000.sdhci [78000000.sdhci] using ADMA
[    1.601577] mmc1: no vqmmc regulator found
[    1.605675] mmc1: no vmmc regulator found
[    1.609672] mmc1: Invalid maximum block size, assuming 512 bytes
[    1.653124] mmc1: SDHCI controller on 78000600.sdhci [78000600.sdhci] using ADMA
[    1.662764] usbcore: registered new interface driver usbhid
[    1.670338] usbhid: USB HID core driver
[    1.821475] mmc1: new high speed MMC card at address 0001
[    1.827112] mmcblk0: mmc1:0001 SEM16G 14.8 GiB 
[    1.831700] mmcblk0boot0: mmc1:0001 SEM16G partition 1 1.00 MiB
[    1.837683] mmcblk0boot1: mmc1:0001 SEM16G partition 2 1.00 MiB
[    1.843660] mmcblk0rpmb: mmc1:0001 SEM16G partition 3 128 KiB
[    1.853251] Primary GPT is invalid, using alternate GPT.
[    1.858565]  mmcblk0: p1 p2 p3 p4 p5
[    1.866001]  mmcblk0boot1: unknown partition table
[    1.873620]  mmcblk0boot0: unknown partition table
[    2.093955] tegra30-i2s 70080400.i2s: DMA channels sourced from device 70080000.ahub
[    2.109045] tegra-snd-rt5640 sound.4: rt5640-aif1 <-> 70080400.i2s mapping ok
[    2.118280] input: NVIDIA Tegra Beaver Headphones as /devices/soc0/sound.4/sound/card0/input0
[    2.127523] TCP: cubic registered
[    2.130830] NET: Registered protocol family 17
[    2.135402] Key type dns_resolver registered
[    2.139996] ThumbEE CPU extension supported.
[    2.144281] Registering SWP/SWPB emulation handler
[    2.149385] vdd_sata,avdd_plle: disabling
[    2.155501] chargepump_5v: 5000 mV 
[    2.160874] vdd_ddr: 1500 mV 
[    2.163880] vdd_ddr: supplied by vdd_5v_in
[    2.168148] vdd_5v_sata: 5000 mV 
[    2.171470] vdd_5v_sata: supplied by vdd_5v_in
[    2.176072] usb1_vbus: 5000 mV 
[    2.179230] usb1_vbus: supplied by vdd_5v_in
[    2.183672] usb3_vbus: 5000 mV 
[    2.186821] usb3_vbus: supplied by vdd_5v_in
[    2.192617] sys_3v3,vdd_3v3_alw: 3300 mV 
[    2.196651] sys_3v3,vdd_3v3_alw: supplied by vdd_5v_in
[    2.201946] sys_3v3_pexs: 3300 mV 
[    2.205366] sys_3v3_pexs: supplied by sys_3v3,vdd_3v3_alw
[    2.211231] tegra-pcie 3000.pcie-controller: 2x3 configuration
[    2.221567] tegra-pcie 3000.pcie-controller: probing port 0, using 2 lanes
[    2.282681] tegra-pcie 3000.pcie-controller: probing port 2, using 2 lanes
[    2.693282] tegra-pcie 3000.pcie-controller: link 2 down, retrying
[    3.103168] tegra-pcie 3000.pcie-controller: link 2 down, retrying
[    3.513052] tegra-pcie 3000.pcie-controller: link 2 down, retrying
[    3.521246] tegra-pcie 3000.pcie-controller: link 2 down, ignoring
[    3.527533] tegra-pcie 3000.pcie-controller: PCI host bridge to bus 0000:00
[    3.534492] pci_bus 0000:00: root bus resource [mem 0x20000000-0x27ffffff]
[    3.541352] pci_bus 0000:00: root bus resource [mem 0x28000000-0x3fffffff pref]
[    3.548651] pci_bus 0000:00: root bus resource [bus 00-ff]
[    3.554128] pci_bus 0000:00: root bus resource [io  0x1000-0xffff]
[    3.560314] pci 0000:00:01.0: [10de:0e1c] type 01 class 0x060400
[    3.566361] pci 0000:00:01.0: PME# supported from D0 D1 D2 D3hot D3cold
[    3.573097] PCI: bus0: Fast back to back transfers disabled
[    3.578667] pci 0000:00:01.0: bridge configuration invalid ([bus 00-00]), reconfiguring
[    3.586769] pci 0000:01:00.0: [10ec:8168] type 00 class 0x020000
[    3.592778] pci 0000:01:00.0: reg 0x10: [io  0x0000-0x00ff]
[    3.598357] pci 0000:01:00.0: reg 0x18: [mem 0x00000000-0x00000fff 64bit pref]
[    3.605575] pci 0000:01:00.0: reg 0x20: [mem 0x00000000-0x00003fff 64bit pref]
[    3.612824] pci 0000:01:00.0: supports D1 D2
[    3.617090] pci 0000:01:00.0: PME# supported from D0 D1 D2 D3hot D3cold
[    3.623814] PCI: bus1: Fast back to back transfers disabled
[    3.629376] pci_bus 0000:01: busn_res: [bus 01-ff] end is updated to 01
[    3.636038] pci 0000:00:01.0: BAR 9: assigned [mem 0x28000000-0x280fffff 64bit pref]
[    3.643774] pci 0000:00:01.0: BAR 7: assigned [io  0x1000-0x1fff]
[    3.649856] pci 0000:01:00.0: BAR 4: assigned [mem 0x28000000-0x28003fff 64bit pref]
[    3.657597] pci 0000:01:00.0: BAR 2: assigned [mem 0x28004000-0x28004fff 64bit pref]
[    3.665335] pci 0000:01:00.0: BAR 0: assigned [io  0x1000-0x10ff]
[    3.671415] pci 0000:00:01.0: PCI bridge to [bus 01]
[    3.676374] pci 0000:00:01.0:   bridge window [io  0x1000-0x1fff]
[    3.682454] pci 0000:00:01.0:   bridge window [mem 0x28000000-0x280fffff 64bit pref]
[    3.690197] pci 0000:00:01.0: nv_msi_ht_cap_quirk didn't locate host bridge
[    3.697296] r8169 Gigabit Ethernet driver 2.3LK-NAPI loaded
[    3.702882] r8169 0000:01:00.0: enabling device (0140 -> 0143)
[    3.709235] r8169 0000:01:00.0 eth0: RTL8168evl/8111evl at 0xf002e000, 02:04:4b:01:60:a6, XID 0c900800 IRQ 472
[    3.719228] r8169 0000:01:00.0 eth0: jumbo features [frames: 9200 bytes, tx checksumming: ko]
[    3.729230] [drm] Supports vblank timestamp caching Rev 2 (21.10.2013).
[    3.735855] [drm] No driver support for vblank timestamp query.
[    3.741793] host1x drm: No connectors reported connected with modes
[    3.748068] [drm] Cannot find any crtc or sizes - going 1024x768
[    3.767289] Console: switching to colour frame buffer device 128x48
[    3.779574] host1x drm: fb0:  frame buffer device
[    3.784274] host1x drm: registered panic notifier
[    3.788971] [drm] Initialized tegra 0.0.0 20120330 on minor 0
[    3.795173] platform 7d004000.usb: Driver tegra-ehci requests probe deferral
[    3.802549] platform 7d008000.usb: Driver tegra-ehci requests probe deferral
[    3.813917] tegra-ehci 7d004000.usb: EHCI Host Controller
[    3.819315] tegra-ehci 7d004000.usb: new USB bus registered, assigned bus number 1
[    3.827125] tegra-ehci 7d004000.usb: irq 53, io mem 0x7d004000
[    3.843130] tegra-ehci 7d004000.usb: USB 2.0 started, EHCI 1.00
[    3.849463] hub 1-0:1.0: USB hub found
[    3.853240] hub 1-0:1.0: 1 port detected
[    3.857588] tegra-ehci 7d008000.usb: EHCI Host Controller
[    3.862983] tegra-ehci 7d008000.usb: new USB bus registered, assigned bus number 2
[    3.870786] tegra-ehci 7d008000.usb: irq 129, io mem 0x7d008000
[    3.893127] tegra-ehci 7d008000.usb: USB 2.0 started, EHCI 1.00
[    3.899418] hub 2-0:1.0: USB hub found
[    3.903194] hub 2-0:1.0: 1 port detected
[    3.911041] tps65910-rtc tps65910-rtc: setting system clock to 2000-01-01 00:00:02 UTC (946684802)
[    3.923986] ALSA device list:
[    3.926952]   #0: NVIDIA Tegra Beaver
[    3.933147] EXT4-fs (mmcblk0p1): mounting ext3 file system using the ext4 subsystem
[    3.957538] EXT4-fs (mmcblk0p1): warning: mounting fs with errors, running e2fsck is recommended
[    3.967920] EXT4-fs (mmcblk0p1): recovery complete
[    3.972706] EXT4-fs (mmcblk0p1): mounted filesystem with ordered data mode. Opts: (null)
[    3.980817] VFS: Mounted root (ext3 filesystem) on device 179:1.
[    4.005424] devtmpfs: mounted
[    4.008828] Freeing unused kernel memory: 548K (c0a50000 - c0ad9000)
[    4.223156] usb 2-1: new high-speed USB device number 2 using tegra-ehci
bash: cannot set terminal process group (-1): Inappropriate ioctl for device
bash: no job control in this shell
root@(none):/# [    4.704403] asix 2-1:1.0 eth1: register 'asix' at usb-7d008000.usb-1, ASIX AX88772 USB 2.0 Ethernet, 00:50:b6:0f:68:6d
