

U-Boot 2015.04-00466-gedec83e90172 (Mar 14 2016 - 10:42:01)

TEGRA124
Model: Acer Chromebook 13 CB5-311
DRAM:  4 GiB
:   Tegra SD/MMC: 0, Tegra SD/MMC: 1, Tegra SD/MMC: 2
MMC init failed
Using default environment

In:    serial
Out:   serial
Err:   serial
Net:   Net Initialization Skipped
No ethernet found.
Hit any key to stop autoboot:  2  0 
Tegra124 (Nyan-big) # 
Tegra124 (Nyan-big) # usb start
starting USB...
USB0:   USB EHCI 1.10
scanning bus 0 for devices... 2 USB Device(s) found
USB1:   USB EHCI 1.10
scanning bus 1 for devices... 2 USB Device(s) found
       scanning usb for storage devices... 1 Storage Device(s) found
       scanning usb for ethernet devices... 
Warning: asx0 using MAC address from net device
1 Ethernet Device(s) found
Tegra124 (Nyan-big) # setenv bootargs 'ignore_loglevel console=ttyS0,115200n8 rw root=PARTUUID=4d36e82a-b3c0-4b4b-bfcd-afe5217ac023 rootwait gpt debug noinitrd earlyprintk init=/bin/bash'
Tegra124 (Nyan-big) # setenv ipaddr 192.168.100.102; setenv serverip 192.168.100.1; setenv tftpserverip 192.168.100.1
Tegra124 (Nyan-big) # tftpboot 0x82000000 zImage.multi_v7_defconfig
Using asx0 device
TFTP from server 192.168.100.1; our IP address is 192.168.100.102
Filename 'zImage.multi_v7_defconfig'.
Load address: 0x82000000
Loading: *#################################################################
	 #################################################################
	 #################################################################
	 #################################################################
	 #################################################################
	 #################################################################
	 #################################################################
	 #######################################
	 3.5 MiB/s
done
Bytes transferred = 7239896 (6e78d8 hex)
Tegra124 (Nyan-big) # tftpboot 0x83000000 tegra124-nyan-big.dtb
Using asx0 device
TFTP from server 192.168.100.1; our IP address is 192.168.100.102
Filename 'tegra124-nyan-big.dtb'.
Load address: 0x83000000
Loading: *#####
	 2.8 MiB/s
done
Bytes transferred = 66901 (10555 hex)
Tegra124 (Nyan-big) # bootz 0x82000000 - 0x83000000
Kernel image @ 0x82000000 [ 0x000000 - 0x6e78d8 ]
## Flattened Device Tree blob at 83000000
   Booting using the fdt blob at 0x83000000
   Using Device Tree in place at 83000000, end 83013554

Starting kernel ...

[    0.000000] Booting Linux on physical CPU 0x0
[    0.000000] Linux version 4.7.0-rc2-95420-gaf8c34c (pwalmsley@sellafield) (gcc version 4.7.3 20130328 (prerelease) (crosstool-NG linaro-1.13.1-4.7-2013.04-20130415 - Linaro GCC 2013.04) ) #1 SMP Sun Jun 5 15:04:22 PDT 2016
[    0.000000] CPU: ARMv7 Processor [413fc0f3] revision 3 (ARMv7), cr=10c5387d
[    0.000000] CPU: div instructions available: patching division code
[    0.000000] CPU: PIPT / VIPT nonaliasing data cache, PIPT instruction cache
[    0.000000] Machine model: Acer Chromebook 13 CB5-311
[    0.000000] Ignoring memory range 0x100000000 - 0x17ffff000
[    0.000000] debug: ignoring loglevel setting.
[    0.000000] cma: Reserved 64 MiB at 0xfb800000
[    0.000000] Memory policy: Data cache writealloc
[    0.000000] On node 0 totalpages: 524287
[    0.000000] free_area_init_node: node 0, pgdat c141bb40, node_mem_map eeff8000
[    0.000000]   DMA zone: 1536 pages used for memmap
[    0.000000]   DMA zone: 0 pages reserved
[    0.000000]   DMA zone: 196608 pages, LIFO batch:31
[    0.000000]   HighMem zone: 327679 pages, LIFO batch:31
[    0.000000] percpu: Embedded 13 pages/cpu @eef89000 s23808 r8192 d21248 u53248
[    0.000000] pcpu-alloc: s23808 r8192 d21248 u53248 alloc=13*4096
[    0.000000] pcpu-alloc: [0] 0 [0] 1 [0] 2 [0] 3 
[    0.000000] Built 1 zonelists in Zone order, mobility grouping on.  Total pages: 522751
[    0.000000] Kernel command line: ignore_loglevel console=ttyS0,115200n8 rw root=PARTUUID=4d36e82a-b3c0-4b4b-bfcd-afe5217ac023 rootwait gpt debug noinitrd earlyprintk init=/bin/bash
[    0.000000] PID hash table entries: 4096 (order: 2, 16384 bytes)
[    0.000000] Dentry cache hash table entries: 131072 (order: 7, 524288 bytes)
[    0.000000] Inode-cache hash table entries: 65536 (order: 6, 262144 bytes)
[    0.000000] Memory: 1996016K/2097148K available (9529K kernel code, 1142K rwdata, 4476K rodata, 2048K init, 343K bss, 35596K reserved, 65536K cma-reserved, 1245180K highmem)
[    0.000000] Virtual kernel memory layout:
[    0.000000]     vector  : 0xffff0000 - 0xffff1000   (   4 kB)
[    0.000000]     fixmap  : 0xffc00000 - 0xfff00000   (3072 kB)
[    0.000000]     vmalloc : 0xf0800000 - 0xff800000   ( 240 MB)
[    0.000000]     lowmem  : 0xc0000000 - 0xf0000000   ( 768 MB)
[    0.000000]     pkmap   : 0xbfe00000 - 0xc0000000   (   2 MB)
[    0.000000]     modules : 0xbf000000 - 0xbfe00000   (  14 MB)
[    0.000000]       .text : 0xc0208000 - 0xc10ad594   (14998 kB)
[    0.000000]       .init : 0xc1100000 - 0xc1300000   (2048 kB)
[    0.000000]       .data : 0xc1300000 - 0xc141dba0   (1143 kB)
[    0.000000]        .bss : 0xc141f000 - 0xc1474ca0   ( 344 kB)
[    0.000000] SLUB: HWalign=64, Order=0-3, MinObjects=0, CPUs=4, Nodes=1
[    0.000000] Hierarchical RCU implementation.
[    0.000000] 	Build-time adjustment of leaf fanout to 32.
[    0.000000] 	RCU restricting CPUs from NR_CPUS=16 to nr_cpu_ids=4.
[    0.000000] RCU: Adjusting geometry for rcu_fanout_leaf=32, nr_cpu_ids=4
[    0.000000] NR_IRQS:16 nr_irqs:16 16
[    0.000000] /interrupt-controller@60004000: 160 interrupts forwarded to /interrupt-controller@0,50041000
[    0.000000] Tegra clk 127: register failed with -17
[    0.000003] sched_clock: 32 bits at 1000kHz, resolution 1000ns, wraps every 2147483647500ns
[    0.000012] clocksource: timer_us: mask: 0xffffffff max_cycles: 0xffffffff, max_idle_ns: 1911260446275 ns
[    0.000018] Switching to timer-based delay loop, resolution 1000ns
[    0.001757] Architected cp15 timer(s) running at 12.00MHz (virt).
[    0.001764] clocksource: arch_sys_counter: mask: 0xffffffffffffff max_cycles: 0x2c47f4ee7, max_idle_ns: 440795202497 ns
[    0.001770] sched_clock: 56 bits at 12MHz, resolution 83ns, wraps every 4398046511096ns
[    0.001774] Switching to timer-based delay loop, resolution 83ns
[    0.001980] Console: colour dummy device 80x30
[    0.001992] Calibrating delay loop (skipped), value calculated using timer frequency.. 24.00 BogoMIPS (lpj=60000)
[    0.001998] pid_max: default: 32768 minimum: 301
[    0.002036] Mount-cache hash table entries: 2048 (order: 1, 8192 bytes)
[    0.002040] Mountpoint-cache hash table entries: 2048 (order: 1, 8192 bytes)
[    0.002286] CPU: Testing write buffer coherency: ok
[    0.002399] /cpus/cpu@0 missing clock-frequency property
[    0.002414] /cpus/cpu@1 missing clock-frequency property
[    0.002428] /cpus/cpu@2 missing clock-frequency property
[    0.002443] /cpus/cpu@3 missing clock-frequency property
[    0.002448] CPU0: thread -1, cpu 0, socket 0, mpidr 80000000
[    0.002457] Setting up static identity map for 0x80300000 - 0x80300098
[    0.003696] Tegra Revision: A01 SKU: 131 CPU Process: 1 SoC Process: 1
[    0.004293] CPU1: thread -1, cpu 1, socket 0, mpidr 80000001
[    0.006935] CPU2: thread -1, cpu 2, socket 0, mpidr 80000002
[    0.011930] CPU3: thread -1, cpu 3, socket 0, mpidr 80000003
[    0.016655] Brought up 4 CPUs
[    0.016663] SMP: Total of 4 processors activated (96.00 BogoMIPS).
[    0.016666] CPU: All CPU(s) started in SVC mode.
[    0.017204] devtmpfs: initialized
[    0.023491] VFP support v0.3: implementor 41 architecture 4 part 30 variant f rev 0
[    0.023763] clocksource: jiffies: mask: 0xffffffff max_cycles: 0xffffffff, max_idle_ns: 9556302231375000 ns
[    0.024285] pinctrl core: initialized pinctrl subsystem
[    0.024960] NET: Registered protocol family 16
[    0.025634] DMA: preallocated 256 KiB pool for atomic coherent allocations
[    0.036688] cpuidle: using governor menu
[    0.043044] No ATAGs?
[    0.043055] hw-breakpoint: found 5 (+1 reserved) breakpoint and 4 watchpoint registers.
[    0.043060] hw-breakpoint: maximum watchpoint size is 8 bytes.
[    0.045152] Serial: AMBA PL011 UART driver
[    0.046121] tegra-mc 70019000.memory-controller: no memory timings for RAM code 0 registered
[    0.063434] +5V_SYS: supplied by +VDD_MUX
[    0.063540] +3.3V_SYS: supplied by +VDD_MUX
[    0.063761] +VDD_LED: Failed to request enable GPIO122: -517
[    0.063766] reg-fixed-voltage regulators:regulator@5: Failed to register regulator: -517
[    0.063796] +5V_VDD_TS_SW: Failed to request enable GPIO81: -517
[    0.063801] reg-fixed-voltage regulators:regulator@6: Failed to register regulator: -517
[    0.063831] +5V_USB_HS: Failed to request enable GPIO108: -517
[    0.063835] reg-fixed-voltage regulators:regulator@7: Failed to register regulator: -517
[    0.063864] +5V_USB_SS: Failed to request enable GPIO109: -517
[    0.063868] reg-fixed-voltage regulators:regulator@8: Failed to register regulator: -517
[    0.063948] +1.05V_RUN_AVDD_HDMI_PLL: Failed to request enable GPIO63: -517
[    0.063952] reg-fixed-voltage regulators:regulator@11: Failed to register regulator: -517
[    0.063981] +5V_HDMI_CON: Failed to request enable GPIO86: -517
[    0.063985] reg-fixed-voltage regulators:regulator@12: Failed to register regulator: -517
[    0.065104] vgaarb: loaded
[    0.065390] SCSI subsystem initialized
[    0.065455] libata version 3.00 loaded.
[    0.065554] usbcore: registered new interface driver usbfs
[    0.065577] usbcore: registered new interface driver hub
[    0.065605] usbcore: registered new device driver usb
[    0.067008] pps_core: LinuxPPS API ver. 1 registered
[    0.067012] pps_core: Software ver. 5.3.6 - Copyright 2005-2007 Rodolfo Giometti <giometti@linux.it>
[    0.067020] PTP clock support registered
[    0.067091] EDAC MC: Ver: 3.0.0
[    0.067526] tegra-emc 7001b000.emc: no memory timings for RAM code 0 found in DT
[    0.067535] tegra-emc: probe of 7001b000.emc failed with error -2
[    0.068024] clocksource: Switched to clocksource arch_sys_counter
[    0.071653] NET: Registered protocol family 2
[    0.071864] TCP established hash table entries: 8192 (order: 3, 32768 bytes)
[    0.071897] TCP bind hash table entries: 8192 (order: 4, 65536 bytes)
[    0.071959] TCP: Hash tables configured (established 8192 bind 8192)
[    0.071981] UDP hash table entries: 512 (order: 2, 16384 bytes)
[    0.071995] UDP-Lite hash table entries: 512 (order: 2, 16384 bytes)
[    0.072056] NET: Registered protocol family 1
[    0.072160] RPC: Registered named UNIX socket transport module.
[    0.072164] RPC: Registered udp transport module.
[    0.072166] RPC: Registered tcp transport module.
[    0.072169] RPC: Registered tcp NFSv4.1 backchannel transport module.
[    0.072173] PCI: CLS 0 bytes, default 64
[    0.072616] hw perfevents: enabled with armv7_cortex_a15 PMU driver, 7 counters available
[    0.073169] futex hash table entries: 1024 (order: 4, 65536 bytes)
[    0.073451] workingset: timestamp_bits=28 max_order=19 bucket_order=0
[    0.077222] squashfs: version 4.0 (2009/01/31) Phillip Lougher
[    0.077525] NFS: Registering the id_resolver key type
[    0.077542] Key type id_resolver registered
[    0.077545] Key type id_legacy registered
[    0.077562] ntfs: driver 2.1.32 [Flags: R/O].
[    0.078043] bounce: pool size: 64 pages
[    0.078116] Block layer SCSI generic (bsg) driver version 0.4 loaded (major 248)
[    0.078120] io scheduler noop registered
[    0.078123] io scheduler deadline registered
[    0.078134] io scheduler cfq registered (default)
[    0.080038] tegra-xusb-padctl 7009f000.padctl: failed to setup XUSB ports: -517
[    0.088882] tegra-apbdma 60020000.dma: Tegra20 APB DMA driver register 32 channels
[    0.089579] tegra-pmc 7000e400.pmc: i2c-thermtrip node not found, emergency thermal reset disabled.
[    0.110700] Serial: 8250/16550 driver, 4 ports, IRQ sharing disabled
[    0.111845] console [ttyS0] disabled
[    0.111861] 70006000.serial: ttyS0 at MMIO 0x70006000 (irq = 331, base_baud = 25500000) is a Tegra
[    0.964746] console [ttyS0] enabled
[    0.968537] SuperH (H)SCI(F) driver initialized
[    0.973423] msm_serial: driver initialized
[    0.977573] STMicroelectronics ASC driver initialized
[    0.984051] [drm] Initialized drm 1.1.0 20060810
[    0.990085] tegra-hdmi 54280000.hdmi: failed to get HDMI regulator
[    0.996641] tegra-dpaux 545c0000.dpaux: failed to get VDD supply: -517
[    1.003859] panel supply power not found, using dummy regulator
[    1.013559] brd: module loaded
[    1.018707] loop: module loaded
[    1.022743] as3722 4-0040: AS3722 with revision 0x1 found
[    1.032457] as3722-sd2: supplied by +5V_SYS
[    1.036884] as3722-sd3: supplied by +5V_SYS
[    1.041224] +1.35V_LP0(sd3): Bringing 0uV into 1350000-1350000uV
[    1.047407] as3722-sd4: supplied by +5V_SYS
[    1.051743] +1.05V_RUN: Bringing 0uV into 1050000-1050000uV
[    1.057488] as3722-sd5: supplied by +5V_SYS
[    1.063089] as3722-ldo0: supplied by +1.35V_LP0(sd2)
[    1.068826] +1.8V_RUN_CAM: Bringing 0uV into 1800000-1800000uV
[    1.074854] as3722-ldo2: supplied by +1.8V_VDDIO
[    1.080475] as3722-ldo3: supplied by +3.3V_SYS
[    1.084927] +1.00V_LP0_VDD_RTC: Bringing 1100000uV into 1000000-1000000uV
[    1.092505] as3722-ldo4: supplied by +3.3V_SYS
[    1.097104] +3.3V_RUN_CAM: Bringing 0uV into 2800000-2800000uV
[    1.103132] as3722-ldo5: supplied by +1.8V_VDDIO
[    1.107894] +1.2V_RUN_CAM_FRONT: Bringing 0uV into 1200000-1200000uV
[    1.114586] +VDDIO_SDMMC3: Bringing 0uV into 1800000-1800000uV
[    1.120620] as3722-ldo7: supplied by +1.8V_VDDIO
[    1.125390] +1.05V_RUN_CAM_REAR: Bringing 0uV into 1050000-1050000uV
[    1.131954] as3722-ldo9: supplied by +5V_SYS
[    1.136518] +2.8V_RUN_TOUCH: Bringing 0uV into 2800000-2800000uV
[    1.142728] as3722-ldo10: supplied by +5V_SYS
[    1.147236] +2.8V_RUN_CAM_AF: Bringing 0uV into 2800000-2800000uV
[    1.153688] +1.8V_RUN_VPP_FUSE: Bringing 0uV into 1800000-1800000uV
[    1.171965] m25p80 spi32765.0: w25q32dw (4096 Kbytes)
[    1.178240] libphy: Fixed MDIO Bus: probed
[    1.182564] CAN device driver interface
[    1.187114] igb: Intel(R) Gigabit Ethernet Network Driver - version 5.3.0-k
[    1.194065] igb: Copyright (c) 2007-2014 Intel Corporation.
[    1.200790] pegasus: v0.9.3 (2013/04/25), Pegasus/Pegasus II USB Ethernet driver
[    1.208200] usbcore: registered new interface driver pegasus
[    1.213870] usbcore: registered new interface driver asix
[    1.219273] usbcore: registered new interface driver ax88179_178a
[    1.225369] usbcore: registered new interface driver cdc_ether
[    1.231212] usbcore: registered new interface driver smsc75xx
[    1.236968] usbcore: registered new interface driver smsc95xx
[    1.242718] usbcore: registered new interface driver net1080
[    1.248383] usbcore: registered new interface driver cdc_subset
[    1.254306] usbcore: registered new interface driver zaurus
[    1.259896] usbcore: registered new interface driver cdc_ncm
[    1.266264] ehci_hcd: USB 2.0 'Enhanced' Host Controller (EHCI) Driver
[    1.272781] ehci-pci: EHCI PCI platform driver
[    1.277232] ehci-platform: EHCI generic platform driver
[    1.282522] ehci-omap: OMAP-EHCI Host Controller driver
[    1.287788] ehci-orion: EHCI orion driver
[    1.291840] SPEAr-ehci: EHCI SPEAr driver
[    1.295896] ehci-st: EHCI STMicroelectronics driver
[    1.300816] ehci-exynos: EHCI EXYNOS driver
[    1.305049] ehci-atmel: EHCI Atmel driver
[    1.309102] tegra-ehci: Tegra EHCI driver
[    1.313171] ohci_hcd: USB 1.1 'Open' Host Controller (OHCI) Driver
[    1.319344] ohci-pci: OHCI PCI platform driver
[    1.323795] ohci-platform: OHCI generic platform driver
[    1.329070] ohci-omap3: OHCI OMAP3 driver
[    1.333122] SPEAr-ohci: OHCI SPEAr driver
[    1.337169] ohci-st: OHCI STMicroelectronics driver
[    1.342089] ohci-atmel: OHCI Atmel driver
[    1.346364] usbcore: registered new interface driver usb-storage
[    1.352956] mousedev: PS/2 mouse device common for all mice
[    1.359246] 1-0015 supply vcc not found, using dummy regulator
[    1.366449] as3722-rtc as3722-rtc: rtc core: registered as3722-rtc as rtc0
[    1.373314] as3722-rtc as3722-rtc: RTC interrupt 370
[    1.380228] tegra_rtc 7000e000.rtc: rtc core: registered 7000e000.rtc as rtc1
[    1.387368] tegra_rtc 7000e000.rtc: Tegra internal Real Time Clock
[    1.393737] i2c /dev entries driver
[    1.399629] 0-004c supply vcc not found, using dummy regulator
[    1.409519] sdhci: Secure Digital Host Controller Interface driver
[    1.415700] sdhci: Copyright(c) Pierre Ossman
[    1.420613] Synopsys Designware Multimedia Card Interface Driver
[    1.427008] sdhci-pltfm: SDHCI platform and OF driver helper
[    1.432955] sdhci-tegra 700b0000.sdhci: allocated mmc-pwrseq
[    1.438622] mmc0: Unknown controller version (3). You may experience problems.
[    1.445985] sdhci-tegra 700b0400.sdhci: Got CD GPIO
[    1.450865] sdhci-tegra 700b0400.sdhci: Got WP GPIO
[    1.455756] mmc0: Unknown controller version (3). You may experience problems.
[    1.463087] mmc0: Unknown controller version (3). You may experience problems.
[    1.470344] mmc0: Invalid maximum block size, assuming 512 bytes
[    1.508032] mmc0: SDHCI controller on 700b0600.sdhci [700b0600.sdhci] using ADMA 64-bit
[    1.516612] ledtrig-cpu: registered to indicate activity on CPUs
[    1.522728] usbcore: registered new interface driver usbhid
[    1.528292] usbhid: USB HID core driver
[    1.534246] NET: Registered protocol family 10
[    1.538996] sit: IPv6 over IPv4 tunneling driver
[    1.543957] NET: Registered protocol family 17
[    1.548407] can: controller area network core (rev 20120528 abi 9)
[    1.554614] NET: Registered protocol family 29
[    1.559056] can: raw protocol (rev 20120528)
[    1.563325] can: broadcast manager protocol (rev 20120528 t)
[    1.568982] can: netlink gateway (rev 20130117) max_hops=1
[    1.574628] Key type dns_resolver registered
[    1.579158] ThumbEE CPU extension supported.
[    1.583431] Registering SWP/SWPB emulation handler
[    1.590129] +3.3V_RUN: supplied by +3.3V_SYS
[    1.595084] +3.3V_AVDD_HDMI_AP_GATED: supplied by +3.3V_RUN
[    1.597551] input: Elan Touchpad as /devices/soc0/7000c400.i2c/i2c-1/1-0015/input/input0
[    1.608855] +1.8V_RUN_CAM: supplied by +3.3V_RUN
[    1.613573] +VDDIO_SDMMC3: supplied by +3.3V_RUN
[    1.618213] +1.8V_RUN_VPP_FUSE: supplied by +3.3V_RUN
[    1.623544] +VDD_LED: supplied by +VDD_MUX
[    1.627823] +5V_VDD_TS_SW: supplied by +5V_SYS
[    1.632616] +5V_USB_HS: supplied by +5V_SYS
[    1.637281] +5V_USB_SS: supplied by +5V_SYS
[    1.639792] mmc0: new high speed MMC card at address 0001
[    1.640543] mmcblk0: mmc0:0001 MMC16G 14.4 GiB 
[    1.641146] mmcblk0boot0: mmc0:0001 MMC16G partition 1 2.00 MiB
[    1.641572] mmcblk0boot1: mmc0:0001 MMC16G partition 2 2.00 MiB
[    1.641971] mmcblk0rpmb: mmc0:0001 MMC16G partition 3 128 KiB
[    1.647675]  mmcblk0: p1 p2 p3 p4 p5 p6 p7 p8 p9 p10 p11 p12
[    1.675705] +3.3V_PANEL: supplied by +3.3V_RUN
[    1.680920] +3.3V_LP0: supplied by +3.3V_SYS
[    1.685832] +1.05V_RUN_AVDD_HDMI_PLL: supplied by +1.05V_RUN
[    1.686081] elan_i2c 1-0015: failed to read report data: -121
[    1.697604] +5V_HDMI_CON: supplied by +5V_SYS
[    1.702842] usb3-0 supply vbus not found, using dummy regulator
[    1.708877] usb3-1 supply vbus not found, using dummy regulator
[    1.718275] tegra-sor 54540000.sor: failed to probe output: -517
[    1.725008] panel supply power not found, using dummy regulator
[    1.731571] sdhci-tegra 700b0000.sdhci: allocated mmc-pwrseq
[    1.737246] mmc1: Unknown controller version (3). You may experience problems.
[    1.744714] mmc1: Invalid maximum block size, assuming 512 bytes
[    1.751089] +1.8V_VDDIO: voltage operation not allowed
[    1.756265] mmc1: Switching to 3.3V signalling voltage failed
[    1.788116] mmc1: SDHCI controller on 700b0000.sdhci [700b0000.sdhci] using ADMA 64-bit
[    1.796865] sdhci-tegra 700b0400.sdhci: Got CD GPIO
[    1.801764] sdhci-tegra 700b0400.sdhci: Got WP GPIO
[    1.806675] mmc2: Unknown controller version (3). You may experience problems.
[    1.814091] mmc2: Invalid maximum block size, assuming 512 bytes
[    1.825989] elan_i2c 1-0015: invalid report id data (ff)
[    1.853268] mmc2: SDHCI controller on 700b0400.sdhci [700b0400.sdhci] using ADMA 64-bit
[    1.884596] mmc1: new high speed SDIO card at address 0001
[    1.955737] [drm] Supports vblank timestamp caching Rev 2 (21.10.2013).
[    1.962360] [drm] No driver support for vblank timestamp query.
[    2.010759] mmc2: new high speed SDHC card at address 0007
[    2.011371] mmcblk2: mmc2:0007 SD08G 7.42 GiB 
[    2.020290] GPT:Primary header alternate_lba != Alt. header my_lba
[    2.020294] GPT:3014591 != 15564799
[    2.020295] GPT:Primary header thinks Alt. header is not at the end of the disk.
[    2.020296] GPT:3014591 != 15564799
[    2.020297] GPT: Use GNU Parted to correct GPT errors.
[    2.020322]  mmcblk2: p1 p2 p3 p4 p5 p6 p7 p8 p9 p10 p11 p12
[    2.024358] Console: switching to colour frame buffer device 170x48
[    2.075793] drm drm: fb0:  frame buffer device
[    2.093119] [drm] Initialized tegra 0.0.0 20120330 on minor 0
[    2.100040] input: gpio-keys as /devices/soc0/gpio-keys/input/input1
[    2.107833] as3722-rtc as3722-rtc: setting system clock to 2000-01-01 00:00:22 UTC (946684822)
[    2.120417] +1.8V_RUN_CAM: disabling
[    2.124217] +3.3V_RUN_CAM: disabling
[    2.127950] +1.2V_RUN_CAM_FRONT: disabling
[    2.132228] +1.05V_RUN_CAM_REAR: disabling
[    2.136529] +2.8V_RUN_TOUCH: disabling
[    2.140512] +2.8V_RUN_CAM_AF: disabling
[    2.144554] +1.8V_RUN_VPP_FUSE: disabling
[    2.148740] +5V_VDD_TS_SW: disabling
[    2.152312] +5V_USB_HS: disabling
[    2.155645] +5V_USB_SS: disabling
[    2.159923] EXT4-fs (mmcblk0p3): couldn't mount as ext3 due to feature incompatibilities
[    2.168634] EXT4-fs (mmcblk0p3): couldn't mount as ext2 due to feature incompatibilities
[    2.620938] EXT4-fs (mmcblk0p3): recovery complete
[    2.625753] EXT4-fs (mmcblk0p3): mounted filesystem with ordered data mode. Opts: (null)
[    2.633875] VFS: Mounted root (ext4 filesystem) on device 179:3.
[    2.641031] devtmpfs: mounted
[    2.644722] Freeing unused kernel memory: 2048K (c1100000 - c1300000)
bash: cannot set terminal process group (-1): Inappropriate ioctl for device
bash: no job control in this shell
root@(none):/# mount -t sysfs none /sys
root@(none):/# 
root@(none):/# mount -t debugfs none /sys/kernel/debug
root@(none):/# 
root@(none):/# rtcwake -d rtc1 -m mem -s 3
rtcwake: assuming RTC uses UTC ...
rtcwake: wakeup from "mem" using /dev/rtc1 at Thu Jan  1 00:00:27 1970
[    5.832841] PM: Syncing filesystems ... done.
[    5.842868] Freezing user space processes ... (elapsed 0.001 seconds) done.
[    5.851027] Freezing remaining freezable tasks ... (elapsed 0.001 seconds) done.
[    5.859661] Suspending console(s) (use no_console_suspend to debug)
[    5.919495] PM: suspend of devices complete after 53.013 msecs
[    5.920720] PM: late suspend of devices complete after 1.215 msecs
[    5.921465] PM: noirq suspend of devices complete after 0.740 msecs
[    5.921467] Disabling non-boot CPUs ...
[    5.921872] CPU1: shutdown
[    5.934044] CPU2: shutdown
[    5.953797] IRQ17 no longer affine to CPU3
[    5.953977] CPU3: shutdown
[    5.968471] Entering suspend state LP1
[    5.968484] Enabling non-boot CPUs ...
[    5.993697] CPU1 is up
[    6.018721] CPU2 is up
[    6.043825] CPU3 is up
[    6.044331] PM: noirq resume of devices complete after 0.502 msecs
[    6.045783] PM: early resume of devices complete after 1.153 msecs
[    6.189987] +1.8V_VDDIO: voltage operation not allowed
[    6.189990] mmc1: Switching to 3.3V signalling voltage failed
[    6.252339] PM: resume of devices complete after 206.546 msecs
[    6.331027] Restarting tasks ... done.
root@(none):/# 
root@(none):/# rtcwake -d rtc1 -m mem -s 3
rtcwake: assuming RTC uses UTC ...
rtcwake: wakeup from "mem" using /dev/rtc1 at Thu Jan  1 00:00:31 1970
[    6.742817] PM: Syncing filesystems ... done.
[    6.752241] Freezing user space processes ... (elapsed 0.001 seconds) done.
[    6.760425] Freezing remaining freezable tasks ... (elapsed 0.001 seconds) done.
[    6.769057] Suspending console(s) (use no_console_suspend to debug)
[    6.829566] PM: suspend of devices complete after 53.688 msecs
[    6.830383] PM: late suspend of devices complete after 0.812 msecs
[    6.831041] PM: noirq suspend of devices complete after 0.655 msecs
[    6.831043] Disabling non-boot CPUs ...
[    6.831431] CPU1: shutdown
[    6.844051] CPU2: shutdown
[    6.868726] IRQ17 no longer affine to CPU3
[    6.868912] CPU3: shutdown
[    6.883450] Entering suspend state LP1
[    6.883463] Enabling non-boot CPUs ...
[    6.908681] CPU1 is up
[    6.933703] CPU2 is up
[    6.958809] CPU3 is up
[    6.959295] PM: noirq resume of devices complete after 0.481 msecs
[    6.960482] PM: early resume of devices complete after 0.870 msecs
[    7.104977] +1.8V_VDDIO: voltage operation not allowed
[    7.104982] mmc1: Switching to 3.3V signalling voltage failed
[    7.167372] PM: resume of devices complete after 206.879 msecs
[    7.246063] Restarting tasks ... done.
root@(none):/# 
root@(none):/# rtcwake -d rtc1 -m mem -s 3
rtcwake: assuming RTC uses UTC ...
rtcwake: wakeup from "mem" using /dev/rtc1 at Thu Jan  1 00:00:35 1970
[    7.657248] PM: Syncing filesystems ... done.
[    7.666711] Freezing user space processes ... (elapsed 0.001 seconds) done.
[    7.674895] Freezing remaining freezable tasks ... (elapsed 0.001 seconds) done.
[    7.683582] Suspending console(s) (use no_console_suspend to debug)
[    7.744614] PM: suspend of devices complete after 54.210 msecs
[    7.745862] PM: late suspend of devices complete after 1.238 msecs
[    7.746613] PM: noirq suspend of devices complete after 0.746 msecs
[    7.746614] Disabling non-boot CPUs ...
[    7.746982] CPU1: shutdown
[    7.769026] CPU2: shutdown
[    7.798676] IRQ17 no longer affine to CPU3
[    7.798866] CPU3: shutdown
[    7.813432] Entering suspend state LP1
[    7.813446] Enabling non-boot CPUs ...
[    7.838655] CPU1 is up
[    7.863680] CPU2 is up
[    7.888782] CPU3 is up
[    7.889256] PM: noirq resume of devices complete after 0.469 msecs
[    7.890624] PM: early resume of devices complete after 1.064 msecs
[    8.035781] +1.8V_VDDIO: voltage operation not allowed
[    8.035786] mmc1: Switching to 3.3V signalling voltage failed
[    8.097890] PM: resume of devices complete after 207.255 msecs
[    8.177178] Restarting tasks ... done.
root@(none):/# 
root@(none):/# rtcwake -d rtc1 -m mem -s 3
rtcwake: assuming RTC uses UTC ...
rtcwake: wakeup from "mem" using /dev/rtc1 at Thu Jan  1 00:00:39 1970
[    8.587508] PM: Syncing filesystems ... done.
[    8.597078] Freezing user space processes ... (elapsed 0.001 seconds) done.
[    8.605266] Freezing remaining freezable tasks ... (elapsed 0.001 seconds) done.
[    8.613923] Suspending console(s) (use no_console_suspend to debug)
[    8.679547] PM: suspend of devices complete after 58.804 msecs
[    8.680747] PM: late suspend of devices complete after 1.190 msecs
[    8.681493] PM: noirq suspend of devices complete after 0.741 msecs
[    8.681495] Disabling non-boot CPUs ...
[    8.681869] CPU1: shutdown
[    8.698791] IRQ17 no longer affine to CPU2
[    8.698984] CPU2: shutdown
[    8.723871] CPU3: shutdown
[    8.738402] Entering suspend state LP1
[    8.738415] Enabling non-boot CPUs ...
[    8.763631] CPU1 is up
[    8.788660] CPU2 is up
[    8.813763] CPU3 is up
[    8.814239] PM: noirq resume of devices complete after 0.471 msecs
[    8.815665] PM: early resume of devices complete after 1.136 msecs
[    8.959931] +1.8V_VDDIO: voltage operation not allowed
[    8.959936] mmc1: Switching to 3.3V signalling voltage failed
[    9.022690] PM: resume of devices complete after 207.013 msecs
[    9.101367] Restarting tasks ... done.
root@(none):/# 
root@(none):/# rtcwake -d rtc1 -m mem -s 3
rtcwake: assuming RTC uses UTC ...
rtcwake: wakeup from "mem" using /dev/rtc1 at Thu Jan  1 00:00:43 1970
[    9.512558] PM: Syncing filesystems ... done.
[    9.521983] Freezing user space processes ... (elapsed 0.001 seconds) done.
[    9.530176] Freezing remaining freezable tasks ... (elapsed 0.001 seconds) done.
[    9.538785] Suspending console(s) (use no_console_suspend to debug)
[    9.604522] PM: suspend of devices complete after 58.915 msecs
[    9.605725] PM: late suspend of devices complete after 1.194 msecs
[    9.606472] PM: noirq suspend of devices complete after 0.742 msecs
[    9.606473] Disabling non-boot CPUs ...
[    9.606851] CPU1: shutdown
[    9.623776] IRQ17 no longer affine to CPU2
[    9.623969] CPU2: shutdown
[    9.648851] CPU3: shutdown
[    9.663378] Entering suspend state LP1
[    9.663391] Enabling non-boot CPUs ...
[    9.688607] CPU1 is up
[    9.713635] CPU2 is up
[    9.738736] CPU3 is up
[    9.739218] PM: noirq resume of devices complete after 0.477 msecs
[    9.740465] PM: early resume of devices complete after 0.929 msecs
[    9.885115] +1.8V_VDDIO: voltage operation not allowed
[    9.885123] mmc1: Switching to 3.3V signalling voltage failed
[    9.947608] PM: resume of devices complete after 207.133 msecs
[   10.026302] Restarting tasks ... done.
root@(none):/# 
root@(none):/# rtcwake -d rtc1 -m mem -s 3
rtcwake: assuming RTC uses UTC ...
rtcwake: wakeup from "mem" using /dev/rtc1 at Thu Jan  1 00:00:47 1970
[   10.437871] PM: Syncing filesystems ... done.
[   10.447447] Freezing user space processes ... (elapsed 0.001 seconds) done.
[   10.455631] Freezing remaining freezable tasks ... (elapsed 0.001 seconds) done.
[   10.464241] Suspending console(s) (use no_console_suspend to debug)
[   10.529500] PM: suspend of devices complete after 58.436 msecs
[   10.530711] PM: late suspend of devices complete after 1.202 msecs
[   10.531456] PM: noirq suspend of devices complete after 0.740 msecs
[   10.531458] Disabling non-boot CPUs ...
[   10.531832] CPU1: shutdown
[   10.553755] IRQ17 no longer affine to CPU2
[   10.553948] CPU2: shutdown
[   10.578828] CPU3: shutdown
[   10.593363] Entering suspend state LP1
[   10.593376] Enabling non-boot CPUs ...
[   10.618587] CPU1 is up
[   10.643612] CPU2 is up
[   10.668726] CPU3 is up
[   10.669195] PM: noirq resume of devices complete after 0.464 msecs
[   10.670560] PM: early resume of devices complete after 1.062 msecs
[   10.815031] +1.8V_VDDIO: voltage operation not allowed
[   10.815034] mmc1: Switching to 3.3V signalling voltage failed
[   10.876731] PM: resume of devices complete after 206.159 msecs
[   10.955421] Restarting tasks ... done.
root@(none):/# 
root@(none):/# rtcwake -d rtc1 -m mem -s 3
rtcwake: assuming RTC uses UTC ...
rtcwake: wakeup from "mem" using /dev/rtc1 at Thu Jan  1 00:00:51 1970
[   11.367643] PM: Syncing filesystems ... done.
[   11.376939] Freezing user space processes ... (elapsed 0.001 seconds) done.
[   11.385111] Freezing remaining freezable tasks ... (elapsed 0.001 seconds) done.
[   11.393783] Suspending console(s) (use no_console_suspend to debug)
[   11.454571] PM: suspend of devices complete after 53.964 msecs
[   11.455615] PM: late suspend of devices complete after 1.035 msecs
[   11.456491] PM: noirq suspend of devices complete after 0.868 msecs
[   11.456493] Disabling non-boot CPUs ...
[   11.456876] CPU1: shutdown
[   11.468915] CPU2: shutdown
[   11.493618] IRQ17 no longer affine to CPU3
[   11.493802] CPU3: shutdown
[   11.508342] Entering suspend state LP1
[   11.508355] Enabling non-boot CPUs ...
[   11.533569] CPU1 is up
[   11.558593] CPU2 is up
[   11.583693] CPU3 is up
[   11.584180] PM: noirq resume of devices complete after 0.482 msecs
[   11.585536] PM: early resume of devices complete after 1.066 msecs
[   11.730074] +1.8V_VDDIO: voltage operation not allowed
[   11.730077] mmc1: Switching to 3.3V signalling voltage failed
[   11.792621] PM: resume of devices complete after 207.072 msecs
[   11.871295] Restarting tasks ... done.
root@(none):/# 
root@(none):/# rtcwake -d rtc1 -m mem -s 3
rtcwake: assuming RTC uses UTC ...
rtcwake: wakeup from "mem" using /dev/rtc1 at Thu Jan  1 00:00:55 1970
[   12.281929] PM: Syncing filesystems ... done.
[   12.291219] Freezing user space processes ... (elapsed 0.001 seconds) done.
[   12.299331] Freezing remaining freezable tasks ... (elapsed 0.001 seconds) done.
[   12.307986] Suspending console(s) (use no_console_suspend to debug)
[   12.369546] PM: suspend of devices complete after 54.739 msecs
[   12.370587] PM: late suspend of devices complete after 1.032 msecs
[   12.371464] PM: noirq suspend of devices complete after 0.870 msecs
[   12.371467] Disabling non-boot CPUs ...
[   12.371674] IRQ17 no longer affine to CPU1
[   12.371855] CPU1: shutdown
[   12.393891] CPU2: shutdown
[   12.418781] CPU3: shutdown
[   12.433313] Entering suspend state LP1
[   12.433327] Enabling non-boot CPUs ...
[   12.458540] CPU1 is up
[   12.483566] CPU2 is up
[   12.508665] CPU3 is up
[   12.509139] PM: noirq resume of devices complete after 0.469 msecs
[   12.510499] PM: early resume of devices complete after 1.059 msecs
[   12.655049] +1.8V_VDDIO: voltage operation not allowed
[   12.655054] mmc1: Switching to 3.3V signalling voltage failed
[   12.717354] PM: resume of devices complete after 206.845 msecs
[   12.796046] Restarting tasks ... done.
root@(none):/# 
root@(none):/# rtcwake -d rtc1 -m mem -s 3
rtcwake: assuming RTC uses UTC ...
rtcwake: wakeup from "mem" using /dev/rtc1 at Thu Jan  1 00:00:59 1970
[   13.207806] PM: Syncing filesystems ... done.
[   13.217230] Freezing user space processes ... (elapsed 0.001 seconds) done.
[   13.225404] Freezing remaining freezable tasks ... (elapsed 0.001 seconds) done.
[   13.234015] Suspending console(s) (use no_console_suspend to debug)
[   13.294393] PM: suspend of devices complete after 53.557 msecs
[   13.295210] PM: late suspend of devices complete after 0.813 msecs
[   13.295868] PM: noirq suspend of devices complete after 0.655 msecs
[   13.295870] Disabling non-boot CPUs ...
[   13.296082] IRQ17 no longer affine to CPU1
[   13.296261] CPU1: shutdown
[   13.308875] CPU2: shutdown
[   13.333769] CPU3: shutdown
[   13.348293] Entering suspend state LP1
[   13.348306] Enabling non-boot CPUs ...
[   13.373523] CPU1 is up
[   13.398544] CPU2 is up
[   13.423652] CPU3 is up
[   13.424138] PM: noirq resume of devices complete after 0.481 msecs
[   13.425332] PM: early resume of devices complete after 0.881 msecs
[   13.569842] +1.8V_VDDIO: voltage operation not allowed
[   13.569847] mmc1: Switching to 3.3V signalling voltage failed
[   13.632455] PM: resume of devices complete after 207.113 msecs
[   13.711133] Restarting tasks ... done.
root@(none):/# 
root@(none):/# rtcwake -d rtc1 -m mem -s 3
rtcwake: assuming RTC uses UTC ...
rtcwake: wakeup from "mem" using /dev/rtc1 at Thu Jan  1 00:01:03 1970
[   14.122791] PM: Syncing filesystems ... done.
[   14.132363] Freezing user space processes ... (elapsed 0.001 seconds) done.
[   14.140543] Freezing remaining freezable tasks ... (elapsed 0.001 seconds) done.
[   14.149157] Suspending console(s) (use no_console_suspend to debug)
[   14.209423] PM: suspend of devices complete after 53.442 msecs
[   14.210630] PM: late suspend of devices complete after 1.197 msecs
[   14.211374] PM: noirq suspend of devices complete after 0.740 msecs
[   14.211376] Disabling non-boot CPUs ...
[   14.211746] CPU1: shutdown
[   14.233659] IRQ17 no longer affine to CPU2
[   14.233852] CPU2: shutdown
[   14.258735] CPU3: shutdown
[   14.273264] Entering suspend state LP1
[   14.273278] Enabling non-boot CPUs ...
[   14.298496] CPU1 is up
[   14.323522] CPU2 is up
[   14.348629] CPU3 is up
[   14.349110] PM: noirq resume of devices complete after 0.477 msecs
[   14.350463] PM: early resume of devices complete after 1.042 msecs
[   14.494988] +1.8V_VDDIO: voltage operation not allowed
[   14.494994] mmc1: Switching to 3.3V signalling voltage failed
[   14.557309] PM: resume of devices complete after 206.836 msecs
[   14.635989] Restarting tasks ... done.
root@(none):/# 
root@(none):/# NVTB SYSTEM SUSPEND TEST COMPLETE
