

U-Boot 2015.04-00466-gedec83e90172 (Mar 14 2016 - 10:42:01)

TEGRA124
Model: Acer Chromebook 13 CB5-311
DRAM:  4 GiB
:   Tegra SD/MMC: 0, Tegra SD/MMC: 1, Tegra SD/MMC: 2
MMC init failed
Using default environment

In:    serial
Out:   serial
Err:   serial
Net:   Net Initialization Skipped
No ethernet found.
Hit any key to stop autoboot:  2  0 
Tegra124 (Nyan-big) # 
Tegra124 (Nyan-big) # usb start
starting USB...
USB0:   USB EHCI 1.10
scanning bus 0 for devices... 2 USB Device(s) found
USB1:   USB EHCI 1.10
scanning bus 1 for devices... 2 USB Device(s) found
       scanning usb for storage devices... 1 Storage Device(s) found
       scanning usb for ethernet devices... 
Warning: asx0 using MAC address from net device
1 Ethernet Device(s) found
Tegra124 (Nyan-big) # setenv bootargs 'ignore_loglevel console=ttyS0,115200n8 rw root=PARTUUID=4d36e82a-b3c0-4b4b-bfcd-afe5217ac023 rootwait gpt debug noinitrd earlyprintk init=/bin/bash'
Tegra124 (Nyan-big) # setenv ipaddr 192.168.100.102; setenv serverip 192.168.100.1; setenv tftpserverip 192.168.100.1
Tegra124 (Nyan-big) # tftpboot 0x82000000 zImage.tegra_defconfig
Using asx0 device
TFTP from server 192.168.100.1; our IP address is 192.168.100.102
Filename 'zImage.tegra_defconfig'.
Load address: 0x82000000
Loading: *#################################################################
	 #################################################################
	 #################################################################
	 #################################################################
	 #################################################################
	 #####################################################
	 3.4 MiB/s
done
Bytes transferred = 5540144 (548930 hex)
Tegra124 (Nyan-big) # tftpboot 0x83000000 tegra124-nyan-big.dtb
Using asx0 device
TFTP from server 192.168.100.1; our IP address is 192.168.100.102
Filename 'tegra124-nyan-big.dtb'.
Load address: 0x83000000
Loading: *#####
	 3 MiB/s
done
Bytes transferred = 66901 (10555 hex)
Tegra124 (Nyan-big) # bootz 0x82000000 - 0x83000000
Kernel image @ 0x82000000 [ 0x000000 - 0x548930 ]
## Flattened Device Tree blob at 83000000
   Booting using the fdt blob at 0x83000000
   Using Device Tree in place at 83000000, end 83013554

Starting kernel ...

[    2.505497] console [ttyS0] enabled
[    2.508973] bootconsole [earlycon0] disabled
[    2.524312] [drm] Initialized drm 1.1.0 20060810
[    2.529650] tegra-hdmi 54280000.hdmi: failed to get HDMI regulator
[    2.536252] tegra-dpaux 545c0000.dpaux: failed to get VDD supply: -517
[    2.543548] panel supply power not found, using dummy regulator
[    2.574909] loop: module loaded
[    2.578656] as3722 4-0040: AS3722 with revision 0x1 found
[    2.588848] as3722-sd2: supplied by +5V_SYS
[    2.593357] as3722-sd3: supplied by +5V_SYS
[    2.597705] +1.35V_LP0(sd3): Bringing 0uV into 1350000-1350000uV
[    2.603967] as3722-sd4: supplied by +5V_SYS
[    2.608310] +1.05V_RUN: Bringing 0uV into 1050000-1050000uV
[    2.614136] as3722-sd5: supplied by +5V_SYS
[    2.619922] as3722-ldo0: supplied by +1.35V_LP0(sd2)
[    2.625761] +1.8V_RUN_CAM: Bringing 0uV into 1800000-1800000uV
[    2.631869] as3722-ldo2: supplied by +1.8V_VDDIO
[    2.637598] as3722-ldo3: supplied by +3.3V_SYS
[    2.642047] +1.00V_LP0_VDD_RTC: Bringing 1100000uV into 1000000-1000000uV
[    2.649716] as3722-ldo4: supplied by +3.3V_SYS
[    2.654312] +3.3V_RUN_CAM: Bringing 0uV into 2800000-2800000uV
[    2.660425] as3722-ldo5: supplied by +1.8V_VDDIO
[    2.665207] +1.2V_RUN_CAM_FRONT: Bringing 0uV into 1200000-1200000uV
[    2.671989] +VDDIO_SDMMC3: Bringing 0uV into 1800000-1800000uV
[    2.678126] as3722-ldo7: supplied by +1.8V_VDDIO
[    2.682898] +1.05V_RUN_CAM_REAR: Bringing 0uV into 1050000-1050000uV
[    2.689546] as3722-ldo9: supplied by +5V_SYS
[    2.694119] +2.8V_RUN_TOUCH: Bringing 0uV into 2800000-2800000uV
[    2.700421] as3722-ldo10: supplied by +5V_SYS
[    2.704937] +2.8V_RUN_CAM_AF: Bringing 0uV into 2800000-2800000uV
[    2.711474] +1.8V_RUN_VPP_FUSE: Bringing 0uV into 1800000-1800000uV
[    2.751797] cros-ec-spi spi32766.0: Chrome EC device registered
[    2.767267] m25p80 spi32765.0: w25q32dw (4096 Kbytes)
[    2.773463] CAN device driver interface
[    2.777342] igb: Intel(R) Gigabit Ethernet Network Driver - version 5.3.0-k
[    2.784284] igb: Copyright (c) 2007-2014 Intel Corporation.
[    2.789967] pegasus: v0.9.3 (2013/04/25), Pegasus/Pegasus II USB Ethernet driver
[    2.797414] usbcore: registered new interface driver pegasus
[    2.803111] usbcore: registered new interface driver asix
[    2.808553] usbcore: registered new interface driver ax88179_178a
[    2.814684] usbcore: registered new interface driver cdc_ether
[    2.820555] usbcore: registered new interface driver smsc75xx
[    2.826350] usbcore: registered new interface driver smsc95xx
[    2.832118] usbcore: registered new interface driver net1080
[    2.837808] usbcore: registered new interface driver cdc_subset
[    2.843749] usbcore: registered new interface driver zaurus
[    2.849369] usbcore: registered new interface driver cdc_ncm
[    2.855122] ehci_hcd: USB 2.0 'Enhanced' Host Controller (EHCI) Driver
[    2.861631] ehci-pci: EHCI PCI platform driver
[    2.866112] tegra-ehci: Tegra EHCI driver
[    2.870453] usbcore: registered new interface driver cdc_acm
[    2.876103] cdc_acm: USB Abstract Control Model driver for USB modems and ISDN adapters
[    2.884126] usbcore: registered new interface driver cdc_wdm
[    2.889831] usbcore: registered new interface driver usb-storage
[    2.896097] mousedev: PS/2 mouse device common for all mice
[    2.901971] input: cros_ec as /devices/soc0/7000d400.spi/spi_master/spi32766/spi32766.0/7000d400.spi:cros-ec@0:keyboard-controller/input/input0
[    2.917018] as3722-rtc as3722-rtc: rtc core: registered as3722-rtc as rtc0
[    2.923876] as3722-rtc as3722-rtc: RTC interrupt 370
[    2.930711] tegra_rtc 7000e000.rtc: rtc core: registered 7000e000.rtc as rtc1
[    2.937868] tegra_rtc 7000e000.rtc: Tegra internal Real Time Clock
[    2.944172] i2c /dev entries driver
[    2.948420] usbcore: registered new interface driver uvcvideo
[    2.954149] USB Video Class driver (1.1.1)
[    2.958241] gspca_main: v2.14.0 registered
[    2.962627] 0-004c supply vcc not found, using dummy regulator
[    2.970421] tegra-wdt 60005000.timer: initialized (heartbeat = 120 sec, nowayout = 0)
[    2.978843] sdhci: Secure Digital Host Controller Interface driver
[    2.985018] sdhci: Copyright(c) Pierre Ossman
[    2.989361] sdhci-pltfm: SDHCI platform and OF driver helper
[    2.995162] sdhci-tegra 700b0000.sdhci: allocated mmc-pwrseq
[    3.000822] mmc0: Unknown controller version (3). You may experience problems.
[    3.008215] sdhci-tegra 700b0400.sdhci: Got CD GPIO
[    3.013087] sdhci-tegra 700b0400.sdhci: Got WP GPIO
[    3.017987] mmc0: Unknown controller version (3). You may experience problems.
[    3.025339] mmc0: Unknown controller version (3). You may experience problems.
[    3.032577] mmc0: Invalid maximum block size, assuming 512 bytes
[    3.074594] mmc0: SDHCI controller on 700b0600.sdhci [700b0600.sdhci] using ADMA 64-bit
[    3.085133] usbcore: registered new interface driver usbhid
[    3.093754] usbhid: USB HID core driver
[    3.104632] tegra30-i2s 70301100.i2s: DMA channels sourced from device 70300000.ahub
[    3.135043] max98090 0-0010: MAX98090 REVID=0x43
[    3.142399] max98090 0-0010: use default 2.8v micbias
[    3.145064] mmc0: new high speed MMC card at address 0001
[    3.147598] mmcblk0: mmc0:0001 MMC16G 14.4 GiB 
[    3.147812] mmcblk0boot0: mmc0:0001 MMC16G partition 1 2.00 MiB
[    3.148008] mmcblk0boot1: mmc0:0001 MMC16G partition 2 2.00 MiB
[    3.148173] mmcblk0rpmb: mmc0:0001 MMC16G partition 3 128 KiB
[    3.155837]  mmcblk0: p1 p2 p3 p4 p5 p6 p7 p8 p9 p10 p11 p12
[    3.183455] tegra-snd-max98090 sound: HiFi <-> 70301100.i2s mapping ok
[    3.191235] input: GoogleNyanBig Headphones as /devices/soc0/sound/sound/card1/input1
[    3.199334] input: GoogleNyanBig Mic Jack as /devices/soc0/sound/sound/card1/input2
[    3.414568] NET: Registered protocol family 10
[    3.554576] mip6: Mobile IPv6
[    3.557536] sit: IPv6 over IPv4 tunneling driver
[    3.563191] NET: Registered protocol family 17
[    3.567647] NET: Registered protocol family 15
[    3.572076] can: controller area network core (rev 20120528 abi 9)
[    3.604606] NET: Registered protocol family 29
[    3.609068] can: raw protocol (rev 20120528)
[    3.613347] can: broadcast manager protocol (rev 20120528 t)
[    3.613580] input: tegra-hda HDMI/DP,pcm=3 as /devices/soc0/70030000.hda/sound/card0/input3
[    3.627362] can: netlink gateway (rev 20130117) max_hops=1
[    3.654610] Bluetooth: RFCOMM socket layer initialized
[    3.659739] Bluetooth: RFCOMM ver 1.11
[    3.663479] Bluetooth: BNEP (Ethernet Emulation) ver 1.3
[    3.668811] Bluetooth: BNEP socket layer initialized
[    3.673761] Bluetooth: HIDP (Human Interface Emulation) ver 1.2
[    3.679676] Bluetooth: HIDP socket layer initialized
[    3.684785] Key type dns_resolver registered
[    3.689505] Registering SWP/SWPB emulation handler
[    3.705188] +3.3V_RUN: supplied by +3.3V_SYS
[    3.710094] +3.3V_AVDD_HDMI_AP_GATED: supplied by +3.3V_RUN
[    3.715833] +1.8V_RUN_CAM: supplied by +3.3V_RUN
[    3.720483] +VDDIO_SDMMC3: supplied by +3.3V_RUN
[    3.725240] +1.8V_RUN_VPP_FUSE: supplied by +3.3V_RUN
[    3.730483] +VDD_LED: supplied by +VDD_MUX
[    3.734982] +5V_VDD_TS_SW: supplied by +5V_SYS
[    3.739653] +5V_USB_HS: supplied by +5V_SYS
[    3.744040] +5V_USB_SS: supplied by +5V_SYS
[    3.749268] +3.3V_PANEL: supplied by +3.3V_RUN
[    3.754354] +3.3V_LP0: supplied by +3.3V_SYS
[    3.759233] +1.05V_RUN_AVDD_HDMI_PLL: supplied by +1.05V_RUN
[    3.765176] +5V_HDMI_CON: supplied by +5V_SYS
[    3.770645] usb3-0 supply vbus not found, using dummy regulator
[    3.776646] usb3-1 supply vbus not found, using dummy regulator
[    3.784873] tegra-sor 54540000.sor: failed to probe output: -517
[    3.791030] panel supply power not found, using dummy regulator
[    3.855282] tegra-xusb 70090000.usb: Firmware timestamp: 2014-09-16 02:10:07 UTC
[    3.862691] tegra-xusb 70090000.usb: xHCI Host Controller
[    3.868109] tegra-xusb 70090000.usb: new USB bus registered, assigned bus number 1
[    3.877694] tegra-xusb 70090000.usb: hcc params 0x0184f525 hci version 0x100 quirks 0x00010010
[    3.886335] tegra-xusb 70090000.usb: irq 342, io mem 0x70090000
[    3.893069] hub 1-0:1.0: USB hub found
[    3.896888] hub 1-0:1.0: 6 ports detected
[    3.901581] tegra-xusb 70090000.usb: xHCI Host Controller
[    3.907025] tegra-xusb 70090000.usb: new USB bus registered, assigned bus number 2
[    3.914743] usb usb2: We don't know the algorithms for LPM for this host, disabling LPM.
[    3.923652] hub 2-0:1.0: USB hub found
[    3.927467] hub 2-0:1.0: 2 ports detected
[    3.932652] sdhci-tegra 700b0000.sdhci: allocated mmc-pwrseq
[    3.938365] mmc1: Unknown controller version (3). You may experience problems.
[    3.945827] mmc1: Invalid maximum block size, assuming 512 bytes
[    3.952396] +1.8V_VDDIO: voltage operation not allowed
[    3.957614] mmc1: Switching to 3.3V signalling voltage failed
[    3.994853] mmc1: SDHCI controller on 700b0000.sdhci [700b0000.sdhci] using ADMA 64-bit
[    4.003150] sdhci-tegra 700b0400.sdhci: Got CD GPIO
[    4.010260] sdhci-tegra 700b0400.sdhci: Got WP GPIO
[    4.018303] mmc2: Unknown controller version (3). You may experience problems.
[    4.025895] mmc2: Invalid maximum block size, assuming 512 bytes
[    4.063979] mmc1: new high speed SDIO card at address 0001
[    4.074716] mmc2: SDHCI controller on 700b0400.sdhci [700b0400.sdhci] using ADMA 64-bit
[    4.179849] [drm] Supports vblank timestamp caching Rev 2 (21.10.2013).
[    4.186473] [drm] No driver support for vblank timestamp query.
[    4.224593] usb 1-2: new high-speed USB device number 2 using tegra-xusb
[    4.226372] mmc2: new high speed SDHC card at address 0007
[    4.226892] mmcblk2: mmc2:0007 SD08G 7.42 GiB 
[    4.236005] GPT:Primary header alternate_lba != Alt. header my_lba
[    4.236009] GPT:3014591 != 15564799
[    4.236010] GPT:Primary header thinks Alt. header is not at the end of the disk.
[    4.236011] GPT:3014591 != 15564799
[    4.236012] GPT: Use GNU Parted to correct GPT errors.
[    4.236037]  mmcblk2: p1 p2 p3 p4 p5 p6 p7 p8 p9 p10 p11 p12
[    4.248463] Console: switching to colour frame buffer device 170x48
[    4.306567] drm drm: fb0:  frame buffer device
[    4.334661] [drm] Initialized tegra 0.0.0 20120330 on minor 0
[    4.341163] input: gpio-keys as /devices/soc0/gpio-keys/input/input4
[    4.348486] as3722-rtc as3722-rtc: setting system clock to 2000-01-01 00:00:23 UTC (946684823)
[    4.362745] +1.8V_RUN_CAM: disabling
[    4.366530] +1.2V_RUN_CAM_FRONT: disabling
[    4.370787] +1.05V_RUN_CAM_REAR: disabling
[    4.375062] +2.8V_RUN_TOUCH: disabling
[    4.378966] +2.8V_RUN_CAM_AF: disabling
[    4.382956] +1.8V_RUN_VPP_FUSE: disabling
[    4.387169] +5V_VDD_TS_SW: disabling
[    4.390929] ALSA device list:
[    4.393888]   #0: tegra-hda at 0x70038000 irq 341
[    4.398608]   #1: GoogleNyanBig
[    4.402564] EXT4-fs (mmcblk0p3): couldn't mount as ext3 due to feature incompatibilities
[    4.505104] uvcvideo: Found UVC 1.00 device HD WebCam (1bcf:2c67)
[    4.520080] input: HD WebCam as /devices/soc0/70090000.usb/usb1/1-2/1-2:1.0/input/input5
[    4.804663] usb 1-3: new high-speed USB device number 3 using tegra-xusb
[    4.884903] EXT4-fs (mmcblk0p3): recovery complete
[    4.890489] EXT4-fs (mmcblk0p3): mounted filesystem with ordered data mode. Opts: (null)
[    4.898628] VFS: Mounted root (ext4 filesystem) on device 179:3.
[    4.905758] devtmpfs: mounted
[    4.909162] Freeing unused kernel memory: 1024K (c0b00000 - c0c00000)
bash: cannot set terminal process group (-1): Inappropriate ioctl for device
bash: no job control in this shell
root@(none):/# [    5.787426] asix 1-3:1.0 eth0: register 'asix' at usb-70090000.usb-3, ASIX AX88772 USB 2.0 Ethernet, c8:d7:19:90:fa:65
[    6.074646] usb 1-1: new high-speed USB device number 4 using tegra-xusb
[    6.223260] usb-storage 1-1:1.0: USB Mass Storage device detected
[    6.230003] scsi host0: usb-storage 1-1:1.0
[    7.286476] scsi 0:0:0:0: Direct-Access     SanDisk  SDDR-113         9412 PQ: 0 ANSI: 0
[    7.459085] sd 0:0:0:0: [sda] 15523840 512-byte logical blocks: (7.95 GB/7.40 GiB)
[    7.467837] sd 0:0:0:0: [sda] Write Protect is off
[    7.472620] sd 0:0:0:0: [sda] Mode Sense: 03 00 00 00
[    7.478809] sd 0:0:0:0: [sda] No Caching mode page found
[    7.484109] sd 0:0:0:0: [sda] Assuming drive cache: write through
[    7.509535]  sda: sda1 sda2 sda3 sda4 sda5 sda6 sda7 sda8 sda9 sda10 sda11 sda12 sda13
[    7.523469] sd 0:0:0:0: [sda] Attached SCSI removable disk
mount -t sysfs none /sys
root@(none):/# 
root@(none):/# mount -t debugfs none /sys/kernel/debug
root@(none):/# 
root@(none):/# rtcwake -d rtc1 -m mem -s 3
rtcwake: assuming RTC uses UTC ...
rtcwake: wakeup from "mem" using /dev/rtc1 at Thu Jan  1 00:00:52 1970
[   31.824752] PM: Syncing filesystems ... done.
[   31.834752] Freezing user space processes ... (elapsed 0.001 seconds) done.
[   31.842907] Freezing remaining freezable tasks ... (elapsed 0.001 seconds) done.
[   31.851570] Suspending console(s) (use no_console_suspend to debug)
[   32.035973] PM: suspend of devices complete after 177.550 msecs
[   32.037115] PM: late suspend of devices complete after 1.132 msecs
[   32.037917] PM: noirq suspend of devices complete after 0.798 msecs
[   32.037919] Disabling non-boot CPUs ...
[   32.074972] CPU1: shutdown
[   32.144919] CPU2: shutdown
[   32.214770] IRQ17 no longer affine to CPU3
[   32.214938] CPU3: shutdown
[   32.245395] Entering suspend state LP1
[   32.245410] Enabling non-boot CPUs ...
[   32.295743] CPU1 is up
[   32.345898] CPU2 is up
[   32.396162] CPU3 is up
[   32.396844] PM: noirq resume of devices complete after 0.677 msecs
[   32.398853] PM: early resume of devices complete after 1.511 msecs
[   32.429428] +1.8V_VDDIO: voltage operation not allowed
[   32.429431] mmc1: Switching to 3.3V signalling voltage failed
[   32.584979] usb 1-1: reset high-speed USB device number 4 using tegra-xusb
[   32.731744] PM: resume of devices complete after 332.882 msecs
[   32.817309] Restarting tasks ... done.
root@(none):/# 
root@(none):/# rtcwake -d rtc1 -m mem -s 3
rtcwake: assuming RTC uses UTC ...
rtcwake: wakeup from "mem" using /dev/rtc1 at Thu Jan  1 00:00:57 1970
[   34.115239] PM: Syncing filesystems ... done.
[   34.124811] Freezing user space processes ... (elapsed 0.001 seconds) done.
[   34.133009] Freezing remaining freezable tasks ... (elapsed 0.001 seconds) done.
[   34.141734] Suspending console(s) (use no_console_suspend to debug)
[   34.335954] PM: suspend of devices complete after 187.357 msecs
[   34.336840] PM: late suspend of devices complete after 0.882 msecs
[   34.337658] PM: noirq suspend of devices complete after 0.814 msecs
[   34.337660] Disabling non-boot CPUs ...
[   34.374913] CPU1: shutdown
[   34.454901] CPU2: shutdown
[   34.534870] CPU3: shutdown
[   34.575362] Entering suspend state LP1
[   34.575389] Enabling non-boot CPUs ...
[   34.625704] CPU1 is up
[   34.675864] CPU2 is up
[   34.726107] CPU3 is up
[   34.726721] PM: noirq resume of devices complete after 0.610 msecs
[   34.728703] PM: early resume of devices complete after 1.473 msecs
[   34.759769] +1.8V_VDDIO: voltage operation not allowed
[   34.759772] mmc1: Switching to 3.3V signalling voltage failed
[   34.914950] usb 1-1: reset high-speed USB device number 4 using tegra-xusb
[   35.061290] PM: resume of devices complete after 332.577 msecs
[   35.142926] Restarting tasks ... done.
root@(none):/# 
root@(none):/# rtcwake -d rtc1 -m mem -s 3
rtcwake: assuming RTC uses UTC ...
rtcwake: wakeup from "mem" using /dev/rtc1 at Thu Jan  1 00:01:02 1970
[   36.435371] PM: Syncing filesystems ... done.
[   36.445201] Freezing user space processes ... (elapsed 0.001 seconds) done.
[   36.453392] Freezing remaining freezable tasks ... (elapsed 0.001 seconds) done.
[   36.462122] Suspending console(s) (use no_console_suspend to debug)
[   36.645988] PM: suspend of devices complete after 177.003 msecs
[   36.647617] PM: late suspend of devices complete after 1.620 msecs
[   36.648454] PM: noirq suspend of devices complete after 0.832 msecs
[   36.648456] Disabling non-boot CPUs ...
[   36.674890] CPU1: shutdown
[   36.754883] CPU2: shutdown
[   36.814673] IRQ17 no longer affine to CPU3
[   36.814849] CPU3: shutdown
[   36.845343] Entering suspend state LP1
[   36.845370] Enabling non-boot CPUs ...
[   36.895679] CPU1 is up
[   36.945841] CPU2 is up
[   36.996080] CPU3 is up
[   36.996652] PM: noirq resume of devices complete after 0.567 msecs
[   36.998467] PM: early resume of devices complete after 1.311 msecs
[   37.029700] +1.8V_VDDIO: voltage operation not allowed
[   37.029703] mmc1: Switching to 3.3V signalling voltage failed
[   37.096269] PM: resume of devices complete after 97.793 msecs
[   37.174962] Restarting tasks ... done.
root@(none):/# 
root@(none):/# rtcwake -d rtc1 -m mem -s 3
rtcwake: assuming RTC uses UTC ...
rtcwake: wakeup from "mem" using /dev/rtc1 at Thu Jan  1 00:01:06 1970
[   37.705240] PM: Syncing filesystems ... done.
[   37.715066] Freezing user space processes ... (elapsed 0.001 seconds) done.
[   37.723170] Freezing remaining freezable tasks ... (elapsed 0.001 seconds) done.
[   37.731822] Suspending console(s) (use no_console_suspend to debug)
[   37.915959] PM: suspend of devices complete after 177.274 msecs
[   37.917577] PM: late suspend of devices complete after 1.610 msecs
[   37.918520] PM: noirq suspend of devices complete after 0.939 msecs
[   37.918522] Disabling non-boot CPUs ...
[   37.954876] CPU1: shutdown
[   38.014852] CPU2: shutdown
[   38.074634] IRQ17 no longer affine to CPU3
[   38.074812] CPU3: shutdown
[   38.115330] Entering suspend state LP1
[   38.115357] Enabling non-boot CPUs ...
[   38.165651] CPU1 is up
[   38.215824] CPU2 is up
[   38.266057] CPU3 is up
[   38.266653] PM: noirq resume of devices complete after 0.592 msecs
[   38.268537] PM: early resume of devices complete after 1.370 msecs
[   38.299624] +1.8V_VDDIO: voltage operation not allowed
[   38.299627] mmc1: Switching to 3.3V signalling voltage failed
[   38.454902] usb 1-1: reset high-speed USB device number 4 using tegra-xusb
[   38.601024] PM: resume of devices complete after 332.477 msecs
[   38.686616] Restarting tasks ... done.
root@(none):/# 
root@(none):/# rtcwake -d rtc1 -m mem -s 3
rtcwake: assuming RTC uses UTC ...
rtcwake: wakeup from "mem" using /dev/rtc1 at Thu Jan  1 00:01:11 1970
[   39.975280] PM: Syncing filesystems ... done.
[   39.985034] Freezing user space processes ... (elapsed 0.001 seconds) done.
[   39.993230] Freezing remaining freezable tasks ... (elapsed 0.001 seconds) done.
[   40.001892] Suspending console(s) (use no_console_suspend to debug)
[   40.185934] PM: suspend of devices complete after 177.183 msecs
[   40.187138] PM: late suspend of devices complete after 1.195 msecs
[   40.187957] PM: noirq suspend of devices complete after 0.815 msecs
[   40.187959] Disabling non-boot CPUs ...
[   40.214845] CPU1: shutdown
[   40.274641] IRQ17 no longer affine to CPU2
[   40.274827] CPU2: shutdown
[   40.344798] CPU3: shutdown
[   40.375291] Entering suspend state LP1
[   40.375318] Enabling non-boot CPUs ...
[   40.425629] CPU1 is up
[   40.475780] CPU2 is up
[   40.526032] CPU3 is up
[   40.526617] PM: noirq resume of devices complete after 0.580 msecs
[   40.528480] PM: early resume of devices complete after 1.351 msecs
[   40.559422] +1.8V_VDDIO: voltage operation not allowed
[   40.559424] mmc1: Switching to 3.3V signalling voltage failed
[   40.629024] PM: resume of devices complete after 100.534 msecs
[   40.707887] Restarting tasks ... done.
root@(none):/# 
root@(none):/# rtcwake -d rtc1 -m mem -s 3
rtcwake: assuming RTC uses UTC ...
rtcwake: wakeup from "mem" using /dev/rtc1 at Thu Jan  1 00:01:15 1970
[   41.235300] PM: Syncing filesystems ... done.
[   41.245074] Freezing user space processes ... (elapsed 0.001 seconds) done.
[   41.253266] Freezing remaining freezable tasks ... (elapsed 0.001 seconds) done.
[   41.261932] Suspending console(s) (use no_console_suspend to debug)
[   41.445911] PM: suspend of devices complete after 177.114 msecs
[   41.447613] PM: late suspend of devices complete after 1.693 msecs
[   41.448499] PM: noirq suspend of devices complete after 0.881 msecs
[   41.448501] Disabling non-boot CPUs ...
[   41.474818] CPU1: shutdown
[   41.544809] CPU2: shutdown
[   41.604776] CPU3: shutdown
[   41.635267] Entering suspend state LP1
[   41.635294] Enabling non-boot CPUs ...
[   41.685604] CPU1 is up
[   41.735772] CPU2 is up
[   41.786014] CPU3 is up
[   41.786568] PM: noirq resume of devices complete after 0.550 msecs
[   41.788366] PM: early resume of devices complete after 1.286 msecs
[   41.819742] +1.8V_VDDIO: voltage operation not allowed
[   41.819746] mmc1: Switching to 3.3V signalling voltage failed
[   41.888992] PM: resume of devices complete after 100.616 msecs
[   41.963714] Restarting tasks ... done.
root@(none):/# 
root@(none):/# rtcwake -d rtc1 -m mem -s 3
rtcwake: assuming RTC uses UTC ...
rtcwake: wakeup from "mem" using /dev/rtc1 at Thu Jan  1 00:01:19 1970
[   42.427267] random: nonblocking pool is initialized
[   42.505201] PM: Syncing filesystems ... done.
[   42.514863] Freezing user space processes ... (elapsed 0.001 seconds) done.
[   42.523077] Freezing remaining freezable tasks ... (elapsed 0.001 seconds) done.
[   42.531799] Suspending console(s) (use no_console_suspend to debug)
[   42.725831] PM: suspend of devices complete after 187.168 msecs
[   42.726720] PM: late suspend of devices complete after 0.885 msecs
[   42.727538] PM: noirq suspend of devices complete after 0.815 msecs
[   42.727540] Disabling non-boot CPUs ...
[   42.754799] CPU1: shutdown
[   42.814772] CPU2: shutdown
[   42.884747] CPU3: shutdown
[   42.915241] Entering suspend state LP1
[   42.915267] Enabling non-boot CPUs ...
[   42.965581] CPU1 is up
[   43.015727] CPU2 is up
[   43.065991] CPU3 is up
[   43.066536] PM: noirq resume of devices complete after 0.540 msecs
[   43.068204] PM: early resume of devices complete after 1.158 msecs
[   43.099432] +1.8V_VDDIO: voltage operation not allowed
[   43.099437] mmc1: Switching to 3.3V signalling voltage failed
[   43.254830] usb 1-1: reset high-speed USB device number 4 using tegra-xusb
[   43.401036] PM: resume of devices complete after 332.821 msecs
[   43.482712] Restarting tasks ... done.
root@(none):/# 
root@(none):/# rtcwake -d rtc1 -m mem -s 3
rtcwake: assuming RTC uses UTC ...
rtcwake: wakeup from "mem" using /dev/rtc1 at Thu Jan  1 00:01:24 1970
[   44.775262] PM: Syncing filesystems ... done.
[   44.785075] Freezing user space processes ... (elapsed 0.001 seconds) done.
[   44.793256] Freezing remaining freezable tasks ... (elapsed 0.001 seconds) done.
[   44.801910] Suspending console(s) (use no_console_suspend to debug)
[   44.985803] PM: suspend of devices complete after 177.029 msecs
[   44.986691] PM: late suspend of devices complete after 0.884 msecs
[   44.987512] PM: noirq suspend of devices complete after 0.817 msecs
[   44.987513] Disabling non-boot CPUs ...
[   45.014767] CPU1: shutdown
[   45.084753] CPU2: shutdown
[   45.154725] CPU3: shutdown
[   45.205214] Entering suspend state LP1
[   45.205241] Enabling non-boot CPUs ...
[   45.255554] CPU1 is up
[   45.305721] CPU2 is up
[   45.355963] CPU3 is up
[   45.356518] PM: noirq resume of devices complete after 0.550 msecs
[   45.358396] PM: early resume of devices complete after 1.375 msecs
[   45.389586] +1.8V_VDDIO: voltage operation not allowed
[   45.389590] mmc1: Switching to 3.3V signalling voltage failed
[   45.544786] usb 1-1: reset high-speed USB device number 4 using tegra-xusb
[   45.691347] PM: resume of devices complete after 332.941 msecs
[   45.772837] Restarting tasks ... done.
root@(none):/# 
root@(none):/# rtcwake -d rtc1 -m mem -s 3
rtcwake: assuming RTC uses UTC ...
rtcwake: wakeup from "mem" using /dev/rtc1 at Thu Jan  1 00:01:29 1970
[   47.065220] PM: Syncing filesystems ... done.
[   47.074995] Freezing user space processes ... (elapsed 0.001 seconds) done.
[   47.083189] Freezing remaining freezable tasks ... (elapsed 0.001 seconds) done.
[   47.091845] Suspending console(s) (use no_console_suspend to debug)
[   47.275777] PM: suspend of devices complete after 177.073 msecs
[   47.276668] PM: late suspend of devices complete after 0.886 msecs
[   47.277481] PM: noirq suspend of devices complete after 0.810 msecs
[   47.277483] Disabling non-boot CPUs ...
[   47.304744] CPU1: shutdown
[   47.374727] CPU2: shutdown
[   47.434695] CPU3: shutdown
[   47.465192] Entering suspend state LP1
[   47.465218] Enabling non-boot CPUs ...
[   47.515528] CPU1 is up
[   47.565693] CPU2 is up
[   47.615934] CPU3 is up
[   47.616477] PM: noirq resume of devices complete after 0.539 msecs
[   47.618344] PM: early resume of devices complete after 1.377 msecs
[   47.649491] +1.8V_VDDIO: voltage operation not allowed
[   47.649495] mmc1: Switching to 3.3V signalling voltage failed
[   47.719223] PM: resume of devices complete after 100.868 msecs
[   47.793858] Restarting tasks ... done.
root@(none):/# 
root@(none):/# rtcwake -d rtc1 -m mem -s 3
rtcwake: assuming RTC uses UTC ...
rtcwake: wakeup from "mem" using /dev/rtc1 at Thu Jan  1 00:01:33 1970
[   48.325170] PM: Syncing filesystems ... done.
[   48.335014] Freezing user space processes ... (elapsed 0.001 seconds) done.
[   48.343207] Freezing remaining freezable tasks ... (elapsed 0.001 seconds) done.
[   48.351869] Suspending console(s) (use no_console_suspend to debug)
[   48.535808] PM: suspend of devices complete after 177.074 msecs
[   48.537501] PM: late suspend of devices complete after 1.684 msecs
[   48.538427] PM: noirq suspend of devices complete after 0.921 msecs
[   48.538429] Disabling non-boot CPUs ...
[   48.564715] CPU1: shutdown
[   48.634705] CPU2: shutdown
[   48.694676] CPU3: shutdown
[   48.725166] Entering suspend state LP1
[   48.725193] Enabling non-boot CPUs ...
[   48.775501] CPU1 is up
[   48.825672] CPU2 is up
[   48.875911] CPU3 is up
[   48.876465] PM: noirq resume of devices complete after 0.550 msecs
[   48.878447] PM: early resume of devices complete after 1.473 msecs
[   48.909463] +1.8V_VDDIO: voltage operation not allowed
[   48.909469] mmc1: Switching to 3.3V signalling voltage failed
[   48.978639] PM: resume of devices complete after 100.183 msecs
[   49.053417] Restarting tasks ... done.
root@(none):/# 
root@(none):/# NVTB SYSTEM SUSPEND TEST COMPLETE
