
U-Boot SPL 2014.01-00219-gc4d376f (Feb 18 2014 - 19:57:18)


U-Boot 2014.01-00219-gc4d376f (Feb 18 2014 - 19:57:18)

TEGRA30
Board: NVIDIA Beaver
I2C:   ready
DRAM:  2 GiB
MMC:   Tegra SD/MMC: 0, Tegra SD/MMC: 1
In:    serial
Out:   serial
Err:   serial
Net:   Net Initialization Skipped
No ethernet found.
Hit any key to stop autoboot:  2  0 
Tegra30 (Beaver) # 
Tegra30 (Beaver) # usb reset
(Re)start USB...
USB0:   USB EHCI 1.00
scanning bus 0 for devices... 2 USB Device(s) found
       scanning usb for storage devices... 0 Storage Device(s) found
       scanning usb for ethernet devices... 
Warning: asx0 using MAC address from net device
1 Ethernet Device(s) found
Tegra30 (Beaver) # setenv bootargs 'ignore_loglevel console=ttyS0,115200n8 rw root=/dev/mmcblk0p1 rootwait gpt debug init=/bin/bash noinitrd'
Tegra30 (Beaver) # setenv ipaddr 192.168.100.101; setenv serverip 192.168.100.1; setenv tftpserverip 192.168.100.1
Tegra30 (Beaver) # tftpboot 0x81000000 zImage.multi_v7_defconfig
Using asx0 device
TFTP from server 192.168.100.1; our IP address is 192.168.100.101
Filename 'zImage.multi_v7_defconfig'.
Load address: 0x81000000
Loading: *#################################################################
	 #################################################################
	 #################################################################
	 #################################################################
	 ###############################################
	 3.6 MiB/s
done
Bytes transferred = 4497344 (449fc0 hex)
Tegra30 (Beaver) # tftpboot 0x82000000 tegra30-beaver.dtb
Using asx0 device
TFTP from server 192.168.100.1; our IP address is 192.168.100.101
Filename 'tegra30-beaver.dtb'.
Load address: 0x82000000
Loading: *##
	 2.8 MiB/s
done
Bytes transferred = 23808 (5d00 hex)
Tegra30 (Beaver) # bootz 0x81000000 - 0x82000000
Kernel image @ 0x81000000 [ 0x000000 - 0x449fc0 ]
## Flattened Device Tree blob at 82000000
   Booting using the fdt blob at 0x82000000
   Loading Device Tree to 8fff7000, end 8ffffcff ... OK

Starting kernel ...

[    0.000000] Booting Linux on physical CPU 0x0
[    0.000000] Linux version 3.14.0-rc1-49026-g38dbfb5 (pwalmsley@kaivo) (gcc version 4.7.3 20130328 (prerelease) (crosstool-NG linaro-1.13.1-4.7-2013.04-20130415 - Linaro GCC 2013.04) ) #1 SMP Thu Feb 27 02:22:57 PST 2014
[    0.000000] CPU: ARMv7 Processor [412fc099] revision 9 (ARMv7), cr=10c5387d
[    0.000000] CPU: PIPT / VIPT nonaliasing data cache, VIPT aliasing instruction cache
[    0.000000] Machine model: NVIDIA Tegra30 Beaver evaluation board
[    0.000000] debug: ignoring loglevel setting.
[    0.000000] cma: CMA: reserved 16 MiB at ae800000
[    0.000000] Memory policy: Data cache writealloc
[    0.000000] On node 0 totalpages: 524032
[    0.000000] free_area_init_node: node 0, pgdat c092ba80, node_mem_map ed7f1000
[    0.000000]   DMA zone: 1520 pages used for memmap
[    0.000000]   DMA zone: 0 pages reserved
[    0.000000]   DMA zone: 194560 pages, LIFO batch:31
[    0.000000]   HighMem zone: 2574 pages used for memmap
[    0.000000]   HighMem zone: 329472 pages, LIFO batch:31
[    0.000000] fuse_speedo_calib: ATE prog ver 3.3
[    0.000000] Tegra30: CPU Speedo ID 5, Soc Speedo ID 2
[    0.000000] Tegra Revision: A03 SKU: 128 CPU Process: 4 Core Process: 0
[    0.000000] L310 cache controller enabled
[    0.000000] l2x0: 8 ways, CACHE_ID 0x410000c7, AUX_CTRL 0x7e480001, Cache size: 1024 kB
[    0.000000] PERCPU: Embedded 7 pages/cpu @ed7bd000 s8192 r8192 d12288 u32768
[    0.000000] pcpu-alloc: s8192 r8192 d12288 u32768 alloc=8*4096
[    0.000000] pcpu-alloc: [0] 0 [0] 1 [0] 2 [0] 3 
[    0.000000] Built 1 zonelists in Zone order, mobility grouping on.  Total pages: 522512
[    0.000000] Kernel command line: ignore_loglevel console=ttyS0,115200n8 rw root=/dev/mmcblk0p1 rootwait gpt debug init=/bin/bash noinitrd
[    0.000000] PID hash table entries: 4096 (order: 2, 16384 bytes)
[    0.000000] Dentry cache hash table entries: 131072 (order: 7, 524288 bytes)
[    0.000000] Inode-cache hash table entries: 65536 (order: 6, 262144 bytes)
[    0.000000] Memory: 2052640K/2096128K available (5839K kernel code, 677K rwdata, 2336K rodata, 508K init, 284K bss, 43488K reserved, 1317888K highmem)
[    0.000000] Virtual kernel memory layout:
[    0.000000]     vector  : 0xffff0000 - 0xffff1000   (   4 kB)
[    0.000000]     fixmap  : 0xfff00000 - 0xfffe0000   ( 896 kB)
[    0.000000]     vmalloc : 0xf0000000 - 0xff000000   ( 240 MB)
[    0.000000]     lowmem  : 0xc0000000 - 0xef800000   ( 760 MB)
[    0.000000]     pkmap   : 0xbfe00000 - 0xc0000000   (   2 MB)
[    0.000000]     modules : 0xbf000000 - 0xbfe00000   (  14 MB)
[    0.000000]       .text : 0xc0008000 - 0xc0803e74   (8176 kB)
[    0.000000]       .init : 0xc0804000 - 0xc0883000   ( 508 kB)
[    0.000000]       .data : 0xc0884000 - 0xc092d600   ( 678 kB)
[    0.000000]        .bss : 0xc092d608 - 0xc0974740   ( 285 kB)
[    0.000000] SLUB: HWalign=64, Order=0-3, MinObjects=0, CPUs=4, Nodes=1
[    0.000000] Hierarchical RCU implementation.
[    0.000000] NR_IRQS:16 nr_irqs:16 16
[    9.821638] sched_clock: 32 bits at 1000kHz, resolution 1000ns, wraps every 2147483648000ns
[    0.000243] Console: colour dummy device 80x30
[    0.000276] Calibrating delay loop... 2786.91 BogoMIPS (lpj=13934592)
[    0.059914] pid_max: default: 32768 minimum: 301
[    0.060057] Mount-cache hash table entries: 512
[    0.062635] CPU: Testing write buffer coherency: ok
[    0.062918] CPU0: thread -1, cpu 0, socket 0, mpidr 80000000
[    0.062979] Setting up static identity map for 0x805849c8 - 0x80584a60
[    0.063087] unable to find compatible sirf rstc node in dtb
[    0.064501] CPU1: Booted secondary processor
[    0.119979] CPU1: thread -1, cpu 1, socket 0, mpidr 80000001
[    0.120840] CPU2: Booted secondary processor
[    0.179979] CPU2: thread -1, cpu 2, socket 0, mpidr 80000002
[    0.180830] CPU3: Booted secondary processor
[    0.239979] CPU3: thread -1, cpu 3, socket 0, mpidr 80000003
[    0.240040] Brought up 4 CPUs
[    0.240057] SMP: Total of 4 processors activated.
[    0.240063] CPU: All CPU(s) started in SVC mode.
[    0.240639] devtmpfs: initialized
[    0.243023] VFP support v0.3: implementor 41 architecture 3 part 30 variant 9 rev 4
[    0.243292] pinctrl core: initialized pinctrl subsystem
[    0.243565] regulator-dummy: no parameters
[    0.244664] NET: Registered protocol family 16
[    0.247622] DMA: preallocated 256 KiB pool for atomic coherent allocations
[    0.248085] cpuidle: using governor ladder
[    0.248091] cpuidle: using governor menu
[    0.254429] No ATAGs?
[    0.255977] Serial: AMBA PL011 UART driver
[    0.259976] bio: create slab <bio-0> at 0
[    0.260950] edma-dma-engine edma-dma-engine.0: Can't allocate PaRAM dummy slot
[    0.260966] edma-dma-engine: probe of edma-dma-engine.0 failed with error -5
[    0.261209] vdd_5v_in: 5000 mV 
[    0.261281] platform 1.regulator: Driver reg-fixed-voltage requests probe deferral
[    0.261312] platform 2.regulator: Driver reg-fixed-voltage requests probe deferral
[    0.261402] vdd_5v_sata: 5000 mV 
[    0.261427] vdd_5v_sata: supplied by vdd_5v_in
[    0.261548] usb1_vbus: 5000 mV 
[    0.261572] usb1_vbus: supplied by vdd_5v_in
[    0.261700] usb3_vbus: 5000 mV 
[    0.261721] usb3_vbus: supplied by vdd_5v_in
[    0.261791] platform 6.regulator: Driver reg-fixed-voltage requests probe deferral
[    0.261875] sys_3v3_pexs: 3300 mV 
[    0.261899] reg-fixed-voltage 7.regulator: Failed to find supply vin
[    0.261952] reg-fixed-voltage 7.regulator: Failed to register regulator: -517
[    0.261962] platform 7.regulator: Driver reg-fixed-voltage requests probe deferral
[    0.262556] vgaarb: loaded
[    0.262874] SCSI subsystem initialized
[    0.263035] libata version 3.00 loaded.
[    0.263210] usbcore: registered new interface driver usbfs
[    0.263246] usbcore: registered new interface driver hub
[    0.263317] usbcore: registered new device driver usb
[    0.269986] vdd_1v8_gen: 1800 mV 
[    0.270028] vdd_1v8_gen: supplied by vdd_5v_in
[    0.273086] vddio_ddr_1v2: 1200 mV 
[    0.273581] vddio_ddr_1v2: supplied by vdd_5v_in
[    0.276827] vdd_1v5_gen: 1500 mV 
[    0.276857] vdd_1v5_gen: supplied by vdd_5v_in
[    0.280118] vdd_cpu,vdd_sys: 1000 mV 
[    0.282468] vdd_pexa,vdd_pexb: 1050 mV 
[    0.282498] vdd_pexa,vdd_pexb: supplied by vdd_1v5_gen
[    0.285167] vdd_sata,avdd_plle: 1050 mV 
[    0.285193] vdd_sata,avdd_plle: supplied by vdd_1v5_gen
[    0.287535] vdd_rtc: 1200 mV 
[    0.287564] vdd_rtc: supplied by vdd_5v_in
[    0.289918] vddio_sdmmc,avdd_vdac: 3300 mV 
[    0.289947] vddio_sdmmc,avdd_vdac: supplied by vdd_5v_in
[    0.292636] avdd_dsi_csi,pwrdet_mipi: 1200 mV 
[    0.292664] avdd_dsi_csi,pwrdet_mipi: supplied by vdd_1v8_gen
[    0.295007] vdd_pllm,x,u,a_p_c_s: 1200 mV 
[    0.295035] vdd_pllm,x,u,a_p_c_s: supplied by vdd_1v8_gen
[    0.297719] vdd_ddr_hs: 1000 mV 
[    0.297746] vdd_ddr_hs: supplied by vdd_1v8_gen
[    0.299493] tps62361-vout: 500 <--> 1500 mV at 1160 mV 
[    0.299600] Linux video capture interface: v2.00
[    0.299626] pps_core: LinuxPPS API ver. 1 registered
[    0.299630] pps_core: Software ver. 5.3.6 - Copyright 2005-2007 Rodolfo Giometti <giometti@linux.it>
[    0.299655] PTP clock support registered
[    0.299687] EDAC MC: Ver: 3.0.0
[    0.300089] platform 7000f010.iommu: Driver tegra-smmu requests probe deferral
[    0.300181] Advanced Linux Sound Architecture Driver Initialized.
[    0.300810] Switched to clocksource timer_us
[    0.306238] NET: Registered protocol family 2
[    0.306611] TCP established hash table entries: 8192 (order: 3, 32768 bytes)
[    0.306659] TCP bind hash table entries: 8192 (order: 4, 65536 bytes)
[    0.306741] TCP: Hash tables configured (established 8192 bind 8192)
[    0.306813] TCP: reno registered
[    0.306824] UDP hash table entries: 512 (order: 2, 16384 bytes)
[    0.306885] UDP-Lite hash table entries: 512 (order: 2, 16384 bytes)
[    0.307098] NET: Registered protocol family 1
[    0.307349] RPC: Registered named UNIX socket transport module.
[    0.307355] RPC: Registered udp transport module.
[    0.307358] RPC: Registered tcp transport module.
[    0.307362] RPC: Registered tcp NFSv4.1 backchannel transport module.
[    0.307370] PCI: CLS 0 bytes, default 64
[    0.308430] futex hash table entries: 1024 (order: 4, 65536 bytes)
[    0.309397] bounce pool size: 64 pages
[    0.314411] squashfs: version 4.0 (2009/01/31) Phillip Lougher
[    0.314895] NFS: Registering the id_resolver key type
[    0.314928] Key type id_resolver registered
[    0.314933] Key type id_legacy registered
[    0.314964] msgmni has been set to 1467
[    0.315349] Block layer SCSI generic (bsg) driver version 0.4 loaded (major 250)
[    0.315357] io scheduler noop registered
[    0.315362] io scheduler deadline registered
[    0.315458] io scheduler cfq registered (default)
[    0.316532] platform 3000.pcie-controller: Driver tegra-pcie requests probe deferral
[    0.318992] tegra-apbdma 6000a000.dma: Tegra20 APB DMA driver register 32 channels
[    0.350120] Serial: 8250/16550 driver, 4 ports, IRQ sharing disabled
[    0.351061] Serial: IMX driver
[    0.351581] 70006000.serial: ttyS0 at MMIO 0x70006000 (irq = 68, base_baud = 25500000) is a Tegra
[    1.168481] console [ttyS0] enabled
[    1.172299] STMicroelectronics ASC driver initialized
[    1.177673] serial: Freescale lpuart driver
[    1.181989] [drm] Initialized drm 1.1.0 20060810
[    1.186651] tegra-dc 54200000.dc: missing "nvidia,head" property
[    1.192758] tegra-dc 54240000.dc: missing "nvidia,head" property
[    1.199261] tegra-hdmi 54280000.hdmi: failed to get VDD regulator
[    1.205362] platform 54280000.hdmi: Driver tegra-hdmi requests probe deferral
[    1.215862] loop: module loaded
[    1.221481] m25p80 spi32766.1: w25q32 (4096 Kbytes)
[    1.227620] pegasus: v0.9.3 (2013/04/25), Pegasus/Pegasus II USB Ethernet driver
[    1.235057] usbcore: registered new interface driver pegasus
[    1.240730] usbcore: registered new interface driver asix
[    1.246156] usbcore: registered new interface driver ax88179_178a
[    1.252261] usbcore: registered new interface driver cdc_ether
[    1.258097] usbcore: registered new interface driver r815x
[    1.263605] usbcore: registered new interface driver smsc75xx
[    1.269376] usbcore: registered new interface driver smsc95xx
[    1.275141] usbcore: registered new interface driver net1080
[    1.280815] usbcore: registered new interface driver cdc_subset
[    1.286739] usbcore: registered new interface driver zaurus
[    1.292363] usbcore: registered new interface driver cdc_ncm
[    1.298025] ehci_hcd: USB 2.0 'Enhanced' Host Controller (EHCI) Driver
[    1.304543] ehci-pci: EHCI PCI platform driver
[    1.308998] ehci-platform: EHCI generic platform driver
[    1.314288] ehci-omap: OMAP-EHCI Host Controller driver
[    1.319553] ehci-orion: EHCI orion driver
[    1.323612] SPEAr-ehci: EHCI SPEAr driver
[    1.327662] tegra-ehci: Tegra EHCI driver
[    1.331788] platform 7d004000.usb: Driver tegra-ehci requests probe deferral
[    1.338856] platform 7d008000.usb: Driver tegra-ehci requests probe deferral
[    1.346138] usbcore: registered new interface driver usb-storage
[    1.352453] platform 7d004000.usb-phy: Driver tegra-phy requests probe deferral
[    1.361352] mousedev: PS/2 mouse device common for all mice
[    1.367835] tegra_rtc 7000e000.rtc: rtc core: registered 7000e000.rtc as rtc1
[    1.374988] tegra_rtc 7000e000.rtc: Tegra internal Real Time Clock
[    1.393825] tps65910-rtc tps65910-rtc: rtc core: registered tps65910-rtc as rtc0
[    1.401301] i2c /dev entries driver
[    1.406769] sdhci: Secure Digital Host Controller Interface driver
[    1.412944] sdhci: Copyright(c) Pierre Ossman
[    1.417572] sdhci-pltfm: SDHCI platform and OF driver helper
[    1.423561] sdhci-tegra 78000000.sdhci: Got CD GPIO #69.
[    1.428869] sdhci-tegra 78000000.sdhci: Got WP GPIO #155.
[    1.435299] mmc0: no vqmmc regulator found
[    1.439385] mmc0: no vmmc regulator found
[    1.443390] mmc0: Invalid maximum block size, assuming 512 bytes
[    1.490820] mmc0: SDHCI controller on 78000000.sdhci [78000000.sdhci] using ADMA
[    1.499252] mmc1: no vqmmc regulator found
[    1.503350] mmc1: no vmmc regulator found
[    1.507345] mmc1: Invalid maximum block size, assuming 512 bytes
[    1.550814] mmc1: SDHCI controller on 78000600.sdhci [78000600.sdhci] using ADMA
[    1.560500] usbcore: registered new interface driver usbhid
[    1.568073] usbhid: USB HID core driver
[    1.719160] mmc1: new high speed MMC card at address 0001
[    1.724784] isa bounce pool size: 16 pages
[    1.728937] mmcblk0: mmc1:0001 SEM16G 14.8 GiB 
[    1.733592] mmcblk0boot0: mmc1:0001 SEM16G partition 1 1.00 MiB
[    1.739619] mmcblk0boot1: mmc1:0001 SEM16G partition 2 1.00 MiB
[    1.745662] mmcblk0rpmb: mmc1:0001 SEM16G partition 3 128 KiB
[    1.755324] Primary GPT is invalid, using alternate GPT.
[    1.760637]  mmcblk0: p1 p2 p3 p4 p5
[    1.768036]  mmcblk0boot1: unknown partition table
[    1.775675]  mmcblk0boot0: unknown partition table
[    1.991495] tegra30-i2s 70080400.i2s: DMA channels sourced from device 70080000.ahub
[    2.006551] tegra-snd-rt5640 sound.4: rt5640-aif1 <-> 70080400.i2s mapping ok
[    2.015686] input: NVIDIA Tegra Beaver Headphones as /devices/soc0/sound.4/sound/card0/input0
[    2.025049] TCP: cubic registered
[    2.028357] NET: Registered protocol family 17
[    2.032954] Key type dns_resolver registered
[    2.037520] Registering SWP/SWPB emulation handler
[    2.042654] vdd_sata,avdd_plle: disabling
[    2.048268] chargepump_5v: 5000 mV 
[    2.053181] vdd_ddr: 1500 mV 
[    2.056168] vdd_ddr: supplied by vdd_5v_in
[    2.061319] sys_3v3,vdd_3v3_alw: 3300 mV 
[    2.065335] sys_3v3,vdd_3v3_alw: supplied by vdd_5v_in
[    2.070635] sys_3v3_pexs: 3300 mV 
[    2.074057] sys_3v3_pexs: supplied by sys_3v3,vdd_3v3_alw
[    2.079838] tegra-pcie 3000.pcie-controller: 2x3 configuration
[    2.090177] tegra-pcie 3000.pcie-controller: probing port 0, using 2 lanes
[    2.151288] tegra-pcie 3000.pcie-controller: probing port 2, using 2 lanes
[    2.561836] tegra-pcie 3000.pcie-controller: link 2 down, retrying
[    2.971688] tegra-pcie 3000.pcie-controller: link 2 down, retrying
[    3.381553] tegra-pcie 3000.pcie-controller: link 2 down, retrying
[    3.389728] tegra-pcie 3000.pcie-controller: link 2 down, ignoring
[    3.396024] tegra-pcie 3000.pcie-controller: PCI host bridge to bus 0000:00
[    3.402985] pci_bus 0000:00: root bus resource [mem 0x20000000-0x27ffffff]
[    3.409843] pci_bus 0000:00: root bus resource [mem 0x28000000-0x3fffffff pref]
[    3.417144] pci_bus 0000:00: root bus resource [bus 00-ff]
[    3.422627] pci_bus 0000:00: root bus resource [io  0x1000-0xffff]
[    3.428820] pci 0000:00:01.0: [10de:0e1c] type 01 class 0x060400
[    3.434873] pci 0000:00:01.0: PME# supported from D0 D1 D2 D3hot D3cold
[    3.441602] PCI: bus0: Fast back to back transfers disabled
[    3.447164] pci 0000:00:01.0: bridge configuration invalid ([bus 00-00]), reconfiguring
[    3.455267] pci 0000:01:00.0: [10ec:8168] type 00 class 0x020000
[    3.461289] pci 0000:01:00.0: reg 0x10: [io  0x0000-0x00ff]
[    3.466861] pci 0000:01:00.0: reg 0x18: [mem 0x00000000-0x00000fff 64bit pref]
[    3.474084] pci 0000:01:00.0: reg 0x20: [mem 0x00000000-0x00003fff 64bit pref]
[    3.481344] pci 0000:01:00.0: supports D1 D2
[    3.485604] pci 0000:01:00.0: PME# supported from D0 D1 D2 D3hot D3cold
[    3.492319] PCI: bus1: Fast back to back transfers disabled
[    3.497882] pci_bus 0000:01: busn_res: [bus 01-ff] end is updated to 01
[    3.504521] pci 0000:00:01.0: BAR 9: assigned [mem 0x28000000-0x280fffff 64bit pref]
[    3.512260] pci 0000:00:01.0: BAR 7: assigned [io  0x1000-0x1fff]
[    3.518346] pci 0000:01:00.0: BAR 4: assigned [mem 0x28000000-0x28003fff 64bit pref]
[    3.526090] pci 0000:01:00.0: BAR 2: assigned [mem 0x28004000-0x28004fff 64bit pref]
[    3.533835] pci 0000:01:00.0: BAR 0: assigned [io  0x1000-0x10ff]
[    3.539919] pci 0000:00:01.0: PCI bridge to [bus 01]
[    3.544881] pci 0000:00:01.0:   bridge window [io  0x1000-0x1fff]
[    3.550973] pci 0000:00:01.0:   bridge window [mem 0x28000000-0x280fffff 64bit pref]
[    3.558713] pci 0000:00:01.0: nv_msi_ht_cap_quirk didn't locate host bridge
[    3.565836] r8169 Gigabit Ethernet driver 2.3LK-NAPI loaded
[    3.571441] PCI: enabling device 0000:01:00.0 (0140 -> 0143)
[    3.577599] r8169 0000:01:00.0 eth0: RTL8168evl/8111evl at 0xf002e000, 02:04:4b:01:60:a6, XID 0c900800 IRQ 472
[    3.587594] r8169 0000:01:00.0 eth0: jumbo features [frames: 9200 bytes, tx checksumming: ko]
[    3.597463] [drm] Supports vblank timestamp caching Rev 2 (21.10.2013).
[    3.604092] [drm] No driver support for vblank timestamp query.
[    3.610029] host1x drm: No connectors reported connected with modes
[    3.616305] [drm] Cannot find any crtc or sizes - going 1024x768
[    3.635493] Console: switching to colour frame buffer device 128x48
[    3.647771] host1x drm: fb0:  frame buffer device
[    3.652470] host1x drm: registered panic notifier
[    3.657166] [drm] Initialized tegra 0.0.0 20120330 on minor 0
[    3.663283] platform 7d004000.usb: Driver tegra-ehci requests probe deferral
[    3.673122] tegra-ehci 7d008000.usb: EHCI Host Controller
[    3.678521] tegra-ehci 7d008000.usb: new USB bus registered, assigned bus number 1
[    3.686322] tegra-ehci 7d008000.usb: irq 129, io mem 0x7d008000
[    3.710820] tegra-ehci 7d008000.usb: USB 2.0 started, EHCI 1.00
[    3.717156] hub 1-0:1.0: USB hub found
[    3.720931] hub 1-0:1.0: 1 port detected
[    3.725403] tegra-ehci 7d004000.usb: EHCI Host Controller
[    3.730816] tegra-ehci 7d004000.usb: new USB bus registered, assigned bus number 2
[    3.738546] tegra-ehci 7d004000.usb: irq 53, io mem 0x7d004000
[    3.760814] tegra-ehci 7d004000.usb: USB 2.0 started, EHCI 1.00
[    3.767080] hub 2-0:1.0: USB hub found
[    3.770851] hub 2-0:1.0: 1 port detected
[    3.778697] tps65910-rtc tps65910-rtc: setting system clock to 2000-01-01 00:00:02 UTC (946684802)
[    3.787651] spear_cpufreq: Invalid cpufreq_tbl
[    3.795792] ALSA device list:
[    3.798935]   #0: NVIDIA Tegra Beaver
[    3.805143] EXT4-fs (mmcblk0p1): mounting ext3 file system using the ext4 subsystem
[    3.829732] EXT4-fs (mmcblk0p1): warning: mounting fs with errors, running e2fsck is recommended
[    3.840160] EXT4-fs (mmcblk0p1): recovery complete
[    3.844963] EXT4-fs (mmcblk0p1): mounted filesystem with ordered data mode. Opts: (null)
[    3.853087] VFS: Mounted root (ext3 filesystem) on device 179:1.
[    3.878193] devtmpfs: mounted
[    3.881628] Freeing unused kernel memory: 508K (c0804000 - c0883000)
[    4.041287] usb 1-1: new high-speed USB device number 2 using tegra-ehci
bash: cannot set terminal process group (-1): Inappropriate ioctl for device
bash: no job control in this shell
root@(none):/# [    4.522233] asix 1-1:1.0 eth1: register 'asix' at usb-7d008000.usb-1, ASIX AX88772 USB 2.0 Ethernet, 00:50:b6:0f:68:6d
