Diff for ./qemu-vexpress64/__internal/defconfig_log.txt
--- /tmp/fooa	2016-04-17 19:41:43.088230356 -0700
+++ /tmp/foob	2016-04-17 19:41:43.088230356 -0700
@@ -1,5 +1,5 @@
 Booting Linux on physical CPU 0x0
-Linux version 4.6.0-rc3+ (pwalmsley@tamien) (gcc version 4.9.2 20140904 (prerelease) (crosstool-NG linaro-1.13.1-4.9-2014.09 - Linaro GCC 4.9-2014.09) ) #1 SMP PREEMPT Sun Apr 10 18:35:55 PDT 2016
+Linux version 4.6.0-rc4+ (pwalmsley@tamien) (gcc version 4.9.2 20140904 (prerelease) (crosstool-NG linaro-1.13.1-4.9-2014.09 - Linaro GCC 4.9-2014.09) ) #1 SMP PREEMPT Sun Apr 17 19:36:12 PDT 2016
 Boot CPU: AArch64 Processor [411fd070]
 Memory limited to 1024MB
 efi: Getting EFI parameters from FDT:
@@ -94,7 +94,7 @@
 kvm [1]: HYP mode not available
 futex hash table entries: 256 (order: 3, 32768 bytes)
 audit: initializing netlink subsys (disabled)
-audit: type=2000 audit(0.508:1): initialized
+audit: type=2000 audit(0.552:1): initialized
 workingset: timestamp_bits=44 max_order=18 bucket_order=0
 squashfs: version 4.0 (2009/01/31) Phillip Lougher
 NFS: Registering the id_resolver key type
@@ -154,7 +154,7 @@
 Key type dns_resolver registered
 registered taskstats version 1
 input: gpio-keys as /devices/platform/gpio-keys/input/input0
-rtc-pl031 9010000.pl031: setting system clock to 2016-04-11 01:36:26 UTC (1460338586)
+rtc-pl031 9010000.pl031: setting system clock to 2016-04-18 02:36:42 UTC (1460947002)
 ALSA device list:
   No soundcards found.
 uart-pl011 9000000.pl011: no DMA platform data
Diff for ./tegra114-dalmore-a04/tegra114-dalmore/multi_v7_defconfig_log.txt
--- /tmp/fooa	2016-04-17 19:41:43.096230354 -0700
+++ /tmp/foob	2016-04-17 19:41:43.096230354 -0700
@@ -39,20 +39,20 @@
 	 #################################################################
 	 #################################################################
 	 #################
-	 3.4 MiB/s
+	 3.2 MiB/s
 done
-Bytes transferred = 6918928 (699310 hex)
+Bytes transferred = 6916368 (698910 hex)
 Tegra114 (Dalmore) # tftpboot 0x82000000 tegra114-dalmore.dtb
 Using asx0 device
 TFTP from server 192.168.100.1; our IP address is 192.168.100.100
 Filename 'tegra114-dalmore.dtb'.
 Load address: 0x82000000
 Loading: *###
-	 3 MiB/s
+	 1.2 MiB/s
 done
 Bytes transferred = 34894 (884e hex)
 Tegra114 (Dalmore) # bootz 0x81000000 - 0x82000000
-Kernel image @ 0x81000000 [ 0x000000 - 0x699310 ]
+Kernel image @ 0x81000000 [ 0x000000 - 0x698910 ]
 ## Flattened Device Tree blob at 82000000
    Booting using the fdt blob at 0x82000000
    Loading Device Tree to 8fff4000, end 8ffff84d ... OK
@@ -60,7 +60,7 @@
 Starting kernel ...
 
 Booting Linux on physical CPU 0x0
-Linux version 4.6.0-rc3-82540-gbf16200 (pwalmsley@sellafield) (gcc version 4.7.3 20130328 (prerelease) (crosstool-NG linaro-1.13.1-4.7-2013.04-20130415 - Linaro GCC 2013.04) ) #1 SMP Sun Apr 10 18:34:32 PDT 2016
+Linux version 4.6.0-rc4-82725-gc3b46c7 (pwalmsley@sellafield) (gcc version 4.7.3 20130328 (prerelease) (crosstool-NG linaro-1.13.1-4.7-2013.04-20130415 - Linaro GCC 2013.04) ) #1 SMP Sun Apr 17 19:34:23 PDT 2016
 CPU: ARMv7 Processor [412fc0f2] revision 2 (ARMv7), cr=10c5387d
 CPU: div instructions available: patching division code
 CPU: PIPT / VIPT nonaliasing data cache, PIPT instruction cache
@@ -90,10 +90,10 @@
     lowmem  : 0xc0000000 - 0xf0000000   ( 768 MB)
     pkmap   : 0xbfe00000 - 0xc0000000   (   2 MB)
     modules : 0xbf000000 - 0xbfe00000   (  14 MB)
-      .text : 0xc0208000 - 0xc104fa48   (14623 kB)
+      .text : 0xc0208000 - 0xc104fa4c   (14623 kB)
       .init : 0xc1100000 - 0xc1300000   (2048 kB)
       .data : 0xc1300000 - 0xc141d400   (1141 kB)
-       .bss : 0xc141f000 - 0xc1474558   ( 342 kB)
+       .bss : 0xc141f000 - 0xc1474518   ( 342 kB)
 SLUB: HWalign=64, Order=0-3, MinObjects=0, CPUs=4, Nodes=1
 Hierarchical RCU implementation.
 	Build-time adjustment of leaf fanout to 32.
@@ -280,12 +280,12 @@
 [drm] No driver support for vblank timestamp query.
 mmc0: new high speed SDHC card at address aaaa
 mmcblk0: mmc0:aaaa SL16G 14.8 GiB 
+ mmcblk0: p1 p2 p3
 mmc1: new high speed MMC card at address 0001
 mmcblk1: mmc1:0001 SEM32G 29.1 GiB 
 mmcblk1boot0: mmc1:0001 SEM32G partition 1 4.00 MiB
 mmcblk1boot1: mmc1:0001 SEM32G partition 2 4.00 MiB
 mmcblk1rpmb: mmc1:0001 SEM32G partition 3 4.00 MiB
- mmcblk0: p1 p2 p3
  mmcblk1: p1 p2 p3 p4 p5 p6 p7 p8
 Console: switching to colour frame buffer device 240x75
 drm drm: fb0:  frame buffer device
@@ -298,7 +298,7 @@
 hub 1-0:1.0: USB hub found
 hub 1-0:1.0: 1 port detected
 input: gpio-keys as /devices/soc0/gpio-keys/input/input0
-palmas-rtc 7000d000.i2c:tps65913@58:rtc: setting system clock to 2000-02-03 12:54:38 UTC (949582478)
+palmas-rtc 7000d000.i2c:tps65913@58:rtc: setting system clock to 2000-02-10 13:55:01 UTC (950190901)
 dvdd_ts: disabling
 usb1_vbus: disabling
 vdd_cam_1v8_reg: disabling
@@ -310,4 +310,5 @@
 Freeing unused kernel memory: 2048K (c1100000 - c1300000)
 bash: cannot set terminal process group (-1): Inappropriate ioctl for device
 bash: no job control in this shell
-root@(none):/# [    2.229599] usb 1-1: new high-speed USB device number 2 using tegra-ehci
+usb 1-1: new high-speed USB device number 2 using tegra-ehci
+root@(none):/# 
\ No newline at end of file
Diff for ./tegra114-dalmore-a04/tegra114-dalmore/tegra_defconfig_log.txt
--- /tmp/fooa	2016-04-17 19:41:43.112230350 -0700
+++ /tmp/foob	2016-04-17 19:41:43.116230348 -0700
@@ -39,7 +39,7 @@
 	 #####################################
 	 3.3 MiB/s
 done
-Bytes transferred = 5314096 (511630 hex)
+Bytes transferred = 5313776 (5114f0 hex)
 Tegra114 (Dalmore) # tftpboot 0x82000000 tegra114-dalmore.dtb
 Using asx0 device
 TFTP from server 192.168.100.1; our IP address is 192.168.100.100
@@ -50,7 +50,7 @@
 done
 Bytes transferred = 34894 (884e hex)
 Tegra114 (Dalmore) # bootz 0x81000000 - 0x82000000
-Kernel image @ 0x81000000 [ 0x000000 - 0x511630 ]
+Kernel image @ 0x81000000 [ 0x000000 - 0x5114f0 ]
 ## Flattened Device Tree blob at 82000000
    Booting using the fdt blob at 0x82000000
    Loading Device Tree to 8fff4000, end 8ffff84d ... OK
@@ -59,7 +59,7 @@
 
 Uncompressing Linux... done, booting the kernel.
 Booting Linux on physical CPU 0x0
-Linux version 4.6.0-rc3-82540-gbf16200 (pwalmsley@kaivo) (gcc version 4.7.3 20130328 (prerelease) (crosstool-NG linaro-1.13.1-4.7-2013.04-20130415 - Linaro GCC 2013.04) ) #1 SMP PREEMPT Sun Apr 10 18:34:06 PDT 2016
+Linux version 4.6.0-rc4-82725-gc3b46c7 (pwalmsley@kaivo) (gcc version 4.7.3 20130328 (prerelease) (crosstool-NG linaro-1.13.1-4.7-2013.04-20130415 - Linaro GCC 2013.04) ) #1 SMP PREEMPT Sun Apr 17 19:34:14 PDT 2016
 CPU: ARMv7 Processor [412fc0f2] revision 2 (ARMv7), cr=10c5387d
 CPU: div instructions available: patching division code
 CPU: PIPT / VIPT nonaliasing data cache, PIPT instruction cache
@@ -90,10 +90,10 @@
     lowmem  : 0xc0000000 - 0xf0000000   ( 768 MB)
     pkmap   : 0xbfe00000 - 0xc0000000   (   2 MB)
     modules : 0xbf000000 - 0xbfe00000   (  14 MB)
-      .text : 0xc0008000 - 0xc0ab2220   (10921 kB)
+      .text : 0xc0008000 - 0xc0ab2228   (10921 kB)
       .init : 0xc0b00000 - 0xc0c00000   (1024 kB)
       .data : 0xc0c00000 - 0xc0c5df80   ( 376 kB)
-       .bss : 0xc0c5f000 - 0xc0cb9a44   ( 363 kB)
+       .bss : 0xc0c5f000 - 0xc0cb9a04   ( 363 kB)
 Preemptible hierarchical RCU implementation.
 	Build-time adjustment of leaf fanout to 32.
 NR_IRQS:16 nr_irqs:16 16
@@ -295,7 +295,7 @@
 hub 1-0:1.0: USB hub found
 hub 1-0:1.0: 1 port detected
 input: gpio-keys as /devices/soc0/gpio-keys/input/input1
-palmas-rtc 7000d000.i2c:tps65913@58:rtc: setting system clock to 2000-02-03 12:52:08 UTC (949582328)
+palmas-rtc 7000d000.i2c:tps65913@58:rtc: setting system clock to 2000-02-10 13:52:35 UTC (950190755)
 dvdd_ts: disabling
 usb1_vbus: disabling
 vdd_cam_1v8_reg: disabling
Diff for ./tegra124-jetson-tk1/tegra124-jetson-tk1/multi_v7_defconfig_log.txt
--- /tmp/fooa	2016-04-17 19:41:43.124230346 -0700
+++ /tmp/foob	2016-04-17 19:41:43.124230346 -0700
@@ -26,7 +26,7 @@
        scanning usb for ethernet devices... 
 Warning: asx0 using MAC address from net device
 1 Ethernet Device(s) found
-Tegra124 (Jetson TK1) # setenv bootargs 'ignore_loglevel console=ttyS0,115200n8 rw root=/dev/mmcblk0p1 rootwait gpt debug noinitrd earlyprintk init=/bin/bash'
+Tegra124 (Jetson TK1) # setenv bootargs 'ignore_loglevel console=ttyS0,115200n8 rw root=PARTUUID=8683e640-b305-6c03-ae83-3c34ba91e1b7 rootwait gpt debug noinitrd earlyprintk init=/bin/bash'
 Tegra124 (Jetson TK1) # setenv ipaddr 192.168.100.102; setenv serverip 192.168.100.1; setenv tftpserverip 192.168.100.1
 Tegra124 (Jetson TK1) # tftpboot 0x82000000 zImage.multi_v7_defconfig
 Using asx0 device
@@ -41,20 +41,20 @@
 	 #################################################################
 	 #################################################################
 	 #################
-	 3.1 MiB/s
+	 3.2 MiB/s
 done
-Bytes transferred = 6918928 (699310 hex)
+Bytes transferred = 6916368 (698910 hex)
 Tegra124 (Jetson TK1) # tftpboot 0x83000000 tegra124-jetson-tk1.dtb
 Using asx0 device
 TFTP from server 192.168.100.1; our IP address is 192.168.100.102
 Filename 'tegra124-jetson-tk1.dtb'.
 Load address: 0x83000000
 Loading: *#####
-	 2.3 MiB/s
+	 2.9 MiB/s
 done
 Bytes transferred = 64138 (fa8a hex)
 Tegra124 (Jetson TK1) # bootz 0x82000000 - 0x83000000
-Kernel image @ 0x82000000 [ 0x000000 - 0x699310 ]
+Kernel image @ 0x82000000 [ 0x000000 - 0x698910 ]
 ## Flattened Device Tree blob at 83000000
    Booting using the fdt blob at 0x83000000
    Using Device Tree in place at 83000000, end 83012a89
@@ -62,7 +62,7 @@
 Starting kernel ...
 
 Booting Linux on physical CPU 0x0
-Linux version 4.6.0-rc3-82540-gbf16200 (pwalmsley@sellafield) (gcc version 4.7.3 20130328 (prerelease) (crosstool-NG linaro-1.13.1-4.7-2013.04-20130415 - Linaro GCC 2013.04) ) #1 SMP Sun Apr 10 18:34:32 PDT 2016
+Linux version 4.6.0-rc4-82725-gc3b46c7 (pwalmsley@sellafield) (gcc version 4.7.3 20130328 (prerelease) (crosstool-NG linaro-1.13.1-4.7-2013.04-20130415 - Linaro GCC 2013.04) ) #1 SMP Sun Apr 17 19:34:23 PDT 2016
 CPU: ARMv7 Processor [413fc0f3] revision 3 (ARMv7), cr=10c5387d
 CPU: div instructions available: patching division code
 CPU: PIPT / VIPT nonaliasing data cache, PIPT instruction cache
@@ -80,7 +80,7 @@
 pcpu-alloc: s19776 r8192 d21184 u49152 alloc=12*4096
 pcpu-alloc: [0] 0 [0] 1 [0] 2 [0] 3 
 Built 1 zonelists in Zone order, mobility grouping on.  Total pages: 522496
-Kernel command line: ignore_loglevel console=ttyS0,115200n8 rw root=/dev/mmcblk0p1 rootwait gpt debug noinitrd earlyprintk init=/bin/bash
+Kernel command line: ignore_loglevel console=ttyS0,115200n8 rw root=PARTUUID=8683e640-b305-6c03-ae83-3c34ba91e1b7 rootwait gpt debug noinitrd earlyprintk init=/bin/bash
 PID hash table entries: 4096 (order: 2, 16384 bytes)
 Dentry cache hash table entries: 131072 (order: 7, 524288 bytes)
 Inode-cache hash table entries: 65536 (order: 6, 262144 bytes)
@@ -92,10 +92,10 @@
     lowmem  : 0xc0000000 - 0xf0000000   ( 768 MB)
     pkmap   : 0xbfe00000 - 0xc0000000   (   2 MB)
     modules : 0xbf000000 - 0xbfe00000   (  14 MB)
-      .text : 0xc0208000 - 0xc104fa48   (14623 kB)
+      .text : 0xc0208000 - 0xc104fa4c   (14623 kB)
       .init : 0xc1100000 - 0xc1300000   (2048 kB)
       .data : 0xc1300000 - 0xc141d400   (1141 kB)
-       .bss : 0xc141f000 - 0xc1474558   ( 342 kB)
+       .bss : 0xc141f000 - 0xc1474518   ( 342 kB)
 SLUB: HWalign=64, Order=0-3, MinObjects=0, CPUs=4, Nodes=1
 Hierarchical RCU implementation.
 	Build-time adjustment of leaf fanout to 32.
@@ -289,7 +289,7 @@
 +1.05V_RUN_AVDD: supplied by +1.35V_LP0(sd2)
 tegra-pcie 1003000.pcie-controller: probing port 0, using 2 lanes
 tegra-pcie 1003000.pcie-controller: Slot present pin change, signature: 00000008
-mmc0: new HS200 MMC card at address 0001
+mmc0: new high speed MMC card at address 0001
 mmcblk0: mmc0:0001 SEM16G 14.7 GiB 
 mmcblk0boot0: mmc0:0001 SEM16G partition 1 4.00 MiB
 mmcblk0boot1: mmc0:0001 SEM16G partition 2 4.00 MiB
@@ -302,16 +302,42 @@
 tegra-pcie 1003000.pcie-controller: link 0 down, ignoring
 tegra-pcie 1003000.pcie-controller: probing port 1, using 1 lanes
 tegra-pcie 1003000.pcie-controller: Slot present pin change, signature: 00000000
-tegra-pcie 1003000.pcie-controller: link 1 down, retrying
-tegra-pcie 1003000.pcie-controller: link 1 down, retrying
-tegra-pcie 1003000.pcie-controller: link 1 down, retrying
-tegra-pcie 1003000.pcie-controller: link 1 down, ignoring
 tegra-pcie 1003000.pcie-controller: PCI host bridge to bus 0000:00
 pci_bus 0000:00: root bus resource [io  0x0000-0xffff]
 pci_bus 0000:00: root bus resource [mem 0x13000000-0x1fffffff]
 pci_bus 0000:00: root bus resource [mem 0x20000000-0x3fffffff pref]
 pci_bus 0000:00: root bus resource [bus 00-ff]
-PCI: bus0: Fast back to back transfers enabled
+pci 0000:00:02.0: [10de:0e13] type 01 class 0x060400
+pci 0000:00:02.0: PME# supported from D0 D1 D2 D3hot D3cold
+PCI: bus0: Fast back to back transfers disabled
+pci 0000:00:02.0: bridge configuration invalid ([bus 00-00]), reconfiguring
+pci 0000:01:00.0: [10ec:8168] type 00 class 0x020000
+pci 0000:01:00.0: reg 0x10: [io  0x0000-0x00ff]
+pci 0000:01:00.0: reg 0x18: [mem 0x00000000-0x00000fff 64bit]
+pci 0000:01:00.0: reg 0x20: [mem 0x00000000-0x00003fff 64bit pref]
+pci 0000:01:00.0: supports D1 D2
+pci 0000:01:00.0: PME# supported from D0 D1 D2 D3hot D3cold
+PCI: bus1: Fast back to back transfers disabled
+pci_bus 0000:01: busn_res: [bus 01-ff] end is updated to 01
+pci 0000:00:02.0: BAR 8: assigned [mem 0x13000000-0x130fffff]
+pci 0000:00:02.0: BAR 9: assigned [mem 0x20000000-0x200fffff 64bit pref]
+pci 0000:00:02.0: BAR 7: assigned [io  0x1000-0x1fff]
+pci 0000:01:00.0: BAR 4: assigned [mem 0x20000000-0x20003fff 64bit pref]
+pci 0000:01:00.0: BAR 2: assigned [mem 0x13000000-0x13000fff 64bit]
+pci 0000:01:00.0: BAR 0: assigned [io  0x1000-0x10ff]
+pci 0000:00:02.0: PCI bridge to [bus 01]
+pci 0000:00:02.0:   bridge window [io  0x1000-0x1fff]
+pci 0000:00:02.0:   bridge window [mem 0x13000000-0x130fffff]
+pci 0000:00:02.0:   bridge window [mem 0x20000000-0x200fffff 64bit pref]
+pci 0000:00:02.0: nv_msi_ht_cap_quirk didn't locate host bridge
+pcieport 0000:00:02.0: enabling device (0140 -> 0143)
+pcieport 0000:00:02.0: Signaling PME through PCIe PME interrupt
+pci 0000:01:00.0: Signaling PME through PCIe PME interrupt
+pcie_pme 0000:00:02.0:pcie01: service driver pcie_pme loaded
+r8169 Gigabit Ethernet driver 2.3LK-NAPI loaded
+r8169 0000:01:00.0: enabling device (0140 -> 0143)
+r8169 0000:01:00.0 eth0: RTL8168g/8111g at 0xf0a1c000, 00:04:4b:25:b3:b4, XID 0c000800 IRQ 388
+r8169 0000:01:00.0 eth0: jumbo features [frames: 9200 bytes, tx checksumming: ko]
 +5V_HDMI_CON: supplied by +5V_SYS
 +1.05V_RUN_AVDD_HDMI_PLL: supplied by +1.05V_RUN
 +3.3V_RUN: supplied by +3.3V_SYS
@@ -348,7 +374,7 @@
 mmc1: Invalid maximum block size, assuming 512 bytes
 mmc1: SDHCI controller on 700b0400.sdhci [700b0400.sdhci] using ADMA 64-bit
 input: gpio-keys as /devices/soc0/gpio-keys/input/input0
-as3722-rtc as3722-rtc: setting system clock to 2000-01-01 00:02:22 UTC (946684942)
+as3722-rtc as3722-rtc: setting system clock to 2000-01-01 00:02:53 UTC (946684973)
 +1.8V_RUN_CAM: disabling
 +2.8V_RUN_CAM: disabling
 +1.2V_RUN_CAM_FRONT: disabling
Diff for ./tegra124-jetson-tk1/tegra124-jetson-tk1/tegra_defconfig_log.txt
--- /tmp/fooa	2016-04-17 19:41:43.132230343 -0700
+++ /tmp/foob	2016-04-17 19:41:43.132230343 -0700
@@ -26,7 +26,53 @@
        scanning usb for ethernet devices... 
 Warning: asx0 using MAC address from net device
 1 Ethernet Device(s) found
-Tegra124 (Jetson TK1) # setenv bootargs 'ignore_loglevel console=ttyS0,115200n8 rw root=/dev/mmcblk0p1 rootwait gpt debug noinitrd earlyprintk init=/bin/bash'
+Tegra124 (Jetson TK1) # setenv bootargs 'ignore_loglevel console=ttyS0,115200n8 rw root=PARTUUID=8683e640-b305-6c03-ae83-3c34ba91e1b7 rootwait gpt debug noinitrd earlyprintk init=/bin/bash'
+Tegra124 (Jetson TK1) # setenv ipaddr 192.168.100.102; setenv serverip 192.168.100.1; setenv tftpserverip 192.168.100.1
+Tegra124 (Jetson TK1) # tftpboot 0x82000000 zImage.tegra_defconfig
+Using asx0 device
+TFTP from server 192.168.100.1; our IP address is 192.168.100.102
+Filename 'zImage.tegra_defconfig'.
+Load address: 0x82000000
+Loading: *EHCI timed out on TD - token=0x8008d80
+T EHCI timed out on TD - token=0x8008d80
+T EHCI timed out on TD - token=0x8008d80
+T EHCI timed out on TD - token=0x8008d80
+T EHCI timed out on TD - token=0x8008d80
+T EHCI timed out on TD - token=0x8008d80
+
+Abort
+Tegra124 (Jetson TK1) # 
+Tegra124 (Jetson TK1) # reset
+resetting ...
+
+U-Boot SPL 2014.07-00097-g772e173 (Jul 25 2014 - 20:02:52)
+
+
+U-Boot 2014.07-00097-g772e173 (Jul 25 2014 - 20:02:52)
+
+TEGRA124
+Board: NVIDIA Jetson TK1
+I2C:   ready
+DRAM:  2 GiB
+MMC:   Tegra SD/MMC: 0, Tegra SD/MMC: 1
+In:    serial
+Out:   serial
+Err:   serial
+Net:   Net Initialization Skipped
+No ethernet found.
+Hit any key to stop autoboot:  2  0 
+Tegra124 (Jetson TK1) # 
+Tegra124 (Jetson TK1) # usb reset
+(Re)start USB...
+USB0:   USB EHCI 1.10
+scanning bus 0 for devices... 1 USB Device(s) found
+USB1:   USB EHCI 1.10
+scanning bus 1 for devices... 2 USB Device(s) found
+       scanning usb for storage devices... 0 Storage Device(s) found
+       scanning usb for ethernet devices... 
+Warning: asx0 using MAC address from net device
+1 Ethernet Device(s) found
+Tegra124 (Jetson TK1) # setenv bootargs 'ignore_loglevel console=ttyS0,115200n8 rw root=PARTUUID=8683e640-b305-6c03-ae83-3c34ba91e1b7 rootwait gpt debug noinitrd earlyprintk init=/bin/bash'
 Tegra124 (Jetson TK1) # setenv ipaddr 192.168.100.102; setenv serverip 192.168.100.1; setenv tftpserverip 192.168.100.1
 Tegra124 (Jetson TK1) # tftpboot 0x82000000 zImage.tegra_defconfig
 Using asx0 device
@@ -39,20 +85,20 @@
 	 #################################################################
 	 #################################################################
 	 #####################################
-	 3.2 MiB/s
+	 3.1 MiB/s
 done
-Bytes transferred = 5314096 (511630 hex)
+Bytes transferred = 5313776 (5114f0 hex)
 Tegra124 (Jetson TK1) # tftpboot 0x83000000 tegra124-jetson-tk1.dtb
 Using asx0 device
 TFTP from server 192.168.100.1; our IP address is 192.168.100.102
 Filename 'tegra124-jetson-tk1.dtb'.
 Load address: 0x83000000
 Loading: *#####
-	 2.5 MiB/s
+	 3.1 MiB/s
 done
 Bytes transferred = 64138 (fa8a hex)
 Tegra124 (Jetson TK1) # bootz 0x82000000 - 0x83000000
-Kernel image @ 0x82000000 [ 0x000000 - 0x511630 ]
+Kernel image @ 0x82000000 [ 0x000000 - 0x5114f0 ]
 ## Flattened Device Tree blob at 83000000
    Booting using the fdt blob at 0x83000000
    Using Device Tree in place at 83000000, end 83012a89
@@ -61,7 +107,7 @@
 
 Uncompressing Linux... done, booting the kernel.
 Booting Linux on physical CPU 0x0
-Linux version 4.6.0-rc3-82540-gbf16200 (pwalmsley@kaivo) (gcc version 4.7.3 20130328 (prerelease) (crosstool-NG linaro-1.13.1-4.7-2013.04-20130415 - Linaro GCC 2013.04) ) #1 SMP PREEMPT Sun Apr 10 18:34:06 PDT 2016
+Linux version 4.6.0-rc4-82725-gc3b46c7 (pwalmsley@kaivo) (gcc version 4.7.3 20130328 (prerelease) (crosstool-NG linaro-1.13.1-4.7-2013.04-20130415 - Linaro GCC 2013.04) ) #1 SMP PREEMPT Sun Apr 17 19:34:14 PDT 2016
 CPU: ARMv7 Processor [413fc0f3] revision 3 (ARMv7), cr=10c5387d
 CPU: div instructions available: patching division code
 CPU: PIPT / VIPT nonaliasing data cache, PIPT instruction cache
@@ -80,7 +126,7 @@
 pcpu-alloc: s19968 r8192 d20992 u49152 alloc=12*4096
 pcpu-alloc: [0] 0 [0] 1 [0] 2 [0] 3 
 Built 1 zonelists in Zone order, mobility grouping on.  Total pages: 522496
-Kernel command line: ignore_loglevel console=ttyS0,115200n8 rw root=/dev/mmcblk0p1 rootwait gpt debug noinitrd earlyprintk init=/bin/bash
+Kernel command line: ignore_loglevel console=ttyS0,115200n8 rw root=PARTUUID=8683e640-b305-6c03-ae83-3c34ba91e1b7 rootwait gpt debug noinitrd earlyprintk init=/bin/bash
 PID hash table entries: 4096 (order: 2, 16384 bytes)
 Dentry cache hash table entries: 131072 (order: 7, 524288 bytes)
 Inode-cache hash table entries: 65536 (order: 6, 262144 bytes)
@@ -92,10 +138,10 @@
     lowmem  : 0xc0000000 - 0xf0000000   ( 768 MB)
     pkmap   : 0xbfe00000 - 0xc0000000   (   2 MB)
     modules : 0xbf000000 - 0xbfe00000   (  14 MB)
-      .text : 0xc0008000 - 0xc0ab2220   (10921 kB)
+      .text : 0xc0008000 - 0xc0ab2228   (10921 kB)
       .init : 0xc0b00000 - 0xc0c00000   (1024 kB)
       .data : 0xc0c00000 - 0xc0c5df80   ( 376 kB)
-       .bss : 0xc0c5f000 - 0xc0cb9a44   ( 363 kB)
+       .bss : 0xc0c5f000 - 0xc0cb9a04   ( 363 kB)
 Preemptible hierarchical RCU implementation.
 	Build-time adjustment of leaf fanout to 32.
 NR_IRQS:16 nr_irqs:16 16
@@ -258,7 +304,7 @@
 mmc0: SDHCI controller on 700b0600.sdhci [700b0600.sdhci] using ADMA 64-bit
 usbcore: registered new interface driver usbhid
 usbhid: USB HID core driver
-mmc0: new HS200 MMC card at address 0001
+mmc0: new high speed MMC card at address 0001
 mmcblk0: mmc0:0001 SEM16G 14.7 GiB 
 mmcblk0boot0: mmc0:0001 SEM16G partition 1 4.00 MiB
 mmcblk0boot1: mmc0:0001 SEM16G partition 2 4.00 MiB
@@ -350,7 +396,7 @@
 mmc1: Invalid maximum block size, assuming 512 bytes
 mmc1: SDHCI controller on 700b0400.sdhci [700b0400.sdhci] using ADMA 64-bit
 input: gpio-keys as /devices/soc0/gpio-keys/input/input2
-as3722-rtc as3722-rtc: setting system clock to 2000-01-01 00:00:17 UTC (946684817)
+as3722-rtc as3722-rtc: setting system clock to 2000-01-01 00:00:55 UTC (946684855)
 +1.8V_RUN_CAM: disabling
 +2.8V_RUN_CAM: disabling
 +1.2V_RUN_CAM_FRONT: disabling
Diff for ./tegra132-norrin/tegra132-norrin/defconfig_log.txt
--- /tmp/fooa	2016-04-17 19:41:43.168230332 -0700
+++ /tmp/foob	2016-04-17 19:41:43.168230332 -0700
@@ -31,7 +31,7 @@
 MSENC clock is set to  79200 KHz
 Vde clock is set to 204000 KHz
 
-Bootloader-Cpu Init at (time stamp): 1800271 us
+Bootloader-Cpu Init at (time stamp): 1800485 us
 
 Pinmux changes applied in kernel way
 
@@ -62,22 +62,22 @@
 Board Id Read Time: 3 us
 Power Rail enable Time: 1 us
 
-Miscellaneous avp time: 1800245  us
-Bootloader (AosInit) time: 733445 us
-Bootloader Main Init time: 180212 us
-BlockDevMgrInit time: 157550 us
-PartMgrInit time: 8 us
+Miscellaneous avp time: 1800459  us
+Bootloader (AosInit) time: 733549 us
+Bootloader Main Init time: 180139 us
+BlockDevMgrInit time: 157570 us
+PartMgrInit time: 9 us
 StorMgrInit time: 30 us
 FsMgrInit time: 2 us
-Partition Table load: 76991 us 
-Display init time: 574516 us
-Kernel read time: 307 msec
+Partition Table load: 76982 us 
+Display init time: 574589 us
+Kernel read time: 309 msec
 Load Kernel Size:   13305856 Bytes
-Bl Kernel ReadSpeed: 43341000 Bytes/sec
-Pre-Kernel Jump time: 1508492 us
-Clearing 32 Bit State and Warm resetting to 64bit mode: 5521575 us
+Bl Kernel ReadSpeed: 43061000 Bytes/sec
+Pre-Kernel Jump time: 1507862 us
+Clearing 32 Bit State and Warm resetting to 64bit mode: 5522889 us
 Booting Linux on physical CPU 0x0
-Linux version 4.6.0-rc3+ (pwalmsley@tamien) (gcc version 4.9.2 20140904 (prerelease) (crosstool-NG linaro-1.13.1-4.9-2014.09 - Linaro GCC 4.9-2014.09) ) #1 SMP PREEMPT Sun Apr 10 18:35:55 PDT 2016
+Linux version 4.6.0-rc4+ (pwalmsley@tamien) (gcc version 4.9.2 20140904 (prerelease) (crosstool-NG linaro-1.13.1-4.9-2014.09 - Linaro GCC 4.9-2014.09) ) #1 SMP PREEMPT Sun Apr 17 19:36:12 PDT 2016
 Boot CPU: AArch64 Processor [4e0f0000]
 Memory limited to 1734MB
 efi: Getting EFI parameters from FDT:
@@ -179,7 +179,7 @@
 kvm [1]: HYP mode not available
 futex hash table entries: 256 (order: 3, 32768 bytes)
 audit: initializing netlink subsys (disabled)
-audit: type=2000 audit(0.847:1): initialized
+audit: type=2000 audit(0.843:1): initialized
 workingset: timestamp_bits=44 max_order=19 bucket_order=0
 squashfs: version 4.0 (2009/01/31) Phillip Lougher
 NFS: Registering the id_resolver key type
@@ -237,36 +237,36 @@
 9pnet: Installing 9P2000 support
 Key type dns_resolver registered
 registered taskstats version 1
+mmc0: new high speed MMC card at address 0001
 sdhci-tegra 700b0400.sdhci: Got CD GPIO
+mmcblk0: mmc0:0001 SEM16G 14.7 GiB 
+mmcblk0boot0: mmc0:0001 SEM16G partition 1 4.00 MiB
 sdhci-tegra 700b0400.sdhci: Got WP GPIO
 mmc1: Unknown controller version (3). You may experience problems.
+mmcblk0boot1: mmc0:0001 SEM16G partition 2 4.00 MiB
 input: gpio-keys as /devices/platform/gpio-keys/input/input0
+mmcblk0rpmb: mmc0:0001 SEM16G partition 3 4.00 MiB
+ mmcblk0: p1 p2 p3 p4 p5 p6 p7 p8
 sdhci-tegra 700b0400.sdhci: Got CD GPIO
-hctosys: unable to open rtc device (rtc0)
 sdhci-tegra 700b0400.sdhci: Got WP GPIO
 mmc1: Unknown controller version (3). You may experience problems.
+hctosys: unable to open rtc device (rtc0)
 +3.3V_AVDD_HDMI_AP_GATED: disabling
-mmc0: new HS200 MMC card at address 0001
-mmcblk0: mmc0:0001 SEM16G 14.7 GiB 
+sdhci-tegra 700b0400.sdhci: Got CD GPIO
+sdhci-tegra 700b0400.sdhci: Got WP GPIO
+mmc1: Unknown controller version (3). You may experience problems.
 +VDD_LED: disabling
-mmcblk0boot0: mmc0:0001 SEM16G partition 1 4.00 MiB
 +5V_USB_HS: disabling
-mmcblk0boot1: mmc0:0001 SEM16G partition 2 4.00 MiB
 +5V_USB_SS: disabling
-mmcblk0rpmb: mmc0:0001 SEM16G partition 3 4.00 MiB
 +1.05V_RUN_AVDD_HDMI_PLL_AP_GATE: disabling
 +5V_HDMI_CON: disabling
- mmcblk0: p1 p2 p3 p4 p5 p6 p7 p8
 ALSA device list:
   No soundcards found.
 Freeing unused kernel memory: 816K (ffffff8008a3a000 - ffffff8008b06000)
-sdhci-tegra 700b0400.sdhci: Got CD GPIO
 
 System initialization...
 
-Mounting /proc :[    2.599666] sdhci-tegra 700b0400.sdhci: Got WP GPIO
-mmc1: Unknown controller version (3). You may experience problems.
-[SUCCESS]
+Mounting /proc :[SUCCESS]
 Mounting /sys :[SUCCESS]
 Mounting /dev :[SUCCESS]
 Mounting /dev/pts :[SUCCESS]
Diff for ./tegra20-trimslice/tegra20-trimslice/multi_v7_defconfig_log.txt
--- /tmp/fooa	2016-04-17 19:41:43.176230331 -0700
+++ /tmp/foob	2016-04-17 19:41:43.176230331 -0700
@@ -19,7 +19,7 @@
 Out:   serial
 Err:   serial
 Net:   RTL8169#0
-Hit any key to stop autoboot:  2  1  0 
+Hit any key to stop autoboot:  2  0 
 Tegra20 (TrimSlice) # 
 Tegra20 (TrimSlice) # usb reset
 resetting USB...
@@ -47,9 +47,9 @@
 	 #################################################################
 	 #################################################################
 	 #################
-	 891.6 KiB/s
+	 907.2 KiB/s
 done
-Bytes transferred = 6918928 (699310 hex)
+Bytes transferred = 6916368 (698910 hex)
 Tegra20 (TrimSlice) # tftpboot 0x02408000 tegra20-trimslice.dtb
 Using RTL8169#0 device
 TFTP from server 192.168.100.1; our IP address is 192.168.100.103
@@ -60,7 +60,7 @@
 done
 Bytes transferred = 21130 (528a hex)
 Tegra20 (TrimSlice) # bootz 0x00408000 - 0x02408000
-Kernel image @ 0x408000 [ 0x000000 - 0x699310 ]
+Kernel image @ 0x408000 [ 0x000000 - 0x698910 ]
 ## Flattened Device Tree blob at 02408000
    Booting using the fdt blob at 0x2408000
    Using Device Tree in place at 02408000, end 02410289
@@ -68,7 +68,7 @@
 Starting kernel ...
 
 Booting Linux on physical CPU 0x0
-Linux version 4.6.0-rc3-82540-gbf16200 (pwalmsley@sellafield) (gcc version 4.7.3 20130328 (prerelease) (crosstool-NG linaro-1.13.1-4.7-2013.04-20130415 - Linaro GCC 2013.04) ) #1 SMP Sun Apr 10 18:34:32 PDT 2016
+Linux version 4.6.0-rc4-82725-gc3b46c7 (pwalmsley@sellafield) (gcc version 4.7.3 20130328 (prerelease) (crosstool-NG linaro-1.13.1-4.7-2013.04-20130415 - Linaro GCC 2013.04) ) #1 SMP Sun Apr 17 19:34:23 PDT 2016
 CPU: ARMv7 Processor [411fc090] revision 0 (ARMv7), cr=10c5387d
 CPU: PIPT / VIPT nonaliasing data cache, VIPT aliasing instruction cache
 Machine model: Compulab TrimSlice board
@@ -97,10 +97,10 @@
     lowmem  : 0xc0000000 - 0xf0000000   ( 768 MB)
     pkmap   : 0xbfe00000 - 0xc0000000   (   2 MB)
     modules : 0xbf000000 - 0xbfe00000   (  14 MB)
-      .text : 0xc0208000 - 0xc104fa48   (14623 kB)
+      .text : 0xc0208000 - 0xc104fa4c   (14623 kB)
       .init : 0xc1100000 - 0xc1300000   (2048 kB)
       .data : 0xc1300000 - 0xc141d400   (1141 kB)
-       .bss : 0xc141f000 - 0xc1474558   ( 342 kB)
+       .bss : 0xc141f000 - 0xc1474518   ( 342 kB)
 SLUB: HWalign=64, Order=0-3, MinObjects=0, CPUs=2, Nodes=1
 Hierarchical RCU implementation.
 	Build-time adjustment of leaf fanout to 32.
@@ -321,22 +321,21 @@
 tegra-ehci c5000000.usb: new USB bus registered, assigned bus number 2
 tegra-ehci c5000000.usb: irq 288, io mem 0xc5000000
 usb 1-1: new high-speed USB device number 2 using tegra-ehci
+mmc0: host does not support reading read-only switch, assuming write-enable
 tegra-ehci c5000000.usb: USB 2.0 started, EHCI 1.00
+mmc0: new high speed SDHC card at address b368
+mmcblk0: mmc0:b368 NCard 3.70 GiB 
 hub 2-0:1.0: USB hub found
 hub 2-0:1.0: 1 port detected
 input: gpio-keys as /devices/soc0/gpio-keys/input/input0
-rtc-em3027 2-0056: setting system clock to 2014-12-28 14:03:07 UTC (1419775387)
-Waiting for root device PARTUUID=11eb23c1-01...
-mmc0: host does not support reading read-only switch, assuming write-enable
-mmc0: new high speed SDHC card at address b368
-mmcblk0: mmc0:b368 NCard 3.70 GiB 
+rtc-em3027 2-0056: setting system clock to 2014-12-28 17:10:19 UTC (1419786619)
  mmcblk0: p1
+EXT4-fs (mmcblk0p1): mounting ext3 file system using the ext4 subsystem
 mmc1: new high speed SD card at address b368
 mmcblk1: mmc1:b368 NCard 1.83 GiB (ro)
  mmcblk1: p1 p2
 hub 1-1:1.0: USB hub found
 hub 1-1:1.0: 4 ports detected
-EXT4-fs (mmcblk0p1): mounting ext3 file system using the ext4 subsystem
 usb 1-1.2: new high-speed USB device number 3 using tegra-ehci
 EXT4-fs (mmcblk0p1): recovery complete
 EXT4-fs (mmcblk0p1): mounted filesystem with ordered data mode. Opts: (null)
Diff for ./tegra20-trimslice/tegra20-trimslice/tegra_defconfig_log.txt
--- /tmp/fooa	2016-04-17 19:41:43.184230328 -0700
+++ /tmp/foob	2016-04-17 19:41:43.188230327 -0700
@@ -45,9 +45,9 @@
 	 #################################################################
 	 #################################################################
 	 #####################################
-	 910.2 KiB/s
+	 909.2 KiB/s
 done
-Bytes transferred = 5314096 (511630 hex)
+Bytes transferred = 5313776 (5114f0 hex)
 Tegra20 (TrimSlice) # tftpboot 0x02408000 tegra20-trimslice.dtb
 Using RTL8169#0 device
 TFTP from server 192.168.100.1; our IP address is 192.168.100.103
@@ -58,7 +58,7 @@
 done
 Bytes transferred = 21130 (528a hex)
 Tegra20 (TrimSlice) # bootz 0x00408000 - 0x02408000
-Kernel image @ 0x408000 [ 0x000000 - 0x511630 ]
+Kernel image @ 0x408000 [ 0x000000 - 0x5114f0 ]
 ## Flattened Device Tree blob at 02408000
    Booting using the fdt blob at 0x2408000
    Using Device Tree in place at 02408000, end 02410289
@@ -67,7 +67,7 @@
 
 Uncompressing Linux... done, booting the kernel.
 Booting Linux on physical CPU 0x0
-Linux version 4.6.0-rc3-82540-gbf16200 (pwalmsley@kaivo) (gcc version 4.7.3 20130328 (prerelease) (crosstool-NG linaro-1.13.1-4.7-2013.04-20130415 - Linaro GCC 2013.04) ) #1 SMP PREEMPT Sun Apr 10 18:34:06 PDT 2016
+Linux version 4.6.0-rc4-82725-gc3b46c7 (pwalmsley@kaivo) (gcc version 4.7.3 20130328 (prerelease) (crosstool-NG linaro-1.13.1-4.7-2013.04-20130415 - Linaro GCC 2013.04) ) #1 SMP PREEMPT Sun Apr 17 19:34:14 PDT 2016
 CPU: ARMv7 Processor [411fc090] revision 0 (ARMv7), cr=10c5387d
 CPU: PIPT / VIPT nonaliasing data cache, VIPT aliasing instruction cache
 Machine model: Compulab TrimSlice board
@@ -97,10 +97,10 @@
     lowmem  : 0xc0000000 - 0xf0000000   ( 768 MB)
     pkmap   : 0xbfe00000 - 0xc0000000   (   2 MB)
     modules : 0xbf000000 - 0xbfe00000   (  14 MB)
-      .text : 0xc0008000 - 0xc0ab2220   (10921 kB)
+      .text : 0xc0008000 - 0xc0ab2228   (10921 kB)
       .init : 0xc0b00000 - 0xc0c00000   (1024 kB)
       .data : 0xc0c00000 - 0xc0c5df80   ( 376 kB)
-       .bss : 0xc0c5f000 - 0xc0cb9a44   ( 363 kB)
+       .bss : 0xc0c5f000 - 0xc0cb9a04   ( 363 kB)
 Preemptible hierarchical RCU implementation.
 	Build-time adjustment of leaf fanout to 32.
 	RCU restricting CPUs from NR_CPUS=4 to nr_cpu_ids=2.
@@ -306,18 +306,15 @@
 tegra-snd-trimslice sound: tlv320aic23-hifi <-> 70002800.i2s mapping ok
 NET: Registered protocol family 10
 usb 1-1: new high-speed USB device number 2 using tegra-ehci
-mmc1: new high speed SD card at address b368
-mip6: Mobile IPv6
 mmc0: host does not support reading read-only switch, assuming write-enable
 mmc0: new high speed SDHC card at address b368
-mmcblk0: mmc1:b368 NCard 1.83 GiB (ro)
- mmcblk0: p1 p2
-mmcblk1: mmc0:b368 NCard 3.70 GiB 
- mmcblk1: p1
+mmc1: new high speed SD card at address b368
+mip6: Mobile IPv6
 sit: IPv6 over IPv4 tunneling driver
 NET: Registered protocol family 17
 NET: Registered protocol family 15
 can: controller area network core (rev 20120528 abi 9)
+mmcblk0: mmc0:b368 NCard 3.70 GiB 
 NET: Registered protocol family 29
 can: raw protocol (rev 20120528)
 can: broadcast manager protocol (rev 20120528 t)
@@ -334,20 +331,23 @@
 tegra-ehci c5000000.usb: EHCI Host Controller
 tegra-ehci c5000000.usb: new USB bus registered, assigned bus number 2
 tegra-ehci c5000000.usb: irq 288, io mem 0xc5000000
-hub 1-1:1.0: USB hub found
-hub 1-1:1.0: 4 ports detected
+mmcblk1: mmc1:b368 NCard 1.83 GiB (ro)
+ mmcblk0: p1
+ mmcblk1: p1 p2
 tegra-ehci c5000000.usb: USB 2.0 started, EHCI 1.00
 hub 2-0:1.0: USB hub found
 hub 2-0:1.0: 1 port detected
 input: gpio-keys as /devices/soc0/gpio-keys/input/input0
-rtc-em3027 2-0056: setting system clock to 2014-12-28 14:01:39 UTC (1419775299)
+rtc-em3027 2-0056: setting system clock to 2014-12-28 17:08:53 UTC (1419786533)
 ALSA device list:
   #0: tegra-trimslice
-EXT4-fs (mmcblk1p1): mounting ext3 file system using the ext4 subsystem
+EXT4-fs (mmcblk0p1): mounting ext3 file system using the ext4 subsystem
+hub 1-1:1.0: USB hub found
+hub 1-1:1.0: 4 ports detected
 usb 1-1.2: new high-speed USB device number 3 using tegra-ehci
-EXT4-fs (mmcblk1p1): recovery complete
-EXT4-fs (mmcblk1p1): mounted filesystem with ordered data mode. Opts: (null)
-VFS: Mounted root (ext3 filesystem) on device 179:17.
+EXT4-fs (mmcblk0p1): recovery complete
+EXT4-fs (mmcblk0p1): mounted filesystem with ordered data mode. Opts: (null)
+VFS: Mounted root (ext3 filesystem) on device 179:1.
 devtmpfs: mounted
 Freeing unused kernel memory: 1024K (c0b00000 - c0c00000)
 bash: cannot set terminal process group (-1): Inappropriate ioctl for device
Diff for ./tegra210-p2371-0000/tegra210-p2371-0000/defconfig_log.txt
--- /tmp/fooa	2016-04-17 19:41:43.200230323 -0700
+++ /tmp/foob	2016-04-17 19:41:43.204230322 -0700
@@ -64,17 +64,17 @@
 Loading and Validation of Secure OS Successful
 NvTbootPackSdramParams: start. 
 NvTbootPackSdramParams: done. 
-Tegraboot started after 720047 us
-Basic modules init took 348679 us
+Tegraboot started after 755196 us
+Basic modules init took 348452 us
 Sec Bootdevice Read Time = 202 ms, Read Size = 8459 KB
-Next stage binary read took 14368 us
-Carveout took 252724 us
-CPU initialization took 92318 us
-Total time taken by TegraBoot 708089 us
+Next stage binary read took 14759 us
+Carveout took 252722 us
+CPU initialization took 92333 us
+Total time taken by TegraBoot 708266 us
 
 Starting CPU & Halting co-processor 
 
-64b[0001.559] LPDDR4 Training: Number of tables = 10
+64b[0001.594] LPDDR4 Training: Number of tables = 10
 EMC Training (SRC-freq: 204000; DST-freq: 408000)
 EMC Training Successful
 EMC Training (SRC-freq: 204000; DST-freq: 665600)
@@ -108,20 +108,20 @@
 Tegra210 (P2371-0000) # 
 Tegra210 (P2371-0000) # ums 0 mmc 0
 UMS: disk start sector: 0x0, count: 0x1d5a000
-|/-\|/-\/-\|/-\/-\|/-\/-\|/-\/-\|/-\/-\|/-\/-\|/-\/-\|/-\/-\CTRL+C - Operation aborted
+|/-\|/-\/-\|/-\/-\|/-\/-\|/-\/-\|/-\/-\|/-\/-\|/-\/-\|/-\/-\|/-\/-\|/-\/-\|/-\/-\CTRL+C - Operation aborted
 Tegra210 (P2371-0000) # 
 Tegra210 (P2371-0000) # env set fdt_copy_node_names /cpus:/psci
 Tegra210 (P2371-0000) # setenv rootpart 1
 Tegra210 (P2371-0000) # setenv devtype mmc
 Tegra210 (P2371-0000) # setenv devnum 0
 Tegra210 (P2371-0000) # part uuid ${devtype} ${devnum}:${rootpart} uuid
-Tegra210 (P2371-0000) # setenv bootargs ignore_loglevel console=ttyS0,115200n8 earlycon=uart8250,mmio32,0x70006000 rw root=/dev/mmcblk0p1 rootwait debug earlyprintk init=/bin/bash
+Tegra210 (P2371-0000) # setenv bootargs ignore_loglevel console=ttyS0,115200n8 earlycon=uart8250,mmio32,0x70006000 rw root=PARTUUID=00000000-0001-0000-788f-a75600000000 rootwait debug earlyprintk init=/bin/bash
 Tegra210 (P2371-0000) # load ${devtype} ${devnum}:${rootpart} ${kernel_addr_r} /boot/Image.defconfig
-11674624 bytes read in 735 ms (15.1 MiB/s)
+11674624 bytes read in 724 ms (15.4 MiB/s)
 Tegra210 (P2371-0000) # load ${devtype} ${devnum}:${rootpart} ${fdt_addr_r} /boot/tegra210-p2371-0000.dtb
-37136 bytes read in 453 ms (79.1 KiB/s)
+37136 bytes read in 455 ms (79.1 KiB/s)
 Tegra210 (P2371-0000) # load ${devtype} ${devnum}:${rootpart} ${ramdisk_addr_r} /boot/tegra-ramdisk.img
-1627787 bytes read in 495 ms (3.1 MiB/s)
+1627787 bytes read in 496 ms (3.1 MiB/s)
 Tegra210 (P2371-0000) # ramdisk_size=${filesize}
 Tegra210 (P2371-0000) # booti ${kernel_addr_r} - ${fdt_addr_r}
 ## Flattened Device Tree blob at 82000000
@@ -131,7 +131,7 @@
 Starting kernel ...
 
 Booting Linux on physical CPU 0x0
-Linux version 4.6.0-rc3+ (pwalmsley@tamien) (gcc version 4.9.2 20140904 (prerelease) (crosstool-NG linaro-1.13.1-4.9-2014.09 - Linaro GCC 4.9-2014.09) ) #1 SMP PREEMPT Sun Apr 10 18:35:55 PDT 2016
+Linux version 4.6.0-rc4+ (pwalmsley@tamien) (gcc version 4.9.2 20140904 (prerelease) (crosstool-NG linaro-1.13.1-4.9-2014.09 - Linaro GCC 4.9-2014.09) ) #1 SMP PREEMPT Sun Apr 17 19:36:12 PDT 2016
 Boot CPU: AArch64 Processor [411fd071]
 debug: ignoring loglevel setting.
 earlycon: uart8250 at MMIO32 0x0000000070006000 (options '')
@@ -156,12 +156,12 @@
 CPU features: enabling workaround for ARM erratum 832075
 CPU features: enabling workaround for ARM erratum 834220
 Built 1 zonelists in Zone order, mobility grouping on.  Total pages: 770560
-Kernel command line: ignore_loglevel console=ttyS0,115200n8 earlycon=uart8250,mmio32,0x70006000 rw root=/dev/mmcblk0p1 rootwait debug earlyprintk init=/bin/bash
+Kernel command line: ignore_loglevel console=ttyS0,115200n8 earlycon=uart8250,mmio32,0x70006000 rw root=PARTUUID=00000000-0001-0000-788f-a75600000000 rootwait debug earlyprintk init=/bin/bash
 log_buf_len individual max cpu contribution: 4096 bytes
 log_buf_len total cpu_extra contributions: 12288 bytes
 log_buf_len min size: 16384 bytes
 log_buf_len: 32768 bytes
-early log buf free: 14320(87%)
+early log buf free: 14288(87%)
 PID hash table entries: 4096 (order: 3, 32768 bytes)
 Dentry cache hash table entries: 524288 (order: 10, 4194304 bytes)
 Inode-cache hash table entries: 262144 (order: 9, 2097152 bytes)
@@ -259,7 +259,7 @@
 kvm [1]: timer IRQ3
 futex hash table entries: 1024 (order: 5, 131072 bytes)
 audit: initializing netlink subsys (disabled)
-audit: type=2000 audit(0.363:1): initialized
+audit: type=2000 audit(0.359:1): initialized
 workingset: timestamp_bits=44 max_order=20 bucket_order=0
 squashfs: version 4.0 (2009/01/31) Phillip Lougher
 NFS: Registering the id_resolver key type
@@ -319,7 +319,7 @@
 hctosys: unable to open rtc device (rtc0)
 ALSA device list:
   No soundcards found.
-Waiting for root device /dev/mmcblk0p1...
+Waiting for root device PARTUUID=00000000-0001-0000-788f-a75600000000...
 mmc0: new high speed MMC card at address 0001
 mmcblk0: mmc0:0001 SDW16G 14.7 GiB 
 mmcblk0boot0: mmc0:0001 SDW16G partition 1 4.00 MiB
Diff for ./tegra30-beaver/tegra30-beaver/multi_v7_defconfig_log.txt
--- /tmp/fooa	2016-04-17 19:41:43.228230316 -0700
+++ /tmp/foob	2016-04-17 19:41:43.232230314 -0700
@@ -24,7 +24,7 @@
        scanning usb for ethernet devices... 
 Warning: asx0 using MAC address from net device
 1 Ethernet Device(s) found
-Tegra30 (Beaver) # setenv bootargs 'ignore_loglevel console=ttyS0,115200n8 rw root=/dev/mmcblk0p1 rootwait gpt debug noinitrd earlyprintk init=/bin/bash'
+Tegra30 (Beaver) # setenv bootargs 'ignore_loglevel console=ttyS0,115200n8 rw root=PARTUUID=edbe1840-3633-c751-7993-b0ac834f81e0 rootwait gpt debug noinitrd earlyprintk init=/bin/bash'
 Tegra30 (Beaver) # setenv ipaddr 192.168.100.101; setenv serverip 192.168.100.1; setenv tftpserverip 192.168.100.1
 Tegra30 (Beaver) # tftpboot 0x81000000 zImage.multi_v7_defconfig
 Using asx0 device
@@ -39,9 +39,9 @@
 	 #################################################################
 	 #################################################################
 	 #################
-	 3 MiB/s
+	 2.8 MiB/s
 done
-Bytes transferred = 6918928 (699310 hex)
+Bytes transferred = 6916368 (698910 hex)
 Tegra30 (Beaver) # tftpboot 0x82000000 tegra30-beaver.dtb
 Using asx0 device
 TFTP from server 192.168.100.1; our IP address is 192.168.100.101
@@ -52,7 +52,7 @@
 done
 Bytes transferred = 51467 (c90b hex)
 Tegra30 (Beaver) # bootz 0x81000000 - 0x82000000
-Kernel image @ 0x81000000 [ 0x000000 - 0x699310 ]
+Kernel image @ 0x81000000 [ 0x000000 - 0x698910 ]
 ## Flattened Device Tree blob at 82000000
    Booting using the fdt blob at 0x82000000
    Loading Device Tree to 8fff0000, end 8ffff90a ... OK
@@ -60,7 +60,7 @@
 Starting kernel ...
 
 Booting Linux on physical CPU 0x0
-Linux version 4.6.0-rc3-82540-gbf16200 (pwalmsley@sellafield) (gcc version 4.7.3 20130328 (prerelease) (crosstool-NG linaro-1.13.1-4.7-2013.04-20130415 - Linaro GCC 2013.04) ) #1 SMP Sun Apr 10 18:34:32 PDT 2016
+Linux version 4.6.0-rc4-82725-gc3b46c7 (pwalmsley@sellafield) (gcc version 4.7.3 20130328 (prerelease) (crosstool-NG linaro-1.13.1-4.7-2013.04-20130415 - Linaro GCC 2013.04) ) #1 SMP Sun Apr 17 19:34:23 PDT 2016
 CPU: ARMv7 Processor [412fc099] revision 9 (ARMv7), cr=10c5387d
 CPU: PIPT / VIPT nonaliasing data cache, VIPT aliasing instruction cache
 Machine model: NVIDIA Tegra30 Beaver evaluation board
@@ -77,7 +77,7 @@
 pcpu-alloc: s19776 r8192 d21184 u49152 alloc=12*4096
 pcpu-alloc: [0] 0 [0] 1 [0] 2 [0] 3 
 Built 1 zonelists in Zone order, mobility grouping on.  Total pages: 522496
-Kernel command line: ignore_loglevel console=ttyS0,115200n8 rw root=/dev/mmcblk0p1 rootwait gpt debug noinitrd earlyprintk init=/bin/bash
+Kernel command line: ignore_loglevel console=ttyS0,115200n8 rw root=PARTUUID=edbe1840-3633-c751-7993-b0ac834f81e0 rootwait gpt debug noinitrd earlyprintk init=/bin/bash
 PID hash table entries: 4096 (order: 2, 16384 bytes)
 Dentry cache hash table entries: 131072 (order: 7, 524288 bytes)
 Inode-cache hash table entries: 65536 (order: 6, 262144 bytes)
@@ -89,10 +89,10 @@
     lowmem  : 0xc0000000 - 0xf0000000   ( 768 MB)
     pkmap   : 0xbfe00000 - 0xc0000000   (   2 MB)
     modules : 0xbf000000 - 0xbfe00000   (  14 MB)
-      .text : 0xc0208000 - 0xc104fa48   (14623 kB)
+      .text : 0xc0208000 - 0xc104fa4c   (14623 kB)
       .init : 0xc1100000 - 0xc1300000   (2048 kB)
       .data : 0xc1300000 - 0xc141d400   (1141 kB)
-       .bss : 0xc141f000 - 0xc1474558   ( 342 kB)
+       .bss : 0xc141f000 - 0xc1474518   ( 342 kB)
 SLUB: HWalign=64, Order=0-3, MinObjects=0, CPUs=4, Nodes=1
 Hierarchical RCU implementation.
 	Build-time adjustment of leaf fanout to 32.
@@ -283,12 +283,12 @@
 tegra-pcie 3000.pcie-controller: probing port 0, using 2 lanes
 mmc1: new high speed MMC card at address 0001
 tegra-pcie 3000.pcie-controller: probing port 2, using 2 lanes
-mmcblk0: mmc1:0001 SEM16G 14.8 GiB 
-mmcblk0boot0: mmc1:0001 SEM16G partition 1 1.00 MiB
-mmcblk0boot1: mmc1:0001 SEM16G partition 2 1.00 MiB
-mmcblk0rpmb: mmc1:0001 SEM16G partition 3 128 KiB
+mmcblk1: mmc1:0001 SEM16G 14.8 GiB 
+mmcblk1boot0: mmc1:0001 SEM16G partition 1 1.00 MiB
+mmcblk1boot1: mmc1:0001 SEM16G partition 2 1.00 MiB
+mmcblk1rpmb: mmc1:0001 SEM16G partition 3 128 KiB
 Primary GPT is invalid, using alternate GPT.
- mmcblk0: p1 p2 p3 p4 p5
+ mmcblk1: p1 p2 p3 p4 p5
 tegra-pcie 3000.pcie-controller: link 2 down, retrying
 tegra-pcie 3000.pcie-controller: link 2 down, retrying
 tegra-pcie 3000.pcie-controller: link 2 down, retrying
@@ -353,14 +353,13 @@
 tps65910-rtc tps65910-rtc: setting system clock to 2000-01-01 00:00:02 UTC (946684802)
 vdd_sata,avdd_plle: disabling
 usb1_vbus: disabling
-EXT4-fs (mmcblk0p1): mounting ext3 file system using the ext4 subsystem
-EXT4-fs (mmcblk0p1): warning: mounting fs with errors, running e2fsck is recommended
-EXT4-fs (mmcblk0p1): recovery complete
-EXT4-fs (mmcblk0p1): mounted filesystem with ordered data mode. Opts: (null)
+EXT4-fs (mmcblk1p1): mounting ext3 file system using the ext4 subsystem
+EXT4-fs (mmcblk1p1): warning: mounting fs with errors, running e2fsck is recommended
+EXT4-fs (mmcblk1p1): recovery complete
+EXT4-fs (mmcblk1p1): mounted filesystem with ordered data mode. Opts: (null)
 VFS: Mounted root (ext3 filesystem) on device 179:1.
 devtmpfs: mounted
 Freeing unused kernel memory: 2048K (c1100000 - c1300000)
 bash: cannot set terminal process group (-1): Inappropriate ioctl for device
 bash: no job control in this shell
-usb 2-1: new high-speed USB device number 2 using tegra-ehci
-root@(none):/# 
\ No newline at end of file
+root@(none):/# [    3.738561] usb 2-1: new high-speed USB device number 2 using tegra-ehci
Diff for ./tegra30-beaver/tegra30-beaver/tegra_defconfig_log.txt
--- /tmp/fooa	2016-04-17 19:41:43.236230312 -0700
+++ /tmp/foob	2016-04-17 19:41:43.240230312 -0700
@@ -24,7 +24,7 @@
        scanning usb for ethernet devices... 
 Warning: asx0 using MAC address from net device
 1 Ethernet Device(s) found
-Tegra30 (Beaver) # setenv bootargs 'ignore_loglevel console=ttyS0,115200n8 rw root=/dev/mmcblk0p1 rootwait gpt debug noinitrd earlyprintk init=/bin/bash'
+Tegra30 (Beaver) # setenv bootargs 'ignore_loglevel console=ttyS0,115200n8 rw root=PARTUUID=edbe1840-3633-c751-7993-b0ac834f81e0 rootwait gpt debug noinitrd earlyprintk init=/bin/bash'
 Tegra30 (Beaver) # setenv ipaddr 192.168.100.101; setenv serverip 192.168.100.1; setenv tftpserverip 192.168.100.1
 Tegra30 (Beaver) # tftpboot 0x81000000 zImage.tegra_defconfig
 Using asx0 device
@@ -39,18 +39,18 @@
 	 #####################################
 	 3.4 MiB/s
 done
-Bytes transferred = 5314096 (511630 hex)
+Bytes transferred = 5313776 (5114f0 hex)
 Tegra30 (Beaver) # tftpboot 0x82000000 tegra30-beaver.dtb
 Using asx0 device
 TFTP from server 192.168.100.1; our IP address is 192.168.100.101
 Filename 'tegra30-beaver.dtb'.
 Load address: 0x82000000
 Loading: *####
-	 2.9 MiB/s
+	 3.1 MiB/s
 done
 Bytes transferred = 51467 (c90b hex)
 Tegra30 (Beaver) # bootz 0x81000000 - 0x82000000
-Kernel image @ 0x81000000 [ 0x000000 - 0x511630 ]
+Kernel image @ 0x81000000 [ 0x000000 - 0x5114f0 ]
 ## Flattened Device Tree blob at 82000000
    Booting using the fdt blob at 0x82000000
    Loading Device Tree to 8fff0000, end 8ffff90a ... OK
@@ -59,7 +59,7 @@
 
 Uncompressing Linux... done, booting the kernel.
 Booting Linux on physical CPU 0x0
-Linux version 4.6.0-rc3-82540-gbf16200 (pwalmsley@kaivo) (gcc version 4.7.3 20130328 (prerelease) (crosstool-NG linaro-1.13.1-4.7-2013.04-20130415 - Linaro GCC 2013.04) ) #1 SMP PREEMPT Sun Apr 10 18:34:06 PDT 2016
+Linux version 4.6.0-rc4-82725-gc3b46c7 (pwalmsley@kaivo) (gcc version 4.7.3 20130328 (prerelease) (crosstool-NG linaro-1.13.1-4.7-2013.04-20130415 - Linaro GCC 2013.04) ) #1 SMP PREEMPT Sun Apr 17 19:34:14 PDT 2016
 CPU: ARMv7 Processor [412fc099] revision 9 (ARMv7), cr=10c5387d
 CPU: PIPT / VIPT nonaliasing data cache, VIPT aliasing instruction cache
 Machine model: NVIDIA Tegra30 Beaver evaluation board
@@ -77,7 +77,7 @@
 pcpu-alloc: s19968 r8192 d20992 u49152 alloc=12*4096
 pcpu-alloc: [0] 0 [0] 1 [0] 2 [0] 3 
 Built 1 zonelists in Zone order, mobility grouping on.  Total pages: 522496
-Kernel command line: ignore_loglevel console=ttyS0,115200n8 rw root=/dev/mmcblk0p1 rootwait gpt debug noinitrd earlyprintk init=/bin/bash
+Kernel command line: ignore_loglevel console=ttyS0,115200n8 rw root=PARTUUID=edbe1840-3633-c751-7993-b0ac834f81e0 rootwait gpt debug noinitrd earlyprintk init=/bin/bash
 PID hash table entries: 4096 (order: 2, 16384 bytes)
 Dentry cache hash table entries: 131072 (order: 7, 524288 bytes)
 Inode-cache hash table entries: 65536 (order: 6, 262144 bytes)
@@ -89,10 +89,10 @@
     lowmem  : 0xc0000000 - 0xf0000000   ( 768 MB)
     pkmap   : 0xbfe00000 - 0xc0000000   (   2 MB)
     modules : 0xbf000000 - 0xbfe00000   (  14 MB)
-      .text : 0xc0008000 - 0xc0ab2220   (10921 kB)
+      .text : 0xc0008000 - 0xc0ab2228   (10921 kB)
       .init : 0xc0b00000 - 0xc0c00000   (1024 kB)
       .data : 0xc0c00000 - 0xc0c5df80   ( 376 kB)
-       .bss : 0xc0c5f000 - 0xc0cb9a44   ( 363 kB)
+       .bss : 0xc0c5f000 - 0xc0cb9a04   ( 363 kB)
 Preemptible hierarchical RCU implementation.
 	Build-time adjustment of leaf fanout to 32.
 NR_IRQS:16 nr_irqs:16 16
@@ -255,12 +255,12 @@
 usbcore: registered new interface driver usbhid
 usbhid: USB HID core driver
 mmc1: new high speed MMC card at address 0001
-mmcblk0: mmc1:0001 SEM16G 14.8 GiB 
-mmcblk0boot0: mmc1:0001 SEM16G partition 1 1.00 MiB
-mmcblk0boot1: mmc1:0001 SEM16G partition 2 1.00 MiB
-mmcblk0rpmb: mmc1:0001 SEM16G partition 3 128 KiB
+mmcblk1: mmc1:0001 SEM16G 14.8 GiB 
+mmcblk1boot0: mmc1:0001 SEM16G partition 1 1.00 MiB
+mmcblk1boot1: mmc1:0001 SEM16G partition 2 1.00 MiB
+mmcblk1rpmb: mmc1:0001 SEM16G partition 3 128 KiB
 Primary GPT is invalid, using alternate GPT.
- mmcblk0: p1 p2 p3 p4 p5
+ mmcblk1: p1 p2 p3 p4 p5
 tegra30-i2s 70080400.i2s: DMA channels sourced from device 70080000.ahub
 tegra-snd-rt5640 sound: rt5640-aif1 <-> 70080400.i2s mapping ok
 input: NVIDIA Tegra Beaver Headphones as /devices/soc0/sound/sound/card0/input0
@@ -353,14 +353,14 @@
 usb1_vbus: disabling
 ALSA device list:
   #0: NVIDIA Tegra Beaver
-EXT4-fs (mmcblk0p1): mounting ext3 file system using the ext4 subsystem
-EXT4-fs (mmcblk0p1): warning: mounting fs with errors, running e2fsck is recommended
-EXT4-fs (mmcblk0p1): recovery complete
-EXT4-fs (mmcblk0p1): mounted filesystem with ordered data mode. Opts: (null)
+EXT4-fs (mmcblk1p1): mounting ext3 file system using the ext4 subsystem
+EXT4-fs (mmcblk1p1): warning: mounting fs with errors, running e2fsck is recommended
+EXT4-fs (mmcblk1p1): recovery complete
+EXT4-fs (mmcblk1p1): mounted filesystem with ordered data mode. Opts: (null)
 VFS: Mounted root (ext3 filesystem) on device 179:1.
 devtmpfs: mounted
 Freeing unused kernel memory: 1024K (c0b00000 - c0c00000)
-bash: cannot set terminal process group (-1): Inappropri[    4.000631] usb 2-1: new high-speed USB device number 2 using tegra-ehci
-ate ioctl for device
+usb 2-1: new high-speed USB device number 2 using tegra-ehci
+bash: cannot set terminal process group (-1): Inappropriate ioctl for device
 bash: no job control in this shell
 root@(none):/# 
\ No newline at end of file
