Diff for ./qemu-vexpress64/__internal/defconfig_log.txt
--- /tmp/fooa	2017-10-23 13:57:35.679373913 -0700
+++ /tmp/foob	2017-10-23 13:57:35.683373931 -0700
@@ -1,5 +1,5 @@
 Booting Linux on physical CPU 0x0
-Linux version 4.14.0-rc5-319068-g33d930e59a98 (jonathanh@tamien) (gcc version 4.9.2 20140904 (prerelease) (crosstool-NG linaro-1.13.1-4.9-2014.09 - Linaro GCC 4.9-2014.09)) #1 SMP PREEMPT Sun Oct 15 18:40:46 PDT 2017
+Linux version 4.14.0-rc6-201169-gbb176f6 (jonathanh@kaivo) (gcc version 4.9.2 20140904 (prerelease) (crosstool-NG linaro-1.13.1-4.9-2014.09 - Linaro GCC 4.9-2014.09)) #1 SMP PREEMPT Mon Oct 23 13:54:06 PDT 2017
 Boot CPU: AArch64 Processor [411fd070]
 Machine model: linux,dummy-virt
 Memory limited to 1024MB
@@ -114,7 +114,7 @@
 hw perfevents: enabled with armv8_pmuv3 PMU driver, 1 counters available
 kvm [1]: HYP mode not available
 audit: initializing netlink subsys (disabled)
-audit: type=2000 audit(0.824:1): state=initialized audit_enabled=0 res=1
+audit: type=2000 audit(0.788:1): state=initialized audit_enabled=0 res=1
 workingset: timestamp_bits=44 max_order=18 bucket_order=0
 squashfs: version 4.0 (2009/01/31) Phillip Lougher
 NFS: Registering the id_resolver key type
@@ -179,7 +179,7 @@
 Key type dns_resolver registered
 registered taskstats version 1
 input: gpio-keys as /devices/platform/gpio-keys/input/input0
-rtc-pl031 9010000.pl031: setting system clock to 2017-10-16 01:41:53 UTC (1508118113)
+rtc-pl031 9010000.pl031: setting system clock to 2017-10-23 20:54:41 UTC (1508792081)
 ALSA device list:
   No soundcards found.
 uart-pl011 9000000.pl011: no DMA platform data
Diff for ./tegra114-dalmore-a04/tegra114-dalmore/multi_v7_defconfig_log.txt
--- /tmp/fooa	2017-10-23 13:57:35.699374001 -0700
+++ /tmp/foob	2017-10-23 13:57:35.699374001 -0700
@@ -40,7 +40,7 @@
 	 #################################################################
 	 #################################################################
 	 ####################################
-	 3.2 MiB/s
+	 2.9 MiB/s
 done
 Bytes transferred = 8159752 (7c8208 hex)
 Tegra114 (Dalmore) # tftpboot 0x82000000 tegra114-dalmore.dtb
@@ -49,7 +49,7 @@
 Filename 'tegra114-dalmore.dtb'.
 Load address: 0x82000000
 Loading: *###
-	 2.8 MiB/s
+	 3.3 MiB/s
 done
 Bytes transferred = 35036 (88dc hex)
 Tegra114 (Dalmore) # bootz 0x81000000 - 0x82000000
@@ -61,7 +61,7 @@
 Starting kernel ...
 
 Booting Linux on physical CPU 0x0
-Linux version 4.14.0-rc5-200827-g33d930e (jonathanh@sellafield) (gcc version 4.7.3 20130328 (prerelease) (crosstool-NG linaro-1.13.1-4.7-2013.04-20130415 - Linaro GCC 2013.04)) #1 SMP Sun Oct 15 18:35:51 PDT 2017
+Linux version 4.14.0-rc6-201169-gbb176f6 (jonathanh@sellafield) (gcc version 4.7.3 20130328 (prerelease) (crosstool-NG linaro-1.13.1-4.7-2013.04-20130415 - Linaro GCC 2013.04)) #1 SMP Mon Oct 23 13:49:41 PDT 2017
 CPU: ARMv7 Processor [412fc0f2] revision 2 (ARMv7), cr=10c5387d
 CPU: div instructions available: patching division code
 CPU: PIPT / VIPT nonaliasing data cache, PIPT instruction cache
@@ -97,7 +97,7 @@
       .text : 0xc0208000 - 0xc0d00000   (11232 kB)
       .init : 0xc1200000 - 0xc1400000   (2048 kB)
       .data : 0xc1400000 - 0xc1597ee8   (1632 kB)
-       .bss : 0xc15a0b90 - 0xc16064bc   ( 407 kB)
+       .bss : 0xc15a0b9c - 0xc16064fc   ( 407 kB)
 SLUB: HWalign=64, Order=0-3, MinObjects=0, CPUs=4, Nodes=1
 Hierarchical RCU implementation.
 	RCU event tracing is enabled.
@@ -401,7 +401,7 @@
 hub 1-0:1.0: USB hub found
 hub 1-0:1.0: 1 port detected
 input: gpio-keys as /devices/soc0/gpio-keys/input/input0
-palmas-rtc 7000d000.i2c:tps65913@58:rtc: setting system clock to 2000-03-08 08:32:36 UTC (952504356)
+palmas-rtc 7000d000.i2c:tps65913@58:rtc: setting system clock to 2000-03-16 03:47:08 UTC (953178428)
 dvdd_ts: disabling
 usb1_vbus: disabling
 vdd_cam_1v8_reg: disabling
@@ -413,5 +413,5 @@
 Freeing unused kernel memory: 2048K
 bash: cannot set terminal process group (-1): Inappropriate ioctl for device
 bash: no job control in this shell
-root@(none):/# [    2.949038] usb 1-1: new high-speed USB device number 2 using tegra-ehci
+root@(none):/# [    2.969110] usb 1-1: new high-speed USB device number 2 using tegra-ehci
 asix 1-1:1.0 eth0: register 'asix' at usb-7d008000.usb-1, ASIX AX88772 USB 2.0 Ethernet, 00:50:b6:0d:b5:16
Diff for ./tegra114-dalmore-a04/tegra114-dalmore/tegra_defconfig_log.txt
--- /tmp/fooa	2017-10-23 13:57:35.735374161 -0700
+++ /tmp/foob	2017-10-23 13:57:35.739374179 -0700
@@ -38,9 +38,9 @@
 	 #################################################################
 	 #################################################################
 	 #######################################
-	 2.9 MiB/s
+	 3.1 MiB/s
 done
-Bytes transferred = 6293736 (6008e8 hex)
+Bytes transferred = 6293976 (6009d8 hex)
 Tegra114 (Dalmore) # tftpboot 0x82000000 tegra114-dalmore.dtb
 Using asx0 device
 TFTP from server 192.168.100.1; our IP address is 192.168.100.100
@@ -51,7 +51,7 @@
 done
 Bytes transferred = 35036 (88dc hex)
 Tegra114 (Dalmore) # bootz 0x81000000 - 0x82000000
-Kernel image @ 0x81000000 [ 0x000000 - 0x6008e8 ]
+Kernel image @ 0x81000000 [ 0x000000 - 0x6009d8 ]
 ## Flattened Device Tree blob at 82000000
    Booting using the fdt blob at 0x82000000
    Loading Device Tree to 8fff4000, end 8ffff8db ... OK
@@ -60,7 +60,7 @@
 
 Uncompressing Linux... done, booting the kernel.
 Booting Linux on physical CPU 0x0
-Linux version 4.14.0-rc5-200827-g33d930e (jonathanh@kaivo) (gcc version 4.7.3 20130328 (prerelease) (crosstool-NG linaro-1.13.1-4.7-2013.04-20130415 - Linaro GCC 2013.04)) #1 SMP PREEMPT Sun Oct 15 18:35:17 PDT 2017
+Linux version 4.14.0-rc6-201169-gbb176f6 (jonathanh@kaivo) (gcc version 4.7.3 20130328 (prerelease) (crosstool-NG linaro-1.13.1-4.7-2013.04-20130415 - Linaro GCC 2013.04)) #1 SMP PREEMPT Mon Oct 23 13:49:21 PDT 2017
 CPU: ARMv7 Processor [412fc0f2] revision 2 (ARMv7), cr=10c5387d
 CPU: div instructions available: patching division code
 CPU: PIPT / VIPT nonaliasing data cache, PIPT instruction cache
@@ -95,7 +95,7 @@
       .text : 0xc0008000 - 0xc0a00000   (10208 kB)
       .init : 0xc0e00000 - 0xc0f00000   (1024 kB)
       .data : 0xc0f00000 - 0xc0fc4920   ( 787 kB)
-       .bss : 0xc0fce514 - 0xc101987c   ( 301 kB)
+       .bss : 0xc0fce520 - 0xc101987c   ( 301 kB)
 Preemptible hierarchical RCU implementation.
 	Tasks RCU enabled.
 NR_IRQS: 16, nr_irqs: 16, preallocated irqs: 16
@@ -396,7 +396,7 @@
 hub 1-0:1.0: USB hub found
 hub 1-0:1.0: 1 port detected
 input: gpio-keys as /devices/soc0/gpio-keys/input/input1
-palmas-rtc 7000d000.i2c:tps65913@58:rtc: setting system clock to 2000-03-08 08:30:04 UTC (952504204)
+palmas-rtc 7000d000.i2c:tps65913@58:rtc: setting system clock to 2000-03-16 03:44:28 UTC (953178268)
 dvdd_ts: disabling
 usb1_vbus: disabling
 vdd_cam_1v8_reg: disabling
@@ -410,4 +410,4 @@
 Freeing unused kernel memory: 1024K
 bash: cannot set terminal process group (-1): Inappropriate ioctl for device
 bash: no job control in this shell
-root@(none):/# [    3.199918] usb 1-1: new high-speed USB device number 2 using tegra-ehci
+root@(none):/# [    3.188982] usb 1-1: new high-speed USB device number 2 using tegra-ehci
Diff for ./tegra124-jetson-tk1/tegra124-jetson-tk1/multi_v7_defconfig_log.txt
--- /tmp/fooa	2017-10-23 13:57:35.755374249 -0700
+++ /tmp/foob	2017-10-23 13:57:35.759374267 -0700
@@ -35,7 +35,7 @@
 	 #################################################################
 	 #################################################################
 	 ####################################
-	 3.9 MiB/s
+	 3.4 MiB/s
 done
 Bytes transferred = 8159752 (7c8208 hex)
 Tegra124 (Jetson TK1) # tftpboot 0x83000000 tegra124-jetson-tk1.dtb
@@ -44,7 +44,7 @@
 Filename 'tegra124-jetson-tk1.dtb'.
 Load address: 0x83000000
 Loading: *#####
-	 3.8 MiB/s
+	 3.4 MiB/s
 done
 Bytes transferred = 67173 (10665 hex)
 Tegra124 (Jetson TK1) # bootz 0x82000000 - 0x83000000
@@ -56,7 +56,7 @@
 Starting kernel ...
 
 Booting Linux on physical CPU 0x0
-Linux version 4.14.0-rc5-200827-g33d930e (jonathanh@sellafield) (gcc version 4.7.3 20130328 (prerelease) (crosstool-NG linaro-1.13.1-4.7-2013.04-20130415 - Linaro GCC 2013.04)) #1 SMP Sun Oct 15 18:35:51 PDT 2017
+Linux version 4.14.0-rc6-201169-gbb176f6 (jonathanh@sellafield) (gcc version 4.7.3 20130328 (prerelease) (crosstool-NG linaro-1.13.1-4.7-2013.04-20130415 - Linaro GCC 2013.04)) #1 SMP Mon Oct 23 13:49:41 PDT 2017
 CPU: ARMv7 Processor [413fc0f3] revision 3 (ARMv7), cr=10c5387d
 CPU: div instructions available: patching division code
 CPU: PIPT / VIPT nonaliasing data cache, PIPT instruction cache
@@ -92,7 +92,7 @@
       .text : 0xc0208000 - 0xc0d00000   (11232 kB)
       .init : 0xc1200000 - 0xc1400000   (2048 kB)
       .data : 0xc1400000 - 0xc1597ee8   (1632 kB)
-       .bss : 0xc15a0b90 - 0xc16064bc   ( 407 kB)
+       .bss : 0xc15a0b9c - 0xc16064fc   ( 407 kB)
 SLUB: HWalign=64, Order=0-3, MinObjects=0, CPUs=4, Nodes=1
 Hierarchical RCU implementation.
 	RCU event tracing is enabled.
@@ -529,7 +529,7 @@
 cpufreq: cpufreq_online: CPU0: Running at unlisted freq: 696000 KHz
 cpufreq: cpufreq_online: CPU0: Unlisted initial frequency changed to: 714000 KHz
 input: gpio-keys as /devices/soc0/gpio-keys/input/input0
-as3722-rtc as3722-rtc: setting system clock to 2000-01-01 00:02:09 UTC (946684929)
+as3722-rtc as3722-rtc: setting system clock to 2000-01-01 00:02:27 UTC (946684947)
 +USB0_VBUS_SW: disabling
 +1.8V_RUN_CAM: disabling
 +2.8V_RUN_CAM: disabling
Diff for ./tegra124-jetson-tk1/tegra124-jetson-tk1/tegra_defconfig_log.txt
--- /tmp/fooa	2017-10-23 13:57:35.763374285 -0700
+++ /tmp/foob	2017-10-23 13:57:35.767374304 -0700
@@ -33,20 +33,20 @@
 	 #################################################################
 	 #################################################################
 	 #######################################
-	 3.5 MiB/s
+	 3.8 MiB/s
 done
-Bytes transferred = 6293736 (6008e8 hex)
+Bytes transferred = 6293976 (6009d8 hex)
 Tegra124 (Jetson TK1) # tftpboot 0x83000000 tegra124-jetson-tk1.dtb
 Using eth_rtl8169 device
 TFTP from server 192.168.100.1; our IP address is 192.168.100.102
 Filename 'tegra124-jetson-tk1.dtb'.
 Load address: 0x83000000
 Loading: *#####
-	 3.8 MiB/s
+	 3.4 MiB/s
 done
 Bytes transferred = 67173 (10665 hex)
 Tegra124 (Jetson TK1) # bootz 0x82000000 - 0x83000000
-Kernel image @ 0x82000000 [ 0x000000 - 0x6008e8 ]
+Kernel image @ 0x82000000 [ 0x000000 - 0x6009d8 ]
 ## Flattened Device Tree blob at 83000000
    Booting using the fdt blob at 0x83000000
    Using Device Tree in place at 83000000, end 83013664
@@ -55,7 +55,7 @@
 
 Uncompressing Linux... done, booting the kernel.
 Booting Linux on physical CPU 0x0
-Linux version 4.14.0-rc5-200827-g33d930e (jonathanh@kaivo) (gcc version 4.7.3 20130328 (prerelease) (crosstool-NG linaro-1.13.1-4.7-2013.04-20130415 - Linaro GCC 2013.04)) #1 SMP PREEMPT Sun Oct 15 18:35:17 PDT 2017
+Linux version 4.14.0-rc6-201169-gbb176f6 (jonathanh@kaivo) (gcc version 4.7.3 20130328 (prerelease) (crosstool-NG linaro-1.13.1-4.7-2013.04-20130415 - Linaro GCC 2013.04)) #1 SMP PREEMPT Mon Oct 23 13:49:21 PDT 2017
 CPU: ARMv7 Processor [413fc0f3] revision 3 (ARMv7), cr=10c5387d
 CPU: div instructions available: patching division code
 CPU: PIPT / VIPT nonaliasing data cache, PIPT instruction cache
@@ -90,7 +90,7 @@
       .text : 0xc0008000 - 0xc0a00000   (10208 kB)
       .init : 0xc0e00000 - 0xc0f00000   (1024 kB)
       .data : 0xc0f00000 - 0xc0fc4920   ( 787 kB)
-       .bss : 0xc0fce514 - 0xc101987c   ( 301 kB)
+       .bss : 0xc0fce520 - 0xc101987c   ( 301 kB)
 Preemptible hierarchical RCU implementation.
 	Tasks RCU enabled.
 NR_IRQS: 16, nr_irqs: 16, preallocated irqs: 16
Diff for ./tegra124-nyan-big/tegra124-nyan-big/multi_v7_defconfig_log.txt
--- /tmp/fooa	2017-10-23 13:57:35.799374445 -0700
+++ /tmp/foob	2017-10-23 13:57:35.799374445 -0700
@@ -5,7 +5,7 @@
 TEGRA124
 Model: Acer Chromebook 13 CB5-311
 DRAM:  4 GiB
-C:   Tegra SD/MMC: 0, Tegra SD/MMC: 1, Tegra SD/MMC: 2
+:   Tegra SD/MMC: 0, Tegra SD/MMC: 1, Tegra SD/MMC: 2
 MMC init failed
 Using default environment
 
@@ -14,7 +14,7 @@
 Err:   serial
 Net:   Net Initialization Skipped
 No ethernet found.
-Hit any key to stop autoboot:  2  1  0 
+Hit any key to stop autoboot:  2  0 
 Tegra124 (Nyan-big) # 
 Tegra124 (Nyan-big) # usb start
 starting USB...
@@ -43,7 +43,7 @@
 	 #################################################################
 	 #################################################################
 	 ####################################
-	 3.5 MiB/s
+	 2.9 MiB/s
 done
 Bytes transferred = 8159752 (7c8208 hex)
 Tegra124 (Nyan-big) # tftpboot 0x83000000 tegra124-nyan-big.dtb
@@ -64,7 +64,7 @@
 Starting kernel ...
 
 Booting Linux on physical CPU 0x0
-Linux version 4.14.0-rc5-200827-g33d930e (jonathanh@sellafield) (gcc version 4.7.3 20130328 (prerelease) (crosstool-NG linaro-1.13.1-4.7-2013.04-20130415 - Linaro GCC 2013.04)) #1 SMP Sun Oct 15 18:35:51 PDT 2017
+Linux version 4.14.0-rc6-201169-gbb176f6 (jonathanh@sellafield) (gcc version 4.7.3 20130328 (prerelease) (crosstool-NG linaro-1.13.1-4.7-2013.04-20130415 - Linaro GCC 2013.04)) #1 SMP Mon Oct 23 13:49:41 PDT 2017
 CPU: ARMv7 Processor [413fc0f3] revision 3 (ARMv7), cr=10c5387d
 CPU: div instructions available: patching division code
 CPU: PIPT / VIPT nonaliasing data cache, PIPT instruction cache
@@ -101,7 +101,7 @@
       .text : 0xc0208000 - 0xc0d00000   (11232 kB)
       .init : 0xc1200000 - 0xc1400000   (2048 kB)
       .data : 0xc1400000 - 0xc1597ee8   (1632 kB)
-       .bss : 0xc15a0b90 - 0xc16064bc   ( 407 kB)
+       .bss : 0xc15a0b9c - 0xc16064fc   ( 407 kB)
 SLUB: HWalign=64, Order=0-3, MinObjects=0, CPUs=4, Nodes=1
 Hierarchical RCU implementation.
 	RCU event tracing is enabled.
@@ -377,6 +377,8 @@
 sdhci-tegra 700b0400.sdhci: Got WP GPIO
 mmc0: Unknown controller version (3). You may experience problems.
 mmc0: Invalid maximum block size, assuming 512 bytes
+elan_i2c 1-0015: Elan Touchpad: Module ID: 0x002a, Firmware: 0x0005, Sample: 0x0007, IAP: 0x0009
+input: Elan Touchpad as /devices/soc0/7000c400.i2c/i2c-1/1-0015/input/input0
 mmc0: SDHCI controller on 700b0600.sdhci [700b0600.sdhci] using ADMA
 ledtrig-cpu: registered to indicate activity on CPUs
 usbcore: registered new interface driver usbhid
@@ -404,8 +406,15 @@
 +5V_USB_SS: supplied by +5V_SYS
 +3.3V_PANEL: supplied by +3.3V_RUN
 +3.3V_LP0: supplied by +3.3V_SYS
-elan_i2c 1-0015: reading cmd (0x0104) fail.
+mmc0: new high speed MMC card at address 0001
+mmcblk0: mmc0:0001 MMC16G 14.4 GiB 
+mmcblk0boot0: mmc0:0001 MMC16G partition 1 2.00 MiB
+mmcblk0boot1: mmc0:0001 MMC16G partition 2 2.00 MiB
+mmcblk0rpmb: mmc0:0001 MMC16G partition 3 128 KiB
+ mmcblk0: p1 p2 p3 p4 p5 p6 p7 p8 p9 p10 p11 p12
 +1.05V_RUN_AVDD_HDMI_PLL: supplied by +1.05V_RUN
+elan_i2c 1-0015: failed to read report data: -121
+elan_i2c 1-0015: failed to read report data: -121
 +5V_HDMI_CON: supplied by +5V_SYS
  usb3-0: usb3-0 supply vbus not found, using dummy regulator
  usb3-1: usb3-1 supply vbus not found, using dummy regulator
@@ -415,19 +424,13 @@
 mmc1: Unknown controller version (3). You may experience problems.
 mmc1: Invalid maximum block size, assuming 512 bytes
 mmc1: Switching to 3.3V signalling voltage failed
-mmc0: new high speed MMC card at address 0001
-mmcblk0: mmc0:0001 MMC16G 14.4 GiB 
-mmcblk0boot0: mmc0:0001 MMC16G partition 1 2.00 MiB
-mmcblk0boot1: mmc0:0001 MMC16G partition 2 2.00 MiB
-mmcblk0rpmb: mmc0:0001 MMC16G partition 3 128 KiB
- mmcblk0: p1 p2 p3 p4 p5 p6 p7 p8 p9 p10 p11 p12
 mmc1: SDHCI controller on 700b0000.sdhci [700b0000.sdhci] using ADMA
 sdhci-tegra 700b0400.sdhci: Got CD GPIO
+elan_i2c 1-0015: invalid report id data (ff)
 sdhci-tegra 700b0400.sdhci: Got WP GPIO
 mmc2: Unknown controller version (3). You may experience problems.
 mmc2: Invalid maximum block size, assuming 512 bytes
 mmc1: new high speed SDIO card at address 0001
-elan_i2c 1-0015: failed to get SM version: -121
 mmc2: SDHCI controller on 700b0400.sdhci [700b0400.sdhci] using ADMA
 [drm] Supports vblank timestamp caching Rev 2 (21.10.2013).
 [drm] No driver support for vblank timestamp query.
@@ -440,12 +443,10 @@
 GPT: Use GNU Parted to correct GPT errors.
  mmcblk2: p1 p2 p3 p4 p5 p6 p7 p8 p9 p10 p11 p12
 Console: switching to colour frame buffer device 170x48
-elan_i2c 1-0015: Elan Touchpad: Module ID: 0x002a, Firmware: 0x0005, Sample: 0x0007, IAP: 0x0009
-input: Elan Touchpad as /devices/soc0/7000c400.i2c/i2c-1/1-0015/input/input0
 drm drm: fb0:  frame buffer device
 [drm] Initialized tegra 0.0.0 20120330 for drm on minor 0
 input: gpio-keys as /devices/soc0/gpio-keys/input/input1
-as3722-rtc as3722-rtc: setting system clock to 2000-01-01 00:00:24 UTC (946684824)
+as3722-rtc as3722-rtc: setting system clock to 2000-01-01 09:00:12 UTC (946717212)
 +1.8V_RUN_CAM: disabling
 +3.3V_RUN_CAM: disabling
 +1.2V_RUN_CAM_FRONT: disabling
Diff for ./tegra124-nyan-big/tegra124-nyan-big/tegra_defconfig_log.txt
--- /tmp/fooa	2017-10-23 13:57:35.831374586 -0700
+++ /tmp/foob	2017-10-23 13:57:35.831374586 -0700
@@ -41,20 +41,20 @@
 	 #################################################################
 	 #################################################################
 	 #######################################
-	 3.5 MiB/s
+	 3 MiB/s
 done
-Bytes transferred = 6293736 (6008e8 hex)
+Bytes transferred = 6293976 (6009d8 hex)
 Tegra124 (Nyan-big) # tftpboot 0x83000000 tegra124-nyan-big.dtb
 Using asx0 device
 TFTP from server 192.168.100.1; our IP address is 192.168.100.102
 Filename 'tegra124-nyan-big.dtb'.
 Load address: 0x83000000
 Loading: *#####
-	 3.4 MiB/s
+	 2.7 MiB/s
 done
 Bytes transferred = 68203 (10a6b hex)
 Tegra124 (Nyan-big) # bootz 0x82000000 - 0x83000000
-Kernel image @ 0x82000000 [ 0x000000 - 0x6008e8 ]
+Kernel image @ 0x82000000 [ 0x000000 - 0x6009d8 ]
 ## Flattened Device Tree blob at 83000000
    Booting using the fdt blob at 0x83000000
    Using Device Tree in place at 83000000, end 83013a6a
@@ -63,7 +63,7 @@
 
 Uncompressing Linux... done, booting the kernel.
 Booting Linux on physical CPU 0x0
-Linux version 4.14.0-rc5-200827-g33d930e (jonathanh@kaivo) (gcc version 4.7.3 20130328 (prerelease) (crosstool-NG linaro-1.13.1-4.7-2013.04-20130415 - Linaro GCC 2013.04)) #1 SMP PREEMPT Sun Oct 15 18:35:17 PDT 2017
+Linux version 4.14.0-rc6-201169-gbb176f6 (jonathanh@kaivo) (gcc version 4.7.3 20130328 (prerelease) (crosstool-NG linaro-1.13.1-4.7-2013.04-20130415 - Linaro GCC 2013.04)) #1 SMP PREEMPT Mon Oct 23 13:49:21 PDT 2017
 CPU: ARMv7 Processor [413fc0f3] revision 3 (ARMv7), cr=10c5387d
 CPU: div instructions available: patching division code
 CPU: PIPT / VIPT nonaliasing data cache, PIPT instruction cache
@@ -99,7 +99,7 @@
       .text : 0xc0008000 - 0xc0a00000   (10208 kB)
       .init : 0xc0e00000 - 0xc0f00000   (1024 kB)
       .data : 0xc0f00000 - 0xc0fc4920   ( 787 kB)
-       .bss : 0xc0fce514 - 0xc101987c   ( 301 kB)
+       .bss : 0xc0fce520 - 0xc101987c   ( 301 kB)
 Preemptible hierarchical RCU implementation.
 	Tasks RCU enabled.
 NR_IRQS: 16, nr_irqs: 16, preallocated irqs: 16
@@ -375,14 +375,17 @@
 max98090 0-0010: MAX98090 REVID=0x43
 max98090 0-0010: use default 2.8v micbias
 tegra-snd-max98090 sound: HiFi <-> 70301100.i2s mapping ok
+mmc0: new high speed MMC card at address 0001
+mmcblk0: mmc0:0001 MMC16G 14.4 GiB 
+mmcblk0boot0: mmc0:0001 MMC16G partition 1 2.00 MiB
 input: GoogleNyanBig Headphones as /devices/soc0/sound/sound/card1/input1
+mmcblk0boot1: mmc0:0001 MMC16G partition 2 2.00 MiB
 input: GoogleNyanBig Mic Jack as /devices/soc0/sound/sound/card1/input2
 NET: Registered protocol family 10
 Segment Routing with IPv6
 mip6: Mobile IPv6
 sit: IPv6, IPv4 and MPLS over IPv4 tunneling driver
-mmc0: new high speed MMC card at address 0001
-mmcblk0: mmc0:0001 MMC16G 14.4 GiB 
+mmcblk0rpmb: mmc0:0001 MMC16G partition 3 128 KiB
 NET: Registered protocol family 17
 NET: Registered protocol family 15
 can: controller area network core (rev 20170425 abi 9)
@@ -396,6 +399,7 @@
 Bluetooth: BNEP socket layer initialized
 Bluetooth: HIDP (Human Interface Emulation) ver 1.2
 Bluetooth: HIDP socket layer initialized
+ mmcblk0: p1 p2 p3 p4 p5 p6 p7 p8 p9 p10 p11 p12
 Key type dns_resolver registered
 Registering SWP/SWPB emulation handler
 +3.3V_RUN: supplied by +3.3V_SYS
@@ -415,7 +419,6 @@
  usb3-1: usb3-1 supply vbus not found, using dummy regulator
 tegra-sor 54540000.sor: failed to probe output: -517
 panel-simple panel: panel supply power not found, using dummy regulator
-mmcblk0boot0: mmc0:0001 MMC16G partition 1 2.00 MiB
 tegra-xusb 70090000.usb: Firmware timestamp: 2014-09-16 02:10:07 UTC
 tegra-xusb 70090000.usb: xHCI Host Controller
 tegra-xusb 70090000.usb: new USB bus registered, assigned bus number 1
@@ -437,13 +440,12 @@
 sdhci-tegra 700b0400.sdhci: Got WP GPIO
 mmc2: Unknown controller version (3). You may experience problems.
 mmc2: Invalid maximum block size, assuming 512 bytes
-mmcblk0boot1: mmc0:0001 MMC16G partition 2 2.00 MiB
-mmcblk0rpmb: mmc0:0001 MMC16G partition 3 128 KiB
- mmcblk0: p1 p2 p3 p4 p5 p6 p7 p8 p9 p10 p11 p12
-mmc2: SDHCI controller on 700b0400.sdhci [700b0400.sdhci] using ADMA
 mmc1: new high speed SDIO card at address 0001
+mmc2: SDHCI controller on 700b0400.sdhci [700b0400.sdhci] using ADMA
 [drm] Supports vblank timestamp caching Rev 2 (21.10.2013).
+input: tegra-hda HDMI/DP,pcm=3 as /devices/soc0/70030000.hda/sound/card0/input3
 [drm] No driver support for vblank timestamp query.
+usb 1-2: new high-speed USB device number 2 using tegra-xusb
 mmc2: new high speed SDHC card at address 0007
 mmcblk2: mmc2:0007 SD08G 7.42 GiB 
 GPT:Primary header alternate_lba != Alt. header my_lba
@@ -453,11 +455,10 @@
 GPT: Use GNU Parted to correct GPT errors.
  mmcblk2: p1 p2 p3 p4 p5 p6 p7 p8 p9 p10 p11 p12
 Console: switching to colour frame buffer device 170x48
-usb 1-2: new high-speed USB device number 2 using tegra-xusb
 drm drm: fb0:  frame buffer device
 [drm] Initialized tegra 0.0.0 20120330 for drm on minor 0
 input: gpio-keys as /devices/soc0/gpio-keys/input/input4
-as3722-rtc as3722-rtc: setting system clock to 2000-01-01 00:00:22 UTC (946684822)
+as3722-rtc as3722-rtc: setting system clock to 2000-01-01 08:59:34 UTC (946717174)
 +1.8V_RUN_CAM: disabling
 +1.2V_RUN_CAM_FRONT: disabling
 +1.05V_RUN_CAM_REAR: disabling
@@ -466,8 +467,8 @@
 +1.8V_RUN_VPP_FUSE: disabling
 +5V_VDD_TS_SW: disabling
 ALSA device list:
+  #0: tegra-hda at 0x70038000 irq 343
   #1: GoogleNyanBig
-input: tegra-hda HDMI/DP,pcm=3 as /devices/soc0/70030000.hda/sound/card0/input3
 EXT4-fs (mmcblk0p3): couldn't mount as ext3 due to feature incompatibilities
 uvcvideo: Found UVC 1.00 device HD WebCam (1bcf:2c67)
 input: HD WebCam: HD WebCam as /devices/soc0/70090000.usb/usb1/1-2/1-2:1.0/input/input5
@@ -478,4 +479,4 @@
 Freeing unused kernel memory: 1024K
 bash: cannot set terminal process group (-1): Inappropriate ioctl for device
 bash: no job control in this shell
-root@(none):/# 
\ No newline at end of file
+root@(none):/# [    3
\ No newline at end of file
Diff for ./tegra132-norrin/tegra132-norrin/defconfig_log.txt
--- /tmp/fooa	2017-10-23 13:57:35.839374622 -0700
+++ /tmp/foob	2017-10-23 13:57:35.843374641 -0700
@@ -31,7 +31,7 @@
 MSENC clock is set to  79200 KHz
 Vde clock is set to 204000 KHz
 
-Bootloader-Cpu Init at (time stamp): 1800530 us
+Bootloader-Cpu Init at (time stamp): 1801907 us
 
 Pinmux changes applied in kernel way
 
@@ -62,22 +62,22 @@
 Board Id Read Time: 3 us
 Power Rail enable Time: 1 us
 
-Miscellaneous avp time: 1800504  us
-Bootloader (AosInit) time: 733492 us
-Bootloader Main Init time: 180190 us
-BlockDevMgrInit time: 157544 us
+Miscellaneous avp time: 1801881  us
+Bootloader (AosInit) time: 734218 us
+Bootloader Main Init time: 180477 us
+BlockDevMgrInit time: 157597 us
 PartMgrInit time: 8 us
 StorMgrInit time: 30 us
-FsMgrInit time: 2 us
-Partition Table load: 77012 us 
-Display init time: 574610 us
+FsMgrInit time: 3 us
+Partition Table load: 76621 us 
+Display init time: 574808 us
 Kernel read time: 1345 msec
 Load Kernel Size:   17825792 Bytes
 Bl Kernel ReadSpeed: 13253000 Bytes/sec
-Pre-Kernel Jump time: 3839588 us
-Clearing 32 Bit State and Warm resetting to 64bit mode: 8801688 us
+Pre-Kernel Jump time: 3836641 us
+Clearing 32 Bit State and Warm resetting to 64bit mode: 8801564 us
 Booting Linux on physical CPU 0x0
-Linux version 4.14.0-rc5-319068-g33d930e59a98 (jonathanh@tamien) (gcc version 4.9.2 20140904 (prerelease) (crosstool-NG linaro-1.13.1-4.9-2014.09 - Linaro GCC 4.9-2014.09)) #1 SMP PREEMPT Sun Oct 15 18:40:46 PDT 2017
+Linux version 4.14.0-rc6-201169-gbb176f6 (jonathanh@kaivo) (gcc version 4.9.2 20140904 (prerelease) (crosstool-NG linaro-1.13.1-4.9-2014.09 - Linaro GCC 4.9-2014.09)) #1 SMP PREEMPT Mon Oct 23 13:54:06 PDT 2017
 Boot CPU: AArch64 Processor [4e0f0000]
 Machine model: NVIDIA Tegra132 Norrin
 Memory limited to 1734MB
@@ -289,8 +289,8 @@
 +5V_HDMI_CON: disabling
 ALSA device list:
   No soundcards found.
-sdhci-tegra 700b0400.sdhci: Got WP GPIO
 Freeing unused kernel memory: 1152K
+sdhci-tegra 700b0400.sdhci: Got WP GPIO
 
 System initialization...
 
Diff for ./tegra20-trimslice/tegra20-trimslice/multi_v7_defconfig_log.txt
--- /tmp/fooa	2017-10-23 13:57:35.867374747 -0700
+++ /tmp/foob	2017-10-23 13:57:35.867374747 -0700
@@ -48,7 +48,7 @@
 	 #################################################################
 	 #################################################################
 	 ####################################
-	 4.1 MiB/s
+	 3.5 MiB/s
 done
 Bytes transferred = 8159752 (7c8208 hex)
 Tegra20 (TrimSlice) # tftpboot 0x02408000 tegra20-trimslice.dtb
@@ -57,7 +57,7 @@
 Filename 'tegra20-trimslice.dtb'.
 Load address: 0x2408000
 Loading: *##
-	 3.4 MiB/s
+	 2.9 MiB/s
 done
 Bytes transferred = 21454 (53ce hex)
 Tegra20 (TrimSlice) # bootz 0x00408000 - 0x02408000
@@ -69,7 +69,7 @@
 Starting kernel ...
 
 Booting Linux on physical CPU 0x0
-Linux version 4.14.0-rc5-200827-g33d930e (jonathanh@sellafield) (gcc version 4.7.3 20130328 (prerelease) (crosstool-NG linaro-1.13.1-4.7-2013.04-20130415 - Linaro GCC 2013.04)) #1 SMP Sun Oct 15 18:35:51 PDT 2017
+Linux version 4.14.0-rc6-201169-gbb176f6 (jonathanh@sellafield) (gcc version 4.7.3 20130328 (prerelease) (crosstool-NG linaro-1.13.1-4.7-2013.04-20130415 - Linaro GCC 2013.04)) #1 SMP Mon Oct 23 13:49:41 PDT 2017
 CPU: ARMv7 Processor [411fc090] revision 0 (ARMv7), cr=10c5387d
 CPU: PIPT / VIPT nonaliasing data cache, VIPT aliasing instruction cache
 OF: fdt: Machine model: Compulab TrimSlice board
@@ -104,7 +104,7 @@
       .text : 0xc0208000 - 0xc0d00000   (11232 kB)
       .init : 0xc1200000 - 0xc1400000   (2048 kB)
       .data : 0xc1400000 - 0xc1597ee8   (1632 kB)
-       .bss : 0xc15a0b90 - 0xc16064bc   ( 407 kB)
+       .bss : 0xc15a0b9c - 0xc16064fc   ( 407 kB)
 SLUB: HWalign=64, Order=0-3, MinObjects=0, CPUs=2, Nodes=1
 Hierarchical RCU implementation.
 	RCU event tracing is enabled.
@@ -344,9 +344,9 @@
 can: netlink gateway (rev 20170425) max_hops=1
 Key type dns_resolver registered
 ThumbEE CPU extension supported.
+usb 1-1: new high-speed USB device number 2 using tegra-ehci
 Registering SWP/SWPB emulation handler
 utmi_phy_clk_enable: timeout waiting for phy to stabilize
-usb 1-1: new high-speed USB device number 2 using tegra-ehci
 tegra-ehci c5000000.usb: EHCI Host Controller
 tegra-ehci c5000000.usb: new USB bus registered, assigned bus number 2
 tegra-ehci c5000000.usb: irq 288, io mem 0xc5000000
Diff for ./tegra20-trimslice/tegra20-trimslice/tegra_defconfig_log.txt
--- /tmp/fooa	2017-10-23 13:57:35.891374853 -0700
+++ /tmp/foob	2017-10-23 13:57:35.891374853 -0700
@@ -46,20 +46,20 @@
 	 #################################################################
 	 #################################################################
 	 #######################################
-	 3 MiB/s
+	 3.6 MiB/s
 done
-Bytes transferred = 6293736 (6008e8 hex)
+Bytes transferred = 6293976 (6009d8 hex)
 Tegra20 (TrimSlice) # tftpboot 0x02408000 tegra20-trimslice.dtb
 Using RTL8169#0 device
 TFTP from server 192.168.100.1; our IP address is 192.168.100.103
 Filename 'tegra20-trimslice.dtb'.
 Load address: 0x2408000
 Loading: *##
-	 2.9 MiB/s
+	 3.4 MiB/s
 done
 Bytes transferred = 21454 (53ce hex)
 Tegra20 (TrimSlice) # bootz 0x00408000 - 0x02408000
-Kernel image @ 0x408000 [ 0x000000 - 0x6008e8 ]
+Kernel image @ 0x408000 [ 0x000000 - 0x6009d8 ]
 ## Flattened Device Tree blob at 02408000
    Booting using the fdt blob at 0x2408000
    Using Device Tree in place at 02408000, end 024103cd
@@ -68,7 +68,7 @@
 
 Uncompressing Linux... done, booting the kernel.
 Booting Linux on physical CPU 0x0
-Linux version 4.14.0-rc5-200827-g33d930e (jonathanh@kaivo) (gcc version 4.7.3 20130328 (prerelease) (crosstool-NG linaro-1.13.1-4.7-2013.04-20130415 - Linaro GCC 2013.04)) #1 SMP PREEMPT Sun Oct 15 18:35:17 PDT 2017
+Linux version 4.14.0-rc6-201169-gbb176f6 (jonathanh@kaivo) (gcc version 4.7.3 20130328 (prerelease) (crosstool-NG linaro-1.13.1-4.7-2013.04-20130415 - Linaro GCC 2013.04)) #1 SMP PREEMPT Mon Oct 23 13:49:21 PDT 2017
 CPU: ARMv7 Processor [411fc090] revision 0 (ARMv7), cr=10c5387d
 CPU: PIPT / VIPT nonaliasing data cache, VIPT aliasing instruction cache
 OF: fdt: Machine model: Compulab TrimSlice board
@@ -102,7 +102,7 @@
       .text : 0xc0008000 - 0xc0a00000   (10208 kB)
       .init : 0xc0e00000 - 0xc0f00000   (1024 kB)
       .data : 0xc0f00000 - 0xc0fc4920   ( 787 kB)
-       .bss : 0xc0fce514 - 0xc101987c   ( 301 kB)
+       .bss : 0xc0fce520 - 0xc101987c   ( 301 kB)
 Preemptible hierarchical RCU implementation.
 	RCU restricting CPUs from NR_CPUS=4 to nr_cpu_ids=2.
 	Tasks RCU enabled.
@@ -350,9 +350,9 @@
 input: gpio-keys as /devices/soc0/gpio-keys/input/input0
 rtc-em3027 2-0056: hctosys: unable to read the hardware clock
 ALSA device list:
+  #0: tegra-trimslice
 hub 1-1:1.0: USB hub found
 hub 1-1:1.0: 4 ports detected
-  #0: tegra-trimslice
 Waiting for root device PARTUUID=11eb23c1-01...
 usb 1-1.2: new high-speed USB device number 3 using tegra-ehci
 mmc0: host does not support reading read-only switch, assuming write-enable
Diff for ./tegra210-p2371-0000/tegra210-p2371-0000/defconfig_log.txt
--- /tmp/fooa	2017-10-23 13:57:35.911374941 -0700
+++ /tmp/foob	2017-10-23 13:57:35.915374959 -0700
@@ -64,17 +64,17 @@
 Loading and Validation of Secure OS Successful
 NvTbootPackSdramParams: start. 
 NvTbootPackSdramParams: done. 
-Tegraboot started after 728081 us
-Basic modules init took 348747 us
-Sec Bootdevice Read Time = 202 ms, Read Size = 8459 KB
-Next stage binary read took 14370 us
-Carveout took 252679 us
-CPU initialization took 92442 us
-Total time taken by TegraBoot 708238 us
+Tegraboot started after 756398 us
+Basic modules init took 348699 us
+Sec Bootdevice Read Time = 204 ms, Read Size = 8459 KB
+Next stage binary read took 14384 us
+Carveout took 254518 us
+CPU initialization took 92446 us
+Total time taken by TegraBoot 710047 us
 
 Starting CPU & Halting co-processor 
 
-64b[0001.567] LPDDR4 Training: Number of tables = 10
+64b[0001.597] LPDDR4 Training: Number of tables = 10
 EMC Training (SRC-freq: 204000; DST-freq: 408000)
 EMC Training Successful
 EMC Training (SRC-freq: 204000; DST-freq: 665600)
@@ -117,7 +117,7 @@
 Tegra210 (P2371-0000) # part uuid ${devtype} ${devnum}:${rootpart} uuid
 Tegra210 (P2371-0000) # setenv bootargs ignore_loglevel console=ttyS0,115200n8 earlycon=uart8250,mmio32,0x70006000 rw root=PARTUUID=00000000-0001-0000-788f-a75600000000 rootwait debug earlyprintk init=/bin/bash
 Tegra210 (P2371-0000) # load ${devtype} ${devnum}:${rootpart} ${kernel_addr_r} /boot/Image.defconfig
-16505344 bytes read in 836 ms (18.8 MiB/s)
+16505344 bytes read in 835 ms (18.9 MiB/s)
 Tegra210 (P2371-0000) # load ${devtype} ${devnum}:${rootpart} ${fdt_addr_r} /boot/tegra210-p2371-0000.dtb
 45170 bytes read in 453 ms (96.7 KiB/s)
 Tegra210 (P2371-0000) # load ${devtype} ${devnum}:${rootpart} ${ramdisk_addr_r} /boot/tegra-ramdisk.img
@@ -131,7 +131,7 @@
 Starting kernel ...
 
 Booting Linux on physical CPU 0x0
-Linux version 4.14.0-rc5-319068-g33d930e59a98 (jonathanh@tamien) (gcc version 4.9.2 20140904 (prerelease) (crosstool-NG linaro-1.13.1-4.9-2014.09 - Linaro GCC 4.9-2014.09)) #1 SMP PREEMPT Sun Oct 15 18:40:46 PDT 2017
+Linux version 4.14.0-rc6-201169-gbb176f6 (jonathanh@kaivo) (gcc version 4.9.2 20140904 (prerelease) (crosstool-NG linaro-1.13.1-4.9-2014.09 - Linaro GCC 4.9-2014.09)) #1 SMP PREEMPT Mon Oct 23 13:54:06 PDT 2017
 Boot CPU: AArch64 Processor [411fd071]
 Machine model: NVIDIA Tegra210 P2371 (P2530/P2595) reference design
 debug: ignoring loglevel setting.
@@ -275,7 +275,7 @@
 kvm [1]: vgic interrupt IRQ1
 kvm [1]: virtual timer IRQ4
 audit: initializing netlink subsys (disabled)
-audit: type=2000 audit(0.527:1): state=initialized audit_enabled=0 res=1
+audit: type=2000 audit(0.519:1): state=initialized audit_enabled=0 res=1
 workingset: timestamp_bits=44 max_order=20 bucket_order=0
 squashfs: version 4.0 (2009/01/31) Phillip Lougher
 NFS: Registering the id_resolver key type
Diff for ./tegra210-smaug/tegra210-smaug/defconfig_log.txt
--- /tmp/fooa	2017-10-23 13:57:35.931375029 -0700
+++ /tmp/foob	2017-10-23 13:57:35.931375029 -0700
@@ -1,5 +1,5 @@
 Booting Linux on physical CPU 0x0
-Linux version 4.14.0-rc5-319068-g33d930e59a98 (jonathanh@tamien) (gcc version 4.9.2 20140904 (prerelease) (crosstool-NG linaro-1.13.1-4.9-2014.09 - Linaro GCC 4.9-2014.09)) #1 SMP PREEMPT Sun Oct 15 18:40:46 PDT 2017
+Linux version 4.14.0-rc6-201169-gbb176f6 (jonathanh@kaivo) (gcc version 4.9.2 20140904 (prerelease) (crosstool-NG linaro-1.13.1-4.9-2014.09 - Linaro GCC 4.9-2014.09)) #1 SMP PREEMPT Mon Oct 23 13:54:06 PDT 2017
 Boot CPU: AArch64 Processor [411fd071]
 Machine model: Google Pixel C
 efi: Getting EFI parameters from FDT:
@@ -260,7 +260,7 @@
 mmcblk0boot1: mmc0:0001 BGND3R partition 2 4.00 MiB
 mmcblk0rpmb: mmc0:0001 BGND3R partition 3 4.00 MiB
  mmcblk0: p1 p2 p3 p4 p5 p6 p7 p8 p9 p10 p11
-max77686-rtc max77620-rtc: setting system clock to 2001-07-27 07:04:59 UTC (996217499)
+max77686-rtc max77620-rtc: setting system clock to 2001-08-04 02:17:39 UTC (996891459)
 PP1200_AVDD: disabling
 PP1200_RCAM: disabling
 PP2800L_RCAM: disabling
@@ -271,8 +271,8 @@
 PP1800_CAM: disabling
 ALSA device list:
   No soundcards found.
-Freeing unused kernel memory: 1152K
 tegra-i2c 7000d100.i2c: could not find pctldev for node /host1x@50000000/dpaux@545c0000/pinmux-i2c, deferring probe
+Freeing unused kernel memory: 1152K
 
 System initialization...
 
Diff for ./tegra30-beaver/tegra30-beaver/multi_v7_defconfig_log.txt
--- /tmp/fooa	2017-10-23 13:57:35.947375099 -0700
+++ /tmp/foob	2017-10-23 13:57:35.947375099 -0700
@@ -40,7 +40,7 @@
 	 #################################################################
 	 #################################################################
 	 ####################################
-	 3.3 MiB/s
+	 2.9 MiB/s
 done
 Bytes transferred = 8159752 (7c8208 hex)
 Tegra30 (Beaver) # tftpboot 0x82000000 tegra30-beaver.dtb
@@ -49,7 +49,7 @@
 Filename 'tegra30-beaver.dtb'.
 Load address: 0x82000000
 Loading: *####
-	 3.1 MiB/s
+	 2.7 MiB/s
 done
 Bytes transferred = 51860 (ca94 hex)
 Tegra30 (Beaver) # bootz 0x81000000 - 0x82000000
@@ -61,7 +61,7 @@
 Starting kernel ...
 
 Booting Linux on physical CPU 0x0
-Linux version 4.14.0-rc5-200827-g33d930e (jonathanh@sellafield) (gcc version 4.7.3 20130328 (prerelease) (crosstool-NG linaro-1.13.1-4.7-2013.04-20130415 - Linaro GCC 2013.04)) #1 SMP Sun Oct 15 18:35:51 PDT 2017
+Linux version 4.14.0-rc6-201169-gbb176f6 (jonathanh@sellafield) (gcc version 4.7.3 20130328 (prerelease) (crosstool-NG linaro-1.13.1-4.7-2013.04-20130415 - Linaro GCC 2013.04)) #1 SMP Mon Oct 23 13:49:41 PDT 2017
 CPU: ARMv7 Processor [412fc099] revision 9 (ARMv7), cr=10c5387d
 CPU: PIPT / VIPT nonaliasing data cache, VIPT aliasing instruction cache
 OF: fdt: Machine model: NVIDIA Tegra30 Beaver evaluation board
@@ -96,7 +96,7 @@
       .text : 0xc0208000 - 0xc0d00000   (11232 kB)
       .init : 0xc1200000 - 0xc1400000   (2048 kB)
       .data : 0xc1400000 - 0xc1597ee8   (1632 kB)
-       .bss : 0xc15a0b90 - 0xc16064bc   ( 407 kB)
+       .bss : 0xc15a0b9c - 0xc16064fc   ( 407 kB)
 SLUB: HWalign=64, Order=0-3, MinObjects=0, CPUs=4, Nodes=1
 Hierarchical RCU implementation.
 	RCU event tracing is enabled.
@@ -383,6 +383,8 @@
 sys_3v3,vdd_3v3_alw: supplied by vdd_5v_in
 sys_3v3_pexs: supplied by sys_3v3,vdd_3v3_alw
 +VDD_5V_HDMI: supplied by sys_3v3,vdd_3v3_alw
+tegra-pcie 3000.pcie: 2x3 configuration
+tegra-pcie 3000.pcie: probing port 0, using 2 lanes
 mmc1: new high speed MMC card at address 0001
 mmcblk1: mmc1:0001 SEM16G 14.8 GiB 
 mmcblk1boot0: mmc1:0001 SEM16G partition 1 1.00 MiB
@@ -393,8 +395,6 @@
 Primary GPT is invalid, using alternate GPT.
  mmcblk1: p1 p2 p3 p4 p5
  mmcblk0: p1 p2 p3
-tegra-pcie 3000.pcie: 2x3 configuration
-tegra-pcie 3000.pcie: probing port 0, using 2 lanes
 tegra-pcie 3000.pcie: probing port 2, using 2 lanes
 tegra-pcie 3000.pcie: link 2 down, retrying
 tegra-pcie 3000.pcie: link 2 down, retrying
@@ -472,4 +472,4 @@
 Freeing unused kernel memory: 2048K
 bash: cannot set terminal process group (-1): Inappropriate ioctl for device
 bash: no job control in this shell
-root@(none):/# [    4.544020] usb 2-1: new high-speed USB device number 2 using tegra-ehci
+root@(none):/# [    4.494030] usb 2-1: new high-speed USB device number 2 using tegra-ehci
Diff for ./tegra30-beaver/tegra30-beaver/tegra_defconfig_log.txt
--- /tmp/fooa	2017-10-23 13:57:35.967375188 -0700
+++ /tmp/foob	2017-10-23 13:57:35.967375188 -0700
@@ -27,7 +27,6 @@
 Tegra30 (Beaver) # setenv bootargs 'ignore_loglevel console=ttyS0,115200n8 rw root=PARTUUID=edbe1840-3633-c751-7993-b0ac834f81e0 rootwait gpt debug noinitrd earlyprintk init=/bin/bash'
 Tegra30 (Beaver) # setenv ipaddr 192.168.100.101; setenv serverip 192.168.100.1; setenv tftpserverip 192.168.100.1
 Tegra30 (Beaver) # tftpboot 0x81000000 zImage.tegra_defconfig
-Waiting for Ethernet connection... done.
 Using asx0 device
 TFTP from server 192.168.100.1; our IP address is 192.168.100.101
 Filename 'zImage.tegra_defconfig'.
@@ -39,20 +38,20 @@
 	 #################################################################
 	 #################################################################
 	 #######################################
-	 3.1 MiB/s
+	 2.9 MiB/s
 done
-Bytes transferred = 6293736 (6008e8 hex)
+Bytes transferred = 6293976 (6009d8 hex)
 Tegra30 (Beaver) # tftpboot 0x82000000 tegra30-beaver.dtb
 Using asx0 device
 TFTP from server 192.168.100.1; our IP address is 192.168.100.101
 Filename 'tegra30-beaver.dtb'.
 Load address: 0x82000000
 Loading: *####
-	 2.6 MiB/s
+	 3.5 MiB/s
 done
 Bytes transferred = 51860 (ca94 hex)
 Tegra30 (Beaver) # bootz 0x81000000 - 0x82000000
-Kernel image @ 0x81000000 [ 0x000000 - 0x6008e8 ]
+Kernel image @ 0x81000000 [ 0x000000 - 0x6009d8 ]
 ## Flattened Device Tree blob at 82000000
    Booting using the fdt blob at 0x82000000
    Loading Device Tree to 8fff0000, end 8ffffa93 ... OK
@@ -61,7 +60,7 @@
 
 Uncompressing Linux... done, booting the kernel.
 Booting Linux on physical CPU 0x0
-Linux version 4.14.0-rc5-200827-g33d930e (jonathanh@kaivo) (gcc version 4.7.3 20130328 (prerelease) (crosstool-NG linaro-1.13.1-4.7-2013.04-20130415 - Linaro GCC 2013.04)) #1 SMP PREEMPT Sun Oct 15 18:35:17 PDT 2017
+Linux version 4.14.0-rc6-201169-gbb176f6 (jonathanh@kaivo) (gcc version 4.7.3 20130328 (prerelease) (crosstool-NG linaro-1.13.1-4.7-2013.04-20130415 - Linaro GCC 2013.04)) #1 SMP PREEMPT Mon Oct 23 13:49:21 PDT 2017
 CPU: ARMv7 Processor [412fc099] revision 9 (ARMv7), cr=10c5387d
 CPU: PIPT / VIPT nonaliasing data cache, VIPT aliasing instruction cache
 OF: fdt: Machine model: NVIDIA Tegra30 Beaver evaluation board
@@ -95,7 +94,7 @@
       .text : 0xc0008000 - 0xc0a00000   (10208 kB)
       .init : 0xc0e00000 - 0xc0f00000   (1024 kB)
       .data : 0xc0f00000 - 0xc0fc4920   ( 787 kB)
-       .bss : 0xc0fce514 - 0xc101987c   ( 301 kB)
+       .bss : 0xc0fce520 - 0xc101987c   ( 301 kB)
 Preemptible hierarchical RCU implementation.
 	Tasks RCU enabled.
 NR_IRQS: 16, nr_irqs: 16, preallocated irqs: 16
@@ -470,4 +469,4 @@
 Freeing unused kernel memory: 1024K
 bash: cannot set terminal process group (-1): Inappropriate ioctl for device
 bash: no job control in this shell
-root@(none):/# [    4.784365] usb 2-1: new high-speed USB device number 2 using tegra-ehci
+root@(none):/# [    4.784364] usb 2-1: new high-speed USB device number 2 using tegra-ehci
