
U-Boot SPL 2014.01-00219-gc4d376f (Feb 18 2014 - 19:57:32)


U-Boot 2014.01-00219-gc4d376f (Feb 18 2014 - 19:57:32)

TEGRA114
Board: NVIDIA Dalmore
I2C:   ready
DRAM:  2 GiB
MMC:   Tegra SD/MMC: 0, Tegra SD/MMC: 1
In:    serial
Out:   serial
Err:   serial
Net:   Net Initialization Skipped
No ethernet found.
Hit any key to stop autoboot:  2  0 
Tegra114 (Dalmore) # 
Tegra114 (Dalmore) # usb reset
(Re)start USB...
USB0:   USB EHCI 1.10
scanning bus 0 for devices... 2 USB Device(s) found
       scanning usb for storage devices... 0 Storage Device(s) found
       scanning usb for ethernet devices... 
Warning: asx0 using MAC address from net device
1 Ethernet Device(s) found
Tegra114 (Dalmore) # setenv bootargs 'ignore_loglevel console=ttyS0,115200n8 rw root=/dev/mmcblk0p1 rootwait gpt debug init=/bin/bash'
Tegra114 (Dalmore) # setenv ipaddr 192.168.100.100; setenv serverip 192.168.100.1; setenv tftpserverip 192.168.100.1
Tegra114 (Dalmore) # tftpboot 0x81000000 zImage.tegra_defconfig
Using asx0 device
TFTP from server 192.168.100.1; our IP address is 192.168.100.100
Filename 'zImage.tegra_defconfig'.
Load address: 0x81000000
Loading: *#################################################################
	 #################################################################
	 #################################################################
	 #################################################################
	 #################################################################
	 ########
	 3.4 MiB/s
done
Bytes transferred = 4883712 (4a8500 hex)
Tegra114 (Dalmore) # tftpboot 0x82000000 tegra114-dalmore.dtb
Using asx0 device
TFTP from server 192.168.100.1; our IP address is 192.168.100.100
Filename 'tegra114-dalmore.dtb'.
Load address: 0x82000000
Loading: *###
	 2.2 MiB/s
done
Bytes transferred = 34894 (884e hex)
Tegra114 (Dalmore) # bootz 0x81000000 - 0x82000000
Kernel image @ 0x81000000 [ 0x000000 - 0x4a8500 ]
## Flattened Device Tree blob at 82000000
   Booting using the fdt blob at 0x82000000
   Loading Device Tree to 8fff4000, end 8ffff84d ... OK

Starting kernel ...

Uncompressing Linux... done, booting the kernel.
[    0.000000] Booting Linux on physical CPU 0x0
[    0.000000] Initializing cgroup subsys cpu
[    0.000000] Initializing cgroup subsys cpuacct
[    0.000000] Linux version 4.1.0-rc3-12646-g030bbdb (pwalmsley@kaivo) (gcc version 4.7.3 20130328 (prerelease) (crosstool-NG linaro-1.13.1-4.7-2013.04-20130415 - Linaro GCC 2013.04) ) #1 SMP PREEMPT Sun May 10 16:34:21 PDT 2015
[    0.000000] CPU: ARMv7 Processor [412fc0f2] revision 2 (ARMv7), cr=10c5387d
[    0.000000] CPU: PIPT / VIPT nonaliasing data cache, PIPT instruction cache
[    0.000000] Machine model: NVIDIA Tegra114 Dalmore evaluation board
[    0.000000] debug: ignoring loglevel setting.
[    0.000000] earlycon: no match for ttyS0,115200n8
[    0.000000] cma: Reserved 64 MiB at 0xfbc00000
[    0.000000] Memory policy: Data cache writealloc
[    0.000000] On node 0 totalpages: 524032
[    0.000000] free_area_init_node: node 0, pgdat c0962380, node_mem_map ee7f7000
[    0.000000]   Normal zone: 1520 pages used for memmap
[    0.000000]   Normal zone: 0 pages reserved
[    0.000000]   Normal zone: 194560 pages, LIFO batch:31
[    0.000000]   HighMem zone: 329472 pages, LIFO batch:31
[    0.000000] PERCPU: Embedded 12 pages/cpu @ee7a2000 s17216 r8192 d23744 u49152
[    0.000000] pcpu-alloc: s17216 r8192 d23744 u49152 alloc=12*4096
[    0.000000] pcpu-alloc: [0] 0 [0] 1 [0] 2 [0] 3 
[    0.000000] Built 1 zonelists in Zone order, mobility grouping on.  Total pages: 522512
[    0.000000] Kernel command line: ignore_loglevel console=ttyS0,115200n8 rw root=/dev/mmcblk0p1 rootwait gpt debug init=/bin/bash
[    0.000000] PID hash table entries: 4096 (order: 2, 16384 bytes)
[    0.000000] Dentry cache hash table entries: 131072 (order: 7, 524288 bytes)
[    0.000000] Inode-cache hash table entries: 65536 (order: 6, 262144 bytes)
[    0.000000] Memory: 2003060K/2096128K available (6696K kernel code, 311K rwdata, 2260K rodata, 312K init, 351K bss, 27532K reserved, 65536K cma-reserved, 1252352K highmem)
[    0.000000] Virtual kernel memory layout:
[    0.000000]     vector  : 0xffff0000 - 0xffff1000   (   4 kB)
[    0.000000]     fixmap  : 0xffc00000 - 0xfff00000   (3072 kB)
[    0.000000]     vmalloc : 0xf0000000 - 0xff000000   ( 240 MB)
[    0.000000]     lowmem  : 0xc0000000 - 0xef800000   ( 760 MB)
[    0.000000]     pkmap   : 0xbfe00000 - 0xc0000000   (   2 MB)
[    0.000000]     modules : 0xbf000000 - 0xbfe00000   (  14 MB)
[    0.000000]       .text : 0xc0008000 - 0xc08c74fc   (8958 kB)
[    0.000000]       .init : 0xc08c8000 - 0xc0916000   ( 312 kB)
[    0.000000]       .data : 0xc0916000 - 0xc0963f20   ( 312 kB)
[    0.000000]        .bss : 0xc0966000 - 0xc09bde14   ( 352 kB)
[    0.000000] Preemptible hierarchical RCU implementation.
[    0.000000] 	Additional per-CPU info printed with stalls.
[    0.000000] NR_IRQS:16 nr_irqs:16 16
[    0.000000] /interrupt-controller@60004000: 160 interrupts forwarded to /interrupt-controller@50041000
[    0.000000] L2C: failed to init: -19
[    0.000008] sched_clock: 32 bits at 1000kHz, resolution 1000ns, wraps every 2147483647500ns
[    0.000029] clocksource timer_us: mask: 0xffffffff max_cycles: 0xffffffff, max_idle_ns: 1911260446275 ns
[    0.000044] Switching to timer-based delay loop, resolution 1000ns
[    0.000868] Architected cp15 timer(s) running at 12.00MHz (virt).
[    0.000887] clocksource arch_sys_counter: mask: 0xffffffffffffff max_cycles: 0x2c47f4ee7, max_idle_ns: 440795202497 ns
[    0.000905] sched_clock: 56 bits at 12MHz, resolution 83ns, wraps every 4398046511096ns
[    0.000918] Switching to timer-based delay loop, resolution 83ns
[    0.001346] Console: colour dummy device 80x30
[    0.001371] Calibrating delay loop (skipped), value calculated using timer frequency.. 24.00 BogoMIPS (lpj=120000)
[    0.001387] pid_max: default: 32768 minimum: 301
[    0.001794] Mount-cache hash table entries: 2048 (order: 1, 8192 bytes)
[    0.001806] Mountpoint-cache hash table entries: 2048 (order: 1, 8192 bytes)
[    0.003219] Initializing cgroup subsys freezer
[    0.003245] Initializing cgroup subsys debug
[    0.003300] CPU: Testing write buffer coherency: ok
[    0.003608] /cpus/cpu@0 missing clock-frequency property
[    0.003637] /cpus/cpu@1 missing clock-frequency property
[    0.003665] /cpus/cpu@2 missing clock-frequency property
[    0.003694] /cpus/cpu@3 missing clock-frequency property
[    0.003706] CPU0: thread -1, cpu 0, socket 0, mpidr 80000000
[    0.003759] Setting up static identity map for 0x80008440 - 0x800084d8
[    0.041188] Tegra Revision: A01 SKU: 0 CPU Process: 1 Core Process: 0
[    0.061548] CPU1: thread -1, cpu 1, socket 0, mpidr 80000001
[    0.081550] CPU2: thread -1, cpu 2, socket 0, mpidr 80000002
[    0.101572] CPU3: thread -1, cpu 3, socket 0, mpidr 80000003
[    0.101653] Brought up 4 CPUs
[    0.101675] SMP: Total of 4 processors activated (96.00 BogoMIPS).
[    0.101683] CPU: All CPU(s) started in SVC mode.
[    0.102584] devtmpfs: initialized
[    0.104207] VFP support v0.3: implementor 41 architecture 4 part 30 variant f rev 0
[    0.104863] clocksource jiffies: mask: 0xffffffff max_cycles: 0xffffffff, max_idle_ns: 19112604462750000 ns
[    0.106635] pinctrl core: initialized pinctrl subsystem
[    0.136591] NET: Registered protocol family 16
[    0.137915] DMA: preallocated 256 KiB pool for atomic coherent allocations
[    0.160895] cpuidle: using governor ladder
[    0.190918] cpuidle: using governor menu
[    0.210730] No ATAGs?
[    0.210768] hw-breakpoint: found 5 (+1 reserved) breakpoint and 4 watchpoint registers.
[    0.210779] hw-breakpoint: maximum watchpoint size is 8 bytes.
[    0.264377] dvdd_ts: Failed to request enable GPIO61: -517
[    0.264614] reg-fixed-voltage regulators:regulator@1: Failed to register regulator: -517
[    0.265073] usb1_vbus: Failed to request enable GPIO108: -517
[    0.265292] reg-fixed-voltage regulators:regulator@3: Failed to register regulator: -517
[    0.265743] usb2_vbus: Failed to request enable GPIO86: -517
[    0.265961] reg-fixed-voltage regulators:regulator@4: Failed to register regulator: -517
[    0.266993] VDD_5V0_HDMI_CON: Failed to request enable GPIO81: -517
[    0.267212] reg-fixed-voltage regulators:regulator@7: Failed to register regulator: -517
[    0.269191] vgaarb: loaded
[    0.270635] SCSI subsystem initialized
[    0.270957] libata version 3.00 loaded.
[    0.271712] usbcore: registered new interface driver usbfs
[    0.271879] usbcore: registered new interface driver hub
[    0.272059] usbcore: registered new device driver usb
[    0.276434] tps65090 2-0048: No cache defaults, reading back from HW
[    0.285724] palmas 2-0058: Irq flag is 0x00000000
[    0.289485] palmas 2-0058: Muxing GPIO ff, PWM 0, LED 0
[    0.300867] sdhci-vdd-sd-slot: ramp_delay not set
[    0.345148] Linux video capture interface: v2.00
[    0.345276] pps_core: LinuxPPS API ver. 1 registered
[    0.345286] pps_core: Software ver. 5.3.6 - Copyright 2005-2007 Rodolfo Giometti <giometti@linux.it>
[    0.345364] PTP clock support registered
[    0.346232] Advanced Linux Sound Architecture Driver Initialized.
[    0.347690] Bluetooth: Core ver 2.20
[    0.347769] NET: Registered protocol family 31
[    0.347778] Bluetooth: HCI device and connection manager initialized
[    0.347801] Bluetooth: HCI socket layer initialized
[    0.347822] Bluetooth: L2CAP socket layer initialized
[    0.347879] Bluetooth: SCO socket layer initialized
[    0.348640] cfg80211: Calling CRDA to update world regulatory domain
[    0.349425] Switched to clocksource arch_sys_counter
[    0.374481] NET: Registered protocol family 2
[    0.375774] TCP established hash table entries: 8192 (order: 3, 32768 bytes)
[    0.375882] TCP bind hash table entries: 8192 (order: 4, 65536 bytes)
[    0.376069] TCP: Hash tables configured (established 8192 bind 8192)
[    0.376491] UDP hash table entries: 512 (order: 2, 16384 bytes)
[    0.376533] UDP-Lite hash table entries: 512 (order: 2, 16384 bytes)
[    0.376924] NET: Registered protocol family 1
[    0.377607] RPC: Registered named UNIX socket transport module.
[    0.377617] RPC: Registered udp transport module.
[    0.377625] RPC: Registered tcp transport module.
[    0.377633] RPC: Registered tcp NFSv4.1 backchannel transport module.
[    0.377656] PCI: CLS 0 bytes, default 64
[    0.382000] futex hash table entries: 1024 (order: 4, 65536 bytes)
[    0.384476] squashfs: version 4.0 (2009/01/31) Phillip Lougher
[    0.387703] bounce: pool size: 64 pages
[    0.387724] io scheduler noop registered (default)
[    0.399365] vdd-lcd-bl: supplied by vdd_ac_bat
[    0.400982] tegra-ahb 6000c004.ahb: incorrect AHB base address in DT data - enabling workaround
[    0.412042] tegra-apbdma 6000a000.dma: Tegra20 APB DMA driver register 32 channels
[    0.412538] tegra-pmc 7000e400.pmc: i2c-thermtrip node not found, emergency thermal reset disabled.
[    0.413309] Serial: 8250/16550 driver, 4 ports, IRQ sharing disabled
[    0.417137] console [ttyS0] disabled
[    0.417196] 70006300.serial: ttyS0 at MMIO 0x70006300 (irq = 329, base_baud = 25500000) is a Tegra
[    1.220419] console [ttyS0] enabled
[    1.226609] [drm] Initialized drm 1.1.0 20060810
[    1.232724] vdd-ao: supplied by vdd_ac_bat
[    1.237076] vddio-1v8: supplied by vdd-ao
[    1.241527] avdd-dsi-csi: supplied by vddio-1v8
[    1.248468] tegra-hdmi 54280000.hdmi: failed to get HDMI regulator
[    1.256776] vdd-sys-3v3: supplied by vdd_ac_bat
[    1.261582] avdd-lcd: supplied by vdd-sys-3v3
[    1.280933] loop: module loaded
[    1.287754] m25p80 spi32766.0: w25q32dw (4096 Kbytes)
[    1.296212] CAN device driver interface
[    1.300187] igb: Intel(R) Gigabit Ethernet Network Driver - version 5.2.15-k
[    1.307224] igb: Copyright (c) 2007-2014 Intel Corporation.
[    1.313165] pegasus: v0.9.3 (2013/04/25), Pegasus/Pegasus II USB Ethernet driver
[    1.320696] usbcore: registered new interface driver pegasus
[    1.326536] usbcore: registered new interface driver asix
[    1.332073] usbcore: registered new interface driver ax88179_178a
[    1.338285] usbcore: registered new interface driver cdc_ether
[    1.344315] usbcore: registered new interface driver smsc75xx
[    1.350260] usbcore: registered new interface driver smsc95xx
[    1.356126] usbcore: registered new interface driver net1080
[    1.361940] usbcore: registered new interface driver cdc_subset
[    1.367979] usbcore: registered new interface driver zaurus
[    1.373763] usbcore: registered new interface driver cdc_ncm
[    1.380068] ehci_hcd: USB 2.0 'Enhanced' Host Controller (EHCI) Driver
[    1.386593] ehci-pci: EHCI PCI platform driver
[    1.391187] tegra-ehci: Tegra EHCI driver
[    1.395755] usbcore: registered new interface driver cdc_acm
[    1.401428] cdc_acm: USB Abstract Control Model driver for USB modems and ISDN adapters
[    1.409567] usbcore: registered new interface driver cdc_wdm
[    1.415400] usbcore: registered new interface driver usb-storage
[    1.422218] mousedev: PS/2 mouse device common for all mice
[    1.432984] palmas-rtc 7000d000.i2c:tps65913@58:rtc: rtc core: registered 7000d000.i2c:tps659 as rtc0
[    1.444011] tegra_rtc 7000e000.rtc: rtc core: registered 7000e000.rtc as rtc1
[    1.451276] tegra_rtc 7000e000.rtc: Tegra internal Real Time Clock
[    1.457860] i2c /dev entries driver
[    1.463068] usbcore: registered new interface driver uvcvideo
[    1.468804] USB Video Class driver (1.1.1)
[    1.472928] gspca_main: v2.14.0 registered
[    1.477750] sbs-battery 0-000b: sbs_probe: Failed to get device status
[    1.484307] sbs-battery: probe of 0-000b failed with error -121
[    1.492419] vdd-sensor-2v85: supplied by vdd-sys-3v3
[    1.501491] sdhci: Secure Digital Host Controller Interface driver
[    1.507660] sdhci: Copyright(c) Pierre Ossman
[    1.512045] sdhci-pltfm: SDHCI platform and OF driver helper
[    1.518020] sdhci-tegra 78000400.sdhci: Got CD GPIO
[    1.522932] sdhci-tegra 78000400.sdhci: Got WP GPIO
[    1.528944] sdhci-tegra 78000400.sdhci: No vmmc regulator found
[    1.534877] sdhci-tegra 78000400.sdhci: No vqmmc regulator found
[    1.540889] mmc0: Invalid maximum block size, assuming 512 bytes
[    1.589651] mmc0: SDHCI controller on 78000400.sdhci [78000400.sdhci] using ADMA
[    1.597291] sdhci-tegra 78000600.sdhci: No vmmc regulator found
[    1.603223] sdhci-tegra 78000600.sdhci: No vqmmc regulator found
[    1.609219] mmc1: Invalid maximum block size, assuming 512 bytes
[    1.659450] mmc1: SDHCI controller on 78000600.sdhci [78000600.sdhci] using ADMA
[    1.672049] usbcore: registered new interface driver usbhid
[    1.677630] usbhid: USB HID core driver
[    1.743424] mmc1: MAN_BKOPS_EN bit is not set
[    1.750751] mmc1: new high speed MMC card at address 0001
[    1.756965] mmcblk0: mmc1:0001 SEM32G 29.1 GiB 
[    1.761788] mmcblk0boot0: mmc1:0001 SEM32G partition 1 4.00 MiB
[    1.767965] mmcblk0boot1: mmc1:0001 SEM32G partition 2 4.00 MiB
[    1.774136] mmcblk0rpmb: mmc1:0001 SEM32G partition 3 4.00 MiB
[    1.783095]  mmcblk0: p1 p2 p3 p4 p5 p6 p7 p8
[    2.112495] tegra30-i2s 70080400.i2s: DMA channels sourced from device 70080000.ahub
[    2.130216] tegra-snd-rt5640 sound: rt5640-aif1 <-> 70080400.i2s mapping ok
[    2.142665] input: NVIDIA Tegra Dalmore Headphones as /devices/soc0/sound/sound/card0/input0
[    2.153458] NET: Registered protocol family 10
[    2.159490] mip6: Mobile IPv6
[    2.162466] sit: IPv6 over IPv4 tunneling driver
[    2.170178] NET: Registered protocol family 17
[    2.174663] NET: Registered protocol family 15
[    2.179111] can: controller area network core (rev 20120528 abi 9)
[    2.185473] NET: Registered protocol family 29
[    2.189946] can: raw protocol (rev 20120528)
[    2.194216] can: broadcast manager protocol (rev 20120528 t)
[    2.199905] can: netlink gateway (rev 20130117) max_hops=1
[    2.205559] Bluetooth: RFCOMM socket layer initialized
[    2.210731] Bluetooth: RFCOMM ver 1.11
[    2.214492] Bluetooth: BNEP (Ethernet Emulation) ver 1.3
[    2.219827] Bluetooth: BNEP socket layer initialized
[    2.224790] Bluetooth: HIDP (Human Interface Emulation) ver 1.2
[    2.230732] Bluetooth: HIDP socket layer initialized
[    2.237153] Registering SWP/SWPB emulation handler
[    2.247146] vdd-sys-5v0: supplied by vdd_ac_bat
[    2.252488] VDD_5V0_HDMI_CON: supplied by vdd-sys-5v0
[    2.258473] vdd_hdmi_5v0: supplied by vdd-sys-5v0
[    2.267266] [drm] Supports vblank timestamp caching Rev 2 (21.10.2013).
[    2.273921] [drm] No driver support for vblank timestamp query.
[    2.339002] Console: switching to colour frame buffer device 240x75
[    2.366297] drm drm: fb0:  frame buffer device
[    2.370763] drm drm: registered panic notifier
[    2.399586] [drm] Initialized tegra 0.0.0 20120330 on minor 0
[    2.405740] usb2_vbus: supplied by vdd-sys-5v0
[    2.411691] tegra-ehci 7d008000.usb: EHCI Host Controller
[    2.417133] tegra-ehci 7d008000.usb: new USB bus registered, assigned bus number 1
[    2.425141] tegra-ehci 7d008000.usb: irq 339, io mem 0x7d008000
[    2.449454] tegra-ehci 7d008000.usb: USB 2.0 started, EHCI 1.10
[    2.457312] hub 1-0:1.0: USB hub found
[    2.461171] hub 1-0:1.0: 1 port detected
[    2.467459] input: gpio-keys as /devices/soc0/gpio-keys/input/input1
[    2.476158] palmas-rtc 7000d000.i2c:tps65913@58:rtc: setting system clock to 2000-10-15 18:59:31 UTC (971636371)
[    2.504485] vdd_cam_1v8_reg: disabling
[    2.508235] usb1_vbus: disabling
[    2.511478] dvdd_ts: disabling
[    2.519785] ALSA device list:
[    2.522757]   #0: NVIDIA Tegra Dalmore
[    2.538857] kjournald starting.  Commit interval 5 seconds
[    2.540685] EXT3-fs (mmcblk0p1): using internal journal
[    2.540703] EXT3-fs (mmcblk0p1): recovery complete
[    2.540708] EXT3-fs (mmcblk0p1): mounted filesystem with writeback data mode
[    2.540776] VFS: Mounted root (ext3 filesystem) on device 179:1.
[    2.541872] devtmpfs: mounted
[    2.542224] Freeing unused kernel memory: 312K (c08c8000 - c0916000)
bash: cannot set terminal process group (-1): Inappropriate ioctl for device
bash: no job control in this shell
root@(none):/# [    2.779651] usb 1-1: new high-speed USB device number 2 using tegra-ehci
