

U-Boot 2015.04-00466-gedec83e90172 (Mar 14 2016 - 10:42:01)

TEGRA124
Model: Acer Chromebook 13 CB5-311
DRAM:  4 GiB
C:   Tegra SD/MMC: 0, Tegra SD/MMC: 1, Tegra SD/MMC: 2
MMC init failed
Using default environment

In:    serial
Out:   serial
Err:   serial
Net:   Net Initialization Skipped
No ethernet found.
Hit any key to stop autoboot:  2  1  0 
Tegra124 (Nyan-big) # 
Tegra124 (Nyan-big) # usb start
starting USB...
USB0:   USB EHCI 1.10
scanning bus 0 for devices... 2 USB Device(s) found
USB1:   USB EHCI 1.10
scanning bus 1 for devices... 2 USB Device(s) found
       scanning usb for storage devices... 1 Storage Device(s) found
       scanning usb for ethernet devices... 
Warning: asx0 using MAC address from net device
1 Ethernet Device(s) found
Tegra124 (Nyan-big) # setenv bootargs 'ignore_loglevel console=ttyS0,115200n8 rw root=PARTUUID=4d36e82a-b3c0-4b4b-bfcd-afe5217ac023 rootwait gpt debug noinitrd earlyprintk init=/bin/bash'
Tegra124 (Nyan-big) # setenv ipaddr 192.168.100.102; setenv serverip 192.168.100.1; setenv tftpserverip 192.168.100.1
Tegra124 (Nyan-big) # tftpboot 0x82000000 zImage.tegra_defconfig
Using asx0 device
TFTP from server 192.168.100.1; our IP address is 192.168.100.102
Filename 'zImage.tegra_defconfig'.
Load address: 0x82000000
Loading: *#################################################################
	 #################################################################
	 #################################################################
	 #################################################################
	 #################################################################
	 #####################################################
	 3.5 MiB/s
done
Bytes transferred = 5547720 (54a6c8 hex)
Tegra124 (Nyan-big) # tftpboot 0x83000000 tegra124-nyan-big.dtb
Using asx0 device
TFTP from server 192.168.100.1; our IP address is 192.168.100.102
Filename 'tegra124-nyan-big.dtb'.
Load address: 0x83000000
Loading: *#####
	 3.4 MiB/s
done
Bytes transferred = 66901 (10555 hex)
Tegra124 (Nyan-big) # bootz 0x82000000 - 0x83000000
Kernel image @ 0x82000000 [ 0x000000 - 0x54a6c8 ]
## Flattened Device Tree blob at 83000000
   Booting using the fdt blob at 0x83000000
   Using Device Tree in place at 83000000, end 83013554

Starting kernel ...

[    2.505437] console [ttyS0] enabled
[    2.508914] bootconsole [earlycon0] disabled
[    2.514249] [drm] Initialized drm 1.1.0 20060810
[    2.519585] tegra-hdmi 54280000.hdmi: failed to get HDMI regulator
[    2.526187] tegra-dpaux 545c0000.dpaux: failed to get VDD supply: -517
[    2.533482] panel supply power not found, using dummy regulator
[    2.564842] loop: module loaded
[    2.568592] as3722 4-0040: AS3722 with revision 0x1 found
[    2.578790] as3722-sd2: supplied by +5V_SYS
[    2.583298] as3722-sd3: supplied by +5V_SYS
[    2.587649] +1.35V_LP0(sd3): Bringing 0uV into 1350000-1350000uV
[    2.593909] as3722-sd4: supplied by +5V_SYS
[    2.598253] +1.05V_RUN: Bringing 0uV into 1050000-1050000uV
[    2.604079] as3722-sd5: supplied by +5V_SYS
[    2.609863] as3722-ldo0: supplied by +1.35V_LP0(sd2)
[    2.615699] +1.8V_RUN_CAM: Bringing 0uV into 1800000-1800000uV
[    2.621805] as3722-ldo2: supplied by +1.8V_VDDIO
[    2.627533] as3722-ldo3: supplied by +3.3V_SYS
[    2.631984] +1.00V_LP0_VDD_RTC: Bringing 1100000uV into 1000000-1000000uV
[    2.639650] as3722-ldo4: supplied by +3.3V_SYS
[    2.644246] +3.3V_RUN_CAM: Bringing 0uV into 2800000-2800000uV
[    2.650359] as3722-ldo5: supplied by +1.8V_VDDIO
[    2.655141] +1.2V_RUN_CAM_FRONT: Bringing 0uV into 1200000-1200000uV
[    2.661921] +VDDIO_SDMMC3: Bringing 0uV into 1800000-1800000uV
[    2.668056] as3722-ldo7: supplied by +1.8V_VDDIO
[    2.672829] +1.05V_RUN_CAM_REAR: Bringing 0uV into 1050000-1050000uV
[    2.679476] as3722-ldo9: supplied by +5V_SYS
[    2.684046] +2.8V_RUN_TOUCH: Bringing 0uV into 2800000-2800000uV
[    2.690349] as3722-ldo10: supplied by +5V_SYS
[    2.694865] +2.8V_RUN_CAM_AF: Bringing 0uV into 2800000-2800000uV
[    2.701401] +1.8V_RUN_VPP_FUSE: Bringing 0uV into 1800000-1800000uV
[    2.741772] cros-ec-spi spi32766.0: Chrome EC device registered
[    2.757225] m25p80 spi32765.0: w25q32dw (4096 Kbytes)
[    2.763422] CAN device driver interface
[    2.767299] igb: Intel(R) Gigabit Ethernet Network Driver - version 5.3.0-k
[    2.774241] igb: Copyright (c) 2007-2014 Intel Corporation.
[    2.779924] pegasus: v0.9.3 (2013/04/25), Pegasus/Pegasus II USB Ethernet driver
[    2.787369] usbcore: registered new interface driver pegasus
[    2.793066] usbcore: registered new interface driver asix
[    2.798505] usbcore: registered new interface driver ax88179_178a
[    2.804637] usbcore: registered new interface driver cdc_ether
[    2.810509] usbcore: registered new interface driver smsc75xx
[    2.816303] usbcore: registered new interface driver smsc95xx
[    2.822072] usbcore: registered new interface driver net1080
[    2.827762] usbcore: registered new interface driver cdc_subset
[    2.833703] usbcore: registered new interface driver zaurus
[    2.839323] usbcore: registered new interface driver cdc_ncm
[    2.845074] ehci_hcd: USB 2.0 'Enhanced' Host Controller (EHCI) Driver
[    2.851584] ehci-pci: EHCI PCI platform driver
[    2.856064] tegra-ehci: Tegra EHCI driver
[    2.860407] usbcore: registered new interface driver cdc_acm
[    2.866057] cdc_acm: USB Abstract Control Model driver for USB modems and ISDN adapters
[    2.874079] usbcore: registered new interface driver cdc_wdm
[    2.879785] usbcore: registered new interface driver usb-storage
[    2.886047] mousedev: PS/2 mouse device common for all mice
[    2.891924] input: cros_ec as /devices/soc0/7000d400.spi/spi_master/spi32766/spi32766.0/7000d400.spi:cros-ec@0:keyboard-controller/input/input0
[    2.906959] as3722-rtc as3722-rtc: rtc core: registered as3722-rtc as rtc0
[    2.913816] as3722-rtc as3722-rtc: RTC interrupt 370
[    2.920641] tegra_rtc 7000e000.rtc: rtc core: registered 7000e000.rtc as rtc1
[    2.927796] tegra_rtc 7000e000.rtc: Tegra internal Real Time Clock
[    2.934100] i2c /dev entries driver
[    2.938344] usbcore: registered new interface driver uvcvideo
[    2.944074] USB Video Class driver (1.1.1)
[    2.948165] gspca_main: v2.14.0 registered
[    2.952552] 0-004c supply vcc not found, using dummy regulator
[    2.960333] tegra-wdt 60005000.timer: initialized (heartbeat = 120 sec, nowayout = 0)
[    2.968758] sdhci: Secure Digital Host Controller Interface driver
[    2.974933] sdhci: Copyright(c) Pierre Ossman
[    2.979275] sdhci-pltfm: SDHCI platform and OF driver helper
[    2.985080] sdhci-tegra 700b0000.sdhci: allocated mmc-pwrseq
[    2.990738] mmc0: Unknown controller version (3). You may experience problems.
[    2.998132] sdhci-tegra 700b0400.sdhci: Got CD GPIO
[    3.003003] sdhci-tegra 700b0400.sdhci: Got WP GPIO
[    3.007901] mmc0: Unknown controller version (3). You may experience problems.
[    3.015255] mmc0: Unknown controller version (3). You may experience problems.
[    3.022493] mmc0: Invalid maximum block size, assuming 512 bytes
[    3.064578] mmc0: SDHCI controller on 700b0600.sdhci [700b0600.sdhci] using ADMA 64-bit
[    3.075064] usbcore: registered new interface driver usbhid
[    3.083673] usbhid: USB HID core driver
[    3.094571] tegra30-i2s 70301100.i2s: DMA channels sourced from device 70300000.ahub
[    3.125024] max98090 0-0010: MAX98090 REVID=0x43
[    3.131475] max98090 0-0010: use default 2.8v micbias
[    3.135039] mmc0: new high speed MMC card at address 0001
[    3.144497] tegra-snd-max98090 sound: HiFi <-> 70301100.i2s mapping ok
[    3.151056] mmcblk0: mmc0:0001 MMC16G 14.4 GiB 
[    3.152569] input: GoogleNyanBig Headphones as /devices/soc0/sound/sound/card1/input1
[    3.152892] input: GoogleNyanBig Mic Jack as /devices/soc0/sound/sound/card1/input2
[    3.171217] mmcblk0boot0: mmc0:0001 MMC16G partition 1 2.00 MiB
[    3.187312] mmcblk0boot1: mmc0:0001 MMC16G partition 2 2.00 MiB
[    3.193359] mmcblk0rpmb: mmc0:0001 MMC16G partition 3 128 KiB
[    3.202103]  mmcblk0: p1 p2 p3 p4 p5 p6 p7 p8 p9 p10 p11 p12
[    3.414547] NET: Registered protocol family 10
[    3.574558] mip6: Mobile IPv6
[    3.577519] sit: IPv6 over IPv4 tunneling driver
[    3.583175] NET: Registered protocol family 17
[    3.587630] NET: Registered protocol family 15
[    3.592061] can: controller area network core (rev 20120528 abi 9)
[    3.598572] input: tegra-hda HDMI/DP,pcm=3 as /devices/soc0/70030000.hda/sound/card0/input3
[    3.624585] NET: Registered protocol family 29
[    3.629016] can: raw protocol (rev 20120528)
[    3.633273] can: broadcast manager protocol (rev 20120528 t)
[    3.638931] can: netlink gateway (rev 20130117) max_hops=1
[    3.664593] Bluetooth: RFCOMM socket layer initialized
[    3.669727] Bluetooth: RFCOMM ver 1.11
[    3.673470] Bluetooth: BNEP (Ethernet Emulation) ver 1.3
[    3.678777] Bluetooth: BNEP socket layer initialized
[    3.683727] Bluetooth: HIDP (Human Interface Emulation) ver 1.2
[    3.689640] Bluetooth: HIDP socket layer initialized
[    3.694741] Key type dns_resolver registered
[    3.699459] Registering SWP/SWPB emulation handler
[    3.705300] +3.3V_RUN: supplied by +3.3V_SYS
[    3.710224] +3.3V_AVDD_HDMI_AP_GATED: supplied by +3.3V_RUN
[    3.715876] +1.8V_RUN_CAM: supplied by +3.3V_RUN
[    3.720584] +VDDIO_SDMMC3: supplied by +3.3V_RUN
[    3.725289] +1.8V_RUN_VPP_FUSE: supplied by +3.3V_RUN
[    3.730556] +VDD_LED: supplied by +VDD_MUX
[    3.735016] +5V_VDD_TS_SW: supplied by +5V_SYS
[    3.739666] +5V_USB_HS: supplied by +5V_SYS
[    3.744051] +5V_USB_SS: supplied by +5V_SYS
[    3.749332] +3.3V_PANEL: supplied by +3.3V_RUN
[    3.754865] +3.3V_LP0: supplied by +3.3V_SYS
[    3.759994] +1.05V_RUN_AVDD_HDMI_PLL: supplied by +1.05V_RUN
[    3.766066] +5V_HDMI_CON: supplied by +5V_SYS
[    3.771568] usb3-0 supply vbus not found, using dummy regulator
[    3.777582] usb3-1 supply vbus not found, using dummy regulator
[    3.786320] tegra-sor 54540000.sor: failed to probe output: -517
[    3.792529] panel supply power not found, using dummy regulator
[    3.855264] tegra-xusb 70090000.usb: Firmware timestamp: 2014-09-16 02:10:07 UTC
[    3.862673] tegra-xusb 70090000.usb: xHCI Host Controller
[    3.868094] tegra-xusb 70090000.usb: new USB bus registered, assigned bus number 1
[    3.877654] tegra-xusb 70090000.usb: hcc params 0x0184f525 hci version 0x100 quirks 0x00010010
[    3.886290] tegra-xusb 70090000.usb: irq 342, io mem 0x70090000
[    3.893013] hub 1-0:1.0: USB hub found
[    3.896862] hub 1-0:1.0: 6 ports detected
[    3.901587] tegra-xusb 70090000.usb: xHCI Host Controller
[    3.907041] tegra-xusb 70090000.usb: new USB bus registered, assigned bus number 2
[    3.914726] usb usb2: We don't know the algorithms for LPM for this host, disabling LPM.
[    3.923556] hub 2-0:1.0: USB hub found
[    3.927394] hub 2-0:1.0: 2 ports detected
[    3.932526] sdhci-tegra 700b0000.sdhci: allocated mmc-pwrseq
[    3.938262] mmc1: Unknown controller version (3). You may experience problems.
[    3.945705] mmc1: Invalid maximum block size, assuming 512 bytes
[    3.952270] +1.8V_VDDIO: voltage operation not allowed
[    3.957461] mmc1: Switching to 3.3V signalling voltage failed
[    3.994831] mmc1: SDHCI controller on 700b0000.sdhci [700b0000.sdhci] using ADMA 64-bit
[    4.003083] sdhci-tegra 700b0400.sdhci: Got CD GPIO
[    4.010104] sdhci-tegra 700b0400.sdhci: Got WP GPIO
[    4.018139] mmc2: Unknown controller version (3). You may experience problems.
[    4.025821] mmc2: Invalid maximum block size, assuming 512 bytes
[    4.064797] mmc1: new high speed SDIO card at address 0001
[    4.074671] mmc2: SDHCI controller on 700b0400.sdhci [700b0400.sdhci] using ADMA 64-bit
[    4.179761] [drm] Supports vblank timestamp caching Rev 2 (21.10.2013).
[    4.186383] [drm] No driver support for vblank timestamp query.
[    4.224574] usb 1-2: new high-speed USB device number 2 using tegra-xusb
[    4.226189] mmc2: new high speed SDHC card at address 0007
[    4.226882] mmcblk2: mmc2:0007 SD08G 7.42 GiB 
[    4.235688] GPT:Primary header alternate_lba != Alt. header my_lba
[    4.235692] GPT:3014591 != 15564799
[    4.235694] GPT:Primary header thinks Alt. header is not at the end of the disk.
[    4.235695] GPT:3014591 != 15564799
[    4.235695] GPT: Use GNU Parted to correct GPT errors.
[    4.235722]  mmcblk2: p1 p2 p3 p4 p5 p6 p7 p8 p9 p10 p11 p12
[    4.248387] Console: switching to colour frame buffer device 170x48
[    4.306495] drm drm: fb0:  frame buffer device
[    4.334644] [drm] Initialized tegra 0.0.0 20120330 on minor 0
[    4.341127] input: gpio-keys as /devices/soc0/gpio-keys/input/input4
[    4.348438] as3722-rtc as3722-rtc: setting system clock to 2000-01-01 00:00:24 UTC (946684824)
[    4.362640] +1.8V_RUN_CAM: disabling
[    4.366469] +1.2V_RUN_CAM_FRONT: disabling
[    4.370769] +1.05V_RUN_CAM_REAR: disabling
[    4.375096] +2.8V_RUN_TOUCH: disabling
[    4.379047] +2.8V_RUN_CAM_AF: disabling
[    4.383084] +1.8V_RUN_VPP_FUSE: disabling
[    4.387334] +5V_VDD_TS_SW: disabling
[    4.391097] ALSA device list:
[    4.394057]   #0: tegra-hda at 0x70038000 irq 341
[    4.398778]   #1: GoogleNyanBig
[    4.402708] EXT4-fs (mmcblk0p3): couldn't mount as ext3 due to feature incompatibilities
[    4.504863] uvcvideo: Found UVC 1.00 device HD WebCam (1bcf:2c67)
[    4.519787] input: HD WebCam as /devices/soc0/70090000.usb/usb1/1-2/1-2:1.0/input/input5
[    4.685009] EXT4-fs (mmcblk0p3): recovery complete
[    4.690603] EXT4-fs (mmcblk0p3): mounted filesystem with ordered data mode. Opts: (null)
[    4.698745] VFS: Mounted root (ext4 filesystem) on device 179:3.
[    4.705875] devtmpfs: mounted
[    4.709283] Freeing unused kernel memory: 1024K (c0c00000 - c0d00000)
bash: cannot set terminal process group (-1): Inappropriate ioctl for device
bash: no job control in this shell
[    4.804633] usb 1-3: new high-speed USB device number 3 using tegra-xusb
root@(none):/# [    5.848745] asix 1-3:1.0 eth0: register 'asix' at usb-70090000.usb-3, ASIX AX88772 USB 2.0 Ethernet, c8:d7:19:90:fa:65
[    6.134633] usb 1-1: new high-speed USB device number 4 using tegra-xusb
[    6.283168] usb-storage 1-1:1.0: USB Mass Storage device detected
[    6.289898] scsi host0: usb-storage 1-1:1.0
[    7.356528] scsi 0:0:0:0: Direct-Access     SanDisk  SDDR-113         9412 PQ: 0 ANSI: 0
[    7.529132] sd 0:0:0:0: [sda] 15523840 512-byte logical blocks: (7.95 GB/7.40 GiB)
[    7.538023] sd 0:0:0:0: [sda] Write Protect is off
[    7.542806] sd 0:0:0:0: [sda] Mode Sense: 03 00 00 00
[    7.548955] sd 0:0:0:0: [sda] No Caching mode page found
[    7.554256] sd 0:0:0:0: [sda] Assuming drive cache: write through
[    7.579151]  sda: sda1 sda2 sda3 sda4 sda5 sda6 sda7 sda8 sda9 sda10 sda11 sda12 sda13
[    7.592688] sd 0:0:0:0: [sda] Attached SCSI removable disk
mount -t sysfs none /sys
root@(none):/# 
root@(none):/# mount -t debugfs none /sys/kernel/debug
root@(none):/# 
root@(none):/# rtcwake -d rtc1 -m mem -s 3
rtcwake: assuming RTC uses UTC ...
rtcwake: wakeup from "mem" using /dev/rtc1 at Thu Jan  1 00:00:53 1970
[   31.865088] PM: Syncing filesystems ... done.
[   31.875051] Freezing user space processes ... (elapsed 0.001 seconds) done.
[   31.883211] Double checking all user space processes after OOM killer disable... (elapsed 0.000 seconds) 
[   31.892857] Freezing remaining freezable tasks ... (elapsed 0.001 seconds) done.
[   31.901493] Suspending console(s) (use no_console_suspend to debug)
[   32.085952] PM: suspend of devices complete after 177.609 msecs
[   32.087262] PM: late suspend of devices complete after 1.300 msecs
[   32.088077] PM: noirq suspend of devices complete after 0.810 msecs
[   32.088079] Disabling non-boot CPUs ...
[   32.114905] CPU1: shutdown
[   32.194724] IRQ17 no longer affine to CPU2
[   32.194900] CPU2: shutdown
[   32.254917] CPU3: shutdown
[   32.285363] Entering suspend state LP1
[   32.285376] Enabling non-boot CPUs ...
[   32.335687] CPU1 is up
[   32.385873] CPU2 is up
[   32.436098] CPU3 is up
[   32.436730] PM: noirq resume of devices complete after 0.628 msecs
[   32.438064] PM: early resume of devices complete after 0.832 msecs
[   32.469365] +1.8V_VDDIO: voltage operation not allowed
[   32.469368] mmc1: Switching to 3.3V signalling voltage failed
[   32.624967] usb 1-1: reset high-speed USB device number 4 using tegra-xusb
[   32.771639] PM: resume of devices complete after 333.565 msecs
[   32.857241] Restarting tasks ... done.
root@(none):/# 
root@(none):/# rtcwake -d rtc1 -m mem -s 3
rtcwake: assuming RTC uses UTC ...
rtcwake: wakeup from "mem" using /dev/rtc1 at Thu Jan  1 00:00:58 1970
[   33.875344] PM: Syncing filesystems ... done.
[   33.885032] Freezing user space processes ... (elapsed 0.001 seconds) done.
[   33.893229] Double checking all user space processes after OOM killer disable... (elapsed 0.000 seconds) 
[   33.902896] Freezing remaining freezable tasks ... (elapsed 0.001 seconds) done.
[   33.911635] Suspending console(s) (use no_console_suspend to debug)
[   34.095982] PM: suspend of devices complete after 177.485 msecs
[   34.097136] PM: late suspend of devices complete after 1.145 msecs
[   34.097999] PM: noirq suspend of devices complete after 0.858 msecs
[   34.098001] Disabling non-boot CPUs ...
[   34.124891] CPU1: shutdown
[   34.194879] CPU2: shutdown
[   34.254668] IRQ17 no longer affine to CPU3
[   34.254845] CPU3: shutdown
[   34.285336] Entering suspend state LP1
[   34.285362] Enabling non-boot CPUs ...
[   34.335672] CPU1 is up
[   34.385847] CPU2 is up
[   34.436069] CPU3 is up
[   34.436664] PM: noirq resume of devices complete after 0.590 msecs
[   34.438572] PM: early resume of devices complete after 1.400 msecs
[   34.469864] +1.8V_VDDIO: voltage operation not allowed
[   34.469868] mmc1: Switching to 3.3V signalling voltage failed
[   34.624933] usb 1-1: reset high-speed USB device number 4 using tegra-xusb
[   34.771398] PM: resume of devices complete after 332.815 msecs
[   34.857009] Restarting tasks ... done.
root@(none):/# 
root@(none):/# rtcwake -d rtc1 -m mem -s 3
rtcwake: assuming RTC uses UTC ...
rtcwake: wakeup from "mem" using /dev/rtc1 at Thu Jan  1 00:01:03 1970
[   35.875157] PM: Syncing filesystems ... done.
[   35.884558] Freezing user space processes ... (elapsed 0.001 seconds) done.
[   35.892681] Double checking all user space processes after OOM killer disable... (elapsed 0.000 seconds) 
[   35.902282] Freezing remaining freezable tasks ... (elapsed 0.001 seconds) done.
[   35.911019] Suspending console(s) (use no_console_suspend to debug)
[   36.095902] PM: suspend of devices complete after 178.027 msecs
[   36.096790] PM: late suspend of devices complete after 0.884 msecs
[   36.097605] PM: noirq suspend of devices complete after 0.811 msecs
[   36.097607] Disabling non-boot CPUs ...
[   36.124865] CPU1: shutdown
[   36.194856] CPU2: shutdown
[   36.254817] CPU3: shutdown
[   36.285317] Entering suspend state LP1
[   36.285343] Enabling non-boot CPUs ...
[   36.335637] CPU1 is up
[   36.385815] CPU2 is up
[   36.436043] CPU3 is up
[   36.436627] PM: noirq resume of devices complete after 0.580 msecs
[   36.438682] PM: early resume of devices complete after 1.560 msecs
[   36.469670] +1.8V_VDDIO: voltage operation not allowed
[   36.469678] mmc1: Switching to 3.3V signalling voltage failed
[   36.624903] usb 1-1: reset high-speed USB device number 4 using tegra-xusb
[   36.771328] PM: resume of devices complete after 332.636 msecs
[   36.852806] Restarting tasks ... done.
root@(none):/# 
root@(none):/# rtcwake -d rtc1 -m mem -s 3
rtcwake: assuming RTC uses UTC ...
rtcwake: wakeup from "mem" using /dev/rtc1 at Thu Jan  1 00:01:08 1970
[   37.864824] PM: Syncing filesystems ... done.
[   37.874201] Freezing user space processes ... (elapsed 0.001 seconds) done.
[   37.882324] Double checking all user space processes after OOM killer disable... (elapsed 0.000 seconds) 
[   37.891990] Freezing remaining freezable tasks ... (elapsed 0.001 seconds) done.
[   37.900650] Suspending console(s) (use no_console_suspend to debug)
[   38.095876] PM: suspend of devices complete after 188.367 msecs
[   38.096770] PM: late suspend of devices complete after 0.890 msecs
[   38.097592] PM: noirq suspend of devices complete after 0.819 msecs
[   38.097594] Disabling non-boot CPUs ...
[   38.124842] CPU1: shutdown
[   38.194830] CPU2: shutdown
[   38.264795] CPU3: shutdown
[   38.295288] Entering suspend state LP1
[   38.295313] Enabling non-boot CPUs ...
[   38.345622] CPU1 is up
[   38.395791] CPU2 is up
[   38.446015] CPU3 is up
[   38.446617] PM: noirq resume of devices complete after 0.597 msecs
[   38.448557] PM: early resume of devices complete after 1.428 msecs
[   38.479515] +1.8V_VDDIO: voltage operation not allowed
[   38.479521] mmc1: Switching to 3.3V signalling voltage failed
[   38.546742] PM: resume of devices complete after 98.175 msecs
[   38.621380] Restarting tasks ... done.
root@(none):/# 
root@(none):/# rtcwake -d rtc1 -m mem -s 3
rtcwake: assuming RTC uses UTC ...
rtcwake: wakeup from "mem" using /dev/rtc1 at Thu Jan  1 00:01:13 1970
[   39.874807] PM: Syncing filesystems ... done.
[   39.884346] Freezing user space processes ... (elapsed 0.001 seconds) done.
[   39.892569] Double checking all user space processes after OOM killer disable... (elapsed 0.000 seconds) 
[   39.902236] Freezing remaining freezable tasks ... (elapsed 0.001 seconds) done.
[   39.910896] Suspending console(s) (use no_console_suspend to debug)
[   40.105907] PM: suspend of devices complete after 188.155 msecs
[   40.107524] PM: late suspend of devices complete after 1.607 msecs
[   40.108427] PM: noirq suspend of devices complete after 0.898 msecs
[   40.108429] Disabling non-boot CPUs ...
[   40.134810] CPU1: shutdown
[   40.204626] IRQ17 no longer affine to CPU2
[   40.204806] CPU2: shutdown
[   40.264764] CPU3: shutdown
[   40.295264] Entering suspend state LP1
[   40.295290] Enabling non-boot CPUs ...
[   40.345592] CPU1 is up
[   40.395776] CPU2 is up
[   40.445988] CPU3 is up
[   40.446581] PM: noirq resume of devices complete after 0.589 msecs
[   40.448408] PM: early resume of devices complete after 1.337 msecs
[   40.479724] +1.8V_VDDIO: voltage operation not allowed
[   40.479728] mmc1: Switching to 3.3V signalling voltage failed
[   40.634846] usb 1-1: reset high-speed USB device number 4 using tegra-xusb
[   40.781171] PM: resume of devices complete after 332.753 msecs
[   40.866762] Restarting tasks ... done.
root@(none):/# 
root@(none):/# rtcwake -d rtc1 -m mem -s 3
rtcwake: assuming RTC uses UTC ...
rtcwake: wakeup from "mem" using /dev/rtc1 at Thu Jan  1 00:01:18 1970
[   41.874777] PM: Syncing filesystems ... done.
[   41.884315] Freezing user space processes ... (elapsed 0.001 seconds) done.
[   41.892535] Double checking all user space processes after OOM killer disable... (elapsed 0.000 seconds) 
[   41.902200] Freezing remaining freezable tasks ... (elapsed 0.001 seconds) done.
[   41.910860] Suspending console(s) (use no_console_suspend to debug)
[   42.105880] PM: suspend of devices complete after 188.157 msecs
[   42.107563] PM: late suspend of devices complete after 1.674 msecs
[   42.108371] PM: noirq suspend of devices complete after 0.803 msecs
[   42.108373] Disabling non-boot CPUs ...
[   42.134610] IRQ17 no longer affine to CPU1
[   42.134789] CPU1: shutdown
[   42.214781] CPU2: shutdown
[   42.274740] CPU3: shutdown
[   42.305240] Entering suspend state LP1
[   42.305266] Enabling non-boot CPUs ...
[   42.355567] CPU1 is up
[   42.405738] CPU2 is up
[   42.455965] CPU3 is up
[   42.456552] PM: noirq resume of devices complete after 0.582 msecs
[   42.458408] PM: early resume of devices complete after 1.355 msecs
[   42.489541] +1.8V_VDDIO: voltage operation not allowed
[   42.489544] mmc1: Switching to 3.3V signalling voltage failed
[   42.547219] random: nonblocking pool is initialized
[   42.644826] usb 1-1: reset high-speed USB device number 4 using tegra-xusb
[   42.791183] PM: resume of devices complete after 332.765 msecs
[   42.881597] Restarting tasks ... done.
root@(none):/# 
root@(none):/# rtcwake -d rtc1 -m mem -s 3
rtcwake: assuming RTC uses UTC ...
rtcwake: wakeup from "mem" using /dev/rtc1 at Thu Jan  1 00:01:23 1970
[   43.884756] PM: Syncing filesystems ... done.
[   43.894289] Freezing user space processes ... (elapsed 0.001 seconds) done.
[   43.902491] Double checking all user space processes after OOM killer disable... (elapsed 0.000 seconds) 
[   43.912157] Freezing remaining freezable tasks ... (elapsed 0.001 seconds) done.
[   43.920816] Suspending console(s) (use no_console_suspend to debug)
[   44.115802] PM: suspend of devices complete after 188.133 msecs
[   44.116694] PM: late suspend of devices complete after 0.888 msecs
[   44.117509] PM: noirq suspend of devices complete after 0.811 msecs
[   44.117511] Disabling non-boot CPUs ...
[   44.144767] CPU1: shutdown
[   44.214757] CPU2: shutdown
[   44.274709] CPU3: shutdown
[   44.305216] Entering suspend state LP1
[   44.305242] Enabling non-boot CPUs ...
[   44.355548] CPU1 is up
[   44.405719] CPU2 is up
[   44.455942] CPU3 is up
[   44.456522] PM: noirq resume of devices complete after 0.575 msecs
[   44.458296] PM: early resume of devices complete after 1.273 msecs
[   44.489391] +1.8V_VDDIO: voltage operation not allowed
[   44.489394] mmc1: Switching to 3.3V signalling voltage failed
[   44.556324] PM: resume of devices complete after 98.019 msecs
[   44.630836] Restarting tasks ... done.
root@(none):/# 
root@(none):/# rtcwake -d rtc1 -m mem -s 3
rtcwake: assuming RTC uses UTC ...
rtcwake: wakeup from "mem" using /dev/rtc1 at Thu Jan  1 00:01:28 1970
[   45.884733] PM: Syncing filesystems ... done.
[   45.894268] Freezing user space processes ... (elapsed 0.001 seconds) done.
[   45.902492] Double checking all user space processes after OOM killer disable... (elapsed 0.000 seconds) 
[   45.912158] Freezing remaining freezable tasks ... (elapsed 0.001 seconds) done.
[   45.920818] Suspending console(s) (use no_console_suspend to debug)
[   46.115832] PM: suspend of devices complete after 188.155 msecs
[   46.116849] PM: late suspend of devices complete after 1.009 msecs
[   46.117702] PM: noirq suspend of devices complete after 0.849 msecs
[   46.117705] Disabling non-boot CPUs ...
[   46.144745] CPU1: shutdown
[   46.214727] CPU2: shutdown
[   46.284688] CPU3: shutdown
[   46.315196] Entering suspend state LP1
[   46.315222] Enabling non-boot CPUs ...
[   46.365522] CPU1 is up
[   46.415691] CPU2 is up
[   46.465913] CPU3 is up
[   46.466459] PM: noirq resume of devices complete after 0.541 msecs
[   46.468410] PM: early resume of devices complete after 1.432 msecs
[   46.499497] +1.8V_VDDIO: voltage operation not allowed
[   46.499501] mmc1: Switching to 3.3V signalling voltage failed
[   46.654783] usb 1-1: reset high-speed USB device number 4 using tegra-xusb
[   46.801622] PM: resume of devices complete after 333.202 msecs
[   46.883083] Restarting tasks ... done.
root@(none):/# 
root@(none):/# rtcwake -d rtc1 -m mem -s 3
rtcwake: assuming RTC uses UTC ...
rtcwake: wakeup from "mem" using /dev/rtc1 at Thu Jan  1 00:01:33 1970
[   47.894719] PM: Syncing filesystems ... done.
[   47.904248] Freezing user space processes ... (elapsed 0.001 seconds) done.
[   47.912474] Double checking all user space processes after OOM killer disable... (elapsed 0.000 seconds) 
[   47.922138] Freezing remaining freezable tasks ... (elapsed 0.001 seconds) done.
[   47.930796] Suspending console(s) (use no_console_suspend to debug)
[   48.125751] PM: suspend of devices complete after 188.098 msecs
[   48.126640] PM: late suspend of devices complete after 0.886 msecs
[   48.127456] PM: noirq suspend of devices complete after 0.812 msecs
[   48.127458] Disabling non-boot CPUs ...
[   48.154717] CPU1: shutdown
[   48.224701] CPU2: shutdown
[   48.284666] CPU3: shutdown
[   48.315169] Entering suspend state LP1
[   48.315195] Enabling non-boot CPUs ...
[   48.365493] CPU1 is up
[   48.415671] CPU2 is up
[   48.465903] CPU3 is up
[   48.466428] PM: noirq resume of devices complete after 0.521 msecs
[   48.468353] PM: early resume of devices complete after 1.407 msecs
[   48.499663] +1.8V_VDDIO: voltage operation not allowed
[   48.499669] mmc1: Switching to 3.3V signalling voltage failed
[   48.568562] PM: resume of devices complete after 100.198 msecs
[   48.643196] Restarting tasks ... done.
root@(none):/# 
root@(none):/# rtcwake -d rtc1 -m mem -s 3
rtcwake: assuming RTC uses UTC ...
rtcwake: wakeup from "mem" using /dev/rtc1 at Thu Jan  1 00:01:38 1970
[   49.894678] PM: Syncing filesystems ... done.
[   49.904056] Freezing user space processes ... (elapsed 0.001 seconds) done.
[   49.912269] Double checking all user space processes after OOM killer disable... (elapsed 0.000 seconds) 
[   49.921935] Freezing remaining freezable tasks ... (elapsed 0.001 seconds) done.
[   49.930597] Suspending console(s) (use no_console_suspend to debug)
[   50.125726] PM: suspend of devices complete after 188.272 msecs
[   50.126618] PM: late suspend of devices complete after 0.888 msecs
[   50.127436] PM: noirq suspend of devices complete after 0.814 msecs
[   50.127437] Disabling non-boot CPUs ...
[   50.154692] CPU1: shutdown
[   50.234679] CPU2: shutdown
[   50.294640] CPU3: shutdown
[   50.325137] Entering suspend state LP1
[   50.325164] Enabling non-boot CPUs ...
[   50.375472] CPU1 is up
[   50.425650] CPU2 is up
[   50.475876] CPU3 is up
[   50.476402] PM: noirq resume of devices complete after 0.522 msecs
[   50.478393] PM: early resume of devices complete after 1.484 msecs
[   50.510111] +1.8V_VDDIO: voltage operation not allowed
[   50.510114] mmc1: Switching to 3.3V signalling voltage failed
[   50.664645] usb 1-1: reset high-speed USB device number 4 using tegra-xusb
[   50.810784] PM: resume of devices complete after 332.381 msecs
[   50.892251] Restarting tasks ... done.
root@(none):/# 
root@(none):/# NVTB SYSTEM SUSPEND TEST COMPLETE
