

U-Boot 2015.04-00466-gedec83e90172 (Mar 14 2016 - 10:42:01)

TEGRA124
Model: Acer Chromebook 13 CB5-311
DRAM:  4 GiB
:   Tegra SD/MMC: 0, Tegra SD/MMC: 1, Tegra SD/MMC: 2
MMC init failed
Using default environment

In:    serial
Out:   serial
Err:   serial
Net:   Net Initialization Skipped
No ethernet found.
Hit any key to stop autoboot:  2  0 
Tegra124 (Nyan-big) # 
Tegra124 (Nyan-big) # usb start
starting USB...
USB0:   USB EHCI 1.10
scanning bus 0 for devices... 2 USB Device(s) found
USB1:   USB EHCI 1.10
scanning bus 1 for devices... 2 USB Device(s) found
       scanning usb for storage devices... 1 Storage Device(s) found
       scanning usb for ethernet devices... 
Warning: asx0 using MAC address from net device
1 Ethernet Device(s) found
Tegra124 (Nyan-big) # setenv bootargs 'ignore_loglevel console=ttyS0,115200n8 rw root=PARTUUID=4d36e82a-b3c0-4b4b-bfcd-afe5217ac023 rootwait gpt debug noinitrd earlyprintk init=/bin/bash'
Tegra124 (Nyan-big) # setenv ipaddr 192.168.100.102; setenv serverip 192.168.100.1; setenv tftpserverip 192.168.100.1
Tegra124 (Nyan-big) # tftpboot 0x82000000 zImage.multi_v7_defconfig
Using asx0 device
TFTP from server 192.168.100.1; our IP address is 192.168.100.102
Filename 'zImage.multi_v7_defconfig'.
Load address: 0x82000000
Loading: *#################################################################
	 #################################################################
	 #################################################################
	 #################################################################
	 #################################################################
	 #################################################################
	 #################################################################
	 #############################
	 2.8 MiB/s
done
Bytes transferred = 7100312 (6c5798 hex)
Tegra124 (Nyan-big) # tftpboot 0x83000000 tegra124-nyan-big.dtb
Using asx0 device
TFTP from server 192.168.100.1; our IP address is 192.168.100.102
Filename 'tegra124-nyan-big.dtb'.
Load address: 0x83000000
Loading: *#####
	 2.7 MiB/s
done
Bytes transferred = 66821 (10505 hex)
Tegra124 (Nyan-big) # bootz 0x82000000 - 0x83000000
Kernel image @ 0x82000000 [ 0x000000 - 0x6c5798 ]
## Flattened Device Tree blob at 83000000
   Booting using the fdt blob at 0x83000000
   Using Device Tree in place at 83000000, end 83013504

Starting kernel ...

[    0.000000] Booting Linux on physical CPU 0x0
[    0.000000] Linux version 4.8.0-rc8-111539-g08895a8 (pwalmsley@sellafield) (gcc version 4.7.3 20130328 (prerelease) (crosstool-NG linaro-1.13.1-4.7-2013.04-20130415 - Linaro GCC 2013.04) ) #1 SMP Sun Sep 25 19:05:05 PDT 2016
[    0.000000] CPU: ARMv7 Processor [413fc0f3] revision 3 (ARMv7), cr=10c5387d
[    0.000000] CPU: div instructions available: patching division code
[    0.000000] CPU: PIPT / VIPT nonaliasing data cache, PIPT instruction cache
[    0.000000] OF: fdt:Machine model: Acer Chromebook 13 CB5-311
[    0.000000] OF: fdt:Ignoring memory range 0x100000000 - 0x17ffff000
[    0.000000] debug: ignoring loglevel setting.
[    0.000000] cma: Reserved 64 MiB at 0xfb800000
[    0.000000] Memory policy: Data cache writealloc
[    0.000000] On node 0 totalpages: 524287
[    0.000000] free_area_init_node: node 0, pgdat c141d380, node_mem_map eeff8000
[    0.000000]   DMA zone: 1536 pages used for memmap
[    0.000000]   DMA zone: 0 pages reserved
[    0.000000]   DMA zone: 196608 pages, LIFO batch:31
[    0.000000]   HighMem zone: 327679 pages, LIFO batch:31
[    0.000000] percpu: Embedded 14 pages/cpu @eef85000 s25984 r8192 d23168 u57344
[    0.000000] pcpu-alloc: s25984 r8192 d23168 u57344 alloc=14*4096
[    0.000000] pcpu-alloc: [0] 0 [0] 1 [0] 2 [0] 3 
[    0.000000] Built 1 zonelists in Zone order, mobility grouping on.  Total pages: 522751
[    0.000000] Kernel command line: ignore_loglevel console=ttyS0,115200n8 rw root=PARTUUID=4d36e82a-b3c0-4b4b-bfcd-afe5217ac023 rootwait gpt debug noinitrd earlyprintk init=/bin/bash
[    0.000000] PID hash table entries: 4096 (order: 2, 16384 bytes)
[    0.000000] Dentry cache hash table entries: 131072 (order: 7, 524288 bytes)
[    0.000000] Inode-cache hash table entries: 65536 (order: 6, 262144 bytes)
[    0.000000] Memory: 1995992K/2097148K available (9216K kernel code, 1148K rwdata, 3972K rodata, 2048K init, 343K bss, 35620K reserved, 65536K cma-reserved, 1245180K highmem)
[    0.000000] Virtual kernel memory layout:
[    0.000000]     vector  : 0xffff0000 - 0xffff1000   (   4 kB)
[    0.000000]     fixmap  : 0xffc00000 - 0xfff00000   (3072 kB)
[    0.000000]     vmalloc : 0xf0800000 - 0xff800000   ( 240 MB)
[    0.000000]     lowmem  : 0xc0000000 - 0xf0000000   ( 768 MB)
[    0.000000]     pkmap   : 0xbfe00000 - 0xc0000000   (   2 MB)
[    0.000000]     modules : 0xbf000000 - 0xbfe00000   (  14 MB)
[    0.000000]       .text : 0xc0208000 - 0xc0c00000   (10208 kB)
[    0.000000]       .init : 0xc1100000 - 0xc1300000   (2048 kB)
[    0.000000]       .data : 0xc1300000 - 0xc141f200   (1149 kB)
[    0.000000]        .bss : 0xc1421000 - 0xc1476c48   ( 344 kB)
[    0.000000] SLUB: HWalign=64, Order=0-3, MinObjects=0, CPUs=4, Nodes=1
[    0.000000] Hierarchical RCU implementation.
[    0.000000] 	Build-time adjustment of leaf fanout to 32.
[    0.000000] 	RCU restricting CPUs from NR_CPUS=16 to nr_cpu_ids=4.
[    0.000000] RCU: Adjusting geometry for rcu_fanout_leaf=32, nr_cpu_ids=4
[    0.000000] NR_IRQS:16 nr_irqs:16 16
[    0.000000] /interrupt-controller@60004000: 160 interrupts forwarded to /interrupt-controller@50041000
[    0.000000] Tegra clk 127: register failed with -17
[    0.000003] sched_clock: 32 bits at 1000kHz, resolution 1000ns, wraps every 2147483647500ns
[    0.000012] clocksource: timer_us: mask: 0xffffffff max_cycles: 0xffffffff, max_idle_ns: 1911260446275 ns
[    0.000018] Switching to timer-based delay loop, resolution 1000ns
[    0.001791] arm_arch_timer: Architected cp15 timer(s) running at 12.00MHz (virt).
[    0.001798] clocksource: arch_sys_counter: mask: 0xffffffffffffff max_cycles: 0x2c47f4ee7, max_idle_ns: 440795202497 ns
[    0.001805] sched_clock: 56 bits at 12MHz, resolution 83ns, wraps every 4398046511096ns
[    0.001809] Switching to timer-based delay loop, resolution 83ns
[    0.002006] Console: colour dummy device 80x30
[    0.002020] Calibrating delay loop (skipped), value calculated using timer frequency.. 24.00 BogoMIPS (lpj=60000)
[    0.002026] pid_max: default: 32768 minimum: 301
[    0.002064] Mount-cache hash table entries: 2048 (order: 1, 8192 bytes)
[    0.002068] Mountpoint-cache hash table entries: 2048 (order: 1, 8192 bytes)
[    0.002313] CPU: Testing write buffer coherency: ok
[    0.002421] /cpus/cpu@0 missing clock-frequency property
[    0.002436] /cpus/cpu@1 missing clock-frequency property
[    0.002450] /cpus/cpu@2 missing clock-frequency property
[    0.002464] /cpus/cpu@3 missing clock-frequency property
[    0.002469] CPU0: thread -1, cpu 0, socket 0, mpidr 80000000
[    0.002479] Setting up static identity map for 0x80300000 - 0x80300098
[    0.003774] Tegra Revision: A01 SKU: 131 CPU Process: 1 SoC Process: 1
[    0.004320] CPU1: thread -1, cpu 1, socket 0, mpidr 80000001
[    0.006911] CPU2: thread -1, cpu 2, socket 0, mpidr 80000002
[    0.011907] CPU3: thread -1, cpu 3, socket 0, mpidr 80000003
[    0.016689] Brought up 4 CPUs
[    0.016696] SMP: Total of 4 processors activated (96.00 BogoMIPS).
[    0.016698] CPU: All CPU(s) started in SVC mode.
[    0.017235] devtmpfs: initialized
[    0.024219] VFP support v0.3: implementor 41 architecture 4 part 30 variant f rev 0
[    0.024414] clocksource: jiffies: mask: 0xffffffff max_cycles: 0xffffffff, max_idle_ns: 9556302231375000 ns
[    0.024941] pinctrl core: initialized pinctrl subsystem
[    0.025637] NET: Registered protocol family 16
[    0.026309] DMA: preallocated 256 KiB pool for atomic coherent allocations
[    0.041727] cpuidle: using governor menu
[    0.047910] No ATAGs?
[    0.047922] hw-breakpoint: found 5 (+1 reserved) breakpoint and 4 watchpoint registers.
[    0.047926] hw-breakpoint: maximum watchpoint size is 8 bytes.
[    0.050014] Serial: AMBA PL011 UART driver
[    0.050986] tegra-mc 70019000.memory-controller: no memory timings for RAM code 0 registered
[    0.068481] +5V_SYS: supplied by +VDD_MUX
[    0.068581] +3.3V_SYS: supplied by +VDD_MUX
[    0.068802] +VDD_LED: Failed to request enable GPIO122: -517
[    0.068807] reg-fixed-voltage regulators:regulator@5: Failed to register regulator: -517
[    0.068837] +5V_VDD_TS_SW: Failed to request enable GPIO81: -517
[    0.068841] reg-fixed-voltage regulators:regulator@6: Failed to register regulator: -517
[    0.068869] +5V_USB_HS: Failed to request enable GPIO108: -517
[    0.068873] reg-fixed-voltage regulators:regulator@7: Failed to register regulator: -517
[    0.068902] +5V_USB_SS: Failed to request enable GPIO109: -517
[    0.068906] reg-fixed-voltage regulators:regulator@8: Failed to register regulator: -517
[    0.068982] +1.05V_RUN_AVDD_HDMI_PLL: Failed to request enable GPIO63: -517
[    0.068986] reg-fixed-voltage regulators:regulator@11: Failed to register regulator: -517
[    0.069014] +5V_HDMI_CON: Failed to request enable GPIO86: -517
[    0.069018] reg-fixed-voltage regulators:regulator@12: Failed to register regulator: -517
[    0.070113] vgaarb: loaded
[    0.070404] SCSI subsystem initialized
[    0.070469] libata version 3.00 loaded.
[    0.070566] usbcore: registered new interface driver usbfs
[    0.070592] usbcore: registered new interface driver hub
[    0.070617] usbcore: registered new device driver usb
[    0.071968] pps_core: LinuxPPS API ver. 1 registered
[    0.071972] pps_core: Software ver. 5.3.6 - Copyright 2005-2007 Rodolfo Giometti <giometti@linux.it>
[    0.071981] PTP clock support registered
[    0.072049] EDAC MC: Ver: 3.0.0
[    0.072491] tegra-emc 7001b000.emc: no memory timings for RAM code 0 found in DT
[    0.072501] tegra-emc: probe of 7001b000.emc failed with error -2
[    0.072987] clocksource: Switched to clocksource arch_sys_counter
[    0.076651] NET: Registered protocol family 2
[    0.076864] TCP established hash table entries: 8192 (order: 3, 32768 bytes)
[    0.076897] TCP bind hash table entries: 8192 (order: 4, 65536 bytes)
[    0.076959] TCP: Hash tables configured (established 8192 bind 8192)
[    0.076979] UDP hash table entries: 512 (order: 2, 16384 bytes)
[    0.076993] UDP-Lite hash table entries: 512 (order: 2, 16384 bytes)
[    0.077050] NET: Registered protocol family 1
[    0.077188] RPC: Registered named UNIX socket transport module.
[    0.077191] RPC: Registered udp transport module.
[    0.077194] RPC: Registered tcp transport module.
[    0.077196] RPC: Registered tcp NFSv4.1 backchannel transport module.
[    0.077201] PCI: CLS 0 bytes, default 64
[    0.077638] hw perfevents: enabled with armv7_cortex_a15 PMU driver, 7 counters available
[    0.078197] futex hash table entries: 1024 (order: 4, 65536 bytes)
[    0.078478] workingset: timestamp_bits=30 max_order=19 bucket_order=0
[    0.082199] squashfs: version 4.0 (2009/01/31) Phillip Lougher
[    0.082499] NFS: Registering the id_resolver key type
[    0.082509] Key type id_resolver registered
[    0.082512] Key type id_legacy registered
[    0.082529] ntfs: driver 2.1.32 [Flags: R/O].
[    0.082994] bounce: pool size: 64 pages
[    0.083067] Block layer SCSI generic (bsg) driver version 0.4 loaded (major 248)
[    0.083071] io scheduler noop registered
[    0.083074] io scheduler deadline registered
[    0.083142] io scheduler cfq registered (default)
[    0.085005] tegra-xusb-padctl 7009f000.padctl: failed to setup XUSB ports: -517
[    0.085182] libphy: mdio_driver_register: phy-bcm-ns2-pci
[    0.093906] tegra-apbdma 60020000.dma: Tegra20 APB DMA driver register 32 channels
[    0.094568] tegra-pmc 7000e400.pmc: i2c-thermtrip node not found, emergency thermal reset disabled.
[    0.115977] Serial: 8250/16550 driver, 4 ports, IRQ sharing disabled
[    0.117133] console [ttyS0] disabled
[    0.117149] 70006000.serial: ttyS0 at MMIO 0x70006000 (irq = 331, base_baud = 25500000) is a Tegra
[    0.978182] console [ttyS0] enabled
[    0.981979] SuperH (H)SCI(F) driver initialized
[    0.986853] msm_serial: driver initialized
[    0.991009] STMicroelectronics ASC driver initialized
[    0.997451] [drm] Initialized drm 1.1.0 20060810
[    1.003206] tegra-hdmi 54280000.hdmi: failed to get HDMI regulator
[    1.009737] tegra-dpaux 545c0000.dpaux: failed to get VDD supply: -517
[    1.016985] panel supply power not found, using dummy regulator
[    1.026728] brd: module loaded
[    1.031890] loop: module loaded
[    1.035925] as3722 4-0040: AS3722 with revision 0x1 found
[    1.045635] as3722-sd2: supplied by +5V_SYS
[    1.050088] as3722-sd3: supplied by +5V_SYS
[    1.054426] +1.35V_LP0(sd3): Bringing 0uV into 1350000-1350000uV
[    1.060610] as3722-sd4: supplied by +5V_SYS
[    1.064951] +1.05V_RUN: Bringing 0uV into 1050000-1050000uV
[    1.070696] as3722-sd5: supplied by +5V_SYS
[    1.076286] as3722-ldo0: supplied by +1.35V_LP0(sd2)
[    1.082028] +1.8V_RUN_CAM: Bringing 0uV into 1800000-1800000uV
[    1.088056] as3722-ldo2: supplied by +1.8V_VDDIO
[    1.093673] as3722-ldo3: supplied by +3.3V_SYS
[    1.098130] +1.00V_LP0_VDD_RTC: Bringing 1100000uV into 1000000-1000000uV
[    1.105708] as3722-ldo4: supplied by +3.3V_SYS
[    1.110305] +3.3V_RUN_CAM: Bringing 0uV into 2800000-2800000uV
[    1.116329] as3722-ldo5: supplied by +1.8V_VDDIO
[    1.121099] +1.2V_RUN_CAM_FRONT: Bringing 0uV into 1200000-1200000uV
[    1.127789] +VDDIO_SDMMC3: Bringing 0uV into 1800000-1800000uV
[    1.133833] as3722-ldo7: supplied by +1.8V_VDDIO
[    1.138603] +1.05V_RUN_CAM_REAR: Bringing 0uV into 1050000-1050000uV
[    1.145159] as3722-ldo9: supplied by +5V_SYS
[    1.149724] +2.8V_RUN_TOUCH: Bringing 0uV into 2800000-2800000uV
[    1.155933] as3722-ldo10: supplied by +5V_SYS
[    1.160446] +2.8V_RUN_CAM_AF: Bringing 0uV into 2800000-2800000uV
[    1.166892] +1.8V_RUN_VPP_FUSE: Bringing 0uV into 1800000-1800000uV
[    1.179629] random: fast init done
[    1.185146] m25p80 spi32765.0: w25q32dw (4096 Kbytes)
[    1.191415] libphy: Fixed MDIO Bus: probed
[    1.195798] CAN device driver interface
[    1.200392] igb: Intel(R) Gigabit Ethernet Network Driver - version 5.3.0-k
[    1.207342] igb: Copyright (c) 2007-2014 Intel Corporation.
[    1.214067] pegasus: v0.9.3 (2013/04/25), Pegasus/Pegasus II USB Ethernet driver
[    1.221474] usbcore: registered new interface driver pegasus
[    1.227144] usbcore: registered new interface driver asix
[    1.232550] usbcore: registered new interface driver ax88179_178a
[    1.238649] usbcore: registered new interface driver cdc_ether
[    1.244492] usbcore: registered new interface driver smsc75xx
[    1.250249] usbcore: registered new interface driver smsc95xx
[    1.255999] usbcore: registered new interface driver net1080
[    1.261662] usbcore: registered new interface driver cdc_subset
[    1.267585] usbcore: registered new interface driver zaurus
[    1.273170] usbcore: registered new interface driver cdc_ncm
[    1.279483] ehci_hcd: USB 2.0 'Enhanced' Host Controller (EHCI) Driver
[    1.286001] ehci-pci: EHCI PCI platform driver
[    1.290450] ehci-platform: EHCI generic platform driver
[    1.295741] ehci-orion: EHCI orion driver
[    1.299794] SPEAr-ehci: EHCI SPEAr driver
[    1.303851] ehci-st: EHCI STMicroelectronics driver
[    1.308771] ehci-exynos: EHCI EXYNOS driver
[    1.313005] ehci-atmel: EHCI Atmel driver
[    1.317050] tegra-ehci: Tegra EHCI driver
[    1.321116] ohci_hcd: USB 1.1 'Open' Host Controller (OHCI) Driver
[    1.327288] ohci-pci: OHCI PCI platform driver
[    1.331738] ohci-platform: OHCI generic platform driver
[    1.337012] ohci-omap3: OHCI OMAP3 driver
[    1.341067] SPEAr-ohci: OHCI SPEAr driver
[    1.345122] ohci-st: OHCI STMicroelectronics driver
[    1.350042] ohci-atmel: OHCI Atmel driver
[    1.354309] usbcore: registered new interface driver usb-storage
[    1.360881] mousedev: PS/2 mouse device common for all mice
[    1.366824] 1-0015 supply vcc not found, using dummy regulator
[    1.372710] as3722-rtc as3722-rtc: rtc core: registered as3722-rtc as rtc0
[    1.379584] as3722-rtc as3722-rtc: RTC interrupt 370
[    1.386479] tegra_rtc 7000e000.rtc: rtc core: registered 7000e000.rtc as rtc1
[    1.393620] tegra_rtc 7000e000.rtc: Tegra internal Real Time Clock
[    1.399985] i2c /dev entries driver
[    1.405926] 0-004c supply vcc not found, using dummy regulator
[    1.415847] sdhci: Secure Digital Host Controller Interface driver
[    1.422026] sdhci: Copyright(c) Pierre Ossman
[    1.426938] Synopsys Designware Multimedia Card Interface Driver
[    1.433336] sdhci-pltfm: SDHCI platform and OF driver helper
[    1.439274] sdhci-tegra 700b0000.sdhci: allocated mmc-pwrseq
[    1.445038] sdhci-tegra 700b0400.sdhci: Got CD GPIO
[    1.449912] sdhci-tegra 700b0400.sdhci: Got WP GPIO
[    1.454899] mmc0: Unknown controller version (3). You may experience problems.
[    1.462137] mmc0: Invalid maximum block size, assuming 512 bytes
[    1.512995] mmc0: SDHCI controller on 700b0600.sdhci [700b0600.sdhci] using ADMA 64-bit
[    1.521705] ledtrig-cpu: registered to indicate activity on CPUs
[    1.527905] usbcore: registered new interface driver usbhid
[    1.533474] usbhid: USB HID core driver
[    1.539588] NET: Registered protocol family 10
[    1.544378] sit: IPv6, IPv4 and MPLS over IPv4 tunneling driver
[    1.550618] NET: Registered protocol family 17
[    1.555066] can: controller area network core (rev 20120528 abi 9)
[    1.561271] NET: Registered protocol family 29
[    1.565712] can: raw protocol (rev 20120528)
[    1.569980] can: broadcast manager protocol (rev 20160617 t)
[    1.575637] can: netlink gateway (rev 20130117) max_hops=1
[    1.581267] Key type dns_resolver registered
[    1.585770] ThumbEE CPU extension supported.
[    1.590043] Registering SWP/SWPB emulation handler
[    1.596880] +3.3V_RUN: supplied by +3.3V_SYS
[    1.600091] input: Elan Touchpad as /devices/soc0/7000c400.i2c/i2c-1/1-0015/input/input0
[    1.609621] +3.3V_AVDD_HDMI_AP_GATED: supplied by +3.3V_RUN
[    1.615294] +1.8V_RUN_CAM: supplied by +3.3V_RUN
[    1.620017] +VDDIO_SDMMC3: supplied by +3.3V_RUN
[    1.624762] +1.8V_RUN_VPP_FUSE: supplied by +3.3V_RUN
[    1.630093] +VDD_LED: supplied by +VDD_MUX
[    1.634537] +5V_VDD_TS_SW: supplied by +5V_SYS
[    1.639336] +5V_USB_HS: supplied by +5V_SYS
[    1.643869] +5V_USB_SS: supplied by +5V_SYS
[    1.649072] +3.3V_PANEL: supplied by +3.3V_RUN
[    1.649387] mmc0: new high speed MMC card at address 0001
[    1.650065] mmcblk0: mmc0:0001 MMC16G 14.4 GiB 
[    1.650711] mmcblk0boot0: mmc0:0001 MMC16G partition 1 2.00 MiB
[    1.651211] mmcblk0boot1: mmc0:0001 MMC16G partition 2 2.00 MiB
[    1.651655] mmcblk0rpmb: mmc0:0001 MMC16G partition 3 128 KiB
[    1.657252]  mmcblk0: p1 p2 p3 p4 p5 p6 p7 p8 p9 p10 p11 p12
[    1.687484] +3.3V_LP0: supplied by +3.3V_SYS
[    1.692390] +1.05V_RUN_AVDD_HDMI_PLL: supplied by +1.05V_RUN
[    1.692676] elan_i2c 1-0015: failed to read report data: -121
[    1.704155] +5V_HDMI_CON: supplied by +5V_SYS
[    1.709209] usb3-0 supply vbus not found, using dummy regulator
[    1.715167] usb3-1 supply vbus not found, using dummy regulator
[    1.724419] tegra-sor 54540000.sor: failed to probe output: -517
[    1.730953] panel supply power not found, using dummy regulator
[    1.737518] sdhci-tegra 700b0000.sdhci: allocated mmc-pwrseq
[    1.743274] mmc1: Unknown controller version (3). You may experience problems.
[    1.750614] mmc1: Invalid maximum block size, assuming 512 bytes
[    1.757022] mmc1: Switching to 3.3V signalling voltage failed
[    1.798079] mmc1: SDHCI controller on 700b0000.sdhci [700b0000.sdhci] using ADMA 64-bit
[    1.806830] sdhci-tegra 700b0400.sdhci: Got CD GPIO
[    1.811729] sdhci-tegra 700b0400.sdhci: Got WP GPIO
[    1.816722] mmc2: Unknown controller version (3). You may experience problems.
[    1.824052] mmc2: Invalid maximum block size, assuming 512 bytes
[    1.832720] elan_i2c 1-0015: invalid report id data (ff)
[    1.870055] mmc1: new high speed SDIO card at address 0001
[    1.875885] mmc2: SDHCI controller on 700b0400.sdhci [700b0400.sdhci] using ADMA 64-bit
[    1.981123] [drm] Supports vblank timestamp caching Rev 2 (21.10.2013).
[    1.987745] [drm] No driver support for vblank timestamp query.
[    2.029629] mmc2: new high speed SDHC card at address 0007
[    2.030087] mmcblk2: mmc2:0007 SD08G 7.42 GiB 
[    2.038526] GPT:Primary header alternate_lba != Alt. header my_lba
[    2.038530] GPT:3014591 != 15564799
[    2.038531] GPT:Primary header thinks Alt. header is not at the end of the disk.
[    2.038532] GPT:3014591 != 15564799
[    2.038533] GPT: Use GNU Parted to correct GPT errors.
[    2.038558]  mmcblk2: p1 p2 p3 p4 p5 p6 p7 p8 p9 p10 p11 p12
[    2.049083] Console: switching to colour frame buffer device 170x48
[    2.100425] drm drm: fb0:  frame buffer device
[    2.133067] [drm] Initialized tegra 0.0.0 20120330 on minor 0
[    2.139814] input: gpio-keys as /devices/soc0/gpio-keys/input/input1
[    2.146972] as3722-rtc as3722-rtc: setting system clock to 2000-01-01 00:00:22 UTC (946684822)
[    2.159621] +1.8V_RUN_CAM: disabling
[    2.163398] +3.3V_RUN_CAM: disabling
[    2.167169] +1.2V_RUN_CAM_FRONT: disabling
[    2.171534] +1.05V_RUN_CAM_REAR: disabling
[    2.175855] +2.8V_RUN_TOUCH: disabling
[    2.179750] +2.8V_RUN_CAM_AF: disabling
[    2.183691] +1.8V_RUN_VPP_FUSE: disabling
[    2.187851] +5V_VDD_TS_SW: disabling
[    2.191446] +5V_USB_HS: disabling
[    2.194760] +5V_USB_SS: disabling
[    2.199065] EXT4-fs (mmcblk0p3): couldn't mount as ext3 due to feature incompatibilities
[    2.207752] EXT4-fs (mmcblk0p3): couldn't mount as ext2 due to feature incompatibilities
[    2.621373] EXT4-fs (mmcblk0p3): recovery complete
[    2.626211] EXT4-fs (mmcblk0p3): mounted filesystem with ordered data mode. Opts: (null)
[    2.634317] VFS: Mounted root (ext4 filesystem) on device 179:3.
[    2.641454] devtmpfs: mounted
[    2.645140] Freeing unused kernel memory: 2048K (c1100000 - c1300000)
bash: cannot set terminal process group (-1): Inappropriate ioctl for device
bash: no job control in this shell
root@(none):/# mount -t sysfs none /sys
root@(none):/# 
root@(none):/# mount -t debugfs none /sys/kernel/debug
root@(none):/# 
root@(none):/# rtcwake -d rtc1 -m mem -s 3
rtcwake: assuming RTC uses UTC ...
rtcwake: wakeup from "mem" using /dev/rtc1 at Thu Jan  1 00:00:27 1970
[    5.783144] PM: Syncing filesystems ... done.
[    5.793029] Freezing user space processes ... (elapsed 0.001 seconds) done.
[    5.801198] Double checking all user space processes after OOM killer disable... (elapsed 0.000 seconds) 
[    5.810848] Freezing remaining freezable tasks ... (elapsed 0.001 seconds) done.
[    5.819481] Suspending console(s) (use no_console_suspend to debug)
[    5.884354] PM: suspend of devices complete after 58.050 msecs
[    5.885173] PM: late suspend of devices complete after 0.814 msecs
[    5.885838] PM: noirq suspend of devices complete after 0.662 msecs
[    5.885839] Disabling non-boot CPUs ...
[    5.886248] CPU1: shutdown
[    5.913986] CPU2: shutdown
[    5.943920] CPU3: shutdown
[    5.968448] Entering suspend state LP1
[    5.968462] Enabling non-boot CPUs ...
[    5.998618] CPU1 is up
[    6.033629] CPU2 is up
[    6.063728] CPU3 is up
[    6.064238] PM: noirq resume of devices complete after 0.505 msecs
[    6.065542] PM: early resume of devices complete after 0.979 msecs
[    6.218053] mmc1: Switching to 3.3V signalling voltage failed
[    6.477976] tegra-sor 54540000.sor: failed to attach SOR: -110
[    6.489106] PM: resume of devices complete after 423.558 msecs
[    6.564359] Restarting tasks ... done.
root@(none):/# 
root@(none):/# rtcwake -d rtc1 -m mem -s 3
rtcwake: assuming RTC uses UTC ...
rtcwake: wakeup from "mem" using /dev/rtc1 at Thu Jan  1 00:00:32 1970
[    7.802798] PM: Syncing filesystems ... done.
[    7.812368] Freezing user space processes ... (elapsed 0.001 seconds) done.
[    7.820483] Double checking all user space processes after OOM killer disable... (elapsed 0.000 seconds) 
[    7.830122] Freezing remaining freezable tasks ... (elapsed 0.001 seconds) done.
[    7.838763] Suspending console(s) (use no_console_suspend to debug)
[    7.894435] PM: suspend of devices complete after 48.865 msecs
[    7.895687] PM: late suspend of devices complete after 1.242 msecs
[    7.896446] PM: noirq suspend of devices complete after 0.754 msecs
[    7.896448] Disabling non-boot CPUs ...
[    7.896805] CPU1: shutdown
[    7.928983] CPU2: shutdown
[    7.958652] IRQ17 no longer affine to CPU3
[    7.958837] CPU3: shutdown
[    7.973414] Entering suspend state LP1
[    7.973428] Enabling non-boot CPUs ...
[    8.003618] CPU1 is up
[    8.033598] CPU2 is up
[    8.063699] CPU3 is up
[    8.064177] PM: noirq resume of devices complete after 0.473 msecs
[    8.065495] PM: early resume of devices complete after 0.995 msecs
[    8.218083] mmc1: Switching to 3.3V signalling voltage failed
[    8.478019] tegra-sor 54540000.sor: failed to attach SOR: -110
[    8.489285] PM: resume of devices complete after 423.781 msecs
[    8.569158] Restarting tasks ... done.
root@(none):/# 
root@(none):/# rtcwake -d rtc1 -m mem -s 3
rtcwake: assuming RTC uses UTC ...
rtcwake: wakeup from "mem" using /dev/rtc1 at Thu Jan  1 00:00:37 1970
[    9.817745] PM: Syncing filesystems ... done.
[    9.827319] Freezing user space processes ... (elapsed 0.001 seconds) done.
[    9.835514] Double checking all user space processes after OOM killer disable... (elapsed 0.000 seconds) 
[    9.845164] Freezing remaining freezable tasks ... (elapsed 0.001 seconds) done.
[    9.853817] Suspending console(s) (use no_console_suspend to debug)
[    9.914372] PM: suspend of devices complete after 53.748 msecs
[    9.915572] PM: late suspend of devices complete after 1.191 msecs
[    9.916339] PM: noirq suspend of devices complete after 0.762 msecs
[    9.916341] Disabling non-boot CPUs ...
[    9.916701] CPU1: shutdown
[    9.943955] CPU2: shutdown
[    9.973817] CPU3: shutdown
[    9.988389] Entering suspend state LP1
[    9.988404] Enabling non-boot CPUs ...
[   10.018585] CPU1 is up
[   10.048579] CPU2 is up
[   10.083680] CPU3 is up
[   10.084162] PM: noirq resume of devices complete after 0.478 msecs
[   10.085634] PM: early resume of devices complete after 1.160 msecs
[   10.237149] mmc1: Switching to 3.3V signalling voltage failed
[   10.493014] tegra-sor 54540000.sor: failed to attach SOR: -110
[   10.508229] PM: resume of devices complete after 422.589 msecs
[   10.583494] Restarting tasks ... done.
root@(none):/# 
root@(none):/# rtcwake -d rtc1 -m mem -s 3
rtcwake: assuming RTC uses UTC ...
rtcwake: wakeup from "mem" using /dev/rtc1 at Thu Jan  1 00:00:42 1970
[   11.822709] PM: Syncing filesystems ... done.
[   11.832287] Freezing user space processes ... (elapsed 0.001 seconds) done.
[   11.840473] Double checking all user space processes after OOM killer disable... (elapsed 0.000 seconds) 
[   11.850063] Freezing remaining freezable tasks ... (elapsed 0.001 seconds) done.
[   11.858767] Suspending console(s) (use no_console_suspend to debug)
[   11.914533] PM: suspend of devices complete after 48.961 msecs
[   11.915586] PM: late suspend of devices complete after 1.045 msecs
[   11.916481] PM: noirq suspend of devices complete after 0.887 msecs
[   11.916484] Disabling non-boot CPUs ...
[   11.916868] CPU1: shutdown
[   11.933940] CPU2: shutdown
[   11.963802] CPU3: shutdown
[   11.978368] Entering suspend state LP1
[   11.978382] Enabling non-boot CPUs ...
[   12.008560] CPU1 is up
[   12.038565] CPU2 is up
[   12.073661] CPU3 is up
[   12.074137] PM: noirq resume of devices complete after 0.471 msecs
[   12.075626] PM: early resume of devices complete after 1.173 msecs
[   12.227242] mmc1: Switching to 3.3V signalling voltage failed
[   12.482985] tegra-sor 54540000.sor: failed to attach SOR: -110
[   12.498216] PM: resume of devices complete after 422.585 msecs
[   12.573476] Restarting tasks ... done.
root@(none):/# 
root@(none):/# rtcwake -d rtc1 -m mem -s 3
rtcwake: assuming RTC uses UTC ...
rtcwake: wakeup from "mem" using /dev/rtc1 at Thu Jan  1 00:00:47 1970
[   13.817102] PM: Syncing filesystems ... done.
[   13.826528] Freezing user space processes ... (elapsed 0.001 seconds) done.
[   13.834746] Double checking all user space processes after OOM killer disable... (elapsed 0.000 seconds) 
[   13.844347] Freezing remaining freezable tasks ... (elapsed 0.001 seconds) done.
[   13.853062] Suspending console(s) (use no_console_suspend to debug)
[   13.904517] PM: suspend of devices complete after 44.649 msecs
[   13.905566] PM: late suspend of devices complete after 1.040 msecs
[   13.906460] PM: noirq suspend of devices complete after 0.886 msecs
[   13.906462] Disabling non-boot CPUs ...
[   13.906668] IRQ17 no longer affine to CPU1
[   13.906846] CPU1: shutdown
[   13.923917] CPU2: shutdown
[   13.953786] CPU3: shutdown
[   13.983343] Entering suspend state LP1
[   13.983358] Enabling non-boot CPUs ...
[   14.013544] CPU1 is up
[   14.043538] CPU2 is up
[   14.078640] CPU3 is up
[   14.079124] PM: noirq resume of devices complete after 0.479 msecs
[   14.080482] PM: early resume of devices complete after 1.031 msecs
[   14.232823] mmc1: Switching to 3.3V signalling voltage failed
[   14.487906] tegra-sor 54540000.sor: failed to attach SOR: -110
[   14.503957] PM: resume of devices complete after 423.470 msecs
[   14.583323] Restarting tasks ... done.
root@(none):/# 
root@(none):/# rtcwake -d rtc1 -m mem -s 3
rtcwake: assuming RTC uses UTC ...
rtcwake: wakeup from "mem" using /dev/rtc1 at Thu Jan  1 00:00:52 1970
[   15.817658] PM: Syncing filesystems ... done.
[   15.827230] Freezing user space processes ... (elapsed 0.001 seconds) done.
[   15.835424] Double checking all user space processes after OOM killer disable... (elapsed 0.000 seconds) 
[   15.845059] Freezing remaining freezable tasks ... (elapsed 0.001 seconds) done.
[   15.853699] Suspending console(s) (use no_console_suspend to debug)
[   15.914304] PM: suspend of devices complete after 53.796 msecs
[   15.915309] PM: late suspend of devices complete after 0.995 msecs
[   15.916079] PM: noirq suspend of devices complete after 0.766 msecs
[   15.916081] Disabling non-boot CPUs ...
[   15.916450] CPU1: shutdown
[   15.943895] CPU2: shutdown
[   15.973747] CPU3: shutdown
[   15.988321] Entering suspend state LP1
[   15.988336] Enabling non-boot CPUs ...
[   16.018515] CPU1 is up
[   16.048515] CPU2 is up
[   16.078612] CPU3 is up
[   16.079083] PM: noirq resume of devices complete after 0.467 msecs
[   16.080462] PM: early resume of devices complete after 1.062 msecs
[   16.232144] mmc1: Switching to 3.3V signalling voltage failed
[   16.487932] tegra-sor 54540000.sor: failed to attach SOR: -110
[   16.503110] PM: resume of devices complete after 422.642 msecs
[   16.578400] Restarting tasks ... done.
root@(none):/# 
root@(none):/# rtcwake -d rtc1 -m mem -s 3
rtcwake: assuming RTC uses UTC ...
rtcwake: wakeup from "mem" using /dev/rtc1 at Thu Jan  1 00:00:57 1970
[   17.822626] PM: Syncing filesystems ... done.
[   17.832207] Freezing user space processes ... (elapsed 0.001 seconds) done.
[   17.840422] Double checking all user space processes after OOM killer disable... (elapsed 0.000 seconds) 
[   17.850033] Freezing remaining freezable tasks ... (elapsed 0.001 seconds) done.
[   17.858730] Suspending console(s) (use no_console_suspend to debug)
[   17.929428] PM: suspend of devices complete after 63.895 msecs
[   17.930688] PM: late suspend of devices complete after 1.251 msecs
[   17.931449] PM: noirq suspend of devices complete after 0.756 msecs
[   17.931451] Disabling non-boot CPUs ...
[   17.931815] CPU1: shutdown
[   17.958860] CPU2: shutdown
[   17.988733] CPU3: shutdown
[   18.003306] Entering suspend state LP1
[   18.003321] Enabling non-boot CPUs ...
[   18.033494] CPU1 is up
[   18.063489] CPU2 is up
[   18.093587] CPU3 is up
[   18.094059] PM: noirq resume of devices complete after 0.467 msecs
[   18.095480] PM: early resume of devices complete after 1.092 msecs
[   18.247014] mmc1: Switching to 3.3V signalling voltage failed
[   18.502928] tegra-sor 54540000.sor: failed to attach SOR: -110
[   18.518054] PM: resume of devices complete after 422.567 msecs
[   18.593317] Restarting tasks ... done.
root@(none):/# 
root@(none):/# rtcwake -d rtc1 -m mem -s 3
rtcwake: assuming RTC uses UTC ...
rtcwake: wakeup from "mem" using /dev/rtc1 at Thu Jan  1 00:01:02 1970
[   19.837619] PM: Syncing filesystems ... done.
[   19.847183] Freezing user space processes ... (elapsed 0.001 seconds) done.
[   19.855401] Double checking all user space processes after OOM killer disable... (elapsed 0.000 seconds) 
[   19.865069] Freezing remaining freezable tasks ... (elapsed 0.001 seconds) done.
[   19.873766] Suspending console(s) (use no_console_suspend to debug)
[   19.944316] PM: suspend of devices complete after 63.748 msecs
[   19.945306] PM: late suspend of devices complete after 0.981 msecs
[   19.946063] PM: noirq suspend of devices complete after 0.753 msecs
[   19.946065] Disabling non-boot CPUs ...
[   19.946432] CPU1: shutdown
[   19.973858] CPU2: shutdown
[   20.003713] CPU3: shutdown
[   20.018281] Entering suspend state LP1
[   20.018295] Enabling non-boot CPUs ...
[   20.048476] CPU1 is up
[   20.078466] CPU2 is up
[   20.113569] CPU3 is up
[   20.114053] PM: noirq resume of devices complete after 0.480 msecs
[   20.115440] PM: early resume of devices complete after 1.075 msecs
[   20.267973] mmc1: Switching to 3.3V signalling voltage failed
[   20.527850] tegra-sor 54540000.sor: failed to attach SOR: -110
[   20.539334] PM: resume of devices complete after 423.886 msecs
[   20.614580] Restarting tasks ... done.
root@(none):/# 
root@(none):/# rtcwake -d rtc1 -m mem -s 3
rtcwake: assuming RTC uses UTC ...
rtcwake: wakeup from "mem" using /dev/rtc1 at Thu Jan  1 00:01:07 1970
[   21.852592] PM: Syncing filesystems ... done.
[   21.862018] Freezing user space processes ... (elapsed 0.001 seconds) done.
[   21.870211] Double checking all user space processes after OOM killer disable... (elapsed 0.000 seconds) 
[   21.879847] Freezing remaining freezable tasks ... (elapsed 0.001 seconds) done.
[   21.888486] Suspending console(s) (use no_console_suspend to debug)
[   21.949290] PM: suspend of devices complete after 53.994 msecs
[   21.950462] PM: late suspend of devices complete after 1.163 msecs
[   21.951228] PM: noirq suspend of devices complete after 0.762 msecs
[   21.951230] Disabling non-boot CPUs ...
[   21.951595] CPU1: shutdown
[   21.978834] CPU2: shutdown
[   22.008686] CPU3: shutdown
[   22.023259] Entering suspend state LP1
[   22.023273] Enabling non-boot CPUs ...
[   22.053454] CPU1 is up
[   22.083447] CPU2 is up
[   22.118549] CPU3 is up
[   22.119030] PM: noirq resume of devices complete after 0.476 msecs
[   22.120326] PM: early resume of devices complete after 0.982 msecs
[   22.272928] mmc1: Switching to 3.3V signalling voltage failed
[   22.532880] tegra-sor 54540000.sor: failed to attach SOR: -110
[   22.544138] PM: resume of devices complete after 423.804 msecs
[   22.619369] Restarting tasks ... done.
root@(none):/# 
root@(none):/# rtcwake -d rtc1 -m mem -s 3
rtcwake: assuming RTC uses UTC ...
rtcwake: wakeup from "mem" using /dev/rtc1 at Thu Jan  1 00:01:12 1970
[   23.856783] PM: Syncing filesystems ... done.
[   23.866300] Freezing user space processes ... (elapsed 0.001 seconds) done.
[   23.874418] Double checking all user space processes after OOM killer disable... (elapsed 0.000 seconds) 
[   23.884054] Freezing remaining freezable tasks ... (elapsed 0.001 seconds) done.
[   23.892707] Suspending console(s) (use no_console_suspend to debug)
[   23.949266] PM: suspend of devices complete after 49.730 msecs
[   23.950306] PM: late suspend of devices complete after 1.031 msecs
[   23.951075] PM: noirq suspend of devices complete after 0.765 msecs
[   23.951077] Disabling non-boot CPUs ...
[   23.951438] CPU1: shutdown
[   23.973811] CPU2: shutdown
[   24.003693] CPU3: shutdown
[   24.018240] Entering suspend state LP1
[   24.018254] Enabling non-boot CPUs ...
[   24.048419] CPU1 is up
[   24.078430] CPU2 is up
[   24.108521] CPU3 is up
[   24.109007] PM: noirq resume of devices complete after 0.481 msecs
[   24.110190] PM: early resume of devices complete after 0.864 msecs
[   24.261915] mmc1: Switching to 3.3V signalling voltage failed
[   24.517853] tegra-sor 54540000.sor: failed to attach SOR: -110
[   24.532976] PM: resume of devices complete after 422.781 msecs
[   24.608254] Restarting tasks ... done.
root@(none):/# 
root@(none):/# NVTB SYSTEM SUSPEND TEST COMPLETE
