

U-Boot 2015.04-00466-gedec83e90172 (Mar 14 2016 - 10:42:01)

TEGRA124
Model: Acer Chromebook 13 CB5-311
DRAM:  4 GiB
:   Tegra SD/MMC: 0, Tegra SD/MMC: 1, Tegra SD/MMC: 2
MMC init failed
Using default environment

In:    serial
Out:   serial
Err:   serial
Net:   Net Initialization Skipped
No ethernet found.
Hit any key to stop autoboot:  2  1  0 
Tegra124 (Nyan-big) # 
Tegra124 (Nyan-big) # usb start
starting USB...
USB0:   USB EHCI 1.10
scanning bus 0 for devices... 2 USB Device(s) found
USB1:   USB EHCI 1.10
scanning bus 1 for devices... 2 USB Device(s) found
       scanning usb for storage devices... 1 Storage Device(s) found
       scanning usb for ethernet devices... 
Warning: asx0 using MAC address from net device
1 Ethernet Device(s) found
Tegra124 (Nyan-big) # setenv bootargs 'ignore_loglevel console=ttyS0,115200n8 rw root=PARTUUID=4d36e82a-b3c0-4b4b-bfcd-afe5217ac023 rootwait gpt debug noinitrd earlyprintk init=/bin/bash'
Tegra124 (Nyan-big) # setenv ipaddr 192.168.100.102; setenv serverip 192.168.100.1; setenv tftpserverip 192.168.100.1
Tegra124 (Nyan-big) # tftpboot 0x82000000 zImage.tegra_defconfig
Using asx0 device
TFTP from server 192.168.100.1; our IP address is 192.168.100.102
Filename 'zImage.tegra_defconfig'.
Load address: 0x82000000
Loading: *#################################################################
	 #################################################################
	 #################################################################
	 #################################################################
	 #################################################################
	 ############################################
	 3.5 MiB/s
done
Bytes transferred = 5410984 (5290a8 hex)
Tegra124 (Nyan-big) # tftpboot 0x83000000 tegra124-nyan-big.dtb
Using asx0 device
TFTP from server 192.168.100.1; our IP address is 192.168.100.102
Filename 'tegra124-nyan-big.dtb'.
Load address: 0x83000000
Loading: *#####
	 3 MiB/s
done
Bytes transferred = 66821 (10505 hex)
Tegra124 (Nyan-big) # bootz 0x82000000 - 0x83000000
Kernel image @ 0x82000000 [ 0x000000 - 0x5290a8 ]
## Flattened Device Tree blob at 83000000
   Booting using the fdt blob at 0x83000000
   Using Device Tree in place at 83000000, end 83013504

Starting kernel ...

[    3.115572] console [ttyS0] enabled
[    3.119048] bootconsole [earlycon0] disabled
[    3.124312] [drm] Initialized drm 1.1.0 20060810
[    3.129371] tegra-hdmi 54280000.hdmi: failed to get HDMI regulator
[    3.135966] tegra-dpaux 545c0000.dpaux: failed to get VDD supply: -517
[    3.143284] panel supply power not found, using dummy regulator
[    3.154675] loop: module loaded
[    3.158431] as3722 4-0040: AS3722 with revision 0x1 found
[    3.168548] as3722-sd2: supplied by +5V_SYS
[    3.173052] as3722-sd3: supplied by +5V_SYS
[    3.177411] +1.35V_LP0(sd3): Bringing 0uV into 1350000-1350000uV
[    3.183672] as3722-sd4: supplied by +5V_SYS
[    3.188017] +1.05V_RUN: Bringing 0uV into 1050000-1050000uV
[    3.193841] as3722-sd5: supplied by +5V_SYS
[    3.199639] as3722-ldo0: supplied by +1.35V_LP0(sd2)
[    3.205466] +1.8V_RUN_CAM: Bringing 0uV into 1800000-1800000uV
[    3.211582] as3722-ldo2: supplied by +1.8V_VDDIO
[    3.217317] as3722-ldo3: supplied by +3.3V_SYS
[    3.221769] +1.00V_LP0_VDD_RTC: Bringing 1100000uV into 1000000-1000000uV
[    3.229433] as3722-ldo4: supplied by +3.3V_SYS
[    3.234030] +3.3V_RUN_CAM: Bringing 0uV into 2800000-2800000uV
[    3.240146] as3722-ldo5: supplied by +1.8V_VDDIO
[    3.244930] +1.2V_RUN_CAM_FRONT: Bringing 0uV into 1200000-1200000uV
[    3.251714] +VDDIO_SDMMC3: Bringing 0uV into 1800000-1800000uV
[    3.257844] as3722-ldo7: supplied by +1.8V_VDDIO
[    3.262616] +1.05V_RUN_CAM_REAR: Bringing 0uV into 1050000-1050000uV
[    3.269266] as3722-ldo9: supplied by +5V_SYS
[    3.273838] +2.8V_RUN_TOUCH: Bringing 0uV into 2800000-2800000uV
[    3.280142] as3722-ldo10: supplied by +5V_SYS
[    3.284650] +2.8V_RUN_CAM_AF: Bringing 0uV into 2800000-2800000uV
[    3.291184] +1.8V_RUN_VPP_FUSE: Bringing 0uV into 1800000-1800000uV
[    3.341688] cros-ec-spi spi32766.0: Chrome EC device registered
[    3.351395] random: fast init done
[    3.357108] m25p80 spi32765.0: w25q32dw (4096 Kbytes)
[    3.363496] libphy: Fixed MDIO Bus: probed
[    3.367601] CAN device driver interface
[    3.371459] igb: Intel(R) Gigabit Ethernet Network Driver - version 5.3.0-k
[    3.378409] igb: Copyright (c) 2007-2014 Intel Corporation.
[    3.384083] pegasus: v0.9.3 (2013/04/25), Pegasus/Pegasus II USB Ethernet driver
[    3.391521] usbcore: registered new interface driver pegasus
[    3.397228] usbcore: registered new interface driver asix
[    3.402650] usbcore: registered new interface driver ax88179_178a
[    3.408782] usbcore: registered new interface driver cdc_ether
[    3.414664] usbcore: registered new interface driver smsc75xx
[    3.420448] usbcore: registered new interface driver smsc95xx
[    3.426233] usbcore: registered new interface driver net1080
[    3.431915] usbcore: registered new interface driver cdc_subset
[    3.437864] usbcore: registered new interface driver zaurus
[    3.443481] usbcore: registered new interface driver cdc_ncm
[    3.449240] ehci_hcd: USB 2.0 'Enhanced' Host Controller (EHCI) Driver
[    3.455757] ehci-pci: EHCI PCI platform driver
[    3.460226] tegra-ehci: Tegra EHCI driver
[    3.464554] usbcore: registered new interface driver cdc_acm
[    3.470205] cdc_acm: USB Abstract Control Model driver for USB modems and ISDN adapters
[    3.478235] usbcore: registered new interface driver cdc_wdm
[    3.483936] usbcore: registered new interface driver usb-storage
[    3.490199] mousedev: PS/2 mouse device common for all mice
[    3.496078] input: cros_ec as /devices/soc0/7000d400.spi/spi_master/spi32766/spi32766.0/7000d400.spi:cros-ec@0:keyboard-controller/input/input0
[    3.511108] as3722-rtc as3722-rtc: rtc core: registered as3722-rtc as rtc0
[    3.517975] as3722-rtc as3722-rtc: RTC interrupt 370
[    3.524801] tegra_rtc 7000e000.rtc: rtc core: registered 7000e000.rtc as rtc1
[    3.531951] tegra_rtc 7000e000.rtc: Tegra internal Real Time Clock
[    3.538260] i2c /dev entries driver
[    3.542505] usbcore: registered new interface driver uvcvideo
[    3.548244] USB Video Class driver (1.1.1)
[    3.552327] gspca_main: v2.14.0 registered
[    3.556709] 0-004c supply vcc not found, using dummy regulator
[    3.564476] tegra-wdt 60005000.timer: initialized (heartbeat = 120 sec, nowayout = 0)
[    3.572896] sdhci: Secure Digital Host Controller Interface driver
[    3.579072] sdhci: Copyright(c) Pierre Ossman
[    3.583414] sdhci-pltfm: SDHCI platform and OF driver helper
[    3.589209] sdhci-tegra 700b0000.sdhci: allocated mmc-pwrseq
[    3.595008] sdhci-tegra 700b0400.sdhci: Got CD GPIO
[    3.599879] sdhci-tegra 700b0400.sdhci: Got WP GPIO
[    3.604903] mmc0: Unknown controller version (3). You may experience problems.
[    3.612136] mmc0: Invalid maximum block size, assuming 512 bytes
[    3.674666] mmc0: SDHCI controller on 700b0600.sdhci [700b0600.sdhci] using ADMA 64-bit
[    3.685110] usbcore: registered new interface driver usbhid
[    3.693591] usbhid: USB HID core driver
[    3.704662] tegra30-i2s 70301100.i2s: DMA channels sourced from device 70300000.ahub
[    3.745120] max98090 0-0010: MAX98090 REVID=0x43
[    3.752408] max98090 0-0010: use default 2.8v micbias
[    3.755073] mmc0: new high speed MMC card at address 0001
[    3.755529] mmcblk0: mmc0:0001 MMC16G 14.4 GiB 
[    3.755727] mmcblk0boot0: mmc0:0001 MMC16G partition 1 2.00 MiB
[    3.755918] mmcblk0boot1: mmc0:0001 MMC16G partition 2 2.00 MiB
[    3.756084] mmcblk0rpmb: mmc0:0001 MMC16G partition 3 128 KiB
[    3.759242]  mmcblk0: p1 p2 p3 p4 p5 p6 p7 p8 p9 p10 p11 p12
[    3.793201] tegra-snd-max98090 sound: HiFi <-> 70301100.i2s mapping ok
[    3.800994] input: GoogleNyanBig Headphones as /devices/soc0/sound/sound/card1/input1
[    3.809108] input: GoogleNyanBig Mic Jack as /devices/soc0/sound/sound/card1/input2
[    4.104636] NET: Registered protocol family 10
[    4.264648] mip6: Mobile IPv6
[    4.267607] sit: IPv6, IPv4 and MPLS over IPv4 tunneling driver
[    4.274584] NET: Registered protocol family 17
[    4.279041] NET: Registered protocol family 15
[    4.283471] can: controller area network core (rev 20120528 abi 9)
[    4.324675] NET: Registered protocol family 29
[    4.329106] can: raw protocol (rev 20120528)
[    4.333362] can: broadcast manager protocol (rev 20160617 t)
[    4.339018] can: netlink gateway (rev 20130117) max_hops=1
[    4.374690] Bluetooth: RFCOMM socket layer initialized
[    4.379823] Bluetooth: RFCOMM ver 1.11
[    4.383564] Bluetooth: BNEP (Ethernet Emulation) ver 1.3
[    4.388874] Bluetooth: BNEP socket layer initialized
[    4.393824] Bluetooth: HIDP (Human Interface Emulation) ver 1.2
[    4.399738] Bluetooth: HIDP socket layer initialized
[    4.404838] Key type dns_resolver registered
[    4.409559] Registering SWP/SWPB emulation handler
[    4.415452] +3.3V_RUN: supplied by +3.3V_SYS
[    4.420210] +3.3V_AVDD_HDMI_AP_GATED: supplied by +3.3V_RUN
[    4.425878] +1.8V_RUN_CAM: supplied by +3.3V_RUN
[    4.430523] +VDDIO_SDMMC3: supplied by +3.3V_RUN
[    4.435173] +1.8V_RUN_VPP_FUSE: supplied by +3.3V_RUN
[    4.440332] +VDD_LED: supplied by +VDD_MUX
[    4.444803] +5V_VDD_TS_SW: supplied by +5V_SYS
[    4.449573] +5V_USB_HS: supplied by +5V_SYS
[    4.453962] +5V_USB_SS: supplied by +5V_SYS
[    4.459075] input: tegra-hda HDMI/DP,pcm=3 as /devices/soc0/70030000.hda/sound/card0/input3
[    4.468720] +3.3V_PANEL: supplied by +3.3V_RUN
[    4.474228] +3.3V_LP0: supplied by +3.3V_SYS
[    4.479226] +1.05V_RUN_AVDD_HDMI_PLL: supplied by +1.05V_RUN
[    4.485133] +5V_HDMI_CON: supplied by +5V_SYS
[    4.490610] usb3-0 supply vbus not found, using dummy regulator
[    4.496609] usb3-1 supply vbus not found, using dummy regulator
[    4.504836] tegra-sor 54540000.sor: failed to probe output: -517
[    4.510986] panel supply power not found, using dummy regulator
[    4.585355] tegra-xusb 70090000.usb: Firmware timestamp: 2014-09-16 02:10:07 UTC
[    4.592765] tegra-xusb 70090000.usb: xHCI Host Controller
[    4.598184] tegra-xusb 70090000.usb: new USB bus registered, assigned bus number 1
[    4.607783] tegra-xusb 70090000.usb: hcc params 0x0184f525 hci version 0x100 quirks 0x00010010
[    4.616430] tegra-xusb 70090000.usb: irq 342, io mem 0x70090000
[    4.623193] hub 1-0:1.0: USB hub found
[    4.627042] hub 1-0:1.0: 6 ports detected
[    4.631775] tegra-xusb 70090000.usb: xHCI Host Controller
[    4.637206] tegra-xusb 70090000.usb: new USB bus registered, assigned bus number 2
[    4.644936] usb usb2: We don't know the algorithms for LPM for this host, disabling LPM.
[    4.653843] hub 2-0:1.0: USB hub found
[    4.657656] hub 2-0:1.0: 2 ports detected
[    4.662862] sdhci-tegra 700b0000.sdhci: allocated mmc-pwrseq
[    4.668735] mmc1: Unknown controller version (3). You may experience problems.
[    4.676020] mmc1: Invalid maximum block size, assuming 512 bytes
[    4.682580] mmc1: Switching to 3.3V signalling voltage failed
[    4.744754] mmc1: SDHCI controller on 700b0000.sdhci [700b0000.sdhci] using ADMA 64-bit
[    4.752995] sdhci-tegra 700b0400.sdhci: Got CD GPIO
[    4.759927] sdhci-tegra 700b0400.sdhci: Got WP GPIO
[    4.768056] mmc2: Unknown controller version (3). You may experience problems.
[    4.775408] mmc2: Invalid maximum block size, assuming 512 bytes
[    4.817751] mmc1: new high speed SDIO card at address 0001
[    4.844798] mmc2: SDHCI controller on 700b0400.sdhci [700b0400.sdhci] using ADMA 64-bit
[    4.952716] [drm] Supports vblank timestamp caching Rev 2 (21.10.2013).
[    4.959372] [drm] No driver support for vblank timestamp query.
[    4.994693] usb 1-2: new high-speed USB device number 2 using tegra-xusb
[    5.006053] mmc2: new high speed SDHC card at address 0007
[    5.006642] mmcblk2: mmc2:0007 SD08G 7.42 GiB 
[    5.015215] GPT:Primary header alternate_lba != Alt. header my_lba
[    5.015218] GPT:3014591 != 15564799
[    5.015219] GPT:Primary header thinks Alt. header is not at the end of the disk.
[    5.015220] GPT:3014591 != 15564799
[    5.015221] GPT: Use GNU Parted to correct GPT errors.
[    5.015248]  mmcblk2: p1 p2 p3 p4 p5 p6 p7 p8 p9 p10 p11 p12
[    5.022487] Console: switching to colour frame buffer device 170x48
[    5.080668] drm drm: fb0:  frame buffer device
[    5.124722] [drm] Initialized tegra 0.0.0 20120330 on minor 0
[    5.131148] input: gpio-keys as /devices/soc0/gpio-keys/input/input4
[    5.138788] as3722-rtc as3722-rtc: setting system clock to 2000-01-01 00:00:25 UTC (946684825)
[    5.153060] +1.8V_RUN_CAM: disabling
[    5.156908] +1.2V_RUN_CAM_FRONT: disabling
[    5.161205] +1.05V_RUN_CAM_REAR: disabling
[    5.165577] +2.8V_RUN_TOUCH: disabling
[    5.169580] +2.8V_RUN_CAM_AF: disabling
[    5.173620] +1.8V_RUN_VPP_FUSE: disabling
[    5.177838] +5V_VDD_TS_SW: disabling
[    5.181596] ALSA device list:
[    5.184556]   #0: tegra-hda at 0x70038000 irq 341
[    5.189305]   #1: GoogleNyanBig
[    5.193245] EXT4-fs (mmcblk0p3): couldn't mount as ext3 due to feature incompatibilities
[    5.309437] uvcvideo: Found UVC 1.00 device HD WebCam (1bcf:2c67)
[    5.324524] input: HD WebCam as /devices/soc0/70090000.usb/usb1/1-2/1-2:1.0/input/input5
[    5.634954] EXT4-fs (mmcblk0p3): recovery complete
[    5.640526] EXT4-fs (mmcblk0p3): mounted filesystem with ordered data mode. Opts: (null)
[    5.648674] VFS: Mounted root (ext4 filesystem) on device 179:3.
[    5.655809] devtmpfs: mounted
[    5.659210] Freeing unused kernel memory: 1024K (c0c00000 - c0d00000)
[    5.665686] usb 1-3: new high-speed USB device number 3 using tegra-xusb
bash: cannot set terminal process group (-1): Inappropriate ioctl for device
bash: no job control in this shell
root@(none):/# [    6.739103] asix 1-3:1.0 eth0: register 'asix' at usb-70090000.usb-3, ASIX AX88772 USB 2.0 Ethernet, c8:d7:19:90:fa:65
[    7.084720] usb 1-1: new high-speed USB device number 4 using tegra-xusb
[    7.273482] usb-storage 1-1:1.0: USB Mass Storage device detected
[    7.280411] scsi host0: usb-storage 1-1:1.0
[    7.374824] scsi host0: runtime PM trying to activate child device host0 but parent (1-1:1.0) is not active
[    8.406779] scsi 0:0:0:0: Direct-Access     SanDisk  SDDR-113         9412 PQ: 0 ANSI: 0
[    8.579572] sd 0:0:0:0: [sda] 15523840 512-byte logical blocks: (7.95 GB/7.40 GiB)
[    8.588456] sd 0:0:0:0: [sda] Write Protect is off
[    8.593240] sd 0:0:0:0: [sda] Mode Sense: 03 00 00 00
[    8.599650] sd 0:0:0:0: [sda] No Caching mode page found
[    8.605019] sd 0:0:0:0: [sda] Assuming drive cache: write through
[    8.630913]  sda: sda1 sda2 sda3 sda4 sda5 sda6 sda7 sda8 sda9 sda10 sda11 sda12 sda13
[    8.645295] sd 0:0:0:0: [sda] Attached SCSI removable disk
mount -t sysfs none /sys
root@(none):/# 
root@(none):/# mount -t debugfs none /sys/kernel/debug
root@(none):/# 
root@(none):/# rtcwake -d rtc1 -m mem -s 3
rtcwake: assuming RTC uses UTC ...
rtcwake: wakeup from "mem" using /dev/rtc1 at Thu Jan  1 00:00:53 1970
[   31.865539] PM: Syncing filesystems ... done.
[   31.875387] Freezing user space processes ... (elapsed 0.001 seconds) done.
[   31.883548] Double checking all user space processes after OOM killer disable... (elapsed 0.000 seconds) 
[   31.893199] Freezing remaining freezable tasks ... (elapsed 0.001 seconds) done.
[   31.901836] Suspending console(s) (use no_console_suspend to debug)
[   32.126093] PM: suspend of devices complete after 217.396 msecs
[   32.127722] PM: late suspend of devices complete after 1.620 msecs
[   32.128543] PM: noirq suspend of devices complete after 0.817 msecs
[   32.128545] Disabling non-boot CPUs ...
[   32.184971] CPU1: shutdown
[   32.294991] CPU2: shutdown
[   32.404836] IRQ17 no longer affine to CPU3
[   32.405005] CPU3: shutdown
[   32.455462] Entering suspend state LP1
[   32.455475] Enabling non-boot CPUs ...
[   32.515841] CPU1 is up
[   32.576009] CPU2 is up
[   32.636229] CPU3 is up
[   32.636802] PM: noirq resume of devices complete after 0.568 msecs
[   32.638097] PM: early resume of devices complete after 0.807 msecs
[   32.680229] mmc1: Switching to 3.3V signalling voltage failed
[   32.934643] tegra-sor 54540000.sor: failed to attach SOR: -110
[   32.951165] PM: resume of devices complete after 313.063 msecs
[   33.030559] Restarting tasks ... done.
root@(none):/# 
root@(none):/# rtcwake -d rtc1 -m mem -s 3
rtcwake: assuming RTC uses UTC ...
rtcwake: wakeup from "mem" using /dev/rtc1 at Thu Jan  1 00:00:58 1970
[   34.064412] PM: Syncing filesystems ... done.
[   34.073909] Freezing user space processes ... (elapsed 0.001 seconds) done.
[   34.082096] Double checking all user space processes after OOM killer disable... (elapsed 0.000 seconds) 
[   34.091812] Freezing remaining freezable tasks ... (elapsed 0.001 seconds) done.
[   34.100456] Suspending console(s) (use no_console_suspend to debug)
[   34.316010] PM: suspend of devices complete after 208.690 msecs
[   34.316898] PM: late suspend of devices complete after 0.883 msecs
[   34.317712] PM: noirq suspend of devices complete after 0.810 msecs
[   34.317714] Disabling non-boot CPUs ...
[   34.354969] CPU1: shutdown
[   34.454958] CPU2: shutdown
[   34.564928] CPU3: shutdown
[   34.615433] Entering suspend state LP1
[   34.615459] Enabling non-boot CPUs ...
[   34.675826] CPU1 is up
[   34.735983] CPU2 is up
[   34.796208] CPU3 is up
[   34.796770] PM: noirq resume of devices complete after 0.557 msecs
[   34.798635] PM: early resume of devices complete after 1.367 msecs
[   34.850505] mmc1: Switching to 3.3V signalling voltage failed
[   35.034956] usb 1-1: reset high-speed USB device number 4 using tegra-xusb
[   35.104613] tegra-sor 54540000.sor: failed to attach SOR: -110
[   35.211605] PM: resume of devices complete after 412.958 msecs
[   35.293848] Restarting tasks ... done.
root@(none):/# 
root@(none):/# rtcwake -d rtc1 -m mem -s 3
rtcwake: assuming RTC uses UTC ...
rtcwake: wakeup from "mem" using /dev/rtc1 at Thu Jan  1 00:01:03 1970
[   36.224414] PM: Syncing filesystems ... done.
[   36.233781] Freezing user space processes ... (elapsed 0.001 seconds) done.
[   36.242001] Double checking all user space processes after OOM killer disable... (elapsed 0.000 seconds) 
[   36.251669] Freezing remaining freezable tasks ... (elapsed 0.001 seconds) done.
[   36.260383] Suspending console(s) (use no_console_suspend to debug)
[   36.485984] PM: suspend of devices complete after 218.739 msecs
[   36.486873] PM: late suspend of devices complete after 0.884 msecs
[   36.487689] PM: noirq suspend of devices complete after 0.813 msecs
[   36.487691] Disabling non-boot CPUs ...
[   36.524946] CPU1: shutdown
[   36.624938] CPU2: shutdown
[   36.724906] CPU3: shutdown
[   36.775408] Entering suspend state LP1
[   36.775434] Enabling non-boot CPUs ...
[   36.835806] CPU1 is up
[   36.895966] CPU2 is up
[   36.956184] CPU3 is up
[   36.956761] PM: noirq resume of devices complete after 0.572 msecs
[   36.958714] PM: early resume of devices complete after 1.441 msecs
[   37.010430] mmc1: Switching to 3.3V signalling voltage failed
[   37.264585] tegra-sor 54540000.sor: failed to attach SOR: -110
[   37.281584] PM: resume of devices complete after 322.864 msecs
[   37.356916] Restarting tasks ... done.
root@(none):/# 
root@(none):/# rtcwake -d rtc1 -m mem -s 3
rtcwake: assuming RTC uses UTC ...
rtcwake: wakeup from "mem" using /dev/rtc1 at Thu Jan  1 00:01:08 1970
[   38.384435] PM: Syncing filesystems ... done.
[   38.393729] Freezing user space processes ... (elapsed 0.001 seconds) done.
[   38.401950] Double checking all user space processes after OOM killer disable... (elapsed 0.000 seconds) 
[   38.411621] Freezing remaining freezable tasks ... (elapsed 0.001 seconds) done.
[   38.420349] Suspending console(s) (use no_console_suspend to debug)
[   38.645961] PM: suspend of devices complete after 218.748 msecs
[   38.646849] PM: late suspend of devices complete after 0.884 msecs
[   38.647664] PM: noirq suspend of devices complete after 0.812 msecs
[   38.647666] Disabling non-boot CPUs ...
[   38.684925] CPU1: shutdown
[   38.784915] CPU2: shutdown
[   38.884878] CPU3: shutdown
[   38.935383] Entering suspend state LP1
[   38.935410] Enabling non-boot CPUs ...
[   38.995787] CPU1 is up
[   39.055942] CPU2 is up
[   39.116168] CPU3 is up
[   39.116713] PM: noirq resume of devices complete after 0.540 msecs
[   39.118383] PM: early resume of devices complete after 1.167 msecs
[   39.159691] mmc1: Switching to 3.3V signalling voltage failed
[   39.344903] usb 1-1: reset high-speed USB device number 4 using tegra-xusb
[   39.414557] tegra-sor 54540000.sor: failed to attach SOR: -110
[   39.521729] PM: resume of devices complete after 403.336 msecs
[   39.603919] Restarting tasks ... done.
root@(none):/# 
root@(none):/# rtcwake -d rtc1 -m mem -s 3
rtcwake: assuming RTC uses UTC ...
rtcwake: wakeup from "mem" using /dev/rtc1 at Thu Jan  1 00:01:13 1970
[   40.544350] PM: Syncing filesystems ... done.
[   40.553723] Freezing user space processes ... (elapsed 0.001 seconds) done.
[   40.561943] Double checking all user space processes after OOM killer disable... (elapsed 0.000 seconds) 
[   40.571611] Freezing remaining freezable tasks ... (elapsed 0.001 seconds) done.
[   40.580267] Suspending console(s) (use no_console_suspend to debug)
[   40.795935] PM: suspend of devices complete after 208.798 msecs
[   40.796826] PM: late suspend of devices complete after 0.886 msecs
[   40.797645] PM: noirq suspend of devices complete after 0.816 msecs
[   40.797647] Disabling non-boot CPUs ...
[   40.834899] CPU1: shutdown
[   40.934885] CPU2: shutdown
[   41.044852] CPU3: shutdown
[   41.095357] Entering suspend state LP1
[   41.095383] Enabling non-boot CPUs ...
[   41.155779] CPU1 is up
[   41.215911] CPU2 is up
[   41.276135] CPU3 is up
[   41.276651] PM: noirq resume of devices complete after 0.512 msecs
[   41.278589] PM: early resume of devices complete after 1.428 msecs
[   41.319809] mmc1: Switching to 3.3V signalling voltage failed
[   41.504889] usb 1-1: reset high-speed USB device number 4 using tegra-xusb
[   41.574606] tegra-sor 54540000.sor: failed to attach SOR: -110
[   41.681617] PM: resume of devices complete after 403.018 msecs
[   41.763823] Restarting tasks ... done.
root@(none):/# 
root@(none):/# rtcwake -d rtc1 -m mem -s 3
rtcwake: assuming RTC uses UTC ...
rtcwake: wakeup from "mem" using /dev/rtc1 at Thu Jan  1 00:01:18 1970
[   42.704317] PM: Syncing filesystems ... done.
[   42.713685] Freezing user space processes ... (elapsed 0.001 seconds) done.
[   42.721896] Double checking all user space processes after OOM killer disable... (elapsed 0.000 seconds) 
[   42.731562] Freezing remaining freezable tasks ... (elapsed 0.001 seconds) done.
[   42.740214] Suspending console(s) (use no_console_suspend to debug)
[   42.955910] PM: suspend of devices complete after 208.830 msecs
[   42.956799] PM: late suspend of devices complete after 0.885 msecs
[   42.957618] PM: noirq suspend of devices complete after 0.815 msecs
[   42.957620] Disabling non-boot CPUs ...
[   42.994874] CPU1: shutdown
[   43.104859] CPU2: shutdown
[   43.214824] CPU3: shutdown
[   43.265336] Entering suspend state LP1
[   43.265362] Enabling non-boot CPUs ...
[   43.325739] CPU1 is up
[   43.385887] CPU2 is up
[   43.446117] CPU3 is up
[   43.446627] PM: noirq resume of devices complete after 0.505 msecs
[   43.448241] PM: early resume of devices complete after 1.101 msecs
[   43.489688] mmc1: Switching to 3.3V signalling voltage failed
[   43.674849] usb 1-1: reset high-speed USB device number 4 using tegra-xusb
[   43.744561] tegra-sor 54540000.sor: failed to attach SOR: -110
[   43.851616] PM: resume of devices complete after 403.364 msecs
[   43.933834] Restarting tasks ... done.
root@(none):/# 
root@(none):/# rtcwake -d rtc1 -m mem -s 3
rtcwake: assuming RTC uses UTC ...
rtcwake: wakeup from "mem" using /dev/rtc1 at Thu Jan  1 00:01:23 1970
[   44.874305] PM: Syncing filesystems ... done.
[   44.883670] Freezing user space processes ... (elapsed 0.001 seconds) done.
[   44.891880] Double checking all user space processes after OOM killer disable... (elapsed 0.000 seconds) 
[   44.901547] Freezing remaining freezable tasks ... (elapsed 0.001 seconds) done.
[   44.910209] Suspending console(s) (use no_console_suspend to debug)
[   45.125937] PM: suspend of devices complete after 208.860 msecs
[   45.127566] PM: late suspend of devices complete after 1.619 msecs
[   45.128370] PM: noirq suspend of devices complete after 0.799 msecs
[   45.128372] Disabling non-boot CPUs ...
[   45.164852] CPU1: shutdown
[   45.274843] CPU2: shutdown
[   45.384628] IRQ17 no longer affine to CPU3
[   45.384803] CPU3: shutdown
[   45.435309] Entering suspend state LP1
[   45.435335] Enabling non-boot CPUs ...
[   45.495716] CPU1 is up
[   45.555865] CPU2 is up
[   45.616091] CPU3 is up
[   45.616606] PM: noirq resume of devices complete after 0.511 msecs
[   45.618492] PM: early resume of devices complete after 1.386 msecs
[   45.659567] mmc1: Switching to 3.3V signalling voltage failed
[   45.914517] tegra-sor 54540000.sor: failed to attach SOR: -110
[   45.930618] PM: resume of devices complete after 312.120 msecs
[   46.010039] Restarting tasks ... done.
root@(none):/# 
root@(none):/# rtcwake -d rtc1 -m mem -s 3
rtcwake: assuming RTC uses UTC ...
rtcwake: wakeup from "mem" using /dev/rtc1 at Thu Jan  1 00:01:28 1970
[   47.044312] PM: Syncing filesystems ... done.
[   47.053886] Freezing user space processes ... (elapsed 0.001 seconds) done.
[   47.062105] Double checking all user space processes after OOM killer disable... (elapsed 0.000 seconds) 
[   47.071773] Freezing remaining freezable tasks ... (elapsed 0.001 seconds) done.
[   47.080463] Suspending console(s) (use no_console_suspend to debug)
[   47.295892] PM: suspend of devices complete after 208.560 msecs
[   47.296844] PM: late suspend of devices complete after 0.944 msecs
[   47.297700] PM: noirq suspend of devices complete after 0.852 msecs
[   47.297702] Disabling non-boot CPUs ...
[   47.334831] CPU1: shutdown
[   47.434809] CPU2: shutdown
[   47.544603] IRQ17 no longer affine to CPU3
[   47.544779] CPU3: shutdown
[   47.595286] Entering suspend state LP1
[   47.595312] Enabling non-boot CPUs ...
[   47.655688] CPU1 is up
[   47.715843] CPU2 is up
[   47.776065] CPU3 is up
[   47.776576] PM: noirq resume of devices complete after 0.507 msecs
[   47.778303] PM: early resume of devices complete after 1.213 msecs
[   47.819489] mmc1: Switching to 3.3V signalling voltage failed
[   48.074462] tegra-sor 54540000.sor: failed to attach SOR: -110
[   48.090547] PM: resume of devices complete after 312.235 msecs
[   48.169953] Restarting tasks ... done.
root@(none):/# 
root@(none):/# rtcwake -d rtc1 -m mem -s 3
rtcwake: assuming RTC uses UTC ...
rtcwake: wakeup from "mem" using /dev/rtc1 at Thu Jan  1 00:01:33 1970
[   49.204241] PM: Syncing filesystems ... done.
[   49.213614] Freezing user space processes ... (elapsed 0.001 seconds) done.
[   49.221831] Double checking all user space processes after OOM killer disable... (elapsed 0.000 seconds) 
[   49.231500] Freezing remaining freezable tasks ... (elapsed 0.001 seconds) done.
[   49.240158] Suspending console(s) (use no_console_suspend to debug)
[   49.455835] PM: suspend of devices complete after 208.812 msecs
[   49.456722] PM: late suspend of devices complete after 0.882 msecs
[   49.457533] PM: noirq suspend of devices complete after 0.808 msecs
[   49.457535] Disabling non-boot CPUs ...
[   49.494801] CPU1: shutdown
[   49.594788] CPU2: shutdown
[   49.694753] CPU3: shutdown
[   49.745257] Entering suspend state LP1
[   49.745284] Enabling non-boot CPUs ...
[   49.805663] CPU1 is up
[   49.865819] CPU2 is up
[   49.926041] CPU3 is up
[   49.926548] PM: noirq resume of devices complete after 0.502 msecs
[   49.928217] PM: early resume of devices complete after 1.180 msecs
[   49.969579] mmc1: Switching to 3.3V signalling voltage failed
[   50.154788] usb 1-1: reset high-speed USB device number 4 using tegra-xusb
[   50.224412] tegra-sor 54540000.sor: failed to attach SOR: -110
[   50.331190] PM: resume of devices complete after 402.963 msecs
[   50.413431] Restarting tasks ... done.
root@(none):/# 
root@(none):/# rtcwake -d rtc1 -m mem -s 3
rtcwake: assuming RTC uses UTC ...
rtcwake: wakeup from "mem" using /dev/rtc1 at Thu Jan  1 00:01:38 1970
[   51.354226] PM: Syncing filesystems ... done.
[   51.363594] Freezing user space processes ... (elapsed 0.001 seconds) done.
[   51.371726] Double checking all user space processes after OOM killer disable... (elapsed 0.000 seconds) 
[   51.381395] Freezing remaining freezable tasks ... (elapsed 0.001 seconds) done.
[   51.390049] Suspending console(s) (use no_console_suspend to debug)
[   51.605809] PM: suspend of devices complete after 208.893 msecs
[   51.606695] PM: late suspend of devices complete after 0.882 msecs
[   51.607503] PM: noirq suspend of devices complete after 0.805 msecs
[   51.607505] Disabling non-boot CPUs ...
[   51.644777] CPU1: shutdown
[   51.744757] CPU2: shutdown
[   51.844724] CPU3: shutdown
[   51.895233] Entering suspend state LP1
[   51.895259] Enabling non-boot CPUs ...
[   51.955643] CPU1 is up
[   52.015793] CPU2 is up
[   52.076026] CPU3 is up
[   52.076560] PM: noirq resume of devices complete after 0.529 msecs
[   52.078482] PM: early resume of devices complete after 1.420 msecs
[   52.120276] mmc1: Switching to 3.3V signalling voltage failed
[   52.304753] usb 1-1: reset high-speed USB device number 4 using tegra-xusb
[   52.374430] tegra-sor 54540000.sor: failed to attach SOR: -110
[   52.481415] PM: resume of devices complete after 402.923 msecs
[   52.563697] Restarting tasks ... done.
root@(none):/# 
root@(none):/# NVTB SYSTEM SUSPEND TEST COMPLETE
