Diff for ./qemu-vexpress64/__internal/defconfig_log.txt
--- /tmp/fooa	2017-11-13 02:11:39.151831575 -0800
+++ /tmp/foob	2017-11-13 02:11:39.155831593 -0800
@@ -1,5 +1,5 @@
 Booting Linux on physical CPU 0x0
-Linux version 4.14.0-rc8-201588-g39dae59 (jonathanh@kaivo) (gcc version 4.9.2 20140904 (prerelease) (crosstool-NG linaro-1.13.1-4.9-2014.09 - Linaro GCC 4.9-2014.09)) #1 SMP PREEMPT Sun Nov 5 13:40:40 PST 2017
+Linux version 4.14.0-201708-gbebc608 (jonathanh@sellafield) (gcc version 4.9.2 20140904 (prerelease) (crosstool-NG linaro-1.13.1-4.9-2014.09 - Linaro GCC 4.9-2014.09)) #1 SMP PREEMPT Mon Nov 13 02:07:13 PST 2017
 Boot CPU: AArch64 Processor [411fd070]
 Machine model: linux,dummy-virt
 Memory limited to 1024MB
@@ -179,7 +179,7 @@
 Key type dns_resolver registered
 registered taskstats version 1
 input: gpio-keys as /devices/platform/gpio-keys/input/input0
-rtc-pl031 9010000.pl031: setting system clock to 2017-11-05 21:41:21 UTC (1509918081)
+rtc-pl031 9010000.pl031: setting system clock to 2017-11-13 10:08:04 UTC (1510567684)
 ALSA device list:
   No soundcards found.
 uart-pl011 9000000.pl011: no DMA platform data
Diff for ./tegra114-dalmore-a04/tegra114-dalmore/multi_v7_defconfig_log.txt
--- /tmp/fooa	2017-11-13 02:11:39.159831611 -0800
+++ /tmp/foob	2017-11-13 02:11:39.163831629 -0800
@@ -40,7 +40,7 @@
 	 #################################################################
 	 #################################################################
 	 #####################################
-	 3 MiB/s
+	 2.9 MiB/s
 done
 Bytes transferred = 8167936 (7ca200 hex)
 Tegra114 (Dalmore) # tftpboot 0x82000000 tegra114-dalmore.dtb
@@ -49,7 +49,7 @@
 Filename 'tegra114-dalmore.dtb'.
 Load address: 0x82000000
 Loading: *###
-	 2.8 MiB/s
+	 3 MiB/s
 done
 Bytes transferred = 35036 (88dc hex)
 Tegra114 (Dalmore) # bootz 0x81000000 - 0x82000000
@@ -61,7 +61,7 @@
 Starting kernel ...
 
 Booting Linux on physical CPU 0x0
-Linux version 4.14.0-rc8-201588-g39dae59 (jonathanh@sellafield) (gcc version 4.7.3 20130328 (prerelease) (crosstool-NG linaro-1.13.1-4.7-2013.04-20130415 - Linaro GCC 2013.04)) #1 SMP Sun Nov 5 13:36:06 PST 2017
+Linux version 4.14.0-201708-gbebc608 (jonathanh@sellafield) (gcc version 4.7.3 20130328 (prerelease) (crosstool-NG linaro-1.13.1-4.7-2013.04-20130415 - Linaro GCC 2013.04)) #1 SMP Mon Nov 13 02:04:20 PST 2017
 CPU: ARMv7 Processor [412fc0f2] revision 2 (ARMv7), cr=10c5387d
 CPU: div instructions available: patching division code
 CPU: PIPT / VIPT nonaliasing data cache, PIPT instruction cache
@@ -401,7 +401,7 @@
 hub 1-0:1.0: USB hub found
 hub 1-0:1.0: 1 port detected
 input: gpio-keys as /devices/soc0/gpio-keys/input/input0
-palmas-rtc 7000d000.i2c:tps65913@58:rtc: setting system clock to 2000-03-29 04:34:41 UTC (954304481)
+palmas-rtc 7000d000.i2c:tps65913@58:rtc: setting system clock to 2000-04-05 17:00:16 UTC (954954016)
 dvdd_ts: disabling
 usb1_vbus: disabling
 vdd_cam_1v8_reg: disabling
Diff for ./tegra114-dalmore-a04/tegra114-dalmore/tegra_defconfig_log.txt
--- /tmp/fooa	2017-11-13 02:11:39.167831645 -0800
+++ /tmp/foob	2017-11-13 02:11:39.171831663 -0800
@@ -38,9 +38,9 @@
 	 #################################################################
 	 #################################################################
 	 ########################################
-	 2.8 MiB/s
+	 3.5 MiB/s
 done
-Bytes transferred = 6299560 (601fa8 hex)
+Bytes transferred = 6299272 (601e88 hex)
 Tegra114 (Dalmore) # tftpboot 0x82000000 tegra114-dalmore.dtb
 Using asx0 device
 TFTP from server 192.168.100.1; our IP address is 192.168.100.100
@@ -51,7 +51,7 @@
 done
 Bytes transferred = 35036 (88dc hex)
 Tegra114 (Dalmore) # bootz 0x81000000 - 0x82000000
-Kernel image @ 0x81000000 [ 0x000000 - 0x601fa8 ]
+Kernel image @ 0x81000000 [ 0x000000 - 0x601e88 ]
 ## Flattened Device Tree blob at 82000000
    Booting using the fdt blob at 0x82000000
    Loading Device Tree to 8fff4000, end 8ffff8db ... OK
@@ -60,7 +60,7 @@
 
 Uncompressing Linux... done, booting the kernel.
 Booting Linux on physical CPU 0x0
-Linux version 4.14.0-rc8-201588-g39dae59 (jonathanh@kaivo) (gcc version 4.7.3 20130328 (prerelease) (crosstool-NG linaro-1.13.1-4.7-2013.04-20130415 - Linaro GCC 2013.04)) #1 SMP PREEMPT Sun Nov 5 13:36:04 PST 2017
+Linux version 4.14.0-201708-gbebc608 (jonathanh@kaivo) (gcc version 4.7.3 20130328 (prerelease) (crosstool-NG linaro-1.13.1-4.7-2013.04-20130415 - Linaro GCC 2013.04)) #1 SMP PREEMPT Mon Nov 13 02:04:38 PST 2017
 CPU: ARMv7 Processor [412fc0f2] revision 2 (ARMv7), cr=10c5387d
 CPU: div instructions available: patching division code
 CPU: PIPT / VIPT nonaliasing data cache, PIPT instruction cache
@@ -70,7 +70,7 @@
 Memory policy: Data cache writealloc
 cma: Reserved 64 MiB at 0xfbc00000
 On node 0 totalpages: 524032
-free_area_init_node: node 0, pgdat c0fb9880, node_mem_map eeff7000
+free_area_init_node: node 0, pgdat c0fb98c0, node_mem_map eeff7000
   Normal zone: 1536 pages used for memmap
   Normal zone: 0 pages reserved
   Normal zone: 196608 pages, LIFO batch:31
@@ -94,7 +94,7 @@
     modules : 0xbf000000 - 0xbfe00000   (  14 MB)
       .text : 0xc0008000 - 0xc0a00000   (10208 kB)
       .init : 0xc0e00000 - 0xc0f00000   (1024 kB)
-      .data : 0xc0f00000 - 0xc0fc49a0   ( 787 kB)
+      .data : 0xc0f00000 - 0xc0fc49e0   ( 787 kB)
        .bss : 0xc0fce520 - 0xc101987c   ( 301 kB)
 Preemptible hierarchical RCU implementation.
 	Tasks RCU enabled.
@@ -396,7 +396,7 @@
 hub 1-0:1.0: USB hub found
 hub 1-0:1.0: 1 port detected
 input: gpio-keys as /devices/soc0/gpio-keys/input/input1
-palmas-rtc 7000d000.i2c:tps65913@58:rtc: setting system clock to 2000-03-29 04:31:47 UTC (954304307)
+palmas-rtc 7000d000.i2c:tps65913@58:rtc: setting system clock to 2000-04-05 17:02:50 UTC (954954170)
 dvdd_ts: disabling
 usb1_vbus: disabling
 vdd_cam_1v8_reg: disabling
@@ -410,4 +410,4 @@
 Freeing unused kernel memory: 1024K
 bash: cannot set terminal process group (-1): Inappropriate ioctl for device
 bash: no job control in this shell
-root@(none):/# [    3.190456] usb 1-1: new high-speed USB device number 2 using tegra-ehci
+root@(none):/# [    3.190237] usb 1-1: new high-speed USB device number 2 using tegra-ehci
Diff for ./tegra124-jetson-tk1/tegra124-jetson-tk1/multi_v7_defconfig_log.txt
--- /tmp/fooa	2017-11-13 02:11:39.179831699 -0800
+++ /tmp/foob	2017-11-13 02:11:39.179831699 -0800
@@ -35,7 +35,7 @@
 	 #################################################################
 	 #################################################################
 	 #####################################
-	 3.3 MiB/s
+	 3.6 MiB/s
 done
 Bytes transferred = 8167936 (7ca200 hex)
 Tegra124 (Jetson TK1) # tftpboot 0x83000000 tegra124-jetson-tk1.dtb
@@ -44,7 +44,7 @@
 Filename 'tegra124-jetson-tk1.dtb'.
 Load address: 0x83000000
 Loading: *#####
-	 3 MiB/s
+	 3.8 MiB/s
 done
 Bytes transferred = 67173 (10665 hex)
 Tegra124 (Jetson TK1) # bootz 0x82000000 - 0x83000000
@@ -56,7 +56,7 @@
 Starting kernel ...
 
 Booting Linux on physical CPU 0x0
-Linux version 4.14.0-rc8-201588-g39dae59 (jonathanh@sellafield) (gcc version 4.7.3 20130328 (prerelease) (crosstool-NG linaro-1.13.1-4.7-2013.04-20130415 - Linaro GCC 2013.04)) #1 SMP Sun Nov 5 13:36:06 PST 2017
+Linux version 4.14.0-201708-gbebc608 (jonathanh@sellafield) (gcc version 4.7.3 20130328 (prerelease) (crosstool-NG linaro-1.13.1-4.7-2013.04-20130415 - Linaro GCC 2013.04)) #1 SMP Mon Nov 13 02:04:20 PST 2017
 CPU: ARMv7 Processor [413fc0f3] revision 3 (ARMv7), cr=10c5387d
 CPU: div instructions available: patching division code
 CPU: PIPT / VIPT nonaliasing data cache, PIPT instruction cache
@@ -529,7 +529,7 @@
 cpufreq: cpufreq_online: CPU0: Running at unlisted freq: 696000 KHz
 cpufreq: cpufreq_online: CPU0: Unlisted initial frequency changed to: 714000 KHz
 input: gpio-keys as /devices/soc0/gpio-keys/input/input0
-as3722-rtc as3722-rtc: setting system clock to 2000-01-01 00:01:56 UTC (946684916)
+as3722-rtc as3722-rtc: setting system clock to 2000-01-01 00:00:14 UTC (946684814)
 +USB0_VBUS_SW: disabling
 +1.8V_RUN_CAM: disabling
 +2.8V_RUN_CAM: disabling
Diff for ./tegra124-jetson-tk1/tegra124-jetson-tk1/tegra_defconfig_log.txt
--- /tmp/fooa	2017-11-13 02:11:39.231831927 -0800
+++ /tmp/foob	2017-11-13 02:11:39.235831944 -0800
@@ -9,7 +9,7 @@
 Model: NVIDIA Jetson TK1
 Board: NVIDIA Jetson TK1
 DRAM:  2 GiB
-MC:   Tegra SD/MMC: 0, Tegra SD/MMC: 1
+MMC:   Tegra SD/MMC: 0, Tegra SD/MMC: 1
 In:    serial
 Out:   serial
 Err:   serial
@@ -33,20 +33,20 @@
 	 #################################################################
 	 #################################################################
 	 ########################################
-	 3.6 MiB/s
+	 3.3 MiB/s
 done
-Bytes transferred = 6299560 (601fa8 hex)
+Bytes transferred = 6299272 (601e88 hex)
 Tegra124 (Jetson TK1) # tftpboot 0x83000000 tegra124-jetson-tk1.dtb
 Using eth_rtl8169 device
 TFTP from server 192.168.100.1; our IP address is 192.168.100.102
 Filename 'tegra124-jetson-tk1.dtb'.
 Load address: 0x83000000
 Loading: *#####
-	 3.4 MiB/s
+	 3.2 MiB/s
 done
 Bytes transferred = 67173 (10665 hex)
 Tegra124 (Jetson TK1) # bootz 0x82000000 - 0x83000000
-Kernel image @ 0x82000000 [ 0x000000 - 0x601fa8 ]
+Kernel image @ 0x82000000 [ 0x000000 - 0x601e88 ]
 ## Flattened Device Tree blob at 83000000
    Booting using the fdt blob at 0x83000000
    Using Device Tree in place at 83000000, end 83013664
@@ -55,7 +55,7 @@
 
 Uncompressing Linux... done, booting the kernel.
 Booting Linux on physical CPU 0x0
-Linux version 4.14.0-rc8-201588-g39dae59 (jonathanh@kaivo) (gcc version 4.7.3 20130328 (prerelease) (crosstool-NG linaro-1.13.1-4.7-2013.04-20130415 - Linaro GCC 2013.04)) #1 SMP PREEMPT Sun Nov 5 13:36:04 PST 2017
+Linux version 4.14.0-201708-gbebc608 (jonathanh@kaivo) (gcc version 4.7.3 20130328 (prerelease) (crosstool-NG linaro-1.13.1-4.7-2013.04-20130415 - Linaro GCC 2013.04)) #1 SMP PREEMPT Mon Nov 13 02:04:38 PST 2017
 CPU: ARMv7 Processor [413fc0f3] revision 3 (ARMv7), cr=10c5387d
 CPU: div instructions available: patching division code
 CPU: PIPT / VIPT nonaliasing data cache, PIPT instruction cache
@@ -65,7 +65,7 @@
 Memory policy: Data cache writealloc
 cma: Reserved 64 MiB at 0xfbc00000
 On node 0 totalpages: 524032
-free_area_init_node: node 0, pgdat c0fb9880, node_mem_map eeff7000
+free_area_init_node: node 0, pgdat c0fb98c0, node_mem_map eeff7000
   Normal zone: 1536 pages used for memmap
   Normal zone: 0 pages reserved
   Normal zone: 196608 pages, LIFO batch:31
@@ -89,7 +89,7 @@
     modules : 0xbf000000 - 0xbfe00000   (  14 MB)
       .text : 0xc0008000 - 0xc0a00000   (10208 kB)
       .init : 0xc0e00000 - 0xc0f00000   (1024 kB)
-      .data : 0xc0f00000 - 0xc0fc49a0   ( 787 kB)
+      .data : 0xc0f00000 - 0xc0fc49e0   ( 787 kB)
        .bss : 0xc0fce520 - 0xc101987c   ( 301 kB)
 Preemptible hierarchical RCU implementation.
 	Tasks RCU enabled.
@@ -537,7 +537,7 @@
 cpufreq: cpufreq_online: CPU0: Running at unlisted freq: 696000 KHz
 cpufreq: cpufreq_online: CPU0: Unlisted initial frequency changed to: 714000 KHz
 input: gpio-keys as /devices/soc0/gpio-keys/input/input2
-as3722-rtc as3722-rtc: setting system clock to 2000-01-01 00:00:14 UTC (946684814)
+as3722-rtc as3722-rtc: setting system clock to 2000-01-01 00:01:40 UTC (946684900)
 +USB0_VBUS_SW: disabling
 +1.8V_RUN_CAM: disabling
 +2.8V_RUN_CAM: disabling
Diff for ./tegra124-nyan-big/tegra124-nyan-big/multi_v7_defconfig_log.txt
--- /tmp/fooa	2017-11-13 02:11:39.255832032 -0800
+++ /tmp/foob	2017-11-13 02:11:39.259832050 -0800
@@ -5,7 +5,7 @@
 TEGRA124
 Model: Acer Chromebook 13 CB5-311
 DRAM:  4 GiB
-:   Tegra SD/MMC: 0, Tegra SD/MMC: 1, Tegra SD/MMC: 2
+C:   Tegra SD/MMC: 0, Tegra SD/MMC: 1, Tegra SD/MMC: 2
 MMC init failed
 Using default environment
 
@@ -43,7 +43,7 @@
 	 #################################################################
 	 #################################################################
 	 #####################################
-	 3.2 MiB/s
+	 2.9 MiB/s
 done
 Bytes transferred = 8167936 (7ca200 hex)
 Tegra124 (Nyan-big) # tftpboot 0x83000000 tegra124-nyan-big.dtb
@@ -52,7 +52,7 @@
 Filename 'tegra124-nyan-big.dtb'.
 Load address: 0x83000000
 Loading: *#####
-	 2.7 MiB/s
+	 2.6 MiB/s
 done
 Bytes transferred = 68203 (10a6b hex)
 Tegra124 (Nyan-big) # bootz 0x82000000 - 0x83000000
@@ -64,7 +64,7 @@
 Starting kernel ...
 
 Booting Linux on physical CPU 0x0
-Linux version 4.14.0-rc8-201588-g39dae59 (jonathanh@sellafield) (gcc version 4.7.3 20130328 (prerelease) (crosstool-NG linaro-1.13.1-4.7-2013.04-20130415 - Linaro GCC 2013.04)) #1 SMP Sun Nov 5 13:36:06 PST 2017
+Linux version 4.14.0-201708-gbebc608 (jonathanh@sellafield) (gcc version 4.7.3 20130328 (prerelease) (crosstool-NG linaro-1.13.1-4.7-2013.04-20130415 - Linaro GCC 2013.04)) #1 SMP Mon Nov 13 02:04:20 PST 2017
 CPU: ARMv7 Processor [413fc0f3] revision 3 (ARMv7), cr=10c5387d
 CPU: div instructions available: patching division code
 CPU: PIPT / VIPT nonaliasing data cache, PIPT instruction cache
@@ -377,6 +377,8 @@
 sdhci-tegra 700b0400.sdhci: Got WP GPIO
 mmc0: Unknown controller version (3). You may experience problems.
 mmc0: Invalid maximum block size, assuming 512 bytes
+elan_i2c 1-0015: Elan Touchpad: Module ID: 0x002a, Firmware: 0x0005, Sample: 0x0007, IAP: 0x0009
+input: Elan Touchpad as /devices/soc0/7000c400.i2c/i2c-1/1-0015/input/input0
 mmc0: SDHCI controller on 700b0600.sdhci [700b0600.sdhci] using ADMA
 ledtrig-cpu: registered to indicate activity on CPUs
 usbcore: registered new interface driver usbhid
@@ -403,17 +405,16 @@
 +5V_USB_HS: supplied by +5V_SYS
 +5V_USB_SS: supplied by +5V_SYS
 +3.3V_PANEL: supplied by +3.3V_RUN
-elan_i2c 1-0015: Elan Touchpad: Module ID: 0x002a, Firmware: 0x0005, Sample: 0x0007, IAP: 0x0009
-input: Elan Touchpad as /devices/soc0/7000c400.i2c/i2c-1/1-0015/input/input0
++3.3V_LP0: supplied by +3.3V_SYS
 mmc0: new high speed MMC card at address 0001
 mmcblk0: mmc0:0001 MMC16G 14.4 GiB 
 mmcblk0boot0: mmc0:0001 MMC16G partition 1 2.00 MiB
 mmcblk0boot1: mmc0:0001 MMC16G partition 2 2.00 MiB
 mmcblk0rpmb: mmc0:0001 MMC16G partition 3 128 KiB
  mmcblk0: p1 p2 p3 p4 p5 p6 p7 p8 p9 p10 p11 p12
-+3.3V_LP0: supplied by +3.3V_SYS
 +1.05V_RUN_AVDD_HDMI_PLL: supplied by +1.05V_RUN
 elan_i2c 1-0015: failed to read report data: -121
+elan_i2c 1-0015: failed to read report data: -121
 +5V_HDMI_CON: supplied by +5V_SYS
  usb3-0: usb3-0 supply vbus not found, using dummy regulator
  usb3-1: usb3-1 supply vbus not found, using dummy regulator
@@ -424,8 +425,8 @@
 mmc1: Invalid maximum block size, assuming 512 bytes
 mmc1: Switching to 3.3V signalling voltage failed
 mmc1: SDHCI controller on 700b0000.sdhci [700b0000.sdhci] using ADMA
-elan_i2c 1-0015: invalid report id data (ff)
 sdhci-tegra 700b0400.sdhci: Got CD GPIO
+elan_i2c 1-0015: invalid report id data (ff)
 sdhci-tegra 700b0400.sdhci: Got WP GPIO
 mmc2: Unknown controller version (3). You may experience problems.
 mmc2: Invalid maximum block size, assuming 512 bytes
@@ -445,7 +446,7 @@
 drm drm: fb0:  frame buffer device
 [drm] Initialized tegra 0.0.0 20120330 for drm on minor 0
 input: gpio-keys as /devices/soc0/gpio-keys/input/input1
-as3722-rtc as3722-rtc: setting system clock to 2000-01-06 06:51:42 UTC (947141502)
+as3722-rtc as3722-rtc: setting system clock to 2000-01-13 19:20:00 UTC (947791200)
 +1.8V_RUN_CAM: disabling
 +3.3V_RUN_CAM: disabling
 +1.2V_RUN_CAM_FRONT: disabling
Diff for ./tegra124-nyan-big/tegra124-nyan-big/tegra_defconfig_log.txt
--- /tmp/fooa	2017-11-13 02:11:39.263832067 -0800
+++ /tmp/foob	2017-11-13 02:11:39.267832084 -0800
@@ -5,7 +5,7 @@
 TEGRA124
 Model: Acer Chromebook 13 CB5-311
 DRAM:  4 GiB
-:   Tegra SD/MMC: 0, Tegra SD/MMC: 1, Tegra SD/MMC: 2
+C:   Tegra SD/MMC: 0, Tegra SD/MMC: 1, Tegra SD/MMC: 2
 MMC init failed
 Using default environment
 
@@ -34,27 +34,27 @@
 TFTP from server 192.168.100.1; our IP address is 192.168.100.102
 Filename 'zImage.tegra_defconfig'.
 Load address: 0x82000000
-Loading: *#################################################################
+Loading: *T T ##################################################################
 	 #################################################################
 	 #################################################################
 	 #################################################################
 	 #################################################################
 	 #################################################################
 	 ########################################
-	 3.4 MiB/s
+	 455.1 KiB/s
 done
-Bytes transferred = 6299560 (601fa8 hex)
+Bytes transferred = 6299272 (601e88 hex)
 Tegra124 (Nyan-big) # tftpboot 0x83000000 tegra124-nyan-big.dtb
 Using asx0 device
 TFTP from server 192.168.100.1; our IP address is 192.168.100.102
 Filename 'tegra124-nyan-big.dtb'.
 Load address: 0x83000000
 Loading: *#####
-	 3.1 MiB/s
+	 2.7 MiB/s
 done
 Bytes transferred = 68203 (10a6b hex)
 Tegra124 (Nyan-big) # bootz 0x82000000 - 0x83000000
-Kernel image @ 0x82000000 [ 0x000000 - 0x601fa8 ]
+Kernel image @ 0x82000000 [ 0x000000 - 0x601e88 ]
 ## Flattened Device Tree blob at 83000000
    Booting using the fdt blob at 0x83000000
    Using Device Tree in place at 83000000, end 83013a6a
@@ -63,7 +63,7 @@
 
 Uncompressing Linux... done, booting the kernel.
 Booting Linux on physical CPU 0x0
-Linux version 4.14.0-rc8-201588-g39dae59 (jonathanh@kaivo) (gcc version 4.7.3 20130328 (prerelease) (crosstool-NG linaro-1.13.1-4.7-2013.04-20130415 - Linaro GCC 2013.04)) #1 SMP PREEMPT Sun Nov 5 13:36:04 PST 2017
+Linux version 4.14.0-201708-gbebc608 (jonathanh@kaivo) (gcc version 4.7.3 20130328 (prerelease) (crosstool-NG linaro-1.13.1-4.7-2013.04-20130415 - Linaro GCC 2013.04)) #1 SMP PREEMPT Mon Nov 13 02:04:38 PST 2017
 CPU: ARMv7 Processor [413fc0f3] revision 3 (ARMv7), cr=10c5387d
 CPU: div instructions available: patching division code
 CPU: PIPT / VIPT nonaliasing data cache, PIPT instruction cache
@@ -74,7 +74,7 @@
 Memory policy: Data cache writealloc
 cma: Reserved 64 MiB at 0xfbc00000
 On node 0 totalpages: 524287
-free_area_init_node: node 0, pgdat c0fb9880, node_mem_map eeff7000
+free_area_init_node: node 0, pgdat c0fb98c0, node_mem_map eeff7000
   Normal zone: 1536 pages used for memmap
   Normal zone: 0 pages reserved
   Normal zone: 196608 pages, LIFO batch:31
@@ -98,7 +98,7 @@
     modules : 0xbf000000 - 0xbfe00000   (  14 MB)
       .text : 0xc0008000 - 0xc0a00000   (10208 kB)
       .init : 0xc0e00000 - 0xc0f00000   (1024 kB)
-      .data : 0xc0f00000 - 0xc0fc49a0   ( 787 kB)
+      .data : 0xc0f00000 - 0xc0fc49e0   ( 787 kB)
        .bss : 0xc0fce520 - 0xc101987c   ( 301 kB)
 Preemptible hierarchical RCU implementation.
 	Tasks RCU enabled.
@@ -382,8 +382,8 @@
 mmcblk0boot1: mmc0:0001 MMC16G partition 2 2.00 MiB
 input: GoogleNyanBig Mic Jack as /devices/soc0/sound/sound/card1/input2
 mmcblk0rpmb: mmc0:0001 MMC16G partition 3 128 KiB
- mmcblk0: p1 p2 p3 p4 p5 p6 p7 p8 p9 p10 p11 p12
 NET: Registered protocol family 10
+ mmcblk0: p1 p2 p3 p4 p5 p6 p7 p8 p9 p10 p11 p12
 Segment Routing with IPv6
 mip6: Mobile IPv6
 sit: IPv6, IPv4 and MPLS over IPv4 tunneling driver
@@ -458,7 +458,7 @@
 drm drm: fb0:  frame buffer device
 [drm] Initialized tegra 0.0.0 20120330 for drm on minor 0
 input: gpio-keys as /devices/soc0/gpio-keys/input/input4
-as3722-rtc as3722-rtc: setting system clock to 2000-01-06 06:51:03 UTC (947141463)
+as3722-rtc as3722-rtc: setting system clock to 2000-01-13 19:19:26 UTC (947791166)
 +1.8V_RUN_CAM: disabling
 +1.2V_RUN_CAM_FRONT: disabling
 +1.05V_RUN_CAM_REAR: disabling
@@ -475,8 +475,8 @@
 VFS: Mounted root (ext4 filesystem) on device 179:3.
 devtmpfs: mounted
 Freeing unused kernel memory: 1024K
-uvcvideo: Found UVC 1.00 device HD WebCam (1bcf:2c67)
-input: HD WebCam: HD WebCam as /devices/soc0/70090000.usb/usb1/1-2/1-2:1.0/input/input5
-bash: cannot set terminal process group (-1): Inappropriate ioctl for device
+bash: cannot set terminal process group (-1): Inappropri[    3.151454] uvcvideo: Found UVC 1.00 device HD WebCam (1bcf:2c67)
+ate ioctl for device
 bash: no job control in this shell
+input: HD WebCam: HD WebCam as /devices/soc0/70090000.usb/usb1/1-2/1-2:1.0/input/input5
 root@(none):/# 
\ No newline at end of file
Diff for ./tegra132-norrin/tegra132-norrin/defconfig_log.txt
--- /tmp/fooa	2017-11-13 02:11:39.271832101 -0800
+++ /tmp/foob	2017-11-13 02:11:39.275832120 -0800
@@ -31,7 +31,7 @@
 MSENC clock is set to  79200 KHz
 Vde clock is set to 204000 KHz
 
-Bootloader-Cpu Init at (time stamp): 1801467 us
+Bootloader-Cpu Init at (time stamp): 1801079 us
 
 Pinmux changes applied in kernel way
 
@@ -62,22 +62,22 @@
 Board Id Read Time: 3 us
 Power Rail enable Time: 1 us
 
-Miscellaneous avp time: 1801441  us
-Bootloader (AosInit) time: 733440 us
-Bootloader Main Init time: 180133 us
-BlockDevMgrInit time: 157538 us
+Miscellaneous avp time: 1801053  us
+Bootloader (AosInit) time: 734234 us
+Bootloader Main Init time: 183842 us
+BlockDevMgrInit time: 157602 us
 PartMgrInit time: 8 us
 StorMgrInit time: 31 us
 FsMgrInit time: 2 us
-Partition Table load: 77088 us 
-Display init time: 574555 us
+Partition Table load: 77290 us 
+Display init time: 574412 us
 Kernel read time: 1345 msec
 Load Kernel Size:   17825792 Bytes
 Bl Kernel ReadSpeed: 13253000 Bytes/sec
-Pre-Kernel Jump time: 3839567 us
-Clearing 32 Bit State and Warm resetting to 64bit mode: 8802636 us
+Pre-Kernel Jump time: 3838928 us
+Clearing 32 Bit State and Warm resetting to 64bit mode: 8806896 us
 Booting Linux on physical CPU 0x0
-Linux version 4.14.0-rc8-201588-g39dae59 (jonathanh@kaivo) (gcc version 4.9.2 20140904 (prerelease) (crosstool-NG linaro-1.13.1-4.9-2014.09 - Linaro GCC 4.9-2014.09)) #1 SMP PREEMPT Sun Nov 5 13:40:40 PST 2017
+Linux version 4.14.0-201708-gbebc608 (jonathanh@sellafield) (gcc version 4.9.2 20140904 (prerelease) (crosstool-NG linaro-1.13.1-4.9-2014.09 - Linaro GCC 4.9-2014.09)) #1 SMP PREEMPT Mon Nov 13 02:07:13 PST 2017
 Boot CPU: AArch64 Processor [4e0f0000]
 Machine model: NVIDIA Tegra132 Norrin
 Memory limited to 1734MB
@@ -200,7 +200,7 @@
 Freeing initrd memory: 1284K
 kvm [1]: HYP mode not available
 audit: initializing netlink subsys (disabled)
-audit: type=2000 audit(0.975:1): state=initialized audit_enabled=0 res=1
+audit: type=2000 audit(0.983:1): state=initialized audit_enabled=0 res=1
 workingset: timestamp_bits=44 max_order=19 bucket_order=0
 squashfs: version 4.0 (2009/01/31) Phillip Lougher
 NFS: Registering the id_resolver key type
@@ -289,8 +289,8 @@
 +5V_HDMI_CON: disabling
 ALSA device list:
   No soundcards found.
-Freeing unused kernel memory: 1152K
 sdhci-tegra 700b0400.sdhci: Got WP GPIO
+Freeing unused kernel memory: 1152K
 
 System initialization...
 
Diff for ./tegra20-trimslice/tegra20-trimslice/multi_v7_defconfig_log.txt
--- /tmp/fooa	2017-11-13 02:11:39.279832137 -0800
+++ /tmp/foob	2017-11-13 02:11:39.283832154 -0800
@@ -19,7 +19,7 @@
 Out:   serial
 Err:   serial
 Net:   RTL8169#0
-Hit any key to stop autoboot:  2  1  0 
+Hit any key to stop autoboot:  2  0 
 Tegra20 (TrimSlice) # 
 Tegra20 (TrimSlice) # usb reset
 resetting USB...
@@ -48,7 +48,7 @@
 	 #################################################################
 	 #################################################################
 	 #####################################
-	 3.4 MiB/s
+	 3.7 MiB/s
 done
 Bytes transferred = 8167936 (7ca200 hex)
 Tegra20 (TrimSlice) # tftpboot 0x02408000 tegra20-trimslice.dtb
@@ -57,7 +57,7 @@
 Filename 'tegra20-trimslice.dtb'.
 Load address: 0x2408000
 Loading: *##
-	 2.9 MiB/s
+	 3.4 MiB/s
 done
 Bytes transferred = 21454 (53ce hex)
 Tegra20 (TrimSlice) # bootz 0x00408000 - 0x02408000
@@ -69,7 +69,7 @@
 Starting kernel ...
 
 Booting Linux on physical CPU 0x0
-Linux version 4.14.0-rc8-201588-g39dae59 (jonathanh@sellafield) (gcc version 4.7.3 20130328 (prerelease) (crosstool-NG linaro-1.13.1-4.7-2013.04-20130415 - Linaro GCC 2013.04)) #1 SMP Sun Nov 5 13:36:06 PST 2017
+Linux version 4.14.0-201708-gbebc608 (jonathanh@sellafield) (gcc version 4.7.3 20130328 (prerelease) (crosstool-NG linaro-1.13.1-4.7-2013.04-20130415 - Linaro GCC 2013.04)) #1 SMP Mon Nov 13 02:04:20 PST 2017
 CPU: ARMv7 Processor [411fc090] revision 0 (ARMv7), cr=10c5387d
 CPU: PIPT / VIPT nonaliasing data cache, VIPT aliasing instruction cache
 OF: fdt: Machine model: Compulab TrimSlice board
@@ -344,11 +344,11 @@
 can: netlink gateway (rev 20170425) max_hops=1
 Key type dns_resolver registered
 ThumbEE CPU extension supported.
+usb 1-1: new high-speed USB device number 2 using tegra-ehci
 Registering SWP/SWPB emulation handler
 utmi_phy_clk_enable: timeout waiting for phy to stabilize
 tegra-ehci c5000000.usb: EHCI Host Controller
 tegra-ehci c5000000.usb: new USB bus registered, assigned bus number 2
-usb 1-1: new high-speed USB device number 2 using tegra-ehci
 tegra-ehci c5000000.usb: irq 288, io mem 0xc5000000
 mmc1: new high speed SD card at address b368
 mmcblk1: mmc1:b368 NCard 1.83 GiB (ro)
Diff for ./tegra20-trimslice/tegra20-trimslice/tegra_defconfig_log.txt
--- /tmp/fooa	2017-11-13 02:11:39.287832172 -0800
+++ /tmp/foob	2017-11-13 02:11:39.291832190 -0800
@@ -19,7 +19,7 @@
 Out:   serial
 Err:   serial
 Net:   RTL8169#0
-Hit any key to stop autoboot:  2  1  0 
+Hit any key to stop autoboot:  2  0 
 Tegra20 (TrimSlice) # 
 Tegra20 (TrimSlice) # usb reset
 resetting USB...
@@ -46,20 +46,20 @@
 	 #################################################################
 	 #################################################################
 	 ########################################
-	 4 MiB/s
+	 3.4 MiB/s
 done
-Bytes transferred = 6299560 (601fa8 hex)
+Bytes transferred = 6299272 (601e88 hex)
 Tegra20 (TrimSlice) # tftpboot 0x02408000 tegra20-trimslice.dtb
 Using RTL8169#0 device
 TFTP from server 192.168.100.1; our IP address is 192.168.100.103
 Filename 'tegra20-trimslice.dtb'.
 Load address: 0x2408000
 Loading: *##
-	 3.4 MiB/s
+	 2.9 MiB/s
 done
 Bytes transferred = 21454 (53ce hex)
 Tegra20 (TrimSlice) # bootz 0x00408000 - 0x02408000
-Kernel image @ 0x408000 [ 0x000000 - 0x601fa8 ]
+Kernel image @ 0x408000 [ 0x000000 - 0x601e88 ]
 ## Flattened Device Tree blob at 02408000
    Booting using the fdt blob at 0x2408000
    Using Device Tree in place at 02408000, end 024103cd
@@ -68,7 +68,7 @@
 
 Uncompressing Linux... done, booting the kernel.
 Booting Linux on physical CPU 0x0
-Linux version 4.14.0-rc8-201588-g39dae59 (jonathanh@kaivo) (gcc version 4.7.3 20130328 (prerelease) (crosstool-NG linaro-1.13.1-4.7-2013.04-20130415 - Linaro GCC 2013.04)) #1 SMP PREEMPT Sun Nov 5 13:36:04 PST 2017
+Linux version 4.14.0-201708-gbebc608 (jonathanh@kaivo) (gcc version 4.7.3 20130328 (prerelease) (crosstool-NG linaro-1.13.1-4.7-2013.04-20130415 - Linaro GCC 2013.04)) #1 SMP PREEMPT Mon Nov 13 02:04:38 PST 2017
 CPU: ARMv7 Processor [411fc090] revision 0 (ARMv7), cr=10c5387d
 CPU: PIPT / VIPT nonaliasing data cache, VIPT aliasing instruction cache
 OF: fdt: Machine model: Compulab TrimSlice board
@@ -77,7 +77,7 @@
 Memory policy: Data cache writealloc
 cma: Reserved 64 MiB at 0x3c000000
 On node 0 totalpages: 262144
-free_area_init_node: node 0, pgdat c0fb9880, node_mem_map ef7f7000
+free_area_init_node: node 0, pgdat c0fb98c0, node_mem_map ef7f7000
   Normal zone: 1536 pages used for memmap
   Normal zone: 0 pages reserved
   Normal zone: 196608 pages, LIFO batch:31
@@ -101,7 +101,7 @@
     modules : 0xbf000000 - 0xbfe00000   (  14 MB)
       .text : 0xc0008000 - 0xc0a00000   (10208 kB)
       .init : 0xc0e00000 - 0xc0f00000   (1024 kB)
-      .data : 0xc0f00000 - 0xc0fc49a0   ( 787 kB)
+      .data : 0xc0f00000 - 0xc0fc49e0   ( 787 kB)
        .bss : 0xc0fce520 - 0xc101987c   ( 301 kB)
 Preemptible hierarchical RCU implementation.
 	RCU restricting CPUs from NR_CPUS=4 to nr_cpu_ids=2.
Diff for ./tegra210-p2371-0000/tegra210-p2371-0000/defconfig_log.txt
--- /tmp/fooa	2017-11-13 02:11:39.295832207 -0800
+++ /tmp/foob	2017-11-13 02:11:39.295832207 -0800
@@ -64,17 +64,17 @@
 Loading and Validation of Secure OS Successful
 NvTbootPackSdramParams: start. 
 NvTbootPackSdramParams: done. 
-Tegraboot started after 743254 us
-Basic modules init took 349829 us
-Sec Bootdevice Read Time = 203 ms, Read Size = 8459 KB
-Next stage binary read took 14388 us
-Carveout took 252679 us
-CPU initialization took 92477 us
-Total time taken by TegraBoot 709373 us
+Tegraboot started after 739015 us
+Basic modules init took 350178 us
+Sec Bootdevice Read Time = 202 ms, Read Size = 8459 KB
+Next stage binary read took 14366 us
+Carveout took 252708 us
+CPU initialization took 92429 us
+Total time taken by TegraBoot 709681 us
 
 Starting CPU & Halting co-processor 
 
-64b[0001.583] LPDDR4 Training: Number of tables = 10
+64b[0001.579] LPDDR4 Training: Number of tables = 10
 EMC Training (SRC-freq: 204000; DST-freq: 408000)
 EMC Training Successful
 EMC Training (SRC-freq: 204000; DST-freq: 665600)
@@ -119,9 +119,9 @@
 Tegra210 (P2371-0000) # load ${devtype} ${devnum}:${rootpart} ${kernel_addr_r} /boot/Image.defconfig
 16505344 bytes read in 836 ms (18.8 MiB/s)
 Tegra210 (P2371-0000) # load ${devtype} ${devnum}:${rootpart} ${fdt_addr_r} /boot/tegra210-p2371-0000.dtb
-45170 bytes read in 454 ms (96.7 KiB/s)
+45170 bytes read in 453 ms (96.7 KiB/s)
 Tegra210 (P2371-0000) # load ${devtype} ${devnum}:${rootpart} ${ramdisk_addr_r} /boot/tegra-ramdisk.img
-1627787 bytes read in 494 ms (3.1 MiB/s)
+1627787 bytes read in 495 ms (3.1 MiB/s)
 Tegra210 (P2371-0000) # ramdisk_size=${filesize}
 Tegra210 (P2371-0000) # booti ${kernel_addr_r} - ${fdt_addr_r}
 ## Flattened Device Tree blob at 82000000
@@ -131,7 +131,7 @@
 Starting kernel ...
 
 Booting Linux on physical CPU 0x0
-Linux version 4.14.0-rc8-201588-g39dae59 (jonathanh@kaivo) (gcc version 4.9.2 20140904 (prerelease) (crosstool-NG linaro-1.13.1-4.9-2014.09 - Linaro GCC 4.9-2014.09)) #1 SMP PREEMPT Sun Nov 5 13:40:40 PST 2017
+Linux version 4.14.0-201708-gbebc608 (jonathanh@sellafield) (gcc version 4.9.2 20140904 (prerelease) (crosstool-NG linaro-1.13.1-4.9-2014.09 - Linaro GCC 4.9-2014.09)) #1 SMP PREEMPT Mon Nov 13 02:07:13 PST 2017
 Boot CPU: AArch64 Processor [411fd071]
 Machine model: NVIDIA Tegra210 P2371 (P2530/P2595) reference design
 debug: ignoring loglevel setting.
@@ -275,7 +275,7 @@
 kvm [1]: virtual timer IRQ4
 kvm [1]: Hyp mode initialized successfully
 audit: initializing netlink subsys (disabled)
-audit: type=2000 audit(0.519:1): state=initialized audit_enabled=0 res=1
+audit: type=2000 audit(0.499:1): state=initialized audit_enabled=0 res=1
 workingset: timestamp_bits=44 max_order=20 bucket_order=0
 squashfs: version 4.0 (2009/01/31) Phillip Lougher
 NFS: Registering the id_resolver key type
Diff for ./tegra210-smaug/tegra210-smaug/defconfig_log.txt
--- /tmp/fooa	2017-11-13 02:11:39.303832241 -0800
+++ /tmp/foob	2017-11-13 02:11:39.303832241 -0800
@@ -1,5 +1,5 @@
 Booting Linux on physical CPU 0x0
-Linux version 4.14.0-rc8-201588-g39dae59 (jonathanh@kaivo) (gcc version 4.9.2 20140904 (prerelease) (crosstool-NG linaro-1.13.1-4.9-2014.09 - Linaro GCC 4.9-2014.09)) #1 SMP PREEMPT Sun Nov 5 13:40:40 PST 2017
+Linux version 4.14.0-201708-gbebc608 (jonathanh@sellafield) (gcc version 4.9.2 20140904 (prerelease) (crosstool-NG linaro-1.13.1-4.9-2014.09 - Linaro GCC 4.9-2014.09)) #1 SMP PREEMPT Mon Nov 13 02:07:13 PST 2017
 Boot CPU: AArch64 Processor [411fd071]
 Machine model: Google Pixel C
 efi: Getting EFI parameters from FDT:
@@ -157,7 +157,7 @@
 kvm [1]: virtual timer IRQ4
 kvm [1]: Hyp mode initialized successfully
 audit: initializing netlink subsys (disabled)
-audit: type=2000 audit(0.259:1): state=initialized audit_enabled=0 res=1
+audit: type=2000 audit(0.255:1): state=initialized audit_enabled=0 res=1
 workingset: timestamp_bits=44 max_order=20 bucket_order=0
 squashfs: version 4.0 (2009/01/31) Phillip Lougher
 NFS: Registering the id_resolver key type
@@ -260,7 +260,7 @@
 mmcblk0boot1: mmc0:0001 BGND3R partition 2 4.00 MiB
 mmcblk0rpmb: mmc0:0001 BGND3R partition 3 4.00 MiB
  mmcblk0: p1 p2 p3 p4 p5 p6 p7 p8 p9 p10 p11
-max77686-rtc max77620-rtc: setting system clock to 2001-08-17 03:04:09 UTC (998017449)
+max77686-rtc max77620-rtc: setting system clock to 2001-08-24 15:30:45 UTC (998667045)
 PP1200_AVDD: disabling
 PP1200_RCAM: disabling
 PP2800L_RCAM: disabling
Diff for ./tegra30-beaver/tegra30-beaver/multi_v7_defconfig_log.txt
--- /tmp/fooa	2017-11-13 02:11:39.323832329 -0800
+++ /tmp/foob	2017-11-13 02:11:39.327832347 -0800
@@ -49,7 +49,7 @@
 Filename 'tegra30-beaver.dtb'.
 Load address: 0x82000000
 Loading: *####
-	 2.6 MiB/s
+	 2.7 MiB/s
 done
 Bytes transferred = 51860 (ca94 hex)
 Tegra30 (Beaver) # bootz 0x81000000 - 0x82000000
@@ -61,7 +61,7 @@
 Starting kernel ...
 
 Booting Linux on physical CPU 0x0
-Linux version 4.14.0-rc8-201588-g39dae59 (jonathanh@sellafield) (gcc version 4.7.3 20130328 (prerelease) (crosstool-NG linaro-1.13.1-4.7-2013.04-20130415 - Linaro GCC 2013.04)) #1 SMP Sun Nov 5 13:36:06 PST 2017
+Linux version 4.14.0-201708-gbebc608 (jonathanh@sellafield) (gcc version 4.7.3 20130328 (prerelease) (crosstool-NG linaro-1.13.1-4.7-2013.04-20130415 - Linaro GCC 2013.04)) #1 SMP Mon Nov 13 02:04:20 PST 2017
 CPU: ARMv7 Processor [412fc099] revision 9 (ARMv7), cr=10c5387d
 CPU: PIPT / VIPT nonaliasing data cache, VIPT aliasing instruction cache
 OF: fdt: Machine model: NVIDIA Tegra30 Beaver evaluation board
@@ -472,4 +472,4 @@
 Freeing unused kernel memory: 2048K
 bash: cannot set terminal process group (-1): Inappropriate ioctl for device
 bash: no job control in this shell
-root@(none):/# [    4.544040] usb 2-1: new high-speed USB device number 2 using tegra-ehci
+root@(none):/# [    4.534021] usb 2-1: new high-speed USB device number 2 using tegra-ehci
Diff for ./tegra30-beaver/tegra30-beaver/tegra_defconfig_log.txt
--- /tmp/fooa	2017-11-13 02:11:39.343832418 -0800
+++ /tmp/foob	2017-11-13 02:11:39.343832418 -0800
@@ -40,7 +40,7 @@
 	 ########################################
 	 2.8 MiB/s
 done
-Bytes transferred = 6299560 (601fa8 hex)
+Bytes transferred = 6299272 (601e88 hex)
 Tegra30 (Beaver) # tftpboot 0x82000000 tegra30-beaver.dtb
 Using asx0 device
 TFTP from server 192.168.100.1; our IP address is 192.168.100.101
@@ -51,7 +51,7 @@
 done
 Bytes transferred = 51860 (ca94 hex)
 Tegra30 (Beaver) # bootz 0x81000000 - 0x82000000
-Kernel image @ 0x81000000 [ 0x000000 - 0x601fa8 ]
+Kernel image @ 0x81000000 [ 0x000000 - 0x601e88 ]
 ## Flattened Device Tree blob at 82000000
    Booting using the fdt blob at 0x82000000
    Loading Device Tree to 8fff0000, end 8ffffa93 ... OK
@@ -60,7 +60,7 @@
 
 Uncompressing Linux... done, booting the kernel.
 Booting Linux on physical CPU 0x0
-Linux version 4.14.0-rc8-201588-g39dae59 (jonathanh@kaivo) (gcc version 4.7.3 20130328 (prerelease) (crosstool-NG linaro-1.13.1-4.7-2013.04-20130415 - Linaro GCC 2013.04)) #1 SMP PREEMPT Sun Nov 5 13:36:04 PST 2017
+Linux version 4.14.0-201708-gbebc608 (jonathanh@kaivo) (gcc version 4.7.3 20130328 (prerelease) (crosstool-NG linaro-1.13.1-4.7-2013.04-20130415 - Linaro GCC 2013.04)) #1 SMP PREEMPT Mon Nov 13 02:04:38 PST 2017
 CPU: ARMv7 Processor [412fc099] revision 9 (ARMv7), cr=10c5387d
 CPU: PIPT / VIPT nonaliasing data cache, VIPT aliasing instruction cache
 OF: fdt: Machine model: NVIDIA Tegra30 Beaver evaluation board
@@ -69,7 +69,7 @@
 Memory policy: Data cache writealloc
 cma: Reserved 64 MiB at 0xfbc00000
 On node 0 totalpages: 524032
-free_area_init_node: node 0, pgdat c0fb9880, node_mem_map eeff7000
+free_area_init_node: node 0, pgdat c0fb98c0, node_mem_map eeff7000
   Normal zone: 1536 pages used for memmap
   Normal zone: 0 pages reserved
   Normal zone: 196608 pages, LIFO batch:31
@@ -93,7 +93,7 @@
     modules : 0xbf000000 - 0xbfe00000   (  14 MB)
       .text : 0xc0008000 - 0xc0a00000   (10208 kB)
       .init : 0xc0e00000 - 0xc0f00000   (1024 kB)
-      .data : 0xc0f00000 - 0xc0fc49a0   ( 787 kB)
+      .data : 0xc0f00000 - 0xc0fc49e0   ( 787 kB)
        .bss : 0xc0fce520 - 0xc101987c   ( 301 kB)
 Preemptible hierarchical RCU implementation.
 	Tasks RCU enabled.
@@ -469,4 +469,4 @@
 Freeing unused kernel memory: 1024K
 bash: cannot set terminal process group (-1): Inappropriate ioctl for device
 bash: no job control in this shell
-root@(none):/# [    4.784424] usb 2-1: new high-speed USB device number 2 using tegra-ehci
+root@(none):/# [    4.784353] usb 2-1: new high-speed USB device number 2 using tegra-ehci
