
U-Boot SPL 2014.01-00219-gc4d376f (Feb 18 2014 - 19:57:32)


U-Boot 2014.01-00219-gc4d376f (Feb 18 2014 - 19:57:32)

TEGRA114
Board: NVIDIA Dalmore
I2C:   ready
DRAM:  2 GiB
MMC:   Tegra SD/MMC: 0, Tegra SD/MMC: 1
In:    serial
Out:   serial
Err:   serial
Net:   Net Initialization Skipped
No ethernet found.
Hit any key to stop autoboot:  2  0 
Tegra114 (Dalmore) # 
Tegra114 (Dalmore) # usb reset
(Re)start USB...
USB0:   USB EHCI 1.10
scanning bus 0 for devices... 2 USB Device(s) found
       scanning usb for storage devices... 0 Storage Device(s) found
       scanning usb for ethernet devices... 
Warning: asx0 using MAC address from net device
1 Ethernet Device(s) found
Tegra114 (Dalmore) # setenv bootargs 'ignore_loglevel console=ttyS0,115200n8 rw root=PARTUUID=7369c667-ff51-ec4a-29cd-baabf2fbe346 rootwait gpt debug earlyprintk init=/bin/bash'
Tegra114 (Dalmore) # setenv ipaddr 192.168.100.100; setenv serverip 192.168.100.1; setenv tftpserverip 192.168.100.1
Tegra114 (Dalmore) # tftpboot 0x81000000 zImage.multi_v7_defconfig
Using asx0 device
TFTP from server 192.168.100.1; our IP address is 192.168.100.100
Filename 'zImage.multi_v7_defconfig'.
Load address: 0x81000000
Loading: *#################################################################
	 #################################################################
	 #################################################################
	 #################################################################
	 #################################################################
	 #################################################################
	 #################################################################
	 ##################################################
	 2.8 MiB/s
done
Bytes transferred = 7403096 (70f658 hex)
Tegra114 (Dalmore) # tftpboot 0x82000000 tegra114-dalmore.dtb
Using asx0 device
TFTP from server 192.168.100.1; our IP address is 192.168.100.100
Filename 'tegra114-dalmore.dtb'.
Load address: 0x82000000
Loading: *###
	 2.8 MiB/s
done
Bytes transferred = 35044 (88e4 hex)
Tegra114 (Dalmore) # bootz 0x81000000 - 0x82000000
Kernel image @ 0x81000000 [ 0x000000 - 0x70f658 ]
## Flattened Device Tree blob at 82000000
   Booting using the fdt blob at 0x82000000
   Loading Device Tree to 8fff4000, end 8ffff8e3 ... OK

Starting kernel ...

[    0.000000] Booting Linux on physical CPU 0x0
[    0.000000] Linux version 4.10.0-rc1-141325-g7ce7d89 (pwalmsley@sellafield) (gcc version 4.7.3 20130328 (prerelease) (crosstool-NG linaro-1.13.1-4.7-2013.04-20130415 - Linaro GCC 2013.04) ) #1 SMP Sun Dec 25 16:40:13 PST 2016
[    0.000000] CPU: ARMv7 Processor [412fc0f2] revision 2 (ARMv7), cr=10c5387d
[    0.000000] CPU: div instructions available: patching division code
[    0.000000] CPU: PIPT / VIPT nonaliasing data cache, PIPT instruction cache
[    0.000000] OF: fdt:Machine model: NVIDIA Tegra114 Dalmore evaluation board
[    0.000000] debug: ignoring loglevel setting.
[    0.000000] efi: Getting EFI parameters from FDT:
[    0.000000] efi: UEFI not found.
[    0.000000] cma: Reserved 64 MiB at 0xfb800000
[    0.000000] Memory policy: Data cache writealloc
[    0.000000] On node 0 totalpages: 524032
[    0.000000] free_area_init_node: node 0, pgdat c142b0c0, node_mem_map eeff8000
[    0.000000]   DMA zone: 1536 pages used for memmap
[    0.000000]   DMA zone: 0 pages reserved
[    0.000000]   DMA zone: 196608 pages, LIFO batch:31
[    0.000000]   HighMem zone: 327424 pages, LIFO batch:31
[    0.000000] percpu: Embedded 14 pages/cpu @eefa4000 s26688 r8192 d22464 u57344
[    0.000000] pcpu-alloc: s26688 r8192 d22464 u57344 alloc=14*4096
[    0.000000] pcpu-alloc: [0] 0 [0] 1 [0] 2 [0] 3 
[    0.000000] Built 1 zonelists in Zone order, mobility grouping on.  Total pages: 522496
[    0.000000] Kernel command line: ignore_loglevel console=ttyS0,115200n8 rw root=PARTUUID=7369c667-ff51-ec4a-29cd-baabf2fbe346 rootwait gpt debug earlyprintk init=/bin/bash
[    0.000000] PID hash table entries: 4096 (order: 2, 16384 bytes)
[    0.000000] Dentry cache hash table entries: 131072 (order: 7, 524288 bytes)
[    0.000000] Inode-cache hash table entries: 65536 (order: 6, 262144 bytes)
[    0.000000] Memory: 1994944K/2096128K available (9216K kernel code, 1202K rwdata, 4140K rodata, 2048K init, 472K bss, 35648K reserved, 65536K cma-reserved, 1244160K highmem)
[    0.000000] Virtual kernel memory layout:
[    0.000000]     vector  : 0xffff0000 - 0xffff1000   (   4 kB)
[    0.000000]     fixmap  : 0xffc00000 - 0xfff00000   (3072 kB)
[    0.000000]     vmalloc : 0xf0800000 - 0xff800000   ( 240 MB)
[    0.000000]     lowmem  : 0xc0000000 - 0xf0000000   ( 768 MB)
[    0.000000]     pkmap   : 0xbfe00000 - 0xc0000000   (   2 MB)
[    0.000000]     modules : 0xbf000000 - 0xbfe00000   (  14 MB)
[    0.000000]       .text : 0xc0208000 - 0xc0c00000   (10208 kB)
[    0.000000]       .init : 0xc1100000 - 0xc1300000   (2048 kB)
[    0.000000]       .data : 0xc1300000 - 0xc142cbc0   (1203 kB)
[    0.000000]        .bss : 0xc142e000 - 0xc14a41d0   ( 473 kB)
[    0.000000] SLUB: HWalign=64, Order=0-3, MinObjects=0, CPUs=4, Nodes=1
[    0.000000] Hierarchical RCU implementation.
[    0.000000] 	Build-time adjustment of leaf fanout to 32.
[    0.000000] 	RCU restricting CPUs from NR_CPUS=16 to nr_cpu_ids=4.
[    0.000000] RCU: Adjusting geometry for rcu_fanout_leaf=32, nr_cpu_ids=4
[    0.000000] NR_IRQS:16 nr_irqs:16 16
[    0.000000] /interrupt-controller@60004000: 160 interrupts forwarded to /interrupt-controller@50041000
[    0.000000] Tegra clk 127: register failed with -17
[    0.000008] sched_clock: 32 bits at 1000kHz, resolution 1000ns, wraps every 2147483647500ns
[    0.000026] clocksource: timer_us: mask: 0xffffffff max_cycles: 0xffffffff, max_idle_ns: 1911260446275 ns
[    0.000040] Switching to timer-based delay loop, resolution 1000ns
[    0.003095] arm_arch_timer: Architected cp15 timer(s) running at 12.00MHz (virt).
[    0.003113] clocksource: arch_sys_counter: mask: 0xffffffffffffff max_cycles: 0x2c47f4ee7, max_idle_ns: 440795202497 ns
[    0.003131] sched_clock: 56 bits at 12MHz, resolution 83ns, wraps every 4398046511096ns
[    0.003143] Switching to timer-based delay loop, resolution 83ns
[    0.003520] Console: colour dummy device 80x30
[    0.003551] Calibrating delay loop (skipped), value calculated using timer frequency.. 24.00 BogoMIPS (lpj=60000)
[    0.003566] pid_max: default: 32768 minimum: 301
[    0.003666] Mount-cache hash table entries: 2048 (order: 1, 8192 bytes)
[    0.003677] Mountpoint-cache hash table entries: 2048 (order: 1, 8192 bytes)
[    0.004282] CPU: Testing write buffer coherency: ok
[    0.004524] /cpus/cpu@0 missing clock-frequency property
[    0.004552] /cpus/cpu@1 missing clock-frequency property
[    0.004579] /cpus/cpu@2 missing clock-frequency property
[    0.004609] /cpus/cpu@3 missing clock-frequency property
[    0.004621] CPU0: thread -1, cpu 0, socket 0, mpidr 80000000
[    0.004866] Setting up static identity map for 0x80300000 - 0x80300098
[    0.007279] Tegra Revision: A01 SKU: 0 CPU Process: 1 SoC Process: 0
[    0.007816] EFI services will not be available.
[    0.008096] smp: Bringing up secondary CPUs ...
[    0.008659] CPU1: thread -1, cpu 1, socket 0, mpidr 80000001
[    0.009291] CPU2: thread -1, cpu 2, socket 0, mpidr 80000002
[    0.009915] CPU3: thread -1, cpu 3, socket 0, mpidr 80000003
[    0.009998] smp: Brought up 1 node, 4 CPUs
[    0.010018] SMP: Total of 4 processors activated (96.00 BogoMIPS).
[    0.010026] CPU: All CPU(s) started in SVC mode.
[    0.011514] devtmpfs: initialized
[    0.023217] VFP support v0.3: implementor 41 architecture 4 part 30 variant f rev 0
[    0.023603] clocksource: jiffies: mask: 0xffffffff max_cycles: 0xffffffff, max_idle_ns: 9556302231375000 ns
[    0.024977] pinctrl core: initialized pinctrl subsystem
[    0.026691] NET: Registered protocol family 16
[    0.028736] DMA: preallocated 256 KiB pool for atomic coherent allocations
[    0.043016] cpuidle: using governor menu
[    0.070134] No ATAGs?
[    0.070147] hw-breakpoint: found 5 (+1 reserved) breakpoint and 4 watchpoint registers.
[    0.070162] hw-breakpoint: maximum watchpoint size is 8 bytes.
[    0.075323] Serial: AMBA PL011 UART driver
[    0.076045] tegra-mc 70019000.memory-controller: no memory timings for RAM code 3 registered
[    0.102640] dvdd_ts: Failed to request enable GPIO61: -517
[    0.102656] reg-fixed-voltage regulators:regulator@1: Failed to register regulator: -517
[    0.102750] usb1_vbus: Failed to request enable GPIO108: -517
[    0.102763] reg-fixed-voltage regulators:regulator@3: Failed to register regulator: -517
[    0.102855] usb2_vbus: Failed to request enable GPIO86: -517
[    0.102867] reg-fixed-voltage regulators:regulator@4: Failed to register regulator: -517
[    0.103331] VDD_5V0_HDMI_CON: Failed to request enable GPIO81: -517
[    0.103345] reg-fixed-voltage regulators:regulator@7: Failed to register regulator: -517
[    0.106014] vgaarb: loaded
[    0.106822] SCSI subsystem initialized
[    0.106994] libata version 3.00 loaded.
[    0.107270] usbcore: registered new interface driver usbfs
[    0.107341] usbcore: registered new interface driver hub
[    0.107405] usbcore: registered new device driver usb
[    0.111007] tps65090 2-0048: No cache defaults, reading back from HW
[    0.112928] TPS65090_RAILSDCDC1: supplied by vdd_ac_bat
[    0.113507] vdd_hdmi_5v0: supplied by vdd-sys-5v0
[    0.114284] TPS65090_RAILSDCDC2: supplied by vdd_ac_bat
[    0.115366] TPS65090_RAILSDCDC3: supplied by vdd_ac_bat
[    0.115914] TPS65090_RAILSFET1: supplied by vdd_ac_bat
[    0.116308] TPS65090_RAILSFET2: supplied by vdd_ac_bat
[    0.116684] TPS65090_RAILSFET3: supplied by vdd-sys-3v3
[    0.117237] TPS65090_RAILSFET4: supplied by vdd-sys-3v3
[    0.117776] TPS65090_RAILSFET5: supplied by vdd-sys-3v3
[    0.118339] TPS65090_RAILSFET6: supplied by vdd-sys-3v3
[    0.119201] TPS65090_RAILSFET7: supplied by vdd-sys-3v3
[    0.119746] TPS65090_RAILSLDO1: supplied by vdd_ac_bat
[    0.119986] TPS65090_RAILSLDO2: supplied by vdd_ac_bat
[    0.120982] palmas 2-0058: Irq flag is 0x00000004
[    0.123014] palmas 2-0058: Muxing GPIO ff, PWM 0, LED 0
[    0.125574] SMPS12: supplied by vdd-ao
[    0.127203] SMPS3: supplied by vdd-ao
[    0.128979] SMPS457: supplied by vdd-sys-3v3
[    0.131945] SMPS8: supplied by vdd-sys-3v3
[    0.132829] random: fast init done
[    0.133622] SMPS9: supplied by vdd-sys-3v3
[    0.134145] sdhci-vdd-sd-slot: Bringing 2840000uV into 2800000-2800000uV
[    0.137051] LDO1: supplied by vdd-sys-3v3
[    0.138257] LDO2: supplied by vdd-sys-3v3
[    0.139504] LDO3: supplied by vddio-1v8
[    0.140715] LDO4: supplied by vdd-sys-3v3
[    0.141936] LDO5: supplied by vdd_ac_bat
[    0.142719] LDO6: supplied by vdd-sys-3v3
[    0.143233] vdd-sensor-2v85: Bringing 2900000uV into 2850000-2850000uV
[    0.144701] LDO7: supplied by vdd-sys-3v3
[    0.146446] LDO8: supplied by vdd-ao
[    0.146958] vdd-rtc: Bringing 675000uV into 900000-900000uV
[    0.149058] LDO9: supplied by sdhci-vdd-sd-slot
[    0.154390] LDOLN: supplied by vdd-sys-5v0
[    0.155621] LDOUSB: supplied by vdd-sys-5v0
[    0.162413] pps_core: LinuxPPS API ver. 1 registered
[    0.162422] pps_core: Software ver. 5.3.6 - Copyright 2005-2007 Rodolfo Giometti <giometti@linux.it>
[    0.162445] PTP clock support registered
[    0.162633] EDAC MC: Ver: 3.0.0
[    0.165109] clocksource: Switched to clocksource arch_sys_counter
[    0.176214] NET: Registered protocol family 2
[    0.176747] TCP established hash table entries: 8192 (order: 3, 32768 bytes)
[    0.176846] TCP bind hash table entries: 8192 (order: 4, 65536 bytes)
[    0.177032] TCP: Hash tables configured (established 8192 bind 8192)
[    0.177087] UDP hash table entries: 512 (order: 2, 16384 bytes)
[    0.177129] UDP-Lite hash table entries: 512 (order: 2, 16384 bytes)
[    0.177292] NET: Registered protocol family 1
[    0.177623] RPC: Registered named UNIX socket transport module.
[    0.177633] RPC: Registered udp transport module.
[    0.177640] RPC: Registered tcp transport module.
[    0.177646] RPC: Registered tcp NFSv4.1 backchannel transport module.
[    0.177657] PCI: CLS 0 bytes, default 64
[    0.179906] futex hash table entries: 1024 (order: 4, 65536 bytes)
[    0.180475] workingset: timestamp_bits=30 max_order=19 bucket_order=0
[    0.192178] squashfs: version 4.0 (2009/01/31) Phillip Lougher
[    0.193029] NFS: Registering the id_resolver key type
[    0.193056] Key type id_resolver registered
[    0.193064] Key type id_legacy registered
[    0.193107] ntfs: driver 2.1.32 [Flags: R/O].
[    0.194857] bounce: pool size: 64 pages
[    0.195072] Block layer SCSI generic (bsg) driver version 0.4 loaded (major 248)
[    0.195116] io scheduler noop registered
[    0.195125] io scheduler deadline registered
[    0.195316] io scheduler cfq registered (default)
[    0.226695] tegra-apbdma 6000a000.dma: Tegra20 APB DMA driver register 32 channels
[    0.228581] tegra-pmc 7000e400.pmc: i2c-thermtrip node not found, emergency thermal reset disabled.
[    0.298668] Serial: 8250/16550 driver, 4 ports, IRQ sharing disabled
[    0.301875] console [ttyS0] disabled
[    0.301911] 70006300.serial: ttyS0 at MMIO 0x70006300 (irq = 329, base_baud = 25500000) is a Tegra
[    1.274299] console [ttyS0] enabled
[    1.278634] SuperH (H)SCI(F) driver initialized
[    1.284134] msm_serial: driver initialized
[    1.288426] STMicroelectronics ASC driver initialized
[    1.297158] [drm] Initialized
[    1.303241] tegra-hdmi 54280000.hdmi: failed to get HDMI regulator
[    1.328855] brd: module loaded
[    1.338676] loop: module loaded
[    1.358597] m25p80 spi32766.0: w25q32dw (4096 Kbytes)
[    1.367010] libphy: Fixed MDIO Bus: probed
[    1.372380] CAN device driver interface
[    1.377085] bgmac_bcma: Broadcom 47xx GBit MAC driver loaded
[    1.383997] e1000e: Intel(R) PRO/1000 Network Driver - 3.2.6-k
[    1.389838] e1000e: Copyright(c) 1999 - 2015 Intel Corporation.
[    1.395836] igb: Intel(R) Gigabit Ethernet Network Driver - version 5.4.0-k
[    1.402802] igb: Copyright (c) 2007-2014 Intel Corporation.
[    1.411741] pegasus: v0.9.3 (2013/04/25), Pegasus/Pegasus II USB Ethernet driver
[    1.419201] usbcore: registered new interface driver pegasus
[    1.424932] usbcore: registered new interface driver asix
[    1.430384] usbcore: registered new interface driver ax88179_178a
[    1.436528] usbcore: registered new interface driver cdc_ether
[    1.442434] usbcore: registered new interface driver smsc75xx
[    1.448253] usbcore: registered new interface driver smsc95xx
[    1.454055] usbcore: registered new interface driver net1080
[    1.459768] usbcore: registered new interface driver cdc_subset
[    1.465739] usbcore: registered new interface driver zaurus
[    1.471389] usbcore: registered new interface driver cdc_ncm
[    1.479000] ehci_hcd: USB 2.0 'Enhanced' Host Controller (EHCI) Driver
[    1.485538] ehci-pci: EHCI PCI platform driver
[    1.490021] ehci-platform: EHCI generic platform driver
[    1.495446] ehci-orion: EHCI orion driver
[    1.499578] SPEAr-ehci: EHCI SPEAr driver
[    1.503735] ehci-st: EHCI STMicroelectronics driver
[    1.508768] ehci-exynos: EHCI EXYNOS driver
[    1.513113] ehci-atmel: EHCI Atmel driver
[    1.517268] tegra-ehci: Tegra EHCI driver
[    1.521587] ohci_hcd: USB 1.1 'Open' Host Controller (OHCI) Driver
[    1.527788] ohci-pci: OHCI PCI platform driver
[    1.532288] ohci-platform: OHCI generic platform driver
[    1.537673] ohci-omap3: OHCI OMAP3 driver
[    1.541825] SPEAr-ohci: OHCI SPEAr driver
[    1.545978] ohci-st: OHCI STMicroelectronics driver
[    1.551009] ohci-atmel: OHCI Atmel driver
[    1.555737] usbcore: registered new interface driver usb-storage
[    1.563263] mousedev: PS/2 mouse device common for all mice
[    1.573410] palmas-rtc 7000d000.i2c:tps65913@58:rtc: rtc core: registered 7000d000.i2c:tps659 as rtc0
[    1.584530] tegra_rtc 7000e000.rtc: rtc core: registered 7000e000.rtc as rtc1
[    1.591720] tegra_rtc 7000e000.rtc: Tegra internal Real Time Clock
[    1.598430] i2c /dev entries driver
[    1.608459] sbs-battery 0-000b: sbs_probe: Failed to get device status
[    1.615014] sbs-battery: probe of 0-000b failed with error -121
[    1.630989] sdhci: Secure Digital Host Controller Interface driver
[    1.637184] sdhci: Copyright(c) Pierre Ossman
[    1.643016] Synopsys Designware Multimedia Card Interface Driver
[    1.650096] sdhci-pltfm: SDHCI platform and OF driver helper
[    1.656470] sdhci-tegra 78000400.sdhci: Got CD GPIO
[    1.661380] sdhci-tegra 78000400.sdhci: Got WP GPIO
[    1.667482] mmc0: Invalid maximum block size, assuming 512 bytes
[    1.720240] mmc0: SDHCI controller on 78000400.sdhci [78000400.sdhci] using ADMA
[    1.727937] mmc1: Invalid maximum block size, assuming 512 bytes
[    1.780144] mmc1: SDHCI controller on 78000600.sdhci [78000600.sdhci] using ADMA
[    1.789239] ledtrig-cpu: registered to indicate activity on CPUs
[    1.795580] usbcore: registered new interface driver usbhid
[    1.801160] usbhid: USB HID core driver
[    1.808833] NET: Registered protocol family 10
[    1.816317] Segment Routing with IPv6
[    1.820029] sit: IPv6, IPv4 and MPLS over IPv4 tunneling driver
[    1.826649] NET: Registered protocol family 17
[    1.831115] can: controller area network core (rev 20120528 abi 9)
[    1.837369] NET: Registered protocol family 29
[    1.841824] can: raw protocol (rev 20120528)
[    1.846103] can: broadcast manager protocol (rev 20161123 t)
[    1.851773] can: netlink gateway (rev 20130117) max_hops=1
[    1.857635] Key type dns_resolver registered
[    1.862549] ThumbEE CPU extension supported.
[    1.866838] Registering SWP/SWPB emulation handler
[    1.883987] usb1_vbus: supplied by vdd-sys-5v0
[    1.891718] usb2_vbus: supplied by vdd-sys-5v0
[    1.903285] VDD_5V0_HDMI_CON: supplied by vdd-sys-5v0
[    1.913294] [drm] Supports vblank timestamp caching Rev 2 (21.10.2013).
[    1.913547] mmc0: new high speed SDHC card at address aaaa
[    1.914539] mmcblk0: mmc0:aaaa SL16G 14.8 GiB 
[    1.929929] [drm] No driver support for vblank timestamp query.
[    1.941130]  mmcblk0: p1 p2 p3
[    1.947847] mmc1: new high speed MMC card at address 0001
[    1.954505] mmcblk1: mmc1:0001 SEM32G 29.1 GiB 
[    1.959757] mmcblk1boot0: mmc1:0001 SEM32G partition 1 4.00 MiB
[    1.960722] mmcblk1boot1: mmc1:0001 SEM32G partition 2 4.00 MiB
[    1.961676] mmcblk1rpmb: mmc1:0001 SEM32G partition 3 4.00 MiB
[    1.966240]  mmcblk1: p1 p2 p3 p4 p5 p6 p7 p8
[    2.000153] Console: switching to colour frame buffer device 240x75
[    2.050143] drm drm: fb0:  frame buffer device
[    2.070248] [drm] Initialized tegra 0.0.0 20120330 on minor 0
[    2.082218] tegra-ehci 7d008000.usb: EHCI Host Controller
[    2.087686] tegra-ehci 7d008000.usb: new USB bus registered, assigned bus number 1
[    2.095641] tegra-ehci 7d008000.usb: irq 339, io mem 0x7d008000
[    2.115225] tegra-ehci 7d008000.usb: USB 2.0 started, EHCI 1.10
[    2.122418] hub 1-0:1.0: USB hub found
[    2.126284] hub 1-0:1.0: 1 port detected
[    2.132274] input: gpio-keys as /devices/soc0/gpio-keys/input/input0
[    2.141304] palmas-rtc 7000d000.i2c:tps65913@58:rtc: setting system clock to 2000-10-19 12:13:13 UTC (971957593)
[    2.156535] dvdd_ts: disabling
[    2.159592] usb1_vbus: disabling
[    2.162871] vdd_cam_1v8_reg: disabling
[    2.168276] EXT4-fs (mmcblk1p1): mounting ext3 file system using the ext4 subsystem
[    2.190556] EXT4-fs (mmcblk1p1): recovery complete
[    2.195378] EXT4-fs (mmcblk1p1): mounted filesystem with ordered data mode. Opts: (null)
[    2.203539] VFS: Mounted root (ext3 filesystem) on device 179:17.
[    2.211973] devtmpfs: mounted
[    2.216858] Freeing unused kernel memory: 2048K
bash: cannot set terminal process group (-1): Inappropriate ioctl for device
bash: no job control in this shell
root@(none):/# [    2.460184] usb 1-1: new high-speed USB device number 2 using tegra-ehci
[    3.064403] asix 1-1:1.0 eth0: register 'asix' at usb-7d008000.usb-1, ASIX AX88772 USB 2.0 Ethernet, 00:50:b6:0d:b5:16
mount -t sysfs none /sys
root@(none):/# 
root@(none):/# mount -t debugfs none /sys/kernel/debug
root@(none):/# 
root@(none):/# rtcwake -d rtc1 -m mem -s 3
rtcwake: assuming RTC uses UTC ...
rtcwake: wakeup from "mem" using /dev/rtc1 at Thu Jan  1 00:00:19 1970
[    5.315662] PM: Syncing filesystems ... done.
[    5.343768] Freezing user space processes ... (elapsed 0.001 seconds) done.
[    5.352111] Freezing remaining freezable tasks ... (elapsed 0.001 seconds) done.
[    5.360947] Suspending console(s) (use no_console_suspend to debug)
[    5.418237] PM: suspend of devices complete after 49.636 msecs
[    5.421750] PM: late suspend of devices complete after 3.496 msecs
[    5.424420] PM: noirq suspend of devices complete after 2.660 msecs
[    5.424424] Disabling non-boot CPUs ...
[    5.424901] IRQ17 no longer affine to CPU1
[    5.425287] CPU1: shutdown
[    5.458193] CPU2: shutdown
[    5.488090] CPU3: shutdown
[    5.501881] Entering suspend state LP1
[    5.501881] Suspended for 7.046 seconds
[    5.501900] Enabling non-boot CPUs ...
[    5.516807] IRQ17 no longer affine to CPU1
[    5.517162] CPU1: shutdown
[    5.531262] Error taking CPU1 up: -2
[    5.547055] CPU2: shutdown
[    5.561261] Error taking CPU2 up: -2
[    5.577035] CPU3: shutdown
[    5.591268] Error taking CPU3 up: -2
[    5.592535] PM: noirq resume of devices complete after 1.256 msecs
[    5.594575] PM: early resume of devices complete after 1.583 msecs
[    6.126023] PM: resume of devices complete after 531.433 msecs
[    6.214415] Restarting tasks ... done.
root@(none):/# 
root@(none):/# rtcwake -d rtc1 -m mem -s 3
rtcwake: assuming RTC uses UTC ...
rtcwake: wakeup from "mem" using /dev/rtc1 at Thu Jan  1 00:00:28 1970
[    7.257265] PM: Syncing filesystems ... done.
[    7.283582] Freezing user space processes ... (elapsed 0.001 seconds) done.
[    7.291793] Freezing remaining freezable tasks ... (elapsed 0.001 seconds) done.
[    7.300491] Suspending console(s) (use no_console_suspend to debug)
[    7.351642] PM: suspend of devices complete after 43.592 msecs
[    7.354410] PM: late suspend of devices complete after 2.759 msecs
[    7.356865] PM: noirq suspend of devices complete after 2.446 msecs
[    7.356869] Disabling non-boot CPUs ...
[    7.356873] Entering suspend state LP1
[    7.356873] Suspended for 7.145 seconds
[    7.358159] PM: noirq resume of devices complete after 1.262 msecs
[    7.360290] PM: early resume of devices complete after 1.696 msecs
[    7.891587] PM: resume of devices complete after 531.283 msecs
[    7.941136] Restarting tasks ... done.
root@(none):/# 
root@(none):/# rtcwake -d rtc1 -m mem -s 3
rtcwake: assuming RTC uses UTC ...
rtcwake: wakeup from "mem" using /dev/rtc1 at Thu Jan  1 00:00:37 1970
[    9.115902] PM: Syncing filesystems ... done.
[    9.142218] Freezing user space processes ... (elapsed 0.001 seconds) done.
[    9.150425] Freezing remaining freezable tasks ... (elapsed 0.001 seconds) done.
[    9.159111] Suspending console(s) (use no_console_suspend to debug)
[    9.211664] PM: suspend of devices complete after 44.989 msecs
[    9.214446] PM: late suspend of devices complete after 2.773 msecs
[    9.216881] PM: noirq suspend of devices complete after 2.427 msecs
[    9.216885] Disabling non-boot CPUs ...
[    9.216890] Entering suspend state LP1
[    9.216890] Suspended for 7.140 seconds
[    9.218159] PM: noirq resume of devices complete after 1.245 msecs
[    9.220286] PM: early resume of devices complete after 1.680 msecs
[    9.755641] PM: resume of devices complete after 535.339 msecs
[    9.805147] Restarting tasks ... done.
root@(none):/# 
root@(none):/# rtcwake -d rtc1 -m mem -s 3
rtcwake: assuming RTC uses UTC ...
rtcwake: wakeup from "mem" using /dev/rtc1 at Thu Jan  1 00:00:46 1970
[   10.975079] PM: Syncing filesystems ... done.
[   11.001403] Freezing user space processes ... (elapsed 0.001 seconds) done.
[   11.009615] Freezing remaining freezable tasks ... (elapsed 0.001 seconds) done.
[   11.018308] Suspending console(s) (use no_console_suspend to debug)
[   11.071622] PM: suspend of devices complete after 45.740 msecs
[   11.074413] PM: late suspend of devices complete after 2.781 msecs
[   11.076858] PM: noirq suspend of devices complete after 2.436 msecs
[   11.076861] Disabling non-boot CPUs ...
[   11.076866] Entering suspend state LP1
[   11.076866] Suspended for 7.140 seconds
[   11.078143] PM: noirq resume of devices complete after 1.252 msecs
[   11.080267] PM: early resume of devices complete after 1.682 msecs
[   11.616853] PM: resume of devices complete after 536.570 msecs
[   11.666375] Restarting tasks ... done.
root@(none):/# 
root@(none):/# rtcwake -d rtc1 -m mem -s 3
rtcwake: assuming RTC uses UTC ...
rtcwake: wakeup from "mem" using /dev/rtc1 at Thu Jan  1 00:00:55 1970
[   12.849505] PM: Syncing filesystems ... done.
[   12.875834] Freezing user space processes ... (elapsed 0.001 seconds) done.
[   12.884044] Freezing remaining freezable tasks ... (elapsed 0.001 seconds) done.
[   12.892738] Suspending console(s) (use no_console_suspend to debug)
[   12.946562] PM: suspend of devices complete after 46.243 msecs
[   12.949366] PM: late suspend of devices complete after 2.794 msecs
[   12.951820] PM: noirq suspend of devices complete after 2.446 msecs
[   12.951824] Disabling non-boot CPUs ...
[   12.951828] Entering suspend state LP1
[   12.951828] Suspended for 7.125 seconds
[   12.953112] PM: noirq resume of devices complete after 1.258 msecs
[   12.955228] PM: early resume of devices complete after 1.681 msecs
[   13.485761] PM: resume of devices complete after 530.518 msecs
[   13.535284] Restarting tasks ... done.
root@(none):/# 
root@(none):/# rtcwake -d rtc1 -m mem -s 3
rtcwake: assuming RTC uses UTC ...
rtcwake: wakeup from "mem" using /dev/rtc1 at Thu Jan  1 00:01:04 1970
[   14.712289] PM: Syncing filesystems ... done.
[   14.738613] Freezing user space processes ... (elapsed 0.001 seconds) done.
[   14.746836] Freezing remaining freezable tasks ... (elapsed 0.001 seconds) done.
[   14.755527] Suspending console(s) (use no_console_suspend to debug)
[   14.806515] PM: suspend of devices complete after 43.424 msecs
[   14.809299] PM: late suspend of devices complete after 2.775 msecs
[   14.811737] PM: noirq suspend of devices complete after 2.429 msecs
[   14.811741] Disabling non-boot CPUs ...
[   14.811745] Entering suspend state LP1
[   14.811745] Suspended for 7.140 seconds
[   14.813022] PM: noirq resume of devices complete after 1.252 msecs
[   14.815151] PM: early resume of devices complete after 1.686 msecs
[   15.351251] PM: resume of devices complete after 536.085 msecs
[   15.400765] Restarting tasks ... done.
root@(none):/# 
root@(none):/# rtcwake -d rtc1 -m mem -s 3
rtcwake: assuming RTC uses UTC ...
rtcwake: wakeup from "mem" using /dev/rtc1 at Thu Jan  1 00:01:13 1970
[   16.574836] PM: Syncing filesystems ... done.
[   16.601130] Freezing user space processes ... (elapsed 0.001 seconds) done.
[   16.609329] Freezing remaining freezable tasks ... (elapsed 0.001 seconds) done.
[   16.618032] Suspending console(s) (use no_console_suspend to debug)
[   16.671375] PM: suspend of devices complete after 45.774 msecs
[   16.674151] PM: late suspend of devices complete after 2.767 msecs
[   16.676610] PM: noirq suspend of devices complete after 2.451 msecs
[   16.676614] Disabling non-boot CPUs ...
[   16.676618] Entering suspend state LP1
[   16.676618] Suspended for 7.135 seconds
[   16.677908] PM: noirq resume of devices complete after 1.265 msecs
[   16.680036] PM: early resume of devices complete after 1.698 msecs
[   17.211325] PM: resume of devices complete after 531.274 msecs
[   17.260850] Restarting tasks ... done.
root@(none):/# 
root@(none):/# rtcwake -d rtc1 -m mem -s 3
rtcwake: assuming RTC uses UTC ...
rtcwake: wakeup from "mem" using /dev/rtc1 at Thu Jan  1 00:01:22 1970
[   18.447242] PM: Syncing filesystems ... done.
[   18.473555] Freezing user space processes ... (elapsed 0.001 seconds) done.
[   18.481770] Freezing remaining freezable tasks ... (elapsed 0.001 seconds) done.
[   18.490467] Suspending console(s) (use no_console_suspend to debug)
[   18.546419] PM: suspend of devices complete after 48.396 msecs
[   18.549217] PM: late suspend of devices complete after 2.790 msecs
[   18.551676] PM: noirq suspend of devices complete after 2.450 msecs
[   18.551680] Disabling non-boot CPUs ...
[   18.551684] Entering suspend state LP1
[   18.551684] Suspended for 7.125 seconds
[   18.552974] PM: noirq resume of devices complete after 1.265 msecs
[   18.555094] PM: early resume of devices complete after 1.690 msecs
[   19.085592] PM: resume of devices complete after 530.483 msecs
[   19.135118] Restarting tasks ... done.
root@(none):/# 
root@(none):/# rtcwake -d rtc1 -m mem -s 3
rtcwake: assuming RTC uses UTC ...
rtcwake: wakeup from "mem" using /dev/rtc1 at Thu Jan  1 00:01:31 1970
[   20.316490] PM: Syncing filesystems ... done.
[   20.342820] Freezing user space processes ... (elapsed 0.001 seconds) done.
[   20.351021] Freezing remaining freezable tasks ... (elapsed 0.001 seconds) done.
[   20.359723] Suspending console(s) (use no_console_suspend to debug)
[   20.411271] PM: suspend of devices complete after 43.991 msecs
[   20.414045] PM: late suspend of devices complete after 2.765 msecs
[   20.416525] PM: noirq suspend of devices complete after 2.471 msecs
[   20.416529] Disabling non-boot CPUs ...
[   20.416533] Entering suspend state LP1
[   20.416533] Suspended for 7.135 seconds
[   20.417824] PM: noirq resume of devices complete after 1.267 msecs
[   20.419953] PM: early resume of devices complete after 1.702 msecs
[   20.951769] PM: resume of devices complete after 531.801 msecs
[   21.001298] Restarting tasks ... done.
root@(none):/# 
root@(none):/# rtcwake -d rtc1 -m mem -s 3
rtcwake: assuming RTC uses UTC ...
rtcwake: wakeup from "mem" using /dev/rtc1 at Thu Jan  1 00:01:40 1970
[   22.187096] PM: Syncing filesystems ... done.
[   22.213440] Freezing user space processes ... (elapsed 0.001 seconds) done.
[   22.221652] Freezing remaining freezable tasks ... (elapsed 0.001 seconds) done.
[   22.230338] Suspending console(s) (use no_console_suspend to debug)
[   22.286315] PM: suspend of devices complete after 48.419 msecs
[   22.289122] PM: late suspend of devices complete after 2.798 msecs
[   22.291590] PM: noirq suspend of devices complete after 2.459 msecs
[   22.291594] Disabling non-boot CPUs ...
[   22.291598] Entering suspend state LP1
[   22.291598] Suspended for 7.125 seconds
[   22.292891] PM: noirq resume of devices complete after 1.267 msecs
[   22.295009] PM: early resume of devices complete after 1.690 msecs
[   22.825532] PM: resume of devices complete after 530.508 msecs
[   22.875076] Restarting tasks ... done.
root@(none):/# 
root@(none):/# NVTB SYSTEM SUSPEND TEST COMPLETE
