Diff for ./qemu-vexpress64/__internal/defconfig_log.txt
--- /tmp/fooa	2015-04-13 09:45:18.319436171 -0700
+++ /tmp/foob	2015-04-13 09:45:18.323436173 -0700
@@ -1,6 +1,6 @@
 Booting Linux on physical CPU 0x0
 Initializing cgroup subsys cpu
-Linux version 4.0.0-rc6+ (pwalmsley@tamien) (gcc version 4.9.2 20140904 (prerelease) (crosstool-NG linaro-1.13.1-4.9-2014.09 - Linaro GCC 4.9-2014.09) ) #1 SMP PREEMPT Sun Mar 29 16:05:18 PDT 2015
+Linux version 4.0.0-rc7+ (pwalmsley@tamien) (gcc version 4.9.2 20140904 (prerelease) (crosstool-NG linaro-1.13.1-4.9-2014.09 - Linaro GCC 4.9-2014.09) ) #1 SMP PREEMPT Mon Apr 13 09:41:19 PDT 2015
 CPU: AArch64 Processor [411fd070] revision 0
 Detected PIPT I-cache on CPU0
 Memory limited to 1024MB
@@ -17,7 +17,7 @@
 Dentry cache hash table entries: 131072 (order: 8, 1048576 bytes)
 Inode-cache hash table entries: 65536 (order: 7, 524288 bytes)
 software IO TLB [mem 0x79c00000-0x7dc00000] (64MB) mapped at [ffffffc039c00000-ffffffc03dbfffff]
-Memory: 940328K/1048576K available (5037K kernel code, 346K rwdata, 1884K rodata, 256K init, 200K bss, 91864K reserved, 16384K cma-reserved)
+Memory: 940328K/1048576K available (5041K kernel code, 342K rwdata, 1884K rodata, 256K init, 200K bss, 91864K reserved, 16384K cma-reserved)
 Virtual kernel memory layout:
     vmalloc : 0xffffff8000000000 - 0xffffffbdbfff0000   (   246 GB)
     vmemmap : 0xffffffbdc0000000 - 0xffffffbfc0000000   (     8 GB maximum)
@@ -26,9 +26,9 @@
     PCI I/O : 0xffffffbffae00000 - 0xffffffbffbe00000   (    16 MB)
     modules : 0xffffffbffc000000 - 0xffffffc000000000   (    64 MB)
     memory  : 0xffffffc000000000 - 0xffffffc040000000   (  1024 MB)
-      .init : 0xffffffc000745000 - 0xffffffc000785000   (   256 KB)
-      .text : 0xffffffc000080000 - 0xffffffc0007444e4   (  6930 KB)
-      .data : 0xffffffc000789000 - 0xffffffc0007df800   (   346 KB)
+      .init : 0xffffffc000746000 - 0xffffffc000786000   (   256 KB)
+      .text : 0xffffffc000080000 - 0xffffffc0007454e4   (  6934 KB)
+      .data : 0xffffffc00078a000 - 0xffffffc0007df800   (   342 KB)
 SLUB: HWalign=64, Order=0-3, MinObjects=0, CPUs=1, Nodes=1
 Preemptible hierarchical RCU implementation.
 	Additional per-CPU info printed with stalls.
@@ -121,8 +121,8 @@
 EXT4-fs (vda2): mounted filesystem with ordered data mode. Opts: (null)
 VFS: Mounted root (ext4 filesystem) on device 254:2.
 devtmpfs: mounted
-Freeing unused kernel memory: 256K (ffffffc000745000 - ffffffc000785000)
-Freeing alternatives memory: 8K (ffffffc000785000 - ffffffc000787000)
+Freeing unused kernel memory: 256K (ffffffc000746000 - ffffffc000786000)
+Freeing alternatives memory: 8K (ffffffc000786000 - ffffffc000788000)
 bash: cannot set terminal process group (-1): Inappropriate ioctl for device
 bash: no job control in this shell
 bash-4.3# 
\ No newline at end of file
Diff for ./tegra114-dalmore-a04/tegra114-dalmore/multi_v7_defconfig_log.txt
--- /tmp/fooa	2015-04-13 09:45:18.327436174 -0700
+++ /tmp/foob	2015-04-13 09:45:18.331436176 -0700
@@ -38,20 +38,20 @@
 	 #################################################################
 	 #################################################################
 	 #########################
-	 3.6 MiB/s
+	 3.4 MiB/s
 done
-Bytes transferred = 6081288 (5ccb08 hex)
+Bytes transferred = 6082432 (5ccf80 hex)
 Tegra114 (Dalmore) # tftpboot 0x82000000 tegra114-dalmore.dtb
 Using asx0 device
 TFTP from server 192.168.100.1; our IP address is 192.168.100.100
 Filename 'tegra114-dalmore.dtb'.
 Load address: 0x82000000
 Loading: *###
-	 2.8 MiB/s
+	 3 MiB/s
 done
 Bytes transferred = 34638 (874e hex)
 Tegra114 (Dalmore) # bootz 0x81000000 - 0x82000000
-Kernel image @ 0x81000000 [ 0x000000 - 0x5ccb08 ]
+Kernel image @ 0x81000000 [ 0x000000 - 0x5ccf80 ]
 ## Flattened Device Tree blob at 82000000
    Booting using the fdt blob at 0x82000000
    Loading Device Tree to 8fff4000, end 8ffff74d ... OK
@@ -59,7 +59,7 @@
 Starting kernel ...
 
 Booting Linux on physical CPU 0x0
-Linux version 4.0.0-rc6-00487-ge42391c (pwalmsley@sellafield) (gcc version 4.7.3 20130328 (prerelease) (crosstool-NG linaro-1.13.1-4.7-2013.04-20130415 - Linaro GCC 2013.04) ) #1 SMP Sun Mar 29 16:03:46 PDT 2015
+Linux version 4.0.0-rc7-00693-gf22e6e8 (pwalmsley@sellafield) (gcc version 4.7.3 20130328 (prerelease) (crosstool-NG linaro-1.13.1-4.7-2013.04-20130415 - Linaro GCC 2013.04) ) #1 SMP Mon Apr 13 09:40:28 PDT 2015
 CPU: ARMv7 Processor [412fc0f2] revision 2 (ARMv7), cr=10c5387d
 CPU: PIPT / VIPT nonaliasing data cache, PIPT instruction cache
 Machine model: NVIDIA Tegra114 Dalmore evaluation board
@@ -67,7 +67,7 @@
 cma: Reserved 64 MiB at 0xfb800000
 Memory policy: Data cache writealloc
 On node 0 totalpages: 524032
-free_area_init_node: node 0, pgdat c0ec7e40, node_mem_map ee7f8000
+free_area_init_node: node 0, pgdat c0ec7e80, node_mem_map ee7f8000
   DMA zone: 1520 pages used for memmap
   DMA zone: 0 pages reserved
   DMA zone: 194560 pages, LIFO batch:31
@@ -88,10 +88,10 @@
     lowmem  : 0xc0000000 - 0xef800000   ( 760 MB)
     pkmap   : 0xbfe00000 - 0xc0000000   (   2 MB)
     modules : 0xbf000000 - 0xbfe00000   (  14 MB)
-      .text : 0xc0208000 - 0xc0d03b08   (11247 kB)
+      .text : 0xc0208000 - 0xc0d03b1c   (11247 kB)
       .init : 0xc0d04000 - 0xc0dcc000   ( 800 kB)
-      .data : 0xc0dcc000 - 0xc0ec9d60   (1016 kB)
-       .bss : 0xc0ec9d60 - 0xc0f18e68   ( 317 kB)
+      .data : 0xc0dcc000 - 0xc0ec9da0   (1016 kB)
+       .bss : 0xc0ec9da0 - 0xc0f18ea8   ( 317 kB)
 SLUB: HWalign=64, Order=0-3, MinObjects=0, CPUs=4, Nodes=1
 Hierarchical RCU implementation.
 	Additional per-CPU info printed with stalls.
@@ -115,7 +115,7 @@
 /cpus/cpu@2 missing clock-frequency property
 /cpus/cpu@3 missing clock-frequency property
 CPU0: thread -1, cpu 0, socket 0, mpidr 80000000
-Setting up static identity map for 0x80967958 - 0x809679f0
+Setting up static identity map for 0x80967c88 - 0x80967d20
 Tegra Revision: A01 SKU: 0 CPU Process: 1 Core Process: 0
 CPU1: thread -1, cpu 1, socket 0, mpidr 80000001
 CPU2: thread -1, cpu 2, socket 0, mpidr 80000002
@@ -334,7 +334,7 @@
 hub 1-0:1.0: USB hub found
 hub 1-0:1.0: 1 port detected
 input: gpio-keys as /devices/soc0/gpio-keys/input/input1
-palmas-rtc 7000d000.i2c:tps65913@58:rtc: setting system clock to 2000-09-03 18:26:42 UTC (968005602)
+palmas-rtc 7000d000.i2c:tps65913@58:rtc: setting system clock to 2000-09-18 12:04:07 UTC (969278647)
 vdd_cam_1v8_reg: disabling
 usb1_vbus: disabling
 dvdd_ts: disabling
@@ -348,4 +348,4 @@
 Freeing unused kernel memory: 800K (c0d04000 - c0dcc000)
 bash: cannot set terminal process group (-1): Inappropriate ioctl for device
 bash: no job control in this shell
-root@(none):/# [    2.778875] usb 1-1: new high-speed USB device number 2 using tegra-ehci
+root@(none):/# [    2.793841] usb 1-1: new high-speed USB device number 2 using tegra-ehci
Diff for ./tegra114-dalmore-a04/tegra114-dalmore/tegra_defconfig_log.txt
--- /tmp/fooa	2015-04-13 09:45:18.335436178 -0700
+++ /tmp/foob	2015-04-13 09:45:18.335436178 -0700
@@ -37,20 +37,20 @@
 	 #################################################################
 	 #################################################################
 	 ####
-	 3.3 MiB/s
+	 3 MiB/s
 done
-Bytes transferred = 4827928 (49ab18 hex)
+Bytes transferred = 4828440 (49ad18 hex)
 Tegra114 (Dalmore) # tftpboot 0x82000000 tegra114-dalmore.dtb
 Using asx0 device
 TFTP from server 192.168.100.1; our IP address is 192.168.100.100
 Filename 'tegra114-dalmore.dtb'.
 Load address: 0x82000000
 Loading: *###
-	 3 MiB/s
+	 3.3 MiB/s
 done
 Bytes transferred = 34638 (874e hex)
 Tegra114 (Dalmore) # bootz 0x81000000 - 0x82000000
-Kernel image @ 0x81000000 [ 0x000000 - 0x49ab18 ]
+Kernel image @ 0x81000000 [ 0x000000 - 0x49ad18 ]
 ## Flattened Device Tree blob at 82000000
    Booting using the fdt blob at 0x82000000
    Loading Device Tree to 8fff4000, end 8ffff74d ... OK
@@ -61,7 +61,7 @@
 Booting Linux on physical CPU 0x0
 Initializing cgroup subsys cpu
 Initializing cgroup subsys cpuacct
-Linux version 4.0.0-rc6-00487-ge42391c (pwalmsley@kaivo) (gcc version 4.7.3 20130328 (prerelease) (crosstool-NG linaro-1.13.1-4.7-2013.04-20130415 - Linaro GCC 2013.04) ) #1 SMP PREEMPT Sun Mar 29 16:03:58 PDT 2015
+Linux version 4.0.0-rc7-00693-gf22e6e8 (pwalmsley@kaivo) (gcc version 4.7.3 20130328 (prerelease) (crosstool-NG linaro-1.13.1-4.7-2013.04-20130415 - Linaro GCC 2013.04) ) #1 SMP PREEMPT Mon Apr 13 09:40:41 PDT 2015
 CPU: ARMv7 Processor [412fc0f2] revision 2 (ARMv7), cr=10c5387d
 CPU: PIPT / VIPT nonaliasing data cache, PIPT instruction cache
 Machine model: NVIDIA Tegra114 Dalmore evaluation board
@@ -69,7 +69,7 @@
 cma: Reserved 64 MiB at 0xfbc00000
 Memory policy: Data cache writealloc
 On node 0 totalpages: 524032
-free_area_init_node: node 0, pgdat c0943c80, node_mem_map ee7f7000
+free_area_init_node: node 0, pgdat c0943cc0, node_mem_map ee7f7000
   Normal zone: 1520 pages used for memmap
   Normal zone: 0 pages reserved
   Normal zone: 194560 pages, LIFO batch:31
@@ -90,10 +90,10 @@
     lowmem  : 0xc0000000 - 0xef800000   ( 760 MB)
     pkmap   : 0xbfe00000 - 0xc0000000   (   2 MB)
     modules : 0xbf000000 - 0xbfe00000   (  14 MB)
-      .text : 0xc0008000 - 0xc08aac6c   (8844 kB)
+      .text : 0xc0008000 - 0xc08aac74   (8844 kB)
       .init : 0xc08ab000 - 0xc08f6000   ( 300 kB)
-      .data : 0xc08f6000 - 0xc0945760   ( 318 kB)
-       .bss : 0xc0945760 - 0xc099d3b0   ( 352 kB)
+      .data : 0xc08f6000 - 0xc09457a0   ( 318 kB)
+       .bss : 0xc09457a0 - 0xc099d3f0   ( 352 kB)
 Preemptible hierarchical RCU implementation.
 	Additional per-CPU info printed with stalls.
 NR_IRQS:16 nr_irqs:16 16
@@ -116,7 +116,7 @@
 /cpus/cpu@2 missing clock-frequency property
 /cpus/cpu@3 missing clock-frequency property
 CPU0: thread -1, cpu 0, socket 0, mpidr 80000000
-Setting up static identity map for 0x806445a0 - 0x80644638
+Setting up static identity map for 0x80644af0 - 0x80644b88
 Tegra Revision: A01 SKU: 0 CPU Process: 1 Core Process: 0
 CPU1: thread -1, cpu 1, socket 0, mpidr 80000001
 CPU2: thread -1, cpu 2, socket 0, mpidr 80000002
@@ -325,7 +325,7 @@
 hub 1-0:1.0: USB hub found
 hub 1-0:1.0: 1 port detected
 input: gpio-keys as /devices/soc0/gpio-keys/input/input1
-palmas-rtc 7000d000.i2c:tps65913@58:rtc: setting system clock to 2000-09-03 18:27:11 UTC (968005631)
+palmas-rtc 7000d000.i2c:tps65913@58:rtc: setting system clock to 2000-09-18 12:04:36 UTC (969278676)
 vdd_cam_1v8_reg: disabling
 usb1_vbus: disabling
 dvdd_ts: disabling
@@ -340,4 +340,4 @@
 Freeing unused kernel memory: 300K (c08ab000 - c08f6000)
 bash: cannot set terminal process group (-1): Inappropriate ioctl for device
 bash: no job control in this shell
-root@(none):/# [    2.949964] usb 1-1: new high-speed USB device number 2 using tegra-ehci
+root@(none):/# [    2.939922] usb 1-1: new high-speed USB device number 2 using tegra-ehci
Diff for ./tegra124-jetson-tk1/tegra124-jetson-tk1/multi_v7_defconfig_log.txt
--- /tmp/fooa	2015-04-13 09:45:18.343436182 -0700
+++ /tmp/foob	2015-04-13 09:45:18.343436182 -0700
@@ -40,9 +40,9 @@
 	 #################################################################
 	 #################################################################
 	 #########################
-	 3.3 MiB/s
+	 3.2 MiB/s
 done
-Bytes transferred = 6081288 (5ccb08 hex)
+Bytes transferred = 6082432 (5ccf80 hex)
 Tegra124 (Jetson TK1) # tftpboot 0x82000000 tegra124-jetson-tk1.dtb
 Using asx0 device
 TFTP from server 192.168.100.1; our IP address is 192.168.100.102
@@ -53,7 +53,7 @@
 done
 Bytes transferred = 49059 (bfa3 hex)
 Tegra124 (Jetson TK1) # bootz 0x81000000 - 0x82000000
-Kernel image @ 0x81000000 [ 0x000000 - 0x5ccb08 ]
+Kernel image @ 0x81000000 [ 0x000000 - 0x5ccf80 ]
 ## Flattened Device Tree blob at 82000000
    Booting using the fdt blob at 0x82000000
    Using Device Tree in place at 82000000, end 8200efa2
@@ -61,7 +61,7 @@
 Starting kernel ...
 
 Booting Linux on physical CPU 0x0
-Linux version 4.0.0-rc6-00487-ge42391c (pwalmsley@sellafield) (gcc version 4.7.3 20130328 (prerelease) (crosstool-NG linaro-1.13.1-4.7-2013.04-20130415 - Linaro GCC 2013.04) ) #1 SMP Sun Mar 29 16:03:46 PDT 2015
+Linux version 4.0.0-rc7-00693-gf22e6e8 (pwalmsley@sellafield) (gcc version 4.7.3 20130328 (prerelease) (crosstool-NG linaro-1.13.1-4.7-2013.04-20130415 - Linaro GCC 2013.04) ) #1 SMP Mon Apr 13 09:40:28 PDT 2015
 CPU: ARMv7 Processor [413fc0f3] revision 3 (ARMv7), cr=10c5387d
 CPU: PIPT / VIPT nonaliasing data cache, PIPT instruction cache
 Machine model: NVIDIA Tegra124 Jetson TK1
@@ -69,7 +69,7 @@
 cma: Reserved 64 MiB at 0xfb800000
 Memory policy: Data cache writealloc
 On node 0 totalpages: 524032
-free_area_init_node: node 0, pgdat c0ec7e40, node_mem_map ee7f8000
+free_area_init_node: node 0, pgdat c0ec7e80, node_mem_map ee7f8000
   DMA zone: 1520 pages used for memmap
   DMA zone: 0 pages reserved
   DMA zone: 194560 pages, LIFO batch:31
@@ -90,10 +90,10 @@
     lowmem  : 0xc0000000 - 0xef800000   ( 760 MB)
     pkmap   : 0xbfe00000 - 0xc0000000   (   2 MB)
     modules : 0xbf000000 - 0xbfe00000   (  14 MB)
-      .text : 0xc0208000 - 0xc0d03b08   (11247 kB)
+      .text : 0xc0208000 - 0xc0d03b1c   (11247 kB)
       .init : 0xc0d04000 - 0xc0dcc000   ( 800 kB)
-      .data : 0xc0dcc000 - 0xc0ec9d60   (1016 kB)
-       .bss : 0xc0ec9d60 - 0xc0f18e68   ( 317 kB)
+      .data : 0xc0dcc000 - 0xc0ec9da0   (1016 kB)
+       .bss : 0xc0ec9da0 - 0xc0f18ea8   ( 317 kB)
 SLUB: HWalign=64, Order=0-3, MinObjects=0, CPUs=4, Nodes=1
 Hierarchical RCU implementation.
 	Additional per-CPU info printed with stalls.
@@ -117,7 +117,7 @@
 /cpus/cpu@2 missing clock-frequency property
 /cpus/cpu@3 missing clock-frequency property
 CPU0: thread -1, cpu 0, socket 0, mpidr 80000000
-Setting up static identity map for 0x80967958 - 0x809679f0
+Setting up static identity map for 0x80967c88 - 0x80967d20
 Tegra Revision: A01 SKU: 129 CPU Process: 1 Core Process: 1
 CPU1: thread -1, cpu 1, socket 0, mpidr 80000001
 CPU2: thread -1, cpu 2, socket 0, mpidr 80000002
@@ -418,4 +418,4 @@
 Freeing unused kernel memory: 800K (c0d04000 - c0dcc000)
 bash: cannot set terminal process group (-1): Inappropriate ioctl for device
 bash: no job control in this shell
-root@(none):/# [    5.935853] usb 2-1: new high-speed USB device number 2 using tegra-ehci
+root@(none):/# [    5.950874] usb 2-1: new high-speed USB device number 2 using tegra-ehci
Diff for ./tegra124-jetson-tk1/tegra124-jetson-tk1/tegra_defconfig_log.txt
--- /tmp/fooa	2015-04-13 09:45:18.351436186 -0700
+++ /tmp/foob	2015-04-13 09:45:18.351436186 -0700
@@ -39,20 +39,20 @@
 	 #################################################################
 	 #################################################################
 	 ####
-	 3.3 MiB/s
+	 2.8 MiB/s
 done
-Bytes transferred = 4827928 (49ab18 hex)
+Bytes transferred = 4828440 (49ad18 hex)
 Tegra124 (Jetson TK1) # tftpboot 0x82000000 tegra124-jetson-tk1.dtb
 Using asx0 device
 TFTP from server 192.168.100.1; our IP address is 192.168.100.102
 Filename 'tegra124-jetson-tk1.dtb'.
 Load address: 0x82000000
 Loading: *####
-	 2.8 MiB/s
+	 2.6 MiB/s
 done
 Bytes transferred = 49059 (bfa3 hex)
 Tegra124 (Jetson TK1) # bootz 0x81000000 - 0x82000000
-Kernel image @ 0x81000000 [ 0x000000 - 0x49ab18 ]
+Kernel image @ 0x81000000 [ 0x000000 - 0x49ad18 ]
 ## Flattened Device Tree blob at 82000000
    Booting using the fdt blob at 0x82000000
    Using Device Tree in place at 82000000, end 8200efa2
@@ -63,7 +63,7 @@
 Booting Linux on physical CPU 0x0
 Initializing cgroup subsys cpu
 Initializing cgroup subsys cpuacct
-Linux version 4.0.0-rc6-00487-ge42391c (pwalmsley@kaivo) (gcc version 4.7.3 20130328 (prerelease) (crosstool-NG linaro-1.13.1-4.7-2013.04-20130415 - Linaro GCC 2013.04) ) #1 SMP PREEMPT Sun Mar 29 16:03:58 PDT 2015
+Linux version 4.0.0-rc7-00693-gf22e6e8 (pwalmsley@kaivo) (gcc version 4.7.3 20130328 (prerelease) (crosstool-NG linaro-1.13.1-4.7-2013.04-20130415 - Linaro GCC 2013.04) ) #1 SMP PREEMPT Mon Apr 13 09:40:41 PDT 2015
 CPU: ARMv7 Processor [413fc0f3] revision 3 (ARMv7), cr=10c5387d
 CPU: PIPT / VIPT nonaliasing data cache, PIPT instruction cache
 Machine model: NVIDIA Tegra124 Jetson TK1
@@ -71,7 +71,7 @@
 cma: Reserved 64 MiB at 0xfbc00000
 Memory policy: Data cache writealloc
 On node 0 totalpages: 524032
-free_area_init_node: node 0, pgdat c0943c80, node_mem_map ee7f7000
+free_area_init_node: node 0, pgdat c0943cc0, node_mem_map ee7f7000
   Normal zone: 1520 pages used for memmap
   Normal zone: 0 pages reserved
   Normal zone: 194560 pages, LIFO batch:31
@@ -92,10 +92,10 @@
     lowmem  : 0xc0000000 - 0xef800000   ( 760 MB)
     pkmap   : 0xbfe00000 - 0xc0000000   (   2 MB)
     modules : 0xbf000000 - 0xbfe00000   (  14 MB)
-      .text : 0xc0008000 - 0xc08aac6c   (8844 kB)
+      .text : 0xc0008000 - 0xc08aac74   (8844 kB)
       .init : 0xc08ab000 - 0xc08f6000   ( 300 kB)
-      .data : 0xc08f6000 - 0xc0945760   ( 318 kB)
-       .bss : 0xc0945760 - 0xc099d3b0   ( 352 kB)
+      .data : 0xc08f6000 - 0xc09457a0   ( 318 kB)
+       .bss : 0xc09457a0 - 0xc099d3f0   ( 352 kB)
 Preemptible hierarchical RCU implementation.
 	Additional per-CPU info printed with stalls.
 NR_IRQS:16 nr_irqs:16 16
@@ -118,7 +118,7 @@
 /cpus/cpu@2 missing clock-frequency property
 /cpus/cpu@3 missing clock-frequency property
 CPU0: thread -1, cpu 0, socket 0, mpidr 80000000
-Setting up static identity map for 0x806445a0 - 0x80644638
+Setting up static identity map for 0x80644af0 - 0x80644b88
 Tegra Revision: A01 SKU: 129 CPU Process: 1 Core Process: 1
 CPU1: thread -1, cpu 1, socket 0, mpidr 80000001
 CPU2: thread -1, cpu 2, socket 0, mpidr 80000002
@@ -365,42 +365,16 @@
 tegra-pcie 1003000.pcie-controller: link 0 down, ignoring
 tegra-pcie 1003000.pcie-controller: probing port 1, using 1 lanes
 tegra-pcie 1003000.pcie-controller: Slot present pin change, signature: 00000000
+tegra-pcie 1003000.pcie-controller: link 1 down, retrying
+tegra-pcie 1003000.pcie-controller: link 1 down, retrying
+tegra-pcie 1003000.pcie-controller: link 1 down, retrying
+tegra-pcie 1003000.pcie-controller: link 1 down, ignoring
 tegra-pcie 1003000.pcie-controller: PCI host bridge to bus 0000:00
 pci_bus 0000:00: root bus resource [mem 0x13000000-0x1fffffff]
 pci_bus 0000:00: root bus resource [mem 0x20000000-0x3fffffff pref]
 pci_bus 0000:00: root bus resource [bus 00-ff]
 pci_bus 0000:00: root bus resource [io  0x1000-0xffff]
-pci 0000:00:02.0: [10de:0e13] type 01 class 0x060400
-pci 0000:00:02.0: PME# supported from D0 D1 D2 D3hot D3cold
-PCI: bus0: Fast back to back transfers disabled
-pci 0000:00:02.0: bridge configuration invalid ([bus 00-00]), reconfiguring
-pci 0000:01:00.0: [10ec:8168] type 00 class 0x020000
-pci 0000:01:00.0: reg 0x10: [io  0x0000-0x00ff]
-pci 0000:01:00.0: reg 0x18: [mem 0x00000000-0x00000fff 64bit]
-pci 0000:01:00.0: reg 0x20: [mem 0x00000000-0x00003fff 64bit pref]
-pci 0000:01:00.0: supports D1 D2
-pci 0000:01:00.0: PME# supported from D0 D1 D2 D3hot D3cold
-PCI: bus1: Fast back to back transfers disabled
-pci_bus 0000:01: busn_res: [bus 01-ff] end is updated to 01
-pci 0000:00:02.0: BAR 8: assigned [mem 0x13000000-0x130fffff]
-pci 0000:00:02.0: BAR 9: assigned [mem 0x20000000-0x200fffff 64bit pref]
-pci 0000:00:02.0: BAR 7: assigned [io  0x1000-0x1fff]
-pci 0000:01:00.0: BAR 4: assigned [mem 0x20000000-0x20003fff 64bit pref]
-pci 0000:01:00.0: BAR 2: assigned [mem 0x13000000-0x13000fff 64bit]
-pci 0000:01:00.0: BAR 0: assigned [io  0x1000-0x10ff]
-pci 0000:00:02.0: PCI bridge to [bus 01]
-pci 0000:00:02.0:   bridge window [io  0x1000-0x1fff]
-pci 0000:00:02.0:   bridge window [mem 0x13000000-0x130fffff]
-pci 0000:00:02.0:   bridge window [mem 0x20000000-0x200fffff 64bit pref]
-pci 0000:00:02.0: nv_msi_ht_cap_quirk didn't locate host bridge
-pcieport 0000:00:02.0: enabling device (0140 -> 0143)
-pcieport 0000:00:02.0: Signaling PME through PCIe PME interrupt
-pci 0000:01:00.0: Signaling PME through PCIe PME interrupt
-pcie_pme 0000:00:02.0:pcie01: service driver pcie_pme loaded
-r8169 Gigabit Ethernet driver 2.3LK-NAPI loaded
-r8169 0000:01:00.0: enabling device (0140 -> 0143)
-r8169 0000:01:00.0 eth0: RTL8168g/8111g at 0xf0146000, 00:04:4b:25:b3:b4, XID 0c000800 IRQ 381
-r8169 0000:01:00.0 eth0: jumbo features [frames: 9200 bytes, tx checksumming: ko]
+PCI: bus0: Fast back to back transfers enabled
 [drm] Supports vblank timestamp caching Rev 2 (21.10.2013).
 [drm] No driver support for vblank timestamp query.
 tegra-hdmi 54280000.hdmi: cannot set audio to 44100 at 297000000 pclk
@@ -415,7 +389,7 @@
 hub 2-0:1.0: USB hub found
 hub 2-0:1.0: 1 port detected
 input: gpio-keys as /devices/soc0/gpio-keys/input/input1
-as3722-rtc as3722-rtc: setting system clock to 2000-02-01 00:00:49 UTC (949363249)
+as3722-rtc as3722-rtc: setting system clock to 2000-02-01 00:00:19 UTC (949363219)
 +1.8V_RUN_VPP_FUSE: disabling
 +2.8V_RUN_CAM_AF: disabling
 +3.3V_RUN_TOUCH: disabling
@@ -435,4 +409,5 @@
 Freeing unused kernel memory: 300K (c08ab000 - c08f6000)
 bash: cannot set terminal process group (-1): Inappropriate ioctl for device
 bash: no job control in this shell
-root@(none):/# [    5.053006] usb 2-1: new high-speed USB device number 2 using tegra-ehci
+usb 2-1: new high-speed USB device number 2 using tegra-ehci
+root@(none):/# 
\ No newline at end of file
Diff for ./tegra20-trimslice/tegra20-trimslice/multi_v7_defconfig_log.txt
--- /tmp/fooa	2015-04-13 09:45:18.359436189 -0700
+++ /tmp/foob	2015-04-13 09:45:18.359436189 -0700
@@ -44,9 +44,9 @@
 	 #################################################################
 	 #################################################################
 	 #########################
-	 4.1 MiB/s
+	 3.9 MiB/s
 done
-Bytes transferred = 6081288 (5ccb08 hex)
+Bytes transferred = 6082432 (5ccf80 hex)
 Tegra20 (TrimSlice) # tftpboot 0x02408000 tegra20-trimslice.dtb
 Using RTL8169#0 device
 TFTP from server 192.168.100.1; our IP address is 192.168.100.103
@@ -57,7 +57,7 @@
 done
 Bytes transferred = 20902 (51a6 hex)
 Tegra20 (TrimSlice) # bootz 0x00408000 - 0x02408000
-Kernel image @ 0x408000 [ 0x000000 - 0x5ccb08 ]
+Kernel image @ 0x408000 [ 0x000000 - 0x5ccf80 ]
 ## Flattened Device Tree blob at 02408000
    Booting using the fdt blob at 0x2408000
    Using Device Tree in place at 02408000, end 024101a5
@@ -65,7 +65,7 @@
 Starting kernel ...
 
 Booting Linux on physical CPU 0x0
-Linux version 4.0.0-rc6-00487-ge42391c (pwalmsley@sellafield) (gcc version 4.7.3 20130328 (prerelease) (crosstool-NG linaro-1.13.1-4.7-2013.04-20130415 - Linaro GCC 2013.04) ) #1 SMP Sun Mar 29 16:03:46 PDT 2015
+Linux version 4.0.0-rc7-00693-gf22e6e8 (pwalmsley@sellafield) (gcc version 4.7.3 20130328 (prerelease) (crosstool-NG linaro-1.13.1-4.7-2013.04-20130415 - Linaro GCC 2013.04) ) #1 SMP Mon Apr 13 09:40:28 PDT 2015
 CPU: ARMv7 Processor [411fc090] revision 0 (ARMv7), cr=10c5387d
 CPU: PIPT / VIPT nonaliasing data cache, VIPT aliasing instruction cache
 Machine model: Compulab TrimSlice board
@@ -73,7 +73,7 @@
 cma: Reserved 64 MiB at 0x3c000000
 Memory policy: Data cache writealloc
 On node 0 totalpages: 262144
-free_area_init_node: node 0, pgdat c0ec7e40, node_mem_map eeff8000
+free_area_init_node: node 0, pgdat c0ec7e80, node_mem_map eeff8000
   DMA zone: 1520 pages used for memmap
   DMA zone: 0 pages reserved
   DMA zone: 194560 pages, LIFO batch:31
@@ -94,10 +94,10 @@
     lowmem  : 0xc0000000 - 0xef800000   ( 760 MB)
     pkmap   : 0xbfe00000 - 0xc0000000   (   2 MB)
     modules : 0xbf000000 - 0xbfe00000   (  14 MB)
-      .text : 0xc0208000 - 0xc0d03b08   (11247 kB)
+      .text : 0xc0208000 - 0xc0d03b1c   (11247 kB)
       .init : 0xc0d04000 - 0xc0dcc000   ( 800 kB)
-      .data : 0xc0dcc000 - 0xc0ec9d60   (1016 kB)
-       .bss : 0xc0ec9d60 - 0xc0f18e68   ( 317 kB)
+      .data : 0xc0dcc000 - 0xc0ec9da0   (1016 kB)
+       .bss : 0xc0ec9da0 - 0xc0f18ea8   ( 317 kB)
 SLUB: HWalign=64, Order=0-3, MinObjects=0, CPUs=2, Nodes=1
 Hierarchical RCU implementation.
 	Additional per-CPU info printed with stalls.
@@ -121,7 +121,7 @@
 Mountpoint-cache hash table entries: 2048 (order: 1, 8192 bytes)
 CPU: Testing write buffer coherency: ok
 CPU0: thread -1, cpu 0, socket 0, mpidr 80000000
-Setting up static identity map for 0x967958 - 0x9679f0
+Setting up static identity map for 0x967c88 - 0x967d20
 Tegra Revision: A03 prime SKU: 8 CPU Process: 1 Core Process: 2
 CPU1: thread -1, cpu 1, socket 0, mpidr 80000001
 Brought up 2 CPUs
@@ -329,8 +329,8 @@
 Key type dns_resolver registered
 ThumbEE CPU extension supported.
 Registering SWP/SWPB emulation handler
- mmcblk0: p1
 platform c5000000.usb: Driver tegra-ehci requests probe deferral
+ mmcblk0: p1
 ulpi_phy_power_on: ulpi write failed
 tegra-ehci c5004000.usb: Failed to power on the phy
 tegra-ehci: probe of c5004000.usb failed with error -110
@@ -344,14 +344,14 @@
 tegra-ehci c5000000.usb: EHCI Host Controller
 tegra-ehci c5000000.usb: new USB bus registered, assigned bus number 2
 tegra-ehci c5000000.usb: irq 288, io mem 0xc5000000
-tegra-ehci c5000000.usb: USB 2.0 started, EHCI 1.00
 mmc1: new high speed SD card at address b368
+tegra-ehci c5000000.usb: USB 2.0 started, EHCI 1.00
 mmcblk1: mmc1:b368 NCard 1.83 GiB (ro)
  mmcblk1: p1 p2
 hub 2-0:1.0: USB hub found
 hub 2-0:1.0: 1 port detected
 input: gpio-keys as /devices/soc0/gpio-keys/input/input0
-rtc-em3027 2-0056: setting system clock to 2014-12-25 19:31:48 UTC (1419535908)
+rtc-em3027 2-0056: setting system clock to 2014-12-25 19:42:52 UTC (1419536572)
 ALSA device list:
   #0: tegra-trimslice
 EXT4-fs (mmcblk0p1): mounting ext3 file system using the ext4 subsystem
@@ -361,8 +361,8 @@
 devtmpfs: mounted
 Freeing unused kernel memory: 800K (c0d04000 - c0dcc000)
 usb 1-1: new high-speed USB device number 2 using tegra-ehci
+hub 1-1:1.0: USB hub found
+hub 1-1:1.0: 4 ports detected
 bash: cannot set terminal process group (-1): Inappropriate ioctl for device
-bash: no j[    2.508241] hub 1-1:1.0: USB hub found
-ob control in this shell[    2.513805] hub 1-1:1.0: 4 ports detected
-
+bash: no job control in this shell
 root@(none):/# 
\ No newline at end of file
Diff for ./tegra20-trimslice/tegra20-trimslice/tegra_defconfig_log.txt
--- /tmp/fooa	2015-04-13 09:45:18.367436193 -0700
+++ /tmp/foob	2015-04-13 09:45:18.367436193 -0700
@@ -43,9 +43,9 @@
 	 #################################################################
 	 #################################################################
 	 ####
-	 4.1 MiB/s
+	 3.2 MiB/s
 done
-Bytes transferred = 4827928 (49ab18 hex)
+Bytes transferred = 4828440 (49ad18 hex)
 Tegra20 (TrimSlice) # tftpboot 0x02408000 tegra20-trimslice.dtb
 Using RTL8169#0 device
 TFTP from server 192.168.100.1; our IP address is 192.168.100.103
@@ -56,7 +56,7 @@
 done
 Bytes transferred = 20902 (51a6 hex)
 Tegra20 (TrimSlice) # bootz 0x00408000 - 0x02408000
-Kernel image @ 0x408000 [ 0x000000 - 0x49ab18 ]
+Kernel image @ 0x408000 [ 0x000000 - 0x49ad18 ]
 ## Flattened Device Tree blob at 02408000
    Booting using the fdt blob at 0x2408000
    Using Device Tree in place at 02408000, end 024101a5
@@ -67,7 +67,7 @@
 Booting Linux on physical CPU 0x0
 Initializing cgroup subsys cpu
 Initializing cgroup subsys cpuacct
-Linux version 4.0.0-rc6-00487-ge42391c (pwalmsley@kaivo) (gcc version 4.7.3 20130328 (prerelease) (crosstool-NG linaro-1.13.1-4.7-2013.04-20130415 - Linaro GCC 2013.04) ) #1 SMP PREEMPT Sun Mar 29 16:03:58 PDT 2015
+Linux version 4.0.0-rc7-00693-gf22e6e8 (pwalmsley@kaivo) (gcc version 4.7.3 20130328 (prerelease) (crosstool-NG linaro-1.13.1-4.7-2013.04-20130415 - Linaro GCC 2013.04) ) #1 SMP PREEMPT Mon Apr 13 09:40:41 PDT 2015
 CPU: ARMv7 Processor [411fc090] revision 0 (ARMv7), cr=10c5387d
 CPU: PIPT / VIPT nonaliasing data cache, VIPT aliasing instruction cache
 Machine model: Compulab TrimSlice board
@@ -76,7 +76,7 @@
 cma: Reserved 64 MiB at 0x3c000000
 Memory policy: Data cache writealloc
 On node 0 totalpages: 262144
-free_area_init_node: node 0, pgdat c0943c80, node_mem_map eeff7000
+free_area_init_node: node 0, pgdat c0943cc0, node_mem_map eeff7000
   Normal zone: 1520 pages used for memmap
   Normal zone: 0 pages reserved
   Normal zone: 194560 pages, LIFO batch:31
@@ -97,10 +97,10 @@
     lowmem  : 0xc0000000 - 0xef800000   ( 760 MB)
     pkmap   : 0xbfe00000 - 0xc0000000   (   2 MB)
     modules : 0xbf000000 - 0xbfe00000   (  14 MB)
-      .text : 0xc0008000 - 0xc08aac6c   (8844 kB)
+      .text : 0xc0008000 - 0xc08aac74   (8844 kB)
       .init : 0xc08ab000 - 0xc08f6000   ( 300 kB)
-      .data : 0xc08f6000 - 0xc0945760   ( 318 kB)
-       .bss : 0xc0945760 - 0xc099d3b0   ( 352 kB)
+      .data : 0xc08f6000 - 0xc09457a0   ( 318 kB)
+       .bss : 0xc09457a0 - 0xc099d3f0   ( 352 kB)
 Preemptible hierarchical RCU implementation.
 	Additional per-CPU info printed with stalls.
 	RCU restricting CPUs from NR_CPUS=4 to nr_cpu_ids=2.
@@ -125,7 +125,7 @@
 Initializing cgroup subsys debug
 CPU: Testing write buffer coherency: ok
 CPU0: thread -1, cpu 0, socket 0, mpidr 80000000
-Setting up static identity map for 0x6445a0 - 0x644638
+Setting up static identity map for 0x644af0 - 0x644b88
 Tegra Revision: A03 prime SKU: 8 CPU Process: 1 Core Process: 2
 CPU1: thread -1, cpu 1, socket 0, mpidr 80000001
 Brought up 2 CPUs
@@ -309,18 +309,18 @@
 NET: Registered protocol family 10
 mip6: Mobile IPv6
 sit: IPv6 over IPv4 tunneling driver
+mmc0: host does not support reading read-only switch, assuming write-enable
 NET: Registered protocol family 17
 NET: Registered protocol family 15
 can: controller area network core (rev 20120528 abi 9)
-mmc0: host does not support reading read-only switch, assuming write-enable
-mmc0: new high speed SDHC card at address b368
-mmcblk0: mmc0:b368 NCard 3.70 GiB 
- mmcblk0: p1
 NET: Registered protocol family 29
 can: raw protocol (rev 20120528)
 can: broadcast manager protocol (rev 20120528 t)
 can: netlink gateway (rev 20130117) max_hops=1
 Bluetooth: RFCOMM socket layer initialized
+mmc0: new high speed SDHC card at address b368
+mmcblk0: mmc0:b368 NCard 3.70 GiB 
+ mmcblk0: p1
 Bluetooth: RFCOMM ver 1.11
 Bluetooth: BNEP (Ethernet Emulation) ver 1.3
 Bluetooth: BNEP socket layer initialized
@@ -328,18 +328,18 @@
 Bluetooth: HIDP socket layer initialized
 Registering SWP/SWPB emulation handler
 platform c5000000.usb: Driver tegra-ehci requests probe deferral
-mmc1: new high speed SD card at address b368
 ulpi_phy_power_on: ulpi write failed
 tegra-ehci c5004000.usb: Failed to power on the phy
 tegra-ehci: probe of c5004000.usb failed with error -110
-mmcblk1: mmc1:b368 NCard 1.83 GiB (ro)
 tegra-ehci c5008000.usb: EHCI Host Controller
 tegra-ehci c5008000.usb: new USB bus registered, assigned bus number 1
- mmcblk1: p1 p2
 tegra-ehci c5008000.usb: irq 290, io mem 0xc5008000
+mmc1: new high speed SD card at address b368
+mmcblk1: mmc1:b368 NCard 1.83 GiB (ro)
 tegra-ehci c5008000.usb: USB 2.0 started, EHCI 1.00
 hub 1-0:1.0: USB hub found
 hub 1-0:1.0: 1 port detected
+ mmcblk1: p1 p2
 utmi_phy_clk_enable: timeout waiting for phy to stabilize
 tegra-ehci c5000000.usb: EHCI Host Controller
 tegra-ehci c5000000.usb: new USB bus registered, assigned bus number 2
@@ -348,7 +348,7 @@
 hub 2-0:1.0: USB hub found
 hub 2-0:1.0: 1 port detected
 input: gpio-keys as /devices/soc0/gpio-keys/input/input0
-rtc-em3027 2-0056: setting system clock to 2014-12-25 19:32:08 UTC (1419535928)
+rtc-em3027 2-0056: setting system clock to 2014-12-25 19:43:10 UTC (1419536590)
 ALSA device list:
   #0: tegra-trimslice
 kjournald starting.  Commit interval 5 seconds
@@ -361,5 +361,5 @@
 usb 1-1: new high-speed USB device number 2 using tegra-ehci
 bash: cannot set terminal process group (-1): Inappropriate ioctl for device
 bash: no job control in this shell
-root@(none):/# [    2.373547] hub 1-1:1.0: USB hub found
+root@(none):/# [    2.393717] hub 1-1:1.0: USB hub found
 hub 1-1:1.0: 4 ports detected
Diff for ./tegra30-beaver/tegra30-beaver/multi_v7_defconfig_log.txt
--- /tmp/fooa	2015-04-13 09:45:18.375436197 -0700
+++ /tmp/foob	2015-04-13 09:45:18.375436197 -0700
@@ -38,9 +38,9 @@
 	 #################################################################
 	 #################################################################
 	 #########################
-	 3.4 MiB/s
+	 3.3 MiB/s
 done
-Bytes transferred = 6081288 (5ccb08 hex)
+Bytes transferred = 6082432 (5ccf80 hex)
 Tegra30 (Beaver) # tftpboot 0x82000000 tegra30-beaver.dtb
 Using asx0 device
 TFTP from server 192.168.100.1; our IP address is 192.168.100.101
@@ -51,7 +51,7 @@
 done
 Bytes transferred = 24641 (6041 hex)
 Tegra30 (Beaver) # bootz 0x81000000 - 0x82000000
-Kernel image @ 0x81000000 [ 0x000000 - 0x5ccb08 ]
+Kernel image @ 0x81000000 [ 0x000000 - 0x5ccf80 ]
 ## Flattened Device Tree blob at 82000000
    Booting using the fdt blob at 0x82000000
    Loading Device Tree to 8fff6000, end 8ffff040 ... OK
@@ -59,7 +59,7 @@
 Starting kernel ...
 
 Booting Linux on physical CPU 0x0
-Linux version 4.0.0-rc6-00487-ge42391c (pwalmsley@sellafield) (gcc version 4.7.3 20130328 (prerelease) (crosstool-NG linaro-1.13.1-4.7-2013.04-20130415 - Linaro GCC 2013.04) ) #1 SMP Sun Mar 29 16:03:46 PDT 2015
+Linux version 4.0.0-rc7-00693-gf22e6e8 (pwalmsley@sellafield) (gcc version 4.7.3 20130328 (prerelease) (crosstool-NG linaro-1.13.1-4.7-2013.04-20130415 - Linaro GCC 2013.04) ) #1 SMP Mon Apr 13 09:40:28 PDT 2015
 CPU: ARMv7 Processor [412fc099] revision 9 (ARMv7), cr=10c5387d
 CPU: PIPT / VIPT nonaliasing data cache, VIPT aliasing instruction cache
 Machine model: NVIDIA Tegra30 Beaver evaluation board
@@ -67,7 +67,7 @@
 cma: Reserved 64 MiB at 0xfb800000
 Memory policy: Data cache writealloc
 On node 0 totalpages: 524032
-free_area_init_node: node 0, pgdat c0ec7e40, node_mem_map ee7f8000
+free_area_init_node: node 0, pgdat c0ec7e80, node_mem_map ee7f8000
   DMA zone: 1520 pages used for memmap
   DMA zone: 0 pages reserved
   DMA zone: 194560 pages, LIFO batch:31
@@ -88,10 +88,10 @@
     lowmem  : 0xc0000000 - 0xef800000   ( 760 MB)
     pkmap   : 0xbfe00000 - 0xc0000000   (   2 MB)
     modules : 0xbf000000 - 0xbfe00000   (  14 MB)
-      .text : 0xc0208000 - 0xc0d03b08   (11247 kB)
+      .text : 0xc0208000 - 0xc0d03b1c   (11247 kB)
       .init : 0xc0d04000 - 0xc0dcc000   ( 800 kB)
-      .data : 0xc0dcc000 - 0xc0ec9d60   (1016 kB)
-       .bss : 0xc0ec9d60 - 0xc0f18e68   ( 317 kB)
+      .data : 0xc0dcc000 - 0xc0ec9da0   (1016 kB)
+       .bss : 0xc0ec9da0 - 0xc0f18ea8   ( 317 kB)
 SLUB: HWalign=64, Order=0-3, MinObjects=0, CPUs=4, Nodes=1
 Hierarchical RCU implementation.
 	Additional per-CPU info printed with stalls.
@@ -116,7 +116,7 @@
 Mountpoint-cache hash table entries: 2048 (order: 1, 8192 bytes)
 CPU: Testing write buffer coherency: ok
 CPU0: thread -1, cpu 0, socket 0, mpidr 80000000
-Setting up static identity map for 0x80967958 - 0x809679f0
+Setting up static identity map for 0x80967c88 - 0x80967d20
 Tegra Revision: A03 SKU: 128 CPU Process: 4 Core Process: 0
 CPU1: thread -1, cpu 1, socket 0, mpidr 80000001
 CPU2: thread -1, cpu 2, socket 0, mpidr 80000002
@@ -387,4 +387,4 @@
 Freeing unused kernel memory: 800K (c0d04000 - c0dcc000)
 bash: cannot set terminal process group (-1): Inappropriate ioctl for device
 bash: no job control in this shell
-root@(none):/# [    4.208472] usb 2-1: new high-speed USB device number 2 using tegra-ehci
+root@(none):/# [    4.213471] usb 2-1: new high-speed USB device number 2 using tegra-ehci
Diff for ./tegra30-beaver/tegra30-beaver/tegra_defconfig_log.txt
--- /tmp/fooa	2015-04-13 09:45:18.383436201 -0700
+++ /tmp/foob	2015-04-13 09:45:18.383436201 -0700
@@ -39,7 +39,7 @@
 	 ####
 	 3.3 MiB/s
 done
-Bytes transferred = 4827928 (49ab18 hex)
+Bytes transferred = 4828440 (49ad18 hex)
 Tegra30 (Beaver) # tftpboot 0x82000000 tegra30-beaver.dtb
 Using asx0 device
 TFTP from server 192.168.100.1; our IP address is 192.168.100.101
@@ -50,7 +50,7 @@
 done
 Bytes transferred = 24641 (6041 hex)
 Tegra30 (Beaver) # bootz 0x81000000 - 0x82000000
-Kernel image @ 0x81000000 [ 0x000000 - 0x49ab18 ]
+Kernel image @ 0x81000000 [ 0x000000 - 0x49ad18 ]
 ## Flattened Device Tree blob at 82000000
    Booting using the fdt blob at 0x82000000
    Loading Device Tree to 8fff6000, end 8ffff040 ... OK
@@ -61,7 +61,7 @@
 Booting Linux on physical CPU 0x0
 Initializing cgroup subsys cpu
 Initializing cgroup subsys cpuacct
-Linux version 4.0.0-rc6-00487-ge42391c (pwalmsley@kaivo) (gcc version 4.7.3 20130328 (prerelease) (crosstool-NG linaro-1.13.1-4.7-2013.04-20130415 - Linaro GCC 2013.04) ) #1 SMP PREEMPT Sun Mar 29 16:03:58 PDT 2015
+Linux version 4.0.0-rc7-00693-gf22e6e8 (pwalmsley@kaivo) (gcc version 4.7.3 20130328 (prerelease) (crosstool-NG linaro-1.13.1-4.7-2013.04-20130415 - Linaro GCC 2013.04) ) #1 SMP PREEMPT Mon Apr 13 09:40:41 PDT 2015
 CPU: ARMv7 Processor [412fc099] revision 9 (ARMv7), cr=10c5387d
 CPU: PIPT / VIPT nonaliasing data cache, VIPT aliasing instruction cache
 Machine model: NVIDIA Tegra30 Beaver evaluation board
@@ -69,7 +69,7 @@
 cma: Reserved 64 MiB at 0xfbc00000
 Memory policy: Data cache writealloc
 On node 0 totalpages: 524032
-free_area_init_node: node 0, pgdat c0943c80, node_mem_map ee7f7000
+free_area_init_node: node 0, pgdat c0943cc0, node_mem_map ee7f7000
   Normal zone: 1520 pages used for memmap
   Normal zone: 0 pages reserved
   Normal zone: 194560 pages, LIFO batch:31
@@ -90,10 +90,10 @@
     lowmem  : 0xc0000000 - 0xef800000   ( 760 MB)
     pkmap   : 0xbfe00000 - 0xc0000000   (   2 MB)
     modules : 0xbf000000 - 0xbfe00000   (  14 MB)
-      .text : 0xc0008000 - 0xc08aac6c   (8844 kB)
+      .text : 0xc0008000 - 0xc08aac74   (8844 kB)
       .init : 0xc08ab000 - 0xc08f6000   ( 300 kB)
-      .data : 0xc08f6000 - 0xc0945760   ( 318 kB)
-       .bss : 0xc0945760 - 0xc099d3b0   ( 352 kB)
+      .data : 0xc08f6000 - 0xc09457a0   ( 318 kB)
+       .bss : 0xc09457a0 - 0xc099d3f0   ( 352 kB)
 Preemptible hierarchical RCU implementation.
 	Additional per-CPU info printed with stalls.
 NR_IRQS:16 nr_irqs:16 16
@@ -117,7 +117,7 @@
 Initializing cgroup subsys debug
 CPU: Testing write buffer coherency: ok
 CPU0: thread -1, cpu 0, socket 0, mpidr 80000000
-Setting up static identity map for 0x806445a0 - 0x80644638
+Setting up static identity map for 0x80644af0 - 0x80644b88
 Tegra Revision: A03 SKU: 128 CPU Process: 4 Core Process: 0
 CPU1: thread -1, cpu 1, socket 0, mpidr 80000001
 CPU2: thread -1, cpu 2, socket 0, mpidr 80000002
@@ -379,4 +379,4 @@
 Freeing unused kernel memory: 300K (c08ab000 - c08f6000)
 bash: cannot set terminal process group (-1): Inappropriate ioctl for device
 bash: no job control in this shell
-root@(none):/# [    4.446171] usb 2-1: new high-speed USB device number 2 using tegra-ehci
+root@(none):/# [    4.446190] usb 2-1: new high-speed USB device number 2 using tegra-ehci
