
U-Boot SPL 2014.01-00219-gc4d376f (Feb 18 2014 - 19:57:32)


U-Boot 2014.01-00219-gc4d376f (Feb 18 2014 - 19:57:32)

TEGRA114
Board: NVIDIA Dalmore
I2C:   ready
DRAM:  2 GiB
MMC:   Tegra SD/MMC: 0, Tegra SD/MMC: 1
In:    serial
Out:   serial
Err:   serial
Net:   Net Initialization Skipped
No ethernet found.
Hit any key to stop autoboot:  2  0 
Tegra114 (Dalmore) # 
Tegra114 (Dalmore) # usb reset
(Re)start USB...
USB0:   USB EHCI 1.10
scanning bus 0 for devices... 2 USB Device(s) found
       scanning usb for storage devices... 0 Storage Device(s) found
       scanning usb for ethernet devices... 
Warning: asx0 using MAC address from net device
1 Ethernet Device(s) found
Tegra114 (Dalmore) # setenv bootargs 'ignore_loglevel console=ttyS0,115200n8 rw root=PARTUUID=7369c667-ff51-ec4a-29cd-baabf2fbe346 rootwait gpt debug earlyprintk init=/bin/bash'
Tegra114 (Dalmore) # setenv ipaddr 192.168.100.100; setenv serverip 192.168.100.1; setenv tftpserverip 192.168.100.1
Tegra114 (Dalmore) # tftpboot 0x81000000 zImage.multi_v7_defconfig
Using asx0 device
TFTP from server 192.168.100.1; our IP address is 192.168.100.100
Filename 'zImage.multi_v7_defconfig'.
Load address: 0x81000000
Loading: *#################################################################
	 #################################################################
	 #################################################################
	 #################################################################
	 #################################################################
	 #################################################################
	 #################################################################
	 #################################################################
	 ####################################
	 2.8 MiB/s
done
Bytes transferred = 8159752 (7c8208 hex)
Tegra114 (Dalmore) # tftpboot 0x82000000 tegra114-dalmore.dtb
Using asx0 device
TFTP from server 192.168.100.1; our IP address is 192.168.100.100
Filename 'tegra114-dalmore.dtb'.
Load address: 0x82000000
Loading: *###
	 2.6 MiB/s
done
Bytes transferred = 35036 (88dc hex)
Tegra114 (Dalmore) # bootz 0x81000000 - 0x82000000
Kernel image @ 0x81000000 [ 0x000000 - 0x7c8200 ]
## Flattened Device Tree blob at 82000000
   Booting using the fdt blob at 0x82000000
   Loading Device Tree to 8fff4000, end 8ffff8db ... OK

Starting kernel ...

[    0.000000] Booting Linux on physical CPU 0x0
[    0.000000] Linux version 4.14.0-rc3-200087-g9e66317 (jonathanh@sellafield) (gcc version 4.7.3 20130328 (prerelease) (crosstool-NG linaro-1.13.1-4.7-2013.04-20130415 - Linaro GCC 2013.04)) #1 SMP Sun Oct 1 15:36:12 PDT 2017
[    0.000000] CPU: ARMv7 Processor [412fc0f2] revision 2 (ARMv7), cr=10c5387d
[    0.000000] CPU: div instructions available: patching division code
[    0.000000] CPU: PIPT / VIPT nonaliasing data cache, PIPT instruction cache
[    0.000000] OF: fdt: Machine model: NVIDIA Tegra114 Dalmore evaluation board
[    0.000000] debug: ignoring loglevel setting.
[    0.000000] Memory policy: Data cache writealloc
[    0.000000] efi: Getting EFI parameters from FDT:
[    0.000000] efi: UEFI not found.
[    0.000000] cma: Reserved 64 MiB at 0xfb800000
[    0.000000] On node 0 totalpages: 524032
[    0.000000] free_area_init_node: node 0, pgdat c158fa80, node_mem_map eeff8000
[    0.000000]   DMA zone: 1536 pages used for memmap
[    0.000000]   DMA zone: 0 pages reserved
[    0.000000]   DMA zone: 196608 pages, LIFO batch:31
[    0.000000]   HighMem zone: 327424 pages, LIFO batch:31
[    0.000000] random: fast init done
[    0.000000] percpu: Embedded 17 pages/cpu @eef98000 s39424 r8192 d22016 u69632
[    0.000000] pcpu-alloc: s39424 r8192 d22016 u69632 alloc=17*4096
[    0.000000] pcpu-alloc: [0] 0 [0] 1 [0] 2 [0] 3 
[    0.000000] Built 1 zonelists, mobility grouping on.  Total pages: 522496
[    0.000000] Kernel command line: ignore_loglevel console=ttyS0,115200n8 rw root=PARTUUID=7369c667-ff51-ec4a-29cd-baabf2fbe346 rootwait gpt debug earlyprintk init=/bin/bash
[    0.000000] PID hash table entries: 4096 (order: 2, 16384 bytes)
[    0.000000] Dentry cache hash table entries: 131072 (order: 7, 524288 bytes)
[    0.000000] Inode-cache hash table entries: 65536 (order: 6, 262144 bytes)
[    0.000000] Memory: 1993476K/2096128K available (10240K kernel code, 1631K rwdata, 4500K rodata, 2048K init, 405K bss, 37116K reserved, 65536K cma-reserved, 1244160K highmem)
[    0.000000] Virtual kernel memory layout:
[    0.000000]     vector  : 0xffff0000 - 0xffff1000   (   4 kB)
[    0.000000]     fixmap  : 0xffc00000 - 0xfff00000   (3072 kB)
[    0.000000]     vmalloc : 0xf0800000 - 0xff800000   ( 240 MB)
[    0.000000]     lowmem  : 0xc0000000 - 0xf0000000   ( 768 MB)
[    0.000000]     pkmap   : 0xbfe00000 - 0xc0000000   (   2 MB)
[    0.000000]     modules : 0xbf000000 - 0xbfe00000   (  14 MB)
[    0.000000]       .text : 0xc0208000 - 0xc0d00000   (11232 kB)
[    0.000000]       .init : 0xc1200000 - 0xc1400000   (2048 kB)
[    0.000000]       .data : 0xc1400000 - 0xc1597f28   (1632 kB)
[    0.000000]        .bss : 0xc15a0b90 - 0xc16062fc   ( 406 kB)
[    0.000000] SLUB: HWalign=64, Order=0-3, MinObjects=0, CPUs=4, Nodes=1
[    0.000000] Hierarchical RCU implementation.
[    0.000000] 	RCU event tracing is enabled.
[    0.000000] 	RCU restricting CPUs from NR_CPUS=16 to nr_cpu_ids=4.
[    0.000000] RCU: Adjusting geometry for rcu_fanout_leaf=16, nr_cpu_ids=4
[    0.000000] NR_IRQS: 16, nr_irqs: 16, preallocated irqs: 16
[    0.000000] /interrupt-controller@60004000: 160 interrupts forwarded to /interrupt-controller@50041000
[    0.000000] Tegra clk 127: register failed with -17
[    0.000009] sched_clock: 32 bits at 1000kHz, resolution 1000ns, wraps every 2147483647500ns
[    0.000029] clocksource: timer_us: mask: 0xffffffff max_cycles: 0xffffffff, max_idle_ns: 1911260446275 ns
[    0.000045] Switching to timer-based delay loop, resolution 1000ns
[    0.003178] arch_timer: cp15 timer(s) running at 12.00MHz (virt).
[    0.003198] clocksource: arch_sys_counter: mask: 0xffffffffffffff max_cycles: 0x2c47f4ee7, max_idle_ns: 440795202497 ns
[    0.003218] sched_clock: 56 bits at 12MHz, resolution 83ns, wraps every 4398046511096ns
[    0.003232] Switching to timer-based delay loop, resolution 83ns
[    0.003649] Console: colour dummy device 80x30
[    0.003685] Calibrating delay loop (skipped), value calculated using timer frequency.. 24.00 BogoMIPS (lpj=120000)
[    0.003703] pid_max: default: 32768 minimum: 301
[    0.003807] Mount-cache hash table entries: 2048 (order: 1, 8192 bytes)
[    0.003823] Mountpoint-cache hash table entries: 2048 (order: 1, 8192 bytes)
[    0.004345] CPU: Testing write buffer coherency: ok
[    0.004590] /cpus/cpu@0 missing clock-frequency property
[    0.004621] /cpus/cpu@1 missing clock-frequency property
[    0.004653] /cpus/cpu@2 missing clock-frequency property
[    0.004685] /cpus/cpu@3 missing clock-frequency property
[    0.004699] CPU0: thread -1, cpu 0, socket 0, mpidr 80000000
[    0.005007] Setting up static identity map for 0x80300000 - 0x803000a0
[    0.006250] Hierarchical SRCU implementation.
[    0.007609] Tegra Revision: A01 SKU: 0 CPU Process: 1 SoC Process: 0
[    0.008261] EFI services will not be available.
[    0.008415] smp: Bringing up secondary CPUs ...
[    0.008914] CPU1: thread -1, cpu 1, socket 0, mpidr 80000001
[    0.009505] CPU2: thread -1, cpu 2, socket 0, mpidr 80000002
[    0.010093] CPU3: thread -1, cpu 3, socket 0, mpidr 80000003
[    0.010195] smp: Brought up 1 node, 4 CPUs
[    0.010218] SMP: Total of 4 processors activated (96.00 BogoMIPS).
[    0.010228] CPU: All CPU(s) started in SVC mode.
[    0.011732] devtmpfs: initialized
[    0.019706] VFP support v0.3: implementor 41 architecture 4 part 30 variant f rev 0
[    0.020005] clocksource: jiffies: mask: 0xffffffff max_cycles: 0xffffffff, max_idle_ns: 19112604462750000 ns
[    0.020024] futex hash table entries: 1024 (order: 4, 65536 bytes)
[    0.021481] pinctrl core: initialized pinctrl subsystem
[    0.022755] DMI not present or invalid.
[    0.023008] NET: Registered protocol family 16
[    0.025254] DMA: preallocated 256 KiB pool for atomic coherent allocations
[    0.027206] cpuidle: using governor menu
[    0.048517] No ATAGs?
[    0.048649] hw-breakpoint: found 5 (+1 reserved) breakpoint and 4 watchpoint registers.
[    0.048666] hw-breakpoint: maximum watchpoint size is 8 bytes.
[    0.054099] Serial: AMBA PL011 UART driver
[    0.054854] tegra-mc 70019000.memory-controller: no memory timings for RAM code 3 registered
[    0.054980] iommu: Adding device reg-dummy to group 0
[    0.055016] iommu: Adding device 50000000.host1x to group 1
[    0.055054] iommu: Adding device 54140000.gr2d to group 2
[    0.055089] iommu: Adding device 54180000.gr3d to group 3
[    0.055158] iommu: Adding device 54200000.dc to group 4
[    0.055224] iommu: Adding device 54240000.dc to group 5
[    0.055258] iommu: Adding device 54280000.hdmi to group 6
[    0.055294] iommu: Adding device 54300000.dsi to group 7
[    0.055326] iommu: Adding device 60005000.timer to group 8
[    0.055368] iommu: Adding device 60007000.flow-controller to group 9
[    0.055402] iommu: Adding device 6000a000.dma to group 10
[    0.055433] iommu: Adding device 6000c000.ahb to group 11
[    0.055466] iommu: Adding device 6000d000.gpio to group 12
[    0.055498] iommu: Adding device 70000800.apbmisc to group 13
[    0.055531] iommu: Adding device 70000868.pinmux to group 14
[    0.055563] iommu: Adding device 70006300.serial to group 15
[    0.055595] iommu: Adding device 7000a000.pwm to group 16
[    0.055631] iommu: Adding device 7000c000.i2c to group 17
[    0.055668] iommu: Adding device 7000c700.i2c to group 18
[    0.055701] iommu: Adding device 7000d000.i2c to group 19
[    0.055732] iommu: Adding device 7000da00.spi to group 20
[    0.055763] iommu: Adding device 7000e000.rtc to group 21
[    0.055795] iommu: Adding device 7000e400.pmc to group 22
[    0.055827] iommu: Adding device 7000f800.fuse to group 23
[    0.055860] iommu: Adding device 70019000.memory-controller to group 24
[    0.055891] iommu: Adding device 70080000.ahub to group 25
[    0.055929] iommu: Adding device 700e3000.mipi to group 26
[    0.055963] iommu: Adding device 78000400.sdhci to group 27
[    0.056000] iommu: Adding device 78000600.sdhci to group 28
[    0.056034] iommu: Adding device 7d000000.usb to group 29
[    0.056066] iommu: Adding device 7d000000.usb-phy to group 30
[    0.056101] iommu: Adding device 7d008000.usb to group 31
[    0.056133] iommu: Adding device 7d008000.usb-phy to group 32
[    0.056164] iommu: Adding device timer to group 33
[    0.056199] iommu: Adding device backlight to group 34
[    0.056230] iommu: Adding device clocks to group 35
[    0.056261] iommu: Adding device gpio-keys to group 36
[    0.056294] iommu: Adding device regulators to group 37
[    0.056327] iommu: Adding device regulators:regulator@0 to group 38
[    0.056364] iommu: Adding device regulators:regulator@1 to group 39
[    0.056397] iommu: Adding device regulators:regulator@3 to group 40
[    0.056428] iommu: Adding device regulators:regulator@4 to group 41
[    0.056461] iommu: Adding device regulators:regulator@5 to group 42
[    0.056498] iommu: Adding device regulators:regulator@6 to group 43
[    0.056532] iommu: Adding device regulators:regulator@7 to group 44
[    0.056563] iommu: Adding device sound to group 45
[    0.070298] AT91: Could not find identification node
[    0.070779] dvdd_ts: Failed to request enable GPIO61: -517
[    0.070801] reg-fixed-voltage regulators:regulator@1: Failed to register regulator: -517
[    0.070911] usb1_vbus: Failed to request enable GPIO108: -517
[    0.070927] reg-fixed-voltage regulators:regulator@3: Failed to register regulator: -517
[    0.071033] usb2_vbus: Failed to request enable GPIO86: -517
[    0.071048] reg-fixed-voltage regulators:regulator@4: Failed to register regulator: -517
[    0.071482] VDD_5V0_HDMI_CON: Failed to request enable GPIO81: -517
[    0.071497] reg-fixed-voltage regulators:regulator@7: Failed to register regulator: -517
[    0.073940] vgaarb: loaded
[    0.074625] SCSI subsystem initialized
[    0.074799] libata version 3.00 loaded.
[    0.074988] usbcore: registered new interface driver usbfs
[    0.075040] usbcore: registered new interface driver hub
[    0.075113] usbcore: registered new device driver usb
[    0.078356] tps65090 2-0048: No cache defaults, reading back from HW
[    0.079358] iommu: Adding device tps65090-pmic to group 46
[    0.080314] TPS65090_RAILSDCDC1: supplied by vdd_ac_bat
[    0.081367] TPS65090_RAILSDCDC2: supplied by vdd_ac_bat
[    0.082409] TPS65090_RAILSDCDC3: supplied by vdd_ac_bat
[    0.082916] TPS65090_RAILSFET1: supplied by vdd_ac_bat
[    0.083317] TPS65090_RAILSFET2: supplied by vdd_ac_bat
[    0.083662] TPS65090_RAILSFET3: supplied by vdd-sys-3v3
[    0.084177] TPS65090_RAILSFET4: supplied by vdd-sys-3v3
[    0.084692] TPS65090_RAILSFET5: supplied by vdd-sys-3v3
[    0.085196] TPS65090_RAILSFET6: supplied by vdd-sys-3v3
[    0.086018] TPS65090_RAILSFET7: supplied by vdd-sys-3v3
[    0.086532] TPS65090_RAILSLDO1: supplied by vdd_ac_bat
[    0.086721] TPS65090_RAILSLDO2: supplied by vdd_ac_bat
[    0.087041] iommu: Adding device tps65090-charger to group 47
[    0.087643] palmas 2-0058: Irq flag is 0x00000004
[    0.089596] palmas 2-0058: Muxing GPIO ff, PWM 0, LED 0
[    0.089832] iommu: Adding device 7000d000.i2c:tps65913@58:gpio to group 48
[    0.090361] iommu: Adding device 7000d000.i2c:tps65913@58:pmic to group 49
[    0.092200] SMPS12: supplied by vdd-ao
[    0.093188] vdd_hdmi_5v0: supplied by vdd-sys-5v0
[    0.094028] SMPS3: supplied by vdd-ao
[    0.095746] SMPS457: supplied by vdd-sys-3v3
[    0.097362] SMPS6: supplied by regulator-dummy
[    0.098753] SMPS8: supplied by vdd-sys-3v3
[    0.100324] SMPS9: supplied by vdd-sys-3v3
[    0.100843] sdhci-vdd-sd-slot: Bringing 2840000uV into 2800000-2800000uV
[    0.102215] SMPS10_OUT2: supplied by regulator-dummy
[    0.103032] SMPS10_OUT1: supplied by regulator-dummy
[    0.103871] LDO1: supplied by vdd-sys-3v3
[    0.104972] LDO2: supplied by vdd-sys-3v3
[    0.106086] LDO3: supplied by vddio-1v8
[    0.107177] LDO4: supplied by vdd-sys-3v3
[    0.108275] LDO5: supplied by vdd_ac_bat
[    0.108953] LDO6: supplied by vdd-sys-3v3
[    0.109471] vdd-sensor-2v85: Bringing 2900000uV into 2850000-2850000uV
[    0.110785] LDO7: supplied by vdd-sys-3v3
[    0.112405] LDO8: supplied by vdd-ao
[    0.112932] vdd-rtc: Bringing 675000uV into 900000-900000uV
[    0.123903] LDO9: supplied by sdhci-vdd-sd-slot
[    0.134234] LDOLN: supplied by vdd-sys-5v0
[    0.135340] LDOUSB: supplied by vdd-sys-5v0
[    0.145655] iommu: Adding device 7000d000.i2c:tps65913@58:rtc to group 50
[    0.146068] iommu: Adding device 7000d000.i2c:tps65913@58:pinmux to group 51
[    0.146642] pps_core: LinuxPPS API ver. 1 registered
[    0.146653] pps_core: Software ver. 5.3.6 - Copyright 2005-2007 Rodolfo Giometti <giometti@linux.it>
[    0.146675] PTP clock support registered
[    0.146862] EDAC MC: Ver: 3.0.0
[    0.147138] dmi: Firmware registration failed.
[    0.148936] clocksource: Switched to clocksource arch_sys_counter
[    0.205615] NET: Registered protocol family 2
[    0.206110] TCP established hash table entries: 8192 (order: 3, 32768 bytes)
[    0.206210] TCP bind hash table entries: 8192 (order: 4, 65536 bytes)
[    0.206398] TCP: Hash tables configured (established 8192 bind 8192)
[    0.206482] UDP hash table entries: 512 (order: 2, 16384 bytes)
[    0.206526] UDP-Lite hash table entries: 512 (order: 2, 16384 bytes)
[    0.206680] NET: Registered protocol family 1
[    0.207022] RPC: Registered named UNIX socket transport module.
[    0.207033] RPC: Registered udp transport module.
[    0.207043] RPC: Registered tcp transport module.
[    0.207053] RPC: Registered tcp NFSv4.1 backchannel transport module.
[    0.207066] PCI: CLS 0 bytes, default 64
[    0.208503] iommu: Adding device alarmtimer to group 52
[    0.209360] workingset: timestamp_bits=30 max_order=19 bucket_order=0
[    0.215246] squashfs: version 4.0 (2009/01/31) Phillip Lougher
[    0.215825] NFS: Registering the id_resolver key type
[    0.215855] Key type id_resolver registered
[    0.215866] Key type id_legacy registered
[    0.215909] ntfs: driver 2.1.32 [Flags: R/O].
[    0.217297] bounce: pool size: 64 pages
[    0.217346] Block layer SCSI generic (bsg) driver version 0.4 loaded (major 248)
[    0.217357] io scheduler noop registered
[    0.217368] io scheduler deadline registered
[    0.217583] io scheduler cfq registered (default)
[    0.217595] io scheduler mq-deadline registered
[    0.217605] io scheduler kyber registered
[    0.248883] tegra-apbdma 6000a000.dma: Tegra20 APB DMA driver register 32 channels
[    0.251496] tegra-pmc 7000e400.pmc: i2c-thermtrip node not found, emergency thermal reset disabled.
[    0.300586] Serial: 8250/16550 driver, 4 ports, IRQ sharing disabled
[    0.300686] iommu: Adding device serial8250 to group 53
[    0.303262] console [ttyS0] disabled
[    0.303305] 70006300.serial: ttyS0 at MMIO 0x70006300 (irq = 329, base_baud = 25500000) is a Tegra
[    1.618493] console [ttyS0] enabled
[    1.622759] SuperH (H)SCI(F) driver initialized
[    1.628266] msm_serial: driver initialized
[    1.632564] STMicroelectronics ASC driver initialized
[    1.643534] tegra-hdmi 54280000.hdmi: failed to get HDMI regulator
[    1.665278] brd: module loaded
[    1.674548] loop: module loaded
[    1.694766] m25p80 spi0.0: w25q32dw (4096 Kbytes)
[    1.701627] iommu: Adding device Fixed MDIO bus.0 to group 54
[    1.707793] libphy: Fixed MDIO Bus: probed
[    1.712926] CAN device driver interface
[    1.717574] bgmac_bcma: Broadcom 47xx GBit MAC driver loaded
[    1.724458] e1000e: Intel(R) PRO/1000 Network Driver - 3.2.6-k
[    1.730302] e1000e: Copyright(c) 1999 - 2015 Intel Corporation.
[    1.736258] igb: Intel(R) Gigabit Ethernet Network Driver - version 5.4.0-k
[    1.743223] igb: Copyright (c) 2007-2014 Intel Corporation.
[    1.752165] pegasus: v0.9.3 (2013/04/25), Pegasus/Pegasus II USB Ethernet driver
[    1.759608] usbcore: registered new interface driver pegasus
[    1.765303] usbcore: registered new interface driver asix
[    1.770744] usbcore: registered new interface driver ax88179_178a
[    1.776855] usbcore: registered new interface driver cdc_ether
[    1.782733] usbcore: registered new interface driver smsc75xx
[    1.788512] usbcore: registered new interface driver smsc95xx
[    1.794295] usbcore: registered new interface driver net1080
[    1.799995] usbcore: registered new interface driver cdc_subset
[    1.805933] usbcore: registered new interface driver zaurus
[    1.811559] usbcore: registered new interface driver cdc_ncm
[    1.817431] tegra-phy 7d000000.usb-phy: no vbus regulator
[    1.824812] ehci_hcd: USB 2.0 'Enhanced' Host Controller (EHCI) Driver
[    1.831353] ehci-pci: EHCI PCI platform driver
[    1.835822] ehci-platform: EHCI generic platform driver
[    1.841240] ehci-orion: EHCI orion driver
[    1.845393] SPEAr-ehci: EHCI SPEAr driver
[    1.849544] ehci-st: EHCI STMicroelectronics driver
[    1.854541] ehci-exynos: EHCI EXYNOS driver
[    1.858862] ehci-atmel: EHCI Atmel driver
[    1.863006] tegra-ehci: Tegra EHCI driver
[    1.867310] ohci_hcd: USB 1.1 'Open' Host Controller (OHCI) Driver
[    1.873513] ohci-pci: OHCI PCI platform driver
[    1.877985] ohci-platform: OHCI generic platform driver
[    1.883384] SPEAr-ohci: OHCI SPEAr driver
[    1.887515] ohci-st: OHCI STMicroelectronics driver
[    1.892535] ohci-atmel: OHCI Atmel driver
[    1.897202] usbcore: registered new interface driver usb-storage
[    1.907091] iommu: Adding device ci_hdrc.0 to group 55
[    1.920887] palmas-rtc 7000d000.i2c:tps65913@58:rtc: rtc core: registered 7000d000.i2c:tps65913@58:rtc as rtc0
[    1.932727] tegra_rtc 7000e000.rtc: rtc core: registered 7000e000.rtc as rtc1
[    1.939918] tegra_rtc 7000e000.rtc: Tegra internal Real Time Clock
[    1.946596] i2c /dev entries driver
[    1.953437] IR NEC protocol handler initialized
[    1.957964] IR RC5(x/sz) protocol handler initialized
[    1.963027] IR RC6 protocol handler initialized
[    1.967552] IR JVC protocol handler initialized
[    1.972091] IR Sony protocol handler initialized
[    1.976702] IR SANYO protocol handler initialized
[    1.981412] IR Sharp protocol handler initialized
[    1.986109] IR MCE Keyboard/mouse protocol handler initialized
[    1.991947] IR XMP protocol handler initialized
[    1.999614] sbs-battery 0-000b: sbs_probe: Failed to get device status
[    2.006147] sbs-battery: probe of 0-000b failed with error -121
[    2.022381] sdhci: Secure Digital Host Controller Interface driver
[    2.028552] sdhci: Copyright(c) Pierre Ossman
[    2.034399] Synopsys Designware Multimedia Card Interface Driver
[    2.041620] sdhci-pltfm: SDHCI platform and OF driver helper
[    2.048005] sdhci-tegra 78000400.sdhci: Got CD GPIO
[    2.052917] sdhci-tegra 78000400.sdhci: Got WP GPIO
[    2.066021] mmc0: Invalid maximum block size, assuming 512 bytes
[    2.129086] mmc0: SDHCI controller on 78000400.sdhci [78000400.sdhci] using ADMA
[    2.145763] mmc1: Invalid maximum block size, assuming 512 bytes
[    2.208978] mmc1: SDHCI controller on 78000600.sdhci [78000600.sdhci] using ADMA
[    2.218396] ledtrig-cpu: registered to indicate activity on CPUs
[    2.224703] usbcore: registered new interface driver usbhid
[    2.230289] usbhid: USB HID core driver
[    2.237826] NET: Registered protocol family 10
[    2.243097] Segment Routing with IPv6
[    2.246821] sit: IPv6, IPv4 and MPLS over IPv4 tunneling driver
[    2.253291] NET: Registered protocol family 17
[    2.257737] can: controller area network core (rev 20170425 abi 9)
[    2.263994] NET: Registered protocol family 29
[    2.268434] can: raw protocol (rev 20170425)
[    2.272724] can: broadcast manager protocol (rev 20170425 t)
[    2.278383] can: netlink gateway (rev 20170425) max_hops=1
[    2.284161] Key type dns_resolver registered
[    2.288946] ThumbEE CPU extension supported.
[    2.293218] Registering SWP/SWPB emulation handler
[    2.314156] usb1_vbus: supplied by vdd-sys-5v0
[    2.315821] mmc0: new high speed SDHC card at address aaaa
[    2.316592] mmcblk0: mmc0:aaaa SL16G 14.8 GiB 
[    2.329804] usb2_vbus: supplied by vdd-sys-5v0
[    2.337355]  mmcblk0: p1 p2 p3
[    2.337416] VDD_5V0_HDMI_CON: supplied by vdd-sys-5v0
[    2.346150] [drm] Supports vblank timestamp caching Rev 2 (21.10.2013).
[    2.352833] [drm] No driver support for vblank timestamp query.
[    2.364684] mmc1: new high speed MMC card at address 0001
[    2.370962] mmcblk1: mmc1:0001 SEM32G 29.1 GiB 
[    2.375780] mmcblk1boot0: mmc1:0001 SEM32G partition 1 4.00 MiB
[    2.382056] mmcblk1boot1: mmc1:0001 SEM32G partition 2 4.00 MiB
[    2.382473] mmcblk1rpmb: mmc1:0001 SEM32G partition 3 4.00 MiB
[    2.386863]  mmcblk1: p1 p2 p3 p4 p5 p6 p7 p8
[    2.455202] Console: switching to colour frame buffer device 240x75
[    2.510939] drm drm: fb0:  frame buffer device
[    2.515477] [drm] Initialized tegra 0.0.0 20120330 for drm on minor 0
[    2.525197] tegra-ehci 7d008000.usb: EHCI Host Controller
[    2.530637] tegra-ehci 7d008000.usb: new USB bus registered, assigned bus number 1
[    2.538462] tegra-ehci 7d008000.usb: irq 340, io mem 0x7d008000
[    2.569067] tegra-ehci 7d008000.usb: USB 2.0 started, EHCI 1.10
[    2.576089] hub 1-0:1.0: USB hub found
[    2.579958] hub 1-0:1.0: 1 port detected
[    2.585702] input: gpio-keys as /devices/soc0/gpio-keys/input/input0
[    2.594759] palmas-rtc 7000d000.i2c:tps65913@58:rtc: setting system clock to 2000-02-23 05:30:52 UTC (951283852)
[    2.611107] dvdd_ts: disabling
[    2.614168] usb1_vbus: disabling
[    2.617393] vdd_cam_1v8_reg: disabling
[    2.622910] EXT4-fs (mmcblk1p1): mounting ext3 file system using the ext4 subsystem
[    2.641295] EXT4-fs (mmcblk1p1): recovery complete
[    2.646099] EXT4-fs (mmcblk1p1): mounted filesystem with ordered data mode. Opts: (null)
[    2.654286] VFS: Mounted root (ext3 filesystem) on device 179:17.
[    2.663303] devtmpfs: mounted
[    2.668229] Freeing unused kernel memory: 2048K
bash: cannot set terminal process group (-1): Inappropriate ioctl for device
bash: no job control in this shell
root@(none):/# [    2.949079] usb 1-1: new high-speed USB device number 2 using tegra-ehci
mount -t sysfs none /sys
root@(none):/# 
root@(none):/# [    3.633044] asix 1-1:1.0 eth0: register 'asix' at usb-7d008000.usb-1, ASIX AX88772 USB 2.0 Ethernet, 00:50:b6:0d:b5:16
mount -t debugfs none /sys/kernel/debug
root@(none):/# 
root@(none):/# rtcwake -d rtc1 -m mem -s 3
rtcwake: assuming RTC uses UTC ...
rtcwake: wakeup from "mem" using /dev/rtc1 at Thu Jan  1 00:00:20 1970
[    5.307106] PM: suspend entry (deep)
[    5.310747] PM: Syncing filesystems ... done.
[    5.354110] Freezing user space processes ... (elapsed 0.001 seconds) done.
[    5.362380] OOM killer disabled.
[    5.365603] Freezing remaining freezable tasks ... (elapsed 0.001 seconds) done.
[    5.374349] Suspending console(s) (use no_console_suspend to debug)
