
U-Boot SPL 2014.01-00219-gc4d376f (Feb 18 2014 - 19:57:18)


U-Boot 2014.01-00219-gc4d376f (Feb 18 2014 - 19:57:18)

TEGRA30
Board: NVIDIA Beaver
I2C:   ready
DRAM:  2 GiB
MMC:   Tegra SD/MMC: 0, Tegra SD/MMC: 1
In:    serial
Out:   serial
Err:   serial
Net:   Net Initialization Skipped
No ethernet found.
Hit any key to stop autoboot:  2  0 
Tegra30 (Beaver) # 
Tegra30 (Beaver) # usb reset
(Re)start USB...
USB0:   USB EHCI 1.00
scanning bus 0 for devices... 2 USB Device(s) found
       scanning usb for storage devices... 0 Storage Device(s) found
       scanning usb for ethernet devices... 
Warning: asx0 using MAC address from net device
1 Ethernet Device(s) found
Tegra30 (Beaver) # setenv bootargs 'ignore_loglevel console=ttyS0,115200n8 rw root=PARTUUID=edbe1840-3633-c751-7993-b0ac834f81e0 rootwait gpt debug noinitrd earlyprintk init=/bin/bash'
Tegra30 (Beaver) # setenv ipaddr 192.168.100.101; setenv serverip 192.168.100.1; setenv tftpserverip 192.168.100.1
Tegra30 (Beaver) # tftpboot 0x81000000 zImage.multi_v7_defconfig
Using asx0 device
TFTP from server 192.168.100.1; our IP address is 192.168.100.101
Filename 'zImage.multi_v7_defconfig'.
Load address: 0x81000000
Loading: *#################################################################
	 #################################################################
	 #################################################################
	 #################################################################
	 #################################################################
	 #################################################################
	 #################################################################
	 #################################################################
	 ###########################
	 3 MiB/s
done
Bytes transferred = 8019864 (7a5f98 hex)
Tegra30 (Beaver) # tftpboot 0x82000000 tegra30-beaver.dtb
Using asx0 device
TFTP from server 192.168.100.1; our IP address is 192.168.100.101
Filename 'tegra30-beaver.dtb'.
Load address: 0x82000000
Loading: *####
	 2.6 MiB/s
done
Bytes transferred = 51848 (ca88 hex)
Tegra30 (Beaver) # bootz 0x81000000 - 0x82000000
Kernel image @ 0x81000000 [ 0x000000 - 0x7a5f98 ]
## Flattened Device Tree blob at 82000000
   Booting using the fdt blob at 0x82000000
   Loading Device Tree to 8fff0000, end 8ffffa87 ... OK

Starting kernel ...

[    0.000000] Booting Linux on physical CPU 0x0
[    0.000000] Linux version 4.13.0-rc1-184950-g5771a8c (jonathanh@sellafield) (gcc version 4.7.3 20130328 (prerelease) (crosstool-NG linaro-1.13.1-4.7-2013.04-20130415 - Linaro GCC 2013.04)) #1 SMP Mon Jul 17 13:06:57 PDT 2017
[    0.000000] CPU: ARMv7 Processor [412fc099] revision 9 (ARMv7), cr=10c5387d
[    0.000000] CPU: PIPT / VIPT nonaliasing data cache, VIPT aliasing instruction cache
[    0.000000] OF: fdt: Machine model: NVIDIA Tegra30 Beaver evaluation board
[    0.000000] debug: ignoring loglevel setting.
[    0.000000] Memory policy: Data cache writealloc
[    0.000000] efi: Getting EFI parameters from FDT:
[    0.000000] efi: UEFI not found.
[    0.000000] cma: Reserved 64 MiB at 0xfb800000
[    0.000000] On node 0 totalpages: 524032
[    0.000000] free_area_init_node: node 0, pgdat c157f140, node_mem_map eeff8000
[    0.000000]   DMA zone: 1536 pages used for memmap
[    0.000000]   DMA zone: 0 pages reserved
[    0.000000]   DMA zone: 196608 pages, LIFO batch:31
[    0.000000]   HighMem zone: 327424 pages, LIFO batch:31
[    0.000000] percpu: Embedded 17 pages/cpu @eef87000 s39488 r8192 d21952 u69632
[    0.000000] pcpu-alloc: s39488 r8192 d21952 u69632 alloc=17*4096
[    0.000000] pcpu-alloc: [0] 0 [0] 1 [0] 2 [0] 3 
[    0.000000] Built 1 zonelists in Zone order, mobility grouping on.  Total pages: 522496
[    0.000000] Kernel command line: ignore_loglevel console=ttyS0,115200n8 rw root=PARTUUID=edbe1840-3633-c751-7993-b0ac834f81e0 rootwait gpt debug noinitrd earlyprintk init=/bin/bash
[    0.000000] PID hash table entries: 4096 (order: 2, 16384 bytes)
[    0.000000] Dentry cache hash table entries: 131072 (order: 7, 524288 bytes)
[    0.000000] Inode-cache hash table entries: 65536 (order: 6, 262144 bytes)
[    0.000000] Memory: 1993468K/2096128K available (10240K kernel code, 1563K rwdata, 4452K rodata, 2048K init, 402K bss, 37124K reserved, 65536K cma-reserved, 1244160K highmem)
[    0.000000] Virtual kernel memory layout:
[    0.000000]     vector  : 0xffff0000 - 0xffff1000   (   4 kB)
[    0.000000]     fixmap  : 0xffc00000 - 0xfff00000   (3072 kB)
[    0.000000]     vmalloc : 0xf0800000 - 0xff800000   ( 240 MB)
[    0.000000]     lowmem  : 0xc0000000 - 0xf0000000   ( 768 MB)
[    0.000000]     pkmap   : 0xbfe00000 - 0xc0000000   (   2 MB)
[    0.000000]     modules : 0xbf000000 - 0xbfe00000   (  14 MB)
[    0.000000]       .text : 0xc0208000 - 0xc0d00000   (11232 kB)
[    0.000000]       .init : 0xc1200000 - 0xc1400000   (2048 kB)
[    0.000000]       .data : 0xc1400000 - 0xc1586f28   (1564 kB)
[    0.000000]        .bss : 0xc158fcbc - 0xc15f46fc   ( 403 kB)
[    0.000000] SLUB: HWalign=64, Order=0-3, MinObjects=0, CPUs=4, Nodes=1
[    0.000000] Hierarchical RCU implementation.
[    0.000000] 	RCU event tracing is enabled.
[    0.000000] 	RCU restricting CPUs from NR_CPUS=16 to nr_cpu_ids=4.
[    0.000000] RCU: Adjusting geometry for rcu_fanout_leaf=16, nr_cpu_ids=4
[    0.000000] NR_IRQS: 16, nr_irqs: 16, preallocated irqs: 16
[    0.000000] /interrupt-controller@60004000: 160 interrupts forwarded to /interrupt-controller@50041000
[    0.000000] L2C: platform modifies aux control register: 0x02080000 -> 0x3e480001
[    0.000000] L2C: DT/platform modifies aux control register: 0x02080000 -> 0x3e480001
[    0.000000] L2C-310 erratum 769419 enabled
[    0.000000] L2C-310 enabling early BRESP for Cortex-A9
[    0.000000] L2C-310: enabling full line of zeros but not enabled in Cortex-A9
[    0.000000] L2C-310 dynamic clock gating enabled, standby mode enabled
[    0.000000] L2C-310 cache controller enabled, 8 ways, 1024 kB
[    0.000000] L2C-310: CACHE_ID 0x410000c7, AUX_CTRL 0x4e480001
[    0.000013] sched_clock: 32 bits at 1000kHz, resolution 1000ns, wraps every 2147483647500ns
[    0.000031] clocksource: timer_us: mask: 0xffffffff max_cycles: 0xffffffff, max_idle_ns: 1911260446275 ns
[    0.000040] Switching to timer-based delay loop, resolution 1000ns
[    0.003009] Console: colour dummy device 80x30
[    0.003040] Calibrating delay loop (skipped), value calculated using timer frequency.. 2.00 BogoMIPS (lpj=10000)
[    0.003049] pid_max: default: 32768 minimum: 301
[    0.003121] Mount-cache hash table entries: 2048 (order: 1, 8192 bytes)
[    0.003130] Mountpoint-cache hash table entries: 2048 (order: 1, 8192 bytes)
[    0.003495] CPU: Testing write buffer coherency: ok
[    0.003822] CPU0: thread -1, cpu 0, socket 0, mpidr 80000000
[    0.004044] Setting up static identity map for 0x80300000 - 0x803000a0
[    0.005378] Hierarchical SRCU implementation.
[    0.006710] Tegra Revision: A03 SKU: 128 CPU Process: 4 SoC Process: 0
[    0.007283] EFI services will not be available.
[    0.007384] smp: Bringing up secondary CPUs ...
[    0.010374] CPU1: thread -1, cpu 1, socket 0, mpidr 80000001
[    0.020350] CPU2: thread -1, cpu 2, socket 0, mpidr 80000002
[    0.030333] CPU3: thread -1, cpu 3, socket 0, mpidr 80000003
[    0.030386] smp: Brought up 1 node, 4 CPUs
[    0.030399] SMP: Total of 4 processors activated (8.00 BogoMIPS).
[    0.030403] CPU: All CPU(s) started in SVC mode.
[    0.031091] devtmpfs: initialized
[    0.039520] VFP support v0.3: implementor 41 architecture 3 part 30 variant 9 rev 4
[    0.039989] clocksource: jiffies: mask: 0xffffffff max_cycles: 0xffffffff, max_idle_ns: 19112604462750000 ns
[    0.040009] futex hash table entries: 1024 (order: 4, 65536 bytes)
[    0.043358] pinctrl core: initialized pinctrl subsystem
[    0.044874] DMI not present or invalid.
[    0.045091] random: get_random_u32 called from bucket_table_alloc+0xe8/0x254 with crng_init=0
[    0.045148] NET: Registered protocol family 16
[    0.047664] DMA: preallocated 256 KiB pool for atomic coherent allocations
[    0.049440] cpuidle: using governor menu
[    0.063597] No ATAGs?
[    0.063695] hw-breakpoint: found 5 (+1 reserved) breakpoint and 1 watchpoint registers.
[    0.063706] hw-breakpoint: maximum watchpoint size is 4 bytes.
[    0.067952] Serial: AMBA PL011 UART driver
[    0.068421] tegra-mc 7000f000.memory-controller: no memory timings for RAM code 3 registered
[    0.077850] AT91: Could not find identification node
[    0.078338] vdd_5v_sata: Failed to request enable GPIO30: -517
[    0.078352] reg-fixed-voltage regulators:regulator@3: Failed to register regulator: -517
[    0.078401] usb1_vbus: Failed to request enable GPIO238: -517
[    0.078409] reg-fixed-voltage regulators:regulator@4: Failed to register regulator: -517
[    0.078457] usb3_vbus: Failed to request enable GPIO236: -517
[    0.078464] reg-fixed-voltage regulators:regulator@5: Failed to register regulator: -517
[    0.078564] sys_3v3_pexs: Failed to request enable GPIO95: -517
[    0.078572] reg-fixed-voltage regulators:regulator@7: Failed to register regulator: -517
[    0.080389] vgaarb: loaded
[    0.080876] SCSI subsystem initialized
[    0.080992] libata version 3.00 loaded.
[    0.081140] usbcore: registered new interface driver usbfs
[    0.081174] usbcore: registered new interface driver hub
[    0.081206] usbcore: registered new device driver usb
[    0.088279] vrtc: supplied by vdd_5v_in
[    0.091578] vio: supplied by vdd_5v_in
[    0.101829] vdd1: supplied by vdd_5v_in
[    0.102281] random: fast init done
[    0.103188] vddio_ddr_1v2: Bringing 600000uV into 1200000-1200000uV
[    0.111837] vdd2: supplied by vdd_5v_in
[    0.131818] ldo1: supplied by vdd_1v5_gen
[    0.134213] ldo2: supplied by vdd_1v5_gen
[    0.134684] vdd_sata,avdd_plle: Bringing 1200000uV into 1050000-1050000uV
[    0.136920] ldo3: supplied by vdd_5v_in
[    0.139286] ldo4: supplied by vdd_5v_in
[    0.141824] ldo5: supplied by vdd_5v_in
[    0.151828] ldo6: supplied by vdd_1v8_gen
[    0.152297] avdd_dsi_csi,pwrdet_mipi: Bringing 1000000uV into 1200000-1200000uV
[    0.154550] ldo7: supplied by vdd_1v8_gen
[    0.161821] ldo8: supplied by vdd_1v8_gen
[    0.171925] pps_core: LinuxPPS API ver. 1 registered
[    0.171932] pps_core: Software ver. 5.3.6 - Copyright 2005-2007 Rodolfo Giometti <giometti@linux.it>
[    0.171946] PTP clock support registered
[    0.172085] EDAC MC: Ver: 3.0.0
[    0.172328] dmi: Firmware registration failed.
[    0.173661] clocksource: Switched to clocksource timer_us
[    0.206478] NET: Registered protocol family 2
[    0.206907] TCP established hash table entries: 8192 (order: 3, 32768 bytes)
[    0.206964] TCP bind hash table entries: 8192 (order: 4, 65536 bytes)
[    0.207050] TCP: Hash tables configured (established 8192 bind 8192)
[    0.207195] UDP hash table entries: 512 (order: 2, 16384 bytes)
[    0.207273] UDP-Lite hash table entries: 512 (order: 2, 16384 bytes)
[    0.207438] NET: Registered protocol family 1
[    0.207803] RPC: Registered named UNIX socket transport module.
[    0.207811] RPC: Registered udp transport module.
[    0.207815] RPC: Registered tcp transport module.
[    0.207819] RPC: Registered tcp NFSv4.1 backchannel transport module.
[    0.207830] PCI: CLS 0 bytes, default 64
[    0.208629] hw perfevents: no interrupt-affinity property for /pmu, guessing.
[    0.208834] hw perfevents: enabled with armv7_cortex_a9 PMU driver, 7 counters available
[    0.210019] workingset: timestamp_bits=30 max_order=19 bucket_order=0
[    0.214895] squashfs: version 4.0 (2009/01/31) Phillip Lougher
[    0.215372] NFS: Registering the id_resolver key type
[    0.215400] Key type id_resolver registered
[    0.215404] Key type id_legacy registered
[    0.215433] ntfs: driver 2.1.32 [Flags: R/O].
[    0.216525] bounce: pool size: 64 pages
[    0.216562] Block layer SCSI generic (bsg) driver version 0.4 loaded (major 248)
[    0.216570] io scheduler noop registered
[    0.216575] io scheduler deadline registered
[    0.216678] io scheduler cfq registered (default)
[    0.216683] io scheduler mq-deadline registered
[    0.216688] io scheduler kyber registered
[    0.222850] tegra30-pinctrl 70000868.pinmux: invalid group "sdmmc3_dat6_pd3" for function "rsvd1"
[    0.222866] tegra30-pinctrl 70000868.pinmux: invalid group "sdmmc3_dat7_pd4" for function "rsvd1"
[    0.222880] tegra30-pinctrl 70000868.pinmux: invalid group "vi_vsync_pd6" for function "rsvd1"
[    0.222888] tegra30-pinctrl 70000868.pinmux: invalid group "vi_hsync_pd7" for function "rsvd1"
[    0.223334] tegra30-pinctrl 70000868.pinmux: invalid group "hdmi_int_pn7" for function "rsvd1"
[    0.223377] tegra30-pinctrl 70000868.pinmux: invalid group "ulpi_data3_po4" for function "rsvd1"
[    0.223748] tegra30-pinctrl 70000868.pinmux: invalid group "vi_d10_pt2" for function "rsvd1"
[    0.223763] tegra30-pinctrl 70000868.pinmux: invalid group "vi_d11_pt3" for function "rsvd1"
[    0.223775] tegra30-pinctrl 70000868.pinmux: invalid group "vi_d0_pt4" for function "rsvd1"
[    0.223815] tegra30-pinctrl 70000868.pinmux: invalid group "pu0" for function "rsvd1"
[    0.223844] tegra30-pinctrl 70000868.pinmux: invalid group "pu3" for function "rsvd1"
[    0.223873] tegra30-pinctrl 70000868.pinmux: invalid group "pu6" for function "rsvd1"
[    0.223913] tegra30-pinctrl 70000868.pinmux: invalid group "pv3" for function "rsvd1"
[    0.224402] tegra30-pinctrl 70000868.pinmux: invalid group "pbb0" for function "rsvd1"
[    0.224513] tegra30-pinctrl 70000868.pinmux: invalid group "pcc1" for function "rsvd1"
[    0.229532] tegra-pcie 3000.pcie: 2x3 configuration
[    0.229690] tegra-pcie 3000.pcie: Failed to get supply 'hvdd-pex': -517
[    0.235346] tegra-apbdma 6000a000.dma: Tegra20 APB DMA driver register 32 channels
[    0.236790] tegra-pmc 7000e400.pmc: i2c-thermtrip node not found, emergency thermal reset disabled.
[    0.269612] Serial: 8250/16550 driver, 4 ports, IRQ sharing disabled
[    0.271689] console [ttyS0] disabled
[    0.271728] 70006000.serial: ttyS0 at MMIO 0x70006000 (irq = 331, base_baud = 25500000) is a Tegra
[    1.315894] console [ttyS0] enabled
[    1.319910] SuperH (H)SCI(F) driver initialized
[    1.325030] msm_serial: driver initialized
[    1.329217] STMicroelectronics ASC driver initialized
[    1.337675] tegra-hdmi 54280000.hdmi: failed to get HDMI regulator
[    1.351363] brd: module loaded
[    1.359678] loop: module loaded
[    1.368598] m25p80 spi32766.1: w25q32 (4096 Kbytes)
[    1.375279] libphy: Fixed MDIO Bus: probed
[    1.380079] CAN device driver interface
[    1.384446] bgmac_bcma: Broadcom 47xx GBit MAC driver loaded
[    1.390805] e1000e: Intel(R) PRO/1000 Network Driver - 3.2.6-k
[    1.396644] e1000e: Copyright(c) 1999 - 2015 Intel Corporation.
[    1.402592] igb: Intel(R) Gigabit Ethernet Network Driver - version 5.4.0-k
[    1.409547] igb: Copyright (c) 2007-2014 Intel Corporation.
[    1.417182] pegasus: v0.9.3 (2013/04/25), Pegasus/Pegasus II USB Ethernet driver
[    1.424625] usbcore: registered new interface driver pegasus
[    1.430295] usbcore: registered new interface driver asix
[    1.435710] usbcore: registered new interface driver ax88179_178a
[    1.441805] usbcore: registered new interface driver cdc_ether
[    1.447659] usbcore: registered new interface driver smsc75xx
[    1.453422] usbcore: registered new interface driver smsc95xx
[    1.459187] usbcore: registered new interface driver net1080
[    1.464859] usbcore: registered new interface driver cdc_subset
[    1.470780] usbcore: registered new interface driver zaurus
[    1.476383] usbcore: registered new interface driver cdc_ncm
[    1.483442] ehci_hcd: USB 2.0 'Enhanced' Host Controller (EHCI) Driver
[    1.489965] ehci-pci: EHCI PCI platform driver
[    1.494429] ehci-platform: EHCI generic platform driver
[    1.499758] ehci-orion: EHCI orion driver
[    1.503858] SPEAr-ehci: EHCI SPEAr driver
[    1.507930] ehci-st: EHCI STMicroelectronics driver
[    1.512864] ehci-exynos: EHCI EXYNOS driver
[    1.517133] ehci-atmel: EHCI Atmel driver
[    1.521202] tegra-ehci: Tegra EHCI driver
[    1.525518] ohci_hcd: USB 1.1 'Open' Host Controller (OHCI) Driver
[    1.531693] ohci-pci: OHCI PCI platform driver
[    1.536164] ohci-platform: OHCI generic platform driver
[    1.541485] SPEAr-ohci: OHCI SPEAr driver
[    1.545568] ohci-st: OHCI STMicroelectronics driver
[    1.550505] ohci-atmel: OHCI Atmel driver
[    1.554943] usbcore: registered new interface driver usb-storage
[    1.563667] tegra_rtc 7000e000.rtc: rtc core: registered 7000e000.rtc as rtc1
[    1.570820] tegra_rtc 7000e000.rtc: Tegra internal Real Time Clock
[    1.589654] tps65910-rtc tps65910-rtc: rtc core: registered tps65910-rtc as rtc0
[    1.597239] i2c /dev entries driver
[    1.608881] sdhci: Secure Digital Host Controller Interface driver
[    1.615070] sdhci: Copyright(c) Pierre Ossman
[    1.620311] Synopsys Designware Multimedia Card Interface Driver
[    1.627024] sdhci-pltfm: SDHCI platform and OF driver helper
[    1.633185] sdhci-tegra 78000000.sdhci: Got CD GPIO
[    1.638074] sdhci-tegra 78000000.sdhci: Got WP GPIO
[    1.651267] mmc0: Invalid maximum block size, assuming 512 bytes
[    1.713750] mmc0: SDHCI controller on 78000000.sdhci [78000000.sdhci] using ADMA
[    1.731124] mmc1: Invalid maximum block size, assuming 512 bytes
[    1.793680] mmc1: SDHCI controller on 78000600.sdhci [78000600.sdhci] using ADMA
[    1.802356] ledtrig-cpu: registered to indicate activity on CPUs
[    1.808705] usbcore: registered new interface driver usbhid
[    1.814285] usbhid: USB HID core driver
[    1.821129] NET: Registered protocol family 10
[    1.826247] Segment Routing with IPv6
[    1.829956] sit: IPv6, IPv4 and MPLS over IPv4 tunneling driver
[    1.836316] NET: Registered protocol family 17
[    1.840753] can: controller area network core (rev 20170425 abi 9)
[    1.846971] NET: Registered protocol family 29
[    1.851402] can: raw protocol (rev 20170425)
[    1.855675] can: broadcast manager protocol (rev 20170425 t)
[    1.861322] can: netlink gateway (rev 20170425) max_hops=1
[    1.867082] Key type dns_resolver registered
[    1.871793] ThumbEE CPU extension supported.
[    1.876074] Registering SWP/SWPB emulation handler
[    1.890590] vdd_ddr: supplied by vdd_5v_in
[    1.895606] vdd_5v_sata: supplied by vdd_5v_in
[    1.900374] usb1_vbus: supplied by vdd_5v_in
[    1.904977] usb3_vbus: supplied by vdd_5v_in
[    1.910496] sys_3v3,vdd_3v3_alw: supplied by vdd_5v_in
[    1.916465] sys_3v3_pexs: supplied by sys_3v3,vdd_3v3_alw
[    1.922029] +VDD_5V_HDMI: supplied by sys_3v3,vdd_3v3_alw
[    1.928083] tegra-pcie 3000.pcie: 2x3 configuration
[    1.933889] mmc1: new high speed MMC card at address 0001
[    1.935880] tegra-pcie 3000.pcie: probing port 0, using 2 lanes
[    1.946372] mmcblk1: mmc1:0001 SEM16G 14.8 GiB 
[    1.951005] mmcblk1boot0: mmc1:0001 SEM16G partition 1 1.00 MiB
[    1.957729] mmcblk1boot1: mmc1:0001 SEM16G partition 2 1.00 MiB
[    1.964542] mmcblk1rpmb: mmc1:0001 SEM16G partition 3 128 KiB
[    1.974600] Primary GPT is invalid, using alternate GPT.
[    1.979917]  mmcblk1: p1 p2 p3 p4 p5
[    1.988683] mmc0: new ultra high speed DDR50 SDHC card at address aaaa
[    1.994237] tegra-pcie 3000.pcie: probing port 2, using 2 lanes
[    2.001403] mmcblk0: mmc0:aaaa SS04G 3.69 GiB 
[    2.027780]  mmcblk0: p1 p2 p3
[    2.398149] tegra-pcie 3000.pcie: link 2 down, retrying
[    2.807194] tegra-pcie 3000.pcie: link 2 down, retrying
[    3.216083] tegra-pcie 3000.pcie: link 2 down, retrying
[    3.223304] tegra-pcie 3000.pcie: link 2 down, ignoring
[    3.228647] tegra-pcie 3000.pcie: PCI host bridge to bus 0000:00
[    3.234655] pci_bus 0000:00: root bus resource [io  0x0000-0xffff]
[    3.240819] pci_bus 0000:00: root bus resource [mem 0x20000000-0x27ffffff]
[    3.247686] pci_bus 0000:00: root bus resource [mem 0x28000000-0x3fffffff pref]
[    3.254987] pci_bus 0000:00: root bus resource [bus 00-ff]
[    3.260483] pci 0000:00:01.0: [10de:0e1c] type 01 class 0x060400
[    3.266495] pci_bus 0000:00: 2-byte config write to 0000:00:01.0 offset 0x4 may corrupt adjacent RW1C bits
[    3.276135] pci_bus 0000:00: 2-byte config write to 0000:00:01.0 offset 0x4 may corrupt adjacent RW1C bits
[    3.285790] pci_bus 0000:00: 2-byte config write to 0000:00:01.0 offset 0x88 may corrupt adjacent RW1C bits
[    3.295536] pci_bus 0000:00: 2-byte config write to 0000:00:01.0 offset 0x52 may corrupt adjacent RW1C bits
[    3.305279] pci 0000:00:01.0: PME# supported from D0 D1 D2 D3hot D3cold
[    3.311878] pci_bus 0000:00: 2-byte config write to 0000:00:01.0 offset 0x4c may corrupt adjacent RW1C bits
[    3.321774] pci_bus 0000:00: 2-byte config write to 0000:00:01.0 offset 0x3e may corrupt adjacent RW1C bits
[    3.331507] pci_bus 0000:00: 2-byte config write to 0000:00:01.0 offset 0x4 may corrupt adjacent RW1C bits
[    3.341149] pci_bus 0000:00: 1-byte config write to 0000:00:01.0 offset 0xc may corrupt adjacent RW1C bits
[    3.350786] PCI: bus0: Fast back to back transfers disabled
[    3.356353] pci 0000:00:01.0: bridge configuration invalid ([bus 00-00]), reconfiguring
[    3.364345] pci_bus 0000:00: 2-byte config write to 0000:00:01.0 offset 0x3e may corrupt adjacent RW1C bits
[    3.374072] pci_bus 0000:00: 2-byte config write to 0000:00:01.0 offset 0x3e may corrupt adjacent RW1C bits
[    3.383908] pci 0000:01:00.0: [10ec:8168] type 00 class 0x020000
[    3.389924] pci 0000:01:00.0: reg 0x10: [io  0x0000-0x00ff]
[    3.395510] pci 0000:01:00.0: reg 0x18: [mem 0x00000000-0x00000fff 64bit pref]
[    3.402724] pci 0000:01:00.0: reg 0x20: [mem 0x00000000-0x00003fff 64bit pref]
[    3.410006] pci 0000:01:00.0: supports D1 D2
[    3.414273] pci 0000:01:00.0: PME# supported from D0 D1 D2 D3hot D3cold
[    3.443690] PCI: bus1: Fast back to back transfers disabled
[    3.449252] pci_bus 0000:01: busn_res: [bus 01-ff] end is updated to 01
[    3.455887] pci 0000:00:01.0: BAR 9: assigned [mem 0x28000000-0x280fffff 64bit pref]
[    3.463613] pci 0000:00:01.0: BAR 7: assigned [io  0x1000-0x1fff]
[    3.469704] pci 0000:01:00.0: BAR 4: assigned [mem 0x28000000-0x28003fff 64bit pref]
[    3.477450] pci 0000:01:00.0: BAR 2: assigned [mem 0x28004000-0x28004fff 64bit pref]
[    3.485194] pci 0000:01:00.0: BAR 0: assigned [io  0x1000-0x10ff]
[    3.491275] pci 0000:00:01.0: PCI bridge to [bus 01]
[    3.496233] pci 0000:00:01.0:   bridge window [io  0x1000-0x1fff]
[    3.502313] pci 0000:00:01.0:   bridge window [mem 0x28000000-0x280fffff 64bit pref]
[    3.510064] pci 0000:00:01.0: nv_msi_ht_cap_quirk didn't locate host bridge
[    3.517124] pcieport 0000:00:01.0: enabling device (0140 -> 0143)
[    3.523412] pcieport 0000:00:01.0: Signaling PME with IRQ 374
[    3.529391] r8169 Gigabit Ethernet driver 2.3LK-NAPI loaded
[    3.534981] r8169 0000:01:00.0: enabling device (0140 -> 0143)
[    3.541766] r8169 0000:01:00.0 eth0: RTL8168evl/8111evl at 0xf0b1c000, 02:04:4b:01:60:a6, XID 0c900800 IRQ 375
[    3.551768] r8169 0000:01:00.0 eth0: jumbo features [frames: 9200 bytes, tx checksumming: ko]
[    3.567149] utmi_phy_clk_enable: timeout waiting for phy to stabilize
[    3.573599] tegra-ehci 7d004000.usb: EHCI Host Controller
[    3.579032] tegra-ehci 7d004000.usb: new USB bus registered, assigned bus number 1
[    3.586792] tegra-ehci 7d004000.usb: irq 343, io mem 0x7d004000
[    3.613682] tegra-ehci 7d004000.usb: USB 2.0 started, EHCI 1.00
[    3.620567] hub 1-0:1.0: USB hub found
[    3.624351] hub 1-0:1.0: 1 port detected
[    3.629444] tegra-ehci 7d008000.usb: EHCI Host Controller
[    3.634857] tegra-ehci 7d008000.usb: new USB bus registered, assigned bus number 2
[    3.642589] tegra-ehci 7d008000.usb: irq 344, io mem 0x7d008000
[    3.673671] tegra-ehci 7d008000.usb: USB 2.0 started, EHCI 1.00
[    3.680430] hub 2-0:1.0: USB hub found
[    3.684206] hub 2-0:1.0: 1 port detected
[    3.692699] tps65910-rtc tps65910-rtc: setting system clock to 2000-01-01 00:00:02 UTC (946684802)
[    3.702204] vdd_sata,avdd_plle: disabling
[    3.706575] usb1_vbus: disabling
[    3.711374] EXT4-fs (mmcblk1p1): mounting ext3 file system using the ext4 subsystem
[    3.782108] EXT4-fs (mmcblk1p1): warning: mounting fs with errors, running e2fsck is recommended
[    3.792403] EXT4-fs (mmcblk1p1): recovery complete
[    3.798420] EXT4-fs (mmcblk1p1): mounted filesystem with ordered data mode. Opts: (null)
[    3.806544] VFS: Mounted root (ext3 filesystem) on device 179:1.
[    3.822710] devtmpfs: mounted
[    3.828260] Freeing unused kernel memory: 2048K
bash: cannot set terminal process group (-1): Inappropriate ioctl for device
bash: no job control in this shell
root@(none):/# [    4.043701] usb 2-1: new high-speed USB device number 2 using tegra-ehci
[    4.703326] asix 2-1:1.0 eth1: register 'asix' at usb-7d008000.usb-1, ASIX AX88772 USB 2.0 Ethernet, 00:50:b6:0f:67:60
mount -t sysfs none /sys
root@(none):/# 
root@(none):/# mount -t debugfs none /sys/kernel/debug
root@(none):/# 
root@(none):/# rtcwake -d rtc1 -m mem -s 3
rtcwake: wakeup from "mem" using /dev/rtc1 at Thu Jan  1 00:00:22 1970
[    7.416771] PM: Syncing filesystems ... done.
[    7.422767] Freezing user space processes ... (elapsed 0.000 seconds) done.
[    7.430649] OOM killer disabled.
[    7.433875] Freezing remaining freezable tasks ... (elapsed 0.001 seconds) done.
[    7.442371] Suspending console(s) (use no_console_suspend to debug)
[    7.554264] Disabling non-boot CPUs ...
[    7.613953] IRQ17 no longer affine to CPU1
[    7.614110] IRQ346 no longer affine to CPU1
[    7.674039] IRQ347 no longer affine to CPU2
[    7.733901] IRQ348 no longer affine to CPU3
[    7.734404] Entering suspend state LP1
[    7.734404] Suspended for 3.239 seconds
[    7.734417] Enabling non-boot CPUs ...
[    7.735060] CPU1 is up
[    7.735655] CPU2 is up
[    7.736275] CPU3 is up
[    7.736867] pcieport 0000:00:01.0: nv_msi_ht_cap_quirk didn't locate host bridge
[    8.354347] OOM killer enabled.
[    8.357475] Restarting tasks ... done.
root@(none):/# 
root@(none):/# rtcwake -d rtc1 -m mem -s 3
rtcwake: wakeup from "mem" using /dev/rtc1 at Thu Jan  1 00:00:27 1970
[    9.268682] PM: Syncing filesystems ... done.
[    9.274420] Freezing user space processes ... (elapsed 0.001 seconds) done.
[    9.282463] OOM killer disabled.
[    9.285693] Freezing remaining freezable tasks ... (elapsed 0.001 seconds) done.
[    9.294194] Suspending console(s) (use no_console_suspend to debug)
[    9.334885] pci_generic_config_write32: 70 callbacks suppressed
[    9.334896] pci_bus 0000:00: 2-byte config write to 0000:00:01.0 offset 0x9c may corrupt adjacent RW1C bits
[    9.380391] pci_bus 0000:01: 2-byte config write to 0000:01:00.0 offset 0x44 may corrupt adjacent RW1C bits
[    9.380405] pci_bus 0000:01: 2-byte config write to 0000:01:00.0 offset 0x44 may corrupt adjacent RW1C bits
[    9.404226] Disabling non-boot CPUs ...
[    9.453918] IRQ17 no longer affine to CPU1
[    9.454080] IRQ346 no longer affine to CPU1
[    9.513925] IRQ347 no longer affine to CPU2
[    9.573874] IRQ348 no longer affine to CPU3
[    9.574164] Entering suspend state LP1
[    9.574164] Suspended for 3.160 seconds
[    9.574180] Enabling non-boot CPUs ...
[    9.575015] CPU1 is up
[    9.575771] CPU2 is up
[    9.576556] CPU3 is up
[    9.577229] pci_bus 0000:00: 2-byte config write to 0000:00:01.0 offset 0x4c may corrupt adjacent RW1C bits
[    9.577247] pci_bus 0000:00: 2-byte config write to 0000:00:01.0 offset 0x88 may corrupt adjacent RW1C bits
[    9.577255] pci_bus 0000:00: 2-byte config write to 0000:00:01.0 offset 0x90 may corrupt adjacent RW1C bits
[    9.577260] pci_bus 0000:00: 2-byte config write to 0000:00:01.0 offset 0x98 may corrupt adjacent RW1C bits
[    9.577265] pci_bus 0000:00: 2-byte config write to 0000:00:01.0 offset 0x9c may corrupt adjacent RW1C bits
[    9.577287] pci_bus 0000:00: 2-byte config write to 0000:00:01.0 offset 0x52 may corrupt adjacent RW1C bits
[    9.577294] pci_bus 0000:00: 2-byte config write to 0000:00:01.0 offset 0x52 may corrupt adjacent RW1C bits
[    9.577321] pcieport 0000:00:01.0: nv_msi_ht_cap_quirk didn't locate host bridge
[   10.307030] OOM killer enabled.
[   10.310159] Restarting tasks ... done.
root@(none):/# 
root@(none):/# rtcwake -d rtc1 -m mem -s 3
rtcwake: wakeup from "mem" using /dev/rtc1 at Thu Jan  1 00:00:32 1970
[   11.113897] PM: Syncing filesystems ... done.
[   11.120545] Freezing user space processes ... (elapsed 0.001 seconds) done.
[   11.128647] OOM killer disabled.
[   11.131865] Freezing remaining freezable tasks ... (elapsed 0.001 seconds) done.
[   11.140395] Suspending console(s) (use no_console_suspend to debug)
[   11.254334] Disabling non-boot CPUs ...
[   11.304152] IRQ346 no longer affine to CPU1
[   11.363827] IRQ17 no longer affine to CPU2
[   11.424361] Entering suspend state LP1
[   11.424361] Suspended for 3.149 seconds
[   11.424379] Enabling non-boot CPUs ...
[   11.425206] CPU1 is up
[   11.425980] CPU2 is up
[   11.426746] CPU3 is up
[   11.427454] pcieport 0000:00:01.0: nv_msi_ht_cap_quirk didn't locate host bridge
[   12.050653] OOM killer enabled.
[   12.053788] Restarting tasks ... done.
root@(none):/# 
root@(none):/# rtcwake -d rtc1 -m mem -s 3
rtcwake: wakeup from "mem" using /dev/rtc1 at Thu Jan  1 00:00:37 1970
[   12.962783] PM: Syncing filesystems ... done.
[   12.968918] Freezing user space processes ... (elapsed 0.001 seconds) done.
[   12.977017] OOM killer disabled.
[   12.980234] Freezing remaining freezable tasks ... (elapsed 0.001 seconds) done.
[   12.988765] Suspending console(s) (use no_console_suspend to debug)
[   13.104277] Disabling non-boot CPUs ...
[   13.153922] migrate_irqs: 2 callbacks suppressed
[   13.153927] IRQ17 no longer affine to CPU1
[   13.154125] IRQ346 no longer affine to CPU1
[   13.213919] IRQ347 no longer affine to CPU2
[   13.273846] IRQ348 no longer affine to CPU3
[   13.274170] Entering suspend state LP1
[   13.274170] Suspended for 3.150 seconds
[   13.274186] Enabling non-boot CPUs ...
[   13.275018] CPU1 is up
[   13.275780] CPU2 is up
[   13.276572] CPU3 is up
[   13.277295] pcieport 0000:00:01.0: nv_msi_ht_cap_quirk didn't locate host bridge
[   13.907836] OOM killer enabled.
[   13.910966] Restarting tasks ... done.
root@(none):/# 
root@(none):/# rtcwake -d rtc1 -m mem -s 3
rtcwake: wakeup from "mem" using /dev/rtc1 at Thu Jan  1 00:00:42 1970
[   14.807516] PM: Syncing filesystems ... done.
[   14.813672] Freezing user space processes ... (elapsed 0.001 seconds) done.
[   14.821748] OOM killer disabled.
[   14.824978] Freezing remaining freezable tasks ... (elapsed 0.001 seconds) done.
[   14.833498] Suspending console(s) (use no_console_suspend to debug)
[   14.875154] pci_generic_config_write32: 71 callbacks suppressed
[   14.875168] pci_bus 0000:00: 2-byte config write to 0000:00:01.0 offset 0x9c may corrupt adjacent RW1C bits
[   14.922241] pci_bus 0000:01: 2-byte config write to 0000:01:00.0 offset 0x44 may corrupt adjacent RW1C bits
[   14.922257] pci_bus 0000:01: 2-byte config write to 0000:01:00.0 offset 0x44 may corrupt adjacent RW1C bits
[   14.944245] Disabling non-boot CPUs ...
[   14.983906] IRQ17 no longer affine to CPU1
[   14.984101] IRQ346 no longer affine to CPU1
[   15.023890] IRQ347 no longer affine to CPU2
[   15.083813] IRQ348 no longer affine to CPU3
[   15.084181] Entering suspend state LP1
[   15.084181] Suspended for 3.189 seconds
[   15.084198] Enabling non-boot CPUs ...
[   15.085020] CPU1 is up
[   15.085777] CPU2 is up
[   15.086550] CPU3 is up
[   15.087202] pci_bus 0000:00: 2-byte config write to 0000:00:01.0 offset 0x4c may corrupt adjacent RW1C bits
[   15.087216] pci_bus 0000:00: 2-byte config write to 0000:00:01.0 offset 0x88 may corrupt adjacent RW1C bits
[   15.087224] pci_bus 0000:00: 2-byte config write to 0000:00:01.0 offset 0x90 may corrupt adjacent RW1C bits
[   15.087229] pci_bus 0000:00: 2-byte config write to 0000:00:01.0 offset 0x98 may corrupt adjacent RW1C bits
[   15.087233] pci_bus 0000:00: 2-byte config write to 0000:00:01.0 offset 0x9c may corrupt adjacent RW1C bits
[   15.087255] pci_bus 0000:00: 2-byte config write to 0000:00:01.0 offset 0x52 may corrupt adjacent RW1C bits
[   15.087263] pci_bus 0000:00: 2-byte config write to 0000:00:01.0 offset 0x52 may corrupt adjacent RW1C bits
[   15.087290] pcieport 0000:00:01.0: nv_msi_ht_cap_quirk didn't locate host bridge
[   15.812666] OOM killer enabled.
[   15.815801] Restarting tasks ... done.
root@(none):/# 
root@(none):/# rtcwake -d rtc1 -m mem -s 3
rtcwake: wakeup from "mem" using /dev/rtc1 at Thu Jan  1 00:00:47 1970
[   16.614189] PM: Syncing filesystems ... done.
[   16.620335] Freezing user space processes ... (elapsed 0.001 seconds) done.
[   16.628437] OOM killer disabled.
[   16.631656] Freezing remaining freezable tasks ... (elapsed 0.001 seconds) done.
[   16.640187] Suspending console(s) (use no_console_suspend to debug)
[   16.754229] Disabling non-boot CPUs ...
[   16.804054] IRQ346 no longer affine to CPU1
[   16.863839] IRQ347 no longer affine to CPU2
[   16.924122] Entering suspend state LP1
[   16.924122] Suspended for 3.160 seconds
[   16.924137] Enabling non-boot CPUs ...
[   16.924969] CPU1 is up
[   16.925733] CPU2 is up
[   16.926506] CPU3 is up
[   16.927187] pcieport 0000:00:01.0: nv_msi_ht_cap_quirk didn't locate host bridge
[   17.545146] OOM killer enabled.
[   17.548275] Restarting tasks ... done.
root@(none):/# 
root@(none):/# rtcwake -d rtc1 -m mem -s 3
rtcwake: wakeup from "mem" using /dev/rtc1 at Thu Jan  1 00:00:52 1970
[   18.454243] PM: Syncing filesystems ... done.
[   18.460378] Freezing user space processes ... (elapsed 0.001 seconds) done.
[   18.468478] OOM killer disabled.
[   18.471696] Freezing remaining freezable tasks ... (elapsed 0.001 seconds) done.
[   18.480230] Suspending console(s) (use no_console_suspend to debug)
[   18.594189] Disabling non-boot CPUs ...
[   18.644011] migrate_irqs: 2 callbacks suppressed
[   18.644016] IRQ346 no longer affine to CPU1
[   18.703687] IRQ17 no longer affine to CPU2
[   18.703824] IRQ347 no longer affine to CPU2
[   18.763760] IRQ348 no longer affine to CPU3
[   18.764103] Entering suspend state LP1
[   18.764103] Suspended for 3.159 seconds
[   18.764119] Enabling non-boot CPUs ...
[   18.764950] CPU1 is up
[   18.765703] CPU2 is up
[   18.766466] CPU3 is up
[   18.767149] pcieport 0000:00:01.0: nv_msi_ht_cap_quirk didn't locate host bridge
[   19.397765] OOM killer enabled.
[   19.400895] Restarting tasks ... done.
root@(none):/# 
root@(none):/# rtcwake -d rtc1 -m mem -s 3
rtcwake: wakeup from "mem" using /dev/rtc1 at Thu Jan  1 00:00:57 1970
[   20.294182] PM: Syncing filesystems ... done.
[   20.300326] Freezing user space processes ... (elapsed 0.001 seconds) done.
[   20.308430] OOM killer disabled.
[   20.311645] Freezing remaining freezable tasks ... (elapsed 0.001 seconds) done.
[   20.320175] Suspending console(s) (use no_console_suspend to debug)
[   20.365063] pci_generic_config_write32: 71 callbacks suppressed
[   20.365079] pci_bus 0000:00: 2-byte config write to 0000:00:01.0 offset 0x9c may corrupt adjacent RW1C bits
[   20.412820] pci_bus 0000:01: 2-byte config write to 0000:01:00.0 offset 0x44 may corrupt adjacent RW1C bits
[   20.412839] pci_bus 0000:01: 2-byte config write to 0000:01:00.0 offset 0x44 may corrupt adjacent RW1C bits
[   20.434158] Disabling non-boot CPUs ...
[   20.483788] IRQ17 no longer affine to CPU1
[   20.483992] IRQ346 no longer affine to CPU1
[   20.543782] IRQ347 no longer affine to CPU2
[   20.603725] IRQ348 no longer affine to CPU3
[   20.604089] Entering suspend state LP1
[   20.604089] Suspended for 3.159 seconds
[   20.604104] Enabling non-boot CPUs ...
[   20.604943] CPU1 is up
[   20.605711] CPU2 is up
[   20.606469] CPU3 is up
[   20.607117] pci_bus 0000:00: 2-byte config write to 0000:00:01.0 offset 0x4c may corrupt adjacent RW1C bits
[   20.607132] pci_bus 0000:00: 2-byte config write to 0000:00:01.0 offset 0x88 may corrupt adjacent RW1C bits
[   20.607140] pci_bus 0000:00: 2-byte config write to 0000:00:01.0 offset 0x90 may corrupt adjacent RW1C bits
[   20.607147] pci_bus 0000:00: 2-byte config write to 0000:00:01.0 offset 0x98 may corrupt adjacent RW1C bits
[   20.607152] pci_bus 0000:00: 2-byte config write to 0000:00:01.0 offset 0x9c may corrupt adjacent RW1C bits
[   20.607174] pci_bus 0000:00: 2-byte config write to 0000:00:01.0 offset 0x52 may corrupt adjacent RW1C bits
[   20.607181] pci_bus 0000:00: 2-byte config write to 0000:00:01.0 offset 0x52 may corrupt adjacent RW1C bits
[   20.607207] pcieport 0000:00:01.0: nv_msi_ht_cap_quirk didn't locate host bridge
[   21.342103] OOM killer enabled.
[   21.345239] Restarting tasks ... done.
root@(none):/# 
root@(none):/# rtcwake -d rtc1 -m mem -s 3
rtcwake: wakeup from "mem" using /dev/rtc1 at Thu Jan  1 00:01:02 1970
[   22.134180] PM: Syncing filesystems ... done.
[   22.140316] Freezing user space processes ... (elapsed 0.001 seconds) done.
[   22.148423] OOM killer disabled.
[   22.151641] Freezing remaining freezable tasks ... (elapsed 0.001 seconds) done.
[   22.160170] Suspending console(s) (use no_console_suspend to debug)
[   22.274120] Disabling non-boot CPUs ...
[   22.323771] IRQ17 no longer affine to CPU1
[   22.323980] IRQ346 no longer affine to CPU1
[   22.444019] Entering suspend state LP1
[   22.444019] Suspended for 3.160 seconds
[   22.444035] Enabling non-boot CPUs ...
[   22.444869] CPU1 is up
[   22.445619] CPU2 is up
[   22.446389] CPU3 is up
[   22.447081] pcieport 0000:00:01.0: nv_msi_ht_cap_quirk didn't locate host bridge
[   23.061133] OOM killer enabled.
[   23.064272] Restarting tasks ... done.
root@(none):/# 
root@(none):/# rtcwake -d rtc1 -m mem -s 3
rtcwake: wakeup from "mem" using /dev/rtc1 at Thu Jan  1 00:01:07 1970
[   23.974061] PM: Syncing filesystems ... done.
[   23.980201] Freezing user space processes ... (elapsed 0.001 seconds) done.
[   23.988306] OOM killer disabled.
[   23.991523] Freezing remaining freezable tasks ... (elapsed 0.001 seconds) done.
[   24.000060] Suspending console(s) (use no_console_suspend to debug)
[   24.114088] Disabling non-boot CPUs ...
[   24.163913] migrate_irqs: 2 callbacks suppressed
[   24.163918] IRQ346 no longer affine to CPU1
[   24.223584] IRQ17 no longer affine to CPU2
[   24.223717] IRQ347 no longer affine to CPU2
[   24.283645] IRQ348 no longer affine to CPU3
[   24.283975] Entering suspend state LP1
[   24.283975] Suspended for 3.160 seconds
[   24.283992] Enabling non-boot CPUs ...
[   24.284832] CPU1 is up
[   24.285589] CPU2 is up
[   24.286363] CPU3 is up
[   24.287061] pcieport 0000:00:01.0: nv_msi_ht_cap_quirk didn't locate host bridge
[   24.914034] OOM killer enabled.
[   24.917164] Restarting tasks ... done.
root@(none):/# 
root@(none):/# NVTB SYSTEM SUSPEND TEST COMPLETE
