

U-Boot 2015.04-00466-gedec83e90172 (Mar 14 2016 - 10:42:01)

TEGRA124
Model: Acer Chromebook 13 CB5-311
DRAM:  4 GiB
C:   Tegra SD/MMC: 0, Tegra SD/MMC: 1, Tegra SD/MMC: 2
MMC init failed
Using default environment

In:    serial
Out:   serial
Err:   serial
Net:   Net Initialization Skipped
No ethernet found.
Hit any key to stop autoboot:  2  0 
Tegra124 (Nyan-big) # 
Tegra124 (Nyan-big) # usb start
starting USB...
USB0:   USB EHCI 1.10
scanning bus 0 for devices... 2 USB Device(s) found
USB1:   USB EHCI 1.10
scanning bus 1 for devices... 2 USB Device(s) found
       scanning usb for storage devices... 1 Storage Device(s) found
       scanning usb for ethernet devices... 
Warning: asx0 using MAC address from net device
1 Ethernet Device(s) found
Tegra124 (Nyan-big) # setenv bootargs 'ignore_loglevel console=ttyS0,115200n8 rw root=PARTUUID=4d36e82a-b3c0-4b4b-bfcd-afe5217ac023 rootwait gpt debug noinitrd earlyprintk init=/bin/bash'
Tegra124 (Nyan-big) # setenv ipaddr 192.168.100.102; setenv serverip 192.168.100.1; setenv tftpserverip 192.168.100.1
Tegra124 (Nyan-big) # tftpboot 0x82000000 zImage.multi_v7_defconfig
Using asx0 device
TFTP from server 192.168.100.1; our IP address is 192.168.100.102
Filename 'zImage.multi_v7_defconfig'.
Load address: 0x82000000
Loading: *#################################################################
	 #################################################################
	 #################################################################
	 #################################################################
	 #################################################################
	 #################################################################
	 #################################################################
	 #######################################
	 3 MiB/s
done
Bytes transferred = 7240192 (6e7a00 hex)
Tegra124 (Nyan-big) # tftpboot 0x83000000 tegra124-nyan-big.dtb
Using asx0 device
TFTP from server 192.168.100.1; our IP address is 192.168.100.102
Filename 'tegra124-nyan-big.dtb'.
Load address: 0x83000000
Loading: *#####
	 2.8 MiB/s
done
Bytes transferred = 66901 (10555 hex)
Tegra124 (Nyan-big) # bootz 0x82000000 - 0x83000000
Kernel image @ 0x82000000 [ 0x000000 - 0x6e7a00 ]
## Flattened Device Tree blob at 83000000
   Booting using the fdt blob at 0x83000000
   Using Device Tree in place at 83000000, end 83013554

Starting kernel ...

[    0.000000] Booting Linux on physical CPU 0x0
[    0.000000] Linux version 4.7.0-rc5-96296-g4c2e07c (pwalmsley@sellafield) (gcc version 4.7.3 20130328 (prerelease) (crosstool-NG linaro-1.13.1-4.7-2013.04-20130415 - Linaro GCC 2013.04) ) #1 SMP Sun Jun 26 18:34:16 PDT 2016
[    0.000000] CPU: ARMv7 Processor [413fc0f3] revision 3 (ARMv7), cr=10c5387d
[    0.000000] CPU: div instructions available: patching division code
[    0.000000] CPU: PIPT / VIPT nonaliasing data cache, PIPT instruction cache
[    0.000000] Machine model: Acer Chromebook 13 CB5-311
[    0.000000] Ignoring memory range 0x100000000 - 0x17ffff000
[    0.000000] debug: ignoring loglevel setting.
[    0.000000] cma: Reserved 64 MiB at 0xfb800000
[    0.000000] Memory policy: Data cache writealloc
[    0.000000] On node 0 totalpages: 524287
[    0.000000] free_area_init_node: node 0, pgdat c141bb00, node_mem_map eeff8000
[    0.000000]   DMA zone: 1536 pages used for memmap
[    0.000000]   DMA zone: 0 pages reserved
[    0.000000]   DMA zone: 196608 pages, LIFO batch:31
[    0.000000]   HighMem zone: 327679 pages, LIFO batch:31
[    0.000000] percpu: Embedded 13 pages/cpu @eef89000 s23808 r8192 d21248 u53248
[    0.000000] pcpu-alloc: s23808 r8192 d21248 u53248 alloc=13*4096
[    0.000000] pcpu-alloc: [0] 0 [0] 1 [0] 2 [0] 3 
[    0.000000] Built 1 zonelists in Zone order, mobility grouping on.  Total pages: 522751
[    0.000000] Kernel command line: ignore_loglevel console=ttyS0,115200n8 rw root=PARTUUID=4d36e82a-b3c0-4b4b-bfcd-afe5217ac023 rootwait gpt debug noinitrd earlyprintk init=/bin/bash
[    0.000000] PID hash table entries: 4096 (order: 2, 16384 bytes)
[    0.000000] Dentry cache hash table entries: 131072 (order: 7, 524288 bytes)
[    0.000000] Inode-cache hash table entries: 65536 (order: 6, 262144 bytes)
[    0.000000] Memory: 1996016K/2097148K available (9529K kernel code, 1142K rwdata, 4476K rodata, 2048K init, 343K bss, 35596K reserved, 65536K cma-reserved, 1245180K highmem)
[    0.000000] Virtual kernel memory layout:
[    0.000000]     vector  : 0xffff0000 - 0xffff1000   (   4 kB)
[    0.000000]     fixmap  : 0xffc00000 - 0xfff00000   (3072 kB)
[    0.000000]     vmalloc : 0xf0800000 - 0xff800000   ( 240 MB)
[    0.000000]     lowmem  : 0xc0000000 - 0xf0000000   ( 768 MB)
[    0.000000]     pkmap   : 0xbfe00000 - 0xc0000000   (   2 MB)
[    0.000000]     modules : 0xbf000000 - 0xbfe00000   (  14 MB)
[    0.000000]       .text : 0xc0208000 - 0xc10ad540   (14998 kB)
[    0.000000]       .init : 0xc1100000 - 0xc1300000   (2048 kB)
[    0.000000]       .data : 0xc1300000 - 0xc141db60   (1143 kB)
[    0.000000]        .bss : 0xc141f000 - 0xc1474ca0   ( 344 kB)
[    0.000000] SLUB: HWalign=64, Order=0-3, MinObjects=0, CPUs=4, Nodes=1
[    0.000000] Hierarchical RCU implementation.
[    0.000000] 	Build-time adjustment of leaf fanout to 32.
[    0.000000] 	RCU restricting CPUs from NR_CPUS=16 to nr_cpu_ids=4.
[    0.000000] RCU: Adjusting geometry for rcu_fanout_leaf=32, nr_cpu_ids=4
[    0.000000] NR_IRQS:16 nr_irqs:16 16
[    0.000000] /interrupt-controller@60004000: 160 interrupts forwarded to /interrupt-controller@0,50041000
[    0.000000] Tegra clk 127: register failed with -17
[    0.000004] sched_clock: 32 bits at 1000kHz, resolution 1000ns, wraps every 2147483647500ns
[    0.000013] clocksource: timer_us: mask: 0xffffffff max_cycles: 0xffffffff, max_idle_ns: 1911260446275 ns
[    0.000018] Switching to timer-based delay loop, resolution 1000ns
[    0.001764] Architected cp15 timer(s) running at 12.00MHz (virt).
[    0.001771] clocksource: arch_sys_counter: mask: 0xffffffffffffff max_cycles: 0x2c47f4ee7, max_idle_ns: 440795202497 ns
[    0.001777] sched_clock: 56 bits at 12MHz, resolution 83ns, wraps every 4398046511096ns
[    0.001782] Switching to timer-based delay loop, resolution 83ns
[    0.001988] Console: colour dummy device 80x30
[    0.002000] Calibrating delay loop (skipped), value calculated using timer frequency.. 24.00 BogoMIPS (lpj=60000)
[    0.002005] pid_max: default: 32768 minimum: 301
[    0.002045] Mount-cache hash table entries: 2048 (order: 1, 8192 bytes)
[    0.002049] Mountpoint-cache hash table entries: 2048 (order: 1, 8192 bytes)
[    0.002296] CPU: Testing write buffer coherency: ok
[    0.002408] /cpus/cpu@0 missing clock-frequency property
[    0.002423] /cpus/cpu@1 missing clock-frequency property
[    0.002438] /cpus/cpu@2 missing clock-frequency property
[    0.002452] /cpus/cpu@3 missing clock-frequency property
[    0.002457] CPU0: thread -1, cpu 0, socket 0, mpidr 80000000
[    0.002467] Setting up static identity map for 0x80300000 - 0x80300098
[    0.003736] Tegra Revision: A01 SKU: 131 CPU Process: 1 SoC Process: 1
[    0.004337] CPU1: thread -1, cpu 1, socket 0, mpidr 80000001
[    0.006942] CPU2: thread -1, cpu 2, socket 0, mpidr 80000002
[    0.011942] CPU3: thread -1, cpu 3, socket 0, mpidr 80000003
[    0.016663] Brought up 4 CPUs
[    0.016670] SMP: Total of 4 processors activated (96.00 BogoMIPS).
[    0.016674] CPU: All CPU(s) started in SVC mode.
[    0.017211] devtmpfs: initialized
[    0.023596] VFP support v0.3: implementor 41 architecture 4 part 30 variant f rev 0
[    0.023872] clocksource: jiffies: mask: 0xffffffff max_cycles: 0xffffffff, max_idle_ns: 9556302231375000 ns
[    0.024399] pinctrl core: initialized pinctrl subsystem
[    0.025066] NET: Registered protocol family 16
[    0.025733] DMA: preallocated 256 KiB pool for atomic coherent allocations
[    0.036696] cpuidle: using governor menu
[    0.043062] No ATAGs?
[    0.043075] hw-breakpoint: found 5 (+1 reserved) breakpoint and 4 watchpoint registers.
[    0.043079] hw-breakpoint: maximum watchpoint size is 8 bytes.
[    0.045168] Serial: AMBA PL011 UART driver
[    0.046135] tegra-mc 70019000.memory-controller: no memory timings for RAM code 0 registered
[    0.063425] +5V_SYS: supplied by +VDD_MUX
[    0.063531] +3.3V_SYS: supplied by +VDD_MUX
[    0.063750] +VDD_LED: Failed to request enable GPIO122: -517
[    0.063756] reg-fixed-voltage regulators:regulator@5: Failed to register regulator: -517
[    0.063786] +5V_VDD_TS_SW: Failed to request enable GPIO81: -517
[    0.063791] reg-fixed-voltage regulators:regulator@6: Failed to register regulator: -517
[    0.063821] +5V_USB_HS: Failed to request enable GPIO108: -517
[    0.063825] reg-fixed-voltage regulators:regulator@7: Failed to register regulator: -517
[    0.063855] +5V_USB_SS: Failed to request enable GPIO109: -517
[    0.063859] reg-fixed-voltage regulators:regulator@8: Failed to register regulator: -517
[    0.063938] +1.05V_RUN_AVDD_HDMI_PLL: Failed to request enable GPIO63: -517
[    0.063942] reg-fixed-voltage regulators:regulator@11: Failed to register regulator: -517
[    0.063971] +5V_HDMI_CON: Failed to request enable GPIO86: -517
[    0.063975] reg-fixed-voltage regulators:regulator@12: Failed to register regulator: -517
[    0.065090] vgaarb: loaded
[    0.065375] SCSI subsystem initialized
[    0.065440] libata version 3.00 loaded.
[    0.065540] usbcore: registered new interface driver usbfs
[    0.065563] usbcore: registered new interface driver hub
[    0.065588] usbcore: registered new device driver usb
[    0.066976] pps_core: LinuxPPS API ver. 1 registered
[    0.066981] pps_core: Software ver. 5.3.6 - Copyright 2005-2007 Rodolfo Giometti <giometti@linux.it>
[    0.066989] PTP clock support registered
[    0.067060] EDAC MC: Ver: 3.0.0
[    0.067490] tegra-emc 7001b000.emc: no memory timings for RAM code 0 found in DT
[    0.067498] tegra-emc: probe of 7001b000.emc failed with error -2
[    0.067981] clocksource: Switched to clocksource arch_sys_counter
[    0.071667] NET: Registered protocol family 2
[    0.071877] TCP established hash table entries: 8192 (order: 3, 32768 bytes)
[    0.071910] TCP bind hash table entries: 8192 (order: 4, 65536 bytes)
[    0.071973] TCP: Hash tables configured (established 8192 bind 8192)
[    0.071995] UDP hash table entries: 512 (order: 2, 16384 bytes)
[    0.072009] UDP-Lite hash table entries: 512 (order: 2, 16384 bytes)
[    0.072069] NET: Registered protocol family 1
[    0.072172] RPC: Registered named UNIX socket transport module.
[    0.072176] RPC: Registered udp transport module.
[    0.072178] RPC: Registered tcp transport module.
[    0.072181] RPC: Registered tcp NFSv4.1 backchannel transport module.
[    0.072185] PCI: CLS 0 bytes, default 64
[    0.072622] hw perfevents: enabled with armv7_cortex_a15 PMU driver, 7 counters available
[    0.073180] futex hash table entries: 1024 (order: 4, 65536 bytes)
[    0.073461] workingset: timestamp_bits=28 max_order=19 bucket_order=0
[    0.077268] squashfs: version 4.0 (2009/01/31) Phillip Lougher
[    0.077574] NFS: Registering the id_resolver key type
[    0.077589] Key type id_resolver registered
[    0.077592] Key type id_legacy registered
[    0.077609] ntfs: driver 2.1.32 [Flags: R/O].
[    0.078097] bounce: pool size: 64 pages
[    0.078170] Block layer SCSI generic (bsg) driver version 0.4 loaded (major 248)
[    0.078175] io scheduler noop registered
[    0.078178] io scheduler deadline registered
[    0.078189] io scheduler cfq registered (default)
[    0.080094] tegra-xusb-padctl 7009f000.padctl: failed to setup XUSB ports: -517
[    0.088918] tegra-apbdma 60020000.dma: Tegra20 APB DMA driver register 32 channels
[    0.089615] tegra-pmc 7000e400.pmc: i2c-thermtrip node not found, emergency thermal reset disabled.
[    0.110999] Serial: 8250/16550 driver, 4 ports, IRQ sharing disabled
[    0.112147] console [ttyS0] disabled
[    0.112163] 70006000.serial: ttyS0 at MMIO 0x70006000 (irq = 331, base_baud = 25500000) is a Tegra
[    0.965117] console [ttyS0] enabled
[    0.968908] SuperH (H)SCI(F) driver initialized
[    0.973794] msm_serial: driver initialized
[    0.977944] STMicroelectronics ASC driver initialized
[    0.984416] [drm] Initialized drm 1.1.0 20060810
[    0.990449] tegra-hdmi 54280000.hdmi: failed to get HDMI regulator
[    0.997002] tegra-dpaux 545c0000.dpaux: failed to get VDD supply: -517
[    1.004216] panel supply power not found, using dummy regulator
[    1.013943] brd: module loaded
[    1.019084] loop: module loaded
[    1.023131] as3722 4-0040: AS3722 with revision 0x1 found
[    1.032854] as3722-sd2: supplied by +5V_SYS
[    1.037280] as3722-sd3: supplied by +5V_SYS
[    1.041626] +1.35V_LP0(sd3): Bringing 0uV into 1350000-1350000uV
[    1.047809] as3722-sd4: supplied by +5V_SYS
[    1.052146] +1.05V_RUN: Bringing 0uV into 1050000-1050000uV
[    1.057892] as3722-sd5: supplied by +5V_SYS
[    1.063488] as3722-ldo0: supplied by +1.35V_LP0(sd2)
[    1.069223] +1.8V_RUN_CAM: Bringing 0uV into 1800000-1800000uV
[    1.075251] as3722-ldo2: supplied by +1.8V_VDDIO
[    1.080869] as3722-ldo3: supplied by +3.3V_SYS
[    1.085319] +1.00V_LP0_VDD_RTC: Bringing 1100000uV into 1000000-1000000uV
[    1.092899] as3722-ldo4: supplied by +3.3V_SYS
[    1.097494] +3.3V_RUN_CAM: Bringing 0uV into 2800000-2800000uV
[    1.103519] as3722-ldo5: supplied by +1.8V_VDDIO
[    1.108289] +1.2V_RUN_CAM_FRONT: Bringing 0uV into 1200000-1200000uV
[    1.114982] +VDDIO_SDMMC3: Bringing 0uV into 1800000-1800000uV
[    1.121018] as3722-ldo7: supplied by +1.8V_VDDIO
[    1.125787] +1.05V_RUN_CAM_REAR: Bringing 0uV into 1050000-1050000uV
[    1.132350] as3722-ldo9: supplied by +5V_SYS
[    1.136915] +2.8V_RUN_TOUCH: Bringing 0uV into 2800000-2800000uV
[    1.143126] as3722-ldo10: supplied by +5V_SYS
[    1.147627] +2.8V_RUN_CAM_AF: Bringing 0uV into 2800000-2800000uV
[    1.154074] +1.8V_RUN_VPP_FUSE: Bringing 0uV into 1800000-1800000uV
[    1.172317] m25p80 spi32765.0: w25q32dw (4096 Kbytes)
[    1.178598] libphy: Fixed MDIO Bus: probed
[    1.182922] CAN device driver interface
[    1.187467] igb: Intel(R) Gigabit Ethernet Network Driver - version 5.3.0-k
[    1.194416] igb: Copyright (c) 2007-2014 Intel Corporation.
[    1.201136] pegasus: v0.9.3 (2013/04/25), Pegasus/Pegasus II USB Ethernet driver
[    1.208545] usbcore: registered new interface driver pegasus
[    1.214215] usbcore: registered new interface driver asix
[    1.219619] usbcore: registered new interface driver ax88179_178a
[    1.225716] usbcore: registered new interface driver cdc_ether
[    1.231559] usbcore: registered new interface driver smsc75xx
[    1.237315] usbcore: registered new interface driver smsc95xx
[    1.243064] usbcore: registered new interface driver net1080
[    1.248730] usbcore: registered new interface driver cdc_subset
[    1.254654] usbcore: registered new interface driver zaurus
[    1.260243] usbcore: registered new interface driver cdc_ncm
[    1.266614] ehci_hcd: USB 2.0 'Enhanced' Host Controller (EHCI) Driver
[    1.273131] ehci-pci: EHCI PCI platform driver
[    1.277576] ehci-platform: EHCI generic platform driver
[    1.282868] ehci-omap: OMAP-EHCI Host Controller driver
[    1.288132] ehci-orion: EHCI orion driver
[    1.292178] SPEAr-ehci: EHCI SPEAr driver
[    1.296235] ehci-st: EHCI STMicroelectronics driver
[    1.301156] ehci-exynos: EHCI EXYNOS driver
[    1.305388] ehci-atmel: EHCI Atmel driver
[    1.309443] tegra-ehci: Tegra EHCI driver
[    1.313510] ohci_hcd: USB 1.1 'Open' Host Controller (OHCI) Driver
[    1.319683] ohci-pci: OHCI PCI platform driver
[    1.324133] ohci-platform: OHCI generic platform driver
[    1.329406] ohci-omap3: OHCI OMAP3 driver
[    1.333458] SPEAr-ohci: OHCI SPEAr driver
[    1.337506] ohci-st: OHCI STMicroelectronics driver
[    1.342426] ohci-atmel: OHCI Atmel driver
[    1.346700] usbcore: registered new interface driver usb-storage
[    1.353299] mousedev: PS/2 mouse device common for all mice
[    1.359270] 1-0015 supply vcc not found, using dummy regulator
[    1.361080] as3722-rtc as3722-rtc: rtc core: registered as3722-rtc as rtc0
[    1.361083] as3722-rtc as3722-rtc: RTC interrupt 370
[    1.363359] tegra_rtc 7000e000.rtc: rtc core: registered 7000e000.rtc as rtc1
[    1.363383] tegra_rtc 7000e000.rtc: Tegra internal Real Time Clock
[    1.363671] i2c /dev entries driver
[    1.367020] 0-004c supply vcc not found, using dummy regulator
[    1.376548] sdhci: Secure Digital Host Controller Interface driver
[    1.376550] sdhci: Copyright(c) Pierre Ossman
[    1.377302] Synopsys Designware Multimedia Card Interface Driver
[    1.377850] sdhci-pltfm: SDHCI platform and OF driver helper
[    1.378242] sdhci-tegra 700b0000.sdhci: allocated mmc-pwrseq
[    1.378265] mmc0: Unknown controller version (3). You may experience problems.
[    1.378459] sdhci-tegra 700b0400.sdhci: Got CD GPIO
[    1.378468] sdhci-tegra 700b0400.sdhci: Got WP GPIO
[    1.378498] mmc0: Unknown controller version (3). You may experience problems.
[    1.378647] mmc0: Unknown controller version (3). You may experience problems.
[    1.378691] mmc0: Invalid maximum block size, assuming 512 bytes
[    1.412993] mmc0: SDHCI controller on 700b0600.sdhci [700b0600.sdhci] using ADMA 64-bit
[    1.413801] ledtrig-cpu: registered to indicate activity on CPUs
[    1.413967] usbcore: registered new interface driver usbhid
[    1.413968] usbhid: USB HID core driver
[    1.416832] NET: Registered protocol family 10
[    1.417189] sit: IPv6 over IPv4 tunneling driver
[    1.417585] NET: Registered protocol family 17
[    1.417590] can: controller area network core (rev 20120528 abi 9)
[    1.417623] NET: Registered protocol family 29
[    1.417626] can: raw protocol (rev 20120528)
[    1.417628] can: broadcast manager protocol (rev 20120528 t)
[    1.417633] can: netlink gateway (rev 20130117) max_hops=1
[    1.417832] Key type dns_resolver registered
[    1.421836] ThumbEE CPU extension supported.
[    1.421842] Registering SWP/SWPB emulation handler
[    1.429098] +3.3V_RUN: supplied by +3.3V_SYS
[    1.429970] +3.3V_AVDD_HDMI_AP_GATED: supplied by +3.3V_RUN
[    1.430021] +1.8V_RUN_CAM: supplied by +3.3V_RUN
[    1.430066] +VDDIO_SDMMC3: supplied by +3.3V_RUN
[    1.430106] +1.8V_RUN_VPP_FUSE: supplied by +3.3V_RUN
[    1.430486] +VDD_LED: supplied by +VDD_MUX
[    1.430810] +5V_VDD_TS_SW: supplied by +5V_SYS
[    1.431131] +5V_USB_HS: supplied by +5V_SYS
[    1.431377] +5V_USB_SS: supplied by +5V_SYS
[    1.433317] +3.3V_PANEL: supplied by +3.3V_RUN
[    1.435776] +3.3V_LP0: supplied by +3.3V_SYS
[    1.436509] +1.05V_RUN_AVDD_HDMI_PLL: supplied by +1.05V_RUN
[    1.436775] +5V_HDMI_CON: supplied by +5V_SYS
[    1.437850] usb3-0 supply vbus not found, using dummy regulator
[    1.437924] usb3-1 supply vbus not found, using dummy regulator
[    1.442020] tegra-sor 54540000.sor: failed to probe output: -517
[    1.442728] panel supply power not found, using dummy regulator
[    1.444239] sdhci-tegra 700b0000.sdhci: allocated mmc-pwrseq
[    1.444265] mmc1: Unknown controller version (3). You may experience problems.
[    1.444554] mmc1: Invalid maximum block size, assuming 512 bytes
[    1.444919] +1.8V_VDDIO: voltage operation not allowed
[    1.444922] mmc1: Switching to 3.3V signalling voltage failed
[    1.473098] mmc1: SDHCI controller on 700b0000.sdhci [700b0000.sdhci] using ADMA 64-bit
[    1.474199] sdhci-tegra 700b0400.sdhci: Got CD GPIO
[    1.474209] sdhci-tegra 700b0400.sdhci: Got WP GPIO
[    1.474249] mmc2: Unknown controller version (3). You may experience problems.
[    1.474525] mmc2: Invalid maximum block size, assuming 512 bytes
[    1.479713] mmc0: new high speed MMC card at address 0001
[    1.480313] mmcblk0: mmc0:0001 MMC16G 14.4 GiB 
[    1.480664] mmcblk0boot0: mmc0:0001 MMC16G partition 1 2.00 MiB
[    1.480779] mmcblk0boot1: mmc0:0001 MMC16G partition 2 2.00 MiB
[    1.480893] mmcblk0rpmb: mmc0:0001 MMC16G partition 3 128 KiB
[    1.484134]  mmcblk0: p1 p2 p3 p4 p5 p6 p7 p8 p9 p10 p11 p12
[    1.508175] mmc2: SDHCI controller on 700b0400.sdhci [700b0400.sdhci] using ADMA 64-bit
[    1.527605] mmc1: new high speed SDIO card at address 0001
[    1.600315] [drm] Supports vblank timestamp caching Rev 2 (21.10.2013).
[    1.600317] [drm] No driver support for vblank timestamp query.
[    1.655339] mmc2: new high speed SDHC card at address 0007
[    1.655852] mmcblk2: mmc2:0007 SD08G 7.42 GiB 
[    1.663526] GPT:Primary header alternate_lba != Alt. header my_lba
[    1.663529] GPT:3014591 != 15564799
[    1.663531] GPT:Primary header thinks Alt. header is not at the end of the disk.
[    1.663532] GPT:3014591 != 15564799
[    1.663533] GPT: Use GNU Parted to correct GPT errors.
[    1.663562]  mmcblk2: p1 p2 p3 p4 p5 p6 p7 p8 p9 p10 p11 p12
[    1.831023] Console: switching to colour frame buffer device 170x48
[    1.841058] drm drm: fb0:  frame buffer device
[    1.858062] [drm] Initialized tegra 0.0.0 20120330 on minor 0
[    1.865020] input: gpio-keys as /devices/soc0/gpio-keys/input/input0
[    1.872294] as3722-rtc as3722-rtc: setting system clock to 2000-01-01 00:00:21 UTC (946684821)
[    1.884928] +1.8V_RUN_CAM: disabling
[    1.888735] +3.3V_RUN_CAM: disabling
[    1.892533] +1.2V_RUN_CAM_FRONT: disabling
[    1.896780] +1.05V_RUN_CAM_REAR: disabling
[    1.901037] +2.8V_RUN_TOUCH: disabling
[    1.904946] +2.8V_RUN_CAM_AF: disabling
[    1.908929] +1.8V_RUN_VPP_FUSE: disabling
[    1.913039] +5V_VDD_TS_SW: disabling
[    1.916610] +5V_USB_HS: disabling
[    1.919924] +5V_USB_SS: disabling
[    1.946164] input: Elan Touchpad as /devices/soc0/7000c400.i2c/i2c-1/1-0015/input/input1
[    1.955496] EXT4-fs (mmcblk0p3): couldn't mount as ext3 due to feature incompatibilities
[    1.964156] EXT4-fs (mmcblk0p3): couldn't mount as ext2 due to feature incompatibilities
[    2.312134] EXT4-fs (mmcblk0p3): recovery complete
[    2.317594] EXT4-fs (mmcblk0p3): mounted filesystem with ordered data mode. Opts: (null)
[    2.325720] VFS: Mounted root (ext4 filesystem) on device 179:3.
[    2.332265] devtmpfs: mounted
[    2.335916] Freeing unused kernel memory: 2048K (c1100000 - c1300000)
bash: cannot set terminal process group (-1): Inappropriate ioctl for device
bash: no job control in this shell
root@(none):/# mount -t sysfs none /sys
root@(none):/# 
root@(none):/# mount -t debugfs none /sys/kernel/debug
root@(none):/# 
root@(none):/# rtcwake -d rtc1 -m mem -s 3
rtcwake: assuming RTC uses UTC ...
rtcwake: wakeup from "mem" using /dev/rtc1 at Thu Jan  1 00:00:26 1970
[    4.772797] PM: Syncing filesystems ... done.
[    4.782583] Freezing user space processes ... (elapsed 0.001 seconds) done.
[    4.790782] Double checking all user space processes after OOM killer disable... (elapsed 0.000 seconds) 
[    4.800378] Freezing remaining freezable tasks ... (elapsed 0.001 seconds) done.
[    4.809073] Suspending console(s) (use no_console_suspend to debug)
[    4.859464] PM: suspend of devices complete after 43.582 msecs
[    4.860478] PM: late suspend of devices complete after 1.005 msecs
[    4.861273] PM: noirq suspend of devices complete after 0.790 msecs
[    4.861275] Disabling non-boot CPUs ...
[    4.861646] CPU1: shutdown
[    4.879050] CPU2: shutdown
[    4.903914] CPU3: shutdown
[    4.918422] Entering suspend state LP1
[    4.918436] Enabling non-boot CPUs ...
[    4.943658] CPU1 is up
[    4.968683] CPU2 is up
[    4.993780] CPU3 is up
[    4.994278] PM: noirq resume of devices complete after 0.493 msecs
[    4.995703] PM: early resume of devices complete after 1.114 msecs
[    5.139867] +1.8V_VDDIO: voltage operation not allowed
[    5.139870] mmc1: Switching to 3.3V signalling voltage failed
[    5.201153] PM: resume of devices complete after 205.439 msecs
[    5.275699] Restarting tasks ... done.
root@(none):/# 
root@(none):/# rtcwake -d rtc1 -m mem -s 3
rtcwake: assuming RTC uses UTC ...
rtcwake: wakeup from "mem" using /dev/rtc1 at Thu Jan  1 00:00:30 1970
[    5.822769] PM: Syncing filesystems ... done.
[    5.832330] Freezing user space processes ... (elapsed 0.001 seconds) done.
[    5.840521] Double checking all user space processes after OOM killer disable... (elapsed 0.000 seconds) 
[    5.850171] Freezing remaining freezable tasks ... (elapsed 0.001 seconds) done.
[    5.858830] Suspending console(s) (use no_console_suspend to debug)
[    5.914662] PM: suspend of devices complete after 49.022 msecs
[    5.915779] PM: late suspend of devices complete after 1.108 msecs
[    5.916532] PM: noirq suspend of devices complete after 0.748 msecs
[    5.916534] Disabling non-boot CPUs ...
[    5.916909] CPU1: shutdown
[    5.938974] CPU2: shutdown
[    5.963689] IRQ17 no longer affine to CPU3
[    5.963874] CPU3: shutdown
[    5.978402] Entering suspend state LP1
[    5.978416] Enabling non-boot CPUs ...
[    6.003639] CPU1 is up
[    6.028658] CPU2 is up
[    6.053765] CPU3 is up
[    6.054256] PM: noirq resume of devices complete after 0.486 msecs
[    6.055451] PM: early resume of devices complete after 0.891 msecs
[    6.200093] +1.8V_VDDIO: voltage operation not allowed
[    6.200097] mmc1: Switching to 3.3V signalling voltage failed
[    6.262192] PM: resume of devices complete after 206.727 msecs
[    6.340888] Restarting tasks ... done.
root@(none):/# 
root@(none):/# rtcwake -d rtc1 -m mem -s 3
rtcwake: assuming RTC uses UTC ...
rtcwake: wakeup from "mem" using /dev/rtc1 at Thu Jan  1 00:00:34 1970
[    6.882001] PM: Syncing filesystems ... done.
[    6.891559] Freezing user space processes ... (elapsed 0.001 seconds) done.
[    6.899745] Double checking all user space processes after OOM killer disable... (elapsed 0.000 seconds) 
[    6.909400] Freezing remaining freezable tasks ... (elapsed 0.001 seconds) done.
[    6.918060] Suspending console(s) (use no_console_suspend to debug)
[    6.974637] PM: suspend of devices complete after 49.768 msecs
[    6.975596] PM: late suspend of devices complete after 0.950 msecs
[    6.976346] PM: noirq suspend of devices complete after 0.746 msecs
[    6.976347] Disabling non-boot CPUs ...
[    6.976707] CPU1: shutdown
[    7.003971] CPU2: shutdown
[    7.028660] IRQ17 no longer affine to CPU3
[    7.028855] CPU3: shutdown
[    7.043385] Entering suspend state LP1
[    7.043399] Enabling non-boot CPUs ...
[    7.068612] CPU1 is up
[    7.093639] CPU2 is up
[    7.118740] CPU3 is up
[    7.119213] PM: noirq resume of devices complete after 0.467 msecs
[    7.120583] PM: early resume of devices complete after 1.077 msecs
[    7.264777] +1.8V_VDDIO: voltage operation not allowed
[    7.264781] mmc1: Switching to 3.3V signalling voltage failed
[    7.327832] PM: resume of devices complete after 207.238 msecs
[    7.406513] Restarting tasks ... done.
root@(none):/# 
root@(none):/# rtcwake -d rtc1 -m mem -s 3
rtcwake: assuming RTC uses UTC ...
rtcwake: wakeup from "mem" using /dev/rtc1 at Thu Jan  1 00:00:38 1970
[    7.947732] PM: Syncing filesystems ... done.
[    7.957448] Freezing user space processes ... (elapsed 0.001 seconds) done.
[    7.965641] Double checking all user space processes after OOM killer disable... (elapsed 0.000 seconds) 
[    7.975286] Freezing remaining freezable tasks ... (elapsed 0.001 seconds) done.
[    7.983944] Suspending console(s) (use no_console_suspend to debug)
[    8.039367] PM: suspend of devices complete after 48.613 msecs
[    8.040584] PM: late suspend of devices complete after 1.208 msecs
[    8.041324] PM: noirq suspend of devices complete after 0.735 msecs
[    8.041326] Disabling non-boot CPUs ...
[    8.041681] CPU1: shutdown
[    8.058760] IRQ17 no longer affine to CPU2
[    8.058951] CPU2: shutdown
[    8.083817] CPU3: shutdown
[    8.098358] Entering suspend state LP1
[    8.098372] Enabling non-boot CPUs ...
[    8.123589] CPU1 is up
[    8.148606] CPU2 is up
[    8.173706] CPU3 is up
[    8.174178] PM: noirq resume of devices complete after 0.467 msecs
[    8.175589] PM: early resume of devices complete after 1.098 msecs
[    8.320549] +1.8V_VDDIO: voltage operation not allowed
[    8.320551] mmc1: Switching to 3.3V signalling voltage failed
[    8.389229] PM: resume of devices complete after 213.630 msecs
[    8.468014] Restarting tasks ... done.
root@(none):/# 
root@(none):/# rtcwake -d rtc1 -m mem -s 3
rtcwake: assuming RTC uses UTC ...
rtcwake: wakeup from "mem" using /dev/rtc1 at Thu Jan  1 00:00:42 1970
[    9.002487] PM: Syncing filesystems ... done.
[    9.012197] Freezing user space processes ... (elapsed 0.001 seconds) done.
[    9.020382] Double checking all user space processes after OOM killer disable... (elapsed 0.000 seconds) 
[    9.030038] Freezing remaining freezable tasks ... (elapsed 0.001 seconds) done.
[    9.038699] Suspending console(s) (use no_console_suspend to debug)
[    9.089526] PM: suspend of devices complete after 44.016 msecs
[    9.090771] PM: late suspend of devices complete after 1.237 msecs
[    9.091521] PM: noirq suspend of devices complete after 0.746 msecs
[    9.091523] Disabling non-boot CPUs ...
[    9.091707] IRQ17 no longer affine to CPU1
[    9.091880] CPU1: shutdown
[    9.103930] CPU2: shutdown
[    9.118792] CPU3: shutdown
[    9.133331] Entering suspend state LP1
[    9.133345] Enabling non-boot CPUs ...
[    9.158571] CPU1 is up
[    9.183594] CPU2 is up
[    9.208692] CPU3 is up
[    9.209167] PM: noirq resume of devices complete after 0.470 msecs
[    9.210667] PM: early resume of devices complete after 1.179 msecs
[    9.354792] +1.8V_VDDIO: voltage operation not allowed
[    9.354798] mmc1: Switching to 3.3V signalling voltage failed
[    9.417550] PM: resume of devices complete after 206.872 msecs
[    9.496223] Restarting tasks ... done.
root@(none):/# 
root@(none):/# rtcwake -d rtc1 -m mem -s 3
rtcwake: assuming RTC uses UTC ...
rtcwake: wakeup from "mem" using /dev/rtc1 at Thu Jan  1 00:00:46 1970
[   10.037674] PM: Syncing filesystems ... done.
[   10.047232] Freezing user space processes ... (elapsed 0.001 seconds) done.
[   10.055430] Double checking all user space processes after OOM killer disable... (elapsed 0.000 seconds) 
[   10.065082] Freezing remaining freezable tasks ... (elapsed 0.001 seconds) done.
[   10.073735] Suspending console(s) (use no_console_suspend to debug)
[   10.124425] PM: suspend of devices complete after 43.880 msecs
[   10.125242] PM: late suspend of devices complete after 0.813 msecs
[   10.125898] PM: noirq suspend of devices complete after 0.652 msecs
[   10.125900] Disabling non-boot CPUs ...
[   10.126106] IRQ17 no longer affine to CPU1
[   10.126286] CPU1: shutdown
[   10.138889] CPU2: shutdown
[   10.163784] CPU3: shutdown
[   10.178307] Entering suspend state LP1
[   10.178321] Enabling non-boot CPUs ...
[   10.203544] CPU1 is up
[   10.228561] CPU2 is up
[   10.253668] CPU3 is up
[   10.254135] PM: noirq resume of devices complete after 0.462 msecs
[   10.255291] PM: early resume of devices complete after 0.849 msecs
[   10.399730] +1.8V_VDDIO: voltage operation not allowed
[   10.399735] mmc1: Switching to 3.3V signalling voltage failed
[   10.462429] PM: resume of devices complete after 207.127 msecs
[   10.541178] Restarting tasks ... done.
root@(none):/# 
root@(none):/# rtcwake -d rtc1 -m mem -s 3
rtcwake: assuming RTC uses UTC ...
rtcwake: wakeup from "mem" using /dev/rtc1 at Thu Jan  1 00:00:50 1970
[   11.082443] PM: Syncing filesystems ... done.
[   11.092151] Freezing user space processes ... (elapsed 0.001 seconds) done.
[   11.100334] Double checking all user space processes after OOM killer disable... (elapsed 0.000 seconds) 
[   11.109989] Freezing remaining freezable tasks ... (elapsed 0.001 seconds) done.
[   11.118648] Suspending console(s) (use no_console_suspend to debug)
[   11.174375] PM: suspend of devices complete after 48.916 msecs
[   11.175622] PM: late suspend of devices complete after 1.238 msecs
[   11.176371] PM: noirq suspend of devices complete after 0.744 msecs
[   11.176373] Disabling non-boot CPUs ...
[   11.176724] CPU1: shutdown
[   11.198689] IRQ17 no longer affine to CPU2
[   11.198888] CPU2: shutdown
[   11.213747] CPU3: shutdown
[   11.228288] Entering suspend state LP1
[   11.228302] Enabling non-boot CPUs ...
[   11.253519] CPU1 is up
[   11.278539] CPU2 is up
[   11.303634] CPU3 is up
[   11.304101] PM: noirq resume of devices complete after 0.462 msecs
[   11.305227] PM: early resume of devices complete after 0.812 msecs
[   11.449672] +1.8V_VDDIO: voltage operation not allowed
[   11.449677] mmc1: Switching to 3.3V signalling voltage failed
[   11.512115] PM: resume of devices complete after 206.877 msecs
[   11.590807] Restarting tasks ... done.
root@(none):/# 
root@(none):/# rtcwake -d rtc1 -m mem -s 3
rtcwake: assuming RTC uses UTC ...
rtcwake: wakeup from "mem" using /dev/rtc1 at Thu Jan  1 00:00:54 1970
[   12.137665] PM: Syncing filesystems ... done.
[   12.147370] Freezing user space processes ... (elapsed 0.001 seconds) done.
[   12.155572] Double checking all user space processes after OOM killer disable... (elapsed 0.000 seconds) 
[   12.165161] Freezing remaining freezable tasks ... (elapsed 0.001 seconds) done.
[   12.173869] Suspending console(s) (use no_console_suspend to debug)
[   12.224306] PM: suspend of devices complete after 43.628 msecs
[   12.225449] PM: late suspend of devices complete after 1.134 msecs
[   12.226134] PM: noirq suspend of devices complete after 0.680 msecs
[   12.226135] Disabling non-boot CPUs ...
[   12.226332] IRQ17 no longer affine to CPU1
[   12.226510] CPU1: shutdown
[   12.253843] CPU2: shutdown
[   12.278734] CPU3: shutdown
[   12.293265] Entering suspend state LP1
[   12.293279] Enabling non-boot CPUs ...
[   12.318505] CPU1 is up
[   12.343523] CPU2 is up
[   12.368617] CPU3 is up
[   12.369089] PM: noirq resume of devices complete after 0.467 msecs
[   12.370236] PM: early resume of devices complete after 0.837 msecs
[   12.514979] +1.8V_VDDIO: voltage operation not allowed
[   12.514984] mmc1: Switching to 3.3V signalling voltage failed
[   12.577136] PM: resume of devices complete after 206.888 msecs
[   12.655841] Restarting tasks ... done.
root@(none):/# 
root@(none):/# rtcwake -d rtc1 -m mem -s 3
rtcwake: assuming RTC uses UTC ...
rtcwake: wakeup from "mem" using /dev/rtc1 at Thu Jan  1 00:00:58 1970
[   13.202631] PM: Syncing filesystems ... done.
[   13.212334] Freezing user space processes ... (elapsed 0.001 seconds) done.
[   13.220533] Double checking all user space processes after OOM killer disable... (elapsed 0.000 seconds) 
[   13.230122] Freezing remaining freezable tasks ... (elapsed 0.001 seconds) done.
[   13.238819] Suspending console(s) (use no_console_suspend to debug)
[   13.294264] PM: suspend of devices complete after 48.636 msecs
[   13.295195] PM: late suspend of devices complete after 0.923 msecs
[   13.295921] PM: noirq suspend of devices complete after 0.722 msecs
[   13.295922] Disabling non-boot CPUs ...
[   13.296276] CPU1: shutdown
[   13.308830] CPU2: shutdown
[   13.333702] CPU3: shutdown
[   13.358244] Entering suspend state LP1
[   13.358258] Enabling non-boot CPUs ...
[   13.383483] CPU1 is up
[   13.408494] CPU2 is up
[   13.433594] CPU3 is up
[   13.434063] PM: noirq resume of devices complete after 0.464 msecs
[   13.435336] PM: early resume of devices complete after 0.958 msecs
[   13.580043] +1.8V_VDDIO: voltage operation not allowed
[   13.580047] mmc1: Switching to 3.3V signalling voltage failed
[   13.642060] PM: resume of devices complete after 206.713 msecs
[   13.716662] Restarting tasks ... done.
root@(none):/# 
root@(none):/# rtcwake -d rtc1 -m mem -s 3
rtcwake: assuming RTC uses UTC ...
rtcwake: wakeup from "mem" using /dev/rtc1 at Thu Jan  1 00:01:02 1970
[   14.267117] PM: Syncing filesystems ... done.
[   14.276543] Freezing user space processes ... (elapsed 0.001 seconds) done.
[   14.284749] Double checking all user space processes after OOM killer disable... (elapsed 0.000 seconds) 
[   14.294339] Freezing remaining freezable tasks ... (elapsed 0.001 seconds) done.
[   14.303034] Suspending console(s) (use no_console_suspend to debug)
[   14.349325] PM: suspend of devices complete after 39.482 msecs
[   14.350141] PM: late suspend of devices complete after 0.812 msecs
[   14.350800] PM: noirq suspend of devices complete after 0.655 msecs
[   14.350801] Disabling non-boot CPUs ...
[   14.351166] CPU1: shutdown
[   14.363817] CPU2: shutdown
[   14.378488] IRQ17 no longer affine to CPU3
[   14.378674] CPU3: shutdown
[   14.393218] Entering suspend state LP1
[   14.393232] Enabling non-boot CPUs ...
[   14.418457] CPU1 is up
[   14.443473] CPU2 is up
[   14.468569] CPU3 is up
[   14.469037] PM: noirq resume of devices complete after 0.463 msecs
[   14.470235] PM: early resume of devices complete after 0.891 msecs
[   14.614798] +1.8V_VDDIO: voltage operation not allowed
[   14.614802] mmc1: Switching to 3.3V signalling voltage failed
[   14.676973] PM: resume of devices complete after 206.727 msecs
[   14.755650] Restarting tasks ... done.
root@(none):/# 
root@(none):/# NVTB SYSTEM SUSPEND TEST COMPLETE
