
U-Boot SPL 2016.05-rc2 (Apr 21 2016 - 16:23:00)
Trying to boot from RAM


U-Boot 2016.05-rc2 (Apr 21 2016 - 16:23:00 -0700)

TEGRA124
Model: NVIDIA Jetson TK1
Board: NVIDIA Jetson TK1
DRAM:  2 GiB
MC:   Tegra SD/MMC: 0, Tegra SD/MMC: 1
In:    serial
Out:   serial
Err:   serial
Net:   No ethernet found.
Hit any key to stop autoboot:  2  0 
Tegra124 (Jetson TK1) # 
Tegra124 (Jetson TK1) # pci enum
Tegra124 (Jetson TK1) # setenv bootargs 'ignore_loglevel console=ttyS0,115200n8 rw root=PARTUUID=b1791faa-84e8-4e27-83a1-9fb0a77e8803 rootwait gpt debug noinitrd earlyprintk init=/bin/bash'
Tegra124 (Jetson TK1) # setenv ipaddr 192.168.100.102; setenv serverip 192.168.100.1; setenv tftpserverip 192.168.100.1
Tegra124 (Jetson TK1) # tftpboot 0x82000000 zImage.multi_v7_defconfig

Warning: eth_rtl8169 using MAC address from ROM
Using eth_rtl8169 device
TFTP from server 192.168.100.1; our IP address is 192.168.100.102
Filename 'zImage.multi_v7_defconfig'.
Load address: 0x82000000
Loading: *#################################################################
	 #################################################################
	 #################################################################
	 #################################################################
	 #################################################################
	 #################################################################
	 #################################################################
	 #############################
	 3.9 MiB/s
done
Bytes transferred = 7092008 (6c3728 hex)
Tegra124 (Jetson TK1) # tftpboot 0x83000000 tegra124-jetson-tk1.dtb
Using eth_rtl8169 device
TFTP from server 192.168.100.1; our IP address is 192.168.100.102
Filename 'tegra124-jetson-tk1.dtb'.
Load address: 0x83000000
Loading: *#####
	 3.7 MiB/s
done
Bytes transferred = 66621 (1043d hex)
Tegra124 (Jetson TK1) # bootz 0x82000000 - 0x83000000
Kernel image @ 0x82000000 [ 0x000000 - 0x6c3728 ]
## Flattened Device Tree blob at 83000000
   Booting using the fdt blob at 0x83000000
   Using Device Tree in place at 83000000, end 8301343c

Starting kernel ...

[    0.000000] Booting Linux on physical CPU 0x0
[    0.000000] Linux version 4.8.0-rc2-109794-g694d0d0 (pwalmsley@sellafield) (gcc version 4.7.3 20130328 (prerelease) (crosstool-NG linaro-1.13.1-4.7-2013.04-20130415 - Linaro GCC 2013.04) ) #1 SMP Tue Aug 16 02:33:34 PDT 2016
[    0.000000] CPU: ARMv7 Processor [413fc0f3] revision 3 (ARMv7), cr=10c5387d
[    0.000000] CPU: div instructions available: patching division code
[    0.000000] CPU: PIPT / VIPT nonaliasing data cache, PIPT instruction cache
[    0.000000] OF: fdt:Machine model: NVIDIA Tegra124 Jetson TK1
[    0.000000] debug: ignoring loglevel setting.
[    0.000000] cma: Reserved 64 MiB at 0xfb800000
[    0.000000] Memory policy: Data cache writealloc
[    0.000000] On node 0 totalpages: 524032
[    0.000000] free_area_init_node: node 0, pgdat c141cf40, node_mem_map eeff8000
[    0.000000]   DMA zone: 1536 pages used for memmap
[    0.000000]   DMA zone: 0 pages reserved
[    0.000000]   DMA zone: 196608 pages, LIFO batch:31
[    0.000000]   HighMem zone: 327424 pages, LIFO batch:31
[    0.000000] percpu: Embedded 14 pages/cpu @eef85000 s26496 r8192 d22656 u57344
[    0.000000] pcpu-alloc: s26496 r8192 d22656 u57344 alloc=14*4096
[    0.000000] pcpu-alloc: [0] 0 [0] 1 [0] 2 [0] 3 
[    0.000000] Built 1 zonelists in Zone order, mobility grouping on.  Total pages: 522496
[    0.000000] Kernel command line: ignore_loglevel console=ttyS0,115200n8 rw root=PARTUUID=b1791faa-84e8-4e27-83a1-9fb0a77e8803 rootwait gpt debug noinitrd earlyprintk init=/bin/bash
[    0.000000] PID hash table entries: 4096 (order: 2, 16384 bytes)
[    0.000000] Dentry cache hash table entries: 131072 (order: 7, 524288 bytes)
[    0.000000] Inode-cache hash table entries: 65536 (order: 6, 262144 bytes)
[    0.000000] Memory: 1994976K/2096128K available (9216K kernel code, 1147K rwdata, 3968K rodata, 2048K init, 343K bss, 35616K reserved, 65536K cma-reserved, 1244160K highmem)
[    0.000000] Virtual kernel memory layout:
[    0.000000]     vector  : 0xffff0000 - 0xffff1000   (   4 kB)
[    0.000000]     fixmap  : 0xffc00000 - 0xfff00000   (3072 kB)
[    0.000000]     vmalloc : 0xf0800000 - 0xff800000   ( 240 MB)
[    0.000000]     lowmem  : 0xc0000000 - 0xf0000000   ( 768 MB)
[    0.000000]     pkmap   : 0xbfe00000 - 0xc0000000   (   2 MB)
[    0.000000]     modules : 0xbf000000 - 0xbfe00000   (  14 MB)
[    0.000000]       .text : 0xc0208000 - 0xc0c00000   (10208 kB)
[    0.000000]       .init : 0xc1100000 - 0xc1300000   (2048 kB)
[    0.000000]       .data : 0xc1300000 - 0xc141edc0   (1148 kB)
[    0.000000]        .bss : 0xc1420000 - 0xc1475c88   ( 344 kB)
[    0.000000] SLUB: HWalign=64, Order=0-3, MinObjects=0, CPUs=4, Nodes=1
[    0.000000] Hierarchical RCU implementation.
[    0.000000] 	Build-time adjustment of leaf fanout to 32.
[    0.000000] 	RCU restricting CPUs from NR_CPUS=16 to nr_cpu_ids=4.
[    0.000000] RCU: Adjusting geometry for rcu_fanout_leaf=32, nr_cpu_ids=4
[    0.000000] NR_IRQS:16 nr_irqs:16 16
[    0.000000] /interrupt-controller@60004000: 160 interrupts forwarded to /interrupt-controller@50041000
[    0.000000] Tegra clk 127: register failed with -17
[    0.000007] sched_clock: 32 bits at 1000kHz, resolution 1000ns, wraps every 2147483647500ns
[    0.000029] clocksource: timer_us: mask: 0xffffffff max_cycles: 0xffffffff, max_idle_ns: 1911260446275 ns
[    0.000043] Switching to timer-based delay loop, resolution 1000ns
[    0.005305] arm_arch_timer: Architected cp15 timer(s) running at 12.00MHz (virt).
[    0.005323] clocksource: arch_sys_counter: mask: 0xffffffffffffff max_cycles: 0x2c47f4ee7, max_idle_ns: 440795202497 ns
[    0.005341] sched_clock: 56 bits at 12MHz, resolution 83ns, wraps every 4398046511096ns
[    0.005354] Switching to timer-based delay loop, resolution 83ns
[    0.005871] Console: colour dummy device 80x30
[    0.005899] Calibrating delay loop (skipped), value calculated using timer frequency.. 24.00 BogoMIPS (lpj=60000)
[    0.005913] pid_max: default: 32768 minimum: 301
[    0.006009] Mount-cache hash table entries: 2048 (order: 1, 8192 bytes)
[    0.006020] Mountpoint-cache hash table entries: 2048 (order: 1, 8192 bytes)
[    0.006620] CPU: Testing write buffer coherency: ok
[    0.006841] /cpus/cpu@0 missing clock-frequency property
[    0.006881] /cpus/cpu@1 missing clock-frequency property
[    0.006922] /cpus/cpu@2 missing clock-frequency property
[    0.006963] /cpus/cpu@3 missing clock-frequency property
[    0.006975] CPU0: thread -1, cpu 0, socket 0, mpidr 80000000
[    0.006997] Setting up static identity map for 0x80300000 - 0x80300098
[    0.010672] Tegra Revision: A01 SKU: 129 CPU Process: 1 SoC Process: 1
[    0.012123] CPU1: thread -1, cpu 1, socket 0, mpidr 80000001
[    0.015817] CPU2: thread -1, cpu 2, socket 0, mpidr 80000002
[    0.020815] CPU3: thread -1, cpu 3, socket 0, mpidr 80000003
[    0.025268] Brought up 4 CPUs
[    0.025288] SMP: Total of 4 processors activated (96.00 BogoMIPS).
[    0.025295] CPU: All CPU(s) started in SVC mode.
[    0.026776] devtmpfs: initialized
[    0.047354] VFP support v0.3: implementor 41 architecture 4 part 30 variant f rev 0
[    0.047782] clocksource: jiffies: mask: 0xffffffff max_cycles: 0xffffffff, max_idle_ns: 9556302231375000 ns
[    0.049135] pinctrl core: initialized pinctrl subsystem
[    0.050913] NET: Registered protocol family 16
[    0.052839] DMA: preallocated 256 KiB pool for atomic coherent allocations
[    0.065427] cpuidle: using governor menu
[    0.084198] No ATAGs?
[    0.084225] hw-breakpoint: found 5 (+1 reserved) breakpoint and 4 watchpoint registers.
[    0.084235] hw-breakpoint: maximum watchpoint size is 8 bytes.
[    0.090543] Serial: AMBA PL011 UART driver
[    0.125548] +5V_SYS: supplied by +VDD_MUX
[    0.125873] +3.3V_SYS: supplied by +VDD_MUX
[    0.126515] +USB0_VBUS_SW: Failed to request enable GPIO108: -517
[    0.126530] reg-fixed-voltage regulators:regulator@7: Failed to register regulator: -517
[    0.126619] +5V_USB_HS: Failed to request enable GPIO109: -517
[    0.126632] reg-fixed-voltage regulators:regulator@8: Failed to register regulator: -517
[    0.126796] +1.05V_RUN_AVDD_HDMI_PLL: Failed to request enable GPIO63: -517
[    0.126809] reg-fixed-voltage regulators:regulator@11: Failed to register regulator: -517
[    0.126894] +5V_HDMI_CON: Failed to request enable GPIO86: -517
[    0.126906] reg-fixed-voltage regulators:regulator@12: Failed to register regulator: -517
[    0.126990] +5V_SATA: Failed to request enable GPIO242: -517
[    0.127002] reg-fixed-voltage regulators:regulator@13: Failed to register regulator: -517
[    0.127084] +12V_SATA: Failed to request enable GPIO242: -517
[    0.127096] reg-fixed-voltage regulators:regulator@14: Failed to register regulator: -517
[    0.130377] vgaarb: loaded
[    0.131211] SCSI subsystem initialized
[    0.131379] libata version 3.00 loaded.
[    0.131653] usbcore: registered new interface driver usbfs
[    0.131720] usbcore: registered new interface driver hub
[    0.131783] usbcore: registered new device driver usb
[    0.135406] pps_core: LinuxPPS API ver. 1 registered
[    0.135416] pps_core: Software ver. 5.3.6 - Copyright 2005-2007 Rodolfo Giometti <giometti@linux.it>
[    0.135439] PTP clock support registered
[    0.135665] EDAC MC: Ver: 3.0.0
[    0.138882] clocksource: Switched to clocksource arch_sys_counter
[    0.150235] NET: Registered protocol family 2
[    0.150736] TCP established hash table entries: 8192 (order: 3, 32768 bytes)
[    0.150835] TCP bind hash table entries: 8192 (order: 4, 65536 bytes)
[    0.151022] TCP: Hash tables configured (established 8192 bind 8192)
[    0.151076] UDP hash table entries: 512 (order: 2, 16384 bytes)
[    0.151117] UDP-Lite hash table entries: 512 (order: 2, 16384 bytes)
[    0.151282] NET: Registered protocol family 1
[    0.151610] RPC: Registered named UNIX socket transport module.
[    0.151620] RPC: Registered udp transport module.
[    0.151627] RPC: Registered tcp transport module.
[    0.151634] RPC: Registered tcp NFSv4.1 backchannel transport module.
[    0.151645] PCI: CLS 0 bytes, default 64
[    0.152815] hw perfevents: enabled with armv7_cortex_a15 PMU driver, 7 counters available
[    0.154346] futex hash table entries: 1024 (order: 4, 65536 bytes)
[    0.155069] workingset: timestamp_bits=30 max_order=19 bucket_order=0
[    0.166666] squashfs: version 4.0 (2009/01/31) Phillip Lougher
[    0.167521] NFS: Registering the id_resolver key type
[    0.167542] Key type id_resolver registered
[    0.167550] Key type id_legacy registered
[    0.167591] ntfs: driver 2.1.32 [Flags: R/O].
[    0.168916] bounce: pool size: 64 pages
[    0.169127] Block layer SCSI generic (bsg) driver version 0.4 loaded (major 248)
[    0.169137] io scheduler noop registered
[    0.169145] io scheduler deadline registered
[    0.169345] io scheduler cfq registered (default)
[    0.175097] usb2-0 supply vbus not found, using dummy regulator
[    0.175224] usb2-1 supply vbus not found, using dummy regulator
[    0.175618] tegra-xusb-padctl 7009f000.padctl: failed to setup XUSB ports: -517
[    0.176327] libphy: mdio_driver_register: phy-bcm-ns2-pci
[    0.192351] tegra-pcie 1003000.pcie-controller: 2x1, 1x1 configuration
[    0.192405] tegra-pcie 1003000.pcie-controller: Failed to get supply 'avddio-pex': -517
[    0.199782] tegra-apbdma 60020000.dma: Tegra20 APB DMA driver register 32 channels
[    0.201570] tegra-pmc 7000e400.pmc: emergency thermal reset enabled
[    0.268306] Serial: 8250/16550 driver, 4 ports, IRQ sharing disabled
[    0.271250] console [ttyS0] disabled
[    0.271316] 70006300.serial: ttyS0 at MMIO 0x70006300 (irq = 333, base_baud = 25500000) is a Tegra
[    1.129487] console [ttyS0] enabled
[    1.133946] SuperH (H)SCI(F) driver initialized
[    1.139551] msm_serial: driver initialized
[    1.143838] STMicroelectronics ASC driver initialized
[    1.149797] serial-tegra serial@0,70006000: failed to get alias id, errno -19
[    1.156990] serial-tegra serial@0,70006040: failed to get alias id, errno -19
[    1.167266] [drm] Initialized drm 1.1.0 20060810
[    1.175174] tegra-hdmi 54280000.hdmi: failed to get HDMI regulator
[    1.195065] brd: module loaded
[    1.204343] loop: module loaded
[    1.207908] at24 0-0056: 256 byte 24c02 EEPROM, writable, 8 bytes/write
[    1.216197] as3722 4-0040: AS3722 with revision 0x1 found
[    1.227530] as3722-sd2: supplied by +5V_SYS
[    1.232195] as3722-sd3: supplied by +5V_SYS
[    1.236613] +1.35V_LP0(sd3): Bringing 0uV into 1350000-1350000uV
[    1.243009] as3722-sd4: supplied by +5V_SYS
[    1.247665] as3722-sd5: supplied by +5V_SYS
[    1.253750] as3722-ldo0: supplied by +1.35V_LP0(sd2)
[    1.259880] +1.8V_RUN_CAM: Bringing 0uV into 1800000-1800000uV
[    1.266137] as3722-ldo2: supplied by +1.8V_VDDIO
[    1.272066] as3722-ldo3: supplied by +3.3V_SYS
[    1.276575] +1.05V_LP0_VDD_RTC: Bringing 1100000uV into 1000000-1000000uV
[    1.284402] as3722-ldo4: supplied by +3.3V_SYS
[    1.289084] +2.8V_RUN_CAM: Bringing 0uV into 2800000-2800000uV
[    1.295345] as3722-ldo5: supplied by +1.8V_VDDIO
[    1.300194] +1.2V_RUN_CAM_FRONT: Bringing 0uV into 1200000-1200000uV
[    1.307174] +VDDIO_SDMMC3: bypassed regulator has no supply!
[    1.312849] +VDDIO_SDMMC3: failed to get the current voltage(-517)
[    1.319041] as3722-regulator as3722-regulator: regulator 13 register failed -517
[    1.331543] tegra-ahci 70027000.sata: couldn't get PHY in node sata: -517
[    1.352228] random: fast init done
[    1.355778] m25p80 spi32765.0: w25q32dw (4096 Kbytes)
[    1.364356] libphy: Fixed MDIO Bus: probed
[    1.369325] CAN device driver interface
[    1.375483] igb: Intel(R) Gigabit Ethernet Network Driver - version 5.3.0-k
[    1.382450] igb: Copyright (c) 2007-2014 Intel Corporation.
[    1.391541] pegasus: v0.9.3 (2013/04/25), Pegasus/Pegasus II USB Ethernet driver
[    1.398999] usbcore: registered new interface driver pegasus
[    1.404726] usbcore: registered new interface driver asix
[    1.410176] usbcore: registered new interface driver ax88179_178a
[    1.416320] usbcore: registered new interface driver cdc_ether
[    1.422228] usbcore: registered new interface driver smsc75xx
[    1.428044] usbcore: registered new interface driver smsc95xx
[    1.433840] usbcore: registered new interface driver net1080
[    1.439551] usbcore: registered new interface driver cdc_subset
[    1.445519] usbcore: registered new interface driver zaurus
[    1.451164] usbcore: registered new interface driver cdc_ncm
[    1.457043] tegra-phy 7d004000.usb-phy: no vbus regulator
[    1.464512] ehci_hcd: USB 2.0 'Enhanced' Host Controller (EHCI) Driver
[    1.471048] ehci-pci: EHCI PCI platform driver
[    1.475545] ehci-platform: EHCI generic platform driver
[    1.481009] ehci-orion: EHCI orion driver
[    1.485181] SPEAr-ehci: EHCI SPEAr driver
[    1.489357] ehci-st: EHCI STMicroelectronics driver
[    1.494399] ehci-exynos: EHCI EXYNOS driver
[    1.498745] ehci-atmel: EHCI Atmel driver
[    1.502916] tegra-ehci: Tegra EHCI driver
[    1.509759] tegra-ehci 7d004000.usb: EHCI Host Controller
[    1.515187] tegra-ehci 7d004000.usb: new USB bus registered, assigned bus number 1
[    1.522930] tegra-ehci 7d004000.usb: irq 352, io mem 0x7d004000
[    1.543909] tegra-ehci 7d004000.usb: USB 2.0 started, EHCI 1.10
[    1.550673] hub 1-0:1.0: USB hub found
[    1.554475] hub 1-0:1.0: 1 port detected
[    1.559012] ohci_hcd: USB 1.1 'Open' Host Controller (OHCI) Driver
[    1.565208] ohci-pci: OHCI PCI platform driver
[    1.569715] ohci-platform: OHCI generic platform driver
[    1.575139] ohci-omap3: OHCI OMAP3 driver
[    1.579318] SPEAr-ohci: OHCI SPEAr driver
[    1.583476] ohci-st: OHCI STMicroelectronics driver
[    1.588515] ohci-atmel: OHCI Atmel driver
[    1.593366] usbcore: registered new interface driver usb-storage
[    1.601160] mousedev: PS/2 mouse device common for all mice
[    1.610187] as3722-rtc as3722-rtc: rtc core: registered as3722-rtc as rtc0
[    1.617074] as3722-rtc as3722-rtc: RTC interrupt 375
[    1.625452] tegra_rtc 7000e000.rtc: rtc core: registered 7000e000.rtc as rtc1
[    1.632648] tegra_rtc 7000e000.rtc: Tegra internal Real Time Clock
[    1.639454] i2c /dev entries driver
[    1.650349] 0-004c supply vcc not found, using dummy regulator
[    1.666089] sdhci: Secure Digital Host Controller Interface driver
[    1.672284] sdhci: Copyright(c) Pierre Ossman
[    1.678342] Synopsys Designware Multimedia Card Interface Driver
[    1.685557] sdhci-pltfm: SDHCI platform and OF driver helper
[    1.692025] sdhci-tegra 700b0400.sdhci: Got CD GPIO
[    1.696935] sdhci-tegra 700b0400.sdhci: Got WP GPIO
[    1.702072] mmc0: Unknown controller version (3). You may experience problems.
[    1.709394] mmc0: Invalid maximum block size, assuming 512 bytes
[    1.758907] mmc0: SDHCI controller on 700b0600.sdhci [700b0600.sdhci] using ADMA 64-bit
[    1.769020] ledtrig-cpu: registered to indicate activity on CPUs
[    1.775387] usbcore: registered new interface driver usbhid
[    1.780969] usbhid: USB HID core driver
[    1.789695] tegra124-dfll 70110000.clock: couldn't get vdd_cpu regulator
[    1.807409] NET: Registered protocol family 10
[    1.812769] sit: IPv6, IPv4 and MPLS over IPv4 tunneling driver
[    1.819467] NET: Registered protocol family 17
[    1.823933] can: controller area network core (rev 20120528 abi 9)
[    1.830187] NET: Registered protocol family 29
[    1.834638] can: raw protocol (rev 20120528)
[    1.838920] can: broadcast manager protocol (rev 20160617 t)
[    1.844589] can: netlink gateway (rev 20130117) max_hops=1
[    1.850443] Key type dns_resolver registered
[    1.855354] ThumbEE CPU extension supported.
[    1.859646] Registering SWP/SWPB emulation handler
[    1.867534] +3.3V_RUN: supplied by +3.3V_SYS
[    1.872939] +3.3V_AVDD_HDMI_AP_GATED: supplied by +3.3V_RUN
[    1.879183] +USB0_VBUS_SW: supplied by +5V_SYS
[    1.884382] +5V_USB_HS: supplied by +5V_SYS
[    1.890086] +3.3V_LP0: supplied by +3.3V_SYS
[    1.896558] +5V_HDMI_CON: supplied by +5V_SYS
[    1.901867] +5V_SATA: supplied by +5V_SYS
[    1.906594] +12V_SATA: supplied by +VDD_MUX
[    1.912436] usb2-0 supply vbus not found, using dummy regulator
[    1.918559] usb2-1 supply vbus not found, using dummy regulator
[    1.925026] usb3-0 supply vbus not found, using dummy regulator
[    1.932346] tegra-pcie 1003000.pcie-controller: 2x1, 1x1 configuration
[    1.939045] tegra-pcie 1003000.pcie-controller: Failed to get supply 'avddio-pex': -517
[    1.949529] tegra-hdmi 54280000.hdmi: failed to get PLL regulator
[    1.955753] mmc0: new high speed MMC card at address 0001
[    1.959622] as3722-sd2: supplied by +5V_SYS
[    1.960005] as3722-sd3: supplied by +5V_SYS
[    1.960345] as3722-sd4: supplied by +5V_SYS
[    1.960665] +1.05V_RUN_AVDD_HDMI_PLL: supplied by +1.05V_RUN
[    1.960763] as3722-sd5: supplied by +5V_SYS
[    1.962247] as3722-ldo0: supplied by +1.35V_LP0(sd2)
[    1.962749] as3722-ldo1: supplied by +3.3V_RUN
[    1.963096] as3722-ldo2: supplied by +1.8V_VDDIO
[    1.964099] as3722-ldo3: supplied by +3.3V_SYS
[    1.965050] as3722-ldo4: supplied by +3.3V_SYS
[    1.965412] as3722-ldo5: supplied by +1.8V_VDDIO
[    1.965760] as3722-ldo6: supplied by +3.3V_RUN
[    1.966106] as3722-ldo7: supplied by +1.8V_VDDIO
[    1.966642] +1.05V_RUN_CAM_REAR: Bringing 0uV into 1050000-1050000uV
[    1.967194] as3722-ldo9: supplied by +5V_SYS
[    1.967594] +3.3V_RUN_TOUCH: Bringing 0uV into 2800000-2800000uV
[    1.968010] as3722-ldo10: supplied by +5V_SYS
[    1.968233] +2.8V_RUN_CAM_AF: Bringing 0uV into 2800000-2800000uV
[    1.968669] as3722-ldo11: supplied by +3.3V_RUN
[    1.968955] +1.8V_RUN_VPP_FUSE: Bringing 0uV into 1800000-1800000uV
[    1.980404] tegra-ahci 70027000.sata: AHCI 0001.0301 32 slots 2 ports 3 Gbps 0x1 impl platform mode
[    1.980416] tegra-ahci 70027000.sata: flags: 64bit ncq sntf pm led pio slum part sadm sds apst 
[    1.982573] scsi host0: tegra-ahci
[    1.984284] scsi host1: tegra-ahci
[    1.984735] ata1: SATA max UDMA/133 mmio [mem 0x70027000-0x70028fff] port 0x100 irq 343
[    1.984740] ata2: DUMMY
[    1.988325] tegra-ehci 7d008000.usb: EHCI Host Controller
[    1.988361] tegra-ehci 7d008000.usb: new USB bus registered, assigned bus number 2
[    1.988586] tegra-ehci 7d008000.usb: irq 353, io mem 0x7d008000
[    1.999036] tegra-ehci 7d008000.usb: USB 2.0 started, EHCI 1.10
[    2.000488] hub 2-0:1.0: USB hub found
[    2.000536] hub 2-0:1.0: 1 port detected
[    2.003584] sdhci-tegra 700b0400.sdhci: Got CD GPIO
[    2.003606] sdhci-tegra 700b0400.sdhci: Got WP GPIO
[    2.003818] mmc1: Unknown controller version (3). You may experience problems.
[    2.003980] mmc1: Invalid maximum block size, assuming 512 bytes
[    2.049549] mmc1: SDHCI controller on 700b0400.sdhci [700b0400.sdhci] using ADMA 64-bit
[    2.055694] tegra-pcie 1003000.pcie-controller: 2x1, 1x1 configuration
[    2.060020] tegra-pcie 1003000.pcie-controller: probing port 0, using 2 lanes
[    2.062986] tegra-pcie 1003000.pcie-controller: Slot present pin change, signature: 00000008
[    2.093185] tegra-pcie 1003000.pcie-controller: probing port 1, using 1 lanes
[    2.095267] tegra-pcie 1003000.pcie-controller: Slot present pin change, signature: 00000000
[    2.109335] tegra-pcie 1003000.pcie-controller: PCI host bridge to bus 0000:00
[    2.109347] pci_bus 0000:00: root bus resource [io  0x0000-0xffff]
[    2.109354] pci_bus 0000:00: root bus resource [mem 0x13000000-0x1fffffff]
[    2.109362] pci_bus 0000:00: root bus resource [mem 0x20000000-0x3fffffff pref]
[    2.109369] pci_bus 0000:00: root bus resource [bus 00-ff]
[    2.109413] pci 0000:00:01.0: [10de:0e12] type 01 class 0x060400
[    2.109548] pci 0000:00:01.0: PME# supported from D0 D1 D2 D3hot D3cold
[    2.109915] pci 0000:00:02.0: [10de:0e13] type 01 class 0x060400
[    2.110032] pci 0000:00:02.0: PME# supported from D0 D1 D2 D3hot D3cold
[    2.110392] PCI: bus0: Fast back to back transfers disabled
[    2.110402] pci 0000:00:01.0: bridge configuration invalid ([bus 00-00]), reconfiguring
[    2.110420] pci 0000:00:02.0: bridge configuration invalid ([bus 00-00]), reconfiguring
[    2.110675] pci 0000:01:00.0: [8086:4232] type 00 class 0x028000
[    2.110729] pci 0000:01:00.0: reg 0x10: [mem 0x00000000-0x00001fff 64bit]
[    2.110957] pci 0000:01:00.0: PME# supported from D0 D3hot D3cold
[    2.124061] PCI: bus1: Fast back to back transfers disabled
[    2.124076] pci_bus 0000:01: busn_res: [bus 01-ff] end is updated to 01
[    2.124406] pci 0000:02:00.0: [10ec:8168] type 00 class 0x020000
[    2.124443] pci 0000:02:00.0: reg 0x10: [io  0x0000-0x00ff]
[    2.124486] pci 0000:02:00.0: reg 0x18: [mem 0x00000000-0x00000fff 64bit]
[    2.124514] pci 0000:02:00.0: reg 0x20: [mem 0x00000000-0x00003fff 64bit pref]
[    2.124694] pci 0000:02:00.0: supports D1 D2
[    2.124700] pci 0000:02:00.0: PME# supported from D0 D1 D2 D3hot D3cold
[    2.139064] PCI: bus2: Fast back to back transfers disabled
[    2.139079] pci_bus 0000:02: busn_res: [bus 02-ff] end is updated to 02
[    2.139275] pci 0000:00:01.0: BAR 8: assigned [mem 0x13000000-0x130fffff]
[    2.139287] pci 0000:00:02.0: BAR 8: assigned [mem 0x13100000-0x131fffff]
[    2.139300] pci 0000:00:02.0: BAR 9: assigned [mem 0x20000000-0x200fffff 64bit pref]
[    2.139308] pci 0000:00:02.0: BAR 7: assigned [io  0x1000-0x1fff]
[    2.139322] pci 0000:01:00.0: BAR 0: assigned [mem 0x13000000-0x13001fff 64bit]
[    2.139361] pci 0000:00:01.0: PCI bridge to [bus 01]
[    2.139374] pci 0000:00:01.0:   bridge window [mem 0x13000000-0x130fffff]
[    2.139394] pci 0000:02:00.0: BAR 4: assigned [mem 0x20000000-0x20003fff 64bit pref]
[    2.139422] pci 0000:02:00.0: BAR 2: assigned [mem 0x13100000-0x13100fff 64bit]
[    2.139450] pci 0000:02:00.0: BAR 0: assigned [io  0x1000-0x10ff]
[    2.139462] pci 0000:00:02.0: PCI bridge to [bus 02]
[    2.139470] pci 0000:00:02.0:   bridge window [io  0x1000-0x1fff]
[    2.139480] pci 0000:00:02.0:   bridge window [mem 0x13100000-0x131fffff]
[    2.139489] pci 0000:00:02.0:   bridge window [mem 0x20000000-0x200fffff 64bit pref]
[    2.139534] pci 0000:00:01.0: nv_msi_ht_cap_quirk didn't locate host bridge
[    2.139654] pcieport 0000:00:01.0: enabling device (0140 -> 0142)
[    2.139944] pcieport 0000:00:01.0: Signaling PME through PCIe PME interrupt
[    2.139949] pci 0000:01:00.0: Signaling PME through PCIe PME interrupt
[    2.139961] pcie_pme 0000:00:01.0:pcie001: service driver pcie_pme loaded
[    2.140079] pci 0000:00:02.0: nv_msi_ht_cap_quirk didn't locate host bridge
[    2.140171] pcieport 0000:00:02.0: enabling device (0140 -> 0143)
[    2.140421] pcieport 0000:00:02.0: Signaling PME through PCIe PME interrupt
[    2.140427] pci 0000:02:00.0: Signaling PME through PCIe PME interrupt
[    2.140438] pcie_pme 0000:00:02.0:pcie001: service driver pcie_pme loaded
[    2.140776] r8169 Gigabit Ethernet driver 2.3LK-NAPI loaded
[    2.140801] r8169 0000:02:00.0: enabling device (0140 -> 0143)
[    2.155793] r8169 0000:02:00.0 eth0: RTL8168g/8111g at 0xf0a46000, 00:04:4b:3a:d9:81, XID 0c000800 IRQ 393
[    2.155802] r8169 0000:02:00.0 eth0: jumbo features [frames: 9200 bytes, tx checksumming: ko]
[    2.159300] [drm] Supports vblank timestamp caching Rev 2 (21.10.2013).
[    2.159305] [drm] No driver support for vblank timestamp query.
[    2.159357] drm drm: No connectors reported connected with modes
[    2.159365] [drm] Cannot find any crtc or sizes - going 1024x768
[    2.301393] ata1: SATA link down (SStatus 0 SControl 300)
[    2.303123] mmc1: new high speed SDHC card at address aaaa
[    2.304361] mmcblk1: mmc1:aaaa SD04G 3.69 GiB 
[    2.315004]  mmcblk1: p1 p2 p3
[    2.589128] mmcblk0: mmc0:0001 SEM16G 14.7 GiB 
[    2.590248] mmcblk0boot0: mmc0:0001 SEM16G partition 1 4.00 MiB
[    2.591334] mmcblk0boot1: mmc0:0001 SEM16G partition 2 4.00 MiB
[    2.592264] mmcblk0rpmb: mmc0:0001 SEM16G partition 3 4.00 MiB
[    2.594402]  mmcblk0: p1
[    2.596047] Console: switching to colour frame buffer device 128x48
[    2.634643] drm drm: fb0:  frame buffer device
[    2.658992] [drm] Initialized tegra 0.0.0 20120330 on minor 0
[    2.666449] of: dev_pm_opp_of_cpumask_add_table: couldn't find opp table for cpu:0, -19
[    2.674533] cpufreq: cpufreq_online: CPU0: Running at unlisted freq: 696000 KHz
[    2.681882] cpufreq: cpufreq_online: CPU0: Unlisted initial frequency changed to: 714000 KHz
[    2.691009] input: gpio-keys as /devices/soc0/gpio-keys/input/input0
[    2.698242] as3722-rtc as3722-rtc: setting system clock to 2000-01-01 00:00:13 UTC (946684813)
[    2.711714] +USB0_VBUS_SW: disabling
[    2.715300] +1.8V_RUN_CAM: disabling
[    2.719122] +2.8V_RUN_CAM: disabling
[    2.722909] +1.2V_RUN_CAM_FRONT: disabling
[    2.727247] +1.05V_RUN_CAM_REAR: disabling
[    2.731583] +3.3V_RUN_TOUCH: disabling
[    2.735572] +2.8V_RUN_CAM_AF: disabling
[    2.739595] +1.8V_RUN_VPP_FUSE: disabling
[    2.744936] EXT4-fs (mmcblk0p1): mounting ext3 file system using the ext4 subsystem
[    2.766990] EXT4-fs (mmcblk0p1): recovery complete
[    2.771808] EXT4-fs (mmcblk0p1): mounted filesystem with ordered data mode. Opts: (null)
[    2.779912] VFS: Mounted root (ext3 filesystem) on device 179:17.
[    2.790281] devtmpfs: mounted
[    2.794165] Freeing unused kernel memory: 2048K (c1100000 - c1300000)
bash: cannot set terminal process group (-1): Inappropriate ioctl for device
bash: no job control in this shell
root@(none):/# mount -t sysfs none /sys
root@(none):/# 
root@(none):/# mount -t debugfs none /sys/kernel/debug
root@(none):/# 
root@(none):/# rtcwake -d rtc1 -m mem -s 3
rtcwake: assuming RTC uses UTC ...
rtcwake: wakeup from "mem" using /dev/rtc1 at Thu Jan  1 00:00:18 1970
[    5.487905] PM: Syncing filesystems ... done.
[    5.520364] Freezing user space processes ... (elapsed 0.001 seconds) done.
[    5.529158] Double checking all user space processes after OOM killer disable... (elapsed 0.000 seconds) 
[    5.539179] Freezing remaining freezable tasks ... (elapsed 0.001 seconds) done.
[    5.548734] Suspending console(s) (use no_console_suspend to debug)
[    5.625797] PM: suspend of devices complete after 66.757 msecs
[    5.628311] PM: late suspend of devices complete after 2.500 msecs
[    5.645403] PM: noirq suspend of devices complete after 17.082 msecs
[    5.645407] Disabling non-boot CPUs ...
[    5.646118] CPU1: shutdown
[    5.675864] IRQ17 no longer affine to CPU2
[    5.676233] CPU2: shutdown
[    5.695923] CPU3: shutdown
[    5.719959] Entering suspend state LP1
[    5.719974] Enabling non-boot CPUs ...
[    5.749722] CPU1 is up
[    5.779776] CPU2 is up
[    5.809918] CPU3 is up
[    5.810650] pcieport 0000:00:01.0: nv_msi_ht_cap_quirk didn't locate host bridge
[    5.810717] pcieport 0000:00:02.0: nv_msi_ht_cap_quirk didn't locate host bridge
[    5.828977] PM: noirq resume of devices complete after 19.053 msecs
[    5.830385] PM: early resume of devices complete after 1.074 msecs
[    5.858999] PM: resume of devices complete after 28.604 msecs
[    5.941653] Restarting tasks ... done.
root@(none):/# 
root@(none):/# [    6.146673] ata1: SATA link down (SStatus 0 SControl 300)
rtcwake -d rtc1 -m mem -s 3
rtcwake: assuming RTC uses UTC ...
rtcwake: wakeup from "mem" using /dev/rtc1 at Thu Jan  1 00:00:23 1970
[    7.130806] PM: Syncing filesystems ... done.
[    7.162090] Freezing user space processes ... (elapsed 0.001 seconds) done.
[    7.171068] Double checking all user space processes after OOM killer disable... (elapsed 0.000 seconds) 
[    7.181063] Freezing remaining freezable tasks ... (elapsed 0.001 seconds) done.
[    7.190575] Suspending console(s) (use no_console_suspend to debug)
[    7.271494] PM: suspend of devices complete after 70.671 msecs
[    7.280367] PM: late suspend of devices complete after 8.836 msecs
[    7.304052] PM: noirq suspend of devices complete after 23.654 msecs
[    7.304062] Disabling non-boot CPUs ...
[    7.306452] CPU1: shutdown
[    7.346431] CPU2: shutdown
[    7.370496] CPU3: shutdown
[    7.392638] Entering suspend state LP1
[    7.392653] Enabling non-boot CPUs ...
[    7.419710] CPU1 is up
[    7.449751] CPU2 is up
[    7.479890] CPU3 is up
[    7.480634] pcieport 0000:00:01.0: nv_msi_ht_cap_quirk didn't locate host bridge
[    7.480636] pcieport 0000:00:02.0: nv_msi_ht_cap_quirk didn't locate host bridge
[    7.498947] PM: noirq resume of devices complete after 19.051 msecs
[    7.500531] PM: early resume of devices complete after 1.259 msecs
[    7.529376] PM: resume of devices complete after 28.836 msecs
[    7.608054] Restarting tasks ... done.
root@(none):/# 
root@(none):/# [    7.821659] ata1: SATA link down (SStatus 0 SControl 300)
rtcwake -d rtc1 -m mem -s 3
rtcwake: assuming RTC uses UTC ...
rtcwake: wakeup from "mem" using /dev/rtc1 at Thu Jan  1 00:00:28 1970
[    8.815021] PM: Syncing filesystems ... done.
[    8.847641] Freezing user space processes ... (elapsed 0.001 seconds) done.
[    8.856628] Double checking all user space processes after OOM killer disable... (elapsed 0.000 seconds) 
[    8.866631] Freezing remaining freezable tasks ... (elapsed 0.001 seconds) done.
[    8.876154] Suspending console(s) (use no_console_suspend to debug)
[    8.956555] PM: suspend of devices complete after 70.145 msecs
[    8.963773] PM: late suspend of devices complete after 7.181 msecs
[    8.989122] PM: noirq suspend of devices complete after 25.322 msecs
[    8.989132] Disabling non-boot CPUs ...
[    8.991478] CPU1: shutdown
[    9.031406] CPU2: shutdown
[    9.055557] CPU3: shutdown
[    9.077562] Entering suspend state LP1
[    9.077577] Enabling non-boot CPUs ...
[    9.104675] CPU1 is up
[    9.134718] CPU2 is up
[    9.164857] CPU3 is up
[    9.165541] pcieport 0000:00:01.0: nv_msi_ht_cap_quirk didn't locate host bridge
[    9.165604] pcieport 0000:00:02.0: nv_msi_ht_cap_quirk didn't locate host bridge
[    9.183904] PM: noirq resume of devices complete after 19.040 msecs
[    9.184987] PM: early resume of devices complete after 0.768 msecs
[    9.213996] PM: resume of devices complete after 29.000 msecs
[    9.292547] Restarting tasks ... done.
root@(none):/# 
root@(none):/# [    9.501596] ata1: SATA link down (SStatus 0 SControl 300)
rtcwake -d rtc1 -m mem -s 3
rtcwake: assuming RTC uses UTC ...
rtcwake: wakeup from "mem" using /dev/rtc1 at Thu Jan  1 00:00:33 1970
[   10.480591] PM: Syncing filesystems ... done.
[   10.511046] Freezing user space processes ... (elapsed 0.001 seconds) done.
[   10.520020] Double checking all user space processes after OOM killer disable... (elapsed 0.000 seconds) 
[   10.530103] Freezing remaining freezable tasks ... (elapsed 0.001 seconds) done.
[   10.539680] Suspending console(s) (use no_console_suspend to debug)
[   10.621239] PM: suspend of devices complete after 71.323 msecs
[   10.628184] PM: late suspend of devices complete after 6.909 msecs
[   10.654019] PM: noirq suspend of devices complete after 25.808 msecs
[   10.654029] Disabling non-boot CPUs ...
[   10.656394] CPU1: shutdown
[   10.696403] CPU2: shutdown
[   10.720476] CPU3: shutdown
[   10.742514] Entering suspend state LP1
[   10.742529] Enabling non-boot CPUs ...
[   10.769643] CPU1 is up
[   10.799690] CPU2 is up
[   10.829824] CPU3 is up
[   10.830569] pcieport 0000:00:02.0: nv_msi_ht_cap_quirk didn't locate host bridge
[   10.830571] pcieport 0000:00:01.0: nv_msi_ht_cap_quirk didn't locate host bridge
[   10.848884] PM: noirq resume of devices complete after 19.054 msecs
[   10.850495] PM: early resume of devices complete after 1.289 msecs
[   10.879689] PM: resume of devices complete after 29.183 msecs
[   10.958318] Restarting tasks ... done.
root@(none):/# 
root@(none):/# [   11.171572] ata1: SATA link down (SStatus 0 SControl 300)
rtcwake -d rtc1 -m mem -s 3
rtcwake: assuming RTC uses UTC ...
rtcwake: wakeup from "mem" using /dev/rtc1 at Thu Jan  1 00:00:38 1970
[   12.160442] PM: Syncing filesystems ... done.
[   12.190507] Freezing user space processes ... (elapsed 0.001 seconds) done.
[   12.199511] Double checking all user space processes after OOM killer disable... (elapsed 0.000 seconds) 
[   12.209444] Freezing remaining freezable tasks ... (elapsed 0.001 seconds) done.
[   12.219047] Suspending console(s) (use no_console_suspend to debug)
[   12.296211] PM: suspend of devices complete after 67.000 msecs
[   12.303138] PM: late suspend of devices complete after 6.891 msecs
[   12.328941] PM: noirq suspend of devices complete after 25.775 msecs
[   12.328951] Disabling non-boot CPUs ...
[   12.331303] CPU1: shutdown
[   12.371446] CPU2: shutdown
[   12.395519] CPU3: shutdown
[   12.417520] Entering suspend state LP1
[   12.417535] Enabling non-boot CPUs ...
[   12.444610] CPU1 is up
[   12.474663] CPU2 is up
[   12.504799] CPU3 is up
[   12.505488] pcieport 0000:00:02.0: nv_msi_ht_cap_quirk didn't locate host bridge
[   12.505586] pcieport 0000:00:01.0: nv_msi_ht_cap_quirk didn't locate host bridge
[   12.523851] PM: noirq resume of devices complete after 19.046 msecs
[   12.525383] PM: early resume of devices complete after 1.198 msecs
[   12.554669] PM: resume of devices complete after 29.276 msecs
[   12.633283] Restarting tasks ... done.
root@(none):/# 
root@(none):/# [   12.846539] ata1: SATA link down (SStatus 0 SControl 300)
rtcwake -d rtc1 -m mem -s 3
rtcwake: assuming RTC uses UTC ...
rtcwake: wakeup from "mem" using /dev/rtc1 at Thu Jan  1 00:00:43 1970
[   13.834224] PM: Syncing filesystems ... done.
[   13.857121] Freezing user space processes ... (elapsed 0.001 seconds) done.
[   13.865795] Double checking all user space processes after OOM killer disable... (elapsed 0.000 seconds) 
[   13.875653] Freezing remaining freezable tasks ... (elapsed 0.001 seconds) done.
[   13.884825] Suspending console(s) (use no_console_suspend to debug)
[   13.960957] PM: suspend of devices complete after 67.191 msecs
[   13.967121] PM: late suspend of devices complete after 6.137 msecs
[   13.987201] PM: noirq suspend of devices complete after 20.060 msecs
[   13.987208] Disabling non-boot CPUs ...
[   13.988847] CPU1: shutdown
[   14.028928] CPU2: shutdown
[   14.058207] CPU3: shutdown
[   14.081257] Entering suspend state LP1
[   14.081273] Enabling non-boot CPUs ...
[   14.109579] CPU1 is up
[   14.139622] CPU2 is up
[   14.169756] CPU3 is up
[   14.170435] pcieport 0000:00:02.0: nv_msi_ht_cap_quirk didn't locate host bridge
[   14.170538] pcieport 0000:00:01.0: nv_msi_ht_cap_quirk didn't locate host bridge
[   14.188822] PM: noirq resume of devices complete after 19.061 msecs
[   14.190260] PM: early resume of devices complete after 1.119 msecs
[   14.219683] PM: resume of devices complete after 29.413 msecs
[   14.298315] Restarting tasks ... done.
root@(none):/# 
root@(none):/# [   14.511518] ata1: SATA link down (SStatus 0 SControl 300)
rtcwake -d rtc1 -m mem -s 3
rtcwake: assuming RTC uses UTC ...
rtcwake: wakeup from "mem" using /dev/rtc1 at Thu Jan  1 00:00:48 1970
[   15.509972] PM: Syncing filesystems ... done.
[   15.541856] Freezing user space processes ... (elapsed 0.001 seconds) done.
[   15.550850] Double checking all user space processes after OOM killer disable... (elapsed 0.000 seconds) 
[   15.560887] Freezing remaining freezable tasks ... (elapsed 0.001 seconds) done.
[   15.570468] Suspending console(s) (use no_console_suspend to debug)
[   15.651405] PM: suspend of devices complete after 70.524 msecs
[   15.660268] PM: late suspend of devices complete after 8.828 msecs
[   15.684101] PM: noirq suspend of devices complete after 23.804 msecs
[   15.684111] Disabling non-boot CPUs ...
[   15.686488] CPU1: shutdown
[   15.726315] CPU2: shutdown
[   15.750336] CPU3: shutdown
[   15.772369] Entering suspend state LP1
[   15.772384] Enabling non-boot CPUs ...
[   15.799545] CPU1 is up
[   15.829594] CPU2 is up
[   15.859731] CPU3 is up
[   15.860414] pcieport 0000:00:02.0: nv_msi_ht_cap_quirk didn't locate host bridge
[   15.860515] pcieport 0000:00:01.0: nv_msi_ht_cap_quirk didn't locate host bridge
[   15.878794] PM: noirq resume of devices complete after 19.056 msecs
[   15.880337] PM: early resume of devices complete after 1.214 msecs
[   15.909696] PM: resume of devices complete after 29.348 msecs
[   15.988334] Restarting tasks ... done.
root@(none):/# 
root@(none):/# [   16.201513] ata1: SATA link down (SStatus 0 SControl 300)
rtcwake -d rtc1 -m mem -s 3
rtcwake: assuming RTC uses UTC ...
rtcwake: wakeup from "mem" using /dev/rtc1 at Thu Jan  1 00:00:53 1970
[   17.199542] PM: Syncing filesystems ... done.
[   17.232122] Freezing user space processes ... (elapsed 0.001 seconds) done.
[   17.241143] Double checking all user space processes after OOM killer disable... (elapsed 0.000 seconds) 
[   17.251179] Freezing remaining freezable tasks ... (elapsed 0.001 seconds) done.
[   17.260715] Suspending console(s) (use no_console_suspend to debug)
[   17.342312] PM: suspend of devices complete after 71.335 msecs
[   17.351126] PM: late suspend of devices complete after 8.775 msecs
[   17.373893] PM: noirq suspend of devices complete after 22.738 msecs
[   17.373903] Disabling non-boot CPUs ...
[   17.376229] CPU1: shutdown
[   17.401239] CPU2: shutdown
[   17.425315] CPU3: shutdown
[   17.447359] Entering suspend state LP1
[   17.447374] Enabling non-boot CPUs ...
[   17.474515] CPU1 is up
[   17.504560] CPU2 is up
[   17.539694] CPU3 is up
[   17.540389] pcieport 0000:00:02.0: nv_msi_ht_cap_quirk didn't locate host bridge
[   17.540490] pcieport 0000:00:01.0: nv_msi_ht_cap_quirk didn't locate host bridge
[   17.558759] PM: noirq resume of devices complete after 19.058 msecs
[   17.560280] PM: early resume of devices complete after 1.194 msecs
[   17.588966] PM: resume of devices complete after 28.677 msecs
[   17.667525] Restarting tasks ... done.
root@(none):/# 
root@(none):/# [   17.881462] ata1: SATA link down (SStatus 0 SControl 300)
rtcwake -d rtc1 -m mem -s 3
rtcwake: assuming RTC uses UTC ...
rtcwake: wakeup from "mem" using /dev/rtc1 at Thu Jan  1 00:00:58 1970
[   18.875528] PM: Syncing filesystems ... done.
[   18.907283] Freezing user space processes ... (elapsed 0.001 seconds) done.
[   18.916283] Double checking all user space processes after OOM killer disable... (elapsed 0.000 seconds) 
[   18.926308] Freezing remaining freezable tasks ... (elapsed 0.001 seconds) done.
[   18.935845] Suspending console(s) (use no_console_suspend to debug)
[   19.017124] PM: suspend of devices complete after 71.037 msecs
[   19.026211] PM: late suspend of devices complete after 9.050 msecs
[   19.049132] PM: noirq suspend of devices complete after 22.892 msecs
[   19.049142] Disabling non-boot CPUs ...
[   19.051536] CPU1: shutdown
[   19.081234] CPU2: shutdown
[   19.105292] CPU3: shutdown
[   19.127384] Entering suspend state LP1
[   19.127399] Enabling non-boot CPUs ...
[   19.154491] CPU1 is up
[   19.184534] CPU2 is up
[   19.214673] CPU3 is up
[   19.215403] pcieport 0000:00:02.0: nv_msi_ht_cap_quirk didn't locate host bridge
[   19.215406] pcieport 0000:00:01.0: nv_msi_ht_cap_quirk didn't locate host bridge
[   19.233729] PM: noirq resume of devices complete after 19.050 msecs
[   19.235245] PM: early resume of devices complete after 1.194 msecs
[   19.264424] PM: resume of devices complete after 29.169 msecs
[   19.343021] Restarting tasks ... done.
root@(none):/# 
root@(none):/# [   19.556446] ata1: SATA link down (SStatus 0 SControl 300)
rtcwake -d rtc1 -m mem -s 3
rtcwake: assuming RTC uses UTC ...
rtcwake: wakeup from "mem" using /dev/rtc1 at Thu Jan  1 00:01:03 1970
[   20.554703] PM: Syncing filesystems ... done.
[   20.587077] Freezing user space processes ... (elapsed 0.001 seconds) done.
[   20.596075] Double checking all user space processes after OOM killer disable... (elapsed 0.000 seconds) 
[   20.606097] Freezing remaining freezable tasks ... (elapsed 0.001 seconds) done.
[   20.615633] Suspending console(s) (use no_console_suspend to debug)
[   20.697090] PM: suspend of devices complete after 71.199 msecs
[   20.705359] PM: late suspend of devices complete after 8.231 msecs
[   20.728950] PM: noirq suspend of devices complete after 23.561 msecs
[   20.728960] Disabling non-boot CPUs ...
[   20.731146] CPU1: shutdown
[   20.766384] CPU2: shutdown
[   20.795377] CPU3: shutdown
[   20.817278] Entering suspend state LP1
[   20.817293] Enabling non-boot CPUs ...
[   20.844451] CPU1 is up
[   20.874495] CPU2 is up
[   20.904635] CPU3 is up
[   20.905345] pcieport 0000:00:02.0: nv_msi_ht_cap_quirk didn't locate host bridge
[   20.905347] pcieport 0000:00:01.0: nv_msi_ht_cap_quirk didn't locate host bridge
[   20.923698] PM: noirq resume of devices complete after 19.057 msecs
[   20.925170] PM: early resume of devices complete after 1.140 msecs
[   20.953942] PM: resume of devices complete after 28.762 msecs
[   21.032585] Restarting tasks ... done.
root@(none):/# 
root@(none):/# [   21.246410] ata1: SATA link down (SStatus 0 SControl 300)
NVTB SYSTEM SUSPEND TEST COMPLETE
