

U-Boot 2015.04-00466-gedec83e90172 (Mar 14 2016 - 10:42:01)

TEGRA124
Model: Acer Chromebook 13 CB5-311
DRAM:  4 GiB
C:   Tegra SD/MMC: 0, Tegra SD/MMC: 1, Tegra SD/MMC: 2
MMC init failed
Using default environment

In:    serial
Out:   serial
Err:   serial
Net:   Net Initialization Skipped
No ethernet found.
Hit any key to stop autoboot:  2  1  0 
Tegra124 (Nyan-big) # 
Tegra124 (Nyan-big) # usb start
starting USB...
USB0:   USB EHCI 1.10
scanning bus 0 for devices... 2 USB Device(s) found
USB1:   USB EHCI 1.10
scanning bus 1 for devices... 2 USB Device(s) found
       scanning usb for storage devices... 1 Storage Device(s) found
       scanning usb for ethernet devices... 
Warning: asx0 using MAC address from net device
1 Ethernet Device(s) found
Tegra124 (Nyan-big) # mw 0x7000e4a0 0x00080000
Tegra124 (Nyan-big) # setenv bootargs 'ignore_loglevel console=ttyS0,115200n8 rw root=PARTUUID=4d36e82a-b3c0-4b4b-bfcd-afe5217ac023 rootwait gpt debug noinitrd earlyprintk init=/bin/bash'
Tegra124 (Nyan-big) # setenv ipaddr 192.168.100.102; setenv serverip 192.168.100.1; setenv tftpserverip 192.168.100.1
Tegra124 (Nyan-big) # tftpboot 0x82000000 zImage.multi_v7_defconfig
Using asx0 device
TFTP from server 192.168.100.1; our IP address is 192.168.100.102
Filename 'zImage.multi_v7_defconfig'.
Load address: 0x82000000
Loading: *#################################################################
	 #################################################################
	 #################################################################
	 #################################################################
	 #################################################################
	 #################################################################
	 #################################################################
	 #################################################################
	 ####################################
	 3.5 MiB/s
done
Bytes transferred = 8159752 (7c8208 hex)
Tegra124 (Nyan-big) # tftpboot 0x83000000 tegra124-nyan-big.dtb
Using asx0 device
TFTP from server 192.168.100.1; our IP address is 192.168.100.102
Filename 'tegra124-nyan-big.dtb'.
Load address: 0x83000000
Loading: *#####
	 3.3 MiB/s
done
Bytes transferred = 68203 (10a6b hex)
Tegra124 (Nyan-big) # bootz 0x82000000 - 0x83000000
Kernel image @ 0x82000000 [ 0x000000 - 0x7c8200 ]
## Flattened Device Tree blob at 83000000
   Booting using the fdt blob at 0x83000000
   Using Device Tree in place at 83000000, end 83013a6a

Starting kernel ...

[    0.000000] Booting Linux on physical CPU 0x0
[    0.000000] Linux version 4.14.0-rc5-200827-g33d930e (jonathanh@sellafield) (gcc version 4.7.3 20130328 (prerelease) (crosstool-NG linaro-1.13.1-4.7-2013.04-20130415 - Linaro GCC 2013.04)) #1 SMP Sun Oct 15 18:35:51 PDT 2017
[    0.000000] CPU: ARMv7 Processor [413fc0f3] revision 3 (ARMv7), cr=10c5387d
[    0.000000] CPU: div instructions available: patching division code
[    0.000000] CPU: PIPT / VIPT nonaliasing data cache, PIPT instruction cache
[    0.000000] OF: fdt: Machine model: Acer Chromebook 13 CB5-311
[    0.000000] OF: fdt: Ignoring memory range 0x100000000 - 0x17ffff000
[    0.000000] debug: ignoring loglevel setting.
[    0.000000] Memory policy: Data cache writealloc
[    0.000000] efi: Getting EFI parameters from FDT:
[    0.000000] efi: UEFI not found.
[    0.000000] cma: Reserved 64 MiB at 0xfb800000
[    0.000000] On node 0 totalpages: 524287
[    0.000000] free_area_init_node: node 0, pgdat c158fa40, node_mem_map eeff8000
[    0.000000]   DMA zone: 1536 pages used for memmap
[    0.000000]   DMA zone: 0 pages reserved
[    0.000000]   DMA zone: 196608 pages, LIFO batch:31
[    0.000000]   HighMem zone: 327679 pages, LIFO batch:31
[    0.000000] random: fast init done
[    0.000000] percpu: Embedded 17 pages/cpu @eef81000 s39424 r8192 d22016 u69632
[    0.000000] pcpu-alloc: s39424 r8192 d22016 u69632 alloc=17*4096
[    0.000000] pcpu-alloc: [0] 0 [0] 1 [0] 2 [0] 3 
[    0.000000] Built 1 zonelists, mobility grouping on.  Total pages: 522751
[    0.000000] Kernel command line: ignore_loglevel console=ttyS0,115200n8 rw root=PARTUUID=4d36e82a-b3c0-4b4b-bfcd-afe5217ac023 rootwait gpt debug noinitrd earlyprintk init=/bin/bash
[    0.000000] PID hash table entries: 4096 (order: 2, 16384 bytes)
[    0.000000] Dentry cache hash table entries: 131072 (order: 7, 524288 bytes)
[    0.000000] Inode-cache hash table entries: 65536 (order: 6, 262144 bytes)
[    0.000000] Memory: 1994372K/2097148K available (10240K kernel code, 1631K rwdata, 4504K rodata, 2048K init, 406K bss, 37240K reserved, 65536K cma-reserved, 1245180K highmem)
[    0.000000] Virtual kernel memory layout:
[    0.000000]     vector  : 0xffff0000 - 0xffff1000   (   4 kB)
[    0.000000]     fixmap  : 0xffc00000 - 0xfff00000   (3072 kB)
[    0.000000]     vmalloc : 0xf0800000 - 0xff800000   ( 240 MB)
[    0.000000]     lowmem  : 0xc0000000 - 0xf0000000   ( 768 MB)
[    0.000000]     pkmap   : 0xbfe00000 - 0xc0000000   (   2 MB)
[    0.000000]     modules : 0xbf000000 - 0xbfe00000   (  14 MB)
[    0.000000]       .text : 0xc0208000 - 0xc0d00000   (11232 kB)
[    0.000000]       .init : 0xc1200000 - 0xc1400000   (2048 kB)
[    0.000000]       .data : 0xc1400000 - 0xc1597ee8   (1632 kB)
[    0.000000]        .bss : 0xc15a0b90 - 0xc16064bc   ( 407 kB)
[    0.000000] SLUB: HWalign=64, Order=0-3, MinObjects=0, CPUs=4, Nodes=1
[    0.000000] Hierarchical RCU implementation.
[    0.000000] 	RCU event tracing is enabled.
[    0.000000] 	RCU restricting CPUs from NR_CPUS=16 to nr_cpu_ids=4.
[    0.000000] RCU: Adjusting geometry for rcu_fanout_leaf=16, nr_cpu_ids=4
[    0.000000] NR_IRQS: 16, nr_irqs: 16, preallocated irqs: 16
[    0.000000] /interrupt-controller@60004000: 160 interrupts forwarded to /interrupt-controller@50041000
[    0.000000] Tegra clk 127: register failed with -17
[    0.000004] sched_clock: 32 bits at 1000kHz, resolution 1000ns, wraps every 2147483647500ns
[    0.000011] clocksource: timer_us: mask: 0xffffffff max_cycles: 0xffffffff, max_idle_ns: 1911260446275 ns
[    0.000018] Switching to timer-based delay loop, resolution 1000ns
[    0.001873] arch_timer: cp15 timer(s) running at 12.00MHz (virt).
[    0.001880] clocksource: arch_sys_counter: mask: 0xffffffffffffff max_cycles: 0x2c47f4ee7, max_idle_ns: 440795202497 ns
[    0.001887] sched_clock: 56 bits at 12MHz, resolution 83ns, wraps every 4398046511096ns
[    0.001892] Switching to timer-based delay loop, resolution 83ns
[    0.002107] Console: colour dummy device 80x30
[    0.002122] Calibrating delay loop (skipped), value calculated using timer frequency.. 24.00 BogoMIPS (lpj=120000)
[    0.002128] pid_max: default: 32768 minimum: 301
[    0.002169] Mount-cache hash table entries: 2048 (order: 1, 8192 bytes)
[    0.002175] Mountpoint-cache hash table entries: 2048 (order: 1, 8192 bytes)
[    0.002381] CPU: Testing write buffer coherency: ok
[    0.002503] /cpus/cpu@0 missing clock-frequency property
[    0.002518] /cpus/cpu@1 missing clock-frequency property
[    0.002533] /cpus/cpu@2 missing clock-frequency property
[    0.002548] /cpus/cpu@3 missing clock-frequency property
[    0.002553] CPU0: thread -1, cpu 0, socket 0, mpidr 80000000
[    0.002674] Setting up static identity map for 0x80300000 - 0x803000a0
[    0.003396] Hierarchical SRCU implementation.
[    0.004094] Tegra Revision: A01 SKU: 131 CPU Process: 1 SoC Process: 1
[    0.004376] EFI services will not be available.
[    0.004435] smp: Bringing up secondary CPUs ...
[    0.004662] CPU1: thread -1, cpu 1, socket 0, mpidr 80000001
[    0.012089] CPU2: thread -1, cpu 2, socket 0, mpidr 80000002
[    0.022098] CPU3: thread -1, cpu 3, socket 0, mpidr 80000003
[    0.031873] smp: Brought up 1 node, 4 CPUs
[    0.031881] SMP: Total of 4 processors activated (96.00 BogoMIPS).
[    0.031884] CPU: All CPU(s) started in SVC mode.
[    0.032438] devtmpfs: initialized
[    0.037297] VFP support v0.3: implementor 41 architecture 4 part 30 variant f rev 0
[    0.037491] clocksource: jiffies: mask: 0xffffffff max_cycles: 0xffffffff, max_idle_ns: 19112604462750000 ns
[    0.037499] futex hash table entries: 1024 (order: 4, 65536 bytes)
[    0.038082] pinctrl core: initialized pinctrl subsystem
[    0.038715] DMI not present or invalid.
[    0.038819] NET: Registered protocol family 16
[    0.039571] DMA: preallocated 256 KiB pool for atomic coherent allocations
[    0.040451] cpuidle: using governor menu
[    0.048774] No ATAGs?
[    0.048829] hw-breakpoint: found 5 (+1 reserved) breakpoint and 4 watchpoint registers.
[    0.048836] hw-breakpoint: maximum watchpoint size is 8 bytes.
[    0.051608] Serial: AMBA PL011 UART driver
[    0.051977] tegra-mc 70019000.memory-controller: no memory timings for RAM code 0 registered
[    0.052088] iommu: Adding device reg-dummy to group 0
[    0.052118] iommu: Adding device 50000000.host1x to group 1
[    0.052143] iommu: Adding device 54200000.dc to group 2
[    0.052166] iommu: Adding device 54240000.dc to group 3
[    0.052179] iommu: Adding device 54280000.hdmi to group 4
[    0.052191] iommu: Adding device 54540000.sor to group 5
[    0.052205] iommu: Adding device 545c0000.dpaux to group 6
[    0.052229] iommu: Adding device 57000000.gpu to group 7
[    0.052240] iommu: Adding device 60005000.timer to group 8
[    0.052251] iommu: Adding device 60007000.flow-controller to group 9
[    0.052262] iommu: Adding device 6000c800.actmon to group 10
[    0.052273] iommu: Adding device 6000d000.gpio to group 11
[    0.052286] iommu: Adding device 60020000.dma to group 12
[    0.052296] iommu: Adding device 70000800.apbmisc to group 13
[    0.052307] iommu: Adding device 70000868.pinmux to group 14
[    0.052318] iommu: Adding device 70006000.serial to group 15
[    0.052331] iommu: Adding device 7000a000.pwm to group 16
[    0.052341] iommu: Adding device 7000c000.i2c to group 17
[    0.052352] iommu: Adding device 7000c400.i2c to group 18
[    0.052363] iommu: Adding device 7000c500.i2c to group 19
[    0.052376] iommu: Adding device 7000c700.i2c to group 20
[    0.052387] iommu: Adding device 7000d000.i2c to group 21
[    0.052399] iommu: Adding device 7000d400.spi to group 22
[    0.052410] iommu: Adding device 7000da00.spi to group 23
[    0.052420] iommu: Adding device 7000e000.rtc to group 24
[    0.052431] iommu: Adding device 7000e400.pmc to group 25
[    0.052442] iommu: Adding device 7000f800.fuse to group 26
[    0.052455] iommu: Adding device 70019000.memory-controller to group 27
[    0.052466] iommu: Adding device 7001b000.emc to group 28
[    0.052478] iommu: Adding device 70030000.hda to group 29
[    0.052489] iommu: Adding device 70090000.usb to group 30
[    0.052500] iommu: Adding device 7009f000.padctl to group 31
[    0.052511] iommu: Adding device 700b0000.sdhci to group 32
[    0.052521] iommu: Adding device 700b0400.sdhci to group 33
[    0.052532] iommu: Adding device 700b0600.sdhci to group 34
[    0.052543] iommu: Adding device 700e2000.thermal-sensor to group 35
[    0.052553] iommu: Adding device 70300000.ahub to group 36
[    0.052566] iommu: Adding device pmu to group 37
[    0.052579] iommu: Adding device timer to group 38
[    0.052589] iommu: Adding device sdhci0_pwrseq to group 39
[    0.052600] iommu: Adding device backlight to group 40
[    0.052610] iommu: Adding device clocks to group 41
[    0.052620] iommu: Adding device gpio-keys to group 42
[    0.052631] iommu: Adding device regulators to group 43
[    0.052642] iommu: Adding device regulators:regulator@0 to group 44
[    0.052653] iommu: Adding device regulators:regulator@1 to group 45
[    0.052666] iommu: Adding device regulators:regulator@2 to group 46
[    0.052677] iommu: Adding device regulators:regulator@3 to group 47
[    0.052690] iommu: Adding device regulators:regulator@4 to group 48
[    0.052701] iommu: Adding device regulators:regulator@5 to group 49
[    0.052712] iommu: Adding device regulators:regulator@6 to group 50
[    0.052723] iommu: Adding device regulators:regulator@7 to group 51
[    0.052734] iommu: Adding device regulators:regulator@8 to group 52
[    0.052746] iommu: Adding device regulators:regulator@9 to group 53
[    0.052759] iommu: Adding device regulators:regulator@10 to group 54
[    0.052770] iommu: Adding device regulators:regulator@11 to group 55
[    0.052780] iommu: Adding device regulators:regulator@12 to group 56
[    0.052791] iommu: Adding device sound to group 57
[    0.052801] iommu: Adding device gpio-restart to group 58
[    0.052814] iommu: Adding device panel to group 59
[    0.057805] AT91: Could not find identification node
[    0.058012] +5V_SYS: supplied by +VDD_MUX
[    0.058112] +3.3V_SYS: supplied by +VDD_MUX
[    0.058324] +VDD_LED: Failed to request enable GPIO122: -517
[    0.058329] reg-fixed-voltage regulators:regulator@5: Failed to register regulator: -517
[    0.058363] +5V_VDD_TS_SW: Failed to request enable GPIO81: -517
[    0.058368] reg-fixed-voltage regulators:regulator@6: Failed to register regulator: -517
[    0.058401] +5V_USB_HS: Failed to request enable GPIO108: -517
[    0.058405] reg-fixed-voltage regulators:regulator@7: Failed to register regulator: -517
[    0.058438] +5V_USB_SS: Failed to request enable GPIO109: -517
[    0.058442] reg-fixed-voltage regulators:regulator@8: Failed to register regulator: -517
[    0.058532] +1.05V_RUN_AVDD_HDMI_PLL: Failed to request enable GPIO63: -517
[    0.058536] reg-fixed-voltage regulators:regulator@11: Failed to register regulator: -517
[    0.058569] +5V_HDMI_CON: Failed to request enable GPIO86: -517
[    0.058574] reg-fixed-voltage regulators:regulator@12: Failed to register regulator: -517
[    0.059553] vgaarb: loaded
[    0.059812] SCSI subsystem initialized
[    0.059881] libata version 3.00 loaded.
[    0.059957] usbcore: registered new interface driver usbfs
[    0.059974] usbcore: registered new interface driver hub
[    0.059995] usbcore: registered new device driver usb
[    0.061264] pps_core: LinuxPPS API ver. 1 registered
[    0.061268] pps_core: Software ver. 5.3.6 - Copyright 2005-2007 Rodolfo Giometti <giometti@linux.it>
[    0.061275] PTP clock support registered
[    0.061339] EDAC MC: Ver: 3.0.0
[    0.061441] dmi: Firmware registration failed.
[    0.061739] tegra-emc 7001b000.emc: no memory timings for RAM code 0 found in DT
[    0.061749] tegra-emc: probe of 7001b000.emc failed with error -2
[    0.062192] clocksource: Switched to clocksource arch_sys_counter
[    0.081778] NET: Registered protocol family 2
[    0.081972] TCP established hash table entries: 8192 (order: 3, 32768 bytes)
[    0.082005] TCP bind hash table entries: 8192 (order: 4, 65536 bytes)
[    0.082068] TCP: Hash tables configured (established 8192 bind 8192)
[    0.082103] UDP hash table entries: 512 (order: 2, 16384 bytes)
[    0.082118] UDP-Lite hash table entries: 512 (order: 2, 16384 bytes)
[    0.082176] NET: Registered protocol family 1
[    0.082338] RPC: Registered named UNIX socket transport module.
[    0.082343] RPC: Registered udp transport module.
[    0.082346] RPC: Registered tcp transport module.
[    0.082349] RPC: Registered tcp NFSv4.1 backchannel transport module.
[    0.082354] PCI: CLS 0 bytes, default 64
[    0.082919] hw perfevents: enabled with armv7_cortex_a15 PMU driver, 7 counters available
[    0.083202] iommu: Adding device alarmtimer to group 60
[    0.083557] workingset: timestamp_bits=30 max_order=19 bucket_order=0
[    0.085535] squashfs: version 4.0 (2009/01/31) Phillip Lougher
[    0.085750] NFS: Registering the id_resolver key type
[    0.085764] Key type id_resolver registered
[    0.085768] Key type id_legacy registered
[    0.085785] ntfs: driver 2.1.32 [Flags: R/O].
[    0.086305] bounce: pool size: 64 pages
[    0.086326] Block layer SCSI generic (bsg) driver version 0.4 loaded (major 248)
[    0.086331] io scheduler noop registered
[    0.086334] io scheduler deadline registered
[    0.086407] io scheduler cfq registered (default)
[    0.086411] io scheduler mq-deadline registered
[    0.086415] io scheduler kyber registered
[    0.087673] tegra-xusb-padctl 7009f000.padctl: failed to setup XUSB ports: -517
[    0.098109] tegra-apbdma 60020000.dma: Tegra20 APB DMA driver register 32 channels
[    0.099123] tegra-pmc 7000e400.pmc: i2c-thermtrip node not found, emergency thermal reset disabled.
[    0.114982] Serial: 8250/16550 driver, 4 ports, IRQ sharing disabled
[    0.115027] iommu: Adding device serial8250 to group 61
[    0.116039] console [ttyS0] disabled
[    0.116057] 70006000.serial: ttyS0 at MMIO 0x70006000 (irq = 333, base_baud = 25500000) is a Tegra
[    1.363588] console [ttyS0] enabled
[    1.367365] SuperH (H)SCI(F) driver initialized
[    1.372257] msm_serial: driver initialized
[    1.376401] STMicroelectronics ASC driver initialized
[    1.383778] tegra-hdmi 54280000.hdmi: failed to get HDMI regulator
[    1.390313] tegra-dpaux 545c0000.dpaux: failed to get VDD supply: -517
[    1.397732] panel-simple panel: panel supply power not found, using dummy regulator
[    1.407975] brd: module loaded
[    1.413375] loop: module loaded
[    1.417426] as3722 4-0040: AS3722 with revision 0x1 found
[    1.423942] iommu: Adding device as3722-pinctrl to group 62
[    1.430837] iommu: Adding device as3722-regulator to group 63
[    1.438694] as3722-sd2: supplied by +5V_SYS
[    1.443101] as3722-sd3: supplied by +5V_SYS
[    1.447435] +1.35V_LP0(sd3): Bringing 0uV into 1350000-1350000uV
[    1.453645] as3722-sd4: supplied by +5V_SYS
[    1.457976] +1.05V_RUN: Bringing 0uV into 1050000-1050000uV
[    1.463706] as3722-sd5: supplied by +5V_SYS
[    1.469260] as3722-ldo0: supplied by +1.35V_LP0(sd2)
[    1.474982] +1.8V_RUN_CAM: Bringing 0uV into 1800000-1800000uV
[    1.480974] as3722-ldo2: supplied by +1.8V_VDDIO
[    1.486578] as3722-ldo3: supplied by +3.3V_SYS
[    1.491026] +1.00V_LP0_VDD_RTC: Bringing 1100000uV into 1000000-1000000uV
[    1.498585] as3722-ldo4: supplied by +3.3V_SYS
[    1.503183] +3.3V_RUN_CAM: Bringing 0uV into 2800000-2800000uV
[    1.509180] as3722-ldo5: supplied by +1.8V_VDDIO
[    1.513951] +1.2V_RUN_CAM_FRONT: Bringing 0uV into 1200000-1200000uV
[    1.520624] +VDDIO_SDMMC3: Bringing 0uV into 1800000-1800000uV
[    1.526642] as3722-ldo7: supplied by +1.8V_VDDIO
[    1.531405] +1.05V_RUN_CAM_REAR: Bringing 0uV into 1050000-1050000uV
[    1.537942] as3722-ldo9: supplied by +5V_SYS
[    1.542510] +2.8V_RUN_TOUCH: Bringing 0uV into 2800000-2800000uV
[    1.548700] as3722-ldo10: supplied by +5V_SYS
[    1.553211] +2.8V_RUN_CAM_AF: Bringing 0uV into 2800000-2800000uV
[    1.559631] +1.8V_RUN_VPP_FUSE: Bringing 0uV into 1800000-1800000uV
[    1.566120] iommu: Adding device as3722-rtc to group 64
[    1.571467] iommu: Adding device as3722-adc to group 65
[    1.576794] iommu: Adding device as3722-power-off to group 66
[    1.582631] iommu: Adding device as3722-wdt to group 67
[    1.599582] m25p80 spi1.0: w25q32dw (4096 Kbytes)
[    1.605061] iommu: Adding device Fixed MDIO bus.0 to group 68
[    1.610930] libphy: Fixed MDIO Bus: probed
[    1.615342] CAN device driver interface
[    1.619477] bgmac_bcma: Broadcom 47xx GBit MAC driver loaded
[    1.625586] e1000e: Intel(R) PRO/1000 Network Driver - 3.2.6-k
[    1.631402] e1000e: Copyright(c) 1999 - 2015 Intel Corporation.
[    1.637327] igb: Intel(R) Gigabit Ethernet Network Driver - version 5.4.0-k
[    1.644276] igb: Copyright (c) 2007-2014 Intel Corporation.
[    1.651101] pegasus: v0.9.3 (2013/04/25), Pegasus/Pegasus II USB Ethernet driver
[    1.658505] usbcore: registered new interface driver pegasus
[    1.664167] usbcore: registered new interface driver asix
[    1.669561] usbcore: registered new interface driver ax88179_178a
[    1.675655] usbcore: registered new interface driver cdc_ether
[    1.681487] usbcore: registered new interface driver smsc75xx
[    1.687237] usbcore: registered new interface driver smsc95xx
[    1.692982] usbcore: registered new interface driver net1080
[    1.698634] usbcore: registered new interface driver cdc_subset
[    1.704552] usbcore: registered new interface driver zaurus
[    1.710124] usbcore: registered new interface driver cdc_ncm
[    1.716437] ehci_hcd: USB 2.0 'Enhanced' Host Controller (EHCI) Driver
[    1.722954] ehci-pci: EHCI PCI platform driver
[    1.727395] ehci-platform: EHCI generic platform driver
[    1.732682] ehci-orion: EHCI orion driver
[    1.736731] SPEAr-ehci: EHCI SPEAr driver
[    1.740775] ehci-st: EHCI STMicroelectronics driver
[    1.745690] ehci-exynos: EHCI EXYNOS driver
[    1.749913] ehci-atmel: EHCI Atmel driver
[    1.753961] tegra-ehci: Tegra EHCI driver
[    1.758021] ohci_hcd: USB 1.1 'Open' Host Controller (OHCI) Driver
[    1.764199] ohci-pci: OHCI PCI platform driver
[    1.768642] ohci-platform: OHCI generic platform driver
[    1.773921] SPEAr-ohci: OHCI SPEAr driver
[    1.777964] ohci-st: OHCI STMicroelectronics driver
[    1.782884] ohci-atmel: OHCI Atmel driver
[    1.787134] usbcore: registered new interface driver usb-storage
[    1.794138] elan_i2c 1-0015: 1-0015 supply vcc not found, using dummy regulator
[    1.795909] as3722-rtc as3722-rtc: rtc core: registered as3722-rtc as rtc0
[    1.795912] as3722-rtc as3722-rtc: RTC interrupt 372
[    1.798228] tegra_rtc 7000e000.rtc: rtc core: registered 7000e000.rtc as rtc1
[    1.798250] tegra_rtc 7000e000.rtc: Tegra internal Real Time Clock
[    1.798510] i2c /dev entries driver
[    1.800258] IR NEC protocol handler initialized
[    1.800260] IR RC5(x/sz) protocol handler initialized
[    1.800262] IR RC6 protocol handler initialized
[    1.800263] IR JVC protocol handler initialized
[    1.800265] IR Sony protocol handler initialized
[    1.800267] IR SANYO protocol handler initialized
[    1.800268] IR Sharp protocol handler initialized
[    1.800270] IR MCE Keyboard/mouse protocol handler initialized
[    1.800272] IR XMP protocol handler initialized
[    1.801762] lm90 0-004c: 0-004c supply vcc not found, using dummy regulator
[    1.875442] iommu: Adding device cpufreq-tegra124 to group 69
[    1.876756] sdhci: Secure Digital Host Controller Interface driver
[    1.876757] sdhci: Copyright(c) Pierre Ossman
[    1.877460] Synopsys Designware Multimedia Card Interface Driver
[    1.878053] sdhci-pltfm: SDHCI platform and OF driver helper
[    1.878398] sdhci-tegra 700b0000.sdhci: allocated mmc-pwrseq
[    1.886382] sdhci-tegra 700b0400.sdhci: Got CD GPIO
[    1.886392] sdhci-tegra 700b0400.sdhci: Got WP GPIO
[    1.902227] mmc0: Unknown controller version (3). You may experience problems.
[    1.902267] mmc0: Invalid maximum block size, assuming 512 bytes
[    1.972198] mmc0: SDHCI controller on 700b0600.sdhci [700b0600.sdhci] using ADMA
[    1.980315] ledtrig-cpu: registered to indicate activity on CPUs
[    1.986442] usbcore: registered new interface driver usbhid
[    1.991999] usbhid: USB HID core driver
[    1.997194] NET: Registered protocol family 10
[    2.002006] Segment Routing with IPv6
[    2.005701] sit: IPv6, IPv4 and MPLS over IPv4 tunneling driver
[    2.011797] NET: Registered protocol family 17
[    2.016237] can: controller area network core (rev 20170425 abi 9)
[    2.022429] NET: Registered protocol family 29
[    2.026859] can: raw protocol (rev 20170425)
[    2.031115] can: broadcast manager protocol (rev 20170425 t)
[    2.036766] can: netlink gateway (rev 20170425) max_hops=1
[    2.042359] Key type dns_resolver registered
[    2.046814] ThumbEE CPU extension supported.
[    2.051073] Registering SWP/SWPB emulation handler
[    2.063316] +3.3V_RUN: supplied by +3.3V_SYS
[    2.068253] +VDD_LED: supplied by +VDD_MUX
[    2.072449] +3.3V_AVDD_HDMI_AP_GATED: supplied by +3.3V_RUN
[    2.078171] +1.8V_RUN_CAM: supplied by +3.3V_RUN
[    2.082909] +VDDIO_SDMMC3: supplied by +3.3V_RUN
[    2.087550] +1.8V_RUN_VPP_FUSE: supplied by +3.3V_RUN
[    2.092979] +5V_VDD_TS_SW: supplied by +5V_SYS
[    2.097822] +5V_USB_HS: supplied by +5V_SYS
[    2.102495] +5V_USB_SS: supplied by +5V_SYS
[    2.107525] +3.3V_PANEL: supplied by +3.3V_RUN
[    2.112979] +3.3V_LP0: supplied by +3.3V_SYS
[    2.117390] elan_i2c 1-0015: reading cmd (0x0104) fail.
[    2.118081] +1.05V_RUN_AVDD_HDMI_PLL: supplied by +1.05V_RUN
[    2.118347] +5V_HDMI_CON: supplied by +5V_SYS
[    2.119153]  usb3-0: usb3-0 supply vbus not found, using dummy regulator
[    2.119206]  usb3-1: usb3-1 supply vbus not found, using dummy regulator
[    2.123446] tegra-sor 54540000.sor: failed to probe output: -517
[    2.124217] panel-simple panel: panel supply power not found, using dummy regulator
[    2.125232] sdhci-tegra 700b0000.sdhci: allocated mmc-pwrseq
[    2.132456] mmc1: Unknown controller version (3). You may experience problems.
[    2.132507] mmc1: Invalid maximum block size, assuming 512 bytes
[    2.133067] mmc1: Switching to 3.3V signalling voltage failed
[    2.136422] mmc0: new high speed MMC card at address 0001
[    2.136828] mmcblk0: mmc0:0001 MMC16G 14.4 GiB 
[    2.136945] mmcblk0boot0: mmc0:0001 MMC16G partition 1 2.00 MiB
[    2.137016] mmcblk0boot1: mmc0:0001 MMC16G partition 2 2.00 MiB
[    2.137077] mmcblk0rpmb: mmc0:0001 MMC16G partition 3 128 KiB
[    2.140007]  mmcblk0: p1 p2 p3 p4 p5 p6 p7 p8 p9 p10 p11 p12
[    2.202285] mmc1: SDHCI controller on 700b0000.sdhci [700b0000.sdhci] using ADMA
[    2.203365] sdhci-tegra 700b0400.sdhci: Got CD GPIO
[    2.203376] sdhci-tegra 700b0400.sdhci: Got WP GPIO
[    2.211914] mmc2: Unknown controller version (3). You may experience problems.
[    2.211966] mmc2: Invalid maximum block size, assuming 512 bytes
[    2.239131] mmc1: new high speed SDIO card at address 0001
[    2.253340] elan_i2c 1-0015: failed to get SM version: -121
[    2.272525] mmc2: SDHCI controller on 700b0400.sdhci [700b0400.sdhci] using ADMA
[    2.375208] [drm] Supports vblank timestamp caching Rev 2 (21.10.2013).
[    2.381811] [drm] No driver support for vblank timestamp query.
[    2.422743] mmc2: new high speed SDHC card at address 0007
[    2.422990] mmcblk2: mmc2:0007 SD08G 7.42 GiB 
[    2.431390] GPT:Primary header alternate_lba != Alt. header my_lba
[    2.431393] GPT:3014591 != 15564799
[    2.431396] GPT:Primary header thinks Alt. header is not at the end of the disk.
[    2.431397] GPT:3014591 != 15564799
[    2.431398] GPT: Use GNU Parted to correct GPT errors.
[    2.431422]  mmcblk2: p1 p2 p3 p4 p5 p6 p7 p8 p9 p10 p11 p12
[    2.470199] Console: switching to colour frame buffer device 170x48
[    2.476294] elan_i2c 1-0015: Elan Touchpad: Module ID: 0x002a, Firmware: 0x0005, Sample: 0x0007, IAP: 0x0009
[    2.476646] input: Elan Touchpad as /devices/soc0/7000c400.i2c/i2c-1/1-0015/input/input0
[    2.552239] drm drm: fb0:  frame buffer device
[    2.556713] [drm] Initialized tegra 0.0.0 20120330 for drm on minor 0
[    2.564185] input: gpio-keys as /devices/soc0/gpio-keys/input/input1
[    2.571492] as3722-rtc as3722-rtc: setting system clock to 2000-01-01 00:00:24 UTC (946684824)
[    2.580516] +1.8V_RUN_CAM: disabling
[    2.584337] +3.3V_RUN_CAM: disabling
[    2.588008] +1.2V_RUN_CAM_FRONT: disabling
[    2.592224] +1.05V_RUN_CAM_REAR: disabling
[    2.596436] +2.8V_RUN_TOUCH: disabling
[    2.600287] +2.8V_RUN_CAM_AF: disabling
[    2.604297] +1.8V_RUN_VPP_FUSE: disabling
[    2.608404] +5V_VDD_TS_SW: disabling
[    2.611970] +5V_USB_HS: disabling
[    2.615322] +5V_USB_SS: disabling
[    2.619393] EXT4-fs (mmcblk0p3): couldn't mount as ext3 due to feature incompatibilities
[    2.628012] EXT4-fs (mmcblk0p3): couldn't mount as ext2 due to feature incompatibilities
[    2.968373] EXT4-fs (mmcblk0p3): recovery complete
[    2.973179] EXT4-fs (mmcblk0p3): mounted filesystem with ordered data mode. Opts: (null)
[    2.981270] VFS: Mounted root (ext4 filesystem) on device 179:3.
[    2.988272] devtmpfs: mounted
[    2.991913] Freeing unused kernel memory: 2048K
bash: cannot set terminal process group (-1): Inappropriate ioctl for device
bash: no job control in this shell
root@(none):/# 