[0000.753] [TegraBoot] (version 23.00.2015.14-mobile-1ef66670)
[0000.758] Processing in cold boot mode Bootloader 2
[0000.763] A01Q Bootrom Patch rev = 3
[0000.766] Power-up reason: pmu watchdog
[0000.770] No Battery Present
[0000.773] Platform has Ddr4 type ram
[0000.776] max77620 disabling SD1 Remote Sense
[0000.780] Setting Ddr voltage to 1125mv
[0000.785] Serial Number of Pmic Max77663: 0x40daf
[0000.792] Entering ramdump check
[0000.795] Get RamDumpCarveOut = 0x0
[0000.799] RamDumpCarveOut=0x0,  RamDumperFlag=0xe59ff3f8
[0000.804] Last reboot was clean, booting normally!
[0000.808] Sdram initialization is successful 
[0000.812] SecureOs Carveout Base=0xff800000 Size=0x00800000
[0000.818] GSC1 Carveout Base=0xff700000 Size=0x00100000
[0000.844] GSC2 Carveout Base=0xff600000 Size=0x00100000
[0000.870] GSC3 Carveout Base=0xff500000 Size=0x00100000
[0000.875] GSC4 Carveout Base=0xff400000 Size=0x00100000
[0000.880] GSC5 Carveout Base=0xff300000 Size=0x00100000
[0000.885] BpmpFw Carveout Base=0xff2c0000 Size=0x00040000
[0000.890] Lp0 Carveout Base=0xff2bf000 Size=0x00001000
[0000.906] RamDump Carveout Base=0xff23f000 Size=0x00080000
[0000.911] Platform-DebugCarveout: 0
[0000.914] Nck Carveout Base=0xff03f000 Size=0x00200000
[0000.963] Using GPT Primary to query partitions 
[0000.969] Loading Tboot-CPU binary
[0001.018] Verifying bootloader in OdmNonSecureSBK mode
[0001.028] Bootloader load address is 0xa0000000,                            entry address is 0xa0000258
[0001.037] Bootloader downloaded successfully.
[0001.041] Downloaded Tboot-CPU binary to 0xa0000258
[0001.046] MAX77620_GPIO1 Configured.
[0001.050] MAX77620_GPIO5 Configured.
[0001.054] CPU power rail is up
[0001.056] CPU clock enabled
[0001.060] Performing RAM repair
[0001.063] Updating A64 Warmreset Address to 0xa00002e9
[0001.082] Bootloader DTB Load Address: 0x83000000
[0001.100] Kernel DTB Load Address: 0x83080000
[0001.105] Loading cboot binary
[0001.199] Verifying bootloader in OdmNonSecureSBK mode
[0001.286] Bootloader load address is 0x8010fda8,                            entry address is 0x80110000
[0001.296] Bootloader downloaded successfully.
[0001.300] GPT: Partition NOT found ! 
[0001.303] Find Partition via GPT Failed
[0001.307] function NvTbootGetBinaryOffsets: 0x845208 error
[0001.312] Error in NvTbootLoadBinary: 0x845208 !
[0001.317] GPT: Partition NOT found ! 
[0001.320] No FB partition
[0001.322] Next binary entry address: 0x80110000 
[0001.327] BoardId: 2595
[0001.332] dram memory type is 3
[0001.338] WB0 init successful
[0001.364] Bpmp FW successfully loaded
[0001.367] Set NvDecSticky Bits
[0001.371] GSC1 address : ff700000
[0001.375] GSC2 address : ff600000
[0001.378] GSC3 address : ff500000
[0001.382] GSC4 address : ff400000
[0001.386] GSC5 address : ff300000
[0001.389] GSC MC Settings done
[0001.394] TOS old plaintext Image length 61440
[0001.400] *** Secure OS image signature not verified ***
[0001.405] Loading and Validation of Secure OS Successful
[0001.411] NvTbootPackSdramParams: start. 
[0001.416] NvTbootPackSdramParams: done. 
[0001.419] Tegraboot started after 745996 us
[0001.423] Basic modules init took 348471 us
[0001.427] Sec Bootdevice Read Time = 202 ms, Read Size = 8459 KB
[0001.433] Next stage binary read took 14401 us
[0001.437] Carveout took 252719 us
[0001.441] CPU initialization took 92304 us
[0001.444] Total time taken by TegraBoot 707895 us

[0001.449] Starting CPU & Halting co-processor 

64b[0001.585] LPDDR4 Training: Number of tables = 10
[0001.589] EMC Training (SRC-freq: 204000; DST-freq: 408000)
[0001.595] EMC Training Successful
[0001.598] EMC Training (SRC-freq: 204000; DST-freq: 665600)
[0001.604] EMC Training Successful
[0001.607] EMC Training (SRC-freq: 204000; DST-freq: 800000)
[0001.618] EMC Training Successful
[0001.621] EMC Training (SRC-freq: 204000; DST-freq: 1065600)
[0001.644] EMC Training Successful
[0001.647] EMC Training (SRC-freq: 204000; DST-freq: 1331200)
[0001.669] EMC Training Successful
[0001.672] EMC Training (SRC-freq: 204000; DST-freq: 1600000)
[0001.691] EMC Training Successful
[0001.695] Switching to 800000 KHz Success
[0001.728] LPDDR4 Training: Number of tables = 10


U-Boot 2015.07-rc2-g2ac3917 (Nov 09 2015 - 13:12:08 -0800)

TEGRA210
Model: NVIDIA P2371-0000
DRAM:  3 GiB
MC:   Tegra SD/MMC: 0, Tegra SD/MMC: 1
*** Warning - bad CRC, using default environment

In:    serial
Out:   serial
Err:   serial
Net:   Net Initialization Skipped
No ethernet found.
Hit any key to stop autoboot:  2  0 
Tegra210 (P2371-0000) # 
Tegra210 (P2371-0000) # ums 0 mmc 0
UMS: disk start sector: 0x0, count: 0x1d5a000
|/-\|/-\/-\|/-\/-\|/-\/-\|/-\/-\|/-\/-\|/-\/-\|/-\/-\|/-\/-\CTRL+C - Operation aborted
Tegra210 (P2371-0000) # 
Tegra210 (P2371-0000) # env set fdt_copy_node_names /cpus:/psci
Tegra210 (P2371-0000) # setenv rootpart 1
Tegra210 (P2371-0000) # setenv devtype mmc
Tegra210 (P2371-0000) # setenv devnum 0
Tegra210 (P2371-0000) # part uuid ${devtype} ${devnum}:${rootpart} uuid
Tegra210 (P2371-0000) # setenv bootargs ignore_loglevel console=ttyS0,115200n8 earlycon=uart8250,mmio32,0x70006000 rw root=PARTUUID=00000000-0001-0000-788f-a75600000000 rootwait debug earlyprintk init=/bin/bash
Tegra210 (P2371-0000) # load ${devtype} ${devnum}:${rootpart} ${kernel_addr_r} /boot/Image.defconfig
13790208 bytes read in 768 ms (17.1 MiB/s)
Tegra210 (P2371-0000) # load ${devtype} ${devnum}:${rootpart} ${fdt_addr_r} /boot/tegra210-p2371-0000.dtb
41182 bytes read in 454 ms (87.9 KiB/s)
Tegra210 (P2371-0000) # load ${devtype} ${devnum}:${rootpart} ${ramdisk_addr_r} /boot/tegra-ramdisk.img
1627787 bytes read in 495 ms (3.1 MiB/s)
Tegra210 (P2371-0000) # ramdisk_size=${filesize}
Tegra210 (P2371-0000) # booti ${kernel_addr_r} - ${fdt_addr_r}
## Flattened Device Tree blob at 82000000
   Booting using the fdt blob at 0x82000000
   Using Device Tree in place at 0000000082000000, end 000000008200d0dd

Starting kernel ...

[    0.000000] Booting Linux on physical CPU 0x0
[    0.000000] Linux version 4.8.0-rc7-135754-g3be7988 (pwalmsley@tamien) (gcc version 4.9.2 20140904 (prerelease) (crosstool-NG linaro-1.13.1-4.9-2014.09 - Linaro GCC 4.9-2014.09) ) #1 SMP PREEMPT Mon Sep 19 07:38:29 PDT 2016
[    0.000000] Boot CPU: AArch64 Processor [411fd071]
[    0.000000] debug: ignoring loglevel setting.
[    0.000000] earlycon: uart8250 at MMIO32 0x0000000070006000 (options '')
[    0.000000] bootconsole [uart8250] enabled
[    0.000000] efi: Getting EFI parameters from FDT:
[    0.000000] efi: UEFI not found.
[    0.000000] cma: Reserved 16 MiB at 0x00000000fe000000
[    0.000000] On node 0 totalpages: 782848
[    0.000000]   DMA zone: 8192 pages used for memmap
[    0.000000]   DMA zone: 0 pages reserved
[    0.000000]   DMA zone: 520704 pages, LIFO batch:31
[    0.000000]   Normal zone: 4096 pages used for memmap
[    0.000000]   Normal zone: 262144 pages, LIFO batch:31
[    0.000000] psci: probing for conduit method from DT.
[    0.000000] psci: PSCIv0.2 detected in firmware.
[    0.000000] psci: Using standard PSCI v0.2 function IDs
[    0.000000] psci: MIGRATE_INFO_TYPE not supported.
[    0.000000] percpu: Embedded 21 pages/cpu @ffff8000bff4b000 s47488 r8192 d30336 u86016
[    0.000000] pcpu-alloc: s47488 r8192 d30336 u86016 alloc=21*4096
[    0.000000] pcpu-alloc: [0] 0 [0] 1 [0] 2 [0] 3 
[    0.000000] Detected PIPT I-cache on CPU0
[    0.000000] CPU features: enabling workaround for ARM erratum 832075
[    0.000000] CPU features: enabling workaround for ARM erratum 834220
[    0.000000] Built 1 zonelists in Zone order, mobility grouping on.  Total pages: 770560
[    0.000000] Kernel command line: ignore_loglevel console=ttyS0,115200n8 earlycon=uart8250,mmio32,0x70006000 rw root=PARTUUID=00000000-0001-0000-788f-a75600000000 rootwait debug earlyprintk init=/bin/bash
[    0.000000] log_buf_len individual max cpu contribution: 4096 bytes
[    0.000000] log_buf_len total cpu_extra contributions: 12288 bytes
[    0.000000] log_buf_len min size: 16384 bytes
[    0.000000] log_buf_len: 32768 bytes
[    0.000000] early log buf free: 14272(87%)
[    0.000000] PID hash table entries: 4096 (order: 3, 32768 bytes)
[    0.000000] Dentry cache hash table entries: 524288 (order: 10, 4194304 bytes)
[    0.000000] Inode-cache hash table entries: 262144 (order: 9, 2097152 bytes)
[    0.000000] software IO TLB [mem 0xfa000000-0xfe000000] (64MB) mapped at [ffff80007a000000-ffff80007dffffff]
[    0.000000] Memory: 2979164K/3131392K available (7932K kernel code, 795K rwdata, 3704K rodata, 960K init, 273K bss, 135844K reserved, 16384K cma-reserved)
[    0.000000] Virtual kernel memory layout:
[    0.000000]     modules : 0xffff000000000000 - 0xffff000008000000   (   128 MB)
[    0.000000]     vmalloc : 0xffff000008000000 - 0xffff7dffbfff0000   (129022 GB)
[    0.000000]       .text : 0xffff000008080000 - 0xffff000008840000   (  7936 KB)
[    0.000000]     .rodata : 0xffff000008840000 - 0xffff000008bf0000   (  3776 KB)
[    0.000000]       .init : 0xffff000008bf0000 - 0xffff000008ce0000   (   960 KB)
[    0.000000]       .data : 0xffff000008ce0000 - 0xffff000008da6c00   (   795 KB)
[    0.000000]        .bss : 0xffff000008da6c00 - 0xffff000008deb0b8   (   274 KB)
[    0.000000]     fixed   : 0xffff7dfffe7fd000 - 0xffff7dfffec00000   (  4108 KB)
[    0.000000]     PCI I/O : 0xffff7dfffee00000 - 0xffff7dffffe00000   (    16 MB)
[    0.000000]     vmemmap : 0xffff7e0000000000 - 0xffff800000000000   (  2048 GB maximum)
[    0.000000]               0xffff7e0000000000 - 0xffff7e0003000000   (    48 MB actual)
[    0.000000]     memory  : 0xffff800000000000 - 0xffff8000c0000000   (  3072 MB)
[    0.000000] SLUB: HWalign=64, Order=0-3, MinObjects=0, CPUs=4, Nodes=1
[    0.000000] Preemptible hierarchical RCU implementation.
[    0.000000] 	Build-time adjustment of leaf fanout to 64.
[    0.000000] 	RCU restricting CPUs from NR_CPUS=64 to nr_cpu_ids=4.
[    0.000000] RCU: Adjusting geometry for rcu_fanout_leaf=64, nr_cpu_ids=4
[    0.000000] NR_IRQS:64 nr_irqs:64 0
[    0.000000] GIC: Using split EOI/Deactivate mode
[    0.000000] /interrupt-controller@60004000: 192 interrupts forwarded to /interrupt-controller@50041000
[    0.000000] PLL_MB already enabled. Postponing set full defaults
[    0.000000] PLL_U already enabled. Postponing set full defaults
[    0.000000] PLL_P already enabled. Postponing set full defaults
[    0.000000] PLL_X already enabled. Postponing set full defaults
[    0.000000] boot misc1 0x0: expected 0x20
[    0.000000]  (comparison mask = 0xffffff)
[    0.000000] arm_arch_timer: Architected cp15 timer(s) running at 19.20MHz (phys).
[    0.000000] clocksource: arch_sys_counter: mask: 0xffffffffffffff max_cycles: 0x46d987e47, max_idle_ns: 440795202767 ns
[    0.000004] sched_clock: 56 bits at 19MHz, resolution 52ns, wraps every 4398046511078ns
[    0.008392] Console: colour dummy device 80x25
[    0.013002] Calibrating delay loop (skipped), value calculated using timer frequency.. 38.40 BogoMIPS (lpj=76800)
[    0.023619] pid_max: default: 32768 minimum: 301
[    0.028460] Security Framework initialized
[    0.032727] Mount-cache hash table entries: 8192 (order: 4, 65536 bytes)
[    0.039655] Mountpoint-cache hash table entries: 8192 (order: 4, 65536 bytes)
[    0.047889] ASID allocator initialised with 65536 entries
[    0.078353] Speedo Revision 4
[    0.081431] Tegra Revision: A01 SKU: 1 CPU Process: -22 SoC Process: -22
[    0.088963] EFI services will not be available.
[    0.117780] Detected PIPT I-cache on CPU1
[    0.117820] CPU1: Booted secondary processor [411fd071]
[    0.133809] Detected PIPT I-cache on CPU2
[    0.133842] CPU2: Booted secondary processor [411fd071]
[    0.149849] Detected PIPT I-cache on CPU3
[    0.149882] CPU3: Booted secondary processor [411fd071]
[    0.149952] Brought up 4 CPUs
[    0.181617] SMP: Total of 4 processors activated.
[    0.186475] CPU features: detected feature: 32-bit EL0 Support
[    0.192504] CPU: All CPU(s) started at EL2
[    0.196754] alternatives: patching kernel code
[    0.204430] devtmpfs: initialized
[    0.217241] DMI not present or invalid.
[    0.221426] clocksource: jiffies: mask: 0xffffffff max_cycles: 0xffffffff, max_idle_ns: 7645041785100000 ns
[    0.231893] pinctrl core: initialized pinctrl subsystem
[    0.238483] NET: Registered protocol family 16
[    0.259131] cpuidle: using governor menu
[    0.263377] vdso: 2 pages (1 code @ ffff000008846000, 1 data @ ffff000008ce4000)
[    0.271046] hw-breakpoint: found 6 breakpoint and 4 watchpoint registers.
[    0.278808] DMA: preallocated 256 KiB pool for atomic allocations
[    0.285395] Serial: AMBA PL011 UART driver
[    0.330198] HugeTLB registered 2 MB page size, pre-allocated 0 pages
[    0.337566] ACPI: Interpreter disabled.
[    0.342500] vgaarb: loaded
[    0.345625] SCSI subsystem initialized
[    0.349668] libata version 3.00 loaded.
[    0.354017] usbcore: registered new interface driver usbfs
[    0.359756] usbcore: registered new interface driver hub
[    0.365332] usbcore: registered new device driver usb
[    0.371201] pps_core: LinuxPPS API ver. 1 registered
[    0.376348] pps_core: Software ver. 5.3.6 - Copyright 2005-2007 Rodolfo Giometti <giometti@linux.it>
[    0.385817] PTP clock support registered
[    0.390031] dmi: Firmware registration failed.
[    0.394892] Advanced Linux Sound Architecture Driver Initialized.
[    0.401921] clocksource: Switched to clocksource arch_sys_counter
[    0.408354] VFS: Disk quotas dquot_6.6.0
[    0.412465] VFS: Dquot-cache hash table entries: 512 (order 0, 4096 bytes)
[    0.419795] pnp: PnP ACPI: disabled
[    0.430870] NET: Registered protocol family 2
[    0.435877] TCP established hash table entries: 32768 (order: 6, 262144 bytes)
[    0.443564] TCP bind hash table entries: 32768 (order: 7, 524288 bytes)
[    0.450686] TCP: Hash tables configured (established 32768 bind 32768)
[    0.457521] UDP hash table entries: 2048 (order: 4, 65536 bytes)
[    0.463790] UDP-Lite hash table entries: 2048 (order: 4, 65536 bytes)
[    0.470660] NET: Registered protocol family 1
[    0.475494] RPC: Registered named UNIX socket transport module.
[    0.481636] RPC: Registered udp transport module.
[    0.486517] RPC: Registered tcp transport module.
[    0.491393] RPC: Registered tcp NFSv4.1 backchannel transport module.
[    0.498080] PCI: CLS 0 bytes, default 128
[    0.502740] kvm [1]: IDMAP page: 80829000
[    0.506898] kvm [1]: HYP VA range: 800000000000:ffffffffffff
[    0.513444] kvm [1]: 8-bit VMID
[    0.516704] kvm [1]: Hyp mode initialized successfully
[    0.522079] kvm [1]: vgic-v2@50044000
[    0.525985] kvm [1]: vgic interrupt IRQ1
[    0.530133] kvm [1]: virtual timer IRQ4
[    0.536175] futex hash table entries: 1024 (order: 5, 131072 bytes)
[    0.542740] audit: initializing netlink subsys (disabled)
[    0.548354] audit: type=2000 audit(0.479:1): initialized
[    0.554267] workingset: timestamp_bits=46 max_order=20 bucket_order=0
[    0.570527] squashfs: version 4.0 (2009/01/31) Phillip Lougher
[    0.577361] NFS: Registering the id_resolver key type
[    0.582612] Key type id_resolver registered
[    0.586945] Key type id_legacy registered
[    0.591104] nfs4filelayout_init: NFSv4 File Layout Driver Registering...
[    0.598196] 9p: Installing v9fs 9p2000 file system support
[    0.606124] io scheduler noop registered
[    0.610365] io scheduler cfq registered (default)
[    0.616034] libphy: mdio_driver_register: phy-bcm-ns2-pci
[    0.631032] tegra-apbdma 60020000.dma: Tegra20 APB DMA driver register 32 channels
[    0.639382] tegra-pmc 7000e400.pmc: i2c-thermtrip node not found, emergency thermal reset disabled.
[    0.648950] xenfs: not registering filesystem on non-xen platform
[    0.658692] Serial: 8250/16550 driver, 4 ports, IRQ sharing disabled
[    0.666840] console [ttyS0] disabled
[    0.670590] 70006000.serial: ttyS0 at MMIO 0x70006000 (irq = 312, base_baud = 25500000) is a Tegra
[    0.679887] console [ttyS0] enabled
[    0.679887] console [ttyS0] enabled
[    0.686977] bootconsole [uart8250] disabled
[    0.686977] bootconsole [uart8250] disabled
[    0.695825] SuperH (H)SCI(F) driver initialized
[    0.700611] msm_serial: driver initialized
[    0.705066] Unable to detect cache hierarchy from DT for CPU 0
[    0.715682] loop: module loaded
[    0.720472] libphy: Fixed MDIO Bus: probed
[    0.725060] tun: Universal TUN/TAP device driver, 1.6
[    0.730114] tun: (C) 1999-2004 Max Krasnyansky <maxk@qualcomm.com>
[    0.736790] e1000e: Intel(R) PRO/1000 Network Driver - 3.2.6-k
[    0.742624] e1000e: Copyright(c) 1999 - 2015 Intel Corporation.
[    0.748598] igb: Intel(R) Gigabit Ethernet Network Driver - version 5.3.0-k
[    0.755556] igb: Copyright (c) 2007-2014 Intel Corporation.
[    0.761181] igbvf: Intel(R) Gigabit Virtual Function Network Driver - version 2.0.2-k
[    0.769006] igbvf: Copyright (c) 2009 - 2012 Intel Corporation.
[    0.774978] sky2: driver version 1.30
[    0.779048] VFIO - User Level meta-driver version: 0.3
[    0.785234] ehci_hcd: USB 2.0 'Enhanced' Host Controller (EHCI) Driver
[    0.791767] ehci-pci: EHCI PCI platform driver
[    0.796257] ehci-platform: EHCI generic platform driver
[    0.801562] ehci-exynos: EHCI EXYNOS driver
[    0.805816] ehci-msm: Qualcomm On-Chip EHCI Host Controller
[    0.811446] ohci_hcd: USB 1.1 'Open' Host Controller (OHCI) Driver
[    0.817642] ohci-pci: OHCI PCI platform driver
[    0.822134] ohci-platform: OHCI generic platform driver
[    0.827434] ohci-exynos: OHCI EXYNOS driver
[    0.831951] usbcore: registered new interface driver usb-storage
[    0.838734] mousedev: PS/2 mouse device common for all mice
[    0.845258] tegra_rtc 7000e000.rtc: rtc core: registered 7000e000.rtc as rtc1
[    0.852444] tegra_rtc 7000e000.rtc: Tegra internal Real Time Clock
[    0.858721] i2c /dev entries driver
[    0.863814] sdhci: Secure Digital Host Controller Interface driver
[    0.870000] sdhci: Copyright(c) Pierre Ossman
[    0.874391] Synopsys Designware Multimedia Card Interface Driver
[    0.880692] sdhci-pltfm: SDHCI platform and OF driver helper
[    0.886585] mmc0: Unknown controller version (3). You may experience problems.
[    0.937945] mmc0: SDHCI controller on 700b0600.sdhci [700b0600.sdhci] using ADMA 64-bit
[    0.948473] ledtrig-cpu: registered to indicate activity on CPUs
[    0.955251] usbcore: registered new interface driver usbhid
[    0.960908] usbhid: USB HID core driver
[    0.966933] NET: Registered protocol family 17
[    0.971571] 9pnet: Installing 9P2000 support
[    0.975973] Key type dns_resolver registered
[    0.980889] registered taskstats version 1
[    0.985450] hctosys: unable to open rtc device (rtc0)
[    0.997668] ALSA device list:
[    1.000659]   No soundcards found.
[    1.004311] Waiting for root device PARTUUID=00000000-0001-0000-788f-a75600000000...
[    1.053235] mmc0: new high speed MMC card at address 0001
[    1.059080] mmcblk0: mmc0:0001 SDW16G 14.7 GiB 
[    1.063807] mmcblk0boot0: mmc0:0001 SDW16G partition 1 4.00 MiB
[    1.069934] mmcblk0boot1: mmc0:0001 SDW16G partition 2 4.00 MiB
[    1.076027] mmcblk0rpmb: mmc0:0001 SDW16G partition 3 4.00 MiB
[    1.084384]  mmcblk0: p1 p2 p3 p4 p5 p6 p7 p8 p9 p10 p11 p12 p13 p14 p15 p16 p17 p18
[    1.120077] EXT4-fs (mmcblk0p1): couldn't mount as ext3 due to feature incompatibilities
[    1.143772] EXT4-fs (mmcblk0p1): mounted filesystem with ordered data mode. Opts: (null)
[    1.151891] VFS: Mounted root (ext4 filesystem) on device 179:1.
[    1.161744] devtmpfs: mounted
[    1.165277] Freeing unused kernel memory: 960K (ffff800000bf0000 - ffff800000ce0000)
bash: cannot set terminal process group (-1): Inappropriate ioctl for device
bash: no job contr[    1.331236] random: fast init done
ol in this shell
root@(none):/# 