
U-Boot SPL 2014.01-00219-gc4d376f (Feb 18 2014 - 19:57:18)


U-Boot 2014.01-00219-gc4d376f (Feb 18 2014 - 19:57:18)

TEGRA30
Board: NVIDIA Beaver
I2C:   ready
DRAM:  2 GiB
MMC:   Tegra SD/MMC: 0, Tegra SD/MMC: 1
In:    serial
Out:   serial
Err:   serial
Net:   Net Initialization Skipped
No ethernet found.
Hit any key to stop autoboot:  2  0 
Tegra30 (Beaver) # 
Tegra30 (Beaver) # usb reset
(Re)start USB...
USB0:   USB EHCI 1.00
scanning bus 0 for devices... 2 USB Device(s) found
       scanning usb for storage devices... 0 Storage Device(s) found
       scanning usb for ethernet devices... 
Warning: asx0 using MAC address from net device
1 Ethernet Device(s) found
Tegra30 (Beaver) # setenv bootargs 'ignore_loglevel console=ttyS0,115200n8 rw root=/dev/mmcblk0p1 rootwait gpt debug noinitrd earlyprintk init=/bin/bash'
Tegra30 (Beaver) # setenv ipaddr 192.168.100.101; setenv serverip 192.168.100.1; setenv tftpserverip 192.168.100.1
Tegra30 (Beaver) # tftpboot 0x81000000 zImage.multi_v7_defconfig
Using asx0 device
TFTP from server 192.168.100.1; our IP address is 192.168.100.101
Filename 'zImage.multi_v7_defconfig'.
Load address: 0x81000000
Loading: *#################################################################
	 #################################################################
	 #################################################################
	 #################################################################
	 #################################################################
	 #################################################################
	 #################################################################
	 #######
	 3.4 MiB/s
done
Bytes transferred = 6781728 (677b20 hex)
Tegra30 (Beaver) # tftpboot 0x82000000 tegra30-beaver.dtb
Using asx0 device
TFTP from server 192.168.100.1; our IP address is 192.168.100.101
Filename 'tegra30-beaver.dtb'.
Load address: 0x82000000
Loading: *####
	 3.3 MiB/s
done
Bytes transferred = 51467 (c90b hex)
Tegra30 (Beaver) # bootz 0x81000000 - 0x82000000
Kernel image @ 0x81000000 [ 0x000000 - 0x677b20 ]
## Flattened Device Tree blob at 82000000
   Booting using the fdt blob at 0x82000000
   Loading Device Tree to 8fff0000, end 8ffff90a ... OK

Starting kernel ...

[    0.000000] Booting Linux on physical CPU 0x0
[    0.000000] Linux version 4.5.0-rc7-68768-gf6cede5 (pwalmsley@sellafield) (gcc version 4.7.3 20130328 (prerelease) (crosstool-NG linaro-1.13.1-4.7-2013.04-20130415 - Linaro GCC 2013.04) ) #1 SMP Sun Mar 6 15:03:56 PST 2016
[    0.000000] CPU: ARMv7 Processor [412fc099] revision 9 (ARMv7), cr=10c5387d
[    0.000000] CPU: PIPT / VIPT nonaliasing data cache, VIPT aliasing instruction cache
[    0.000000] Machine model: NVIDIA Tegra30 Beaver evaluation board
[    0.000000] debug: ignoring loglevel setting.
[    0.000000] cma: Reserved 64 MiB at 0xfb800000
[    0.000000] Memory policy: Data cache writealloc
[    0.000000] On node 0 totalpages: 524032
[    0.000000] free_area_init_node: node 0, pgdat c1070740, node_mem_map eeff8000
[    0.000000]   DMA zone: 1536 pages used for memmap
[    0.000000]   DMA zone: 0 pages reserved
[    0.000000]   DMA zone: 196608 pages, LIFO batch:31
[    0.000000]   HighMem zone: 327424 pages, LIFO batch:31
[    0.000000] PERCPU: Embedded 12 pages/cpu @eef93000 s18880 r8192 d22080 u49152
[    0.000000] pcpu-alloc: s18880 r8192 d22080 u49152 alloc=12*4096
[    0.000000] pcpu-alloc: [0] 0 [0] 1 [0] 2 [0] 3 
[    0.000000] Built 1 zonelists in Zone order, mobility grouping on.  Total pages: 522496
[    0.000000] Kernel command line: ignore_loglevel console=ttyS0,115200n8 rw root=/dev/mmcblk0p1 rootwait gpt debug noinitrd earlyprintk init=/bin/bash
[    0.000000] PID hash table entries: 4096 (order: 2, 16384 bytes)
[    0.000000] Dentry cache hash table entries: 131072 (order: 7, 524288 bytes)
[    0.000000] Inode-cache hash table entries: 65536 (order: 6, 262144 bytes)
[    0.000000] Memory: 1997812K/2096128K available (8499K kernel code, 1113K rwdata, 4044K rodata, 1100K init, 345K bss, 32780K reserved, 65536K cma-reserved, 1244160K highmem)
[    0.000000] Virtual kernel memory layout:
[    0.000000]     vector  : 0xffff0000 - 0xffff1000   (   4 kB)
[    0.000000]     fixmap  : 0xffc00000 - 0xfff00000   (3072 kB)
[    0.000000]     vmalloc : 0xf0800000 - 0xff800000   ( 240 MB)
[    0.000000]     lowmem  : 0xc0000000 - 0xf0000000   ( 768 MB)
[    0.000000]     pkmap   : 0xbfe00000 - 0xc0000000   (   2 MB)
[    0.000000]     modules : 0xbf000000 - 0xbfe00000   (  14 MB)
[    0.000000]       .text : 0xc0208000 - 0xc0e48d80   (12548 kB)
[    0.000000]       .init : 0xc0e49000 - 0xc0f5c000   (1100 kB)
[    0.000000]       .data : 0xc0f5c000 - 0xc1072740   (1114 kB)
[    0.000000]        .bss : 0xc1075000 - 0xc10cb6e0   ( 346 kB)
[    0.000000] SLUB: HWalign=64, Order=0-3, MinObjects=0, CPUs=4, Nodes=1
[    0.000000] Hierarchical RCU implementation.
[    0.000000] 	Build-time adjustment of leaf fanout to 32.
[    0.000000] 	RCU restricting CPUs from NR_CPUS=16 to nr_cpu_ids=4.
[    0.000000] RCU: Adjusting geometry for rcu_fanout_leaf=32, nr_cpu_ids=4
[    0.000000] NR_IRQS:16 nr_irqs:16 16
[    0.000000] /interrupt-controller@60004000: 160 interrupts forwarded to /interrupt-controller@50041000
[    0.000000] L2C: platform modifies aux control register: 0x02080000 -> 0x3e480001
[    0.000000] L2C: DT/platform modifies aux control register: 0x02080000 -> 0x3e480001
[    0.000000] L2C-310 erratum 769419 enabled
[    0.000000] L2C-310 enabling early BRESP for Cortex-A9
[    0.000000] L2C-310: enabling full line of zeros but not enabled in Cortex-A9
[    0.000000] L2C-310 dynamic clock gating enabled, standby mode enabled
[    0.000000] L2C-310 cache controller enabled, 8 ways, 1024 kB
[    0.000000] L2C-310: CACHE_ID 0x410000c7, AUX_CTRL 0x4e480001
[    0.000014] sched_clock: 32 bits at 1000kHz, resolution 1000ns, wraps every 2147483647500ns
[    0.000032] clocksource: timer_us: mask: 0xffffffff max_cycles: 0xffffffff, max_idle_ns: 1911260446275 ns
[    0.000041] Switching to timer-based delay loop, resolution 1000ns
[    0.002942] Console: colour dummy device 80x30
[    0.002967] Calibrating delay loop (skipped), value calculated using timer frequency.. 2.00 BogoMIPS (lpj=5000)
[    0.002976] pid_max: default: 32768 minimum: 301
[    0.003061] Mount-cache hash table entries: 2048 (order: 1, 8192 bytes)
[    0.003068] Mountpoint-cache hash table entries: 2048 (order: 1, 8192 bytes)
[    0.003490] CPU: Testing write buffer coherency: ok
[    0.003776] CPU0: thread -1, cpu 0, socket 0, mpidr 80000000
[    0.003850] Setting up static identity map for 0x80209000 - 0x80209098
[    0.006140] Tegra Revision: A03 SKU: 128 CPU Process: 4 SoC Process: 0
[    0.007373] CPU1: thread -1, cpu 1, socket 0, mpidr 80000001
[    0.008011] CPU2: thread -1, cpu 2, socket 0, mpidr 80000002
[    0.008645] CPU3: thread -1, cpu 3, socket 0, mpidr 80000003
[    0.008686] Brought up 4 CPUs
[    0.008698] SMP: Total of 4 processors activated (8.00 BogoMIPS).
[    0.008703] CPU: All CPU(s) started in SVC mode.
[    0.009289] devtmpfs: initialized
[    0.017119] VFP support v0.3: implementor 41 architecture 3 part 30 variant 9 rev 4
[    0.017808] clocksource: jiffies: mask: 0xffffffff max_cycles: 0xffffffff, max_idle_ns: 9556302231375000 ns
[    0.021229] pinctrl core: initialized pinctrl subsystem
[    0.022760] NET: Registered protocol family 16
[    0.024964] DMA: preallocated 256 KiB pool for atomic coherent allocations
[    0.039931] cpuidle: using governor menu
[    0.048165] No ATAGs?
[    0.048200] hw-breakpoint: found 5 (+1 reserved) breakpoint and 1 watchpoint registers.
[    0.048207] hw-breakpoint: maximum watchpoint size is 4 bytes.
[    0.051319] Serial: AMBA PL011 UART driver
[    0.052463] tegra-mc 7000f000.memory-controller: no memory timings for RAM code 3 registered
[    0.072945] vdd_5v_sata: Failed to request enable GPIO30: -517
[    0.073018] reg-fixed-voltage regulators:regulator@3: Failed to register regulator: -517
[    0.073128] usb1_vbus: Failed to request enable GPIO238: -517
[    0.073178] reg-fixed-voltage regulators:regulator@4: Failed to register regulator: -517
[    0.073283] usb3_vbus: Failed to request enable GPIO236: -517
[    0.073332] reg-fixed-voltage regulators:regulator@5: Failed to register regulator: -517
[    0.073486] sys_3v3_pexs: Failed to request enable GPIO95: -517
[    0.073536] reg-fixed-voltage regulators:regulator@7: Failed to register regulator: -517
[    0.075629] vgaarb: loaded
[    0.076230] SCSI subsystem initialized
[    0.076355] libata version 3.00 loaded.
[    0.076538] usbcore: registered new interface driver usbfs
[    0.076574] usbcore: registered new interface driver hub
[    0.076610] usbcore: registered new device driver usb
[    0.131728] pps_core: LinuxPPS API ver. 1 registered
[    0.131736] pps_core: Software ver. 5.3.6 - Copyright 2005-2007 Rodolfo Giometti <giometti@linux.it>
[    0.131753] PTP clock support registered
[    0.131906] EDAC MC: Ver: 3.0.0
[    0.133460] clocksource: Switched to clocksource timer_us
[    0.139304] NET: Registered protocol family 2
[    0.139700] TCP established hash table entries: 8192 (order: 3, 32768 bytes)
[    0.139753] TCP bind hash table entries: 8192 (order: 4, 65536 bytes)
[    0.139837] TCP: Hash tables configured (established 8192 bind 8192)
[    0.139921] UDP hash table entries: 512 (order: 2, 16384 bytes)
[    0.139985] UDP-Lite hash table entries: 512 (order: 2, 16384 bytes)
[    0.140168] NET: Registered protocol family 1
[    0.140448] RPC: Registered named UNIX socket transport module.
[    0.140455] RPC: Registered udp transport module.
[    0.140459] RPC: Registered tcp transport module.
[    0.140464] RPC: Registered tcp NFSv4.1 backchannel transport module.
[    0.140484] PCI: CLS 0 bytes, default 64
[    0.141243] hw perfevents: enabled with armv7_cortex_a9 PMU driver, 7 counters available
[    0.142181] futex hash table entries: 1024 (order: 4, 65536 bytes)
[    0.148062] squashfs: version 4.0 (2009/01/31) Phillip Lougher
[    0.148583] NFS: Registering the id_resolver key type
[    0.148618] Key type id_resolver registered
[    0.148622] Key type id_legacy registered
[    0.148672] ntfs: driver 2.1.32 [Flags: R/O].
[    0.149506] bounce: pool size: 64 pages
[    0.149626] Block layer SCSI generic (bsg) driver version 0.4 loaded (major 249)
[    0.149639] io scheduler noop registered
[    0.149647] io scheduler deadline registered
[    0.149668] io scheduler cfq registered (default)
[    0.154956] tegra30-pinctrl 70000868.pinmux: invalid group "sdmmc3_dat6_pd3" for function "rsvd1"
[    0.154971] tegra30-pinctrl 70000868.pinmux: invalid group "sdmmc3_dat7_pd4" for function "rsvd1"
[    0.154985] tegra30-pinctrl 70000868.pinmux: invalid group "vi_vsync_pd6" for function "rsvd1"
[    0.154995] tegra30-pinctrl 70000868.pinmux: invalid group "vi_hsync_pd7" for function "rsvd1"
[    0.155461] tegra30-pinctrl 70000868.pinmux: invalid group "hdmi_int_pn7" for function "rsvd1"
[    0.155504] tegra30-pinctrl 70000868.pinmux: invalid group "ulpi_data3_po4" for function "rsvd1"
[    0.155829] tegra30-pinctrl 70000868.pinmux: invalid group "vi_d10_pt2" for function "rsvd1"
[    0.155841] tegra30-pinctrl 70000868.pinmux: invalid group "vi_d11_pt3" for function "rsvd1"
[    0.155853] tegra30-pinctrl 70000868.pinmux: invalid group "vi_d0_pt4" for function "rsvd1"
[    0.155894] tegra30-pinctrl 70000868.pinmux: invalid group "pu0" for function "rsvd1"
[    0.155924] tegra30-pinctrl 70000868.pinmux: invalid group "pu3" for function "rsvd1"
[    0.155954] tegra30-pinctrl 70000868.pinmux: invalid group "pu6" for function "rsvd1"
[    0.155994] tegra30-pinctrl 70000868.pinmux: invalid group "pv3" for function "rsvd1"
[    0.156486] tegra30-pinctrl 70000868.pinmux: invalid group "pbb0" for function "rsvd1"
[    0.156598] tegra30-pinctrl 70000868.pinmux: invalid group "pcc1" for function "rsvd1"
[    0.161671] tegra-pcie 3000.pcie-controller: 2x3 configuration
[    0.161793] vdd_1v5_gen: supplied by vdd_5v_in
[    0.161838] vdd_pexa,vdd_pexb: supplied by vdd_1v5_gen
[    0.161935] tegra-pcie 3000.pcie-controller: Failed to get supply 'hvdd-pex': -517
[    0.165823] tegra-apbdma 6000a000.dma: Tegra20 APB DMA driver register 32 channels
[    0.166804] tegra-pmc 7000e400.pmc: i2c-thermtrip node not found, emergency thermal reset disabled.
[    0.199166] Serial: 8250/16550 driver, 4 ports, IRQ sharing disabled
[    0.201260] console [ttyS0] disabled
[    0.201298] 70006000.serial: ttyS0 at MMIO 0x70006000 (irq = 331, base_baud = 25500000) is a Tegra
[    1.115669] console [ttyS0] enabled
[    1.119646] SuperH (H)SCI(F) driver initialized
[    1.124751] msm_serial: driver initialized
[    1.128972] STMicroelectronics ASC driver initialized
[    1.135635] [drm] Initialized drm 1.1.0 20060810
[    1.141515] tegra-hdmi 54280000.hdmi: failed to get HDMI regulator
[    1.155260] brd: module loaded
[    1.162064] loop: module loaded
[    1.170039] m25p80 spi32766.1: w25q32 (4096 Kbytes)
[    1.176799] libphy: Fixed MDIO Bus: probed
[    1.181327] CAN device driver interface
[    1.186294] igb: Intel(R) Gigabit Ethernet Network Driver - version 5.3.0-k
[    1.193249] igb: Copyright (c) 2007-2014 Intel Corporation.
[    1.200500] pegasus: v0.9.3 (2013/04/25), Pegasus/Pegasus II USB Ethernet driver
[    1.207941] usbcore: registered new interface driver pegasus
[    1.213633] usbcore: registered new interface driver asix
[    1.219051] usbcore: registered new interface driver ax88179_178a
[    1.225161] usbcore: registered new interface driver cdc_ether
[    1.231027] usbcore: registered new interface driver smsc75xx
[    1.236801] usbcore: registered new interface driver smsc95xx
[    1.242565] usbcore: registered new interface driver net1080
[    1.248241] usbcore: registered new interface driver cdc_subset
[    1.254177] usbcore: registered new interface driver zaurus
[    1.259801] usbcore: registered new interface driver cdc_ncm
[    1.266786] ehci_hcd: USB 2.0 'Enhanced' Host Controller (EHCI) Driver
[    1.273314] ehci-pci: EHCI PCI platform driver
[    1.277790] ehci-platform: EHCI generic platform driver
[    1.283138] ehci-omap: OMAP-EHCI Host Controller driver
[    1.288437] ehci-orion: EHCI orion driver
[    1.292520] SPEAr-ehci: EHCI SPEAr driver
[    1.296607] ehci-st: EHCI STMicroelectronics driver
[    1.301558] ehci-exynos: EHCI EXYNOS driver
[    1.305828] ehci-atmel: EHCI Atmel driver
[    1.309912] tegra-ehci: Tegra EHCI driver
[    1.314250] ohci_hcd: USB 1.1 'Open' Host Controller (OHCI) Driver
[    1.320439] ohci-pci: OHCI PCI platform driver
[    1.324912] ohci-platform: OHCI generic platform driver
[    1.330236] ohci-omap3: OHCI OMAP3 driver
[    1.334321] SPEAr-ohci: OHCI SPEAr driver
[    1.338402] ohci-st: OHCI STMicroelectronics driver
[    1.343356] ohci-atmel: OHCI Atmel driver
[    1.347680] usbcore: registered new interface driver usb-storage
[    1.354630] mousedev: PS/2 mouse device common for all mice
[    1.362234] tegra_rtc 7000e000.rtc: rtc core: registered 7000e000.rtc as rtc1
[    1.369407] tegra_rtc 7000e000.rtc: Tegra internal Real Time Clock
[    1.388094] tps65910-rtc tps65910-rtc: rtc core: registered tps65910-rtc as rtc0
[    1.395680] i2c /dev entries driver
[    1.405675] sdhci: Secure Digital Host Controller Interface driver
[    1.411858] sdhci: Copyright(c) Pierre Ossman
[    1.417124] Synopsys Designware Multimedia Card Interface Driver
[    1.423791] sdhci-pltfm: SDHCI platform and OF driver helper
[    1.429974] sdhci-tegra 78000000.sdhci: Got CD GPIO
[    1.434859] sdhci-tegra 78000000.sdhci: Got WP GPIO
[    1.440879] mmc0: Invalid maximum block size, assuming 512 bytes
[    1.483543] mmc0: SDHCI controller on 78000000.sdhci [78000000.sdhci] using ADMA
[    1.494157] mmc1: Invalid maximum block size, assuming 512 bytes
[    1.533498] mmc1: SDHCI controller on 78000600.sdhci [78000600.sdhci] using ADMA
[    1.542035] ledtrig-cpu: registered to indicate activity on CPUs
[    1.548173] usbcore: registered new interface driver usbhid
[    1.553743] usbhid: USB HID core driver
[    1.560453] NET: Registered protocol family 10
[    1.565493] sit: IPv6 over IPv4 tunneling driver
[    1.572586] NET: Registered protocol family 17
[    1.577044] can: controller area network core (rev 20120528 abi 9)
[    1.583259] NET: Registered protocol family 29
[    1.587705] can: raw protocol (rev 20120528)
[    1.591973] can: broadcast manager protocol (rev 20120528 t)
[    1.597629] can: netlink gateway (rev 20130117) max_hops=1
[    1.603383] Key type dns_resolver registered
[    1.608054] ThumbEE CPU extension supported.
[    1.612338] Registering SWP/SWPB emulation handler
[    1.652588] tegra-pcie 3000.pcie-controller: 2x3 configuration
[    1.658594] sys_3v3,vdd_3v3_alw: supplied by vdd_5v_in
[    1.663750] sys_3v3_pexs: supplied by sys_3v3,vdd_3v3_alw
[    1.672396] tegra-pcie 3000.pcie-controller: probing port 0, using 2 lanes
[    1.696860] mmc1: new high speed MMC card at address 0001
[    1.703386] mmcblk0: mmc1:0001 SEM16G 14.8 GiB 
[    1.709262] mmcblk0boot0: mmc1:0001 SEM16G partition 1 1.00 MiB
[    1.716093] mmcblk0boot1: mmc1:0001 SEM16G partition 2 1.00 MiB
[    1.723344] mmcblk0rpmb: mmc1:0001 SEM16G partition 3 128 KiB
[    1.735378] Primary GPT is invalid, using alternate GPT.
[    1.737556] tegra-pcie 3000.pcie-controller: probing port 2, using 2 lanes
[    1.747557]  mmcblk0: p1 p2 p3 p4 p5
[    2.141383] tegra-pcie 3000.pcie-controller: link 2 down, retrying
[    2.551353] tegra-pcie 3000.pcie-controller: link 2 down, retrying
[    2.961313] tegra-pcie 3000.pcie-controller: link 2 down, retrying
[    2.969505] tegra-pcie 3000.pcie-controller: link 2 down, ignoring
[    2.975818] tegra-pcie 3000.pcie-controller: PCI host bridge to bus 0000:00
[    2.982778] pci_bus 0000:00: root bus resource [mem 0x20000000-0x27ffffff]
[    2.989643] pci_bus 0000:00: root bus resource [mem 0x28000000-0x3fffffff pref]
[    2.996940] pci_bus 0000:00: root bus resource [bus 00-ff]
[    3.002417] pci_bus 0000:00: root bus resource [io  0x1000-0xffff]
[    3.008609] pci 0000:00:01.0: [10de:0e1c] type 01 class 0x060400
[    3.014668] pci 0000:00:01.0: PME# supported from D0 D1 D2 D3hot D3cold
[    3.021425] PCI: bus0: Fast back to back transfers disabled
[    3.026996] pci 0000:00:01.0: bridge configuration invalid ([bus 00-00]), reconfiguring
[    3.035091] pci 0000:01:00.0: [10ec:8168] type 00 class 0x020000
[    3.041105] pci 0000:01:00.0: reg 0x10: [io  0x0000-0x00ff]
[    3.046684] pci 0000:01:00.0: reg 0x18: [mem 0x00000000-0x00000fff 64bit pref]
[    3.053904] pci 0000:01:00.0: reg 0x20: [mem 0x00000000-0x00003fff 64bit pref]
[    3.061185] pci 0000:01:00.0: supports D1 D2
[    3.065450] pci 0000:01:00.0: PME# supported from D0 D1 D2 D3hot D3cold
[    3.078486] PCI: bus1: Fast back to back transfers disabled
[    3.084056] pci_bus 0000:01: busn_res: [bus 01-ff] end is updated to 01
[    3.090724] pci 0000:00:01.0: BAR 9: assigned [mem 0x28000000-0x280fffff 64bit pref]
[    3.098462] pci 0000:00:01.0: BAR 7: assigned [io  0x1000-0x1fff]
[    3.104550] pci 0000:01:00.0: BAR 4: assigned [mem 0x28000000-0x28003fff 64bit pref]
[    3.112292] pci 0000:01:00.0: BAR 2: assigned [mem 0x28004000-0x28004fff 64bit pref]
[    3.120031] pci 0000:01:00.0: BAR 0: assigned [io  0x1000-0x10ff]
[    3.126118] pci 0000:00:01.0: PCI bridge to [bus 01]
[    3.131076] pci 0000:00:01.0:   bridge window [io  0x1000-0x1fff]
[    3.137160] pci 0000:00:01.0:   bridge window [mem 0x28000000-0x280fffff 64bit pref]
[    3.144905] pci 0000:00:01.0: nv_msi_ht_cap_quirk didn't locate host bridge
[    3.151963] pcieport 0000:00:01.0: enabling device (0140 -> 0143)
[    3.158189] pcieport 0000:00:01.0: Signaling PME through PCIe PME interrupt
[    3.165144] pci 0000:01:00.0: Signaling PME through PCIe PME interrupt
[    3.171664] pcie_pme 0000:00:01.0:pcie01: service driver pcie_pme loaded
[    3.178546] r8169 Gigabit Ethernet driver 2.3LK-NAPI loaded
[    3.184129] r8169 0000:01:00.0: enabling device (0140 -> 0143)
[    3.190841] r8169 0000:01:00.0 eth0: RTL8168evl/8111evl at 0xf09f2000, 02:04:4b:01:60:a6, XID 0c900800 IRQ 375
[    3.200842] r8169 0000:01:00.0 eth0: jumbo features [frames: 9200 bytes, tx checksumming: ko]
[    3.210305] +VDD_5V_HDMI: supplied by sys_3v3,vdd_3v3_alw
[    3.215797] vdd_1v8_gen: supplied by vdd_5v_in
[    3.223259] [drm] Supports vblank timestamp caching Rev 2 (21.10.2013).
[    3.229877] [drm] No driver support for vblank timestamp query.
[    3.235816] drm drm: No connectors reported connected with modes
[    3.241821] [drm] Cannot find any crtc or sizes - going 1024x768
[    3.270310] Console: switching to colour frame buffer device 128x48
[    3.282821] drm drm: fb0:  frame buffer device
[    3.298852] [drm] Initialized tegra 0.0.0 20120330 on minor 0
[    3.307549] usb3_vbus: supplied by vdd_5v_in
[    3.314006] utmi_phy_clk_enable: timeout waiting for phy to stabilize
[    3.320465] tegra-ehci 7d004000.usb: EHCI Host Controller
[    3.325872] tegra-ehci 7d004000.usb: new USB bus registered, assigned bus number 1
[    3.333706] tegra-ehci 7d004000.usb: irq 343, io mem 0x7d004000
[    3.348864] tegra-ehci 7d004000.usb: USB 2.0 started, EHCI 1.00
[    3.356074] hub 1-0:1.0: USB hub found
[    3.359844] hub 1-0:1.0: 1 port detected
[    3.364775] tegra-ehci 7d008000.usb: EHCI Host Controller
[    3.370184] tegra-ehci 7d008000.usb: new USB bus registered, assigned bus number 2
[    3.377923] tegra-ehci 7d008000.usb: irq 344, io mem 0x7d008000
[    3.393857] tegra-ehci 7d008000.usb: USB 2.0 started, EHCI 1.00
[    3.400993] hub 2-0:1.0: USB hub found
[    3.404760] hub 2-0:1.0: 1 port detected
[    3.413238] tps65910-rtc tps65910-rtc: setting system clock to 2000-01-01 00:00:02 UTC (946684802)
[    3.427313] vdd_sata,avdd_plle: disabling
[    3.431719] usb1_vbus: disabling
[    3.437645] EXT4-fs (mmcblk0p1): mounting ext3 file system using the ext4 subsystem
[    3.512774] EXT4-fs (mmcblk0p1): warning: mounting fs with errors, running e2fsck is recommended
[    3.523112] EXT4-fs (mmcblk0p1): recovery complete
[    3.529093] EXT4-fs (mmcblk0p1): mounted filesystem with ordered data mode. Opts: (null)
[    3.537209] VFS: Mounted root (ext3 filesystem) on device 179:1.
[    3.546349] devtmpfs: mounted
[    3.550251] Freeing unused kernel memory: 1100K (c0e49000 - c0f5c000)
bash: cannot set terminal process group (-1): Inappropriate ioctl for device
bash: no job control in this shell
root@(none):/# [    3.718896] usb 2-1: new high-speed USB device number 2 using tegra-ehci
