
U-Boot SPL 2014.01-00219-gc4d376f (Feb 18 2014 - 19:57:32)


U-Boot 2014.01-00219-gc4d376f (Feb 18 2014 - 19:57:32)

TEGRA114
Board: NVIDIA Dalmore
I2C:   ready
DRAM:  2 GiB
MMC:   Tegra SD/MMC: 0, Tegra SD/MMC: 1
In:    serial
Out:   serial
Err:   serial
Net:   Net Initialization Skipped
No ethernet found.
Hit any key to stop autoboot:  2  0 
Tegra114 (Dalmore) # 
Tegra114 (Dalmore) # usb reset
(Re)start USB...
USB0:   USB EHCI 1.10
scanning bus 0 for devices... 2 USB Device(s) found
       scanning usb for storage devices... 0 Storage Device(s) found
       scanning usb for ethernet devices... 
Warning: asx0 using MAC address from net device
1 Ethernet Device(s) found
Tegra114 (Dalmore) # setenv bootargs 'ignore_loglevel console=ttyS0,115200n8 rw root=PARTUUID=7369c667-ff51-ec4a-29cd-baabf2fbe346 rootwait gpt debug earlyprintk init=/bin/bash'
Tegra114 (Dalmore) # setenv ipaddr 192.168.100.100; setenv serverip 192.168.100.1; setenv tftpserverip 192.168.100.1
Tegra114 (Dalmore) # tftpboot 0x81000000 zImage.multi_v7_defconfig
Using asx0 device
TFTP from server 192.168.100.1; our IP address is 192.168.100.100
Filename 'zImage.multi_v7_defconfig'.
Load address: 0x81000000
Loading: *#################################################################
	 #################################################################
	 #################################################################
	 #################################################################
	 #################################################################
	 #################################################################
	 #################################################################
	 #################
	 3.1 MiB/s
done
Bytes transferred = 6919032 (699378 hex)
Tegra114 (Dalmore) # tftpboot 0x82000000 tegra114-dalmore.dtb
Using asx0 device
TFTP from server 192.168.100.1; our IP address is 192.168.100.100
Filename 'tegra114-dalmore.dtb'.
Load address: 0x82000000
Loading: *###
	 2.8 MiB/s
done
Bytes transferred = 34894 (884e hex)
Tegra114 (Dalmore) # bootz 0x81000000 - 0x82000000
Kernel image @ 0x81000000 [ 0x000000 - 0x699378 ]
## Flattened Device Tree blob at 82000000
   Booting using the fdt blob at 0x82000000
   Loading Device Tree to 8fff4000, end 8ffff84d ... OK

Starting kernel ...

[    0.000000] Booting Linux on physical CPU 0x0
[    0.000000] Linux version 4.6.0-rc6-83187-g04974df (pwalmsley@sellafield) (gcc version 4.7.3 20130328 (prerelease) (crosstool-NG linaro-1.13.1-4.7-2013.04-20130415 - Linaro GCC 2013.04) ) #1 SMP Tue May 3 07:33:44 PDT 2016
[    0.000000] CPU: ARMv7 Processor [412fc0f2] revision 2 (ARMv7), cr=10c5387d
[    0.000000] CPU: div instructions available: patching division code
[    0.000000] CPU: PIPT / VIPT nonaliasing data cache, PIPT instruction cache
[    0.000000] Machine model: NVIDIA Tegra114 Dalmore evaluation board
[    0.000000] debug: ignoring loglevel setting.
[    0.000000] cma: Reserved 64 MiB at 0xfb800000
[    0.000000] Memory policy: Data cache writealloc
[    0.000000] On node 0 totalpages: 524032
[    0.000000] free_area_init_node: node 0, pgdat c141b3c0, node_mem_map eeff8000
[    0.000000]   DMA zone: 1536 pages used for memmap
[    0.000000]   DMA zone: 0 pages reserved
[    0.000000]   DMA zone: 196608 pages, LIFO batch:31
[    0.000000]   HighMem zone: 327424 pages, LIFO batch:31
[    0.000000] percpu: Embedded 12 pages/cpu @eefa3000 s19776 r8192 d21184 u49152
[    0.000000] pcpu-alloc: s19776 r8192 d21184 u49152 alloc=12*4096
[    0.000000] pcpu-alloc: [0] 0 [0] 1 [0] 2 [0] 3 
[    0.000000] Built 1 zonelists in Zone order, mobility grouping on.  Total pages: 522496
[    0.000000] Kernel command line: ignore_loglevel console=ttyS0,115200n8 rw root=PARTUUID=7369c667-ff51-ec4a-29cd-baabf2fbe346 rootwait gpt debug earlyprintk init=/bin/bash
[    0.000000] PID hash table entries: 4096 (order: 2, 16384 bytes)
[    0.000000] Dentry cache hash table entries: 131072 (order: 7, 524288 bytes)
[    0.000000] Inode-cache hash table entries: 65536 (order: 6, 262144 bytes)
[    0.000000] Memory: 1995132K/2096128K available (9522K kernel code, 1141K rwdata, 4108K rodata, 2048K init, 341K bss, 35460K reserved, 65536K cma-reserved, 1244160K highmem)
[    0.000000] Virtual kernel memory layout:
[    0.000000]     vector  : 0xffff0000 - 0xffff1000   (   4 kB)
[    0.000000]     fixmap  : 0xffc00000 - 0xfff00000   (3072 kB)
[    0.000000]     vmalloc : 0xf0800000 - 0xff800000   ( 240 MB)
[    0.000000]     lowmem  : 0xc0000000 - 0xf0000000   ( 768 MB)
[    0.000000]     pkmap   : 0xbfe00000 - 0xc0000000   (   2 MB)
[    0.000000]     modules : 0xbf000000 - 0xbfe00000   (  14 MB)
[    0.000000]       .text : 0xc0208000 - 0xc104fa90   (14623 kB)
[    0.000000]       .init : 0xc1100000 - 0xc1300000   (2048 kB)
[    0.000000]       .data : 0xc1300000 - 0xc141d400   (1141 kB)
[    0.000000]        .bss : 0xc141f000 - 0xc1474518   ( 342 kB)
[    0.000000] SLUB: HWalign=64, Order=0-3, MinObjects=0, CPUs=4, Nodes=1
[    0.000000] Hierarchical RCU implementation.
[    0.000000] 	Build-time adjustment of leaf fanout to 32.
[    0.000000] 	RCU restricting CPUs from NR_CPUS=16 to nr_cpu_ids=4.
[    0.000000] RCU: Adjusting geometry for rcu_fanout_leaf=32, nr_cpu_ids=4
[    0.000000] NR_IRQS:16 nr_irqs:16 16
[    0.000000] /interrupt-controller@60004000: 160 interrupts forwarded to /interrupt-controller@50041000
[    0.000000] Tegra clk 127: register failed with -17
[    0.000009] sched_clock: 32 bits at 1000kHz, resolution 1000ns, wraps every 2147483647500ns
[    0.000027] clocksource: timer_us: mask: 0xffffffff max_cycles: 0xffffffff, max_idle_ns: 1911260446275 ns
[    0.000041] Switching to timer-based delay loop, resolution 1000ns
[    0.003135] Architected cp15 timer(s) running at 12.00MHz (virt).
[    0.003154] clocksource: arch_sys_counter: mask: 0xffffffffffffff max_cycles: 0x2c47f4ee7, max_idle_ns: 440795202497 ns
[    0.003172] sched_clock: 56 bits at 12MHz, resolution 83ns, wraps every 4398046511096ns
[    0.003185] Switching to timer-based delay loop, resolution 83ns
[    0.003561] Console: colour dummy device 80x30
[    0.003587] Calibrating delay loop (skipped), value calculated using timer frequency.. 24.00 BogoMIPS (lpj=60000)
[    0.003602] pid_max: default: 32768 minimum: 301
[    0.003701] Mount-cache hash table entries: 2048 (order: 1, 8192 bytes)
[    0.003713] Mountpoint-cache hash table entries: 2048 (order: 1, 8192 bytes)
[    0.004341] CPU: Testing write buffer coherency: ok
[    0.004556] /cpus/cpu@0 missing clock-frequency property
[    0.004584] /cpus/cpu@1 missing clock-frequency property
[    0.004612] /cpus/cpu@2 missing clock-frequency property
[    0.004641] /cpus/cpu@3 missing clock-frequency property
[    0.004653] CPU0: thread -1, cpu 0, socket 0, mpidr 80000000
[    0.004703] Setting up static identity map for 0x80300000 - 0x80300098
[    0.006977] Tegra Revision: A01 SKU: 0 CPU Process: 1 SoC Process: 0
[    0.008429] CPU1: thread -1, cpu 1, socket 0, mpidr 80000001
[    0.009140] CPU2: thread -1, cpu 2, socket 0, mpidr 80000002
[    0.009830] CPU3: thread -1, cpu 3, socket 0, mpidr 80000003
[    0.009916] Brought up 4 CPUs
[    0.009936] SMP: Total of 4 processors activated (96.00 BogoMIPS).
[    0.009944] CPU: All CPU(s) started in SVC mode.
[    0.011427] devtmpfs: initialized
[    0.022023] VFP support v0.3: implementor 41 architecture 4 part 30 variant f rev 0
[    0.022655] clocksource: jiffies: mask: 0xffffffff max_cycles: 0xffffffff, max_idle_ns: 9556302231375000 ns
[    0.024264] pinctrl core: initialized pinctrl subsystem
[    0.026015] NET: Registered protocol family 16
[    0.028195] DMA: preallocated 256 KiB pool for atomic coherent allocations
[    0.043062] cpuidle: using governor menu
[    0.057955] No ATAGs?
[    0.057992] hw-breakpoint: found 5 (+1 reserved) breakpoint and 4 watchpoint registers.
[    0.058003] hw-breakpoint: maximum watchpoint size is 8 bytes.
[    0.063256] Serial: AMBA PL011 UART driver
[    0.064673] tegra-mc 70019000.memory-controller: no memory timings for RAM code 3 registered
[    0.092901] dvdd_ts: Failed to request enable GPIO61: -517
[    0.092918] reg-fixed-voltage regulators:regulator@1: Failed to register regulator: -517
[    0.093013] usb1_vbus: Failed to request enable GPIO108: -517
[    0.093027] reg-fixed-voltage regulators:regulator@3: Failed to register regulator: -517
[    0.093118] usb2_vbus: Failed to request enable GPIO86: -517
[    0.093131] reg-fixed-voltage regulators:regulator@4: Failed to register regulator: -517
[    0.093562] VDD_5V0_HDMI_CON: Failed to request enable GPIO81: -517
[    0.093577] reg-fixed-voltage regulators:regulator@7: Failed to register regulator: -517
[    0.096657] vgaarb: loaded
[    0.097702] SCSI subsystem initialized
[    0.097883] libata version 3.00 loaded.
[    0.098199] usbcore: registered new interface driver usbfs
[    0.098291] usbcore: registered new interface driver hub
[    0.098369] usbcore: registered new device driver usb
[    0.102054] tps65090 2-0048: No cache defaults, reading back from HW
[    0.108224] genirq: Setting trigger mode 8 for irq 341 failed (irq_chip_set_type_parent+0x0/0x28)
[    0.108246] palmas 2-0058: Irq flag is 0x00000000
[    0.111465] palmas 2-0058: Muxing GPIO ff, PWM 0, LED 0
[    0.121308] sdhci-vdd-sd-slot: ramp_delay not set
[    0.146339] pps_core: LinuxPPS API ver. 1 registered
[    0.146349] pps_core: Software ver. 5.3.6 - Copyright 2005-2007 Rodolfo Giometti <giometti@linux.it>
[    0.146380] PTP clock support registered
[    0.146610] EDAC MC: Ver: 3.0.0
[    0.149200] clocksource: Switched to clocksource arch_sys_counter
[    0.160075] NET: Registered protocol family 2
[    0.160609] TCP established hash table entries: 8192 (order: 3, 32768 bytes)
[    0.160707] TCP bind hash table entries: 8192 (order: 4, 65536 bytes)
[    0.160894] TCP: Hash tables configured (established 8192 bind 8192)
[    0.160949] UDP hash table entries: 512 (order: 2, 16384 bytes)
[    0.160990] UDP-Lite hash table entries: 512 (order: 2, 16384 bytes)
[    0.161172] NET: Registered protocol family 1
[    0.161431] RPC: Registered named UNIX socket transport module.
[    0.161440] RPC: Registered udp transport module.
[    0.161448] RPC: Registered tcp transport module.
[    0.161455] RPC: Registered tcp NFSv4.1 backchannel transport module.
[    0.161476] PCI: CLS 0 bytes, default 64
[    0.163783] futex hash table entries: 1024 (order: 4, 65536 bytes)
[    0.164408] workingset: timestamp_bits=28 max_order=19 bucket_order=0
[    0.176539] squashfs: version 4.0 (2009/01/31) Phillip Lougher
[    0.177466] NFS: Registering the id_resolver key type
[    0.177521] Key type id_resolver registered
[    0.177530] Key type id_legacy registered
[    0.177596] ntfs: driver 2.1.32 [Flags: R/O].
[    0.179010] bounce: pool size: 64 pages
[    0.179272] Block layer SCSI generic (bsg) driver version 0.4 loaded (major 248)
[    0.179291] io scheduler noop registered
[    0.179307] io scheduler deadline registered
[    0.179346] io scheduler cfq registered (default)
[    0.201395] vdd-lcd-bl: supplied by vdd_ac_bat
[    0.208032] tegra-apbdma 6000a000.dma: Tegra20 APB DMA driver register 32 channels
[    0.209963] tegra-pmc 7000e400.pmc: i2c-thermtrip node not found, emergency thermal reset disabled.
[    0.275266] Serial: 8250/16550 driver, 4 ports, IRQ sharing disabled
[    0.278314] console [ttyS0] disabled
[    0.278350] 70006300.serial: ttyS0 at MMIO 0x70006300 (irq = 329, base_baud = 25500000) is a Tegra
[    1.094951] console [ttyS0] enabled
[    1.099255] SuperH (H)SCI(F) driver initialized
[    1.104780] msm_serial: driver initialized
[    1.109070] STMicroelectronics ASC driver initialized
[    1.116473] [drm] Initialized drm 1.1.0 20060810
[    1.124085] tegra-hdmi 54280000.hdmi: failed to get HDMI regulator
[    1.130837] vdd-ao: supplied by vdd_ac_bat
[    1.135161] vddio-1v8: supplied by vdd-ao
[    1.139556] avdd-dsi-csi: supplied by vddio-1v8
[    1.147957] vdd-sys-3v3: supplied by vdd_ac_bat
[    1.152725] avdd-lcd: supplied by vdd-sys-3v3
[    1.168768] brd: module loaded
[    1.177998] loop: module loaded
[    1.197682] m25p80 spi32766.0: w25q32dw (4096 Kbytes)
[    1.206396] libphy: Fixed MDIO Bus: probed
[    1.211240] CAN device driver interface
[    1.217067] igb: Intel(R) Gigabit Ethernet Network Driver - version 5.3.0-k
[    1.224035] igb: Copyright (c) 2007-2014 Intel Corporation.
[    1.232806] pegasus: v0.9.3 (2013/04/25), Pegasus/Pegasus II USB Ethernet driver
[    1.240263] usbcore: registered new interface driver pegasus
[    1.245999] usbcore: registered new interface driver asix
[    1.251459] usbcore: registered new interface driver ax88179_178a
[    1.257605] usbcore: registered new interface driver cdc_ether
[    1.263511] usbcore: registered new interface driver smsc75xx
[    1.269330] usbcore: registered new interface driver smsc95xx
[    1.275129] usbcore: registered new interface driver net1080
[    1.280843] usbcore: registered new interface driver cdc_subset
[    1.286823] usbcore: registered new interface driver zaurus
[    1.292485] usbcore: registered new interface driver cdc_ncm
[    1.300089] ehci_hcd: USB 2.0 'Enhanced' Host Controller (EHCI) Driver
[    1.306630] ehci-pci: EHCI PCI platform driver
[    1.311132] ehci-platform: EHCI generic platform driver
[    1.316574] ehci-omap: OMAP-EHCI Host Controller driver
[    1.321948] ehci-orion: EHCI orion driver
[    1.326108] SPEAr-ehci: EHCI SPEAr driver
[    1.330273] ehci-st: EHCI STMicroelectronics driver
[    1.335304] ehci-exynos: EHCI EXYNOS driver
[    1.339656] ehci-atmel: EHCI Atmel driver
[    1.343804] tegra-ehci: Tegra EHCI driver
[    1.348154] ohci_hcd: USB 1.1 'Open' Host Controller (OHCI) Driver
[    1.354359] ohci-pci: OHCI PCI platform driver
[    1.358847] ohci-platform: OHCI generic platform driver
[    1.364262] ohci-omap3: OHCI OMAP3 driver
[    1.368411] SPEAr-ohci: OHCI SPEAr driver
[    1.372578] ohci-st: OHCI STMicroelectronics driver
[    1.377612] ohci-atmel: OHCI Atmel driver
[    1.382382] usbcore: registered new interface driver usb-storage
[    1.390105] mousedev: PS/2 mouse device common for all mice
[    1.400765] palmas-rtc 7000d000.i2c:tps65913@58:rtc: rtc core: registered 7000d000.i2c:tps659 as rtc0
[    1.411903] tegra_rtc 7000e000.rtc: rtc core: registered 7000e000.rtc as rtc1
[    1.419095] tegra_rtc 7000e000.rtc: Tegra internal Real Time Clock
[    1.425858] i2c /dev entries driver
[    1.433516] sbs-battery 0-000b: sbs_probe: Failed to get device status
[    1.440070] sbs-battery: probe of 0-000b failed with error -121
[    1.449416] vdd-sensor-2v85: supplied by vdd-sys-3v3
[    1.462800] sdhci: Secure Digital Host Controller Interface driver
[    1.468991] sdhci: Copyright(c) Pierre Ossman
[    1.474969] Synopsys Designware Multimedia Card Interface Driver
[    1.482108] sdhci-pltfm: SDHCI platform and OF driver helper
[    1.488544] sdhci-tegra 78000400.sdhci: Got CD GPIO
[    1.493449] sdhci-tegra 78000400.sdhci: Got WP GPIO
[    1.499528] mmc0: Invalid maximum block size, assuming 512 bytes
[    1.539339] mmc0: SDHCI controller on 78000400.sdhci [78000400.sdhci] using ADMA
[    1.547062] mmc1: Invalid maximum block size, assuming 512 bytes
[    1.594214] mmc1: SDHCI controller on 78000600.sdhci [78000600.sdhci] using ADMA
[    1.603405] ledtrig-cpu: registered to indicate activity on CPUs
[    1.609789] usbcore: registered new interface driver usbhid
[    1.615372] usbhid: USB HID core driver
[    1.624996] NET: Registered protocol family 10
[    1.630195] sit: IPv6 over IPv4 tunneling driver
[    1.635559] NET: Registered protocol family 17
[    1.640038] can: controller area network core (rev 20120528 abi 9)
[    1.646291] NET: Registered protocol family 29
[    1.650755] can: raw protocol (rev 20120528)
[    1.655042] can: broadcast manager protocol (rev 20120528 t)
[    1.660726] can: netlink gateway (rev 20130117) max_hops=1
[    1.666630] Key type dns_resolver registered
[    1.671562] ThumbEE CPU extension supported.
[    1.675863] Registering SWP/SWPB emulation handler
[    1.688504] vdd-sys-5v0: supplied by vdd_ac_bat
[    1.694244] VDD_5V0_HDMI_CON: supplied by vdd-sys-5v0
[    1.702662] vdd_hdmi_5v0: supplied by vdd-sys-5v0
[    1.707454] mmc0: new high speed SDHC card at address aaaa
[    1.717445] [drm] Supports vblank timestamp caching Rev 2 (21.10.2013).
[    1.724123] [drm] No driver support for vblank timestamp query.
[    1.724352] mmcblk0: mmc0:aaaa SL16G 14.8 GiB 
[    1.747961]  mmcblk0: p1 p2 p3
[    1.756222] mmc1: new high speed MMC card at address 0001
[    1.762873] mmcblk1: mmc1:0001 SEM32G 29.1 GiB 
[    1.763866] mmcblk1boot0: mmc1:0001 SEM32G partition 1 4.00 MiB
[    1.764847] mmcblk1boot1: mmc1:0001 SEM32G partition 2 4.00 MiB
[    1.765532] mmcblk1rpmb: mmc1:0001 SEM32G partition 3 4.00 MiB
[    1.770346]  mmcblk1: p1 p2 p3 p4 p5 p6 p7 p8
[    1.801106] Console: switching to colour frame buffer device 240x75
[    1.855255] drm drm: fb0:  frame buffer device
[    1.874346] [drm] Initialized tegra 0.0.0 20120330 on minor 0
[    1.881412] usb2_vbus: supplied by vdd-sys-5v0
[    1.888272] tegra-ehci 7d008000.usb: EHCI Host Controller
[    1.893740] tegra-ehci 7d008000.usb: new USB bus registered, assigned bus number 1
[    1.901700] tegra-ehci 7d008000.usb: irq 339, io mem 0x7d008000
[    1.914327] tegra-ehci 7d008000.usb: USB 2.0 started, EHCI 1.10
[    1.921539] hub 1-0:1.0: USB hub found
[    1.925437] hub 1-0:1.0: 1 port detected
[    1.931410] input: gpio-keys as /devices/soc0/gpio-keys/input/input0
[    1.940286] palmas-rtc 7000d000.i2c:tps65913@58:rtc: setting system clock to 2000-02-26 01:55:41 UTC (951530141)
[    1.965276] dvdd_ts: disabling
[    1.968335] usb1_vbus: disabling
[    1.971606] vdd_cam_1v8_reg: disabling
[    1.977255] EXT4-fs (mmcblk1p1): mounting ext3 file system using the ext4 subsystem
[    1.999996] EXT4-fs (mmcblk1p1): recovery complete
[    2.004849] EXT4-fs (mmcblk1p1): mounted filesystem with ordered data mode. Opts: (null)
[    2.013006] VFS: Mounted root (ext3 filesystem) on device 179:17.
[    2.023942] devtmpfs: mounted
[    2.028848] Freeing unused kernel memory: 2048K (c1100000 - c1300000)
bash: cannot set terminal process group (-1): Inappropriate ioctl for device
bash: no job control in this shell
root@(none):/# [    2.239329] usb 1-1: new high-speed USB device number 2 using tegra-ehci
[    3.187725] asix 1-1:1.0 eth0: register 'asix' at usb-7d008000.usb-1, ASIX AX88772 USB 2.0 Ethernet, 00:50:b6:0d:b5:16
mount -t sysfs none /sys
root@(none):/# 
root@(none):/# mount -t debugfs none /sys/kernel/debug
root@(none):/# 
root@(none):/# rtcwake -d rtc1 -m mem -s 3
rtcwake: assuming RTC uses UTC ...
rtcwake: wakeup from "mem" using /dev/rtc1 at Thu Jan  1 00:00:19 1970
[    5.341153] PM: Syncing filesystems ... done.
[    5.368425] Freezing user space processes ... (elapsed 0.001 seconds) done.
[    5.376824] Freezing remaining freezable tasks ... (elapsed 0.001 seconds) done.
[    5.385724] Suspending console(s) (use no_console_suspend to debug)
[    5.436024] PM: suspend of devices complete after 42.659 msecs
[    5.438447] PM: late suspend of devices complete after 2.408 msecs
[    5.440462] PM: noirq suspend of devices complete after 2.006 msecs
[    5.440466] Disabling non-boot CPUs ...
[    5.441366] CPU1: shutdown
[    5.466510] IRQ16 no longer affine to CPU2
[    5.466897] CPU2: shutdown
[    5.491501] CPU3: shutdown
[    5.505408] Entering suspend state LP1
[    5.505431] Enabling non-boot CPUs ...
[    5.530899] CPU1 is up
[    5.556129] CPU2 is up
[    5.581448] CPU3 is up
[    5.582774] PM: noirq resume of devices complete after 1.316 msecs
[    5.585777] PM: early resume of devices complete after 2.574 msecs
[    5.681266] PM: resume of devices complete after 95.472 msecs
[    5.749996] Restarting tasks ... done.
root@(none):/# 
root@(none):/# rtcwake -d rtc1 -m mem -s 3
rtcwake: assuming RTC uses UTC ...
rtcwake: wakeup from "mem" using /dev/rtc1 at Thu Jan  1 00:00:27 1970
[    6.218113] PM: Syncing filesystems ... done.
[    6.245054] Freezing user space processes ... (elapsed 0.001 seconds) done.
[    6.253411] Freezing remaining freezable tasks ... (elapsed 0.001 seconds) done.
[    6.262319] Suspending console(s) (use no_console_suspend to debug)
[    6.306005] PM: suspend of devices complete after 36.010 msecs
[    6.308782] PM: late suspend of devices complete after 2.761 msecs
[    6.310796] PM: noirq suspend of devices complete after 2.004 msecs
[    6.310800] Disabling non-boot CPUs ...
[    6.311644] CPU1: shutdown
[    6.336872] CPU2: shutdown
[    6.361439] CPU3: shutdown
[    6.375361] Entering suspend state LP1
[    6.375384] Enabling non-boot CPUs ...
[    6.400845] CPU1 is up
[    6.426077] CPU2 is up
[    6.451398] CPU3 is up
[    6.452692] PM: noirq resume of devices complete after 1.283 msecs
[    6.455689] PM: early resume of devices complete after 2.561 msecs
[    6.551213] PM: resume of devices complete after 95.508 msecs
[    6.615894] Restarting tasks ... done.
root@(none):/# 
root@(none):/# rtcwake -d rtc1 -m mem -s 3
rtcwake: assuming RTC uses UTC ...
rtcwake: wakeup from "mem" using /dev/rtc1 at Thu Jan  1 00:00:35 1970
[    7.077487] PM: Syncing filesystems ... done.
[    7.104757] Freezing user space processes ... (elapsed 0.001 seconds) done.
[    7.113113] Freezing remaining freezable tasks ... (elapsed 0.001 seconds) done.
[    7.121976] Suspending console(s) (use no_console_suspend to debug)
[    7.165927] PM: suspend of devices complete after 36.270 msecs
[    7.168686] PM: late suspend of devices complete after 2.743 msecs
[    7.170687] PM: noirq suspend of devices complete after 1.991 msecs
[    7.170691] Disabling non-boot CPUs ...
[    7.171549] CPU1: shutdown
[    7.201801] CPU2: shutdown
[    7.225992] IRQ16 no longer affine to CPU3
[    7.226389] CPU3: shutdown
[    7.240368] Entering suspend state LP1
[    7.240392] Enabling non-boot CPUs ...
[    7.265831] CPU1 is up
[    7.291047] CPU2 is up
[    7.316377] CPU3 is up
[    7.317644] PM: noirq resume of devices complete after 1.258 msecs
[    7.320638] PM: early resume of devices complete after 2.537 msecs
[    7.415971] PM: resume of devices complete after 95.317 msecs
[    7.484741] Restarting tasks ... done.
root@(none):/# 
root@(none):/# rtcwake -d rtc1 -m mem -s 3
rtcwake: assuming RTC uses UTC ...
rtcwake: wakeup from "mem" using /dev/rtc1 at Thu Jan  1 00:00:43 1970
[    7.937349] PM: Syncing filesystems ... done.
[    7.963833] Freezing user space processes ... (elapsed 0.001 seconds) done.
[    7.972224] Freezing remaining freezable tasks ... (elapsed 0.001 seconds) done.
[    7.981167] Suspending console(s) (use no_console_suspend to debug)
[    8.025752] PM: suspend of devices complete after 36.944 msecs
[    8.028038] PM: late suspend of devices complete after 2.276 msecs
[    8.029993] PM: noirq suspend of devices complete after 1.947 msecs
[    8.029997] Disabling non-boot CPUs ...
[    8.030819] CPU1: shutdown
[    8.056806] CPU2: shutdown
[    8.081019] IRQ16 no longer affine to CPU3
[    8.081431] CPU3: shutdown
[    8.095292] Entering suspend state LP1
[    8.095315] Enabling non-boot CPUs ...
[    8.120781] CPU1 is up
[    8.145997] CPU2 is up
[    8.171321] CPU3 is up
[    8.172590] PM: noirq resume of devices complete after 1.259 msecs
[    8.174978] PM: early resume of devices complete after 1.924 msecs
[    8.271185] PM: resume of devices complete after 96.191 msecs
[    8.339920] Restarting tasks ... done.
root@(none):/# 
root@(none):/# rtcwake -d rtc1 -m mem -s 3
rtcwake: assuming RTC uses UTC ...
rtcwake: wakeup from "mem" using /dev/rtc1 at Thu Jan  1 00:00:51 1970
[    8.792762] PM: Syncing filesystems ... done.
[    8.819956] Freezing user space processes ... (elapsed 0.001 seconds) done.
[    8.828313] Freezing remaining freezable tasks ... (elapsed 0.001 seconds) done.
[    8.837229] Suspending console(s) (use no_console_suspend to debug)
[    8.885178] PM: suspend of devices complete after 40.284 msecs
[    8.887803] PM: late suspend of devices complete after 2.610 msecs
[    8.889816] PM: noirq suspend of devices complete after 2.003 msecs
[    8.889820] Disabling non-boot CPUs ...
[    8.890312] IRQ16 no longer affine to CPU1
[    8.890706] CPU1: shutdown
[    8.916720] CPU2: shutdown
[    8.936305] CPU3: shutdown
[    8.950280] Entering suspend state LP1
[    8.950303] Enabling non-boot CPUs ...
[    8.975743] CPU1 is up
[    9.000962] CPU2 is up
[    9.026276] CPU3 is up
[    9.027570] PM: noirq resume of devices complete after 1.283 msecs
[    9.030248] PM: early resume of devices complete after 2.235 msecs
[    9.126154] PM: resume of devices complete after 95.890 msecs
[    9.194929] Restarting tasks ... done.
root@(none):/# 
root@(none):/# rtcwake -d rtc1 -m mem -s 3
rtcwake: assuming RTC uses UTC ...
rtcwake: wakeup from "mem" using /dev/rtc1 at Thu Jan  1 00:00:59 1970
[    9.649856] PM: Syncing filesystems ... done.
[    9.677045] Freezing user space processes ... (elapsed 0.001 seconds) done.
[    9.685450] Freezing remaining freezable tasks ... (elapsed 0.001 seconds) done.
[    9.694371] Suspending console(s) (use no_console_suspend to debug)
[    9.742447] PM: suspend of devices complete after 40.367 msecs
[    9.745410] PM: late suspend of devices complete after 2.947 msecs
[    9.747405] PM: noirq suspend of devices complete after 1.985 msecs
[    9.747409] Disabling non-boot CPUs ...
[    9.748288] CPU1: shutdown
[    9.776679] CPU2: shutdown
[    9.801251] CPU3: shutdown
[    9.815251] Entering suspend state LP1
[    9.815274] Enabling non-boot CPUs ...
[    9.840704] CPU1 is up
[    9.865925] CPU2 is up
[    9.891239] CPU3 is up
[    9.892534] PM: noirq resume of devices complete after 1.284 msecs
[    9.895567] PM: early resume of devices complete after 2.583 msecs
[    9.991131] PM: resume of devices complete after 95.545 msecs
[   10.055780] Restarting tasks ... done.
root@(none):/# 
root@(none):/# rtcwake -d rtc1 -m mem -s 3
rtcwake: assuming RTC uses UTC ...
rtcwake: wakeup from "mem" using /dev/rtc1 at Thu Jan  1 00:01:07 1970
[   10.515110] PM: Syncing filesystems ... done.
[   10.541868] Freezing user space processes ... (elapsed 0.001 seconds) done.
[   10.550273] Freezing remaining freezable tasks ... (elapsed 0.001 seconds) done.
[   10.559193] Suspending console(s) (use no_console_suspend to debug)
[   10.607320] PM: suspend of devices complete after 40.389 msecs
[   10.609977] PM: late suspend of devices complete after 2.641 msecs
[   10.611974] PM: noirq suspend of devices complete after 1.987 msecs
[   10.611978] Disabling non-boot CPUs ...
[   10.612842] CPU1: shutdown
[   10.636652] CPU2: shutdown
[   10.661224] CPU3: shutdown
[   10.675206] Entering suspend state LP1
[   10.675229] Enabling non-boot CPUs ...
[   10.700658] CPU1 is up
[   10.725878] CPU2 is up
[   10.751197] CPU3 is up
[   10.752453] PM: noirq resume of devices complete after 1.246 msecs
[   10.755144] PM: early resume of devices complete after 2.236 msecs
[   10.851066] PM: resume of devices complete after 95.903 msecs
[   10.915711] Restarting tasks ... done.
root@(none):/# 
root@(none):/# rtcwake -d rtc1 -m mem -s 3
rtcwake: assuming RTC uses UTC ...
rtcwake: wakeup from "mem" using /dev/rtc1 at Thu Jan  1 00:01:15 1970
[   11.372295] PM: Syncing filesystems ... done.
[   11.399343] Freezing user space processes ... (elapsed 0.001 seconds) done.
[   11.407694] Freezing remaining freezable tasks ... (elapsed 0.001 seconds) done.
[   11.416634] Suspending console(s) (use no_console_suspend to debug)
[   11.466876] PM: suspend of devices complete after 42.587 msecs
[   11.469580] PM: late suspend of devices complete after 2.688 msecs
[   11.471602] PM: noirq suspend of devices complete after 2.012 msecs
[   11.471606] Disabling non-boot CPUs ...
[   11.472082] IRQ16 no longer affine to CPU1
[   11.472476] CPU1: shutdown
[   11.496625] CPU2: shutdown
[   11.526183] CPU3: shutdown
[   11.540176] Entering suspend state LP1
[   11.540199] Enabling non-boot CPUs ...
[   11.565654] CPU1 is up
[   11.590855] CPU2 is up
[   11.616188] CPU3 is up
[   11.617449] PM: noirq resume of devices complete after 1.251 msecs
[   11.620197] PM: early resume of devices complete after 2.282 msecs
[   11.716082] PM: resume of devices complete after 95.867 msecs
[   11.784859] Restarting tasks ... done.
root@(none):/# 
root@(none):/# rtcwake -d rtc1 -m mem -s 3
rtcwake: assuming RTC uses UTC ...
rtcwake: wakeup from "mem" using /dev/rtc1 at Thu Jan  1 00:01:23 1970
[   12.240044] PM: Syncing filesystems ... done.
[   12.267219] Freezing user space processes ... (elapsed 0.001 seconds) done.
[   12.275620] Freezing remaining freezable tasks ... (elapsed 0.001 seconds) done.
[   12.284534] Suspending console(s) (use no_console_suspend to debug)
[   12.332179] PM: suspend of devices complete after 39.990 msecs
[   12.335054] PM: late suspend of devices complete after 2.860 msecs
[   12.337047] PM: noirq suspend of devices complete after 1.983 msecs
[   12.337050] Disabling non-boot CPUs ...
[   12.337510] IRQ16 no longer affine to CPU1
[   12.337902] CPU1: shutdown
[   12.361622] CPU2: shutdown
[   12.386161] CPU3: shutdown
[   12.400148] Entering suspend state LP1
[   12.400171] Enabling non-boot CPUs ...
[   12.425613] CPU1 is up
[   12.450824] CPU2 is up
[   12.476157] CPU3 is up
[   12.477411] PM: noirq resume of devices complete after 1.243 msecs
[   12.480449] PM: early resume of devices complete after 2.595 msecs
[   12.575977] PM: resume of devices complete after 95.511 msecs
[   12.644716] Restarting tasks ... done.
root@(none):/# 
root@(none):/# rtcwake -d rtc1 -m mem -s 3
rtcwake: assuming RTC uses UTC ...
rtcwake: wakeup from "mem" using /dev/rtc1 at Thu Jan  1 00:01:31 1970
[   13.099985] PM: Syncing filesystems ... done.
[   13.126884] Freezing user space processes ... (elapsed 0.001 seconds) done.
[   13.135290] Freezing remaining freezable tasks ... (elapsed 0.001 seconds) done.
[   13.144214] Suspending console(s) (use no_console_suspend to debug)
[   13.190272] PM: suspend of devices complete after 38.333 msecs
[   13.193068] PM: late suspend of devices complete after 2.779 msecs
[   13.195123] PM: noirq suspend of devices complete after 2.044 msecs
[   13.195126] Disabling non-boot CPUs ...
[   13.196012] CPU1: shutdown
[   13.221197] IRQ16 no longer affine to CPU2
[   13.221600] CPU2: shutdown
[   13.246140] CPU3: shutdown
[   13.260114] Entering suspend state LP1
[   13.260137] Enabling non-boot CPUs ...
[   13.285574] CPU1 is up
[   13.310813] CPU2 is up
[   13.336127] CPU3 is up
[   13.337394] PM: noirq resume of devices complete after 1.256 msecs
[   13.340419] PM: early resume of devices complete after 2.583 msecs
[   13.435941] PM: resume of devices complete after 95.504 msecs
[   13.504670] Restarting tasks ... done.
root@(none):/# 
root@(none):/# NVTB SYSTEM SUSPEND TEST COMPLETE
