.000000] earlycon: uart0 at MMIO 0x0000000070006000 (options '115200n8')
[    0.000000] bootconsole [uart0] enabled
[    0.000000] efi: Getting EFI parameters from FDT:
[    0.000000] efi: UEFI not found.
[    0.000000] cma: Reserved 16 MiB at 0x00000000f5400000
[    0.000000] psci: probing for conduit method from DT.
[    0.000000] psci: PSCIv1.0 detected in firmware.
[    0.000000] psci: Using standard PSCI v0.2 function IDs
[    0.000000] psci: MIGRATE_INFO_UP_CPU reported invalid physical ID (0x80000000)
[    0.000000] percpu: Embedded 21 pages/cpu @ffff8000bff40000 s47488 r8192 d30336 u86016
[    0.000000] Detected PIPT I-cache on CPU0
[    0.000000] CPU features: enabling workaround for ARM erratum 832075
[    0.000000] CPU features: enabling workaround for ARM erratum 834220
[    0.000000] Built 1 zonelists in Zone order, mobility grouping on.  Total pages: 735336
[    0.000000] Kernel command line: cros_secure vpr=0x08000000@0xf6800000 earlycon
[    0.000000] log_buf_len individual max cpu contribution: 4096 bytes
[    0.000000] log_buf_len total cpu_extra contributions: 12288 bytes
[    0.000000] log_buf_len min size: 16384 bytes
[    0.000000] log_buf_len: 32768 bytes
[    0.000000] early log buf free: 14420(88%)
[    0.000000] PID hash table entries: 4096 (order: 3, 32768 bytes)
[    0.000000] Dentry cache hash table entries: 524288 (order: 10, 4194304 bytes)
[    0.000000] Inode-cache hash table entries: 262144 (order: 9, 2097152 bytes)
[    0.000000] software IO TLB [mem 0xf1400000-0xf5400000] (64MB) mapped at [ffff800071400000-ffff8000753fffff]
[    0.000000] Memory: 2833356K/2988032K available (7932K kernel code, 795K rwdata, 3704K rodata, 960K init, 273K bss, 138292K reserved, 16384K cma-reserved)
[    0.000000] Virtual kernel memory layout:
[    0.000000]     modules : 0xffff000000000000 - 0xffff000008000000   (   128 MB)
[    0.000000]     vmalloc : 0xffff000008000000 - 0xffff7dffbfff0000   (129022 GB)
[    0.000000]       .text : 0xffff000008080000 - 0xffff000008840000   (  7936 KB)
[    0.000000]     .rodata : 0xffff000008840000 - 0xffff000008bf0000   (  3776 KB)
[    0.000000]       .init : 0xffff000008bf0000 - 0xffff000008ce0000   (   960 KB)
[    0.000000]       .data : 0xffff000008ce0000 - 0xffff000008da6c00   (   795 KB)
[    0.000000]        .bss : 0xffff000008da6c00 - 0xffff000008deb0b8   (   274 KB)
[    0.000000]     fixed   : 0xffff7dfffe7fd000 - 0xffff7dfffec00000   (  4108 KB)
[    0.000000]     PCI I/O : 0xffff7dfffee00000 - 0xffff7dffffe00000   (    16 MB)
[    0.000000]     vmemmap : 0xffff7e0000000000 - 0xffff800000000000   (  2048 GB maximum)
[    0.000000]               0xffff7e0000000000 - 0xffff7e0003000000   (    48 MB actual)
[    0.000000]     memory  : 0xffff800000000000 - 0xffff8000c0000000   (  3072 MB)
[    0.000000] SLUB: HWalign=64, Order=0-3, MinObjects=0, CPUs=4, Nodes=1
[    0.000000] Preemptible hierarchical RCU implementation.
[    0.000000] 	Build-time adjustment of leaf fanout to 64.
[    0.000000] 	RCU restricting CPUs from NR_CPUS=64 to nr_cpu_ids=4.
[    0.000000] RCU: Adjusting geometry for rcu_fanout_leaf=64, nr_cpu_ids=4
[    0.000000] NR_IRQS:64 nr_irqs:64 0
[    0.000000] GIC: Using split EOI/Deactivate mode
[    0.000000] /interrupt-controller@60004000: 192 interrupts forwarded to /interrupt-controller@50041000
[    0.000000] boot misc0 0x0: expected 0x80000
[    0.000000]  (comparison mask = 0x400ffffb)
[    0.000000] boot misc2 0x1f720005: expected 0x1f720f05
[    0.000000]  (comparison mask = 0xffffff17)
[    0.000000] PLL_C already enabled. Postponing set full defaults
[    0.000000] PLL_MB already enabled. Postponing set full defaults
[    0.000000] PLL_U already enabled. Postponing set full defaults
[    0.000000] PLL_D already enabled. Postponing set full defaults
[    0.000000] PLL_DP already enabled. Postponing set full defaults
[    0.000000] boot misc0 0x0: expected 0x20
[    0.000000]  (comparison mask = 0x7ffffff)
[    0.000000] boot misc1 0x90000000: expected 0xc0000000
[    0.000000]  (comparison mask = 0xf8000000)
[    0.000000] boot misc2 0x0: expected 0xf400f0da
[    0.000000]  (comparison mask = 0xffffffff)
[    0.000000] boot misc3 0x38b8: expected 0x2004f400
[    0.000000]  (comparison mask = 0xffffffff)
[    0.000000] PLL_P already enabled. Postponing set full defaults
[    0.000000] PLL_X already enabled. Postponing set full defaults
[    0.000000] boot misc1 0x0: expected 0x20
[    0.000000]  (comparison mask = 0xffffff)
[    0.000000] arm_arch_timer: Architected cp15 timer(s) running at 19.20MHz (phys).
[    0.000000] clocksource: arch_sys_counter: mask: 0xffffffffffffff max_cycles: 0x46d987e47, max_idle_ns: 440795202767 ns
[    0.000002] sched_clock: 56 bits at 19MHz, resolution 52ns, wraps every 4398046511078ns
[    0.008327] Console: colour dummy device 80x25
[    0.012896] console [tty0] enabled
[    0.016390] bootconsole [uart0] disabled
[    0.000000] Booting Linux on physical CPU 0x0
[    0.000000] Linux version 4.8.0-rc6-135422-g9395452 (pwalmsley@tamien) (gcc version 4.9.2 20140904 (prerelease) (crosstool-NG linaro-1.13.1-4.9-2014.09 - Linaro GCC 4.9-2014.09) ) #1 SMP PREEMPT Mon Sep 12 03:07:26 PDT 2016
[    0.000000] Boot CPU: AArch64 Processor [411fd071]
[    0.000000] earlycon: uart0 at MMIO 0x0000000070006000 (options '115200n8')
[    0.000000] bootconsole [uart0] enabled
[    0.000000] efi: Getting EFI parameters from FDT:
[    0.000000] efi: UEFI not found.
[    0.000000] cma: Reserved 16 MiB at 0x00000000f5400000
[    0.000000] psci: probing for conduit method from DT.
[    0.000000] psci: PSCIv1.0 detected in firmware.
[    0.000000] psci: Using standard PSCI v0.2 function IDs
[    0.000000] psci: MIGRATE_INFO_UP_CPU reported invalid physical ID (0x80000000)
[    0.000000] percpu: Embedded 21 pages/cpu @ffff8000bff40000 s47488 r8192 d30336 u86016
[    0.000000] Detected PIPT I-cache on CPU0
[    0.000000] CPU features: enabling workaround for ARM erratum 832075
[    0.000000] CPU features: enabling workaround for ARM erratum 834220
[    0.000000] Built 1 zonelists in Zone order, mobility grouping on.  Total pages: 735336
[    0.000000] Kernel command line: cros_secure vpr=0x08000000@0xf6800000 earlycon
[    0.000000] log_buf_len individual max cpu contribution: 4096 bytes
[    0.000000] log_buf_len total cpu_extra contributions: 12288 bytes
[    0.000000] log_buf_len min size: 16384 bytes
[    0.000000] log_buf_len: 32768 bytes
[    0.000000] early log buf free: 14420(88%)
[    0.000000] PID hash table entries: 4096 (order: 3, 32768 bytes)
[    0.000000] Dentry cache hash table entries: 524288 (order: 10, 4194304 bytes)
[    0.000000] Inode-cache hash table entries: 262144 (order: 9, 2097152 bytes)
[    0.000000] software IO TLB [mem 0xf1400000-0xf5400000] (64MB) mapped at [ffff800071400000-ffff8000753fffff]
[    0.000000] Memory: 2833356K/2988032K available (7932K kernel code, 795K rwdata, 3704K rodata, 960K init, 273K bss, 138292K reserved, 16384K cma-reserved)
[    0.000000] Virtual kernel memory layout:
[    0.000000]     modules : 0xffff000000000000 - 0xffff000008000000   (   128 MB)
[    0.000000]     vmalloc : 0xffff000008000000 - 0xffff7dffbfff0000   (129022 GB)
[    0.000000]       .text : 0xffff000008080000 - 0xffff000008840000   (  7936 KB)
[    0.000000]     .rodata : 0xffff000008840000 - 0xffff000008bf0000   (  3776 KB)
[    0.000000]       .init : 0xffff000008bf0000 - 0xffff000008ce0000   (   960 KB)
[    0.000000]       .data : 0xffff000008ce0000 - 0xffff000008da6c00   (   795 KB)
[    0.000000]        .bss : 0xffff000008da6c00 - 0xffff000008deb0b8   (   274 KB)
[    0.000000]     fixed   : 0xffff7dfffe7fd000 - 0xffff7dfffec00000   (  4108 KB)
[    0.000000]     PCI I/O : 0xffff7dfffee00000 - 0xffff7dffffe00000   (    16 MB)
[    0.000000]     vmemmap : 0xffff7e0000000000 - 0xffff800000000000   (  2048 GB maximum)
[    0.000000]               0xffff7e0000000000 - 0xffff7e0003000000   (    48 MB actual)
[    0.000000]     memory  : 0xffff800000000000 - 0xffff8000c0000000   (  3072 MB)
[    0.000000] SLUB: HWalign=64, Order=0-3, MinObjects=0, CPUs=4, Nodes=1
[    0.000000] Preemptible hierarchical RCU implementation.
[    0.000000] 	Build-time adjustment of leaf fanout to 64.
[    0.000000] 	RCU restricting CPUs from NR_CPUS=64 to nr_cpu_ids=4.
[    0.000000] RCU: Adjusting geometry for rcu_fanout_leaf=64, nr_cpu_ids=4
[    0.000000] NR_IRQS:64 nr_irqs:64 0
[    0.000000] GIC: Using split EOI/Deactivate mode
[    0.000000] /interrupt-controller@60004000: 192 interrupts forwarded to /interrupt-controller@50041000
[    0.000000] boot misc0 0x0: expected 0x80000
[    0.000000]  (comparison mask = 0x400ffffb)
[    0.000000] boot misc2 0x1f720005: expected 0x1f720f05
[    0.000000]  (comparison mask = 0xffffff17)
[    0.000000] PLL_C already enabled. Postponing set full defaults
[    0.000000] PLL_MB already enabled. Postponing set full defaults
[    0.000000] PLL_U already enabled. Postponing set full defaults
[    0.000000] PLL_D already enabled. Postponing set full defaults
[    0.000000] PLL_DP already enabled. Postponing set full defaults
[    0.000000] boot misc0 0x0: expected 0x20
[    0.000000]  (comparison mask = 0x7ffffff)
[    0.000000] boot misc1 0x90000000: expected 0xc0000000
[    0.000000]  (comparison mask = 0xf8000000)
[    0.000000] boot misc2 0x0: expected 0xf400f0da
[    0.000000]  (comparison mask = 0xffffffff)
[    0.000000] boot misc3 0x38b8: expected 0x2004f400
[    0.000000]  (comparison mask = 0xffffffff)
[    0.000000] PLL_P already enabled. Postponing set full defaults
[    0.000000] PLL_X already enabled. Postponing set full defaults
[    0.000000] boot misc1 0x0: expected 0x20
[    0.000000]  (comparison mask = 0xffffff)
[    0.000000] arm_arch_timer: Architected cp15 timer(s) running at 19.20MHz (phys).
[    0.000000] clocksource: arch_sys_counter: mask: 0xffffffffffffff max_cycles: 0x46d987e47, max_idle_ns: 440795202767 ns
[    0.000002] sched_clock: 56 bits at 19MHz, resolution 52ns, wraps every 4398046511078ns
[    0.008327] Console: colour dummy device 80x25
[    0.012896] console [tty0] enabled
[    0.016390] bootconsole [uart0] disabled
[    0.020432] Calibrating delay loop (skipped), value calculated using timer frequency.. 38.40 BogoMIPS (lpj=76800)
[    0.020445] pid_max: default: 32768 minimum: 301
[    0.020490] Security Framework initialized
[    0.020519] Mount-cache hash table entries: 8192 (order: 4, 65536 bytes)
[    0.020528] Mountpoint-cache hash table entries: 8192 (order: 4, 65536 bytes)
[    0.021138] ASID allocator initialised with 65536 entries
[    0.045130] Speedo Revision 4
[    0.045149] Tegra Revision: A02 SKU: 19 CPU Process: 0 SoC Process: 0
[    0.092586] EFI services will not be available.
[    0.116647] Detected PIPT I-cache on CPU1
[    0.116673] CPU1: Booted secondary processor [411fd071]
[    0.132655] Detected PIPT I-cache on CPU2
[    0.132674] CPU2: Booted secondary processor [411fd071]
[    0.148677] Detected PIPT I-cache on CPU3
[    0.148695] CPU3: Booted secondary processor [411fd071]
[    0.148734] Brought up 4 CPUs
[    0.148765] SMP: Total of 4 processors activated.
[    0.148773] CPU features: detected feature: 32-bit EL0 Support
[    0.148782] CPU: All CPU(s) started at EL2
[    0.148799] alternatives: patching kernel code
[    0.150844] devtmpfs: initialized
[    0.156962] DMI not present or invalid.
[    0.157102] clocksource: jiffies: mask: 0xffffffff max_cycles: 0xffffffff, max_idle_ns: 7645041785100000 ns
[    0.157341] pinctrl core: initialized pinctrl subsystem
[    0.158164] NET: Registered protocol family 16
[    0.168667] cpuidle: using governor menu
[    0.168764] vdso: 2 pages (1 code @ ffff000008846000, 1 data @ ffff000008ce4000)
[    0.168786] hw-breakpoint: found 6 breakpoint and 4 watchpoint registers.
[    0.169215] DMA: preallocated 256 KiB pool for atomic allocations
[    0.169363] Serial: AMBA PL011 UART driver
[    0.193310] HugeTLB registered 2 MB page size, pre-allocated 0 pages
[    0.193848] ACPI: Interpreter disabled.
[    0.194107] PPLCD_VDD: Failed to request enable GPIO172: -517
[    0.194125] reg-fixed-voltage regulators:regulator@1: Failed to register regulator: -517
[    0.194445] PP1800_LCDIO: Failed to request enable GPIO171: -517
[    0.194458] reg-fixed-voltage regulators:regulator@5: Failed to register regulator: -517
[    0.194503] PP1800_CAM: Failed to request enable GPIO83: -517
[    0.194515] reg-fixed-voltage regulators:regulator@6: Failed to register regulator: -517
[    0.195213] vgaarb: loaded
[    0.195366] SCSI subsystem initialized
[    0.195614] usbcore: registered new interface driver usbfs
[    0.195652] usbcore: registered new interface driver hub
[    0.195699] usbcore: registered new device driver usb
[    0.196360] pps_core: LinuxPPS API ver. 1 registered
[    0.196373] pps_core: Software ver. 5.3.6 - Copyright 2005-2007 Rodolfo Giometti <giometti@linux.it>
[    0.196396] PTP clock support registered
[    0.196492] dmi: Firmware registration failed.
[    0.196994] Advanced Linux Sound Architecture Driver Initialized.
[    0.197433] clocksource: Switched to clocksource arch_sys_counter
[    0.197532] VFS: Disk quotas dquot_6.6.0
[    0.197571] VFS: Dquot-cache hash table entries: 512 (order 0, 4096 bytes)
[    0.197720] pnp: PnP ACPI: disabled
[    0.201985] NET: Registered protocol family 2
[    0.202304] TCP established hash table entries: 32768 (order: 6, 262144 bytes)
[    0.202431] TCP bind hash table entries: 32768 (order: 7, 524288 bytes)
[    0.202632] TCP: Hash tables configured (established 32768 bind 32768)
[    0.202691] UDP hash table entries: 2048 (order: 4, 65536 bytes)
[    0.202721] UDP-Lite hash table entries: 2048 (order: 4, 65536 bytes)
[    0.202831] NET: Registered protocol family 1
[    0.203014] RPC: Registered named UNIX socket transport module.
[    0.203025] RPC: Registered udp transport module.
[    0.203034] RPC: Registered tcp transport module.
[    0.203042] RPC: Registered tcp NFSv4.1 backchannel transport module.
[    0.203158] Unpacking initramfs...
[    0.291362] Freeing initrd memory: 2364K (ffff800009fcf000 - ffff80000a21e000)
[    0.291649] kvm [1]: IDMAP page: 80829000
[    0.291663] kvm [1]: HYP VA range: 800000000000:ffffffffffff
[    0.292144] kvm [1]: 8-bit VMID
[    0.292154] kvm [1]: Hyp mode initialized successfully
[    0.292194] kvm [1]: vgic-v2@50044000
[    0.292278] kvm [1]: vgic interrupt IRQ1
[    0.292349] kvm [1]: virtual timer IRQ4
[    0.293626] futex hash table entries: 1024 (order: 5, 131072 bytes)
[    0.293695] audit: initializing netlink subsys (disabled)
[    0.293745] audit: type=2000 audit(0.283:1): initialized
[    0.294005] workingset: timestamp_bits=46 max_order=20 bucket_order=0
[    0.299352] squashfs: version 4.0 (2009/01/31) Phillip Lougher
[    0.299825] NFS: Registering the id_resolver key type
[    0.299847] Key type id_resolver registered
[    0.299856] Key type id_legacy registered
[    0.299871] nfs4filelayout_init: NFSv4 File Layout Driver Registering...
[    0.299976] 9p: Installing v9fs 9p2000 file system support
[    0.301221] io scheduler noop registered
[    0.301321] io scheduler cfq registered (default)
[    0.301923] libphy: mdio_driver_register: phy-bcm-ns2-pci
[    0.307597] tegra-apbdma 60020000.dma: Tegra20 APB DMA driver register 32 channels
[    0.307995] tegra-pmc 7000e400.pmc: i2c-thermtrip node not found, emergency thermal reset disabled.
[    0.308151] xenfs: not registering filesystem on non-xen platform
[    0.310246] Serial: 8250/16550 driver, 4 ports, IRQ sharing disabled
[    0.311203] 70006000.serial: ttyS0 at MMIO 0x70006000 (irq = 312, base_baud = 25500000) is a Tegra
[    1.263379] console [ttyS0] enabled
[    1.267168] SuperH (H)SCI(F) driver initialized
[    1.271878] msm_serial: driver initialized
[    1.276203] Unable to detect cache hierarchy from DT for CPU 0
[    1.284942] loop: module loaded
[    1.290116] cros-ec-i2c 0-001e: Chrome EC device registered
[    1.296272] max77620 1-003c: PMIC Version OTP:0x35 and ES:0x8
[    1.309238] PP1200_RCAM: Bringing 1050000uV into 1200000-1200000uV
[    1.316415] PP2800L_RCAM: Bringing 3100000uV into 2800000-2800000uV
[    1.323120] PP1100_SOC_RTC: Bringing 1000000uV into 850000-850000uV
[    1.329968] PP2800L_FCAM: Bringing 3100000uV into 2800000-2800000uV
[    1.336696] PP_LDO6: Bringing 2800000uV into 1800000-1800000uV
[    1.344637] random: fast init done
[    1.349804] libphy: Fixed MDIO Bus: probed
[    1.354244] tun: Universal TUN/TAP device driver, 1.6
[    1.359295] tun: (C) 1999-2004 Max Krasnyansky <maxk@qualcomm.com>
[    1.365820] e1000e: Intel(R) PRO/1000 Network Driver - 3.2.6-k
[    1.371653] e1000e: Copyright(c) 1999 - 2015 Intel Corporation.
[    1.377602] igb: Intel(R) Gigabit Ethernet Network Driver - version 5.3.0-k
[    1.384559] igb: Copyright (c) 2007-2014 Intel Corporation.
[    1.390159] igbvf: Intel(R) Gigabit Virtual Function Network Driver - version 2.0.2-k
[    1.397986] igbvf: Copyright (c) 2009 - 2012 Intel Corporation.
[    1.403936] sky2: driver version 1.30
[    1.407863] VFIO - User Level meta-driver version: 0.3
[    1.414172] ehci_hcd: USB 2.0 'Enhanced' Host Controller (EHCI) Driver
[    1.420701] ehci-pci: EHCI PCI platform driver
[    1.425167] ehci-platform: EHCI generic platform driver
[    1.430452] ehci-exynos: EHCI EXYNOS driver
[    1.434683] ehci-msm: Qualcomm On-Chip EHCI Host Controller
[    1.440296] ohci_hcd: USB 1.1 'Open' Host Controller (OHCI) Driver
[    1.446481] ohci-pci: OHCI PCI platform driver
[    1.450951] ohci-platform: OHCI generic platform driver
[    1.456224] ohci-exynos: OHCI EXYNOS driver
[    1.460646] usbcore: registered new interface driver usb-storage
[    1.467216] mousedev: PS/2 mouse device common for all mice
[    1.602634] max77686-rtc max77620-rtc: rtc core: registered max77620-rtc as rtc0
[    1.610537] tegra_rtc 7000e000.rtc: rtc core: registered 7000e000.rtc as rtc1
[    1.617693] tegra_rtc 7000e000.rtc: Tegra internal Real Time Clock
[    1.623947] i2c /dev entries driver
[    1.628475] bq27xxx-battery 2-0055: support ver. 1.2.0 enabled
[    1.650714] sdhci: Secure Digital Host Controller Interface driver
[    1.656921] sdhci: Copyright(c) Pierre Ossman
[    1.661312] Synopsys Designware Multimedia Card Interface Driver
[    1.667572] sdhci-pltfm: SDHCI platform and OF driver helper
[    1.673408] mmc0: Unknown controller version (3). You may experience problems.
[    1.725445] mmc0: SDHCI controller on 700b0600.sdhci [700b0600.sdhci] using ADMA 64-bit
[    1.736014] ledtrig-cpu: registered to indicate activity on CPUs
[    1.745596] usbcore: registered new interface driver usbhid
[    1.751245] usbhid: USB HID core driver
[    1.756653] NET: Registered protocol family 17
[    1.761239] 9pnet: Installing 9P2000 support
[    1.765631] Key type dns_resolver registered
[    1.773493] registered taskstats version 1
[    1.778815] input: gpio-keys as /devices/platform/gpio-keys/input/input0
[    1.813896] mmc0: new high speed MMC card at address 0001
[    1.819406] max77686-rtc max77620-rtc: setting system clock to 2000-06-23 15:37:10 UTC (961774630)
[    1.823585] mmcblk0: mmc0:0001 BGND3R 29.1 GiB 
[    1.827690] mmcblk0boot0: mmc0:0001 BGND3R partition 1 4.00 MiB
[    1.831792] mmcblk0boot1: mmc0:0001 BGND3R partition 2 4.00 MiB
[    1.835889] mmcblk0rpmb: mmc0:0001 BGND3R partition 3 4.00 MiB
[    1.838357]  mmcblk0: p1 p2 p3 p4 p5 p6 p7 p8 p9 p10 p11
[    1.860021] USBC_VBUS: disabling
[    1.863270] PP1200_AVDD: disabling
[    1.866732] PP1200_RCAM: disabling
[    1.870188] PP2800L_RCAM: disabling
[    1.873730] PP2800L_FCAM: disabling
[    1.877261] PP_LDO6: disabling
[    1.880366] AVDDIO_1V05: disabling
[    1.883817] PPLCD_VDD: disabling
[    1.887047] PP1800_LCDIO: disabling
[    1.890535] PP1800_CAM: disabling
[    1.894133] ALSA device list:
[    1.897095]   No soundcards found.
[    1.901005] Freeing unused kernel memory: 960K (ffff800000bf0000 - ffff800000ce0000)

System initialization...

Mounting /proc :[SUCCESS]
Mounting /sys :[SUCCESS]
Mounting /dev :[SUCCESS]
Mounting /dev/pts :[SUCCESS]
Mounting /sys/kernel/debug :[SUCCESS]
Mounting other filesystems :[SUCCESS]
Enabling hot-plug :[SUCCESS]
Populating /dev :[SUCCESS]
Starting syslogd :[SUCCESS]
Starting telnetd :[SUCCESS]

System initialization complete.

Please press Enter to activate this console. 