
U-Boot SPL 2014.01-00219-gc4d376f (Feb 18 2014 - 19:57:18)


U-Boot 2014.01-00219-gc4d376f (Feb 18 2014 - 19:57:18)

TEGRA30
Board: NVIDIA Beaver
I2C:   ready
DRAM:  2 GiB
MMC:   Tegra SD/MMC: 0, Tegra SD/MMC: 1
In:    serial
Out:   serial
Err:   serial
Net:   Net Initialization Skipped
No ethernet found.
Hit any key to stop autoboot:  2  0 
Tegra30 (Beaver) # 
Tegra30 (Beaver) # usb reset
(Re)start USB...
USB0:   USB EHCI 1.00
scanning bus 0 for devices... 2 USB Device(s) found
       scanning usb for storage devices... 0 Storage Device(s) found
       scanning usb for ethernet devices... 
Warning: asx0 using MAC address from net device
1 Ethernet Device(s) found
Tegra30 (Beaver) # setenv bootargs 'ignore_loglevel console=ttyS0,115200n8 rw root=PARTUUID=edbe1840-3633-c751-7993-b0ac834f81e0 rootwait gpt debug noinitrd earlyprintk init=/bin/bash'
Tegra30 (Beaver) # setenv ipaddr 192.168.100.101; setenv serverip 192.168.100.1; setenv tftpserverip 192.168.100.1
Tegra30 (Beaver) # tftpboot 0x81000000 zImage.multi_v7_defconfig
Using asx0 device
TFTP from server 192.168.100.1; our IP address is 192.168.100.101
Filename 'zImage.multi_v7_defconfig'.
Load address: 0x81000000
Loading: *#################################################################
	 #################################################################
	 #################################################################
	 #################################################################
	 #################################################################
	 #################################################################
	 #################################################################
	 #############################
	 3.3 MiB/s
done
Bytes transferred = 7093952 (6c3ec0 hex)
Tegra30 (Beaver) # tftpboot 0x82000000 tegra30-beaver.dtb
Using asx0 device
TFTP from server 192.168.100.1; our IP address is 192.168.100.101
Filename 'tegra30-beaver.dtb'.
Load address: 0x82000000
Loading: *####
	 3.1 MiB/s
done
Bytes transferred = 51572 (c974 hex)
Tegra30 (Beaver) # bootz 0x81000000 - 0x82000000
Kernel image @ 0x81000000 [ 0x000000 - 0x6c3ec0 ]
## Flattened Device Tree blob at 82000000
   Booting using the fdt blob at 0x82000000
   Loading Device Tree to 8fff0000, end 8ffff973 ... OK

Starting kernel ...

[    0.000000] Booting Linux on physical CPU 0x0
[    0.000000] Linux version 4.8.0-rc5-110772-gc693593 (pwalmsley@sellafield) (gcc version 4.7.3 20130328 (prerelease) (crosstool-NG linaro-1.13.1-4.7-2013.04-20130415 - Linaro GCC 2013.04) ) #1 SMP Sun Sep 4 15:05:43 PDT 2016
[    0.000000] CPU: ARMv7 Processor [412fc099] revision 9 (ARMv7), cr=10c5387d
[    0.000000] CPU: PIPT / VIPT nonaliasing data cache, VIPT aliasing instruction cache
[    0.000000] OF: fdt:Machine model: NVIDIA Tegra30 Beaver evaluation board
[    0.000000] debug: ignoring loglevel setting.
[    0.000000] cma: Reserved 64 MiB at 0xfb800000
[    0.000000] Memory policy: Data cache writealloc
[    0.000000] On node 0 totalpages: 524032
[    0.000000] free_area_init_node: node 0, pgdat c141d300, node_mem_map eeff8000
[    0.000000]   DMA zone: 1536 pages used for memmap
[    0.000000]   DMA zone: 0 pages reserved
[    0.000000]   DMA zone: 196608 pages, LIFO batch:31
[    0.000000]   HighMem zone: 327424 pages, LIFO batch:31
[    0.000000] percpu: Embedded 14 pages/cpu @eef8b000 s25984 r8192 d23168 u57344
[    0.000000] pcpu-alloc: s25984 r8192 d23168 u57344 alloc=14*4096
[    0.000000] pcpu-alloc: [0] 0 [0] 1 [0] 2 [0] 3 
[    0.000000] Built 1 zonelists in Zone order, mobility grouping on.  Total pages: 522496
[    0.000000] Kernel command line: ignore_loglevel console=ttyS0,115200n8 rw root=PARTUUID=edbe1840-3633-c751-7993-b0ac834f81e0 rootwait gpt debug noinitrd earlyprintk init=/bin/bash
[    0.000000] PID hash table entries: 4096 (order: 2, 16384 bytes)
[    0.000000] Dentry cache hash table entries: 131072 (order: 7, 524288 bytes)
[    0.000000] Inode-cache hash table entries: 65536 (order: 6, 262144 bytes)
[    0.000000] Memory: 1995012K/2096128K available (9216K kernel code, 1148K rwdata, 3968K rodata, 2048K init, 343K bss, 35580K reserved, 65536K cma-reserved, 1244160K highmem)
[    0.000000] Virtual kernel memory layout:
[    0.000000]     vector  : 0xffff0000 - 0xffff1000   (   4 kB)
[    0.000000]     fixmap  : 0xffc00000 - 0xfff00000   (3072 kB)
[    0.000000]     vmalloc : 0xf0800000 - 0xff800000   ( 240 MB)
[    0.000000]     lowmem  : 0xc0000000 - 0xf0000000   ( 768 MB)
[    0.000000]     pkmap   : 0xbfe00000 - 0xc0000000   (   2 MB)
[    0.000000]     modules : 0xbf000000 - 0xbfe00000   (  14 MB)
[    0.000000]       .text : 0xc0208000 - 0xc0c00000   (10208 kB)
[    0.000000]       .init : 0xc1100000 - 0xc1300000   (2048 kB)
[    0.000000]       .data : 0xc1300000 - 0xc141f180   (1149 kB)
[    0.000000]        .bss : 0xc1421000 - 0xc1476c48   ( 344 kB)
[    0.000000] SLUB: HWalign=64, Order=0-3, MinObjects=0, CPUs=4, Nodes=1
[    0.000000] Hierarchical RCU implementation.
[    0.000000] 	Build-time adjustment of leaf fanout to 32.
[    0.000000] 	RCU restricting CPUs from NR_CPUS=16 to nr_cpu_ids=4.
[    0.000000] RCU: Adjusting geometry for rcu_fanout_leaf=32, nr_cpu_ids=4
[    0.000000] NR_IRQS:16 nr_irqs:16 16
[    0.000000] /interrupt-controller@60004000: 160 interrupts forwarded to /interrupt-controller@50041000
[    0.000000] L2C: platform modifies aux control register: 0x02080000 -> 0x3e480001
[    0.000000] L2C: DT/platform modifies aux control register: 0x02080000 -> 0x3e480001
[    0.000000] L2C-310 erratum 769419 enabled
[    0.000000] L2C-310 enabling early BRESP for Cortex-A9
[    0.000000] L2C-310: enabling full line of zeros but not enabled in Cortex-A9
[    0.000000] L2C-310 dynamic clock gating enabled, standby mode enabled
[    0.000000] L2C-310 cache controller enabled, 8 ways, 1024 kB
[    0.000000] L2C-310: CACHE_ID 0x410000c7, AUX_CTRL 0x4e480001
[    0.000012] sched_clock: 32 bits at 1000kHz, resolution 1000ns, wraps every 2147483647500ns
[    0.000030] clocksource: timer_us: mask: 0xffffffff max_cycles: 0xffffffff, max_idle_ns: 1911260446275 ns
[    0.000038] Switching to timer-based delay loop, resolution 1000ns
[    0.002875] Console: colour dummy device 80x30
[    0.002902] Calibrating delay loop (skipped), value calculated using timer frequency.. 2.00 BogoMIPS (lpj=5000)
[    0.002912] pid_max: default: 32768 minimum: 301
[    0.002998] Mount-cache hash table entries: 2048 (order: 1, 8192 bytes)
[    0.003005] Mountpoint-cache hash table entries: 2048 (order: 1, 8192 bytes)
[    0.003436] CPU: Testing write buffer coherency: ok
[    0.003726] CPU0: thread -1, cpu 0, socket 0, mpidr 80000000
[    0.003770] Setting up static identity map for 0x80300000 - 0x80300098
[    0.006301] Tegra Revision: A03 SKU: 128 CPU Process: 4 SoC Process: 0
[    0.010355] CPU1: thread -1, cpu 1, socket 0, mpidr 80000001
[    0.015331] CPU2: thread -1, cpu 2, socket 0, mpidr 80000002
[    0.020331] CPU3: thread -1, cpu 3, socket 0, mpidr 80000003
[    0.020375] Brought up 4 CPUs
[    0.020388] SMP: Total of 4 processors activated (8.00 BogoMIPS).
[    0.020393] CPU: All CPU(s) started in SVC mode.
[    0.021066] devtmpfs: initialized
[    0.029994] VFP support v0.3: implementor 41 architecture 3 part 30 variant 9 rev 4
[    0.030430] clocksource: jiffies: mask: 0xffffffff max_cycles: 0xffffffff, max_idle_ns: 9556302231375000 ns
[    0.033692] pinctrl core: initialized pinctrl subsystem
[    0.035323] NET: Registered protocol family 16
[    0.037947] DMA: preallocated 256 KiB pool for atomic coherent allocations
[    0.054917] cpuidle: using governor menu
[    0.063499] No ATAGs?
[    0.063522] hw-breakpoint: found 5 (+1 reserved) breakpoint and 1 watchpoint registers.
[    0.063529] hw-breakpoint: maximum watchpoint size is 4 bytes.
[    0.066677] Serial: AMBA PL011 UART driver
[    0.067986] tegra-mc 7000f000.memory-controller: no memory timings for RAM code 3 registered
[    0.087835] vdd_5v_sata: Failed to request enable GPIO30: -517
[    0.087848] reg-fixed-voltage regulators:regulator@3: Failed to register regulator: -517
[    0.087890] usb1_vbus: Failed to request enable GPIO238: -517
[    0.087898] reg-fixed-voltage regulators:regulator@4: Failed to register regulator: -517
[    0.087940] usb3_vbus: Failed to request enable GPIO236: -517
[    0.087947] reg-fixed-voltage regulators:regulator@5: Failed to register regulator: -517
[    0.088034] sys_3v3_pexs: Failed to request enable GPIO95: -517
[    0.088042] reg-fixed-voltage regulators:regulator@7: Failed to register regulator: -517
[    0.090021] vgaarb: loaded
[    0.090526] SCSI subsystem initialized
[    0.090670] libata version 3.00 loaded.
[    0.090854] usbcore: registered new interface driver usbfs
[    0.090893] usbcore: registered new interface driver hub
[    0.090928] usbcore: registered new device driver usb
[    0.097615] vrtc: supplied by vdd_5v_in
[    0.100919] vio: supplied by vdd_5v_in
[    0.106834] vdd1: supplied by vdd_5v_in
[    0.108198] vddio_ddr_1v2: Bringing 600000uV into 1200000-1200000uV
[    0.111837] vdd2: supplied by vdd_5v_in
[    0.121821] ldo1: supplied by vdd_1v5_gen
[    0.124206] ldo2: supplied by vdd_1v5_gen
[    0.124678] vdd_sata,avdd_plle: Bringing 1200000uV into 1050000-1050000uV
[    0.126927] ldo3: supplied by vdd_5v_in
[    0.129288] ldo4: supplied by vdd_5v_in
[    0.131827] ldo5: supplied by vdd_5v_in
[    0.136836] ldo6: supplied by vdd_1v8_gen
[    0.137308] avdd_dsi_csi,pwrdet_mipi: Bringing 1000000uV into 1200000-1200000uV
[    0.139574] ldo7: supplied by vdd_1v8_gen
[    0.146823] ldo8: supplied by vdd_1v8_gen
[    0.151869] pps_core: LinuxPPS API ver. 1 registered
[    0.151875] pps_core: Software ver. 5.3.6 - Copyright 2005-2007 Rodolfo Giometti <giometti@linux.it>
[    0.151889] PTP clock support registered
[    0.152023] EDAC MC: Ver: 3.0.0
[    0.153558] clocksource: Switched to clocksource timer_us
[    0.159480] NET: Registered protocol family 2
[    0.159879] TCP established hash table entries: 8192 (order: 3, 32768 bytes)
[    0.159932] TCP bind hash table entries: 8192 (order: 4, 65536 bytes)
[    0.160009] TCP: Hash tables configured (established 8192 bind 8192)
[    0.160094] UDP hash table entries: 512 (order: 2, 16384 bytes)
[    0.160153] UDP-Lite hash table entries: 512 (order: 2, 16384 bytes)
[    0.160316] NET: Registered protocol family 1
[    0.160586] RPC: Registered named UNIX socket transport module.
[    0.160594] RPC: Registered udp transport module.
[    0.160598] RPC: Registered tcp transport module.
[    0.160602] RPC: Registered tcp NFSv4.1 backchannel transport module.
[    0.160612] PCI: CLS 0 bytes, default 64
[    0.161370] hw perfevents: enabled with armv7_cortex_a9 PMU driver, 7 counters available
[    0.162270] futex hash table entries: 1024 (order: 4, 65536 bytes)
[    0.162754] workingset: timestamp_bits=30 max_order=19 bucket_order=0
[    0.168118] squashfs: version 4.0 (2009/01/31) Phillip Lougher
[    0.168601] NFS: Registering the id_resolver key type
[    0.168630] Key type id_resolver registered
[    0.168634] Key type id_legacy registered
[    0.168664] ntfs: driver 2.1.32 [Flags: R/O].
[    0.169405] bounce: pool size: 64 pages
[    0.169519] Block layer SCSI generic (bsg) driver version 0.4 loaded (major 248)
[    0.169527] io scheduler noop registered
[    0.169532] io scheduler deadline registered
[    0.169623] io scheduler cfq registered (default)
[    0.171889] libphy: mdio_driver_register: phy-bcm-ns2-pci
[    0.175333] tegra30-pinctrl 70000868.pinmux: invalid group "sdmmc3_dat6_pd3" for function "rsvd1"
[    0.175348] tegra30-pinctrl 70000868.pinmux: invalid group "sdmmc3_dat7_pd4" for function "rsvd1"
[    0.175362] tegra30-pinctrl 70000868.pinmux: invalid group "vi_vsync_pd6" for function "rsvd1"
[    0.175372] tegra30-pinctrl 70000868.pinmux: invalid group "vi_hsync_pd7" for function "rsvd1"
[    0.175828] tegra30-pinctrl 70000868.pinmux: invalid group "hdmi_int_pn7" for function "rsvd1"
[    0.175872] tegra30-pinctrl 70000868.pinmux: invalid group "ulpi_data3_po4" for function "rsvd1"
[    0.176201] tegra30-pinctrl 70000868.pinmux: invalid group "vi_d10_pt2" for function "rsvd1"
[    0.176214] tegra30-pinctrl 70000868.pinmux: invalid group "vi_d11_pt3" for function "rsvd1"
[    0.176226] tegra30-pinctrl 70000868.pinmux: invalid group "vi_d0_pt4" for function "rsvd1"
[    0.176268] tegra30-pinctrl 70000868.pinmux: invalid group "pu0" for function "rsvd1"
[    0.176299] tegra30-pinctrl 70000868.pinmux: invalid group "pu3" for function "rsvd1"
[    0.176337] tegra30-pinctrl 70000868.pinmux: invalid group "pu6" for function "rsvd1"
[    0.176378] tegra30-pinctrl 70000868.pinmux: invalid group "pv3" for function "rsvd1"
[    0.176870] tegra30-pinctrl 70000868.pinmux: invalid group "pbb0" for function "rsvd1"
[    0.176984] tegra30-pinctrl 70000868.pinmux: invalid group "pcc1" for function "rsvd1"
[    0.182131] tegra-pcie 3000.pcie-controller: 2x3 configuration
[    0.182272] tegra-pcie 3000.pcie-controller: Failed to get supply 'hvdd-pex': -517
[    0.186066] tegra-apbdma 6000a000.dma: Tegra20 APB DMA driver register 32 channels
[    0.187028] tegra-pmc 7000e400.pmc: i2c-thermtrip node not found, emergency thermal reset disabled.
[    0.221537] Serial: 8250/16550 driver, 4 ports, IRQ sharing disabled
[    0.223698] console [ttyS0] disabled
[    0.223734] 70006000.serial: ttyS0 at MMIO 0x70006000 (irq = 331, base_baud = 25500000) is a Tegra
[    1.210885] console [ttyS0] enabled
[    1.214901] SuperH (H)SCI(F) driver initialized
[    1.220014] msm_serial: driver initialized
[    1.224232] STMicroelectronics ASC driver initialized
[    1.231376] [drm] Initialized drm 1.1.0 20060810
[    1.237900] tegra-hdmi 54280000.hdmi: failed to get HDMI regulator
[    1.252147] brd: module loaded
[    1.259157] loop: module loaded
[    1.267153] m25p80 spi32766.1: w25q32 (4096 Kbytes)
[    1.274031] libphy: Fixed MDIO Bus: probed
[    1.278635] CAN device driver interface
[    1.283665] igb: Intel(R) Gigabit Ethernet Network Driver - version 5.3.0-k
[    1.290618] igb: Copyright (c) 2007-2014 Intel Corporation.
[    1.297952] pegasus: v0.9.3 (2013/04/25), Pegasus/Pegasus II USB Ethernet driver
[    1.305392] usbcore: registered new interface driver pegasus
[    1.311078] usbcore: registered new interface driver asix
[    1.316494] usbcore: registered new interface driver ax88179_178a
[    1.322603] usbcore: registered new interface driver cdc_ether
[    1.328465] usbcore: registered new interface driver smsc75xx
[    1.334238] usbcore: registered new interface driver smsc95xx
[    1.339999] usbcore: registered new interface driver net1080
[    1.345670] usbcore: registered new interface driver cdc_subset
[    1.351603] usbcore: registered new interface driver zaurus
[    1.357202] usbcore: registered new interface driver cdc_ncm
[    1.364185] ehci_hcd: USB 2.0 'Enhanced' Host Controller (EHCI) Driver
[    1.370710] ehci-pci: EHCI PCI platform driver
[    1.375179] ehci-platform: EHCI generic platform driver
[    1.380522] ehci-orion: EHCI orion driver
[    1.384601] SPEAr-ehci: EHCI SPEAr driver
[    1.388682] ehci-st: EHCI STMicroelectronics driver
[    1.393628] ehci-exynos: EHCI EXYNOS driver
[    1.397882] ehci-atmel: EHCI Atmel driver
[    1.401962] tegra-ehci: Tegra EHCI driver
[    1.406247] ohci_hcd: USB 1.1 'Open' Host Controller (OHCI) Driver
[    1.412436] ohci-pci: OHCI PCI platform driver
[    1.416903] ohci-platform: OHCI generic platform driver
[    1.422224] ohci-omap3: OHCI OMAP3 driver
[    1.426306] SPEAr-ohci: OHCI SPEAr driver
[    1.430387] ohci-st: OHCI STMicroelectronics driver
[    1.435338] ohci-atmel: OHCI Atmel driver
[    1.439777] usbcore: registered new interface driver usb-storage
[    1.446698] mousedev: PS/2 mouse device common for all mice
[    1.454078] tegra_rtc 7000e000.rtc: rtc core: registered 7000e000.rtc as rtc1
[    1.461242] tegra_rtc 7000e000.rtc: Tegra internal Real Time Clock
[    1.470087] random: fast init done
[    1.483377] tps65910-rtc tps65910-rtc: rtc core: registered tps65910-rtc as rtc0
[    1.490967] i2c /dev entries driver
[    1.501978] sdhci: Secure Digital Host Controller Interface driver
[    1.508164] sdhci: Copyright(c) Pierre Ossman
[    1.513390] Synopsys Designware Multimedia Card Interface Driver
[    1.520018] sdhci-pltfm: SDHCI platform and OF driver helper
[    1.526174] sdhci-tegra 78000000.sdhci: Got CD GPIO
[    1.531062] sdhci-tegra 78000000.sdhci: Got WP GPIO
[    1.537120] mmc0: Invalid maximum block size, assuming 512 bytes
[    1.588646] mmc0: SDHCI controller on 78000000.sdhci [78000000.sdhci] using ADMA
[    1.597201] mmc1: Invalid maximum block size, assuming 512 bytes
[    1.643570] mmc1: SDHCI controller on 78000600.sdhci [78000600.sdhci] using ADMA
[    1.652299] ledtrig-cpu: registered to indicate activity on CPUs
[    1.660472] usbcore: registered new interface driver usbhid
[    1.666041] usbhid: USB HID core driver
[    1.673346] NET: Registered protocol family 10
[    1.680387] sit: IPv6, IPv4 and MPLS over IPv4 tunneling driver
[    1.686735] NET: Registered protocol family 17
[    1.691189] can: controller area network core (rev 20120528 abi 9)
[    1.697409] NET: Registered protocol family 29
[    1.701852] can: raw protocol (rev 20120528)
[    1.706117] can: broadcast manager protocol (rev 20160617 t)
[    1.711772] can: netlink gateway (rev 20130117) max_hops=1
[    1.717521] Key type dns_resolver registered
[    1.722184] ThumbEE CPU extension supported.
[    1.726462] Registering SWP/SWPB emulation handler
[    1.747042] vdd_ddr: supplied by vdd_5v_in
[    1.753658] vdd_5v_sata: supplied by vdd_5v_in
[    1.758394] usb1_vbus: supplied by vdd_5v_in
[    1.762974] usb3_vbus: supplied by vdd_5v_in
[    1.770010] sys_3v3,vdd_3v3_alw: supplied by vdd_5v_in
[    1.777609] +VDD_5V_HDMI: supplied by sys_3v3,vdd_3v3_alw
[    1.783217] sys_3v3_pexs: supplied by sys_3v3,vdd_3v3_alw
[    1.788249] mmc1: new high speed MMC card at address 0001
[    1.789877] mmcblk1: mmc1:0001 SEM16G 14.8 GiB 
[    1.791299] mmcblk1boot0: mmc1:0001 SEM16G partition 1 1.00 MiB
[    1.792312] mmcblk1boot1: mmc1:0001 SEM16G partition 2 1.00 MiB
[    1.794679] mmc0: new ultra high speed DDR50 SDHC card at address aaaa
[    1.795534] mmcblk1rpmb: mmc1:0001 SEM16G partition 3 128 KiB
[    1.796002] mmcblk0: mmc0:aaaa SS04G 3.69 GiB 
[    1.799040] Primary GPT is invalid, using alternate GPT.
[    1.799056]  mmcblk1: p1 p2 p3 p4 p5
[    1.817890]  mmcblk0: p1 p2 p3
[    1.839796] tegra-pcie 3000.pcie-controller: 2x3 configuration
[    1.849660] tegra-pcie 3000.pcie-controller: probing port 0, using 2 lanes
[    1.914797] tegra-pcie 3000.pcie-controller: probing port 2, using 2 lanes
[    2.325539] tegra-pcie 3000.pcie-controller: link 2 down, retrying
[    2.735575] tegra-pcie 3000.pcie-controller: link 2 down, retrying
[    3.145614] tegra-pcie 3000.pcie-controller: link 2 down, retrying
[    3.153804] tegra-pcie 3000.pcie-controller: link 2 down, ignoring
[    3.160105] tegra-pcie 3000.pcie-controller: PCI host bridge to bus 0000:00
[    3.167064] pci_bus 0000:00: root bus resource [io  0x0000-0xffff]
[    3.173236] pci_bus 0000:00: root bus resource [mem 0x20000000-0x27ffffff]
[    3.180101] pci_bus 0000:00: root bus resource [mem 0x28000000-0x3fffffff pref]
[    3.187401] pci_bus 0000:00: root bus resource [bus 00-ff]
[    3.192899] pci 0000:00:01.0: [10de:0e1c] type 01 class 0x060400
[    3.198960] pci 0000:00:01.0: PME# supported from D0 D1 D2 D3hot D3cold
[    3.205724] PCI: bus0: Fast back to back transfers disabled
[    3.211296] pci 0000:00:01.0: bridge configuration invalid ([bus 00-00]), reconfiguring
[    3.219384] pci 0000:01:00.0: [10ec:8168] type 00 class 0x020000
[    3.225401] pci 0000:01:00.0: reg 0x10: [io  0x0000-0x00ff]
[    3.230980] pci 0000:01:00.0: reg 0x18: [mem 0x00000000-0x00000fff 64bit pref]
[    3.238200] pci 0000:01:00.0: reg 0x20: [mem 0x00000000-0x00003fff 64bit pref]
[    3.245481] pci 0000:01:00.0: supports D1 D2
[    3.249746] pci 0000:01:00.0: PME# supported from D0 D1 D2 D3hot D3cold
[    3.268582] PCI: bus1: Fast back to back transfers disabled
[    3.274152] pci_bus 0000:01: busn_res: [bus 01-ff] end is updated to 01
[    3.280816] pci 0000:00:01.0: BAR 9: assigned [mem 0x28000000-0x280fffff 64bit pref]
[    3.288556] pci 0000:00:01.0: BAR 7: assigned [io  0x1000-0x1fff]
[    3.294645] pci 0000:01:00.0: BAR 4: assigned [mem 0x28000000-0x28003fff 64bit pref]
[    3.302387] pci 0000:01:00.0: BAR 2: assigned [mem 0x28004000-0x28004fff 64bit pref]
[    3.310128] pci 0000:01:00.0: BAR 0: assigned [io  0x1000-0x10ff]
[    3.316216] pci 0000:00:01.0: PCI bridge to [bus 01]
[    3.321174] pci 0000:00:01.0:   bridge window [io  0x1000-0x1fff]
[    3.327260] pci 0000:00:01.0:   bridge window [mem 0x28000000-0x280fffff 64bit pref]
[    3.335005] pci 0000:00:01.0: nv_msi_ht_cap_quirk didn't locate host bridge
[    3.342013] pcieport 0000:00:01.0: enabling device (0140 -> 0143)
[    3.348270] pcieport 0000:00:01.0: Signaling PME through PCIe PME interrupt
[    3.355229] pci 0000:01:00.0: Signaling PME through PCIe PME interrupt
[    3.361750] pcie_pme 0000:00:01.0:pcie001: service driver pcie_pme loaded
[    3.368728] r8169 Gigabit Ethernet driver 2.3LK-NAPI loaded
[    3.374317] r8169 0000:01:00.0: enabling device (0140 -> 0143)
[    3.381442] r8169 0000:01:00.0 eth0: RTL8168evl/8111evl at 0xf09fa000, 02:04:4b:01:60:a6, XID 0c900800 IRQ 375
[    3.391442] r8169 0000:01:00.0 eth0: jumbo features [frames: 9200 bytes, tx checksumming: ko]
[    3.403643] [drm] Supports vblank timestamp caching Rev 2 (21.10.2013).
[    3.410255] [drm] No driver support for vblank timestamp query.
[    3.416202] drm drm: No connectors reported connected with modes
[    3.422207] [drm] Cannot find any crtc or sizes - going 1024x768
[    3.449761] Console: switching to colour frame buffer device 128x48
[    3.462069] drm drm: fb0:  frame buffer device
[    3.478949] [drm] Initialized tegra 0.0.0 20120330 on minor 0
[    3.489830] utmi_phy_clk_enable: timeout waiting for phy to stabilize
[    3.496298] tegra-ehci 7d004000.usb: EHCI Host Controller
[    3.501710] tegra-ehci 7d004000.usb: new USB bus registered, assigned bus number 1
[    3.509539] tegra-ehci 7d004000.usb: irq 343, io mem 0x7d004000
[    3.528980] tegra-ehci 7d004000.usb: USB 2.0 started, EHCI 1.00
[    3.536259] hub 1-0:1.0: USB hub found
[    3.540040] hub 1-0:1.0: 1 port detected
[    3.545064] tegra-ehci 7d008000.usb: EHCI Host Controller
[    3.550482] tegra-ehci 7d008000.usb: new USB bus registered, assigned bus number 2
[    3.558223] tegra-ehci 7d008000.usb: irq 344, io mem 0x7d008000
[    3.578961] tegra-ehci 7d008000.usb: USB 2.0 started, EHCI 1.00
[    3.586113] hub 2-0:1.0: USB hub found
[    3.589882] hub 2-0:1.0: 1 port detected
[    3.598641] tps65910-rtc tps65910-rtc: setting system clock to 2000-01-01 00:00:02 UTC (946684802)
[    3.612335] vdd_sata,avdd_plle: disabling
[    3.617169] usb1_vbus: disabling
[    3.622286] EXT4-fs (mmcblk1p1): mounting ext3 file system using the ext4 subsystem
[    3.637272] EXT4-fs (mmcblk1p1): warning: mounting fs with errors, running e2fsck is recommended
[    3.647480] EXT4-fs (mmcblk1p1): recovery complete
[    3.652285] EXT4-fs (mmcblk1p1): mounted filesystem with ordered data mode. Opts: (null)
[    3.660394] VFS: Mounted root (ext3 filesystem) on device 179:1.
[    3.670557] devtmpfs: mounted
[    3.676175] Freeing unused kernel memory: 2048K (c1100000 - c1300000)
bash: cannot set terminal process group (-1): Inappropriate ioctl for device
bash: no job control in this shell
root@(none):/# [    3.923972] usb 2-1: new high-speed USB device number 2 using tegra-ehci
mount -t sysfs none /sys
root@(none):/# 
root@(none):/# [    4.926136] asix 2-1:1.0 eth1: register 'asix' at usb-7d008000.usb-1, ASIX AX88772 USB 2.0 Ethernet, 00:50:b6:0f:67:60
mount -t debugfs none /sys/kernel/debug
root@(none):/# 
root@(none):/# rtcwake -d rtc1 -m mem -s 3
rtcwake: wakeup from "mem" using /dev/rtc1 at Thu Jan  1 00:00:21 1970
[    6.551006] PM: Syncing filesystems ... done.
[    6.564538] Freezing user space processes ... (elapsed 0.001 seconds) done.
[    6.572656] Double checking all user space processes after OOM killer disable... (elapsed 0.000 seconds) 
[    6.582243] Freezing remaining freezable tasks ... (elapsed 0.001 seconds) done.
[    6.590888] Suspending console(s) (use no_console_suspend to debug)
[    6.627815] PM: suspend of devices complete after 29.648 msecs
[    6.628476] PM: late suspend of devices complete after 0.653 msecs
[    6.649099] PM: noirq suspend of devices complete after 20.616 msecs
[    6.649102] Disabling non-boot CPUs ...
[    6.649744] CPU1: shutdown
[    6.684750] IRQ17 no longer affine to CPU2
[    6.684971] CPU2: shutdown
[    6.714678] CPU3: shutdown
[    6.739054] Entering suspend state LP1
[    6.739064] Enabling non-boot CPUs ...
[    6.769580] CPU1 is up
[    6.804688] CPU2 is up
[    6.834812] CPU3 is up
[    6.835426] pcieport 0000:00:01.0: nv_msi_ht_cap_quirk didn't locate host bridge
[    6.853631] PM: noirq resume of devices complete after 18.811 msecs
[    6.855424] PM: early resume of devices complete after 1.407 msecs
[    6.926912] PM: resume of devices complete after 71.479 msecs
[    7.002093] Restarting tasks ... done.
root@(none):/# 
root@(none):/# rtcwake -d rtc1 -m mem -s 3
rtcwake: wakeup from "mem" using /dev/rtc1 at Thu Jan  1 00:00:26 1970
[    8.328113] PM: Syncing filesystems ... done.
[    8.339742] Freezing user space processes ... (elapsed 0.001 seconds) done.
[    8.347868] Double checking all user space processes after OOM killer disable... (elapsed 0.000 seconds) 
[    8.357458] Freezing remaining freezable tasks ... (elapsed 0.001 seconds) done.
[    8.366089] Suspending console(s) (use no_console_suspend to debug)
[    8.417396] PM: suspend of devices complete after 44.108 msecs
[    8.418880] PM: late suspend of devices complete after 1.477 msecs
[    8.439061] PM: noirq suspend of devices complete after 20.175 msecs
[    8.439065] Disabling non-boot CPUs ...
[    8.439389] IRQ17 no longer affine to CPU1
[    8.439703] CPU1: shutdown
[    8.474941] CPU2: shutdown
[    8.504526] CPU3: shutdown
[    8.529023] Entering suspend state LP1
[    8.529036] Enabling non-boot CPUs ...
[    8.559742] CPU1 is up
[    8.589818] CPU2 is up
[    8.624955] CPU3 is up
[    8.625715] pcieport 0000:00:01.0: nv_msi_ht_cap_quirk didn't locate host bridge
[    8.643615] PM: noirq resume of devices complete after 18.648 msecs
[    8.645803] PM: early resume of devices complete after 1.765 msecs
[    8.716920] PM: resume of devices complete after 71.104 msecs
[    8.792407] Restarting tasks ... done.
root@(none):/# 
root@(none):/# rtcwake -d rtc1 -m mem -s 3
rtcwake: wakeup from "mem" using /dev/rtc1 at Thu Jan  1 00:00:31 1970
[   10.141592] PM: Syncing filesystems ... done.
[   10.156311] Freezing user space processes ... (elapsed 0.001 seconds) done.
[   10.164495] Double checking all user space processes after OOM killer disable... (elapsed 0.000 seconds) 
[   10.174091] Freezing remaining freezable tasks ... (elapsed 0.001 seconds) done.
[   10.182759] Suspending console(s) (use no_console_suspend to debug)
[   10.233429] PM: suspend of devices complete after 43.177 msecs
[   10.234321] PM: late suspend of devices complete after 0.881 msecs
[   10.254158] PM: noirq suspend of devices complete after 19.831 msecs
[   10.254162] Disabling non-boot CPUs ...
[   10.254981] CPU1: shutdown
[   10.289922] IRQ17 no longer affine to CPU2
[   10.290184] CPU2: shutdown
[   10.319616] CPU3: shutdown
[   10.344040] Entering suspend state LP1
[   10.344054] Enabling non-boot CPUs ...
[   10.374723] CPU1 is up
[   10.404795] CPU2 is up
[   10.439895] CPU3 is up
[   10.440646] pcieport 0000:00:01.0: nv_msi_ht_cap_quirk didn't locate host bridge
[   10.458586] PM: noirq resume of devices complete after 18.681 msecs
[   10.461332] PM: early resume of devices complete after 2.305 msecs
[   10.536888] PM: resume of devices complete after 75.543 msecs
[   10.612379] Restarting tasks ... done.
root@(none):/# 
root@(none):/# rtcwake -d rtc1 -m mem -s 3
rtcwake: wakeup from "mem" using /dev/rtc1 at Thu Jan  1 00:00:36 1970
[   11.980479] PM: Syncing filesystems ... done.
[   11.994178] Freezing user space processes ... (elapsed 0.001 seconds) done.
[   12.002340] Double checking all user space processes after OOM killer disable... (elapsed 0.000 seconds) 
[   12.011932] Freezing remaining freezable tasks ... (elapsed 0.001 seconds) done.
[   12.020624] Suspending console(s) (use no_console_suspend to debug)
[   12.057354] PM: suspend of devices complete after 29.245 msecs
[   12.058185] PM: late suspend of devices complete after 0.823 msecs
[   12.079138] PM: noirq suspend of devices complete after 20.944 msecs
[   12.079141] Disabling non-boot CPUs ...
[   12.079562] IRQ17 no longer affine to CPU1
[   12.079965] CPU1: shutdown
[   12.120158] CPU2: shutdown
[   12.149595] CPU3: shutdown
[   12.174014] Entering suspend state LP1
[   12.174027] Enabling non-boot CPUs ...
[   12.204707] CPU1 is up
[   12.239756] CPU2 is up
[   12.274898] CPU3 is up
[   12.275643] pcieport 0000:00:01.0: nv_msi_ht_cap_quirk didn't locate host bridge
[   12.293563] PM: noirq resume of devices complete after 18.656 msecs
[   12.295742] PM: early resume of devices complete after 1.771 msecs
[   12.371933] PM: resume of devices complete after 76.180 msecs
[   12.447386] Restarting tasks ... done.
root@(none):/# 
root@(none):/# rtcwake -d rtc1 -m mem -s 3
rtcwake: wakeup from "mem" using /dev/rtc1 at Thu Jan  1 00:00:41 1970
[   13.781600] PM: Syncing filesystems ... done.
[   13.796328] Freezing user space processes ... (elapsed 0.001 seconds) done.
[   13.804521] Double checking all user space processes after OOM killer disable... (elapsed 0.000 seconds) 
[   13.814119] Freezing remaining freezable tasks ... (elapsed 0.001 seconds) done.
[   13.822795] Suspending console(s) (use no_console_suspend to debug)
[   13.873944] PM: suspend of devices complete after 43.653 msecs
[   13.875742] PM: late suspend of devices complete after 1.791 msecs
[   13.894115] PM: noirq suspend of devices complete after 18.363 msecs
[   13.894120] Disabling non-boot CPUs ...
[   13.894931] CPU1: shutdown
[   13.919880] IRQ17 no longer affine to CPU2
[   13.920153] CPU2: shutdown
[   13.939556] CPU3: shutdown
[   13.963995] Entering suspend state LP1
[   13.964007] Enabling non-boot CPUs ...
[   13.994682] CPU1 is up
[   14.024731] CPU2 is up
[   14.054866] CPU3 is up
[   14.055607] pcieport 0000:00:01.0: nv_msi_ht_cap_quirk didn't locate host bridge
[   14.073546] PM: noirq resume of devices complete after 18.671 msecs
[   14.075771] PM: early resume of devices complete after 1.794 msecs
[   14.151834] PM: resume of devices complete after 76.049 msecs
[   14.227273] Restarting tasks ... done.
root@(none):/# 
root@(none):/# rtcwake -d rtc1 -m mem -s 3
rtcwake: wakeup from "mem" using /dev/rtc1 at Thu Jan  1 00:00:46 1970
[   15.581511] PM: Syncing filesystems ... done.
[   15.596249] Freezing user space processes ... (elapsed 0.001 seconds) done.
[   15.604430] Double checking all user space processes after OOM killer disable... (elapsed 0.000 seconds) 
[   15.614024] Freezing remaining freezable tasks ... (elapsed 0.001 seconds) done.
[   15.622703] Suspending console(s) (use no_console_suspend to debug)
[   15.673409] PM: suspend of devices complete after 43.217 msecs
[   15.677295] PM: late suspend of devices complete after 3.877 msecs
[   15.694101] PM: noirq suspend of devices complete after 16.798 msecs
[   15.694106] Disabling non-boot CPUs ...
[   15.694927] CPU1: shutdown
[   15.719823] IRQ17 no longer affine to CPU2
[   15.720087] CPU2: shutdown
[   15.749566] CPU3: shutdown
[   15.773963] Entering suspend state LP1
[   15.773975] Enabling non-boot CPUs ...
[   15.804670] CPU1 is up
[   15.839721] CPU2 is up
[   15.869863] CPU3 is up
[   15.870603] pcieport 0000:00:01.0: nv_msi_ht_cap_quirk didn't locate host bridge
[   15.888528] PM: noirq resume of devices complete after 18.655 msecs
[   15.890705] PM: early resume of devices complete after 1.753 msecs
[   15.966377] PM: resume of devices complete after 75.662 msecs
[   16.041845] Restarting tasks ... done.
root@(none):/# 
root@(none):/# rtcwake -d rtc1 -m mem -s 3
rtcwake: wakeup from "mem" using /dev/rtc1 at Thu Jan  1 00:00:51 1970
[   17.381555] PM: Syncing filesystems ... done.
[   17.395276] Freezing user space processes ... (elapsed 0.001 seconds) done.
[   17.403466] Double checking all user space processes after OOM killer disable... (elapsed 0.000 seconds) 
[   17.413060] Freezing remaining freezable tasks ... (elapsed 0.001 seconds) done.
[   17.421738] Suspending console(s) (use no_console_suspend to debug)
[   17.472880] PM: suspend of devices complete after 43.644 msecs
[   17.473746] PM: late suspend of devices complete after 0.855 msecs
[   17.494082] PM: noirq suspend of devices complete after 20.328 msecs
[   17.494085] Disabling non-boot CPUs ...
[   17.494885] CPU1: shutdown
[   17.519841] IRQ17 no longer affine to CPU2
[   17.520115] CPU2: shutdown
[   17.539525] CPU3: shutdown
[   17.563973] Entering suspend state LP1
[   17.563987] Enabling non-boot CPUs ...
[   17.594650] CPU1 is up
[   17.629717] CPU2 is up
[   17.664833] CPU3 is up
[   17.665578] pcieport 0000:00:01.0: nv_msi_ht_cap_quirk didn't locate host bridge
[   17.683505] PM: noirq resume of devices complete after 18.663 msecs
[   17.684658] PM: early resume of devices complete after 0.729 msecs
[   17.756586] PM: resume of devices complete after 71.918 msecs
[   17.832063] Restarting tasks ... done.
root@(none):/# 
root@(none):/# rtcwake -d rtc1 -m mem -s 3
rtcwake: wakeup from "mem" using /dev/rtc1 at Thu Jan  1 00:00:56 1970
[   19.181470] PM: Syncing filesystems ... done.
[   19.196200] Freezing user space processes ... (elapsed 0.001 seconds) done.
[   19.204385] Double checking all user space processes after OOM killer disable... (elapsed 0.000 seconds) 
[   19.213978] Freezing remaining freezable tasks ... (elapsed 0.001 seconds) done.
[   19.222650] Suspending console(s) (use no_console_suspend to debug)
[   19.272890] PM: suspend of devices complete after 42.758 msecs
[   19.273709] PM: late suspend of devices complete after 0.808 msecs
[   19.294046] PM: noirq suspend of devices complete after 20.329 msecs
[   19.294049] Disabling non-boot CPUs ...
[   19.294873] CPU1: shutdown
[   19.329802] IRQ17 no longer affine to CPU2
[   19.330070] CPU2: shutdown
[   19.359526] CPU3: shutdown
[   19.383937] Entering suspend state LP1
[   19.383948] Enabling non-boot CPUs ...
[   19.414634] CPU1 is up
[   19.444685] CPU2 is up
[   19.474812] CPU3 is up
[   19.475551] pcieport 0000:00:01.0: nv_msi_ht_cap_quirk didn't locate host bridge
[   19.493479] PM: noirq resume of devices complete after 18.660 msecs
[   19.494704] PM: early resume of devices complete after 0.789 msecs
[   19.571877] PM: resume of devices complete after 77.162 msecs
[   19.647294] Restarting tasks ... done.
root@(none):/# 
root@(none):/# rtcwake -d rtc1 -m mem -s 3
rtcwake: wakeup from "mem" using /dev/rtc1 at Thu Jan  1 00:01:01 1970
[   20.981273] PM: Syncing filesystems ... done.
[   20.994444] Freezing user space processes ... (elapsed 0.001 seconds) done.
[   21.002608] Double checking all user space processes after OOM killer disable... (elapsed 0.000 seconds) 
[   21.012204] Freezing remaining freezable tasks ... (elapsed 0.001 seconds) done.
[   21.020896] Suspending console(s) (use no_console_suspend to debug)
[   21.072833] PM: suspend of devices complete after 44.459 msecs
[   21.073702] PM: late suspend of devices complete after 0.862 msecs
[   21.094034] PM: noirq suspend of devices complete after 20.325 msecs
[   21.094040] Disabling non-boot CPUs ...
[   21.094852] CPU1: shutdown
[   21.119792] IRQ17 no longer affine to CPU2
[   21.120058] CPU2: shutdown
[   21.149534] CPU3: shutdown
[   21.173906] Entering suspend state LP1
[   21.173920] Enabling non-boot CPUs ...
[   21.204609] CPU1 is up
[   21.239668] CPU2 is up
[   21.269765] CPU3 is up
[   21.270520] pcieport 0000:00:01.0: nv_msi_ht_cap_quirk didn't locate host bridge
[   21.288468] PM: noirq resume of devices complete after 18.693 msecs
[   21.290167] PM: early resume of devices complete after 1.280 msecs
[   21.366819] PM: resume of devices complete after 76.641 msecs
[   21.442268] Restarting tasks ... done.
root@(none):/# 
root@(none):/# rtcwake -d rtc1 -m mem -s 3
rtcwake: wakeup from "mem" using /dev/rtc1 at Thu Jan  1 00:01:06 1970
[   22.771633] PM: Syncing filesystems ... done.
[   22.785849] Freezing user space processes ... (elapsed 0.001 seconds) done.
[   22.794025] Double checking all user space processes after OOM killer disable... (elapsed 0.000 seconds) 
[   22.803634] Freezing remaining freezable tasks ... (elapsed 0.001 seconds) done.
[   22.812307] Suspending console(s) (use no_console_suspend to debug)
[   22.863833] PM: suspend of devices complete after 44.040 msecs
[   22.865653] PM: late suspend of devices complete after 1.811 msecs
[   22.884022] PM: noirq suspend of devices complete after 18.360 msecs
[   22.884025] Disabling non-boot CPUs ...
[   22.884841] CPU1: shutdown
[   22.924779] IRQ17 no longer affine to CPU2
[   22.925045] CPU2: shutdown
[   22.954476] CPU3: shutdown
[   22.978881] Entering suspend state LP1
[   22.978892] Enabling non-boot CPUs ...
[   23.009582] CPU1 is up
[   23.044633] CPU2 is up
[   23.074766] CPU3 is up
[   23.075503] pcieport 0000:00:01.0: nv_msi_ht_cap_quirk didn't locate host bridge
[   23.093442] PM: noirq resume of devices complete after 18.664 msecs
[   23.096176] PM: early resume of devices complete after 2.311 msecs
[   23.172028] PM: resume of devices complete after 75.842 msecs
[   23.247443] Restarting tasks ... done.
root@(none):/# 
root@(none):/# NVTB SYSTEM SUSPEND TEST COMPLETE
