
U-Boot SPL 2014.01-00219-gc4d376f (Feb 18 2014 - 19:57:32)


U-Boot 2014.01-00219-gc4d376f (Feb 18 2014 - 19:57:32)

TEGRA114
Board: NVIDIA Dalmore
I2C:   ready
DRAM:  2 GiB
MMC:   Tegra SD/MMC: 0, Tegra SD/MMC: 1
In:    serial
Out:   serial
Err:   serial
Net:   Net Initialization Skipped
No ethernet found.
Hit any key to stop autoboot:  2  0 
Tegra114 (Dalmore) # 
Tegra114 (Dalmore) # usb reset
(Re)start USB...
USB0:   USB EHCI 1.10
scanning bus 0 for devices... 2 USB Device(s) found
       scanning usb for storage devices... 0 Storage Device(s) found
       scanning usb for ethernet devices... 
Warning: asx0 using MAC address from net device
1 Ethernet Device(s) found
Tegra114 (Dalmore) # setenv bootargs 'ignore_loglevel console=ttyS0,115200n8 rw root=PARTUUID=7369c667-ff51-ec4a-29cd-baabf2fbe346 rootwait gpt debug earlyprintk init=/bin/bash'
Tegra114 (Dalmore) # setenv ipaddr 192.168.100.100; setenv serverip 192.168.100.1; setenv tftpserverip 192.168.100.1
Tegra114 (Dalmore) # tftpboot 0x81000000 zImage.multi_v7_defconfig
Using asx0 device
TFTP from server 192.168.100.1; our IP address is 192.168.100.100
Filename 'zImage.multi_v7_defconfig'.
Load address: 0x81000000
Loading: *#################################################################
	 #################################################################
	 #################################################################
	 #################################################################
	 #################################################################
	 #################################################################
	 #################################################################
	 #################################################################
	 ###########################
	 2.9 MiB/s
done
Bytes transferred = 8018496 (7a5a40 hex)
Tegra114 (Dalmore) # tftpboot 0x82000000 tegra114-dalmore.dtb
Using asx0 device
TFTP from server 192.168.100.1; our IP address is 192.168.100.100
Filename 'tegra114-dalmore.dtb'.
Load address: 0x82000000
Loading: *###
	 2.6 MiB/s
done
Bytes transferred = 35044 (88e4 hex)
Tegra114 (Dalmore) # bootz 0x81000000 - 0x82000000
Kernel image @ 0x81000000 [ 0x000000 - 0x7a5a40 ]
## Flattened Device Tree blob at 82000000
   Booting using the fdt blob at 0x82000000
   Loading Device Tree to 8fff4000, end 8ffff8e3 ... OK

Starting kernel ...

[    0.000000] Booting Linux on physical CPU 0x0
[    0.000000] Linux version 4.13.0-187049-g569dbb8 (jonathanh@sellafield) (gcc version 4.7.3 20130328 (prerelease) (crosstool-NG linaro-1.13.1-4.7-2013.04-20130415 - Linaro GCC 2013.04)) #1 SMP Sun Sep 3 14:06:13 PDT 2017
[    0.000000] CPU: ARMv7 Processor [412fc0f2] revision 2 (ARMv7), cr=10c5387d
[    0.000000] CPU: div instructions available: patching division code
[    0.000000] CPU: PIPT / VIPT nonaliasing data cache, PIPT instruction cache
[    0.000000] OF: fdt: Machine model: NVIDIA Tegra114 Dalmore evaluation board
[    0.000000] debug: ignoring loglevel setting.
[    0.000000] Memory policy: Data cache writealloc
[    0.000000] efi: Getting EFI parameters from FDT:
[    0.000000] efi: UEFI not found.
[    0.000000] cma: Reserved 64 MiB at 0xfb800000
[    0.000000] On node 0 totalpages: 524032
[    0.000000] free_area_init_node: node 0, pgdat c157e840, node_mem_map eeff8000
[    0.000000]   DMA zone: 1536 pages used for memmap
[    0.000000]   DMA zone: 0 pages reserved
[    0.000000]   DMA zone: 196608 pages, LIFO batch:31
[    0.000000]   HighMem zone: 327424 pages, LIFO batch:31
[    0.000000] percpu: Embedded 17 pages/cpu @eef98000 s39488 r8192 d21952 u69632
[    0.000000] pcpu-alloc: s39488 r8192 d21952 u69632 alloc=17*4096
[    0.000000] pcpu-alloc: [0] 0 [0] 1 [0] 2 [0] 3 
[    0.000000] Built 1 zonelists in Zone order, mobility grouping on.  Total pages: 522496
[    0.000000] Kernel command line: ignore_loglevel console=ttyS0,115200n8 rw root=PARTUUID=7369c667-ff51-ec4a-29cd-baabf2fbe346 rootwait gpt debug earlyprintk init=/bin/bash
[    0.000000] PID hash table entries: 4096 (order: 2, 16384 bytes)
[    0.000000] Dentry cache hash table entries: 131072 (order: 7, 524288 bytes)
[    0.000000] Inode-cache hash table entries: 65536 (order: 6, 262144 bytes)
[    0.000000] Memory: 1993552K/2096128K available (10240K kernel code, 1562K rwdata, 4452K rodata, 2048K init, 402K bss, 37040K reserved, 65536K cma-reserved, 1244160K highmem)
[    0.000000] Virtual kernel memory layout:
[    0.000000]     vector  : 0xffff0000 - 0xffff1000   (   4 kB)
[    0.000000]     fixmap  : 0xffc00000 - 0xfff00000   (3072 kB)
[    0.000000]     vmalloc : 0xf0800000 - 0xff800000   ( 240 MB)
[    0.000000]     lowmem  : 0xc0000000 - 0xf0000000   ( 768 MB)
[    0.000000]     pkmap   : 0xbfe00000 - 0xc0000000   (   2 MB)
[    0.000000]     modules : 0xbf000000 - 0xbfe00000   (  14 MB)
[    0.000000]       .text : 0xc0208000 - 0xc0d00000   (11232 kB)
[    0.000000]       .init : 0xc1200000 - 0xc1400000   (2048 kB)
[    0.000000]       .data : 0xc1400000 - 0xc15869a8   (1563 kB)
[    0.000000]        .bss : 0xc158fcb0 - 0xc15f46fc   ( 403 kB)
[    0.000000] SLUB: HWalign=64, Order=0-3, MinObjects=0, CPUs=4, Nodes=1
[    0.000000] Hierarchical RCU implementation.
[    0.000000] 	RCU event tracing is enabled.
[    0.000000] 	RCU restricting CPUs from NR_CPUS=16 to nr_cpu_ids=4.
[    0.000000] RCU: Adjusting geometry for rcu_fanout_leaf=16, nr_cpu_ids=4
[    0.000000] NR_IRQS: 16, nr_irqs: 16, preallocated irqs: 16
[    0.000000] /interrupt-controller@60004000: 160 interrupts forwarded to /interrupt-controller@50041000
[    0.000000] Tegra clk 127: register failed with -17
[    0.000010] sched_clock: 32 bits at 1000kHz, resolution 1000ns, wraps every 2147483647500ns
[    0.000030] clocksource: timer_us: mask: 0xffffffff max_cycles: 0xffffffff, max_idle_ns: 1911260446275 ns
[    0.000046] Switching to timer-based delay loop, resolution 1000ns
[    0.003221] arch_timer: cp15 timer(s) running at 12.00MHz (virt).
[    0.003240] clocksource: arch_sys_counter: mask: 0xffffffffffffff max_cycles: 0x2c47f4ee7, max_idle_ns: 440795202497 ns
[    0.003260] sched_clock: 56 bits at 12MHz, resolution 83ns, wraps every 4398046511096ns
[    0.003274] Switching to timer-based delay loop, resolution 83ns
[    0.003692] Console: colour dummy device 80x30
[    0.003723] Calibrating delay loop (skipped), value calculated using timer frequency.. 24.00 BogoMIPS (lpj=120000)
[    0.003741] pid_max: default: 32768 minimum: 301
[    0.003834] Mount-cache hash table entries: 2048 (order: 1, 8192 bytes)
[    0.003851] Mountpoint-cache hash table entries: 2048 (order: 1, 8192 bytes)
[    0.004335] CPU: Testing write buffer coherency: ok
[    0.004573] /cpus/cpu@0 missing clock-frequency property
[    0.004603] /cpus/cpu@1 missing clock-frequency property
[    0.004634] /cpus/cpu@2 missing clock-frequency property
[    0.004666] /cpus/cpu@3 missing clock-frequency property
[    0.004680] CPU0: thread -1, cpu 0, socket 0, mpidr 80000000
[    0.004984] Setting up static identity map for 0x80300000 - 0x803000a0
[    0.006232] Hierarchical SRCU implementation.
[    0.007593] Tegra Revision: A01 SKU: 0 CPU Process: 1 SoC Process: 0
[    0.008242] EFI services will not be available.
[    0.008394] smp: Bringing up secondary CPUs ...
[    0.008988] CPU1: thread -1, cpu 1, socket 0, mpidr 80000001
[    0.009663] CPU2: thread -1, cpu 2, socket 0, mpidr 80000002
[    0.010329] CPU3: thread -1, cpu 3, socket 0, mpidr 80000003
[    0.010419] smp: Brought up 1 node, 4 CPUs
[    0.010442] SMP: Total of 4 processors activated (96.00 BogoMIPS).
[    0.010452] CPU: All CPU(s) started in SVC mode.
[    0.011950] devtmpfs: initialized
[    0.021127] VFP support v0.3: implementor 41 architecture 4 part 30 variant f rev 0
[    0.021462] clocksource: jiffies: mask: 0xffffffff max_cycles: 0xffffffff, max_idle_ns: 19112604462750000 ns
[    0.021481] futex hash table entries: 1024 (order: 4, 65536 bytes)
[    0.022915] pinctrl core: initialized pinctrl subsystem
[    0.024407] DMI not present or invalid.
[    0.024591] random: get_random_u32 called from bucket_table_alloc+0xe8/0x254 with crng_init=0
[    0.024686] NET: Registered protocol family 16
[    0.026877] DMA: preallocated 256 KiB pool for atomic coherent allocations
[    0.029093] cpuidle: using governor menu
[    0.052355] No ATAGs?
[    0.052482] hw-breakpoint: found 5 (+1 reserved) breakpoint and 4 watchpoint registers.
[    0.052498] hw-breakpoint: maximum watchpoint size is 8 bytes.
[    0.057914] Serial: AMBA PL011 UART driver
[    0.058650] tegra-mc 70019000.memory-controller: no memory timings for RAM code 3 registered
[    0.073897] AT91: Could not find identification node
[    0.074396] dvdd_ts: Failed to request enable GPIO61: -517
[    0.074418] reg-fixed-voltage regulators:regulator@1: Failed to register regulator: -517
[    0.074527] usb1_vbus: Failed to request enable GPIO108: -517
[    0.074543] reg-fixed-voltage regulators:regulator@3: Failed to register regulator: -517
[    0.074647] usb2_vbus: Failed to request enable GPIO86: -517
[    0.074663] reg-fixed-voltage regulators:regulator@4: Failed to register regulator: -517
[    0.075101] VDD_5V0_HDMI_CON: Failed to request enable GPIO81: -517
[    0.075119] reg-fixed-voltage regulators:regulator@7: Failed to register regulator: -517
[    0.077573] vgaarb: loaded
[    0.078332] SCSI subsystem initialized
[    0.078499] libata version 3.00 loaded.
[    0.078728] usbcore: registered new interface driver usbfs
[    0.078784] usbcore: registered new interface driver hub
[    0.078845] usbcore: registered new device driver usb
[    0.082089] tps65090 2-0048: No cache defaults, reading back from HW
[    0.084053] TPS65090_RAILSDCDC1: supplied by vdd_ac_bat
[    0.085126] TPS65090_RAILSDCDC2: supplied by vdd_ac_bat
[    0.086198] TPS65090_RAILSDCDC3: supplied by vdd_ac_bat
[    0.086730] TPS65090_RAILSFET1: supplied by vdd_ac_bat
[    0.087104] TPS65090_RAILSFET2: supplied by vdd_ac_bat
[    0.087466] TPS65090_RAILSFET3: supplied by vdd-sys-3v3
[    0.087662] random: fast init done
[    0.087998] TPS65090_RAILSFET4: supplied by vdd-sys-3v3
[    0.088537] TPS65090_RAILSFET5: supplied by vdd-sys-3v3
[    0.089057] TPS65090_RAILSFET6: supplied by vdd-sys-3v3
[    0.089901] TPS65090_RAILSFET7: supplied by vdd-sys-3v3
[    0.090446] TPS65090_RAILSLDO1: supplied by vdd_ac_bat
[    0.090650] TPS65090_RAILSLDO2: supplied by vdd_ac_bat
[    0.091564] palmas 2-0058: Irq flag is 0x00000004
[    0.093550] palmas 2-0058: Muxing GPIO ff, PWM 0, LED 0
[    0.096093] SMPS12: supplied by vdd-ao
[    0.097117] vdd_hdmi_5v0: supplied by vdd-sys-5v0
[    0.097933] SMPS3: supplied by vdd-ao
[    0.099680] SMPS457: supplied by vdd-sys-3v3
[    0.101330] SMPS6: supplied by regulator-dummy
[    0.102749] SMPS8: supplied by vdd-sys-3v3
[    0.104354] SMPS9: supplied by vdd-sys-3v3
[    0.104871] sdhci-vdd-sd-slot: Bringing 2840000uV into 2800000-2800000uV
[    0.106267] SMPS10_OUT2: supplied by regulator-dummy
[    0.107122] SMPS10_OUT1: supplied by regulator-dummy
[    0.107980] LDO1: supplied by vdd-sys-3v3
[    0.109108] LDO2: supplied by vdd-sys-3v3
[    0.110251] LDO3: supplied by vddio-1v8
[    0.111367] LDO4: supplied by vdd-sys-3v3
[    0.112497] LDO5: supplied by vdd_ac_bat
[    0.113198] LDO6: supplied by vdd-sys-3v3
[    0.113732] vdd-sensor-2v85: Bringing 2900000uV into 2850000-2850000uV
[    0.115084] LDO7: supplied by vdd-sys-3v3
[    0.116727] LDO8: supplied by vdd-ao
[    0.117258] vdd-rtc: Bringing 675000uV into 900000-900000uV
[    0.123985] LDO9: supplied by sdhci-vdd-sd-slot
[    0.134298] LDOLN: supplied by vdd-sys-5v0
[    0.135439] LDOUSB: supplied by vdd-sys-5v0
[    0.146631] pps_core: LinuxPPS API ver. 1 registered
[    0.146643] pps_core: Software ver. 5.3.6 - Copyright 2005-2007 Rodolfo Giometti <giometti@linux.it>
[    0.146667] PTP clock support registered
[    0.146857] EDAC MC: Ver: 3.0.0
[    0.147179] dmi: Firmware registration failed.
[    0.149043] clocksource: Switched to clocksource arch_sys_counter
[    0.205892] NET: Registered protocol family 2
[    0.206411] TCP established hash table entries: 8192 (order: 3, 32768 bytes)
[    0.206513] TCP bind hash table entries: 8192 (order: 4, 65536 bytes)
[    0.206701] TCP: Hash tables configured (established 8192 bind 8192)
[    0.206786] UDP hash table entries: 512 (order: 2, 16384 bytes)
[    0.206831] UDP-Lite hash table entries: 512 (order: 2, 16384 bytes)
[    0.206983] NET: Registered protocol family 1
[    0.207353] RPC: Registered named UNIX socket transport module.
[    0.207364] RPC: Registered udp transport module.
[    0.207374] RPC: Registered tcp transport module.
[    0.207384] RPC: Registered tcp NFSv4.1 backchannel transport module.
[    0.207397] PCI: CLS 0 bytes, default 64
[    0.209801] workingset: timestamp_bits=30 max_order=19 bucket_order=0
[    0.218293] squashfs: version 4.0 (2009/01/31) Phillip Lougher
[    0.219064] NFS: Registering the id_resolver key type
[    0.219092] Key type id_resolver registered
[    0.219102] Key type id_legacy registered
[    0.219147] ntfs: driver 2.1.32 [Flags: R/O].
[    0.220808] bounce: pool size: 64 pages
[    0.220859] Block layer SCSI generic (bsg) driver version 0.4 loaded (major 248)
[    0.220871] io scheduler noop registered
[    0.220882] io scheduler deadline registered
[    0.221047] io scheduler cfq registered (default)
[    0.221059] io scheduler mq-deadline registered
[    0.221069] io scheduler kyber registered
[    0.252346] tegra-apbdma 6000a000.dma: Tegra20 APB DMA driver register 32 channels
[    0.254702] tegra-pmc 7000e400.pmc: i2c-thermtrip node not found, emergency thermal reset disabled.
[    0.308682] Serial: 8250/16550 driver, 4 ports, IRQ sharing disabled
[    0.311434] console [ttyS0] disabled
[    0.311477] 70006300.serial: ttyS0 at MMIO 0x70006300 (irq = 329, base_baud = 25500000) is a Tegra
[    1.331358] console [ttyS0] enabled
[    1.335589] SuperH (H)SCI(F) driver initialized
[    1.341101] msm_serial: driver initialized
[    1.345360] STMicroelectronics ASC driver initialized
[    1.356036] tegra-hdmi 54280000.hdmi: failed to get HDMI regulator
[    1.378980] brd: module loaded
[    1.388969] loop: module loaded
[    1.409221] m25p80 spi32766.0: w25q32dw (4096 Kbytes)
[    1.417130] libphy: Fixed MDIO Bus: probed
[    1.422311] CAN device driver interface
[    1.426946] bgmac_bcma: Broadcom 47xx GBit MAC driver loaded
[    1.433904] e1000e: Intel(R) PRO/1000 Network Driver - 3.2.6-k
[    1.439743] e1000e: Copyright(c) 1999 - 2015 Intel Corporation.
[    1.445706] igb: Intel(R) Gigabit Ethernet Network Driver - version 5.4.0-k
[    1.452673] igb: Copyright (c) 2007-2014 Intel Corporation.
[    1.461594] pegasus: v0.9.3 (2013/04/25), Pegasus/Pegasus II USB Ethernet driver
[    1.469046] usbcore: registered new interface driver pegasus
[    1.474744] usbcore: registered new interface driver asix
[    1.480184] usbcore: registered new interface driver ax88179_178a
[    1.486301] usbcore: registered new interface driver cdc_ether
[    1.492199] usbcore: registered new interface driver smsc75xx
[    1.497985] usbcore: registered new interface driver smsc95xx
[    1.503771] usbcore: registered new interface driver net1080
[    1.509475] usbcore: registered new interface driver cdc_subset
[    1.515416] usbcore: registered new interface driver zaurus
[    1.521048] usbcore: registered new interface driver cdc_ncm
[    1.528618] ehci_hcd: USB 2.0 'Enhanced' Host Controller (EHCI) Driver
[    1.535160] ehci-pci: EHCI PCI platform driver
[    1.539651] ehci-platform: EHCI generic platform driver
[    1.545050] ehci-orion: EHCI orion driver
[    1.549220] SPEAr-ehci: EHCI SPEAr driver
[    1.553352] ehci-st: EHCI STMicroelectronics driver
[    1.558348] ehci-exynos: EHCI EXYNOS driver
[    1.562685] ehci-atmel: EHCI Atmel driver
[    1.566813] tegra-ehci: Tegra EHCI driver
[    1.571133] ohci_hcd: USB 1.1 'Open' Host Controller (OHCI) Driver
[    1.577316] ohci-pci: OHCI PCI platform driver
[    1.581810] ohci-platform: OHCI generic platform driver
[    1.587192] SPEAr-ohci: OHCI SPEAr driver
[    1.591346] ohci-st: OHCI STMicroelectronics driver
[    1.596343] ohci-atmel: OHCI Atmel driver
[    1.601036] usbcore: registered new interface driver usb-storage
[    1.613031] palmas-rtc 7000d000.i2c:tps65913@58:rtc: rtc core: registered 7000d000.i2c:tps65913@58:rtc as rtc0
[    1.624871] tegra_rtc 7000e000.rtc: rtc core: registered 7000e000.rtc as rtc1
[    1.632056] tegra_rtc 7000e000.rtc: Tegra internal Real Time Clock
[    1.638719] i2c /dev entries driver
[    1.648612] sbs-battery 0-000b: sbs_probe: Failed to get device status
[    1.655168] sbs-battery: probe of 0-000b failed with error -121
[    1.671405] sdhci: Secure Digital Host Controller Interface driver
[    1.677577] sdhci: Copyright(c) Pierre Ossman
[    1.683359] Synopsys Designware Multimedia Card Interface Driver
[    1.690540] sdhci-pltfm: SDHCI platform and OF driver helper
[    1.696906] sdhci-tegra 78000400.sdhci: Got CD GPIO
[    1.701819] sdhci-tegra 78000400.sdhci: Got WP GPIO
[    1.714936] mmc0: Invalid maximum block size, assuming 512 bytes
[    1.779182] mmc0: SDHCI controller on 78000400.sdhci [78000400.sdhci] using ADMA
[    1.795866] mmc1: Invalid maximum block size, assuming 512 bytes
[    1.859087] mmc1: SDHCI controller on 78000600.sdhci [78000600.sdhci] using ADMA
[    1.868219] ledtrig-cpu: registered to indicate activity on CPUs
[    1.874531] usbcore: registered new interface driver usbhid
[    1.880116] usbhid: USB HID core driver
[    1.887796] NET: Registered protocol family 10
[    1.893119] Segment Routing with IPv6
[    1.896832] sit: IPv6, IPv4 and MPLS over IPv4 tunneling driver
[    1.903382] NET: Registered protocol family 17
[    1.907828] can: controller area network core (rev 20170425 abi 9)
[    1.914074] NET: Registered protocol family 29
[    1.918515] can: raw protocol (rev 20170425)
[    1.922804] can: broadcast manager protocol (rev 20170425 t)
[    1.928461] can: netlink gateway (rev 20170425) max_hops=1
[    1.934274] Key type dns_resolver registered
[    1.939200] ThumbEE CPU extension supported.
[    1.943471] Registering SWP/SWPB emulation handler
[    1.964809] usb1_vbus: supplied by vdd-sys-5v0
[    1.970912] usb2_vbus: supplied by vdd-sys-5v0
[    1.978433] VDD_5V0_HDMI_CON: supplied by vdd-sys-5v0
[    1.991764] [drm] Supports vblank timestamp caching Rev 2 (21.10.2013).
[    1.998395] [drm] No driver support for vblank timestamp query.
[    2.024251] mmc0: new high speed SDHC card at address aaaa
[    2.026930] mmcblk0: mmc0:aaaa SL16G 14.8 GiB 
[    2.043534] mmc1: new high speed MMC card at address 0001
[    2.044064] mmcblk1: mmc1:0001 SEM32G 29.1 GiB 
[    2.044235] mmcblk1boot0: mmc1:0001 SEM32G partition 1 4.00 MiB
[    2.044797] mmcblk1boot1: mmc1:0001 SEM32G partition 2 4.00 MiB
[    2.045050] mmcblk1rpmb: mmc1:0001 SEM32G partition 3 4.00 MiB
[    2.045845]  mmcblk0: p1 p2 p3
[    2.048831]  mmcblk1: p1 p2 p3 p4 p5 p6 p7 p8
[    2.098536] Console: switching to colour frame buffer device 240x75
[    2.183057] drm drm: fb0:  frame buffer device
[    2.187597] [drm] Initialized tegra 0.0.0 20120330 for drm on minor 0
[    2.199886] tegra-ehci 7d008000.usb: EHCI Host Controller
[    2.205305] tegra-ehci 7d008000.usb: new USB bus registered, assigned bus number 1
[    2.213118] tegra-ehci 7d008000.usb: irq 339, io mem 0x7d008000
[    2.249169] tegra-ehci 7d008000.usb: USB 2.0 started, EHCI 1.10
[    2.256277] hub 1-0:1.0: USB hub found
[    2.260149] hub 1-0:1.0: 1 port detected
[    2.265877] input: gpio-keys as /devices/soc0/gpio-keys/input/input0
[    2.274868] palmas-rtc 7000d000.i2c:tps65913@58:rtc: setting system clock to 2000-01-26 04:02:04 UTC (948859324)
[    2.291226] dvdd_ts: disabling
[    2.294286] usb1_vbus: disabling
[    2.297510] vdd_cam_1v8_reg: disabling
[    2.302812] EXT4-fs (mmcblk1p1): mounting ext3 file system using the ext4 subsystem
[    2.324668] EXT4-fs (mmcblk1p1): recovery complete
[    2.329562] EXT4-fs (mmcblk1p1): mounted filesystem with ordered data mode. Opts: (null)
[    2.337685] VFS: Mounted root (ext3 filesystem) on device 179:17.
[    2.348283] devtmpfs: mounted
[    2.353179] Freeing unused kernel memory: 2048K
bash: cannot set terminal process group (-1): Inappropriate ioctl for device
bash: no job control in this shell
root@(none):/# [    2.629165] usb 1-1: new high-speed USB device number 2 using tegra-ehci
mount -t sysfs none /sys
[    3.301654] asix 1-1:1.0 eth0: register 'asix' at usb-7d008000.usb-1, ASIX AX88772 USB 2.0 Ethernet, 00:50:b6:0d:b5:16
root@(none):/# 
root@(none):/# mount -t debugfs none /sys/kernel/debug
root@(none):/# 
root@(none):/# rtcwake -d rtc1 -m mem -s 3
rtcwake: assuming RTC uses UTC ...
rtcwake: wakeup from "mem" using /dev/rtc1 at Thu Jan  1 00:00:20 1970
[    5.311408] PM: Syncing filesystems ... done.
[    5.347191] Freezing user space processes ... (elapsed 0.001 seconds) done.
[    5.355465] OOM killer disabled.
[    5.358694] Freezing remaining freezable tasks ... (elapsed 0.001 seconds) done.
[    5.367371] Suspending console(s) (use no_console_suspend to debug)
[    5.436998] Disabling non-boot CPUs ...
[    5.519434] IRQ17 no longer affine to CPU2
[    5.580521] Entering suspend state LP1
[    5.580521] Suspended for 7.555 seconds
[    5.580542] Enabling non-boot CPUs ...
[    5.581218] CPU1 is up
[    5.581830] CPU2 is up
[    5.582466] CPU3 is up
[    6.206974] OOM killer enabled.
[    6.210129] Restarting tasks ... done.
root@(none):/# 
root@(none):/# rtcwake -d rtc1 -m mem -s 3
rtcwake: assuming RTC uses UTC ...
rtcwake: wakeup from "mem" using /dev/rtc1 at Thu Jan  1 00:00:29 1970
[    6.751796] PM: Syncing filesystems ... done.
[    6.794472] Freezing user space processes ... (elapsed 0.001 seconds) done.
[    6.802758] OOM killer disabled.
[    6.805982] Freezing remaining freezable tasks ... (elapsed 0.001 seconds) done.
[    6.814791] Suspending console(s) (use no_console_suspend to debug)
[    6.886828] Disabling non-boot CPUs ...
[    6.919425] IRQ17 no longer affine to CPU1
[    7.040282] Entering suspend state LP1
[    7.040282] Suspended for 7.540 seconds
[    7.040303] Enabling non-boot CPUs ...
[    7.040994] CPU1 is up
[    7.041621] CPU2 is up
[    7.042270] CPU3 is up
[    7.665235] OOM killer enabled.
[    7.668386] Restarting tasks ... done.
root@(none):/# 
root@(none):/# rtcwake -d rtc1 -m mem -s 3
rtcwake: assuming RTC uses UTC ...
rtcwake: wakeup from "mem" using /dev/rtc1 at Thu Jan  1 00:00:38 1970
[    8.211823] PM: Syncing filesystems ... done.
[    8.254042] Freezing user space processes ... (elapsed 0.001 seconds) done.
[    8.262321] OOM killer disabled.
[    8.265564] Freezing remaining freezable tasks ... (elapsed 0.001 seconds) done.
[    8.274322] Suspending console(s) (use no_console_suspend to debug)
[    8.346011] Disabling non-boot CPUs ...
[    8.389356] IRQ17 no longer affine to CPU1
[    8.510234] Entering suspend state LP1
[    8.510234] Suspended for 7.530 seconds
[    8.510254] Enabling non-boot CPUs ...
[    8.510939] CPU1 is up
[    8.511556] CPU2 is up
[    8.512191] CPU3 is up
[    9.138188] OOM killer enabled.
[    9.141339] Restarting tasks ... done.
root@(none):/# 
root@(none):/# rtcwake -d rtc1 -m mem -s 3
rtcwake: assuming RTC uses UTC ...
rtcwake: wakeup from "mem" using /dev/rtc1 at Thu Jan  1 00:00:47 1970
[    9.679726] PM: Syncing filesystems ... done.
[    9.707723] Freezing user space processes ... (elapsed 0.001 seconds) done.
[    9.715992] OOM killer disabled.
[    9.719243] Freezing remaining freezable tasks ... (elapsed 0.001 seconds) done.
[    9.728003] Suspending console(s) (use no_console_suspend to debug)
[    9.796824] Disabling non-boot CPUs ...
[    9.929226] IRQ17 no longer affine to CPU3
[    9.930189] Entering suspend state LP1
[    9.930189] Suspended for 7.580 seconds
[    9.930210] Enabling non-boot CPUs ...
[    9.930895] CPU1 is up
[    9.931524] CPU2 is up
[    9.932152] CPU3 is up
[   10.564344] OOM killer enabled.
[   10.567480] Restarting tasks ... done.
root@(none):/# 
root@(none):/# rtcwake -d rtc1 -m mem -s 3
rtcwake: assuming RTC uses UTC ...
rtcwake: wakeup from "mem" using /dev/rtc1 at Thu Jan  1 00:00:56 1970
[   11.113823] PM: Syncing filesystems ... done.
[   11.144404] Freezing user space processes ... (elapsed 0.001 seconds) done.
[   11.152693] OOM killer disabled.
[   11.155916] Freezing remaining freezable tasks ... (elapsed 0.001 seconds) done.
[   11.164722] Suspending console(s) (use no_console_suspend to debug)
[   11.236881] Disabling non-boot CPUs ...
[   11.370109] Entering suspend state LP1
[   11.370109] Suspended for 7.560 seconds
[   11.370130] Enabling non-boot CPUs ...
[   11.370819] CPU1 is up
[   11.371443] CPU2 is up
[   11.372068] CPU3 is up
[   11.993945] OOM killer enabled.
[   11.997096] Restarting tasks ... done.
root@(none):/# 
root@(none):/# rtcwake -d rtc1 -m mem -s 3
rtcwake: assuming RTC uses UTC ...
rtcwake: wakeup from "mem" using /dev/rtc1 at Thu Jan  1 00:01:05 1970
[   12.539476] PM: Syncing filesystems ... done.
[   12.567621] Freezing user space processes ... (elapsed 0.001 seconds) done.
[   12.575889] OOM killer disabled.
[   12.579137] Freezing remaining freezable tasks ... (elapsed 0.001 seconds) done.
[   12.587878] Suspending console(s) (use no_console_suspend to debug)
[   12.656887] Disabling non-boot CPUs ...
[   12.790060] Entering suspend state LP1
[   12.790060] Suspended for 7.580 seconds
[   12.790080] Enabling non-boot CPUs ...
[   12.790766] CPU1 is up
[   12.791381] CPU2 is up
[   12.792008] CPU3 is up
[   13.420950] OOM killer enabled.
[   13.424087] Restarting tasks ... done.
root@(none):/# 
root@(none):/# rtcwake -d rtc1 -m mem -s 3
rtcwake: assuming RTC uses UTC ...
rtcwake: wakeup from "mem" using /dev/rtc1 at Thu Jan  1 00:01:14 1970
[   13.959310] PM: Syncing filesystems ... done.
[   13.987535] Freezing user space processes ... (elapsed 0.001 seconds) done.
[   13.995864] OOM killer disabled.
[   13.999119] Freezing remaining freezable tasks ... (elapsed 0.001 seconds) done.
[   14.007886] Suspending console(s) (use no_console_suspend to debug)
[   14.076702] Disabling non-boot CPUs ...
[   14.210008] Entering suspend state LP1
[   14.210008] Suspended for 7.580 seconds
[   14.210029] Enabling non-boot CPUs ...
[   14.210718] CPU1 is up
[   14.211332] CPU2 is up
[   14.211961] CPU3 is up
[   14.833286] OOM killer enabled.
[   14.836437] Restarting tasks ... done.
root@(none):/# 
root@(none):/# rtcwake -d rtc1 -m mem -s 3
rtcwake: assuming RTC uses UTC ...
rtcwake: wakeup from "mem" using /dev/rtc1 at Thu Jan  1 00:01:23 1970
[   15.382693] PM: Syncing filesystems ... done.
[   15.423948] Freezing user space processes ... (elapsed 0.001 seconds) done.
[   15.432227] OOM killer disabled.
[   15.435470] Freezing remaining freezable tasks ... (elapsed 0.001 seconds) done.
[   15.444220] Suspending console(s) (use no_console_suspend to debug)
[   15.505709] Disabling non-boot CPUs ...
[   15.609094] IRQ17 no longer affine to CPU2
[   15.669984] Entering suspend state LP1
[   15.669984] Suspended for 7.540 seconds
[   15.670005] Enabling non-boot CPUs ...
[   15.670699] CPU1 is up
[   15.671329] CPU2 is up
[   15.671973] CPU3 is up
[   16.296823] OOM killer enabled.
[   16.299982] Restarting tasks ... done.
root@(none):/# 
root@(none):/# rtcwake -d rtc1 -m mem -s 3
rtcwake: assuming RTC uses UTC ...
rtcwake: wakeup from "mem" using /dev/rtc1 at Thu Jan  1 00:01:32 1970
[   16.841564] PM: Syncing filesystems ... done.
[   16.884678] Freezing user space processes ... (elapsed 0.001 seconds) done.
[   16.892968] OOM killer disabled.
[   16.896193] Freezing remaining freezable tasks ... (elapsed 0.001 seconds) done.
[   16.905004] Suspending console(s) (use no_console_suspend to debug)
[   16.976561] Disabling non-boot CPUs ...
[   17.109917] Entering suspend state LP1
[   17.109917] Suspended for 7.560 seconds
[   17.109938] Enabling non-boot CPUs ...
[   17.110623] CPU1 is up
[   17.111240] CPU2 is up
[   17.111873] CPU3 is up
[   17.730769] OOM killer enabled.
[   17.733904] Restarting tasks ... done.
root@(none):/# 
root@(none):/# rtcwake -d rtc1 -m mem -s 3
rtcwake: assuming RTC uses UTC ...
rtcwake: wakeup from "mem" using /dev/rtc1 at Thu Jan  1 00:01:41 1970
[   18.280249] PM: Syncing filesystems ... done.
[   18.323939] Freezing user space processes ... (elapsed 0.001 seconds) done.
[   18.332230] OOM killer disabled.
[   18.335454] Freezing remaining freezable tasks ... (elapsed 0.001 seconds) done.
[   18.344259] Suspending console(s) (use no_console_suspend to debug)
[   18.416406] Disabling non-boot CPUs ...
[   18.539905] Entering suspend state LP1
[   18.539905] Suspended for 7.570 seconds
[   18.539926] Enabling non-boot CPUs ...
[   18.540621] CPU1 is up
[   18.541251] CPU2 is up
[   18.541896] CPU3 is up
[   19.163577] OOM killer enabled.
[   19.166728] Restarting tasks ... done.
root@(none):/# 
root@(none):/# NVTB SYSTEM SUSPEND TEST COMPLETE
