[    0.000000] Booting Linux on physical CPU 0x0
[    0.000000] Linux version 4.8.0-rc1+ (pwalmsley@tamien) (gcc version 4.9.2 20140904 (prerelease) (crosstool-NG linaro-1.13.1-4.9-2014.09 - Linaro GCC 4.9-2014.09) ) #1 SMP PREEMPT Sun Aug 7 18:40:39 PDT 2016
[    0.000000] Boot CPU: AArch64 Processor [411fd070]
[    0.000000] Memory limited to 1024MB
[    0.000000] efi: Getting EFI parameters from FDT:
[    0.000000] efi: UEFI not found.
[    0.000000] cma: Reserved 16 MiB at 0x000000007f000000
[    0.000000] psci: probing for conduit method from DT.
[    0.000000] psci: PSCIv0.2 detected in firmware.
[    0.000000] psci: Using standard PSCI v0.2 function IDs
[    0.000000] psci: Trusted OS migration not required
[    0.000000] percpu: Embedded 21 pages/cpu @ffff80003efcf000 s48256 r8192 d29568 u86016
[    0.000000] Detected PIPT I-cache on CPU0
[    0.000000] CPU features: enabling workaround for ARM erratum 832075
[    0.000000] CPU features: enabling workaround for ARM erratum 834220
[    0.000000] Built 1 zonelists in Zone order, mobility grouping on.  Total pages: 258048
[    0.000000] Kernel command line: root=/dev/vda2 rw rootwait mem=1024M console=ttyAMA0,38400n8 init=/bin/bash
[    0.000000] PID hash table entries: 4096 (order: 3, 32768 bytes)
[    0.000000] Dentry cache hash table entries: 131072 (order: 8, 1048576 bytes)
[    0.000000] Inode-cache hash table entries: 65536 (order: 7, 524288 bytes)
[    0.000000] Memory: 1000428K/1048576K available (7804K kernel code, 775K rwdata, 3684K rodata, 960K init, 269K bss, 31764K reserved, 16384K cma-reserved)
[    0.000000] Virtual kernel memory layout:
[    0.000000]     modules : 0xffff000000000000 - 0xffff000008000000   (   128 MB)
[    0.000000]     vmalloc : 0xffff000008000000 - 0xffff7dffbfff0000   (129022 GB)
[    0.000000]       .text : 0xffff000008080000 - 0xffff000008820000   (  7808 KB)
[    0.000000]     .rodata : 0xffff000008820000 - 0xffff000008bc0000   (  3712 KB)
[    0.000000]       .init : 0xffff000008bc0000 - 0xffff000008cb0000   (   960 KB)
[    0.000000]       .data : 0xffff000008cb0000 - 0xffff000008d71c00   (   775 KB)
[    0.000000]        .bss : 0xffff000008d71c00 - 0xffff000008db50b8   (   270 KB)
[    0.000000]     fixed   : 0xffff7dfffe7fd000 - 0xffff7dfffec00000   (  4108 KB)
[    0.000000]     PCI I/O : 0xffff7dfffee00000 - 0xffff7dffffe00000   (    16 MB)
[    0.000000]     vmemmap : 0xffff7e0000000000 - 0xffff800000000000   (  2048 GB maximum)
[    0.000000]               0xffff7e0000000000 - 0xffff7e0001000000   (    16 MB actual)
[    0.000000]     memory  : 0xffff800000000000 - 0xffff800040000000   (  1024 MB)
[    0.000000] SLUB: HWalign=64, Order=0-3, MinObjects=0, CPUs=1, Nodes=1
[    0.000000] Preemptible hierarchical RCU implementation.
[    0.000000] 	Build-time adjustment of leaf fanout to 64.
[    0.000000] 	RCU restricting CPUs from NR_CPUS=64 to nr_cpu_ids=1.
[    0.000000] RCU: Adjusting geometry for rcu_fanout_leaf=64, nr_cpu_ids=1
[    0.000000] NR_IRQS:64 nr_irqs:64 0
[    0.000000] GICv2m: range[mem 0x08020000-0x08020fff], SPI[80:143]
[    0.000000] Architected cp15 timer(s) running at 62.50MHz (virt).
[    0.000000] clocksource: arch_sys_counter: mask: 0xffffffffffffff max_cycles: 0x1cd42e208c, max_idle_ns: 881590405314 ns
[    0.000175] sched_clock: 56 bits at 62MHz, resolution 16ns, wraps every 4398046511096ns
[    0.007297] Console: colour dummy device 80x25
[    0.008116] Calibrating delay loop (skipped), value calculated using timer frequency.. 125.00 BogoMIPS (lpj=250000)
[    0.008413] pid_max: default: 32768 minimum: 301
[    0.009616] Security Framework initialized
[    0.010168] Mount-cache hash table entries: 2048 (order: 2, 16384 bytes)
[    0.010216] Mountpoint-cache hash table entries: 2048 (order: 2, 16384 bytes)
[    0.036895] ASID allocator initialised with 65536 entries
[    0.064237] EFI services will not be available.
[    0.070326] Brought up 1 CPUs
[    0.070398] SMP: Total of 1 processors activated.
[    0.070508] CPU features: detected feature: 32-bit EL0 Support
[    0.070785] CPU: All CPU(s) started at EL1
[    0.071508] alternatives: patching kernel code
[    0.087219] devtmpfs: initialized
[    0.100305] DMI not present or invalid.
[    0.102305] clocksource: jiffies: mask: 0xffffffff max_cycles: 0xffffffff, max_idle_ns: 7645041785100000 ns
[    0.106164] pinctrl core: initialized pinctrl subsystem
[    0.138748] NET: Registered protocol family 16
[    0.164141] cpuidle: using governor menu
[    0.165458] vdso: 2 pages (1 code @ ffff000008826000, 1 data @ ffff000008cb4000)
[    0.165778] hw-breakpoint: found 6 breakpoint and 4 watchpoint registers.
[    0.175131] DMA: preallocated 256 KiB pool for atomic allocations
[    0.179009] Serial: AMBA PL011 UART driver
[    0.262842] 9000000.pl011: ttyAMA0 at MMIO 0x9000000 (irq = 39, base_baud = 0) is a PL011 rev1
[    0.285813] console [ttyAMA0] enabled
[    0.499786] HugeTLB registered 2 MB page size, pre-allocated 0 pages
[    0.516642] ACPI: Interpreter disabled.
[    0.525225] vgaarb: loaded
[    0.529876] SCSI subsystem initialized
[    0.540666] usbcore: registered new interface driver usbfs
[    0.542553] usbcore: registered new interface driver hub
[    0.544008] usbcore: registered new device driver usb
[    0.552241] pps_core: LinuxPPS API ver. 1 registered
[    0.552683] pps_core: Software ver. 5.3.6 - Copyright 2005-2007 Rodolfo Giometti <giometti@linux.it>
[    0.555187] PTP clock support registered
[    0.558412] dmi: Firmware registration failed.
[    0.565175] Advanced Linux Sound Architecture Driver Initialized.
[    0.594103] clocksource: Switched to clocksource arch_sys_counter
[    0.595493] VFS: Disk quotas dquot_6.6.0
[    0.595905] VFS: Dquot-cache hash table entries: 512 (order 0, 4096 bytes)
[    0.602804] pnp: PnP ACPI: disabled
[    0.719753] NET: Registered protocol family 2
[    0.727927] TCP established hash table entries: 8192 (order: 4, 65536 bytes)
[    0.728631] TCP bind hash table entries: 8192 (order: 5, 131072 bytes)
[    0.729302] TCP: Hash tables configured (established 8192 bind 8192)
[    0.730569] UDP hash table entries: 512 (order: 2, 16384 bytes)
[    0.732071] UDP-Lite hash table entries: 512 (order: 2, 16384 bytes)
[    0.734562] NET: Registered protocol family 1
[    0.748059] RPC: Registered named UNIX socket transport module.
[    0.748442] RPC: Registered udp transport module.
[    0.748707] RPC: Registered tcp transport module.
[    0.748962] RPC: Registered tcp NFSv4.1 backchannel transport module.
[    0.757147] kvm [1]: HYP mode not available
[    0.777563] futex hash table entries: 256 (order: 3, 32768 bytes)
[    0.779250] audit: initializing netlink subsys (disabled)
[    0.780442] audit: type=2000 audit(0.716:1): initialized
[    0.791928] workingset: timestamp_bits=46 max_order=18 bucket_order=0
[    0.903062] squashfs: version 4.0 (2009/01/31) Phillip Lougher
[    0.917320] NFS: Registering the id_resolver key type
[    0.919486] Key type id_resolver registered
[    0.919793] Key type id_legacy registered
[    0.920174] nfs4filelayout_init: NFSv4 File Layout Driver Registering...
[    0.922602] fuse init (API version 7.25)
[    0.928792] 9p: Installing v9fs 9p2000 file system support
[    0.953181] io scheduler noop registered
[    0.955572] io scheduler cfq registered (default)
[    0.972743] libphy: mdio_driver_register: phy-bcm-ns2-pci
[    0.996289] pl061_gpio 9030000.pl061: PL061 GPIO chip @0x0000000009030000 registered
[    1.008795] OF: PCI: host bridge /pcie@10000000 ranges:
[    1.009765] OF: PCI:    IO 0x3eff0000..0x3effffff -> 0x00000000
[    1.011788] OF: PCI:   MEM 0x10000000..0x3efeffff -> 0x10000000
[    1.012371] OF: PCI:   MEM 0x8000000000..0xffffffffff -> 0x8000000000
[    1.013662] pci-host-generic 3f000000.pcie: ECAM at [mem 0x3f000000-0x3fffffff] for [bus 00-0f]
[    1.017021] pci-host-generic 3f000000.pcie: PCI host bridge to bus 0000:00
[    1.017905] pci_bus 0000:00: root bus resource [bus 00-0f]
[    1.019056] pci_bus 0000:00: root bus resource [io  0x0000-0xffff]
[    1.019540] pci_bus 0000:00: root bus resource [mem 0x10000000-0x3efeffff]
[    1.020115] pci_bus 0000:00: root bus resource [mem 0x8000000000-0xffffffffff]
[    1.072496] xenfs: not registering filesystem on non-xen platform
[    1.132228] Serial: 8250/16550 driver, 4 ports, IRQ sharing disabled
[    1.164848] SuperH (H)SCI(F) driver initialized
[    1.173673] msm_serial: driver initialized
[    1.184546] Unable to detect cache hierarchy from DT for CPU 0
[    1.295952] loop: module loaded
[    1.365273]  vda: vda1 vda2
[    1.436036] libphy: Fixed MDIO Bus: probed
[    1.456527] tun: Universal TUN/TAP device driver, 1.6
[    1.456958] tun: (C) 1999-2004 Max Krasnyansky <maxk@qualcomm.com>
[    1.504180] e1000e: Intel(R) PRO/1000 Network Driver - 3.2.6-k
[    1.504697] e1000e: Copyright(c) 1999 - 2015 Intel Corporation.
[    1.507484] igb: Intel(R) Gigabit Ethernet Network Driver - version 5.3.0-k
[    1.508093] igb: Copyright (c) 2007-2014 Intel Corporation.
[    1.510643] igbvf: Intel(R) Gigabit Virtual Function Network Driver - version 2.0.2-k
[    1.511320] igbvf: Copyright (c) 2009 - 2012 Intel Corporation.
[    1.513623] sky2: driver version 1.30
[    1.524825] VFIO - User Level meta-driver version: 0.3
[    1.558884] ehci_hcd: USB 2.0 'Enhanced' Host Controller (EHCI) Driver
[    1.559518] ehci-pci: EHCI PCI platform driver
[    1.562523] ehci-platform: EHCI generic platform driver
[    1.564952] ehci-exynos: EHCI EXYNOS driver
[    1.568122] ehci-msm: Qualcomm On-Chip EHCI Host Controller
[    1.570737] ohci_hcd: USB 1.1 'Open' Host Controller (OHCI) Driver
[    1.571498] ohci-pci: OHCI PCI platform driver
[    1.574535] ohci-platform: OHCI generic platform driver
[    1.577364] ohci-exynos: OHCI EXYNOS driver
[    1.587947] usbcore: registered new interface driver usb-storage
[    1.615389] mousedev: PS/2 mouse device common for all mice
[    1.641612] rtc-pl031 9010000.pl031: rtc core: registered pl031 as rtc0
[    1.657356] i2c /dev entries driver
[    1.711348] sdhci: Secure Digital Host Controller Interface driver
[    1.711907] sdhci: Copyright(c) Pierre Ossman
[    1.714646] Synopsys Designware Multimedia Card Interface Driver
[    1.724937] sdhci-pltfm: SDHCI platform and OF driver helper
[    1.741010] ledtrig-cpu: registered to indicate activity on CPUs
[    1.767091] usbcore: registered new interface driver usbhid
[    1.767596] usbhid: USB HID core driver
[    1.823029] NET: Registered protocol family 17
[    1.825586] 9pnet: Installing 9P2000 support
[    1.828245] Key type dns_resolver registered
[    1.839237] registered taskstats version 1
[    1.859789] input: gpio-keys as /devices/platform/gpio-keys/input/input0
[    1.867128] rtc-pl031 9010000.pl031: setting system clock to 2016-08-08 01:41:17 UTC (1470620477)
[    1.872612] ALSA device list:
[    1.872999]   No soundcards found.
[    1.880015] uart-pl011 9000000.pl011: no DMA platform data
[    1.907287] EXT4-fs (vda2): couldn't mount as ext3 due to feature incompatibilities
[    1.999062] EXT4-fs (vda2): recovery complete
[    2.000347] EXT4-fs (vda2): mounted filesystem with ordered data mode. Opts: (null)
[    2.001464] VFS: Mounted root (ext4 filesystem) on device 254:2.
[    2.013516] devtmpfs: mounted
[    2.084475] Freeing unused kernel memory: 960K (ffff800000bc0000 - ffff800000cb0000)
bash: cannot set terminal process group (-1): Inappropriate ioctl for device
bash: no job control in this shell
bash-4.3# 