

U-Boot 2015.04-00466-gedec83e90172 (Mar 14 2016 - 10:42:01)

TEGRA124
Model: Acer Chromebook 13 CB5-311
DRAM:  4 GiB
C:   Tegra SD/MMC: 0, Tegra SD/MMC: 1, Tegra SD/MMC: 2
MMC init failed
Using default environment

In:    serial
Out:   serial
Err:   serial
Net:   Net Initialization Skipped
No ethernet found.
Hit any key to stop autoboot:  2  0 
Tegra124 (Nyan-big) # 
Tegra124 (Nyan-big) # usb start
starting USB...
USB0:   USB EHCI 1.10
scanning bus 0 for devices... 2 USB Device(s) found
USB1:   USB EHCI 1.10
scanning bus 1 for devices... 2 USB Device(s) found
       scanning usb for storage devices... 1 Storage Device(s) found
       scanning usb for ethernet devices... 
Warning: asx0 using MAC address from net device
1 Ethernet Device(s) found
Tegra124 (Nyan-big) # setenv bootargs 'ignore_loglevel console=ttyS0,115200n8 rw root=PARTUUID=4d36e82a-b3c0-4b4b-bfcd-afe5217ac023 rootwait gpt debug noinitrd earlyprintk init=/bin/bash'
Tegra124 (Nyan-big) # setenv ipaddr 192.168.100.102; setenv serverip 192.168.100.1; setenv tftpserverip 192.168.100.1
Tegra124 (Nyan-big) # tftpboot 0x82000000 zImage.tegra_defconfig
Using asx0 device
TFTP from server 192.168.100.1; our IP address is 192.168.100.102
Filename 'zImage.tegra_defconfig'.
Load address: 0x82000000
Loading: *#################################################################
	 #################################################################
	 #################################################################
	 #################################################################
	 #################################################################
	 #####################################################
	 3.5 MiB/s
done
Bytes transferred = 5541904 (549010 hex)
Tegra124 (Nyan-big) # tftpboot 0x83000000 tegra124-nyan-big.dtb
Using asx0 device
TFTP from server 192.168.100.1; our IP address is 192.168.100.102
Filename 'tegra124-nyan-big.dtb'.
Load address: 0x83000000
Loading: *#####
	 3.2 MiB/s
done
Bytes transferred = 66901 (10555 hex)
Tegra124 (Nyan-big) # bootz 0x82000000 - 0x83000000
Kernel image @ 0x82000000 [ 0x000000 - 0x549010 ]
## Flattened Device Tree blob at 83000000
   Booting using the fdt blob at 0x83000000
   Using Device Tree in place at 83000000, end 83013554

Starting kernel ...

[    2.515510] console [ttyS0] enabled
[    2.518986] bootconsole [earlycon0] disabled
[    2.524330] [drm] Initialized drm 1.1.0 20060810
[    2.529669] tegra-hdmi 54280000.hdmi: failed to get HDMI regulator
[    2.536270] tegra-dpaux 545c0000.dpaux: failed to get VDD supply: -517
[    2.543564] panel supply power not found, using dummy regulator
[    2.584915] loop: module loaded
[    2.588670] as3722 4-0040: AS3722 with revision 0x1 found
[    2.598856] as3722-sd2: supplied by +5V_SYS
[    2.603367] as3722-sd3: supplied by +5V_SYS
[    2.607714] +1.35V_LP0(sd3): Bringing 0uV into 1350000-1350000uV
[    2.613977] as3722-sd4: supplied by +5V_SYS
[    2.618322] +1.05V_RUN: Bringing 0uV into 1050000-1050000uV
[    2.624148] as3722-sd5: supplied by +5V_SYS
[    2.629934] as3722-ldo0: supplied by +1.35V_LP0(sd2)
[    2.635773] +1.8V_RUN_CAM: Bringing 0uV into 1800000-1800000uV
[    2.641883] as3722-ldo2: supplied by +1.8V_VDDIO
[    2.647611] as3722-ldo3: supplied by +3.3V_SYS
[    2.652062] +1.00V_LP0_VDD_RTC: Bringing 1100000uV into 1000000-1000000uV
[    2.659730] as3722-ldo4: supplied by +3.3V_SYS
[    2.664329] +3.3V_RUN_CAM: Bringing 0uV into 2800000-2800000uV
[    2.670440] as3722-ldo5: supplied by +1.8V_VDDIO
[    2.675222] +1.2V_RUN_CAM_FRONT: Bringing 0uV into 1200000-1200000uV
[    2.682001] +VDDIO_SDMMC3: Bringing 0uV into 1800000-1800000uV
[    2.688137] as3722-ldo7: supplied by +1.8V_VDDIO
[    2.692910] +1.05V_RUN_CAM_REAR: Bringing 0uV into 1050000-1050000uV
[    2.699554] as3722-ldo9: supplied by +5V_SYS
[    2.704127] +2.8V_RUN_TOUCH: Bringing 0uV into 2800000-2800000uV
[    2.710432] as3722-ldo10: supplied by +5V_SYS
[    2.714947] +2.8V_RUN_CAM_AF: Bringing 0uV into 2800000-2800000uV
[    2.721482] +1.8V_RUN_VPP_FUSE: Bringing 0uV into 1800000-1800000uV
[    2.761777] cros-ec-spi spi32766.0: Chrome EC device registered
[    2.777300] m25p80 spi32765.0: w25q32dw (4096 Kbytes)
[    2.793497] CAN device driver interface
[    2.797375] igb: Intel(R) Gigabit Ethernet Network Driver - version 5.3.0-k
[    2.804319] igb: Copyright (c) 2007-2014 Intel Corporation.
[    2.810001] pegasus: v0.9.3 (2013/04/25), Pegasus/Pegasus II USB Ethernet driver
[    2.817449] usbcore: registered new interface driver pegasus
[    2.823147] usbcore: registered new interface driver asix
[    2.828588] usbcore: registered new interface driver ax88179_178a
[    2.834719] usbcore: registered new interface driver cdc_ether
[    2.840590] usbcore: registered new interface driver smsc75xx
[    2.846385] usbcore: registered new interface driver smsc95xx
[    2.852154] usbcore: registered new interface driver net1080
[    2.857843] usbcore: registered new interface driver cdc_subset
[    2.863784] usbcore: registered new interface driver zaurus
[    2.869404] usbcore: registered new interface driver cdc_ncm
[    2.875157] ehci_hcd: USB 2.0 'Enhanced' Host Controller (EHCI) Driver
[    2.881667] ehci-pci: EHCI PCI platform driver
[    2.886146] tegra-ehci: Tegra EHCI driver
[    2.890486] usbcore: registered new interface driver cdc_acm
[    2.896137] cdc_acm: USB Abstract Control Model driver for USB modems and ISDN adapters
[    2.904161] usbcore: registered new interface driver cdc_wdm
[    2.909865] usbcore: registered new interface driver usb-storage
[    2.916136] mousedev: PS/2 mouse device common for all mice
[    2.922009] input: cros_ec as /devices/soc0/7000d400.spi/spi_master/spi32766/spi32766.0/7000d400.spi:cros-ec@0:keyboard-controller/input/input0
[    2.937050] as3722-rtc as3722-rtc: rtc core: registered as3722-rtc as rtc0
[    2.943908] as3722-rtc as3722-rtc: RTC interrupt 370
[    2.950737] tegra_rtc 7000e000.rtc: rtc core: registered 7000e000.rtc as rtc1
[    2.957892] tegra_rtc 7000e000.rtc: Tegra internal Real Time Clock
[    2.964197] i2c /dev entries driver
[    2.968437] usbcore: registered new interface driver uvcvideo
[    2.974167] USB Video Class driver (1.1.1)
[    2.978256] gspca_main: v2.14.0 registered
[    2.982639] 0-004c supply vcc not found, using dummy regulator
[    2.990429] tegra-wdt 60005000.timer: initialized (heartbeat = 120 sec, nowayout = 0)
[    2.998852] sdhci: Secure Digital Host Controller Interface driver
[    3.005027] sdhci: Copyright(c) Pierre Ossman
[    3.009370] sdhci-pltfm: SDHCI platform and OF driver helper
[    3.015176] sdhci-tegra 700b0000.sdhci: allocated mmc-pwrseq
[    3.020836] mmc0: Unknown controller version (3). You may experience problems.
[    3.028230] sdhci-tegra 700b0400.sdhci: Got CD GPIO
[    3.033101] sdhci-tegra 700b0400.sdhci: Got WP GPIO
[    3.037999] mmc0: Unknown controller version (3). You may experience problems.
[    3.045406] mmc0: Unknown controller version (3). You may experience problems.
[    3.052644] mmc0: Invalid maximum block size, assuming 512 bytes
[    3.094592] mmc0: SDHCI controller on 700b0600.sdhci [700b0600.sdhci] using ADMA 64-bit
[    3.105131] usbcore: registered new interface driver usbhid
[    3.113751] usbhid: USB HID core driver
[    3.124611] tegra30-i2s 70301100.i2s: DMA channels sourced from device 70300000.ahub
[    3.155042] max98090 0-0010: MAX98090 REVID=0x43
[    3.162403] max98090 0-0010: use default 2.8v micbias
[    3.165055] mmc0: new high speed MMC card at address 0001
[    3.175416] tegra-snd-max98090 sound: HiFi <-> 70301100.i2s mapping ok
[    3.181968] mmcblk0: mmc0:0001 MMC16G 14.4 GiB 
[    3.186756] mmcblk0boot0: mmc0:0001 MMC16G partition 1 2.00 MiB
[    3.187241] input: GoogleNyanBig Headphones as /devices/soc0/sound/sound/card1/input1
[    3.187562] input: GoogleNyanBig Mic Jack as /devices/soc0/sound/sound/card1/input2
[    3.208356] mmcblk0boot1: mmc0:0001 MMC16G partition 2 2.00 MiB
[    3.214404] mmcblk0rpmb: mmc0:0001 MMC16G partition 3 128 KiB
[    3.223125]  mmcblk0: p1 p2 p3 p4 p5 p6 p7 p8 p9 p10 p11 p12
[    3.444564] NET: Registered protocol family 10
[    3.574576] mip6: Mobile IPv6
[    3.577535] sit: IPv6 over IPv4 tunneling driver
[    3.583188] NET: Registered protocol family 17
[    3.587643] NET: Registered protocol family 15
[    3.592073] can: controller area network core (rev 20120528 abi 9)
[    3.624605] NET: Registered protocol family 29
[    3.629068] can: raw protocol (rev 20120528)
[    3.633347] can: broadcast manager protocol (rev 20120528 t)
[    3.633574] input: tegra-hda HDMI/DP,pcm=3 as /devices/soc0/70030000.hda/sound/card0/input3
[    3.647364] can: netlink gateway (rev 20130117) max_hops=1
[    3.674609] Bluetooth: RFCOMM socket layer initialized
[    3.679739] Bluetooth: RFCOMM ver 1.11
[    3.683479] Bluetooth: BNEP (Ethernet Emulation) ver 1.3
[    3.688810] Bluetooth: BNEP socket layer initialized
[    3.693760] Bluetooth: HIDP (Human Interface Emulation) ver 1.2
[    3.699675] Bluetooth: HIDP socket layer initialized
[    3.704767] Key type dns_resolver registered
[    3.709483] Registering SWP/SWPB emulation handler
[    3.725346] +3.3V_RUN: supplied by +3.3V_SYS
[    3.730199] +3.3V_AVDD_HDMI_AP_GATED: supplied by +3.3V_RUN
[    3.735941] +1.8V_RUN_CAM: supplied by +3.3V_RUN
[    3.740591] +VDDIO_SDMMC3: supplied by +3.3V_RUN
[    3.745344] +1.8V_RUN_VPP_FUSE: supplied by +3.3V_RUN
[    3.750593] +VDD_LED: supplied by +VDD_MUX
[    3.755078] +5V_VDD_TS_SW: supplied by +5V_SYS
[    3.759742] +5V_USB_HS: supplied by +5V_SYS
[    3.764126] +5V_USB_SS: supplied by +5V_SYS
[    3.769227] +3.3V_PANEL: supplied by +3.3V_RUN
[    3.774306] +3.3V_LP0: supplied by +3.3V_SYS
[    3.779240] +1.05V_RUN_AVDD_HDMI_PLL: supplied by +1.05V_RUN
[    3.785135] +5V_HDMI_CON: supplied by +5V_SYS
[    3.790602] usb3-0 supply vbus not found, using dummy regulator
[    3.796617] usb3-1 supply vbus not found, using dummy regulator
[    3.805045] tegra-sor 54540000.sor: failed to probe output: -517
[    3.811200] panel supply power not found, using dummy regulator
[    3.875281] tegra-xusb 70090000.usb: Firmware timestamp: 2014-09-16 02:10:07 UTC
[    3.882692] tegra-xusb 70090000.usb: xHCI Host Controller
[    3.888111] tegra-xusb 70090000.usb: new USB bus registered, assigned bus number 1
[    3.897675] tegra-xusb 70090000.usb: hcc params 0x0184f525 hci version 0x100 quirks 0x00010010
[    3.906312] tegra-xusb 70090000.usb: irq 342, io mem 0x70090000
[    3.913041] hub 1-0:1.0: USB hub found
[    3.916859] hub 1-0:1.0: 6 ports detected
[    3.921551] tegra-xusb 70090000.usb: xHCI Host Controller
[    3.926996] tegra-xusb 70090000.usb: new USB bus registered, assigned bus number 2
[    3.934722] usb usb2: We don't know the algorithms for LPM for this host, disabling LPM.
[    3.943630] hub 2-0:1.0: USB hub found
[    3.947444] hub 2-0:1.0: 2 ports detected
[    3.952639] sdhci-tegra 700b0000.sdhci: allocated mmc-pwrseq
[    3.958354] mmc1: Unknown controller version (3). You may experience problems.
[    3.965887] mmc1: Invalid maximum block size, assuming 512 bytes
[    3.972374] +1.8V_VDDIO: voltage operation not allowed
[    3.977538] mmc1: Switching to 3.3V signalling voltage failed
[    4.014708] mmc1: SDHCI controller on 700b0000.sdhci [700b0000.sdhci] using ADMA 64-bit
[    4.022965] sdhci-tegra 700b0400.sdhci: Got CD GPIO
[    4.030006] sdhci-tegra 700b0400.sdhci: Got WP GPIO
[    4.038039] mmc2: Unknown controller version (3). You may experience problems.
[    4.045584] mmc2: Invalid maximum block size, assuming 512 bytes
[    4.084881] mmc1: new high speed SDIO card at address 0001
[    4.094706] mmc2: SDHCI controller on 700b0400.sdhci [700b0400.sdhci] using ADMA 64-bit
[    4.199706] [drm] Supports vblank timestamp caching Rev 2 (21.10.2013).
[    4.206330] [drm] No driver support for vblank timestamp query.
[    4.234598] usb 1-2: new high-speed USB device number 2 using tegra-xusb
[    4.246905] mmc2: new high speed SDHC card at address 0007
[    4.247672] mmcblk2: mmc2:0007 SD08G 7.42 GiB 
[    4.256487] GPT:Primary header alternate_lba != Alt. header my_lba
[    4.256491] GPT:3014591 != 15564799
[    4.256492] GPT:Primary header thinks Alt. header is not at the end of the disk.
[    4.256493] GPT:3014591 != 15564799
[    4.256494] GPT: Use GNU Parted to correct GPT errors.
[    4.256520]  mmcblk2: p1 p2 p3 p4 p5 p6 p7 p8 p9 p10 p11 p12
[    4.267373] Console: switching to colour frame buffer device 170x48
[    4.325577] drm drm: fb0:  frame buffer device
[    4.354672] [drm] Initialized tegra 0.0.0 20120330 on minor 0
[    4.361269] input: gpio-keys as /devices/soc0/gpio-keys/input/input4
[    4.368551] as3722-rtc as3722-rtc: setting system clock to 2000-01-01 00:00:23 UTC (946684823)
[    4.382981] +1.8V_RUN_CAM: disabling
[    4.386787] +1.2V_RUN_CAM_FRONT: disabling
[    4.391086] +1.05V_RUN_CAM_REAR: disabling
[    4.395420] +2.8V_RUN_TOUCH: disabling
[    4.399373] +2.8V_RUN_CAM_AF: disabling
[    4.403363] +1.8V_RUN_VPP_FUSE: disabling
[    4.407576] +5V_VDD_TS_SW: disabling
[    4.411334] ALSA device list:
[    4.414294]   #0: tegra-hda at 0x70038000 irq 341
[    4.419015]   #1: GoogleNyanBig
[    4.423022] EXT4-fs (mmcblk0p3): couldn't mount as ext3 due to feature incompatibilities
[    4.514844] uvcvideo: Found UVC 1.00 device HD WebCam (1bcf:2c67)
[    4.529900] input: HD WebCam as /devices/soc0/70090000.usb/usb1/1-2/1-2:1.0/input/input5
[    4.564917] EXT4-fs (mmcblk0p3): recovery complete
[    4.571627] EXT4-fs (mmcblk0p3): mounted filesystem with ordered data mode. Opts: (null)
[    4.579786] VFS: Mounted root (ext4 filesystem) on device 179:3.
[    4.586392] devtmpfs: mounted
[    4.589792] Freeing unused kernel memory: 1024K (c0b00000 - c0c00000)
bash: cannot set terminal process group (-1): Inappropriate ioctl for device
bash: no job control in this shell
root@(none):/# [    4.814654] usb 1-3: new high-speed USB device number 3 using tegra-xusb
[    5.797482] asix 1-3:1.0 eth0: register 'asix' at usb-70090000.usb-3, ASIX AX88772 USB 2.0 Ethernet, c8:d7:19:90:fa:65
[    6.084652] usb 1-1: new high-speed USB device number 4 using tegra-xusb
[    6.233209] usb-storage 1-1:1.0: USB Mass Storage device detected
[    6.240103] scsi host0: usb-storage 1-1:1.0
[    7.296484] scsi 0:0:0:0: Direct-Access     SanDisk  SDDR-113         9412 PQ: 0 ANSI: 0
[    7.468584] sd 0:0:0:0: [sda] 15523840 512-byte logical blocks: (7.95 GB/7.40 GiB)
[    7.476993] sd 0:0:0:0: [sda] Write Protect is off
[    7.481774] sd 0:0:0:0: [sda] Mode Sense: 03 00 00 00
[    7.487685] sd 0:0:0:0: [sda] No Caching mode page found
[    7.492997] sd 0:0:0:0: [sda] Assuming drive cache: write through
[    7.518232]  sda: sda1 sda2 sda3 sda4 sda5 sda6 sda7 sda8 sda9 sda10 sda11 sda12 sda13
[    7.531897] sd 0:0:0:0: [sda] Attached SCSI removable disk
