[    0.000000] Booting Linux on physical CPU 0x0
[    0.000000] Linux version 4.7.0-rc4+ (pwalmsley@tamien) (gcc version 4.9.2 20140904 (prerelease) (crosstool-NG linaro-1.13.1-4.9-2014.09 - Linaro GCC 4.9-2014.09) ) #1 SMP PREEMPT Sun Jun 19 22:07:36 PDT 2016
[    0.000000] Boot CPU: AArch64 Processor [411fd070]
[    0.000000] Memory limited to 1024MB
[    0.000000] efi: Getting EFI parameters from FDT:
[    0.000000] efi: UEFI not found.
[    0.000000] cma: Reserved 16 MiB at 0x000000007f000000
[    0.000000] psci: probing for conduit method from DT.
[    0.000000] psci: PSCIv0.2 detected in firmware.
[    0.000000] psci: Using standard PSCI v0.2 function IDs
[    0.000000] psci: Trusted OS migration not required
[    0.000000] percpu: Embedded 20 pages/cpu @ffff80003efd0000 s42752 r8192 d30976 u81920
[    0.000000] Detected PIPT I-cache on CPU0
[    0.000000] CPU features: enabling workaround for ARM erratum 832075
[    0.000000] CPU features: enabling workaround for ARM erratum 834220
[    0.000000] Built 1 zonelists in Zone order, mobility grouping on.  Total pages: 258048
[    0.000000] Kernel command line: root=/dev/vda2 rw rootwait mem=1024M console=ttyAMA0,38400n8 init=/bin/bash
[    0.000000] PID hash table entries: 4096 (order: 3, 32768 bytes)
[    0.000000] Dentry cache hash table entries: 131072 (order: 8, 1048576 bytes)
[    0.000000] Inode-cache hash table entries: 65536 (order: 7, 524288 bytes)
[    0.000000] software IO TLB [mem 0x79c00000-0x7dc00000] (64MB) mapped at [ffff800039c00000-ffff80003dbfffff]
[    0.000000] Memory: 935196K/1048576K available (7492K kernel code, 646K rwdata, 3448K rodata, 960K init, 260K bss, 96996K reserved, 16384K cma-reserved)
[    0.000000] Virtual kernel memory layout:
[    0.000000]     modules : 0xffff000000000000 - 0xffff000008000000   (   128 MB)
[    0.000000]     vmalloc : 0xffff000008000000 - 0xffff7dffbfff0000   (129022 GB)
[    0.000000]       .text : 0xffff000008080000 - 0xffff0000087c0000   (  7424 KB)
[    0.000000]     .rodata : 0xffff0000087c0000 - 0xffff000008b30000   (  3520 KB)
[    0.000000]       .init : 0xffff000008b30000 - 0xffff000008c20000   (   960 KB)
[    0.000000]       .data : 0xffff000008c20000 - 0xffff000008cc1a00   (   647 KB)
[    0.000000]        .bss : 0xffff000008cc1a00 - 0xffff000008d02ac0   (   261 KB)
[    0.000000]     fixed   : 0xffff7dfffe7fd000 - 0xffff7dfffec00000   (  4108 KB)
[    0.000000]     PCI I/O : 0xffff7dfffee00000 - 0xffff7dffffe00000   (    16 MB)
[    0.000000]     vmemmap : 0xffff7e0000000000 - 0xffff800000000000   (  2048 GB maximum)
[    0.000000]               0xffff7e0000000000 - 0xffff7e0001000000   (    16 MB actual)
[    0.000000]     memory  : 0xffff800000000000 - 0xffff800040000000   (  1024 MB)
[    0.000000] SLUB: HWalign=64, Order=0-3, MinObjects=0, CPUs=1, Nodes=1
[    0.000000] Preemptible hierarchical RCU implementation.
[    0.000000] 	Build-time adjustment of leaf fanout to 64.
[    0.000000] 	RCU restricting CPUs from NR_CPUS=64 to nr_cpu_ids=1.
[    0.000000] RCU: Adjusting geometry for rcu_fanout_leaf=64, nr_cpu_ids=1
[    0.000000] NR_IRQS:64 nr_irqs:64 0
[    0.000000] GICv2m: range[mem 0x08020000-0x08020fff], SPI[80:143]
[    0.000000] Architected cp15 timer(s) running at 62.50MHz (virt).
[    0.000000] clocksource: arch_sys_counter: mask: 0xffffffffffffff max_cycles: 0x1cd42e208c, max_idle_ns: 881590405314 ns
[    0.000172] sched_clock: 56 bits at 62MHz, resolution 16ns, wraps every 4398046511096ns
[    0.006874] Console: colour dummy device 80x25
[    0.007579] Calibrating delay loop (skipped), value calculated using timer frequency.. 125.00 BogoMIPS (lpj=250000)
[    0.007763] pid_max: default: 32768 minimum: 301
[    0.008762] Security Framework initialized
[    0.009461] Mount-cache hash table entries: 2048 (order: 2, 16384 bytes)
[    0.009528] Mountpoint-cache hash table entries: 2048 (order: 2, 16384 bytes)
[    0.034041] ASID allocator initialised with 65536 entries
[    0.062845] EFI services will not be available.
[    0.070652] Brought up 1 CPUs
[    0.070790] SMP: Total of 1 processors activated.
[    0.070982] CPU features: detected feature: 32-bit EL0 Support
[    0.071363] CPU: All CPU(s) started at EL1
[    0.073044] alternatives: patching kernel code
[    0.092241] devtmpfs: initialized
[    0.103201] DMI not present or invalid.
[    0.104914] clocksource: jiffies: mask: 0xffffffff max_cycles: 0xffffffff, max_idle_ns: 7645041785100000 ns
[    0.107938] pinctrl core: initialized pinctrl subsystem
[    0.137515] NET: Registered protocol family 16
[    0.161473] cpuidle: using governor menu
[    0.162536] vdso: 2 pages (1 code @ ffff0000087c6000, 1 data @ ffff000008c24000)
[    0.162879] hw-breakpoint: found 6 breakpoint and 4 watchpoint registers.
[    0.169978] DMA: preallocated 256 KiB pool for atomic allocations
[    0.172302] Serial: AMBA PL011 UART driver
[    0.229877] 9000000.pl011: ttyAMA0 at MMIO 0x9000000 (irq = 39, base_baud = 0) is a PL011 rev1
[    0.251684] console [ttyAMA0] enabled
[    0.409255] HugeTLB registered 2 MB page size, pre-allocated 0 pages
[    0.426979] ACPI: Interpreter disabled.
[    0.435020] vgaarb: loaded
[    0.438242] SCSI subsystem initialized
[    0.446353] usbcore: registered new interface driver usbfs
[    0.448378] usbcore: registered new interface driver hub
[    0.450042] usbcore: registered new device driver usb
[    0.456046] pps_core: LinuxPPS API ver. 1 registered
[    0.456311] pps_core: Software ver. 5.3.6 - Copyright 2005-2007 Rodolfo Giometti <giometti@linux.it>
[    0.457075] PTP clock support registered
[    0.459919] dmi: Firmware registration failed.
[    0.464428] Advanced Linux Sound Architecture Driver Initialized.
[    0.480153] clocksource: Switched to clocksource arch_sys_counter
[    0.481233] VFS: Disk quotas dquot_6.6.0
[    0.481732] VFS: Dquot-cache hash table entries: 512 (order 0, 4096 bytes)
[    0.486409] pnp: PnP ACPI: disabled
[    0.567805] NET: Registered protocol family 2
[    0.575103] TCP established hash table entries: 8192 (order: 4, 65536 bytes)
[    0.575719] TCP bind hash table entries: 8192 (order: 5, 131072 bytes)
[    0.576858] TCP: Hash tables configured (established 8192 bind 8192)
[    0.577959] UDP hash table entries: 512 (order: 2, 16384 bytes)
[    0.578433] UDP-Lite hash table entries: 512 (order: 2, 16384 bytes)
[    0.580985] NET: Registered protocol family 1
[    0.588349] RPC: Registered named UNIX socket transport module.
[    0.588731] RPC: Registered udp transport module.
[    0.588988] RPC: Registered tcp transport module.
[    0.589223] RPC: Registered tcp NFSv4.1 backchannel transport module.
[    0.595725] kvm [1]: HYP mode not available
[    0.613956] futex hash table entries: 256 (order: 3, 32768 bytes)
[    0.614962] audit: initializing netlink subsys (disabled)
[    0.617604] audit: type=2000 audit(0.584:1): initialized
[    0.627004] workingset: timestamp_bits=44 max_order=18 bucket_order=0
[    0.735794] squashfs: version 4.0 (2009/01/31) Phillip Lougher
[    0.747393] NFS: Registering the id_resolver key type
[    0.749233] Key type id_resolver registered
[    0.749496] Key type id_legacy registered
[    0.751217] fuse init (API version 7.24)
[    0.755597] 9p: Installing v9fs 9p2000 file system support
[    0.771207] io scheduler noop registered
[    0.773026] io scheduler cfq registered (default)
[    0.800929] pl061_gpio 9030000.pl061: PL061 GPIO chip @0x0000000009030000 registered
[    0.809136] PCI host bridge /pcie@10000000 ranges:
[    0.809837]    IO 0x3eff0000..0x3effffff -> 0x00000000
[    0.810397]   MEM 0x10000000..0x3efeffff -> 0x10000000
[    0.810706]   MEM 0x8000000000..0xffffffffff -> 0x8000000000
[    0.811572] pci-host-generic 3f000000.pcie: ECAM at [mem 0x3f000000-0x3fffffff] for [bus 00-0f]
[    0.813817] pci-host-generic 3f000000.pcie: PCI host bridge to bus 0000:00
[    0.814346] pci_bus 0000:00: root bus resource [bus 00-0f]
[    0.814705] pci_bus 0000:00: root bus resource [io  0x0000-0xffff]
[    0.815035] pci_bus 0000:00: root bus resource [mem 0x10000000-0x3efeffff]
[    0.815356] pci_bus 0000:00: root bus resource [mem 0x8000000000-0xffffffffff]
[    0.855198] xenfs: not registering filesystem on non-xen platform
[    0.892837] Serial: 8250/16550 driver, 4 ports, IRQ sharing disabled
[    0.907839] SuperH (H)SCI(F) driver initialized
[    0.911676] msm_serial: driver initialized
[    0.917105] Unable to detect cache hierarchy from DT for CPU 0
[    0.985683] loop: module loaded
[    1.017436]  vda: vda1 vda2
[    1.049081] tun: Universal TUN/TAP device driver, 1.6
[    1.049507] tun: (C) 1999-2004 Max Krasnyansky <maxk@qualcomm.com>
[    1.063838] e1000e: Intel(R) PRO/1000 Network Driver - 3.2.6-k
[    1.064603] e1000e: Copyright(c) 1999 - 2015 Intel Corporation.
[    1.065848] igb: Intel(R) Gigabit Ethernet Network Driver - version 5.3.0-k
[    1.066397] igb: Copyright (c) 2007-2014 Intel Corporation.
[    1.067602] igbvf: Intel(R) Gigabit Virtual Function Network Driver - version 2.0.2-k
[    1.069073] igbvf: Copyright (c) 2009 - 2012 Intel Corporation.
[    1.070117] sky2: driver version 1.30
[    1.075771] VFIO - User Level meta-driver version: 0.3
[    1.089432] ehci_hcd: USB 2.0 'Enhanced' Host Controller (EHCI) Driver
[    1.089941] ehci-pci: EHCI PCI platform driver
[    1.091146] ehci-platform: EHCI generic platform driver
[    1.093127] ehci-msm: Qualcomm On-Chip EHCI Host Controller
[    1.094294] ohci_hcd: USB 1.1 'Open' Host Controller (OHCI) Driver
[    1.094914] ohci-pci: OHCI PCI platform driver
[    1.096277] ohci-platform: OHCI generic platform driver
[    1.099220] usbcore: registered new interface driver usb-storage
[    1.110909] mousedev: PS/2 mouse device common for all mice
[    1.123981] rtc-pl031 9010000.pl031: rtc core: registered pl031 as rtc0
[    1.127266] i2c /dev entries driver
[    1.147869] sdhci: Secure Digital Host Controller Interface driver
[    1.148728] sdhci: Copyright(c) Pierre Ossman
[    1.149571] Synopsys Designware Multimedia Card Interface Driver
[    1.154307] sdhci-pltfm: SDHCI platform and OF driver helper
[    1.160821] ledtrig-cpu: registered to indicate activity on CPUs
[    1.172756] usbcore: registered new interface driver usbhid
[    1.173066] usbhid: USB HID core driver
[    1.191748] NET: Registered protocol family 17
[    1.194206] 9pnet: Installing 9P2000 support
[    1.195053] Key type dns_resolver registered
[    1.199692] registered taskstats version 1
[    1.213181] input: gpio-keys as /devices/platform/gpio-keys/input/input0
[    1.217020] rtc-pl031 9010000.pl031: setting system clock to 2016-06-20 05:08:13 UTC (1466399293)
[    1.218832] ALSA device list:
[    1.219006]   No soundcards found.
[    1.223287] uart-pl011 9000000.pl011: no DMA platform data
[    1.230306] EXT4-fs (vda2): couldn't mount as ext3 due to feature incompatibilities
[    1.322668] EXT4-fs (vda2): recovery complete
[    1.323420] EXT4-fs (vda2): mounted filesystem with ordered data mode. Opts: (null)
[    1.324782] VFS: Mounted root (ext4 filesystem) on device 254:2.
[    1.327681] devtmpfs: mounted
[    1.369185] Freeing unused kernel memory: 960K (ffff800000b30000 - ffff800000c20000)
bash: cannot set terminal process group (-1): Inappropriate ioctl for device
bash: no job control in this shell
bash-4.3# 