
U-Boot SPL 2014.07-00097-g772e173 (Jul 25 2014 - 20:02:52)


U-Boot 2014.07-00097-g772e173 (Jul 25 2014 - 20:02:52)

TEGRA124
Board: NVIDIA Jetson TK1
I2C:   ready
DRAM:  2 GiB
MMC:   Tegra SD/MMC: 0, Tegra SD/MMC: 1
In:    serial
Out:   serial
Err:   serial
Net:   Net Initialization Skipped
No ethernet found.
Hit any key to stop autoboot:  2  0 
Tegra124 (Jetson TK1) # 
Tegra124 (Jetson TK1) # usb reset
(Re)start USB...
USB0:   USB EHCI 1.10
scanning bus 0 for devices... 1 USB Device(s) found
USB1:   USB EHCI 1.10
scanning bus 1 for devices... 2 USB Device(s) found
       scanning usb for storage devices... 0 Storage Device(s) found
       scanning usb for ethernet devices... 
Warning: asx0 using MAC address from net device
1 Ethernet Device(s) found
Tegra124 (Jetson TK1) # setenv bootargs 'ignore_loglevel console=ttyS0,115200n8 rw root=/dev/mmcblk0p1 rootwait gpt debug init=/bin/bash noinitrd'
Tegra124 (Jetson TK1) # setenv ipaddr 192.168.100.102; setenv serverip 192.168.100.1; setenv tftpserverip 192.168.100.1
Tegra124 (Jetson TK1) # tftpboot 0x81000000 zImage.multi_v7_defconfig
Using asx0 device
TFTP from server 192.168.100.1; our IP address is 192.168.100.102
Filename 'zImage.multi_v7_defconfig'.
Load address: 0x81000000
Loading: *#################################################################
	 #################################################################
	 #################################################################
	 #################################################################
	 #################################################################
	 ##########################
	 3.2 MiB/s
done
Bytes transferred = 5150320 (4e9670 hex)
Tegra124 (Jetson TK1) # tftpboot 0x82000000 tegra124-jetson-tk1.dtb
Using asx0 device
TFTP from server 192.168.100.1; our IP address is 192.168.100.102
Filename 'tegra124-jetson-tk1.dtb'.
Load address: 0x82000000
Loading: *####
	 3 MiB/s
done
Bytes transferred = 44415 (ad7f hex)
Tegra124 (Jetson TK1) # bootz 0x81000000 - 0x82000000
Kernel image @ 0x81000000 [ 0x000000 - 0x4e9670 ]
## Flattened Device Tree blob at 82000000
   Booting using the fdt blob at 0x82000000
   Using Device Tree in place at 82000000, end 8200dd7e

Starting kernel ...

[    0.000000] Booting Linux on physical CPU 0x0
[    0.000000] Linux version 3.17.0-rc4-92088-g2ce7598 (pwalmsley@kaivo) (gcc version 4.7.3 20130328 (prerelease) (crosstool-NG linaro-1.13.1-4.7-2013.04-20130415 - Linaro GCC 2013.04) ) #1 SMP Wed Oct 1 10:18:04 PDT 2014
[    0.000000] CPU: ARMv7 Processor [413fc0f3] revision 3 (ARMv7), cr=10c5387d
[    0.000000] CPU: PIPT / VIPT nonaliasing data cache, PIPT instruction cache
[    0.000000] Machine model: NVIDIA Tegra124 Jetson TK1
[    0.000000] debug: ignoring loglevel setting.
[    0.000000] cma: Reserved 64 MiB at ab800000
[    0.000000] Memory policy: Data cache writealloc
[    0.000000] On node 0 totalpages: 524032
[    0.000000] free_area_init_node: node 0, pgdat c0cbed80, node_mem_map ea7d8000
[    0.000000]   DMA zone: 1520 pages used for memmap
[    0.000000]   DMA zone: 0 pages reserved
[    0.000000]   DMA zone: 194560 pages, LIFO batch:31
[    0.000000]   HighMem zone: 2574 pages used for memmap
[    0.000000]   HighMem zone: 329472 pages, LIFO batch:31
[    0.000000] PERCPU: Embedded 8 pages/cpu @ea789000 s8448 r8192 d16128 u32768
[    0.000000] pcpu-alloc: s8448 r8192 d16128 u32768 alloc=8*4096
[    0.000000] pcpu-alloc: [0] 0 [0] 1 [0] 2 [0] 3 
[    0.000000] Built 1 zonelists in Zone order, mobility grouping on.  Total pages: 522512
[    0.000000] Kernel command line: ignore_loglevel console=ttyS0,115200n8 rw root=/dev/mmcblk0p1 rootwait gpt debug init=/bin/bash noinitrd
[    0.000000] PID hash table entries: 4096 (order: 2, 16384 bytes)
[    0.000000] Dentry cache hash table entries: 131072 (order: 7, 524288 bytes)
[    0.000000] Inode-cache hash table entries: 65536 (order: 6, 262144 bytes)
[    0.000000] Memory: 2001608K/2096128K available (6664K kernel code, 922K rwdata, 2684K rodata, 696K init, 305K bss, 94520K reserved, 1317888K highmem)
[    0.000000] Virtual kernel memory layout:
[    0.000000]     vector  : 0xffff0000 - 0xffff1000   (   4 kB)
[    0.000000]     fixmap  : 0xffc00000 - 0xffe00000   (2048 kB)
[    0.000000]     vmalloc : 0xf0000000 - 0xff000000   ( 240 MB)
[    0.000000]     lowmem  : 0xc0000000 - 0xef800000   ( 760 MB)
[    0.000000]     pkmap   : 0xbfe00000 - 0xc0000000   (   2 MB)
[    0.000000]     modules : 0xbf000000 - 0xbfe00000   (  14 MB)
[    0.000000]       .text : 0xc0208000 - 0xc0b292ac   (9349 kB)
[    0.000000]       .init : 0xc0b2a000 - 0xc0bd8100   ( 697 kB)
[    0.000000]       .data : 0xc0bda000 - 0xc0cc0b80   ( 923 kB)
[    0.000000]        .bss : 0xc0cc0b80 - 0xc0d0d098   ( 306 kB)
[    0.000000] SLUB: HWalign=64, Order=0-3, MinObjects=0, CPUs=4, Nodes=1
[    0.000000] Hierarchical RCU implementation.
[    0.000000] 	RCU restricting CPUs from NR_CPUS=8 to nr_cpu_ids=4.
[    0.000000] RCU: Adjusting geometry for rcu_fanout_leaf=16, nr_cpu_ids=4
[    0.000000] NR_IRQS:16 nr_irqs:16 16
[    0.000000] L2C: failed to init: -19
[    0.000009] sched_clock: 32 bits at 1000kHz, resolution 1000ns, wraps every 2147483648000ns
[    0.000029] Switching to timer-based delay loop, resolution 1000ns
[    0.003235] Architected cp15 timer(s) running at 12.00MHz (virt).
[    0.003258] sched_clock: 56 bits at 12MHz, resolution 83ns, wraps every 2863311536128ns
[    0.003271] Switching to timer-based delay loop, resolution 83ns
[    0.003606] Console: colour dummy device 80x30
[    0.003627] Calibrating delay loop (skipped), value calculated using timer frequency.. 24.00 BogoMIPS (lpj=60000)
[    0.003641] pid_max: default: 32768 minimum: 301
[    0.003762] Mount-cache hash table entries: 2048 (order: 1, 8192 bytes)
[    0.003774] Mountpoint-cache hash table entries: 2048 (order: 1, 8192 bytes)
[    0.004288] CPU: Testing write buffer coherency: ok
[    0.004478] /cpus/cpu@0 missing clock-frequency property
[    0.004506] /cpus/cpu@1 missing clock-frequency property
[    0.004533] /cpus/cpu@2 missing clock-frequency property
[    0.004560] /cpus/cpu@3 missing clock-frequency property
[    0.004573] CPU0: thread -1, cpu 0, socket 0, mpidr 80000000
[    0.004617] Setting up static identity map for 0x8084bf18 - 0x8084bfb0
[    0.006625] Tegra Revision: A01 SKU: 129 CPU Process: 1 Core Process: 1
[    0.007696] CPU1: Booted secondary processor
[    0.007721] CPU1: thread -1, cpu 1, socket 0, mpidr 80000001
[    0.008219] CPU2: Booted secondary processor
[    0.008243] CPU2: thread -1, cpu 2, socket 0, mpidr 80000002
[    0.008724] CPU3: Booted secondary processor
[    0.008748] CPU3: thread -1, cpu 3, socket 0, mpidr 80000003
[    0.008811] Brought up 4 CPUs
[    0.008836] SMP: Total of 4 processors activated.
[    0.008843] CPU: All CPU(s) started in SVC mode.
[    0.009374] devtmpfs: initialized
[    0.014633] VFP support v0.3: implementor 41 architecture 4 part 30 variant f rev 0
[    0.016328] pinctrl core: initialized pinctrl subsystem
[    0.016757] regulator-dummy: no parameters
[    0.030756] NET: Registered protocol family 16
[    0.032722] DMA: preallocated 256 KiB pool for atomic coherent allocations
[    0.034422] cpuidle: using governor ladder
[    0.034442] cpuidle: using governor menu
[    0.046932] No ATAGs?
[    0.046966] hw-breakpoint: found 5 (+1 reserved) breakpoint and 4 watchpoint registers.
[    0.046976] hw-breakpoint: maximum watchpoint size is 8 bytes.
[    0.047134] EXYNOS: PMU not supported
[    0.049684] Serial: AMBA PL011 UART driver
[    0.076275] edma-dma-engine edma-dma-engine.0: Can't allocate PaRAM dummy slot
[    0.076298] edma-dma-engine: probe of edma-dma-engine.0 failed with error -22
[    0.076879] +VDD_MUX: 12000 mV 
[    0.077102] +5V_SYS: 5000 mV 
[    0.077150] +5V_SYS: supplied by +VDD_MUX
[    0.077404] +3.3V_SYS: 3300 mV 
[    0.077457] +3.3V_SYS: supplied by +VDD_MUX
[    0.077594] platform regulators:regulator@3: Driver reg-fixed-voltage requests probe deferral
[    0.077762] +3.3V_AVDD_HDMI_AP_GATED: 3300 mV 
[    0.077811] reg-fixed-voltage regulators:regulator@4: Failed to find supply vin
[    0.077919] reg-fixed-voltage regulators:regulator@4: Failed to register regulator: -517
[    0.077941] platform regulators:regulator@4: Driver reg-fixed-voltage requests probe deferral
[    0.078113] +USB0_VBUS_SW: Failed to request enable GPIO108: -517
[    0.078224] reg-fixed-voltage regulators:regulator@7: Failed to register regulator: -517
[    0.078245] platform regulators:regulator@7: Driver reg-fixed-voltage requests probe deferral
[    0.078414] +5V_USB_HS: Failed to request enable GPIO109: -517
[    0.078503] reg-fixed-voltage regulators:regulator@8: Failed to register regulator: -517
[    0.078524] platform regulators:regulator@8: Driver reg-fixed-voltage requests probe deferral
[    0.078599] platform regulators:regulator@10: Driver reg-fixed-voltage requests probe deferral
[    0.078767] +1.05V_RUN_AVDD_HDMI_PLL: Failed to request enable GPIO63: -517
[    0.078857] reg-fixed-voltage regulators:regulator@11: Failed to register regulator: -517
[    0.078878] platform regulators:regulator@11: Driver reg-fixed-voltage requests probe deferral
[    0.079046] +5V_HDMI_CON: Failed to request enable GPIO86: -517
[    0.079135] reg-fixed-voltage regulators:regulator@12: Failed to register regulator: -517
[    0.079155] platform regulators:regulator@12: Driver reg-fixed-voltage requests probe deferral
[    0.081298] vgaarb: loaded
[    0.081905] SCSI subsystem initialized
[    0.082078] libata version 3.00 loaded.
[    0.082397] usbcore: registered new interface driver usbfs
[    0.082469] usbcore: registered new interface driver hub
[    0.082569] usbcore: registered new device driver usb
[    0.085775] Linux video capture interface: v2.00
[    0.085830] pps_core: LinuxPPS API ver. 1 registered
[    0.085839] pps_core: Software ver. 5.3.6 - Copyright 2005-2007 Rodolfo Giometti <giometti@linux.it>
[    0.085873] PTP clock support registered
[    0.086103] EDAC MC: Ver: 3.0.0
[    0.086914] Advanced Linux Sound Architecture Driver Initialized.
[    0.087950] Switched to clocksource arch_sys_counter
[    0.098421] NET: Registered protocol family 2
[    0.099020] TCP established hash table entries: 8192 (order: 3, 32768 bytes)
[    0.099110] TCP bind hash table entries: 8192 (order: 4, 65536 bytes)
[    0.099297] TCP: Hash tables configured (established 8192 bind 8192)
[    0.099342] TCP: reno registered
[    0.099355] UDP hash table entries: 512 (order: 2, 16384 bytes)
[    0.099396] UDP-Lite hash table entries: 512 (order: 2, 16384 bytes)
[    0.099576] NET: Registered protocol family 1
[    0.099816] RPC: Registered named UNIX socket transport module.
[    0.099826] RPC: Registered udp transport module.
[    0.099834] RPC: Registered tcp transport module.
[    0.099841] RPC: Registered tcp NFSv4.1 backchannel transport module.
[    0.099860] PCI: CLS 0 bytes, default 64
[    0.102031] futex hash table entries: 1024 (order: 4, 65536 bytes)
[    0.114412] squashfs: version 4.0 (2009/01/31) Phillip Lougher
[    0.115214] NFS: Registering the id_resolver key type
[    0.115255] Key type id_resolver registered
[    0.115264] Key type id_legacy registered
[    0.115320] msgmni has been set to 1463
[    0.115741] bounce: pool size: 64 pages
[    0.115972] Block layer SCSI generic (bsg) driver version 0.4 loaded (major 249)
[    0.115991] io scheduler noop registered
[    0.116008] io scheduler deadline registered
[    0.116221] io scheduler cfq registered (default)
[    0.133615] tegra-apbdma 60020000.dma: Tegra20 APB DMA driver register 32 channels
[    0.198187] Serial: 8250/16550 driver, 4 ports, IRQ sharing disabled
[    0.200061] Serial: IMX driver
[    0.200389] msm_serial: driver initialized
[    0.201200] console [ttyS0] disabled
[    0.201236] 70006300.serial: ttyS0 at MMIO 0x70006300 (irq = 122, base_baud = 25500000) is a Tegra
[    1.060901] console [ttyS0] enabled
[    1.065111] STMicroelectronics ASC driver initialized
[    1.070943] serial: Freescale lpuart driver
[    1.075351] [drm] Initialized drm 1.1.0 20060810
[    1.081157] tegra-hdmi 54280000.hdmi: failed to get HDMI regulator
[    1.087361] platform 54280000.hdmi: Driver tegra-hdmi requests probe deferral
[    1.100286] loop: module loaded
[    1.103702] at24 0-0056: 256 byte 24c02 EEPROM, writable, 8 bytes/write
[    1.111468] as3722 4-0040: AS3722 with revision 0x1 found
[    1.120647] +VDD_CPU_AP: 700 <--> 1400 mV at 1000 mV 3500 mA 
[    1.127403] +VDD_CORE: 700 <--> 1350 mV at 1100 mV 2500 mA 
[    1.133651] +1.35V_LP0(sd2): 1350 mV 
[    1.137371] +1.35V_LP0(sd2): supplied by +5V_SYS
[    1.142486] +1.35V_LP0(sd3): 1350 mV 
[    1.146220] +1.35V_LP0(sd3): supplied by +5V_SYS
[    1.151322] +1.05V_RUN: 1050 mV 
[    1.154622] +1.05V_RUN: supplied by +5V_SYS
[    1.159164] +1.8V_VDDIO: 1800 mV 
[    1.162534] +1.8V_VDDIO: supplied by +5V_SYS
[    1.168187] +VDD_GPU_AP: 650 <--> 1200 mV at 1000 mV 3500 mA 
[    1.174309] +1.05V_RUN_AVDD: 1050 mV at 300 mA 
[    1.178912] +1.05V_RUN_AVDD: supplied by +1.35V_LP0(sd2)
[    1.185161] +1.8V_RUN_CAM: 1800 mV at 150 mA 
[    1.189600] as3722-regulator as3722-regulator: Failed to find supply vin-ldo1-6
[    1.197019] as3722-regulator as3722-regulator: regulator 8 register failed -517
[    1.205550] platform as3722-regulator: Driver as3722-regulator requests probe deferral
[    1.219100] CAN device driver interface
[    1.223715] igb: Intel(R) Gigabit Ethernet Network Driver - version 5.2.13-k
[    1.230778] igb: Copyright (c) 2007-2014 Intel Corporation.
[    1.237694] pegasus: v0.9.3 (2013/04/25), Pegasus/Pegasus II USB Ethernet driver
[    1.245160] usbcore: registered new interface driver pegasus
[    1.250900] usbcore: registered new interface driver asix
[    1.256364] usbcore: registered new interface driver ax88179_178a
[    1.262519] usbcore: registered new interface driver cdc_ether
[    1.268436] usbcore: registered new interface driver smsc75xx
[    1.274267] usbcore: registered new interface driver smsc95xx
[    1.280076] usbcore: registered new interface driver net1080
[    1.285804] usbcore: registered new interface driver cdc_subset
[    1.291783] usbcore: registered new interface driver zaurus
[    1.297453] usbcore: registered new interface driver cdc_ncm
[    1.303144] ehci_hcd: USB 2.0 'Enhanced' Host Controller (EHCI) Driver
[    1.309680] ehci-pci: EHCI PCI platform driver
[    1.314183] ehci-platform: EHCI generic platform driver
[    1.319580] ehci-omap: OMAP-EHCI Host Controller driver
[    1.324935] ehci-orion: EHCI orion driver
[    1.329080] SPEAr-ehci: EHCI SPEAr driver
[    1.333227] tegra-ehci: Tegra EHCI driver
[    1.337441] platform 7d004000.usb: Driver tegra-ehci requests probe deferral
[    1.344603] platform 7d008000.usb: Driver tegra-ehci requests probe deferral
[    1.351731] ohci_hcd: USB 1.1 'Open' Host Controller (OHCI) Driver
[    1.357953] ohci-pci: OHCI PCI platform driver
[    1.362450] ohci-platform: OHCI generic platform driver
[    1.367812] ohci-omap3: OHCI OMAP3 driver
[    1.371957] SPEAr-ohci: OHCI SPEAr driver
[    1.376757] usbcore: registered new interface driver usb-storage
[    1.383307] tegra-phy 7d004000.usb-phy: no vbus regulator
[    1.388999] platform 7d008000.usb-phy: Driver tegra-phy requests probe deferral
[    1.397656] mousedev: PS/2 mouse device common for all mice
[    1.406367] as3722-rtc as3722-rtc: rtc core: registered as3722-rtc as rtc0
[    1.413254] as3722-rtc as3722-rtc: RTC interrupt 464
[    1.421094] tegra_rtc 7000e000.rtc: rtc core: registered 7000e000.rtc as rtc1
[    1.428251] tegra_rtc 7000e000.rtc: Tegra internal Real Time Clock
[    1.434953] i2c /dev entries driver
[    1.440394] usbcore: registered new interface driver uvcvideo
[    1.446145] USB Video Class driver (1.1.1)
[    1.450252] gspca_main: v2.14.0 registered
[    1.455321] 0-004c supply vcc not found, using dummy regulator
[    1.465208] sdhci: Secure Digital Host Controller Interface driver
[    1.471397] sdhci: Copyright(c) Pierre Ossman
[    1.476705] Synopsys Designware Multimedia Card Interface Driver
[    1.483404] sdhci-pltfm: SDHCI platform and OF driver helper
[    1.489805] sdhci-tegra 700b0400.sdhci: Got CD GPIO #170.
[    1.495229] sdhci-tegra 700b0400.sdhci: Got WP GPIO #132.
[    1.500667] mmc0: Unknown controller version (3). You may experience problems.
[    1.507988] sdhci-tegra 700b0400.sdhci: No vmmc regulator found
[    1.514012] platform 700b0400.sdhci: Driver sdhci-tegra requests probe deferral
[    1.521447] mmc0: Unknown controller version (3). You may experience problems.
[    1.528741] sdhci-tegra 700b0600.sdhci: No vmmc regulator found
[    1.534674] sdhci-tegra 700b0600.sdhci: No vqmmc regulator found
[    1.540683] mmc0: Invalid maximum block size, assuming 512 bytes
[    1.577966] mmc0: SDHCI controller on 700b0600.sdhci [700b0600.sdhci] using ADMA
[    1.586398] usbcore: registered new interface driver usbhid
[    1.591973] usbhid: USB HID core driver
[    1.621904] mmc0: BKOPS_EN bit is not set
[    1.629772] mmc0: new high speed MMC card at address 0001
[    1.635520] mmcblk0: mmc0:0001 SEM16G 14.6 GiB 
[    1.640161] mmcblk0boot0: mmc0:0001 SEM16G partition 1 4.00 MiB
[    1.646197] mmcblk0boot1: mmc0:0001 SEM16G partition 2 4.00 MiB
[    1.652218] mmcblk0rpmb: mmc0:0001 SEM16G partition 3 4.00 MiB
[    1.659993] Primary GPT is invalid, using alternate GPT.
[    1.665341]  mmcblk0: p1 p2 p3 p4 p5 p6 p7 p8 p9
[    1.673336]  mmcblk0boot1: unknown partition table
[    1.679461]  mmcblk0boot0: unknown partition table
[    2.015445] tegra30-i2s 70301100.i2s: DMA channels sourced from device 70300000.ahub
[    2.031755] tegra-snd-rt5640 sound: rt5640-aif1 <-> 70301100.i2s mapping ok
[    2.041768] input: NVIDIA Tegra Jetson TK1 Headphones as /devices/soc0/sound/sound/card0/input0
[    2.051793] TCP: cubic registered
[    2.055136] NET: Registered protocol family 17
[    2.059608] can: controller area network core (rev 20120528 abi 9)
[    2.065852] NET: Registered protocol family 29
[    2.070313] can: raw protocol (rev 20120528)
[    2.074597] can: broadcast manager protocol (rev 20120528 t)
[    2.080275] can: netlink gateway (rev 20130117) max_hops=1
[    2.086160] Key type dns_resolver registered
[    2.091038] ThumbEE CPU extension supported.
[    2.095332] Registering SWP/SWPB emulation handler
[    2.102985] +3.3V_RUN: 3300 mV 
[    2.106208] +3.3V_RUN: supplied by +3.3V_SYS
[    2.110947] +3.3V_AVDD_HDMI_AP_GATED: 3300 mV 
[    2.115499] +3.3V_AVDD_HDMI_AP_GATED: supplied by +3.3V_RUN
[    2.121594] +USB0_VBUS_SW: 5000 mV 
[    2.125199] +USB0_VBUS_SW: supplied by +5V_SYS
[    2.130172] +5V_USB_HS: 5000 mV 
[    2.133515] +5V_USB_HS: supplied by +5V_SYS
[    2.140616] +3.3V_LP0: 3300 mV 
[    2.143871] +3.3V_LP0: supplied by +3.3V_SYS
[    2.148622] +1.05V_RUN_AVDD_HDMI_PLL: 1050 mV 
[    2.153149] reg-fixed-voltage regulators:regulator@11: Failed to find supply vin
[    2.160703] reg-fixed-voltage regulators:regulator@11: Failed to register regulator: -517
[    2.168923] platform regulators:regulator@11: Driver reg-fixed-voltage requests probe deferral
[    2.178618] +5V_HDMI_CON: 5000 mV 
[    2.182096] +5V_HDMI_CON: supplied by +5V_SYS
[    2.187128] tegra-hdmi 54280000.hdmi: failed to get PLL regulator
[    2.193334] platform 54280000.hdmi: Driver tegra-hdmi requests probe deferral
[    2.202481] +VDD_CPU_AP: 700 <--> 1400 mV at 1000 mV 3500 mA 
[    2.209432] +VDD_CORE: 700 <--> 1350 mV at 1100 mV 2500 mA 
[    2.215713] +1.35V_LP0(sd2): 1350 mV 
[    2.219510] +1.35V_LP0(sd2): supplied by +5V_SYS
[    2.224373] +1.35V_LP0(sd3): 1350 mV 
[    2.228139] +1.35V_LP0(sd3): supplied by +5V_SYS
[    2.233022] +1.05V_RUN: 1050 mV 
[    2.236355] +1.05V_RUN: supplied by +5V_SYS
[    2.240775] +1.8V_VDDIO: 1800 mV 
[    2.244208] +1.8V_VDDIO: supplied by +5V_SYS
[    2.250139] +VDD_GPU_AP: 650 <--> 1200 mV at 1000 mV 3500 mA 
[    2.256172] +1.05V_RUN_AVDD: 1050 mV at 300 mA 
[    2.260788] +1.05V_RUN_AVDD: supplied by +1.35V_LP0(sd2)
[    2.267031] +1.8V_RUN_CAM: 1800 mV at 150 mA 
[    2.271515] +1.8V_RUN_CAM: supplied by +3.3V_RUN
[    2.277656] +1.2V_GEN_AVDD: 1200 mV at 150 mA 
[    2.282215] +1.2V_GEN_AVDD: supplied by +1.8V_VDDIO
[    2.288860] +1.05V_LP0_VDD_RTC: 1000 mV at 150 mA 
[    2.293769] +1.05V_LP0_VDD_RTC: supplied by +3.3V_SYS
[    2.300103] +2.8V_RUN_CAM: 2800 mV at 150 mA 
[    2.304599] +2.8V_RUN_CAM: supplied by +3.3V_SYS
[    2.310319] +1.2V_RUN_CAM_FRONT: 1200 mV at 150 mA 
[    2.315313] +1.2V_RUN_CAM_FRONT: supplied by +1.8V_VDDIO
[    2.321525] +VDDIO_SDMMC3: 1800 <--> 3300 mV at 150 mA 
[    2.326886] +VDDIO_SDMMC3: supplied by +3.3V_RUN
[    2.332784] +1.05V_RUN_CAM_REAR: 1050 mV at 150 mA 
[    2.337791] +1.05V_RUN_CAM_REAR: supplied by +1.8V_VDDIO
[    2.344867] +3.3V_RUN_TOUCH: 2800 mV at 150 mA 
[    2.349535] +3.3V_RUN_TOUCH: supplied by +5V_SYS
[    2.355447] +2.8V_RUN_CAM_AF: 2800 mV at 150 mA 
[    2.360203] +2.8V_RUN_CAM_AF: supplied by +5V_SYS
[    2.365879] +1.8V_RUN_VPP_FUSE: 1800 mV at 150 mA 
[    2.370807] +1.8V_RUN_VPP_FUSE: supplied by +3.3V_RUN
[    2.379279] tegra-ehci 7d004000.usb: EHCI Host Controller
[    2.384706] tegra-ehci 7d004000.usb: new USB bus registered, assigned bus number 1
[    2.392537] tegra-ehci 7d004000.usb: irq 53, io mem 0x7d004000
[    2.407986] tegra-ehci 7d004000.usb: USB 2.0 started, EHCI 1.10
[    2.414916] hub 1-0:1.0: USB hub found
[    2.418751] hub 1-0:1.0: 1 port detected
[    2.423819] platform 7d008000.usb: Driver tegra-ehci requests probe deferral
[    2.432833] sdhci-tegra 700b0400.sdhci: Got CD GPIO #170.
[    2.438308] sdhci-tegra 700b0400.sdhci: Got WP GPIO #132.
[    2.443792] mmc1: Unknown controller version (3). You may experience problems.
[    2.451290] sdhci-tegra 700b0400.sdhci: No vmmc regulator found
[    2.457307] mmc1: Invalid maximum block size, assuming 512 bytes
[    2.498057] mmc1: SDHCI controller on 700b0400.sdhci [700b0400.sdhci] using ADMA
[    2.505850] +1.05V_RUN_AVDD_HDMI_PLL: 1050 mV 
[    2.510358] +1.05V_RUN_AVDD_HDMI_PLL: supplied by +1.05V_RUN
[    2.518419] [drm] Supports vblank timestamp caching Rev 2 (21.10.2013).
[    2.525068] [drm] No driver support for vblank timestamp query.
[    2.531030] host1x drm: No connectors reported connected with modes
[    2.537329] [drm] Cannot find any crtc or sizes - going 1024x768
[    2.553040] Console: switching to colour frame buffer device 128x48
[    2.566599] host1x drm: fb0:  frame buffer device
[    2.571349] host1x drm: registered panic notifier
[    2.588078] [drm] Initialized tegra 0.0.0 20120330 on minor 0
[    2.594686] tegra-ehci 7d008000.usb: EHCI Host Controller
[    2.600123] tegra-ehci 7d008000.usb: new USB bus registered, assigned bus number 2
[    2.607921] tegra-ehci 7d008000.usb: irq 129, io mem 0x7d008000
[    2.623062] tegra-ehci 7d008000.usb: USB 2.0 started, EHCI 1.10
[    2.629916] hub 2-0:1.0: USB hub found
[    2.633727] hub 2-0:1.0: 1 port detected
[    2.638985] input: gpio-keys as /devices/soc0/gpio-keys/input/input1
[    2.646353] as3722-rtc as3722-rtc: setting system clock to 2000-02-01 00:00:15 UTC (949363215)
[    2.664728] +1.05V_RUN_AVDD_HDMI_PLL: disabling
[    2.669311] +1.8V_RUN_VPP_FUSE: disabling
[    2.673741] +2.8V_RUN_CAM_AF: disabling
[    2.677916] +3.3V_RUN_TOUCH: disabling
[    2.682033] +1.05V_RUN_CAM_REAR: disabling
[    2.686493] +1.2V_RUN_CAM_FRONT: disabling
[    2.690954] +2.8V_RUN_CAM: disabling
[    2.694687] +1.8V_RUN_CAM: disabling
[    2.698602] +1.05V_RUN: disabling
[    2.702256] +USB0_VBUS_SW: disabling
[    2.705863] +3.3V_AVDD_HDMI_AP_GATED: disabling
[    2.710734] ALSA device list:
[    2.713711]   #0: NVIDIA Tegra Jetson TK1
[    2.719053] EXT4-fs (mmcblk0p1): couldn't mount as ext3 due to feature incompatibilities
[    2.727753] EXT4-fs (mmcblk0p1): couldn't mount as ext2 due to feature incompatibilities
[    2.742151] EXT4-fs (mmcblk0p1): recovery complete
[    2.747011] EXT4-fs (mmcblk0p1): mounted filesystem with ordered data mode. Opts: (null)
[    2.755182] VFS: Mounted root (ext4 filesystem) on device 179:1.
[    2.763391] devtmpfs: mounted
[    2.766963] Freeing unused kernel memory: 696K (c0b2a000 - c0bd8000)
bash: cannot set terminal process group (-1): Inappropriate ioctl for device
bash: no job control in this shell
root@(none):/# [    2.943159] usb 2-1: new high-speed USB device number 2 using tegra-ehci
