Diff for ./tegra114-dalmore-a04/tegra114-dalmore/multi_v7_defconfig_log.txt
--- /tmp/fooa	2014-03-17 23:27:04.222278152 -0700
+++ /tmp/foob	2014-03-17 23:27:04.226278155 -0700
@@ -36,20 +36,20 @@
 	 #################################################################
 	 #################################################################
 	 ################################################
-	 3.4 MiB/s
+	 3.3 MiB/s
 done
-Bytes transferred = 4507776 (44c880 hex)
+Bytes transferred = 4507464 (44c748 hex)
 Tegra114 (Dalmore) # tftpboot 0x82000000 tegra114-dalmore.dtb
 Using asx0 device
 TFTP from server 192.168.100.1; our IP address is 192.168.100.100
 Filename 'tegra114-dalmore.dtb'.
 Load address: 0x82000000
 Loading: *###
-	 3.2 MiB/s
+	 2.3 MiB/s
 done
 Bytes transferred = 34059 (850b hex)
 Tegra114 (Dalmore) # bootz 0x81000000 - 0x82000000
-Kernel image @ 0x81000000 [ 0x000000 - 0x44c880 ]
+Kernel image @ 0x81000000 [ 0x000000 - 0x44c748 ]
 ## Flattened Device Tree blob at 82000000
    Booting using the fdt blob at 0x82000000
    Loading Device Tree to 8fff4000, end 8ffff50a ... OK
@@ -57,7 +57,7 @@
 Starting kernel ...
 
 Booting Linux on physical CPU 0x0
-Linux version 3.14.0-rc6-50714-gfa389e2 (pwalmsley@kaivo) (gcc version 4.7.3 20130328 (prerelease) (crosstool-NG linaro-1.13.1-4.7-2013.04-20130415 - Linaro GCC 2013.04) ) #1 SMP Sun Mar 9 21:33:22 PDT 2014
+Linux version 3.14.0-rc7-50878-gdcb99fd (pwalmsley@tamien) (gcc version 4.7.3 20130328 (prerelease) (crosstool-NG linaro-1.13.1-4.7-2013.04-20130415 - Linaro GCC 2013.04) ) #1 SMP Mon Mar 17 23:18:37 PDT 2014
 CPU: ARMv7 Processor [412fc0f2] revision 2 (ARMv7), cr=10c5387d
 CPU: PIPT / VIPT nonaliasing data cache, PIPT instruction cache
 Machine model: NVIDIA Tegra114 Dalmore evaluation board
@@ -65,7 +65,7 @@
 cma: CMA: reserved 16 MiB at ae800000
 Memory policy: Data cache writealloc
 On node 0 totalpages: 524032
-free_area_init_node: node 0, pgdat c0934fc0, node_mem_map ed7f1000
+free_area_init_node: node 0, pgdat c0936f40, node_mem_map ed7f1000
   DMA zone: 1520 pages used for memmap
   DMA zone: 0 pages reserved
   DMA zone: 194560 pages, LIFO batch:31
@@ -80,7 +80,7 @@
 PID hash table entries: 4096 (order: 2, 16384 bytes)
 Dentry cache hash table entries: 131072 (order: 7, 524288 bytes)
 Inode-cache hash table entries: 65536 (order: 6, 262144 bytes)
-Memory: 2052572K/2096128K available (5843K kernel code, 706K rwdata, 2340K rodata, 512K init, 284K bss, 43556K reserved, 1317888K highmem)
+Memory: 2052564K/2096128K available (5843K kernel code, 706K rwdata, 2340K rodata, 512K init, 284K bss, 43564K reserved, 1317888K highmem)
 Virtual kernel memory layout:
     vector  : 0xffff0000 - 0xffff1000   (   4 kB)
     fixmap  : 0xfff00000 - 0xfffe0000   ( 896 kB)
@@ -88,10 +88,10 @@
     lowmem  : 0xc0000000 - 0xef800000   ( 760 MB)
     pkmap   : 0xbfe00000 - 0xc0000000   (   2 MB)
     modules : 0xbf000000 - 0xbfe00000   (  14 MB)
-      .text : 0xc0008000 - 0xc0805fe8   (8184 kB)
-      .init : 0xc0806000 - 0xc0886000   ( 512 kB)
-      .data : 0xc0886000 - 0xc0936b40   ( 707 kB)
-       .bss : 0xc0936b48 - 0xc097dc40   ( 285 kB)
+      .text : 0xc0008000 - 0xc0806020   (8185 kB)
+      .init : 0xc0807000 - 0xc0887000   ( 512 kB)
+      .data : 0xc0888000 - 0xc0938ac0   ( 707 kB)
+       .bss : 0xc0938ac8 - 0xc097fbc0   ( 285 kB)
 SLUB: HWalign=64, Order=0-3, MinObjects=0, CPUs=4, Nodes=1
 Hierarchical RCU implementation.
 NR_IRQS:16 nr_irqs:16 16
@@ -109,7 +109,7 @@
 /cpus/cpu@2 missing clock-frequency property
 /cpus/cpu@3 missing clock-frequency property
 CPU0: thread -1, cpu 0, socket 0, mpidr 80000000
-Setting up static identity map for 0x80585d78 - 0x80585e10
+Setting up static identity map for 0x80585b10 - 0x80585ba8
 unable to find compatible sirf rstc node in dtb
 CPU1: Booted secondary processor
 CPU1: thread -1, cpu 1, socket 0, mpidr 80000001
@@ -272,7 +272,6 @@
 usbcore: registered new interface driver asix
 usbcore: registered new interface driver ax88179_178a
 usbcore: registered new interface driver cdc_ether
-usbcore: registered new interface driver r815x
 usbcore: registered new interface driver smsc75xx
 usbcore: registered new interface driver smsc95xx
 usbcore: registered new interface driver net1080
@@ -349,7 +348,7 @@
 hub 1-0:1.0: USB hub found
 hub 1-0:1.0: 1 port detected
 input: gpio-keys.3 as /devices/soc0/gpio-keys.3/input/input1
-palmas-rtc rtc.8: setting system clock to 2000-01-23 19:45:26 UTC (948656726)
+palmas-rtc rtc.8: setting system clock to 2000-01-31 21:30:16 UTC (949354216)
 spear_cpufreq: Invalid cpufreq_tbl
 ALSA device list:
   #0: NVIDIA Tegra Dalmore
@@ -358,7 +357,7 @@
 EXT4-fs (mmcblk0p1): mounted filesystem with ordered data mode. Opts: (null)
 VFS: Mounted root (ext3 filesystem) on device 179:1.
 devtmpfs: mounted
-Freeing unused kernel memory: 512K (c0806000 - c0886000)
+Freeing unused kernel memory: 512K (c0807000 - c0887000)
 bash: cannot set terminal process group (-1): Inappropriate ioctl for device
 bash: no job control in this shell
 usb 1-1: new high-speed USB device number 2 using tegra-ehci
Diff for ./tegra114-dalmore-a04/tegra114-dalmore/tegra_defconfig_log.txt
--- /tmp/fooa	2014-03-17 23:27:04.262278184 -0700
+++ /tmp/foob	2014-03-17 23:27:04.266278187 -0700
@@ -36,20 +36,20 @@
 	 #################################################################
 	 #################################################################
 	 #############################
-	 3.5 MiB/s
+	 3.1 MiB/s
 done
-Bytes transferred = 4240280 (40b398 hex)
+Bytes transferred = 4239784 (40b1a8 hex)
 Tegra114 (Dalmore) # tftpboot 0x82000000 tegra114-dalmore.dtb
 Using asx0 device
 TFTP from server 192.168.100.1; our IP address is 192.168.100.100
 Filename 'tegra114-dalmore.dtb'.
 Load address: 0x82000000
 Loading: *###
-	 3 MiB/s
+	 3.2 MiB/s
 done
 Bytes transferred = 34059 (850b hex)
 Tegra114 (Dalmore) # bootz 0x81000000 - 0x82000000
-Kernel image @ 0x81000000 [ 0x000000 - 0x40b398 ]
+Kernel image @ 0x81000000 [ 0x000000 - 0x40b1a8 ]
 ## Flattened Device Tree blob at 82000000
    Booting using the fdt blob at 0x82000000
    Loading Device Tree to 8fff4000, end 8ffff50a ... OK
@@ -60,7 +60,7 @@
 Booting Linux on physical CPU 0x0
 Initializing cgroup subsys cpu
 Initializing cgroup subsys cpuacct
-Linux version 3.14.0-rc6-50714-gfa389e2 (pwalmsley@tamien) (gcc version 4.7.3 20130328 (prerelease) (crosstool-NG linaro-1.13.1-4.7-2013.04-20130415 - Linaro GCC 2013.04) ) #1 SMP PREEMPT Sun Mar 9 21:34:37 PDT 2014
+Linux version 3.14.0-rc7-50878-gdcb99fd (pwalmsley@tamien) (gcc version 4.7.3 20130328 (prerelease) (crosstool-NG linaro-1.13.1-4.7-2013.04-20130415 - Linaro GCC 2013.04) ) #1 SMP PREEMPT Mon Mar 17 23:15:26 PDT 2014
 CPU: ARMv7 Processor [412fc0f2] revision 2 (ARMv7), cr=10c5387d
 CPU: PIPT / VIPT nonaliasing data cache, PIPT instruction cache
 Machine model: NVIDIA Tegra114 Dalmore evaluation board
@@ -68,7 +68,7 @@
 cma: CMA: reserved 16 MiB at ae800000
 Memory policy: Data cache writealloc
 On node 0 totalpages: 524032
-free_area_init_node: node 0, pgdat c081e1c0, node_mem_map ed7f0000
+free_area_init_node: node 0, pgdat c081e140, node_mem_map ed7f0000
   Normal zone: 1520 pages used for memmap
   Normal zone: 0 pages reserved
   Normal zone: 194560 pages, LIFO batch:31
@@ -91,10 +91,10 @@
     lowmem  : 0xc0000000 - 0xef800000   ( 760 MB)
     pkmap   : 0xbfe00000 - 0xc0000000   (   2 MB)
     modules : 0xbf000000 - 0xbfe00000   (  14 MB)
-      .text : 0xc0008000 - 0xc078f360   (7709 kB)
+      .text : 0xc0008000 - 0xc078f398   (7709 kB)
       .init : 0xc0790000 - 0xc07ce3c0   ( 249 kB)
-      .data : 0xc07d0000 - 0xc081f920   ( 319 kB)
-       .bss : 0xc081f92c - 0xc0874cd8   ( 341 kB)
+      .data : 0xc07d0000 - 0xc081f8a0   ( 319 kB)
+       .bss : 0xc081f8ac - 0xc0874c58   ( 341 kB)
 Preemptible hierarchical RCU implementation.
 NR_IRQS:16 nr_irqs:16 16
 sched_clock: 32 bits at 1000kHz, resolution 1000ns, wraps every 2147483648000ns
@@ -113,7 +113,7 @@
 /cpus/cpu@2 missing clock-frequency property
 /cpus/cpu@3 missing clock-frequency property
 CPU0: thread -1, cpu 0, socket 0, mpidr 80000000
-Setting up static identity map for 0x80576d20 - 0x80576db8
+Setting up static identity map for 0x80576b08 - 0x80576ba0
 CPU1: Booted secondary processor
 CPU1: thread -1, cpu 1, socket 0, mpidr 80000001
 CPU2: Booted secondary processor
@@ -267,7 +267,6 @@
 usbcore: registered new interface driver asix
 usbcore: registered new interface driver ax88179_178a
 usbcore: registered new interface driver cdc_ether
-usbcore: registered new interface driver r815x
 usbcore: registered new interface driver smsc75xx
 usbcore: registered new interface driver smsc95xx
 usbcore: registered new interface driver net1080
@@ -351,7 +350,7 @@
 hub 1-0:1.0: USB hub found
 hub 1-0:1.0: 1 port detected
 input: gpio-keys.3 as /devices/soc0/gpio-keys.3/input/input1
-palmas-rtc rtc.8: setting system clock to 2000-01-23 19:46:24 UTC (948656784)
+palmas-rtc rtc.8: setting system clock to 2000-01-31 21:27:54 UTC (949354074)
 ALSA device list:
   #0: NVIDIA Tegra Dalmore
 kjournald starting.  Commit interval 5 seconds
@@ -363,4 +362,4 @@
 Freeing unused kernel memory: 248K (c0790000 - c07ce000)
 bash: cannot set terminal process group (-1): Inappropriate ioctl for device
 bash: no job control in this shell
-root@(none):/# [    2.799581] usb 1-1: new high-speed USB device number 2 using tegra-ehci
+root@(none):/# [    2.789563] usb 1-1: new high-speed USB device number 2 using tegra-ehci
Diff for ./tegra30-beaver/tegra30-beaver/multi_v7_defconfig_log.txt
--- /tmp/fooa	2014-03-17 23:27:04.294278207 -0700
+++ /tmp/foob	2014-03-17 23:27:04.294278207 -0700
@@ -36,20 +36,20 @@
 	 #################################################################
 	 #################################################################
 	 ################################################
-	 3.3 MiB/s
+	 3 MiB/s
 done
-Bytes transferred = 4507776 (44c880 hex)
+Bytes transferred = 4507464 (44c748 hex)
 Tegra30 (Beaver) # tftpboot 0x82000000 tegra30-beaver.dtb
 Using asx0 device
 TFTP from server 192.168.100.1; our IP address is 192.168.100.101
 Filename 'tegra30-beaver.dtb'.
 Load address: 0x82000000
 Loading: *##
-	 3.2 MiB/s
+	 2.8 MiB/s
 done
 Bytes transferred = 23852 (5d2c hex)
 Tegra30 (Beaver) # bootz 0x81000000 - 0x82000000
-Kernel image @ 0x81000000 [ 0x000000 - 0x44c880 ]
+Kernel image @ 0x81000000 [ 0x000000 - 0x44c748 ]
 ## Flattened Device Tree blob at 82000000
    Booting using the fdt blob at 0x82000000
    Loading Device Tree to 8fff7000, end 8ffffd2b ... OK
@@ -57,7 +57,7 @@
 Starting kernel ...
 
 Booting Linux on physical CPU 0x0
-Linux version 3.14.0-rc6-50714-gfa389e2 (pwalmsley@kaivo) (gcc version 4.7.3 20130328 (prerelease) (crosstool-NG linaro-1.13.1-4.7-2013.04-20130415 - Linaro GCC 2013.04) ) #1 SMP Sun Mar 9 21:33:22 PDT 2014
+Linux version 3.14.0-rc7-50878-gdcb99fd (pwalmsley@tamien) (gcc version 4.7.3 20130328 (prerelease) (crosstool-NG linaro-1.13.1-4.7-2013.04-20130415 - Linaro GCC 2013.04) ) #1 SMP Mon Mar 17 23:18:37 PDT 2014
 CPU: ARMv7 Processor [412fc099] revision 9 (ARMv7), cr=10c5387d
 CPU: PIPT / VIPT nonaliasing data cache, VIPT aliasing instruction cache
 Machine model: NVIDIA Tegra30 Beaver evaluation board
@@ -65,7 +65,7 @@
 cma: CMA: reserved 16 MiB at ae800000
 Memory policy: Data cache writealloc
 On node 0 totalpages: 524032
-free_area_init_node: node 0, pgdat c0934fc0, node_mem_map ed7f1000
+free_area_init_node: node 0, pgdat c0936f40, node_mem_map ed7f1000
   DMA zone: 1520 pages used for memmap
   DMA zone: 0 pages reserved
   DMA zone: 194560 pages, LIFO batch:31
@@ -84,7 +84,7 @@
 PID hash table entries: 4096 (order: 2, 16384 bytes)
 Dentry cache hash table entries: 131072 (order: 7, 524288 bytes)
 Inode-cache hash table entries: 65536 (order: 6, 262144 bytes)
-Memory: 2052604K/2096128K available (5843K kernel code, 706K rwdata, 2340K rodata, 512K init, 284K bss, 43524K reserved, 1317888K highmem)
+Memory: 2052596K/2096128K available (5843K kernel code, 706K rwdata, 2340K rodata, 512K init, 284K bss, 43532K reserved, 1317888K highmem)
 Virtual kernel memory layout:
     vector  : 0xffff0000 - 0xffff1000   (   4 kB)
     fixmap  : 0xfff00000 - 0xfffe0000   ( 896 kB)
@@ -92,10 +92,10 @@
     lowmem  : 0xc0000000 - 0xef800000   ( 760 MB)
     pkmap   : 0xbfe00000 - 0xc0000000   (   2 MB)
     modules : 0xbf000000 - 0xbfe00000   (  14 MB)
-      .text : 0xc0008000 - 0xc0805fe8   (8184 kB)
-      .init : 0xc0806000 - 0xc0886000   ( 512 kB)
-      .data : 0xc0886000 - 0xc0936b40   ( 707 kB)
-       .bss : 0xc0936b48 - 0xc097dc40   ( 285 kB)
+      .text : 0xc0008000 - 0xc0806020   (8185 kB)
+      .init : 0xc0807000 - 0xc0887000   ( 512 kB)
+      .data : 0xc0888000 - 0xc0938ac0   ( 707 kB)
+       .bss : 0xc0938ac8 - 0xc097fbc0   ( 285 kB)
 SLUB: HWalign=64, Order=0-3, MinObjects=0, CPUs=4, Nodes=1
 Hierarchical RCU implementation.
 NR_IRQS:16 nr_irqs:16 16
@@ -106,7 +106,7 @@
 Mount-cache hash table entries: 512
 CPU: Testing write buffer coherency: ok
 CPU0: thread -1, cpu 0, socket 0, mpidr 80000000
-Setting up static identity map for 0x80585d78 - 0x80585e10
+Setting up static identity map for 0x80585b10 - 0x80585ba8
 unable to find compatible sirf rstc node in dtb
 CPU1: Booted secondary processor
 CPU1: thread -1, cpu 1, socket 0, mpidr 80000001
@@ -222,7 +222,6 @@
 usbcore: registered new interface driver asix
 usbcore: registered new interface driver ax88179_178a
 usbcore: registered new interface driver cdc_ether
-usbcore: registered new interface driver r815x
 usbcore: registered new interface driver smsc75xx
 usbcore: registered new interface driver smsc95xx
 usbcore: registered new interface driver net1080
@@ -354,8 +353,8 @@
 EXT4-fs (mmcblk0p1): mounted filesystem with ordered data mode. Opts: (null)
 VFS: Mounted root (ext3 filesystem) on device 179:1.
 devtmpfs: mounted
-Freeing unused kernel memory: 512K (c0806000 - c0886000)
+Freeing unused kernel memory: 512K (c0807000 - c0887000)
 usb 1-1: new high-speed USB device number 2 using tegra-ehci
 bash: cannot set terminal process group (-1): Inappropriate ioctl for device
 bash: no job control in this shell
-root@(none):/# [    4.574431] asix 1-1:1.0 eth1: register 'asix' at usb-7d008000.usb-1, ASIX AX88772 USB 2.0 Ethernet, 00:50:b6:0f:68:6d
+root@(none):/# [    4.584366] asix 1-1:1.0 eth1: register 'asix' at usb-7d008000.usb-1, ASIX AX88772 USB 2.0 Ethernet, 00:50:b6:0f:68:6d
Diff for ./tegra30-beaver/tegra30-beaver/tegra_defconfig_log.txt
--- /tmp/fooa	2014-03-17 23:27:04.302278215 -0700
+++ /tmp/foob	2014-03-17 23:27:04.306278219 -0700
@@ -38,18 +38,18 @@
 	 #############################
 	 3.5 MiB/s
 done
-Bytes transferred = 4240280 (40b398 hex)
+Bytes transferred = 4239784 (40b1a8 hex)
 Tegra30 (Beaver) # tftpboot 0x82000000 tegra30-beaver.dtb
 Using asx0 device
 TFTP from server 192.168.100.1; our IP address is 192.168.100.101
 Filename 'tegra30-beaver.dtb'.
 Load address: 0x82000000
 Loading: *##
-	 3.2 MiB/s
+	 2.8 MiB/s
 done
 Bytes transferred = 23852 (5d2c hex)
 Tegra30 (Beaver) # bootz 0x81000000 - 0x82000000
-Kernel image @ 0x81000000 [ 0x000000 - 0x40b398 ]
+Kernel image @ 0x81000000 [ 0x000000 - 0x40b1a8 ]
 ## Flattened Device Tree blob at 82000000
    Booting using the fdt blob at 0x82000000
    Loading Device Tree to 8fff7000, end 8ffffd2b ... OK
@@ -60,7 +60,7 @@
 Booting Linux on physical CPU 0x0
 Initializing cgroup subsys cpu
 Initializing cgroup subsys cpuacct
-Linux version 3.14.0-rc6-50714-gfa389e2 (pwalmsley@tamien) (gcc version 4.7.3 20130328 (prerelease) (crosstool-NG linaro-1.13.1-4.7-2013.04-20130415 - Linaro GCC 2013.04) ) #1 SMP PREEMPT Sun Mar 9 21:34:37 PDT 2014
+Linux version 3.14.0-rc7-50878-gdcb99fd (pwalmsley@tamien) (gcc version 4.7.3 20130328 (prerelease) (crosstool-NG linaro-1.13.1-4.7-2013.04-20130415 - Linaro GCC 2013.04) ) #1 SMP PREEMPT Mon Mar 17 23:15:26 PDT 2014
 CPU: ARMv7 Processor [412fc099] revision 9 (ARMv7), cr=10c5387d
 CPU: PIPT / VIPT nonaliasing data cache, VIPT aliasing instruction cache
 Machine model: NVIDIA Tegra30 Beaver evaluation board
@@ -68,7 +68,7 @@
 cma: CMA: reserved 16 MiB at ae800000
 Memory policy: Data cache writealloc
 On node 0 totalpages: 524032
-free_area_init_node: node 0, pgdat c081e1c0, node_mem_map ed7f0000
+free_area_init_node: node 0, pgdat c081e140, node_mem_map ed7f0000
   Normal zone: 1520 pages used for memmap
   Normal zone: 0 pages reserved
   Normal zone: 194560 pages, LIFO batch:31
@@ -95,10 +95,10 @@
     lowmem  : 0xc0000000 - 0xef800000   ( 760 MB)
     pkmap   : 0xbfe00000 - 0xc0000000   (   2 MB)
     modules : 0xbf000000 - 0xbfe00000   (  14 MB)
-      .text : 0xc0008000 - 0xc078f360   (7709 kB)
+      .text : 0xc0008000 - 0xc078f398   (7709 kB)
       .init : 0xc0790000 - 0xc07ce3c0   ( 249 kB)
-      .data : 0xc07d0000 - 0xc081f920   ( 319 kB)
-       .bss : 0xc081f92c - 0xc0874cd8   ( 341 kB)
+      .data : 0xc07d0000 - 0xc081f8a0   ( 319 kB)
+       .bss : 0xc081f8ac - 0xc0874c58   ( 341 kB)
 Preemptible hierarchical RCU implementation.
 NR_IRQS:16 nr_irqs:16 16
 sched_clock: 32 bits at 1000kHz, resolution 1000ns, wraps every 2147483648000ns
@@ -110,7 +110,7 @@
 Initializing cgroup subsys freezer
 CPU: Testing write buffer coherency: ok
 CPU0: thread -1, cpu 0, socket 0, mpidr 80000000
-Setting up static identity map for 0x80576d20 - 0x80576db8
+Setting up static identity map for 0x80576b08 - 0x80576ba0
 CPU1: Booted secondary processor
 CPU1: thread -1, cpu 1, socket 0, mpidr 80000001
 CPU2: Booted secondary processor
@@ -218,7 +218,6 @@
 usbcore: registered new interface driver asix
 usbcore: registered new interface driver ax88179_178a
 usbcore: registered new interface driver cdc_ether
-usbcore: registered new interface driver r815x
 usbcore: registered new interface driver smsc75xx
 usbcore: registered new interface driver smsc95xx
 usbcore: registered new interface driver net1080
@@ -364,4 +363,4 @@
 usb 1-1: new high-speed USB device number 2 using tegra-ehci
 bash: cannot set terminal process group (-1): Inappropriate ioctl for device
 bash: no job control in this shell
-root@(none):/# [    4.828822] asix 1-1:1.0 eth1: register 'asix' at usb-7d008000.usb-1, ASIX AX88772 USB 2.0 Ethernet, 00:50:b6:0f:68:6d
+root@(none):/# [    4.808493] asix 1-1:1.0 eth1: register 'asix' at usb-7d008000.usb-1, ASIX AX88772 USB 2.0 Ethernet, 00:50:b6:0f:68:6d
