
U-Boot SPL 2016.05-rc2 (Apr 21 2016 - 16:23:00)
Trying to boot from RAM


U-Boot 2016.05-rc2 (Apr 21 2016 - 16:23:00 -0700)

TEGRA124
Model: NVIDIA Jetson TK1
Board: NVIDIA Jetson TK1
DRAM:  2 GiB
MC:   Tegra SD/MMC: 0, Tegra SD/MMC: 1
In:    serial
Out:   serial
Err:   serial
Net:   No ethernet found.
Hit any key to stop autoboot:  2  0 
Tegra124 (Jetson TK1) # 
Tegra124 (Jetson TK1) # pci enum
Tegra124 (Jetson TK1) # setenv bootargs 'ignore_loglevel console=ttyS0,115200n8 rw root=PARTUUID=b1791faa-84e8-4e27-83a1-9fb0a77e8803 rootwait gpt debug noinitrd earlyprintk init=/bin/bash'
Tegra124 (Jetson TK1) # setenv ipaddr 192.168.100.102; setenv serverip 192.168.100.1; setenv tftpserverip 192.168.100.1
Tegra124 (Jetson TK1) # tftpboot 0x82000000 zImage.multi_v7_defconfig

Warning: eth_rtl8169 using MAC address from ROM
Using eth_rtl8169 device
TFTP from server 192.168.100.1; our IP address is 192.168.100.102
Filename 'zImage.multi_v7_defconfig'.
Load address: 0x82000000
Loading: *#################################################################
	 #################################################################
	 #################################################################
	 #################################################################
	 #################################################################
	 #################################################################
	 #################################################################
	 #####################################
	 3.9 MiB/s
done
Bytes transferred = 7215208 (6e1868 hex)
Tegra124 (Jetson TK1) # tftpboot 0x83000000 tegra124-jetson-tk1.dtb
Using eth_rtl8169 device
TFTP from server 192.168.100.1; our IP address is 192.168.100.102
Filename 'tegra124-jetson-tk1.dtb'.
Load address: 0x83000000
Loading: *#####
	 3.8 MiB/s
done
Bytes transferred = 67133 (1063d hex)
Tegra124 (Jetson TK1) # bootz 0x82000000 - 0x83000000
Kernel image @ 0x82000000 [ 0x000000 - 0x6e1868 ]
## Flattened Device Tree blob at 83000000
   Booting using the fdt blob at 0x83000000
   Using Device Tree in place at 83000000, end 8301363c

Starting kernel ...

[    0.000000] Booting Linux on physical CPU 0x0
[    0.000000] Linux version 4.9.0-rc2-127009-g07d9a38 (pwalmsley@sellafield) (gcc version 4.7.3 20130328 (prerelease) (crosstool-NG linaro-1.13.1-4.7-2013.04-20130415 - Linaro GCC 2013.04) ) #1 SMP Wed Nov 2 05:16:21 PDT 2016
[    0.000000] CPU: ARMv7 Processor [413fc0f3] revision 3 (ARMv7), cr=10c5387d
[    0.000000] CPU: div instructions available: patching division code
[    0.000000] CPU: PIPT / VIPT nonaliasing data cache, PIPT instruction cache
[    0.000000] OF: fdt:Machine model: NVIDIA Tegra124 Jetson TK1
[    0.000000] debug: ignoring loglevel setting.
[    0.000000] efi: Getting EFI parameters from FDT:
[    0.000000] efi: UEFI not found.
[    0.000000] cma: Reserved 64 MiB at 0xfb800000
[    0.000000] Memory policy: Data cache writealloc
[    0.000000] On node 0 totalpages: 524032
[    0.000000] free_area_init_node: node 0, pgdat c1426d40, node_mem_map eeff8000
[    0.000000]   DMA zone: 1536 pages used for memmap
[    0.000000]   DMA zone: 0 pages reserved
[    0.000000]   DMA zone: 196608 pages, LIFO batch:31
[    0.000000]   HighMem zone: 327424 pages, LIFO batch:31
[    0.000000] percpu: Embedded 14 pages/cpu @eef85000 s26624 r8192 d22528 u57344
[    0.000000] pcpu-alloc: s26624 r8192 d22528 u57344 alloc=14*4096
[    0.000000] pcpu-alloc: [0] 0 [0] 1 [0] 2 [0] 3 
[    0.000000] Built 1 zonelists in Zone order, mobility grouping on.  Total pages: 522496
[    0.000000] Kernel command line: ignore_loglevel console=ttyS0,115200n8 rw root=PARTUUID=b1791faa-84e8-4e27-83a1-9fb0a77e8803 rootwait gpt debug noinitrd earlyprintk init=/bin/bash
[    0.000000] PID hash table entries: 4096 (order: 2, 16384 bytes)
[    0.000000] Dentry cache hash table entries: 131072 (order: 7, 524288 bytes)
[    0.000000] Inode-cache hash table entries: 65536 (order: 6, 262144 bytes)
[    0.000000] Memory: 1994936K/2096128K available (9216K kernel code, 1186K rwdata, 4048K rodata, 2048K init, 343K bss, 35656K reserved, 65536K cma-reserved, 1244160K highmem)
[    0.000000] Virtual kernel memory layout:
[    0.000000]     vector  : 0xffff0000 - 0xffff1000   (   4 kB)
[    0.000000]     fixmap  : 0xffc00000 - 0xfff00000   (3072 kB)
[    0.000000]     vmalloc : 0xf0800000 - 0xff800000   ( 240 MB)
[    0.000000]     lowmem  : 0xc0000000 - 0xf0000000   ( 768 MB)
[    0.000000]     pkmap   : 0xbfe00000 - 0xc0000000   (   2 MB)
[    0.000000]     modules : 0xbf000000 - 0xbfe00000   (  14 MB)
[    0.000000]       .text : 0xc0208000 - 0xc0c00000   (10208 kB)
[    0.000000]       .init : 0xc1100000 - 0xc1300000   (2048 kB)
[    0.000000]       .data : 0xc1300000 - 0xc1428820   (1187 kB)
[    0.000000]        .bss : 0xc142a000 - 0xc147ff88   ( 344 kB)
[    0.000000] SLUB: HWalign=64, Order=0-3, MinObjects=0, CPUs=4, Nodes=1
[    0.000000] Hierarchical RCU implementation.
[    0.000000] 	Build-time adjustment of leaf fanout to 32.
[    0.000000] 	RCU restricting CPUs from NR_CPUS=16 to nr_cpu_ids=4.
[    0.000000] RCU: Adjusting geometry for rcu_fanout_leaf=32, nr_cpu_ids=4
[    0.000000] NR_IRQS:16 nr_irqs:16 16
[    0.000000] /interrupt-controller@60004000: 160 interrupts forwarded to /interrupt-controller@50041000
[    0.000000] Tegra clk 127: register failed with -17
[    0.000008] sched_clock: 32 bits at 1000kHz, resolution 1000ns, wraps every 2147483647500ns
[    0.000029] clocksource: timer_us: mask: 0xffffffff max_cycles: 0xffffffff, max_idle_ns: 1911260446275 ns
[    0.000043] Switching to timer-based delay loop, resolution 1000ns
[    0.005524] arm_arch_timer: Architected cp15 timer(s) running at 12.00MHz (virt).
[    0.005542] clocksource: arch_sys_counter: mask: 0xffffffffffffff max_cycles: 0x2c47f4ee7, max_idle_ns: 440795202497 ns
[    0.005559] sched_clock: 56 bits at 12MHz, resolution 83ns, wraps every 4398046511096ns
[    0.005571] Switching to timer-based delay loop, resolution 83ns
[    0.006028] Console: colour dummy device 80x30
[    0.006055] Calibrating delay loop (skipped), value calculated using timer frequency.. 24.00 BogoMIPS (lpj=60000)
[    0.006070] pid_max: default: 32768 minimum: 301
[    0.006166] Mount-cache hash table entries: 2048 (order: 1, 8192 bytes)
[    0.006177] Mountpoint-cache hash table entries: 2048 (order: 1, 8192 bytes)
[    0.006780] CPU: Testing write buffer coherency: ok
[    0.006996] /cpus/cpu@0 missing clock-frequency property
[    0.007038] /cpus/cpu@1 missing clock-frequency property
[    0.007080] /cpus/cpu@2 missing clock-frequency property
[    0.007122] /cpus/cpu@3 missing clock-frequency property
[    0.007134] CPU0: thread -1, cpu 0, socket 0, mpidr 80000000
[    0.007155] Setting up static identity map for 0x80300000 - 0x80300098
[    0.010911] Tegra Revision: A01 SKU: 129 CPU Process: 1 SoC Process: 1
[    0.011585] EFI services will not be available.
[    0.012337] CPU1: thread -1, cpu 1, socket 0, mpidr 80000001
[    0.015995] CPU2: thread -1, cpu 2, socket 0, mpidr 80000002
[    0.020991] CPU3: thread -1, cpu 3, socket 0, mpidr 80000003
[    0.025502] Brought up 4 CPUs
[    0.025523] SMP: Total of 4 processors activated (96.00 BogoMIPS).
[    0.025531] CPU: All CPU(s) started in SVC mode.
[    0.026997] devtmpfs: initialized
[    0.047658] VFP support v0.3: implementor 41 architecture 4 part 30 variant f rev 0
[    0.048099] clocksource: jiffies: mask: 0xffffffff max_cycles: 0xffffffff, max_idle_ns: 9556302231375000 ns
[    0.049440] pinctrl core: initialized pinctrl subsystem
[    0.051223] NET: Registered protocol family 16
[    0.053156] DMA: preallocated 256 KiB pool for atomic coherent allocations
[    0.070635] cpuidle: using governor menu
[    0.101036] No ATAGs?
[    0.101064] hw-breakpoint: found 5 (+1 reserved) breakpoint and 4 watchpoint registers.
[    0.101074] hw-breakpoint: maximum watchpoint size is 8 bytes.
[    0.108026] Serial: AMBA PL011 UART driver
[    0.145961] +5V_SYS: supplied by +VDD_MUX
[    0.146267] +3.3V_SYS: supplied by +VDD_MUX
[    0.146912] +USB0_VBUS_SW: Failed to request enable GPIO108: -517
[    0.146928] reg-fixed-voltage regulators:regulator@7: Failed to register regulator: -517
[    0.147015] +5V_USB_HS: Failed to request enable GPIO109: -517
[    0.147029] reg-fixed-voltage regulators:regulator@8: Failed to register regulator: -517
[    0.147190] +1.05V_RUN_AVDD_HDMI_PLL: Failed to request enable GPIO63: -517
[    0.147203] reg-fixed-voltage regulators:regulator@11: Failed to register regulator: -517
[    0.147287] +5V_HDMI_CON: Failed to request enable GPIO86: -517
[    0.147298] reg-fixed-voltage regulators:regulator@12: Failed to register regulator: -517
[    0.147383] +5V_SATA: Failed to request enable GPIO242: -517
[    0.147395] reg-fixed-voltage regulators:regulator@13: Failed to register regulator: -517
[    0.147480] +12V_SATA: Failed to request enable GPIO242: -517
[    0.147491] reg-fixed-voltage regulators:regulator@14: Failed to register regulator: -517
[    0.150753] vgaarb: loaded
[    0.151637] SCSI subsystem initialized
[    0.151804] libata version 3.00 loaded.
[    0.152083] usbcore: registered new interface driver usbfs
[    0.152147] usbcore: registered new interface driver hub
[    0.152207] usbcore: registered new device driver usb
[    0.155782] pps_core: LinuxPPS API ver. 1 registered
[    0.155792] pps_core: Software ver. 5.3.6 - Copyright 2005-2007 Rodolfo Giometti <giometti@linux.it>
[    0.155814] PTP clock support registered
[    0.156036] EDAC MC: Ver: 3.0.0
[    0.159218] clocksource: Switched to clocksource arch_sys_counter
[    0.170510] NET: Registered protocol family 2
[    0.171028] TCP established hash table entries: 8192 (order: 3, 32768 bytes)
[    0.171127] TCP bind hash table entries: 8192 (order: 4, 65536 bytes)
[    0.171314] TCP: Hash tables configured (established 8192 bind 8192)
[    0.171364] UDP hash table entries: 512 (order: 2, 16384 bytes)
[    0.171405] UDP-Lite hash table entries: 512 (order: 2, 16384 bytes)
[    0.171561] NET: Registered protocol family 1
[    0.171874] RPC: Registered named UNIX socket transport module.
[    0.171883] RPC: Registered udp transport module.
[    0.171891] RPC: Registered tcp transport module.
[    0.171898] RPC: Registered tcp NFSv4.1 backchannel transport module.
[    0.171908] PCI: CLS 0 bytes, default 64
[    0.173115] hw perfevents: enabled with armv7_cortex_a15 PMU driver, 7 counters available
[    0.174612] futex hash table entries: 1024 (order: 4, 65536 bytes)
[    0.175357] workingset: timestamp_bits=30 max_order=19 bucket_order=0
[    0.186468] squashfs: version 4.0 (2009/01/31) Phillip Lougher
[    0.187327] NFS: Registering the id_resolver key type
[    0.187349] Key type id_resolver registered
[    0.187357] Key type id_legacy registered
[    0.187402] ntfs: driver 2.1.32 [Flags: R/O].
[    0.188642] bounce: pool size: 64 pages
[    0.188832] Block layer SCSI generic (bsg) driver version 0.4 loaded (major 248)
[    0.188842] io scheduler noop registered
[    0.188850] io scheduler deadline registered
[    0.189035] io scheduler cfq registered (default)
[    0.194639] usb2-0 supply vbus not found, using dummy regulator
[    0.194763] usb2-1 supply vbus not found, using dummy regulator
[    0.195147] tegra-xusb-padctl 7009f000.padctl: failed to setup XUSB ports: -517
[    0.195844] libphy: mdio_driver_register: phy-bcm-ns2-pci
[    0.211881] tegra-pcie 1003000.pcie-controller: 2x1, 1x1 configuration
[    0.211935] tegra-pcie 1003000.pcie-controller: Failed to get supply 'avddio-pex': -517
[    0.217958] tegra124-dfll 70110000.clock: couldn't get vdd_cpu regulator
[    0.226159] tegra-apbdma 60020000.dma: Tegra20 APB DMA driver register 32 channels
[    0.228104] tegra-pmc 7000e400.pmc: emergency thermal reset enabled
[    0.289015] Serial: 8250/16550 driver, 4 ports, IRQ sharing disabled
[    0.291978] console [ttyS0] disabled
[    0.292013] 70006300.serial: ttyS0 at MMIO 0x70006300 (irq = 335, base_baud = 25500000) is a Tegra
[    1.169339] console [ttyS0] enabled
[    1.173713] SuperH (H)SCI(F) driver initialized
[    1.179330] msm_serial: driver initialized
[    1.183625] STMicroelectronics ASC driver initialized
[    1.189573] 70006000.serial: ttyTHS1 at MMIO 0x70006000 (irq = 333, base_baud = 0) is a TEGRA_UART
[    1.198868] 70006040.serial: ttyTHS2 at MMIO 0x70006040 (irq = 334, base_baud = 0) is a TEGRA_UART
[    1.211240] [drm] Initialized
[    1.217410] tegra-hdmi 54280000.hdmi: failed to get HDMI regulator
[    1.236987] brd: module loaded
[    1.246157] loop: module loaded
[    1.250556] at24 0-0056: 256 byte 24c02 EEPROM, writable, 8 bytes/write
[    1.258964] as3722 4-0040: AS3722 with revision 0x1 found
[    1.271354] as3722-sd2: supplied by +5V_SYS
[    1.276024] as3722-sd3: supplied by +5V_SYS
[    1.280440] +1.35V_LP0(sd3): Bringing 0uV into 1350000-1350000uV
[    1.286577] +1.35V_LP0(sd3): ramp_delay not set
[    1.291361] as3722-sd4: supplied by +5V_SYS
[    1.296014] as3722-sd5: supplied by +5V_SYS
[    1.302092] as3722-ldo0: supplied by +1.35V_LP0(sd2)
[    1.308186] +1.8V_RUN_CAM: Bringing 0uV into 1800000-1800000uV
[    1.314152] +1.8V_RUN_CAM: ramp_delay not set
[    1.318815] as3722-ldo2: supplied by +1.8V_VDDIO
[    1.324758] as3722-ldo3: supplied by +3.3V_SYS
[    1.329254] +1.05V_LP0_VDD_RTC: Bringing 1100000uV into 1000000-1000000uV
[    1.336168] +1.05V_LP0_VDD_RTC: ramp_delay not set
[    1.341871] as3722-ldo4: supplied by +3.3V_SYS
[    1.346544] +2.8V_RUN_CAM: Bringing 0uV into 2800000-2800000uV
[    1.352507] +2.8V_RUN_CAM: ramp_delay not set
[    1.357174] as3722-ldo5: supplied by +1.8V_VDDIO
[    1.362017] +1.2V_RUN_CAM_FRONT: Bringing 0uV into 1200000-1200000uV
[    1.368500] +1.2V_RUN_CAM_FRONT: ramp_delay not set
[    1.373877] +VDDIO_SDMMC3: bypassed regulator has no supply!
[    1.379551] +VDDIO_SDMMC3: failed to get the current voltage(-517)
[    1.385741] as3722-regulator as3722-regulator: regulator 13 register failed -517
[    1.398453] tegra-ahci 70027000.sata: couldn't get PHY in node sata: -517
[    1.418277] random: fast init done
[    1.421874] m25p80 spi32765.0: w25q32dw (4096 Kbytes)
[    1.430047] libphy: Fixed MDIO Bus: probed
[    1.435417] CAN device driver interface
[    1.441523] igb: Intel(R) Gigabit Ethernet Network Driver - version 5.4.0-k
[    1.448490] igb: Copyright (c) 2007-2014 Intel Corporation.
[    1.457790] pegasus: v0.9.3 (2013/04/25), Pegasus/Pegasus II USB Ethernet driver
[    1.465246] usbcore: registered new interface driver pegasus
[    1.470971] usbcore: registered new interface driver asix
[    1.476421] usbcore: registered new interface driver ax88179_178a
[    1.482558] usbcore: registered new interface driver cdc_ether
[    1.488457] usbcore: registered new interface driver smsc75xx
[    1.494277] usbcore: registered new interface driver smsc95xx
[    1.500067] usbcore: registered new interface driver net1080
[    1.505776] usbcore: registered new interface driver cdc_subset
[    1.511743] usbcore: registered new interface driver zaurus
[    1.517387] usbcore: registered new interface driver cdc_ncm
[    1.523270] tegra-phy 7d004000.usb-phy: no vbus regulator
[    1.530790] ehci_hcd: USB 2.0 'Enhanced' Host Controller (EHCI) Driver
[    1.537328] ehci-pci: EHCI PCI platform driver
[    1.541820] ehci-platform: EHCI generic platform driver
[    1.547274] ehci-orion: EHCI orion driver
[    1.551438] SPEAr-ehci: EHCI SPEAr driver
[    1.555611] ehci-st: EHCI STMicroelectronics driver
[    1.560643] ehci-exynos: EHCI EXYNOS driver
[    1.565006] ehci-atmel: EHCI Atmel driver
[    1.569161] tegra-ehci: Tegra EHCI driver
[    1.576019] tegra-ehci 7d004000.usb: EHCI Host Controller
[    1.581446] tegra-ehci 7d004000.usb: new USB bus registered, assigned bus number 1
[    1.589274] tegra-ehci 7d004000.usb: irq 354, io mem 0x7d004000
[    1.609241] tegra-ehci 7d004000.usb: USB 2.0 started, EHCI 1.10
[    1.616018] hub 1-0:1.0: USB hub found
[    1.619818] hub 1-0:1.0: 1 port detected
[    1.624355] ohci_hcd: USB 1.1 'Open' Host Controller (OHCI) Driver
[    1.630568] ohci-pci: OHCI PCI platform driver
[    1.635069] ohci-platform: OHCI generic platform driver
[    1.640481] ohci-omap3: OHCI OMAP3 driver
[    1.644654] SPEAr-ohci: OHCI SPEAr driver
[    1.648810] ohci-st: OHCI STMicroelectronics driver
[    1.653846] ohci-atmel: OHCI Atmel driver
[    1.658686] usbcore: registered new interface driver usb-storage
[    1.666391] mousedev: PS/2 mouse device common for all mice
[    1.675340] as3722-rtc as3722-rtc: rtc core: registered as3722-rtc as rtc0
[    1.682227] as3722-rtc as3722-rtc: RTC interrupt 377
[    1.690633] tegra_rtc 7000e000.rtc: rtc core: registered 7000e000.rtc as rtc1
[    1.697826] tegra_rtc 7000e000.rtc: Tegra internal Real Time Clock
[    1.704610] i2c /dev entries driver
[    1.715274] 0-004c supply vcc not found, using dummy regulator
[    1.731294] sdhci: Secure Digital Host Controller Interface driver
[    1.737490] sdhci: Copyright(c) Pierre Ossman
[    1.743538] Synopsys Designware Multimedia Card Interface Driver
[    1.750782] sdhci-pltfm: SDHCI platform and OF driver helper
[    1.757252] sdhci-tegra 700b0400.sdhci: Got CD GPIO
[    1.762162] sdhci-tegra 700b0400.sdhci: Got WP GPIO
[    1.767295] mmc0: Unknown controller version (3). You may experience problems.
[    1.774623] mmc0: Invalid maximum block size, assuming 512 bytes
[    1.824244] mmc0: SDHCI controller on 700b0600.sdhci [700b0600.sdhci] using ADMA
[    1.833682] ledtrig-cpu: registered to indicate activity on CPUs
[    1.840046] usbcore: registered new interface driver usbhid
[    1.845630] usbhid: USB HID core driver
[    1.853082] NET: Registered protocol family 10
[    1.858482] sit: IPv6, IPv4 and MPLS over IPv4 tunneling driver
[    1.865081] NET: Registered protocol family 17
[    1.869555] can: controller area network core (rev 20120528 abi 9)
[    1.875804] NET: Registered protocol family 29
[    1.880260] can: raw protocol (rev 20120528)
[    1.884541] can: broadcast manager protocol (rev 20160617 t)
[    1.890213] can: netlink gateway (rev 20130117) max_hops=1
[    1.896085] Key type dns_resolver registered
[    1.901011] ThumbEE CPU extension supported.
[    1.905302] Registering SWP/SWPB emulation handler
[    1.926447] +3.3V_RUN: supplied by +3.3V_SYS
[    1.931833] +3.3V_AVDD_HDMI_AP_GATED: supplied by +3.3V_RUN
[    1.937926] +USB0_VBUS_SW: supplied by +5V_SYS
[    1.943051] +5V_USB_HS: supplied by +5V_SYS
[    1.949123] +3.3V_LP0: supplied by +3.3V_SYS
[    1.955209] +5V_HDMI_CON: supplied by +5V_SYS
[    1.960476] +5V_SATA: supplied by +5V_SYS
[    1.965341] +12V_SATA: supplied by +VDD_MUX
[    1.965419] mmc0: new high speed MMC card at address 0001
[    1.970343] mmcblk0: mmc0:0001 SEM16G 14.7 GiB 
[    1.971539] mmcblk0boot0: mmc0:0001 SEM16G partition 1 4.00 MiB
[    1.972792] mmcblk0boot1: mmc0:0001 SEM16G partition 2 4.00 MiB
[    1.973491] mmcblk0rpmb: mmc0:0001 SEM16G partition 3 4.00 MiB
[    1.993549]  mmcblk0: p1
[    2.001691] usb2-0 supply vbus not found, using dummy regulator
[    2.007806] usb2-1 supply vbus not found, using dummy regulator
[    2.014124] usb3-0 supply vbus not found, using dummy regulator
[    2.021353] tegra-pcie 1003000.pcie-controller: 2x1, 1x1 configuration
[    2.027992] tegra-pcie 1003000.pcie-controller: Failed to get supply 'avddio-pex': -517
[    2.038964] tegra124-dfll 70110000.clock: couldn't get vdd_cpu regulator
[    2.049597] tegra-hdmi 54280000.hdmi: failed to get PLL regulator
[    2.060766] as3722-sd2: supplied by +5V_SYS
[    2.065374] as3722-sd3: supplied by +5V_SYS
[    2.069968] as3722-sd4: supplied by +5V_SYS
[    2.074427] +1.05V_RUN_AVDD_HDMI_PLL: supplied by +1.05V_RUN
[    2.080253] as3722-sd5: supplied by +5V_SYS
[    2.086302] as3722-ldo0: supplied by +1.35V_LP0(sd2)
[    2.092345] as3722-ldo1: supplied by +3.3V_RUN
[    2.097187] as3722-ldo2: supplied by +1.8V_VDDIO
[    2.102813] as3722-ldo3: supplied by +3.3V_SYS
[    2.108162] as3722-ldo4: supplied by +3.3V_SYS
[    2.112984] as3722-ldo5: supplied by +1.8V_VDDIO
[    2.117904] as3722-ldo6: supplied by +3.3V_RUN
[    2.122728] as3722-ldo7: supplied by +1.8V_VDDIO
[    2.127652] +1.05V_RUN_CAM_REAR: Bringing 0uV into 1050000-1050000uV
[    2.134438] +1.05V_RUN_CAM_REAR: ramp_delay not set
[    2.139708] as3722-ldo9: supplied by +5V_SYS
[    2.145473] +3.3V_RUN_TOUCH: Bringing 0uV into 2800000-2800000uV
[    2.151898] +3.3V_RUN_TOUCH: ramp_delay not set
[    2.156797] as3722-ldo10: supplied by +5V_SYS
[    2.161936] +2.8V_RUN_CAM_AF: Bringing 0uV into 2800000-2800000uV
[    2.168249] +2.8V_RUN_CAM_AF: ramp_delay not set
[    2.173250] as3722-ldo11: supplied by +3.3V_RUN
[    2.178342] +1.8V_RUN_VPP_FUSE: Bringing 0uV into 1800000-1800000uV
[    2.185035] +1.8V_RUN_VPP_FUSE: ramp_delay not set
[    2.192855] tegra-ahci 70027000.sata: AHCI 0001.0301 32 slots 2 ports 3 Gbps 0x1 impl platform mode
[    2.201930] tegra-ahci 70027000.sata: flags: 64bit ncq sntf pm led pio slum part sadm sds apst 
[    2.212814] scsi host0: tegra-ahci
[    2.217474] scsi host1: tegra-ahci
[    2.221270] ata1: SATA max UDMA/133 mmio [mem 0x70027000-0x70028fff] port 0x100 irq 345
[    2.229282] ata2: DUMMY
[    2.235065] tegra-ehci 7d008000.usb: EHCI Host Controller
[    2.240502] tegra-ehci 7d008000.usb: new USB bus registered, assigned bus number 2
[    2.248269] tegra-ehci 7d008000.usb: irq 355, io mem 0x7d008000
[    2.269339] tegra-ehci 7d008000.usb: USB 2.0 started, EHCI 1.10
[    2.276450] hub 2-0:1.0: USB hub found
[    2.280308] hub 2-0:1.0: 1 port detected
[    2.286831] sdhci-tegra 700b0400.sdhci: Got CD GPIO
[    2.291784] sdhci-tegra 700b0400.sdhci: Got WP GPIO
[    2.296914] mmc1: Unknown controller version (3). You may experience problems.
[    2.304263] mmc1: Invalid maximum block size, assuming 512 bytes
[    2.354809] mmc1: SDHCI controller on 700b0400.sdhci [700b0400.sdhci] using ADMA
[    2.362944] tegra-pcie 1003000.pcie-controller: 2x1, 1x1 configuration
[    2.371495] tegra-pcie 1003000.pcie-controller: probing port 0, using 2 lanes
[    2.380890] tegra-pcie 1003000.pcie-controller: Slot present pin change, signature: 00000008
[    2.405371] tegra-pcie 1003000.pcie-controller: probing port 1, using 1 lanes
[    2.414612] tegra-pcie 1003000.pcie-controller: Slot present pin change, signature: 00000000
[    2.429352] tegra-pcie 1003000.pcie-controller: PCI host bridge to bus 0000:00
[    2.436591] pci_bus 0000:00: root bus resource [io  0x0000-0xffff]
[    2.442811] pci_bus 0000:00: root bus resource [mem 0x13000000-0x1fffffff]
[    2.449720] pci_bus 0000:00: root bus resource [mem 0x20000000-0x3fffffff pref]
[    2.457061] pci_bus 0000:00: root bus resource [bus 00-ff]
[    2.462621] pci 0000:00:01.0: [10de:0e12] type 01 class 0x060400
[    2.468767] pci 0000:00:01.0: PME# supported from D0 D1 D2 D3hot D3cold
[    2.475810] pci 0000:00:02.0: [10de:0e13] type 01 class 0x060400
[    2.481983] pci 0000:00:02.0: PME# supported from D0 D1 D2 D3hot D3cold
[    2.488992] PCI: bus0: Fast back to back transfers disabled
[    2.494613] pci 0000:00:01.0: bridge configuration invalid ([bus 00-00]), reconfiguring
[    2.502657] pci 0000:00:02.0: bridge configuration invalid ([bus 00-00]), reconfiguring
[    2.510943] pci 0000:01:00.0: [8086:4232] type 00 class 0x028000
[    2.517027] pci 0000:01:00.0: reg 0x10: [mem 0x00000000-0x00001fff 64bit]
[    2.524051] pci 0000:01:00.0: PME# supported from D0 D3hot D3cold
[    2.544374] PCI: bus1: Fast back to back transfers disabled
[    2.547904] ata1: SATA link down (SStatus 0 SControl 300)
[    2.555416] pci_bus 0000:01: busn_res: [bus 01-ff] end is updated to 01
[    2.562318] pci 0000:02:00.0: [10ec:8168] type 00 class 0x020000
[    2.568373] pci 0000:02:00.0: reg 0x10: [io  0x0000-0x00ff]
[    2.574019] pci 0000:02:00.0: reg 0x18: [mem 0x00000000-0x00000fff 64bit]
[    2.580842] pci 0000:02:00.0: reg 0x20: [mem 0x00000000-0x00003fff 64bit pref]
[    2.588271] pci 0000:02:00.0: supports D1 D2
[    2.592583] pci 0000:02:00.0: PME# supported from D0 D1 D2 D3hot D3cold
[    2.614365] PCI: bus2: Fast back to back transfers disabled
[    2.619971] pci_bus 0000:02: busn_res: [bus 02-ff] end is updated to 02
[    2.626765] pci 0000:00:01.0: BAR 8: assigned [mem 0x13000000-0x130fffff]
[    2.633594] pci 0000:00:02.0: BAR 8: assigned [mem 0x13100000-0x131fffff]
[    2.640395] pci 0000:00:02.0: BAR 9: assigned [mem 0x20000000-0x200fffff 64bit pref]
[    2.648145] pci 0000:00:02.0: BAR 7: assigned [io  0x1000-0x1fff]
[    2.654255] pci 0000:01:00.0: BAR 0: assigned [mem 0x13000000-0x13001fff 64bit]
[    2.661602] pci 0000:00:01.0: PCI bridge to [bus 01]
[    2.666615] pci 0000:00:01.0:   bridge window [mem 0x13000000-0x130fffff]
[    2.673427] pci 0000:02:00.0: BAR 4: assigned [mem 0x20000000-0x20003fff 64bit pref]
[    2.681195] pci 0000:02:00.0: BAR 2: assigned [mem 0x13100000-0x13100fff 64bit]
[    2.688528] pci 0000:02:00.0: BAR 0: assigned [io  0x1000-0x10ff]
[    2.694639] pci 0000:00:02.0: PCI bridge to [bus 02]
[    2.699645] pci 0000:00:02.0:   bridge window [io  0x1000-0x1fff]
[    2.705750] pci 0000:00:02.0:   bridge window [mem 0x13100000-0x131fffff]
[    2.712549] pci 0000:00:02.0:   bridge window [mem 0x20000000-0x200fffff 64bit pref]
[    2.720362] pci 0000:00:01.0: nv_msi_ht_cap_quirk didn't locate host bridge
[    2.727458] pcieport 0000:00:01.0: enabling device (0140 -> 0142)
[    2.733896] pcieport 0000:00:01.0: Signaling PME through PCIe PME interrupt
[    2.740870] pci 0000:01:00.0: Signaling PME through PCIe PME interrupt
[    2.747406] pcie_pme 0000:00:01.0:pcie001: service driver pcie_pme loaded
[    2.754307] pci 0000:00:02.0: nv_msi_ht_cap_quirk didn't locate host bridge
[    2.761352] pcieport 0000:00:02.0: enabling device (0140 -> 0143)
[    2.767701] pcieport 0000:00:02.0: Signaling PME through PCIe PME interrupt
[    2.774673] pci 0000:02:00.0: Signaling PME through PCIe PME interrupt
[    2.781209] pcie_pme 0000:00:02.0:pcie001: service driver pcie_pme loaded
[    2.788287] r8169 Gigabit Ethernet driver 2.3LK-NAPI loaded
[    2.793889] r8169 0000:02:00.0: enabling device (0140 -> 0143)
[    2.816560] r8169 0000:02:00.0 eth0: RTL8168g/8111g at 0xf0a45000, 00:04:4b:3a:d9:81, XID 0c000800 IRQ 395
[    2.826250] r8169 0000:02:00.0 eth0: jumbo features [frames: 9200 bytes, tx checksumming: ko]
[    2.839095] mmc1: new high speed SDHC card at address aaaa
[    2.846132] mmcblk1: mmc1:aaaa SD04G 3.69 GiB 
[    2.852327] [drm] Supports vblank timestamp caching Rev 2 (21.10.2013).
[    2.858991] [drm] No driver support for vblank timestamp query.
[    2.874511]  mmcblk1: p1 p2 p3
[    2.989291] tegra-hdmi 54280000.hdmi: cannot set audio to 48000 Hz at 297000000 Hz pixel clock
[    3.157604] Console: switching to colour frame buffer device 512x135
[    3.253451] drm drm: fb0:  frame buffer device
[    3.274331] [drm] Initialized tegra 0.0.0 20120330 on minor 0
[    3.282015] of: dev_pm_opp_of_cpumask_add_table: couldn't find opp table for cpu:0, -19
[    3.290086] cpufreq: cpufreq_online: CPU0: Running at unlisted freq: 696000 KHz
[    3.297420] cpufreq: cpufreq_online: CPU0: Unlisted initial frequency changed to: 714000 KHz
[    3.306658] input: gpio-keys as /devices/soc0/gpio-keys/input/input0
[    3.313938] as3722-rtc as3722-rtc: setting system clock to 2000-01-01 00:00:13 UTC (946684813)
[    3.323037] +USB0_VBUS_SW: disabling
[    3.326661] +1.8V_RUN_CAM: disabling
[    3.330504] +2.8V_RUN_CAM: disabling
[    3.334288] +1.2V_RUN_CAM_FRONT: disabling
[    3.338541] +1.05V_RUN_CAM_REAR: disabling
[    3.342905] +3.3V_RUN_TOUCH: disabling
[    3.346833] +2.8V_RUN_CAM_AF: disabling
[    3.350902] +1.8V_RUN_VPP_FUSE: disabling
[    3.356042] EXT4-fs (mmcblk0p1): mounting ext3 file system using the ext4 subsystem
[    3.377456] EXT4-fs (mmcblk0p1): recovery complete
[    3.382283] EXT4-fs (mmcblk0p1): mounted filesystem with ordered data mode. Opts: (null)
[    3.390403] VFS: Mounted root (ext3 filesystem) on device 179:1.
[    3.400734] devtmpfs: mounted
[    3.404466] Freeing unused kernel memory: 2048K (c1100000 - c1300000)
bash: cannot set terminal process group (-1): Inappropriate ioctl for device
bash: no job control in this shell
root@(none):/# mount -t sysfs none /sys
root@(none):/# 
root@(none):/# mount -t debugfs none /sys/kernel/debug
root@(none):/# 
root@(none):/# rtcwake -d rtc1 -m mem -s 3
rtcwake: assuming RTC uses UTC ...
rtcwake: wakeup from "mem" using /dev/rtc1 at Thu Jan  1 00:00:19 1970
[    6.467906] PM: Syncing filesystems ... [    6.473039] done.
[    6.680569] Freezing user space processes ... (elapsed 0.001 seconds) done.
[    6.689039] Freezing remaining freezable tasks ... (elapsed 0.001 seconds) done.
[    6.697676] Suspending console(s) (use no_console_suspend to debug)
[    6.790918] PM: suspend of devices complete after 86.384 msecs
[    6.792213] PM: late suspend of devices complete after 1.286 msecs
[    6.809921] PM: noirq suspend of devices complete after 17.702 msecs
[    6.809922] Disabling non-boot CPUs ...
[    6.810348] CPU1: shutdown
[    6.850617] CPU2: shutdown
[    6.880245] IRQ17 no longer affine to CPU3
[    6.880439] CPU3: shutdown
[    6.904921] Entering suspend state LP1
[    6.904921] Suspended for 3.004 seconds
[    6.904932] Enabling non-boot CPUs ...
[    6.919889] CPU1 is up
[    6.939925] CPU2 is up
[    6.960050] CPU3 is up
[    6.960721] pcieport 0000:00:01.0: nv_msi_ht_cap_quirk didn't locate host bridge
[    6.960785] pcieport 0000:00:02.0: nv_msi_ht_cap_quirk didn't locate host bridge
[    6.979308] PM: noirq resume of devices complete after 19.253 msecs
[    6.980985] PM: early resume of devices complete after 1.354 msecs
[    6.983353] tegra-hdmi 54280000.hdmi: cannot set audio to 48000 Hz at 297000000 Hz pixel clock
[    7.059494] PM: resume of devices complete after 78.501 msecs
[    7.154483] Restarting tasks ... done.
root@(none):/# 
root@(none):/# [    7.301698] ata1: SATA link down (SStatus 0 SControl 300)
