
U-Boot SPL 2013.04-rc2-06423-gf2e8a87-dirty (May 15 2013 - 09:45:39)


U-Boot 2013.04-rc2-06423-gf2e8a87-dirty (May 15 2013 - 09:45:39)

TEGRA30
Board: NVIDIA Beaver
DRAM:  2 GiB
MMC:   Tegra SD/MMC: 0, Tegra SD/MMC: 1
*** Warning - bad CRC, using default environment

In:    serial
Out:   serial
Err:   serial
Hit any key to stop autoboot:  2  0 
Tegra30 (Beaver) # 
Tegra30 (Beaver) # setenv bootargs 'console=ttyS0,230400n8 noinitrd root=/dev/mmcblk0p1 rw rootwait gpt ignore_loglevel debug'
Tegra30 (Beaver) # loady 0x81000000
## Ready for binary (ymodem) download to 0x81000000 at 230400 bps...
CSending: zImage
Sending: 

Transfer complete
yzModem - CRC mode, 2(SOH)/3565(STX)/0(CAN) packets, 3 retries
## Total Size      = 0x0037b3d8 = 3650520 Bytes
Tegra30 (Beaver) # loady 0x82000000
## Ready for binary (ymodem) download to 0x82000000 at 230400 bps...
CSending: tegra30-beaver.dtb
Sending: 

Transfer complete
xyzModem - CRC mode, 6(SOH)/20(STX)/0(CAN) packets, 3 retries
## Total Size      = 0x000051b8 = 20920 Bytes
Tegra30 (Beaver) # bootz 0x81000000 - 0x82000000
## Flattened Device Tree blob at 82000000
   Booting using the fdt blob at 0x82000000
   Loading Device Tree to 8fff7000, end 8ffff1b7 ... OK

Starting kernel ...

[    0.000000] Booting Linux on physical CPU 0x0
[    0.000000] Linux version 3.13.0-rc8-37576-g7e22e91 (pwalmsley@kaivo) (gcc version 4.6.3 (Ubuntu/Linaro 4.6.3-1ubuntu5) ) #1 SMP Sun Jan 12 02:32:28 PST 2014
[    0.000000] CPU: ARMv7 Processor [412fc099] revision 9 (ARMv7), cr=10c5387d
[    0.000000] CPU: PIPT / VIPT nonaliasing data cache, VIPT aliasing instruction cache
[    0.000000] Machine model: NVIDIA Tegra30 Beaver evaluation board
[    0.000000] debug: ignoring loglevel setting.
[    0.000000] Memory policy: Data cache writealloc
[    0.000000] On node 0 totalpages: 524032
[    0.000000] free_area_init_node: node 0, pgdat c0752700, node_mem_map c079b000
[    0.000000]   DMA zone: 1520 pages used for memmap
[    0.000000]   DMA zone: 0 pages reserved
[    0.000000]   DMA zone: 194560 pages, LIFO batch:31
[    0.000000]   HighMem zone: 2574 pages used for memmap
[    0.000000]   HighMem zone: 329472 pages, LIFO batch:31
[    0.000000] fuse_speedo_calib: ATE prog ver 3.3
[    0.000000] Tegra30: CPU Speedo ID 5, Soc Speedo ID 2
[    0.000000] Tegra Revision: A03 SKU: 128 CPU Process: 4 Core Process: 0
[    0.000000] L310 cache controller enabled
[    0.000000] l2x0: 8 ways, CACHE_ID 0x410000c7, AUX_CTRL 0x7e480001, Cache size: 1024 kB
[    0.000000] PERCPU: Embedded 5 pages/cpu @c17ae000 s6976 r0 d13504 u32768
[    0.000000] pcpu-alloc: s6976 r0 d13504 u32768 alloc=8*4096
[    0.000000] pcpu-alloc: [0] 0 [0] 1 [0] 2 [0] 3 
[    0.000000] Built 1 zonelists in Zone order, mobility grouping on.  Total pages: 522512
[    0.000000] Kernel command line: console=ttyS0,230400n8 noinitrd root=/dev/mmcblk0p1 rw rootwait gpt ignore_loglevel debug
[    0.000000] PID hash table entries: 4096 (order: 2, 16384 bytes)
[    0.000000] Dentry cache hash table entries: 131072 (order: 7, 524288 bytes)
[    0.000000] Inode-cache hash table entries: 65536 (order: 6, 262144 bytes)
[    0.000000] Memory: 2070960K/2096128K available (4980K kernel code, 589K rwdata, 1420K rodata, 474K init, 284K bss, 25168K reserved, 1317888K highmem)
[    0.000000] Virtual kernel memory layout:
[    0.000000]     vector  : 0xffff0000 - 0xffff1000   (   4 kB)
[    0.000000]     fixmap  : 0xfff00000 - 0xfffe0000   ( 896 kB)
[    0.000000]     vmalloc : 0xf0000000 - 0xff000000   ( 240 MB)
[    0.000000]     lowmem  : 0xc0000000 - 0xef800000   ( 760 MB)
[    0.000000]     pkmap   : 0xbfe00000 - 0xc0000000   (   2 MB)
[    0.000000]       .text : 0xc0008000 - 0xc06482e4   (6401 kB)
[    0.000000]       .init : 0xc0649000 - 0xc06bfb40   ( 475 kB)
[    0.000000]       .data : 0xc06c0000 - 0xc0753500   ( 590 kB)
[    0.000000]        .bss : 0xc0753508 - 0xc079a80c   ( 285 kB)
[    0.000000] SLUB: HWalign=64, Order=0-3, MinObjects=0, CPUs=4, Nodes=1
[    0.000000] Hierarchical RCU implementation.
[    0.000000] NR_IRQS:16 nr_irqs:16 16
[    0.000000] sched_clock: 32 bits at 1000kHz, resolution 1000ns, wraps every 2147483648000ns
[    0.000000] Console: colour dummy device 80x30
[    0.000558] Calibrating delay loop... 2793.47 BogoMIPS (lpj=13967360)
[    0.059936] pid_max: default: 32768 minimum: 301
[    0.060048] Mount-cache hash table entries: 512
[    0.062479] CPU: Testing write buffer coherency: ok
[    0.062772] CPU0: thread -1, cpu 0, socket 0, mpidr 80000000
[    0.062814] Setting up static identity map for 0x804b6e90 - 0x804b6f28
[    0.062928] unable to find compatible sirf rstc node in dtb
[    0.064332] CPU1: Booted secondary processor
[    0.119978] CPU1: thread -1, cpu 1, socket 0, mpidr 80000001
[    0.120843] CPU2: Booted secondary processor
[    0.179977] CPU2: thread -1, cpu 2, socket 0, mpidr 80000002
[    0.180821] CPU3: Booted secondary processor
[    0.239977] CPU3: thread -1, cpu 3, socket 0, mpidr 80000003
[    0.240041] Brought up 4 CPUs
[    0.240057] SMP: Total of 4 processors activated.
[    0.240064] CPU: All CPU(s) started in SVC mode.
[    0.240625] devtmpfs: initialized
[    0.243015] VFP support v0.3: implementor 41 architecture 3 part 30 variant 9 rev 4
[    0.243176] pinctrl core: initialized pinctrl subsystem
[    0.243415] regulator-dummy: no parameters
[    0.243676] NET: Registered protocol family 16
[    0.245133] DMA: preallocated 256 KiB pool for atomic coherent allocations
[    0.252749] Serial: AMBA PL011 UART driver
[    0.255579] bio: create slab <bio-0> at 0
[    0.256436] edma-dma-engine edma-dma-engine.0: Can't allocate PaRAM dummy slot
[    0.256452] edma-dma-engine: probe of edma-dma-engine.0 failed with error -5
[    0.256698] vdd_5v_in: 5000 mV 
[    0.256764] platform 1.regulator: Driver reg-fixed-voltage requests probe deferral
[    0.256793] platform 2.regulator: Driver reg-fixed-voltage requests probe deferral
[    0.256867] vdd_5v_sata: 5000 mV 
[    0.256887] vdd_5v_sata: supplied by vdd_5v_in
[    0.257001] usb1_vbus: 5000 mV 
[    0.257017] usb1_vbus: supplied by vdd_5v_in
[    0.257148] usb3_vbus: 5000 mV 
[    0.257166] usb3_vbus: supplied by vdd_5v_in
[    0.257230] platform 6.regulator: Driver reg-fixed-voltage requests probe deferral
[    0.257301] sys_3v3_pexs: 3300 mV 
[    0.257322] reg-fixed-voltage 7.regulator: Failed to find supply vin
[    0.257370] reg-fixed-voltage 7.regulator: Failed to register regulator: -517
[    0.257380] platform 7.regulator: Driver reg-fixed-voltage requests probe deferral
[    0.258216] SCSI subsystem initialized
[    0.258331] libata version 3.00 loaded.
[    0.258445] usbcore: registered new interface driver usbfs
[    0.258468] usbcore: registered new interface driver hub
[    0.258529] usbcore: registered new device driver usb
[    0.260996] tps62361-vout: 500 <--> 1500 mV at 1160 mV 
[    0.261155] pps_core: LinuxPPS API ver. 1 registered
[    0.261160] pps_core: Software ver. 5.3.6 - Copyright 2005-2007 Rodolfo Giometti <giometti@linux.it>
[    0.261172] PTP clock support registered
[    0.261206] EDAC MC: Ver: 3.0.0
[    0.261821] Switched to clocksource timer_us
[    0.266541] NET: Registered protocol family 2
[    0.266915] TCP established hash table entries: 8192 (order: 3, 32768 bytes)
[    0.266966] TCP bind hash table entries: 8192 (order: 4, 65536 bytes)
[    0.267049] TCP: Hash tables configured (established 8192 bind 8192)
[    0.267130] TCP: reno registered
[    0.267145] UDP hash table entries: 512 (order: 2, 16384 bytes)
[    0.267208] UDP-Lite hash table entries: 512 (order: 2, 16384 bytes)
[    0.267446] NET: Registered protocol family 1
[    0.267670] RPC: Registered named UNIX socket transport module.
[    0.267676] RPC: Registered udp transport module.
[    0.267680] RPC: Registered tcp transport module.
[    0.267684] RPC: Registered tcp NFSv4.1 backchannel transport module.
[    0.269474] bounce pool size: 64 pages
[    0.273855] NFS: Registering the id_resolver key type
[    0.273901] Key type id_resolver registered
[    0.273905] Key type id_legacy registered
[    0.274064] Block layer SCSI generic (bsg) driver version 0.4 loaded (major 251)
[    0.274072] io scheduler noop registered
[    0.274076] io scheduler deadline registered
[    0.274145] io scheduler cfq registered (default)
[    0.276682] tegra-apbdma 6000a000.dma: Tegra20 APB DMA driver register 32 channels
[    0.305962] Serial: 8250/16550 driver, 4 ports, IRQ sharing disabled
[    0.306774] Serial: IMX driver
[    0.307326] 70006000.serial: ttyS0 at MMIO 0x70006000 (irq = 68, base_baud = 25500000) is a Tegra
[    0.635011] console [ttyS0] enabled
[    0.637334] serial: Freescale lpuart driver
[    0.639605] [drm] Initialized drm 1.1.0 20060810
[    0.642450] tegra-hdmi 54280000.hdmi: failed to get VDD regulator
[    0.645514] platform 54280000.hdmi: Driver tegra-hdmi requests probe deferral
[    0.651587] ehci_hcd: USB 2.0 'Enhanced' Host Controller (EHCI) Driver
[    0.654878] ehci-platform: EHCI generic platform driver
[    0.657578] ehci-omap: OMAP-EHCI Host Controller driver
[    0.660242] ehci-orion: EHCI orion driver
[    0.662312] SPEAr-ehci: EHCI SPEAr driver
[    0.664366] tegra-ehci: Tegra EHCI driver
[    0.666479] platform 7d008000.usb: Driver tegra-ehci requests probe deferral
[    0.670159] usbcore: registered new interface driver usb-storage
[    0.674938] mousedev: PS/2 mouse device common for all mice
[    0.678172] tegra_rtc 7000e000.rtc: rtc core: registered 7000e000.rtc as rtc0
[    0.681767] tegra_rtc 7000e000.rtc: Tegra internal Real Time Clock
[    0.685288] sdhci: Secure Digital Host Controller Interface driver
[    0.688387] sdhci: Copyright(c) Pierre Ossman
[    0.690765] sdhci-pltfm: SDHCI platform and OF driver helper
[    0.693955] sdhci-tegra 78000000.sdhci: Got CD GPIO #69.
[    0.696630] sdhci-tegra 78000000.sdhci: Got WP GPIO #155.
[    0.700364] sdhci-tegra 78000000.sdhci: dummy supplies not allowed
[    0.703474] mmc0: no vqmmc regulator found
[    0.705532] sdhci-tegra 78000000.sdhci: dummy supplies not allowed
[    0.708629] mmc0: no vmmc regulator found
[    0.710640] mmc0: Invalid maximum block size, assuming 512 bytes
[    0.751830] mmc0: SDHCI controller on 78000000.sdhci [78000000.sdhci] using ADMA
[    0.756597] sdhci-tegra 78000600.sdhci: dummy supplies not allowed
[    0.759696] mmc1: no vqmmc regulator found
[    0.761752] sdhci-tegra 78000600.sdhci: dummy supplies not allowed
[    0.764862] mmc1: no vmmc regulator found
[    0.766873] mmc1: Invalid maximum block size, assuming 512 bytes
[    0.811828] mmc1: SDHCI controller on 78000600.sdhci [78000600.sdhci] using ADMA
[    0.815873] usbcore: registered new interface driver usbhid
[    0.818668] usbhid: USB HID core driver
[    0.820790] TCP: cubic registered
[    0.822784] NET: Registered protocol family 10
[    0.825477] sit: IPv6 over IPv4 tunneling driver
[    0.828201] Key type dns_resolver registered
[    0.830450] Registering SWP/SWPB emulation handler
[    0.834682] platform 1.regulator: Driver reg-fixed-voltage requests probe deferral
[    0.838745] platform 2.regulator: Driver reg-fixed-voltage requests probe deferral
[    0.842705] platform 6.regulator: Driver reg-fixed-voltage requests probe deferral
[    0.846715] sys_3v3_pexs: 3300 mV 
[    0.848451] reg-fixed-voltage 7.regulator: Failed to find supply vin
[    0.851682] reg-fixed-voltage 7.regulator: Failed to register regulator: -517
[    0.855276] platform 7.regulator: Driver reg-fixed-voltage requests probe deferral
[    0.859283] tegra-hdmi 54280000.hdmi: failed to get VDD regulator
[    0.862353] platform 54280000.hdmi: Driver tegra-hdmi requests probe deferral
[    0.869019] utmi_phy_clk_enable: timeout waiting for phy to stabilize
[    0.872262] tegra-ehci 7d008000.usb: EHCI Host Controller
[    0.874984] tegra-ehci 7d008000.usb: new USB bus registered, assigned bus number 1
[    0.878895] tegra-ehci 7d008000.usb: irq 129, io mem 0x7d008000
[    0.901833] tegra-ehci 7d008000.usb: USB 2.0 started, EHCI 1.00
[    0.905213] hub 1-0:1.0: USB hub found
[    0.907118] hub 1-0:1.0: 1 port detected
[    0.909434] platform 1.regulator: Driver reg-fixed-voltage requests probe deferral
[    0.913412] platform 2.regulator: Driver reg-fixed-voltage requests probe deferral
[    0.917338] platform 6.regulator: Driver reg-fixed-voltage requests probe deferral
[    0.921314] sys_3v3_pexs: 3300 mV 
[    0.923056] reg-fixed-voltage 7.regulator: Failed to find supply vin
[    0.926282] reg-fixed-voltage 7.regulator: Failed to register regulator: -517
[    0.929864] platform 7.regulator: Driver reg-fixed-voltage requests probe deferral
[    0.933857] tegra-hdmi 54280000.hdmi: failed to get VDD regulator
[    0.936918] platform 54280000.hdmi: Driver tegra-hdmi requests probe deferral
[    0.940695] tegra_rtc 7000e000.rtc: setting system clock to 1970-01-01 00:03:10 UTC (190)
[    0.945368] Waiting for root device /dev/mmcblk0p1...
[    0.950168] mmc1: new high speed MMC card at address 0001
[    0.953116] isa bounce pool size: 16 pages
[    0.955259] mmcblk0: mmc1:0001 SEM16G 14.8 GiB 
[    0.957651] mmcblk0boot0: mmc1:0001 SEM16G partition 1 1.00 MiB
[    0.960731] mmcblk0boot1: mmc1:0001 SEM16G partition 2 1.00 MiB
[    0.963828] mmcblk0rpmb: mmc1:0001 SEM16G partition 3 128 KiB
[    0.970590] Primary GPT is invalid, using alternate GPT.
[    0.973282]  mmcblk0: p1 p2 p3 p4 p5
[    0.978651]  mmcblk0boot1: unknown partition table
[    0.983845]  mmcblk0boot0: unknown partition table
[    0.986479] platform 1.regulator: Driver reg-fixed-voltage requests probe deferral
[    0.990496] platform 2.regulator: Driver reg-fixed-voltage requests probe deferral
[    0.994449] platform 6.regulator: Driver reg-fixed-voltage requests probe deferral
[    0.998437] sys_3v3_pexs: 3300 mV 
[    1.000172] reg-fixed-voltage 7.regulator: Failed to find supply vin
[    1.003418] reg-fixed-voltage 7.regulator: Failed to register regulator: -517
[    1.007001] platform 7.regulator: Driver reg-fixed-voltage requests probe deferral
[    1.010998] tegra-hdmi 54280000.hdmi: failed to get VDD regulator
[    1.014070] platform 54280000.hdmi: Driver tegra-hdmi requests probe deferral
[    1.053702] EXT4-fs (mmcblk0p1): mounting ext3 file system using the ext4 subsystem
[    1.216352] EXT4-fs (mmcblk0p1): recovery complete
[    1.220363] EXT4-fs (mmcblk0p1): mounted filesystem with ordered data mode. Opts: (null)
[    1.224488] VFS: Mounted root (ext3 filesystem) on device 179:1.
[    1.232529] devtmpfs: mounted
[    1.234344] Freeing unused kernel memory: 472K (c0649000 - c06bf000)
 
INIT: version 2.88 booting
[info] Using makefile-style concurrent boot in runlevel S.
[....] Starting the hotplug events dispatcher: udevd[    2.130036] udevd[158]: starting version 175
[ ok .
[....] Synthesizing the initial hotplug events...[ ok done.
[....] Waiting for /dev to be fully populated...[ ok done.
[....] Activating swap...[ ok done.
[    3.126982] EXT4-fs (mmcblk0p1): re-mounted. Opts: (null)
[....] Cleaning up temporary files... /tmp[ ok .
[....] Activating lvm and md swap...[ ok done.
[....] Checking file systems...fsck from util-linux 2.20.1
[ ok done.
[....] Mounting local filesystems...[ ok done.
[....] Activating swapfile swap...[ ok done.
[....] Cleaning up temporary files...[ ok .
[....] Setting kernel variables ...[ ok done.
[    4.750416] random: dd urandom read with 128 bits of entropy available
[....] Configuring network interfaces...[    4.829465] random: nonblocking pool is initialized
[ ok done.
[....] Starting rpcbind daemon...[ ok .
[....] Starting NFS common utilities: statd idmapd[ ok .
[....] Cleaning up temporary files...[ ok .
[....] Starting network benchmark server[ ok .
INIT: Entering runlevel: 2
[info] Using makefile-style concurrent boot in runlevel 2.
[....] Starting network benchmark server[FAIL failed!
[....] Starting rpcbind daemon...[....] Already running.[ ok .
[....] Starting NFS common utilities: statd idmapd[ ok .
[....] Starting system message bus: dbus[ ok .

Debian GNU/Linux wheezy/sid armel ttyS0

armel login: 