
U-Boot SPL 2015.04-rc3-00209-ga74ef40 (Mar 16 2015 - 14:43:39)


U-Boot 2015.04-rc3-00209-ga74ef40 (Mar 16 2015 - 14:43:39)

TEGRA20
Model: Compulab TrimSlice board
DRAM:  1 GiB
MMC:   Tegra SD/MMC: 0, Tegra SD/MMC: 1
SF: Detected W25Q80BL with page size 256 Bytes, erase size 4 KiB, total 1 MiB
tegra-pcie: PCI regions:
tegra-pcie:   I/O: 0x82000000-0x82010000
tegra-pcie:   non-prefetchable memory: 0xa0000000-0xa8000000
tegra-pcie:   prefetchable memory: 0xa8000000-0xc0000000
tegra-pcie: dual-mode configuration
tegra-pcie: probing port 0, using 2 lanes
In:    serial
Out:   serial
Err:   serial
Net:   RTL8169#0
Hit any key to stop autoboot:  2  1  0 
Tegra20 (TrimSlice) # 
Tegra20 (TrimSlice) # usb reset
resetting USB...
USB0:   USB EHCI 1.00
scanning bus 0 for devices... 3 USB Device(s) found
USB1:   USB EHCI 1.00
scanning bus 1 for devices... 1 USB Device(s) found
USB2:   lowlevel init failed
       scanning usb for storage devices... 0 Storage Device(s) found
       scanning usb for ethernet devices... 
Warning: asx0 using MAC address from net device
1 Ethernet Device(s) found
Tegra20 (TrimSlice) # setenv bootargs 'ignore_loglevel console=ttyS0,115200n8 rw root=PARTUUID=11eb23c1-01 rootwait gpt debug noinitrd earlyprintk init=/bin/bash'
Tegra20 (TrimSlice) # setenv ipaddr 192.168.100.103; setenv serverip 192.168.100.1; setenv tftpserverip 192.168.100.1
Tegra20 (TrimSlice) # tftpboot 0x00408000 zImage.multi_v7_defconfig
Using RTL8169#0 device
TFTP from server 192.168.100.1; our IP address is 192.168.100.103
Filename 'zImage.multi_v7_defconfig'.
Load address: 0x408000
Loading: *#################################################################
	 #################################################################
	 #################################################################
	 #################################################################
	 #################################################################
	 #################################################################
	 #################################################################
	 ##################################################
	 4.1 MiB/s
done
Bytes transferred = 7403536 (70f810 hex)
Tegra20 (TrimSlice) # tftpboot 0x02408000 tegra20-trimslice.dtb
Using RTL8169#0 device
TFTP from server 192.168.100.1; our IP address is 192.168.100.103
Filename 'tegra20-trimslice.dtb'.
Load address: 0x2408000
Loading: *##
	 3.4 MiB/s
done
Bytes transferred = 21404 (539c hex)
Tegra20 (TrimSlice) # bootz 0x00408000 - 0x02408000
Kernel image @ 0x408000 [ 0x000000 - 0x70f810 ]
## Flattened Device Tree blob at 02408000
   Booting using the fdt blob at 0x2408000
   Using Device Tree in place at 02408000, end 0241039b

Starting kernel ...

[    0.000000] Booting Linux on physical CPU 0x0
[    0.000000] Linux version 4.10.0-rc3-141727-ga121103 (pwalmsley@sellafield) (gcc version 4.7.3 20130328 (prerelease) (crosstool-NG linaro-1.13.1-4.7-2013.04-20130415 - Linaro GCC 2013.04) ) #1 SMP Sun Jan 8 15:05:05 PST 2017
[    0.000000] CPU: ARMv7 Processor [411fc090] revision 0 (ARMv7), cr=10c5387d
[    0.000000] CPU: PIPT / VIPT nonaliasing data cache, VIPT aliasing instruction cache
[    0.000000] OF: fdt:Machine model: Compulab TrimSlice board
[    0.000000] debug: ignoring loglevel setting.
[    0.000000] efi: Getting EFI parameters from FDT:
[    0.000000] efi: UEFI not found.
[    0.000000] cma: Reserved 64 MiB at 0x3c000000
[    0.000000] Memory policy: Data cache writealloc
[    0.000000] On node 0 totalpages: 262144
[    0.000000] free_area_init_node: node 0, pgdat c142b100, node_mem_map ef7f8000
[    0.000000]   DMA zone: 1536 pages used for memmap
[    0.000000]   DMA zone: 0 pages reserved
[    0.000000]   DMA zone: 196608 pages, LIFO batch:31
[    0.000000]   HighMem zone: 65536 pages, LIFO batch:15
[    0.000000] percpu: Embedded 14 pages/cpu @ef7ca000 s26176 r8192 d22976 u57344
[    0.000000] pcpu-alloc: s26176 r8192 d22976 u57344 alloc=14*4096
[    0.000000] pcpu-alloc: [0] 0 [0] 1 
[    0.000000] Built 1 zonelists in Zone order, mobility grouping on.  Total pages: 260608
[    0.000000] Kernel command line: ignore_loglevel console=ttyS0,115200n8 rw root=PARTUUID=11eb23c1-01 rootwait gpt debug noinitrd earlyprintk init=/bin/bash
[    0.000000] PID hash table entries: 4096 (order: 2, 16384 bytes)
[    0.000000] Dentry cache hash table entries: 131072 (order: 7, 524288 bytes)
[    0.000000] Inode-cache hash table entries: 65536 (order: 6, 262144 bytes)
[    0.000000] Memory: 955748K/1048576K available (9216K kernel code, 1203K rwdata, 4140K rodata, 2048K init, 472K bss, 27292K reserved, 65536K cma-reserved, 196608K highmem)
[    0.000000] Virtual kernel memory layout:
[    0.000000]     vector  : 0xffff0000 - 0xffff1000   (   4 kB)
[    0.000000]     fixmap  : 0xffc00000 - 0xfff00000   (3072 kB)
[    0.000000]     vmalloc : 0xf0800000 - 0xff800000   ( 240 MB)
[    0.000000]     lowmem  : 0xc0000000 - 0xf0000000   ( 768 MB)
[    0.000000]     pkmap   : 0xbfe00000 - 0xc0000000   (   2 MB)
[    0.000000]     modules : 0xbf000000 - 0xbfe00000   (  14 MB)
[    0.000000]       .text : 0xc0208000 - 0xc0c00000   (10208 kB)
[    0.000000]       .init : 0xc1100000 - 0xc1300000   (2048 kB)
[    0.000000]       .data : 0xc1300000 - 0xc142cc00   (1203 kB)
[    0.000000]        .bss : 0xc142e000 - 0xc14a41d0   ( 473 kB)
[    0.000000] SLUB: HWalign=64, Order=0-3, MinObjects=0, CPUs=2, Nodes=1
[    0.000000] Hierarchical RCU implementation.
[    0.000000] 	Build-time adjustment of leaf fanout to 32.
[    0.000000] 	RCU restricting CPUs from NR_CPUS=16 to nr_cpu_ids=2.
[    0.000000] RCU: Adjusting geometry for rcu_fanout_leaf=32, nr_cpu_ids=2
[    0.000000] NR_IRQS:16 nr_irqs:16 16
[    0.000000] /interrupt-controller@60004000: 128 interrupts forwarded to /interrupt-controller@50041000
[    0.000000] L2C: platform modifies aux control register: 0x02080000 -> 0x3e480001
[    0.000000] L2C: DT/platform modifies aux control register: 0x02080000 -> 0x3e480001
[    0.000000] L2C-310 errata 727915 769419 enabled
[    0.000000] L2C-310 enabling early BRESP for Cortex-A9
[    0.000000] L2C-310: enabling full line of zeros but not enabled in Cortex-A9
[    0.000000] L2C-310 ID prefetch enabled, offset 1 lines
[    0.000000] L2C-310 cache controller enabled, 8 ways, 1024 kB
[    0.000000] L2C-310: CACHE_ID 0x410000c4, AUX_CTRL 0x7e480001
[    0.000010] sched_clock: 32 bits at 1000kHz, resolution 1000ns, wraps every 2147483647500ns
[    0.000025] clocksource: timer_us: mask: 0xffffffff max_cycles: 0xffffffff, max_idle_ns: 1911260446275 ns
[    0.000035] Switching to timer-based delay loop, resolution 1000ns
[    0.001627] Console: colour dummy device 80x30
[    0.001650] Calibrating delay loop (skipped), value calculated using timer frequency.. 2.00 BogoMIPS (lpj=10000)
[    0.001661] pid_max: default: 32768 minimum: 301
[    0.001746] Mount-cache hash table entries: 2048 (order: 1, 8192 bytes)
[    0.001755] Mountpoint-cache hash table entries: 2048 (order: 1, 8192 bytes)
[    0.002227] CPU: Testing write buffer coherency: ok
[    0.002427] CPU0: thread -1, cpu 0, socket 0, mpidr 80000000
[    0.002599] Setting up static identity map for 0x300000 - 0x300098
[    0.003979] Tegra Revision: A03 prime SKU: 8 CPU Process: 1 SoC Process: 2
[    0.004352] EFI services will not be available.
[    0.004506] smp: Bringing up secondary CPUs ...
[    0.005042] CPU1: thread -1, cpu 1, socket 0, mpidr 80000001
[    0.005101] smp: Brought up 1 node, 2 CPUs
[    0.005112] SMP: Total of 2 processors activated (4.00 BogoMIPS).
[    0.005117] CPU: All CPU(s) started in SVC mode.
[    0.005756] devtmpfs: initialized
[    0.010058] VFP support v0.3: implementor 41 architecture 3 part 30 variant 9 rev 1
[    0.010286] clocksource: jiffies: mask: 0xffffffff max_cycles: 0xffffffff, max_idle_ns: 19112604462750000 ns
[    0.013167] pinctrl core: initialized pinctrl subsystem
[    0.014363] NET: Registered protocol family 16
[    0.016283] DMA: preallocated 256 KiB pool for atomic coherent allocations
[    0.039924] cpuidle: using governor menu
[    0.057554] No ATAGs?
[    0.057629] hw-breakpoint: found 5 (+1 reserved) breakpoint and 1 watchpoint registers.
[    0.057640] hw-breakpoint: maximum watchpoint size is 4 bytes.
[    0.062904] Serial: AMBA PL011 UART driver
[    0.103274] usb1_vbus: Failed to request enable GPIO170: -517
[    0.103288] reg-fixed-voltage regulators:regulator@2: Failed to register regulator: -517
[    0.106796] vgaarb: loaded
[    0.107377] SCSI subsystem initialized
[    0.107498] libata version 3.00 loaded.
[    0.107693] usbcore: registered new interface driver usbfs
[    0.107743] usbcore: registered new interface driver hub
[    0.107782] usbcore: registered new device driver usb
[    0.109807] pps_core: LinuxPPS API ver. 1 registered
[    0.109814] pps_core: Software ver. 5.3.6 - Copyright 2005-2007 Rodolfo Giometti <giometti@linux.it>
[    0.109830] PTP clock support registered
[    0.110003] EDAC MC: Ver: 3.0.0
[    0.111886] clocksource: Switched to clocksource timer_us
[    0.119402] NET: Registered protocol family 2
[    0.119826] TCP established hash table entries: 8192 (order: 3, 32768 bytes)
[    0.119896] TCP bind hash table entries: 8192 (order: 4, 65536 bytes)
[    0.120036] TCP: Hash tables configured (established 8192 bind 8192)
[    0.120103] UDP hash table entries: 512 (order: 2, 16384 bytes)
[    0.120148] UDP-Lite hash table entries: 512 (order: 2, 16384 bytes)
[    0.120301] NET: Registered protocol family 1
[    0.120568] RPC: Registered named UNIX socket transport module.
[    0.120575] RPC: Registered udp transport module.
[    0.120580] RPC: Registered tcp transport module.
[    0.120585] RPC: Registered tcp NFSv4.1 backchannel transport module.
[    0.120593] PCI: CLS 0 bytes, default 64
[    0.121376] hw perfevents: enabled with armv7_cortex_a9 PMU driver, 7 counters available
[    0.122361] futex hash table entries: 512 (order: 3, 32768 bytes)
[    0.122923] workingset: timestamp_bits=30 max_order=18 bucket_order=0
[    0.130011] squashfs: version 4.0 (2009/01/31) Phillip Lougher
[    0.130570] NFS: Registering the id_resolver key type
[    0.130589] Key type id_resolver registered
[    0.130595] Key type id_legacy registered
[    0.130626] ntfs: driver 2.1.32 [Flags: R/O].
[    0.131725] bounce: pool size: 64 pages
[    0.131910] Block layer SCSI generic (bsg) driver version 0.4 loaded (major 248)
[    0.131919] io scheduler noop registered
[    0.131924] io scheduler deadline registered
[    0.132050] io scheduler cfq registered (default)
[    0.143030] tegra-pcie 80003000.pcie-controller: dual-mode configuration
[    0.143729] tegra-pcie 80003000.pcie-controller: probing port 0, using 2 lanes
[    0.226058] tegra-pcie 80003000.pcie-controller: PCI host bridge to bus 0000:00
[    0.226069] pci_bus 0000:00: root bus resource [io  0x0000-0xffff]
[    0.226079] pci_bus 0000:00: root bus resource [mem 0xa0000000-0xa7ffffff]
[    0.226087] pci_bus 0000:00: root bus resource [mem 0xa8000000-0xbfffffff pref]
[    0.226095] pci_bus 0000:00: root bus resource [bus 00-ff]
[    0.226122] pci 0000:00:01.0: [10de:0bf0] type 01 class 0x060000
[    0.226170] pci_bus 0000:00: 2-byte config write to 0000:00:01.0 offset 0x52 may corrupt adjacent RW1C bits
[    0.226193] pci 0000:00:01.0: PME# supported from D0 D1 D2 D3hot D3cold
[    0.226203] pci_bus 0000:00: 2-byte config write to 0000:00:01.0 offset 0x4c may corrupt adjacent RW1C bits
[    0.226404] pci_bus 0000:00: 2-byte config write to 0000:00:01.0 offset 0x3e may corrupt adjacent RW1C bits
[    0.226415] pci_bus 0000:00: 2-byte config write to 0000:00:01.0 offset 0x4 may corrupt adjacent RW1C bits
[    0.226425] pci_bus 0000:00: 1-byte config write to 0000:00:01.0 offset 0xc may corrupt adjacent RW1C bits
[    0.226431] PCI: bus0: Fast back to back transfers disabled
[    0.226440] pci 0000:00:01.0: bridge configuration invalid ([bus 00-00]), reconfiguring
[    0.226449] pci_bus 0000:00: 2-byte config write to 0000:00:01.0 offset 0x3e may corrupt adjacent RW1C bits
[    0.226459] pci_bus 0000:00: 2-byte config write to 0000:00:01.0 offset 0x3e may corrupt adjacent RW1C bits
[    0.226469] pci_bus 0000:00: 2-byte config write to 0000:00:01.0 offset 0x3e may corrupt adjacent RW1C bits
[    0.226478] pci_bus 0000:00: 2-byte config write to 0000:00:01.0 offset 0x6 may corrupt adjacent RW1C bits
[    0.226606] pci 0000:01:00.0: [10ec:8168] type 00 class 0x020000
[    0.226629] pci 0000:01:00.0: reg 0x10: [io  0x0000-0x00ff]
[    0.226653] pci 0000:01:00.0: reg 0x18: [mem 0x00000000-0x00000fff 64bit pref]
[    0.226671] pci 0000:01:00.0: reg 0x20: [mem 0x00000000-0x00003fff 64bit pref]
[    0.226684] pci 0000:01:00.0: reg 0x30: [mem 0x00000000-0x0001ffff pref]
[    0.226724] pci_bus 0000:01: 2-byte config write to 0000:01:00.0 offset 0x52 may corrupt adjacent RW1C bits
[    0.226775] pci 0000:01:00.0: supports D1 D2
[    0.226782] pci 0000:01:00.0: PME# supported from D0 D1 D2 D3hot D3cold
[    0.251921] PCI: bus1: Fast back to back transfers disabled
[    0.251934] pci_bus 0000:01: busn_res: [bus 01-ff] end is updated to 01
[    0.251945] Disabling cpuidle LP2 state, since PCIe IRQs are in use
[    0.252012] pci 0000:00:01.0: BAR 8: assigned [mem 0xa0000000-0xa00fffff]
[    0.252023] pci 0000:00:01.0: BAR 9: assigned [mem 0xa8000000-0xa80fffff 64bit pref]
[    0.252032] pci 0000:00:01.0: BAR 7: assigned [io  0x1000-0x1fff]
[    0.252044] pci 0000:01:00.0: BAR 6: assigned [mem 0xa0000000-0xa001ffff pref]
[    0.252053] pci 0000:01:00.0: BAR 4: assigned [mem 0xa8000000-0xa8003fff 64bit pref]
[    0.252073] pci 0000:01:00.0: BAR 2: assigned [mem 0xa8004000-0xa8004fff 64bit pref]
[    0.252091] pci 0000:01:00.0: BAR 0: assigned [io  0x1000-0x10ff]
[    0.252102] pci 0000:00:01.0: PCI bridge to [bus 01]
[    0.252110] pci 0000:00:01.0:   bridge window [io  0x1000-0x1fff]
[    0.252119] pci 0000:00:01.0:   bridge window [mem 0xa0000000-0xa00fffff]
[    0.252127] pci 0000:00:01.0:   bridge window [mem 0xa8000000-0xa80fffff 64bit pref]
[    0.252148] pci 0000:00:01.0: nv_msi_ht_cap_quirk didn't locate host bridge
[    0.252198] pcieport 0000:00:01.0: enabling device (0140 -> 0143)
[    0.252382] pcieport 0000:00:01.0: Signaling PME with IRQ 295
[    0.258080] tegra-apbdma 6000a000.dma: Tegra20 APB DMA driver register 16 channels
[    0.309288] Serial: 8250/16550 driver, 4 ports, IRQ sharing disabled
[    0.311578] console [ttyS0] disabled
[    0.311613] 70006000.serial: ttyS0 at MMIO 0x70006000 (irq = 279, base_baud = 13500000) is a Tegra
[    1.356400] console [ttyS0] enabled
[    1.360467] SuperH (H)SCI(F) driver initialized
[    1.365723] msm_serial: driver initialized
[    1.369940] STMicroelectronics ASC driver initialized
[    1.377622] [drm] Initialized
[    1.382889] 54280000.hdmi supply hdmi not found, using dummy regulator
[    1.391386] [drm] Supports vblank timestamp caching Rev 2 (21.10.2013).
[    1.398007] [drm] No driver support for vblank timestamp query.
[    1.403956] [drm] Cannot find any crtc or sizes - going 1024x768
[    1.426026] Console: switching to colour frame buffer device 128x48
[    1.440701] drm drm: fb0:  frame buffer device
[    1.481911] [drm] Initialized tegra 0.0.0 20120330 on minor 0
[    1.496736] brd: module loaded
[    1.504256] loop: module loaded
[    1.513003] m25p80 spi32766.0: found s25fl008k, expected w25q80bl
[    1.519087] m25p80 spi32766.0: s25fl008k (1024 Kbytes)
[    1.526419] libphy: Fixed MDIO Bus: probed
[    1.531323] CAN device driver interface
[    1.535855] bgmac_bcma: Broadcom 47xx GBit MAC driver loaded
[    1.542511] e1000e: Intel(R) PRO/1000 Network Driver - 3.2.6-k
[    1.548327] e1000e: Copyright(c) 1999 - 2015 Intel Corporation.
[    1.554304] igb: Intel(R) Gigabit Ethernet Network Driver - version 5.4.0-k
[    1.561247] igb: Copyright (c) 2007-2014 Intel Corporation.
[    1.567354] r8169 Gigabit Ethernet driver 2.3LK-NAPI loaded
[    1.572948] r8169 0000:01:00.0: enabling device (0140 -> 0143)
[    1.579590] r8169 0000:01:00.0 eth0: RTL8168d/8111d at 0xf08fc000, 00:01:c0:13:7d:63, XID 081000c0 IRQ 296
[    1.589248] r8169 0000:01:00.0 eth0: jumbo features [frames: 9200 bytes, tx checksumming: ko]
[    1.599869] pegasus: v0.9.3 (2013/04/25), Pegasus/Pegasus II USB Ethernet driver
[    1.607323] usbcore: registered new interface driver pegasus
[    1.613021] usbcore: registered new interface driver asix
[    1.618435] usbcore: registered new interface driver ax88179_178a
[    1.624562] usbcore: registered new interface driver cdc_ether
[    1.630430] usbcore: registered new interface driver smsc75xx
[    1.636219] usbcore: registered new interface driver smsc95xx
[    1.641994] usbcore: registered new interface driver net1080
[    1.647666] usbcore: registered new interface driver cdc_subset
[    1.653611] usbcore: registered new interface driver zaurus
[    1.659213] usbcore: registered new interface driver cdc_ncm
[    1.665135] tegra-phy c5004000.usb-phy: no vbus regulator
[    1.671603] tegra-phy c5008000.usb-phy: no vbus regulator
[    1.678292] ehci_hcd: USB 2.0 'Enhanced' Host Controller (EHCI) Driver
[    1.684827] ehci-pci: EHCI PCI platform driver
[    1.689298] ehci-platform: EHCI generic platform driver
[    1.694677] ehci-orion: EHCI orion driver
[    1.698773] SPEAr-ehci: EHCI SPEAr driver
[    1.702888] ehci-st: EHCI STMicroelectronics driver
[    1.707850] ehci-exynos: EHCI EXYNOS driver
[    1.712149] ehci-atmel: EHCI Atmel driver
[    1.716242] tegra-ehci: Tegra EHCI driver
[    1.773089] ulpi_phy_power_on: ulpi write failed
[    1.777696] tegra-ehci c5004000.usb: Failed to power on the phy
[    1.783630] tegra-ehci: probe of c5004000.usb failed with error -110
[    1.792602] tegra-ehci c5008000.usb: EHCI Host Controller
[    1.798003] tegra-ehci c5008000.usb: new USB bus registered, assigned bus number 1
[    1.805824] tegra-ehci c5008000.usb: irq 290, io mem 0xc5008000
[    1.831920] tegra-ehci c5008000.usb: USB 2.0 started, EHCI 1.00
[    1.838424] hub 1-0:1.0: USB hub found
[    1.842203] hub 1-0:1.0: 1 port detected
[    1.846424] ohci_hcd: USB 1.1 'Open' Host Controller (OHCI) Driver
[    1.852613] ohci-pci: OHCI PCI platform driver
[    1.857087] ohci-platform: OHCI generic platform driver
[    1.862466] ohci-omap3: OHCI OMAP3 driver
[    1.866565] SPEAr-ohci: OHCI SPEAr driver
[    1.870662] ohci-st: OHCI STMicroelectronics driver
[    1.875640] ohci-atmel: OHCI Atmel driver
[    1.880218] usbcore: registered new interface driver usb-storage
[    1.887379] mousedev: PS/2 mouse device common for all mice
[    1.894506] rtc-em3027 2-0056: rtc core: registered rtc-em3027 as rtc0
[    1.902196] tegra_rtc 7000e000.rtc: rtc core: registered 7000e000.rtc as rtc1
[    1.909344] tegra_rtc 7000e000.rtc: Tegra internal Real Time Clock
[    1.915933] i2c /dev entries driver
[    1.928526] sdhci: Secure Digital Host Controller Interface driver
[    1.934724] sdhci: Copyright(c) Pierre Ossman
[    1.940225] Synopsys Designware Multimedia Card Interface Driver
[    1.947067] sdhci-pltfm: SDHCI platform and OF driver helper
[    1.953564] mmc0: Invalid maximum block size, assuming 512 bytes
[    2.011903] mmc0: SDHCI controller on c8000000.sdhci [c8000000.sdhci] using ADMA
[    2.019387] sdhci-tegra c8000600.sdhci: Got CD GPIO
[    2.024284] sdhci-tegra c8000600.sdhci: Got WP GPIO
[    2.029313] mmc1: Invalid maximum block size, assuming 512 bytes
[    2.091980] mmc1: SDHCI controller on c8000600.sdhci [c8000600.sdhci] using ADMA
[    2.100741] ledtrig-cpu: registered to indicate activity on CPUs
[    2.107011] usbcore: registered new interface driver usbhid
[    2.112584] usbhid: USB HID core driver
[    2.119361] NET: Registered protocol family 10
[    2.124682] Segment Routing with IPv6
[    2.128376] sit: IPv6, IPv4 and MPLS over IPv4 tunneling driver
[    2.134789] NET: Registered protocol family 17
[    2.139226] can: controller area network core (rev 20120528 abi 9)
[    2.145458] NET: Registered protocol family 29
[    2.149890] can: raw protocol (rev 20120528)
[    2.154162] can: broadcast manager protocol (rev 20161123 t)
[    2.159810] can: netlink gateway (rev 20130117) max_hops=1
[    2.165587] Key type dns_resolver registered
[    2.170206] ThumbEE CPU extension supported.
[    2.174491] Registering SWP/SWPB emulation handler
[    2.187264] utmi_phy_clk_enable: timeout waiting for phy to stabilize
[    2.193747] tegra-ehci c5000000.usb: EHCI Host Controller
[    2.199150] tegra-ehci c5000000.usb: new USB bus registered, assigned bus number 2
[    2.207015] tegra-ehci c5000000.usb: irq 288, io mem 0xc5000000
[    2.208911] mmc0: host does not support reading read-only switch, assuming write-enable
[    2.210720] mmc0: new high speed SDHC card at address b368
[    2.213110] mmcblk0: mmc0:b368 NCard 3.70 GiB 
[    2.228136]  mmcblk0: p1
[    2.241934] usb 1-1: new high-speed USB device number 2 using tegra-ehci
[    2.271924] tegra-ehci c5000000.usb: USB 2.0 started, EHCI 1.00
[    2.278782] hub 2-0:1.0: USB hub found
[    2.282617] hub 2-0:1.0: 1 port detected
[    2.287911] input: gpio-keys as /devices/soc0/gpio-keys/input/input0
[    2.295005] rtc-em3027 2-0056: setting system clock to 2015-02-06 03:15:08 UTC (1423192508)
[    2.305278] EXT4-fs (mmcblk0p1): mounting ext3 file system using the ext4 subsystem
[    2.310950] mmc1: new high speed SD card at address b368
[    2.311487] mmcblk1: mmc1:b368 NCard 1.83 GiB (ro)
[    2.314252]  mmcblk1: p1 p2
[    2.406609] EXT4-fs (mmcblk0p1): recovery complete
[    2.411404] EXT4-fs (mmcblk0p1): mounted filesystem with ordered data mode. Opts: (null)
[    2.419536] VFS: Mounted root (ext3 filesystem) on device 179:1.
[    2.428659] devtmpfs: mounted
[    2.434136] Freeing unused kernel memory: 2048K
[    2.463314] hub 1-1:1.0: USB hub found
[    2.467227] hub 1-1:1.0: 4 ports detected
[    2.504311] random: fast init done
bash: cannot set terminal process group (-1): Inappropriate ioctl for device
bash: no job control in this shell
root@(none):/# [    2.791941] usb 1-1.2: new high-speed USB device number 3 using tegra-ehci
mount -t sysfs none /sys
root@(none):/# 
root@(none):/# mount -t debugfs none /sys/kernel/debug
root@(none):/# 
root@(none):/# rtcwake -d rtc1 -m mem -s 3
rtcwake: assuming RTC uses UTC ...
rtcwake: wakeup from "mem" using /dev/rtc1 at Thu Jan  1 00:00:23 1970
[    8.164798] PM: Syncing filesystems ... done.
[    8.210850] Freezing user space processes ... (elapsed 0.001 seconds) done.
[    8.219259] Freezing remaining freezable tasks ... (elapsed 0.001 seconds) done.
[    8.228286] Suspending console(s) (use no_console_suspend to debug)
[    8.267441] pci_generic_config_write32: 37 callbacks suppressed
[    8.267484] pci_bus 0000:00: 2-byte config write to 0000:00:01.0 offset 0x9c may corrupt adjacent RW1C bits
[    8.279866] PM: suspend of devices complete after 42.757 msecs
[    8.284751] PM: late suspend of devices complete after 4.853 msecs
[    8.289341] pci_bus 0000:01: 2-byte config write to 0000:01:00.0 offset 0x44 may corrupt adjacent RW1C bits
[    8.289398] pci_bus 0000:01: 2-byte config write to 0000:01:00.0 offset 0x44 may corrupt adjacent RW1C bits
[    8.312618] PM: noirq suspend of devices complete after 27.837 msecs
[    8.312629] Disabling non-boot CPUs ...
[    8.314424] CPU1: shutdown
[    8.376162] Entering suspend state LP1
[    8.376162] Suspended for 0.671 seconds
[    8.376205] Enabling non-boot CPUs ...
[    8.406181] CPU1 is up
[    8.407043] pci_bus 0000:00: 2-byte config write to 0000:00:01.0 offset 0x4c may corrupt adjacent RW1C bits
[    8.407089] pci_bus 0000:00: 2-byte config write to 0000:00:01.0 offset 0x88 may corrupt adjacent RW1C bits
[    8.407120] pci_bus 0000:00: 2-byte config write to 0000:00:01.0 offset 0x90 may corrupt adjacent RW1C bits
[    8.407147] pci_bus 0000:00: 2-byte config write to 0000:00:01.0 offset 0x98 may corrupt adjacent RW1C bits
[    8.407175] pci_bus 0000:00: 2-byte config write to 0000:00:01.0 offset 0x9c may corrupt adjacent RW1C bits
[    8.407255] pci_bus 0000:00: 2-byte config write to 0000:00:01.0 offset 0x52 may corrupt adjacent RW1C bits
[    8.407286] pci_bus 0000:00: 2-byte config write to 0000:00:01.0 offset 0x52 may corrupt adjacent RW1C bits
[    8.407357] pcieport 0000:00:01.0: nv_msi_ht_cap_quirk didn't locate host bridge
[    8.432148] PM: noirq resume of devices complete after 25.936 msecs
[    8.435818] PM: early resume of devices complete after 3.088 msecs
[    8.981030] PM: resume of devices complete after 545.179 msecs
[    9.152105] Restarting tasks ... done.
root@(none):/# 
root@(none):/# rtcwake -d rtc1 -m mem -s 3
rtcwake: assuming RTC uses UTC ...
rtcwake: wakeup from "mem" using /dev/rtc1 at Thu Jan  1 00:00:28 1970
[   10.016937] PM: Syncing filesystems ... done.
[   10.062117] Freezing user space processes ... (elapsed 0.001 seconds) done.
[   10.070568] Freezing remaining freezable tasks ... (elapsed 0.001 seconds) done.
[   10.079603] Suspending console(s) (use no_console_suspend to debug)
[   10.129139] PM: suspend of devices complete after 40.706 msecs
[   10.134153] PM: late suspend of devices complete after 4.983 msecs
[   10.162453] PM: noirq suspend of devices complete after 28.270 msecs
[   10.162465] Disabling non-boot CPUs ...
[   10.164440] CPU1: shutdown
[   10.225169] Entering suspend state LP1
[   10.225169] Suspended for 3.150 seconds
[   10.225212] Enabling non-boot CPUs ...
[   10.256175] CPU1 is up
[   10.257156] pcieport 0000:00:01.0: nv_msi_ht_cap_quirk didn't locate host bridge
[   10.282079] PM: noirq resume of devices complete after 25.872 msecs
[   10.286070] PM: early resume of devices complete after 3.233 msecs
[   10.835997] PM: resume of devices complete after 549.893 msecs
[   10.903881] Restarting tasks ... done.
root@(none):/# 
root@(none):/# rtcwake -d rtc1 -m mem -s 3
rtcwake: assuming RTC uses UTC ...
rtcwake: wakeup from "mem" using /dev/rtc1 at Thu Jan  1 00:00:33 1970
[   11.866276] PM: Syncing filesystems ... done.
[   11.911380] Freezing user space processes ... (elapsed 0.001 seconds) done.
[   11.919818] Freezing remaining freezable tasks ... (elapsed 0.001 seconds) done.
[   11.928893] Suspending console(s) (use no_console_suspend to debug)
[   11.979468] PM: suspend of devices complete after 41.813 msecs
[   11.984340] PM: late suspend of devices complete after 4.840 msecs
[   12.012418] PM: noirq suspend of devices complete after 28.046 msecs
[   12.012429] Disabling non-boot CPUs ...
[   12.014347] CPU1: shutdown
[   12.055084] Entering suspend state LP1
[   12.055084] Suspended for 3.169 seconds
[   12.055127] Enabling non-boot CPUs ...
[   12.086053] CPU1 is up
[   12.088608] pcieport 0000:00:01.0: nv_msi_ht_cap_quirk didn't locate host bridge
[   12.112040] PM: noirq resume of devices complete after 25.954 msecs
[   12.116094] PM: early resume of devices complete after 3.284 msecs
[   12.660353] PM: resume of devices complete after 544.226 msecs
[   12.728242] Restarting tasks ... done.
root@(none):/# 
root@(none):/# rtcwake -d rtc1 -m mem -s 3
rtcwake: assuming RTC uses UTC ...
rtcwake: wakeup from "mem" using /dev/rtc1 at Thu Jan  1 00:00:38 1970
[   13.696061] PM: Syncing filesystems ... done.
[   13.741138] Freezing user space processes ... (elapsed 0.000 seconds) done.
[   13.749116] Freezing remaining freezable tasks ... (elapsed 0.001 seconds) done.
[   13.757985] Suspending console(s) (use no_console_suspend to debug)
[   13.797800] pci_generic_config_write32: 65 callbacks suppressed
[   13.797843] pci_bus 0000:00: 2-byte config write to 0000:00:01.0 offset 0x9c may corrupt adjacent RW1C bits
[   13.809607] PM: suspend of devices complete after 43.578 msecs
[   13.814928] PM: late suspend of devices complete after 5.290 msecs
[   13.819666] pci_bus 0000:01: 2-byte config write to 0000:01:00.0 offset 0x44 may corrupt adjacent RW1C bits
[   13.819723] pci_bus 0000:01: 2-byte config write to 0000:01:00.0 offset 0x44 may corrupt adjacent RW1C bits
[   13.842273] PM: noirq suspend of devices complete after 27.315 msecs
[   13.842284] Disabling non-boot CPUs ...
[   13.844096] CPU1: shutdown
[   13.905017] Entering suspend state LP1
[   13.905017] Suspended for 3.149 seconds
[   13.905060] Enabling non-boot CPUs ...
[   13.935965] CPU1 is up
[   13.936662] pci_bus 0000:00: 2-byte config write to 0000:00:01.0 offset 0x4c may corrupt adjacent RW1C bits
[   13.936708] pci_bus 0000:00: 2-byte config write to 0000:00:01.0 offset 0x88 may corrupt adjacent RW1C bits
[   13.936739] pci_bus 0000:00: 2-byte config write to 0000:00:01.0 offset 0x90 may corrupt adjacent RW1C bits
[   13.936767] pci_bus 0000:00: 2-byte config write to 0000:00:01.0 offset 0x98 may corrupt adjacent RW1C bits
[   13.936795] pci_bus 0000:00: 2-byte config write to 0000:00:01.0 offset 0x9c may corrupt adjacent RW1C bits
[   13.936874] pci_bus 0000:00: 2-byte config write to 0000:00:01.0 offset 0x52 may corrupt adjacent RW1C bits
[   13.936906] pci_bus 0000:00: 2-byte config write to 0000:00:01.0 offset 0x52 may corrupt adjacent RW1C bits
[   13.936977] pcieport 0000:00:01.0: nv_msi_ht_cap_quirk didn't locate host bridge
[   13.961903] PM: noirq resume of devices complete after 25.905 msecs
[   13.965901] PM: early resume of devices complete after 3.221 msecs
[   14.510381] PM: resume of devices complete after 544.448 msecs
[   14.681370] Restarting tasks ... done.
root@(none):/# 
root@(none):/# rtcwake -d rtc1 -m mem -s 3
rtcwake: assuming RTC uses UTC ...
rtcwake: wakeup from "mem" using /dev/rtc1 at Thu Jan  1 00:00:43 1970
[   15.546063] PM: Syncing filesystems ... done.
[   15.591167] Freezing user space processes ... (elapsed 0.001 seconds) done.
[   15.599631] Freezing remaining freezable tasks ... (elapsed 0.001 seconds) done.
[   15.608606] Suspending console(s) (use no_console_suspend to debug)
[   15.659526] PM: suspend of devices complete after 42.865 msecs
[   15.664737] PM: late suspend of devices complete after 5.179 msecs
[   15.692244] PM: noirq suspend of devices complete after 27.476 msecs
[   15.692255] Disabling non-boot CPUs ...
[   15.694183] CPU1: shutdown
[   15.734934] Entering suspend state LP1
[   15.734934] Suspended for 3.169 seconds
[   15.734977] Enabling non-boot CPUs ...
[   15.765897] CPU1 is up
[   15.767361] pcieport 0000:00:01.0: nv_msi_ht_cap_quirk didn't locate host bridge
[   15.791816] PM: noirq resume of devices complete after 25.887 msecs
[   15.795709] PM: early resume of devices complete after 3.138 msecs
[   16.340611] PM: resume of devices complete after 544.871 msecs
[   16.408608] Restarting tasks ... done.
root@(none):/# 
root@(none):/# rtcwake -d rtc1 -m mem [   17.386757] random: crng init done
-s 3
rtcwake: assuming RTC uses UTC ...
rtcwake: wakeup from "mem" using /dev/rtc1 at Thu Jan  1 00:00:48 1970
[   17.432249] PM: Syncing filesystems ... done.
[   17.464800] Freezing user space processes ... (elapsed 0.001 seconds) done.
[   17.473166] Freezing remaining freezable tasks ... (elapsed 0.001 seconds) done.
[   17.482035] Suspending console(s) (use no_console_suspend to debug)
[   17.517261] PM: suspend of devices complete after 27.205 msecs
[   17.522598] PM: late suspend of devices complete after 5.305 msecs
[   17.552093] PM: noirq suspend of devices complete after 29.464 msecs
[   17.552104] Disabling non-boot CPUs ...
[   17.553898] CPU1: shutdown
[   17.584818] Entering suspend state LP1
[   17.584818] Suspended for 3.150 seconds
[   17.584861] Enabling non-boot CPUs ...
[   17.615818] CPU1 is up
[   17.616981] pcieport 0000:00:01.0: nv_msi_ht_cap_quirk didn't locate host bridge
[   17.641723] PM: noirq resume of devices complete after 25.873 msecs
[   17.645627] PM: early resume of devices complete after 3.144 msecs
[   18.190042] PM: resume of devices complete after 544.383 msecs
[   18.258008] Restarting tasks ... done.
root@(none):/# 
root@(none):/# rtcwake -d rtc1 -m mem -s 3
rtcwake: assuming RTC uses UTC ...
rtcwake: wakeup from "mem" using /dev/rtc1 at Thu Jan  1 00:00:53 1970
[   19.225915] PM: Syncing filesystems ... done.
[   19.270983] Freezing user space processes ... (elapsed 0.001 seconds) done.
[   19.279427] Freezing remaining freezable tasks ... (elapsed 0.001 seconds) done.
[   19.288490] Suspending console(s) (use no_console_suspend to debug)
[   19.326229] pci_generic_config_write32: 65 callbacks suppressed
[   19.326273] pci_bus 0000:00: 2-byte config write to 0000:00:01.0 offset 0x9c may corrupt adjacent RW1C bits
[   19.338634] PM: suspend of devices complete after 41.351 msecs
[   19.343531] PM: late suspend of devices complete after 4.866 msecs
[   19.347444] pci_bus 0000:01: 2-byte config write to 0000:01:00.0 offset 0x44 may corrupt adjacent RW1C bits
[   19.347501] pci_bus 0000:01: 2-byte config write to 0000:01:00.0 offset 0x44 may corrupt adjacent RW1C bits
[   19.372042] PM: noirq suspend of devices complete after 28.480 msecs
[   19.372053] Disabling non-boot CPUs ...
[   19.373839] CPU1: shutdown
[   19.424740] Entering suspend state LP1
[   19.424740] Suspended for 3.159 seconds
[   19.424784] Enabling non-boot CPUs ...
[   19.455724] CPU1 is up
[   19.458179] pci_bus 0000:00: 2-byte config write to 0000:00:01.0 offset 0x4c may corrupt adjacent RW1C bits
[   19.458225] pci_bus 0000:00: 2-byte config write to 0000:00:01.0 offset 0x88 may corrupt adjacent RW1C bits
[   19.458256] pci_bus 0000:00: 2-byte config write to 0000:00:01.0 offset 0x90 may corrupt adjacent RW1C bits
[   19.458287] pci_bus 0000:00: 2-byte config write to 0000:00:01.0 offset 0x98 may corrupt adjacent RW1C bits
[   19.458315] pci_bus 0000:00: 2-byte config write to 0000:00:01.0 offset 0x9c may corrupt adjacent RW1C bits
[   19.458394] pci_bus 0000:00: 2-byte config write to 0000:00:01.0 offset 0x52 may corrupt adjacent RW1C bits
[   19.458425] pci_bus 0000:00: 2-byte config write to 0000:00:01.0 offset 0x52 may corrupt adjacent RW1C bits
[   19.458495] pcieport 0000:00:01.0: nv_msi_ht_cap_quirk didn't locate host bridge
[   19.481707] PM: noirq resume of devices complete after 25.949 msecs
[   19.485379] PM: early resume of devices complete after 3.095 msecs
[   20.030373] PM: resume of devices complete after 544.962 msecs
[   20.201433] Restarting tasks ... done.
root@(none):/# 
root@(none):/# rtcwake -d rtc1 -m mem -s 3
rtcwake: assuming RTC uses UTC ...
rtcwake: wakeup from "mem" using /dev/rtc1 at Thu Jan  1 00:00:58 1970
[   21.066436] PM: Syncing filesystems ... done.
[   21.111581] Freezing user space processes ... (elapsed 0.001 seconds) done.
[   21.120029] Freezing remaining freezable tasks ... (elapsed 0.001 seconds) done.
[   21.129030] Suspending console(s) (use no_console_suspend to debug)
[   21.179545] PM: suspend of devices complete after 41.722 msecs
[   21.184859] PM: late suspend of devices complete after 5.281 msecs
[   21.211986] PM: noirq suspend of devices complete after 27.096 msecs
[   21.211997] Disabling non-boot CPUs ...
[   21.213991] CPU1: shutdown
[   21.274670] Entering suspend state LP1
[   21.274670] Suspended for 3.149 seconds
[   21.274712] Enabling non-boot CPUs ...
[   21.305643] CPU1 is up
[   21.308194] pcieport 0000:00:01.0: nv_msi_ht_cap_quirk didn't locate host bridge
[   21.331614] PM: noirq resume of devices complete after 25.939 msecs
[   21.335676] PM: early resume of devices complete after 3.311 msecs
[   21.879626] PM: resume of devices complete after 543.919 msecs
[   21.947529] Restarting tasks ... done.
root@(none):/# 
root@(none):/# rtcwake -d rtc1 -m mem -s 3
rtcwake: assuming RTC uses UTC ...
rtcwake: wakeup from "mem" using /dev/rtc1 at Thu Jan  1 00:01:03 1970
[   22.926342] PM: Syncing filesystems ... done.
[   22.971516] Freezing user space processes ... (elapsed 0.001 seconds) done.
[   22.979878] Freezing remaining freezable tasks ... (elapsed 0.001 seconds) done.
[   22.988755] Suspending console(s) (use no_console_suspend to debug)
[   23.038825] PM: suspend of devices complete after 42.015 msecs
[   23.044038] PM: late suspend of devices complete after 5.181 msecs
[   23.071852] PM: noirq suspend of devices complete after 27.785 msecs
[   23.071863] Disabling non-boot CPUs ...
[   23.073841] CPU1: shutdown
[   23.134568] Entering suspend state LP1
[   23.134568] Suspended for 3.140 seconds
[   23.134612] Enabling non-boot CPUs ...
[   23.165606] CPU1 is up
[   23.166663] pcieport 0000:00:01.0: nv_msi_ht_cap_quirk didn't locate host bridge
[   23.191501] PM: noirq resume of devices complete after 25.862 msecs
[   23.195471] PM: early resume of devices complete after 3.217 msecs
[   23.739643] PM: resume of devices complete after 544.140 msecs
[   23.807549] Restarting tasks ... done.
root@(none):/# 
root@(none):/# rtcwake -d rtc1 -m mem -s 3
rtcwake: assuming RTC uses UTC ...
rtcwake: wakeup from "mem" using /dev/rtc1 at Thu Jan  1 00:01:08 1970
[   24.785530] PM: Syncing filesystems ... done.
[   24.830584] Freezing user space processes ... (elapsed 0.001 seconds) done.
[   24.838938] Freezing remaining freezable tasks ... (elapsed 0.001 seconds) done.
[   24.847802] Suspending console(s) (use no_console_suspend to debug)
[   24.887340] pci_generic_config_write32: 65 callbacks suppressed
[   24.887384] pci_bus 0000:00: 2-byte config write to 0000:00:01.0 offset 0x9c may corrupt adjacent RW1C bits
[   24.899147] PM: suspend of devices complete after 43.303 msecs
[   24.904183] PM: late suspend of devices complete after 5.005 msecs
[   24.908761] pci_bus 0000:01: 2-byte config write to 0000:01:00.0 offset 0x44 may corrupt adjacent RW1C bits
[   24.908819] pci_bus 0000:01: 2-byte config write to 0000:01:00.0 offset 0x44 may corrupt adjacent RW1C bits
[   24.931818] PM: noirq suspend of devices complete after 27.605 msecs
[   24.931829] Disabling non-boot CPUs ...
[   24.933623] CPU1: shutdown
[   24.984516] Entering suspend state LP1
[   24.984516] Suspended for 3.149 seconds
[   24.984559] Enabling non-boot CPUs ...
[   25.015490] CPU1 is up
[   25.016551] pci_bus 0000:00: 2-byte config write to 0000:00:01.0 offset 0x4c may corrupt adjacent RW1C bits
[   25.016598] pci_bus 0000:00: 2-byte config write to 0000:00:01.0 offset 0x88 may corrupt adjacent RW1C bits
[   25.016629] pci_bus 0000:00: 2-byte config write to 0000:00:01.0 offset 0x90 may corrupt adjacent RW1C bits
[   25.016657] pci_bus 0000:00: 2-byte config write to 0000:00:01.0 offset 0x98 may corrupt adjacent RW1C bits
[   25.016684] pci_bus 0000:00: 2-byte config write to 0000:00:01.0 offset 0x9c may corrupt adjacent RW1C bits
[   25.016764] pci_bus 0000:00: 2-byte config write to 0000:00:01.0 offset 0x52 may corrupt adjacent RW1C bits
[   25.016796] pci_bus 0000:00: 2-byte config write to 0000:00:01.0 offset 0x52 may corrupt adjacent RW1C bits
[   25.016868] pcieport 0000:00:01.0: nv_msi_ht_cap_quirk didn't locate host bridge
[   25.041396] PM: noirq resume of devices complete after 25.874 msecs
[   25.045115] PM: early resume of devices complete after 3.141 msecs
[   25.590262] PM: resume of devices complete after 545.116 msecs
[   25.761302] Restarting tasks ... done.
root@(none):/# 
root@(none):/# NVTB SYSTEM SUSPEND TEST COMPLETE
