

U-Boot 2015.04-00466-gedec83e90172 (Mar 14 2016 - 10:42:01)

TEGRA124
Model: Acer Chromebook 13 CB5-311
DRAM:  4 GiB
:   Tegra SD/MMC: 0, Tegra SD/MMC: 1, Tegra SD/MMC: 2
MMC init failed
Using default environment

In:    serial
Out:   serial
Err:   serial
Net:   Net Initialization Skipped
No ethernet found.
Hit any key to stop autoboot:  2  0 
Tegra124 (Nyan-big) # 
Tegra124 (Nyan-big) # usb start
starting USB...
USB0:   USB EHCI 1.10
scanning bus 0 for devices... 2 USB Device(s) found
USB1:   USB EHCI 1.10
scanning bus 1 for devices... 2 USB Device(s) found
       scanning usb for storage devices... 1 Storage Device(s) found
       scanning usb for ethernet devices... 
Warning: asx0 using MAC address from net device
1 Ethernet Device(s) found
Tegra124 (Nyan-big) # mw 0x7000e4a0 0x00080000
Tegra124 (Nyan-big) # setenv bootargs 'ignore_loglevel console=ttyS0,115200n8 rw root=PARTUUID=4d36e82a-b3c0-4b4b-bfcd-afe5217ac023 rootwait gpt debug noinitrd earlyprintk init=/bin/bash'
Tegra124 (Nyan-big) # setenv ipaddr 192.168.100.102; setenv serverip 192.168.100.1; setenv tftpserverip 192.168.100.1
Tegra124 (Nyan-big) # tftpboot 0x82000000 zImage.multi_v7_defconfig
Using asx0 device
TFTP from server 192.168.100.1; our IP address is 192.168.100.102
Filename 'zImage.multi_v7_defconfig'.
Load address: 0x82000000
Loading: *#################################################################
	 #################################################################
	 #################################################################
	 #################################################################
	 #################################################################
	 #################################################################
	 #################################################################
	 ###########################################################
	 3.5 MiB/s
done
Bytes transferred = 7543320 (731a18 hex)
Tegra124 (Nyan-big) # tftpboot 0x83000000 tegra124-nyan-big.dtb
Using asx0 device
TFTP from server 192.168.100.1; our IP address is 192.168.100.102
Filename 'tegra124-nyan-big.dtb'.
Load address: 0x83000000
Loading: *#####
	 3.4 MiB/s
done
Bytes transferred = 68155 (10a3b hex)
Tegra124 (Nyan-big) # bootz 0x82000000 - 0x83000000
Kernel image @ 0x82000000 [ 0x000000 - 0x731a18 ]
## Flattened Device Tree blob at 83000000
   Booting using the fdt blob at 0x83000000
   Using Device Tree in place at 83000000, end 83013a3a

Starting kernel ...

[    0.000000] Booting Linux on physical CPU 0x0
[    0.000000] Linux version 4.11.0-157163-ga351e9b (jonathanh@sellafield) (gcc version 4.7.3 20130328 (prerelease) (crosstool-NG linaro-1.13.1-4.7-2013.04-20130415 - Linaro GCC 2013.04) ) #1 SMP Sun Apr 30 20:05:23 PDT 2017
[    0.000000] CPU: ARMv7 Processor [413fc0f3] revision 3 (ARMv7), cr=10c5387d
[    0.000000] CPU: div instructions available: patching division code
[    0.000000] CPU: PIPT / VIPT nonaliasing data cache, PIPT instruction cache
[    0.000000] OF: fdt: Machine model: Acer Chromebook 13 CB5-311
[    0.000000] OF: fdt: Ignoring memory range 0x100000000 - 0x17ffff000
[    0.000000] debug: ignoring loglevel setting.
[    0.000000] efi: Getting EFI parameters from FDT:
[    0.000000] efi: UEFI not found.
[    0.000000] cma: Reserved 64 MiB at 0xfb800000
[    0.000000] Memory policy: Data cache writealloc
[    0.000000] On node 0 totalpages: 524287
[    0.000000] free_area_init_node: node 0, pgdat c1538200, node_mem_map eeff8000
[    0.000000]   DMA zone: 1536 pages used for memmap
[    0.000000]   DMA zone: 0 pages reserved
[    0.000000]   DMA zone: 196608 pages, LIFO batch:31
[    0.000000]   HighMem zone: 327679 pages, LIFO batch:31
[    0.000000] percpu: Embedded 16 pages/cpu @eef85000 s34432 r8192 d22912 u65536
[    0.000000] pcpu-alloc: s34432 r8192 d22912 u65536 alloc=16*4096
[    0.000000] pcpu-alloc: [0] 0 [0] 1 [0] 2 [0] 3 
[    0.000000] Built 1 zonelists in Zone order, mobility grouping on.  Total pages: 522751
[    0.000000] Kernel command line: ignore_loglevel console=ttyS0,115200n8 rw root=PARTUUID=4d36e82a-b3c0-4b4b-bfcd-afe5217ac023 rootwait gpt debug noinitrd earlyprintk init=/bin/bash
[    0.000000] PID hash table entries: 4096 (order: 2, 16384 bytes)
[    0.000000] Dentry cache hash table entries: 131072 (order: 7, 524288 bytes)
[    0.000000] Inode-cache hash table entries: 65536 (order: 6, 262144 bytes)
[    0.000000] Memory: 1994668K/2097148K available (10240K kernel code, 1254K rwdata, 4212K rodata, 2048K init, 536K bss, 36944K reserved, 65536K cma-reserved, 1245180K highmem)
[    0.000000] Virtual kernel memory layout:
[    0.000000]     vector  : 0xffff0000 - 0xffff1000   (   4 kB)
[    0.000000]     fixmap  : 0xffc00000 - 0xfff00000   (3072 kB)
[    0.000000]     vmalloc : 0xf0800000 - 0xff800000   ( 240 MB)
[    0.000000]     lowmem  : 0xc0000000 - 0xf0000000   ( 768 MB)
[    0.000000]     pkmap   : 0xbfe00000 - 0xc0000000   (   2 MB)
[    0.000000]     modules : 0xbf000000 - 0xbfe00000   (  14 MB)
[    0.000000]       .text : 0xc0208000 - 0xc0d00000   (11232 kB)
[    0.000000]       .init : 0xc1200000 - 0xc1400000   (2048 kB)
[    0.000000]       .data : 0xc1400000 - 0xc1539b20   (1255 kB)
[    0.000000]        .bss : 0xc153b000 - 0xc15c12b8   ( 537 kB)
[    0.000000] SLUB: HWalign=64, Order=0-3, MinObjects=0, CPUs=4, Nodes=1
[    0.000000] Hierarchical RCU implementation.
[    0.000000] 	RCU debugfs-based tracing is enabled.
[    0.000000] 	Build-time adjustment of leaf fanout to 32.
[    0.000000] 	RCU restricting CPUs from NR_CPUS=16 to nr_cpu_ids=4.
[    0.000000] RCU: Adjusting geometry for rcu_fanout_leaf=32, nr_cpu_ids=4
[    0.000000] NR_IRQS:16 nr_irqs:16 16
[    0.000000] /interrupt-controller@60004000: 160 interrupts forwarded to /interrupt-controller@50041000
[    0.000000] Tegra clk 127: register failed with -17
[    0.000004] sched_clock: 32 bits at 1000kHz, resolution 1000ns, wraps every 2147483647500ns
[    0.000013] clocksource: timer_us: mask: 0xffffffff max_cycles: 0xffffffff, max_idle_ns: 1911260446275 ns
[    0.000019] Switching to timer-based delay loop, resolution 1000ns
[    0.001879] arm_arch_timer: Architected cp15 timer(s) running at 12.00MHz (virt).
[    0.001886] clocksource: arch_sys_counter: mask: 0xffffffffffffff max_cycles: 0x2c47f4ee7, max_idle_ns: 440795202497 ns
[    0.001893] sched_clock: 56 bits at 12MHz, resolution 83ns, wraps every 4398046511096ns
[    0.001898] Switching to timer-based delay loop, resolution 83ns
[    0.002112] Console: colour dummy device 80x30
[    0.002127] Calibrating delay loop (skipped), value calculated using timer frequency.. 24.00 BogoMIPS (lpj=120000)
[    0.002133] pid_max: default: 32768 minimum: 301
[    0.002177] Mount-cache hash table entries: 2048 (order: 1, 8192 bytes)
[    0.002181] Mountpoint-cache hash table entries: 2048 (order: 1, 8192 bytes)
[    0.002379] CPU: Testing write buffer coherency: ok
[    0.002501] /cpus/cpu@0 missing clock-frequency property
[    0.002516] /cpus/cpu@1 missing clock-frequency property
[    0.002530] /cpus/cpu@2 missing clock-frequency property
[    0.002544] /cpus/cpu@3 missing clock-frequency property
[    0.002550] CPU0: thread -1, cpu 0, socket 0, mpidr 80000000
[    0.002665] Setting up static identity map for 0x80300000 - 0x80300098
[    0.004014] Tegra Revision: A01 SKU: 131 CPU Process: 1 SoC Process: 1
[    0.004249] EFI services will not be available.
[    0.004345] smp: Bringing up secondary CPUs ...
[    0.004639] CPU1: thread -1, cpu 1, socket 0, mpidr 80000001
[    0.012045] CPU2: thread -1, cpu 2, socket 0, mpidr 80000002
[    0.022046] CPU3: thread -1, cpu 3, socket 0, mpidr 80000003
[    0.031772] smp: Brought up 1 node, 4 CPUs
[    0.031779] SMP: Total of 4 processors activated (96.00 BogoMIPS).
[    0.031783] CPU: All CPU(s) started in SVC mode.
[    0.032331] devtmpfs: initialized
[    0.037900] VFP support v0.3: implementor 41 architecture 4 part 30 variant f rev 0
[    0.038093] clocksource: jiffies: mask: 0xffffffff max_cycles: 0xffffffff, max_idle_ns: 19112604462750000 ns
[    0.038102] futex hash table entries: 1024 (order: 4, 65536 bytes)
[    0.038666] pinctrl core: initialized pinctrl subsystem
[    0.039442] NET: Registered protocol family 16
[    0.040193] DMA: preallocated 256 KiB pool for atomic coherent allocations
[    0.041102] cpuidle: using governor menu
[    0.050162] No ATAGs?
[    0.050218] hw-breakpoint: found 5 (+1 reserved) breakpoint and 4 watchpoint registers.
[    0.050224] hw-breakpoint: maximum watchpoint size is 8 bytes.
[    0.052789] Serial: AMBA PL011 UART driver
[    0.053138] tegra-mc 70019000.memory-controller: no memory timings for RAM code 0 registered
[    0.058426] +5V_SYS: supplied by +VDD_MUX
[    0.058519] +3.3V_SYS: supplied by +VDD_MUX
[    0.058725] +VDD_LED: Failed to request enable GPIO122: -517
[    0.058731] reg-fixed-voltage regulators:regulator@5: Failed to register regulator: -517
[    0.058763] +5V_VDD_TS_SW: Failed to request enable GPIO81: -517
[    0.058767] reg-fixed-voltage regulators:regulator@6: Failed to register regulator: -517
[    0.058797] +5V_USB_HS: Failed to request enable GPIO108: -517
[    0.058802] reg-fixed-voltage regulators:regulator@7: Failed to register regulator: -517
[    0.058831] +5V_USB_SS: Failed to request enable GPIO109: -517
[    0.058836] reg-fixed-voltage regulators:regulator@8: Failed to register regulator: -517
[    0.058914] +1.05V_RUN_AVDD_HDMI_PLL: Failed to request enable GPIO63: -517
[    0.058919] reg-fixed-voltage regulators:regulator@11: Failed to register regulator: -517
[    0.058948] +5V_HDMI_CON: Failed to request enable GPIO86: -517
[    0.058953] reg-fixed-voltage regulators:regulator@12: Failed to register regulator: -517
[    0.060000] vgaarb: loaded
[    0.060270] SCSI subsystem initialized
[    0.060338] libata version 3.00 loaded.
[    0.060425] usbcore: registered new interface driver usbfs
[    0.060446] usbcore: registered new interface driver hub
[    0.060467] usbcore: registered new device driver usb
[    0.061727] pps_core: LinuxPPS API ver. 1 registered
[    0.061731] pps_core: Software ver. 5.3.6 - Copyright 2005-2007 Rodolfo Giometti <giometti@linux.it>
[    0.061738] PTP clock support registered
[    0.061815] EDAC MC: Ver: 3.0.0
[    0.062214] tegra-emc 7001b000.emc: no memory timings for RAM code 0 found in DT
[    0.062224] tegra-emc: probe of 7001b000.emc failed with error -2
[    0.062649] clocksource: Switched to clocksource arch_sys_counter
[    0.065830] NET: Registered protocol family 2
[    0.066021] TCP established hash table entries: 8192 (order: 3, 32768 bytes)
[    0.066055] TCP bind hash table entries: 8192 (order: 4, 65536 bytes)
[    0.066117] TCP: Hash tables configured (established 8192 bind 8192)
[    0.066154] UDP hash table entries: 512 (order: 2, 16384 bytes)
[    0.066169] UDP-Lite hash table entries: 512 (order: 2, 16384 bytes)
[    0.066227] NET: Registered protocol family 1
[    0.066346] RPC: Registered named UNIX socket transport module.
[    0.066350] RPC: Registered udp transport module.
[    0.066353] RPC: Registered tcp transport module.
[    0.066356] RPC: Registered tcp NFSv4.1 backchannel transport module.
[    0.066361] PCI: CLS 0 bytes, default 64
[    0.066788] hw perfevents: enabled with armv7_cortex_a15 PMU driver, 7 counters available
[    0.067442] workingset: timestamp_bits=30 max_order=19 bucket_order=0
[    0.070210] squashfs: version 4.0 (2009/01/31) Phillip Lougher
[    0.070454] NFS: Registering the id_resolver key type
[    0.070466] Key type id_resolver registered
[    0.070469] Key type id_legacy registered
[    0.070485] ntfs: driver 2.1.32 [Flags: R/O].
[    0.071058] bounce: pool size: 64 pages
[    0.071074] Block layer SCSI generic (bsg) driver version 0.4 loaded (major 248)
[    0.071078] io scheduler noop registered
[    0.071081] io scheduler deadline registered
[    0.071135] io scheduler cfq registered (default)
[    0.071139] io scheduler mq-deadline registered
[    0.072919] tegra-xusb-padctl 7009f000.padctl: failed to setup XUSB ports: -517
[    0.082331] tegra-apbdma 60020000.dma: Tegra20 APB DMA driver register 32 channels
[    0.083022] tegra-pmc 7000e400.pmc: i2c-thermtrip node not found, emergency thermal reset disabled.
[    0.101046] Serial: 8250/16550 driver, 4 ports, IRQ sharing disabled
[    0.102058] console [ttyS0] disabled
[    0.102075] 70006000.serial: ttyS0 at MMIO 0x70006000 (irq = 333, base_baud = 25500000) is a Tegra
[    0.985061] console [ttyS0] enabled
[    0.988831] SuperH (H)SCI(F) driver initialized
[    0.993682] msm_serial: driver initialized
[    0.997826] STMicroelectronics ASC driver initialized
[    1.005352] tegra-hdmi 54280000.hdmi: failed to get HDMI regulator
[    1.011878] tegra-dpaux 545c0000.dpaux: failed to get VDD supply: -517
[    1.019185] panel-simple panel: panel supply power not found, using dummy regulator
[    1.030353] brd: module loaded
[    1.036074] loop: module loaded
[    1.040091] as3722 4-0040: AS3722 with revision 0x1 found
[    1.050064] as3722-sd2: supplied by +5V_SYS
[    1.054480] as3722-sd3: supplied by +5V_SYS
[    1.058806] +1.35V_LP0(sd3): Bringing 0uV into 1350000-1350000uV
[    1.065024] as3722-sd4: supplied by +5V_SYS
[    1.069353] +1.05V_RUN: Bringing 0uV into 1050000-1050000uV
[    1.075093] as3722-sd5: supplied by +5V_SYS
[    1.080664] as3722-ldo0: supplied by +1.35V_LP0(sd2)
[    1.086392] +1.8V_RUN_CAM: Bringing 0uV into 1800000-1800000uV
[    1.092402] as3722-ldo2: supplied by +1.8V_VDDIO
[    1.098017] as3722-ldo3: supplied by +3.3V_SYS
[    1.102462] +1.00V_LP0_VDD_RTC: Bringing 1100000uV into 1000000-1000000uV
[    1.110031] as3722-ldo4: supplied by +3.3V_SYS
[    1.114643] +3.3V_RUN_CAM: Bringing 0uV into 2800000-2800000uV
[    1.120652] as3722-ldo5: supplied by +1.8V_VDDIO
[    1.125424] +1.2V_RUN_CAM_FRONT: Bringing 0uV into 1200000-1200000uV
[    1.132098] +VDDIO_SDMMC3: Bringing 0uV into 1800000-1800000uV
[    1.138117] as3722-ldo7: supplied by +1.8V_VDDIO
[    1.142889] +1.05V_RUN_CAM_REAR: Bringing 0uV into 1050000-1050000uV
[    1.149426] as3722-ldo9: supplied by +5V_SYS
[    1.153992] +2.8V_RUN_TOUCH: Bringing 0uV into 2800000-2800000uV
[    1.160177] as3722-ldo10: supplied by +5V_SYS
[    1.164689] +2.8V_RUN_CAM_AF: Bringing 0uV into 2800000-2800000uV
[    1.171113] +1.8V_RUN_VPP_FUSE: Bringing 0uV into 1800000-1800000uV
[    1.183407] random: fast init done
[    1.189253] m25p80 spi32765.0: w25q32dw (4096 Kbytes)
[    1.195322] libphy: Fixed MDIO Bus: probed
[    1.199791] CAN device driver interface
[    1.203936] bgmac_bcma: Broadcom 47xx GBit MAC driver loaded
[    1.210034] e1000e: Intel(R) PRO/1000 Network Driver - 3.2.6-k
[    1.215857] e1000e: Copyright(c) 1999 - 2015 Intel Corporation.
[    1.221782] igb: Intel(R) Gigabit Ethernet Network Driver - version 5.4.0-k
[    1.228730] igb: Copyright (c) 2007-2014 Intel Corporation.
[    1.235468] pegasus: v0.9.3 (2013/04/25), Pegasus/Pegasus II USB Ethernet driver
[    1.242873] usbcore: registered new interface driver pegasus
[    1.248531] usbcore: registered new interface driver asix
[    1.253933] usbcore: registered new interface driver ax88179_178a
[    1.260019] usbcore: registered new interface driver cdc_ether
[    1.265858] usbcore: registered new interface driver smsc75xx
[    1.271604] usbcore: registered new interface driver smsc95xx
[    1.277350] usbcore: registered new interface driver net1080
[    1.283009] usbcore: registered new interface driver cdc_subset
[    1.288922] usbcore: registered new interface driver zaurus
[    1.294502] usbcore: registered new interface driver cdc_ncm
[    1.300771] ehci_hcd: USB 2.0 'Enhanced' Host Controller (EHCI) Driver
[    1.307288] ehci-pci: EHCI PCI platform driver
[    1.311730] ehci-platform: EHCI generic platform driver
[    1.317016] ehci-orion: EHCI orion driver
[    1.321058] SPEAr-ehci: EHCI SPEAr driver
[    1.325110] ehci-st: EHCI STMicroelectronics driver
[    1.330020] ehci-exynos: EHCI EXYNOS driver
[    1.334246] ehci-atmel: EHCI Atmel driver
[    1.338289] tegra-ehci: Tegra EHCI driver
[    1.342345] ohci_hcd: USB 1.1 'Open' Host Controller (OHCI) Driver
[    1.348519] ohci-pci: OHCI PCI platform driver
[    1.352968] ohci-platform: OHCI generic platform driver
[    1.358230] ohci-omap3: OHCI OMAP3 driver
[    1.362272] SPEAr-ohci: OHCI SPEAr driver
[    1.366321] ohci-st: OHCI STMicroelectronics driver
[    1.371232] ohci-atmel: OHCI Atmel driver
[    1.375484] usbcore: registered new interface driver usb-storage
[    1.382245] elan_i2c 1-0015: 1-0015 supply vcc not found, using dummy regulator
[    1.389612] as3722-rtc as3722-rtc: rtc core: registered as3722-rtc as rtc0
[    1.396485] as3722-rtc as3722-rtc: RTC interrupt 372
[    1.403355] tegra_rtc 7000e000.rtc: rtc core: registered 7000e000.rtc as rtc1
[    1.410484] tegra_rtc 7000e000.rtc: Tegra internal Real Time Clock
[    1.416832] i2c /dev entries driver
[    1.422610] lm90 0-004c: 0-004c supply vcc not found, using dummy regulator
[    1.433901] sdhci: Secure Digital Host Controller Interface driver
[    1.440066] sdhci: Copyright(c) Pierre Ossman
[    1.444960] Synopsys Designware Multimedia Card Interface Driver
[    1.451334] sdhci-pltfm: SDHCI platform and OF driver helper
[    1.457247] sdhci-tegra 700b0000.sdhci: allocated mmc-pwrseq
[    1.463012] sdhci-tegra 700b0400.sdhci: Got CD GPIO
[    1.467882] sdhci-tegra 700b0400.sdhci: Got WP GPIO
[    1.472867] mmc0: Unknown controller version (3). You may experience problems.
[    1.480102] mmc0: Invalid maximum block size, assuming 512 bytes
[    1.542656] mmc0: SDHCI controller on 700b0600.sdhci [700b0600.sdhci] using ADMA
[    1.550714] ledtrig-cpu: registered to indicate activity on CPUs
[    1.556895] usbcore: registered new interface driver usbhid
[    1.562457] usbhid: USB HID core driver
[    1.567674] NET: Registered protocol family 10
[    1.572451] Segment Routing with IPv6
[    1.576154] sit: IPv6, IPv4 and MPLS over IPv4 tunneling driver
[    1.582282] NET: Registered protocol family 17
[    1.586728] can: controller area network core (rev 20120528 abi 9)
[    1.592974] NET: Registered protocol family 29
[    1.597409] can: raw protocol (rev 20120528)
[    1.601673] can: broadcast manager protocol (rev 20161123 t)
[    1.607331] can: netlink gateway (rev 20130117) max_hops=1
[    1.612941] Key type dns_resolver registered
[    1.617421] ThumbEE CPU extension supported.
[    1.621686] Registering SWP/SWPB emulation handler
[    1.631191] +3.3V_RUN: supplied by +3.3V_SYS
[    1.631713] elan_i2c 1-0015: Elan Touchpad: Module ID: 0x002a, Firmware: 0x0005, Sample: 0x0007, IAP: 0x0009
[    1.635766] input: Elan Touchpad as /devices/soc0/7000c400.i2c/i2c-1/1-0015/input/input0
[    1.654112] +VDD_LED: supplied by +VDD_MUX
[    1.658285] +3.3V_AVDD_HDMI_AP_GATED: supplied by +3.3V_RUN
[    1.663983] +1.8V_RUN_CAM: supplied by +3.3V_RUN
[    1.668682] +VDDIO_SDMMC3: supplied by +3.3V_RUN
[    1.673399] +1.8V_RUN_VPP_FUSE: supplied by +3.3V_RUN
[    1.678715] +5V_VDD_TS_SW: supplied by +5V_SYS
[    1.683505] +5V_USB_HS: supplied by +5V_SYS
[    1.687852] +5V_USB_SS: supplied by +5V_SYS
[    1.693136] +3.3V_PANEL: supplied by +3.3V_RUN
[    1.694706] mmc0: new high speed MMC card at address 0001
[    1.695495] mmcblk0: mmc0:0001 MMC16G 14.4 GiB 
[    1.695925] mmcblk0boot0: mmc0:0001 MMC16G partition 1 2.00 MiB
[    1.696172] mmcblk0boot1: mmc0:0001 MMC16G partition 2 2.00 MiB
[    1.696653] mmcblk0rpmb: mmc0:0001 MMC16G partition 3 128 KiB
[    1.702210]  mmcblk0: p1 p2 p3 p4 p5 p6 p7 p8 p9 p10 p11 p12
[    1.731563] +3.3V_LP0: supplied by +3.3V_SYS
[    1.736632] +1.05V_RUN_AVDD_HDMI_PLL: supplied by +1.05V_RUN
[    1.736902] elan_i2c 1-0015: failed to read report data: -121
[    1.748376] +5V_HDMI_CON: supplied by +5V_SYS
[    1.753545]  usb3-0: usb3-0 supply vbus not found, using dummy regulator
[    1.760281]  usb3-1: usb3-1 supply vbus not found, using dummy regulator
[    1.770544] tegra-sor 54540000.sor: failed to probe output: -517
[    1.777339] panel-simple panel: panel supply power not found, using dummy regulator
[    1.785760] sdhci-tegra 700b0000.sdhci: allocated mmc-pwrseq
[    1.791479] mmc1: Unknown controller version (3). You may experience problems.
[    1.798761] mmc1: Invalid maximum block size, assuming 512 bytes
[    1.805158] mmc1: Switching to 3.3V signalling voltage failed
[    1.862735] mmc1: SDHCI controller on 700b0000.sdhci [700b0000.sdhci] using ADMA
[    1.870838] sdhci-tegra 700b0400.sdhci: Got CD GPIO
[    1.875753] sdhci-tegra 700b0400.sdhci: Got WP GPIO
[    1.877173] elan_i2c 1-0015: invalid report id data (ff)
[    1.886061] mmc2: Unknown controller version (3). You may experience problems.
[    1.893313] mmc2: Invalid maximum block size, assuming 512 bytes
[    1.940205] mmc1: new high speed SDIO card at address 0001
[    1.962735] mmc2: SDHCI controller on 700b0400.sdhci [700b0400.sdhci] using ADMA
[    2.065321] [drm] Supports vblank timestamp caching Rev 2 (21.10.2013).
[    2.071922] [drm] No driver support for vblank timestamp query.
[    2.114549] mmc2: new high speed SDHC card at address 0007
[    2.115025] mmcblk2: mmc2:0007 SD08G 7.42 GiB 
[    2.123577] GPT:Primary header alternate_lba != Alt. header my_lba
[    2.123581] GPT:3014591 != 15564799
[    2.123583] GPT:Primary header thinks Alt. header is not at the end of the disk.
[    2.123584] GPT:3014591 != 15564799
[    2.123585] GPT: Use GNU Parted to correct GPT errors.
[    2.123608]  mmcblk2: p1 p2 p3 p4 p5 p6 p7 p8 p9 p10 p11 p12
[    2.160448] Console: switching to colour frame buffer device 170x48
[    2.224689] drm drm: fb0:  frame buffer device
[    2.229173] [drm] Initialized tegra 0.0.0 20120330 for drm on minor 0
[    2.236577] input: gpio-keys as /devices/soc0/gpio-keys/input/input1
[    2.244173] as3722-rtc as3722-rtc: setting system clock to 2000-01-01 00:00:23 UTC (946684823)
[    2.253327] +1.8V_RUN_CAM: disabling
[    2.257102] +3.3V_RUN_CAM: disabling
[    2.260836] +1.2V_RUN_CAM_FRONT: disabling
[    2.265206] +1.05V_RUN_CAM_REAR: disabling
[    2.269459] +2.8V_RUN_TOUCH: disabling
[    2.273453] +2.8V_RUN_CAM_AF: disabling
[    2.277443] +1.8V_RUN_VPP_FUSE: disabling
[    2.281607] +5V_VDD_TS_SW: disabling
[    2.285220] +5V_USB_HS: disabling
[    2.288536] +5V_USB_SS: disabling
[    2.292702] EXT4-fs (mmcblk0p3): couldn't mount as ext3 due to feature incompatibilities
[    2.301323] EXT4-fs (mmcblk0p3): couldn't mount as ext2 due to feature incompatibilities
[    2.744925] EXT4-fs (mmcblk0p3): recovery complete
[    2.750441] EXT4-fs (mmcblk0p3): mounted filesystem with ordered data mode. Opts: (null)
[    2.758571] VFS: Mounted root (ext4 filesystem) on device 179:3.
[    2.765273] devtmpfs: mounted
[    2.768944] Freeing unused kernel memory: 2048K
bash: cannot set terminal process group (-1): Inappropriate ioctl for device
bash: no job control in this shell
root@(none):/# mount -t sysfs none /sys
root@(none):/# 
root@(none):/# mount -t debugfs none /sys/kernel/debug
root@(none):/# 
root@(none):/# rtcwake -d rtc1 -m mem -s 3
rtcwake: assuming RTC uses UTC ...
rtcwake: wakeup from "mem" using /dev/rtc1 at Thu Jan  1 00:00:28 1970
[    5.841336] PM: Syncing filesystems ... done.
[    5.860087] Freezing user space processes ... (elapsed 0.001 seconds) done.
[    5.868240] Freezing remaining freezable tasks ... (elapsed 0.001 seconds) done.
[    5.876886] Suspending console(s) (use no_console_suspend to debug)
[    5.923187] PM: suspend of devices complete after 39.488 msecs
[    5.924612] PM: late suspend of devices complete after 1.415 msecs
[    5.925510] PM: noirq suspend of devices complete after 0.893 msecs
[    5.925512] Disabling non-boot CPUs ...
[    6.064570] IRQ17 no longer affine to CPU3
[    6.114291] Entering suspend state LP1
[    6.114291] Suspended for 3.135 seconds
[    6.114302] Enabling non-boot CPUs ...
[    6.144213] CPU1 is up
[    6.184057] CPU2 is up
[    6.224267] CPU3 is up
[    6.224728] PM: noirq resume of devices complete after 0.456 msecs
[    6.226126] PM: early resume of devices complete after 1.102 msecs
[    6.381651] mmc1: Switching to 3.3V signalling voltage failed
[    6.632675] tegra-sor 54540000.sor: failed to attach SOR: -110
[    6.669165] PM: resume of devices complete after 443.034 msecs
[    6.744675] Restarting tasks ... done.
root@(none):/# 
root@(none):/# rtcwake -d rtc1 -m mem -s 3
rtcwake: assuming RTC uses UTC ...
rtcwake: wakeup from "mem" using /dev/rtc1 at Thu Jan  1 00:00:33 1970
[    7.782831] PM: Syncing filesystems ... done.
[    7.802695] Freezing user space processes ... (elapsed 0.001 seconds) done.
[    7.810763] Freezing remaining freezable tasks ... (elapsed 0.001 seconds) done.
[    7.819292] Suspending console(s) (use no_console_suspend to debug)
[    7.866609] PM: suspend of devices complete after 40.524 msecs
[    7.867827] PM: late suspend of devices complete after 1.210 msecs
[    7.868919] PM: noirq suspend of devices complete after 1.084 msecs
[    7.868921] Disabling non-boot CPUs ...
[    8.044293] Entering suspend state LP1
[    8.044293] Suspended for 3.069 seconds
[    8.044303] Enabling non-boot CPUs ...
[    8.074228] CPU1 is up
[    8.114033] CPU2 is up
[    8.154243] CPU3 is up
[    8.154686] PM: noirq resume of devices complete after 0.438 msecs
[    8.156215] PM: early resume of devices complete after 1.202 msecs
[    8.311888] mmc1: Switching to 3.3V signalling voltage failed
[    8.562676] tegra-sor 54540000.sor: failed to attach SOR: -110
[    8.599256] PM: resume of devices complete after 443.035 msecs
[    8.670673] Restarting tasks ... done.
root@(none):/# 
root@(none):/# rtcwake -d rtc1 -m mem -s 3
rtcwake: assuming RTC uses UTC ...
rtcwake: wakeup from "mem" using /dev/rtc1 at Thu Jan  1 00:00:38 1970
[    9.712801] PM: Syncing filesystems ... done.
[    9.732818] Freezing user space processes ... (elapsed 0.001 seconds) done.
[    9.740886] Freezing remaining freezable tasks ... (elapsed 0.001 seconds) done.
[    9.749503] Suspending console(s) (use no_console_suspend to debug)
[    9.796610] PM: suspend of devices complete after 40.311 msecs
[    9.797990] PM: late suspend of devices complete after 1.372 msecs
[    9.798883] PM: noirq suspend of devices complete after 0.888 msecs
[    9.798885] Disabling non-boot CPUs ...
[    9.914443] IRQ17 no longer affine to CPU3
[    9.943965] Entering suspend state LP1
[    9.943965] Suspended for 3.100 seconds
[    9.943976] Enabling non-boot CPUs ...
[    9.974369] CPU1 is up
[   10.014002] CPU2 is up
[   10.054218] CPU3 is up
[   10.054662] PM: noirq resume of devices complete after 0.440 msecs
[   10.056021] PM: early resume of devices complete after 1.049 msecs
[   10.211695] mmc1: Switching to 3.3V signalling voltage failed
[   10.462661] tegra-sor 54540000.sor: failed to attach SOR: -110
[   10.499279] PM: resume of devices complete after 443.252 msecs
[   10.574791] Restarting tasks ... done.
root@(none):/# 
root@(none):/# rtcwake -d rtc1 -m mem -s 3
rtcwake: assuming RTC uses UTC ...
rtcwake: wakeup from "mem" using /dev/rtc1 at Thu Jan  1 00:00:43 1970
[   11.612780] PM: Syncing filesystems ... done.
[   11.632774] Freezing user space processes ... (elapsed 0.001 seconds) done.
[   11.640845] Freezing remaining freezable tasks ... (elapsed 0.001 seconds) done.
[   11.649461] Suspending console(s) (use no_console_suspend to debug)
[   11.696836] PM: suspend of devices complete after 40.583 msecs
[   11.698233] PM: late suspend of devices complete after 1.389 msecs
[   11.699132] PM: noirq suspend of devices complete after 0.894 msecs
[   11.699134] Disabling non-boot CPUs ...
[   11.699341] IRQ17 no longer affine to CPU1
[   11.864233] Entering suspend state LP1
[   11.864233] Suspended for 3.079 seconds
[   11.864243] Enabling non-boot CPUs ...
[   11.894140] CPU1 is up
[   11.933994] CPU2 is up
[   11.974185] CPU3 is up
[   11.974618] PM: noirq resume of devices complete after 0.428 msecs
[   11.976006] PM: early resume of devices complete after 1.071 msecs
[   12.131648] mmc1: Switching to 3.3V signalling voltage failed
[   12.382587] tegra-sor 54540000.sor: failed to attach SOR: -110
[   12.419173] PM: resume of devices complete after 443.161 msecs
[   12.494681] Restarting tasks ... done.
root@(none):/# 
root@(none):/# rtcwake -d rtc1 -m mem -s 3
rtcwake: assuming RTC uses UTC ...
rtcwake: wakeup from "mem" using /dev/rtc1 at Thu Jan  1 00:00:48 1970
[   13.532162] PM: Syncing filesystems ... done.
[   13.552726] Freezing user space processes ... (elapsed 0.001 seconds) done.
[   13.560879] Freezing remaining freezable tasks ... (elapsed 0.001 seconds) done.
[   13.569403] Suspending console(s) (use no_console_suspend to debug)
[   13.616266] PM: suspend of devices complete after 40.068 msecs
[   13.617691] PM: late suspend of devices complete after 1.415 msecs
[   13.618588] PM: noirq suspend of devices complete after 0.892 msecs
[   13.618590] Disabling non-boot CPUs ...
[   13.783998] Entering suspend state LP1
[   13.783998] Suspended for 3.080 seconds
[   13.784008] Enabling non-boot CPUs ...
[   13.814098] CPU1 is up
[   13.853949] CPU2 is up
[   13.894156] CPU3 is up
[   13.894587] PM: noirq resume of devices complete after 0.426 msecs
[   13.896109] PM: early resume of devices complete after 1.228 msecs
[   14.051826] mmc1: Switching to 3.3V signalling voltage failed
[   14.302542] tegra-sor 54540000.sor: failed to attach SOR: -110
[   14.339386] PM: resume of devices complete after 443.271 msecs
[   14.410704] Restarting tasks ... done.
root@(none):/# 
root@(none):/# rtcwake -d rtc1 -m mem -s 3
rtcwake: assuming RTC uses UTC ...
rtcwake: wakeup from "mem" using /dev/rtc1 at Thu Jan  1 00:00:53 1970
[   15.452715] PM: Syncing filesystems ... done.
[   15.472938] Freezing user space processes ... (elapsed 0.001 seconds) done.
[   15.481007] Freezing remaining freezable tasks ... (elapsed 0.001 seconds) done.
[   15.489619] Suspending console(s) (use no_console_suspend to debug)
[   15.536651] PM: suspend of devices complete after 40.239 msecs
[   15.538072] PM: late suspend of devices complete after 1.412 msecs
[   15.538972] PM: noirq suspend of devices complete after 0.895 msecs
[   15.538974] Disabling non-boot CPUs ...
[   15.713880] Entering suspend state LP1
[   15.713880] Suspended for 3.069 seconds
[   15.713891] Enabling non-boot CPUs ...
[   15.744264] CPU1 is up
[   15.783904] CPU2 is up
[   15.824120] CPU3 is up
[   15.824561] PM: noirq resume of devices complete after 0.436 msecs
[   15.825987] PM: early resume of devices complete after 1.105 msecs
[   15.982571] mmc1: Switching to 3.3V signalling voltage failed
[   16.242589] tegra-sor 54540000.sor: failed to attach SOR: -110
[   16.270181] PM: resume of devices complete after 444.185 msecs
[   16.341686] Restarting tasks ... done.
root@(none):/# 
root@(none):/# rtcwake -d rtc1 -m mem -s 3
rtcwake: assuming RTC uses UTC ...
rtcwake: wakeup from "mem" using /dev/rtc1 at Thu Jan  1 00:00:58 1970
[   17.392743] PM: Syncing filesystems ... done.
[   17.403639] Freezing user space processes ... (elapsed 0.001 seconds) done.
[   17.411795] Freezing remaining freezable tasks ... (elapsed 0.001 seconds) done.
[   17.420400] Suspending console(s) (use no_console_suspend to debug)
[   17.467498] PM: suspend of devices complete after 40.284 msecs
[   17.468934] PM: late suspend of devices complete after 1.426 msecs
[   17.469833] PM: noirq suspend of devices complete after 0.895 msecs
[   17.469835] Disabling non-boot CPUs ...
[   17.524503] IRQ17 no longer affine to CPU2
[   17.634169] Entering suspend state LP1
[   17.634169] Suspended for 3.079 seconds
[   17.634179] Enabling non-boot CPUs ...
[   17.664065] CPU1 is up
[   17.703904] CPU2 is up
[   17.744117] CPU3 is up
[   17.744554] PM: noirq resume of devices complete after 0.431 msecs
[   17.745755] PM: early resume of devices complete after 0.884 msecs
[   17.902511] mmc1: Switching to 3.3V signalling voltage failed
[   18.162498] tegra-sor 54540000.sor: failed to attach SOR: -110
[   18.190160] PM: resume of devices complete after 444.394 msecs
[   18.265755] Restarting tasks ... done.
root@(none):/# 
root@(none):/# rtcwake -d rtc1 -m mem -s 3
rtcwake: assuming RTC uses UTC ...
rtcwake: wakeup from "mem" using /dev/rtc1 at Thu Jan  1 00:01:03 1970
[   19.311733] PM: Syncing filesystems ... done.
[   19.323562] Freezing user space processes ... (elapsed 0.001 seconds) done.
[   19.331714] Freezing remaining freezable tasks ... (elapsed 0.001 seconds) done.
[   19.340335] Suspending console(s) (use no_console_suspend to debug)
[   19.387184] PM: suspend of devices complete after 40.053 msecs
[   19.388578] PM: late suspend of devices complete after 1.385 msecs
[   19.389471] PM: noirq suspend of devices complete after 0.888 msecs
[   19.389473] Disabling non-boot CPUs ...
[   19.533915] Entering suspend state LP1
[   19.533915] Suspended for 3.100 seconds
[   19.533925] Enabling non-boot CPUs ...
[   19.564032] CPU1 is up
[   19.603871] CPU2 is up
[   19.644078] CPU3 is up
[   19.644521] PM: noirq resume of devices complete after 0.438 msecs
[   19.645956] PM: early resume of devices complete after 1.125 msecs
[   19.801830] mmc1: Switching to 3.3V signalling voltage failed
[   20.052454] tegra-sor 54540000.sor: failed to attach SOR: -110
[   20.089132] PM: resume of devices complete after 443.167 msecs
[   20.160572] Restarting tasks ... done.
root@(none):/# 
root@(none):/# rtcwake -d rtc1 -m mem -s 3
rtcwake: assuming RTC uses UTC ...
rtcwake: wakeup from "mem" using /dev/rtc1 at Thu Jan  1 00:01:08 1970
[   21.212595] PM: Syncing filesystems ... done.
[   21.222625] Freezing user space processes ... (elapsed 0.001 seconds) done.
[   21.230695] Freezing remaining freezable tasks ... (elapsed 0.001 seconds) done.
[   21.239315] Suspending console(s) (use no_console_suspend to debug)
[   21.286520] PM: suspend of devices complete after 40.412 msecs
[   21.287738] PM: late suspend of devices complete after 1.209 msecs
[   21.288823] PM: noirq suspend of devices complete after 1.078 msecs
[   21.288826] Disabling non-boot CPUs ...
[   21.344389] IRQ17 no longer affine to CPU2
[   21.463789] Entering suspend state LP1
[   21.463789] Suspended for 3.069 seconds
[   21.463799] Enabling non-boot CPUs ...
[   21.494191] CPU1 is up
[   21.533836] CPU2 is up
[   21.574047] CPU3 is up
[   21.574487] PM: noirq resume of devices complete after 0.435 msecs
[   21.575819] PM: early resume of devices complete after 1.029 msecs
[   21.732445] mmc1: Switching to 3.3V signalling voltage failed
[   21.992460] tegra-sor 54540000.sor: failed to attach SOR: -110
[   22.020008] PM: resume of devices complete after 444.184 msecs
[   22.095545] Restarting tasks ... done.
root@(none):/# 
root@(none):/# rtcwake -d rtc1 -m mem -s 3
rtcwake: assuming RTC uses UTC ...
rtcwake: wakeup from "mem" using /dev/rtc1 at Thu Jan  1 00:01:13 1970
[   23.142657] PM: Syncing filesystems ... done.
[   23.153558] Freezing user space processes ... (elapsed 0.001 seconds) done.
[   23.161712] Freezing remaining freezable tasks ... (elapsed 0.001 seconds) done.
[   23.170320] Suspending console(s) (use no_console_suspend to debug)
[   23.217081] PM: suspend of devices complete after 39.947 msecs
[   23.218304] PM: late suspend of devices complete after 1.214 msecs
[   23.219388] PM: noirq suspend of devices complete after 1.076 msecs
[   23.219390] Disabling non-boot CPUs ...
[   23.363768] Entering suspend state LP1
[   23.363768] Suspended for 3.099 seconds
[   23.363778] Enabling non-boot CPUs ...
[   23.394151] CPU1 is up
[   23.433801] CPU2 is up
[   23.474005] CPU3 is up
[   23.474449] PM: noirq resume of devices complete after 0.439 msecs
[   23.476011] PM: early resume of devices complete after 1.242 msecs
[   23.632094] mmc1: Switching to 3.3V signalling voltage failed
[   23.882468] tegra-sor 54540000.sor: failed to attach SOR: -110
[   23.919597] PM: resume of devices complete after 443.580 msecs
[   23.991023] Restarting tasks ... done.
root@(none):/# 
root@(none):/# NVTB SYSTEM SUSPEND TEST COMPLETE
