
U-Boot SPL 2014.01-00219-gc4d376f (Feb 18 2014 - 19:57:18)


U-Boot 2014.01-00219-gc4d376f (Feb 18 2014 - 19:57:18)

TEGRA30
Board: NVIDIA Beaver
I2C:   ready
DRAM:  2 GiB
MMC:   Tegra SD/MMC: 0, Tegra SD/MMC: 1
In:    serial
Out:   serial
Err:   serial
Net:   Net Initialization Skipped
No ethernet found.
Hit any key to stop autoboot:  2  0 
Tegra30 (Beaver) # 
Tegra30 (Beaver) # usb reset
(Re)start USB...
USB0:   USB EHCI 1.00
scanning bus 0 for devices... 2 USB Device(s) found
       scanning usb for storage devices... 0 Storage Device(s) found
       scanning usb for ethernet devices... 
Warning: asx0 using MAC address from net device
1 Ethernet Device(s) found
Tegra30 (Beaver) # setenv bootargs 'ignore_loglevel console=ttyS0,115200n8 rw root=/dev/mmcblk0p1 rootwait gpt debug noinitrd earlyprintk init=/bin/bash'
Tegra30 (Beaver) # setenv ipaddr 192.168.100.101; setenv serverip 192.168.100.1; setenv tftpserverip 192.168.100.1
Tegra30 (Beaver) # tftpboot 0x81000000 zImage.multi_v7_defconfig
Using asx0 device
TFTP from server 192.168.100.1; our IP address is 192.168.100.101
Filename 'zImage.multi_v7_defconfig'.
Load address: 0x81000000
Loading: *#################################################################
	 #################################################################
	 #################################################################
	 #################################################################
	 #################################################################
	 #################################################################
	 #################################################################
	 ########
	 3.2 MiB/s
done
Bytes transferred = 6783480 (6781f8 hex)
Tegra30 (Beaver) # tftpboot 0x82000000 tegra30-beaver.dtb
Using asx0 device
TFTP from server 192.168.100.1; our IP address is 192.168.100.101
Filename 'tegra30-beaver.dtb'.
Load address: 0x82000000
Loading: *####
	 3.1 MiB/s
done
Bytes transferred = 51467 (c90b hex)
Tegra30 (Beaver) # bootz 0x81000000 - 0x82000000
Kernel image @ 0x81000000 [ 0x000000 - 0x6781f8 ]
## Flattened Device Tree blob at 82000000
   Booting using the fdt blob at 0x82000000
   Loading Device Tree to 8fff0000, end 8ffff90a ... OK

Starting kernel ...

[    0.000000] Booting Linux on physical CPU 0x0
[    0.000000] Linux version 4.5.0-69028-gb562e44 (pwalmsley@sellafield) (gcc version 4.7.3 20130328 (prerelease) (crosstool-NG linaro-1.13.1-4.7-2013.04-20130415 - Linaro GCC 2013.04) ) #1 SMP Mon Mar 14 07:34:43 PDT 2016
[    0.000000] CPU: ARMv7 Processor [412fc099] revision 9 (ARMv7), cr=10c5387d
[    0.000000] CPU: PIPT / VIPT nonaliasing data cache, VIPT aliasing instruction cache
[    0.000000] Machine model: NVIDIA Tegra30 Beaver evaluation board
[    0.000000] debug: ignoring loglevel setting.
[    0.000000] cma: Reserved 64 MiB at 0xfb800000
[    0.000000] Memory policy: Data cache writealloc
[    0.000000] On node 0 totalpages: 524032
[    0.000000] free_area_init_node: node 0, pgdat c1070740, node_mem_map eeff8000
[    0.000000]   DMA zone: 1536 pages used for memmap
[    0.000000]   DMA zone: 0 pages reserved
[    0.000000]   DMA zone: 196608 pages, LIFO batch:31
[    0.000000]   HighMem zone: 327424 pages, LIFO batch:31
[    0.000000] PERCPU: Embedded 12 pages/cpu @eef93000 s18880 r8192 d22080 u49152
[    0.000000] pcpu-alloc: s18880 r8192 d22080 u49152 alloc=12*4096
[    0.000000] pcpu-alloc: [0] 0 [0] 1 [0] 2 [0] 3 
[    0.000000] Built 1 zonelists in Zone order, mobility grouping on.  Total pages: 522496
[    0.000000] Kernel command line: ignore_loglevel console=ttyS0,115200n8 rw root=/dev/mmcblk0p1 rootwait gpt debug noinitrd earlyprintk init=/bin/bash
[    0.000000] PID hash table entries: 4096 (order: 2, 16384 bytes)
[    0.000000] Dentry cache hash table entries: 131072 (order: 7, 524288 bytes)
[    0.000000] Inode-cache hash table entries: 65536 (order: 6, 262144 bytes)
[    0.000000] Memory: 1997812K/2096128K available (8503K kernel code, 1113K rwdata, 4044K rodata, 1096K init, 345K bss, 32780K reserved, 65536K cma-reserved, 1244160K highmem)
[    0.000000] Virtual kernel memory layout:
[    0.000000]     vector  : 0xffff0000 - 0xffff1000   (   4 kB)
[    0.000000]     fixmap  : 0xffc00000 - 0xfff00000   (3072 kB)
[    0.000000]     vmalloc : 0xf0800000 - 0xff800000   ( 240 MB)
[    0.000000]     lowmem  : 0xc0000000 - 0xf0000000   ( 768 MB)
[    0.000000]     pkmap   : 0xbfe00000 - 0xc0000000   (   2 MB)
[    0.000000]     modules : 0xbf000000 - 0xbfe00000   (  14 MB)
[    0.000000]       .text : 0xc0208000 - 0xc0e49d90   (12552 kB)
[    0.000000]       .init : 0xc0e4a000 - 0xc0f5c000   (1096 kB)
[    0.000000]       .data : 0xc0f5c000 - 0xc1072740   (1114 kB)
[    0.000000]        .bss : 0xc1075000 - 0xc10cb6e0   ( 346 kB)
[    0.000000] SLUB: HWalign=64, Order=0-3, MinObjects=0, CPUs=4, Nodes=1
[    0.000000] Hierarchical RCU implementation.
[    0.000000] 	Build-time adjustment of leaf fanout to 32.
[    0.000000] 	RCU restricting CPUs from NR_CPUS=16 to nr_cpu_ids=4.
[    0.000000] RCU: Adjusting geometry for rcu_fanout_leaf=32, nr_cpu_ids=4
[    0.000000] NR_IRQS:16 nr_irqs:16 16
[    0.000000] /interrupt-controller@60004000: 160 interrupts forwarded to /interrupt-controller@50041000
[    0.000000] L2C: platform modifies aux control register: 0x02080000 -> 0x3e480001
[    0.000000] L2C: DT/platform modifies aux control register: 0x02080000 -> 0x3e480001
[    0.000000] L2C-310 erratum 769419 enabled
[    0.000000] L2C-310 enabling early BRESP for Cortex-A9
[    0.000000] L2C-310: enabling full line of zeros but not enabled in Cortex-A9
[    0.000000] L2C-310 dynamic clock gating enabled, standby mode enabled
[    0.000000] L2C-310 cache controller enabled, 8 ways, 1024 kB
[    0.000000] L2C-310: CACHE_ID 0x410000c7, AUX_CTRL 0x4e480001
[    0.000015] sched_clock: 32 bits at 1000kHz, resolution 1000ns, wraps every 2147483647500ns
[    0.000033] clocksource: timer_us: mask: 0xffffffff max_cycles: 0xffffffff, max_idle_ns: 1911260446275 ns
[    0.000042] Switching to timer-based delay loop, resolution 1000ns
[    0.002956] Console: colour dummy device 80x30
[    0.002982] Calibrating delay loop (skipped), value calculated using timer frequency.. 2.00 BogoMIPS (lpj=5000)
[    0.002991] pid_max: default: 32768 minimum: 301
[    0.003078] Mount-cache hash table entries: 2048 (order: 1, 8192 bytes)
[    0.003085] Mountpoint-cache hash table entries: 2048 (order: 1, 8192 bytes)
[    0.003507] CPU: Testing write buffer coherency: ok
[    0.003795] CPU0: thread -1, cpu 0, socket 0, mpidr 80000000
[    0.003869] Setting up static identity map for 0x80209000 - 0x80209098
[    0.006180] Tegra Revision: A03 SKU: 128 CPU Process: 4 SoC Process: 0
[    0.007419] CPU1: thread -1, cpu 1, socket 0, mpidr 80000001
[    0.008059] CPU2: thread -1, cpu 2, socket 0, mpidr 80000002
[    0.008697] CPU3: thread -1, cpu 3, socket 0, mpidr 80000003
[    0.008737] Brought up 4 CPUs
[    0.008750] SMP: Total of 4 processors activated (8.00 BogoMIPS).
[    0.008755] CPU: All CPU(s) started in SVC mode.
[    0.009335] devtmpfs: initialized
[    0.017256] VFP support v0.3: implementor 41 architecture 3 part 30 variant 9 rev 4
[    0.017936] clocksource: jiffies: mask: 0xffffffff max_cycles: 0xffffffff, max_idle_ns: 9556302231375000 ns
[    0.021344] pinctrl core: initialized pinctrl subsystem
[    0.022892] NET: Registered protocol family 16
[    0.025141] DMA: preallocated 256 KiB pool for atomic coherent allocations
[    0.039932] cpuidle: using governor menu
[    0.048253] No ATAGs?
[    0.048287] hw-breakpoint: found 5 (+1 reserved) breakpoint and 1 watchpoint registers.
[    0.048295] hw-breakpoint: maximum watchpoint size is 4 bytes.
[    0.051467] Serial: AMBA PL011 UART driver
[    0.052620] tegra-mc 7000f000.memory-controller: no memory timings for RAM code 3 registered
[    0.072997] vdd_5v_sata: Failed to request enable GPIO30: -517
[    0.073067] reg-fixed-voltage regulators:regulator@3: Failed to register regulator: -517
[    0.073177] usb1_vbus: Failed to request enable GPIO238: -517
[    0.073226] reg-fixed-voltage regulators:regulator@4: Failed to register regulator: -517
[    0.073331] usb3_vbus: Failed to request enable GPIO236: -517
[    0.073379] reg-fixed-voltage regulators:regulator@5: Failed to register regulator: -517
[    0.073535] sys_3v3_pexs: Failed to request enable GPIO95: -517
[    0.073584] reg-fixed-voltage regulators:regulator@7: Failed to register regulator: -517
[    0.075715] vgaarb: loaded
[    0.076336] SCSI subsystem initialized
[    0.076454] libata version 3.00 loaded.
[    0.076638] usbcore: registered new interface driver usbfs
[    0.076675] usbcore: registered new interface driver hub
[    0.076710] usbcore: registered new device driver usb
[    0.131730] pps_core: LinuxPPS API ver. 1 registered
[    0.131737] pps_core: Software ver. 5.3.6 - Copyright 2005-2007 Rodolfo Giometti <giometti@linux.it>
[    0.131754] PTP clock support registered
[    0.131911] EDAC MC: Ver: 3.0.0
[    0.133463] clocksource: Switched to clocksource timer_us
[    0.139377] NET: Registered protocol family 2
[    0.139772] TCP established hash table entries: 8192 (order: 3, 32768 bytes)
[    0.139825] TCP bind hash table entries: 8192 (order: 4, 65536 bytes)
[    0.139902] TCP: Hash tables configured (established 8192 bind 8192)
[    0.139985] UDP hash table entries: 512 (order: 2, 16384 bytes)
[    0.140043] UDP-Lite hash table entries: 512 (order: 2, 16384 bytes)
[    0.140223] NET: Registered protocol family 1
[    0.140511] RPC: Registered named UNIX socket transport module.
[    0.140518] RPC: Registered udp transport module.
[    0.140522] RPC: Registered tcp transport module.
[    0.140526] RPC: Registered tcp NFSv4.1 backchannel transport module.
[    0.140546] PCI: CLS 0 bytes, default 64
[    0.141316] hw perfevents: enabled with armv7_cortex_a9 PMU driver, 7 counters available
[    0.142249] futex hash table entries: 1024 (order: 4, 65536 bytes)
[    0.148163] squashfs: version 4.0 (2009/01/31) Phillip Lougher
[    0.148682] NFS: Registering the id_resolver key type
[    0.148717] Key type id_resolver registered
[    0.148722] Key type id_legacy registered
[    0.148771] ntfs: driver 2.1.32 [Flags: R/O].
[    0.149602] bounce: pool size: 64 pages
[    0.149723] Block layer SCSI generic (bsg) driver version 0.4 loaded (major 249)
[    0.149737] io scheduler noop registered
[    0.149745] io scheduler deadline registered
[    0.149765] io scheduler cfq registered (default)
[    0.155112] tegra30-pinctrl 70000868.pinmux: invalid group "sdmmc3_dat6_pd3" for function "rsvd1"
[    0.155126] tegra30-pinctrl 70000868.pinmux: invalid group "sdmmc3_dat7_pd4" for function "rsvd1"
[    0.155141] tegra30-pinctrl 70000868.pinmux: invalid group "vi_vsync_pd6" for function "rsvd1"
[    0.155150] tegra30-pinctrl 70000868.pinmux: invalid group "vi_hsync_pd7" for function "rsvd1"
[    0.155614] tegra30-pinctrl 70000868.pinmux: invalid group "hdmi_int_pn7" for function "rsvd1"
[    0.155659] tegra30-pinctrl 70000868.pinmux: invalid group "ulpi_data3_po4" for function "rsvd1"
[    0.155985] tegra30-pinctrl 70000868.pinmux: invalid group "vi_d10_pt2" for function "rsvd1"
[    0.155997] tegra30-pinctrl 70000868.pinmux: invalid group "vi_d11_pt3" for function "rsvd1"
[    0.156009] tegra30-pinctrl 70000868.pinmux: invalid group "vi_d0_pt4" for function "rsvd1"
[    0.156049] tegra30-pinctrl 70000868.pinmux: invalid group "pu0" for function "rsvd1"
[    0.156079] tegra30-pinctrl 70000868.pinmux: invalid group "pu3" for function "rsvd1"
[    0.156109] tegra30-pinctrl 70000868.pinmux: invalid group "pu6" for function "rsvd1"
[    0.156149] tegra30-pinctrl 70000868.pinmux: invalid group "pv3" for function "rsvd1"
[    0.156641] tegra30-pinctrl 70000868.pinmux: invalid group "pbb0" for function "rsvd1"
[    0.156754] tegra30-pinctrl 70000868.pinmux: invalid group "pcc1" for function "rsvd1"
[    0.161902] tegra-pcie 3000.pcie-controller: 2x3 configuration
[    0.162020] vdd_1v5_gen: supplied by vdd_5v_in
[    0.162066] vdd_pexa,vdd_pexb: supplied by vdd_1v5_gen
[    0.162164] tegra-pcie 3000.pcie-controller: Failed to get supply 'hvdd-pex': -517
[    0.166059] tegra-apbdma 6000a000.dma: Tegra20 APB DMA driver register 32 channels
[    0.167056] tegra-pmc 7000e400.pmc: i2c-thermtrip node not found, emergency thermal reset disabled.
[    0.199374] Serial: 8250/16550 driver, 4 ports, IRQ sharing disabled
[    0.201498] console [ttyS0] disabled
[    0.201534] 70006000.serial: ttyS0 at MMIO 0x70006000 (irq = 331, base_baud = 25500000) is a Tegra
[    1.115678] console [ttyS0] enabled
[    1.119661] SuperH (H)SCI(F) driver initialized
[    1.124778] msm_serial: driver initialized
[    1.128999] STMicroelectronics ASC driver initialized
[    1.135674] [drm] Initialized drm 1.1.0 20060810
[    1.141576] tegra-hdmi 54280000.hdmi: failed to get HDMI regulator
[    1.155398] brd: module loaded
[    1.162208] loop: module loaded
[    1.170275] m25p80 spi32766.1: w25q32 (4096 Kbytes)
[    1.177094] libphy: Fixed MDIO Bus: probed
[    1.181608] CAN device driver interface
[    1.186586] igb: Intel(R) Gigabit Ethernet Network Driver - version 5.3.0-k
[    1.193540] igb: Copyright (c) 2007-2014 Intel Corporation.
[    1.200829] pegasus: v0.9.3 (2013/04/25), Pegasus/Pegasus II USB Ethernet driver
[    1.208268] usbcore: registered new interface driver pegasus
[    1.213955] usbcore: registered new interface driver asix
[    1.219373] usbcore: registered new interface driver ax88179_178a
[    1.225482] usbcore: registered new interface driver cdc_ether
[    1.231347] usbcore: registered new interface driver smsc75xx
[    1.237121] usbcore: registered new interface driver smsc95xx
[    1.242885] usbcore: registered new interface driver net1080
[    1.248562] usbcore: registered new interface driver cdc_subset
[    1.254498] usbcore: registered new interface driver zaurus
[    1.260120] usbcore: registered new interface driver cdc_ncm
[    1.267132] ehci_hcd: USB 2.0 'Enhanced' Host Controller (EHCI) Driver
[    1.273662] ehci-pci: EHCI PCI platform driver
[    1.278128] ehci-platform: EHCI generic platform driver
[    1.283487] ehci-omap: OMAP-EHCI Host Controller driver
[    1.288785] ehci-orion: EHCI orion driver
[    1.292858] SPEAr-ehci: EHCI SPEAr driver
[    1.296944] ehci-st: EHCI STMicroelectronics driver
[    1.301897] ehci-exynos: EHCI EXYNOS driver
[    1.306169] ehci-atmel: EHCI Atmel driver
[    1.310254] tegra-ehci: Tegra EHCI driver
[    1.314587] ohci_hcd: USB 1.1 'Open' Host Controller (OHCI) Driver
[    1.320776] ohci-pci: OHCI PCI platform driver
[    1.325249] ohci-platform: OHCI generic platform driver
[    1.330576] ohci-omap3: OHCI OMAP3 driver
[    1.334661] SPEAr-ohci: OHCI SPEAr driver
[    1.338753] ohci-st: OHCI STMicroelectronics driver
[    1.343707] ohci-atmel: OHCI Atmel driver
[    1.348024] usbcore: registered new interface driver usb-storage
[    1.354983] mousedev: PS/2 mouse device common for all mice
[    1.362598] tegra_rtc 7000e000.rtc: rtc core: registered 7000e000.rtc as rtc1
[    1.369770] tegra_rtc 7000e000.rtc: Tegra internal Real Time Clock
[    1.388494] tps65910-rtc tps65910-rtc: rtc core: registered tps65910-rtc as rtc0
[    1.396085] i2c /dev entries driver
[    1.406180] sdhci: Secure Digital Host Controller Interface driver
[    1.412365] sdhci: Copyright(c) Pierre Ossman
[    1.417647] Synopsys Designware Multimedia Card Interface Driver
[    1.424308] sdhci-pltfm: SDHCI platform and OF driver helper
[    1.430498] sdhci-tegra 78000000.sdhci: Got CD GPIO
[    1.435385] sdhci-tegra 78000000.sdhci: Got WP GPIO
[    1.441402] mmc0: Invalid maximum block size, assuming 512 bytes
[    1.483541] mmc0: SDHCI controller on 78000000.sdhci [78000000.sdhci] using ADMA
[    1.494149] mmc1: Invalid maximum block size, assuming 512 bytes
[    1.533498] mmc1: SDHCI controller on 78000600.sdhci [78000600.sdhci] using ADMA
[    1.542045] ledtrig-cpu: registered to indicate activity on CPUs
[    1.548185] usbcore: registered new interface driver usbhid
[    1.553753] usbhid: USB HID core driver
[    1.560501] NET: Registered protocol family 10
[    1.565549] sit: IPv6 over IPv4 tunneling driver
[    1.572651] NET: Registered protocol family 17
[    1.577109] can: controller area network core (rev 20120528 abi 9)
[    1.583321] NET: Registered protocol family 29
[    1.587768] can: raw protocol (rev 20120528)
[    1.592036] can: broadcast manager protocol (rev 20120528 t)
[    1.597692] can: netlink gateway (rev 20130117) max_hops=1
[    1.603445] Key type dns_resolver registered
[    1.608118] ThumbEE CPU extension supported.
[    1.612401] Registering SWP/SWPB emulation handler
[    1.646750] tegra-pcie 3000.pcie-controller: 2x3 configuration
[    1.652726] sys_3v3,vdd_3v3_alw: supplied by vdd_5v_in
[    1.657905] sys_3v3_pexs: supplied by sys_3v3,vdd_3v3_alw
[    1.667118] tegra-pcie 3000.pcie-controller: probing port 0, using 2 lanes
[    1.697916] mmc1: new high speed MMC card at address 0001
[    1.703663] mmcblk0: mmc1:0001 SEM16G 14.8 GiB 
[    1.709093] mmcblk0boot0: mmc1:0001 SEM16G partition 1 1.00 MiB
[    1.715905] mmcblk0boot1: mmc1:0001 SEM16G partition 2 1.00 MiB
[    1.722272] mmcblk0rpmb: mmc1:0001 SEM16G partition 3 128 KiB
[    1.730732] Primary GPT is invalid, using alternate GPT.
[    1.732289] tegra-pcie 3000.pcie-controller: probing port 2, using 2 lanes
[    1.742912]  mmcblk0: p1 p2 p3 p4 p5
[    2.136123] tegra-pcie 3000.pcie-controller: link 2 down, retrying
[    2.546116] tegra-pcie 3000.pcie-controller: link 2 down, retrying
[    2.956098] tegra-pcie 3000.pcie-controller: link 2 down, retrying
[    2.964288] tegra-pcie 3000.pcie-controller: link 2 down, ignoring
[    2.970599] tegra-pcie 3000.pcie-controller: PCI host bridge to bus 0000:00
[    2.977559] pci_bus 0000:00: root bus resource [mem 0x20000000-0x27ffffff]
[    2.984425] pci_bus 0000:00: root bus resource [mem 0x28000000-0x3fffffff pref]
[    2.991723] pci_bus 0000:00: root bus resource [bus 00-ff]
[    2.997200] pci_bus 0000:00: root bus resource [io  0x1000-0xffff]
[    3.003391] pci 0000:00:01.0: [10de:0e1c] type 01 class 0x060400
[    3.009453] pci 0000:00:01.0: PME# supported from D0 D1 D2 D3hot D3cold
[    3.016212] PCI: bus0: Fast back to back transfers disabled
[    3.021782] pci 0000:00:01.0: bridge configuration invalid ([bus 00-00]), reconfiguring
[    3.029884] pci 0000:01:00.0: [10ec:8168] type 00 class 0x020000
[    3.035899] pci 0000:01:00.0: reg 0x10: [io  0x0000-0x00ff]
[    3.041478] pci 0000:01:00.0: reg 0x18: [mem 0x00000000-0x00000fff 64bit pref]
[    3.048697] pci 0000:01:00.0: reg 0x20: [mem 0x00000000-0x00003fff 64bit pref]
[    3.055979] pci 0000:01:00.0: supports D1 D2
[    3.060244] pci 0000:01:00.0: PME# supported from D0 D1 D2 D3hot D3cold
[    3.073485] PCI: bus1: Fast back to back transfers disabled
[    3.079055] pci_bus 0000:01: busn_res: [bus 01-ff] end is updated to 01
[    3.085720] pci 0000:00:01.0: BAR 9: assigned [mem 0x28000000-0x280fffff 64bit pref]
[    3.093457] pci 0000:00:01.0: BAR 7: assigned [io  0x1000-0x1fff]
[    3.099546] pci 0000:01:00.0: BAR 4: assigned [mem 0x28000000-0x28003fff 64bit pref]
[    3.107288] pci 0000:01:00.0: BAR 2: assigned [mem 0x28004000-0x28004fff 64bit pref]
[    3.115027] pci 0000:01:00.0: BAR 0: assigned [io  0x1000-0x10ff]
[    3.121114] pci 0000:00:01.0: PCI bridge to [bus 01]
[    3.126071] pci 0000:00:01.0:   bridge window [io  0x1000-0x1fff]
[    3.132156] pci 0000:00:01.0:   bridge window [mem 0x28000000-0x280fffff 64bit pref]
[    3.139900] pci 0000:00:01.0: nv_msi_ht_cap_quirk didn't locate host bridge
[    3.146948] pcieport 0000:00:01.0: enabling device (0140 -> 0143)
[    3.153179] pcieport 0000:00:01.0: Signaling PME through PCIe PME interrupt
[    3.160135] pci 0000:01:00.0: Signaling PME through PCIe PME interrupt
[    3.166654] pcie_pme 0000:00:01.0:pcie01: service driver pcie_pme loaded
[    3.173527] r8169 Gigabit Ethernet driver 2.3LK-NAPI loaded
[    3.179113] r8169 0000:01:00.0: enabling device (0140 -> 0143)
[    3.185819] r8169 0000:01:00.0 eth0: RTL8168evl/8111evl at 0xf09f2000, 02:04:4b:01:60:a6, XID 0c900800 IRQ 375
[    3.195819] r8169 0000:01:00.0 eth0: jumbo features [frames: 9200 bytes, tx checksumming: ko]
[    3.205258] +VDD_5V_HDMI: supplied by sys_3v3,vdd_3v3_alw
[    3.210751] vdd_1v8_gen: supplied by vdd_5v_in
[    3.217019] [drm] Supports vblank timestamp caching Rev 2 (21.10.2013).
[    3.223650] [drm] No driver support for vblank timestamp query.
[    3.229600] drm drm: No connectors reported connected with modes
[    3.235608] [drm] Cannot find any crtc or sizes - going 1024x768
[    3.262060] Console: switching to colour frame buffer device 128x48
[    3.274585] drm drm: fb0:  frame buffer device
[    3.293469] [drm] Initialized tegra 0.0.0 20120330 on minor 0
[    3.302150] usb3_vbus: supplied by vdd_5v_in
[    3.308621] utmi_phy_clk_enable: timeout waiting for phy to stabilize
[    3.315080] tegra-ehci 7d004000.usb: EHCI Host Controller
[    3.320488] tegra-ehci 7d004000.usb: new USB bus registered, assigned bus number 1
[    3.329141] tegra-ehci 7d004000.usb: irq 343, io mem 0x7d004000
[    3.343477] tegra-ehci 7d004000.usb: USB 2.0 started, EHCI 1.00
[    3.349912] hub 1-0:1.0: USB hub found
[    3.353701] hub 1-0:1.0: 1 port detected
[    3.358623] tegra-ehci 7d008000.usb: EHCI Host Controller
[    3.364035] tegra-ehci 7d008000.usb: new USB bus registered, assigned bus number 2
[    3.371767] tegra-ehci 7d008000.usb: irq 344, io mem 0x7d008000
[    3.383468] tegra-ehci 7d008000.usb: USB 2.0 started, EHCI 1.00
[    3.389820] hub 2-0:1.0: USB hub found
[    3.393593] hub 2-0:1.0: 1 port detected
[    3.404366] tps65910-rtc tps65910-rtc: setting system clock to 2000-01-01 00:00:02 UTC (946684802)
[    3.418306] vdd_sata,avdd_plle: disabling
[    3.423116] usb1_vbus: disabling
[    3.428360] EXT4-fs (mmcblk0p1): mounting ext3 file system using the ext4 subsystem
[    3.443077] EXT4-fs (mmcblk0p1): warning: mounting fs with errors, running e2fsck is recommended
[    3.454194] EXT4-fs (mmcblk0p1): recovery complete
[    3.458995] EXT4-fs (mmcblk0p1): mounted filesystem with ordered data mode. Opts: (null)
[    3.467103] VFS: Mounted root (ext3 filesystem) on device 179:1.
[    3.484147] devtmpfs: mounted
[    3.488089] Freeing unused kernel memory: 1096K (c0e4a000 - c0f5c000)
bash: cannot set terminal process group (-1): Inappropriate ioctl for device
bash: no job control in this shell
root@(none):/# [    3.703486] usb 2-1: new high-speed USB device number 2 using tegra-ehci
mount -t sysfs none /sys
root@(none):/# 
root@(none):/# [    4.642039] asix 2-1:1.0 eth1: register 'asix' at usb-7d008000.usb-1, ASIX AX88772 USB 2.0 Ethernet, 00:50:b6:0f:67:60
mount -t debugfs none /sys/kernel/debug
root@(none):/# 
root@(none):/# rtcwake -d rtc1 -m mem -s 3
rtcwake: wakeup from "mem" using /dev/rtc1 at Thu Jan  1 00:00:21 1970
[    6.515032] PM: Syncing filesystems ... done.
[    6.526596] Freezing user space processes ... (elapsed 0.001 seconds) done.
[    6.534721] Freezing remaining freezable tasks ... (elapsed 0.001 seconds) done.
[    6.543331] Suspending console(s) (use no_console_suspend to debug)
[    6.584458] PM: suspend of devices complete after 33.842 msecs
[    6.585111] PM: late suspend of devices complete after 0.646 msecs
[    6.598922] PM: noirq suspend of devices complete after 13.804 msecs
[    6.598925] Disabling non-boot CPUs ...
[    6.599542] CPU1: shutdown
[    6.619616] IRQ17 no longer affine to CPU2
[    6.619841] CPU2: shutdown
[    6.634519] CPU3: shutdown
[    6.648946] Entering suspend state LP1
[    6.648956] Enabling non-boot CPUs ...
[    6.674446] CPU1 is up
[    6.699556] CPU2 is up
[    6.724684] CPU3 is up
[    6.725304] pcieport 0000:00:01.0: nv_msi_ht_cap_quirk didn't locate host bridge
[    6.738524] PM: noirq resume of devices complete after 13.832 msecs
[    6.739845] PM: early resume of devices complete after 0.965 msecs
[    6.805707] PM: resume of devices complete after 65.854 msecs
[    6.880922] Restarting tasks ... done.
root@(none):/# 
root@(none):/# rtcwake -d rtc1 -m mem -s 3
rtcwake: wakeup from "mem" using /dev/rtc1 at Thu Jan  1 00:00:25 1970
[    7.290257] PM: Syncing filesystems ... done.
[    7.303055] Freezing user space processes ... (elapsed 0.001 seconds) done.
[    7.311161] Freezing remaining freezable tasks ... (elapsed 0.001 seconds) done.
[    7.319769] Suspending console(s) (use no_console_suspend to debug)
[    7.357710] PM: suspend of devices complete after 30.781 msecs
[    7.358352] PM: late suspend of devices complete after 0.635 msecs
[    7.373905] PM: noirq suspend of devices complete after 15.547 msecs
[    7.373908] Disabling non-boot CPUs ...
[    7.374230] IRQ17 no longer affine to CPU1
[    7.374523] CPU1: shutdown
[    7.399761] CPU2: shutdown
[    7.414406] CPU3: shutdown
[    7.428909] Entering suspend state LP1
[    7.428924] Enabling non-boot CPUs ...
[    7.454598] CPU1 is up
[    7.479683] CPU2 is up
[    7.504820] CPU3 is up
[    7.505565] pcieport 0000:00:01.0: nv_msi_ht_cap_quirk didn't locate host bridge
[    7.518517] PM: noirq resume of devices complete after 13.688 msecs
[    7.520684] PM: early resume of devices complete after 1.722 msecs
[    7.591867] PM: resume of devices complete after 71.173 msecs
[    7.667262] Restarting tasks ... done.
root@(none):/# 
root@(none):/# rtcwake -d rtc1 -m mem -s 3
rtcwake: wakeup from "mem" using /dev/rtc1 at Thu Jan  1 00:00:29 1970
[    8.074324] PM: Syncing filesystems ... done.
[    8.089091] Freezing user space processes ... (elapsed 0.001 seconds) done.
[    8.097224] Freezing remaining freezable tasks ... (elapsed 0.001 seconds) done.
[    8.105894] Suspending console(s) (use no_console_suspend to debug)
[    8.150340] PM: suspend of devices complete after 36.992 msecs
[    8.151665] PM: late suspend of devices complete after 1.316 msecs
[    8.163969] PM: noirq suspend of devices complete after 12.294 msecs
[    8.163972] Disabling non-boot CPUs ...
[    8.164356] IRQ17 no longer affine to CPU1
[    8.164740] CPU1: shutdown
[    8.180001] CPU2: shutdown
[    8.194514] CPU3: shutdown
[    8.208923] Entering suspend state LP1
[    8.208938] Enabling non-boot CPUs ...
[    8.234552] CPU1 is up
[    8.259665] CPU2 is up
[    8.284783] CPU3 is up
[    8.285495] pcieport 0000:00:01.0: nv_msi_ht_cap_quirk didn't locate host bridge
[    8.298486] PM: noirq resume of devices complete after 13.694 msecs
[    8.301114] PM: early resume of devices complete after 2.201 msecs
[    8.371814] PM: resume of devices complete after 70.689 msecs
[    8.447225] Restarting tasks ... done.
root@(none):/# 
root@(none):/# rtcwake -d rtc1 -m mem -s 3
rtcwake: wakeup from "mem" using /dev/rtc1 at Thu Jan  1 00:00:33 1970
[    8.854351] PM: Syncing filesystems ... done.
[    8.869611] Freezing user space processes ... (elapsed 0.001 seconds) done.
[    8.877748] Freezing remaining freezable tasks ... (elapsed 0.001 seconds) done.
[    8.886410] Suspending console(s) (use no_console_suspend to debug)
[    8.930319] PM: suspend of devices complete after 36.439 msecs
[    8.932667] PM: late suspend of devices complete after 2.340 msecs
[    8.943933] PM: noirq suspend of devices complete after 11.255 msecs
[    8.943938] Disabling non-boot CPUs ...
[    8.944707] CPU1: shutdown
[    8.959677] IRQ17 no longer affine to CPU2
[    8.959930] CPU2: shutdown
[    8.979423] CPU3: shutdown
[    8.993922] Entering suspend state LP1
[    8.993936] Enabling non-boot CPUs ...
[    9.019551] CPU1 is up
[    9.044665] CPU2 is up
[    9.069768] CPU3 is up
[    9.070478] pcieport 0000:00:01.0: nv_msi_ht_cap_quirk didn't locate host bridge
[    9.083462] PM: noirq resume of devices complete after 13.685 msecs
[    9.085582] PM: early resume of devices complete after 1.701 msecs
[    9.152225] PM: resume of devices complete after 66.632 msecs
[    9.227613] Restarting tasks ... done.
root@(none):/# 
root@(none):/# rtcwake -d rtc1 -m mem -s 3
rtcwake: wakeup from "mem" using /dev/rtc1 at Thu Jan  1 00:00:37 1970
[    9.635968] PM: Syncing filesystems ... done.
[    9.649212] Freezing user space processes ... (elapsed 0.001 seconds) done.
[    9.657353] Freezing remaining freezable tasks ... (elapsed 0.001 seconds) done.
[    9.666021] Suspending console(s) (use no_console_suspend to debug)
[    9.708272] PM: suspend of devices complete after 34.788 msecs
[    9.709090] PM: late suspend of devices complete after 0.809 msecs
[    9.723912] PM: noirq suspend of devices complete after 14.813 msecs
[    9.723917] Disabling non-boot CPUs ...
[    9.724685] CPU1: shutdown
[    9.749675] IRQ17 no longer affine to CPU2
[    9.749949] CPU2: shutdown
[    9.764441] CPU3: shutdown
[    9.778877] Entering suspend state LP1
[    9.778891] Enabling non-boot CPUs ...
[    9.804491] CPU1 is up
[    9.829587] CPU2 is up
[    9.854747] CPU3 is up
[    9.855464] pcieport 0000:00:01.0: nv_msi_ht_cap_quirk didn't locate host bridge
[    9.868436] PM: noirq resume of devices complete after 13.679 msecs
[    9.871140] PM: early resume of devices complete after 2.268 msecs
[    9.941741] PM: resume of devices complete after 70.590 msecs
[   10.017158] Restarting tasks ... done.
root@(none):/# 
root@(none):/# rtcwake -d rtc1 -m mem -s 3
rtcwake: wakeup from "mem" using /dev/rtc1 at Thu Jan  1 00:00:41 1970
[   10.425302] PM: Syncing filesystems ... done.
[   10.440042] Freezing user space processes ... (elapsed 0.001 seconds) done.
[   10.448176] Freezing remaining freezable tasks ... (elapsed 0.001 seconds) done.
[   10.456837] Suspending console(s) (use no_console_suspend to debug)
[   10.499257] PM: suspend of devices complete after 34.962 msecs
[   10.501117] PM: late suspend of devices complete after 1.849 msecs
[   10.513865] PM: noirq suspend of devices complete after 12.737 msecs
[   10.513870] Disabling non-boot CPUs ...
[   10.514240] IRQ17 no longer affine to CPU1
[   10.514618] CPU1: shutdown
[   10.529942] CPU2: shutdown
[   10.544463] CPU3: shutdown
[   10.558856] Entering suspend state LP1
[   10.558871] Enabling non-boot CPUs ...
[   10.584492] CPU1 is up
[   10.609575] CPU2 is up
[   10.634721] CPU3 is up
[   10.635442] pcieport 0000:00:01.0: nv_msi_ht_cap_quirk didn't locate host bridge
[   10.648409] PM: noirq resume of devices complete after 13.679 msecs
[   10.650590] PM: early resume of devices complete after 1.767 msecs
[   10.720801] PM: resume of devices complete after 70.200 msecs
[   10.796206] Restarting tasks ... done.
root@(none):/# 
root@(none):/# rtcwake -d rtc1 -m mem -s 3
rtcwake: wakeup from "mem" using /dev/rtc1 at Thu Jan  1 00:00:45 1970
[   11.204276] PM: Syncing filesystems ... done.
[   11.219044] Freezing user space processes ... (elapsed 0.001 seconds) done.
[   11.227177] Freezing remaining freezable tasks ... (elapsed 0.001 seconds) done.
[   11.235849] Suspending console(s) (use no_console_suspend to debug)
[   11.279243] PM: suspend of devices complete after 35.931 msecs
[   11.280060] PM: late suspend of devices complete after 0.809 msecs
[   11.293865] PM: noirq suspend of devices complete after 13.797 msecs
[   11.293868] Disabling non-boot CPUs ...
[   11.294276] IRQ17 no longer affine to CPU1
[   11.294655] CPU1: shutdown
[   11.309888] CPU2: shutdown
[   11.324422] CPU3: shutdown
[   11.338832] Entering suspend state LP1
[   11.338849] Enabling non-boot CPUs ...
[   11.364464] CPU1 is up
[   11.389570] CPU2 is up
[   11.414689] CPU3 is up
[   11.415395] pcieport 0000:00:01.0: nv_msi_ht_cap_quirk didn't locate host bridge
[   11.428386] PM: noirq resume of devices complete after 13.688 msecs
[   11.430995] PM: early resume of devices complete after 2.198 msecs
[   11.501682] PM: resume of devices complete after 70.677 msecs
[   11.577121] Restarting tasks ... done.
root@(none):/# 
root@(none):/# rtcwake -d rtc1 -m mem -s 3
rtcwake: wakeup from "mem" using /dev/rtc1 at Thu Jan  1 00:00:49 1970
[   11.985206] PM: Syncing filesystems ... done.
[   11.999465] Freezing user space processes ... (elapsed 0.001 seconds) done.
[   12.007598] Freezing remaining freezable tasks ... (elapsed 0.001 seconds) done.
[   12.016260] Suspending console(s) (use no_console_suspend to debug)
[   12.058236] PM: suspend of devices complete after 34.493 msecs
[   12.059095] PM: late suspend of devices complete after 0.851 msecs
[   12.073844] PM: noirq suspend of devices complete after 14.737 msecs
[   12.073849] Disabling non-boot CPUs ...
[   12.074614] CPU1: shutdown
[   12.099633] IRQ17 no longer affine to CPU2
[   12.099893] CPU2: shutdown
[   12.114337] CPU3: shutdown
[   12.128809] Entering suspend state LP1
[   12.128822] Enabling non-boot CPUs ...
[   12.154440] CPU1 is up
[   12.179543] CPU2 is up
[   12.204666] CPU3 is up
[   12.205370] pcieport 0000:00:01.0: nv_msi_ht_cap_quirk didn't locate host bridge
[   12.218362] PM: noirq resume of devices complete after 13.689 msecs
[   12.220513] PM: early resume of devices complete after 1.714 msecs
[   12.291624] PM: resume of devices complete after 71.096 msecs
[   12.367026] Restarting tasks ... done.
root@(none):/# 
root@(none):/# rtcwake -d rtc1 -m mem -s 3
rtcwake: wakeup from "mem" using /dev/rtc1 at Thu Jan  1 00:00:53 1970
[   12.774647] PM: Syncing filesystems ... done.
[   12.788426] Freezing user space processes ... (elapsed 0.001 seconds) done.
[   12.796547] Freezing remaining freezable tasks ... (elapsed 0.001 seconds) done.
[   12.805225] Suspending console(s) (use no_console_suspend to debug)
[   12.842692] PM: suspend of devices complete after 30.016 msecs
[   12.843512] PM: late suspend of devices complete after 0.809 msecs
[   12.858824] PM: noirq suspend of devices complete after 15.303 msecs
[   12.858828] Disabling non-boot CPUs ...
[   12.859213] IRQ17 no longer affine to CPU1
[   12.859604] CPU1: shutdown
[   12.884862] CPU2: shutdown
[   12.899319] CPU3: shutdown
[   12.913776] Entering suspend state LP1
[   12.913791] Enabling non-boot CPUs ...
[   12.939406] CPU1 is up
[   12.964515] CPU2 is up
[   12.989636] CPU3 is up
[   12.990348] pcieport 0000:00:01.0: nv_msi_ht_cap_quirk didn't locate host bridge
[   13.003337] PM: noirq resume of devices complete after 13.692 msecs
[   13.005520] PM: early resume of devices complete after 1.748 msecs
[   13.075917] PM: resume of devices complete after 70.385 msecs
[   13.151332] Restarting tasks ... done.
root@(none):/# 
root@(none):/# rtcwake -d rtc1 -m mem -s 3
rtcwake: wakeup from "mem" using /dev/rtc1 at Thu Jan  1 00:00:57 1970
[   13.559201] PM: Syncing filesystems ... done.
[   13.573965] Freezing user space processes ... (elapsed 0.001 seconds) done.
[   13.582101] Freezing remaining freezable tasks ... (elapsed 0.001 seconds) done.
[   13.590770] Suspending console(s) (use no_console_suspend to debug)
[   13.633167] PM: suspend of devices complete after 34.946 msecs
[   13.634908] PM: late suspend of devices complete after 1.731 msecs
[   13.648797] PM: noirq suspend of devices complete after 13.880 msecs
[   13.648801] Disabling non-boot CPUs ...
[   13.649184] IRQ17 no longer affine to CPU1
[   13.649550] CPU1: shutdown
[   13.674835] CPU2: shutdown
[   13.689311] CPU3: shutdown
[   13.703745] Entering suspend state LP1
[   13.703757] Enabling non-boot CPUs ...
[   13.729386] CPU1 is up
[   13.754477] CPU2 is up
[   13.779625] CPU3 is up
[   13.780345] pcieport 0000:00:01.0: nv_msi_ht_cap_quirk didn't locate host bridge
[   13.793316] PM: noirq resume of devices complete after 13.680 msecs
[   13.795466] PM: early resume of devices complete after 1.736 msecs
[   13.865880] PM: resume of devices complete after 70.402 msecs
[   13.941278] Restarting tasks ... done.
root@(none):/# 
root@(none):/# NVTB SYSTEM SUSPEND TEST COMPLETE
