
U-Boot SPL 2015.04-rc3-00209-ga74ef40 (Mar 16 2015 - 14:43:39)


U-Boot 2015.04-rc3-00209-ga74ef40 (Mar 16 2015 - 14:43:39)

TEGRA20
Model: Compulab TrimSlice board
DRAM:  1 GiB
MMC:   Tegra SD/MMC: 0, Tegra SD/MMC: 1
SF: Detected W25Q80BL with page size 256 Bytes, erase size 4 KiB, total 1 MiB
tegra-pcie: PCI regions:
tegra-pcie:   I/O: 0x82000000-0x82010000
tegra-pcie:   non-prefetchable memory: 0xa0000000-0xa8000000
tegra-pcie:   prefetchable memory: 0xa8000000-0xc0000000
tegra-pcie: dual-mode configuration
tegra-pcie: probing port 0, using 2 lanes
In:    serial
Out:   serial
Err:   serial
Net:   RTL8169#0
Hit any key to stop autoboot:  2  0 
Tegra20 (TrimSlice) # 
Tegra20 (TrimSlice) # usb reset
resetting USB...
USB0:   USB EHCI 1.00
scanning bus 0 for devices... 3 USB Device(s) found
USB1:   USB EHCI 1.00
scanning bus 1 for devices... 1 USB Device(s) found
USB2:   lowlevel init failed
       scanning usb for storage devices... 0 Storage Device(s) found
       scanning usb for ethernet devices... 
Warning: asx0 using MAC address from net device
1 Ethernet Device(s) found
Tegra20 (TrimSlice) # setenv bootargs 'ignore_loglevel console=ttyS0,115200n8 rw root=PARTUUID=11eb23c1-01 rootwait gpt debug noinitrd earlyprintk init=/bin/bash'
Tegra20 (TrimSlice) # setenv ipaddr 192.168.100.103; setenv serverip 192.168.100.1; setenv tftpserverip 192.168.100.1
Tegra20 (TrimSlice) # tftpboot 0x00408000 zImage.multi_v7_defconfig
Using RTL8169#0 device
TFTP from server 192.168.100.1; our IP address is 192.168.100.103
Filename 'zImage.multi_v7_defconfig'.
Load address: 0x408000
Loading: *#################################################################
	 #################################################################
	 #################################################################
	 #################################################################
	 #################################################################
	 #################################################################
	 #################################################################
	 #################################################################
	 ###########################
	 4 MiB/s
done
Bytes transferred = 8020824 (7a6358 hex)
Tegra20 (TrimSlice) # tftpboot 0x02408000 tegra20-trimslice.dtb
Using RTL8169#0 device
TFTP from server 192.168.100.1; our IP address is 192.168.100.103
Filename 'tegra20-trimslice.dtb'.
Load address: 0x2408000
Loading: *##
	 4.1 MiB/s
done
Bytes transferred = 21454 (53ce hex)
Tegra20 (TrimSlice) # bootz 0x00408000 - 0x02408000
Kernel image @ 0x408000 [ 0x000000 - 0x7a6358 ]
## Flattened Device Tree blob at 02408000
   Booting using the fdt blob at 0x2408000
   Using Device Tree in place at 02408000, end 024103cd

Starting kernel ...

[    0.000000] Booting Linux on physical CPU 0x0
[    0.000000] Linux version 4.13.0-rc3-185607-g16f73eb (jonathanh@sellafield) (gcc version 4.7.3 20130328 (prerelease) (crosstool-NG linaro-1.13.1-4.7-2013.04-20130415 - Linaro GCC 2013.04)) #1 SMP Sun Jul 30 13:06:26 PDT 2017
[    0.000000] CPU: ARMv7 Processor [411fc090] revision 0 (ARMv7), cr=10c5387d
[    0.000000] CPU: PIPT / VIPT nonaliasing data cache, VIPT aliasing instruction cache
[    0.000000] OF: fdt: Machine model: Compulab TrimSlice board
[    0.000000] debug: ignoring loglevel setting.
[    0.000000] Memory policy: Data cache writealloc
[    0.000000] efi: Getting EFI parameters from FDT:
[    0.000000] efi: UEFI not found.
[    0.000000] cma: Reserved 64 MiB at 0x3c000000
[    0.000000] On node 0 totalpages: 262144
[    0.000000] free_area_init_node: node 0, pgdat c157f1c0, node_mem_map ef7f8000
[    0.000000]   DMA zone: 1536 pages used for memmap
[    0.000000]   DMA zone: 0 pages reserved
[    0.000000]   DMA zone: 196608 pages, LIFO batch:31
[    0.000000]   HighMem zone: 65536 pages, LIFO batch:15
[    0.000000] percpu: Embedded 17 pages/cpu @ef7c4000 s39488 r8192 d21952 u69632
[    0.000000] pcpu-alloc: s39488 r8192 d21952 u69632 alloc=17*4096
[    0.000000] pcpu-alloc: [0] 0 [0] 1 
[    0.000000] Built 1 zonelists in Zone order, mobility grouping on.  Total pages: 260608
[    0.000000] Kernel command line: ignore_loglevel console=ttyS0,115200n8 rw root=PARTUUID=11eb23c1-01 rootwait gpt debug noinitrd earlyprintk init=/bin/bash
[    0.000000] PID hash table entries: 4096 (order: 2, 16384 bytes)
[    0.000000] Dentry cache hash table entries: 131072 (order: 7, 524288 bytes)
[    0.000000] Inode-cache hash table entries: 65536 (order: 6, 262144 bytes)
[    0.000000] Memory: 954380K/1048576K available (10240K kernel code, 1563K rwdata, 4452K rodata, 2048K init, 402K bss, 28660K reserved, 65536K cma-reserved, 196608K highmem)
[    0.000000] Virtual kernel memory layout:
[    0.000000]     vector  : 0xffff0000 - 0xffff1000   (   4 kB)
[    0.000000]     fixmap  : 0xffc00000 - 0xfff00000   (3072 kB)
[    0.000000]     vmalloc : 0xf0800000 - 0xff800000   ( 240 MB)
[    0.000000]     lowmem  : 0xc0000000 - 0xf0000000   ( 768 MB)
[    0.000000]     pkmap   : 0xbfe00000 - 0xc0000000   (   2 MB)
[    0.000000]     modules : 0xbf000000 - 0xbfe00000   (  14 MB)
[    0.000000]       .text : 0xc0208000 - 0xc0d00000   (11232 kB)
[    0.000000]       .init : 0xc1200000 - 0xc1400000   (2048 kB)
[    0.000000]       .data : 0xc1400000 - 0xc1586fa8   (1564 kB)
[    0.000000]        .bss : 0xc158fcb0 - 0xc15f46fc   ( 403 kB)
[    0.000000] SLUB: HWalign=64, Order=0-3, MinObjects=0, CPUs=2, Nodes=1
[    0.000000] Hierarchical RCU implementation.
[    0.000000] 	RCU event tracing is enabled.
[    0.000000] 	RCU restricting CPUs from NR_CPUS=16 to nr_cpu_ids=2.
[    0.000000] RCU: Adjusting geometry for rcu_fanout_leaf=16, nr_cpu_ids=2
[    0.000000] NR_IRQS: 16, nr_irqs: 16, preallocated irqs: 16
[    0.000000] /interrupt-controller@60004000: 128 interrupts forwarded to /interrupt-controller@50041000
[    0.000000] L2C: platform modifies aux control register: 0x02080000 -> 0x3e480001
[    0.000000] L2C: DT/platform modifies aux control register: 0x02080000 -> 0x3e480001
[    0.000000] L2C-310 errata 727915 769419 enabled
[    0.000000] L2C-310 enabling early BRESP for Cortex-A9
[    0.000000] L2C-310: enabling full line of zeros but not enabled in Cortex-A9
[    0.000000] L2C-310 ID prefetch enabled, offset 1 lines
[    0.000000] L2C-310 cache controller enabled, 8 ways, 1024 kB
[    0.000000] L2C-310: CACHE_ID 0x410000c4, AUX_CTRL 0x7e480001
[    0.000009] sched_clock: 32 bits at 1000kHz, resolution 1000ns, wraps every 2147483647500ns
[    0.000026] clocksource: timer_us: mask: 0xffffffff max_cycles: 0xffffffff, max_idle_ns: 1911260446275 ns
[    0.000036] Switching to timer-based delay loop, resolution 1000ns
[    0.001678] Console: colour dummy device 80x30
[    0.001704] Calibrating delay loop (skipped), value calculated using timer frequency.. 2.00 BogoMIPS (lpj=10000)
[    0.001715] pid_max: default: 32768 minimum: 301
[    0.001787] Mount-cache hash table entries: 2048 (order: 1, 8192 bytes)
[    0.001799] Mountpoint-cache hash table entries: 2048 (order: 1, 8192 bytes)
[    0.002198] CPU: Testing write buffer coherency: ok
[    0.002399] CPU0: thread -1, cpu 0, socket 0, mpidr 80000000
[    0.002630] Setting up static identity map for 0x300000 - 0x3000a0
[    0.003268] Hierarchical SRCU implementation.
[    0.004105] Tegra Revision: A03 prime SKU: 8 CPU Process: 1 SoC Process: 2
[    0.004558] EFI services will not be available.
[    0.004648] smp: Bringing up secondary CPUs ...
[    0.005166] CPU1: thread -1, cpu 1, socket 0, mpidr 80000001
[    0.005238] smp: Brought up 1 node, 2 CPUs
[    0.005249] SMP: Total of 2 processors activated (4.00 BogoMIPS).
[    0.005255] CPU: All CPU(s) started in SVC mode.
[    0.005901] devtmpfs: initialized
[    0.009545] VFP support v0.3: implementor 41 architecture 3 part 30 variant 9 rev 1
[    0.009762] clocksource: jiffies: mask: 0xffffffff max_cycles: 0xffffffff, max_idle_ns: 19112604462750000 ns
[    0.009776] futex hash table entries: 512 (order: 3, 32768 bytes)
[    0.012774] pinctrl core: initialized pinctrl subsystem
[    0.013746] DMI not present or invalid.
[    0.013935] random: get_random_u32 called from bucket_table_alloc+0xe8/0x254 with crng_init=0
[    0.014003] NET: Registered protocol family 16
[    0.016273] DMA: preallocated 256 KiB pool for atomic coherent allocations
[    0.017738] cpuidle: using governor menu
[    0.034705] No ATAGs?
[    0.034771] hw-breakpoint: found 5 (+1 reserved) breakpoint and 1 watchpoint registers.
[    0.034781] hw-breakpoint: maximum watchpoint size is 4 bytes.
[    0.040132] Serial: AMBA PL011 UART driver
[    0.051714] AT91: Could not find identification node
[    0.052263] usb1_vbus: Failed to request enable GPIO170: -517
[    0.052279] reg-fixed-voltage regulators:regulator@2: Failed to register regulator: -517
[    0.055642] vgaarb: loaded
[    0.056214] SCSI subsystem initialized
[    0.056336] libata version 3.00 loaded.
[    0.056521] usbcore: registered new interface driver usbfs
[    0.056564] usbcore: registered new interface driver hub
[    0.056603] usbcore: registered new device driver usb
[    0.058568] pps_core: LinuxPPS API ver. 1 registered
[    0.058576] pps_core: Software ver. 5.3.6 - Copyright 2005-2007 Rodolfo Giometti <giometti@linux.it>
[    0.058592] PTP clock support registered
[    0.058728] EDAC MC: Ver: 3.0.0
[    0.058996] dmi: Firmware registration failed.
[    0.060536] clocksource: Switched to clocksource timer_us
[    0.099384] NET: Registered protocol family 2
[    0.099814] TCP established hash table entries: 8192 (order: 3, 32768 bytes)
[    0.099885] TCP bind hash table entries: 8192 (order: 4, 65536 bytes)
[    0.099998] TCP: Hash tables configured (established 8192 bind 8192)
[    0.100120] UDP hash table entries: 512 (order: 2, 16384 bytes)
[    0.100171] UDP-Lite hash table entries: 512 (order: 2, 16384 bytes)
[    0.100311] NET: Registered protocol family 1
[    0.100645] RPC: Registered named UNIX socket transport module.
[    0.100654] RPC: Registered udp transport module.
[    0.100659] RPC: Registered tcp transport module.
[    0.100664] RPC: Registered tcp NFSv4.1 backchannel transport module.
[    0.100673] PCI: CLS 0 bytes, default 64
[    0.101474] hw perfevents: no interrupt-affinity property for /pmu, guessing.
[    0.101630] hw perfevents: enabled with armv7_cortex_a9 PMU driver, 7 counters available
[    0.102902] workingset: timestamp_bits=30 max_order=18 bucket_order=0
[    0.109291] squashfs: version 4.0 (2009/01/31) Phillip Lougher
[    0.109901] NFS: Registering the id_resolver key type
[    0.109923] Key type id_resolver registered
[    0.109929] Key type id_legacy registered
[    0.109960] ntfs: driver 2.1.32 [Flags: R/O].
[    0.110694] random: fast init done
[    0.111276] bounce: pool size: 64 pages
[    0.111323] Block layer SCSI generic (bsg) driver version 0.4 loaded (major 248)
[    0.111331] io scheduler noop registered
[    0.111337] io scheduler deadline registered
[    0.111486] io scheduler cfq registered (default)
[    0.111493] io scheduler mq-deadline registered
[    0.111499] io scheduler kyber registered
[    0.122811] tegra-pcie 80003000.pcie: dual-mode configuration
[    0.123498] tegra-pcie 80003000.pcie: probing port 0, using 2 lanes
[    0.206005] tegra-pcie 80003000.pcie: PCI host bridge to bus 0000:00
[    0.206017] pci_bus 0000:00: root bus resource [io  0x0000-0xffff]
[    0.206026] pci_bus 0000:00: root bus resource [mem 0xa0000000-0xa7ffffff]
[    0.206034] pci_bus 0000:00: root bus resource [mem 0xa8000000-0xbfffffff pref]
[    0.206043] pci_bus 0000:00: root bus resource [bus 00-ff]
[    0.206072] pci 0000:00:01.0: [10de:0bf0] type 01 class 0x060000
[    0.206090] pci_bus 0000:00: 2-byte config write to 0000:00:01.0 offset 0x4 may corrupt adjacent RW1C bits
[    0.206101] pci_bus 0000:00: 2-byte config write to 0000:00:01.0 offset 0x4 may corrupt adjacent RW1C bits
[    0.206123] pci_bus 0000:00: 2-byte config write to 0000:00:01.0 offset 0x88 may corrupt adjacent RW1C bits
[    0.206148] pci_bus 0000:00: 2-byte config write to 0000:00:01.0 offset 0x52 may corrupt adjacent RW1C bits
[    0.206173] pci 0000:00:01.0: PME# supported from D0 D1 D2 D3hot D3cold
[    0.206184] pci_bus 0000:00: 2-byte config write to 0000:00:01.0 offset 0x4c may corrupt adjacent RW1C bits
[    0.206380] pci_bus 0000:00: 2-byte config write to 0000:00:01.0 offset 0x3e may corrupt adjacent RW1C bits
[    0.206392] pci_bus 0000:00: 2-byte config write to 0000:00:01.0 offset 0x4 may corrupt adjacent RW1C bits
[    0.206402] pci_bus 0000:00: 1-byte config write to 0000:00:01.0 offset 0xc may corrupt adjacent RW1C bits
[    0.206408] PCI: bus0: Fast back to back transfers disabled
[    0.206417] pci 0000:00:01.0: bridge configuration invalid ([bus 00-00]), reconfiguring
[    0.206427] pci_bus 0000:00: 2-byte config write to 0000:00:01.0 offset 0x3e may corrupt adjacent RW1C bits
[    0.206437] pci_bus 0000:00: 2-byte config write to 0000:00:01.0 offset 0x3e may corrupt adjacent RW1C bits
[    0.206557] pci 0000:01:00.0: [10ec:8168] type 00 class 0x020000
[    0.206592] pci 0000:01:00.0: reg 0x10: [io  0x0000-0x00ff]
[    0.206616] pci 0000:01:00.0: reg 0x18: [mem 0x00000000-0x00000fff 64bit pref]
[    0.206634] pci 0000:01:00.0: reg 0x20: [mem 0x00000000-0x00003fff 64bit pref]
[    0.206647] pci 0000:01:00.0: reg 0x30: [mem 0x00000000-0x0001ffff pref]
[    0.206721] pci 0000:01:00.0: supports D1 D2
[    0.206729] pci 0000:01:00.0: PME# supported from D0 D1 D2 D3hot D3cold
[    0.230584] PCI: bus1: Fast back to back transfers disabled
[    0.230596] pci_bus 0000:01: busn_res: [bus 01-ff] end is updated to 01
[    0.230624] pci 0000:00:01.0: BAR 8: assigned [mem 0xa0000000-0xa00fffff]
[    0.230636] pci 0000:00:01.0: BAR 9: assigned [mem 0xa8000000-0xa80fffff 64bit pref]
[    0.230644] pci 0000:00:01.0: BAR 7: assigned [io  0x1000-0x1fff]
[    0.230656] pci 0000:01:00.0: BAR 6: assigned [mem 0xa0000000-0xa001ffff pref]
[    0.230665] pci 0000:01:00.0: BAR 4: assigned [mem 0xa8000000-0xa8003fff 64bit pref]
[    0.230685] pci 0000:01:00.0: BAR 2: assigned [mem 0xa8004000-0xa8004fff 64bit pref]
[    0.230703] pci 0000:01:00.0: BAR 0: assigned [io  0x1000-0x10ff]
[    0.230714] pci 0000:00:01.0: PCI bridge to [bus 01]
[    0.230722] pci 0000:00:01.0:   bridge window [io  0x1000-0x1fff]
[    0.230731] pci 0000:00:01.0:   bridge window [mem 0xa0000000-0xa00fffff]
[    0.230739] pci 0000:00:01.0:   bridge window [mem 0xa8000000-0xa80fffff 64bit pref]
[    0.230762] pci 0000:00:01.0: nv_msi_ht_cap_quirk didn't locate host bridge
[    0.230817] Disabling cpuidle LP2 state, since PCIe IRQs are in use
[    0.230851] pcieport 0000:00:01.0: enabling device (0140 -> 0143)
[    0.231044] pcieport 0000:00:01.0: Signaling PME with IRQ 295
[    0.237211] tegra-apbdma 6000a000.dma: Tegra20 APB DMA driver register 16 channels
[    0.285923] Serial: 8250/16550 driver, 4 ports, IRQ sharing disabled
[    0.288154] console [ttyS0] disabled
[    0.288192] 70006000.serial: ttyS0 at MMIO 0x70006000 (irq = 279, base_baud = 13500000) is a Tegra
[    1.376108] console [ttyS0] enabled
[    1.380185] SuperH (H)SCI(F) driver initialized
[    1.385487] msm_serial: driver initialized
[    1.389706] STMicroelectronics ASC driver initialized
[    1.399021] tegra-hdmi 54280000.hdmi: 54280000.hdmi supply hdmi not found, using dummy regulator
[    1.409936] [drm] Supports vblank timestamp caching Rev 2 (21.10.2013).
[    1.416552] [drm] No driver support for vblank timestamp query.
[    1.422498] [drm] Cannot find any crtc or sizes - going 1024x768
[    1.444441] Console: switching to colour frame buffer device 128x48
[    1.459121] drm drm: fb0:  frame buffer device
[    1.463616] [drm] Initialized tegra 0.0.0 20120330 for drm on minor 0
[    1.478204] brd: module loaded
[    1.486352] loop: module loaded
[    1.495764] m25p80 spi32766.0: found s25fl008k, expected w25q80bl
[    1.501882] m25p80 spi32766.0: s25fl008k (1024 Kbytes)
[    1.509077] libphy: Fixed MDIO Bus: probed
[    1.513993] CAN device driver interface
[    1.518496] bgmac_bcma: Broadcom 47xx GBit MAC driver loaded
[    1.525094] e1000e: Intel(R) PRO/1000 Network Driver - 3.2.6-k
[    1.530929] e1000e: Copyright(c) 1999 - 2015 Intel Corporation.
[    1.536890] igb: Intel(R) Gigabit Ethernet Network Driver - version 5.4.0-k
[    1.543864] igb: Copyright (c) 2007-2014 Intel Corporation.
[    1.550014] r8169 Gigabit Ethernet driver 2.3LK-NAPI loaded
[    1.555608] r8169 0000:01:00.0: enabling device (0140 -> 0143)
[    1.562344] r8169 0000:01:00.0 eth0: RTL8168d/8111d at 0xf08f9000, 00:01:c0:13:7d:63, XID 081000c0 IRQ 296
[    1.571996] r8169 0000:01:00.0 eth0: jumbo features [frames: 9200 bytes, tx checksumming: ko]
[    1.582778] pegasus: v0.9.3 (2013/04/25), Pegasus/Pegasus II USB Ethernet driver
[    1.590211] usbcore: registered new interface driver pegasus
[    1.595926] usbcore: registered new interface driver asix
[    1.601358] usbcore: registered new interface driver ax88179_178a
[    1.607464] usbcore: registered new interface driver cdc_ether
[    1.613342] usbcore: registered new interface driver smsc75xx
[    1.619124] usbcore: registered new interface driver smsc95xx
[    1.624900] usbcore: registered new interface driver net1080
[    1.630588] usbcore: registered new interface driver cdc_subset
[    1.636520] usbcore: registered new interface driver zaurus
[    1.642151] usbcore: registered new interface driver cdc_ncm
[    1.648071] tegra-phy c5004000.usb-phy: no vbus regulator
[    1.654568] tegra-phy c5008000.usb-phy: no vbus regulator
[    1.661315] ehci_hcd: USB 2.0 'Enhanced' Host Controller (EHCI) Driver
[    1.667827] ehci-pci: EHCI PCI platform driver
[    1.672310] ehci-platform: EHCI generic platform driver
[    1.677676] ehci-orion: EHCI orion driver
[    1.681813] SPEAr-ehci: EHCI SPEAr driver
[    1.685911] ehci-st: EHCI STMicroelectronics driver
[    1.690900] ehci-exynos: EHCI EXYNOS driver
[    1.695185] ehci-atmel: EHCI Atmel driver
[    1.699277] tegra-ehci: Tegra EHCI driver
[    1.761740] ulpi_phy_power_on: ulpi write failed
[    1.766347] tegra-ehci c5004000.usb: Failed to power on the phy
[    1.772283] tegra-ehci: probe of c5004000.usb failed with error -110
[    1.781261] tegra-ehci c5008000.usb: EHCI Host Controller
[    1.786665] tegra-ehci c5008000.usb: new USB bus registered, assigned bus number 1
[    1.794480] tegra-ehci c5008000.usb: irq 290, io mem 0xc5008000
[    1.820554] tegra-ehci c5008000.usb: USB 2.0 started, EHCI 1.00
[    1.827096] hub 1-0:1.0: USB hub found
[    1.830879] hub 1-0:1.0: 1 port detected
[    1.835106] ohci_hcd: USB 1.1 'Open' Host Controller (OHCI) Driver
[    1.841300] ohci-pci: OHCI PCI platform driver
[    1.845778] ohci-platform: OHCI generic platform driver
[    1.851180] SPEAr-ohci: OHCI SPEAr driver
[    1.855286] ohci-st: OHCI STMicroelectronics driver
[    1.860255] ohci-atmel: OHCI Atmel driver
[    1.864871] usbcore: registered new interface driver usb-storage
[    1.873723] rtc-em3027 2-0056: rtc core: registered rtc-em3027 as rtc0
[    1.881344] tegra_rtc 7000e000.rtc: rtc core: registered 7000e000.rtc as rtc1
[    1.888491] tegra_rtc 7000e000.rtc: Tegra internal Real Time Clock
[    1.895072] i2c /dev entries driver
[    1.908052] sdhci: Secure Digital Host Controller Interface driver
[    1.914258] sdhci: Copyright(c) Pierre Ossman
[    1.919758] Synopsys Designware Multimedia Card Interface Driver
[    1.926722] sdhci-pltfm: SDHCI platform and OF driver helper
[    1.940746] mmc0: Invalid maximum block size, assuming 512 bytes
[    2.000555] mmc0: SDHCI controller on c8000000.sdhci [c8000000.sdhci] using ADMA
[    2.008034] sdhci-tegra c8000600.sdhci: Got CD GPIO
[    2.012932] sdhci-tegra c8000600.sdhci: Got WP GPIO
[    2.025965] mmc1: Invalid maximum block size, assuming 512 bytes
[    2.090648] mmc1: SDHCI controller on c8000600.sdhci [c8000600.sdhci] using ADMA
[    2.099419] ledtrig-cpu: registered to indicate activity on CPUs
[    2.105730] usbcore: registered new interface driver usbhid
[    2.111306] usbhid: USB HID core driver
[    2.118418] NET: Registered protocol family 10
[    2.123879] Segment Routing with IPv6
[    2.127581] sit: IPv6, IPv4 and MPLS over IPv4 tunneling driver
[    2.134014] NET: Registered protocol family 17
[    2.138451] can: controller area network core (rev 20170425 abi 9)
[    2.144680] NET: Registered protocol family 29
[    2.149112] can: raw protocol (rev 20170425)
[    2.153386] can: broadcast manager protocol (rev 20170425 t)
[    2.159034] can: netlink gateway (rev 20170425) max_hops=1
[    2.164805] Key type dns_resolver registered
[    2.169434] ThumbEE CPU extension supported.
[    2.173720] Registering SWP/SWPB emulation handler
[    2.186752] utmi_phy_clk_enable: timeout waiting for phy to stabilize
[    2.193230] tegra-ehci c5000000.usb: EHCI Host Controller
[    2.198634] tegra-ehci c5000000.usb: new USB bus registered, assigned bus number 2
[    2.200550] usb 1-1: new high-speed USB device number 2 using tegra-ehci
[    2.213190] tegra-ehci c5000000.usb: irq 288, io mem 0xc5000000
[    2.289549] mmc1: new high speed SD card at address b368
[    2.295329] mmcblk1: mmc1:b368 NCard 1.83 GiB (ro)
[    2.302797] mmcblk1: error -5 sending stop command, original cmd response 0x900, card status 0x900
[    2.311773] mmcblk1: error -5 transferring data, sector 3839992, nr 8, cmd response 0x900, card status 0x80000b00
[    2.360573] tegra-ehci c5000000.usb: USB 2.0 started, EHCI 1.00
[    2.367351] hub 2-0:1.0: USB hub found
[    2.371196] hub 2-0:1.0: 1 port detected
[    2.376380] input: gpio-keys as /devices/soc0/gpio-keys/input/input0
[    2.383480] rtc-em3027 2-0056: hctosys: unable to read the hardware clock
[    2.384613] hub 1-1:1.0: USB hub found
[    2.384759] hub 1-1:1.0: 4 ports detected
[    2.414715] mmcblk1: error -5 sending stop command, original cmd response 0x900, card status 0x900
[    2.423698] mmcblk1: error -5 transferring data, sector 3839992, nr 8, cmd response 0x900, card status 0x80000b00
[    2.433967] mmcblk1: retrying using single block read
[    2.441207]  mmcblk1: p1 p2
[    2.444886] Waiting for root device PARTUUID=11eb23c1-01...
[    2.700584] usb 1-1.2: new high-speed USB device number 3 using tegra-ehci
[    3.258451] mmc0: host does not support reading read-only switch, assuming write-enable
[    3.268593] mmc0: new high speed SDHC card at address b368
[    3.275289] mmcblk0: mmc0:b368 NCard 3.70 GiB 
[    3.283280] mmcblk0: error -5 sending stop command, original cmd response 0x900, card status 0x900
[    3.292342] mmcblk0: error -5 transferring data, sector 7759864, nr 8, cmd response 0x900, card status 0x80000b00
[    3.325648] asix 1-1.2:1.0 eth1: register 'asix' at usb-c5008000.usb-1.2, ASIX AX88772 USB 2.0 Ethernet, 00:60:6e:60:6c:68
[    3.395438] mmcblk0: error -5 sending stop command, original cmd response 0x900, card status 0x900
[    3.404514] mmcblk0: error -5 transferring data, sector 7759864, nr 8, cmd response 0x900, card status 0x80000b00
[    3.414880] mmcblk0: retrying using single block read
[    3.422560]  mmcblk0: p1
[    3.441618] mmcblk0: r/w command failed, status = 0x80000900
[    3.535193] EXT4-fs (mmcblk0p1): mounting ext3 file system using the ext4 subsystem
[    3.774631] EXT4-fs (mmcblk0p1): recovery complete
[    3.850531] EXT4-fs (mmcblk0p1): mounted filesystem with ordered data mode. Opts: (null)
[    3.858741] VFS: Mounted root (ext3 filesystem) on device 179:17.
[    3.874707] devtmpfs: mounted
[    3.882615] Freeing unused kernel memory: 2048K
bash: cannot set terminal process group (-1): Inappropriate ioctl for device
bash: no job control in this shell
root@(none):/#  
root@(none):/# mount -t sysfs none /sys
root@(none):/# 
root@(none):/# mount -t debugfs none /sys/kernel/debug
root@(none):/# 
root@(none):/# rtcwake -d rtc1 -m mem -s 3
rtcwake: assuming RTC uses UTC ...
rtcwake: wakeup from "mem" using /dev/rtc1 at Thu Jan  1 00:00:32 1970
[   14.201609] PM: Syncing filesystems ... done.
[   14.234946] Freezing user space processes ... (elapsed 0.001 seconds) done.
[   14.243190] OOM killer disabled.
[   14.246422] Freezing remaining freezable tasks ... (elapsed 0.001 seconds) done.
[   14.255115] Suspending console(s) (use no_console_suspend to debug)
[   14.296821] pci_generic_config_write32: 43 callbacks suppressed
[   14.296868] pci_bus 0000:00: 2-byte config write to 0000:00:01.0 offset 0x9c may corrupt adjacent RW1C bits
[   14.316778] pci_bus 0000:01: 2-byte config write to 0000:01:00.0 offset 0x44 may corrupt adjacent RW1C bits
[   14.316836] pci_bus 0000:01: 2-byte config write to 0000:01:00.0 offset 0x44 may corrupt adjacent RW1C bits
[   14.341189] Disabling non-boot CPUs ...
[   14.384283] Entering suspend state LP1
[   14.384283] Suspended for 2.730 seconds
[   14.384329] Enabling non-boot CPUs ...
[   14.385803] CPU1 is up
[   14.386545] pci_bus 0000:00: 2-byte config write to 0000:00:01.0 offset 0x4c may corrupt adjacent RW1C bits
[   14.386594] pci_bus 0000:00: 2-byte config write to 0000:00:01.0 offset 0x88 may corrupt adjacent RW1C bits
[   14.386626] pci_bus 0000:00: 2-byte config write to 0000:00:01.0 offset 0x90 may corrupt adjacent RW1C bits
[   14.386654] pci_bus 0000:00: 2-byte config write to 0000:00:01.0 offset 0x98 may corrupt adjacent RW1C bits
[   14.386682] pci_bus 0000:00: 2-byte config write to 0000:00:01.0 offset 0x9c may corrupt adjacent RW1C bits
[   14.386765] pci_bus 0000:00: 2-byte config write to 0000:00:01.0 offset 0x52 may corrupt adjacent RW1C bits
[   14.386798] pci_bus 0000:00: 2-byte config write to 0000:00:01.0 offset 0x52 may corrupt adjacent RW1C bits
[   14.386880] pcieport 0000:00:01.0: nv_msi_ht_cap_quirk didn't locate host bridge
[   15.090896] OOM killer enabled.
[   15.094025] Restarting tasks ... done.
root@(none):/# 
root@(none):/# rtcwake -d rtc1 -m mem -s 3
rtcwake: assuming RTC uses UTC ...
rtcwake: wakeup from "mem" using /dev/rtc1 at Thu Jan  1 00:00:37 1970
[   16.005475] PM: Syncing filesystems ... done.
[   16.050809] Freezing user space processes ... (elapsed 0.001 seconds) done.
[   16.059073] OOM killer disabled.
[   16.062373] Freezing remaining freezable tasks ... (elapsed 0.001 seconds) done.
[   16.071124] Suspending console(s) (use no_console_suspend to debug)
[   16.131077] Disabling non-boot CPUs ...
[   16.193285] Entering suspend state LP1
[   16.193285] Suspended for 3.190 seconds
[   16.193331] Enabling non-boot CPUs ...
[   16.194908] CPU1 is up
[   16.196221] pcieport 0000:00:01.0: nv_msi_ht_cap_quirk didn't locate host bridge
[   16.798070] OOM killer enabled.
[   16.801212] Restarting tasks ... done.
root@(none):/# 
root@(none):/# rtcwake -d rtc1 -m mem -s 3
rtcwake: assuming RTC uses UTC ...
rtcwake: wakeup from "mem" using /dev/rtc1 at Thu Jan  1 00:00:42 1970
[   17.815203] PM: Syncing filesystems ... done.
[   17.860536] Freezing user space processes ... (elapsed 0.001 seconds) done.
[   17.868858] OOM killer disabled.
[   17.872192] Freezing remaining freezable tasks ... (elapsed 0.001 seconds) done.
[   17.881061] Suspending console(s) (use no_console_suspend to debug)
[   17.971055] Disabling non-boot CPUs ...
[   18.023057] Entering suspend state LP1
[   18.023057] Suspended for 3.170 seconds
[   18.023103] Enabling non-boot CPUs ...
[   18.024649] CPU1 is up
[   18.025664] pcieport 0000:00:01.0: nv_msi_ht_cap_quirk didn't locate host bridge
[   18.628146] OOM killer enabled.
[   18.631285] Restarting tasks ... done.
root@(none):/# 
root@(none):/# rtcwake -d rtc1 -m mem -s 3
rtcwake: assuming RTC uses UTC ...
rtcwake: wakeup from "mem" using /dev/rtc1 at Thu Jan  1 00:00:47 1970
[   19.645251] PM: Syncing filesystems ... done.
[   19.690569] Freezing user space processes ... (elapsed 0.001 seconds) done.
[   19.698890] OOM killer disabled.
[   19.702225] Freezing remaining freezable tasks ... (elapsed 0.001 seconds) done.
[   19.711128] Suspending console(s) (use no_console_suspend to debug)
[   19.755330] pci_generic_config_write32: 71 callbacks suppressed
[   19.755375] pci_bus 0000:00: 2-byte config write to 0000:00:01.0 offset 0x9c may corrupt adjacent RW1C bits
[   19.776527] pci_bus 0000:01: 2-byte config write to 0000:01:00.0 offset 0x44 may corrupt adjacent RW1C bits
[   19.776588] pci_bus 0000:01: 2-byte config write to 0000:01:00.0 offset 0x44 may corrupt adjacent RW1C bits
[   19.800971] Disabling non-boot CPUs ...
[   19.852983] Entering suspend state LP1
[   19.852983] Suspended for 3.169 seconds
[   19.853029] Enabling non-boot CPUs ...
[   19.854575] CPU1 is up
[   19.855709] pci_bus 0000:00: 2-byte config write to 0000:00:01.0 offset 0x4c may corrupt adjacent RW1C bits
[   19.855758] pci_bus 0000:00: 2-byte config write to 0000:00:01.0 offset 0x88 may corrupt adjacent RW1C bits
[   19.855789] pci_bus 0000:00: 2-byte config write to 0000:00:01.0 offset 0x90 may corrupt adjacent RW1C bits
[   19.855818] pci_bus 0000:00: 2-byte config write to 0000:00:01.0 offset 0x98 may corrupt adjacent RW1C bits
[   19.855846] pci_bus 0000:00: 2-byte config write to 0000:00:01.0 offset 0x9c may corrupt adjacent RW1C bits
[   19.855928] pci_bus 0000:00: 2-byte config write to 0000:00:01.0 offset 0x52 may corrupt adjacent RW1C bits
[   19.855960] pci_bus 0000:00: 2-byte config write to 0000:00:01.0 offset 0x52 may corrupt adjacent RW1C bits
[   19.856042] pcieport 0000:00:01.0: nv_msi_ht_cap_quirk didn't locate host bridge
[   20.571303] OOM killer enabled.
[   20.574431] Restarting tasks ... done.
root@(none):/# 
root@(none):/# rtcwake -d rtc1 -m mem -s 3
rtcwake: assuming RTC uses UTC ...
rtcwake: wakeup from "mem" using /dev/rtc1 at Thu Jan  1 00:00:52 1970
[   21.475129] PM: Syncing filesystems ... done.
[   21.520413] Freezing user space processes ... (elapsed 0.001 seconds) done.
[   21.528740] OOM killer disabled.
[   21.532073] Freezing remaining freezable tasks ... (elapsed 0.001 seconds) done.
[   21.540949] Suspending console(s) (use no_console_suspend to debug)
[   21.630848] Disabling non-boot CPUs ...
[   21.672912] Entering suspend state LP1
[   21.672912] Suspended for 3.179 seconds
[   21.672958] Enabling non-boot CPUs ...
[   21.674506] CPU1 is up
[   21.677162] pcieport 0000:00:01.0: nv_msi_ht_cap_quirk didn't locate host bridge
[   22.283697] OOM killer enabled.
[   22.286832] Restarting tasks ... done.
root@(none):/# 
root@(none):/# rtcwake -d rtc1 -m mem -s 3
rtcwake: assuming RTC uses UTC ...
rtcwake: wakeup from "mem" using /dev/rtc1 at Thu Jan  1 00:00:57 1970
[   23.295140] PM: Syncing filesystems ... done.
[   23.340455] Freezing user space processes ... (elapsed 0.001 seconds) done.
[   23.348774] OOM killer disabled.
[   23.352107] Freezing remaining freezable tasks ... (elapsed 0.001 seconds) done.
[   23.360981] Suspending console(s) (use no_console_suspend to debug)
[   23.450794] Disabling non-boot CPUs ...
[   23.502861] Entering suspend state LP1
[   23.502861] Suspended for 3.169 seconds
[   23.502908] Enabling non-boot CPUs ...
[   23.504443] CPU1 is up
[   23.505709] pcieport 0000:00:01.0: nv_msi_ht_cap_quirk didn't locate host bridge
[   24.117260] OOM killer enabled.
[   24.120406] Restarting tasks ... done.
root@(none):/# 
root@(none):/# rtcwake -d rtc1 -m mem -s 3
rtcwake: assuming RTC uses UTC ...
rtcwake: wakeup from "mem" using /dev/rtc1 at Thu Jan  1 00:01:02 1970
[   25.125102] PM: Syncing filesystems ... done.
[   25.170430] Freezing user space processes ... (elapsed 0.001 seconds) done.
[   25.178750] OOM killer disabled.
[   25.182086] Freezing remaining freezable tasks ... (elapsed 0.001 seconds) done.
[   25.190961] Suspending console(s) (use no_console_suspend to debug)
[   25.235245] pci_generic_config_write32: 71 callbacks suppressed
[   25.235291] pci_bus 0000:00: 2-byte config write to 0000:00:01.0 offset 0x9c may corrupt adjacent RW1C bits
[   25.256454] pci_bus 0000:01: 2-byte config write to 0000:01:00.0 offset 0x44 may corrupt adjacent RW1C bits
[   25.256514] pci_bus 0000:01: 2-byte config write to 0000:01:00.0 offset 0x44 may corrupt adjacent RW1C bits
[   25.280704] Disabling non-boot CPUs ...
[   25.332749] Entering suspend state LP1
[   25.332749] Suspended for 3.170 seconds
[   25.332795] Enabling non-boot CPUs ...
[   25.334333] CPU1 is up
[   25.335568] pci_bus 0000:00: 2-byte config write to 0000:00:01.0 offset 0x4c may corrupt adjacent RW1C bits
[   25.335617] pci_bus 0000:00: 2-byte config write to 0000:00:01.0 offset 0x88 may corrupt adjacent RW1C bits
[   25.335649] pci_bus 0000:00: 2-byte config write to 0000:00:01.0 offset 0x90 may corrupt adjacent RW1C bits
[   25.335677] pci_bus 0000:00: 2-byte config write to 0000:00:01.0 offset 0x98 may corrupt adjacent RW1C bits
[   25.335704] pci_bus 0000:00: 2-byte config write to 0000:00:01.0 offset 0x9c may corrupt adjacent RW1C bits
[   25.335785] pci_bus 0000:00: 2-byte config write to 0000:00:01.0 offset 0x52 may corrupt adjacent RW1C bits
[   25.335818] pci_bus 0000:00: 2-byte config write to 0000:00:01.0 offset 0x52 may corrupt adjacent RW1C bits
[   25.335900] pcieport 0000:00:01.0: nv_msi_ht_cap_quirk didn't locate host bridge
[   26.040983] OOM killer enabled.
[   26.044112] Restarting tasks ... done.
root@(none):/# 
root@(none):/# rtcwake -d rtc1 -m mem -s 3
rtcwake: assuming RTC uses UTC ...
rtcwake: wakeup from "mem" using /dev/rtc1 at Thu Jan  1 00:01:07 1970
[   26.954697] PM: Syncing filesystems ... done.
[   26.999886] Freezing user space processes ... (elapsed 0.001 seconds) done.
[   27.008318] OOM killer disabled.
[   27.011649] Freezing remaining freezable tasks ... (elapsed 0.001 seconds) done.
[   27.020522] Suspending console(s) (use no_console_suspend to debug)
[   27.110647] Disabling non-boot CPUs ...
[   27.162635] Entering suspend state LP1
[   27.162635] Suspended for 3.170 seconds
[   27.162681] Enabling non-boot CPUs ...
[   27.164225] CPU1 is up
[   27.165093] pcieport 0000:00:01.0: nv_msi_ht_cap_quirk didn't locate host bridge
[   27.767680] OOM killer enabled.
[   27.770819] Restarting tasks ... done.
root@(none):/# 
root@(none):/# rtcwake -d rtc1 -m mem -s 3
rtcwake: assuming RTC uses UTC ...
rtcwake: wakeup from "mem" using /dev/rtc1 at Thu Jan  1 00:01:12 1970
[   28.784578] PM: Syncing filesystems ... done.
[   28.829791] Freezing user space processes ... (elapsed 0.001 seconds) done.
[   28.838166] OOM killer disabled.
[   28.841465] Freezing remaining freezable tasks ... (elapsed 0.001 seconds) done.
[   28.850186] Suspending console(s) (use no_console_suspend to debug)
[   28.940458] Disabling non-boot CPUs ...
[   28.982602] Entering suspend state LP1
[   28.982602] Suspended for 3.179 seconds
[   28.982649] Enabling non-boot CPUs ...
[   28.984193] CPU1 is up
[   28.986873] pcieport 0000:00:01.0: nv_msi_ht_cap_quirk didn't locate host bridge
[   29.593921] OOM killer enabled.
[   29.597055] Restarting tasks ... done.
root@(none):/# 
root@(none):/# rtcwake -d rtc1 -m mem -s 3
rtcwake: assuming RTC uses UTC ...
rtcwake: wakeup from "mem" using /dev/rtc1 at Thu Jan  1 00:01:17 1970
[   30.604848] PM: Syncing filesystems ... done.
[   30.650194] Freezing user space processes ... (elapsed 0.001 seconds) done.
[   30.658520] OOM killer disabled.
[   30.661855] Freezing remaining freezable tasks ... (elapsed 0.001 seconds) done.
[   30.670726] Suspending console(s) (use no_console_suspend to debug)
[   30.715045] pci_generic_config_write32: 71 callbacks suppressed
[   30.715089] pci_bus 0000:00: 2-byte config write to 0000:00:01.0 offset 0x9c may corrupt adjacent RW1C bits
[   30.736149] pci_bus 0000:01: 2-byte config write to 0000:01:00.0 offset 0x44 may corrupt adjacent RW1C bits
[   30.736207] pci_bus 0000:01: 2-byte config write to 0000:01:00.0 offset 0x44 may corrupt adjacent RW1C bits
[   30.760409] Disabling non-boot CPUs ...
[   30.802474] Entering suspend state LP1
[   30.802474] Suspended for 3.180 seconds
[   30.802521] Enabling non-boot CPUs ...
[   30.804067] CPU1 is up
[   30.805390] pci_bus 0000:00: 2-byte config write to 0000:00:01.0 offset 0x4c may corrupt adjacent RW1C bits
[   30.805439] pci_bus 0000:00: 2-byte config write to 0000:00:01.0 offset 0x88 may corrupt adjacent RW1C bits
[   30.805471] pci_bus 0000:00: 2-byte config write to 0000:00:01.0 offset 0x90 may corrupt adjacent RW1C bits
[   30.805499] pci_bus 0000:00: 2-byte config write to 0000:00:01.0 offset 0x98 may corrupt adjacent RW1C bits
[   30.805526] pci_bus 0000:00: 2-byte config write to 0000:00:01.0 offset 0x9c may corrupt adjacent RW1C bits
[   30.805609] pci_bus 0000:00: 2-byte config write to 0000:00:01.0 offset 0x52 may corrupt adjacent RW1C bits
[   30.805641] pci_bus 0000:00: 2-byte config write to 0000:00:01.0 offset 0x52 may corrupt adjacent RW1C bits
[   30.805722] pcieport 0000:00:01.0: nv_msi_ht_cap_quirk didn't locate host bridge
[   31.510387] OOM killer enabled.
[   31.513516] Restarting tasks ... done.
root@(none):/# 
root@(none):/# NVTB SYSTEM SUSPEND TEST COMPLETE
