
U-Boot SPL 2016.05-rc2 (Apr 21 2016 - 16:23:00)
Trying to boot from RAM


U-Boot 2016.05-rc2 (Apr 21 2016 - 16:23:00 -0700)

TEGRA124
Model: NVIDIA Jetson TK1
Board: NVIDIA Jetson TK1
DRAM:  2 GiB
MC:   Tegra SD/MMC: 0, Tegra SD/MMC: 1
In:    serial
Out:   serial
Err:   serial
Net:   No ethernet found.
Hit any key to stop autoboot:  2  0 
Tegra124 (Jetson TK1) # 
Tegra124 (Jetson TK1) # pci enum
Tegra124 (Jetson TK1) # setenv bootargs 'ignore_loglevel console=ttyS0,115200n8 rw root=PARTUUID=b1791faa-84e8-4e27-83a1-9fb0a77e8803 rootwait gpt debug noinitrd earlyprintk init=/bin/bash'
Tegra124 (Jetson TK1) # setenv ipaddr 192.168.100.102; setenv serverip 192.168.100.1; setenv tftpserverip 192.168.100.1
Tegra124 (Jetson TK1) # tftpboot 0x82000000 zImage.tegra_defconfig

Warning: eth_rtl8169 using MAC address from ROM
Using eth_rtl8169 device
TFTP from server 192.168.100.1; our IP address is 192.168.100.102
Filename 'zImage.tegra_defconfig'.
Load address: 0x82000000
Loading: *#################################################################
	 #################################################################
	 #################################################################
	 #################################################################
	 #################################################################
	 #################################################################
	 ##############################
	 4 MiB/s
done
Bytes transferred = 6164760 (5e1118 hex)
Tegra124 (Jetson TK1) # tftpboot 0x83000000 tegra124-jetson-tk1.dtb
Using eth_rtl8169 device
TFTP from server 192.168.100.1; our IP address is 192.168.100.102
Filename 'tegra124-jetson-tk1.dtb'.
Load address: 0x83000000
Loading: *#####
	 3.7 MiB/s
done
Bytes transferred = 66544 (103f0 hex)
Tegra124 (Jetson TK1) # bootz 0x82000000 - 0x83000000
Kernel image @ 0x82000000 [ 0x000000 - 0x5e1118 ]
## Flattened Device Tree blob at 83000000
   Booting using the fdt blob at 0x83000000
   Using Device Tree in place at 83000000, end 830133ef

Starting kernel ...

[    0.000000] Booting Linux on physical CPU 0x0
[    0.000000] Linux version 4.15.0-rc1-13489-g4fbd8d1 (jonathanh@kaivo) (gcc version 4.7.3 20130328 (prerelease) (crosstool-NG linaro-1.13.1-4.7-2013.04-20130415 - Linaro GCC 2013.04)) #1 SMP PREEMPT Mon Dec 4 13:32:33 PST 2017
[    0.000000] CPU: ARMv7 Processor [413fc0f3] revision 3 (ARMv7), cr=10c5387d
[    0.000000] CPU: div instructions available: patching division code
[    0.000000] CPU: PIPT / VIPT nonaliasing data cache, PIPT instruction cache
[    0.000000] OF: fdt: Machine model: NVIDIA Tegra124 Jetson TK1
[    0.000000] debug: ignoring loglevel setting.
[    0.000000] bootconsole [earlycon0] enabled
[    0.000000] Memory policy: Data cache writealloc
[    0.000000] cma: Reserved 64 MiB at 0xfbc00000
[    0.000000] On node 0 totalpages: 524032
[    0.000000]   Normal zone: 1536 pages used for memmap
[    0.000000]   Normal zone: 0 pages reserved
[    0.000000]   Normal zone: 196608 pages, LIFO batch:31
[    0.000000]   HighMem zone: 327424 pages, LIFO batch:31
[    0.000000] random: fast init done
[    0.000000] percpu: Embedded 17 pages/cpu @eef88000 s39104 r8192 d22336 u69632
[    0.000000] pcpu-alloc: s39104 r8192 d22336 u69632 alloc=17*4096
[    0.000000] pcpu-alloc: [0] 0 [0] 1 [0] 2 [0] 3 
[    0.000000] Built 1 zonelists, mobility grouping on.  Total pages: 522496
[    0.000000] Kernel command line: ignore_loglevel console=ttyS0,115200n8 rw root=PARTUUID=b1791faa-84e8-4e27-83a1-9fb0a77e8803 rootwait gpt debug noinitrd earlyprintk init=/bin/bash
[    0.000000] Dentry cache hash table entries: 131072 (order: 7, 524288 bytes)
[    0.000000] Inode-cache hash table entries: 65536 (order: 6, 262144 bytes)
[    0.000000] Memory: 1998492K/2096128K available (9216K kernel code, 778K rwdata, 2556K rodata, 1024K init, 299K bss, 32100K reserved, 65536K cma-reserved, 1244160K highmem)
[    0.000000] Virtual kernel memory layout:
[    0.000000]     vector  : 0xffff0000 - 0xffff1000   (   4 kB)
[    0.000000]     fixmap  : 0xffc00000 - 0xfff00000   (3072 kB)
[    0.000000]     vmalloc : 0xf0800000 - 0xff800000   ( 240 MB)
[    0.000000]     lowmem  : 0xc0000000 - 0xf0000000   ( 768 MB)
[    0.000000]     pkmap   : 0xbfe00000 - 0xc0000000   (   2 MB)
[    0.000000]     modules : 0xbf000000 - 0xbfe00000   (  14 MB)
[    0.000000]       .text : 0xc0008000 - 0xc0a00000   (10208 kB)
[    0.000000]       .init : 0xc0d00000 - 0xc0e00000   (1024 kB)
[    0.000000]       .data : 0xc0e00000 - 0xc0ec289c   ( 779 kB)
[    0.000000]        .bss : 0xc0ec289c - 0xc0f0d4ec   ( 300 kB)
[    0.000000] Preemptible hierarchical RCU implementation.
[    0.000000] 	Tasks RCU enabled.
[    0.000000] NR_IRQS: 16, nr_irqs: 16, preallocated irqs: 16
[    0.000000] /interrupt-controller@60004000: 160 interrupts forwarded to /interrupt-controller@50041000
[    0.000000] Tegra clk 127: register failed with -17
[    0.000008] sched_clock: 32 bits at 1000kHz, resolution 1000ns, wraps every 2147483647500ns
[    0.007460] clocksource: timer_us: mask: 0xffffffff max_cycles: 0xffffffff, max_idle_ns: 1911260446275 ns
[    0.016989] Switching to timer-based delay loop, resolution 1000ns
[    0.024176] arch_timer: cp15 timer(s) running at 12.00MHz (virt).
[    0.029214] clocksource: arch_sys_counter: mask: 0xffffffffffffff max_cycles: 0x2c47f4ee7, max_idle_ns: 440795202497 ns
[    0.039961] sched_clock: 56 bits at 12MHz, resolution 83ns, wraps every 4398046511096ns
[    0.047929] Switching to timer-based delay loop, resolution 83ns
[    0.054396] Console: colour dummy device 80x30
[    0.058344] Calibrating delay loop (skipped), value calculated using timer frequency.. 24.00 BogoMIPS (lpj=120000)
[    0.068653] pid_max: default: 32768 minimum: 301
[    0.073735] Mount-cache hash table entries: 2048 (order: 1, 8192 bytes)
[    0.079838] Mountpoint-cache hash table entries: 2048 (order: 1, 8192 bytes)
[    0.087686] CPU: Testing write buffer coherency: ok
[    0.092002] /cpus/cpu@0 missing clock-frequency property
[    0.097011] /cpus/cpu@1 missing clock-frequency property
[    0.102319] /cpus/cpu@2 missing clock-frequency property
[    0.107585] /cpus/cpu@3 missing clock-frequency property
[    0.112857] CPU0: thread -1, cpu 0, socket 0, mpidr 80000000
[    0.152970] Setting up static identity map for 0x80100000 - 0x801000a0
[    0.157720] Hierarchical SRCU implementation.
[    0.173482] Tegra Revision: A01 SKU: 129 CPU Process: 1 SoC Process: 1
[    0.192989] smp: Bringing up secondary CPUs ...
[    0.243616] CPU1: thread -1, cpu 1, socket 0, mpidr 80000001
[    0.323726] CPU2: thread -1, cpu 2, socket 0, mpidr 80000002
[    0.403838] CPU3: thread -1, cpu 3, socket 0, mpidr 80000003
[    0.413412] smp: Brought up 1 node, 4 CPUs
[    0.432501] SMP: Total of 4 processors activated (96.00 BogoMIPS).
[    0.438667] CPU: All CPU(s) started in SVC mode.
[    0.445096] devtmpfs: initialized
[    0.465241] VFP support v0.3: implementor 41 architecture 4 part 30 variant f rev 0
[    0.471358] clocksource: jiffies: mask: 0xffffffff max_cycles: 0xffffffff, max_idle_ns: 19112604462750000 ns
[    0.480798] futex hash table entries: 1024 (order: 4, 65536 bytes)
[    0.488336] pinctrl core: initialized pinctrl subsystem
[    0.493350] NET: Registered protocol family 16
[    0.498005] DMA: preallocated 256 KiB pool for atomic coherent allocations
[    0.504717] cpuidle: using governor menu
[    0.530527] No ATAGs?
[    0.530663] hw-breakpoint: found 5 (+1 reserved) breakpoint and 4 watchpoint registers.
[    0.539023] hw-breakpoint: maximum watchpoint size is 8 bytes.
[    0.546678] iommu: Adding device reg-dummy to group 0
[    0.549901] iommu: Adding device 1003000.pcie to group 1
[    0.555202] iommu: Adding device 50000000.host1x to group 2
[    0.560757] iommu: Adding device 54200000.dc to group 3
[    0.565937] iommu: Adding device 54240000.dc to group 4
[    0.571124] iommu: Adding device 54280000.hdmi to group 5
[    0.576511] iommu: Adding device 57000000.gpu to group 6
[    0.581784] iommu: Adding device 60005000.timer to group 7
[    0.587217] iommu: Adding device 60007000.flow-controller to group 8
[    0.593564] iommu: Adding device 6000c800.actmon to group 9
[    0.599092] iommu: Adding device 6000d000.gpio to group 10
[    0.604568] iommu: Adding device 60020000.dma to group 11
[    0.609940] iommu: Adding device 70000800.apbmisc to group 12
[    0.615663] iommu: Adding device 70000868.pinmux to group 13
[    0.621283] iommu: Adding device 70006000.serial to group 14
[    0.626930] iommu: Adding device 70006040.serial to group 15
[    0.632543] iommu: Adding device 70006300.serial to group 16
[    0.638197] iommu: Adding device 7000c000.i2c to group 17
[    0.643551] iommu: Adding device 7000c400.i2c to group 18
[    0.648942] iommu: Adding device 7000c500.i2c to group 19
[    0.654298] iommu: Adding device 7000c700.i2c to group 20
[    0.659696] iommu: Adding device 7000d000.i2c to group 21
[    0.665043] iommu: Adding device 7000d400.spi to group 22
[    0.670442] iommu: Adding device 7000da00.spi to group 23
[    0.675793] iommu: Adding device 7000e000.rtc to group 24
[    0.681184] iommu: Adding device 7000e400.pmc to group 25
[    0.686537] iommu: Adding device 7000f800.fuse to group 26
[    0.692016] iommu: Adding device 70019000.memory-controller to group 27
[    0.698585] iommu: Adding device 7001b000.emc to group 28
[    0.703982] iommu: Adding device 70027000.sata to group 29
[    0.709417] iommu: Adding device 70030000.hda to group 30
[    0.714811] iommu: Adding device 70090000.usb to group 31
[    0.720165] iommu: Adding device 7009f000.padctl to group 32
[    0.725831] iommu: Adding device 700b0400.sdhci to group 33
[    0.731344] iommu: Adding device 700b0600.sdhci to group 34
[    0.736909] iommu: Adding device 70015000.cec to group 35
[    0.742276] iommu: Adding device 700e2000.thermal-sensor to group 36
[    0.748611] iommu: Adding device 70110000.clock to group 37
[    0.754137] iommu: Adding device 70300000.ahub to group 38
[    0.759617] iommu: Adding device 7d000000.usb to group 39
[    0.764970] iommu: Adding device 7d000000.usb-phy to group 40
[    0.770709] iommu: Adding device 7d004000.usb to group 41
[    0.776065] iommu: Adding device 7d004000.usb-phy to group 42
[    0.781807] iommu: Adding device 7d008000.usb to group 43
[    0.787163] iommu: Adding device 7d008000.usb-phy to group 44
[    0.792895] iommu: Adding device pmu to group 45
[    0.797470] iommu: Adding device timer to group 46
[    0.802237] iommu: Adding device clocks to group 47
[    0.807108] iommu: Adding device gpio-keys to group 48
[    0.812205] iommu: Adding device regulators to group 49
[    0.817431] iommu: Adding device regulators:regulator@0 to group 50
[    0.823643] iommu: Adding device regulators:regulator@1 to group 51
[    0.829904] iommu: Adding device regulators:regulator@2 to group 52
[    0.836124] iommu: Adding device regulators:regulator@3 to group 53
[    0.842382] iommu: Adding device regulators:regulator@4 to group 54
[    0.848612] iommu: Adding device regulators:regulator@7 to group 55
[    0.854861] iommu: Adding device regulators:regulator@8 to group 56
[    0.861091] iommu: Adding device regulators:regulator@10 to group 57
[    0.867428] iommu: Adding device regulators:regulator@11 to group 58
[    0.873737] iommu: Adding device regulators:regulator@12 to group 59
[    0.880082] iommu: Adding device regulators:regulator@13 to group 60
[    0.886391] iommu: Adding device regulators:regulator@14 to group 61
[    0.892734] iommu: Adding device sound to group 62
[    0.914321] +5V_SYS: supplied by +VDD_MUX
[    0.916811] +3.3V_SYS: supplied by +VDD_MUX
[    0.921372] +USB0_VBUS_SW: Failed to request enable GPIO108: -517
[    0.926695] reg-fixed-voltage regulators:regulator@7: Failed to register regulator: -517
[    0.934815] +5V_USB_HS: Failed to request enable GPIO109: -517
[    0.940540] reg-fixed-voltage regulators:regulator@8: Failed to register regulator: -517
[    0.948776] +1.05V_RUN_AVDD_HDMI_PLL: Failed to request enable GPIO63: -517
[    0.955557] reg-fixed-voltage regulators:regulator@11: Failed to register regulator: -517
[    0.963760] +5V_HDMI_CON: Failed to request enable GPIO86: -517
[    0.969572] reg-fixed-voltage regulators:regulator@12: Failed to register regulator: -517
[    0.977799] +5V_SATA: Failed to request enable GPIO242: -517
[    0.983351] reg-fixed-voltage regulators:regulator@13: Failed to register regulator: -517
[    0.991578] +12V_SATA: Failed to request enable GPIO242: -517
[    0.997216] reg-fixed-voltage regulators:regulator@14: Failed to register regulator: -517
[    1.006656] vgaarb: loaded
[    1.008797] SCSI subsystem initialized
[    1.011997] libata version 3.00 loaded.
[    1.015891] usbcore: registered new interface driver usbfs
[    1.021115] usbcore: registered new interface driver hub
[    1.026420] usbcore: registered new device driver usb
[    1.034628] Linux video capture interface: v2.00
[    1.037409] pps_core: LinuxPPS API ver. 1 registered
[    1.042308] pps_core: Software ver. 5.3.6 - Copyright 2005-2007 Rodolfo Giometti <giometti@linux.it>
[    1.051414] PTP clock support registered
[    1.056726] Advanced Linux Sound Architecture Driver Initialized.
[    1.061986] Bluetooth: Core ver 2.22
[    1.064945] NET: Registered protocol family 31
[    1.069343] Bluetooth: HCI device and connection manager initialized
[    1.075648] Bluetooth: HCI socket layer initialized
[    1.080517] Bluetooth: L2CAP socket layer initialized
[    1.085554] Bluetooth: SCO socket layer initialized
[    1.091008] clocksource: Switched to clocksource arch_sys_counter
[    1.185470] NET: Registered protocol family 2
[    1.188923] TCP established hash table entries: 8192 (order: 3, 32768 bytes)
[    1.195058] TCP bind hash table entries: 8192 (order: 4, 65536 bytes)
[    1.201545] TCP: Hash tables configured (established 8192 bind 8192)
[    1.208163] UDP hash table entries: 512 (order: 2, 16384 bytes)
[    1.213629] UDP-Lite hash table entries: 512 (order: 2, 16384 bytes)
[    1.220217] NET: Registered protocol family 1
[    1.224964] RPC: Registered named UNIX socket transport module.
[    1.230124] RPC: Registered udp transport module.
[    1.234828] RPC: Registered tcp transport module.
[    1.239483] RPC: Registered tcp NFSv4.1 backchannel transport module.
[    1.246355] iommu: Adding device regulatory.0 to group 63
[    1.251485] PCI: CLS 0 bytes, default 64
[    1.256968] hw perfevents: enabled with armv7_cortex_a15 PMU driver, 7 counters available
[    1.264051] iommu: Adding device alarmtimer to group 64
[    1.269659] Initialise system trusted keyrings
[    1.273147] workingset: timestamp_bits=30 max_order=19 bucket_order=0
[    1.280719] squashfs: version 4.0 (2009/01/31) Phillip Lougher
[    1.285993] NFS: Registering the id_resolver key type
[    1.290202] Key type id_resolver registered
[    1.294376] Key type id_legacy registered
[    1.303244] Key type asymmetric registered
[    1.305430] Asymmetric key parser 'x509' registered
[    1.310415] bounce: pool size: 64 pages
[    1.314194] io scheduler noop registered (default)
[    1.318864] io scheduler mq-deadline registered
[    1.323413] io scheduler kyber registered
[    1.329177]  usb2-0: usb2-0 supply vbus not found, using dummy regulator
[    1.334190]  usb2-1: usb2-1 supply vbus not found, using dummy regulator
[    1.341179] tegra-xusb-padctl 7009f000.padctl: failed to setup XUSB ports: -517
[    1.357057] tegra-pcie 1003000.pcie: 2x1, 1x1 configuration
[    1.360768] tegra-pcie 1003000.pcie: Failed to get supply 'avddio-pex': -517
[    1.370741] tegra124-dfll 70110000.clock: couldn't get vdd_cpu regulator
[    1.381472] tegra-apbdma 60020000.dma: Tegra20 APB DMA driver register 32 channels
[    1.388425] tegra-pmc 7000e400.pmc: emergency thermal reset enabled
[    1.393988] Serial: 8250/16550 driver, 4 ports, IRQ sharing disabled
[    1.399804] iommu: Adding device serial8250 to group 65
[    1.406765] console [ttyS0] disabled
[    1.408489] 70006300.serial: ttyS0 at MMIO 0x70006300 (irq = 335, base_baud = 25500000) is a Tegra
[    1.417453] console [ttyS0] enabled
[    1.417453] console [ttyS0] enabled
[    1.423663] bootconsole [earlycon0] disabled
[    1.423663] bootconsole [earlycon0] disabled
[    1.433357] 70006000.serial: ttyTHS1 at MMIO 0x70006000 (irq = 333, base_baud = 0) is a TEGRA_UART
[    1.444070] 70006040.serial: ttyTHS2 at MMIO 0x70006040 (irq = 334, base_baud = 0) is a TEGRA_UART
[    1.472666] tegra-hdmi 54280000.hdmi: failed to get HDMI regulator
[    1.492200] loop: module loaded
[    1.496688] at24 0-0056: 256 byte 24c02 EEPROM, writable, 8 bytes/write
[    1.504138] as3722 4-0040: AS3722 with revision 0x1 found
[    1.511787] iommu: Adding device as3722-pinctrl to group 66
[    1.519072] iommu: Adding device as3722-regulator to group 67
[    1.527791] as3722-sd2: supplied by +5V_SYS
[    1.532494] as3722-sd3: supplied by +5V_SYS
[    1.536928] +1.35V_LP0(sd3): Bringing 0uV into 1350000-1350000uV
[    1.543315] as3722-sd4: supplied by +5V_SYS
[    1.547974] as3722-sd5: supplied by +5V_SYS
[    1.554100] as3722-ldo0: supplied by +1.35V_LP0(sd2)
[    1.560211] +1.8V_RUN_CAM: Bringing 0uV into 1800000-1800000uV
[    1.566467] as3722-ldo2: supplied by +1.8V_VDDIO
[    1.572444] as3722-ldo3: supplied by +3.3V_SYS
[    1.576939] +1.05V_LP0_VDD_RTC: Bringing 1100000uV into 1000000-1000000uV
[    1.584771] as3722-ldo4: supplied by +3.3V_SYS
[    1.589444] +2.8V_RUN_CAM: Bringing 0uV into 2800000-2800000uV
[    1.595710] as3722-ldo5: supplied by +1.8V_VDDIO
[    1.600558] +1.2V_RUN_CAM_FRONT: Bringing 0uV into 1200000-1200000uV
[    1.607533] +VDDIO_SDMMC3: bypassed regulator has no supply!
[    1.613206] +VDDIO_SDMMC3: failed to get the current voltage(-517)
[    1.619386] as3722-regulator as3722-regulator: regulator 13 register failed -517
[    1.629621] iommu: Adding device as3722-rtc to group 68
[    1.635053] iommu: Adding device as3722-adc to group 69
[    1.640422] iommu: Adding device as3722-power-off to group 70
[    1.646340] iommu: Adding device as3722-wdt to group 71
[    1.652366] tegra-ahci 70027000.sata: couldn't get PHY in node sata: -517
[    1.671068] m25p80 spi1.0: w25q32dw (4096 Kbytes)
[    1.677778] iommu: Adding device Fixed MDIO bus.0 to group 72
[    1.683730] libphy: Fixed MDIO Bus: probed
[    1.687824] CAN device driver interface
[    1.691759] igb: Intel(R) Gigabit Ethernet Network Driver - version 5.4.0-k
[    1.698710] igb: Copyright (c) 2007-2014 Intel Corporation.
[    1.704441] pegasus: v0.9.3 (2013/04/25), Pegasus/Pegasus II USB Ethernet driver
[    1.711935] usbcore: registered new interface driver pegasus
[    1.717654] usbcore: registered new interface driver asix
[    1.723148] usbcore: registered new interface driver ax88179_178a
[    1.729284] usbcore: registered new interface driver cdc_ether
[    1.735232] usbcore: registered new interface driver smsc75xx
[    1.741060] usbcore: registered new interface driver smsc95xx
[    1.746851] usbcore: registered new interface driver net1080
[    1.752602] usbcore: registered new interface driver cdc_subset
[    1.758562] usbcore: registered new interface driver zaurus
[    1.764233] usbcore: registered new interface driver cdc_ncm
[    1.770128] tegra-phy 7d000000.usb-phy: no vbus regulator
[    1.775799] tegra-phy 7d004000.usb-phy: no vbus regulator
[    1.781520] ehci_hcd: USB 2.0 'Enhanced' Host Controller (EHCI) Driver
[    1.788037] ehci-pci: EHCI PCI platform driver
[    1.792562] tegra-ehci: Tegra EHCI driver
[    1.799414] tegra-ehci 7d004000.usb: EHCI Host Controller
[    1.804854] tegra-ehci 7d004000.usb: new USB bus registered, assigned bus number 1
[    1.812671] tegra-ehci 7d004000.usb: irq 356, io mem 0x7d004000
[    1.841040] tegra-ehci 7d004000.usb: USB 2.0 started, EHCI 1.10
[    1.847864] hub 1-0:1.0: USB hub found
[    1.851677] hub 1-0:1.0: 1 port detected
[    1.856850] usbcore: registered new interface driver cdc_acm
[    1.862521] cdc_acm: USB Abstract Control Model driver for USB modems and ISDN adapters
[    1.870579] usbcore: registered new interface driver cdc_wdm
[    1.876332] usbcore: registered new interface driver usb-storage
[    1.883974] iommu: Adding device ci_hdrc.0 to group 73
[    1.895904] as3722-rtc as3722-rtc: rtc core: registered as3722-rtc as rtc0
[    1.902803] as3722-rtc as3722-rtc: RTC interrupt 379
[    1.910609] tegra_rtc 7000e000.rtc: rtc core: registered 7000e000.rtc as rtc1
[    1.917811] tegra_rtc 7000e000.rtc: Tegra internal Real Time Clock
[    1.924351] i2c /dev entries driver
[    1.929096] usbcore: registered new interface driver uvcvideo
[    1.934860] USB Video Class driver (1.1.1)
[    1.938951] gspca_main: v2.14.0 registered
[    1.943702] lm90 0-004c: 0-004c supply vcc not found, using dummy regulator
[    1.953975] tegra-wdt 60005000.timer: initialized (heartbeat = 120 sec, nowayout = 0)
[    1.962474] iommu: Adding device cpufreq-tegra124 to group 74
[    1.968787] sdhci: Secure Digital Host Controller Interface driver
[    1.974981] sdhci: Copyright(c) Pierre Ossman
[    1.979332] sdhci-pltfm: SDHCI platform and OF driver helper
[    1.985327] sdhci-tegra 700b0400.sdhci: Got CD GPIO
[    1.990217] sdhci-tegra 700b0400.sdhci: Got WP GPIO
[    2.011065] mmc0: Unknown controller version (3). You may experience problems.
[    2.018325] mmc0: Invalid maximum block size, assuming 512 bytes
[    2.081078] mmc0: SDHCI controller on 700b0600.sdhci [700b0600.sdhci] using ADMA
[    2.092568] usbcore: registered new interface driver usbhid
[    2.098240] usbhid: USB HID core driver
[    2.105112] iommu: Adding device snd-soc-dummy to group 75
[    2.157462] mmc0: new high speed MMC card at address 0001
[    2.163471] mmcblk0: mmc0:0001 SEM16G 14.7 GiB 
[    2.168404] mmcblk0boot0: mmc0:0001 SEM16G partition 1 4.00 MiB
[    2.174785] mmcblk0boot1: mmc0:0001 SEM16G partition 2 4.00 MiB
[    2.180889] mmcblk0rpmb: mmc0:0001 SEM16G partition 3 4.00 MiB, chardev (247:0)
[    2.189907]  mmcblk0: p1
[    2.551465] iommu: Adding device 70301100.i2s to group 76
[    2.557725] tegra30-i2s 70301100.i2s: DMA channels sourced from device 70300000.ahub
[    2.578054] tegra-snd-rt5640 sound: rt5640-aif1 <-> 70301100.i2s mapping ok
[    2.588842] input: NVIDIA Tegra Jetson TK1 Headphones as /devices/soc0/sound/sound/card1/input0
[    2.600041] NET: Registered protocol family 10
[    2.605854] Segment Routing with IPv6
[    2.609685] mip6: Mobile IPv6
[    2.612676] sit: IPv6, IPv4 and MPLS over IPv4 tunneling driver
[    2.620077] NET: Registered protocol family 17
[    2.624594] NET: Registered protocol family 15
[    2.629046] can: controller area network core (rev 20170425 abi 9)
[    2.635455] NET: Registered protocol family 29
[    2.639895] can: raw protocol (rev 20170425)
[    2.644179] can: broadcast manager protocol (rev 20170425 t)
[    2.649838] can: netlink gateway (rev 20170425) max_hops=1
[    2.655569] Bluetooth: RFCOMM socket layer initialized
[    2.660718] Bluetooth: RFCOMM ver 1.11
[    2.664504] Bluetooth: BNEP (Ethernet Emulation) ver 1.3
[    2.669816] Bluetooth: BNEP socket layer initialized
[    2.674792] Bluetooth: HIDP (Human Interface Emulation) ver 1.2
[    2.680710] Bluetooth: HIDP socket layer initialized
[    2.685949] Key type dns_resolver registered
[    2.690715] Registering SWP/SWPB emulation handler
[    2.696318] Loading compiled-in X.509 certificates
[    2.719045] +3.3V_RUN: supplied by +3.3V_SYS
[    2.724189] +USB0_VBUS_SW: supplied by +5V_SYS
[    2.728891] +3.3V_AVDD_HDMI_AP_GATED: supplied by +3.3V_RUN
[    2.734923] +5V_USB_HS: supplied by +5V_SYS
[    2.740020] +3.3V_LP0: supplied by +3.3V_SYS
[    2.745366] +5V_HDMI_CON: supplied by +5V_SYS
[    2.750140] +5V_SATA: supplied by +5V_SYS
[    2.754812] +12V_SATA: supplied by +VDD_MUX
[    2.760432]  usb2-0: usb2-0 supply vbus not found, using dummy regulator
[    2.767305]  usb2-1: usb2-1 supply vbus not found, using dummy regulator
[    2.774500]  usb3-0: usb3-0 supply vbus not found, using dummy regulator
[    2.782027] tegra-pcie 1003000.pcie: 2x1, 1x1 configuration
[    2.787641] tegra-pcie 1003000.pcie: Failed to get supply 'avddio-pex': -517
[    2.796793] tegra124-dfll 70110000.clock: couldn't get vdd_cpu regulator
[    2.805803] tegra-hdmi 54280000.hdmi: failed to get PLL regulator
[    2.814316] as3722-sd2: supplied by +5V_SYS
[    2.818809] as3722-sd3: supplied by +5V_SYS
[    2.823344] as3722-sd4: supplied by +5V_SYS
[    2.827821] as3722-sd5: supplied by +5V_SYS
[    2.833778] as3722-ldo0: supplied by +1.35V_LP0(sd2)
[    2.839252] as3722-ldo1: supplied by +3.3V_RUN
[    2.844448] as3722-ldo2: supplied by +1.8V_VDDIO
[    2.849986] as3722-ldo3: supplied by +3.3V_SYS
[    2.855525] as3722-ldo4: supplied by +3.3V_SYS
[    2.860278] as3722-ldo5: supplied by +1.8V_VDDIO
[    2.866086] input: tegra-hda HDMI/DP,pcm=3 as /devices/soc0/70030000.hda/sound/card0/input1
[    2.874732] as3722-ldo6: supplied by +3.3V_RUN
[    2.879727] as3722-ldo7: supplied by +1.8V_VDDIO
[    2.885191] +1.05V_RUN_CAM_REAR: Bringing 0uV into 1050000-1050000uV
[    2.892312] as3722-ldo9: supplied by +5V_SYS
[    2.897775] +3.3V_RUN_TOUCH: Bringing 0uV into 2800000-2800000uV
[    2.904532] as3722-ldo10: supplied by +5V_SYS
[    2.909640] +2.8V_RUN_CAM_AF: Bringing 0uV into 2800000-2800000uV
[    2.916508] as3722-ldo11: supplied by +3.3V_RUN
[    2.921821] +1.8V_RUN_VPP_FUSE: Bringing 0uV into 1800000-1800000uV
[    2.931076] tegra-ahci 70027000.sata: AHCI 0001.0301 32 slots 2 ports 3 Gbps 0x1 impl platform mode
[    2.940118] tegra-ahci 70027000.sata: flags: 64bit ncq sntf pm led pio slum part sadm sds apst 
[    2.950647] scsi host0: tegra-ahci
[    2.955101] scsi host1: tegra-ahci
[    2.958809] ata1: SATA max UDMA/133 mmio [mem 0x70027000-0x70028fff] port 0x100 irq 345
[    2.966854] ata2: DUMMY
[    2.970458] tegra-ehci 7d008000.usb: EHCI Host Controller
[    2.975943] tegra-ehci 7d008000.usb: new USB bus registered, assigned bus number 2
[    2.983791] tegra-ehci 7d008000.usb: irq 357, io mem 0x7d008000
[    3.011139] tegra-ehci 7d008000.usb: USB 2.0 started, EHCI 1.10
[    3.018257] hub 2-0:1.0: USB hub found
[    3.022127] hub 2-0:1.0: 1 port detected
[    3.039048] tegra-xusb 70090000.usb: Direct firmware load for nvidia/tegra124/xusb.bin failed with error -2
[    3.048856] tegra-xusb 70090000.usb: failed to request firmware: -2
[    3.055174] tegra-xusb 70090000.usb: failed to load firmware: -2
[    3.061909] tegra-xusb: probe of 70090000.usb failed with error -2
[    3.068924] sdhci-tegra 700b0400.sdhci: Got CD GPIO
[    3.073872] sdhci-tegra 700b0400.sdhci: Got WP GPIO
[    3.085288] mmc1: Unknown controller version (3). You may experience problems.
[    3.092626] mmc1: Invalid maximum block size, assuming 512 bytes
[    3.161651] mmc1: SDHCI controller on 700b0400.sdhci [700b0400.sdhci] using ADMA
[    3.169334] tegra-pcie 1003000.pcie: 2x1, 1x1 configuration
[    3.180260] tegra-pcie 1003000.pcie: probing port 0, using 2 lanes
[    3.188628] tegra-pcie 1003000.pcie: Slot present pin change, signature: 00000008
[    3.211933] tegra-pcie 1003000.pcie: probing port 1, using 1 lanes
[    3.220233] tegra-pcie 1003000.pcie: Slot present pin change, signature: 00000000
[    3.234268] tegra-pcie 1003000.pcie: PCI host bridge to bus 0000:00
[    3.240551] pci_bus 0000:00: root bus resource [io  0x0000-0xffff]
[    3.246788] pci_bus 0000:00: root bus resource [mem 0x13000000-0x1fffffff]
[    3.253770] pci_bus 0000:00: root bus resource [mem 0x20000000-0x3fffffff pref]
[    3.261222] pci_bus 0000:00: root bus resource [bus 00-ff]
[    3.266848] pci 0000:00:01.0: [10de:0e12] type 01 class 0x060400
[    3.272926] pci_bus 0000:00: 2-byte config write to 0000:00:01.0 offset 0x4 may corrupt adjacent RW1C bits
[    3.282636] pci_bus 0000:00: 2-byte config write to 0000:00:01.0 offset 0x4 may corrupt adjacent RW1C bits
[    3.292427] pci 0000:00:01.0: enabling Extended Tags
[    3.294516] ata1: SATA link down (SStatus 0 SControl 300)
[    3.303042] pci_bus 0000:00: 2-byte config write to 0000:00:01.0 offset 0x88 may corrupt adjacent RW1C bits
[    3.312821] pci_bus 0000:00: 2-byte config write to 0000:00:01.0 offset 0x52 may corrupt adjacent RW1C bits
[    3.322607] pci 0000:00:01.0: PME# supported from D0 D1 D2 D3hot D3cold
[    3.329219] pci_bus 0000:00: 2-byte config write to 0000:00:01.0 offset 0x4c may corrupt adjacent RW1C bits
[    3.339363] pci 0000:00:02.0: [10de:0e13] type 01 class 0x060400
[    3.345436] pci_bus 0000:00: 2-byte config write to 0000:00:02.0 offset 0x4 may corrupt adjacent RW1C bits
[    3.355100] pci_bus 0000:00: 2-byte config write to 0000:00:02.0 offset 0x4 may corrupt adjacent RW1C bits
[    3.364790] pci 0000:00:02.0: enabling Extended Tags
[    3.369755] pci_bus 0000:00: 2-byte config write to 0000:00:02.0 offset 0x88 may corrupt adjacent RW1C bits
[    3.379558] pci_bus 0000:00: 2-byte config write to 0000:00:02.0 offset 0x52 may corrupt adjacent RW1C bits
[    3.389398] pci 0000:00:02.0: PME# supported from D0 D1 D2 D3hot D3cold
[    3.396082] pci_bus 0000:00: 2-byte config write to 0000:00:02.0 offset 0x4c may corrupt adjacent RW1C bits
[    3.406169] PCI: bus0: Fast back to back transfers disabled
[    3.411819] pci 0000:00:01.0: bridge configuration invalid ([bus 00-00]), reconfiguring
[    3.419885] pci 0000:00:02.0: bridge configuration invalid ([bus 00-00]), reconfiguring
[    3.428181] pci 0000:01:00.0: [8086:4232] type 00 class 0x028000
[    3.434317] pci 0000:01:00.0: reg 0x10: [mem 0x00000000-0x00001fff 64bit]
[    3.441454] PCI: bus1: Fast back to back transfers disabled
[    3.447088] pci_bus 0000:01: busn_res: [bus 01-ff] end is updated to 01
[    3.453986] pci 0000:02:00.0: [10ec:8168] type 00 class 0x020000
[    3.460087] pci 0000:02:00.0: reg 0x10: [io  0x0000-0x00ff]
[    3.465869] mmc1: new high speed SDHC card at address aaaa
[    3.471950] mmcblk1: mmc1:aaaa SD04G 3.69 GiB 
[    3.477046] pci 0000:02:00.0: reg 0x18: [mem 0x00000000-0x00000fff 64bit]
[    3.483963] pci 0000:02:00.0: reg 0x20: [mem 0x00000000-0x00003fff 64bit pref]
[    3.491795] PCI: bus2: Fast back to back transfers disabled
[    3.497430] pci_bus 0000:02: busn_res: [bus 02-ff] end is updated to 02
[    3.504279] pci 0000:00:01.0: BAR 8: assigned [mem 0x13000000-0x130fffff]
[    3.511177] pci 0000:00:02.0: BAR 8: assigned [mem 0x13100000-0x131fffff]
[    3.518135] pci 0000:00:02.0: BAR 9: assigned [mem 0x20000000-0x200fffff 64bit pref]
[    3.525984] pci 0000:00:02.0: BAR 7: assigned [io  0x1000-0x1fff]
[    3.532288] pci 0000:01:00.0: BAR 0: assigned [mem 0x13000000-0x13001fff 64bit]
[    3.539691] pci 0000:00:01.0: PCI bridge to [bus 01]
[    3.544941] pci 0000:00:01.0:   bridge window [mem 0x13000000-0x130fffff]
[    3.551857] pci 0000:02:00.0: BAR 4: assigned [mem 0x20000000-0x20003fff 64bit pref]
[    3.559854] pci 0000:02:00.0: BAR 2: assigned [mem 0x13100000-0x13100fff 64bit]
[    3.567288] pci 0000:02:00.0: BAR 0: assigned [io  0x1000-0x10ff]
[    3.573578] pci 0000:00:02.0: PCI bridge to [bus 02]
[    3.578611] pci 0000:00:02.0:   bridge window [io  0x1000-0x1fff]
[    3.584909] pci 0000:00:02.0:   bridge window [mem 0x13100000-0x131fffff]
[    3.591805] pci 0000:00:02.0:   bridge window [mem 0x20000000-0x200fffff 64bit pref]
[    3.599738] pci 0000:00:01.0: nv_msi_ht_cap_quirk didn't locate host bridge
[    3.607050]  mmcblk1: p1 p2 p3
[    3.610379] pcieport 0000:00:01.0: enabling device (0140 -> 0142)
[    3.617292] pcieport 0000:00:01.0: Signaling PME with IRQ 395
[    3.623920] pci 0000:00:02.0: nv_msi_ht_cap_quirk didn't locate host bridge
[    3.631057] pcieport 0000:00:02.0: enabling device (0140 -> 0143)
[    3.637501] pcieport 0000:00:02.0: Signaling PME with IRQ 396
[    3.643694] r8169 Gigabit Ethernet driver 2.3LK-NAPI loaded
[    3.649304] r8169 0000:02:00.0: enabling device (0140 -> 0143)
[    3.655238] r8169 0000:02:00.0 (unnamed net_device) (uninitialized): not PCI Express
[    3.692760] r8169 0000:02:00.0 eth0: RTL8168g/8111g at 0xf09dc000, 00:04:4b:3a:d9:81, XID 0c000800 IRQ 22
[    3.702351] r8169 0000:02:00.0 eth0: jumbo features [frames: 9200 bytes, tx checksumming: ko]
[    3.714535] +1.05V_RUN_AVDD_HDMI_PLL: supplied by +1.05V_RUN
[    3.723976] [drm] Supports vblank timestamp caching Rev 2 (21.10.2013).
[    3.730603] [drm] No driver support for vblank timestamp query.
[    3.868253] tegra-hdmi 54280000.hdmi: cannot set audio to 48000 Hz at 297000000 Hz pixel clock
[    4.116054] Console: switching to colour frame buffer device 512x135
[    4.212001] drm drm: fb0:  frame buffer device
[    4.216530] [drm] Initialized tegra 0.0.0 20120330 for drm on minor 0
[    4.223843] iommu: Adding device cpufreq-dt.0 to group 77
[    4.229520] cpufreq: cpufreq_online: CPU0: Running at unlisted freq: 696000 KHz
[    4.236865] cpufreq: cpufreq_online: CPU0: Unlisted initial frequency changed to: 714000 KHz
[    4.245900] input: gpio-keys as /devices/soc0/gpio-keys/input/input2
[    4.253359] as3722-rtc as3722-rtc: setting system clock to 2000-01-01 00:00:14 UTC (946684814)
[    4.262120] cfg80211: Loading compiled-in X.509 certificates for regulatory database
[    4.271382] cfg80211: Loaded X.509 cert 'sforshee: 00b28ddf47aef9cea7'
[    4.278000] platform regulatory.0: Direct firmware load for regulatory.db failed with error -2
[    4.286680] cfg80211: failed to load regulatory.db
[    4.286976] +USB0_VBUS_SW: disabling
[    4.286993] +1.8V_RUN_CAM: disabling
[    4.291578] +2.8V_RUN_CAM: disabling
[    4.295180] +1.2V_RUN_CAM_FRONT: disabling
[    4.298759] +1.05V_RUN_CAM_REAR: disabling
[    4.302357] +3.3V_RUN_TOUCH: disabling
[    4.306468] +2.8V_RUN_CAM_AF: disabling
[    4.310570] +1.8V_RUN_VPP_FUSE: disabling
[    4.314344] ALSA device list:
[    4.314348]   #0: tegra-hda at 0x70038000 irq 346
[    4.314350]   #1: NVIDIA Tegra Jetson TK1
[    4.334627] EXT4-fs (mmcblk0p1): mounting ext3 file system using the ext4 subsystem
[    4.388981] EXT4-fs (mmcblk0p1): recovery complete
[    4.394670] EXT4-fs (mmcblk0p1): mounted filesystem with ordered data mode. Opts: (null)
[    4.402918] VFS: Mounted root (ext3 filesystem) on device 179:1.
[    4.413570] devtmpfs: mounted
[    4.417053] Freeing unused kernel memory: 1024K
bash: cannot set terminal process group (-1): Inappropriate ioctl for device
bash: no job control in this shell
root@(none):/# 