
U-Boot SPL 2016.05-rc2 (Apr 21 2016 - 16:23:00)
Trying to boot from RAM


U-Boot 2016.05-rc2 (Apr 21 2016 - 16:23:00 -0700)

TEGRA124
Model: NVIDIA Jetson TK1
Board: NVIDIA Jetson TK1
DRAM:  2 GiB
MC:   Tegra SD/MMC: 0, Tegra SD/MMC: 1
In:    serial
Out:   serial
Err:   serial
Net:   No ethernet found.
Hit any key to stop autoboot:  2  0 
Tegra124 (Jetson TK1) # 
Tegra124 (Jetson TK1) # pci enum
Tegra124 (Jetson TK1) # setenv bootargs 'ignore_loglevel console=ttyS0,115200n8 rw root=PARTUUID=b1791faa-84e8-4e27-83a1-9fb0a77e8803 rootwait gpt debug noinitrd earlyprintk init=/bin/bash'
Tegra124 (Jetson TK1) # setenv ipaddr 192.168.100.102; setenv serverip 192.168.100.1; setenv tftpserverip 192.168.100.1
Tegra124 (Jetson TK1) # tftpboot 0x82000000 zImage.multi_v7_defconfig

Warning: eth_rtl8169 using MAC address from ROM
Using eth_rtl8169 device
TFTP from server 192.168.100.1; our IP address is 192.168.100.102
Filename 'zImage.multi_v7_defconfig'.
Load address: 0x82000000
Loading: *#################################################################
	 #################################################################
	 #################################################################
	 #################################################################
	 #################################################################
	 #################################################################
	 #################################################################
	 ##########################################
	 4 MiB/s
done
Bytes transferred = 7287456 (6f32a0 hex)
Tegra124 (Jetson TK1) # tftpboot 0x83000000 tegra124-jetson-tk1.dtb
Using eth_rtl8169 device
TFTP from server 192.168.100.1; our IP address is 192.168.100.102
Filename 'tegra124-jetson-tk1.dtb'.
Load address: 0x83000000
Loading: *#####
	 3.8 MiB/s
done
Bytes transferred = 67133 (1063d hex)
Tegra124 (Jetson TK1) # bootz 0x82000000 - 0x83000000
Kernel image @ 0x82000000 [ 0x000000 - 0x6f32a0 ]
## Flattened Device Tree blob at 83000000
   Booting using the fdt blob at 0x83000000
   Using Device Tree in place at 83000000, end 8301363c

Starting kernel ...

[    0.000000] Booting Linux on physical CPU 0x0
[    0.000000] Linux version 4.9.0-rc4-127805-gbc33b0c (pwalmsley@sellafield) (gcc version 4.7.3 20130328 (prerelease) (crosstool-NG linaro-1.13.1-4.7-2013.04-20130415 - Linaro GCC 2013.04) ) #1 SMP Mon Nov 7 03:03:36 PST 2016
[    0.000000] CPU: ARMv7 Processor [413fc0f3] revision 3 (ARMv7), cr=10c5387d
[    0.000000] CPU: div instructions available: patching division code
[    0.000000] CPU: PIPT / VIPT nonaliasing data cache, PIPT instruction cache
[    0.000000] OF: fdt:Machine model: NVIDIA Tegra124 Jetson TK1
[    0.000000] debug: ignoring loglevel setting.
[    0.000000] efi: Getting EFI parameters from FDT:
[    0.000000] efi: UEFI not found.
[    0.000000] cma: Reserved 64 MiB at 0xfb800000
[    0.000000] Memory policy: Data cache writealloc
[    0.000000] On node 0 totalpages: 524032
[    0.000000] free_area_init_node: node 0, pgdat c1427f80, node_mem_map eeff8000
[    0.000000]   DMA zone: 1536 pages used for memmap
[    0.000000]   DMA zone: 0 pages reserved
[    0.000000]   DMA zone: 196608 pages, LIFO batch:31
[    0.000000]   HighMem zone: 327424 pages, LIFO batch:31
[    0.000000] percpu: Embedded 14 pages/cpu @eef8e000 s26624 r8192 d22528 u57344
[    0.000000] pcpu-alloc: s26624 r8192 d22528 u57344 alloc=14*4096
[    0.000000] pcpu-alloc: [0] 0 [0] 1 [0] 2 [0] 3 
[    0.000000] Built 1 zonelists in Zone order, mobility grouping on.  Total pages: 522496
[    0.000000] Kernel command line: ignore_loglevel console=ttyS0,115200n8 rw root=PARTUUID=b1791faa-84e8-4e27-83a1-9fb0a77e8803 rootwait gpt debug noinitrd earlyprintk init=/bin/bash
[    0.000000] PID hash table entries: 4096 (order: 2, 16384 bytes)
[    0.000000] Dentry cache hash table entries: 131072 (order: 7, 524288 bytes)
[    0.000000] Inode-cache hash table entries: 65536 (order: 6, 262144 bytes)
[    0.000000] Memory: 1994968K/2096128K available (9216K kernel code, 1190K rwdata, 4068K rodata, 2048K init, 343K bss, 35624K reserved, 65536K cma-reserved, 1244160K highmem)
[    0.000000] Virtual kernel memory layout:
[    0.000000]     vector  : 0xffff0000 - 0xffff1000   (   4 kB)
[    0.000000]     fixmap  : 0xffc00000 - 0xfff00000   (3072 kB)
[    0.000000]     vmalloc : 0xf0800000 - 0xff800000   ( 240 MB)
[    0.000000]     lowmem  : 0xc0000000 - 0xf0000000   ( 768 MB)
[    0.000000]     pkmap   : 0xbfe00000 - 0xc0000000   (   2 MB)
[    0.000000]     modules : 0xbf000000 - 0xbfe00000   (  14 MB)
[    0.000000]       .text : 0xc0208000 - 0xc0c00000   (10208 kB)
[    0.000000]       .init : 0xc1100000 - 0xc1300000   (2048 kB)
[    0.000000]       .data : 0xc1300000 - 0xc1429a60   (1191 kB)
[    0.000000]        .bss : 0xc142b000 - 0xc1480fc8   ( 344 kB)
[    0.000000] SLUB: HWalign=64, Order=0-3, MinObjects=0, CPUs=4, Nodes=1
[    0.000000] Hierarchical RCU implementation.
[    0.000000] 	Build-time adjustment of leaf fanout to 32.
[    0.000000] 	RCU restricting CPUs from NR_CPUS=16 to nr_cpu_ids=4.
[    0.000000] RCU: Adjusting geometry for rcu_fanout_leaf=32, nr_cpu_ids=4
[    0.000000] NR_IRQS:16 nr_irqs:16 16
[    0.000000] /interrupt-controller@60004000: 160 interrupts forwarded to /interrupt-controller@50041000
[    0.000000] Tegra clk 127: register failed with -17
[    0.000008] sched_clock: 32 bits at 1000kHz, resolution 1000ns, wraps every 2147483647500ns
[    0.000029] clocksource: timer_us: mask: 0xffffffff max_cycles: 0xffffffff, max_idle_ns: 1911260446275 ns
[    0.000043] Switching to timer-based delay loop, resolution 1000ns
[    0.005465] arm_arch_timer: Architected cp15 timer(s) running at 12.00MHz (virt).
[    0.005482] clocksource: arch_sys_counter: mask: 0xffffffffffffff max_cycles: 0x2c47f4ee7, max_idle_ns: 440795202497 ns
[    0.005499] sched_clock: 56 bits at 12MHz, resolution 83ns, wraps every 4398046511096ns
[    0.005511] Switching to timer-based delay loop, resolution 83ns
[    0.005964] Console: colour dummy device 80x30
[    0.005991] Calibrating delay loop (skipped), value calculated using timer frequency.. 24.00 BogoMIPS (lpj=60000)
[    0.006005] pid_max: default: 32768 minimum: 301
[    0.006101] Mount-cache hash table entries: 2048 (order: 1, 8192 bytes)
[    0.006112] Mountpoint-cache hash table entries: 2048 (order: 1, 8192 bytes)
[    0.006715] CPU: Testing write buffer coherency: ok
[    0.006932] /cpus/cpu@0 missing clock-frequency property
[    0.006973] /cpus/cpu@1 missing clock-frequency property
[    0.007013] /cpus/cpu@2 missing clock-frequency property
[    0.007055] /cpus/cpu@3 missing clock-frequency property
[    0.007067] CPU0: thread -1, cpu 0, socket 0, mpidr 80000000
[    0.007087] Setting up static identity map for 0x80300000 - 0x80300098
[    0.010807] Tegra Revision: A01 SKU: 129 CPU Process: 1 SoC Process: 1
[    0.011472] EFI services will not be available.
[    0.012217] CPU1: thread -1, cpu 1, socket 0, mpidr 80000001
[    0.015884] CPU2: thread -1, cpu 2, socket 0, mpidr 80000002
[    0.020884] CPU3: thread -1, cpu 3, socket 0, mpidr 80000003
[    0.025401] Brought up 4 CPUs
[    0.025420] SMP: Total of 4 processors activated (96.00 BogoMIPS).
[    0.025428] CPU: All CPU(s) started in SVC mode.
[    0.026912] devtmpfs: initialized
[    0.047454] VFP support v0.3: implementor 41 architecture 4 part 30 variant f rev 0
[    0.047893] clocksource: jiffies: mask: 0xffffffff max_cycles: 0xffffffff, max_idle_ns: 9556302231375000 ns
[    0.049259] pinctrl core: initialized pinctrl subsystem
[    0.051034] NET: Registered protocol family 16
[    0.052979] DMA: preallocated 256 KiB pool for atomic coherent allocations
[    0.065519] cpuidle: using governor menu
[    0.096177] No ATAGs?
[    0.096205] hw-breakpoint: found 5 (+1 reserved) breakpoint and 4 watchpoint registers.
[    0.096216] hw-breakpoint: maximum watchpoint size is 8 bytes.
[    0.103200] Serial: AMBA PL011 UART driver
[    0.140848] +5V_SYS: supplied by +VDD_MUX
[    0.141157] +3.3V_SYS: supplied by +VDD_MUX
[    0.141808] +USB0_VBUS_SW: Failed to request enable GPIO108: -517
[    0.141824] reg-fixed-voltage regulators:regulator@7: Failed to register regulator: -517
[    0.141914] +5V_USB_HS: Failed to request enable GPIO109: -517
[    0.141927] reg-fixed-voltage regulators:regulator@8: Failed to register regulator: -517
[    0.142091] +1.05V_RUN_AVDD_HDMI_PLL: Failed to request enable GPIO63: -517
[    0.142103] reg-fixed-voltage regulators:regulator@11: Failed to register regulator: -517
[    0.142188] +5V_HDMI_CON: Failed to request enable GPIO86: -517
[    0.142200] reg-fixed-voltage regulators:regulator@12: Failed to register regulator: -517
[    0.142286] +5V_SATA: Failed to request enable GPIO242: -517
[    0.142298] reg-fixed-voltage regulators:regulator@13: Failed to register regulator: -517
[    0.142383] +12V_SATA: Failed to request enable GPIO242: -517
[    0.142395] reg-fixed-voltage regulators:regulator@14: Failed to register regulator: -517
[    0.145662] vgaarb: loaded
[    0.146547] SCSI subsystem initialized
[    0.146708] libata version 3.00 loaded.
[    0.146996] usbcore: registered new interface driver usbfs
[    0.147063] usbcore: registered new interface driver hub
[    0.147125] usbcore: registered new device driver usb
[    0.150713] pps_core: LinuxPPS API ver. 1 registered
[    0.150746] pps_core: Software ver. 5.3.6 - Copyright 2005-2007 Rodolfo Giometti <giometti@linux.it>
[    0.150770] PTP clock support registered
[    0.150968] EDAC MC: Ver: 3.0.0
[    0.154159] clocksource: Switched to clocksource arch_sys_counter
[    0.165363] NET: Registered protocol family 2
[    0.165884] TCP established hash table entries: 8192 (order: 3, 32768 bytes)
[    0.165983] TCP bind hash table entries: 8192 (order: 4, 65536 bytes)
[    0.166169] TCP: Hash tables configured (established 8192 bind 8192)
[    0.166219] UDP hash table entries: 512 (order: 2, 16384 bytes)
[    0.166260] UDP-Lite hash table entries: 512 (order: 2, 16384 bytes)
[    0.166415] NET: Registered protocol family 1
[    0.166733] RPC: Registered named UNIX socket transport module.
[    0.166742] RPC: Registered udp transport module.
[    0.166749] RPC: Registered tcp transport module.
[    0.166755] RPC: Registered tcp NFSv4.1 backchannel transport module.
[    0.166766] PCI: CLS 0 bytes, default 64
[    0.167982] hw perfevents: enabled with armv7_cortex_a15 PMU driver, 7 counters available
[    0.169489] futex hash table entries: 1024 (order: 4, 65536 bytes)
[    0.170243] workingset: timestamp_bits=30 max_order=19 bucket_order=0
[    0.181377] squashfs: version 4.0 (2009/01/31) Phillip Lougher
[    0.182231] NFS: Registering the id_resolver key type
[    0.182253] Key type id_resolver registered
[    0.182260] Key type id_legacy registered
[    0.182306] ntfs: driver 2.1.32 [Flags: R/O].
[    0.183538] bounce: pool size: 64 pages
[    0.183731] Block layer SCSI generic (bsg) driver version 0.4 loaded (major 248)
[    0.183740] io scheduler noop registered
[    0.183748] io scheduler deadline registered
[    0.183934] io scheduler cfq registered (default)
[    0.189554] usb2-0 supply vbus not found, using dummy regulator
[    0.189676] usb2-1 supply vbus not found, using dummy regulator
[    0.190062] tegra-xusb-padctl 7009f000.padctl: failed to setup XUSB ports: -517
[    0.190765] libphy: mdio_driver_register: phy-bcm-ns2-pci
[    0.206844] tegra-pcie 1003000.pcie-controller: 2x1, 1x1 configuration
[    0.206897] tegra-pcie 1003000.pcie-controller: Failed to get supply 'avddio-pex': -517
[    0.212928] tegra124-dfll 70110000.clock: couldn't get vdd_cpu regulator
[    0.221111] tegra-apbdma 60020000.dma: Tegra20 APB DMA driver register 32 channels
[    0.223065] tegra-pmc 7000e400.pmc: emergency thermal reset enabled
[    0.287691] Serial: 8250/16550 driver, 4 ports, IRQ sharing disabled
[    0.290698] console [ttyS0] disabled
[    0.290735] 70006300.serial: ttyS0 at MMIO 0x70006300 (irq = 335, base_baud = 25500000) is a Tegra
[    1.168120] console [ttyS0] enabled
[    1.172524] SuperH (H)SCI(F) driver initialized
[    1.178138] msm_serial: driver initialized
[    1.182447] STMicroelectronics ASC driver initialized
[    1.188411] 70006000.serial: ttyTHS1 at MMIO 0x70006000 (irq = 333, base_baud = 0) is a TEGRA_UART
[    1.197724] 70006040.serial: ttyTHS2 at MMIO 0x70006040 (irq = 334, base_baud = 0) is a TEGRA_UART
[    1.210123] [drm] Initialized
[    1.216307] tegra-hdmi 54280000.hdmi: failed to get HDMI regulator
[    1.235860] brd: module loaded
[    1.245043] loop: module loaded
[    1.249415] at24 0-0056: 256 byte 24c02 EEPROM, writable, 8 bytes/write
[    1.257764] as3722 4-0040: AS3722 with revision 0x1 found
[    1.270210] as3722-sd2: supplied by +5V_SYS
[    1.274884] as3722-sd3: supplied by +5V_SYS
[    1.279284] +1.35V_LP0(sd3): Bringing 0uV into 1350000-1350000uV
[    1.285666] as3722-sd4: supplied by +5V_SYS
[    1.290320] as3722-sd5: supplied by +5V_SYS
[    1.296395] as3722-ldo0: supplied by +1.35V_LP0(sd2)
[    1.302495] +1.8V_RUN_CAM: Bringing 0uV into 1800000-1800000uV
[    1.308749] as3722-ldo2: supplied by +1.8V_VDDIO
[    1.314691] as3722-ldo3: supplied by +3.3V_SYS
[    1.319190] +1.05V_LP0_VDD_RTC: Bringing 1100000uV into 1000000-1000000uV
[    1.327004] as3722-ldo4: supplied by +3.3V_SYS
[    1.331678] +2.8V_RUN_CAM: Bringing 0uV into 2800000-2800000uV
[    1.337930] as3722-ldo5: supplied by +1.8V_VDDIO
[    1.342777] +1.2V_RUN_CAM_FRONT: Bringing 0uV into 1200000-1200000uV
[    1.349768] +VDDIO_SDMMC3: bypassed regulator has no supply!
[    1.355439] +VDDIO_SDMMC3: failed to get the current voltage(-517)
[    1.361630] as3722-regulator as3722-regulator: regulator 13 register failed -517
[    1.374401] tegra-ahci 70027000.sata: couldn't get PHY in node sata: -517
[    1.394312] random: fast init done
[    1.397861] m25p80 spi32765.0: w25q32dw (4096 Kbytes)
[    1.406044] libphy: Fixed MDIO Bus: probed
[    1.411410] CAN device driver interface
[    1.417527] e1000e: Intel(R) PRO/1000 Network Driver - 3.2.6-k
[    1.423369] e1000e: Copyright(c) 1999 - 2015 Intel Corporation.
[    1.429363] igb: Intel(R) Gigabit Ethernet Network Driver - version 5.4.0-k
[    1.436325] igb: Copyright (c) 2007-2014 Intel Corporation.
[    1.445623] pegasus: v0.9.3 (2013/04/25), Pegasus/Pegasus II USB Ethernet driver
[    1.453086] usbcore: registered new interface driver pegasus
[    1.458806] usbcore: registered new interface driver asix
[    1.464252] usbcore: registered new interface driver ax88179_178a
[    1.470393] usbcore: registered new interface driver cdc_ether
[    1.476287] usbcore: registered new interface driver smsc75xx
[    1.482101] usbcore: registered new interface driver smsc95xx
[    1.487896] usbcore: registered new interface driver net1080
[    1.493604] usbcore: registered new interface driver cdc_subset
[    1.499571] usbcore: registered new interface driver zaurus
[    1.505208] usbcore: registered new interface driver cdc_ncm
[    1.511099] tegra-phy 7d004000.usb-phy: no vbus regulator
[    1.518603] ehci_hcd: USB 2.0 'Enhanced' Host Controller (EHCI) Driver
[    1.525135] ehci-pci: EHCI PCI platform driver
[    1.529632] ehci-platform: EHCI generic platform driver
[    1.535083] ehci-orion: EHCI orion driver
[    1.539251] SPEAr-ehci: EHCI SPEAr driver
[    1.543406] ehci-st: EHCI STMicroelectronics driver
[    1.548445] ehci-exynos: EHCI EXYNOS driver
[    1.552807] ehci-atmel: EHCI Atmel driver
[    1.556971] tegra-ehci: Tegra EHCI driver
[    1.563822] tegra-ehci 7d004000.usb: EHCI Host Controller
[    1.569261] tegra-ehci 7d004000.usb: new USB bus registered, assigned bus number 1
[    1.577048] tegra-ehci 7d004000.usb: irq 354, io mem 0x7d004000
[    1.594181] tegra-ehci 7d004000.usb: USB 2.0 started, EHCI 1.10
[    1.600959] hub 1-0:1.0: USB hub found
[    1.604760] hub 1-0:1.0: 1 port detected
[    1.609296] ohci_hcd: USB 1.1 'Open' Host Controller (OHCI) Driver
[    1.615509] ohci-pci: OHCI PCI platform driver
[    1.620010] ohci-platform: OHCI generic platform driver
[    1.625430] ohci-omap3: OHCI OMAP3 driver
[    1.629600] SPEAr-ohci: OHCI SPEAr driver
[    1.633756] ohci-st: OHCI STMicroelectronics driver
[    1.638791] ohci-atmel: OHCI Atmel driver
[    1.643635] usbcore: registered new interface driver usb-storage
[    1.651367] mousedev: PS/2 mouse device common for all mice
[    1.660283] as3722-rtc as3722-rtc: rtc core: registered as3722-rtc as rtc0
[    1.667170] as3722-rtc as3722-rtc: RTC interrupt 377
[    1.675576] tegra_rtc 7000e000.rtc: rtc core: registered 7000e000.rtc as rtc1
[    1.682761] tegra_rtc 7000e000.rtc: Tegra internal Real Time Clock
[    1.689546] i2c /dev entries driver
[    1.700224] 0-004c supply vcc not found, using dummy regulator
[    1.716256] sdhci: Secure Digital Host Controller Interface driver
[    1.722449] sdhci: Copyright(c) Pierre Ossman
[    1.728497] Synopsys Designware Multimedia Card Interface Driver
[    1.735748] sdhci-pltfm: SDHCI platform and OF driver helper
[    1.742213] sdhci-tegra 700b0400.sdhci: Got CD GPIO
[    1.747121] sdhci-tegra 700b0400.sdhci: Got WP GPIO
[    1.752265] mmc0: Unknown controller version (3). You may experience problems.
[    1.759581] mmc0: Invalid maximum block size, assuming 512 bytes
[    1.809186] mmc0: SDHCI controller on 700b0600.sdhci [700b0600.sdhci] using ADMA
[    1.818607] ledtrig-cpu: registered to indicate activity on CPUs
[    1.824971] usbcore: registered new interface driver usbhid
[    1.830554] usbhid: USB HID core driver
[    1.838040] NET: Registered protocol family 10
[    1.843437] sit: IPv6, IPv4 and MPLS over IPv4 tunneling driver
[    1.850062] NET: Registered protocol family 17
[    1.854529] can: controller area network core (rev 20120528 abi 9)
[    1.860782] NET: Registered protocol family 29
[    1.865237] can: raw protocol (rev 20120528)
[    1.869517] can: broadcast manager protocol (rev 20160617 t)
[    1.875189] can: netlink gateway (rev 20130117) max_hops=1
[    1.881064] Key type dns_resolver registered
[    1.886001] ThumbEE CPU extension supported.
[    1.890292] Registering SWP/SWPB emulation handler
[    1.913269] +3.3V_RUN: supplied by +3.3V_SYS
[    1.918125] +3.3V_AVDD_HDMI_AP_GATED: supplied by +3.3V_RUN
[    1.924261] +USB0_VBUS_SW: supplied by +5V_SYS
[    1.929398] +5V_USB_HS: supplied by +5V_SYS
[    1.935409] +3.3V_LP0: supplied by +3.3V_SYS
[    1.941654] +5V_HDMI_CON: supplied by +5V_SYS
[    1.946762] +5V_SATA: supplied by +5V_SYS
[    1.950345] mmc0: new high speed MMC card at address 0001
[    1.951754] mmcblk0: mmc0:0001 SEM16G 14.7 GiB 
[    1.952909] mmcblk0boot0: mmc0:0001 SEM16G partition 1 4.00 MiB
[    1.954197] mmcblk0boot1: mmc0:0001 SEM16G partition 2 4.00 MiB
[    1.955125] mmcblk0rpmb: mmc0:0001 SEM16G partition 3 4.00 MiB
[    1.958260]  mmcblk0: p1
[    1.981785] +12V_SATA: supplied by +VDD_MUX
[    1.987805] usb2-0 supply vbus not found, using dummy regulator
[    1.993915] usb2-1 supply vbus not found, using dummy regulator
[    2.000276] usb3-0 supply vbus not found, using dummy regulator
[    2.007454] tegra-pcie 1003000.pcie-controller: 2x1, 1x1 configuration
[    2.014093] tegra-pcie 1003000.pcie-controller: Failed to get supply 'avddio-pex': -517
[    2.025122] tegra124-dfll 70110000.clock: couldn't get vdd_cpu regulator
[    2.035731] tegra-hdmi 54280000.hdmi: failed to get PLL regulator
[    2.046946] as3722-sd2: supplied by +5V_SYS
[    2.051545] as3722-sd3: supplied by +5V_SYS
[    2.056134] as3722-sd4: supplied by +5V_SYS
[    2.060590] +1.05V_RUN_AVDD_HDMI_PLL: supplied by +1.05V_RUN
[    2.066426] as3722-sd5: supplied by +5V_SYS
[    2.072388] as3722-ldo0: supplied by +1.35V_LP0(sd2)
[    2.078427] as3722-ldo1: supplied by +3.3V_RUN
[    2.083255] as3722-ldo2: supplied by +1.8V_VDDIO
[    2.088895] as3722-ldo3: supplied by +3.3V_SYS
[    2.094271] as3722-ldo4: supplied by +3.3V_SYS
[    2.099058] as3722-ldo5: supplied by +1.8V_VDDIO
[    2.103995] as3722-ldo6: supplied by +3.3V_RUN
[    2.108816] as3722-ldo7: supplied by +1.8V_VDDIO
[    2.113735] +1.05V_RUN_CAM_REAR: Bringing 0uV into 1050000-1050000uV
[    2.120852] as3722-ldo9: supplied by +5V_SYS
[    2.126671] +3.3V_RUN_TOUCH: Bringing 0uV into 2800000-2800000uV
[    2.133448] as3722-ldo10: supplied by +5V_SYS
[    2.138621] +2.8V_RUN_CAM_AF: Bringing 0uV into 2800000-2800000uV
[    2.145284] as3722-ldo11: supplied by +3.3V_RUN
[    2.150404] +1.8V_RUN_VPP_FUSE: Bringing 0uV into 1800000-1800000uV
[    2.160461] tegra-ahci 70027000.sata: AHCI 0001.0301 32 slots 2 ports 3 Gbps 0x1 impl platform mode
[    2.169542] tegra-ahci 70027000.sata: flags: 64bit ncq sntf pm led pio slum part sadm sds apst 
[    2.180383] scsi host0: tegra-ahci
[    2.185095] scsi host1: tegra-ahci
[    2.188844] ata1: SATA max UDMA/133 mmio [mem 0x70027000-0x70028fff] port 0x100 irq 345
[    2.196883] ata2: DUMMY
[    2.202638] tegra-ehci 7d008000.usb: EHCI Host Controller
[    2.208092] tegra-ehci 7d008000.usb: new USB bus registered, assigned bus number 2
[    2.215888] tegra-ehci 7d008000.usb: irq 355, io mem 0x7d008000
[    2.234277] tegra-ehci 7d008000.usb: USB 2.0 started, EHCI 1.10
[    2.241391] hub 2-0:1.0: USB hub found
[    2.245243] hub 2-0:1.0: 1 port detected
[    2.251775] sdhci-tegra 700b0400.sdhci: Got CD GPIO
[    2.256728] sdhci-tegra 700b0400.sdhci: Got WP GPIO
[    2.261856] mmc1: Unknown controller version (3). You may experience problems.
[    2.269206] mmc1: Invalid maximum block size, assuming 512 bytes
[    2.319725] mmc1: SDHCI controller on 700b0400.sdhci [700b0400.sdhci] using ADMA
[    2.327901] tegra-pcie 1003000.pcie-controller: 2x1, 1x1 configuration
[    2.336587] tegra-pcie 1003000.pcie-controller: probing port 0, using 2 lanes
[    2.345946] tegra-pcie 1003000.pcie-controller: Slot present pin change, signature: 00000008
[    2.368589] tegra-pcie 1003000.pcie-controller: probing port 1, using 1 lanes
[    2.377831] tegra-pcie 1003000.pcie-controller: Slot present pin change, signature: 00000000
[    2.392456] tegra-pcie 1003000.pcie-controller: PCI host bridge to bus 0000:00
[    2.399713] pci_bus 0000:00: root bus resource [io  0x0000-0xffff]
[    2.405912] pci_bus 0000:00: root bus resource [mem 0x13000000-0x1fffffff]
[    2.412824] pci_bus 0000:00: root bus resource [mem 0x20000000-0x3fffffff pref]
[    2.420167] pci_bus 0000:00: root bus resource [bus 00-ff]
[    2.425720] pci 0000:00:01.0: [10de:0e12] type 01 class 0x060400
[    2.431889] pci 0000:00:01.0: PME# supported from D0 D1 D2 D3hot D3cold
[    2.438862] pci 0000:00:02.0: [10de:0e13] type 01 class 0x060400
[    2.445041] pci 0000:00:02.0: PME# supported from D0 D1 D2 D3hot D3cold
[    2.452024] PCI: bus0: Fast back to back transfers disabled
[    2.457636] pci 0000:00:01.0: bridge configuration invalid ([bus 00-00]), reconfiguring
[    2.465689] pci 0000:00:02.0: bridge configuration invalid ([bus 00-00]), reconfiguring
[    2.473963] pci 0000:01:00.0: [8086:4232] type 00 class 0x028000
[    2.480057] pci 0000:01:00.0: reg 0x10: [mem 0x00000000-0x00001fff 64bit]
[    2.487086] pci 0000:01:00.0: PME# supported from D0 D3hot D3cold
[    2.504311] PCI: bus1: Fast back to back transfers disabled
[    2.509939] pci_bus 0000:01: busn_res: [bus 01-ff] end is updated to 01
[    2.516848] pci 0000:02:00.0: [10ec:8168] type 00 class 0x020000
[    2.517699] ata1: SATA link down (SStatus 0 SControl 300)
[    2.528357] pci 0000:02:00.0: reg 0x10: [io  0x0000-0x00ff]
[    2.533974] pci 0000:02:00.0: reg 0x18: [mem 0x00000000-0x00000fff 64bit]
[    2.540789] pci 0000:02:00.0: reg 0x20: [mem 0x00000000-0x00003fff 64bit pref]
[    2.548168] pci 0000:02:00.0: supports D1 D2
[    2.552451] pci 0000:02:00.0: PME# supported from D0 D1 D2 D3hot D3cold
[    2.574306] PCI: bus2: Fast back to back transfers disabled
[    2.579914] pci_bus 0000:02: busn_res: [bus 02-ff] end is updated to 02
[    2.586709] pci 0000:00:01.0: BAR 8: assigned [mem 0x13000000-0x130fffff]
[    2.593539] pci 0000:00:02.0: BAR 8: assigned [mem 0x13100000-0x131fffff]
[    2.600340] pci 0000:00:02.0: BAR 9: assigned [mem 0x20000000-0x200fffff 64bit pref]
[    2.608090] pci 0000:00:02.0: BAR 7: assigned [io  0x1000-0x1fff]
[    2.614198] pci 0000:01:00.0: BAR 0: assigned [mem 0x13000000-0x13001fff 64bit]
[    2.621539] pci 0000:00:01.0: PCI bridge to [bus 01]
[    2.626521] pci 0000:00:01.0:   bridge window [mem 0x13000000-0x130fffff]
[    2.633327] pci 0000:02:00.0: BAR 4: assigned [mem 0x20000000-0x20003fff 64bit pref]
[    2.641095] pci 0000:02:00.0: BAR 2: assigned [mem 0x13100000-0x13100fff 64bit]
[    2.648427] pci 0000:02:00.0: BAR 0: assigned [io  0x1000-0x10ff]
[    2.654539] pci 0000:00:02.0: PCI bridge to [bus 02]
[    2.659547] pci 0000:00:02.0:   bridge window [io  0x1000-0x1fff]
[    2.665656] pci 0000:00:02.0:   bridge window [mem 0x13100000-0x131fffff]
[    2.672451] pci 0000:00:02.0:   bridge window [mem 0x20000000-0x200fffff 64bit pref]
[    2.680233] pci 0000:00:01.0: nv_msi_ht_cap_quirk didn't locate host bridge
[    2.687307] pcieport 0000:00:01.0: enabling device (0140 -> 0142)
[    2.693690] pcieport 0000:00:01.0: Signaling PME through PCIe PME interrupt
[    2.700664] pci 0000:01:00.0: Signaling PME through PCIe PME interrupt
[    2.707202] pcie_pme 0000:00:01.0:pcie001: service driver pcie_pme loaded
[    2.714086] pci 0000:00:02.0: nv_msi_ht_cap_quirk didn't locate host bridge
[    2.721148] pcieport 0000:00:02.0: enabling device (0140 -> 0143)
[    2.727586] pcieport 0000:00:02.0: Signaling PME through PCIe PME interrupt
[    2.734560] pci 0000:02:00.0: Signaling PME through PCIe PME interrupt
[    2.741098] pcie_pme 0000:00:02.0:pcie001: service driver pcie_pme loaded
[    2.748188] r8169 Gigabit Ethernet driver 2.3LK-NAPI loaded
[    2.753790] r8169 0000:02:00.0: enabling device (0140 -> 0143)
[    2.776764] r8169 0000:02:00.0 eth0: RTL8168g/8111g at 0xf0a45000, 00:04:4b:3a:d9:81, XID 0c000800 IRQ 395
[    2.786450] r8169 0000:02:00.0 eth0: jumbo features [frames: 9200 bytes, tx checksumming: ko]
[    2.799262] mmc1: new high speed SDHC card at address aaaa
[    2.806272] mmcblk1: mmc1:aaaa SD04G 3.69 GiB 
[    2.812481] [drm] Supports vblank timestamp caching Rev 2 (21.10.2013).
[    2.819154] [drm] No driver support for vblank timestamp query.
[    2.836090]  mmcblk1: p1 p2 p3
[    2.949025] tegra-hdmi 54280000.hdmi: cannot set audio to 48000 Hz at 297000000 Hz pixel clock
[    3.117598] Console: switching to colour frame buffer device 512x135
[    3.213832] drm drm: fb0:  frame buffer device
[    3.234271] [drm] Initialized tegra 0.0.0 20120330 on minor 0
[    3.241975] of: dev_pm_opp_of_cpumask_add_table: couldn't find opp table for cpu:0, -19
[    3.250051] cpufreq: cpufreq_online: CPU0: Running at unlisted freq: 696000 KHz
[    3.257384] cpufreq: cpufreq_online: CPU0: Unlisted initial frequency changed to: 714000 KHz
[    3.266621] input: gpio-keys as /devices/soc0/gpio-keys/input/input0
[    3.273913] as3722-rtc as3722-rtc: setting system clock to 2000-01-01 00:00:13 UTC (946684813)
[    3.283089] +USB0_VBUS_SW: disabling
[    3.286708] +1.8V_RUN_CAM: disabling
[    3.290546] +2.8V_RUN_CAM: disabling
[    3.294362] +1.2V_RUN_CAM_FRONT: disabling
[    3.298608] +1.05V_RUN_CAM_REAR: disabling
[    3.302939] +3.3V_RUN_TOUCH: disabling
[    3.306864] +2.8V_RUN_CAM_AF: disabling
[    3.310934] +1.8V_RUN_VPP_FUSE: disabling
[    3.316075] EXT4-fs (mmcblk0p1): mounting ext3 file system using the ext4 subsystem
[    3.337478] EXT4-fs (mmcblk0p1): recovery complete
[    3.342300] EXT4-fs (mmcblk0p1): mounted filesystem with ordered data mode. Opts: (null)
[    3.350424] VFS: Mounted root (ext3 filesystem) on device 179:1.
[    3.360666] devtmpfs: mounted
[    3.364391] Freeing unused kernel memory: 2048K (c1100000 - c1300000)
bash: cannot set terminal process group (-1): Inappropriate ioctl for device
bash: no job control in this shell
root@(none):/# mount -t sysfs none /sys
root@(none):/# 
root@(none):/# mount -t debugfs none /sys/kernel/debug
root@(none):/# 
root@(none):/# rtcwake -d rtc1 -m mem -s 3
rtcwake: assuming RTC uses UTC ...
rtcwake: wakeup from "mem" using /dev/rtc1 at Thu Jan  1 00:00:19 1970
[    6.446802] PM: Syncing filesystems ... done.
[    6.657688] Freezing user space processes ... (elapsed 0.001 seconds) done.
[    6.666136] Freezing remaining freezable tasks ... (elapsed 0.001 seconds) done.
[    6.674836] Suspending console(s) (use no_console_suspend to debug)
[    6.790799] PM: suspend of devices complete after 109.087 msecs
[    6.792663] PM: late suspend of devices complete after 1.854 msecs
[    6.810034] PM: noirq suspend of devices complete after 17.365 msecs
[    6.810037] Disabling non-boot CPUs ...
[    6.810488] CPU1: shutdown
[    6.860873] CPU2: shutdown
[    6.890393] IRQ17 no longer affine to CPU3
[    6.890605] CPU3: shutdown
[    6.914942] Entering suspend state LP1
[    6.914942] Suspended for 3.027 seconds
[    6.914953] Enabling non-boot CPUs ...
[    6.929910] CPU1 is up
[    6.949971] CPU2 is up
[    6.970106] CPU3 is up
[    6.970788] pcieport 0000:00:01.0: nv_msi_ht_cap_quirk didn't locate host bridge
[    6.970851] pcieport 0000:00:02.0: nv_msi_ht_cap_quirk didn't locate host bridge
[    6.989236] PM: noirq resume of devices complete after 19.124 msecs
[    6.990311] PM: early resume of devices complete after 0.758 msecs
[    6.994972] tegra-hdmi 54280000.hdmi: cannot set audio to 48000 Hz at 297000000 Hz pixel clock
[    7.074270] PM: resume of devices complete after 83.951 msecs
[    7.169454] Restarting tasks ... done.
root@(none):/# 
root@(none):/# [    7.311427] ata1: SATA link down (SStatus 0 SControl 300)
rtcwake -d rtc1 -m mem -s 3
rtcwake: assuming RTC uses UTC ...
rtcwake: wakeup from "mem" using /dev/rtc1 at Thu Jan  1 00:00:24 1970
[    8.435320] PM: Syncing filesystems ... done.
[    8.612395] Freezing user space processes ... (elapsed 0.001 seconds) done.
[    8.620816] Freezing remaining freezable tasks ... (elapsed 0.001 seconds) done.
[    8.629449] Suspending console(s) (use no_console_suspend to debug)
[    8.750972] PM: suspend of devices complete after 114.657 msecs
[    8.752658] PM: late suspend of devices complete after 1.676 msecs
[    8.770128] PM: noirq suspend of devices complete after 17.464 msecs
[    8.770130] Disabling non-boot CPUs ...
[    8.770610] CPU1: shutdown
[    8.805880] CPU2: shutdown
[    8.835369] IRQ17 no longer affine to CPU3
[    8.835602] CPU3: shutdown
[    8.859954] Entering suspend state LP1
[    8.859954] Suspended for 3.054 seconds
[    8.859965] Enabling non-boot CPUs ...
[    8.874892] CPU1 is up
[    8.894950] CPU2 is up
[    8.915078] CPU3 is up
[    8.915796] pcieport 0000:00:02.0: nv_msi_ht_cap_quirk didn't locate host bridge
[    8.915901] pcieport 0000:00:01.0: nv_msi_ht_cap_quirk didn't locate host bridge
[    8.934220] PM: noirq resume of devices complete after 19.136 msecs
[    8.935818] PM: early resume of devices complete after 1.252 msecs
[    8.938706] tegra-hdmi 54280000.hdmi: cannot set audio to 48000 Hz at 297000000 Hz pixel clock
[    9.018841] PM: resume of devices complete after 83.014 msecs
[    9.114027] Restarting tasks ... done.
root@(none):/# 
root@(none):/# [    9.254836] ata1: SATA link down (SStatus 0 SControl 300)
rtcwake -d rtc1 -m mem -s 3
rtcwake: assuming RTC uses UTC ...
rtcwake: wakeup from "mem" using /dev/rtc1 at Thu Jan  1 00:00:29 1970
[   10.385508] PM: Syncing filesystems ... done.
[   10.562030] Freezing user space processes ... (elapsed 0.001 seconds) done.
[   10.570463] Freezing remaining freezable tasks ... (elapsed 0.001 seconds) done.
[   10.579155] Suspending console(s) (use no_console_suspend to debug)
[   10.695643] PM: suspend of devices complete after 109.722 msecs
[   10.696921] PM: late suspend of devices complete after 1.269 msecs
[   10.714920] PM: noirq suspend of devices complete after 17.993 msecs
[   10.714921] Disabling non-boot CPUs ...
[   10.715331] CPU1: shutdown
[   10.750496] CPU2: shutdown
[   10.780075] IRQ17 no longer affine to CPU3
[   10.780273] CPU3: shutdown
[   10.804765] Entering suspend state LP1
[   10.804765] Suspended for 3.055 seconds
[   10.804776] Enabling non-boot CPUs ...
[   10.819864] CPU1 is up
[   10.839920] CPU2 is up
[   10.860048] CPU3 is up
[   10.860808] pcieport 0000:00:02.0: nv_msi_ht_cap_quirk didn't locate host bridge
[   10.860810] pcieport 0000:00:01.0: nv_msi_ht_cap_quirk didn't locate host bridge
[   10.879189] PM: noirq resume of devices complete after 19.135 msecs
[   10.880735] PM: early resume of devices complete after 1.204 msecs
[   10.883809] tegra-hdmi 54280000.hdmi: cannot set audio to 48000 Hz at 297000000 Hz pixel clock
[   10.964017] PM: resume of devices complete after 83.273 msecs
[   11.059184] Restarting tasks ... done.
root@(none):/# 
root@(none):/# [   11.199797] ata1: SATA link down (SStatus 0 SControl 300)
rtcwake -d rtc1 -m mem -s 3
rtcwake: assuming RTC uses UTC ...
rtcwake: wakeup from "mem" using /dev/rtc1 at Thu Jan  1 00:00:34 1970
[   12.330805] PM: Syncing filesystems ... done.
[   12.507345] Freezing user space processes ... (elapsed 0.001 seconds) done.
[   12.515775] Freezing remaining freezable tasks ... (elapsed 0.001 seconds) done.
[   12.524462] Suspending console(s) (use no_console_suspend to debug)
[   12.635655] PM: suspend of devices complete after 104.401 msecs
[   12.637048] PM: late suspend of devices complete after 1.385 msecs
[   12.654948] PM: noirq suspend of devices complete after 17.894 msecs
[   12.654950] Disabling non-boot CPUs ...
[   12.655379] CPU1: shutdown
[   12.690343] IRQ17 no longer affine to CPU2
[   12.690566] CPU2: shutdown
[   12.720294] CPU3: shutdown
[   12.744755] Entering suspend state LP1
[   12.744755] Suspended for 3.059 seconds
[   12.744766] Enabling non-boot CPUs ...
[   12.759830] CPU1 is up
[   12.779883] CPU2 is up
[   12.800014] CPU3 is up
[   12.800750] pcieport 0000:00:02.0: nv_msi_ht_cap_quirk didn't locate host bridge
[   12.800753] pcieport 0000:00:01.0: nv_msi_ht_cap_quirk didn't locate host bridge
[   12.819159] PM: noirq resume of devices complete after 19.139 msecs
[   12.821074] PM: early resume of devices complete after 1.582 msecs
[   12.823680] tegra-hdmi 54280000.hdmi: cannot set audio to 48000 Hz at 297000000 Hz pixel clock
[   12.903828] PM: resume of devices complete after 82.745 msecs
[   12.999011] Restarting tasks ... done.
root@(none):/# 
root@(none):/# [   13.139778] ata1: SATA link down (SStatus 0 SControl 300)
rtcwake -d rtc1 -m mem -s 3
rtcwake: assuming RTC uses UTC ...
rtcwake: wakeup from "mem" using /dev/rtc1 at Thu Jan  1 00:00:39 1970
[   14.275996] PM: Syncing filesystems ... done.
[   14.452568] Freezing user space processes ... (elapsed 0.001 seconds) done.
[   14.461012] Freezing remaining freezable tasks ... (elapsed 0.001 seconds) done.
[   14.469623] Suspending console(s) (use no_console_suspend to debug)
[   14.575603] PM: suspend of devices complete after 99.215 msecs
[   14.576717] PM: late suspend of devices complete after 1.109 msecs
[   14.594813] PM: noirq suspend of devices complete after 18.092 msecs
[   14.594815] Disabling non-boot CPUs ...
[   14.595223] CPU1: shutdown
[   14.625448] CPU2: shutdown
[   14.655200] CPU3: shutdown
[   14.679695] Entering suspend state LP1
[   14.679695] Suspended for 3.064 seconds
[   14.679706] Enabling non-boot CPUs ...
[   14.694795] CPU1 is up
[   14.714848] CPU2 is up
[   14.734983] CPU3 is up
[   14.735673] pcieport 0000:00:01.0: nv_msi_ht_cap_quirk didn't locate host bridge
[   14.735828] pcieport 0000:00:02.0: nv_msi_ht_cap_quirk didn't locate host bridge
[   14.754129] PM: noirq resume of devices complete after 19.140 msecs
[   14.755949] PM: early resume of devices complete after 1.491 msecs
[   14.758830] tegra-hdmi 54280000.hdmi: cannot set audio to 48000 Hz at 297000000 Hz pixel clock
[   14.838967] PM: resume of devices complete after 83.008 msecs
[   14.929929] Restarting tasks ... done.
root@(none):/# 
root@(none):/# [   15.074842] ata1: SATA link down (SStatus 0 SControl 300)
rtcwake -d rtc1 -m mem -s 3
rtcwake: assuming RTC uses UTC ...
rtcwake: wakeup from "mem" using /dev/rtc1 at Thu Jan  1 00:00:44 1970
[   16.206233] PM: Syncing filesystems ... done.
[   16.382775] Freezing user space processes ... (elapsed 0.001 seconds) done.
[   16.391210] Freezing remaining freezable tasks ... (elapsed 0.001 seconds) done.
[   16.399903] Suspending console(s) (use no_console_suspend to debug)
[   16.510438] PM: suspend of devices complete after 103.710 msecs
[   16.511698] PM: late suspend of devices complete after 1.255 msecs
[   16.529865] PM: noirq suspend of devices complete after 18.162 msecs
[   16.529867] Disabling non-boot CPUs ...
[   16.530325] CPU1: shutdown
[   16.560623] CPU2: shutdown
[   16.590332] CPU3: shutdown
[   16.614756] Entering suspend state LP1
[   16.614756] Suspended for 3.064 seconds
[   16.614768] Enabling non-boot CPUs ...
[   16.629788] CPU1 is up
[   16.649839] CPU2 is up
[   16.669972] CPU3 is up
[   16.670716] pcieport 0000:00:01.0: nv_msi_ht_cap_quirk didn't locate host bridge
[   16.670719] pcieport 0000:00:02.0: nv_msi_ht_cap_quirk didn't locate host bridge
[   16.689106] PM: noirq resume of devices complete after 19.128 msecs
[   16.690755] PM: early resume of devices complete after 1.314 msecs
[   16.693333] tegra-hdmi 54280000.hdmi: cannot set audio to 48000 Hz at 297000000 Hz pixel clock
[   16.773462] PM: resume of devices complete after 82.697 msecs
[   16.864561] Restarting tasks ... done.
root@(none):/# 
root@(none):/# [   17.011525] ata1: SATA link down (SStatus 0 SControl 300)
rtcwake -d rtc1 -m mem -s 3
rtcwake: assuming RTC uses UTC ...
rtcwake: wakeup from "mem" using /dev/rtc1 at Thu Jan  1 00:00:49 1970
[   18.139844] PM: Syncing filesystems ... done.
[   18.316384] Freezing user space processes ... (elapsed 0.001 seconds) done.
[   18.324832] Freezing remaining freezable tasks ... (elapsed 0.001 seconds) done.
[   18.333527] Suspending console(s) (use no_console_suspend to debug)
[   18.435639] PM: suspend of devices complete after 95.236 msecs
[   18.437438] PM: late suspend of devices complete after 1.789 msecs
[   18.455019] PM: noirq suspend of devices complete after 17.574 msecs
[   18.455021] Disabling non-boot CPUs ...
[   18.455508] CPU1: shutdown
[   18.485704] CPU2: shutdown
[   18.515403] CPU3: shutdown
[   18.539766] Entering suspend state LP1
[   18.539766] Suspended for 3.074 seconds
[   18.539777] Enabling non-boot CPUs ...
[   18.554750] CPU1 is up
[   18.574809] CPU2 is up
[   18.594936] CPU3 is up
[   18.595673] pcieport 0000:00:02.0: nv_msi_ht_cap_quirk didn't locate host bridge
[   18.595675] pcieport 0000:00:01.0: nv_msi_ht_cap_quirk didn't locate host bridge
[   18.614072] PM: noirq resume of devices complete after 19.130 msecs
[   18.615716] PM: early resume of devices complete after 1.307 msecs
[   18.619125] tegra-hdmi 54280000.hdmi: cannot set audio to 48000 Hz at 297000000 Hz pixel clock
[   18.699317] PM: resume of devices complete after 83.592 msecs
[   18.790351] Restarting tasks ... done.
root@(none):/# 
root@(none):/# [   18.934964] ata1: SATA link down (SStatus 0 SControl 300)
rtcwake -d rtc1 -m mem -s 3
rtcwake: assuming RTC uses UTC ...
rtcwake: wakeup from "mem" using /dev/rtc1 at Thu Jan  1 00:00:54 1970
[   20.064126] PM: Syncing filesystems ... done.
[   20.184146] Freezing user space processes ... (elapsed 0.001 seconds) done.
[   20.192582] Freezing remaining freezable tasks ... (elapsed 0.001 seconds) done.
[   20.201565] Suspending console(s) (use no_console_suspend to debug)
[   20.331602] PM: suspend of devices complete after 121.852 msecs
[   20.336350] PM: late suspend of devices complete after 4.723 msecs
[   20.357471] PM: noirq suspend of devices complete after 21.103 msecs
[   20.357479] Disabling non-boot CPUs ...
[   20.359013] CPU1: shutdown
[   20.384632] CPU2: shutdown
[   20.418711] CPU3: shutdown
[   20.446630] Entering suspend state LP1
[   20.446630] Suspended for 3.092 seconds
[   20.446641] Enabling non-boot CPUs ...
[   20.459706] CPU1 is up
[   20.479769] CPU2 is up
[   20.499892] CPU3 is up
[   20.500593] pcieport 0000:00:01.0: nv_msi_ht_cap_quirk didn't locate host bridge
[   20.500749] pcieport 0000:00:02.0: nv_msi_ht_cap_quirk didn't locate host bridge
[   20.519040] PM: noirq resume of devices complete after 19.142 msecs
[   20.520888] PM: early resume of devices complete after 1.510 msecs
[   20.523777] tegra-hdmi 54280000.hdmi: cannot set audio to 48000 Hz at 297000000 Hz pixel clock
[   20.604070] PM: resume of devices complete after 83.173 msecs
[   20.695165] Restarting tasks ... done.
root@(none):/# 
root@(none):/# [   20.839957] ata1: SATA link down (SStatus 0 SControl 300)
rtcwake -d rtc1 -m mem -s 3
rtcwake: assuming RTC uses UTC ...
rtcwake: wakeup from "mem" using /dev/rtc1 at Thu Jan  1 00:00:59 1970
[   21.970415] PM: Syncing filesystems ... done.
[   22.147564] Freezing user space processes ... (elapsed 0.001 seconds) done.
[   22.155995] Freezing remaining freezable tasks ... (elapsed 0.001 seconds) done.
[   22.164585] Suspending console(s) (use no_console_suspend to debug)
[   22.275545] PM: suspend of devices complete after 104.165 msecs
[   22.277228] PM: late suspend of devices complete after 1.673 msecs
[   22.294737] PM: noirq suspend of devices complete after 17.504 msecs
[   22.294740] Disabling non-boot CPUs ...
[   22.295207] CPU1: shutdown
[   22.325294] CPU2: shutdown
[   22.355227] CPU3: shutdown
[   22.379620] Entering suspend state LP1
[   22.379620] Suspended for 3.066 seconds
[   22.379631] Enabling non-boot CPUs ...
[   22.394677] CPU1 is up
[   22.414734] CPU2 is up
[   22.434860] CPU3 is up
[   22.435590] pcieport 0000:00:02.0: nv_msi_ht_cap_quirk didn't locate host bridge
[   22.435592] pcieport 0000:00:01.0: nv_msi_ht_cap_quirk didn't locate host bridge
[   22.454011] PM: noirq resume of devices complete after 19.145 msecs
[   22.455916] PM: early resume of devices complete after 1.592 msecs
[   22.458370] tegra-hdmi 54280000.hdmi: cannot set audio to 48000 Hz at 297000000 Hz pixel clock
[   22.538494] PM: resume of devices complete after 82.570 msecs
[   22.629663] Restarting tasks ... done.
root@(none):/# 
root@(none):/# [   22.776493] ata1: SATA link down (SStatus 0 SControl 300)
rtcwake -d rtc1 -m mem -s 3
rtcwake: assuming RTC uses UTC ...
rtcwake: wakeup from "mem" using /dev/rtc1 at Thu Jan  1 00:01:04 1970
[   23.905072] PM: Syncing filesystems ... done.
[   24.081742] Freezing user space processes ... (elapsed 0.001 seconds) done.
[   24.090154] Freezing remaining freezable tasks ... (elapsed 0.001 seconds) done.
[   24.098821] Suspending console(s) (use no_console_suspend to debug)
[   24.215459] PM: suspend of devices complete after 109.863 msecs
[   24.216870] PM: late suspend of devices complete after 1.401 msecs
[   24.234784] PM: noirq suspend of devices complete after 17.907 msecs
[   24.234787] Disabling non-boot CPUs ...
[   24.235002] IRQ17 no longer affine to CPU1
[   24.235203] CPU1: shutdown
[   24.265290] CPU2: shutdown
[   24.295061] CPU3: shutdown
[   24.319530] Entering suspend state LP1
[   24.319530] Suspended for 3.059 seconds
[   24.319541] Enabling non-boot CPUs ...
[   24.334651] CPU1 is up
[   24.354710] CPU2 is up
[   24.374841] CPU3 is up
[   24.375578] pcieport 0000:00:01.0: nv_msi_ht_cap_quirk didn't locate host bridge
[   24.375581] pcieport 0000:00:02.0: nv_msi_ht_cap_quirk didn't locate host bridge
[   24.393978] PM: noirq resume of devices complete after 19.132 msecs
[   24.395887] PM: early resume of devices complete after 1.563 msecs
[   24.398323] tegra-hdmi 54280000.hdmi: cannot set audio to 48000 Hz at 297000000 Hz pixel clock
[   24.478486] PM: resume of devices complete after 82.590 msecs
[   24.573678] Restarting tasks ... done.
root@(none):/# 
root@(none):/# [   24.716427] ata1: SATA link down (SStatus 0 SControl 300)
NVTB SYSTEM SUSPEND TEST COMPLETE
