
U-Boot SPL 2015.04-rc3-00209-ga74ef40 (Mar 16 2015 - 14:43:39)


U-Boot 2015.04-rc3-00209-ga74ef40 (Mar 16 2015 - 14:43:39)

TEGRA20
Model: Compulab TrimSlice board
DRAM:  1 GiB
MMC:   Tegra SD/MMC: 0, Tegra SD/MMC: 1
SF: Detected W25Q80BL with page size 256 Bytes, erase size 4 KiB, total 1 MiB
tegra-pcie: PCI regions:
tegra-pcie:   I/O: 0x82000000-0x82010000
tegra-pcie:   non-prefetchable memory: 0xa0000000-0xa8000000
tegra-pcie:   prefetchable memory: 0xa8000000-0xc0000000
tegra-pcie: dual-mode configuration
tegra-pcie: probing port 0, using 2 lanes
In:    serial
Out:   serial
Err:   serial
Net:   RTL8169#0
Hit any key to stop autoboot:  2  0 
Tegra20 (TrimSlice) # 
Tegra20 (TrimSlice) # usb reset
resetting USB...
USB0:   USB EHCI 1.00
scanning bus 0 for devices... 3 USB Device(s) found
USB1:   USB EHCI 1.00
scanning bus 1 for devices... 1 USB Device(s) found
USB2:   lowlevel init failed
       scanning usb for storage devices... 0 Storage Device(s) found
       scanning usb for ethernet devices... 
Warning: asx0 using MAC address from net device
1 Ethernet Device(s) found
Tegra20 (TrimSlice) # setenv bootargs 'ignore_loglevel console=ttyS0,115200n8 rw root=PARTUUID=11eb23c1-01 rootwait gpt debug noinitrd earlyprintk init=/bin/bash'
Tegra20 (TrimSlice) # setenv ipaddr 192.168.100.103; setenv serverip 192.168.100.1; setenv tftpserverip 192.168.100.1
Tegra20 (TrimSlice) # tftpboot 0x00408000 zImage.multi_v7_defconfig
Using RTL8169#0 device
TFTP from server 192.168.100.1; our IP address is 192.168.100.103
Filename 'zImage.multi_v7_defconfig'.
Load address: 0x408000
Loading: *#################################################################
	 #################################################################
	 #################################################################
	 #################################################################
	 #################################################################
	 #################################################################
	 #################################################################
	 #################
	 4.1 MiB/s
done
Bytes transferred = 6918384 (6990f0 hex)
Tegra20 (TrimSlice) # tftpboot 0x02408000 tegra20-trimslice.dtb
Using RTL8169#0 device
TFTP from server 192.168.100.1; our IP address is 192.168.100.103
Filename 'tegra20-trimslice.dtb'.
Load address: 0x2408000
Loading: *##
	 2.9 MiB/s
done
Bytes transferred = 21130 (528a hex)
Tegra20 (TrimSlice) # bootz 0x00408000 - 0x02408000
Kernel image @ 0x408000 [ 0x000000 - 0x6990f0 ]
## Flattened Device Tree blob at 02408000
   Booting using the fdt blob at 0x2408000
   Using Device Tree in place at 02408000, end 02410289

Starting kernel ...

[    0.000000] Booting Linux on physical CPU 0x0
[    0.000000] Linux version 4.6.0-rc7-83433-g44549e8 (pwalmsley@sellafield) (gcc version 4.7.3 20130328 (prerelease) (crosstool-NG linaro-1.13.1-4.7-2013.04-20130415 - Linaro GCC 2013.04) ) #1 SMP Sun May 8 15:04:55 PDT 2016
[    0.000000] CPU: ARMv7 Processor [411fc090] revision 0 (ARMv7), cr=10c5387d
[    0.000000] CPU: PIPT / VIPT nonaliasing data cache, VIPT aliasing instruction cache
[    0.000000] Machine model: Compulab TrimSlice board
[    0.000000] debug: ignoring loglevel setting.
[    0.000000] cma: Reserved 64 MiB at 0x3c000000
[    0.000000] Memory policy: Data cache writealloc
[    0.000000] On node 0 totalpages: 262144
[    0.000000] free_area_init_node: node 0, pgdat c141b3c0, node_mem_map ef7f8000
[    0.000000]   DMA zone: 1536 pages used for memmap
[    0.000000]   DMA zone: 0 pages reserved
[    0.000000]   DMA zone: 196608 pages, LIFO batch:31
[    0.000000]   HighMem zone: 65536 pages, LIFO batch:15
[    0.000000] percpu: Embedded 12 pages/cpu @ef7cb000 s19776 r8192 d21184 u49152
[    0.000000] pcpu-alloc: s19776 r8192 d21184 u49152 alloc=12*4096
[    0.000000] pcpu-alloc: [0] 0 [0] 1 
[    0.000000] Built 1 zonelists in Zone order, mobility grouping on.  Total pages: 260608
[    0.000000] Kernel command line: ignore_loglevel console=ttyS0,115200n8 rw root=PARTUUID=11eb23c1-01 rootwait gpt debug noinitrd earlyprintk init=/bin/bash
[    0.000000] PID hash table entries: 4096 (order: 2, 16384 bytes)
[    0.000000] Dentry cache hash table entries: 131072 (order: 7, 524288 bytes)
[    0.000000] Inode-cache hash table entries: 65536 (order: 6, 262144 bytes)
[    0.000000] Memory: 955940K/1048576K available (9522K kernel code, 1141K rwdata, 4108K rodata, 2048K init, 341K bss, 27100K reserved, 65536K cma-reserved, 196608K highmem)
[    0.000000] Virtual kernel memory layout:
[    0.000000]     vector  : 0xffff0000 - 0xffff1000   (   4 kB)
[    0.000000]     fixmap  : 0xffc00000 - 0xfff00000   (3072 kB)
[    0.000000]     vmalloc : 0xf0800000 - 0xff800000   ( 240 MB)
[    0.000000]     lowmem  : 0xc0000000 - 0xf0000000   ( 768 MB)
[    0.000000]     pkmap   : 0xbfe00000 - 0xc0000000   (   2 MB)
[    0.000000]     modules : 0xbf000000 - 0xbfe00000   (  14 MB)
[    0.000000]       .text : 0xc0208000 - 0xc104fa10   (14623 kB)
[    0.000000]       .init : 0xc1100000 - 0xc1300000   (2048 kB)
[    0.000000]       .data : 0xc1300000 - 0xc141d400   (1141 kB)
[    0.000000]        .bss : 0xc141f000 - 0xc1474518   ( 342 kB)
[    0.000000] SLUB: HWalign=64, Order=0-3, MinObjects=0, CPUs=2, Nodes=1
[    0.000000] Hierarchical RCU implementation.
[    0.000000] 	Build-time adjustment of leaf fanout to 32.
[    0.000000] 	RCU restricting CPUs from NR_CPUS=16 to nr_cpu_ids=2.
[    0.000000] RCU: Adjusting geometry for rcu_fanout_leaf=32, nr_cpu_ids=2
[    0.000000] NR_IRQS:16 nr_irqs:16 16
[    0.000000] /interrupt-controller@60004000: 128 interrupts forwarded to /interrupt-controller@50041000
[    0.000000] L2C: platform modifies aux control register: 0x02080000 -> 0x3e480001
[    0.000000] L2C: DT/platform modifies aux control register: 0x02080000 -> 0x3e480001
[    0.000000] L2C-310 errata 727915 769419 enabled
[    0.000000] L2C-310 enabling early BRESP for Cortex-A9
[    0.000000] L2C-310: enabling full line of zeros but not enabled in Cortex-A9
[    0.000000] L2C-310 ID prefetch enabled, offset 1 lines
[    0.000000] L2C-310 cache controller enabled, 8 ways, 1024 kB
[    0.000000] L2C-310: CACHE_ID 0x410000c4, AUX_CTRL 0x7e480001
[    0.000010] sched_clock: 32 bits at 1000kHz, resolution 1000ns, wraps every 2147483647500ns
[    0.000026] clocksource: timer_us: mask: 0xffffffff max_cycles: 0xffffffff, max_idle_ns: 1911260446275 ns
[    0.000036] Switching to timer-based delay loop, resolution 1000ns
[    0.001603] Console: colour dummy device 80x30
[    0.001625] Calibrating delay loop (skipped), value calculated using timer frequency.. 2.00 BogoMIPS (lpj=5000)
[    0.001635] pid_max: default: 32768 minimum: 301
[    0.001708] Mount-cache hash table entries: 2048 (order: 1, 8192 bytes)
[    0.001717] Mountpoint-cache hash table entries: 2048 (order: 1, 8192 bytes)
[    0.002195] CPU: Testing write buffer coherency: ok
[    0.002376] CPU0: thread -1, cpu 0, socket 0, mpidr 80000000
[    0.002421] Setting up static identity map for 0x300000 - 0x300098
[    0.003805] Tegra Revision: A03 prime SKU: 8 CPU Process: 1 SoC Process: 2
[    0.004847] CPU1: thread -1, cpu 1, socket 0, mpidr 80000001
[    0.004926] Brought up 2 CPUs
[    0.004938] SMP: Total of 2 processors activated (4.00 BogoMIPS).
[    0.004943] CPU: All CPU(s) started in SVC mode.
[    0.005593] devtmpfs: initialized
[    0.009546] VFP support v0.3: implementor 41 architecture 3 part 30 variant 9 rev 1
[    0.009942] clocksource: jiffies: mask: 0xffffffff max_cycles: 0xffffffff, max_idle_ns: 9556302231375000 ns
[    0.013070] pinctrl core: initialized pinctrl subsystem
[    0.014361] NET: Registered protocol family 16
[    0.016530] DMA: preallocated 256 KiB pool for atomic coherent allocations
[    0.029922] cpuidle: using governor menu
[    0.040856] No ATAGs?
[    0.040884] hw-breakpoint: found 5 (+1 reserved) breakpoint and 1 watchpoint registers.
[    0.040891] hw-breakpoint: maximum watchpoint size is 4 bytes.
[    0.044457] Serial: AMBA PL011 UART driver
[    0.068487] usb1_vbus: Failed to request enable GPIO170: -517
[    0.068502] reg-fixed-voltage regulators:regulator@2: Failed to register regulator: -517
[    0.072331] vgaarb: loaded
[    0.073072] SCSI subsystem initialized
[    0.073195] libata version 3.00 loaded.
[    0.073415] usbcore: registered new interface driver usbfs
[    0.073462] usbcore: registered new interface driver hub
[    0.073500] usbcore: registered new device driver usb
[    0.075643] pps_core: LinuxPPS API ver. 1 registered
[    0.075650] pps_core: Software ver. 5.3.6 - Copyright 2005-2007 Rodolfo Giometti <giometti@linux.it>
[    0.075671] PTP clock support registered
[    0.075838] EDAC MC: Ver: 3.0.0
[    0.077734] clocksource: Switched to clocksource timer_us
[    0.085709] NET: Registered protocol family 2
[    0.086134] TCP established hash table entries: 8192 (order: 3, 32768 bytes)
[    0.086209] TCP bind hash table entries: 8192 (order: 4, 65536 bytes)
[    0.086322] TCP: Hash tables configured (established 8192 bind 8192)
[    0.086387] UDP hash table entries: 512 (order: 2, 16384 bytes)
[    0.086437] UDP-Lite hash table entries: 512 (order: 2, 16384 bytes)
[    0.086601] NET: Registered protocol family 1
[    0.086841] RPC: Registered named UNIX socket transport module.
[    0.086848] RPC: Registered udp transport module.
[    0.086854] RPC: Registered tcp transport module.
[    0.086859] RPC: Registered tcp NFSv4.1 backchannel transport module.
[    0.086876] PCI: CLS 0 bytes, default 64
[    0.087679] hw perfevents: enabled with armv7_cortex_a9 PMU driver, 7 counters available
[    0.088770] futex hash table entries: 512 (order: 3, 32768 bytes)
[    0.089371] workingset: timestamp_bits=28 max_order=18 bucket_order=0
[    0.097309] squashfs: version 4.0 (2009/01/31) Phillip Lougher
[    0.097953] NFS: Registering the id_resolver key type
[    0.097993] Key type id_resolver registered
[    0.097999] Key type id_legacy registered
[    0.098046] ntfs: driver 2.1.32 [Flags: R/O].
[    0.099049] bounce: pool size: 64 pages
[    0.099213] Block layer SCSI generic (bsg) driver version 0.4 loaded (major 248)
[    0.099227] io scheduler noop registered
[    0.099237] io scheduler deadline registered
[    0.099265] io scheduler cfq registered (default)
[    0.110420] tegra-pcie 80003000.pcie-controller: dual-mode configuration
[    0.110994] tegra-pcie 80003000.pcie-controller: probing port 0, using 2 lanes
[    0.193191] tegra-pcie 80003000.pcie-controller: PCI host bridge to bus 0000:00
[    0.193204] pci_bus 0000:00: root bus resource [io  0x0000-0xffff]
[    0.193213] pci_bus 0000:00: root bus resource [mem 0xa0000000-0xa7ffffff]
[    0.193221] pci_bus 0000:00: root bus resource [mem 0xa8000000-0xbfffffff pref]
[    0.193229] pci_bus 0000:00: root bus resource [bus 00-ff]
[    0.193261] pci 0000:00:01.0: [10de:0bf0] type 01 class 0x060000
[    0.193319] pci 0000:00:01.0: PME# supported from D0 D1 D2 D3hot D3cold
[    0.193515] PCI: bus0: Fast back to back transfers disabled
[    0.193526] pci 0000:00:01.0: bridge configuration invalid ([bus 00-00]), reconfiguring
[    0.193651] pci 0000:01:00.0: [10ec:8168] type 00 class 0x020000
[    0.193674] pci 0000:01:00.0: reg 0x10: [io  0x0000-0x00ff]
[    0.193696] pci 0000:01:00.0: reg 0x18: [mem 0x00000000-0x00000fff 64bit pref]
[    0.193713] pci 0000:01:00.0: reg 0x20: [mem 0x00000000-0x00003fff 64bit pref]
[    0.193725] pci 0000:01:00.0: reg 0x30: [mem 0x00000000-0x0001ffff pref]
[    0.193798] pci 0000:01:00.0: supports D1 D2
[    0.193807] pci 0000:01:00.0: PME# supported from D0 D1 D2 D3hot D3cold
[    0.202768] PCI: bus1: Fast back to back transfers disabled
[    0.202780] pci_bus 0000:01: busn_res: [bus 01-ff] end is updated to 01
[    0.202792] Disabling cpuidle LP2 state, since PCIe IRQs are in use
[    0.202845] pci 0000:00:01.0: BAR 8: assigned [mem 0xa0000000-0xa00fffff]
[    0.202856] pci 0000:00:01.0: BAR 9: assigned [mem 0xa8000000-0xa80fffff 64bit pref]
[    0.202866] pci 0000:00:01.0: BAR 7: assigned [io  0x1000-0x1fff]
[    0.202878] pci 0000:01:00.0: BAR 6: assigned [mem 0xa0000000-0xa001ffff pref]
[    0.202888] pci 0000:01:00.0: BAR 4: assigned [mem 0xa8000000-0xa8003fff 64bit pref]
[    0.202905] pci 0000:01:00.0: BAR 2: assigned [mem 0xa8004000-0xa8004fff 64bit pref]
[    0.202921] pci 0000:01:00.0: BAR 0: assigned [io  0x1000-0x10ff]
[    0.202931] pci 0000:00:01.0: PCI bridge to [bus 01]
[    0.202940] pci 0000:00:01.0:   bridge window [io  0x1000-0x1fff]
[    0.202948] pci 0000:00:01.0:   bridge window [mem 0xa0000000-0xa00fffff]
[    0.202956] pci 0000:00:01.0:   bridge window [mem 0xa8000000-0xa80fffff 64bit pref]
[    0.202976] pci 0000:00:01.0: nv_msi_ht_cap_quirk didn't locate host bridge
[    0.203042] pcieport 0000:00:01.0: enabling device (0140 -> 0143)
[    0.203192] pcieport 0000:00:01.0: Signaling PME through PCIe PME interrupt
[    0.203200] pci 0000:01:00.0: Signaling PME through PCIe PME interrupt
[    0.203209] pcie_pme 0000:00:01.0:pcie01: service driver pcie_pme loaded
[    0.207050] tegra-apbdma 6000a000.dma: Tegra20 APB DMA driver register 16 channels
[    0.253189] Serial: 8250/16550 driver, 4 ports, IRQ sharing disabled
[    0.255570] console [ttyS0] disabled
[    0.255602] 70006000.serial: ttyS0 at MMIO 0x70006000 (irq = 279, base_baud = 13500000) is a Tegra
[    1.199083] console [ttyS0] enabled
[    1.203182] SuperH (H)SCI(F) driver initialized
[    1.208468] msm_serial: driver initialized
[    1.212700] STMicroelectronics ASC driver initialized
[    1.219501] [drm] Initialized drm 1.1.0 20060810
[    1.226230] 54280000.hdmi supply hdmi not found, using dummy regulator
[    1.235786] [drm] Supports vblank timestamp caching Rev 2 (21.10.2013).
[    1.242412] [drm] No driver support for vblank timestamp query.
[    1.248352] drm drm: No connectors reported connected with modes
[    1.254360] [drm] Cannot find any crtc or sizes - going 1024x768
[    1.276433] Console: switching to colour frame buffer device 128x48
[    1.291129] drm drm: fb0:  frame buffer device
[    1.307743] [drm] Initialized tegra 0.0.0 20120330 on minor 0
[    1.322197] brd: module loaded
[    1.329502] loop: module loaded
[    1.338223] m25p80 spi32766.0: found s25fl008k, expected w25q80bl
[    1.344329] m25p80 spi32766.0: s25fl008k (1024 Kbytes)
[    1.351907] libphy: Fixed MDIO Bus: probed
[    1.356553] CAN device driver interface
[    1.361893] igb: Intel(R) Gigabit Ethernet Network Driver - version 5.3.0-k
[    1.368853] igb: Copyright (c) 2007-2014 Intel Corporation.
[    1.374976] r8169 Gigabit Ethernet driver 2.3LK-NAPI loaded
[    1.380575] r8169 0000:01:00.0: enabling device (0140 -> 0143)
[    1.387172] r8169 0000:01:00.0 eth0: RTL8168d/8111d at 0xf0878000, 00:01:c0:13:7d:63, XID 081000c0 IRQ 296
[    1.396827] r8169 0000:01:00.0 eth0: jumbo features [frames: 9200 bytes, tx checksumming: ko]
[    1.407359] pegasus: v0.9.3 (2013/04/25), Pegasus/Pegasus II USB Ethernet driver
[    1.414818] usbcore: registered new interface driver pegasus
[    1.420528] usbcore: registered new interface driver asix
[    1.425967] usbcore: registered new interface driver ax88179_178a
[    1.432100] usbcore: registered new interface driver cdc_ether
[    1.437989] usbcore: registered new interface driver smsc75xx
[    1.443782] usbcore: registered new interface driver smsc95xx
[    1.449561] usbcore: registered new interface driver net1080
[    1.455266] usbcore: registered new interface driver cdc_subset
[    1.461220] usbcore: registered new interface driver zaurus
[    1.466859] usbcore: registered new interface driver cdc_ncm
[    1.472825] tegra-phy c5004000.usb-phy: no vbus regulator
[    1.479321] tegra-phy c5008000.usb-phy: no vbus regulator
[    1.485950] ehci_hcd: USB 2.0 'Enhanced' Host Controller (EHCI) Driver
[    1.492484] ehci-pci: EHCI PCI platform driver
[    1.496969] ehci-platform: EHCI generic platform driver
[    1.502354] ehci-omap: OMAP-EHCI Host Controller driver
[    1.507687] ehci-orion: EHCI orion driver
[    1.511804] SPEAr-ehci: EHCI SPEAr driver
[    1.515924] ehci-st: EHCI STMicroelectronics driver
[    1.520917] ehci-exynos: EHCI EXYNOS driver
[    1.525227] ehci-atmel: EHCI Atmel driver
[    1.529345] tegra-ehci: Tegra EHCI driver
[    1.553940] ulpi_phy_power_on: ulpi write failed
[    1.558560] tegra-ehci c5004000.usb: Failed to power on the phy
[    1.564488] tegra-ehci: probe of c5004000.usb failed with error -110
[    1.573477] tegra-ehci c5008000.usb: EHCI Host Controller
[    1.578892] tegra-ehci c5008000.usb: new USB bus registered, assigned bus number 1
[    1.586695] tegra-ehci c5008000.usb: irq 290, io mem 0xc5008000
[    1.597750] tegra-ehci c5008000.usb: USB 2.0 started, EHCI 1.00
[    1.604290] hub 1-0:1.0: USB hub found
[    1.608083] hub 1-0:1.0: 1 port detected
[    1.612321] ohci_hcd: USB 1.1 'Open' Host Controller (OHCI) Driver
[    1.618521] ohci-pci: OHCI PCI platform driver
[    1.623018] ohci-platform: OHCI generic platform driver
[    1.628400] ohci-omap3: OHCI OMAP3 driver
[    1.632506] SPEAr-ohci: OHCI SPEAr driver
[    1.636642] ohci-st: OHCI STMicroelectronics driver
[    1.641633] ohci-atmel: OHCI Atmel driver
[    1.646254] usbcore: registered new interface driver usb-storage
[    1.653584] mousedev: PS/2 mouse device common for all mice
[    1.661056] rtc-em3027 2-0056: rtc core: registered rtc-em3027 as rtc0
[    1.668799] tegra_rtc 7000e000.rtc: rtc core: registered 7000e000.rtc as rtc1
[    1.675968] tegra_rtc 7000e000.rtc: Tegra internal Real Time Clock
[    1.682584] i2c /dev entries driver
[    1.694428] sdhci: Secure Digital Host Controller Interface driver
[    1.700620] sdhci: Copyright(c) Pierre Ossman
[    1.706207] Synopsys Designware Multimedia Card Interface Driver
[    1.713109] sdhci-pltfm: SDHCI platform and OF driver helper
[    1.719600] mmc0: Invalid maximum block size, assuming 512 bytes
[    1.752754] mmc0: SDHCI controller on c8000000.sdhci [c8000000.sdhci] using ADMA
[    1.760256] sdhci-tegra c8000600.sdhci: Got CD GPIO
[    1.765148] sdhci-tegra c8000600.sdhci: Got WP GPIO
[    1.770181] mmc1: Invalid maximum block size, assuming 512 bytes
[    1.802823] mmc1: SDHCI controller on c8000600.sdhci [c8000600.sdhci] using ADMA
[    1.811593] ledtrig-cpu: registered to indicate activity on CPUs
[    1.817922] usbcore: registered new interface driver usbhid
[    1.823496] usbhid: USB HID core driver
[    1.831760] NET: Registered protocol family 10
[    1.837036] sit: IPv6 over IPv4 tunneling driver
[    1.842144] NET: Registered protocol family 17
[    1.846604] can: controller area network core (rev 20120528 abi 9)
[    1.852835] NET: Registered protocol family 29
[    1.857271] can: raw protocol (rev 20120528)
[    1.861549] can: broadcast manager protocol (rev 20120528 t)
[    1.867211] can: netlink gateway (rev 20130117) max_hops=1
[    1.873045] Key type dns_resolver registered
[    1.877673] ThumbEE CPU extension supported.
[    1.881964] Registering SWP/SWPB emulation handler
[    1.891592] utmi_phy_clk_enable: timeout waiting for phy to stabilize
[    1.898064] tegra-ehci c5000000.usb: EHCI Host Controller
[    1.903484] tegra-ehci c5000000.usb: new USB bus registered, assigned bus number 2
[    1.911340] tegra-ehci c5000000.usb: irq 288, io mem 0xc5000000
[    1.927761] usb 1-1: new high-speed USB device number 2 using tegra-ehci
[    1.939730] mmc0: host does not support reading read-only switch, assuming write-enable
[    1.947782] tegra-ehci c5000000.usb: USB 2.0 started, EHCI 1.00
[    1.953838] mmc0: new high speed SDHC card at address b368
[    1.959723] mmcblk0: mmc0:b368 NCard 3.70 GiB 
[    1.959943] hub 2-0:1.0: USB hub found
[    1.959978] hub 2-0:1.0: 1 port detected
[    1.960880] input: gpio-keys as /devices/soc0/gpio-keys/input/input0
[    1.967977] rtc-em3027 2-0056: hctosys: unable to read the hardware clock
[    1.987034]  mmcblk0: p1
[    1.990649] EXT4-fs (mmcblk0p1): mounting ext3 file system using the ext4 subsystem
[    2.011599] mmc1: new high speed SD card at address b368
[    2.017345] mmcblk1: mmc1:b368 NCard 1.83 GiB (ro)
[    2.024701]  mmcblk1: p1 p2
[    2.076304] EXT4-fs (mmcblk0p1): recovery complete
[    2.081123] EXT4-fs (mmcblk0p1): mounted filesystem with ordered data mode. Opts: (null)
[    2.089237] VFS: Mounted root (ext3 filesystem) on device 179:1.
[    2.096569] hub 1-1:1.0: USB hub found
[    2.100468] hub 1-1:1.0: 4 ports detected
[    2.103933] devtmpfs: mounted
[    2.109858] Freeing unused kernel memory: 2048K (c1100000 - c1300000)
bash: cannot set terminal process group (-1): Inappropriate ioctl for device
bash: no job control in this shell
[    2.392883] usb 1-1.2: new high-speed USB device number 3 using tegra-ehci
root@(none):/# mount -t sysfs none /sys
root@(none):/# 
root@(none):/# mount -t debugfs none /sys/kernel/debug
root@(none):/# 
root@(none):/# rtcwake -d rtc1 -m mem -s 3
rtcwake: assuming RTC uses UTC ...
rtcwake: wakeup from "mem" using /dev/rtc1 at Thu Jan  1 00:00:22 1970
[    6.476442] PM: Syncing filesystems ... done.
[    6.522912] Freezing user space processes ... (elapsed 0.001 seconds) done.
[    6.531333] Freezing remaining freezable tasks ... (elapsed 0.001 seconds) done.
[    6.540427] Suspending console(s) (use no_console_suspend to debug)
[    6.575614] PM: suspend of devices complete after 26.244 msecs
[    6.579194] PM: late suspend of devices complete after 3.551 msecs
[    6.593379] PM: noirq suspend of devices complete after 14.155 msecs
[    6.593390] Disabling non-boot CPUs ...
[    6.595175] CPU1: shutdown
[    6.610970] Entering suspend state LP1
[    6.611019] Enabling non-boot CPUs ...
[    6.637040] CPU1 is up
[    6.637985] pcieport 0000:00:01.0: nv_msi_ht_cap_quirk didn't locate host bridge
[    6.653019] PM: noirq resume of devices complete after 15.945 msecs
[    6.656648] PM: early resume of devices complete after 2.883 msecs
[    6.721262] PM: resume of devices complete after 64.582 msecs
[    6.785390] Restarting tasks ... done.
root@(none):/# 
root@(none):/# rtcwake -d rtc1 -m mem -s 3
rtcwake: assuming RTC uses UTC ...
rtcwake: wakeup from "mem" using /dev/rtc1 at Thu Jan  1 00:00:26 1970
[    7.442780] PM: Syncing filesystems ... done.
[    7.488240] Freezing user space processes ... (elapsed 0.001 seconds) done.
[    7.496776] Freezing remaining freezable tasks ... (elapsed 0.001 seconds) done.
[    7.505859] Suspending console(s) (use no_console_suspend to debug)
[    7.534928] PM: suspend of devices complete after 20.157 msecs
[    7.538478] PM: late suspend of devices complete after 3.519 msecs
[    7.553310] PM: noirq suspend of devices complete after 14.800 msecs
[    7.553322] Disabling non-boot CPUs ...
[    7.555122] CPU1: shutdown
[    7.580959] Entering suspend state LP1
[    7.581008] Enabling non-boot CPUs ...
[    7.607010] CPU1 is up
[    7.608384] pcieport 0000:00:01.0: nv_msi_ht_cap_quirk didn't locate host bridge
[    7.622956] PM: noirq resume of devices complete after 15.912 msecs
[    7.626601] PM: early resume of devices complete after 2.901 msecs
[    7.696185] PM: resume of devices complete after 69.552 msecs
[    7.760276] Restarting tasks ... done.
root@(none):/# 
root@(none):/# rtcwake -d rtc1 -m mem -s 3
rtcwake: assuming RTC uses UTC ...
rtcwake: wakeup from "mem" using /dev/rtc1 at Thu Jan  1 00:00:30 1970
[    8.417787] PM: Syncing filesystems ... done.
[    8.463254] Freezing user space processes ... (elapsed 0.001 seconds) done.
[    8.471779] Freezing remaining freezable tasks ... (elapsed 0.001 seconds) done.
[    8.480859] Suspending console(s) (use no_console_suspend to debug)
[    8.509205] PM: suspend of devices complete after 19.438 msecs
[    8.512791] PM: late suspend of devices complete after 3.555 msecs
[    8.528250] PM: noirq suspend of devices complete after 15.428 msecs
[    8.528261] Disabling non-boot CPUs ...
[    8.530043] CPU1: shutdown
[    8.555834] Entering suspend state LP1
[    8.555884] Enabling non-boot CPUs ...
[    8.582017] CPU1 is up
[    8.583374] pcieport 0000:00:01.0: nv_msi_ht_cap_quirk didn't locate host bridge
[    8.597902] PM: noirq resume of devices complete after 15.850 msecs
[    8.601543] PM: early resume of devices complete after 2.908 msecs
[    8.670939] PM: resume of devices complete after 69.363 msecs
[    8.735036] Restarting tasks ... done.
root@(none):/# 
root@(none):/# rtcwake -d rtc1 -m mem -s 3
rtcwake: assuming RTC uses UTC ...
rtcwake: wakeup from "mem" using /dev/rtc1 at Thu Jan  1 00:00:34 1970
[    9.392781] PM: Syncing filesystems ... done.
[    9.438234] Freezing user space processes ... (elapsed 0.001 seconds) done.
[    9.446750] Freezing remaining freezable tasks ... (elapsed 0.001 seconds) done.
[    9.455832] Suspending console(s) (use no_console_suspend to debug)
[    9.489290] PM: suspend of devices complete after 24.520 msecs
[    9.492859] PM: late suspend of devices complete after 3.539 msecs
[    9.508185] PM: noirq suspend of devices complete after 15.295 msecs
[    9.508195] Disabling non-boot CPUs ...
[    9.510000] CPU1: shutdown
[    9.535807] Entering suspend state LP1
[    9.535855] Enabling non-boot CPUs ...
[    9.561950] CPU1 is up
[    9.562782] pcieport 0000:00:01.0: nv_msi_ht_cap_quirk didn't locate host bridge
[    9.577835] PM: noirq resume of devices complete after 15.853 msecs
[    9.581497] PM: early resume of devices complete after 2.931 msecs
[    9.648160] PM: resume of devices complete after 66.631 msecs
[    9.711608] Restarting tasks ... done.
root@(none):/# 
root@(none):/# rtcwake -d rtc1 -m mem -s 3
rtcwake: assuming RTC uses UTC ...
rtcwake: wakeup from "mem" using /dev/rtc1 at Thu Jan  1 00:00:38 1970
[   10.368259] PM: Syncing filesystems ... done.
[   10.413684] Freezing user space processes ... (elapsed 0.001 seconds) done.
[   10.422209] Freezing remaining freezable tasks ... (elapsed 0.001 seconds) done.
[   10.431287] Suspending console(s) (use no_console_suspend to debug)
[   10.459624] PM: suspend of devices complete after 19.461 msecs
[   10.463195] PM: late suspend of devices complete after 3.541 msecs
[   10.478141] PM: noirq suspend of devices complete after 14.916 msecs
[   10.478153] Disabling non-boot CPUs ...
[   10.479966] CPU1: shutdown
[   10.505747] Entering suspend state LP1
[   10.505796] Enabling non-boot CPUs ...
[   10.531863] CPU1 is up
[   10.533196] pcieport 0000:00:01.0: nv_msi_ht_cap_quirk didn't locate host bridge
[   10.547823] PM: noirq resume of devices complete after 15.926 msecs
[   10.551507] PM: early resume of devices complete after 2.931 msecs
[   10.620980] PM: resume of devices complete after 69.441 msecs
[   10.685097] Restarting tasks ... done.
root@(none):/# 
root@(none):/# rtcwake -d rtc1 -m mem -s 3
rtcwake: assuming RTC uses UTC ...
rtcwake: wakeup from "mem" using /dev/rtc1 at Thu Jan  1 00:00:42 1970
[   11.338134] PM: Syncing filesystems ... done.
[   11.370917] Freezing user space processes ... (elapsed 0.001 seconds) done.
[   11.379327] Freezing remaining freezable tasks ... (elapsed 0.001 seconds) done.
[   11.388225] Suspending console(s) (use no_console_suspend to debug)
[   11.414962] PM: suspend of devices complete after 18.634 msecs
[   11.418519] PM: late suspend of devices complete after 3.528 msecs
[   11.433080] PM: noirq suspend of devices complete after 14.530 msecs
[   11.433091] Disabling non-boot CPUs ...
[   11.434886] CPU1: shutdown
[   11.460694] Entering suspend state LP1
[   11.460743] Enabling non-boot CPUs ...
[   11.486805] CPU1 is up
[   11.488125] pcieport 0000:00:01.0: nv_msi_ht_cap_quirk didn't locate host bridge
[   11.502726] PM: noirq resume of devices complete after 15.886 msecs
[   11.506383] PM: early resume of devices complete after 2.924 msecs
[   11.575967] PM: resume of devices complete after 69.552 msecs
[   11.640059] Restarting tasks ... done.
root@(none):/# 
root@(none):/# rtcwake -d rtc1 -m mem -s 3
rtcwake: assuming RTC uses UTC ...
rtcwake: wakeup from "mem" using /dev/rtc1 at Thu Jan  1 00:00:46 1970
[   12.293008] PM: Syncing filesystems ... done.
[   12.325796] Freezing user space processes ... (elapsed 0.001 seconds) done.
[   12.334218] Freezing remaining freezable tasks ... (elapsed 0.001 seconds) done.
[   12.343116] Suspending console(s) (use no_console_suspend to debug)
[   12.369808] PM: suspend of devices complete after 18.584 msecs
[   12.373399] PM: late suspend of devices complete after 3.560 msecs
[   12.388015] PM: noirq suspend of devices complete after 14.585 msecs
[   12.388026] Disabling non-boot CPUs ...
[   12.389833] CPU1: shutdown
[   12.415617] Entering suspend state LP1
[   12.415666] Enabling non-boot CPUs ...
[   12.441690] CPU1 is up
[   12.443025] pcieport 0000:00:01.0: nv_msi_ht_cap_quirk didn't locate host bridge
[   12.457664] PM: noirq resume of devices complete after 15.939 msecs
[   12.461364] PM: early resume of devices complete after 2.947 msecs
[   12.530952] PM: resume of devices complete after 69.557 msecs
[   12.595047] Restarting tasks ... done.
root@(none):/# 
root@(none):/# rtcwake -d rtc1 -m mem -s 3
rtcwake: assuming RTC uses UTC ...
rtcwake: wakeup from "mem" using /dev/rtc1 at Thu Jan  1 00:00:50 1970
[   13.252103] PM: Syncing filesystems ... done.
[   13.297623] Freezing user space processes ... (elapsed 0.001 seconds) done.
[   13.306106] Freezing remaining freezable tasks ... (elapsed 0.001 seconds) done.
[   13.315233] Suspending console(s) (use no_console_suspend to debug)
[   13.349371] PM: suspend of devices complete after 25.236 msecs
[   13.353145] PM: late suspend of devices complete after 3.742 msecs
[   13.367954] PM: noirq suspend of devices complete after 14.779 msecs
[   13.367965] Disabling non-boot CPUs ...
[   13.369776] CPU1: shutdown
[   13.395548] Entering suspend state LP1
[   13.395597] Enabling non-boot CPUs ...
[   13.421721] CPU1 is up
[   13.423054] pcieport 0000:00:01.0: nv_msi_ht_cap_quirk didn't locate host bridge
[   13.437599] PM: noirq resume of devices complete after 15.845 msecs
[   13.441248] PM: early resume of devices complete after 2.931 msecs
[   13.510658] PM: resume of devices complete after 69.379 msecs
[   13.574779] Restarting tasks ... done.
root@(none):/# 
root@(none):/# rtcwake -d rtc1 -m mem -s 3
rtcwake: assuming RTC uses UTC ...
rtcwake: wakeup from "mem" using /dev/rtc1 at Thu Jan  1 00:00:54 1970
[   14.232197] PM: Syncing filesystems ... done.
[   14.277769] Freezing user space processes ... (elapsed 0.001 seconds) done.
[   14.286302] Freezing remaining freezable tasks ... (elapsed 0.001 seconds) done.
[   14.295387] Suspending console(s) (use no_console_suspend to debug)
[   14.324529] PM: suspend of devices complete after 20.236 msecs
[   14.328137] PM: late suspend of devices complete after 3.578 msecs
[   14.342890] PM: noirq suspend of devices complete after 14.723 msecs
[   14.342901] Disabling non-boot CPUs ...
[   14.344697] CPU1: shutdown
[   14.370475] Entering suspend state LP1
[   14.370525] Enabling non-boot CPUs ...
[   14.396585] CPU1 is up
[   14.397420] pcieport 0000:00:01.0: nv_msi_ht_cap_quirk didn't locate host bridge
[   14.412525] PM: noirq resume of devices complete after 15.908 msecs
[   14.416178] PM: early resume of devices complete after 2.933 msecs
[   14.485522] PM: resume of devices complete after 69.312 msecs
[   14.549642] Restarting tasks ... done.
root@(none):/# 
root@(none):/# rtcwake -d rtc1 -m mem -s 3
rtcwake: assuming RTC uses UTC ...
rtcwake: wakeup from "mem" using /dev/rtc1 at Thu Jan  1 00:00:58 1970
[   15.207176] PM: Syncing filesystems ... done.
[   15.252709] Freezing user space processes ... (elapsed 0.001 seconds) done.
[   15.261226] Freezing remaining freezable tasks ... (elapsed 0.001 seconds) done.
[   15.270331] Suspending console(s) (use no_console_suspend to debug)
[   15.298762] PM: suspend of devices complete after 19.516 msecs
[   15.302445] PM: late suspend of devices complete after 3.655 msecs
[   15.317843] PM: noirq suspend of devices complete after 15.366 msecs
[   15.317853] Disabling non-boot CPUs ...
[   15.319775] CPU1: shutdown
[   15.345409] Entering suspend state LP1
[   15.345458] Enabling non-boot CPUs ...
[   15.371536] CPU1 is up
[   15.372990] pcieport 0000:00:01.0: nv_msi_ht_cap_quirk didn't locate host bridge
[   15.387497] PM: noirq resume of devices complete after 15.926 msecs
[   15.391118] PM: early resume of devices complete after 2.880 msecs
[   15.460764] PM: resume of devices complete after 69.614 msecs
[   15.524914] Restarting tasks ... done.
root@(none):/# 
root@(none):/# NVTB SYSTEM SUSPEND TEST COMPLETE
