
U-Boot SPL 2014.07-00097-g772e173 (Jul 25 2014 - 20:02:52)


U-Boot 2014.07-00097-g772e173 (Jul 25 2014 - 20:02:52)

TEGRA124
Board: NVIDIA Jetson TK1
I2C:   ready
DRAM:  2 GiB
MMC:   Tegra SD/MMC: 0, Tegra SD/MMC: 1
In:    serial
Out:   serial
Err:   serial
Net:   Net Initialization Skipped
No ethernet found.
Hit any key to stop autoboot:  2  0 
Tegra124 (Jetson TK1) # 
Tegra124 (Jetson TK1) # usb reset
(Re)start USB...
USB0:   USB EHCI 1.10
scanning bus 0 for devices... 1 USB Device(s) found
USB1:   USB EHCI 1.10
scanning bus 1 for devices... 2 USB Device(s) found
       scanning usb for storage devices... 0 Storage Device(s) found
       scanning usb for ethernet devices... 
Warning: asx0 using MAC address from net device
1 Ethernet Device(s) found
Tegra124 (Jetson TK1) # setenv bootargs 'ignore_loglevel console=ttyS0,115200n8 rw root=/dev/mmcblk0p1 rootwait gpt debug noinitrd earlyprintk init=/bin/bash'
Tegra124 (Jetson TK1) # setenv ipaddr 192.168.100.102; setenv serverip 192.168.100.1; setenv tftpserverip 192.168.100.1
Tegra124 (Jetson TK1) # tftpboot 0x82000000 zImage.multi_v7_defconfig
Using asx0 device
TFTP from server 192.168.100.1; our IP address is 192.168.100.102
Filename 'zImage.multi_v7_defconfig'.
Load address: 0x82000000
Loading: *#################################################################
	 #################################################################
	 #################################################################
	 #################################################################
	 #################################################################
	 #################################################################
	 #################################################################
	 #######
	 3.3 MiB/s
done
Bytes transferred = 6778736 (676f70 hex)
Tegra124 (Jetson TK1) # tftpboot 0x83000000 tegra124-jetson-tk1.dtb
Using asx0 device
TFTP from server 192.168.100.1; our IP address is 192.168.100.102
Filename 'tegra124-jetson-tk1.dtb'.
Load address: 0x83000000
Loading: *#####
	 2.9 MiB/s
done
Bytes transferred = 64138 (fa8a hex)
Tegra124 (Jetson TK1) # bootz 0x82000000 - 0x83000000
Kernel image @ 0x82000000 [ 0x000000 - 0x676f70 ]
## Flattened Device Tree blob at 83000000
   Booting using the fdt blob at 0x83000000
   Using Device Tree in place at 83000000, end 83012a89

Starting kernel ...

[    0.000000] Booting Linux on physical CPU 0x0
[    0.000000] Linux version 4.5.0-rc3-67635-g388f7b1 (pwalmsley@sellafield) (gcc version 4.7.3 20130328 (prerelease) (crosstool-NG linaro-1.13.1-4.7-2013.04-20130415 - Linaro GCC 2013.04) ) #1 SMP Mon Feb 8 03:33:08 PST 2016
[    0.000000] CPU: ARMv7 Processor [413fc0f3] revision 3 (ARMv7), cr=10c5387d
[    0.000000] CPU: div instructions available: patching division code
[    0.000000] CPU: PIPT / VIPT nonaliasing data cache, PIPT instruction cache
[    0.000000] Machine model: NVIDIA Tegra124 Jetson TK1
[    0.000000] debug: ignoring loglevel setting.
[    0.000000] cma: Reserved 64 MiB at 0xfb800000
[    0.000000] Memory policy: Data cache writealloc
[    0.000000] On node 0 totalpages: 524032
[    0.000000] free_area_init_node: node 0, pgdat c106e5c0, node_mem_map eeff8000
[    0.000000]   DMA zone: 1536 pages used for memmap
[    0.000000]   DMA zone: 0 pages reserved
[    0.000000]   DMA zone: 196608 pages, LIFO batch:31
[    0.000000]   HighMem zone: 327424 pages, LIFO batch:31
[    0.000000] PERCPU: Embedded 12 pages/cpu @eef8f000 s18880 r8192 d22080 u49152
[    0.000000] pcpu-alloc: s18880 r8192 d22080 u49152 alloc=12*4096
[    0.000000] pcpu-alloc: [0] 0 [0] 1 [0] 2 [0] 3 
[    0.000000] Built 1 zonelists in Zone order, mobility grouping on.  Total pages: 522496
[    0.000000] Kernel command line: ignore_loglevel console=ttyS0,115200n8 rw root=/dev/mmcblk0p1 rootwait gpt debug noinitrd earlyprintk init=/bin/bash
[    0.000000] PID hash table entries: 4096 (order: 2, 16384 bytes)
[    0.000000] Dentry cache hash table entries: 131072 (order: 7, 524288 bytes)
[    0.000000] Inode-cache hash table entries: 65536 (order: 6, 262144 bytes)
[    0.000000] Memory: 1997792K/2096128K available (8495K kernel code, 1113K rwdata, 4040K rodata, 1100K init, 345K bss, 32800K reserved, 65536K cma-reserved, 1244160K highmem)
[    0.000000] Virtual kernel memory layout:
[    0.000000]     vector  : 0xffff0000 - 0xffff1000   (   4 kB)
[    0.000000]     fixmap  : 0xffc00000 - 0xfff00000   (3072 kB)
[    0.000000]     vmalloc : 0xf0800000 - 0xff800000   ( 240 MB)
[    0.000000]     lowmem  : 0xc0000000 - 0xf0000000   ( 768 MB)
[    0.000000]     pkmap   : 0xbfe00000 - 0xc0000000   (   2 MB)
[    0.000000]     modules : 0xbf000000 - 0xbfe00000   (  14 MB)
[    0.000000]       .text : 0xc0208000 - 0xc0e46d00   (12540 kB)
[    0.000000]       .init : 0xc0e47000 - 0xc0f5a000   (1100 kB)
[    0.000000]       .data : 0xc0f5a000 - 0xc1070580   (1114 kB)
[    0.000000]        .bss : 0xc1073000 - 0xc10c95e0   ( 346 kB)
[    0.000000] SLUB: HWalign=64, Order=0-3, MinObjects=0, CPUs=4, Nodes=1
[    0.000000] Hierarchical RCU implementation.
[    0.000000] 	Build-time adjustment of leaf fanout to 32.
[    0.000000] 	RCU restricting CPUs from NR_CPUS=16 to nr_cpu_ids=4.
[    0.000000] RCU: Adjusting geometry for rcu_fanout_leaf=32, nr_cpu_ids=4
[    0.000000] NR_IRQS:16 nr_irqs:16 16
[    0.000000] /interrupt-controller@60004000: 160 interrupts forwarded to /interrupt-controller@0,50041000
[    0.000000] L2C: failed to init: -19
[    0.000000] Tegra clk 127: register failed with -17
[    0.000008] sched_clock: 32 bits at 1000kHz, resolution 1000ns, wraps every 2147483647500ns
[    0.000031] clocksource: timer_us: mask: 0xffffffff max_cycles: 0xffffffff, max_idle_ns: 1911260446275 ns
[    0.000045] Switching to timer-based delay loop, resolution 1000ns
[    0.005038] Architected cp15 timer(s) running at 12.00MHz (virt).
[    0.005056] clocksource: arch_sys_counter: mask: 0xffffffffffffff max_cycles: 0x2c47f4ee7, max_idle_ns: 440795202497 ns
[    0.005075] sched_clock: 56 bits at 12MHz, resolution 83ns, wraps every 4398046511096ns
[    0.005087] Switching to timer-based delay loop, resolution 83ns
[    0.005524] Console: colour dummy device 80x30
[    0.005549] Calibrating delay loop (skipped), value calculated using timer frequency.. 24.00 BogoMIPS (lpj=60000)
[    0.005563] pid_max: default: 32768 minimum: 301
[    0.005670] Mount-cache hash table entries: 2048 (order: 1, 8192 bytes)
[    0.005681] Mountpoint-cache hash table entries: 2048 (order: 1, 8192 bytes)
[    0.006263] CPU: Testing write buffer coherency: ok
[    0.006480] /cpus/cpu@0 missing clock-frequency property
[    0.006518] /cpus/cpu@1 missing clock-frequency property
[    0.006555] /cpus/cpu@2 missing clock-frequency property
[    0.006593] /cpus/cpu@3 missing clock-frequency property
[    0.006605] CPU0: thread -1, cpu 0, socket 0, mpidr 80000000
[    0.006653] Setting up static identity map for 0x80209000 - 0x80209098
[    0.009710] Tegra Revision: A01 SKU: 129 CPU Process: 1 SoC Process: 1
[    0.011067] CPU1: thread -1, cpu 1, socket 0, mpidr 80000001
[    0.011665] CPU2: thread -1, cpu 2, socket 0, mpidr 80000002
[    0.012253] CPU3: thread -1, cpu 3, socket 0, mpidr 80000003
[    0.012319] Brought up 4 CPUs
[    0.012339] SMP: Total of 4 processors activated (96.00 BogoMIPS).
[    0.012347] CPU: All CPU(s) started in SVC mode.
[    0.013773] devtmpfs: initialized
[    0.031487] VFP support v0.3: implementor 41 architecture 4 part 30 variant f rev 0
[    0.032244] clocksource: jiffies: mask: 0xffffffff max_cycles: 0xffffffff, max_idle_ns: 9556302231375000 ns
[    0.033816] pinctrl core: initialized pinctrl subsystem
[    0.035549] NET: Registered protocol family 16
[    0.037644] DMA: preallocated 256 KiB pool for atomic coherent allocations
[    0.049835] cpuidle: using governor menu
[    0.066863] No ATAGs?
[    0.066898] hw-breakpoint: found 5 (+1 reserved) breakpoint and 4 watchpoint registers.
[    0.066908] hw-breakpoint: maximum watchpoint size is 8 bytes.
[    0.072822] Serial: AMBA PL011 UART driver
[    0.105654] +USB0_VBUS_SW: Failed to request enable GPIO108: -517
[    0.105769] reg-fixed-voltage regulators:regulator@7: Failed to register regulator: -517
[    0.105978] +5V_USB_HS: Failed to request enable GPIO109: -517
[    0.106083] reg-fixed-voltage regulators:regulator@8: Failed to register regulator: -517
[    0.106367] +1.05V_RUN_AVDD_HDMI_PLL: Failed to request enable GPIO63: -517
[    0.106472] reg-fixed-voltage regulators:regulator@11: Failed to register regulator: -517
[    0.106677] +5V_HDMI_CON: Failed to request enable GPIO86: -517
[    0.106779] reg-fixed-voltage regulators:regulator@12: Failed to register regulator: -517
[    0.106983] +5V_SATA: Failed to request enable GPIO242: -517
[    0.107085] reg-fixed-voltage regulators:regulator@13: Failed to register regulator: -517
[    0.107288] +12V_SATA: Failed to request enable GPIO242: -517
[    0.107390] reg-fixed-voltage regulators:regulator@14: Failed to register regulator: -517
[    0.110963] vgaarb: loaded
[    0.111972] SCSI subsystem initialized
[    0.112147] libata version 3.00 loaded.
[    0.112449] usbcore: registered new interface driver usbfs
[    0.112512] usbcore: registered new interface driver hub
[    0.112587] usbcore: registered new device driver usb
[    0.116281] pps_core: LinuxPPS API ver. 1 registered
[    0.116291] pps_core: Software ver. 5.3.6 - Copyright 2005-2007 Rodolfo Giometti <giometti@linux.it>
[    0.116321] PTP clock support registered
[    0.116556] EDAC MC: Ver: 3.0.0
[    0.119735] clocksource: Switched to clocksource arch_sys_counter
[    0.131248] NET: Registered protocol family 2
[    0.131764] TCP established hash table entries: 8192 (order: 3, 32768 bytes)
[    0.131862] TCP bind hash table entries: 8192 (order: 4, 65536 bytes)
[    0.132049] TCP: Hash tables configured (established 8192 bind 8192)
[    0.132100] UDP hash table entries: 512 (order: 2, 16384 bytes)
[    0.132141] UDP-Lite hash table entries: 512 (order: 2, 16384 bytes)
[    0.132315] NET: Registered protocol family 1
[    0.132564] RPC: Registered named UNIX socket transport module.
[    0.132573] RPC: Registered udp transport module.
[    0.132580] RPC: Registered tcp transport module.
[    0.132587] RPC: Registered tcp NFSv4.1 backchannel transport module.
[    0.132605] PCI: CLS 0 bytes, default 64
[    0.133606] hw perfevents: enabled with armv7_cortex_a15 PMU driver, 7 counters available
[    0.135152] futex hash table entries: 1024 (order: 4, 65536 bytes)
[    0.147386] squashfs: version 4.0 (2009/01/31) Phillip Lougher
[    0.148286] NFS: Registering the id_resolver key type
[    0.148318] Key type id_resolver registered
[    0.148326] Key type id_legacy registered
[    0.148396] ntfs: driver 2.1.32 [Flags: R/O].
[    0.149791] bounce: pool size: 64 pages
[    0.149998] Block layer SCSI generic (bsg) driver version 0.4 loaded (major 249)
[    0.150016] io scheduler noop registered
[    0.150030] io scheduler deadline registered
[    0.150068] io scheduler cfq registered (default)
[    0.169984] tegra-pcie 1003000.pcie-controller: 2x1, 1x1 configuration
[    0.170037] tegra-pcie 1003000.pcie-controller: Failed to get supply 'avddio-pex': -517
[    0.177453] tegra-apbdma 60020000.dma: Tegra20 APB DMA driver register 32 channels
[    0.179111] tegra-pmc 7000e400.pmc: emergency thermal reset enabled
[    0.242100] Serial: 8250/16550 driver, 4 ports, IRQ sharing disabled
[    0.245082] console [ttyS0] disabled
[    0.245116] 70006300.serial: ttyS0 at MMIO 0x70006300 (irq = 331, base_baud = 25500000) is a Tegra
[    1.062837] console [ttyS0] enabled
[    1.067229] SuperH (H)SCI(F) driver initialized
[    1.072803] msm_serial: driver initialized
[    1.077119] STMicroelectronics ASC driver initialized
[    1.084712] [drm] Initialized drm 1.1.0 20060810
[    1.091357] tegra-hdmi 54280000.hdmi: failed to get HDMI regulator
[    1.110487] brd: module loaded
[    1.119473] loop: module loaded
[    1.123031] at24 0-0056: 256 byte 24c02 EEPROM, writable, 8 bytes/write
[    1.131360] as3722 4-0040: AS3722 with revision 0x1 found
[    1.154610] +5V_SYS: supplied by +VDD_MUX
[    1.158679] +1.05V_RUN: supplied by +5V_SYS
[    1.162997] tegra-ahci 70027000.sata: Failed to get supply 'hvdd': -517
[    1.169670] tegra-ahci 70027000.sata: Failed to get regulators
[    1.181076] m25p80 spi32765.0: w25q32dw (4096 Kbytes)
[    1.189600] libphy: Fixed MDIO Bus: probed
[    1.194449] CAN device driver interface
[    1.200458] igb: Intel(R) Gigabit Ethernet Network Driver - version 5.3.0-k
[    1.207425] igb: Copyright (c) 2007-2014 Intel Corporation.
[    1.216416] pegasus: v0.9.3 (2013/04/25), Pegasus/Pegasus II USB Ethernet driver
[    1.223871] usbcore: registered new interface driver pegasus
[    1.229601] usbcore: registered new interface driver asix
[    1.235057] usbcore: registered new interface driver ax88179_178a
[    1.241209] usbcore: registered new interface driver cdc_ether
[    1.247116] usbcore: registered new interface driver smsc75xx
[    1.252935] usbcore: registered new interface driver smsc95xx
[    1.258735] usbcore: registered new interface driver net1080
[    1.264449] usbcore: registered new interface driver cdc_subset
[    1.270421] usbcore: registered new interface driver zaurus
[    1.276080] usbcore: registered new interface driver cdc_ncm
[    1.282001] tegra-phy 7d004000.usb-phy: no vbus regulator
[    1.289381] ehci_hcd: USB 2.0 'Enhanced' Host Controller (EHCI) Driver
[    1.295924] ehci-pci: EHCI PCI platform driver
[    1.300428] ehci-platform: EHCI generic platform driver
[    1.305879] ehci-omap: OMAP-EHCI Host Controller driver
[    1.311260] ehci-orion: EHCI orion driver
[    1.315429] SPEAr-ehci: EHCI SPEAr driver
[    1.319584] ehci-st: EHCI STMicroelectronics driver
[    1.324623] ehci-exynos: EHCI EXYNOS driver
[    1.328985] ehci-atmel: EHCI Atmel driver
[    1.333156] tegra-ehci: Tegra EHCI driver
[    1.337510] tegra-ehci 7d004000.usb: EHCI Host Controller
[    1.342940] tegra-ehci 7d004000.usb: new USB bus registered, assigned bus number 1
[    1.350685] tegra-ehci 7d004000.usb: irq 348, io mem 0x7d004000
[    1.364757] tegra-ehci 7d004000.usb: USB 2.0 started, EHCI 1.10
[    1.371527] hub 1-0:1.0: USB hub found
[    1.375338] hub 1-0:1.0: 1 port detected
[    1.379891] ohci_hcd: USB 1.1 'Open' Host Controller (OHCI) Driver
[    1.386093] ohci-pci: OHCI PCI platform driver
[    1.390603] ohci-platform: OHCI generic platform driver
[    1.396021] ohci-omap3: OHCI OMAP3 driver
[    1.400192] SPEAr-ohci: OHCI SPEAr driver
[    1.404349] ohci-st: OHCI STMicroelectronics driver
[    1.409390] ohci-atmel: OHCI Atmel driver
[    1.414006] usbcore: registered new interface driver usb-storage
[    1.421666] mousedev: PS/2 mouse device common for all mice
[    1.430870] as3722-rtc as3722-rtc: rtc core: registered as3722-rtc as rtc0
[    1.437756] as3722-rtc as3722-rtc: RTC interrupt 371
[    1.446103] tegra_rtc 7000e000.rtc: rtc core: registered 7000e000.rtc as rtc1
[    1.453288] tegra_rtc 7000e000.rtc: Tegra internal Real Time Clock
[    1.460098] i2c /dev entries driver
[    1.469741] 0-004c supply vcc not found, using dummy regulator
[    1.483597] sdhci: Secure Digital Host Controller Interface driver
[    1.489798] sdhci: Copyright(c) Pierre Ossman
[    1.495855] Synopsys Designware Multimedia Card Interface Driver
[    1.503076] sdhci-pltfm: SDHCI platform and OF driver helper
[    1.509525] sdhci-tegra 700b0400.sdhci: Got CD GPIO
[    1.514431] sdhci-tegra 700b0400.sdhci: Got WP GPIO
[    1.519367] mmc0: Unknown controller version (3). You may experience problems.
[    1.526903] mmc0: Unknown controller version (3). You may experience problems.
[    1.534280] mmc0: Invalid maximum block size, assuming 512 bytes
[    1.574755] mmc0: SDHCI controller on 700b0600.sdhci [700b0600.sdhci] using ADMA 64-bit
[    1.584535] ledtrig-cpu: registered to indicate activity on CPUs
[    1.590775] usbcore: registered new interface driver usbhid
[    1.596356] usbhid: USB HID core driver
[    1.608766] NET: Registered protocol family 10
[    1.613949] sit: IPv6 over IPv4 tunneling driver
[    1.619337] NET: Registered protocol family 17
[    1.623811] can: controller area network core (rev 20120528 abi 9)
[    1.630066] NET: Registered protocol family 29
[    1.634510] can: raw protocol (rev 20120528)
[    1.638796] can: broadcast manager protocol (rev 20120528 t)
[    1.644479] can: netlink gateway (rev 20130117) max_hops=1
[    1.650379] Key type dns_resolver registered
[    1.655328] ThumbEE CPU extension supported.
[    1.659608] Registering SWP/SWPB emulation handler
[    1.676428] tegra-pcie 1003000.pcie-controller: 2x1, 1x1 configuration
[    1.683391] +3.3V_SYS: supplied by +VDD_MUX
[    1.687692] +3.3V_LP0: supplied by +3.3V_SYS
[    1.692406] +1.35V_LP0(sd2): supplied by +5V_SYS
[    1.697162] +1.05V_RUN_AVDD: supplied by +1.35V_LP0(sd2)
[    1.705045] tegra-pcie 1003000.pcie-controller: probing port 0, using 2 lanes
[    1.714374] tegra-pcie 1003000.pcie-controller: Slot present pin change, signature: 00000008
[    1.739525] mmc0: MAN_BKOPS_EN bit is not set
[    1.757857] mmc0: new HS200 MMC card at address 0001
[    1.763753] mmcblk0: mmc0:0001 SEM16G 14.7 GiB 
[    1.769027] mmcblk0boot0: mmc0:0001 SEM16G partition 1 4.00 MiB
[    1.775681] mmcblk0boot1: mmc0:0001 SEM16G partition 2 4.00 MiB
[    1.782312] mmcblk0rpmb: mmc0:0001 SEM16G partition 3 4.00 MiB
[    1.791597] Primary GPT is invalid, using alternate GPT.
[    1.796956]  mmcblk0: p1 p2 p3 p4 p5 p6 p7 p8 p9
[    2.133587] tegra-pcie 1003000.pcie-controller: link 0 down, retrying
[    2.562358] tegra-pcie 1003000.pcie-controller: link 0 down, retrying
[    2.991192] tegra-pcie 1003000.pcie-controller: link 0 down, retrying
[    2.999774] tegra-pcie 1003000.pcie-controller: link 0 down, ignoring
[    3.006264] tegra-pcie 1003000.pcie-controller: probing port 1, using 1 lanes
[    3.015571] tegra-pcie 1003000.pcie-controller: Slot present pin change, signature: 00000000
[    3.435763] tegra-pcie 1003000.pcie-controller: link 1 down, retrying
[    3.864537] tegra-pcie 1003000.pcie-controller: link 1 down, retrying
[    4.293330] tegra-pcie 1003000.pcie-controller: link 1 down, retrying
[    4.301908] tegra-pcie 1003000.pcie-controller: link 1 down, ignoring
[    4.308623] tegra-pcie 1003000.pcie-controller: PCI host bridge to bus 0000:00
[    4.315857] pci_bus 0000:00: root bus resource [mem 0x13000000-0x1fffffff]
[    4.322739] pci_bus 0000:00: root bus resource [mem 0x20000000-0x3fffffff pref]
[    4.330052] pci_bus 0000:00: root bus resource [bus 00-ff]
[    4.335544] pci_bus 0000:00: root bus resource [io  0x1000-0xffff]
[    4.341755] PCI: bus0: Fast back to back transfers enabled
[    4.348180] +5V_HDMI_CON: supplied by +5V_SYS
[    4.352677] +1.05V_RUN_AVDD_HDMI_PLL: supplied by +1.05V_RUN
[    4.358488] +3.3V_RUN: supplied by +3.3V_SYS
[    4.362803] +3.3V_AVDD_HDMI_AP_GATED: supplied by +3.3V_RUN
[    4.370489] [drm] Supports vblank timestamp caching Rev 2 (21.10.2013).
[    4.377146] [drm] No driver support for vblank timestamp query.
[    4.480436] tegra-hdmi 54280000.hdmi: cannot set audio to 44100 at 297000000 pclk
[    4.632413] Console: switching to colour frame buffer device 512x135
[    4.727564] drm drm: fb0:  frame buffer device
[    4.744871] [drm] Initialized tegra 0.0.0 20120330 on minor 0
[    4.751943] +5V_SATA: supplied by +5V_SYS
[    4.756110] +12V_SATA: supplied by +VDD_MUX
[    4.761078] tegra-ahci 70027000.sata: AHCI 0001.0301 32 slots 2 ports 3 Gbps 0x1 impl platform mode
[    4.770154] tegra-ahci 70027000.sata: flags: 64bit ncq sntf pm led pio slum part sadm sds apst 
[    4.779022] ------------[ cut here ]------------
[    4.783657] WARNING: CPU: 2 PID: 6 at kernel/workqueue.c:2361 check_flush_dependency+0xc8/0x124()
[    4.792528] workqueue: WQ_MEM_RECLAIM deferwq:deferred_probe_work_func is flushing !WQ_MEM_RECLAIM events:lru_add_drain_per_cpu
[    4.803809] Modules linked in:
[    4.807054] CPU: 2 PID: 6 Comm: kworker/u8:0 Not tainted 4.5.0-rc3-67635-g388f7b1 #1
[    4.814783] Hardware name: NVIDIA Tegra SoC (Flattened Device Tree)
[    4.821055] Workqueue: deferwq deferred_probe_work_func
[    4.826304] [<c02188b0>] (unwind_backtrace) from [<c0213f90>] (show_stack+0x10/0x14)
[    4.834045] [<c0213f90>] (show_stack) from [<c0488438>] (dump_stack+0x84/0xa4)
[    4.841265] [<c0488438>] (dump_stack) from [<c024ab38>] (warn_slowpath_common+0x74/0xb0)
[    4.849347] [<c024ab38>] (warn_slowpath_common) from [<c024ac08>] (warn_slowpath_fmt+0x30/0x40)
[    4.858038] [<c024ac08>] (warn_slowpath_fmt) from [<c025dc44>] (check_flush_dependency+0xc8/0x124)
[    4.867004] [<c025dc44>] (check_flush_dependency) from [<c025dd58>] (flush_work+0x54/0x144)
[    4.875352] [<c025dd58>] (flush_work) from [<c02da2e0>] (lru_add_drain_all+0x124/0x180)
[    4.883349] [<c02da2e0>] (lru_add_drain_all) from [<c030bcfc>] (migrate_prep+0x8/0x10)
[    4.891259] [<c030bcfc>] (migrate_prep) from [<c02d52f8>] (alloc_contig_range+0xc4/0x2f8)
[    4.899427] [<c02d52f8>] (alloc_contig_range) from [<c030d628>] (cma_alloc+0xd8/0x1a0)
[    4.907352] [<c030d628>] (cma_alloc) from [<c021e39c>] (__alloc_from_contiguous+0x38/0xdc)
[    4.915610] [<c021e39c>] (__alloc_from_contiguous) from [<c021ff8c>] (__dma_alloc+0x21c/0x250)
[    4.924211] [<c021ff8c>] (__dma_alloc) from [<c0220044>] (arm_dma_alloc+0x48/0x54)
[    4.931776] [<c0220044>] (arm_dma_alloc) from [<c0669d38>] (dmam_alloc_coherent+0x8c/0xf0)
[    4.940034] [<c0669d38>] (dmam_alloc_coherent) from [<c06c4818>] (ahci_port_start+0xd0/0x1e0)
[    4.948569] [<c06c4818>] (ahci_port_start) from [<c06ac6c0>] (ata_host_start+0xf8/0x1d4)
[    4.956654] [<c06ac6c0>] (ata_host_start) from [<c06b15dc>] (ata_host_activate+0x20/0x134)
[    4.964907] [<c06b15dc>] (ata_host_activate) from [<c06c3c94>] (ahci_host_activate+0x3c/0x11c)
[    4.973507] [<c06c3c94>] (ahci_host_activate) from [<c06c5bd8>] (ahci_platform_init_host+0x1cc/0x3c8)
[    4.982715] [<c06c5bd8>] (ahci_platform_init_host) from [<c06c7e3c>] (tegra_ahci_probe+0x404/0x4c4)
[    4.991772] [<c06c7e3c>] (tegra_ahci_probe) from [<c0658c14>] (platform_drv_probe+0x50/0xb0)
[    5.000206] [<c0658c14>] (platform_drv_probe) from [<c0657580>] (driver_probe_device+0x1f4/0x2b0)
[    5.009070] [<c0657580>] (driver_probe_device) from [<c0655b10>] (bus_for_each_drv+0x44/0x8c)
[    5.017585] [<c0655b10>] (bus_for_each_drv) from [<c0657304>] (__device_attach+0x9c/0x100)
[    5.025860] [<c0657304>] (__device_attach) from [<c0656990>] (bus_probe_device+0x84/0x8c)
[    5.034030] [<c0656990>] (bus_probe_device) from [<c0656dc4>] (deferred_probe_work_func+0x60/0x8c)
[    5.042981] [<c0656dc4>] (deferred_probe_work_func) from [<c025eba0>] (process_one_work+0x134/0x338)
[    5.052103] [<c025eba0>] (process_one_work) from [<c025ee08>] (worker_thread+0x2c/0x4f0)
[    5.060186] [<c025ee08>] (worker_thread) from [<c0263f94>] (kthread+0xd8/0xf4)
[    5.067408] [<c0263f94>] (kthread) from [<c0210e78>] (ret_from_fork+0x14/0x3c)
[    5.074623] ---[ end trace adaffe2fda510429 ]---
[    5.081669] scsi host0: tegra-ahci
[    5.085980] scsi host1: tegra-ahci
[    5.089760] ata1: SATA max UDMA/133 mmio [mem 0x70027000-0x70028fff] port 0x100 irq 341
[    5.097768] ata2: DUMMY
[    5.101661] +5V_USB_HS: supplied by +5V_SYS
[    5.107451] tegra-ehci 7d008000.usb: EHCI Host Controller
[    5.112919] tegra-ehci 7d008000.usb: new USB bus registered, assigned bus number 2
[    5.120688] tegra-ehci 7d008000.usb: irq 349, io mem 0x7d008000
[    5.134855] tegra-ehci 7d008000.usb: USB 2.0 started, EHCI 1.10
[    5.141972] hub 2-0:1.0: USB hub found
[    5.145859] hub 2-0:1.0: 1 port detected
[    5.151654] cpu: dev_pm_opp_of_cpumask_add_table: couldn't find opp table for cpu:0, -19
[    5.159908] cpufreq: cpufreq_online: CPU0: Running at unlisted freq: 696000 KHz
[    5.167265] cpufreq: cpufreq_online: CPU0: Unlisted initial frequency changed to: 714000 KHz
[    5.176535] sdhci-tegra 700b0400.sdhci: Got CD GPIO
[    5.181411] sdhci-tegra 700b0400.sdhci: Got WP GPIO
[    5.186343] mmc1: Unknown controller version (3). You may experience problems.
[    5.193679] +VDDIO_SDMMC3: supplied by +3.3V_RUN
[    5.198356] mmc1: Invalid maximum block size, assuming 512 bytes
[    5.240020] mmc1: SDHCI controller on 700b0400.sdhci [700b0400.sdhci] using ADMA 64-bit
[    5.249587] input: gpio-keys as /devices/soc0/gpio-keys/input/input0
[    5.256927] as3722-rtc as3722-rtc: setting system clock to 2000-01-01 00:00:18 UTC (946684818)
[    5.269283] +1.8V_RUN_CAM: disabling
[    5.273065] +2.8V_RUN_CAM: disabling
[    5.276847] +1.2V_RUN_CAM_FRONT: disabling
[    5.281114] +1.05V_RUN_CAM_REAR: disabling
[    5.285376] +3.3V_RUN_TOUCH: disabling
[    5.289272] +2.8V_RUN_CAM_AF: disabling
[    5.293316] +1.8V_RUN_VPP_FUSE: disabling
[    5.297493] +USB0_VBUS_SW: disabling
[    5.412463] ata1: SATA link down (SStatus 0 SControl 300)
[    5.418820] EXT4-fs (mmcblk0p1): couldn't mount as ext3 due to feature incompatibilities
[    5.427542] EXT4-fs (mmcblk0p1): couldn't mount as ext2 due to feature incompatibilities
[    5.464541] EXT4-fs (mmcblk0p1): recovery complete
[    5.469377] usb 2-1: new high-speed USB device number 2 using tegra-ehci
[    5.476144] EXT4-fs (mmcblk0p1): mounted filesystem with ordered data mode. Opts: (null)
[    5.484303] VFS: Mounted root (ext4 filesystem) on device 179:1.
[    5.492779] devtmpfs: mounted
[    5.496236] Freeing unused kernel memory: 1100K (c0e47000 - c0f5a000)
bash: cannot set terminal process group (-1): Inappropriate ioctl for device
bash: no job control in this shell
root@(none):/# 