 parameters from FDT:
[    0.000000] efi: UEFI not found.
[    0.000000] cma: Reserved 16 MiB at 0x00000000f5400000
[    0.000000] earlycon: uart0 at MMIO 0x0000000070006000 (options '115200n8')
[    0.000000] bootconsole [uart0] enabled
[    0.000000] psci: probing for conduit method from DT.
[    0.000000] psci: PSCIv1.0 detected in firmware.
[    0.000000] psci: Using standard PSCI v0.2 function IDs
[    0.000000] psci: MIGRATE_INFO_UP_CPU reported invalid physical ID (0x80000000)
[    0.000000] percpu: Embedded 21 pages/cpu @ffff8000bff4d000 s48000 r8192 d29824 u86016
[    0.000000] Detected PIPT I-cache on CPU0
[    0.000000] CPU features: enabling workaround for ARM erratum 832075
[    0.000000] CPU features: enabling workaround for ARM erratum 834220
[    0.000000] Built 1 zonelists in Zone order, mobility grouping on.  Total pages: 735336
[    0.000000] Kernel command line: cros_secure vpr=0x08000000@0xf6800000 earlycon
[    0.000000] log_buf_len individual max cpu contribution: 4096 bytes
[    0.000000] log_buf_len total cpu_extra contributions: 12288 bytes
[    0.000000] log_buf_len min size: 16384 bytes
[    0.000000] log_buf_len: 32768 bytes
[    0.000000] early log buf free: 14424(88%)
[    0.000000] PID hash table entries: 4096 (order: 3, 32768 bytes)
[    0.000000] Dentry cache hash table entries: 524288 (order: 10, 4194304 bytes)
[    0.000000] Inode-cache hash table entries: 262144 (order: 9, 2097152 bytes)
[    0.000000] software IO TLB [mem 0xf1400000-0xf5400000] (64MB) mapped at [ffff800071400000-ffff8000753fffff]
[    0.000000] Memory: 2832756K/2988032K available (8252K kernel code, 858K rwdata, 3904K rodata, 1024K init, 281K bss, 138892K reserved, 16384K cma-reserved)
[    0.000000] Virtual kernel memory layout:
[    0.000000]     modules : 0xffff000000000000 - 0xffff000008000000   (   128 MB)
[    0.000000]     vmalloc : 0xffff000008000000 - 0xffff7dffbfff0000   (129022 GB)
[    0.000000]       .text : 0xffff000008080000 - 0xffff000008890000   (  8256 KB)
[    0.000000]     .rodata : 0xffff000008890000 - 0xffff000008c70000   (  3968 KB)
[    0.000000]       .init : 0xffff000008c70000 - 0xffff000008d70000   (  1024 KB)
[    0.000000]       .data : 0xffff000008d70000 - 0xffff000008e46a00   (   859 KB)
[    0.000000]        .bss : 0xffff000008e46a00 - 0xffff000008e8cf40   (   282 KB)
[    0.000000]     fixed   : 0xffff7dfffe7fd000 - 0xffff7dfffec00000   (  4108 KB)
[    0.000000]     PCI I/O : 0xffff7dfffee00000 - 0xffff7dffffe00000   (    16 MB)
[    0.000000]     vmemmap : 0xffff7e0000000000 - 0xffff800000000000   (  2048 GB maximum)
[    0.000000]               0xffff7e0000000000 - 0xffff7e0003000000   (    48 MB actual)
[    0.000000]     memory  : 0xffff800000000000 - 0xffff8000c0000000   (  3072 MB)
[    0.000000] SLUB: HWalign=64, Order=0-3, MinObjects=0, CPUs=4, Nodes=1
[    0.000000] Preemptible hierarchical RCU implementation.
[    0.000000] 	Build-time adjustment of leaf fanout to 64.
[    0.000000] 	RCU restricting CPUs from NR_CPUS=64 to nr_cpu_ids=4.
[    0.000000] RCU: Adjusting geometry for rcu_fanout_leaf=64, nr_cpu_ids=4
[    0.000000] NR_IRQS:64 nr_irqs:64 0
[    0.000000] GIC: Using split EOI/Deactivate mode
[    0.000000] /interrupt-controller@60004000: 192 interrupts forwarded to /interrupt-controller@50041000
[    0.000000] boot misc0 0x0: expected 0x80000
[    0.000000]  (comparison mask = 0x400ffffb)
[    0.000000] boot misc2 0x1f720005: expected 0x1f720f05
[    0.000000]  (comparison mask = 0xffffff17)
[    0.000000] PLL_C already enabled. Postponing set full defaults
[    0.000000] PLL_MB already enabled. Postponing set full defaults
[    0.000000] PLL_U already enabled. Postponing set full defaults
[    0.000000] PLL_D already enabled. Postponing set full defaults
[    0.000000] PLL_DP already enabled. Postponing set full defaults
[    0.000000] boot misc0 0x0: expected 0x20
[    0.000000]  (comparison mask = 0x7ffffff)
[    0.000000] boot misc1 0x90000000: expected 0xc0000000
[    0.000000]  (comparison mask = 0xf8000000)
[    0.000000] boot misc2 0x0: expected 0xf400f0da
[    0.000000]  (comparison mask = 0xffffffff)
[    0.000000] boot misc3 0x52b0: expected 0x2004f400
[    0.000000]  (comparison mask = 0xffffffff)
[    0.000000] PLL_P already enabled. Postponing set full defaults
[    0.000000] PLL_X already enabled. Postponing set full defaults
[    0.000000] boot misc1 0x0: expected 0x20
[    0.000000]  (comparison mask = 0xffffff)
[    0.000000] arm_arch_timer: Architected cp15 timer(s) running at 19.20MHz (phys).
[    0.000000] clocksource: arch_sys_counter: mask: 0xffffffffffffff max_cycles: 0x46d987e47, max_idle_ns: 440795202767 ns
[    0.000003] sched_clock: 56 bits at 19MHz, resolution 52ns, wraps every 4398046511078ns
[    0.008346] Console: colour dummy device 80x25
[    0.012914] console [tty0] enabled
[    0.016408] bootconsole [uart0] disabled
[    0.000000] Booting Linux on physical CPU 0x0
[    0.000000] Linux version 4.9.0-153456-g69973b8 (pwalmsley@tamien) (gcc version 4.9.2 20140904 (prerelease) (crosstool-NG linaro-1.13.1-4.9-2014.09 - Linaro GCC 4.9-2014.09) ) #1 SMP PREEMPT Sun Dec 11 12:37:52 PST 2016
[    0.000000] Boot CPU: AArch64 Processor [411fd071]
[    0.000000] efi: Getting EFI parameters from FDT:
[    0.000000] efi: UEFI not found.
[    0.000000] cma: Reserved 16 MiB at 0x00000000f5400000
[    0.000000] earlycon: uart0 at MMIO 0x0000000070006000 (options '115200n8')
[    0.000000] bootconsole [uart0] enabled
[    0.000000] psci: probing for conduit method from DT.
[    0.000000] psci: PSCIv1.0 detected in firmware.
[    0.000000] psci: Using standard PSCI v0.2 function IDs
[    0.000000] psci: MIGRATE_INFO_UP_CPU reported invalid physical ID (0x80000000)
[    0.000000] percpu: Embedded 21 pages/cpu @ffff8000bff4d000 s48000 r8192 d29824 u86016
[    0.000000] Detected PIPT I-cache on CPU0
[    0.000000] CPU features: enabling workaround for ARM erratum 832075
[    0.000000] CPU features: enabling workaround for ARM erratum 834220
[    0.000000] Built 1 zonelists in Zone order, mobility grouping on.  Total pages: 735336
[    0.000000] Kernel command line: cros_secure vpr=0x08000000@0xf6800000 earlycon
[    0.000000] log_buf_len individual max cpu contribution: 4096 bytes
[    0.000000] log_buf_len total cpu_extra contributions: 12288 bytes
[    0.000000] log_buf_len min size: 16384 bytes
[    0.000000] log_buf_len: 32768 bytes
[    0.000000] early log buf free: 14424(88%)
[    0.000000] PID hash table entries: 4096 (order: 3, 32768 bytes)
[    0.000000] Dentry cache hash table entries: 524288 (order: 10, 4194304 bytes)
[    0.000000] Inode-cache hash table entries: 262144 (order: 9, 2097152 bytes)
[    0.000000] software IO TLB [mem 0xf1400000-0xf5400000] (64MB) mapped at [ffff800071400000-ffff8000753fffff]
[    0.000000] Memory: 2832756K/2988032K available (8252K kernel code, 858K rwdata, 3904K rodata, 1024K init, 281K bss, 138892K reserved, 16384K cma-reserved)
[    0.000000] Virtual kernel memory layout:
[    0.000000]     modules : 0xffff000000000000 - 0xffff000008000000   (   128 MB)
[    0.000000]     vmalloc : 0xffff000008000000 - 0xffff7dffbfff0000   (129022 GB)
[    0.000000]       .text : 0xffff000008080000 - 0xffff000008890000   (  8256 KB)
[    0.000000]     .rodata : 0xffff000008890000 - 0xffff000008c70000   (  3968 KB)
[    0.000000]       .init : 0xffff000008c70000 - 0xffff000008d70000   (  1024 KB)
[    0.000000]       .data : 0xffff000008d70000 - 0xffff000008e46a00   (   859 KB)
[    0.000000]        .bss : 0xffff000008e46a00 - 0xffff000008e8cf40   (   282 KB)
[    0.000000]     fixed   : 0xffff7dfffe7fd000 - 0xffff7dfffec00000   (  4108 KB)
[    0.000000]     PCI I/O : 0xffff7dfffee00000 - 0xffff7dffffe00000   (    16 MB)
[    0.000000]     vmemmap : 0xffff7e0000000000 - 0xffff800000000000   (  2048 GB maximum)
[    0.000000]               0xffff7e0000000000 - 0xffff7e0003000000   (    48 MB actual)
[    0.000000]     memory  : 0xffff800000000000 - 0xffff8000c0000000   (  3072 MB)
[    0.000000] SLUB: HWalign=64, Order=0-3, MinObjects=0, CPUs=4, Nodes=1
[    0.000000] Preemptible hierarchical RCU implementation.
[    0.000000] 	Build-time adjustment of leaf fanout to 64.
[    0.000000] 	RCU restricting CPUs from NR_CPUS=64 to nr_cpu_ids=4.
[    0.000000] RCU: Adjusting geometry for rcu_fanout_leaf=64, nr_cpu_ids=4
[    0.000000] NR_IRQS:64 nr_irqs:64 0
[    0.000000] GIC: Using split EOI/Deactivate mode
[    0.000000] /interrupt-controller@60004000: 192 interrupts forwarded to /interrupt-controller@50041000
[    0.000000] boot misc0 0x0: expected 0x80000
[    0.000000]  (comparison mask = 0x400ffffb)
[    0.000000] boot misc2 0x1f720005: expected 0x1f720f05
[    0.000000]  (comparison mask = 0xffffff17)
[    0.000000] PLL_C already enabled. Postponing set full defaults
[    0.000000] PLL_MB already enabled. Postponing set full defaults
[    0.000000] PLL_U already enabled. Postponing set full defaults
[    0.000000] PLL_D already enabled. Postponing set full defaults
[    0.000000] PLL_DP already enabled. Postponing set full defaults
[    0.000000] boot misc0 0x0: expected 0x20
[    0.000000]  (comparison mask = 0x7ffffff)
[    0.000000] boot misc1 0x90000000: expected 0xc0000000
[    0.000000]  (comparison mask = 0xf8000000)
[    0.000000] boot misc2 0x0: expected 0xf400f0da
[    0.000000]  (comparison mask = 0xffffffff)
[    0.000000] boot misc3 0x52b0: expected 0x2004f400
[    0.000000]  (comparison mask = 0xffffffff)
[    0.000000] PLL_P already enabled. Postponing set full defaults
[    0.000000] PLL_X already enabled. Postponing set full defaults
[    0.000000] boot misc1 0x0: expected 0x20
[    0.000000]  (comparison mask = 0xffffff)
[    0.000000] arm_arch_timer: Architected cp15 timer(s) running at 19.20MHz (phys).
[    0.000000] clocksource: arch_sys_counter: mask: 0xffffffffffffff max_cycles: 0x46d987e47, max_idle_ns: 440795202767 ns
[    0.000003] sched_clock: 56 bits at 19MHz, resolution 52ns, wraps every 4398046511078ns
[    0.008346] Console: colour dummy device 80x25
[    0.012914] console [tty0] enabled
[    0.016408] bootconsole [uart0] disabled
[    0.020451] Calibrating delay loop (skipped), value calculated using timer frequency.. 38.40 BogoMIPS (lpj=76800)
[    0.020464] pid_max: default: 32768 minimum: 301
[    0.020511] Security Framework initialized
[    0.020538] Mount-cache hash table entries: 8192 (order: 4, 65536 bytes)
[    0.020547] Mountpoint-cache hash table entries: 8192 (order: 4, 65536 bytes)
[    0.021146] ASID allocator initialised with 65536 entries
[    0.053183] Speedo Revision 4
[    0.053201] Tegra Revision: A02 SKU: 19 CPU Process: 0 SoC Process: 0
[    0.100620] EFI services will not be available.
[    0.148713] Detected PIPT I-cache on CPU1
[    0.148740] CPU1: Booted secondary processor [411fd071]
[    0.180744] Detected PIPT I-cache on CPU2
[    0.180763] CPU2: Booted secondary processor [411fd071]
[    0.212782] Detected PIPT I-cache on CPU3
[    0.212801] CPU3: Booted secondary processor [411fd071]
[    0.212840] Brought up 4 CPUs
[    0.212870] SMP: Total of 4 processors activated.
[    0.212879] CPU features: detected feature: 32-bit EL0 Support
[    0.212914] CPU: All CPU(s) started at EL2
[    0.212931] alternatives: patching kernel code
[    0.215285] devtmpfs: initialized
[    0.221828] DMI not present or invalid.
[    0.221969] clocksource: jiffies: mask: 0xffffffff max_cycles: 0xffffffff, max_idle_ns: 7645041785100000 ns
[    0.222210] pinctrl core: initialized pinctrl subsystem
[    0.223083] NET: Registered protocol family 16
[    0.232772] cpuidle: using governor menu
[    0.233223] vdso: 2 pages (1 code @ ffff000008897000, 1 data @ ffff000008d74000)
[    0.233245] hw-breakpoint: found 6 breakpoint and 4 watchpoint registers.
[    0.233705] DMA: preallocated 256 KiB pool for atomic allocations
[    0.234637] Serial: AMBA PL011 UART driver
[    0.265224] HugeTLB registered 2 MB page size, pre-allocated 0 pages
[    0.265814] ACPI: Interpreter disabled.
[    0.266166] PPLCD_VDD: Failed to request enable GPIO172: -517
[    0.266183] reg-fixed-voltage regulators:regulator@1: Failed to register regulator: -517
[    0.266508] PP1800_LCDIO: Failed to request enable GPIO171: -517
[    0.266523] reg-fixed-voltage regulators:regulator@5: Failed to register regulator: -517
[    0.266568] PP1800_CAM: Failed to request enable GPIO83: -517
[    0.266580] reg-fixed-voltage regulators:regulator@6: Failed to register regulator: -517
[    0.266967] vgaarb: loaded
[    0.267111] SCSI subsystem initialized
[    0.267373] usbcore: registered new interface driver usbfs
[    0.267410] usbcore: registered new interface driver hub
[    0.267457] usbcore: registered new device driver usb
[    0.268182] tegra-i2c 7000d100.i2c: could not find pctldev for node /host1x@50000000/dpaux@545c0000/pinmux-i2c, deferring probe
[    0.268269] pps_core: LinuxPPS API ver. 1 registered
[    0.268280] pps_core: Software ver. 5.3.6 - Copyright 2005-2007 Rodolfo Giometti <giometti@linux.it>
[    0.268305] PTP clock support registered
[    0.268398] dmi: Firmware registration failed.
[    0.268837] Advanced Linux Sound Architecture Driver Initialized.
[    0.269250] clocksource: Switched to clocksource arch_sys_counter
[    0.269331] VFS: Disk quotas dquot_6.6.0
[    0.269370] VFS: Dquot-cache hash table entries: 512 (order 0, 4096 bytes)
[    0.269508] pnp: PnP ACPI: disabled
[    0.274012] NET: Registered protocol family 2
[    0.274308] TCP established hash table entries: 32768 (order: 6, 262144 bytes)
[    0.274435] TCP bind hash table entries: 32768 (order: 7, 524288 bytes)
[    0.274635] TCP: Hash tables configured (established 32768 bind 32768)
[    0.274692] UDP hash table entries: 2048 (order: 4, 65536 bytes)
[    0.274722] UDP-Lite hash table entries: 2048 (order: 4, 65536 bytes)
[    0.274833] NET: Registered protocol family 1
[    0.275031] RPC: Registered named UNIX socket transport module.
[    0.275044] RPC: Registered udp transport module.
[    0.275052] RPC: Registered tcp transport module.
[    0.275061] RPC: Registered tcp NFSv4.1 backchannel transport module.
[    0.275178] Unpacking initramfs...
[    0.359250] Freeing initrd memory: 2364K (ffff80000a070000 - ffff80000a2bf000)
[    0.359544] kvm [1]: 8-bit VMID
[    0.359557] kvm [1]: IDMAP page: 80881000
[    0.359567] kvm [1]: HYP VA range: 800000000000:ffffffffffff
[    0.360200] kvm [1]: Hyp mode initialized successfully
[    0.360242] kvm [1]: vgic-v2@50044000
[    0.360328] kvm [1]: vgic interrupt IRQ1
[    0.360345] kvm [1]: virtual timer IRQ4
[    0.361612] futex hash table entries: 1024 (order: 5, 131072 bytes)
[    0.361679] audit: initializing netlink subsys (disabled)
[    0.361710] audit: type=2000 audit(0.351:1): initialized
[    0.361950] workingset: timestamp_bits=46 max_order=20 bucket_order=0
[    0.367306] squashfs: version 4.0 (2009/01/31) Phillip Lougher
[    0.367783] NFS: Registering the id_resolver key type
[    0.367805] Key type id_resolver registered
[    0.367814] Key type id_legacy registered
[    0.367829] nfs4filelayout_init: NFSv4 File Layout Driver Registering...
[    0.367938] 9p: Installing v9fs 9p2000 file system support
[    0.369312] Block layer SCSI generic (bsg) driver version 0.4 loaded (major 247)
[    0.369331] io scheduler noop registered
[    0.369419] io scheduler cfq registered (default)
[    0.370497] usb3-0 supply vbus not found, using dummy regulator
[    0.371400] libphy: mdio_driver_register: phy-bcm-ns2-pci
[    0.379659] tegra-apbdma 60020000.dma: Tegra20 APB DMA driver register 32 channels
[    0.380578] tegra-pmc 7000e400.pmc: i2c-thermtrip node not found, emergency thermal reset disabled.
[    0.380826] xenfs: not registering filesystem on non-xen platform
[    0.383845] Serial: 8250/16550 driver, 4 ports, IRQ sharing disabled
[    0.385093] 70006000.serial: ttyS0 at MMIO 0x70006000 (irq = 313, base_baud = 25500000) is a Tegra
[    1.361421] console [ttyS0] enabled
[    1.365296] SuperH (H)SCI(F) driver initialized
[    1.370085] msm_serial: driver initialized
[    1.374527] Unable to detect cache hierarchy from DT for CPU 0
[    1.383648] loop: module loaded
[    1.389618] cros-ec-i2c 0-001e: Chrome EC device registered
[    1.395806] max77620 1-003c: PMIC Version OTP:0x35 and ES:0x8
[    1.408961] PP1200_RCAM: Bringing 1050000uV into 1200000-1200000uV
[    1.416137] PP2800L_RCAM: Bringing 3100000uV into 2800000-2800000uV
[    1.422851] PP1100_SOC_RTC: Bringing 1000000uV into 850000-850000uV
[    1.429692] PP2800L_FCAM: Bringing 3100000uV into 2800000-2800000uV
[    1.436427] PP_LDO6: Bringing 2800000uV into 1800000-1800000uV
[    1.442304] random: fast init done
[    1.448744] hisi_sas: driver version v1.6
[    1.454618] libphy: Fixed MDIO Bus: probed
[    1.459170] tun: Universal TUN/TAP device driver, 1.6
[    1.464223] tun: (C) 1999-2004 Max Krasnyansky <maxk@qualcomm.com>
[    1.471127] e1000e: Intel(R) PRO/1000 Network Driver - 3.2.6-k
[    1.476963] e1000e: Copyright(c) 1999 - 2015 Intel Corporation.
[    1.482930] igb: Intel(R) Gigabit Ethernet Network Driver - version 5.4.0-k
[    1.489889] igb: Copyright (c) 2007-2014 Intel Corporation.
[    1.495508] igbvf: Intel(R) Gigabit Virtual Function Network Driver - version 2.4.0-k
[    1.503340] igbvf: Copyright (c) 2009 - 2012 Intel Corporation.
[    1.509303] sky2: driver version 1.30
[    1.513358] VFIO - User Level meta-driver version: 0.3
[    1.519899] ehci_hcd: USB 2.0 'Enhanced' Host Controller (EHCI) Driver
[    1.526433] ehci-pci: EHCI PCI platform driver
[    1.530919] ehci-platform: EHCI generic platform driver
[    1.536236] ehci-exynos: EHCI EXYNOS driver
[    1.540495] ehci-msm: Qualcomm On-Chip EHCI Host Controller
[    1.546143] ohci_hcd: USB 1.1 'Open' Host Controller (OHCI) Driver
[    1.552328] ohci-pci: OHCI PCI platform driver
[    1.556814] ohci-platform: OHCI generic platform driver
[    1.562110] ohci-exynos: OHCI EXYNOS driver
[    1.625899] tegra-xusb 70090000.usb: Firmware timestamp: 2015-08-10 09:47:54 UTC
[    1.633312] tegra-xusb 70090000.usb: xHCI Host Controller
[    1.638719] tegra-xusb 70090000.usb: new USB bus registered, assigned bus number 1
[    1.647235] tegra-xusb 70090000.usb: hcc params 0x0184f525 hci version 0x100 quirks 0x00010010
[    1.655878] tegra-xusb 70090000.usb: irq 319, io mem 0x70090000
[    1.662192] hub 1-0:1.0: USB hub found
[    1.665965] hub 1-0:1.0: 5 ports detected
[    1.670285] tegra-xusb 70090000.usb: xHCI Host Controller
[    1.675689] tegra-xusb 70090000.usb: new USB bus registered, assigned bus number 2
[    1.683305] usb usb2: We don't know the algorithms for LPM for this host, disabling LPM.
[    1.691689] hub 2-0:1.0: USB hub found
[    1.695459] hub 2-0:1.0: 4 ports detected
[    1.699964] usbcore: registered new interface driver usb-storage
[    1.706604] mousedev: PS/2 mouse device common for all mice
[    1.833946] max77686-rtc max77620-rtc: rtc core: registered max77620-rtc as rtc0
[    1.841949] tegra_rtc 7000e000.rtc: rtc core: registered 7000e000.rtc as rtc1
[    1.849108] tegra_rtc 7000e000.rtc: Tegra internal Real Time Clock
[    1.855371] i2c /dev entries driver
[    1.860206] bq27xxx-battery 2-0055: support ver. 1.2.0 enabled
[    1.882363] sdhci: Secure Digital Host Controller Interface driver
[    1.888569] sdhci: Copyright(c) Pierre Ossman
[    1.893110] Synopsys Designware Multimedia Card Interface Driver
[    1.899398] sdhci-pltfm: SDHCI platform and OF driver helper
[    1.905234] mmc0: Unknown controller version (3). You may experience problems.
[    1.957264] mmc0: SDHCI controller on 700b0600.sdhci [700b0600.sdhci] using ADMA 64-bit
[    1.967762] ledtrig-cpu: registered to indicate activity on CPUs
[    1.974451] usbcore: registered new interface driver usbhid
[    1.980049] usbhid: USB HID core driver
[    1.984799] NET: Registered protocol family 17
[    1.989303] 9pnet: Installing 9P2000 support
[    1.993617] Key type dns_resolver registered
[    1.998213] registered taskstats version 1
[    2.007110] tegra-i2c 7000d100.i2c: could not find pctldev for node /host1x@50000000/dpaux@545c0000/pinmux-i2c, deferring probe
[    2.017750] mmc0: new high speed MMC card at address 0001
[    2.022038] mmcblk0: mmc0:0001 BGND3R 29.1 GiB 
[    2.022144] mmcblk0boot0: mmc0:0001 BGND3R partition 1 4.00 MiB
[    2.022247] mmcblk0boot1: mmc0:0001 BGND3R partition 2 4.00 MiB
[    2.022341] mmcblk0rpmb: mmc0:0001 BGND3R partition 3 4.00 MiB
[    2.024794]  mmcblk0: p1 p2 p3 p4 p5 p6 p7 p8 p9 p10 p11
[    2.051939] tegra-i2c 7000d100.i2c: could not find pctldev for node /host1x@50000000/dpaux@545c0000/pinmux-i2c, deferring probe
[    2.064019] input: gpio-keys as /devices/platform/gpio-keys/input/input0
[    2.071135] tegra-i2c 7000d100.i2c: could not find pctldev for node /host1x@50000000/dpaux@545c0000/pinmux-i2c, deferring probe
[    2.105418] max77686-rtc max77620-rtc: setting system clock to 2000-09-22 02:06:20 UTC (969588380)
[    2.114802] PP1200_AVDD: disabling
[    2.118277] PP1200_RCAM: disabling
[    2.121744] PP2800L_RCAM: disabling
[    2.125288] PP2800L_FCAM: disabling
[    2.128829] PP_LDO6: disabling
[    2.131950] PPLCD_VDD: disabling
[    2.135183] PP1800_LCDIO: disabling
[    2.138673] PP1800_CAM: disabling
[    2.141990] ALSA device list:
[    2.144951]   No soundcards found.
[    2.148861] Freeing unused kernel memory: 1024K (ffff800000c70000 - ffff800000d70000)

System initialization...

Mounting /proc :[SUCCESS]
Mounting /sys :[SUCCESS]
Mounting /dev :[SUCCESS]
Mounting /dev/pts :[SUCCESS]
Mounting /sys/kernel/debug :[SUCCESS]
Mounting other filesystems :[SUCCESS]
Enabling hot-plug :[SUCCESS]
Populating /dev :[SUCCESS]
Starting syslogd :[SUCCESS]
Starting telnetd :[SUCCESS]

System initialization complete.

Please press Enter to activate this console. 