
U-Boot SPL 2016.05-rc2 (Apr 21 2016 - 16:23:00)
Trying to boot from RAM


U-Boot 2016.05-rc2 (Apr 21 2016 - 16:23:00 -0700)

TEGRA124
Model: NVIDIA Jetson TK1
Board: NVIDIA Jetson TK1
DRAM:  2 GiB
MC:   Tegra SD/MMC: 0, Tegra SD/MMC: 1
In:    serial
Out:   serial
Err:   serial
Net:   No ethernet found.
Hit any key to stop autoboot:  2  0 
Tegra124 (Jetson TK1) # 
Tegra124 (Jetson TK1) # pci enum
Tegra124 (Jetson TK1) # setenv bootargs 'ignore_loglevel console=ttyS0,115200n8 rw root=PARTUUID=b1791faa-84e8-4e27-83a1-9fb0a77e8803 rootwait gpt debug noinitrd earlyprintk init=/bin/bash'
Tegra124 (Jetson TK1) # setenv ipaddr 192.168.100.102; setenv serverip 192.168.100.1; setenv tftpserverip 192.168.100.1
Tegra124 (Jetson TK1) # tftpboot 0x82000000 zImage.multi_v7_defconfig

Warning: eth_rtl8169 using MAC address from ROM
Using eth_rtl8169 device
TFTP from server 192.168.100.1; our IP address is 192.168.100.102
Filename 'zImage.multi_v7_defconfig'.
Load address: 0x82000000
Loading: *#################################################################
	 #################################################################
	 #################################################################
	 #################################################################
	 #################################################################
	 #################################################################
	 #################################################################
	 #################################################################
	 ####################################
	 3.9 MiB/s
done
Bytes transferred = 8159744 (7c8200 hex)
Tegra124 (Jetson TK1) # tftpboot 0x83000000 tegra124-jetson-tk1.dtb
Using eth_rtl8169 device
TFTP from server 192.168.100.1; our IP address is 192.168.100.102
Filename 'tegra124-jetson-tk1.dtb'.
Load address: 0x83000000
Loading: *#####
	 3.2 MiB/s
done
Bytes transferred = 66544 (103f0 hex)
Tegra124 (Jetson TK1) # bootz 0x82000000 - 0x83000000
Kernel image @ 0x82000000 [ 0x000000 - 0x7c8200 ]
## Flattened Device Tree blob at 83000000
   Booting using the fdt blob at 0x83000000
   Using Device Tree in place at 83000000, end 830133ef

Starting kernel ...

[    0.000000] Booting Linux on physical CPU 0x0
[    0.000000] Linux version 4.16.0-rc1-348826-g7928b2cbe55b (jonathanh@tamien) (gcc version 4.7.3 20130328 (prerelease) (crosstool-NG linaro-1.13.1-4.7-2013.04-20130415 - Linaro GCC 2013.04)) #1 SMP Sun Feb 11 15:35:47 PST 2018
[    0.000000] CPU: ARMv7 Processor [413fc0f3] revision 3 (ARMv7), cr=10c5387d
[    0.000000] CPU: div instructions available: patching division code
[    0.000000] CPU: PIPT / VIPT nonaliasing data cache, PIPT instruction cache
[    0.000000] OF: fdt: Machine model: NVIDIA Tegra124 Jetson TK1
[    0.000000] debug: ignoring loglevel setting.
[    0.000000] Memory policy: Data cache writealloc
[    0.000000] efi: Getting EFI parameters from FDT:
[    0.000000] efi: UEFI not found.
[    0.000000] cma: Reserved 64 MiB at 0xfb800000
[    0.000000] On node 0 totalpages: 524032
[    0.000000]   DMA zone: 1536 pages used for memmap
[    0.000000]   DMA zone: 0 pages reserved
[    0.000000]   DMA zone: 196608 pages, LIFO batch:31
[    0.000000]   HighMem zone: 327424 pages, LIFO batch:31
[    0.000000] random: fast init done
[    0.000000] percpu: Embedded 17 pages/cpu @(ptrval) s39232 r8192 d22208 u69632
[    0.000000] pcpu-alloc: s39232 r8192 d22208 u69632 alloc=17*4096
[    0.000000] pcpu-alloc: [0] 0 [0] 1 [0] 2 [0] 3 
[    0.000000] Built 1 zonelists, mobility grouping on.  Total pages: 522496
[    0.000000] Kernel command line: ignore_loglevel console=ttyS0,115200n8 rw root=PARTUUID=b1791faa-84e8-4e27-83a1-9fb0a77e8803 rootwait gpt debug noinitrd earlyprintk init=/bin/bash
[    0.000000] Dentry cache hash table entries: 131072 (order: 7, 524288 bytes)
[    0.000000] Inode-cache hash table entries: 65536 (order: 6, 262144 bytes)
[    0.000000] Memory: 1992472K/2096128K available (11264K kernel code, 1570K rwdata, 4348K rodata, 2048K init, 405K bss, 38120K reserved, 65536K cma-reserved, 1244160K highmem)
[    0.000000] Virtual kernel memory layout:
[    0.000000]     vector  : 0xffff0000 - 0xffff1000   (   4 kB)
[    0.000000]     fixmap  : 0xffc00000 - 0xfff00000   (3072 kB)
[    0.000000]     vmalloc : 0xf0800000 - 0xff800000   ( 240 MB)
[    0.000000]     lowmem  : 0xc0000000 - 0xf0000000   ( 768 MB)
[    0.000000]     pkmap   : 0xbfe00000 - 0xc0000000   (   2 MB)
[    0.000000]     modules : 0xbf000000 - 0xbfe00000   (  14 MB)
[    0.000000]       .text : 0x(ptrval) - 0x(ptrval)   (12256 kB)
[    0.000000]       .init : 0x(ptrval) - 0x(ptrval)   (2048 kB)
[    0.000000]       .data : 0x(ptrval) - 0x(ptrval)   (1571 kB)
[    0.000000]        .bss : 0x(ptrval) - 0x(ptrval)   ( 406 kB)
[    0.000000] SLUB: HWalign=64, Order=0-3, MinObjects=0, CPUs=4, Nodes=1
[    0.000000] Hierarchical RCU implementation.
[    0.000000] 	RCU event tracing is enabled.
[    0.000000] 	RCU restricting CPUs from NR_CPUS=16 to nr_cpu_ids=4.
[    0.000000] RCU: Adjusting geometry for rcu_fanout_leaf=16, nr_cpu_ids=4
[    0.000000] NR_IRQS: 16, nr_irqs: 16, preallocated irqs: 16
[    0.000000] /interrupt-controller@60004000: 160 interrupts forwarded to /interrupt-controller@50041000
[    0.000000] Tegra clk 127: register failed with -17
[    0.000009] sched_clock: 32 bits at 1000kHz, resolution 1000ns, wraps every 2147483647500ns
[    0.000030] clocksource: timer_us: mask: 0xffffffff max_cycles: 0xffffffff, max_idle_ns: 1911260446275 ns
[    0.000046] Switching to timer-based delay loop, resolution 1000ns
[    0.005100] arch_timer: cp15 timer(s) running at 12.00MHz (virt).
[    0.005120] clocksource: arch_sys_counter: mask: 0xffffffffffffff max_cycles: 0x2c47f4ee7, max_idle_ns: 440795202497 ns
[    0.005140] sched_clock: 56 bits at 12MHz, resolution 83ns, wraps every 4398046511096ns
[    0.005154] Switching to timer-based delay loop, resolution 83ns
[    0.005651] Console: colour dummy device 80x30
[    0.005687] Calibrating delay loop (skipped), value calculated using timer frequency.. 24.00 BogoMIPS (lpj=120000)
[    0.005706] pid_max: default: 32768 minimum: 301
[    0.005823] Mount-cache hash table entries: 2048 (order: 1, 8192 bytes)
[    0.005838] Mountpoint-cache hash table entries: 2048 (order: 1, 8192 bytes)
[    0.006342] CPU: Testing write buffer coherency: ok
[    0.006608] /cpus/cpu@0 missing clock-frequency property
[    0.006654] /cpus/cpu@1 missing clock-frequency property
[    0.006699] /cpus/cpu@2 missing clock-frequency property
[    0.006746] /cpus/cpu@3 missing clock-frequency property
[    0.006761] CPU0: thread -1, cpu 0, socket 0, mpidr 80000000
[    0.007063] Setting up static identity map for 0x80300000 - 0x803000a0
[    0.008993] Hierarchical SRCU implementation.
[    0.011906] Tegra Revision: A01 SKU: 129 CPU Process: 1 SoC Process: 1
[    0.012722] EFI services will not be available.
[    0.012888] smp: Bringing up secondary CPUs ...
[    0.013387] CPU1: thread -1, cpu 1, socket 0, mpidr 80000001
[    0.015549] CPU2: thread -1, cpu 2, socket 0, mpidr 80000002
[    0.025580] CPU3: thread -1, cpu 3, socket 0, mpidr 80000003
[    0.035104] smp: Brought up 1 node, 4 CPUs
[    0.035127] SMP: Total of 4 processors activated (96.00 BogoMIPS).
[    0.035136] CPU: All CPU(s) started in SVC mode.
[    0.036675] devtmpfs: initialized
[    0.050795] VFP support v0.3: implementor 41 architecture 4 part 30 variant f rev 0
[    0.051189] clocksource: jiffies: mask: 0xffffffff max_cycles: 0xffffffff, max_idle_ns: 19112604462750000 ns
[    0.051209] futex hash table entries: 1024 (order: 4, 65536 bytes)
[    0.052687] pinctrl core: initialized pinctrl subsystem
[    0.054262] DMI not present or invalid.
[    0.054518] NET: Registered protocol family 16
[    0.056733] DMA: preallocated 256 KiB pool for atomic coherent allocations
[    0.059149] cpuidle: using governor menu
[    0.084972] No ATAGs?
[    0.085114] hw-breakpoint: found 5 (+1 reserved) breakpoint and 4 watchpoint registers.
[    0.085130] hw-breakpoint: maximum watchpoint size is 8 bytes.
[    0.092758] Serial: AMBA PL011 UART driver
[    0.094230] iommu: Adding device 50000000.host1x to group 0
[    0.094311] iommu: Adding device 54200000.dc to group 1
[    0.094372] iommu: Adding device 54240000.dc to group 1
[    0.094446] iommu: Adding device 57000000.gpu to group 2
[    0.109785] AT91: Could not find identification node
[    0.110348] +5V_SYS: supplied by +VDD_MUX
[    0.110639] +3.3V_SYS: supplied by +VDD_MUX
[    0.111261] +USB0_VBUS_SW: Failed to request enable GPIO108: -517
[    0.111277] reg-fixed-voltage regulators:regulator@7: Failed to register regulator: -517
[    0.111378] +5V_USB_HS: Failed to request enable GPIO109: -517
[    0.111392] reg-fixed-voltage regulators:regulator@8: Failed to register regulator: -517
[    0.111580] +1.05V_RUN_AVDD_HDMI_PLL: Failed to request enable GPIO63: -517
[    0.111595] reg-fixed-voltage regulators:regulator@11: Failed to register regulator: -517
[    0.111693] +5V_HDMI_CON: Failed to request enable GPIO86: -517
[    0.111707] reg-fixed-voltage regulators:regulator@12: Failed to register regulator: -517
[    0.111803] +5V_SATA: Failed to request enable GPIO242: -517
[    0.111816] reg-fixed-voltage regulators:regulator@13: Failed to register regulator: -517
[    0.111913] +12V_SATA: Failed to request enable GPIO242: -517
[    0.111927] reg-fixed-voltage regulators:regulator@14: Failed to register regulator: -517
[    0.114973] vgaarb: loaded
[    0.115752] SCSI subsystem initialized
[    0.115937] libata version 3.00 loaded.
[    0.116136] usbcore: registered new interface driver usbfs
[    0.116192] usbcore: registered new interface driver hub
[    0.116254] usbcore: registered new device driver usb
[    0.119761] pps_core: LinuxPPS API ver. 1 registered
[    0.119773] pps_core: Software ver. 5.3.6 - Copyright 2005-2007 Rodolfo Giometti <giometti@linux.it>
[    0.119796] PTP clock support registered
[    0.119996] EDAC MC: Ver: 3.0.0
[    0.123023] clocksource: Switched to clocksource arch_sys_counter
[    0.174916] NET: Registered protocol family 2
[    0.175421] tcp_listen_portaddr_hash hash table entries: 512 (order: 0, 6144 bytes)
[    0.175458] TCP established hash table entries: 8192 (order: 3, 32768 bytes)
[    0.175558] TCP bind hash table entries: 8192 (order: 4, 65536 bytes)
[    0.175745] TCP: Hash tables configured (established 8192 bind 8192)
[    0.175830] UDP hash table entries: 512 (order: 2, 16384 bytes)
[    0.175877] UDP-Lite hash table entries: 512 (order: 2, 16384 bytes)
[    0.176029] NET: Registered protocol family 1
[    0.176418] RPC: Registered named UNIX socket transport module.
[    0.176429] RPC: Registered udp transport module.
[    0.176438] RPC: Registered tcp transport module.
[    0.176447] RPC: Registered tcp NFSv4.1 backchannel transport module.
[    0.176461] PCI: CLS 0 bytes, default 64
[    0.177952] hw perfevents: enabled with armv7_cortex_a15 PMU driver, 7 counters available
[    0.179492] Initialise system trusted keyrings
[    0.179639] workingset: timestamp_bits=30 max_order=19 bucket_order=0
[    0.186567] squashfs: version 4.0 (2009/01/31) Phillip Lougher
[    0.187168] NFS: Registering the id_resolver key type
[    0.187190] Key type id_resolver registered
[    0.187200] Key type id_legacy registered
[    0.187242] ntfs: driver 2.1.32 [Flags: R/O].
[    0.188782] Key type asymmetric registered
[    0.188793] Asymmetric key parser 'x509' registered
[    0.188846] bounce: pool size: 64 pages
[    0.188898] Block layer SCSI generic (bsg) driver version 0.4 loaded (major 246)
[    0.188910] io scheduler noop registered
[    0.188920] io scheduler deadline registered
[    0.189149] io scheduler cfq registered (default)
[    0.189160] io scheduler mq-deadline registered
[    0.189171] io scheduler kyber registered
[    0.193488]  usb2-0: usb2-0 supply vbus not found, using dummy regulator
[    0.193594]  usb2-1: usb2-1 supply vbus not found, using dummy regulator
[    0.193976] tegra-xusb-padctl 7009f000.padctl: failed to setup XUSB ports: -517
[    0.213551] tegra-pcie 1003000.pcie: 2x1, 1x1 configuration
[    0.213605] tegra-pcie 1003000.pcie: Failed to get supply 'avddio-pex': -517
[    0.220491] tegra124-dfll 70110000.clock: couldn't get vdd_cpu regulator
[    0.227122] tegra-apbdma 60020000.dma: Tegra20 APB DMA driver register 32 channels
[    0.230610] tegra-pmc 7000e400.pmc: emergency thermal reset enabled
[    0.282402] Serial: 8250/16550 driver, 4 ports, IRQ sharing disabled
[    0.285000] console [ttyS0] disabled
[    0.285042] 70006300.serial: ttyS0 at MMIO 0x70006300 (irq = 335, base_baud = 25500000) is a Tegra
[    1.214610] console [ttyS0] enabled
[    1.219006] SuperH (H)SCI(F) driver initialized
[    1.224704] msm_serial: driver initialized
[    1.228993] STMicroelectronics ASC driver initialized
[    1.234764] 70006000.serial: ttyTHS1 at MMIO 0x70006000 (irq = 333, base_baud = 0) is a TEGRA_UART
[    1.244034] 70006040.serial: ttyTHS2 at MMIO 0x70006040 (irq = 334, base_baud = 0) is a TEGRA_UART
[    1.258792] Failed to attached device 54200000.dc to IOMMU_mapping
[    1.273228] Failed to attached device 54240000.dc to IOMMU_mapping
[    1.288130] tegra-hdmi 54280000.hdmi: failed to get HDMI regulator
[    1.305460] brd: module loaded
[    1.314950] loop: module loaded
[    1.319382] at24 0-0056: 256 byte 24c02 EEPROM, writable, 8 bytes/write
[    1.327734] as3722 4-0040: AS3722 with revision 0x1 found
[    1.339347] as3722-sd2: supplied by +5V_SYS
[    1.343965] as3722-sd3: supplied by +5V_SYS
[    1.348347] +1.35V_LP0(sd3): Bringing 0uV into 1350000-1350000uV
[    1.354726] as3722-sd4: supplied by +5V_SYS
[    1.359311] as3722-sd5: supplied by +5V_SYS
[    1.365259] as3722-ldo0: supplied by +1.35V_LP0(sd2)
[    1.371244] +1.8V_RUN_CAM: Bringing 0uV into 1800000-1800000uV
[    1.377451] as3722-ldo2: supplied by +1.8V_VDDIO
[    1.383325] as3722-ldo3: supplied by +3.3V_SYS
[    1.387800] +1.05V_LP0_VDD_RTC: Bringing 1100000uV into 1000000-1000000uV
[    1.395563] as3722-ldo4: supplied by +3.3V_SYS
[    1.400221] +2.8V_RUN_CAM: Bringing 0uV into 2800000-2800000uV
[    1.406421] as3722-ldo5: supplied by +1.8V_VDDIO
[    1.411241] +1.2V_RUN_CAM_FRONT: Bringing 0uV into 1200000-1200000uV
[    1.418143] +VDDIO_SDMMC3: bypassed regulator has no supply!
[    1.423816] +VDDIO_SDMMC3: failed to get the current voltage(-517)
[    1.429994] as3722-regulator as3722-regulator: regulator 13 register failed -517
[    1.442536] tegra-ahci 70027000.sata: couldn't get PHY in node sata: -517
[    1.465098] m25p80 spi1.0: w25q32dw (4096 Kbytes)
[    1.472464] libphy: Fixed MDIO Bus: probed
[    1.477629] CAN device driver interface
[    1.482430] bgmac_bcma: Broadcom 47xx GBit MAC driver loaded
[    1.489558] e1000e: Intel(R) PRO/1000 Network Driver - 3.2.6-k
[    1.495401] e1000e: Copyright(c) 1999 - 2015 Intel Corporation.
[    1.501364] igb: Intel(R) Gigabit Ethernet Network Driver - version 5.4.0-k
[    1.508329] igb: Copyright (c) 2007-2014 Intel Corporation.
[    1.518057] pegasus: v0.9.3 (2013/04/25), Pegasus/Pegasus II USB Ethernet driver
[    1.525502] usbcore: registered new interface driver pegasus
[    1.531197] usbcore: registered new interface driver asix
[    1.536640] usbcore: registered new interface driver ax88179_178a
[    1.542753] usbcore: registered new interface driver cdc_ether
[    1.548635] usbcore: registered new interface driver smsc75xx
[    1.554434] usbcore: registered new interface driver smsc95xx
[    1.560199] usbcore: registered new interface driver net1080
[    1.565899] usbcore: registered new interface driver cdc_subset
[    1.571843] usbcore: registered new interface driver zaurus
[    1.577472] usbcore: registered new interface driver cdc_ncm
[    1.583373] tegra-phy 7d000000.usb-phy: no vbus regulator
[    1.588965] tegra-phy 7d004000.usb-phy: no vbus regulator
[    1.596494] ehci_hcd: USB 2.0 'Enhanced' Host Controller (EHCI) Driver
[    1.603030] ehci-pci: EHCI PCI platform driver
[    1.607501] ehci-platform: EHCI generic platform driver
[    1.612945] ehci-orion: EHCI orion driver
[    1.617141] SPEAr-ehci: EHCI SPEAr driver
[    1.621287] ehci-st: EHCI STMicroelectronics driver
[    1.626316] ehci-exynos: EHCI EXYNOS driver
[    1.630662] ehci-atmel: EHCI Atmel driver
[    1.634826] tegra-ehci: Tegra EHCI driver
[    1.641679] tegra-ehci 7d004000.usb: EHCI Host Controller
[    1.647109] tegra-ehci 7d004000.usb: new USB bus registered, assigned bus number 1
[    1.654897] tegra-ehci 7d004000.usb: irq 356, io mem 0x7d004000
[    1.683052] tegra-ehci 7d004000.usb: USB 2.0 started, EHCI 1.10
[    1.689648] hub 1-0:1.0: USB hub found
[    1.693467] hub 1-0:1.0: 1 port detected
[    1.697961] ohci_hcd: USB 1.1 'Open' Host Controller (OHCI) Driver
[    1.704179] ohci-pci: OHCI PCI platform driver
[    1.708661] ohci-platform: OHCI generic platform driver
[    1.714107] SPEAr-ohci: OHCI SPEAr driver
[    1.718258] ohci-st: OHCI STMicroelectronics driver
[    1.723294] ohci-atmel: OHCI Atmel driver
[    1.728114] usbcore: registered new interface driver usb-storage
[    1.743072] as3722-rtc as3722-rtc: rtc core: registered as3722-rtc as rtc0
[    1.749942] as3722-rtc as3722-rtc: RTC interrupt 379
[    1.758365] tegra_rtc 7000e000.rtc: rtc core: registered 7000e000.rtc as rtc1
[    1.765559] tegra_rtc 7000e000.rtc: Tegra internal Real Time Clock
[    1.772293] i2c /dev entries driver
[    1.782991] lm90 0-004c: 0-004c supply vcc not found, using dummy regulator
[    1.800738] sdhci: Secure Digital Host Controller Interface driver
[    1.806938] sdhci: Copyright(c) Pierre Ossman
[    1.813121] Synopsys Designware Multimedia Card Interface Driver
[    1.820710] sdhci-pltfm: SDHCI platform and OF driver helper
[    1.827213] sdhci-tegra 700b0400.sdhci: Got CD GPIO
[    1.832105] sdhci-tegra 700b0400.sdhci: Got WP GPIO
[    1.853393] mmc0: Unknown controller version (3). You may experience problems.
[    1.860652] mmc0: Invalid maximum block size, assuming 512 bytes
[    1.897634] mmc0: SDHCI controller on 700b0600.sdhci [700b0600.sdhci] using ADMA
[    1.907296] ledtrig-cpu: registered to indicate activity on CPUs
[    1.913693] usbcore: registered new interface driver usbhid
[    1.919333] usbhid: USB HID core driver
[    1.927901] NET: Registered protocol family 10
[    1.933408] Segment Routing with IPv6
[    1.937219] sit: IPv6, IPv4 and MPLS over IPv4 tunneling driver
[    1.943710] NET: Registered protocol family 17
[    1.948157] can: controller area network core (rev 20170425 abi 9)
[    1.954403] NET: Registered protocol family 29
[    1.958843] can: raw protocol (rev 20170425)
[    1.963125] can: broadcast manager protocol (rev 20170425 t)
[    1.968782] can: netlink gateway (rev 20170425) max_hops=1
[    1.974556] Key type dns_resolver registered
[    1.979362] ThumbEE CPU extension supported.
[    1.983656] Registering SWP/SWPB emulation handler
[    1.989000] Loading compiled-in X.509 certificates
[    2.006829] +3.3V_RUN: supplied by +3.3V_SYS
[    2.012192] +USB0_VBUS_SW: supplied by +5V_SYS
[    2.017054] +3.3V_AVDD_HDMI_AP_GATED: supplied by +3.3V_RUN
[    2.023392] +5V_USB_HS: supplied by +5V_SYS
[    2.028578] +3.3V_LP0: supplied by +3.3V_SYS
[    2.034279] +5V_HDMI_CON: supplied by +5V_SYS
[    2.039546] +5V_SATA: supplied by +5V_SYS
[    2.044503] +12V_SATA: supplied by +VDD_MUX
[    2.050832]  usb2-0: usb2-0 supply vbus not found, using dummy regulator
[    2.057797]  usb2-1: usb2-1 supply vbus not found, using dummy regulator
[    2.064961]  usb3-0: usb3-0 supply vbus not found, using dummy regulator
[    2.065108] mmc0: new high speed MMC card at address 0001
[    2.073205] tegra-pcie 1003000.pcie: 2x1, 1x1 configuration
[    2.077820] mmcblk0: mmc0:0001 SEM16G 14.7 GiB 
[    2.082695] tegra-pcie 1003000.pcie: Failed to get supply 'avddio-pex': -517
[    2.087596] mmcblk0boot0: mmc0:0001 SEM16G partition 1 4.00 MiB
[    2.097560] tegra124-dfll 70110000.clock: couldn't get vdd_cpu regulator
[    2.100571] mmcblk0boot1: mmc0:0001 SEM16G partition 2 4.00 MiB
[    2.110863] tegra-hdmi 54280000.hdmi: failed to get PLL regulator
[    2.112927] mmcblk0rpmb: mmc0:0001 SEM16G partition 3 4.00 MiB, chardev (236:0)
[    2.122728] as3722-sd2: supplied by +5V_SYS
[    2.130732] as3722-sd3: supplied by +5V_SYS
[    2.135339] as3722-sd4: supplied by +5V_SYS
[    2.139827] as3722-sd5: supplied by +5V_SYS
[    2.145621] as3722-ldo0: supplied by +1.35V_LP0(sd2)
[    2.151005]  mmcblk0: p1
[    2.151077] as3722-ldo1: supplied by +3.3V_RUN
[    2.158376] as3722-ldo2: supplied by +1.8V_VDDIO
[    2.164150] as3722-ldo3: supplied by +3.3V_SYS
[    2.169447] as3722-ldo4: supplied by +3.3V_SYS
[    2.174267] as3722-ldo5: supplied by +1.8V_VDDIO
[    2.179132] as3722-ldo6: supplied by +3.3V_RUN
[    2.183938] as3722-ldo7: supplied by +1.8V_VDDIO
[    2.189290] +1.05V_RUN_CAM_REAR: Bringing 0uV into 1050000-1050000uV
[    2.196402] as3722-ldo9: supplied by +5V_SYS
[    2.201840] +3.3V_RUN_TOUCH: Bringing 0uV into 2800000-2800000uV
[    2.208578] as3722-ldo10: supplied by +5V_SYS
[    2.213448] +2.8V_RUN_CAM_AF: Bringing 0uV into 2800000-2800000uV
[    2.220205] as3722-ldo11: supplied by +3.3V_RUN
[    2.225500] +1.8V_RUN_VPP_FUSE: Bringing 0uV into 1800000-1800000uV
[    2.235672] tegra-ahci 70027000.sata: AHCI 0001.0301 32 slots 2 ports 3 Gbps 0x1 impl platform mode
[    2.244747] tegra-ahci 70027000.sata: flags: 64bit ncq sntf pm led pio slum part sadm sds apst 
[    2.255655] scsi host0: tegra-ahci
[    2.260407] scsi host1: tegra-ahci
[    2.264098] ata1: SATA max UDMA/133 mmio [mem 0x70027000-0x70028fff] port 0x100 irq 345
[    2.272093] ata2: DUMMY
[    2.278090] tegra-ehci 7d008000.usb: EHCI Host Controller
[    2.283547] tegra-ehci 7d008000.usb: new USB bus registered, assigned bus number 2
[    2.291282] tegra-ehci 7d008000.usb: irq 357, io mem 0x7d008000
[    2.323146] tegra-ehci 7d008000.usb: USB 2.0 started, EHCI 1.10
[    2.330111] hub 2-0:1.0: USB hub found
[    2.333982] hub 2-0:1.0: 1 port detected
[    2.340505] sdhci-tegra 700b0400.sdhci: Got CD GPIO
[    2.345470] sdhci-tegra 700b0400.sdhci: Got WP GPIO
[    2.357257] mmc1: Unknown controller version (3). You may experience problems.
[    2.364613] mmc1: Invalid maximum block size, assuming 512 bytes
[    2.402628] mmc1: SDHCI controller on 700b0400.sdhci [700b0400.sdhci] using ADMA
[    2.410844] tegra-pcie 1003000.pcie: 2x1, 1x1 configuration
[    2.418489] tegra-pcie 1003000.pcie: probing port 0, using 2 lanes
[    2.426454] tegra-pcie 1003000.pcie: Slot present pin change, signature: 00000008
[    2.451180] tegra-pcie 1003000.pcie: probing port 1, using 1 lanes
[    2.459454] tegra-pcie 1003000.pcie: Slot present pin change, signature: 00000000
[    2.473411] tegra-pcie 1003000.pcie: PCI host bridge to bus 0000:00
[    2.479679] pci_bus 0000:00: root bus resource [io  0x0000-0xffff]
[    2.485901] pci_bus 0000:00: root bus resource [mem 0x13000000-0x1fffffff]
[    2.492784] pci_bus 0000:00: root bus resource [mem 0x20000000-0x3fffffff pref]
[    2.500144] pci_bus 0000:00: root bus resource [bus 00-ff]
[    2.505726] pci 0000:00:01.0: [10de:0e12] type 01 class 0x060400
[    2.511760] pci_bus 0000:00: 2-byte config write to 0000:00:01.0 offset 0x4 may corrupt adjacent RW1C bits
[    2.521464] pci_bus 0000:00: 2-byte config write to 0000:00:01.0 offset 0x4 may corrupt adjacent RW1C bits
[    2.531190] pci 0000:00:01.0: enabling Extended Tags
[    2.536216] pci_bus 0000:00: 2-byte config write to 0000:00:01.0 offset 0x88 may corrupt adjacent RW1C bits
[    2.546029] pci_bus 0000:00: 2-byte config write to 0000:00:01.0 offset 0x52 may corrupt adjacent RW1C bits
[    2.555850] pci 0000:00:01.0: PME# supported from D0 D1 D2 D3hot D3cold
[    2.562480] pci_bus 0000:00: 2-byte config write to 0000:00:01.0 offset 0x4c may corrupt adjacent RW1C bits
[    2.572545] pci 0000:00:02.0: [10de:0e13] type 01 class 0x060400
[    2.578624] pci_bus 0000:00: 2-byte config write to 0000:00:02.0 offset 0x4 may corrupt adjacent RW1C bits
[    2.588324] pci_bus 0000:00: 2-byte config write to 0000:00:02.0 offset 0x4 may corrupt adjacent RW1C bits
[    2.598048] pci 0000:00:02.0: enabling Extended Tags
[    2.603074] pci_bus 0000:00: 2-byte config write to 0000:00:02.0 offset 0x88 may corrupt adjacent RW1C bits
[    2.606828] ata1: SATA link down (SStatus 0 SControl 300)
[    2.612840] pci_bus 0000:00: 2-byte config write to 0000:00:02.0 offset 0x52 may corrupt adjacent RW1C bits
[    2.628009] pci 0000:00:02.0: PME# supported from D0 D1 D2 D3hot D3cold
[    2.634644] pci_bus 0000:00: 2-byte config write to 0000:00:02.0 offset 0x4c may corrupt adjacent RW1C bits
[    2.644685] PCI: bus0: Fast back to back transfers disabled
[    2.650267] pci 0000:00:01.0: bridge configuration invalid ([bus 00-00]), reconfiguring
[    2.658320] pci 0000:00:02.0: bridge configuration invalid ([bus 00-00]), reconfiguring
[    2.666538] pci 0000:01:00.0: [8086:4232] type 00 class 0x028000
[    2.672609] pci 0000:01:00.0: reg 0x10: [mem 0x00000000-0x00001fff 64bit]
[    2.679637] pci 0000:01:00.0: PME# supported from D0 D3hot D3cold
[    2.699207] mmc1: new high speed SDHC card at address aaaa
[    2.705341] mmcblk1: mmc1:aaaa SD04G 3.69 GiB 
[    2.713113] PCI: bus1: Fast back to back transfers disabled
[    2.718724] pci_bus 0000:01: busn_res: [bus 01-ff] end is updated to 01
[    2.725566] pci 0000:02:00.0: [10ec:8168] type 00 class 0x020000
[    2.731628] pci 0000:02:00.0: reg 0x10: [io  0x0000-0x00ff]
[    2.737281] pci 0000:02:00.0: reg 0x18: [mem 0x00000000-0x00000fff 64bit]
[    2.744103] pci 0000:02:00.0: reg 0x20: [mem 0x00000000-0x00003fff 64bit pref]
[    2.751490] pci 0000:02:00.0: supports D1 D2
[    2.755773] pci 0000:02:00.0: PME# supported from D0 D1 D2 D3hot D3cold
[    2.769720]  mmcblk1: p1 p2 p3
[    2.783186] PCI: bus2: Fast back to back transfers disabled
[    2.788765] pci_bus 0000:02: busn_res: [bus 02-ff] end is updated to 02
[    2.795487] pci 0000:00:01.0: BAR 8: assigned [mem 0x13000000-0x130fffff]
[    2.802290] pci 0000:00:02.0: BAR 8: assigned [mem 0x13100000-0x131fffff]
[    2.809131] pci 0000:00:02.0: BAR 9: assigned [mem 0x20000000-0x200fffff 64bit pref]
[    2.816918] pci 0000:00:02.0: BAR 7: assigned [io  0x1000-0x1fff]
[    2.823038] pci 0000:01:00.0: BAR 0: assigned [mem 0x13000000-0x13001fff 64bit]
[    2.830365] pci 0000:00:01.0: PCI bridge to [bus 01]
[    2.835382] pci 0000:00:01.0:   bridge window [mem 0x13000000-0x130fffff]
[    2.842184] pci 0000:02:00.0: BAR 4: assigned [mem 0x20000000-0x20003fff 64bit pref]
[    2.849960] pci 0000:02:00.0: BAR 2: assigned [mem 0x13100000-0x13100fff 64bit]
[    2.857332] pci 0000:02:00.0: BAR 0: assigned [io  0x1000-0x10ff]
[    2.863450] pci 0000:00:02.0: PCI bridge to [bus 02]
[    2.868412] pci 0000:00:02.0:   bridge window [io  0x1000-0x1fff]
[    2.874555] pci 0000:00:02.0:   bridge window [mem 0x13100000-0x131fffff]
[    2.881341] pci 0000:00:02.0:   bridge window [mem 0x20000000-0x200fffff 64bit pref]
[    2.889129] pci 0000:00:01.0: nv_msi_ht_cap_quirk didn't locate host bridge
[    2.896281] pcieport 0000:00:01.0: enabling device (0140 -> 0142)
[    2.902620] pcieport 0000:00:01.0: Signaling PME with IRQ 395
[    2.908522] pci 0000:00:02.0: nv_msi_ht_cap_quirk didn't locate host bridge
[    2.915668] pcieport 0000:00:02.0: enabling device (0140 -> 0143)
[    2.922009] pcieport 0000:00:02.0: Signaling PME with IRQ 396
[    2.928120] r8169 Gigabit Ethernet driver 2.3LK-NAPI loaded
[    2.933773] r8169 0000:02:00.0: enabling device (0140 -> 0143)
[    2.964761] r8169 0000:02:00.0 eth0: RTL8168g/8111g at 0x7a5f7cfc, 00:04:4b:3a:d9:81, XID 0c000800 IRQ 397
[    2.974452] r8169 0000:02:00.0 eth0: jumbo features [frames: 9200 bytes, tx checksumming: ko]
[    2.987000] +1.05V_RUN_AVDD_HDMI_PLL: supplied by +1.05V_RUN
[    2.995365] [drm] Supports vblank timestamp caching Rev 2 (21.10.2013).
[    3.001990] [drm] No driver support for vblank timestamp query.
[    3.131059] tegra-hdmi 54280000.hdmi: cannot set audio to 48000 Hz at 297000000 Hz pixel clock
[    3.295144] Console: switching to colour frame buffer device 512x135
[    3.393793] drm drm: fb0:  frame buffer device
[    3.398368] [drm] Initialized tegra 0.0.0 20120330 for drm on minor 0
[    3.406274] cpufreq: cpufreq_online: CPU0: Running at unlisted freq: 696000 KHz
[    3.413618] cpufreq: cpufreq_online: CPU0: Unlisted initial frequency changed to: 714000 KHz
[    3.422632] input: gpio-keys as /devices/soc0/gpio-keys/input/input0
[    3.429565] as3722-rtc as3722-rtc: setting system clock to 2000-01-01 00:04:47 UTC (946685087)
[    3.438505] +USB0_VBUS_SW: disabling
[    3.442081] +1.8V_RUN_CAM: disabling
[    3.445883] +2.8V_RUN_CAM: disabling
[    3.449633] +1.2V_RUN_CAM_FRONT: disabling
[    3.454006] +1.05V_RUN_CAM_REAR: disabling
[    3.458197] +3.3V_RUN_TOUCH: disabling
[    3.462045] +2.8V_RUN_CAM_AF: disabling
[    3.466069] +1.8V_RUN_VPP_FUSE: disabling
[    3.470890] EXT4-fs (mmcblk0p1): mounting ext3 file system using the ext4 subsystem
[    3.491663] EXT4-fs (mmcblk0p1): recovery complete
[    3.496503] EXT4-fs (mmcblk0p1): mounted filesystem with ordered data mode. Opts: (null)
[    3.504653] VFS: Mounted root (ext3 filesystem) on device 179:1.
[    3.514907] devtmpfs: mounted
[    3.518540] Freeing unused kernel memory: 2048K
bash: cannot set terminal process group (-1): Inappropriate ioctl for device
bash: no job control in this shell
root@(none):/# mount -t sysfs none /sys
root@(none):/# 
root@(none):/# mount -t debugfs none /sys/kernel/debug
root@(none):/# 
root@(none):/# rtcwake -d rtc1 -m mem -s 3
rtcwake: assuming RTC uses UTC ...
rtcwake: wakeup from "mem" using /dev/rtc1 at Thu Jan  1 00:00:20 1970
[    6.493107] PM: suspend entry (deep)
[    6.496684] PM: Syncing filesystems ... done.
[    6.602765] Freezing user space processes ... (elapsed 0.001 seconds) done.
[    6.610897] OOM killer disabled.
[    6.614130] Freezing remaining freezable tasks ... (elapsed 0.001 seconds) done.
[    6.622653] Suspending console(s) (use no_console_suspend to debug)
[    6.783956] Disabling non-boot CPUs ...
[    6.893155] IRQ17 no longer affine to CPU2
[    6.953720] Entering suspend state LP1
[    6.953732] Enabling non-boot CPUs ...
[    6.954006] CPU1 is up
[    6.954236] CPU2 is up
[    6.954498] CPU3 is up
[    6.955219] pcieport 0000:00:01.0: nv_msi_ht_cap_quirk didn't locate host bridge
[    6.955283] pcieport 0000:00:02.0: nv_msi_ht_cap_quirk didn't locate host bridge
[    7.023446] tegra-hdmi 54280000.hdmi: cannot set audio to 48000 Hz at 297000000 Hz pixel clock
[    7.183542] OOM killer enabled.
[    7.186670] Restarting tasks ... done.
[    7.279856] PM: suspend exit
root@(none):/# 
root@(none):/# [    7.327428] ata1: SATA link down (SStatus 0 SControl 300)
rtcwake -d rtc1 -m mem -s 3
rtcwake: assuming RTC uses UTC ...
rtcwake: wakeup from "mem" using /dev/rtc1 at Thu Jan  1 00:00:24 1970
[    7.677562] PM: suspend entry (deep)
[    7.681156] PM: Syncing filesystems ... done.
[    7.767792] Freezing user space processes ... (elapsed 0.001 seconds) done.
[    7.776056] OOM killer disabled.
[    7.779286] Freezing remaining freezable tasks ... (elapsed 0.001 seconds) done.
[    7.787957] Suspending console(s) (use no_console_suspend to debug)
[    7.819791] pci_generic_config_write32: 80 callbacks suppressed
[    7.819801] pci_bus 0000:00: 2-byte config write to 0000:00:02.0 offset 0x9c may corrupt adjacent RW1C bits
[    7.819828] pci_bus 0000:00: 2-byte config write to 0000:00:01.0 offset 0x9c may corrupt adjacent RW1C bits
[    7.953920] Disabling non-boot CPUs ...
[    8.063133] IRQ17 no longer affine to CPU2
[    8.123586] Entering suspend state LP1
[    8.123598] Enabling non-boot CPUs ...
[    8.123919] CPU1 is up
[    8.124149] CPU2 is up
[    8.124415] CPU3 is up
[    8.125040] pci_bus 0000:00: 2-byte config write to 0000:00:02.0 offset 0x4c may corrupt adjacent RW1C bits
[    8.125049] pci_bus 0000:00: 2-byte config write to 0000:00:01.0 offset 0x4c may corrupt adjacent RW1C bits
[    8.125057] pci_bus 0000:00: 2-byte config write to 0000:00:02.0 offset 0x88 may corrupt adjacent RW1C bits
[    8.125063] pci_bus 0000:00: 2-byte config write to 0000:00:02.0 offset 0x90 may corrupt adjacent RW1C bits
[    8.125067] pci_bus 0000:00: 2-byte config write to 0000:00:01.0 offset 0x88 may corrupt adjacent RW1C bits
[    8.125072] pci_bus 0000:00: 2-byte config write to 0000:00:02.0 offset 0x98 may corrupt adjacent RW1C bits
[    8.125077] pci_bus 0000:00: 2-byte config write to 0000:00:01.0 offset 0x90 may corrupt adjacent RW1C bits
[    8.125081] pci_bus 0000:00: 2-byte config write to 0000:00:02.0 offset 0x9c may corrupt adjacent RW1C bits
[    8.125177] pcieport 0000:00:02.0: nv_msi_ht_cap_quirk didn't locate host bridge
[    8.125178] pcieport 0000:00:01.0: nv_msi_ht_cap_quirk didn't locate host bridge
[    8.193397] tegra-hdmi 54280000.hdmi: cannot set audio to 48000 Hz at 297000000 Hz pixel clock
[    8.456723] OOM killer enabled.
[    8.459856] Restarting tasks ... done.
[    8.495905] ata1: SATA link down (SStatus 0 SControl 300)
[    8.578841] PM: suspend exit
root@(none):/# 
root@(none):/# rtcwake -d rtc1 -m mem -s 3
rtcwake: assuming RTC uses UTC ...
rtcwake: wakeup from "mem" using /dev/rtc1 at Thu Jan  1 00:00:28 1970
[    8.846707] PM: suspend entry (deep)
[    8.850301] PM: Syncing filesystems ... done.
[    8.915573] Freezing user space processes ... (elapsed 0.001 seconds) done.
[    8.923779] OOM killer disabled.
[    8.927007] Freezing remaining freezable tasks ... (elapsed 0.001 seconds) done.
[    8.935641] Suspending console(s) (use no_console_suspend to debug)
[    9.083941] Disabling non-boot CPUs ...
[    9.123118] IRQ17 no longer affine to CPU1
[    9.223509] Entering suspend state LP1
[    9.223522] Enabling non-boot CPUs ...
[    9.223816] CPU1 is up
[    9.224052] CPU2 is up
[    9.224324] CPU3 is up
[    9.225074] pcieport 0000:00:01.0: nv_msi_ht_cap_quirk didn't locate host bridge
[    9.225076] pcieport 0000:00:02.0: nv_msi_ht_cap_quirk didn't locate host bridge
[    9.293416] tegra-hdmi 54280000.hdmi: cannot set audio to 48000 Hz at 297000000 Hz pixel clock
[    9.453978] OOM killer enabled.
[    9.457106] Restarting tasks ... done.
[    9.594203] ata1: SATA link down (SStatus 0 SControl 300)
[    9.766744] PM: suspend exit
root@(none):/# 
root@(none):/# rtcwake -d rtc1 -m mem -s 3
rtcwake: assuming RTC uses UTC ...
rtcwake: wakeup from "mem" using /dev/rtc1 at Thu Jan  1 00:00:32 1970
[    9.934871] PM: suspend entry (deep)
[    9.938465] PM: Syncing filesystems ... done.
[   10.015571] Freezing user space processes ... (elapsed 0.001 seconds) done.
[   10.023771] OOM killer disabled.
[   10.027000] Freezing remaining freezable tasks ... (elapsed 0.001 seconds) done.
[   10.035635] Suspending console(s) (use no_console_suspend to debug)
[   10.183865] Disabling non-boot CPUs ...
[   10.293104] IRQ17 no longer affine to CPU2
[   10.353548] Entering suspend state LP1
[   10.353562] Enabling non-boot CPUs ...
[   10.353906] CPU1 is up
[   10.354194] CPU2 is up
[   10.354533] CPU3 is up
[   10.355393] pcieport 0000:00:02.0: nv_msi_ht_cap_quirk didn't locate host bridge
[   10.355496] pcieport 0000:00:01.0: nv_msi_ht_cap_quirk didn't locate host bridge
[   10.443381] tegra-hdmi 54280000.hdmi: cannot set audio to 48000 Hz at 297000000 Hz pixel clock
[   10.611246] OOM killer enabled.
[   10.614383] Restarting tasks ... done.
[   10.697420] PM: suspend exit
root@(none):/# 
root@(none):/# [   10.736828] ata1: SATA link down (SStatus 0 SControl 300)
rtcwake -d rtc1 -m mem -s 3
rtcwake: assuming RTC uses UTC ...
rtcwake: wakeup from "mem" using /dev/rtc1 at Thu Jan  1 00:00:36 1970
[   11.089402] PM: suspend entry (deep)
[   11.093066] PM: Syncing filesystems ... done.
[   11.286099] Freezing user space processes ... (elapsed 0.001 seconds) done.
[   11.294369] OOM killer disabled.
[   11.297594] Freezing remaining freezable tasks ... (elapsed 0.001 seconds) done.
[   11.306206] Suspending console(s) (use no_console_suspend to debug)
[   11.463816] Disabling non-boot CPUs ...
[   11.623524] Entering suspend state LP1
[   11.623538] Enabling non-boot CPUs ...
[   11.623881] CPU1 is up
[   11.624168] CPU2 is up
[   11.624499] CPU3 is up
[   11.625363] pcieport 0000:00:02.0: nv_msi_ht_cap_quirk didn't locate host bridge
[   11.625457] pcieport 0000:00:01.0: nv_msi_ht_cap_quirk didn't locate host bridge
[   11.693385] tegra-hdmi 54280000.hdmi: cannot set audio to 48000 Hz at 297000000 Hz pixel clock
[   11.857195] OOM killer enabled.
[   11.860324] Restarting tasks ... done.
[   11.947161] PM: suspend exit
root@(none):/# 
root@(none):/# [   11.997206] ata1: SATA link down (SStatus 0 SControl 300)
rtcwake -d rtc1 -m mem -s 3
rtcwake: assuming RTC uses UTC ...
rtcwake: wakeup from "mem" using /dev/rtc1 at Thu Jan  1 00:00:40 1970
[   12.340424] PM: suspend entry (deep)
[   12.344079] PM: Syncing filesystems ... done.
[   12.420731] Freezing user space processes ... (elapsed 0.001 seconds) done.
[   12.428954] OOM killer disabled.
[   12.432182] Freezing remaining freezable tasks ... (elapsed 0.001 seconds) done.
[   12.440808] Suspending console(s) (use no_console_suspend to debug)
[   12.623793] Disabling non-boot CPUs ...
[   12.783408] Entering suspend state LP1
[   12.783420] Enabling non-boot CPUs ...
[   12.783713] CPU1 is up
[   12.783944] CPU2 is up
[   12.784207] CPU3 is up
[   12.784939] pcieport 0000:00:01.0: nv_msi_ht_cap_quirk didn't locate host bridge
[   12.784940] pcieport 0000:00:02.0: nv_msi_ht_cap_quirk didn't locate host bridge
[   12.839514] pci_generic_config_write32: 128 callbacks suppressed
[   12.839519] pci_bus 0000:00: 2-byte config write to 0000:00:02.0 offset 0x9c may corrupt adjacent RW1C bits
[   12.839538] pci_bus 0000:00: 2-byte config write to 0000:00:01.0 offset 0x9c may corrupt adjacent RW1C bits
[   12.863313] tegra-hdmi 54280000.hdmi: cannot set audio to 48000 Hz at 297000000 Hz pixel clock
[   13.044607] OOM killer enabled.
[   13.047735] Restarting tasks ... done.
[   13.115359] PM: suspend exit
root@(none):/# 
root@(none):/# [   13.166578] ata1: SATA link down (SStatus 0 SControl 300)
rtcwake -d rtc1 -m mem -s 3
rtcwake: assuming RTC uses UTC ...
rtcwake: wakeup from "mem" using /dev/rtc1 at Thu Jan  1 00:00:44 1970
[   13.502753] PM: suspend entry (deep)
[   13.506412] PM: Syncing filesystems ... done.
[   13.577162] Freezing user space processes ... (elapsed 0.001 seconds) done.
[   13.585348] OOM killer disabled.
[   13.588576] Freezing remaining freezable tasks ... (elapsed 0.001 seconds) done.
[   13.597198] Suspending console(s) (use no_console_suspend to debug)
[   13.616620] pci_bus 0000:00: 2-byte config write to 0000:00:02.0 offset 0x9c may corrupt adjacent RW1C bits
[   13.616646] pci_bus 0000:00: 2-byte config write to 0000:00:01.0 offset 0x9c may corrupt adjacent RW1C bits
[   13.753822] Disabling non-boot CPUs ...
[   13.803025] IRQ17 no longer affine to CPU1
[   13.923396] Entering suspend state LP1
[   13.923409] Enabling non-boot CPUs ...
[   13.923699] CPU1 is up
[   13.923931] CPU2 is up
[   13.924193] CPU3 is up
[   13.924821] pci_bus 0000:00: 2-byte config write to 0000:00:01.0 offset 0x4c may corrupt adjacent RW1C bits
[   13.924828] pci_bus 0000:00: 2-byte config write to 0000:00:02.0 offset 0x4c may corrupt adjacent RW1C bits
[   13.924838] pci_bus 0000:00: 2-byte config write to 0000:00:01.0 offset 0x88 may corrupt adjacent RW1C bits
[   13.924843] pci_bus 0000:00: 2-byte config write to 0000:00:02.0 offset 0x88 may corrupt adjacent RW1C bits
[   13.924847] pci_bus 0000:00: 2-byte config write to 0000:00:01.0 offset 0x90 may corrupt adjacent RW1C bits
[   13.924852] pci_bus 0000:00: 2-byte config write to 0000:00:02.0 offset 0x90 may corrupt adjacent RW1C bits
[   13.924951] pcieport 0000:00:01.0: nv_msi_ht_cap_quirk didn't locate host bridge
[   13.924952] pcieport 0000:00:02.0: nv_msi_ht_cap_quirk didn't locate host bridge
[   14.003295] tegra-hdmi 54280000.hdmi: cannot set audio to 48000 Hz at 297000000 Hz pixel clock
[   14.241167] OOM killer enabled.
[   14.244305] Restarting tasks ... done.
[   14.287208] PM: suspend exit
root@(none):/# 
[   14.305932] ata1: SATA link down (SStatus 0 SControl 300)
root@(none):/# rtcwake -d rtc1 -m mem -s 3
rtcwake: assuming RTC uses UTC ...
rtcwake: wakeup from "mem" using /dev/rtc1 at Thu Jan  1 00:00:48 1970
[   14.643459] PM: suspend entry (deep)
[   14.647061] PM: Syncing filesystems ... done.
[   14.929655] Freezing user space processes ... (elapsed 0.001 seconds) done.
[   14.938000] OOM killer disabled.
[   14.941223] Freezing remaining freezable tasks ... (elapsed 0.001 seconds) done.
[   14.949819] Suspending console(s) (use no_console_suspend to debug)
[   15.103757] Disabling non-boot CPUs ...
[   15.213011] IRQ17 no longer affine to CPU2
[   15.253378] Entering suspend state LP1
[   15.253391] Enabling non-boot CPUs ...
[   15.253683] CPU1 is up
[   15.253914] CPU2 is up
[   15.254178] CPU3 is up
[   15.254903] pcieport 0000:00:01.0: nv_msi_ht_cap_quirk didn't locate host bridge
[   15.254905] pcieport 0000:00:02.0: nv_msi_ht_cap_quirk didn't locate host bridge
[   15.323284] tegra-hdmi 54280000.hdmi: cannot set audio to 48000 Hz at 297000000 Hz pixel clock
[   15.483231] OOM killer enabled.
[   15.486359] Restarting tasks ... done.
[   15.624021] ata1: SATA link down (SStatus 0 SControl 300)
[   15.796501] PM: suspend exit
root@(none):/# 
root@(none):/# rtcwake -d rtc1 -m mem -s 3
rtcwake: assuming RTC uses UTC ...
rtcwake: wakeup from "mem" using /dev/rtc1 at Thu Jan  1 00:00:52 1970
[   15.979426] PM: suspend entry (deep)
[   15.983106] PM: Syncing filesystems ... done.
[   16.067637] Freezing user space processes ... (elapsed 0.001 seconds) done.
[   16.075898] OOM killer disabled.
[   16.079129] Freezing remaining freezable tasks ... (elapsed 0.001 seconds) done.
[   16.087798] Suspending console(s) (use no_console_suspend to debug)
[   16.253784] Disabling non-boot CPUs ...
[   16.342988] IRQ17 no longer affine to CPU2
[   16.403439] Entering suspend state LP1
[   16.403452] Enabling non-boot CPUs ...
[   16.403743] CPU1 is up
[   16.403977] CPU2 is up
[   16.404241] CPU3 is up
[   16.404967] pcieport 0000:00:01.0: nv_msi_ht_cap_quirk didn't locate host bridge
[   16.404997] pcieport 0000:00:02.0: nv_msi_ht_cap_quirk didn't locate host bridge
[   16.483239] tegra-hdmi 54280000.hdmi: cannot set audio to 48000 Hz at 297000000 Hz pixel clock
[   16.643163] OOM killer enabled.
[   16.646297] Restarting tasks ... done.
[   16.773609] ata1: SATA link down (SStatus 0 SControl 300)
[   16.956385] PM: suspend exit
root@(none):/# 
root@(none):/# rtcwake -d rtc1 -m mem -s 3
rtcwake: assuming RTC uses UTC ...
rtcwake: wakeup from "mem" using /dev/rtc1 at Thu Jan  1 00:00:56 1970
[   17.128212] PM: suspend entry (deep)
[   17.131801] PM: Syncing filesystems ... done.
[   17.283329] Freezing user space processes ... (elapsed 0.001 seconds) done.
[   17.291713] OOM killer disabled.
[   17.294991] Freezing remaining freezable tasks ... (elapsed 0.001 seconds) done.
[   17.303679] Suspending console(s) (use no_console_suspend to debug)
[   17.463791] Disabling non-boot CPUs ...
[   17.572973] IRQ17 no longer affine to CPU2
[   17.633426] Entering suspend state LP1
[   17.633438] Enabling non-boot CPUs ...
[   17.633736] CPU1 is up
[   17.633973] CPU2 is up
[   17.634243] CPU3 is up
[   17.634988] pcieport 0000:00:02.0: nv_msi_ht_cap_quirk didn't locate host bridge
[   17.634990] pcieport 0000:00:01.0: nv_msi_ht_cap_quirk didn't locate host bridge
[   17.713239] tegra-hdmi 54280000.hdmi: cannot set audio to 48000 Hz at 297000000 Hz pixel clock
[   17.873901] OOM killer enabled.
[   17.877029] Restarting tasks ... done.
NVTB SYSTEM SUSPEND TEST COMPLETE
[   18.013960] ata1: SATA link down (SStatus 0 SControl 300)
[   18.186403] PM: suspend exit
root@(none):/# 
root@(none):/# 