
U-Boot SPL 2016.05-rc2 (Apr 21 2016 - 16:23:00)
Trying to boot from RAM


U-Boot 2016.05-rc2 (Apr 21 2016 - 16:23:00 -0700)

TEGRA124
Model: NVIDIA Jetson TK1
Board: NVIDIA Jetson TK1
DRAM:  2 GiB
MC:   Tegra SD/MMC: 0, Tegra SD/MMC: 1
In:    serial
Out:   serial
Err:   serial
Net:   No ethernet found.
Hit any key to stop autoboot:  2  0 
Tegra124 (Jetson TK1) # 
Tegra124 (Jetson TK1) # pci enum
Tegra124 (Jetson TK1) # setenv bootargs 'ignore_loglevel console=ttyS0,115200n8 rw root=PARTUUID=b1791faa-84e8-4e27-83a1-9fb0a77e8803 rootwait gpt debug noinitrd earlyprintk init=/bin/bash'
Tegra124 (Jetson TK1) # setenv ipaddr 192.168.100.102; setenv serverip 192.168.100.1; setenv tftpserverip 192.168.100.1
Tegra124 (Jetson TK1) # tftpboot 0x82000000 zImage.tegra_defconfig

Warning: eth_rtl8169 using MAC address from ROM
Using eth_rtl8169 device
TFTP from server 192.168.100.1; our IP address is 192.168.100.102
Filename 'zImage.tegra_defconfig'.
Load address: 0x82000000
Loading: *#################################################################
	 #################################################################
	 #################################################################
	 #################################################################
	 #################################################################
	 #################################################################
	 ##################################
	 3.5 MiB/s
done
Bytes transferred = 6216816 (5edc70 hex)
Tegra124 (Jetson TK1) # tftpboot 0x83000000 tegra124-jetson-tk1.dtb
Using eth_rtl8169 device
TFTP from server 192.168.100.1; our IP address is 192.168.100.102
Filename 'tegra124-jetson-tk1.dtb'.
Load address: 0x83000000
Loading: *#####
	 3.2 MiB/s
done
Bytes transferred = 66544 (103f0 hex)
Tegra124 (Jetson TK1) # bootz 0x82000000 - 0x83000000
Kernel image @ 0x82000000 [ 0x000000 - 0x5edc70 ]
## Flattened Device Tree blob at 83000000
   Booting using the fdt blob at 0x83000000
   Using Device Tree in place at 83000000, end 830133ef

Starting kernel ...

[    0.000000] Booting Linux on physical CPU 0x0
[    0.000000] Linux version 4.16.0-rc1-28877-g7928b2c (jonathanh@kaivo) (gcc version 4.7.3 20130328 (prerelease) (crosstool-NG linaro-1.13.1-4.7-2013.04-20130415 - Linaro GCC 2013.04)) #1 SMP PREEMPT Sun Feb 11 15:34:51 PST 2018
[    0.000000] CPU: ARMv7 Processor [413fc0f3] revision 3 (ARMv7), cr=10c5387d
[    0.000000] CPU: div instructions available: patching division code
[    0.000000] CPU: PIPT / VIPT nonaliasing data cache, PIPT instruction cache
[    0.000000] OF: fdt: Machine model: NVIDIA Tegra124 Jetson TK1
[    0.000000] debug: ignoring loglevel setting.
[    0.000000] bootconsole [earlycon0] enabled
[    0.000000] Memory policy: Data cache writealloc
[    0.000000] cma: Reserved 64 MiB at 0xfbc00000
[    0.000000] On node 0 totalpages: 524032
[    0.000000]   Normal zone: 1536 pages used for memmap
[    0.000000]   Normal zone: 0 pages reserved
[    0.000000]   Normal zone: 196608 pages, LIFO batch:31
[    0.000000]   HighMem zone: 327424 pages, LIFO batch:31
[    0.000000] random: fast init done
[    0.000000] percpu: Embedded 17 pages/cpu @(ptrval) s39296 r8192 d22144 u69632
[    0.000000] pcpu-alloc: s39296 r8192 d22144 u69632 alloc=17*4096
[    0.000000] pcpu-alloc: [0] 0 [0] 1 [0] 2 [0] 3 
[    0.000000] Built 1 zonelists, mobility grouping on.  Total pages: 522496
[    0.000000] Kernel command line: ignore_loglevel console=ttyS0,115200n8 rw root=PARTUUID=b1791faa-84e8-4e27-83a1-9fb0a77e8803 rootwait gpt debug noinitrd earlyprintk init=/bin/bash
[    0.000000] Dentry cache hash table entries: 131072 (order: 7, 524288 bytes)
[    0.000000] Inode-cache hash table entries: 65536 (order: 6, 262144 bytes)
[    0.000000] Memory: 1998488K/2096128K available (9216K kernel code, 783K rwdata, 2584K rodata, 1024K init, 298K bss, 32104K reserved, 65536K cma-reserved, 1244160K highmem)
[    0.000000] Virtual kernel memory layout:
[    0.000000]     vector  : 0xffff0000 - 0xffff1000   (   4 kB)
[    0.000000]     fixmap  : 0xffc00000 - 0xfff00000   (3072 kB)
[    0.000000]     vmalloc : 0xf0800000 - 0xff800000   ( 240 MB)
[    0.000000]     lowmem  : 0xc0000000 - 0xf0000000   ( 768 MB)
[    0.000000]     pkmap   : 0xbfe00000 - 0xc0000000   (   2 MB)
[    0.000000]     modules : 0xbf000000 - 0xbfe00000   (  14 MB)
[    0.000000]       .text : 0x(ptrval) - 0x(ptrval)   (10208 kB)
[    0.000000]       .init : 0x(ptrval) - 0x(ptrval)   (1024 kB)
[    0.000000]       .data : 0x(ptrval) - 0x(ptrval)   ( 784 kB)
[    0.000000]        .bss : 0x(ptrval) - 0x(ptrval)   ( 299 kB)
[    0.000000] Preemptible hierarchical RCU implementation.
[    0.000000] 	Tasks RCU enabled.
[    0.000000] NR_IRQS: 16, nr_irqs: 16, preallocated irqs: 16
[    0.000000] /interrupt-controller@60004000: 160 interrupts forwarded to /interrupt-controller@50041000
[    0.000000] Tegra clk 127: register failed with -17
[    0.000009] sched_clock: 32 bits at 1000kHz, resolution 1000ns, wraps every 2147483647500ns
[    0.007466] clocksource: timer_us: mask: 0xffffffff max_cycles: 0xffffffff, max_idle_ns: 1911260446275 ns
[    0.016994] Switching to timer-based delay loop, resolution 1000ns
[    0.024160] arch_timer: cp15 timer(s) running at 12.00MHz (virt).
[    0.029219] clocksource: arch_sys_counter: mask: 0xffffffffffffff max_cycles: 0x2c47f4ee7, max_idle_ns: 440795202497 ns
[    0.039966] sched_clock: 56 bits at 12MHz, resolution 83ns, wraps every 4398046511096ns
[    0.047934] Switching to timer-based delay loop, resolution 83ns
[    0.054401] Console: colour dummy device 80x30
[    0.058350] Calibrating delay loop (skipped), value calculated using timer frequency.. 24.00 BogoMIPS (lpj=120000)
[    0.068660] pid_max: default: 32768 minimum: 301
[    0.073733] Mount-cache hash table entries: 2048 (order: 1, 8192 bytes)
[    0.079846] Mountpoint-cache hash table entries: 2048 (order: 1, 8192 bytes)
[    0.087672] CPU: Testing write buffer coherency: ok
[    0.092010] /cpus/cpu@0 missing clock-frequency property
[    0.097020] /cpus/cpu@1 missing clock-frequency property
[    0.102326] /cpus/cpu@2 missing clock-frequency property
[    0.107593] /cpus/cpu@3 missing clock-frequency property
[    0.112863] CPU0: thread -1, cpu 0, socket 0, mpidr 80000000
[    0.152976] Setting up static identity map for 0x80100000 - 0x801000a0
[    0.157730] Hierarchical SRCU implementation.
[    0.173510] Tegra Revision: A01 SKU: 129 CPU Process: 1 SoC Process: 1
[    0.193000] smp: Bringing up secondary CPUs ...
[    0.243627] CPU1: thread -1, cpu 1, socket 0, mpidr 80000001
[    0.323739] CPU2: thread -1, cpu 2, socket 0, mpidr 80000002
[    0.403854] CPU3: thread -1, cpu 3, socket 0, mpidr 80000003
[    0.413427] smp: Brought up 1 node, 4 CPUs
[    0.432531] SMP: Total of 4 processors activated (96.00 BogoMIPS).
[    0.438685] CPU: All CPU(s) started in SVC mode.
[    0.445127] devtmpfs: initialized
[    0.465118] VFP support v0.3: implementor 41 architecture 4 part 30 variant f rev 0
[    0.471222] clocksource: jiffies: mask: 0xffffffff max_cycles: 0xffffffff, max_idle_ns: 19112604462750000 ns
[    0.480674] futex hash table entries: 1024 (order: 4, 65536 bytes)
[    0.488209] pinctrl core: initialized pinctrl subsystem
[    0.493227] NET: Registered protocol family 16
[    0.497917] DMA: preallocated 256 KiB pool for atomic coherent allocations
[    0.504571] cpuidle: using governor menu
[    0.530091] No ATAGs?
[    0.530225] hw-breakpoint: found 5 (+1 reserved) breakpoint and 4 watchpoint registers.
[    0.538587] hw-breakpoint: maximum watchpoint size is 8 bytes.
[    0.546353] iommu: Adding device 50000000.host1x to group 0
[    0.550119] iommu: Adding device 54200000.dc to group 1
[    0.555264] iommu: Adding device 54240000.dc to group 1
[    0.560503] iommu: Adding device 57000000.gpu to group 2
[    0.582869] +5V_SYS: supplied by +VDD_MUX
[    0.585370] +3.3V_SYS: supplied by +VDD_MUX
[    0.589925] +USB0_VBUS_SW: Failed to request enable GPIO108: -517
[    0.595238] reg-fixed-voltage regulators:regulator@7: Failed to register regulator: -517
[    0.603363] +5V_USB_HS: Failed to request enable GPIO109: -517
[    0.609089] reg-fixed-voltage regulators:regulator@8: Failed to register regulator: -517
[    0.617323] +1.05V_RUN_AVDD_HDMI_PLL: Failed to request enable GPIO63: -517
[    0.624118] reg-fixed-voltage regulators:regulator@11: Failed to register regulator: -517
[    0.632313] +5V_HDMI_CON: Failed to request enable GPIO86: -517
[    0.638121] reg-fixed-voltage regulators:regulator@12: Failed to register regulator: -517
[    0.646350] +5V_SATA: Failed to request enable GPIO242: -517
[    0.651901] reg-fixed-voltage regulators:regulator@13: Failed to register regulator: -517
[    0.660130] +12V_SATA: Failed to request enable GPIO242: -517
[    0.665773] reg-fixed-voltage regulators:regulator@14: Failed to register regulator: -517
[    0.675200] vgaarb: loaded
[    0.677368] SCSI subsystem initialized
[    0.680548] libata version 3.00 loaded.
[    0.684447] usbcore: registered new interface driver usbfs
[    0.689666] usbcore: registered new interface driver hub
[    0.694961] usbcore: registered new device driver usb
[    0.703140] Linux video capture interface: v2.00
[    0.705926] pps_core: LinuxPPS API ver. 1 registered
[    0.710809] pps_core: Software ver. 5.3.6 - Copyright 2005-2007 Rodolfo Giometti <giometti@linux.it>
[    0.719925] PTP clock support registered
[    0.725241] Advanced Linux Sound Architecture Driver Initialized.
[    0.730517] Bluetooth: Core ver 2.22
[    0.733460] NET: Registered protocol family 31
[    0.737856] Bluetooth: HCI device and connection manager initialized
[    0.744160] Bluetooth: HCI socket layer initialized
[    0.749037] Bluetooth: L2CAP socket layer initialized
[    0.754068] Bluetooth: SCO socket layer initialized
[    0.759529] clocksource: Switched to clocksource arch_sys_counter
[    0.857636] NET: Registered protocol family 2
[    0.861088] tcp_listen_portaddr_hash hash table entries: 512 (order: 0, 6144 bytes)
[    0.867776] TCP established hash table entries: 8192 (order: 3, 32768 bytes)
[    0.874861] TCP bind hash table entries: 8192 (order: 4, 65536 bytes)
[    0.881346] TCP: Hash tables configured (established 8192 bind 8192)
[    0.887961] UDP hash table entries: 512 (order: 2, 16384 bytes)
[    0.893428] UDP-Lite hash table entries: 512 (order: 2, 16384 bytes)
[    0.900032] NET: Registered protocol family 1
[    0.914827] RPC: Registered named UNIX socket transport module.
[    0.918833] RPC: Registered udp transport module.
[    0.923563] RPC: Registered tcp transport module.
[    0.928192] RPC: Registered tcp NFSv4.1 backchannel transport module.
[    0.935264] PCI: CLS 0 bytes, default 64
[    0.940355] hw perfevents: enabled with armv7_cortex_a15 PMU driver, 7 counters available
[    0.948387] Initialise system trusted keyrings
[    0.951267] workingset: timestamp_bits=30 max_order=19 bucket_order=0
[    0.958846] squashfs: version 4.0 (2009/01/31) Phillip Lougher
[    0.964117] NFS: Registering the id_resolver key type
[    0.968337] Key type id_resolver registered
[    0.972515] Key type id_legacy registered
[    0.981396] Key type asymmetric registered
[    0.983582] Asymmetric key parser 'x509' registered
[    0.988567] bounce: pool size: 64 pages
[    0.992352] io scheduler noop registered (default)
[    0.997017] io scheduler mq-deadline registered
[    1.001546] io scheduler kyber registered
[    1.007326]  usb2-0: usb2-0 supply vbus not found, using dummy regulator
[    1.012506]  usb2-1: usb2-1 supply vbus not found, using dummy regulator
[    1.019261] tegra-xusb-padctl 7009f000.padctl: failed to setup XUSB ports: -517
[    1.035366] tegra-pcie 1003000.pcie: 2x1, 1x1 configuration
[    1.039070] tegra-pcie 1003000.pcie: Failed to get supply 'avddio-pex': -517
[    1.049040] tegra124-dfll 70110000.clock: couldn't get vdd_cpu regulator
[    1.059783] tegra-apbdma 60020000.dma: Tegra20 APB DMA driver register 32 channels
[    1.066740] tegra-pmc 7000e400.pmc: emergency thermal reset enabled
[    1.072353] Serial: 8250/16550 driver, 4 ports, IRQ sharing disabled
[    1.079908] console [ttyS0] disabled
[    1.081618] 70006300.serial: ttyS0 at MMIO 0x70006300 (irq = 335, base_baud = 25500000) is a Tegra
[    1.090944] console [ttyS0] enabled
[    1.090944] console [ttyS0] enabled
[    1.096746] bootconsole [earlycon0] disabled
[    1.096746] bootconsole [earlycon0] disabled
[    1.106136] 70006000.serial: ttyTHS1 at MMIO 0x70006000 (irq = 333, base_baud = 0) is a TEGRA_UART
[    1.117175] 70006040.serial: ttyTHS2 at MMIO 0x70006040 (irq = 334, base_baud = 0) is a TEGRA_UART
[    1.145894] tegra-hdmi 54280000.hdmi: failed to get HDMI regulator
[    1.165724] loop: module loaded
[    1.170320] at24 0-0056: 256 byte 24c02 EEPROM, writable, 8 bytes/write
[    1.177735] as3722 4-0040: AS3722 with revision 0x1 found
[    1.190012] as3722-sd2: supplied by +5V_SYS
[    1.194690] as3722-sd3: supplied by +5V_SYS
[    1.199112] +1.35V_LP0(sd3): Bringing 0uV into 1350000-1350000uV
[    1.205507] as3722-sd4: supplied by +5V_SYS
[    1.210193] as3722-sd5: supplied by +5V_SYS
[    1.216274] as3722-ldo0: supplied by +1.35V_LP0(sd2)
[    1.222470] +1.8V_RUN_CAM: Bringing 0uV into 1800000-1800000uV
[    1.228705] as3722-ldo2: supplied by +1.8V_VDDIO
[    1.234692] as3722-ldo3: supplied by +3.3V_SYS
[    1.239188] +1.05V_LP0_VDD_RTC: Bringing 1100000uV into 1000000-1000000uV
[    1.247013] as3722-ldo4: supplied by +3.3V_SYS
[    1.251718] +2.8V_RUN_CAM: Bringing 0uV into 2800000-2800000uV
[    1.257952] as3722-ldo5: supplied by +1.8V_VDDIO
[    1.262837] +1.2V_RUN_CAM_FRONT: Bringing 0uV into 1200000-1200000uV
[    1.269840] +VDDIO_SDMMC3: bypassed regulator has no supply!
[    1.275493] +VDDIO_SDMMC3: failed to get the current voltage(-517)
[    1.281694] as3722-regulator as3722-regulator: regulator 13 register failed -517
[    1.293046] tegra-ahci 70027000.sata: couldn't get PHY in node sata: -517
[    1.311440] m25p80 spi1.0: w25q32dw (4096 Kbytes)
[    1.328351] libphy: Fixed MDIO Bus: probed
[    1.332475] CAN device driver interface
[    1.336359] igb: Intel(R) Gigabit Ethernet Network Driver - version 5.4.0-k
[    1.343527] igb: Copyright (c) 2007-2014 Intel Corporation.
[    1.349233] pegasus: v0.9.3 (2013/04/25), Pegasus/Pegasus II USB Ethernet driver
[    1.356711] usbcore: registered new interface driver pegasus
[    1.362462] usbcore: registered new interface driver asix
[    1.367913] usbcore: registered new interface driver ax88179_178a
[    1.374072] usbcore: registered new interface driver cdc_ether
[    1.379990] usbcore: registered new interface driver smsc75xx
[    1.385793] usbcore: registered new interface driver smsc95xx
[    1.391608] usbcore: registered new interface driver net1080
[    1.397311] usbcore: registered new interface driver cdc_subset
[    1.403298] usbcore: registered new interface driver zaurus
[    1.408937] usbcore: registered new interface driver cdc_ncm
[    1.414847] tegra-phy 7d000000.usb-phy: no vbus regulator
[    1.420493] tegra-phy 7d004000.usb-phy: no vbus regulator
[    1.426192] ehci_hcd: USB 2.0 'Enhanced' Host Controller (EHCI) Driver
[    1.432734] ehci-pci: EHCI PCI platform driver
[    1.437236] tegra-ehci: Tegra EHCI driver
[    1.444106] tegra-ehci 7d004000.usb: EHCI Host Controller
[    1.449547] tegra-ehci 7d004000.usb: new USB bus registered, assigned bus number 1
[    1.457345] tegra-ehci 7d004000.usb: irq 356, io mem 0x7d004000
[    1.489560] tegra-ehci 7d004000.usb: USB 2.0 started, EHCI 1.10
[    1.496378] hub 1-0:1.0: USB hub found
[    1.500194] hub 1-0:1.0: 1 port detected
[    1.505371] usbcore: registered new interface driver cdc_acm
[    1.511045] cdc_acm: USB Abstract Control Model driver for USB modems and ISDN adapters
[    1.519096] usbcore: registered new interface driver cdc_wdm
[    1.524852] usbcore: registered new interface driver usb-storage
[    1.539234] as3722-rtc as3722-rtc: rtc core: registered as3722-rtc as rtc0
[    1.546128] as3722-rtc as3722-rtc: RTC interrupt 379
[    1.553948] tegra_rtc 7000e000.rtc: rtc core: registered 7000e000.rtc as rtc1
[    1.561157] tegra_rtc 7000e000.rtc: Tegra internal Real Time Clock
[    1.567666] i2c /dev entries driver
[    1.572460] usbcore: registered new interface driver uvcvideo
[    1.578198] USB Video Class driver (1.1.1)
[    1.582313] gspca_main: v2.14.0 registered
[    1.587033] lm90 0-004c: 0-004c supply vcc not found, using dummy regulator
[    1.597351] tegra-wdt 60005000.timer: initialized (heartbeat = 120 sec, nowayout = 0)
[    1.606250] sdhci: Secure Digital Host Controller Interface driver
[    1.612576] sdhci: Copyright(c) Pierre Ossman
[    1.616929] sdhci-pltfm: SDHCI platform and OF driver helper
[    1.622928] sdhci-tegra 700b0400.sdhci: Got CD GPIO
[    1.627821] sdhci-tegra 700b0400.sdhci: Got WP GPIO
[    1.649116] mmc0: Unknown controller version (3). You may experience problems.
[    1.656399] mmc0: Invalid maximum block size, assuming 512 bytes
[    1.693533] mmc0: SDHCI controller on 700b0600.sdhci [700b0600.sdhci] using ADMA
[    1.701917] usbcore: registered new interface driver usbhid
[    1.707525] usbhid: USB HID core driver
[    1.751477] mmc0: new high speed MMC card at address 0001
[    1.762169] mmcblk0: mmc0:0001 SEM16G 14.7 GiB 
[    1.771811] mmcblk0boot0: mmc0:0001 SEM16G partition 1 4.00 MiB
[    1.782900] mmcblk0boot1: mmc0:0001 SEM16G partition 2 4.00 MiB
[    1.789049] mmcblk0rpmb: mmc0:0001 SEM16G partition 3 4.00 MiB, chardev (247:0)
[    1.798247]  mmcblk0: p1
[    2.150867] tegra30-i2s 70301100.i2s: DMA channels sourced from device 70300000.ahub
[    2.171183] tegra-snd-rt5640 sound: rt5640-aif1 <-> 70301100.i2s mapping ok
[    2.182153] input: NVIDIA Tegra Jetson TK1 Headphones as /devices/soc0/sound/sound/card1/input0
[    2.193315] NET: Registered protocol family 10
[    2.199148] Segment Routing with IPv6
[    2.203068] mip6: Mobile IPv6
[    2.206035] sit: IPv6, IPv4 and MPLS over IPv4 tunneling driver
[    2.213479] NET: Registered protocol family 17
[    2.217937] NET: Registered protocol family 15
[    2.222401] can: controller area network core (rev 20170425 abi 9)
[    2.228782] NET: Registered protocol family 29
[    2.233281] can: raw protocol (rev 20170425)
[    2.237559] can: broadcast manager protocol (rev 20170425 t)
[    2.243243] can: netlink gateway (rev 20170425) max_hops=1
[    2.248925] Bluetooth: RFCOMM socket layer initialized
[    2.254108] Bluetooth: RFCOMM ver 1.11
[    2.257864] Bluetooth: BNEP (Ethernet Emulation) ver 1.3
[    2.263230] Bluetooth: BNEP socket layer initialized
[    2.268202] Bluetooth: HIDP (Human Interface Emulation) ver 1.2
[    2.274138] Bluetooth: HIDP socket layer initialized
[    2.279316] Key type dns_resolver registered
[    2.284103] Registering SWP/SWPB emulation handler
[    2.289743] Loading compiled-in X.509 certificates
[    2.314360] +3.3V_RUN: supplied by +3.3V_SYS
[    2.319459] +USB0_VBUS_SW: supplied by +5V_SYS
[    2.324449] +3.3V_AVDD_HDMI_AP_GATED: supplied by +3.3V_RUN
[    2.330436] +5V_USB_HS: supplied by +5V_SYS
[    2.335506] +3.3V_LP0: supplied by +3.3V_SYS
[    2.340996] +5V_HDMI_CON: supplied by +5V_SYS
[    2.345786] +5V_SATA: supplied by +5V_SYS
[    2.350352] +12V_SATA: supplied by +VDD_MUX
[    2.355920]  usb2-0: usb2-0 supply vbus not found, using dummy regulator
[    2.362845]  usb2-1: usb2-1 supply vbus not found, using dummy regulator
[    2.369919]  usb3-0: usb3-0 supply vbus not found, using dummy regulator
[    2.377419] tegra-pcie 1003000.pcie: 2x1, 1x1 configuration
[    2.383099] tegra-pcie 1003000.pcie: Failed to get supply 'avddio-pex': -517
[    2.392256] tegra124-dfll 70110000.clock: couldn't get vdd_cpu regulator
[    2.401255] tegra-hdmi 54280000.hdmi: failed to get PLL regulator
[    2.409756] as3722-sd2: supplied by +5V_SYS
[    2.414246] as3722-sd3: supplied by +5V_SYS
[    2.418715] as3722-sd4: supplied by +5V_SYS
[    2.423416] as3722-sd5: supplied by +5V_SYS
[    2.429334] as3722-ldo0: supplied by +1.35V_LP0(sd2)
[    2.435010] as3722-ldo1: supplied by +3.3V_RUN
[    2.439809] as3722-ldo2: supplied by +1.8V_VDDIO
[    2.445481] as3722-ldo3: supplied by +3.3V_SYS
[    2.451242] as3722-ldo4: supplied by +3.3V_SYS
[    2.455987] as3722-ldo5: supplied by +1.8V_VDDIO
[    2.461077] as3722-ldo6: supplied by +3.3V_RUN
[    2.465826] as3722-ldo7: supplied by +1.8V_VDDIO
[    2.471199] +1.05V_RUN_CAM_REAR: Bringing 0uV into 1050000-1050000uV
[    2.478043] as3722-ldo9: supplied by +5V_SYS
[    2.483988] input: tegra-hda HDMI/DP,pcm=3 as /devices/soc0/70030000.hda/sound/card0/input1
[    2.493326] +3.3V_RUN_TOUCH: Bringing 0uV into 2800000-2800000uV
[    2.499884] as3722-ldo10: supplied by +5V_SYS
[    2.504985] +2.8V_RUN_CAM_AF: Bringing 0uV into 2800000-2800000uV
[    2.511842] as3722-ldo11: supplied by +3.3V_RUN
[    2.516893] +1.8V_RUN_VPP_FUSE: Bringing 0uV into 1800000-1800000uV
[    2.526175] tegra-ahci 70027000.sata: AHCI 0001.0301 32 slots 2 ports 3 Gbps 0x1 impl platform mode
[    2.535253] tegra-ahci 70027000.sata: flags: 64bit ncq sntf pm led pio slum part sadm sds apst 
[    2.545997] scsi host0: tegra-ahci
[    2.550695] scsi host1: tegra-ahci
[    2.554399] ata1: SATA max UDMA/133 mmio [mem 0x70027000-0x70028fff] port 0x100 irq 345
[    2.562445] ata2: DUMMY
[    2.566248] tegra-ehci 7d008000.usb: EHCI Host Controller
[    2.571736] tegra-ehci 7d008000.usb: new USB bus registered, assigned bus number 2
[    2.579595] tegra-ehci 7d008000.usb: irq 357, io mem 0x7d008000
[    2.609602] tegra-ehci 7d008000.usb: USB 2.0 started, EHCI 1.10
[    2.616596] hub 2-0:1.0: USB hub found
[    2.620480] hub 2-0:1.0: 1 port detected
[    2.637640] tegra-xusb 70090000.usb: Direct firmware load for nvidia/tegra124/xusb.bin failed with error -2
[    2.647469] tegra-xusb 70090000.usb: failed to request firmware: -2
[    2.653801] tegra-xusb 70090000.usb: failed to load firmware: -2
[    2.660568] tegra-xusb: probe of 70090000.usb failed with error -2
[    2.667590] sdhci-tegra 700b0400.sdhci: Got CD GPIO
[    2.672531] sdhci-tegra 700b0400.sdhci: Got WP GPIO
[    2.683875] mmc1: Unknown controller version (3). You may experience problems.
[    2.691279] mmc1: Invalid maximum block size, assuming 512 bytes
[    2.729470] mmc1: SDHCI controller on 700b0400.sdhci [700b0400.sdhci] using ADMA
[    2.737222] tegra-pcie 1003000.pcie: 2x1, 1x1 configuration
[    2.744779] tegra-pcie 1003000.pcie: probing port 0, using 2 lanes
[    2.752804] tegra-pcie 1003000.pcie: Slot present pin change, signature: 00000008
[    2.777564] tegra-pcie 1003000.pcie: probing port 1, using 1 lanes
[    2.785920] tegra-pcie 1003000.pcie: Slot present pin change, signature: 00000000
[    2.799949] tegra-pcie 1003000.pcie: PCI host bridge to bus 0000:00
[    2.806233] pci_bus 0000:00: root bus resource [io  0x0000-0xffff]
[    2.812549] pci_bus 0000:00: root bus resource [mem 0x13000000-0x1fffffff]
[    2.819567] pci_bus 0000:00: root bus resource [mem 0x20000000-0x3fffffff pref]
[    2.826965] pci_bus 0000:00: root bus resource [bus 00-ff]
[    2.832557] pci 0000:00:01.0: [10de:0e12] type 01 class 0x060400
[    2.838591] pci_bus 0000:00: 2-byte config write to 0000:00:01.0 offset 0x4 may corrupt adjacent RW1C bits
[    2.848358] pci_bus 0000:00: 2-byte config write to 0000:00:01.0 offset 0x4 may corrupt adjacent RW1C bits
[    2.858170] pci 0000:00:01.0: enabling Extended Tags
[    2.863259] pci_bus 0000:00: 2-byte config write to 0000:00:01.0 offset 0x88 may corrupt adjacent RW1C bits
[    2.873073] pci_bus 0000:00: 2-byte config write to 0000:00:01.0 offset 0x52 may corrupt adjacent RW1C bits
[    2.882947] pci 0000:00:01.0: PME# supported from D0 D1 D2 D3hot D3cold
[    2.889709] pci_bus 0000:00: 2-byte config write to 0000:00:01.0 offset 0x4c may corrupt adjacent RW1C bits
[    2.893147] ata1: SATA link down (SStatus 0 SControl 300)
[    2.899881] pci 0000:00:02.0: [10de:0e13] type 01 class 0x060400
[    2.911008] pci_bus 0000:00: 2-byte config write to 0000:00:02.0 offset 0x4 may corrupt adjacent RW1C bits
[    2.920805] pci_bus 0000:00: 2-byte config write to 0000:00:02.0 offset 0x4 may corrupt adjacent RW1C bits
[    2.930542] pci 0000:00:02.0: enabling Extended Tags
[    2.935508] pci_bus 0000:00: 2-byte config write to 0000:00:02.0 offset 0x88 may corrupt adjacent RW1C bits
[    2.945320] pci_bus 0000:00: 2-byte config write to 0000:00:02.0 offset 0x52 may corrupt adjacent RW1C bits
[    2.955163] pci 0000:00:02.0: PME# supported from D0 D1 D2 D3hot D3cold
[    2.961835] pci_bus 0000:00: 2-byte config write to 0000:00:02.0 offset 0x4c may corrupt adjacent RW1C bits
[    2.971888] PCI: bus0: Fast back to back transfers disabled
[    2.977505] pci 0000:00:01.0: bridge configuration invalid ([bus 00-00]), reconfiguring
[    2.985595] pci 0000:00:02.0: bridge configuration invalid ([bus 00-00]), reconfiguring
[    2.993890] pci 0000:01:00.0: [8086:4232] type 00 class 0x028000
[    3.000061] pci 0000:01:00.0: reg 0x10: [mem 0x00000000-0x00001fff 64bit]
[    3.007120] pci 0000:01:00.0: PME# supported from D0 D3hot D3cold
[    3.023936] mmc1: new high speed SDHC card at address aaaa
[    3.034748] mmcblk1: mmc1:aaaa SD04G 3.69 GiB 
[    3.039629] PCI: bus1: Fast back to back transfers disabled
[    3.045210] pci_bus 0000:01: busn_res: [bus 01-ff] end is updated to 01
[    3.052446] pci 0000:02:00.0: [10ec:8168] type 00 class 0x020000
[    3.058831] pci 0000:02:00.0: reg 0x10: [io  0x0000-0x00ff]
[    3.064626] pci 0000:02:00.0: reg 0x18: [mem 0x00000000-0x00000fff 64bit]
[    3.071605] pci 0000:02:00.0: reg 0x20: [mem 0x00000000-0x00003fff 64bit pref]
[    3.079141] pci 0000:02:00.0: supports D1 D2
[    3.083671] pci 0000:02:00.0: PME# supported from D0 D1 D2 D3hot D3cold
[    3.094140]  mmcblk1: p1 p2 p3
[    3.119727] PCI: bus2: Fast back to back transfers disabled
[    3.125308] pci_bus 0000:02: busn_res: [bus 02-ff] end is updated to 02
[    3.132001] pci 0000:00:01.0: BAR 8: assigned [mem 0x13000000-0x130fffff]
[    3.138785] pci 0000:00:02.0: BAR 8: assigned [mem 0x13100000-0x131fffff]
[    3.145615] pci 0000:00:02.0: BAR 9: assigned [mem 0x20000000-0x200fffff 64bit pref]
[    3.153372] pci 0000:00:02.0: BAR 7: assigned [io  0x1000-0x1fff]
[    3.159468] pci 0000:01:00.0: BAR 0: assigned [mem 0x13000000-0x13001fff 64bit]
[    3.166814] pci 0000:00:01.0: PCI bridge to [bus 01]
[    3.171796] pci 0000:00:01.0:   bridge window [mem 0x13000000-0x130fffff]
[    3.178591] pci 0000:02:00.0: BAR 4: assigned [mem 0x20000000-0x20003fff 64bit pref]
[    3.186364] pci 0000:02:00.0: BAR 2: assigned [mem 0x13100000-0x13100fff 64bit]
[    3.193702] pci 0000:02:00.0: BAR 0: assigned [io  0x1000-0x10ff]
[    3.199816] pci 0000:00:02.0: PCI bridge to [bus 02]
[    3.204776] pci 0000:00:02.0:   bridge window [io  0x1000-0x1fff]
[    3.210886] pci 0000:00:02.0:   bridge window [mem 0x13100000-0x131fffff]
[    3.217668] pci 0000:00:02.0:   bridge window [mem 0x20000000-0x200fffff 64bit pref]
[    3.225459] pci 0000:00:01.0: nv_msi_ht_cap_quirk didn't locate host bridge
[    3.232577] pcieport 0000:00:01.0: enabling device (0140 -> 0142)
[    3.238979] pcieport 0000:00:01.0: Signaling PME with IRQ 395
[    3.244925] pci 0000:00:02.0: nv_msi_ht_cap_quirk didn't locate host bridge
[    3.252002] pcieport 0000:00:02.0: enabling device (0140 -> 0143)
[    3.258367] pcieport 0000:00:02.0: Signaling PME with IRQ 396
[    3.264516] r8169 Gigabit Ethernet driver 2.3LK-NAPI loaded
[    3.270156] r8169 0000:02:00.0: enabling device (0140 -> 0143)
[    3.301443] r8169 0000:02:00.0 eth0: RTL8168g/8111g at 0xb5e2d762, 00:04:4b:3a:d9:81, XID 0c000800 IRQ 397
[    3.311120] r8169 0000:02:00.0 eth0: jumbo features [frames: 9200 bytes, tx checksumming: ko]
[    3.323327] +1.05V_RUN_AVDD_HDMI_PLL: supplied by +1.05V_RUN
[    3.332570] [drm] Supports vblank timestamp caching Rev 2 (21.10.2013).
[    3.339195] [drm] No driver support for vblank timestamp query.
[    3.474001] tegra-hdmi 54280000.hdmi: cannot set audio to 48000 Hz at 297000000 Hz pixel clock
[    3.637876] Console: switching to colour frame buffer device 512x135
[    3.733853] drm drm: fb0:  frame buffer device
[    3.738460] [drm] Initialized tegra 0.0.0 20120330 for drm on minor 0
[    3.745974] cpufreq: cpufreq_online: CPU0: Running at unlisted freq: 696000 KHz
[    3.753321] cpufreq: cpufreq_online: CPU0: Unlisted initial frequency changed to: 714000 KHz
[    3.762362] input: gpio-keys as /devices/soc0/gpio-keys/input/input2
[    3.769317] as3722-rtc as3722-rtc: setting system clock to 2000-01-01 00:00:14 UTC (946684814)
[    3.778152] cfg80211: Loading compiled-in X.509 certificates for regulatory database
[    3.787841] cfg80211: Loaded X.509 cert 'sforshee: 00b28ddf47aef9cea7'
[    3.794496] platform regulatory.0: Direct firmware load for regulatory.db failed with error -2
[    3.803162] cfg80211: failed to load regulatory.db
[    3.803467] +USB0_VBUS_SW: disabling
[    3.811570] +1.8V_RUN_CAM: disabling
[    3.815367] +2.8V_RUN_CAM: disabling
[    3.819109] +1.2V_RUN_CAM_FRONT: disabling
[    3.823473] +1.05V_RUN_CAM_REAR: disabling
[    3.827750] +3.3V_RUN_TOUCH: disabling
[    3.831861] +2.8V_RUN_CAM_AF: disabling
[    3.835867] +1.8V_RUN_VPP_FUSE: disabling
[    3.840079] ALSA device list:
[    3.843042]   #0: tegra-hda at 0x70038000 irq 346
[    3.847733]   #1: NVIDIA Tegra Jetson TK1
[    3.852719] EXT4-fs (mmcblk0p1): mounting ext3 file system using the ext4 subsystem
[    3.884172] EXT4-fs (mmcblk0p1): recovery complete
[    3.889878] EXT4-fs (mmcblk0p1): mounted filesystem with ordered data mode. Opts: (null)
[    3.898013] VFS: Mounted root (ext3 filesystem) on device 179:1.
[    3.909088] devtmpfs: mounted
[    3.912765] Freeing unused kernel memory: 1024K
bash: cannot set terminal process group (-1): Inappropriate ioctl for device
bash: no job control in this shell
root@(none):/# mount -t sysfs none /sys
root@(none):/# 
root@(none):/# mount -t debugfs none /sys/kernel/debug
root@(none):/# 
root@(none):/# rtcwake -d rtc1 -m mem -s 3
rtcwake: assuming RTC uses UTC ...
rtcwake: wakeup from "mem" using /dev/rtc1 at Thu Jan  1 00:00:20 1970
[    7.277257] PM: suspend entry (deep)
[    7.280913] PM: Syncing filesystems ... done.
[    7.289887] Freezing user space processes ... (elapsed 0.001 seconds) done.
[    7.291084] OOM killer disabled.
[    7.291086] Freezing remaining freezable tasks ... (elapsed 0.001 seconds) done.
[    7.292275] Suspending console(s) (use no_console_suspend to debug)
[    7.640224] Disabling non-boot CPUs ...
[    7.749747] IRQ17 no longer affine to CPU2
[    7.810379] Entering suspend state LP1
[    7.810391] Enabling non-boot CPUs ...
[    7.811273] CPU1 is up
[    7.812098] CPU2 is up
[    7.812987] CPU3 is up
[    7.813547] pcieport 0000:00:01.0: nv_msi_ht_cap_quirk didn't locate host bridge
[    7.813735] pcieport 0000:00:02.0: nv_msi_ht_cap_quirk didn't locate host bridge
[    7.858962] pci_generic_config_write32: 78 callbacks suppressed
[    7.858970] pci_bus 0000:00: 2-byte config write to 0000:00:02.0 offset 0x9c may corrupt adjacent RW1C bits
[    7.859110] pci_bus 0000:00: 2-byte config write to 0000:00:01.0 offset 0x9c may corrupt adjacent RW1C bits
[    7.889998] tegra-hdmi 54280000.hdmi: cannot set audio to 48000 Hz at 297000000 Hz pixel clock
[    8.192415] ata1: SATA link down (SStatus 0 SControl 300)
[   10.896704] OOM killer enabled.
[   10.899844] Restarting tasks ... done.
root@(none):/# [   11.029282] PM: suspend exit

root@(none):/# rtcwake -d rtc1 -m mem -s 3
rtcwake: assuming RTC uses UTC ...
rtcwake: wakeup from "mem" using /dev/rtc1 at Thu Jan  1 00:00:28 1970
[   12.204853] PM: suspend entry (deep)
[   12.208447] PM: Syncing filesystems ... done.
[   12.213718] Freezing user space processes ... (elapsed 0.001 seconds) done.
[   12.214960] OOM killer disabled.
[   12.214963] Freezing remaining freezable tasks ... (elapsed 0.001 seconds) done.
[   12.216223] Suspending console(s) (use no_console_suspend to debug)
[   12.363665] pci_bus 0000:00: 2-byte config write to 0000:00:02.0 offset 0x9c may corrupt adjacent RW1C bits
[   12.363701] pci_bus 0000:00: 2-byte config write to 0000:00:01.0 offset 0x9c may corrupt adjacent RW1C bits
[   12.600744] Disabling non-boot CPUs ...
[   12.750630] Entering suspend state LP1
[   12.750643] Enabling non-boot CPUs ...
[   12.751548] CPU1 is up
[   12.752374] CPU2 is up
[   12.753280] CPU3 is up
[   12.753798] pci_bus 0000:00: 2-byte config write to 0000:00:01.0 offset 0x4c may corrupt adjacent RW1C bits
[   12.753810] pci_bus 0000:00: 2-byte config write to 0000:00:02.0 offset 0x4c may corrupt adjacent RW1C bits
[   12.753820] pci_bus 0000:00: 2-byte config write to 0000:00:01.0 offset 0x88 may corrupt adjacent RW1C bits
[   12.753828] pci_bus 0000:00: 2-byte config write to 0000:00:01.0 offset 0x90 may corrupt adjacent RW1C bits
[   12.753834] pci_bus 0000:00: 2-byte config write to 0000:00:02.0 offset 0x88 may corrupt adjacent RW1C bits
[   12.753841] pci_bus 0000:00: 2-byte config write to 0000:00:01.0 offset 0x98 may corrupt adjacent RW1C bits
[   12.753951] pcieport 0000:00:01.0: nv_msi_ht_cap_quirk didn't locate host bridge
[   12.753953] pcieport 0000:00:02.0: nv_msi_ht_cap_quirk didn't locate host bridge
[   12.839897] tegra-hdmi 54280000.hdmi: cannot set audio to 48000 Hz at 297000000 Hz pixel clock
[   13.142405] ata1: SATA link down (SStatus 0 SControl 300)
[   15.885139] OOM killer enabled.
[   15.888266] Restarting tasks ... done.
[   16.190817] PM: suspend exit
root@(none):/# 
root@(none):/# rtcwake -d rtc1 -m mem -s 3
rtcwake: assuming RTC uses UTC ...
rtcwake: wakeup from "mem" using /dev/rtc1 at Thu Jan  1 00:00:36 1970
[   17.141648] PM: suspend entry (deep)
[   17.145243] PM: Syncing filesystems ... done.
[   17.151265] Freezing user space processes ... (elapsed 0.001 seconds) done.
[   17.152460] OOM killer disabled.
[   17.152462] Freezing remaining freezable tasks ... (elapsed 0.001 seconds) done.
[   17.153680] Suspending console(s) (use no_console_suspend to debug)
[   17.271740] pci_generic_config_write32: 20 callbacks suppressed
[   17.271748] pci_bus 0000:00: 2-byte config write to 0000:00:02.0 offset 0x9c may corrupt adjacent RW1C bits
[   17.271770] pci_bus 0000:00: 2-byte config write to 0000:00:01.0 offset 0x9c may corrupt adjacent RW1C bits
[   17.510309] Disabling non-boot CPUs ...
[   17.660303] Entering suspend state LP1
[   17.660315] Enabling non-boot CPUs ...
[   17.661229] CPU1 is up
[   17.662064] CPU2 is up
[   17.662976] CPU3 is up
[   17.663483] pci_bus 0000:00: 2-byte config write to 0000:00:01.0 offset 0x4c may corrupt adjacent RW1C bits
[   17.663493] pci_bus 0000:00: 2-byte config write to 0000:00:02.0 offset 0x4c may corrupt adjacent RW1C bits
[   17.663505] pci_bus 0000:00: 2-byte config write to 0000:00:01.0 offset 0x88 may corrupt adjacent RW1C bits
[   17.663512] pci_bus 0000:00: 2-byte config write to 0000:00:02.0 offset 0x88 may corrupt adjacent RW1C bits
[   17.663519] pci_bus 0000:00: 2-byte config write to 0000:00:01.0 offset 0x90 may corrupt adjacent RW1C bits
[   17.663525] pci_bus 0000:00: 2-byte config write to 0000:00:02.0 offset 0x90 may corrupt adjacent RW1C bits
[   17.663531] pci_bus 0000:00: 2-byte config write to 0000:00:01.0 offset 0x98 may corrupt adjacent RW1C bits
[   17.663537] pci_bus 0000:00: 2-byte config write to 0000:00:02.0 offset 0x98 may corrupt adjacent RW1C bits
[   17.663645] pcieport 0000:00:01.0: nv_msi_ht_cap_quirk didn't locate host bridge
[   17.663647] pcieport 0000:00:02.0: nv_msi_ht_cap_quirk didn't locate host bridge
[   17.759894] tegra-hdmi 54280000.hdmi: cannot set audio to 48000 Hz at 297000000 Hz pixel clock
[   18.052335] ata1: SATA link down (SStatus 0 SControl 300)
[   20.820594] OOM killer enabled.
[   20.823722] Restarting tasks ... done.
root@(none):/# 
root@(none):/# [   20.827982] PM: suspend exit
rtcwake -d rtc1 -m mem -s 3
rtcwake: assuming RTC uses UTC ...
rtcwake: wakeup from "mem" using /dev/rtc1 at Thu Jan  1 00:00:44 1970
[   22.054071] PM: suspend entry (deep)
[   22.057666] PM: Syncing filesystems ... done.
[   22.063807] Freezing user space processes ... (elapsed 0.001 seconds) done.
[   22.065028] OOM killer disabled.
[   22.065030] Freezing remaining freezable tasks ... (elapsed 0.001 seconds) done.
[   22.066252] Suspending console(s) (use no_console_suspend to debug)
[   22.390270] Disabling non-boot CPUs ...
[   22.429717] IRQ17 no longer affine to CPU1
[   22.550321] Entering suspend state LP1
[   22.550347] Enabling non-boot CPUs ...
[   22.551265] CPU1 is up
[   22.552095] CPU2 is up
[   22.553012] CPU3 is up
[   22.553509] pci_generic_config_write32: 20 callbacks suppressed
[   22.553517] pci_bus 0000:00: 2-byte config write to 0000:00:01.0 offset 0x4c may corrupt adjacent RW1C bits
[   22.553526] pci_bus 0000:00: 2-byte config write to 0000:00:02.0 offset 0x4c may corrupt adjacent RW1C bits
[   22.553538] pci_bus 0000:00: 2-byte config write to 0000:00:01.0 offset 0x88 may corrupt adjacent RW1C bits
[   22.553545] pci_bus 0000:00: 2-byte config write to 0000:00:02.0 offset 0x88 may corrupt adjacent RW1C bits
[   22.553551] pci_bus 0000:00: 2-byte config write to 0000:00:01.0 offset 0x90 may corrupt adjacent RW1C bits
[   22.553558] pci_bus 0000:00: 2-byte config write to 0000:00:02.0 offset 0x90 may corrupt adjacent RW1C bits
[   22.553564] pci_bus 0000:00: 2-byte config write to 0000:00:01.0 offset 0x98 may corrupt adjacent RW1C bits
[   22.553570] pci_bus 0000:00: 2-byte config write to 0000:00:02.0 offset 0x98 may corrupt adjacent RW1C bits
[   22.553576] pci_bus 0000:00: 2-byte config write to 0000:00:01.0 offset 0x9c may corrupt adjacent RW1C bits
[   22.553582] pci_bus 0000:00: 2-byte config write to 0000:00:02.0 offset 0x9c may corrupt adjacent RW1C bits
[   22.553686] pcieport 0000:00:01.0: nv_msi_ht_cap_quirk didn't locate host bridge
[   22.553688] pcieport 0000:00:02.0: nv_msi_ht_cap_quirk didn't locate host bridge
[   22.639848] tegra-hdmi 54280000.hdmi: cannot set audio to 48000 Hz at 297000000 Hz pixel clock
[   22.942312] ata1: SATA link down (SStatus 0 SControl 300)
[   25.714636] OOM killer enabled.
[   25.717766] Restarting tasks ... done.
root@(none):/# 
root@(none):/# [   25.722160] PM: suspend exit
rtcwake -d rtc1 -m mem -s 3
rtcwake: assuming RTC uses UTC ...
rtcwake: wakeup from "mem" using /dev/rtc1 at Thu Jan  1 00:00:52 1970
[   26.963615] PM: suspend entry (deep)
[   26.967202] PM: Syncing filesystems ... done.
[   26.973489] Freezing user space processes ... (elapsed 0.001 seconds) done.
[   26.974873] OOM killer disabled.
[   26.974878] Freezing remaining freezable tasks ... (elapsed 0.001 seconds) done.
[   26.976277] Suspending console(s) (use no_console_suspend to debug)
[   27.390000] Disabling non-boot CPUs ...
[   27.429588] IRQ17 no longer affine to CPU1
[   27.540053] Entering suspend state LP1
[   27.540076] Enabling non-boot CPUs ...
[   27.540811] CPU1 is up
[   27.541444] CPU2 is up
[   27.542134] CPU3 is up
[   27.542640] pcieport 0000:00:02.0: nv_msi_ht_cap_quirk didn't locate host bridge
[   27.542642] pcieport 0000:00:01.0: nv_msi_ht_cap_quirk didn't locate host bridge
[   27.588569] pci_generic_config_write32: 42 callbacks suppressed
[   27.588574] pci_bus 0000:00: 2-byte config write to 0000:00:01.0 offset 0x9c may corrupt adjacent RW1C bits
[   27.588582] pci_bus 0000:00: 2-byte config write to 0000:00:02.0 offset 0x9c may corrupt adjacent RW1C bits
[   27.619842] tegra-hdmi 54280000.hdmi: cannot set audio to 48000 Hz at 297000000 Hz pixel clock
[   27.922140] ata1: SATA link down (SStatus 0 SControl 300)
[   30.626592] OOM killer enabled.
[   30.629724] Restarting tasks ... done.
root@(none):/# 
root@(none):/# [   30.633968] PM: suspend exit
rtcwake -d rtc1 -m mem -s 3
rtcwake: assuming RTC uses UTC ...
rtcwake: wakeup from "mem" using /dev/rtc1 at Thu Jan  1 00:01:00 1970
[   31.939808] PM: suspend entry (deep)
[   31.943403] PM: Syncing filesystems ... done.
[   31.949410] Freezing user space processes ... (elapsed 0.001 seconds) done.
[   31.950625] OOM killer disabled.
[   31.950628] Freezing remaining freezable tasks ... (elapsed 0.001 seconds) done.
[   31.951765] Suspending console(s) (use no_console_suspend to debug)
[   32.053077] pci_bus 0000:00: 2-byte config write to 0000:00:02.0 offset 0x9c may corrupt adjacent RW1C bits
[   32.053096] pci_bus 0000:00: 2-byte config write to 0000:00:01.0 offset 0x9c may corrupt adjacent RW1C bits
[   32.290161] Disabling non-boot CPUs ...
[   32.440216] Entering suspend state LP1
[   32.440228] Enabling non-boot CPUs ...
[   32.441147] CPU1 is up
[   32.441969] CPU2 is up
[   32.442867] CPU3 is up
[   32.443374] pci_bus 0000:00: 2-byte config write to 0000:00:02.0 offset 0x4c may corrupt adjacent RW1C bits
[   32.443385] pci_bus 0000:00: 2-byte config write to 0000:00:02.0 offset 0x88 may corrupt adjacent RW1C bits
[   32.443392] pci_bus 0000:00: 2-byte config write to 0000:00:02.0 offset 0x90 may corrupt adjacent RW1C bits
[   32.443398] pci_bus 0000:00: 2-byte config write to 0000:00:02.0 offset 0x98 may corrupt adjacent RW1C bits
[   32.443404] pci_bus 0000:00: 2-byte config write to 0000:00:02.0 offset 0x9c may corrupt adjacent RW1C bits
[   32.443410] pci_bus 0000:00: 2-byte config write to 0000:00:02.0 offset 0xa8 may corrupt adjacent RW1C bits
[   32.443468] pcieport 0000:00:02.0: nv_msi_ht_cap_quirk didn't locate host bridge
[   32.443566] pcieport 0000:00:01.0: nv_msi_ht_cap_quirk didn't locate host bridge
[   32.529868] tegra-hdmi 54280000.hdmi: cannot set audio to 48000 Hz at 297000000 Hz pixel clock
[   32.822301] ata1: SATA link down (SStatus 0 SControl 300)
[   35.564933] OOM killer enabled.
[   35.568062] Restarting tasks ... done.
root@(none):/# 
root@(none):/# [   35.572460] PM: suspend exit
rtcwake -d rtc1 -m mem -s 3
rtcwake: assuming RTC uses UTC ...
rtcwake: wakeup from "mem" using /dev/rtc1 at Thu Jan  1 00:01:08 1970
[   36.839432] PM: suspend entry (deep)
[   36.843028] PM: Syncing filesystems ... done.
[   36.849615] Freezing user space processes ... (elapsed 0.001 seconds) done.
[   36.850826] OOM killer disabled.
[   36.850828] Freezing remaining freezable tasks ... (elapsed 0.001 seconds) done.
[   36.851958] Suspending console(s) (use no_console_suspend to debug)
[   36.963096] pci_generic_config_write32: 20 callbacks suppressed
[   36.963103] pci_bus 0000:00: 2-byte config write to 0000:00:02.0 offset 0x9c may corrupt adjacent RW1C bits
[   36.963114] pci_bus 0000:00: 2-byte config write to 0000:00:01.0 offset 0x9c may corrupt adjacent RW1C bits
[   37.200066] Disabling non-boot CPUs ...
[   37.249606] IRQ17 no longer affine to CPU1
[   37.380129] Entering suspend state LP1
[   37.380141] Enabling non-boot CPUs ...
[   37.381045] CPU1 is up
[   37.381852] CPU2 is up
[   37.382737] CPU3 is up
[   37.383215] pci_bus 0000:00: 2-byte config write to 0000:00:01.0 offset 0x4c may corrupt adjacent RW1C bits
[   37.383227] pci_bus 0000:00: 2-byte config write to 0000:00:01.0 offset 0x88 may corrupt adjacent RW1C bits
[   37.383233] pci_bus 0000:00: 2-byte config write to 0000:00:01.0 offset 0x90 may corrupt adjacent RW1C bits
[   37.383240] pci_bus 0000:00: 2-byte config write to 0000:00:01.0 offset 0x98 may corrupt adjacent RW1C bits
[   37.383249] pci_bus 0000:00: 2-byte config write to 0000:00:02.0 offset 0x4c may corrupt adjacent RW1C bits
[   37.383255] pci_bus 0000:00: 2-byte config write to 0000:00:01.0 offset 0x9c may corrupt adjacent RW1C bits
[   37.383261] pci_bus 0000:00: 2-byte config write to 0000:00:01.0 offset 0xa8 may corrupt adjacent RW1C bits
[   37.383268] pci_bus 0000:00: 2-byte config write to 0000:00:01.0 offset 0xb0 may corrupt adjacent RW1C bits
[   37.383373] pcieport 0000:00:01.0: nv_msi_ht_cap_quirk didn't locate host bridge
[   37.383374] pcieport 0000:00:02.0: nv_msi_ht_cap_quirk didn't locate host bridge
[   37.469824] tegra-hdmi 54280000.hdmi: cannot set audio to 48000 Hz at 297000000 Hz pixel clock
[   37.772137] ata1: SATA link down (SStatus 0 SControl 300)
[   40.554435] OOM killer enabled.
[   40.557565] Restarting tasks ... done.
root@(none):/# 
root@(none):/# [   40.561820] PM: suspend exit
rtcwake -d rtc1 -m mem -s 3
rtcwake: assuming RTC uses UTC ...
rtcwake: wakeup from "mem" using /dev/rtc1 at Thu Jan  1 00:01:16 1970
[   41.776111] PM: suspend entry (deep)
[   41.779762] PM: Syncing filesystems ... done.
[   41.785793] Freezing user space processes ... (elapsed 0.001 seconds) done.
[   41.787248] OOM killer disabled.
[   41.787254] Freezing remaining freezable tasks ... (elapsed 0.001 seconds) done.
[   41.788664] Suspending console(s) (use no_console_suspend to debug)
[   41.985661] pci_generic_config_write32: 18 callbacks suppressed
[   41.985681] pci_bus 0000:00: 2-byte config write to 0000:00:01.0 offset 0x9c may corrupt adjacent RW1C bits
[   41.986269] pci_bus 0000:00: 2-byte config write to 0000:00:02.0 offset 0x9c may corrupt adjacent RW1C bits
[   42.221679] Disabling non-boot CPUs ...
[   42.260088] IRQ17 no longer affine to CPU1
[   42.371401] Entering suspend state LP1
[   42.371428] Enabling non-boot CPUs ...
[   42.372346] CPU1 is up
[   42.373173] CPU2 is up
[   42.374071] CPU3 is up
[   42.374549] pci_bus 0000:00: 2-byte config write to 0000:00:02.0 offset 0x4c may corrupt adjacent RW1C bits
[   42.374560] pci_bus 0000:00: 2-byte config write to 0000:00:01.0 offset 0x4c may corrupt adjacent RW1C bits
[   42.374571] pci_bus 0000:00: 2-byte config write to 0000:00:02.0 offset 0x88 may corrupt adjacent RW1C bits
[   42.374578] pci_bus 0000:00: 2-byte config write to 0000:00:02.0 offset 0x90 may corrupt adjacent RW1C bits
[   42.374585] pci_bus 0000:00: 2-byte config write to 0000:00:01.0 offset 0x88 may corrupt adjacent RW1C bits
[   42.374591] pci_bus 0000:00: 2-byte config write to 0000:00:02.0 offset 0x98 may corrupt adjacent RW1C bits
[   42.374597] pci_bus 0000:00: 2-byte config write to 0000:00:01.0 offset 0x90 may corrupt adjacent RW1C bits
[   42.374603] pci_bus 0000:00: 2-byte config write to 0000:00:02.0 offset 0x9c may corrupt adjacent RW1C bits
[   42.374711] pcieport 0000:00:02.0: nv_msi_ht_cap_quirk didn't locate host bridge
[   42.374713] pcieport 0000:00:01.0: nv_msi_ht_cap_quirk didn't locate host bridge
[   42.449809] tegra-hdmi 54280000.hdmi: cannot set audio to 48000 Hz at 297000000 Hz pixel clock
[   42.752190] ata1: SATA link down (SStatus 0 SControl 300)
[   45.524372] OOM killer enabled.
[   45.527501] Restarting tasks ... done.
root@(none):/# 
root@(none):/# [   45.531823] PM: suspend exit
rtcwake -d rtc1 -m mem -s 3
rtcwake: assuming RTC uses UTC ...
rtcwake: wakeup from "mem" using /dev/rtc1 at Thu Jan  1 00:01:24 1970
[   46.765846] PM: suspend entry (deep)
[   46.769476] PM: Syncing filesystems ... done.
[   46.775521] Freezing user space processes ... (elapsed 0.001 seconds) done.
[   46.776978] OOM killer disabled.
[   46.776985] Freezing remaining freezable tasks ... (elapsed 0.001 seconds) done.
[   46.778394] Suspending console(s) (use no_console_suspend to debug)
[   47.201636] Disabling non-boot CPUs ...
[   47.240065] IRQ17 no longer affine to CPU1
[   47.351353] Entering suspend state LP1
[   47.351379] Enabling non-boot CPUs ...
[   47.352298] CPU1 is up
[   47.353120] CPU2 is up
[   47.354019] CPU3 is up
[   47.354495] pci_generic_config_write32: 20 callbacks suppressed
[   47.354502] pci_bus 0000:00: 2-byte config write to 0000:00:02.0 offset 0x4c may corrupt adjacent RW1C bits
[   47.354511] pci_bus 0000:00: 2-byte config write to 0000:00:01.0 offset 0x4c may corrupt adjacent RW1C bits
[   47.354524] pci_bus 0000:00: 2-byte config write to 0000:00:02.0 offset 0x88 may corrupt adjacent RW1C bits
[   47.354531] pci_bus 0000:00: 2-byte config write to 0000:00:01.0 offset 0x88 may corrupt adjacent RW1C bits
[   47.354537] pci_bus 0000:00: 2-byte config write to 0000:00:02.0 offset 0x90 may corrupt adjacent RW1C bits
[   47.354543] pci_bus 0000:00: 2-byte config write to 0000:00:01.0 offset 0x90 may corrupt adjacent RW1C bits
[   47.354549] pci_bus 0000:00: 2-byte config write to 0000:00:02.0 offset 0x98 may corrupt adjacent RW1C bits
[   47.354556] pci_bus 0000:00: 2-byte config write to 0000:00:01.0 offset 0x98 may corrupt adjacent RW1C bits
[   47.354562] pci_bus 0000:00: 2-byte config write to 0000:00:02.0 offset 0x9c may corrupt adjacent RW1C bits
[   47.354568] pci_bus 0000:00: 2-byte config write to 0000:00:01.0 offset 0x9c may corrupt adjacent RW1C bits
[   47.354673] pcieport 0000:00:02.0: nv_msi_ht_cap_quirk didn't locate host bridge
[   47.354675] pcieport 0000:00:01.0: nv_msi_ht_cap_quirk didn't locate host bridge
[   47.429756] tegra-hdmi 54280000.hdmi: cannot set audio to 48000 Hz at 297000000 Hz pixel clock
[   47.732108] ata1: SATA link down (SStatus 0 SControl 300)
[   50.514334] OOM killer enabled.
[   50.517462] Restarting tasks ... done.
root@(none):/# 
root@(none):/# [   50.521841] PM: suspend exit
rtcwake -d rtc1 -m mem -s 3
rtcwake: assuming RTC uses UTC ...
rtcwake: wakeup from "mem" using /dev/rtc1 at Thu Jan  1 00:01:32 1970
[   51.749634] PM: suspend entry (deep)
[   51.753228] PM: Syncing filesystems ... done.
[   51.759803] Freezing user space processes ... (elapsed 0.001 seconds) done.
[   51.761159] OOM killer disabled.
[   51.761162] Freezing remaining freezable tasks ... (elapsed 0.001 seconds) done.
[   51.762291] Suspending console(s) (use no_console_suspend to debug)
[   52.100012] Disabling non-boot CPUs ...
[   52.250054] Entering suspend state LP1
[   52.250066] Enabling non-boot CPUs ...
[   52.250952] CPU1 is up
[   52.251746] CPU2 is up
[   52.252614] CPU3 is up
[   52.253153] pcieport 0000:00:01.0: nv_msi_ht_cap_quirk didn't locate host bridge
[   52.253329] pcieport 0000:00:02.0: nv_msi_ht_cap_quirk didn't locate host bridge
[   52.329756] tegra-hdmi 54280000.hdmi: cannot set audio to 48000 Hz at 297000000 Hz pixel clock
[   52.632160] ata1: SATA link down (SStatus 0 SControl 300)
[   55.297030] OOM killer enabled.
[   55.300207] Restarting tasks ... done.
root@(none):/# 
root@(none):/# NVTB SYSTEM SUSPEND TEST COMPLETE
[   55.304559] PM: suspend exit
