
U-Boot SPL 2014.07-00097-g772e173 (Jul 25 2014 - 20:02:52)


U-Boot 2014.07-00097-g772e173 (Jul 25 2014 - 20:02:52)

TEGRA124
Board: NVIDIA Jetson TK1
I2C:   ready
DRAM:  2 GiB
MMC:   Tegra SD/MMC: 0, Tegra SD/MMC: 1
In:    serial
Out:   serial
Err:   serial
Net:   Net Initialization Skipped
No ethernet found.
Hit any key to stop autoboot:  2  0 
Tegra124 (Jetson TK1) # 
Tegra124 (Jetson TK1) # usb reset
(Re)start USB...
USB0:   USB EHCI 1.10
scanning bus 0 for devices... 1 USB Device(s) found
USB1:   USB EHCI 1.10
scanning bus 1 for devices... 2 USB Device(s) found
       scanning usb for storage devices... 0 Storage Device(s) found
       scanning usb for ethernet devices... 
Warning: asx0 using MAC address from net device
1 Ethernet Device(s) found
Tegra124 (Jetson TK1) # setenv bootargs 'ignore_loglevel console=ttyS0,115200n8 rw root=/dev/mmcblk0p1 rootwait gpt debug init=/bin/bash noinitrd'
Tegra124 (Jetson TK1) # setenv ipaddr 192.168.100.102; setenv serverip 192.168.100.1; setenv tftpserverip 192.168.100.1
Tegra124 (Jetson TK1) # tftpboot 0x81000000 zImage.multi_v7_defconfig
Using asx0 device
TFTP from server 192.168.100.1; our IP address is 192.168.100.102
Filename 'zImage.multi_v7_defconfig'.
Load address: 0x81000000
Loading: *#################################################################
	 #################################################################
	 #################################################################
	 #################################################################
	 #################################################################
	 #################################################################
	 #########
	 3.3 MiB/s
done
Bytes transferred = 5842640 (5926d0 hex)
Tegra124 (Jetson TK1) # tftpboot 0x82000000 tegra124-jetson-tk1.dtb
Using asx0 device
TFTP from server 192.168.100.1; our IP address is 192.168.100.102
Filename 'tegra124-jetson-tk1.dtb'.
Load address: 0x82000000
Loading: *####
	 2.5 MiB/s
done
Bytes transferred = 49059 (bfa3 hex)
Tegra124 (Jetson TK1) # bootz 0x81000000 - 0x82000000
Kernel image @ 0x81000000 [ 0x000000 - 0x5926d0 ]
## Flattened Device Tree blob at 82000000
   Booting using the fdt blob at 0x82000000
   Using Device Tree in place at 82000000, end 8200efa2

Starting kernel ...

[    0.000000] Booting Linux on physical CPU 0x0
[    0.000000] Linux version 4.0.0-rc1-23494-gc517d83 (pwalmsley@tamien) (gcc version 4.7.3 20130328 (prerelease) (crosstool-NG linaro-1.13.1-4.7-2013.04-20130415 - Linaro GCC 2013.04) ) #1 SMP Mon Mar 2 14:27:50 PST 2015
[    0.000000] CPU: ARMv7 Processor [413fc0f3] revision 3 (ARMv7), cr=10c5387d
[    0.000000] CPU: PIPT / VIPT nonaliasing data cache, PIPT instruction cache
[    0.000000] Machine model: NVIDIA Tegra124 Jetson TK1
[    0.000000] debug: ignoring loglevel setting.
[    0.000000] cma: Reserved 64 MiB at 0xfb800000
[    0.000000] Memory policy: Data cache writealloc
[    0.000000] On node 0 totalpages: 524032
[    0.000000] free_area_init_node: node 0, pgdat c0e34ac0, node_mem_map ee7f8000
[    0.000000]   DMA zone: 1520 pages used for memmap
[    0.000000]   DMA zone: 0 pages reserved
[    0.000000]   DMA zone: 194560 pages, LIFO batch:31
[    0.000000]   HighMem zone: 329472 pages, LIFO batch:31
[    0.000000] PERCPU: Embedded 11 pages/cpu @ee79a000 s12480 r8192 d24384 u45056
[    0.000000] pcpu-alloc: s12480 r8192 d24384 u45056 alloc=11*4096
[    0.000000] pcpu-alloc: [0] 0 [0] 1 [0] 2 [0] 3 
[    0.000000] Built 1 zonelists in Zone order, mobility grouping on.  Total pages: 522512
[    0.000000] Kernel command line: ignore_loglevel console=ttyS0,115200n8 rw root=/dev/mmcblk0p1 rootwait gpt debug init=/bin/bash noinitrd
[    0.000000] PID hash table entries: 4096 (order: 2, 16384 bytes)
[    0.000000] Dentry cache hash table entries: 131072 (order: 7, 524288 bytes)
[    0.000000] Inode-cache hash table entries: 65536 (order: 6, 262144 bytes)
[    0.000000] Memory: 2000172K/2096128K available (7602K kernel code, 922K rwdata, 3168K rodata, 780K init, 307K bss, 30420K reserved, 65536K cma-reserved, 1252352K highmem)
[    0.000000] Virtual kernel memory layout:
[    0.000000]     vector  : 0xffff0000 - 0xffff1000   (   4 kB)
[    0.000000]     fixmap  : 0xffc00000 - 0xfff00000   (3072 kB)
[    0.000000]     vmalloc : 0xf0000000 - 0xff000000   ( 240 MB)
[    0.000000]     lowmem  : 0xc0000000 - 0xef800000   ( 760 MB)
[    0.000000]     pkmap   : 0xbfe00000 - 0xc0000000   (   2 MB)
[    0.000000]     modules : 0xbf000000 - 0xbfe00000   (  14 MB)
[    0.000000]       .text : 0xc0208000 - 0xc0c8cb18   (10771 kB)
[    0.000000]       .init : 0xc0c8d000 - 0xc0d50000   ( 780 kB)
[    0.000000]       .data : 0xc0d50000 - 0xc0e36a20   ( 923 kB)
[    0.000000]        .bss : 0xc0e36a20 - 0xc0e838e8   ( 308 kB)
[    0.000000] SLUB: HWalign=64, Order=0-3, MinObjects=0, CPUs=4, Nodes=1
[    0.000000] Hierarchical RCU implementation.
[    0.000000] 	Additional per-CPU info printed with stalls.
[    0.000000] 	RCU restricting CPUs from NR_CPUS=8 to nr_cpu_ids=4.
[    0.000000] RCU: Adjusting geometry for rcu_fanout_leaf=16, nr_cpu_ids=4
[    0.000000] NR_IRQS:16 nr_irqs:16 16
[    0.000000] L2C: failed to init: -19
[    0.000009] sched_clock: 32 bits at 1000kHz, resolution 1000ns, wraps every 2147483648000ns
[    0.000028] Switching to timer-based delay loop, resolution 1000ns
[    0.003935] Architected cp15 timer(s) running at 12.00MHz (virt).
[    0.003957] sched_clock: 56 bits at 12MHz, resolution 83ns, wraps every 2863311536128ns
[    0.003970] Switching to timer-based delay loop, resolution 83ns
[    0.004354] Console: colour dummy device 80x30
[    0.004377] Calibrating delay loop (skipped), value calculated using timer frequency.. 24.00 BogoMIPS (lpj=60000)
[    0.004391] pid_max: default: 32768 minimum: 301
[    0.004500] Mount-cache hash table entries: 2048 (order: 1, 8192 bytes)
[    0.004513] Mountpoint-cache hash table entries: 2048 (order: 1, 8192 bytes)
[    0.005098] CPU: Testing write buffer coherency: ok
[    0.005297] /cpus/cpu@0 missing clock-frequency property
[    0.005331] /cpus/cpu@1 missing clock-frequency property
[    0.005364] /cpus/cpu@2 missing clock-frequency property
[    0.005398] /cpus/cpu@3 missing clock-frequency property
[    0.005410] CPU0: thread -1, cpu 0, socket 0, mpidr 80000000
[    0.005451] Setting up static identity map for 0x8092fc90 - 0x8092fd28
[    0.008087] Tegra Revision: A01 SKU: 129 CPU Process: 1 Core Process: 1
[    0.009238] CPU1: thread -1, cpu 1, socket 0, mpidr 80000001
[    0.009748] CPU2: thread -1, cpu 2, socket 0, mpidr 80000002
[    0.010252] CPU3: thread -1, cpu 3, socket 0, mpidr 80000003
[    0.010316] Brought up 4 CPUs
[    0.010336] SMP: Total of 4 processors activated (96.00 BogoMIPS).
[    0.010344] CPU: All CPU(s) started in SVC mode.
[    0.010852] devtmpfs: initialized
[    0.011719] VFP support v0.3: implementor 41 architecture 4 part 30 variant f rev 0
[    0.013650] pinctrl core: initialized pinctrl subsystem
[    0.030673] NET: Registered protocol family 16
[    0.032752] DMA: preallocated 256 KiB pool for atomic coherent allocations
[    0.048755] cpuidle: using governor ladder
[    0.063756] cpuidle: using governor menu
[    0.078282] No ATAGs?
[    0.078313] hw-breakpoint: found 5 (+1 reserved) breakpoint and 4 watchpoint registers.
[    0.078322] hw-breakpoint: maximum watchpoint size is 8 bytes.
[    0.081888] Serial: AMBA PL011 UART driver
[    0.107857] +5V_SYS: supplied by +VDD_MUX
[    0.108134] +3.3V_SYS: supplied by +VDD_MUX
[    0.108277] platform regulators:regulator@3: Driver reg-fixed-voltage requests probe deferral
[    0.108478] reg-fixed-voltage regulators:regulator@4: Failed to find supply vin
[    0.108591] reg-fixed-voltage regulators:regulator@4: Failed to register regulator: -517
[    0.108613] platform regulators:regulator@4: Driver reg-fixed-voltage requests probe deferral
[    0.108794] +USB0_VBUS_SW: Failed to request enable GPIO108: -517
[    0.108897] reg-fixed-voltage regulators:regulator@7: Failed to register regulator: -517
[    0.108918] platform regulators:regulator@7: Driver reg-fixed-voltage requests probe deferral
[    0.109116] +5V_USB_HS: Failed to request enable GPIO109: -517
[    0.109218] reg-fixed-voltage regulators:regulator@8: Failed to register regulator: -517
[    0.109238] platform regulators:regulator@8: Driver reg-fixed-voltage requests probe deferral
[    0.109319] platform regulators:regulator@10: Driver reg-fixed-voltage requests probe deferral
[    0.109495] +1.05V_RUN_AVDD_HDMI_PLL: Failed to request enable GPIO63: -517
[    0.109596] reg-fixed-voltage regulators:regulator@11: Failed to register regulator: -517
[    0.109617] platform regulators:regulator@11: Driver reg-fixed-voltage requests probe deferral
[    0.109790] +5V_HDMI_CON: Failed to request enable GPIO86: -517
[    0.109890] reg-fixed-voltage regulators:regulator@12: Failed to register regulator: -517
[    0.109910] platform regulators:regulator@12: Driver reg-fixed-voltage requests probe deferral
[    0.110084] +5V_SATA: Failed to request enable GPIO242: -517
[    0.110184] reg-fixed-voltage regulators:regulator@13: Failed to register regulator: -517
[    0.110204] platform regulators:regulator@13: Driver reg-fixed-voltage requests probe deferral
[    0.110376] +12V_SATA: Failed to request enable GPIO242: -517
[    0.110476] reg-fixed-voltage regulators:regulator@14: Failed to register regulator: -517
[    0.110496] platform regulators:regulator@14: Driver reg-fixed-voltage requests probe deferral
[    0.113089] vgaarb: loaded
[    0.113756] SCSI subsystem initialized
[    0.113931] libata version 3.00 loaded.
[    0.114275] usbcore: registered new interface driver usbfs
[    0.114345] usbcore: registered new interface driver hub
[    0.114419] usbcore: registered new device driver usb
[    0.117450] Linux video capture interface: v2.00
[    0.117501] pps_core: LinuxPPS API ver. 1 registered
[    0.117510] pps_core: Software ver. 5.3.6 - Copyright 2005-2007 Rodolfo Giometti <giometti@linux.it>
[    0.117542] PTP clock support registered
[    0.117795] EDAC MC: Ver: 3.0.0
[    0.118355] Advanced Linux Sound Architecture Driver Initialized.
[    0.119466] Switched to clocksource arch_sys_counter
[    0.130714] NET: Registered protocol family 2
[    0.131304] TCP established hash table entries: 8192 (order: 3, 32768 bytes)
[    0.131392] TCP bind hash table entries: 8192 (order: 4, 65536 bytes)
[    0.131579] TCP: Hash tables configured (established 8192 bind 8192)
[    0.131623] TCP: reno registered
[    0.131638] UDP hash table entries: 512 (order: 2, 16384 bytes)
[    0.131679] UDP-Lite hash table entries: 512 (order: 2, 16384 bytes)
[    0.131855] NET: Registered protocol family 1
[    0.132084] RPC: Registered named UNIX socket transport module.
[    0.132093] RPC: Registered udp transport module.
[    0.132100] RPC: Registered tcp transport module.
[    0.132107] RPC: Registered tcp NFSv4.1 backchannel transport module.
[    0.132126] PCI: CLS 0 bytes, default 64
[    0.134378] futex hash table entries: 1024 (order: 4, 65536 bytes)
[    0.146269] squashfs: version 4.0 (2009/01/31) Phillip Lougher
[    0.147192] NFS: Registering the id_resolver key type
[    0.147220] Key type id_resolver registered
[    0.147228] Key type id_legacy registered
[    0.147298] ntfs: driver 2.1.31 [Flags: R/O].
[    0.148453] bounce: pool size: 64 pages
[    0.148677] Block layer SCSI generic (bsg) driver version 0.4 loaded (major 249)
[    0.148694] io scheduler noop registered
[    0.148709] io scheduler deadline registered
[    0.148911] io scheduler cfq registered (default)
[    0.163972] tegra-pcie 1003000.pcie-controller: 2x1, 1x1 configuration
[    0.164020] tegra-pcie 1003000.pcie-controller: Failed to get supply 'avddio-pex': -517
[    0.164056] platform 1003000.pcie-controller: Driver tegra-pcie requests probe deferral
[    0.169405] tegra-apbdma 60020000.dma: Tegra20 APB DMA driver register 32 channels
[    0.170132] tegra-pmc 7000e400.pmc: emergency thermal reset enabled
[    0.227857] Serial: 8250/16550 driver, 4 ports, IRQ sharing disabled
[    0.230413] msm_serial: driver initialized
[    0.231242] console [ttyS0] disabled
[    0.231278] 70006300.serial: ttyS0 at MMIO 0x70006300 (irq = 330, base_baud = 25500000) is a Tegra
[    1.118316] console [ttyS0] enabled
[    1.122628] STMicroelectronics ASC driver initialized
[    1.129849] [drm] Initialized drm 1.1.0 20060810
[    1.136229] tegra-hdmi 54280000.hdmi: failed to get HDMI regulator
[    1.142434] platform 54280000.hdmi: Driver tegra-hdmi requests probe deferral
[    1.156293] loop: module loaded
[    1.159746] at24 0-0056: 256 byte 24c02 EEPROM, writable, 8 bytes/write
[    1.167681] as3722 4-0040: AS3722 with revision 0x1 found
[    1.178592] +1.35V_LP0(sd2): supplied by +5V_SYS
[    1.183750] +1.35V_LP0(sd3): supplied by +5V_SYS
[    1.188894] +1.05V_RUN: supplied by +5V_SYS
[    1.193474] +1.8V_VDDIO: supplied by +5V_SYS
[    1.199499] +1.05V_RUN_AVDD: supplied by +1.35V_LP0(sd2)
[    1.205799] as3722-regulator as3722-regulator: Failed to find supply vin-ldo1-6
[    1.213223] as3722-regulator as3722-regulator: regulator 8 register failed -517
[    1.221723] platform as3722-regulator: Driver as3722-regulator requests probe deferral
[    1.231817] tegra-ahci 70027000.sata: Failed to get supply 'avdd': -517
[    1.238444] tegra-ahci 70027000.sata: Failed to get regulators
[    1.244316] platform 70027000.sata: Driver tegra-ahci requests probe deferral
[    1.255008] m25p80 spi32765.0: w25q32dw (4096 Kbytes)
[    1.262772] CAN device driver interface
[    1.267765] igb: Intel(R) Gigabit Ethernet Network Driver - version 5.2.15-k
[    1.274814] igb: Copyright (c) 2007-2014 Intel Corporation.
[    1.282167] pegasus: v0.9.3 (2013/04/25), Pegasus/Pegasus II USB Ethernet driver
[    1.289619] usbcore: registered new interface driver pegasus
[    1.295350] usbcore: registered new interface driver asix
[    1.300802] usbcore: registered new interface driver ax88179_178a
[    1.306947] usbcore: registered new interface driver cdc_ether
[    1.312851] usbcore: registered new interface driver smsc75xx
[    1.318671] usbcore: registered new interface driver smsc95xx
[    1.324480] usbcore: registered new interface driver net1080
[    1.330201] usbcore: registered new interface driver cdc_subset
[    1.336173] usbcore: registered new interface driver zaurus
[    1.341834] usbcore: registered new interface driver cdc_ncm
[    1.348619] ehci_hcd: USB 2.0 'Enhanced' Host Controller (EHCI) Driver
[    1.355155] ehci-pci: EHCI PCI platform driver
[    1.359655] ehci-platform: EHCI generic platform driver
[    1.365082] ehci-omap: OMAP-EHCI Host Controller driver
[    1.370448] ehci-orion: EHCI orion driver
[    1.374599] SPEAr-ehci: EHCI SPEAr driver
[    1.378743] ehci-st: EHCI STMicroelectronics driver
[    1.383763] ehci-exynos: EHCI EXYNOS driver
[    1.388108] tegra-ehci: Tegra EHCI driver
[    1.392388] platform 7d004000.usb: Driver tegra-ehci requests probe deferral
[    1.399591] platform 7d008000.usb: Driver tegra-ehci requests probe deferral
[    1.406721] ohci_hcd: USB 1.1 'Open' Host Controller (OHCI) Driver
[    1.412917] ohci-pci: OHCI PCI platform driver
[    1.417421] ohci-platform: OHCI generic platform driver
[    1.422814] ohci-omap3: OHCI OMAP3 driver
[    1.426973] SPEAr-ohci: OHCI SPEAr driver
[    1.431131] ohci-st: OHCI STMicroelectronics driver
[    1.436228] usbcore: registered new interface driver usb-storage
[    1.442457] tegra-phy 7d004000.usb-phy: no vbus regulator
[    1.448154] platform 7d008000.usb-phy: Driver tegra-phy requests probe deferral
[    1.457193] mousedev: PS/2 mouse device common for all mice
[    1.466319] as3722-rtc as3722-rtc: rtc core: registered as3722-rtc as rtc0
[    1.473204] as3722-rtc as3722-rtc: RTC interrupt 364
[    1.481346] tegra_rtc 7000e000.rtc: rtc core: registered 7000e000.rtc as rtc1
[    1.488530] tegra_rtc 7000e000.rtc: Tegra internal Real Time Clock
[    1.495293] i2c /dev entries driver
[    1.501165] usbcore: registered new interface driver uvcvideo
[    1.506919] USB Video Class driver (1.1.1)
[    1.511031] gspca_main: v2.14.0 registered
[    1.516321] 0-004c supply vcc not found, using dummy regulator
[    1.526674] Driver 'mmcblk' needs updating - please use bus_type methods
[    1.533465] sdhci: Secure Digital Host Controller Interface driver
[    1.539647] sdhci: Copyright(c) Pierre Ossman
[    1.544850] Synopsys Designware Multimedia Card Interface Driver
[    1.551776] sdhci-pltfm: SDHCI platform and OF driver helper
[    1.558104] sdhci-tegra 700b0400.sdhci: Got CD GPIO
[    1.563005] sdhci-tegra 700b0400.sdhci: Got WP GPIO
[    1.567929] mmc0: Unknown controller version (3). You may experience problems.
[    1.575247] sdhci-tegra 700b0400.sdhci: No vmmc regulator found
[    1.581208] platform 700b0400.sdhci: Driver sdhci-tegra requests probe deferral
[    1.588642] mmc0: Unknown controller version (3). You may experience problems.
[    1.595912] sdhci-tegra 700b0600.sdhci: No vmmc regulator found
[    1.601841] sdhci-tegra 700b0600.sdhci: No vqmmc regulator found
[    1.607850] mmc0: Invalid maximum block size, assuming 512 bytes
[    1.649489] mmc0: SDHCI controller on 700b0600.sdhci [700b0600.sdhci] using ADMA 64-bit
[    1.658579] ledtrig-cpu: registered to indicate activity on CPUs
[    1.664824] usbcore: registered new interface driver usbhid
[    1.670412] usbhid: USB HID core driver
[    1.678256] usbcore: registered new interface driver snd-usb-audio
[    1.718444] mmc0: MAN_BKOPS_EN bit is not set
[    1.726039] mmc0: new high speed MMC card at address 0001
[    1.731775] mmcblk0: mmc0:0001 SEM16G 14.6 GiB 
[    1.736431] mmcblk0boot0: mmc0:0001 SEM16G partition 1 4.00 MiB
[    1.742455] mmcblk0boot1: mmc0:0001 SEM16G partition 2 4.00 MiB
[    1.748482] mmcblk0rpmb: mmc0:0001 SEM16G partition 3 4.00 MiB
[    1.756234] Primary GPT is invalid, using alternate GPT.
[    1.761584]  mmcblk0: p1 p2 p3 p4 p5 p6 p7 p8 p9
[    2.102380] tegra30-i2s 70301100.i2s: DMA channels sourced from device 70300000.ahub
[    2.118904] tegra-snd-rt5640 sound: rt5640-aif1 <-> 70301100.i2s mapping ok
[    2.128799] input: NVIDIA Tegra Jetson TK1 Headphones as /devices/soc0/sound/sound/card0/input0
[    2.138889] TCP: cubic registered
[    2.142233] NET: Registered protocol family 17
[    2.146702] can: controller area network core (rev 20120528 abi 9)
[    2.152958] NET: Registered protocol family 29
[    2.157419] can: raw protocol (rev 20120528)
[    2.161704] can: broadcast manager protocol (rev 20120528 t)
[    2.167381] can: netlink gateway (rev 20130117) max_hops=1
[    2.173256] Key type dns_resolver registered
[    2.178170] ThumbEE CPU extension supported.
[    2.182469] Registering SWP/SWPB emulation handler
[    2.189671] +3.3V_RUN: supplied by +3.3V_SYS
[    2.194508] +3.3V_AVDD_HDMI_AP_GATED: supplied by +3.3V_RUN
[    2.200706] +USB0_VBUS_SW: supplied by +5V_SYS
[    2.205779] +5V_USB_HS: supplied by +5V_SYS
[    2.211238] +3.3V_LP0: supplied by +3.3V_SYS
[    2.216108] reg-fixed-voltage regulators:regulator@11: Failed to find supply vin
[    2.223698] reg-fixed-voltage regulators:regulator@11: Failed to register regulator: -517
[    2.231951] platform regulators:regulator@11: Driver reg-fixed-voltage requests probe deferral
[    2.241759] +5V_HDMI_CON: supplied by +5V_SYS
[    2.246703] +5V_SATA: supplied by +5V_SYS
[    2.251339] +12V_SATA: supplied by +VDD_MUX
[    2.256211] tegra-pcie 1003000.pcie-controller: 2x1, 1x1 configuration
[    2.262843] tegra-pcie 1003000.pcie-controller: Failed to get supply 'avddio-pex': -517
[    2.270939] platform 1003000.pcie-controller: Driver tegra-pcie requests probe deferral
[    2.280227] tegra-hdmi 54280000.hdmi: failed to get PLL regulator
[    2.286450] platform 54280000.hdmi: Driver tegra-hdmi requests probe deferral
[    2.296466] +1.35V_LP0(sd2): supplied by +5V_SYS
[    2.301368] +1.35V_LP0(sd3): supplied by +5V_SYS
[    2.306360] +1.05V_RUN: supplied by +5V_SYS
[    2.310926] +1.8V_VDDIO: supplied by +5V_SYS
[    2.316670] +1.05V_RUN_AVDD: supplied by +1.35V_LP0(sd2)
[    2.322520] +1.8V_RUN_CAM: supplied by +3.3V_RUN
[    2.328335] +1.2V_GEN_AVDD: supplied by +1.8V_VDDIO
[    2.334525] +1.05V_LP0_VDD_RTC: supplied by +3.3V_SYS
[    2.340125] +2.8V_RUN_CAM: supplied by +3.3V_SYS
[    2.345278] +1.2V_RUN_CAM_FRONT: supplied by +1.8V_VDDIO
[    2.350998] +VDDIO_SDMMC3: supplied by +3.3V_RUN
[    2.356128] +1.05V_RUN_CAM_REAR: supplied by +1.8V_VDDIO
[    2.362143] +3.3V_RUN_TOUCH: supplied by +5V_SYS
[    2.367289] +2.8V_RUN_CAM_AF: supplied by +5V_SYS
[    2.372518] +1.8V_RUN_VPP_FUSE: supplied by +3.3V_RUN
[    2.379769] tegra-ahci 70027000.sata: AHCI 0001.0301 32 slots 2 ports 3 Gbps 0x1 impl platform mode
[    2.388837] tegra-ahci 70027000.sata: flags: 64bit ncq sntf pm led pio slum part sadm sds apst 
[    2.399105] scsi host0: tegra-ahci
[    2.403488] scsi host1: tegra-ahci
[    2.407273] ata1: SATA max UDMA/133 mmio [mem 0x70027000-0x70028fff] port 0x100 irq 340
[    2.415284] ata2: DUMMY
[    2.421482] tegra-ehci 7d004000.usb: EHCI Host Controller
[    2.426933] tegra-ehci 7d004000.usb: new USB bus registered, assigned bus number 1
[    2.434737] tegra-ehci 7d004000.usb: irq 345, io mem 0x7d004000
[    2.449500] tegra-ehci 7d004000.usb: USB 2.0 started, EHCI 1.10
[    2.456415] hub 1-0:1.0: USB hub found
[    2.460251] hub 1-0:1.0: 1 port detected
[    2.465544] platform 7d008000.usb: Driver tegra-ehci requests probe deferral
[    2.474420] sdhci-tegra 700b0400.sdhci: Got CD GPIO
[    2.479353] sdhci-tegra 700b0400.sdhci: Got WP GPIO
[    2.484317] mmc1: Unknown controller version (3). You may experience problems.
[    2.491723] sdhci-tegra 700b0400.sdhci: No vmmc regulator found
[    2.497705] mmc1: Invalid maximum block size, assuming 512 bytes
[    2.539999] mmc1: SDHCI controller on 700b0400.sdhci [700b0400.sdhci] using ADMA 64-bit
[    2.548548] +1.05V_RUN_AVDD_HDMI_PLL: supplied by +1.05V_RUN
[    2.554893] tegra-pcie 1003000.pcie-controller: 2x1, 1x1 configuration
[    2.562872] tegra-pcie 1003000.pcie-controller: probing port 0, using 2 lanes
[    2.572125] tegra-pcie 1003000.pcie-controller: Slot present pin change, signature: 00000008
[    2.739636] ata1: SATA link down (SStatus 0 SControl 300)
[    2.999811] tegra-pcie 1003000.pcie-controller: link 0 down, retrying
[    3.428391] tegra-pcie 1003000.pcie-controller: link 0 down, retrying
[    3.856234] tegra-pcie 1003000.pcie-controller: link 0 down, retrying
[    3.864819] tegra-pcie 1003000.pcie-controller: link 0 down, ignoring
[    3.871306] tegra-pcie 1003000.pcie-controller: probing port 1, using 1 lanes
[    3.880564] tegra-pcie 1003000.pcie-controller: Slot present pin change, signature: 00000000
[    3.893358] tegra-pcie 1003000.pcie-controller: PCI host bridge to bus 0000:00
[    3.900608] pci_bus 0000:00: root bus resource [mem 0x13000000-0x1fffffff]
[    3.907488] pci_bus 0000:00: root bus resource [mem 0x20000000-0x3fffffff pref]
[    3.914801] pci_bus 0000:00: root bus resource [bus 00-ff]
[    3.920291] pci_bus 0000:00: root bus resource [io  0x1000-0xffff]
[    3.926511] pci 0000:00:02.0: [10de:0e13] type 01 class 0x060400
[    3.932624] pci 0000:00:02.0: PME# supported from D0 D1 D2 D3hot D3cold
[    3.939538] PCI: bus0: Fast back to back transfers disabled
[    3.945119] pci 0000:00:02.0: bridge configuration invalid ([bus 00-00]), reconfiguring
[    3.953331] pci 0000:01:00.0: [10ec:8168] type 00 class 0x020000
[    3.959368] pci 0000:01:00.0: reg 0x10: [io  0x0000-0x00ff]
[    3.964975] pci 0000:01:00.0: reg 0x18: [mem 0x00000000-0x00000fff 64bit]
[    3.971784] pci 0000:01:00.0: reg 0x20: [mem 0x00000000-0x00003fff 64bit pref]
[    3.979137] pci 0000:01:00.0: supports D1 D2
[    3.983415] pci 0000:01:00.0: PME# supported from D0 D1 D2 D3hot D3cold
[    3.999517] PCI: bus1: Fast back to back transfers disabled
[    4.005100] pci_bus 0000:01: busn_res: [bus 01-ff] end is updated to 01
[    4.011844] pci 0000:00:02.0: BAR 8: assigned [mem 0x13000000-0x130fffff]
[    4.018697] pci 0000:00:02.0: BAR 9: assigned [mem 0x20000000-0x200fffff 64bit pref]
[    4.026496] pci 0000:00:02.0: BAR 7: assigned [io  0x1000-0x1fff]
[    4.032647] pci 0000:01:00.0: BAR 4: assigned [mem 0x20000000-0x20003fff 64bit pref]
[    4.040424] pci 0000:01:00.0: BAR 2: assigned [mem 0x13000000-0x13000fff 64bit]
[    4.047796] pci 0000:01:00.0: BAR 0: assigned [io  0x1000-0x10ff]
[    4.053910] pci 0000:00:02.0: PCI bridge to [bus 01]
[    4.058920] pci 0000:00:02.0:   bridge window [io  0x1000-0x1fff]
[    4.065030] pci 0000:00:02.0:   bridge window [mem 0x13000000-0x130fffff]
[    4.071862] pci 0000:00:02.0:   bridge window [mem 0x20000000-0x200fffff 64bit pref]
[    4.079654] pci 0000:00:02.0: nv_msi_ht_cap_quirk didn't locate host bridge
[    4.086773] pcieport 0000:00:02.0: enabling device (0140 -> 0143)
[    4.093127] pcieport 0000:00:02.0: Signaling PME through PCIe PME interrupt
[    4.100131] pci 0000:01:00.0: Signaling PME through PCIe PME interrupt
[    4.106704] pcie_pme 0000:00:02.0:pcie01: service driver pcie_pme loaded
[    4.113671] r8169 Gigabit Ethernet driver 2.3LK-NAPI loaded
[    4.119307] r8169 0000:01:00.0: enabling device (0140 -> 0143)
[    4.135917] r8169 0000:01:00.0 eth0: RTL8168g/8111g at 0xf017e000, 00:04:4b:25:b3:b4, XID 0c000800 IRQ 381
[    4.145582] r8169 0000:01:00.0 eth0: jumbo features [frames: 9200 bytes, tx checksumming: ko]
[    4.156646] [drm] Supports vblank timestamp caching Rev 2 (21.10.2013).
[    4.163295] [drm] No driver support for vblank timestamp query.
[    4.169268] drm drm: No connectors reported connected with modes
[    4.175311] [drm] Cannot find any crtc or sizes - going 1024x768
[    4.196510] Console: switching to colour frame buffer device 128x48
[    4.210120] drm drm: fb0:  frame buffer device
[    4.214573] drm drm: registered panic notifier
[    4.229622] [drm] Initialized tegra 0.0.0 20120330 on minor 0
[    4.236447] tegra-ehci 7d008000.usb: EHCI Host Controller
[    4.241910] tegra-ehci 7d008000.usb: new USB bus registered, assigned bus number 2
[    4.249799] tegra-ehci 7d008000.usb: irq 346, io mem 0x7d008000
[    4.264622] tegra-ehci 7d008000.usb: USB 2.0 started, EHCI 1.10
[    4.271568] hub 2-0:1.0: USB hub found
[    4.275411] hub 2-0:1.0: 1 port detected
[    4.281307] input: gpio-keys as /devices/soc0/gpio-keys/input/input1
[    4.288957] as3722-rtc as3722-rtc: setting system clock to 2000-02-01 00:01:38 UTC (949363298)
[    4.308648] +1.8V_RUN_VPP_FUSE: disabling
[    4.313112] +2.8V_RUN_CAM_AF: disabling
[    4.317316] +3.3V_RUN_TOUCH: disabling
[    4.321435] +1.05V_RUN_CAM_REAR: disabling
[    4.325898] +1.2V_RUN_CAM_FRONT: disabling
[    4.330149] +2.8V_RUN_CAM: disabling
[    4.333839] +1.8V_RUN_CAM: disabling
[    4.337549] +USB0_VBUS_SW: disabling
[    4.341461] ALSA device list:
[    4.344423]   #0: NVIDIA Tegra Jetson TK1
[    4.349684] EXT4-fs (mmcblk0p1): couldn't mount as ext3 due to feature incompatibilities
[    4.358451] EXT4-fs (mmcblk0p1): couldn't mount as ext2 due to feature incompatibilities
[    4.372633] EXT4-fs (mmcblk0p1): recovery complete
[    4.377478] EXT4-fs (mmcblk0p1): mounted filesystem with ordered data mode. Opts: (null)
[    4.385659] VFS: Mounted root (ext4 filesystem) on device 179:1.
[    4.394086] devtmpfs: mounted
[    4.397749] Freeing unused kernel memory: 780K (c0c8d000 - c0d50000)
bash: cannot set terminal process group (-1): Inappropriate ioctl for device
bash: no job control in this shell
root@(none):/# [    4.594685] usb 2-1: new high-speed USB device number 2 using tegra-ehci
