
U-Boot SPL 2016.05-rc2 (Apr 21 2016 - 16:23:00)
Trying to boot from RAM


U-Boot 2016.05-rc2 (Apr 21 2016 - 16:23:00 -0700)

TEGRA124
Model: NVIDIA Jetson TK1
Board: NVIDIA Jetson TK1
DRAM:  2 GiB
MC:   Tegra SD/MMC: 0, Tegra SD/MMC: 1
In:    serial
Out:   serial
Err:   serial
Net:   No ethernet found.
Hit any key to stop autoboot:  2  0 
Tegra124 (Jetson TK1) # 
Tegra124 (Jetson TK1) # pci enum
Tegra124 (Jetson TK1) # setenv bootargs 'ignore_loglevel console=ttyS0,115200n8 rw root=PARTUUID=b1791faa-84e8-4e27-83a1-9fb0a77e8803 rootwait gpt debug noinitrd earlyprintk init=/bin/bash'
Tegra124 (Jetson TK1) # setenv ipaddr 192.168.100.102; setenv serverip 192.168.100.1; setenv tftpserverip 192.168.100.1
Tegra124 (Jetson TK1) # tftpboot 0x82000000 zImage.tegra_defconfig%tegra-fw

Warning: eth_rtl8169 using MAC address from ROM
Using eth_rtl8169 device
TFTP from server 192.168.100.1; our IP address is 192.168.100.102
Filename 'zImage.tegra_defconfig%tegra-fw'.
Load address: 0x82000000
Loading: *#################################################################
	 #################################################################
	 #################################################################
	 #################################################################
	 #################################################################
	 #################################################################
	 ##########################################
	 3.9 MiB/s
done
Bytes transferred = 6334792 (60a948 hex)
Tegra124 (Jetson TK1) # tftpboot 0x83000000 tegra124-jetson-tk1.dtb
Using eth_rtl8169 device
TFTP from server 192.168.100.1; our IP address is 192.168.100.102
Filename 'tegra124-jetson-tk1.dtb'.
Load address: 0x83000000
Loading: *#####
	 3.7 MiB/s
done
Bytes transferred = 66544 (103f0 hex)
Tegra124 (Jetson TK1) # bootz 0x82000000 - 0x83000000
Kernel image @ 0x82000000 [ 0x000000 - 0x60a948 ]
## Flattened Device Tree blob at 83000000
   Booting using the fdt blob at 0x83000000
   Using Device Tree in place at 83000000, end 830133ef

Starting kernel ...

[    0.000000] Booting Linux on physical CPU 0x0
[    0.000000] Linux version 4.15.0-rc8-217563-ga8750dd (jonathanh@sellafield) (gcc version 4.7.3 20130328 (prerelease) (crosstool-NG linaro-1.13.1-4.7-2013.04-20130415 - Linaro GCC 2013.04)) #1 SMP PREEMPT Sun Jan 14 16:33:40 PST 2018
[    0.000000] CPU: ARMv7 Processor [413fc0f3] revision 3 (ARMv7), cr=10c5387d
[    0.000000] CPU: div instructions available: patching division code
[    0.000000] CPU: PIPT / VIPT nonaliasing data cache, PIPT instruction cache
[    0.000000] OF: fdt: Machine model: NVIDIA Tegra124 Jetson TK1
[    0.000000] debug: ignoring loglevel setting.
[    0.000000] bootconsole [earlycon0] enabled
[    0.000000] Memory policy: Data cache writealloc
[    0.000000] cma: Reserved 64 MiB at 0xfbc00000
[    0.000000] On node 0 totalpages: 524032
[    0.000000]   Normal zone: 1536 pages used for memmap
[    0.000000]   Normal zone: 0 pages reserved
[    0.000000]   Normal zone: 196608 pages, LIFO batch:31
[    0.000000]   HighMem zone: 327424 pages, LIFO batch:31
[    0.000000] random: fast init done
[    0.000000] percpu: Embedded 17 pages/cpu @(ptrval) s39168 r8192 d22272 u69632
[    0.000000] pcpu-alloc: s39168 r8192 d22272 u69632 alloc=17*4096
[    0.000000] pcpu-alloc: [0] 0 [0] 1 [0] 2 [0] 3 
[    0.000000] Built 1 zonelists, mobility grouping on.  Total pages: 522496
[    0.000000] Kernel command line: ignore_loglevel console=ttyS0,115200n8 rw root=PARTUUID=b1791faa-84e8-4e27-83a1-9fb0a77e8803 rootwait gpt debug noinitrd earlyprintk init=/bin/bash
[    0.000000] Dentry cache hash table entries: 131072 (order: 7, 524288 bytes)
[    0.000000] Inode-cache hash table entries: 65536 (order: 6, 262144 bytes)
[    0.000000] Memory: 1997468K/2096128K available (9216K kernel code, 778K rwdata, 2820K rodata, 1024K init, 299K bss, 33124K reserved, 65536K cma-reserved, 1244160K highmem)
[    0.000000] Virtual kernel memory layout:
[    0.000000]     vector  : 0xffff0000 - 0xffff1000   (   4 kB)
[    0.000000]     fixmap  : 0xffc00000 - 0xfff00000   (3072 kB)
[    0.000000]     vmalloc : 0xf0800000 - 0xff800000   ( 240 MB)
[    0.000000]     lowmem  : 0xc0000000 - 0xf0000000   ( 768 MB)
[    0.000000]     pkmap   : 0xbfe00000 - 0xc0000000   (   2 MB)
[    0.000000]     modules : 0xbf000000 - 0xbfe00000   (  14 MB)
[    0.000000]       .text : 0x(ptrval) - 0x(ptrval)   (10208 kB)
[    0.000000]       .init : 0x(ptrval) - 0x(ptrval)   (1024 kB)
[    0.000000]       .data : 0x(ptrval) - 0x(ptrval)   ( 779 kB)
[    0.000000]        .bss : 0x(ptrval) - 0x(ptrval)   ( 300 kB)
[    0.000000] Preemptible hierarchical RCU implementation.
[    0.000000] 	Tasks RCU enabled.
[    0.000000] NR_IRQS: 16, nr_irqs: 16, preallocated irqs: 16
[    0.000000] /interrupt-controller@60004000: 160 interrupts forwarded to /interrupt-controller@50041000
[    0.000000] Tegra clk 127: register failed with -17
[    0.000008] sched_clock: 32 bits at 1000kHz, resolution 1000ns, wraps every 2147483647500ns
[    0.007469] clocksource: timer_us: mask: 0xffffffff max_cycles: 0xffffffff, max_idle_ns: 1911260446275 ns
[    0.016997] Switching to timer-based delay loop, resolution 1000ns
[    0.024186] arch_timer: cp15 timer(s) running at 12.00MHz (virt).
[    0.029221] clocksource: arch_sys_counter: mask: 0xffffffffffffff max_cycles: 0x2c47f4ee7, max_idle_ns: 440795202497 ns
[    0.039969] sched_clock: 56 bits at 12MHz, resolution 83ns, wraps every 4398046511096ns
[    0.047937] Switching to timer-based delay loop, resolution 83ns
[    0.054397] Console: colour dummy device 80x30
[    0.058352] Calibrating delay loop (skipped), value calculated using timer frequency.. 24.00 BogoMIPS (lpj=120000)
[    0.068662] pid_max: default: 32768 minimum: 301
[    0.073726] Mount-cache hash table entries: 2048 (order: 1, 8192 bytes)
[    0.079846] Mountpoint-cache hash table entries: 2048 (order: 1, 8192 bytes)
[    0.087680] CPU: Testing write buffer coherency: ok
[    0.092009] /cpus/cpu@0 missing clock-frequency property
[    0.097019] /cpus/cpu@1 missing clock-frequency property
[    0.102331] /cpus/cpu@2 missing clock-frequency property
[    0.107593] /cpus/cpu@3 missing clock-frequency property
[    0.112866] CPU0: thread -1, cpu 0, socket 0, mpidr 80000000
[    0.152981] Setting up static identity map for 0x80100000 - 0x801000a0
[    0.157734] Hierarchical SRCU implementation.
[    0.173497] Tegra Revision: A01 SKU: 129 CPU Process: 1 SoC Process: 1
[    0.193000] smp: Bringing up secondary CPUs ...
[    0.243626] CPU1: thread -1, cpu 1, socket 0, mpidr 80000001
[    0.323738] CPU2: thread -1, cpu 2, socket 0, mpidr 80000002
[    0.403850] CPU3: thread -1, cpu 3, socket 0, mpidr 80000003
[    0.413425] smp: Brought up 1 node, 4 CPUs
[    0.432513] SMP: Total of 4 processors activated (96.00 BogoMIPS).
[    0.438683] CPU: All CPU(s) started in SVC mode.
[    0.445120] devtmpfs: initialized
[    0.465084] VFP support v0.3: implementor 41 architecture 4 part 30 variant f rev 0
[    0.471181] clocksource: jiffies: mask: 0xffffffff max_cycles: 0xffffffff, max_idle_ns: 19112604462750000 ns
[    0.480640] futex hash table entries: 1024 (order: 4, 65536 bytes)
[    0.488138] pinctrl core: initialized pinctrl subsystem
[    0.493185] NET: Registered protocol family 16
[    0.497878] DMA: preallocated 256 KiB pool for atomic coherent allocations
[    0.504556] cpuidle: using governor menu
[    0.530473] No ATAGs?
[    0.530610] hw-breakpoint: found 5 (+1 reserved) breakpoint and 4 watchpoint registers.
[    0.538971] hw-breakpoint: maximum watchpoint size is 8 bytes.
[    0.546654] iommu: Adding device reg-dummy to group 0
[    0.549858] iommu: Adding device 1003000.pcie to group 1
[    0.555160] iommu: Adding device 50000000.host1x to group 2
[    0.560717] iommu: Adding device 54200000.dc to group 3
[    0.565896] iommu: Adding device 54240000.dc to group 4
[    0.571084] iommu: Adding device 54280000.hdmi to group 5
[    0.576471] iommu: Adding device 57000000.gpu to group 6
[    0.581743] iommu: Adding device 60005000.timer to group 7
[    0.587175] iommu: Adding device 60007000.flow-controller to group 8
[    0.593523] iommu: Adding device 6000c800.actmon to group 9
[    0.599050] iommu: Adding device 6000d000.gpio to group 10
[    0.604527] iommu: Adding device 60020000.dma to group 11
[    0.609899] iommu: Adding device 70000800.apbmisc to group 12
[    0.615622] iommu: Adding device 70000868.pinmux to group 13
[    0.621241] iommu: Adding device 70006000.serial to group 14
[    0.626889] iommu: Adding device 70006040.serial to group 15
[    0.632501] iommu: Adding device 70006300.serial to group 16
[    0.638156] iommu: Adding device 7000c000.i2c to group 17
[    0.643508] iommu: Adding device 7000c400.i2c to group 18
[    0.648900] iommu: Adding device 7000c500.i2c to group 19
[    0.654256] iommu: Adding device 7000c700.i2c to group 20
[    0.659656] iommu: Adding device 7000d000.i2c to group 21
[    0.665002] iommu: Adding device 7000d400.spi to group 22
[    0.670401] iommu: Adding device 7000da00.spi to group 23
[    0.675750] iommu: Adding device 7000e000.rtc to group 24
[    0.681143] iommu: Adding device 7000e400.pmc to group 25
[    0.686495] iommu: Adding device 7000f800.fuse to group 26
[    0.691974] iommu: Adding device 70019000.memory-controller to group 27
[    0.698543] iommu: Adding device 7001b000.emc to group 28
[    0.703939] iommu: Adding device 70027000.sata to group 29
[    0.709376] iommu: Adding device 70030000.hda to group 30
[    0.714769] iommu: Adding device 70090000.usb to group 31
[    0.720123] iommu: Adding device 7009f000.padctl to group 32
[    0.725789] iommu: Adding device 700b0400.sdhci to group 33
[    0.731303] iommu: Adding device 700b0600.sdhci to group 34
[    0.736869] iommu: Adding device 70015000.cec to group 35
[    0.742234] iommu: Adding device 700e2000.thermal-sensor to group 36
[    0.748571] iommu: Adding device 70110000.clock to group 37
[    0.754095] iommu: Adding device 70300000.ahub to group 38
[    0.759575] iommu: Adding device 7d000000.usb to group 39
[    0.764929] iommu: Adding device 7d000000.usb-phy to group 40
[    0.770668] iommu: Adding device 7d004000.usb to group 41
[    0.776023] iommu: Adding device 7d004000.usb-phy to group 42
[    0.781766] iommu: Adding device 7d008000.usb to group 43
[    0.787122] iommu: Adding device 7d008000.usb-phy to group 44
[    0.792854] iommu: Adding device pmu to group 45
[    0.797428] iommu: Adding device timer to group 46
[    0.802196] iommu: Adding device clocks to group 47
[    0.807066] iommu: Adding device gpio-keys to group 48
[    0.812163] iommu: Adding device regulators to group 49
[    0.817389] iommu: Adding device regulators:regulator@0 to group 50
[    0.823602] iommu: Adding device regulators:regulator@1 to group 51
[    0.829863] iommu: Adding device regulators:regulator@2 to group 52
[    0.836082] iommu: Adding device regulators:regulator@3 to group 53
[    0.842340] iommu: Adding device regulators:regulator@4 to group 54
[    0.848570] iommu: Adding device regulators:regulator@7 to group 55
[    0.854820] iommu: Adding device regulators:regulator@8 to group 56
[    0.861049] iommu: Adding device regulators:regulator@10 to group 57
[    0.867388] iommu: Adding device regulators:regulator@11 to group 58
[    0.873695] iommu: Adding device regulators:regulator@12 to group 59
[    0.880041] iommu: Adding device regulators:regulator@13 to group 60
[    0.886350] iommu: Adding device regulators:regulator@14 to group 61
[    0.892692] iommu: Adding device sound to group 62
[    0.914400] +5V_SYS: supplied by +VDD_MUX
[    0.916892] +3.3V_SYS: supplied by +VDD_MUX
[    0.921452] +USB0_VBUS_SW: Failed to request enable GPIO108: -517
[    0.926775] reg-fixed-voltage regulators:regulator@7: Failed to register regulator: -517
[    0.934896] +5V_USB_HS: Failed to request enable GPIO109: -517
[    0.940620] reg-fixed-voltage regulators:regulator@8: Failed to register regulator: -517
[    0.948857] +1.05V_RUN_AVDD_HDMI_PLL: Failed to request enable GPIO63: -517
[    0.955638] reg-fixed-voltage regulators:regulator@11: Failed to register regulator: -517
[    0.963841] +5V_HDMI_CON: Failed to request enable GPIO86: -517
[    0.969652] reg-fixed-voltage regulators:regulator@12: Failed to register regulator: -517
[    0.977881] +5V_SATA: Failed to request enable GPIO242: -517
[    0.983431] reg-fixed-voltage regulators:regulator@13: Failed to register regulator: -517
[    0.991660] +12V_SATA: Failed to request enable GPIO242: -517
[    0.997297] reg-fixed-voltage regulators:regulator@14: Failed to register regulator: -517
[    1.006728] vgaarb: loaded
[    1.008888] SCSI subsystem initialized
[    1.012072] libata version 3.00 loaded.
[    1.015966] usbcore: registered new interface driver usbfs
[    1.021195] usbcore: registered new interface driver hub
[    1.026499] usbcore: registered new device driver usb
[    1.034714] Linux video capture interface: v2.00
[    1.037495] pps_core: LinuxPPS API ver. 1 registered
[    1.042394] pps_core: Software ver. 5.3.6 - Copyright 2005-2007 Rodolfo Giometti <giometti@linux.it>
[    1.051500] PTP clock support registered
[    1.056817] Advanced Linux Sound Architecture Driver Initialized.
[    1.062076] Bluetooth: Core ver 2.22
[    1.065029] NET: Registered protocol family 31
[    1.069429] Bluetooth: HCI device and connection manager initialized
[    1.075732] Bluetooth: HCI socket layer initialized
[    1.080605] Bluetooth: L2CAP socket layer initialized
[    1.085640] Bluetooth: SCO socket layer initialized
[    1.091104] clocksource: Switched to clocksource arch_sys_counter
[    1.187122] NET: Registered protocol family 2
[    1.190572] TCP established hash table entries: 8192 (order: 3, 32768 bytes)
[    1.196714] TCP bind hash table entries: 8192 (order: 4, 65536 bytes)
[    1.203199] TCP: Hash tables configured (established 8192 bind 8192)
[    1.209819] UDP hash table entries: 512 (order: 2, 16384 bytes)
[    1.215282] UDP-Lite hash table entries: 512 (order: 2, 16384 bytes)
[    1.221886] NET: Registered protocol family 1
[    1.226610] RPC: Registered named UNIX socket transport module.
[    1.231802] RPC: Registered udp transport module.
[    1.236455] RPC: Registered tcp transport module.
[    1.241153] RPC: Registered tcp NFSv4.1 backchannel transport module.
[    1.247997] iommu: Adding device regulatory.0 to group 63
[    1.253149] PCI: CLS 0 bytes, default 64
[    1.258634] hw perfevents: enabled with armv7_cortex_a15 PMU driver, 7 counters available
[    1.265703] iommu: Adding device alarmtimer to group 64
[    1.271341] Initialise system trusted keyrings
[    1.274779] workingset: timestamp_bits=30 max_order=19 bucket_order=0
[    1.282407] squashfs: version 4.0 (2009/01/31) Phillip Lougher
[    1.287573] NFS: Registering the id_resolver key type
[    1.291893] Key type id_resolver registered
[    1.295996] Key type id_legacy registered
[    1.304702] Key type asymmetric registered
[    1.306889] Asymmetric key parser 'x509' registered
[    1.311906] bounce: pool size: 64 pages
[    1.315622] io scheduler noop registered (default)
[    1.320322] io scheduler mq-deadline registered
[    1.324853] io scheduler kyber registered
[    1.330649]  usb2-0: usb2-0 supply vbus not found, using dummy regulator
[    1.335648]  usb2-1: usb2-1 supply vbus not found, using dummy regulator
[    1.342611] tegra-xusb-padctl 7009f000.padctl: failed to setup XUSB ports: -517
[    1.358692] tegra-pcie 1003000.pcie: 2x1, 1x1 configuration
[    1.362432] tegra-pcie 1003000.pcie: Failed to get supply 'avddio-pex': -517
[    1.372346] tegra124-dfll 70110000.clock: couldn't get vdd_cpu regulator
[    1.383044] tegra-apbdma 60020000.dma: Tegra20 APB DMA driver register 32 channels
[    1.390005] tegra-pmc 7000e400.pmc: emergency thermal reset enabled
[    1.395590] Serial: 8250/16550 driver, 4 ports, IRQ sharing disabled
[    1.401404] iommu: Adding device serial8250 to group 65
[    1.408272] console [ttyS0] disabled
[    1.410061] 70006300.serial: ttyS0 at MMIO 0x70006300 (irq = 335, base_baud = 25500000) is a Tegra
[    1.419372] console [ttyS0] enabled
[    1.419372] console [ttyS0] enabled
[    1.425209] bootconsole [earlycon0] disabled
[    1.425209] bootconsole [earlycon0] disabled
[    1.434587] 70006000.serial: ttyTHS1 at MMIO 0x70006000 (irq = 333, base_baud = 0) is a TEGRA_UART
[    1.445627] 70006040.serial: ttyTHS2 at MMIO 0x70006040 (irq = 334, base_baud = 0) is a TEGRA_UART
[    1.474241] tegra-hdmi 54280000.hdmi: failed to get HDMI regulator
[    1.493843] loop: module loaded
[    1.498338] at24 0-0056: 256 byte 24c02 EEPROM, writable, 8 bytes/write
[    1.505803] as3722 4-0040: AS3722 with revision 0x1 found
[    1.513465] iommu: Adding device as3722-pinctrl to group 66
[    1.520762] iommu: Adding device as3722-regulator to group 67
[    1.529523] as3722-sd2: supplied by +5V_SYS
[    1.534224] as3722-sd3: supplied by +5V_SYS
[    1.538660] +1.35V_LP0(sd3): Bringing 0uV into 1350000-1350000uV
[    1.545050] as3722-sd4: supplied by +5V_SYS
[    1.549705] as3722-sd5: supplied by +5V_SYS
[    1.555835] as3722-ldo0: supplied by +1.35V_LP0(sd2)
[    1.561974] +1.8V_RUN_CAM: Bringing 0uV into 1800000-1800000uV
[    1.568210] as3722-ldo2: supplied by +1.8V_VDDIO
[    1.574192] as3722-ldo3: supplied by +3.3V_SYS
[    1.578687] +1.05V_LP0_VDD_RTC: Bringing 1100000uV into 1000000-1000000uV
[    1.586524] as3722-ldo4: supplied by +3.3V_SYS
[    1.591207] +2.8V_RUN_CAM: Bringing 0uV into 2800000-2800000uV
[    1.597452] as3722-ldo5: supplied by +1.8V_VDDIO
[    1.602329] +1.2V_RUN_CAM_FRONT: Bringing 0uV into 1200000-1200000uV
[    1.609287] +VDDIO_SDMMC3: bypassed regulator has no supply!
[    1.614961] +VDDIO_SDMMC3: failed to get the current voltage(-517)
[    1.621156] as3722-regulator as3722-regulator: regulator 13 register failed -517
[    1.631376] iommu: Adding device as3722-rtc to group 68
[    1.636752] iommu: Adding device as3722-adc to group 69
[    1.642149] iommu: Adding device as3722-power-off to group 70
[    1.648038] iommu: Adding device as3722-wdt to group 71
[    1.654042] tegra-ahci 70027000.sata: couldn't get PHY in node sata: -517
[    1.672635] m25p80 spi1.0: w25q32dw (4096 Kbytes)
[    1.679350] iommu: Adding device Fixed MDIO bus.0 to group 72
[    1.685311] libphy: Fixed MDIO Bus: probed
[    1.689404] CAN device driver interface
[    1.693310] igb: Intel(R) Gigabit Ethernet Network Driver - version 5.4.0-k
[    1.700261] igb: Copyright (c) 2007-2014 Intel Corporation.
[    1.705993] pegasus: v0.9.3 (2013/04/25), Pegasus/Pegasus II USB Ethernet driver
[    1.713481] usbcore: registered new interface driver pegasus
[    1.719199] usbcore: registered new interface driver asix
[    1.724668] usbcore: registered new interface driver ax88179_178a
[    1.730803] usbcore: registered new interface driver cdc_ether
[    1.736724] usbcore: registered new interface driver smsc75xx
[    1.742552] usbcore: registered new interface driver smsc95xx
[    1.748341] usbcore: registered new interface driver net1080
[    1.754071] usbcore: registered new interface driver cdc_subset
[    1.760031] usbcore: registered new interface driver zaurus
[    1.765710] usbcore: registered new interface driver cdc_ncm
[    1.771630] tegra-phy 7d000000.usb-phy: no vbus regulator
[    1.777255] tegra-phy 7d004000.usb-phy: no vbus regulator
[    1.782976] ehci_hcd: USB 2.0 'Enhanced' Host Controller (EHCI) Driver
[    1.789493] ehci-pci: EHCI PCI platform driver
[    1.794018] tegra-ehci: Tegra EHCI driver
[    1.800871] tegra-ehci 7d004000.usb: EHCI Host Controller
[    1.806310] tegra-ehci 7d004000.usb: new USB bus registered, assigned bus number 1
[    1.814128] tegra-ehci 7d004000.usb: irq 356, io mem 0x7d004000
[    1.841137] tegra-ehci 7d004000.usb: USB 2.0 started, EHCI 1.10
[    1.847957] hub 1-0:1.0: USB hub found
[    1.851768] hub 1-0:1.0: 1 port detected
[    1.856934] usbcore: registered new interface driver cdc_acm
[    1.862608] cdc_acm: USB Abstract Control Model driver for USB modems and ISDN adapters
[    1.870663] usbcore: registered new interface driver cdc_wdm
[    1.876414] usbcore: registered new interface driver usb-storage
[    1.884057] iommu: Adding device ci_hdrc.0 to group 73
[    1.895851] as3722-rtc as3722-rtc: rtc core: registered as3722-rtc as rtc0
[    1.902751] as3722-rtc as3722-rtc: RTC interrupt 379
[    1.910564] tegra_rtc 7000e000.rtc: rtc core: registered 7000e000.rtc as rtc1
[    1.917766] tegra_rtc 7000e000.rtc: Tegra internal Real Time Clock
[    1.924311] i2c /dev entries driver
[    1.929058] usbcore: registered new interface driver uvcvideo
[    1.934820] USB Video Class driver (1.1.1)
[    1.938910] gspca_main: v2.14.0 registered
[    1.943661] lm90 0-004c: 0-004c supply vcc not found, using dummy regulator
[    1.953938] tegra-wdt 60005000.timer: initialized (heartbeat = 120 sec, nowayout = 0)
[    1.962438] iommu: Adding device cpufreq-tegra124 to group 74
[    1.968743] sdhci: Secure Digital Host Controller Interface driver
[    1.974936] sdhci: Copyright(c) Pierre Ossman
[    1.979286] sdhci-pltfm: SDHCI platform and OF driver helper
[    1.985285] sdhci-tegra 700b0400.sdhci: Got CD GPIO
[    1.990176] sdhci-tegra 700b0400.sdhci: Got WP GPIO
[    2.011160] mmc0: Unknown controller version (3). You may experience problems.
[    2.018417] mmc0: Invalid maximum block size, assuming 512 bytes
[    2.081176] mmc0: SDHCI controller on 700b0600.sdhci [700b0600.sdhci] using ADMA
[    2.092664] usbcore: registered new interface driver usbhid
[    2.098336] usbhid: USB HID core driver
[    2.105235] iommu: Adding device snd-soc-dummy to group 75
[    2.157573] mmc0: new high speed MMC card at address 0001
[    2.163589] mmcblk0: mmc0:0001 SEM16G 14.7 GiB 
[    2.168509] mmcblk0boot0: mmc0:0001 SEM16G partition 1 4.00 MiB
[    2.174889] mmcblk0boot1: mmc0:0001 SEM16G partition 2 4.00 MiB
[    2.180990] mmcblk0rpmb: mmc0:0001 SEM16G partition 3 4.00 MiB, chardev (247:0)
[    2.190013]  mmcblk0: p1
[    2.551555] iommu: Adding device 70301100.i2s to group 76
[    2.557825] tegra30-i2s 70301100.i2s: DMA channels sourced from device 70300000.ahub
[    2.578174] tegra-snd-rt5640 sound: rt5640-aif1 <-> 70301100.i2s mapping ok
[    2.588991] input: NVIDIA Tegra Jetson TK1 Headphones as /devices/soc0/sound/sound/card1/input0
[    2.600187] NET: Registered protocol family 10
[    2.606012] Segment Routing with IPv6
[    2.609849] mip6: Mobile IPv6
[    2.612839] sit: IPv6, IPv4 and MPLS over IPv4 tunneling driver
[    2.620256] NET: Registered protocol family 17
[    2.624775] NET: Registered protocol family 15
[    2.629227] can: controller area network core (rev 20170425 abi 9)
[    2.635635] NET: Registered protocol family 29
[    2.640074] can: raw protocol (rev 20170425)
[    2.644355] can: broadcast manager protocol (rev 20170425 t)
[    2.650015] can: netlink gateway (rev 20170425) max_hops=1
[    2.655743] Bluetooth: RFCOMM socket layer initialized
[    2.660893] Bluetooth: RFCOMM ver 1.11
[    2.664680] Bluetooth: BNEP (Ethernet Emulation) ver 1.3
[    2.669991] Bluetooth: BNEP socket layer initialized
[    2.674969] Bluetooth: HIDP (Human Interface Emulation) ver 1.2
[    2.680886] Bluetooth: HIDP socket layer initialized
[    2.686117] Key type dns_resolver registered
[    2.690883] Registering SWP/SWPB emulation handler
[    2.696475] Loading compiled-in X.509 certificates
[    2.719099] +3.3V_RUN: supplied by +3.3V_SYS
[    2.724248] +USB0_VBUS_SW: supplied by +5V_SYS
[    2.728949] +3.3V_AVDD_HDMI_AP_GATED: supplied by +3.3V_RUN
[    2.734992] +5V_USB_HS: supplied by +5V_SYS
[    2.740200] +3.3V_LP0: supplied by +3.3V_SYS
[    2.745650] +5V_HDMI_CON: supplied by +5V_SYS
[    2.750427] +5V_SATA: supplied by +5V_SYS
[    2.755109] +12V_SATA: supplied by +VDD_MUX
[    2.760734]  usb2-0: usb2-0 supply vbus not found, using dummy regulator
[    2.767614]  usb2-1: usb2-1 supply vbus not found, using dummy regulator
[    2.774796]  usb3-0: usb3-0 supply vbus not found, using dummy regulator
[    2.782330] tegra-pcie 1003000.pcie: 2x1, 1x1 configuration
[    2.787942] tegra-pcie 1003000.pcie: Failed to get supply 'avddio-pex': -517
[    2.797092] tegra124-dfll 70110000.clock: couldn't get vdd_cpu regulator
[    2.806098] tegra-hdmi 54280000.hdmi: failed to get PLL regulator
[    2.814649] as3722-sd2: supplied by +5V_SYS
[    2.819143] as3722-sd3: supplied by +5V_SYS
[    2.823679] as3722-sd4: supplied by +5V_SYS
[    2.828163] as3722-sd5: supplied by +5V_SYS
[    2.834122] as3722-ldo0: supplied by +1.35V_LP0(sd2)
[    2.839605] as3722-ldo1: supplied by +3.3V_RUN
[    2.844802] as3722-ldo2: supplied by +1.8V_VDDIO
[    2.850343] as3722-ldo3: supplied by +3.3V_SYS
[    2.855885] as3722-ldo4: supplied by +3.3V_SYS
[    2.860639] as3722-ldo5: supplied by +1.8V_VDDIO
[    2.866454] input: tegra-hda HDMI/DP,pcm=3 as /devices/soc0/70030000.hda/sound/card0/input1
[    2.875097] as3722-ldo6: supplied by +3.3V_RUN
[    2.880095] as3722-ldo7: supplied by +1.8V_VDDIO
[    2.885561] +1.05V_RUN_CAM_REAR: Bringing 0uV into 1050000-1050000uV
[    2.892686] as3722-ldo9: supplied by +5V_SYS
[    2.898152] +3.3V_RUN_TOUCH: Bringing 0uV into 2800000-2800000uV
[    2.904915] as3722-ldo10: supplied by +5V_SYS
[    2.910023] +2.8V_RUN_CAM_AF: Bringing 0uV into 2800000-2800000uV
[    2.916894] as3722-ldo11: supplied by +3.3V_RUN
[    2.922210] +1.8V_RUN_VPP_FUSE: Bringing 0uV into 1800000-1800000uV
[    2.931785] tegra-ahci 70027000.sata: AHCI 0001.0301 32 slots 2 ports 3 Gbps 0x1 impl platform mode
[    2.940828] tegra-ahci 70027000.sata: flags: 64bit ncq sntf pm led pio slum part sadm sds apst 
[    2.951399] scsi host0: tegra-ahci
[    2.955818] scsi host1: tegra-ahci
[    2.959522] ata1: SATA max UDMA/133 mmio [mem 0x70027000-0x70028fff] port 0x100 irq 345
[    2.967569] ata2: DUMMY
[    2.971185] tegra-ehci 7d008000.usb: EHCI Host Controller
[    2.976622] tegra-ehci 7d008000.usb: new USB bus registered, assigned bus number 2
[    2.984504] tegra-ehci 7d008000.usb: irq 357, io mem 0x7d008000
[    3.011236] tegra-ehci 7d008000.usb: USB 2.0 started, EHCI 1.10
[    3.018349] hub 2-0:1.0: USB hub found
[    3.022230] hub 2-0:1.0: 1 port detected
[    3.101908] tegra-xusb 70090000.usb: Firmware timestamp: 2014-09-16 02:10:07 UTC
[    3.109335] tegra-xusb 70090000.usb: xHCI Host Controller
[    3.114781] tegra-xusb 70090000.usb: new USB bus registered, assigned bus number 3
[    3.124962] tegra-xusb 70090000.usb: hcc params 0x0184f525 hci version 0x100 quirks 0x00010010
[    3.133654] tegra-xusb 70090000.usb: irq 347, io mem 0x70090000
[    3.141055] hub 3-0:1.0: USB hub found
[    3.144933] hub 3-0:1.0: 6 ports detected
[    3.149809] tegra-xusb 70090000.usb: xHCI Host Controller
[    3.155276] tegra-xusb 70090000.usb: new USB bus registered, assigned bus number 4
[    3.163025] usb usb4: We don't know the algorithms for LPM for this host, disabling LPM.
[    3.172376] hub 4-0:1.0: USB hub found
[    3.176183] hub 4-0:1.0: 2 ports detected
[    3.182162] sdhci-tegra 700b0400.sdhci: Got CD GPIO
[    3.187057] sdhci-tegra 700b0400.sdhci: Got WP GPIO
[    3.200344] mmc1: Unknown controller version (3). You may experience problems.
[    3.207723] mmc1: Invalid maximum block size, assuming 512 bytes
[    3.271755] mmc1: SDHCI controller on 700b0400.sdhci [700b0400.sdhci] using ADMA
[    3.279467] tegra-pcie 1003000.pcie: 2x1, 1x1 configuration
[    3.290413] tegra-pcie 1003000.pcie: probing port 0, using 2 lanes
[    3.298782] tegra-pcie 1003000.pcie: Slot present pin change, signature: 00000008
[    3.304403] ata1: SATA link down (SStatus 0 SControl 300)
[    3.321235] tegra-pcie 1003000.pcie: probing port 1, using 1 lanes
[    3.329443] tegra-pcie 1003000.pcie: Slot present pin change, signature: 00000000
[    3.343442] tegra-pcie 1003000.pcie: PCI host bridge to bus 0000:00
[    3.349711] pci_bus 0000:00: root bus resource [io  0x0000-0xffff]
[    3.355922] pci_bus 0000:00: root bus resource [mem 0x13000000-0x1fffffff]
[    3.362809] pci_bus 0000:00: root bus resource [mem 0x20000000-0x3fffffff pref]
[    3.370112] pci_bus 0000:00: root bus resource [bus 00-ff]
[    3.375695] pci 0000:00:01.0: [10de:0e12] type 01 class 0x060400
[    3.381785] pci_bus 0000:00: 2-byte config write to 0000:00:01.0 offset 0x4 may corrupt adjacent RW1C bits
[    3.391488] pci_bus 0000:00: 2-byte config write to 0000:00:01.0 offset 0x4 may corrupt adjacent RW1C bits
[    3.401179] pci 0000:00:01.0: enabling Extended Tags
[    3.406144] pci_bus 0000:00: 2-byte config write to 0000:00:01.0 offset 0x88 may corrupt adjacent RW1C bits
[    3.415914] pci_bus 0000:00: 2-byte config write to 0000:00:01.0 offset 0x52 may corrupt adjacent RW1C bits
[    3.425732] pci 0000:00:01.0: PME# supported from D0 D1 D2 D3hot D3cold
[    3.432417] pci_bus 0000:00: 2-byte config write to 0000:00:01.0 offset 0x4c may corrupt adjacent RW1C bits
[    3.442470] pci 0000:00:02.0: [10de:0e13] type 01 class 0x060400
[    3.448480] pci_bus 0000:00: 2-byte config write to 0000:00:02.0 offset 0x4 may corrupt adjacent RW1C bits
[    3.458147] pci_bus 0000:00: 2-byte config write to 0000:00:02.0 offset 0x4 may corrupt adjacent RW1C bits
[    3.467834] pci 0000:00:02.0: enabling Extended Tags
[    3.472849] pci_bus 0000:00: 2-byte config write to 0000:00:02.0 offset 0x88 may corrupt adjacent RW1C bits
[    3.482672] pci_bus 0000:00: 2-byte config write to 0000:00:02.0 offset 0x52 may corrupt adjacent RW1C bits
[    3.492497] pci 0000:00:02.0: PME# supported from D0 D1 D2 D3hot D3cold
[    3.499107] pci_bus 0000:00: 2-byte config write to 0000:00:02.0 offset 0x4c may corrupt adjacent RW1C bits
[    3.509112] PCI: bus0: Fast back to back transfers disabled
[    3.514734] pci 0000:00:01.0: bridge configuration invalid ([bus 00-00]), reconfiguring
[    3.522823] pci 0000:00:02.0: bridge configuration invalid ([bus 00-00]), reconfiguring
[    3.531224] pci 0000:01:00.0: [8086:4232] type 00 class 0x028000
[    3.537348] pci 0000:01:00.0: reg 0x10: [mem 0x00000000-0x00001fff 64bit]
[    3.544489] PCI: bus1: Fast back to back transfers disabled
[    3.550125] pci_bus 0000:01: busn_res: [bus 01-ff] end is updated to 01
[    3.557041] pci 0000:02:00.0: [10ec:8168] type 00 class 0x020000
[    3.563159] pci 0000:02:00.0: reg 0x10: [io  0x0000-0x00ff]
[    3.568818] pci 0000:02:00.0: reg 0x18: [mem 0x00000000-0x00000fff 64bit]
[    3.575699] pci 0000:02:00.0: reg 0x20: [mem 0x00000000-0x00003fff 64bit pref]
[    3.583208] PCI: bus2: Fast back to back transfers disabled
[    3.588847] pci_bus 0000:02: busn_res: [bus 02-ff] end is updated to 02
[    3.595671] mmc1: new high speed SDHC card at address aaaa
[    3.601744] mmcblk1: mmc1:aaaa SD04G 3.69 GiB 
[    3.606820] pci 0000:00:01.0: BAR 8: assigned [mem 0x13000000-0x130fffff]
[    3.613712] pci 0000:00:02.0: BAR 8: assigned [mem 0x13100000-0x131fffff]
[    3.620749] pci 0000:00:02.0: BAR 9: assigned [mem 0x20000000-0x200fffff 64bit pref]
[    3.628595] pci 0000:00:02.0: BAR 7: assigned [io  0x1000-0x1fff]
[    3.634896] pci 0000:01:00.0: BAR 0: assigned [mem 0x13000000-0x13001fff 64bit]
[    3.642332] pci 0000:00:01.0: PCI bridge to [bus 01]
[    3.647452] pci 0000:00:01.0:   bridge window [mem 0x13000000-0x130fffff]
[    3.654370] pci 0000:02:00.0: BAR 4: assigned [mem 0x20000000-0x20003fff 64bit pref]
[    3.662324] pci 0000:02:00.0: BAR 2: assigned [mem 0x13100000-0x13100fff 64bit]
[    3.669715] pci 0000:02:00.0: BAR 0: assigned [io  0x1000-0x10ff]
[    3.676094] pci 0000:00:02.0: PCI bridge to [bus 02]
[    3.681195] pci 0000:00:02.0:   bridge window [io  0x1000-0x1fff]
[    3.687529] pci 0000:00:02.0:   bridge window [mem 0x13100000-0x131fffff]
[    3.694422] pci 0000:00:02.0:   bridge window [mem 0x20000000-0x200fffff 64bit pref]
[    3.702381] pci 0000:00:01.0: nv_msi_ht_cap_quirk didn't locate host bridge
[    3.709704] pcieport 0000:00:01.0: enabling device (0140 -> 0142)
[    3.716426] pcieport 0000:00:01.0: Signaling PME with IRQ 395
[    3.722534]  mmcblk1: p1 p2 p3
[    3.726117] pci 0000:00:02.0: nv_msi_ht_cap_quirk didn't locate host bridge
[    3.733486] pcieport 0000:00:02.0: enabling device (0140 -> 0143)
[    3.740460] pcieport 0000:00:02.0: Signaling PME with IRQ 396
[    3.746641] r8169 Gigabit Ethernet driver 2.3LK-NAPI loaded
[    3.752325] r8169 0000:02:00.0: enabling device (0140 -> 0143)
[    3.758207] r8169 0000:02:00.0 (unnamed net_device) (uninitialized): not PCI Express
[    3.792991] r8169 0000:02:00.0 eth0: RTL8168g/8111g at 0xfc682199, 00:04:4b:3a:d9:81, XID 0c000800 IRQ 22
[    3.802599] r8169 0000:02:00.0 eth0: jumbo features [frames: 9200 bytes, tx checksumming: ko]
[    3.814785] +1.05V_RUN_AVDD_HDMI_PLL: supplied by +1.05V_RUN
[    3.824179] [drm] Supports vblank timestamp caching Rev 2 (21.10.2013).
[    3.830805] [drm] No driver support for vblank timestamp query.
[    3.964725] tegra-hdmi 54280000.hdmi: cannot set audio to 48000 Hz at 297000000 Hz pixel clock
[    4.211430] Console: switching to colour frame buffer device 512x135
[    4.307420] drm drm: fb0:  frame buffer device
[    4.312051] [drm] Initialized tegra 0.0.0 20120330 for drm on minor 0
[    4.319311] iommu: Adding device cpufreq-dt.0 to group 77
[    4.325026] cpufreq: cpufreq_online: CPU0: Running at unlisted freq: 696000 KHz
[    4.332372] cpufreq: cpufreq_online: CPU0: Unlisted initial frequency changed to: 714000 KHz
[    4.341478] input: gpio-keys as /devices/soc0/gpio-keys/input/input2
[    4.348540] as3722-rtc as3722-rtc: setting system clock to 2000-01-01 00:02:27 UTC (946684947)
[    4.357373] cfg80211: Loading compiled-in X.509 certificates for regulatory database
[    4.367046] cfg80211: Loaded X.509 cert 'sforshee: 00b28ddf47aef9cea7'
[    4.373703] platform regulatory.0: Direct firmware load for regulatory.db failed with error -2
[    4.381746] +USB0_VBUS_SW: disabling
[    4.381760] +1.8V_RUN_CAM: disabling
[    4.382403] +2.8V_RUN_CAM: disabling
[    4.386109] +1.2V_RUN_CAM_FRONT: disabling
[    4.389647] +1.05V_RUN_CAM_REAR: disabling
[    4.393245] +3.3V_RUN_TOUCH: disabling
[    4.397355] +2.8V_RUN_CAM_AF: disabling
[    4.401476] +1.8V_RUN_VPP_FUSE: disabling
[    4.405233] ALSA device list:
[    4.405237]   #0: tegra-hda at 0x70038000 irq 346
[    4.405238]   #1: NVIDIA Tegra Jetson TK1
[    4.424738] cfg80211: failed to load regulatory.db
[    4.430236] EXT4-fs (mmcblk0p1): mounting ext3 file system using the ext4 subsystem
[    4.452257] EXT4-fs (mmcblk0p1): recovery complete
[    4.457048] EXT4-fs (mmcblk0p1): mounted filesystem with ordered data mode. Opts: (null)
[    4.465245] VFS: Mounted root (ext3 filesystem) on device 179:1.
[    4.476653] devtmpfs: mounted
[    4.480172] Freeing unused kernel memory: 1024K
bash: cannot set terminal process group (-1): Inappropriate ioctl for device
bash: no job control in this shell
root@(none):/# mount -t sysfs none /sys
root@(none):/# 
root@(none):/# mount -t debugfs none /sys/kernel/debug
root@(none):/# 
root@(none):/# rtcwake -d rtc1 -m mem -s 3
rtcwake: assuming RTC uses UTC ...
rtcwake: wakeup from "mem" using /dev/rtc1 at Thu Jan  1 00:00:20 1970
[    7.361059] PM: suspend entry (deep)
[    7.364678] PM: Syncing filesystems ... done.
[    7.372050] Freezing user space processes ... (elapsed 0.001 seconds) done.
[    7.373222] OOM killer disabled.
[    7.373224] Freezing remaining freezable tasks ... (elapsed 0.001 seconds) done.
[    7.374409] Suspending console(s) (use no_console_suspend to debug)
[    7.684867] Disabling non-boot CPUs ...
[    7.731356] IRQ17 no longer affine to CPU1
[    7.862172] Entering suspend state LP1
[    7.862184] Enabling non-boot CPUs ...
[    7.863087] CPU1 is up
[    7.863903] CPU2 is up
[    7.864781] CPU3 is up
[    7.865427] pcieport 0000:00:01.0: nv_msi_ht_cap_quirk didn't locate host bridge
[    7.865429] pcieport 0000:00:02.0: nv_msi_ht_cap_quirk didn't locate host bridge
[    7.921533] tegra-hdmi 54280000.hdmi: cannot set audio to 48000 Hz at 297000000 Hz pixel clock
[    8.213884] ata1: SATA link down (SStatus 0 SControl 300)
[   10.903006] OOM killer enabled.
[   10.906138] Restarting tasks ... done.
[   10.961086] PM: suspend exit
root@(none):/# 
root@(none):/# rtcwake -d rtc1 -m mem -s 3
rtcwake: assuming RTC uses UTC ...
rtcwake: wakeup from "mem" using /dev/rtc1 at Thu Jan  1 00:00:27 1970
[   11.498154] PM: suspend entry (deep)
[   11.501923] PM: Syncing filesystems ... done.
[   11.507385] Freezing user space processes ... (elapsed 0.001 seconds) done.
[   11.508665] OOM killer disabled.
[   11.508668] Freezing remaining freezable tasks ... (elapsed 0.001 seconds) done.
[   11.509960] Suspending console(s) (use no_console_suspend to debug)
[   11.642982] pci_generic_config_write32: 78 callbacks suppressed
[   11.642993] pci_bus 0000:00: 2-byte config write to 0000:00:02.0 offset 0x9c may corrupt adjacent RW1C bits
[   11.643022] pci_bus 0000:00: 2-byte config write to 0000:00:01.0 offset 0x9c may corrupt adjacent RW1C bits
[   11.857564] Disabling non-boot CPUs ...
[   12.001363] IRQ17 no longer affine to CPU3
[   12.002282] Entering suspend state LP1
[   12.002294] Enabling non-boot CPUs ...
[   12.003229] CPU1 is up
[   12.004062] CPU2 is up
[   12.004949] CPU3 is up
[   12.005588] pci_bus 0000:00: 2-byte config write to 0000:00:02.0 offset 0x4c may corrupt adjacent RW1C bits
[   12.005596] pci_bus 0000:00: 2-byte config write to 0000:00:01.0 offset 0x4c may corrupt adjacent RW1C bits
[   12.005609] pci_bus 0000:00: 2-byte config write to 0000:00:02.0 offset 0x88 may corrupt adjacent RW1C bits
[   12.005615] pci_bus 0000:00: 2-byte config write to 0000:00:01.0 offset 0x88 may corrupt adjacent RW1C bits
[   12.005621] pci_bus 0000:00: 2-byte config write to 0000:00:02.0 offset 0x90 may corrupt adjacent RW1C bits
[   12.005627] pci_bus 0000:00: 2-byte config write to 0000:00:01.0 offset 0x90 may corrupt adjacent RW1C bits
[   12.005632] pci_bus 0000:00: 2-byte config write to 0000:00:02.0 offset 0x98 may corrupt adjacent RW1C bits
[   12.005638] pci_bus 0000:00: 2-byte config write to 0000:00:01.0 offset 0x98 may corrupt adjacent RW1C bits
[   12.005745] pcieport 0000:00:02.0: nv_msi_ht_cap_quirk didn't locate host bridge
[   12.005747] pcieport 0000:00:01.0: nv_msi_ht_cap_quirk didn't locate host bridge
[   12.051528] tegra-hdmi 54280000.hdmi: cannot set audio to 48000 Hz at 297000000 Hz pixel clock
[   12.353967] ata1: SATA link down (SStatus 0 SControl 300)
[   15.136274] OOM killer enabled.
[   15.139403] Restarting tasks ... done.
[   15.175324] PM: suspend exit
root@(none):/# 
root@(none):/# rtcwake -d rtc1 -m mem -s 3
rtcwake: assuming RTC uses UTC ...
rtcwake: wakeup from "mem" using /dev/rtc1 at Thu Jan  1 00:00:34 1970
[   15.647124] PM: suspend entry (deep)
[   15.650743] PM: Syncing filesystems ... done.
[   15.656789] Freezing user space processes ... (elapsed 0.001 seconds) done.
[   15.658093] OOM killer disabled.
[   15.658096] Freezing remaining freezable tasks ... (elapsed 0.001 seconds) done.
[   15.659416] Suspending console(s) (use no_console_suspend to debug)
[   16.027726] Disabling non-boot CPUs ...
[   16.191332] IRQ17 no longer affine to CPU3
[   16.192365] Entering suspend state LP1
[   16.192376] Enabling non-boot CPUs ...
[   16.193316] CPU1 is up
[   16.194149] CPU2 is up
[   16.195054] CPU3 is up
[   16.195815] pcieport 0000:00:01.0: nv_msi_ht_cap_quirk didn't locate host bridge
[   16.195817] pcieport 0000:00:02.0: nv_msi_ht_cap_quirk didn't locate host bridge
[   16.241624] tegra-hdmi 54280000.hdmi: cannot set audio to 48000 Hz at 297000000 Hz pixel clock
[   16.543834] ata1: SATA link down (SStatus 0 SControl 300)
[   19.232978] OOM killer enabled.
[   19.236107] Restarting tasks ... done.
root@(none):/# 
root@(none):/# [   19.240444] PM: suspend exit
rtcwake -d rtc1 -m mem -s 3
rtcwake: assuming RTC uses UTC ...
rtcwake: wakeup from "mem" using /dev/rtc1 at Thu Jan  1 00:00:41 1970
[   19.836798] PM: suspend entry (deep)
[   19.840418] PM: Syncing filesystems ... done.
[   19.846626] Freezing user space processes ... (elapsed 0.001 seconds) done.
[   19.847947] OOM killer disabled.
[   19.847950] Freezing remaining freezable tasks ... (elapsed 0.001 seconds) done.
[   19.849285] Suspending console(s) (use no_console_suspend to debug)
[   20.006266] pci_generic_config_write32: 46 callbacks suppressed
[   20.006277] pci_bus 0000:00: 2-byte config write to 0000:00:02.0 offset 0x9c may corrupt adjacent RW1C bits
[   20.006293] pci_bus 0000:00: 2-byte config write to 0000:00:01.0 offset 0x9c may corrupt adjacent RW1C bits
[   20.217556] Disabling non-boot CPUs ...
[   20.392259] Entering suspend state LP1
[   20.392271] Enabling non-boot CPUs ...
[   20.393216] CPU1 is up
[   20.394058] CPU2 is up
[   20.394970] CPU3 is up
[   20.395592] pci_bus 0000:00: 2-byte config write to 0000:00:01.0 offset 0x4c may corrupt adjacent RW1C bits
[   20.395600] pci_bus 0000:00: 2-byte config write to 0000:00:02.0 offset 0x4c may corrupt adjacent RW1C bits
[   20.395613] pci_bus 0000:00: 2-byte config write to 0000:00:01.0 offset 0x88 may corrupt adjacent RW1C bits
[   20.395619] pci_bus 0000:00: 2-byte config write to 0000:00:02.0 offset 0x88 may corrupt adjacent RW1C bits
[   20.395625] pci_bus 0000:00: 2-byte config write to 0000:00:01.0 offset 0x90 may corrupt adjacent RW1C bits
[   20.395631] pci_bus 0000:00: 2-byte config write to 0000:00:02.0 offset 0x90 may corrupt adjacent RW1C bits
[   20.395636] pci_bus 0000:00: 2-byte config write to 0000:00:01.0 offset 0x98 may corrupt adjacent RW1C bits
[   20.395642] pci_bus 0000:00: 2-byte config write to 0000:00:02.0 offset 0x98 may corrupt adjacent RW1C bits
[   20.395749] pcieport 0000:00:01.0: nv_msi_ht_cap_quirk didn't locate host bridge
[   20.395751] pcieport 0000:00:02.0: nv_msi_ht_cap_quirk didn't locate host bridge
[   20.451465] tegra-hdmi 54280000.hdmi: cannot set audio to 48000 Hz at 297000000 Hz pixel clock
[   20.743917] ata1: SATA link down (SStatus 0 SControl 300)
[   23.522102] OOM killer enabled.
[   23.525231] Restarting tasks ... done.
root@(none):/# 
root@(none):/# [   23.529758] PM: suspend exit
rtcwake -d rtc1 -m mem -s 3
rtcwake: assuming RTC uses UTC ...
rtcwake: wakeup from "mem" using /dev/rtc1 at Thu Jan  1 00:00:48 1970
[   24.049753] PM: suspend entry (deep)
[   24.053415] PM: Syncing filesystems ... done.
[   24.059483] Freezing user space processes ... (elapsed 0.001 seconds) done.
[   24.060976] OOM killer disabled.
[   24.060982] Freezing remaining freezable tasks ... (elapsed 0.001 seconds) done.
[   24.062468] Suspending console(s) (use no_console_suspend to debug)
[   24.481829] Disabling non-boot CPUs ...
[   24.643275] Entering suspend state LP1
[   24.643302] Enabling non-boot CPUs ...
[   24.644245] CPU1 is up
[   24.645094] CPU2 is up
[   24.646006] CPU3 is up
[   24.646681] pcieport 0000:00:02.0: nv_msi_ht_cap_quirk didn't locate host bridge
[   24.646756] pcieport 0000:00:01.0: nv_msi_ht_cap_quirk didn't locate host bridge
[   24.691492] tegra-hdmi 54280000.hdmi: cannot set audio to 48000 Hz at 297000000 Hz pixel clock
[   24.993780] ata1: SATA link down (SStatus 0 SControl 300)
[   27.668853] OOM killer enabled.
[   27.671993] Restarting tasks ... done.
root@(none):/# 
root@(none):/# [   27.676261] PM: suspend exit
rtcwake -d rtc1 -m mem -s 3
rtcwake: assuming RTC uses UTC ...
rtcwake: wakeup from "mem" using /dev/rtc1 at Thu Jan  1 00:00:55 1970
[   28.292164] PM: suspend entry (deep)
[   28.295780] PM: Syncing filesystems ... done.
[   28.301551] Freezing user space processes ... (elapsed 0.001 seconds) done.
[   28.302870] OOM killer disabled.
[   28.302873] Freezing remaining freezable tasks ... (elapsed 0.001 seconds) done.
[   28.304195] Suspending console(s) (use no_console_suspend to debug)
[   28.454768] pci_generic_config_write32: 46 callbacks suppressed
[   28.454780] pci_bus 0000:00: 2-byte config write to 0000:00:02.0 offset 0x9c may corrupt adjacent RW1C bits
[   28.454809] pci_bus 0000:00: 2-byte config write to 0000:00:01.0 offset 0x9c may corrupt adjacent RW1C bits
[   28.667427] Disabling non-boot CPUs ...
[   28.822213] Entering suspend state LP1
[   28.822225] Enabling non-boot CPUs ...
[   28.823173] CPU1 is up
[   28.824014] CPU2 is up
[   28.824925] CPU3 is up
[   28.825530] pci_bus 0000:00: 2-byte config write to 0000:00:01.0 offset 0x4c may corrupt adjacent RW1C bits
[   28.825541] pci_bus 0000:00: 2-byte config write to 0000:00:01.0 offset 0x88 may corrupt adjacent RW1C bits
[   28.825547] pci_bus 0000:00: 2-byte config write to 0000:00:01.0 offset 0x90 may corrupt adjacent RW1C bits
[   28.825552] pci_bus 0000:00: 2-byte config write to 0000:00:01.0 offset 0x98 may corrupt adjacent RW1C bits
[   28.825558] pci_bus 0000:00: 2-byte config write to 0000:00:01.0 offset 0x9c may corrupt adjacent RW1C bits
[   28.825563] pci_bus 0000:00: 2-byte config write to 0000:00:01.0 offset 0xa8 may corrupt adjacent RW1C bits
[   28.825568] pci_bus 0000:00: 2-byte config write to 0000:00:01.0 offset 0xb0 may corrupt adjacent RW1C bits
[   28.825597] pci_bus 0000:00: 2-byte config write to 0000:00:01.0 offset 0x52 may corrupt adjacent RW1C bits
[   28.825628] pcieport 0000:00:01.0: nv_msi_ht_cap_quirk didn't locate host bridge
[   28.825771] pcieport 0000:00:02.0: nv_msi_ht_cap_quirk didn't locate host bridge
[   28.871416] tegra-hdmi 54280000.hdmi: cannot set audio to 48000 Hz at 297000000 Hz pixel clock
[   29.173860] ata1: SATA link down (SStatus 0 SControl 300)
[   31.951890] OOM killer enabled.
[   31.955019] Restarting tasks ... done.
root@(none):/# 
root@(none):/# [   31.959294] PM: suspend exit
rtcwake -d rtc1 -m mem -s 3
rtcwake: assuming RTC uses UTC ...
rtcwake: wakeup from "mem" using /dev/rtc1 at Thu Jan  1 00:01:02 1970
[   32.466962] PM: suspend entry (deep)
[   32.470547] PM: Syncing filesystems ... done.
[   32.476212] Freezing user space processes ... (elapsed 0.001 seconds) done.
[   32.477485] OOM killer disabled.
[   32.477487] Freezing remaining freezable tasks ... (elapsed 0.001 seconds) done.
[   32.478681] Suspending console(s) (use no_console_suspend to debug)
[   32.805497] Disabling non-boot CPUs ...
[   33.012102] Entering suspend state LP1
[   33.012129] Enabling non-boot CPUs ...
[   33.013077] CPU1 is up
[   33.013921] CPU2 is up
[   33.014832] CPU3 is up
[   33.015524] pcieport 0000:00:01.0: nv_msi_ht_cap_quirk didn't locate host bridge
[   33.015526] pcieport 0000:00:02.0: nv_msi_ht_cap_quirk didn't locate host bridge
[   33.071389] tegra-hdmi 54280000.hdmi: cannot set audio to 48000 Hz at 297000000 Hz pixel clock
[   33.363845] ata1: SATA link down (SStatus 0 SControl 300)
[   36.048863] OOM killer enabled.
[   36.052000] Restarting tasks ... done.
root@(none):/# 
root@(none):/# [   36.056496] PM: suspend exit
rtcwake -d rtc1 -m mem -s 3
rtcwake: assuming RTC uses UTC ...
rtcwake: wakeup from "mem" using /dev/rtc1 at Thu Jan  1 00:01:09 1970
[   36.655449] PM: suspend entry (deep)
[   36.659034] PM: Syncing filesystems ... done.
[   36.664246] Freezing user space processes ... (elapsed 0.001 seconds) done.
[   36.665454] OOM killer disabled.
[   36.665455] Freezing remaining freezable tasks ... (elapsed 0.001 seconds) done.
[   36.666603] Suspending console(s) (use no_console_suspend to debug)
[   36.750947] pci_generic_config_write32: 46 callbacks suppressed
[   36.750955] pci_bus 0000:00: 2-byte config write to 0000:00:02.0 offset 0x9c may corrupt adjacent RW1C bits
[   36.750967] pci_bus 0000:00: 2-byte config write to 0000:00:01.0 offset 0x9c may corrupt adjacent RW1C bits
[   36.965793] Disabling non-boot CPUs ...
[   37.121868] Entering suspend state LP1
[   37.121895] Enabling non-boot CPUs ...
[   37.122838] CPU1 is up
[   37.123688] CPU2 is up
[   37.124598] CPU3 is up
[   37.125177] pci_bus 0000:00: 2-byte config write to 0000:00:01.0 offset 0x4c may corrupt adjacent RW1C bits
[   37.125193] pci_bus 0000:00: 2-byte config write to 0000:00:01.0 offset 0x88 may corrupt adjacent RW1C bits
[   37.125201] pci_bus 0000:00: 2-byte config write to 0000:00:01.0 offset 0x90 may corrupt adjacent RW1C bits
[   37.125209] pci_bus 0000:00: 2-byte config write to 0000:00:02.0 offset 0x4c may corrupt adjacent RW1C bits
[   37.125215] pci_bus 0000:00: 2-byte config write to 0000:00:01.0 offset 0x98 may corrupt adjacent RW1C bits
[   37.125221] pci_bus 0000:00: 2-byte config write to 0000:00:01.0 offset 0x9c may corrupt adjacent RW1C bits
[   37.125227] pci_bus 0000:00: 2-byte config write to 0000:00:01.0 offset 0xa8 may corrupt adjacent RW1C bits
[   37.125234] pci_bus 0000:00: 2-byte config write to 0000:00:01.0 offset 0xb0 may corrupt adjacent RW1C bits
[   37.125339] pcieport 0000:00:01.0: nv_msi_ht_cap_quirk didn't locate host bridge
[   37.125341] pcieport 0000:00:02.0: nv_msi_ht_cap_quirk didn't locate host bridge
[   37.171380] tegra-hdmi 54280000.hdmi: cannot set audio to 48000 Hz at 297000000 Hz pixel clock
[   37.473833] ata1: SATA link down (SStatus 0 SControl 300)
[   40.251970] OOM killer enabled.
[   40.255098] Restarting tasks ... done.
root@(none):/# 
root@(none):/# [   40.259589] PM: suspend exit
rtcwake -d rtc1 -m mem -s 3
rtcwake: assuming RTC uses UTC ...
rtcwake: wakeup from "mem" using /dev/rtc1 at Thu Jan  1 00:01:16 1970
[   40.766463] PM: suspend entry (deep)
[   40.770077] PM: Syncing filesystems ... done.
[   40.776813] Freezing user space processes ... (elapsed 0.001 seconds) done.
[   40.778135] OOM killer disabled.
[   40.778138] Freezing remaining freezable tasks ... (elapsed 0.001 seconds) done.
[   40.779459] Suspending console(s) (use no_console_suspend to debug)
[   41.147764] Disabling non-boot CPUs ...
[   41.251241] IRQ17 no longer affine to CPU2
[   41.312180] Entering suspend state LP1
[   41.312192] Enabling non-boot CPUs ...
[   41.313180] CPU1 is up
[   41.314019] CPU2 is up
[   41.314926] CPU3 is up
[   41.315663] pcieport 0000:00:01.0: nv_msi_ht_cap_quirk didn't locate host bridge
[   41.315665] pcieport 0000:00:02.0: nv_msi_ht_cap_quirk didn't locate host bridge
[   41.361330] tegra-hdmi 54280000.hdmi: cannot set audio to 48000 Hz at 297000000 Hz pixel clock
[   41.663794] ata1: SATA link down (SStatus 0 SControl 300)
[   44.352855] OOM killer enabled.
[   44.355983] Restarting tasks ... done.
root@(none):/# 
root@(none):/# [   44.360499] PM: suspend exit
rtcwake -d rtc1 -m mem -s 3
rtcwake: assuming RTC uses UTC ...
rtcwake: wakeup from "mem" using /dev/rtc1 at Thu Jan  1 00:01:23 1970
[   44.963566] PM: suspend entry (deep)
[   44.967142] PM: Syncing filesystems ... done.
[   44.973165] Freezing user space processes ... (elapsed 0.001 seconds) done.
[   44.974545] OOM killer disabled.
[   44.974548] Freezing remaining freezable tasks ... (elapsed 0.001 seconds) done.
[   44.975955] Suspending console(s) (use no_console_suspend to debug)
[   45.126086] pci_generic_config_write32: 46 callbacks suppressed
[   45.126102] pci_bus 0000:00: 2-byte config write to 0000:00:01.0 offset 0x9c may corrupt adjacent RW1C bits
[   45.127145] pci_bus 0000:00: 2-byte config write to 0000:00:02.0 offset 0x9c may corrupt adjacent RW1C bits
[   45.338437] Disabling non-boot CPUs ...
[   45.502499] Entering suspend state LP1
[   45.502526] Enabling non-boot CPUs ...
[   45.503472] CPU1 is up
[   45.504314] CPU2 is up
[   45.505222] CPU3 is up
[   45.505813] pci_bus 0000:00: 2-byte config write to 0000:00:02.0 offset 0x4c may corrupt adjacent RW1C bits
[   45.505822] pci_bus 0000:00: 2-byte config write to 0000:00:01.0 offset 0x4c may corrupt adjacent RW1C bits
[   45.505834] pci_bus 0000:00: 2-byte config write to 0000:00:02.0 offset 0x88 may corrupt adjacent RW1C bits
[   45.505841] pci_bus 0000:00: 2-byte config write to 0000:00:01.0 offset 0x88 may corrupt adjacent RW1C bits
[   45.505847] pci_bus 0000:00: 2-byte config write to 0000:00:02.0 offset 0x90 may corrupt adjacent RW1C bits
[   45.505853] pci_bus 0000:00: 2-byte config write to 0000:00:01.0 offset 0x90 may corrupt adjacent RW1C bits
[   45.505858] pci_bus 0000:00: 2-byte config write to 0000:00:02.0 offset 0x98 may corrupt adjacent RW1C bits
[   45.505864] pci_bus 0000:00: 2-byte config write to 0000:00:01.0 offset 0x98 may corrupt adjacent RW1C bits
[   45.505972] pcieport 0000:00:02.0: nv_msi_ht_cap_quirk didn't locate host bridge
[   45.505973] pcieport 0000:00:01.0: nv_msi_ht_cap_quirk didn't locate host bridge
[   45.561329] tegra-hdmi 54280000.hdmi: cannot set audio to 48000 Hz at 297000000 Hz pixel clock
[   45.853773] ata1: SATA link down (SStatus 0 SControl 300)
[   48.641910] OOM killer enabled.
[   48.645039] Restarting tasks ... done.
root@(none):/# 
root@(none):/# [   48.649429] PM: suspend exit
NVTB SYSTEM SUSPEND TEST COMPLETE
