
U-Boot SPL 2016.05-rc2 (Apr 21 2016 - 16:23:00)
Trying to boot from RAM


U-Boot 2016.05-rc2 (Apr 21 2016 - 16:23:00 -0700)

TEGRA124
Model: NVIDIA Jetson TK1
Board: NVIDIA Jetson TK1
DRAM:  2 GiB
C:   Tegra SD/MMC: 0, Tegra SD/MMC: 1
In:    serial
Out:   serial
Err:   serial
Net:   No ethernet found.
Hit any key to stop autoboot:  2  0 
Tegra124 (Jetson TK1) # 
Tegra124 (Jetson TK1) # pci enum
Tegra124 (Jetson TK1) # setenv bootargs 'ignore_loglevel console=ttyS0,115200n8 rw root=PARTUUID=b1791faa-84e8-4e27-83a1-9fb0a77e8803 rootwait gpt debug noinitrd earlyprintk init=/bin/bash'
Tegra124 (Jetson TK1) # setenv ipaddr 192.168.100.102; setenv serverip 192.168.100.1; setenv tftpserverip 192.168.100.1
Tegra124 (Jetson TK1) # tftpboot 0x82000000 zImage.tegra_defconfig

Warning: eth_rtl8169 using MAC address from ROM
Using eth_rtl8169 device
TFTP from server 192.168.100.1; our IP address is 192.168.100.102
Filename 'zImage.tegra_defconfig'.
Load address: 0x82000000
Loading: *#################################################################
	 #################################################################
	 #################################################################
	 #################################################################
	 #################################################################
	 #################################################################
	 ###############################
	 3.8 MiB/s
done
Bytes transferred = 6168192 (5e1e80 hex)
Tegra124 (Jetson TK1) # tftpboot 0x83000000 tegra124-jetson-tk1.dtb
Using eth_rtl8169 device
TFTP from server 192.168.100.1; our IP address is 192.168.100.102
Filename 'tegra124-jetson-tk1.dtb'.
Load address: 0x83000000
Loading: *#####
	 4 MiB/s
done
Bytes transferred = 66544 (103f0 hex)
Tegra124 (Jetson TK1) # bootz 0x82000000 - 0x83000000
Kernel image @ 0x82000000 [ 0x000000 - 0x5e1e80 ]
## Flattened Device Tree blob at 83000000
   Booting using the fdt blob at 0x83000000
   Using Device Tree in place at 83000000, end 830133ef

Starting kernel ...

[    0.000000] Booting Linux on physical CPU 0x0
[    0.000000] Linux version 4.15.0-rc8-15855-ga8750dd (jonathanh@kaivo) (gcc version 4.7.3 20130328 (prerelease) (crosstool-NG linaro-1.13.1-4.7-2013.04-20130415 - Linaro GCC 2013.04)) #1 SMP PREEMPT Sun Jan 14 16:32:59 PST 2018
[    0.000000] CPU: ARMv7 Processor [413fc0f3] revision 3 (ARMv7), cr=10c5387d
[    0.000000] CPU: div instructions available: patching division code
[    0.000000] CPU: PIPT / VIPT nonaliasing data cache, PIPT instruction cache
[    0.000000] OF: fdt: Machine model: NVIDIA Tegra124 Jetson TK1
[    0.000000] debug: ignoring loglevel setting.
[    0.000000] bootconsole [earlycon0] enabled
[    0.000000] Memory policy: Data cache writealloc
[    0.000000] cma: Reserved 64 MiB at 0xfbc00000
[    0.000000] On node 0 totalpages: 524032
[    0.000000]   Normal zone: 1536 pages used for memmap
[    0.000000]   Normal zone: 0 pages reserved
[    0.000000]   Normal zone: 196608 pages, LIFO batch:31
[    0.000000]   HighMem zone: 327424 pages, LIFO batch:31
[    0.000000] random: fast init done
[    0.000000] percpu: Embedded 17 pages/cpu @(ptrval) s39168 r8192 d22272 u69632
[    0.000000] pcpu-alloc: s39168 r8192 d22272 u69632 alloc=17*4096
[    0.000000] pcpu-alloc: [0] 0 [0] 1 [0] 2 [0] 3 
[    0.000000] Built 1 zonelists, mobility grouping on.  Total pages: 522496
[    0.000000] Kernel command line: ignore_loglevel console=ttyS0,115200n8 rw root=PARTUUID=b1791faa-84e8-4e27-83a1-9fb0a77e8803 rootwait gpt debug noinitrd earlyprintk init=/bin/bash
[    0.000000] Dentry cache hash table entries: 131072 (order: 7, 524288 bytes)
[    0.000000] Inode-cache hash table entries: 65536 (order: 6, 262144 bytes)
[    0.000000] Memory: 1998492K/2096128K available (9216K kernel code, 778K rwdata, 2560K rodata, 1024K init, 299K bss, 32100K reserved, 65536K cma-reserved, 1244160K highmem)
[    0.000000] Virtual kernel memory layout:
[    0.000000]     vector  : 0xffff0000 - 0xffff1000   (   4 kB)
[    0.000000]     fixmap  : 0xffc00000 - 0xfff00000   (3072 kB)
[    0.000000]     vmalloc : 0xf0800000 - 0xff800000   ( 240 MB)
[    0.000000]     lowmem  : 0xc0000000 - 0xf0000000   ( 768 MB)
[    0.000000]     pkmap   : 0xbfe00000 - 0xc0000000   (   2 MB)
[    0.000000]     modules : 0xbf000000 - 0xbfe00000   (  14 MB)
[    0.000000]       .text : 0x(ptrval) - 0x(ptrval)   (10208 kB)
[    0.000000]       .init : 0x(ptrval) - 0x(ptrval)   (1024 kB)
[    0.000000]       .data : 0x(ptrval) - 0x(ptrval)   ( 779 kB)
[    0.000000]        .bss : 0x(ptrval) - 0x(ptrval)   ( 300 kB)
[    0.000000] Preemptible hierarchical RCU implementation.
[    0.000000] 	Tasks RCU enabled.
[    0.000000] NR_IRQS: 16, nr_irqs: 16, preallocated irqs: 16
[    0.000000] /interrupt-controller@60004000: 160 interrupts forwarded to /interrupt-controller@50041000
[    0.000000] Tegra clk 127: register failed with -17
[    0.000008] sched_clock: 32 bits at 1000kHz, resolution 1000ns, wraps every 2147483647500ns
[    0.007471] clocksource: timer_us: mask: 0xffffffff max_cycles: 0xffffffff, max_idle_ns: 1911260446275 ns
[    0.017000] Switching to timer-based delay loop, resolution 1000ns
[    0.024184] arch_timer: cp15 timer(s) running at 12.00MHz (virt).
[    0.029224] clocksource: arch_sys_counter: mask: 0xffffffffffffff max_cycles: 0x2c47f4ee7, max_idle_ns: 440795202497 ns
[    0.039970] sched_clock: 56 bits at 12MHz, resolution 83ns, wraps every 4398046511096ns
[    0.047938] Switching to timer-based delay loop, resolution 83ns
[    0.054400] Console: colour dummy device 80x30
[    0.058354] Calibrating delay loop (skipped), value calculated using timer frequency.. 24.00 BogoMIPS (lpj=120000)
[    0.068664] pid_max: default: 32768 minimum: 301
[    0.073729] Mount-cache hash table entries: 2048 (order: 1, 8192 bytes)
[    0.079849] Mountpoint-cache hash table entries: 2048 (order: 1, 8192 bytes)
[    0.087682] CPU: Testing write buffer coherency: ok
[    0.092013] /cpus/cpu@0 missing clock-frequency property
[    0.097021] /cpus/cpu@1 missing clock-frequency property
[    0.102332] /cpus/cpu@2 missing clock-frequency property
[    0.107596] /cpus/cpu@3 missing clock-frequency property
[    0.112868] CPU0: thread -1, cpu 0, socket 0, mpidr 80000000
[    0.152981] Setting up static identity map for 0x80100000 - 0x801000a0
[    0.157734] Hierarchical SRCU implementation.
[    0.173504] Tegra Revision: A01 SKU: 129 CPU Process: 1 SoC Process: 1
[    0.193001] smp: Bringing up secondary CPUs ...
[    0.243628] CPU1: thread -1, cpu 1, socket 0, mpidr 80000001
[    0.323738] CPU2: thread -1, cpu 2, socket 0, mpidr 80000002
[    0.403854] CPU3: thread -1, cpu 3, socket 0, mpidr 80000003
[    0.413428] smp: Brought up 1 node, 4 CPUs
[    0.432515] SMP: Total of 4 processors activated (96.00 BogoMIPS).
[    0.438684] CPU: All CPU(s) started in SVC mode.
[    0.445116] devtmpfs: initialized
[    0.465064] VFP support v0.3: implementor 41 architecture 4 part 30 variant f rev 0
[    0.471161] clocksource: jiffies: mask: 0xffffffff max_cycles: 0xffffffff, max_idle_ns: 19112604462750000 ns
[    0.480620] futex hash table entries: 1024 (order: 4, 65536 bytes)
[    0.488112] pinctrl core: initialized pinctrl subsystem
[    0.493162] NET: Registered protocol family 16
[    0.497818] DMA: preallocated 256 KiB pool for atomic coherent allocations
[    0.504533] cpuidle: using governor menu
[    0.530495] No ATAGs?
[    0.530633] hw-breakpoint: found 5 (+1 reserved) breakpoint and 4 watchpoint registers.
[    0.538994] hw-breakpoint: maximum watchpoint size is 8 bytes.
[    0.546687] iommu: Adding device reg-dummy to group 0
[    0.549892] iommu: Adding device 1003000.pcie to group 1
[    0.555192] iommu: Adding device 50000000.host1x to group 2
[    0.560749] iommu: Adding device 54200000.dc to group 3
[    0.565929] iommu: Adding device 54240000.dc to group 4
[    0.571116] iommu: Adding device 54280000.hdmi to group 5
[    0.576503] iommu: Adding device 57000000.gpu to group 6
[    0.581775] iommu: Adding device 60005000.timer to group 7
[    0.587208] iommu: Adding device 60007000.flow-controller to group 8
[    0.593556] iommu: Adding device 6000c800.actmon to group 9
[    0.599082] iommu: Adding device 6000d000.gpio to group 10
[    0.604560] iommu: Adding device 60020000.dma to group 11
[    0.609931] iommu: Adding device 70000800.apbmisc to group 12
[    0.615654] iommu: Adding device 70000868.pinmux to group 13
[    0.621273] iommu: Adding device 70006000.serial to group 14
[    0.626921] iommu: Adding device 70006040.serial to group 15
[    0.632534] iommu: Adding device 70006300.serial to group 16
[    0.638188] iommu: Adding device 7000c000.i2c to group 17
[    0.643540] iommu: Adding device 7000c400.i2c to group 18
[    0.648933] iommu: Adding device 7000c500.i2c to group 19
[    0.654289] iommu: Adding device 7000c700.i2c to group 20
[    0.659687] iommu: Adding device 7000d000.i2c to group 21
[    0.665034] iommu: Adding device 7000d400.spi to group 22
[    0.670433] iommu: Adding device 7000da00.spi to group 23
[    0.675783] iommu: Adding device 7000e000.rtc to group 24
[    0.681175] iommu: Adding device 7000e400.pmc to group 25
[    0.686526] iommu: Adding device 7000f800.fuse to group 26
[    0.692007] iommu: Adding device 70019000.memory-controller to group 27
[    0.698576] iommu: Adding device 7001b000.emc to group 28
[    0.703972] iommu: Adding device 70027000.sata to group 29
[    0.709409] iommu: Adding device 70030000.hda to group 30
[    0.714802] iommu: Adding device 70090000.usb to group 31
[    0.720156] iommu: Adding device 7009f000.padctl to group 32
[    0.725823] iommu: Adding device 700b0400.sdhci to group 33
[    0.731335] iommu: Adding device 700b0600.sdhci to group 34
[    0.736901] iommu: Adding device 70015000.cec to group 35
[    0.742268] iommu: Adding device 700e2000.thermal-sensor to group 36
[    0.748603] iommu: Adding device 70110000.clock to group 37
[    0.754128] iommu: Adding device 70300000.ahub to group 38
[    0.759607] iommu: Adding device 7d000000.usb to group 39
[    0.764962] iommu: Adding device 7d000000.usb-phy to group 40
[    0.770700] iommu: Adding device 7d004000.usb to group 41
[    0.776056] iommu: Adding device 7d004000.usb-phy to group 42
[    0.781799] iommu: Adding device 7d008000.usb to group 43
[    0.787154] iommu: Adding device 7d008000.usb-phy to group 44
[    0.792885] iommu: Adding device pmu to group 45
[    0.797461] iommu: Adding device timer to group 46
[    0.802229] iommu: Adding device clocks to group 47
[    0.807099] iommu: Adding device gpio-keys to group 48
[    0.812196] iommu: Adding device regulators to group 49
[    0.817423] iommu: Adding device regulators:regulator@0 to group 50
[    0.823634] iommu: Adding device regulators:regulator@1 to group 51
[    0.829895] iommu: Adding device regulators:regulator@2 to group 52
[    0.836115] iommu: Adding device regulators:regulator@3 to group 53
[    0.842372] iommu: Adding device regulators:regulator@4 to group 54
[    0.848601] iommu: Adding device regulators:regulator@7 to group 55
[    0.854852] iommu: Adding device regulators:regulator@8 to group 56
[    0.861082] iommu: Adding device regulators:regulator@10 to group 57
[    0.867419] iommu: Adding device regulators:regulator@11 to group 58
[    0.873727] iommu: Adding device regulators:regulator@12 to group 59
[    0.880074] iommu: Adding device regulators:regulator@13 to group 60
[    0.886382] iommu: Adding device regulators:regulator@14 to group 61
[    0.892724] iommu: Adding device sound to group 62
[    0.914414] +5V_SYS: supplied by +VDD_MUX
[    0.916906] +3.3V_SYS: supplied by +VDD_MUX
[    0.921471] +USB0_VBUS_SW: Failed to request enable GPIO108: -517
[    0.926787] reg-fixed-voltage regulators:regulator@7: Failed to register regulator: -517
[    0.934910] +5V_USB_HS: Failed to request enable GPIO109: -517
[    0.940633] reg-fixed-voltage regulators:regulator@8: Failed to register regulator: -517
[    0.948874] +1.05V_RUN_AVDD_HDMI_PLL: Failed to request enable GPIO63: -517
[    0.955652] reg-fixed-voltage regulators:regulator@11: Failed to register regulator: -517
[    0.963855] +5V_HDMI_CON: Failed to request enable GPIO86: -517
[    0.969666] reg-fixed-voltage regulators:regulator@12: Failed to register regulator: -517
[    0.977894] +5V_SATA: Failed to request enable GPIO242: -517
[    0.983445] reg-fixed-voltage regulators:regulator@13: Failed to register regulator: -517
[    0.991673] +12V_SATA: Failed to request enable GPIO242: -517
[    0.997309] reg-fixed-voltage regulators:regulator@14: Failed to register regulator: -517
[    1.006738] vgaarb: loaded
[    1.008902] SCSI subsystem initialized
[    1.012086] libata version 3.00 loaded.
[    1.015982] usbcore: registered new interface driver usbfs
[    1.021208] usbcore: registered new interface driver hub
[    1.026513] usbcore: registered new device driver usb
[    1.034723] Linux video capture interface: v2.00
[    1.037506] pps_core: LinuxPPS API ver. 1 registered
[    1.042405] pps_core: Software ver. 5.3.6 - Copyright 2005-2007 Rodolfo Giometti <giometti@linux.it>
[    1.051510] PTP clock support registered
[    1.056824] Advanced Linux Sound Architecture Driver Initialized.
[    1.062081] Bluetooth: Core ver 2.22
[    1.065040] NET: Registered protocol family 31
[    1.069439] Bluetooth: HCI device and connection manager initialized
[    1.075743] Bluetooth: HCI socket layer initialized
[    1.080616] Bluetooth: L2CAP socket layer initialized
[    1.085650] Bluetooth: SCO socket layer initialized
[    1.091128] clocksource: Switched to clocksource arch_sys_counter
[    1.187137] NET: Registered protocol family 2
[    1.190586] TCP established hash table entries: 8192 (order: 3, 32768 bytes)
[    1.196727] TCP bind hash table entries: 8192 (order: 4, 65536 bytes)
[    1.203214] TCP: Hash tables configured (established 8192 bind 8192)
[    1.209834] UDP hash table entries: 512 (order: 2, 16384 bytes)
[    1.215297] UDP-Lite hash table entries: 512 (order: 2, 16384 bytes)
[    1.221901] NET: Registered protocol family 1
[    1.226624] RPC: Registered named UNIX socket transport module.
[    1.231818] RPC: Registered udp transport module.
[    1.236470] RPC: Registered tcp transport module.
[    1.241167] RPC: Registered tcp NFSv4.1 backchannel transport module.
[    1.248013] iommu: Adding device regulatory.0 to group 63
[    1.253166] PCI: CLS 0 bytes, default 64
[    1.258651] hw perfevents: enabled with armv7_cortex_a15 PMU driver, 7 counters available
[    1.265724] iommu: Adding device alarmtimer to group 64
[    1.271359] Initialise system trusted keyrings
[    1.274788] workingset: timestamp_bits=30 max_order=19 bucket_order=0
[    1.282444] squashfs: version 4.0 (2009/01/31) Phillip Lougher
[    1.287588] NFS: Registering the id_resolver key type
[    1.291897] Key type id_resolver registered
[    1.296011] Key type id_legacy registered
[    1.305063] Key type asymmetric registered
[    1.307249] Asymmetric key parser 'x509' registered
[    1.312260] bounce: pool size: 64 pages
[    1.315989] io scheduler noop registered (default)
[    1.320683] io scheduler mq-deadline registered
[    1.325235] io scheduler kyber registered
[    1.331012]  usb2-0: usb2-0 supply vbus not found, using dummy regulator
[    1.336008]  usb2-1: usb2-1 supply vbus not found, using dummy regulator
[    1.342995] tegra-xusb-padctl 7009f000.padctl: failed to setup XUSB ports: -517
[    1.359077] tegra-pcie 1003000.pcie: 2x1, 1x1 configuration
[    1.362841] tegra-pcie 1003000.pcie: Failed to get supply 'avddio-pex': -517
[    1.372713] tegra124-dfll 70110000.clock: couldn't get vdd_cpu regulator
[    1.383441] tegra-apbdma 60020000.dma: Tegra20 APB DMA driver register 32 channels
[    1.390400] tegra-pmc 7000e400.pmc: emergency thermal reset enabled
[    1.395964] Serial: 8250/16550 driver, 4 ports, IRQ sharing disabled
[    1.401825] iommu: Adding device serial8250 to group 65
[    1.408697] console [ttyS0] disabled
[    1.410457] 70006300.serial: ttyS0 at MMIO 0x70006300 (irq = 335, base_baud = 25500000) is a Tegra
[    1.419428] console [ttyS0] enabled
[    1.419428] console [ttyS0] enabled
[    1.425633] bootconsole [earlycon0] disabled
[    1.425633] bootconsole [earlycon0] disabled
[    1.435339] 70006000.serial: ttyTHS1 at MMIO 0x70006000 (irq = 333, base_baud = 0) is a TEGRA_UART
[    1.446046] 70006040.serial: ttyTHS2 at MMIO 0x70006040 (irq = 334, base_baud = 0) is a TEGRA_UART
[    1.474094] tegra-hdmi 54280000.hdmi: failed to get HDMI regulator
[    1.493715] loop: module loaded
[    1.498207] at24 0-0056: 256 byte 24c02 EEPROM, writable, 8 bytes/write
[    1.505656] as3722 4-0040: AS3722 with revision 0x1 found
[    1.513319] iommu: Adding device as3722-pinctrl to group 66
[    1.520591] iommu: Adding device as3722-regulator to group 67
[    1.529331] as3722-sd2: supplied by +5V_SYS
[    1.534038] as3722-sd3: supplied by +5V_SYS
[    1.538469] +1.35V_LP0(sd3): Bringing 0uV into 1350000-1350000uV
[    1.544857] as3722-sd4: supplied by +5V_SYS
[    1.549521] as3722-sd5: supplied by +5V_SYS
[    1.555635] as3722-ldo0: supplied by +1.35V_LP0(sd2)
[    1.561752] +1.8V_RUN_CAM: Bringing 0uV into 1800000-1800000uV
[    1.567994] as3722-ldo2: supplied by +1.8V_VDDIO
[    1.573965] as3722-ldo3: supplied by +3.3V_SYS
[    1.578457] +1.05V_LP0_VDD_RTC: Bringing 1100000uV into 1000000-1000000uV
[    1.586294] as3722-ldo4: supplied by +3.3V_SYS
[    1.590969] +2.8V_RUN_CAM: Bringing 0uV into 2800000-2800000uV
[    1.597241] as3722-ldo5: supplied by +1.8V_VDDIO
[    1.602113] +1.2V_RUN_CAM_FRONT: Bringing 0uV into 1200000-1200000uV
[    1.609061] +VDDIO_SDMMC3: bypassed regulator has no supply!
[    1.614737] +VDDIO_SDMMC3: failed to get the current voltage(-517)
[    1.620917] as3722-regulator as3722-regulator: regulator 13 register failed -517
[    1.631185] iommu: Adding device as3722-rtc to group 68
[    1.636566] iommu: Adding device as3722-adc to group 69
[    1.641962] iommu: Adding device as3722-power-off to group 70
[    1.647850] iommu: Adding device as3722-wdt to group 71
[    1.653879] tegra-ahci 70027000.sata: couldn't get PHY in node sata: -517
[    1.672524] m25p80 spi1.0: w25q32dw (4096 Kbytes)
[    1.679243] iommu: Adding device Fixed MDIO bus.0 to group 72
[    1.685196] libphy: Fixed MDIO Bus: probed
[    1.689288] CAN device driver interface
[    1.693224] igb: Intel(R) Gigabit Ethernet Network Driver - version 5.4.0-k
[    1.700174] igb: Copyright (c) 2007-2014 Intel Corporation.
[    1.705902] pegasus: v0.9.3 (2013/04/25), Pegasus/Pegasus II USB Ethernet driver
[    1.713399] usbcore: registered new interface driver pegasus
[    1.719118] usbcore: registered new interface driver asix
[    1.724610] usbcore: registered new interface driver ax88179_178a
[    1.730745] usbcore: registered new interface driver cdc_ether
[    1.736694] usbcore: registered new interface driver smsc75xx
[    1.742523] usbcore: registered new interface driver smsc95xx
[    1.748314] usbcore: registered new interface driver net1080
[    1.754066] usbcore: registered new interface driver cdc_subset
[    1.760026] usbcore: registered new interface driver zaurus
[    1.765708] usbcore: registered new interface driver cdc_ncm
[    1.771651] tegra-phy 7d000000.usb-phy: no vbus regulator
[    1.777280] tegra-phy 7d004000.usb-phy: no vbus regulator
[    1.782999] ehci_hcd: USB 2.0 'Enhanced' Host Controller (EHCI) Driver
[    1.789516] ehci-pci: EHCI PCI platform driver
[    1.794040] tegra-ehci: Tegra EHCI driver
[    1.800893] tegra-ehci 7d004000.usb: EHCI Host Controller
[    1.806331] tegra-ehci 7d004000.usb: new USB bus registered, assigned bus number 1
[    1.814147] tegra-ehci 7d004000.usb: irq 356, io mem 0x7d004000
[    1.841159] tegra-ehci 7d004000.usb: USB 2.0 started, EHCI 1.10
[    1.847979] hub 1-0:1.0: USB hub found
[    1.851792] hub 1-0:1.0: 1 port detected
[    1.856960] usbcore: registered new interface driver cdc_acm
[    1.862632] cdc_acm: USB Abstract Control Model driver for USB modems and ISDN adapters
[    1.870689] usbcore: registered new interface driver cdc_wdm
[    1.876442] usbcore: registered new interface driver usb-storage
[    1.884083] iommu: Adding device ci_hdrc.0 to group 73
[    1.896028] as3722-rtc as3722-rtc: rtc core: registered as3722-rtc as rtc0
[    1.902929] as3722-rtc as3722-rtc: RTC interrupt 379
[    1.910761] tegra_rtc 7000e000.rtc: rtc core: registered 7000e000.rtc as rtc1
[    1.917964] tegra_rtc 7000e000.rtc: Tegra internal Real Time Clock
[    1.924508] i2c /dev entries driver
[    1.929257] usbcore: registered new interface driver uvcvideo
[    1.935019] USB Video Class driver (1.1.1)
[    1.939109] gspca_main: v2.14.0 registered
[    1.943858] lm90 0-004c: 0-004c supply vcc not found, using dummy regulator
[    1.954143] tegra-wdt 60005000.timer: initialized (heartbeat = 120 sec, nowayout = 0)
[    1.962643] iommu: Adding device cpufreq-tegra124 to group 74
[    1.968955] sdhci: Secure Digital Host Controller Interface driver
[    1.975149] sdhci: Copyright(c) Pierre Ossman
[    1.979498] sdhci-pltfm: SDHCI platform and OF driver helper
[    1.985496] sdhci-tegra 700b0400.sdhci: Got CD GPIO
[    1.990386] sdhci-tegra 700b0400.sdhci: Got WP GPIO
[    2.011182] mmc0: Unknown controller version (3). You may experience problems.
[    2.018439] mmc0: Invalid maximum block size, assuming 512 bytes
[    2.081198] mmc0: SDHCI controller on 700b0600.sdhci [700b0600.sdhci] using ADMA
[    2.092690] usbcore: registered new interface driver usbhid
[    2.098362] usbhid: USB HID core driver
[    2.105256] iommu: Adding device snd-soc-dummy to group 75
[    2.157584] mmc0: new high speed MMC card at address 0001
[    2.163603] mmcblk0: mmc0:0001 SEM16G 14.7 GiB 
[    2.168529] mmcblk0boot0: mmc0:0001 SEM16G partition 1 4.00 MiB
[    2.174906] mmcblk0boot1: mmc0:0001 SEM16G partition 2 4.00 MiB
[    2.181007] mmcblk0rpmb: mmc0:0001 SEM16G partition 3 4.00 MiB, chardev (247:0)
[    2.190034]  mmcblk0: p1
[    2.551577] iommu: Adding device 70301100.i2s to group 76
[    2.557841] tegra30-i2s 70301100.i2s: DMA channels sourced from device 70300000.ahub
[    2.578203] tegra-snd-rt5640 sound: rt5640-aif1 <-> 70301100.i2s mapping ok
[    2.589011] input: NVIDIA Tegra Jetson TK1 Headphones as /devices/soc0/sound/sound/card1/input0
[    2.600223] NET: Registered protocol family 10
[    2.606046] Segment Routing with IPv6
[    2.609882] mip6: Mobile IPv6
[    2.612874] sit: IPv6, IPv4 and MPLS over IPv4 tunneling driver
[    2.620292] NET: Registered protocol family 17
[    2.624811] NET: Registered protocol family 15
[    2.629262] can: controller area network core (rev 20170425 abi 9)
[    2.635667] NET: Registered protocol family 29
[    2.640107] can: raw protocol (rev 20170425)
[    2.644391] can: broadcast manager protocol (rev 20170425 t)
[    2.650050] can: netlink gateway (rev 20170425) max_hops=1
[    2.655781] Bluetooth: RFCOMM socket layer initialized
[    2.660930] Bluetooth: RFCOMM ver 1.11
[    2.664718] Bluetooth: BNEP (Ethernet Emulation) ver 1.3
[    2.670029] Bluetooth: BNEP socket layer initialized
[    2.675005] Bluetooth: HIDP (Human Interface Emulation) ver 1.2
[    2.680923] Bluetooth: HIDP socket layer initialized
[    2.686152] Key type dns_resolver registered
[    2.690922] Registering SWP/SWPB emulation handler
[    2.696535] Loading compiled-in X.509 certificates
[    2.719218] +3.3V_RUN: supplied by +3.3V_SYS
[    2.724366] +USB0_VBUS_SW: supplied by +5V_SYS
[    2.729066] +3.3V_AVDD_HDMI_AP_GATED: supplied by +3.3V_RUN
[    2.735097] +5V_USB_HS: supplied by +5V_SYS
[    2.740202] +3.3V_LP0: supplied by +3.3V_SYS
[    2.745555] +5V_HDMI_CON: supplied by +5V_SYS
[    2.750333] +5V_SATA: supplied by +5V_SYS
[    2.755011] +12V_SATA: supplied by +VDD_MUX
[    2.760636]  usb2-0: usb2-0 supply vbus not found, using dummy regulator
[    2.767518]  usb2-1: usb2-1 supply vbus not found, using dummy regulator
[    2.774708]  usb3-0: usb3-0 supply vbus not found, using dummy regulator
[    2.782237] tegra-pcie 1003000.pcie: 2x1, 1x1 configuration
[    2.787849] tegra-pcie 1003000.pcie: Failed to get supply 'avddio-pex': -517
[    2.796985] tegra124-dfll 70110000.clock: couldn't get vdd_cpu regulator
[    2.806002] tegra-hdmi 54280000.hdmi: failed to get PLL regulator
[    2.814558] as3722-sd2: supplied by +5V_SYS
[    2.819053] as3722-sd3: supplied by +5V_SYS
[    2.823582] as3722-sd4: supplied by +5V_SYS
[    2.828067] as3722-sd5: supplied by +5V_SYS
[    2.834018] as3722-ldo0: supplied by +1.35V_LP0(sd2)
[    2.839502] as3722-ldo1: supplied by +3.3V_RUN
[    2.844699] as3722-ldo2: supplied by +1.8V_VDDIO
[    2.850244] as3722-ldo3: supplied by +3.3V_SYS
[    2.855786] as3722-ldo4: supplied by +3.3V_SYS
[    2.860538] as3722-ldo5: supplied by +1.8V_VDDIO
[    2.866350] input: tegra-hda HDMI/DP,pcm=3 as /devices/soc0/70030000.hda/sound/card0/input1
[    2.874995] as3722-ldo6: supplied by +3.3V_RUN
[    2.879993] as3722-ldo7: supplied by +1.8V_VDDIO
[    2.885459] +1.05V_RUN_CAM_REAR: Bringing 0uV into 1050000-1050000uV
[    2.892582] as3722-ldo9: supplied by +5V_SYS
[    2.898049] +3.3V_RUN_TOUCH: Bringing 0uV into 2800000-2800000uV
[    2.904810] as3722-ldo10: supplied by +5V_SYS
[    2.909916] +2.8V_RUN_CAM_AF: Bringing 0uV into 2800000-2800000uV
[    2.916783] as3722-ldo11: supplied by +3.3V_RUN
[    2.922100] +1.8V_RUN_VPP_FUSE: Bringing 0uV into 1800000-1800000uV
[    2.931368] tegra-ahci 70027000.sata: AHCI 0001.0301 32 slots 2 ports 3 Gbps 0x1 impl platform mode
[    2.940411] tegra-ahci 70027000.sata: flags: 64bit ncq sntf pm led pio slum part sadm sds apst 
[    2.950959] scsi host0: tegra-ahci
[    2.955423] scsi host1: tegra-ahci
[    2.959127] ata1: SATA max UDMA/133 mmio [mem 0x70027000-0x70028fff] port 0x100 irq 345
[    2.967172] ata2: DUMMY
[    2.970775] tegra-ehci 7d008000.usb: EHCI Host Controller
[    2.976257] tegra-ehci 7d008000.usb: new USB bus registered, assigned bus number 2
[    2.984114] tegra-ehci 7d008000.usb: irq 357, io mem 0x7d008000
[    3.011259] tegra-ehci 7d008000.usb: USB 2.0 started, EHCI 1.10
[    3.018380] hub 2-0:1.0: USB hub found
[    3.022261] hub 2-0:1.0: 1 port detected
[    3.039196] tegra-xusb 70090000.usb: Direct firmware load for nvidia/tegra124/xusb.bin failed with error -2
[    3.049002] tegra-xusb 70090000.usb: failed to request firmware: -2
[    3.055319] tegra-xusb 70090000.usb: failed to load firmware: -2
[    3.062033] tegra-xusb: probe of 70090000.usb failed with error -2
[    3.069057] sdhci-tegra 700b0400.sdhci: Got CD GPIO
[    3.074006] sdhci-tegra 700b0400.sdhci: Got WP GPIO
[    3.085408] mmc1: Unknown controller version (3). You may experience problems.
[    3.092747] mmc1: Invalid maximum block size, assuming 512 bytes
[    3.161775] mmc1: SDHCI controller on 700b0400.sdhci [700b0400.sdhci] using ADMA
[    3.169461] tegra-pcie 1003000.pcie: 2x1, 1x1 configuration
[    3.180391] tegra-pcie 1003000.pcie: probing port 0, using 2 lanes
[    3.188744] tegra-pcie 1003000.pcie: Slot present pin change, signature: 00000008
[    3.214154] tegra-pcie 1003000.pcie: probing port 1, using 1 lanes
[    3.222375] tegra-pcie 1003000.pcie: Slot present pin change, signature: 00000000
[    3.236391] tegra-pcie 1003000.pcie: PCI host bridge to bus 0000:00
[    3.242724] pci_bus 0000:00: root bus resource [io  0x0000-0xffff]
[    3.248917] pci_bus 0000:00: root bus resource [mem 0x13000000-0x1fffffff]
[    3.255904] pci_bus 0000:00: root bus resource [mem 0x20000000-0x3fffffff pref]
[    3.263354] pci_bus 0000:00: root bus resource [bus 00-ff]
[    3.268965] pci 0000:00:01.0: [10de:0e12] type 01 class 0x060400
[    3.275038] pci_bus 0000:00: 2-byte config write to 0000:00:01.0 offset 0x4 may corrupt adjacent RW1C bits
[    3.284741] pci_bus 0000:00: 2-byte config write to 0000:00:01.0 offset 0x4 may corrupt adjacent RW1C bits
[    3.294540] pci 0000:00:01.0: enabling Extended Tags
[    3.294626] ata1: SATA link down (SStatus 0 SControl 300)
[    3.305160] pci_bus 0000:00: 2-byte config write to 0000:00:01.0 offset 0x88 may corrupt adjacent RW1C bits
[    3.314942] pci_bus 0000:00: 2-byte config write to 0000:00:01.0 offset 0x52 may corrupt adjacent RW1C bits
[    3.324730] pci 0000:00:01.0: PME# supported from D0 D1 D2 D3hot D3cold
[    3.331403] pci_bus 0000:00: 2-byte config write to 0000:00:01.0 offset 0x4c may corrupt adjacent RW1C bits
[    3.341550] pci 0000:00:02.0: [10de:0e13] type 01 class 0x060400
[    3.347563] pci_bus 0000:00: 2-byte config write to 0000:00:02.0 offset 0x4 may corrupt adjacent RW1C bits
[    3.357231] pci_bus 0000:00: 2-byte config write to 0000:00:02.0 offset 0x4 may corrupt adjacent RW1C bits
[    3.366920] pci 0000:00:02.0: enabling Extended Tags
[    3.371940] pci_bus 0000:00: 2-byte config write to 0000:00:02.0 offset 0x88 may corrupt adjacent RW1C bits
[    3.381765] pci_bus 0000:00: 2-byte config write to 0000:00:02.0 offset 0x52 may corrupt adjacent RW1C bits
[    3.391605] pci 0000:00:02.0: PME# supported from D0 D1 D2 D3hot D3cold
[    3.398296] pci_bus 0000:00: 2-byte config write to 0000:00:02.0 offset 0x4c may corrupt adjacent RW1C bits
[    3.408365] PCI: bus0: Fast back to back transfers disabled
[    3.414021] pci 0000:00:01.0: bridge configuration invalid ([bus 00-00]), reconfiguring
[    3.422104] pci 0000:00:02.0: bridge configuration invalid ([bus 00-00]), reconfiguring
[    3.430377] pci 0000:01:00.0: [8086:4232] type 00 class 0x028000
[    3.436511] pci 0000:01:00.0: reg 0x10: [mem 0x00000000-0x00001fff 64bit]
[    3.443651] PCI: bus1: Fast back to back transfers disabled
[    3.449290] pci_bus 0000:01: busn_res: [bus 01-ff] end is updated to 01
[    3.456192] pci 0000:02:00.0: [10ec:8168] type 00 class 0x020000
[    3.462416] mmc1: new high speed SDHC card at address aaaa
[    3.468453] mmcblk1: mmc1:aaaa SD04G 3.69 GiB 
[    3.473547] pci 0000:02:00.0: reg 0x10: [io  0x0000-0x00ff]
[    3.479220] pci 0000:02:00.0: reg 0x18: [mem 0x00000000-0x00000fff 64bit]
[    3.486337] pci 0000:02:00.0: reg 0x20: [mem 0x00000000-0x00003fff 64bit pref]
[    3.494095] PCI: bus2: Fast back to back transfers disabled
[    3.499736] pci_bus 0000:02: busn_res: [bus 02-ff] end is updated to 02
[    3.506591] pci 0000:00:01.0: BAR 8: assigned [mem 0x13000000-0x130fffff]
[    3.513497] pci 0000:00:02.0: BAR 8: assigned [mem 0x13100000-0x131fffff]
[    3.520434] pci 0000:00:02.0: BAR 9: assigned [mem 0x20000000-0x200fffff 64bit pref]
[    3.528283] pci 0000:00:02.0: BAR 7: assigned [io  0x1000-0x1fff]
[    3.534667] pci 0000:01:00.0: BAR 0: assigned [mem 0x13000000-0x13001fff 64bit]
[    3.542106] pci 0000:00:01.0: PCI bridge to [bus 01]
[    3.547315] pci 0000:00:01.0:   bridge window [mem 0x13000000-0x130fffff]
[    3.554233] pci 0000:02:00.0: BAR 4: assigned [mem 0x20000000-0x20003fff 64bit pref]
[    3.562187] pci 0000:02:00.0: BAR 2: assigned [mem 0x13100000-0x13100fff 64bit]
[    3.569579] pci 0000:02:00.0: BAR 0: assigned [io  0x1000-0x10ff]
[    3.575883] pci 0000:00:02.0: PCI bridge to [bus 02]
[    3.580914] pci 0000:00:02.0:   bridge window [io  0x1000-0x1fff]
[    3.587199] pci 0000:00:02.0:   bridge window [mem 0x13100000-0x131fffff]
[    3.594094] pci 0000:00:02.0:   bridge window [mem 0x20000000-0x200fffff 64bit pref]
[    3.602065]  mmcblk1: p1 p2 p3
[    3.605553] pci 0000:00:01.0: nv_msi_ht_cap_quirk didn't locate host bridge
[    3.612939] pcieport 0000:00:01.0: enabling device (0140 -> 0142)
[    3.619909] pcieport 0000:00:01.0: Signaling PME with IRQ 395
[    3.625914] pci 0000:00:02.0: nv_msi_ht_cap_quirk didn't locate host bridge
[    3.633098] pcieport 0000:00:02.0: enabling device (0140 -> 0143)
[    3.639548] pcieport 0000:00:02.0: Signaling PME with IRQ 396
[    3.645739] r8169 Gigabit Ethernet driver 2.3LK-NAPI loaded
[    3.651379] r8169 0000:02:00.0: enabling device (0140 -> 0143)
[    3.657260] r8169 0000:02:00.0 (unnamed net_device) (uninitialized): not PCI Express
[    3.692961] r8169 0000:02:00.0 eth0: RTL8168g/8111g at 0x051f656c, 00:04:4b:3a:d9:81, XID 0c000800 IRQ 22
[    3.702551] r8169 0000:02:00.0 eth0: jumbo features [frames: 9200 bytes, tx checksumming: ko]
[    3.714741] +1.05V_RUN_AVDD_HDMI_PLL: supplied by +1.05V_RUN
[    3.724160] [drm] Supports vblank timestamp caching Rev 2 (21.10.2013).
[    3.730787] [drm] No driver support for vblank timestamp query.
[    3.864371] tegra-hdmi 54280000.hdmi: cannot set audio to 48000 Hz at 297000000 Hz pixel clock
[    4.112633] Console: switching to colour frame buffer device 512x135
[    4.207461] drm drm: fb0:  frame buffer device
[    4.212005] [drm] Initialized tegra 0.0.0 20120330 for drm on minor 0
[    4.219261] iommu: Adding device cpufreq-dt.0 to group 77
[    4.225003] cpufreq: cpufreq_online: CPU0: Running at unlisted freq: 696000 KHz
[    4.232348] cpufreq: cpufreq_online: CPU0: Unlisted initial frequency changed to: 714000 KHz
[    4.241440] input: gpio-keys as /devices/soc0/gpio-keys/input/input2
[    4.248590] as3722-rtc as3722-rtc: setting system clock to 2000-01-01 00:00:15 UTC (946684815)
[    4.257422] cfg80211: Loading compiled-in X.509 certificates for regulatory database
[    4.267080] cfg80211: Loaded X.509 cert 'sforshee: 00b28ddf47aef9cea7'
[    4.273733] platform regulatory.0: Direct firmware load for regulatory.db failed with error -2
[    4.282416] cfg80211: failed to load regulatory.db
[    4.287458] +USB0_VBUS_SW: disabling
[    4.291031] +1.8V_RUN_CAM: disabling
[    4.294780] +2.8V_RUN_CAM: disabling
[    4.298458] +1.2V_RUN_CAM_FRONT: disabling
[    4.302709] +1.05V_RUN_CAM_REAR: disabling
[    4.306901] +3.3V_RUN_TOUCH: disabling
[    4.310744] +2.8V_RUN_CAM_AF: disabling
[    4.314760] +1.8V_RUN_VPP_FUSE: disabling
[    4.318865] ALSA device list:
[    4.321854]   #0: tegra-hda at 0x70038000 irq 346
[    4.326556]   #1: NVIDIA Tegra Jetson TK1
[    4.331255] EXT4-fs (mmcblk0p1): mounting ext3 file system using the ext4 subsystem
[    4.352501] EXT4-fs (mmcblk0p1): recovery complete
[    4.357293] EXT4-fs (mmcblk0p1): mounted filesystem with ordered data mode. Opts: (null)
[    4.365466] VFS: Mounted root (ext3 filesystem) on device 179:1.
[    4.376024] devtmpfs: mounted
[    4.379384] Freeing unused kernel memory: 1024K
bash: cannot set terminal process group (-1): Inappropriate ioctl for device
bash: no job control in this shell
root@(none):/# mount -t sysfs none /sys
root@(none):/# 
root@(none):/# mount -t debugfs none /sys/kernel/debug
root@(none):/# 
root@(none):/# rtcwake -d rtc1 -m mem -s 3
rtcwake: assuming RTC uses UTC ...
rtcwake: wakeup from "mem" using /dev/rtc1 at Thu Jan  1 00:00:20 1970
[    7.265216] PM: suspend entry (deep)
[    7.268807] PM: Syncing filesystems ... done.
[    7.276098] Freezing user space processes ... (elapsed 0.001 seconds) done.
[    7.277351] OOM killer disabled.
[    7.277354] Freezing remaining freezable tasks ... (elapsed 0.001 seconds) done.
[    7.278613] Suspending console(s) (use no_console_suspend to debug)
[    7.637116] Disabling non-boot CPUs ...
[    7.812652] Entering suspend state LP1
[    7.812680] Enabling non-boot CPUs ...
[    7.813583] CPU1 is up
[    7.814388] CPU2 is up
[    7.815266] CPU3 is up
[    7.815879] pcieport 0000:00:01.0: nv_msi_ht_cap_quirk didn't locate host bridge
[    7.815885] pcieport 0000:00:02.0: nv_msi_ht_cap_quirk didn't locate host bridge
[    7.871568] tegra-hdmi 54280000.hdmi: cannot set audio to 48000 Hz at 297000000 Hz pixel clock
[    8.164003] ata1: SATA link down (SStatus 0 SControl 300)
[   10.839011] OOM killer enabled.
[   10.842163] Restarting tasks ... done.
root@(none):/# 
root@(none):/# [   10.846421] PM: suspend exit
rtcwake -d rtc1 -m mem -s 3
rtcwake: assuming RTC uses UTC ...
rtcwake: wakeup from "mem" using /dev/rtc1 at Thu Jan  1 00:00:27 1970
[   11.397535] PM: suspend entry (deep)
[   11.401276] PM: Syncing filesystems ... done.
[   11.407375] Freezing user space processes ... (elapsed 0.001 seconds) done.
[   11.408628] OOM killer disabled.
[   11.408631] Freezing remaining freezable tasks ... (elapsed 0.001 seconds) done.
[   11.409921] Suspending console(s) (use no_console_suspend to debug)
[   11.550938] pci_generic_config_write32: 78 callbacks suppressed
[   11.550954] pci_bus 0000:00: 2-byte config write to 0000:00:02.0 offset 0x9c may corrupt adjacent RW1C bits
[   11.550992] pci_bus 0000:00: 2-byte config write to 0000:00:01.0 offset 0x9c may corrupt adjacent RW1C bits
[   11.766984] Disabling non-boot CPUs ...
[   11.811499] IRQ17 no longer affine to CPU1
[   11.952450] Entering suspend state LP1
[   11.952476] Enabling non-boot CPUs ...
[   11.953404] CPU1 is up
[   11.954222] CPU2 is up
[   11.955117] CPU3 is up
[   11.955650] pci_bus 0000:00: 2-byte config write to 0000:00:02.0 offset 0x4c may corrupt adjacent RW1C bits
[   11.955660] pci_bus 0000:00: 2-byte config write to 0000:00:01.0 offset 0x4c may corrupt adjacent RW1C bits
[   11.955670] pci_bus 0000:00: 2-byte config write to 0000:00:02.0 offset 0x88 may corrupt adjacent RW1C bits
[   11.955677] pci_bus 0000:00: 2-byte config write to 0000:00:02.0 offset 0x90 may corrupt adjacent RW1C bits
[   11.955683] pci_bus 0000:00: 2-byte config write to 0000:00:01.0 offset 0x88 may corrupt adjacent RW1C bits
[   11.955689] pci_bus 0000:00: 2-byte config write to 0000:00:02.0 offset 0x98 may corrupt adjacent RW1C bits
[   11.955694] pci_bus 0000:00: 2-byte config write to 0000:00:01.0 offset 0x90 may corrupt adjacent RW1C bits
[   11.955700] pci_bus 0000:00: 2-byte config write to 0000:00:02.0 offset 0x9c may corrupt adjacent RW1C bits
[   11.955807] pcieport 0000:00:02.0: nv_msi_ht_cap_quirk didn't locate host bridge
[   11.955809] pcieport 0000:00:01.0: nv_msi_ht_cap_quirk didn't locate host bridge
[   12.001599] tegra-hdmi 54280000.hdmi: cannot set audio to 48000 Hz at 297000000 Hz pixel clock
[   12.303962] ata1: SATA link down (SStatus 0 SControl 300)
[   15.086262] OOM killer enabled.
[   15.089390] Restarting tasks ... done.
root@(none):/# 
root@(none):/# [   15.093779] PM: suspend exit
rtcwake -d rtc1 -m mem -s 3
rtcwake: assuming RTC uses UTC ...
rtcwake: wakeup from "mem" using /dev/rtc1 at Thu Jan  1 00:00:34 1970
[   15.533471] PM: suspend entry (deep)
[   15.537061] PM: Syncing filesystems ... done.
[   15.543116] Freezing user space processes ... (elapsed 0.001 seconds) done.
[   15.544236] OOM killer disabled.
[   15.544238] Freezing remaining freezable tasks ... (elapsed 0.001 seconds) done.
[   15.545460] Suspending console(s) (use no_console_suspend to debug)
[   15.856029] Disabling non-boot CPUs ...
[   16.012008] Entering suspend state LP1
[   16.012035] Enabling non-boot CPUs ...
[   16.012968] CPU1 is up
[   16.013784] CPU2 is up
[   16.014684] CPU3 is up
[   16.015318] pcieport 0000:00:01.0: nv_msi_ht_cap_quirk didn't locate host bridge
[   16.015320] pcieport 0000:00:02.0: nv_msi_ht_cap_quirk didn't locate host bridge
[   16.061535] tegra-hdmi 54280000.hdmi: cannot set audio to 48000 Hz at 297000000 Hz pixel clock
[   16.363981] ata1: SATA link down (SStatus 0 SControl 300)
[   19.038792] OOM killer enabled.
[   19.041930] Restarting tasks ... done.
root@(none):/# 
root@(none):/# [   19.046308] PM: suspend exit
rtcwake -d rtc1 -m mem -s 3
rtcwake: assuming RTC uses UTC ...
rtcwake: wakeup from "mem" using /dev/rtc1 at Thu Jan  1 00:00:41 1970
[   19.593763] PM: suspend entry (deep)
[   19.597350] PM: Syncing filesystems ... done.
[   19.603069] Freezing user space processes ... (elapsed 0.001 seconds) done.
[   19.604250] OOM killer disabled.
[   19.604252] Freezing remaining freezable tasks ... (elapsed 0.001 seconds) done.
[   19.605486] Suspending console(s) (use no_console_suspend to debug)
[   19.700131] pci_generic_config_write32: 46 callbacks suppressed
[   19.700141] pci_bus 0000:00: 2-byte config write to 0000:00:02.0 offset 0x9c may corrupt adjacent RW1C bits
[   19.700173] pci_bus 0000:00: 2-byte config write to 0000:00:01.0 offset 0x9c may corrupt adjacent RW1C bits
[   19.915945] Disabling non-boot CPUs ...
[   19.981313] IRQ17 no longer affine to CPU1
[   20.101996] Entering suspend state LP1
[   20.102023] Enabling non-boot CPUs ...
[   20.102958] CPU1 is up
[   20.103780] CPU2 is up
[   20.104677] CPU3 is up
[   20.105208] pci_bus 0000:00: 2-byte config write to 0000:00:01.0 offset 0x4c may corrupt adjacent RW1C bits
[   20.105222] pci_bus 0000:00: 2-byte config write to 0000:00:01.0 offset 0x88 may corrupt adjacent RW1C bits
[   20.105229] pci_bus 0000:00: 2-byte config write to 0000:00:01.0 offset 0x90 may corrupt adjacent RW1C bits
[   20.105238] pci_bus 0000:00: 2-byte config write to 0000:00:02.0 offset 0x4c may corrupt adjacent RW1C bits
[   20.105244] pci_bus 0000:00: 2-byte config write to 0000:00:01.0 offset 0x98 may corrupt adjacent RW1C bits
[   20.105250] pci_bus 0000:00: 2-byte config write to 0000:00:01.0 offset 0x9c may corrupt adjacent RW1C bits
[   20.105256] pci_bus 0000:00: 2-byte config write to 0000:00:01.0 offset 0xa8 may corrupt adjacent RW1C bits
[   20.105262] pci_bus 0000:00: 2-byte config write to 0000:00:01.0 offset 0xb0 may corrupt adjacent RW1C bits
[   20.105367] pcieport 0000:00:01.0: nv_msi_ht_cap_quirk didn't locate host bridge
[   20.105369] pcieport 0000:00:02.0: nv_msi_ht_cap_quirk didn't locate host bridge
[   20.151505] tegra-hdmi 54280000.hdmi: cannot set audio to 48000 Hz at 297000000 Hz pixel clock
[   20.463843] ata1: SATA link down (SStatus 0 SControl 300)
[   23.246196] OOM killer enabled.
[   23.249330] Restarting tasks ... done.
rtcwake -d rtc1 -m mem -s 3

[   23.547040] PM: suspend exit
root@(none):/# 
root@(none):/# rtcwake -d rtc1 -m mem -s 3
rtcwake: assuming RTC uses UTC ...
rtcwake: wakeup from "mem" using /dev/rtc1 at Thu Jan  1 00:00:48 1970
[   23.779904] PM: suspend entry (deep)
[   23.783572] PM: Syncing filesystems ... done.
[   23.801293] Freezing user space processes ... (elapsed 0.009 seconds) done.
[   23.811297] OOM killer disabled.
[   23.811302] Freezing remaining freezable tasks ... (elapsed 0.001 seconds) done.
[   23.812755] Suspending console(s) (use no_console_suspend to debug)
[   24.170577] Disabling non-boot CPUs ...
[   24.313162] Entering suspend state LP1
[   24.313190] Enabling non-boot CPUs ...
[   24.314130] CPU1 is up
[   24.314950] CPU2 is up
[   24.315857] CPU3 is up
[   24.316457] pcieport 0000:00:02.0: nv_msi_ht_cap_quirk didn't locate host bridge
[   24.316561] pcieport 0000:00:01.0: nv_msi_ht_cap_quirk didn't locate host bridge
[   24.361451] tegra-hdmi 54280000.hdmi: cannot set audio to 48000 Hz at 297000000 Hz pixel clock
[   24.663790] ata1: SATA link down (SStatus 0 SControl 300)
[   27.348847] OOM killer enabled.
[   27.351979] Restarting tasks ... done.
root@(none):/# 
root@(none):/# [   27.356208] PM: suspend exit
rtcwake -d rtc1 -m mem -s 3
rtcwake: assuming RTC uses UTC ...
rtcwake: wakeup from "mem" using /dev/rtc1 at Thu Jan  1 00:00:55 1970
[   27.897683] PM: suspend entry (deep)
[   27.901456] PM: Syncing filesystems ... done.
[   27.907170] Freezing user space processes ... (elapsed 0.001 seconds) done.
[   27.908477] OOM killer disabled.
[   27.908481] Freezing remaining freezable tasks ... (elapsed 0.001 seconds) done.
[   27.909810] Suspending console(s) (use no_console_suspend to debug)
[   28.041593] pci_generic_config_write32: 46 callbacks suppressed
[   28.041610] pci_bus 0000:00: 2-byte config write to 0000:00:02.0 offset 0x9c may corrupt adjacent RW1C bits
[   28.041651] pci_bus 0000:00: 2-byte config write to 0000:00:01.0 offset 0x9c may corrupt adjacent RW1C bits
[   28.257256] Disabling non-boot CPUs ...
[   28.411318] IRQ17 no longer affine to CPU3
[   28.412459] Entering suspend state LP1
[   28.412486] Enabling non-boot CPUs ...
[   28.413430] CPU1 is up
[   28.414259] CPU2 is up
[   28.415157] CPU3 is up
[   28.415674] pci_bus 0000:00: 2-byte config write to 0000:00:02.0 offset 0x4c may corrupt adjacent RW1C bits
[   28.415684] pci_bus 0000:00: 2-byte config write to 0000:00:02.0 offset 0x88 may corrupt adjacent RW1C bits
[   28.415690] pci_bus 0000:00: 2-byte config write to 0000:00:02.0 offset 0x90 may corrupt adjacent RW1C bits
[   28.415696] pci_bus 0000:00: 2-byte config write to 0000:00:02.0 offset 0x98 may corrupt adjacent RW1C bits
[   28.415701] pci_bus 0000:00: 2-byte config write to 0000:00:02.0 offset 0x9c may corrupt adjacent RW1C bits
[   28.415707] pci_bus 0000:00: 2-byte config write to 0000:00:02.0 offset 0xa8 may corrupt adjacent RW1C bits
[   28.415712] pci_bus 0000:00: 2-byte config write to 0000:00:02.0 offset 0xb0 may corrupt adjacent RW1C bits
[   28.415741] pci_bus 0000:00: 2-byte config write to 0000:00:02.0 offset 0x52 may corrupt adjacent RW1C bits
[   28.415773] pcieport 0000:00:02.0: nv_msi_ht_cap_quirk didn't locate host bridge
[   28.415878] pcieport 0000:00:01.0: nv_msi_ht_cap_quirk didn't locate host bridge
[   28.471431] tegra-hdmi 54280000.hdmi: cannot set audio to 48000 Hz at 297000000 Hz pixel clock
[   28.763888] ata1: SATA link down (SStatus 0 SControl 300)
[   31.545942] OOM killer enabled.
[   31.549070] Restarting tasks ... done.
root@(none):/# 
root@(none):/# [   31.553289] PM: suspend exit
rtcwake -d rtc1 -m mem -s 3
rtcwake: assuming RTC uses UTC ...
rtcwake: wakeup from "mem" using /dev/rtc1 at Thu Jan  1 00:01:02 1970
[   32.006043] PM: suspend entry (deep)
[   32.009625] PM: Syncing filesystems ... done.
[   32.015713] Freezing user space processes ... (elapsed 0.001 seconds) done.
[   32.017043] OOM killer disabled.
[   32.017046] Freezing remaining freezable tasks ... (elapsed 0.001 seconds) done.
[   32.018411] Suspending console(s) (use no_console_suspend to debug)
[   32.368032] Disabling non-boot CPUs ...
[   32.522530] Entering suspend state LP1
[   32.522557] Enabling non-boot CPUs ...
[   32.523500] CPU1 is up
[   32.524326] CPU2 is up
[   32.525227] CPU3 is up
[   32.525845] pcieport 0000:00:01.0: nv_msi_ht_cap_quirk didn't locate host bridge
[   32.525847] pcieport 0000:00:02.0: nv_msi_ht_cap_quirk didn't locate host bridge
[   32.581429] tegra-hdmi 54280000.hdmi: cannot set audio to 48000 Hz at 297000000 Hz pixel clock
[   32.873754] ata1: SATA link down (SStatus 0 SControl 300)
[   35.558590] OOM killer enabled.
[   35.561751] Restarting tasks ... done.
root@(none):/# 
root@(none):/# [   35.565964] PM: suspend exit
rtcwake -d rtc1 -m mem -s 3
rtcwake: assuming RTC uses UTC ...
rtcwake: wakeup from "mem" using /dev/rtc1 at Thu Jan  1 00:01:09 1970
[   36.109217] PM: suspend entry (deep)
[   36.112999] PM: Syncing filesystems ... done.
[   36.118920] Freezing user space processes ... (elapsed 0.001 seconds) done.
[   36.120255] OOM killer disabled.
[   36.120258] Freezing remaining freezable tasks ... (elapsed 0.001 seconds) done.
[   36.121628] Suspending console(s) (use no_console_suspend to debug)
[   36.261438] pci_generic_config_write32: 46 callbacks suppressed
[   36.261452] pci_bus 0000:00: 2-byte config write to 0000:00:02.0 offset 0x9c may corrupt adjacent RW1C bits
[   36.261507] pci_bus 0000:00: 2-byte config write to 0000:00:01.0 offset 0x9c may corrupt adjacent RW1C bits
[   36.477775] Disabling non-boot CPUs ...
[   36.632565] Entering suspend state LP1
[   36.632592] Enabling non-boot CPUs ...
[   36.633535] CPU1 is up
[   36.634359] CPU2 is up
[   36.635260] CPU3 is up
[   36.635739] pci_bus 0000:00: 2-byte config write to 0000:00:02.0 offset 0x4c may corrupt adjacent RW1C bits
[   36.635748] pci_bus 0000:00: 2-byte config write to 0000:00:01.0 offset 0x4c may corrupt adjacent RW1C bits
[   36.635760] pci_bus 0000:00: 2-byte config write to 0000:00:02.0 offset 0x88 may corrupt adjacent RW1C bits
[   36.635766] pci_bus 0000:00: 2-byte config write to 0000:00:01.0 offset 0x88 may corrupt adjacent RW1C bits
[   36.635772] pci_bus 0000:00: 2-byte config write to 0000:00:02.0 offset 0x90 may corrupt adjacent RW1C bits
[   36.635778] pci_bus 0000:00: 2-byte config write to 0000:00:01.0 offset 0x90 may corrupt adjacent RW1C bits
[   36.635783] pci_bus 0000:00: 2-byte config write to 0000:00:02.0 offset 0x98 may corrupt adjacent RW1C bits
[   36.635789] pci_bus 0000:00: 2-byte config write to 0000:00:01.0 offset 0x98 may corrupt adjacent RW1C bits
[   36.635896] pcieport 0000:00:02.0: nv_msi_ht_cap_quirk didn't locate host bridge
[   36.635898] pcieport 0000:00:01.0: nv_msi_ht_cap_quirk didn't locate host bridge
[   36.691384] tegra-hdmi 54280000.hdmi: cannot set audio to 48000 Hz at 297000000 Hz pixel clock
[   36.983825] ata1: SATA link down (SStatus 0 SControl 300)
[   39.762029] OOM killer enabled.
[   39.765158] Restarting tasks ... done.
root@(none):/# 
root@(none):/# [   39.769486] PM: suspend exit
rtcwake -d rtc1 -m mem -s 3
rtcwake: assuming RTC uses UTC ...
rtcwake: wakeup from "mem" using /dev/rtc1 at Thu Jan  1 00:01:16 1970
[   40.207552] PM: suspend entry (deep)
[   40.211331] PM: Syncing filesystems ... done.
[   40.217103] Freezing user space processes ... (elapsed 0.001 seconds) done.
[   40.218409] OOM killer disabled.
[   40.218412] Freezing remaining freezable tasks ... (elapsed 0.001 seconds) done.
[   40.219744] Suspending console(s) (use no_console_suspend to debug)
[   40.587355] Disabling non-boot CPUs ...
[   40.651339] IRQ17 no longer affine to CPU1
[   40.772438] Entering suspend state LP1
[   40.772465] Enabling non-boot CPUs ...
[   40.773400] CPU1 is up
[   40.774233] CPU2 is up
[   40.775135] CPU3 is up
[   40.775703] pcieport 0000:00:02.0: nv_msi_ht_cap_quirk didn't locate host bridge
[   40.775807] pcieport 0000:00:01.0: nv_msi_ht_cap_quirk didn't locate host bridge
[   40.821395] tegra-hdmi 54280000.hdmi: cannot set audio to 48000 Hz at 297000000 Hz pixel clock
[   41.123802] ata1: SATA link down (SStatus 0 SControl 300)
[   43.802834] OOM killer enabled.
[   43.805963] Restarting tasks ... done.
root@(none):/# 
root@(none):/# [   43.810188] PM: suspend exit
rtcwake -d rtc1 -m mem -s 3
rtcwake: assuming RTC uses UTC ...
rtcwake: wakeup from "mem" using /dev/rtc1 at Thu Jan  1 00:01:23 1970
[   44.377643] PM: suspend entry (deep)
[   44.381421] PM: Syncing filesystems ... done.
[   44.386957] Freezing user space processes ... (elapsed 0.001 seconds) done.
[   44.388244] OOM killer disabled.
[   44.388247] Freezing remaining freezable tasks ... (elapsed 0.001 seconds) done.
[   44.389547] Suspending console(s) (use no_console_suspend to debug)
[   44.542445] pci_generic_config_write32: 46 callbacks suppressed
[   44.542458] pci_bus 0000:00: 2-byte config write to 0000:00:02.0 offset 0x9c may corrupt adjacent RW1C bits
[   44.542492] pci_bus 0000:00: 2-byte config write to 0000:00:01.0 offset 0x9c may corrupt adjacent RW1C bits
[   44.756763] Disabling non-boot CPUs ...
[   44.921179] IRQ17 no longer affine to CPU3
[   44.922054] Entering suspend state LP1
[   44.922066] Enabling non-boot CPUs ...
[   44.923011] CPU1 is up
[   44.923835] CPU2 is up
[   44.924737] CPU3 is up
[   44.925229] pci_bus 0000:00: 2-byte config write to 0000:00:01.0 offset 0x4c may corrupt adjacent RW1C bits
[   44.925239] pci_bus 0000:00: 2-byte config write to 0000:00:01.0 offset 0x88 may corrupt adjacent RW1C bits
[   44.925245] pci_bus 0000:00: 2-byte config write to 0000:00:01.0 offset 0x90 may corrupt adjacent RW1C bits
[   44.925251] pci_bus 0000:00: 2-byte config write to 0000:00:01.0 offset 0x98 may corrupt adjacent RW1C bits
[   44.925256] pci_bus 0000:00: 2-byte config write to 0000:00:01.0 offset 0x9c may corrupt adjacent RW1C bits
[   44.925261] pci_bus 0000:00: 2-byte config write to 0000:00:01.0 offset 0xa8 may corrupt adjacent RW1C bits
[   44.925267] pci_bus 0000:00: 2-byte config write to 0000:00:01.0 offset 0xb0 may corrupt adjacent RW1C bits
[   44.925295] pci_bus 0000:00: 2-byte config write to 0000:00:01.0 offset 0x52 may corrupt adjacent RW1C bits
[   44.925327] pcieport 0000:00:01.0: nv_msi_ht_cap_quirk didn't locate host bridge
[   44.925463] pcieport 0000:00:02.0: nv_msi_ht_cap_quirk didn't locate host bridge
[   44.981343] tegra-hdmi 54280000.hdmi: cannot set audio to 48000 Hz at 297000000 Hz pixel clock
[   45.273769] ata1: SATA link down (SStatus 0 SControl 300)
[   48.056055] OOM killer enabled.
[   48.059184] Restarting tasks ... done.
root@(none):/# 
root@(none):/# [   48.063420] PM: suspend exit
NVTB SYSTEM SUSPEND TEST COMPLETE
