15200n8')
[    0.000000] bootconsole [uart0] enabled
[    0.000000] psci: probing for conduit method from DT.
[    0.000000] psci: PSCIv1.0 detected in firmware.
[    0.000000] psci: Using standard PSCI v0.2 function IDs
[    0.000000] psci: MIGRATE_INFO_UP_CPU reported invalid physical ID (0x80000000)
[    0.000000] percpu: Embedded 21 pages/cpu @ffff8000bff4b000 s48128 r8192 d29696 u86016
[    0.000000] Detected PIPT I-cache on CPU0
[    0.000000] CPU features: enabling workaround for ARM erratum 832075
[    0.000000] CPU features: enabling workaround for ARM erratum 834220
[    0.000000] Built 1 zonelists in Zone order, mobility grouping on.  Total pages: 735336
[    0.000000] Kernel command line: cros_secure vpr=0x08000000@0xf6800000 earlycon
[    0.000000] PID hash table entries: 4096 (order: 3, 32768 bytes)
[    0.000000] Dentry cache hash table entries: 524288 (order: 10, 4194304 bytes)
[    0.000000] Inode-cache hash table entries: 262144 (order: 9, 2097152 bytes)
[    0.000000] software IO TLB [mem 0xf1400000-0xf5400000] (64MB) mapped at [ffff800071400000-ffff8000753fffff]
[    0.000000] Memory: 2832136K/2988032K available (8508K kernel code, 944K rwdata, 4108K rodata, 1024K init, 395K bss, 139512K reserved, 16384K cma-reserved)
[    0.000000] Virtual kernel memory layout:
[    0.000000]     modules : 0xffff000000000000 - 0xffff000008000000   (   128 MB)
[    0.000000]     vmalloc : 0xffff000008000000 - 0xffff7dffbfff0000   (129022 GB)
[    0.000000]       .text : 0xffff000008080000 - 0xffff0000088d0000   (  8512 KB)
[    0.000000]     .rodata : 0xffff0000088d0000 - 0xffff000008ce0000   (  4160 KB)
[    0.000000]       .init : 0xffff000008ce0000 - 0xffff000008de0000   (  1024 KB)
[    0.000000]       .data : 0xffff000008de0000 - 0xffff000008ecc200   (   945 KB)
[    0.000000]        .bss : 0xffff000008ecc200 - 0xffff000008f2ee50   (   396 KB)
[    0.000000]     fixed   : 0xffff7dfffe7fd000 - 0xffff7dfffec00000   (  4108 KB)
[    0.000000]     PCI I/O : 0xffff7dfffee00000 - 0xffff7dffffe00000   (    16 MB)
[    0.000000]     vmemmap : 0xffff7e0000000000 - 0xffff800000000000   (  2048 GB maximum)
[    0.000000]               0xffff7e0000000000 - 0xffff7e0003000000   (    48 MB actual)
[    0.000000]     memory  : 0xffff800000000000 - 0xffff8000c0000000   (  3072 MB)
[    0.000000] SLUB: HWalign=64, Order=0-3, MinObjects=0, CPUs=4, Nodes=1
[    0.000000] Preemptible hierarchical RCU implementation.
[    0.000000] 	Build-time adjustment of leaf fanout to 64.
[    0.000000] 	RCU restricting CPUs from NR_CPUS=64 to nr_cpu_ids=4.
[    0.000000] RCU: Adjusting geometry for rcu_fanout_leaf=64, nr_cpu_ids=4
[    0.000000] NR_IRQS:64 nr_irqs:64 0
[    0.000000] GIC: Using split EOI/Deactivate mode
[    0.000000] /interrupt-controller@60004000: 192 interrupts forwarded to /interrupt-controller@50041000
[    0.000000] boot misc0 0x0: expected 0x80000
[    0.000000]  (comparison mask = 0x400ffffb)
[    0.000000] boot misc2 0x1f720005: expected 0x1f720f05
[    0.000000]  (comparison mask = 0xffffff17)
[    0.000000] PLL_C already enabled. Postponing set full defaults
[    0.000000] PLL_MB already enabled. Postponing set full defaults
[    0.000000] PLL_U already enabled. Postponing set full defaults
[    0.000000] PLL_D already enabled. Postponing set full defaults
[    0.000000] PLL_DP already enabled. Postponing set full defaults
[    0.000000] boot misc0 0x0: expected 0x20
[    0.000000]  (comparison mask = 0x7ffffff)
[    0.000000] boot misc1 0x90000000: expected 0xc0000000
[    0.000000]  (comparison mask = 0xf8000000)
[    0.000000] boot misc2 0x0: expected 0xf400f0da
[    0.000000]  (comparison mask = 0xffffffff)
[    0.000000] boot misc3 0x3600: expected 0x2004f400
[    0.000000]  (comparison mask = 0xffffffff)
[    0.000000] PLL_P already enabled. Postponing set full defaults
[    0.000000] PLL_X already enabled. Postponing set full defaults
[    0.000000] boot misc1 0x0: expected 0x20
[    0.000000]  (comparison mask = 0xffffff)
[    0.000000] arm_arch_timer: Architected cp15 timer(s) running at 19.20MHz (phys).
[    0.000000] clocksource: arch_sys_counter: mask: 0xffffffffffffff max_cycles: 0x46d987e47, max_idle_ns: 440795202767 ns
[    0.000002] sched_clock: 56 bits at 19MHz, resolution 52ns, wraps every 4398046511078ns
[    0.008351] Console: colour dummy device 80x25
[    0.012919] console [tty0] enabled
[    0.016413] bootconsole [uart0] disabled
[    0.000000] Booting Linux on physical CPU 0x0
[    0.000000] Linux version 4.10.0-rc4-166515-g49def18 (pwalmsley@tamien) (gcc version 4.9.2 20140904 (prerelease) (crosstool-NG linaro-1.13.1-4.9-2014.09 - Linaro GCC 4.9-2014.09) ) #1 SMP PREEMPT Mon Jan 16 02:38:55 PST 2017
[    0.000000] Boot CPU: AArch64 Processor [411fd071]
[    0.000000] efi: Getting EFI parameters from FDT:
[    0.000000] efi: UEFI not found.
[    0.000000] cma: Reserved 16 MiB at 0x00000000f5400000
[    0.000000] earlycon: uart0 at MMIO 0x0000000070006000 (options '115200n8')
[    0.000000] bootconsole [uart0] enabled
[    0.000000] psci: probing for conduit method from DT.
[    0.000000] psci: PSCIv1.0 detected in firmware.
[    0.000000] psci: Using standard PSCI v0.2 function IDs
[    0.000000] psci: MIGRATE_INFO_UP_CPU reported invalid physical ID (0x80000000)
[    0.000000] percpu: Embedded 21 pages/cpu @ffff8000bff4b000 s48128 r8192 d29696 u86016
[    0.000000] Detected PIPT I-cache on CPU0
[    0.000000] CPU features: enabling workaround for ARM erratum 832075
[    0.000000] CPU features: enabling workaround for ARM erratum 834220
[    0.000000] Built 1 zonelists in Zone order, mobility grouping on.  Total pages: 735336
[    0.000000] Kernel command line: cros_secure vpr=0x08000000@0xf6800000 earlycon
[    0.000000] PID hash table entries: 4096 (order: 3, 32768 bytes)
[    0.000000] Dentry cache hash table entries: 524288 (order: 10, 4194304 bytes)
[    0.000000] Inode-cache hash table entries: 262144 (order: 9, 2097152 bytes)
[    0.000000] software IO TLB [mem 0xf1400000-0xf5400000] (64MB) mapped at [ffff800071400000-ffff8000753fffff]
[    0.000000] Memory: 2832136K/2988032K available (8508K kernel code, 944K rwdata, 4108K rodata, 1024K init, 395K bss, 139512K reserved, 16384K cma-reserved)
[    0.000000] Virtual kernel memory layout:
[    0.000000]     modules : 0xffff000000000000 - 0xffff000008000000   (   128 MB)
[    0.000000]     vmalloc : 0xffff000008000000 - 0xffff7dffbfff0000   (129022 GB)
[    0.000000]       .text : 0xffff000008080000 - 0xffff0000088d0000   (  8512 KB)
[    0.000000]     .rodata : 0xffff0000088d0000 - 0xffff000008ce0000   (  4160 KB)
[    0.000000]       .init : 0xffff000008ce0000 - 0xffff000008de0000   (  1024 KB)
[    0.000000]       .data : 0xffff000008de0000 - 0xffff000008ecc200   (   945 KB)
[    0.000000]        .bss : 0xffff000008ecc200 - 0xffff000008f2ee50   (   396 KB)
[    0.000000]     fixed   : 0xffff7dfffe7fd000 - 0xffff7dfffec00000   (  4108 KB)
[    0.000000]     PCI I/O : 0xffff7dfffee00000 - 0xffff7dffffe00000   (    16 MB)
[    0.000000]     vmemmap : 0xffff7e0000000000 - 0xffff800000000000   (  2048 GB maximum)
[    0.000000]               0xffff7e0000000000 - 0xffff7e0003000000   (    48 MB actual)
[    0.000000]     memory  : 0xffff800000000000 - 0xffff8000c0000000   (  3072 MB)
[    0.000000] SLUB: HWalign=64, Order=0-3, MinObjects=0, CPUs=4, Nodes=1
[    0.000000] Preemptible hierarchical RCU implementation.
[    0.000000] 	Build-time adjustment of leaf fanout to 64.
[    0.000000] 	RCU restricting CPUs from NR_CPUS=64 to nr_cpu_ids=4.
[    0.000000] RCU: Adjusting geometry for rcu_fanout_leaf=64, nr_cpu_ids=4
[    0.000000] NR_IRQS:64 nr_irqs:64 0
[    0.000000] GIC: Using split EOI/Deactivate mode
[    0.000000] /interrupt-controller@60004000: 192 interrupts forwarded to /interrupt-controller@50041000
[    0.000000] boot misc0 0x0: expected 0x80000
[    0.000000]  (comparison mask = 0x400ffffb)
[    0.000000] boot misc2 0x1f720005: expected 0x1f720f05
[    0.000000]  (comparison mask = 0xffffff17)
[    0.000000] PLL_C already enabled. Postponing set full defaults
[    0.000000] PLL_MB already enabled. Postponing set full defaults
[    0.000000] PLL_U already enabled. Postponing set full defaults
[    0.000000] PLL_D already enabled. Postponing set full defaults
[    0.000000] PLL_DP already enabled. Postponing set full defaults
[    0.000000] boot misc0 0x0: expected 0x20
[    0.000000]  (comparison mask = 0x7ffffff)
[    0.000000] boot misc1 0x90000000: expected 0xc0000000
[    0.000000]  (comparison mask = 0xf8000000)
[    0.000000] boot misc2 0x0: expected 0xf400f0da
[    0.000000]  (comparison mask = 0xffffffff)
[    0.000000] boot misc3 0x3600: expected 0x2004f400
[    0.000000]  (comparison mask = 0xffffffff)
[    0.000000] PLL_P already enabled. Postponing set full defaults
[    0.000000] PLL_X already enabled. Postponing set full defaults
[    0.000000] boot misc1 0x0: expected 0x20
[    0.000000]  (comparison mask = 0xffffff)
[    0.000000] arm_arch_timer: Architected cp15 timer(s) running at 19.20MHz (phys).
[    0.000000] clocksource: arch_sys_counter: mask: 0xffffffffffffff max_cycles: 0x46d987e47, max_idle_ns: 440795202767 ns
[    0.000002] sched_clock: 56 bits at 19MHz, resolution 52ns, wraps every 4398046511078ns
[    0.008351] Console: colour dummy device 80x25
[    0.012919] console [tty0] enabled
[    0.016413] bootconsole [uart0] disabled
[    0.020455] Calibrating delay loop (skipped), value calculated using timer frequency.. 38.40 BogoMIPS (lpj=76800)
[    0.020469] pid_max: default: 32768 minimum: 301
[    0.020515] Security Framework initialized
[    0.020541] Mount-cache hash table entries: 8192 (order: 4, 65536 bytes)
[    0.020550] Mountpoint-cache hash table entries: 8192 (order: 4, 65536 bytes)
[    0.032481] ASID allocator initialised with 65536 entries
[    0.053232] Speedo Revision 4
[    0.053250] Tegra Revision: A02 SKU: 19 CPU Process: 0 SoC Process: 0
[    0.100618] EFI services will not be available.
[    0.116575] smp: Bringing up secondary CPUs ...
[    0.148704] Detected PIPT I-cache on CPU1
[    0.148731] CPU1: Booted secondary processor [411fd071]
[    0.180731] Detected PIPT I-cache on CPU2
[    0.180748] CPU2: Booted secondary processor [411fd071]
[    0.212770] Detected PIPT I-cache on CPU3
[    0.212787] CPU3: Booted secondary processor [411fd071]
[    0.212821] smp: Brought up 1 node, 4 CPUs
[    0.212849] SMP: Total of 4 processors activated.
[    0.212857] CPU features: detected feature: 32-bit EL0 Support
[    0.212892] CPU: All CPU(s) started at EL2
[    0.212909] alternatives: patching kernel code
[    0.215327] devtmpfs: initialized
[    0.221486] DMI not present or invalid.
[    0.221635] clocksource: jiffies: mask: 0xffffffff max_cycles: 0xffffffff, max_idle_ns: 7645041785100000 ns
[    0.221877] pinctrl core: initialized pinctrl subsystem
[    0.222869] NET: Registered protocol family 16
[    0.240794] cpuidle: using governor menu
[    0.241297] vdso: 2 pages (1 code @ ffff0000088d7000, 1 data @ ffff000008de5000)
[    0.241319] hw-breakpoint: found 6 breakpoint and 4 watchpoint registers.
[    0.241784] DMA: preallocated 256 KiB pool for atomic allocations
[    0.242886] Serial: AMBA PL011 UART driver
[    0.273088] HugeTLB registered 2 MB page size, pre-allocated 0 pages
[    0.273670] ACPI: Interpreter disabled.
[    0.274057] PPLCD_VDD: Failed to request enable GPIO172: -517
[    0.274075] reg-fixed-voltage regulators:regulator@1: Failed to register regulator: -517
[    0.274402] PP1800_LCDIO: Failed to request enable GPIO171: -517
[    0.274416] reg-fixed-voltage regulators:regulator@5: Failed to register regulator: -517
[    0.274465] PP1800_CAM: Failed to request enable GPIO83: -517
[    0.274476] reg-fixed-voltage regulators:regulator@6: Failed to register regulator: -517
[    0.274850] vgaarb: loaded
[    0.274997] SCSI subsystem initialized
[    0.275269] usbcore: registered new interface driver usbfs
[    0.275307] usbcore: registered new interface driver hub
[    0.275349] usbcore: registered new device driver usb
[    0.275965] tegra-i2c 7000d100.i2c: could not find pctldev for node /host1x@50000000/dpaux@545c0000/pinmux-i2c, deferring probe
[    0.276045] pps_core: LinuxPPS API ver. 1 registered
[    0.276055] pps_core: Software ver. 5.3.6 - Copyright 2005-2007 Rodolfo Giometti <giometti@linux.it>
[    0.276078] PTP clock support registered
[    0.276155] dmi: Firmware registration failed.
[    0.276645] Advanced Linux Sound Architecture Driver Initialized.
[    0.277108] clocksource: Switched to clocksource arch_sys_counter
[    0.277189] VFS: Disk quotas dquot_6.6.0
[    0.277227] VFS: Dquot-cache hash table entries: 512 (order 0, 4096 bytes)
[    0.277358] pnp: PnP ACPI: disabled
[    0.281636] NET: Registered protocol family 2
[    0.281970] TCP established hash table entries: 32768 (order: 6, 262144 bytes)
[    0.282096] TCP bind hash table entries: 32768 (order: 7, 524288 bytes)
[    0.282297] TCP: Hash tables configured (established 32768 bind 32768)
[    0.282360] UDP hash table entries: 2048 (order: 4, 65536 bytes)
[    0.282390] UDP-Lite hash table entries: 2048 (order: 4, 65536 bytes)
[    0.282500] NET: Registered protocol family 1
[    0.282674] RPC: Registered named UNIX socket transport module.
[    0.282686] RPC: Registered udp transport module.
[    0.282695] RPC: Registered tcp transport module.
[    0.282703] RPC: Registered tcp NFSv4.1 backchannel transport module.
[    0.282821] Unpacking initramfs...
[    0.368233] Freeing initrd memory: 2360K
[    0.368577] kvm [1]: 8-bit VMID
[    0.368590] kvm [1]: IDMAP page: 808b9000
[    0.368600] kvm [1]: HYP VA range: 800000000000:ffffffffffff
[    0.369278] kvm [1]: Hyp mode initialized successfully
[    0.369319] kvm [1]: vgic-v2@50044000
[    0.369389] kvm [1]: vgic interrupt IRQ1
[    0.369405] kvm [1]: virtual timer IRQ4
[    0.370830] futex hash table entries: 1024 (order: 5, 131072 bytes)
[    0.370894] audit: initializing netlink subsys (disabled)
[    0.370965] audit: type=2000 audit(0.359:1): initialized
[    0.371226] workingset: timestamp_bits=46 max_order=20 bucket_order=0
[    0.377873] squashfs: version 4.0 (2009/01/31) Phillip Lougher
[    0.378404] NFS: Registering the id_resolver key type
[    0.378428] Key type id_resolver registered
[    0.378437] Key type id_legacy registered
[    0.378452] nfs4filelayout_init: NFSv4 File Layout Driver Registering...
[    0.378575] 9p: Installing v9fs 9p2000 file system support
[    0.379982] Block layer SCSI generic (bsg) driver version 0.4 loaded (major 247)
[    0.380001] io scheduler noop registered
[    0.380181] io scheduler cfq registered (default)
[    0.381731] usb3-0 supply vbus not found, using dummy regulator
[    0.391529] tegra-apbdma 60020000.dma: Tegra20 APB DMA driver register 32 channels
[    0.392526] tegra-pmc 7000e400.pmc: i2c-thermtrip node not found, emergency thermal reset disabled.
[    0.392766] xenfs: not registering filesystem on non-xen platform
[    0.395772] Serial: 8250/16550 driver, 4 ports, IRQ sharing enabled
[    0.397090] 70006000.serial: ttyS0 at MMIO 0x70006000 (irq = 313, base_baud = 25500000) is a Tegra
[    1.346388] console [ttyS0] enabled
[    1.350249] SuperH (H)SCI(F) driver initialized
[    1.355034] msm_serial: driver initialized
[    1.359464] cacheinfo: Unable to detect cache hierarchy for CPU 0
[    1.368442] loop: module loaded
[    1.374418] cros-ec-i2c 0-001e: Chrome EC device registered
[    1.380588] max77620 1-003c: PMIC Version OTP:0x35 and ES:0x8
[    1.393641] PP1200_RCAM: Bringing 1050000uV into 1200000-1200000uV
[    1.400791] PP2800L_RCAM: Bringing 3100000uV into 2800000-2800000uV
[    1.407523] PP1100_SOC_RTC: Bringing 1000000uV into 850000-850000uV
[    1.414364] PP2800L_FCAM: Bringing 3100000uV into 2800000-2800000uV
[    1.421086] PP_LDO6: Bringing 2800000uV into 1800000-1800000uV
[    1.424620] random: fast init done
[    1.433644] hisi_sas: driver version v1.6
[    1.439528] libphy: Fixed MDIO Bus: probed
[    1.444061] tun: Universal TUN/TAP device driver, 1.6
[    1.449112] tun: (C) 1999-2004 Max Krasnyansky <maxk@qualcomm.com>
[    1.456052] e1000e: Intel(R) PRO/1000 Network Driver - 3.2.6-k
[    1.461887] e1000e: Copyright(c) 1999 - 2015 Intel Corporation.
[    1.467851] igb: Intel(R) Gigabit Ethernet Network Driver - version 5.4.0-k
[    1.474811] igb: Copyright (c) 2007-2014 Intel Corporation.
[    1.480424] igbvf: Intel(R) Gigabit Virtual Function Network Driver - version 2.4.0-k
[    1.488253] igbvf: Copyright (c) 2009 - 2012 Intel Corporation.
[    1.494215] sky2: driver version 1.30
[    1.498268] VFIO - User Level meta-driver version: 0.3
[    1.504758] ehci_hcd: USB 2.0 'Enhanced' Host Controller (EHCI) Driver
[    1.511292] ehci-pci: EHCI PCI platform driver
[    1.515778] ehci-platform: EHCI generic platform driver
[    1.521089] ehci-exynos: EHCI EXYNOS driver
[    1.525344] ehci-msm: Qualcomm On-Chip EHCI Host Controller
[    1.530984] ohci_hcd: USB 1.1 'Open' Host Controller (OHCI) Driver
[    1.537168] ohci-pci: OHCI PCI platform driver
[    1.541655] ohci-platform: OHCI generic platform driver
[    1.546953] ohci-exynos: OHCI EXYNOS driver
[    1.609756] tegra-xusb 70090000.usb: Firmware timestamp: 2015-08-10 09:47:54 UTC
[    1.617167] tegra-xusb 70090000.usb: xHCI Host Controller
[    1.622574] tegra-xusb 70090000.usb: new USB bus registered, assigned bus number 1
[    1.631099] tegra-xusb 70090000.usb: hcc params 0x0184f525 hci version 0x100 quirks 0x00010010
[    1.639738] tegra-xusb 70090000.usb: irq 319, io mem 0x70090000
[    1.646039] hub 1-0:1.0: USB hub found
[    1.649809] hub 1-0:1.0: 5 ports detected
[    1.654116] tegra-xusb 70090000.usb: xHCI Host Controller
[    1.659519] tegra-xusb 70090000.usb: new USB bus registered, assigned bus number 2
[    1.667135] usb usb2: We don't know the algorithms for LPM for this host, disabling LPM.
[    1.675505] hub 2-0:1.0: USB hub found
[    1.679274] hub 2-0:1.0: 4 ports detected
[    1.683754] usbcore: registered new interface driver usb-storage
[    1.690371] mousedev: PS/2 mouse device common for all mice
[    1.817789] max77686-rtc max77620-rtc: rtc core: registered max77620-rtc as rtc0
[    1.825740] tegra_rtc 7000e000.rtc: rtc core: registered 7000e000.rtc as rtc1
[    1.832896] tegra_rtc 7000e000.rtc: Tegra internal Real Time Clock
[    1.839168] i2c /dev entries driver
[    1.844001] (NULL device *): hwmon_device_register() is deprecated. Please convert the driver to use hwmon_device_register_with_info().
[    1.856230] bq27xxx-battery 2-0055: support ver. 1.2.0 enabled
[    1.878407] sdhci: Secure Digital Host Controller Interface driver
[    1.884611] sdhci: Copyright(c) Pierre Ossman
[    1.889160] Synopsys Designware Multimedia Card Interface Driver
[    1.895550] sdhci-pltfm: SDHCI platform and OF driver helper
[    1.901387] mmc0: Unknown controller version (3). You may experience problems.
[    1.953120] mmc0: SDHCI controller on 700b0600.sdhci [700b0600.sdhci] using ADMA 64-bit
[    1.963689] ledtrig-cpu: registered to indicate activity on CPUs
[    1.973485] usbcore: registered new interface driver usbhid
[    1.979075] usbhid: USB HID core driver
[    1.983960] NET: Registered protocol family 17
[    1.988473] 9pnet: Installing 9P2000 support
[    1.992793] Key type dns_resolver registered
[    1.997408] registered taskstats version 1
[    2.013617] tegra-i2c 7000d100.i2c: could not find pctldev for node /host1x@50000000/dpaux@545c0000/pinmux-i2c, deferring probe
[    2.026074] input: gpio-keys as /devices/platform/gpio-keys/input/input0
[    2.032993] tegra-i2c 7000d100.i2c: could not find pctldev for node /host1x@50000000/dpaux@545c0000/pinmux-i2c, deferring probe
[    2.060636] mmc0: new high speed MMC card at address 0001
[    2.066280] mmcblk0: mmc0:0001 BGND3R 29.1 GiB 
[    2.073276] max77686-rtc max77620-rtc: setting system clock to 2000-10-27 16:06:58 UTC (972662818)
[    2.074931] mmcblk0boot0: mmc0:0001 BGND3R partition 1 4.00 MiB
[    2.075028] mmcblk0boot1: mmc0:0001 BGND3R partition 2 4.00 MiB
[    2.075123] mmcblk0rpmb: mmc0:0001 BGND3R partition 3 4.00 MiB
[    2.077568]  mmcblk0: p1 p2 p3 p4 p5 p6 p7 p8 p9 p10 p11
[    2.079236] tegra-i2c 7000d100.i2c: could not find pctldev for node /host1x@50000000/dpaux@545c0000/pinmux-i2c, deferring probe
[    2.117182] PP1200_AVDD: disabling
[    2.120649] PP1200_RCAM: disabling
[    2.124113] PP2800L_RCAM: disabling
[    2.127664] PP2800L_FCAM: disabling
[    2.131215] PP_LDO6: disabling
[    2.134333] PPLCD_VDD: disabling
[    2.137566] PP1800_LCDIO: disabling
[    2.141048] PP1800_CAM: disabling
[    2.144361] ALSA device list:
[    2.147327]   No soundcards found.
[    2.151246] Freeing unused kernel memory: 1024K

System initialization...

Mounting /proc :[SUCCESS]
Mounting /sys :[SUCCESS]
Mounting /dev :[SUCCESS]
Mounting /dev/pts :[SUCCESS]
Mounting /sys/kernel/debug :[SUCCESS]
Mounting other filesystems :[SUCCESS]
Enabling hot-plug :[SUCCESS]
Populating /dev :[SUCCESS]
Starting syslogd :[SUCCESS]
Starting telnetd :[SUCCESS]

System initialization complete.

Please press Enter to activate this console. 