
U-Boot SPL 2014.01-00219-gc4d376f (Feb 18 2014 - 19:57:32)


U-Boot 2014.01-00219-gc4d376f (Feb 18 2014 - 19:57:32)

TEGRA114
Board: NVIDIA Dalmore
I2C:   ready
DRAM:  2 GiB
MMC:   Tegra SD/MMC: 0, Tegra SD/MMC: 1
In:    serial
Out:   serial
Err:   serial
Net:   Net Initialization Skipped
No ethernet found.
Hit any key to stop autoboot:  2  0 
Tegra114 (Dalmore) # 
Tegra114 (Dalmore) # usb reset
(Re)start USB...
USB0:   USB EHCI 1.10
scanning bus 0 for devices... 2 USB Device(s) found
       scanning usb for storage devices... 0 Storage Device(s) found
       scanning usb for ethernet devices... 
Warning: asx0 using MAC address from net device
1 Ethernet Device(s) found
Tegra114 (Dalmore) # setenv bootargs 'ignore_loglevel console=ttyS0,115200n8 rw root=PARTUUID=7369c667-ff51-ec4a-29cd-baabf2fbe346 rootwait gpt debug earlyprintk init=/bin/bash'
Tegra114 (Dalmore) # setenv ipaddr 192.168.100.100; setenv serverip 192.168.100.1; setenv tftpserverip 192.168.100.1
Tegra114 (Dalmore) # tftpboot 0x81000000 zImage.multi_v7_defconfig
Using asx0 device
TFTP from server 192.168.100.1; our IP address is 192.168.100.100
Filename 'zImage.multi_v7_defconfig'.
Load address: 0x81000000
Loading: *#################################################################
	 #################################################################
	 #################################################################
	 #################################################################
	 #################################################################
	 #################################################################
	 #################################################################
	 #################################################################
	 ##############################
	 3 MiB/s
done
Bytes transferred = 8061440 (7b0200 hex)
Tegra114 (Dalmore) # tftpboot 0x82000000 tegra114-dalmore.dtb
Using asx0 device
TFTP from server 192.168.100.1; our IP address is 192.168.100.100
Filename 'tegra114-dalmore.dtb'.
Load address: 0x82000000
Loading: *###
	 3 MiB/s
done
Bytes transferred = 34502 (86c6 hex)
Tegra114 (Dalmore) # bootz 0x81000000 - 0x82000000
Kernel image @ 0x81000000 [ 0x000000 - 0x7b0200 ]
## Flattened Device Tree blob at 82000000
   Booting using the fdt blob at 0x82000000
   Loading Device Tree to 8fff4000, end 8ffff6c5 ... OK

Starting kernel ...

[    0.000000] Booting Linux on physical CPU 0x0
[    0.000000] Linux version 4.15.0-rc5-335113-g464e1d5f23cc (jonathanh@tamien) (gcc version 4.7.3 20130328 (prerelease) (crosstool-NG linaro-1.13.1-4.7-2013.04-20130415 - Linaro GCC 2013.04)) #1 SMP Sat Dec 23 21:03:22 PST 2017
[    0.000000] CPU: ARMv7 Processor [412fc0f2] revision 2 (ARMv7), cr=10c5387d
[    0.000000] CPU: div instructions available: patching division code
[    0.000000] CPU: PIPT / VIPT nonaliasing data cache, PIPT instruction cache
[    0.000000] OF: fdt: Machine model: NVIDIA Tegra114 Dalmore evaluation board
[    0.000000] debug: ignoring loglevel setting.
[    0.000000] Memory policy: Data cache writealloc
[    0.000000] efi: Getting EFI parameters from FDT:
[    0.000000] efi: UEFI not found.
[    0.000000] cma: Reserved 64 MiB at 0xfb800000
[    0.000000] On node 0 totalpages: 524032
[    0.000000]   DMA zone: 1536 pages used for memmap
[    0.000000]   DMA zone: 0 pages reserved
[    0.000000]   DMA zone: 196608 pages, LIFO batch:31
[    0.000000]   HighMem zone: 327424 pages, LIFO batch:31
[    0.000000] random: fast init done
[    0.000000] percpu: Embedded 17 pages/cpu @(ptrval) s39040 r8192 d22400 u69632
[    0.000000] pcpu-alloc: s39040 r8192 d22400 u69632 alloc=17*4096
[    0.000000] pcpu-alloc: [0] 0 [0] 1 [0] 2 [0] 3 
[    0.000000] Built 1 zonelists, mobility grouping on.  Total pages: 522496
[    0.000000] Kernel command line: ignore_loglevel console=ttyS0,115200n8 rw root=PARTUUID=7369c667-ff51-ec4a-29cd-baabf2fbe346 rootwait gpt debug earlyprintk init=/bin/bash
[    0.000000] Dentry cache hash table entries: 131072 (order: 7, 524288 bytes)
[    0.000000] Inode-cache hash table entries: 65536 (order: 6, 262144 bytes)
[    0.000000] Memory: 1992548K/2096128K available (11264K kernel code, 1602K rwdata, 4296K rodata, 2048K init, 404K bss, 38044K reserved, 65536K cma-reserved, 1244160K highmem)
[    0.000000] Virtual kernel memory layout:
[    0.000000]     vector  : 0xffff0000 - 0xffff1000   (   4 kB)
[    0.000000]     fixmap  : 0xffc00000 - 0xfff00000   (3072 kB)
[    0.000000]     vmalloc : 0xf0800000 - 0xff800000   ( 240 MB)
[    0.000000]     lowmem  : 0xc0000000 - 0xf0000000   ( 768 MB)
[    0.000000]     pkmap   : 0xbfe00000 - 0xc0000000   (   2 MB)
[    0.000000]     modules : 0xbf000000 - 0xbfe00000   (  14 MB)
[    0.000000]       .text : 0x(ptrval) - 0x(ptrval)   (12256 kB)
[    0.000000]       .init : 0x(ptrval) - 0x(ptrval)   (2048 kB)
[    0.000000]       .data : 0x(ptrval) - 0x(ptrval)   (1603 kB)
[    0.000000]        .bss : 0x(ptrval) - 0x(ptrval)   ( 405 kB)
[    0.000000] SLUB: HWalign=64, Order=0-3, MinObjects=0, CPUs=4, Nodes=1
[    0.000000] Hierarchical RCU implementation.
[    0.000000] 	RCU event tracing is enabled.
[    0.000000] 	RCU restricting CPUs from NR_CPUS=16 to nr_cpu_ids=4.
[    0.000000] RCU: Adjusting geometry for rcu_fanout_leaf=16, nr_cpu_ids=4
[    0.000000] NR_IRQS: 16, nr_irqs: 16, preallocated irqs: 16
[    0.000000] /interrupt-controller@60004000: 160 interrupts forwarded to /interrupt-controller@50041000
[    0.000000] Tegra clk 127: register failed with -17
[    0.000008] sched_clock: 32 bits at 1000kHz, resolution 1000ns, wraps every 2147483647500ns
[    0.000028] clocksource: timer_us: mask: 0xffffffff max_cycles: 0xffffffff, max_idle_ns: 1911260446275 ns
[    0.000045] Switching to timer-based delay loop, resolution 1000ns
[    0.003179] arch_timer: cp15 timer(s) running at 12.00MHz (virt).
[    0.003199] clocksource: arch_sys_counter: mask: 0xffffffffffffff max_cycles: 0x2c47f4ee7, max_idle_ns: 440795202497 ns
[    0.003219] sched_clock: 56 bits at 12MHz, resolution 83ns, wraps every 4398046511096ns
[    0.003234] Switching to timer-based delay loop, resolution 83ns
[    0.003658] Console: colour dummy device 80x30
[    0.003694] Calibrating delay loop (skipped), value calculated using timer frequency.. 24.00 BogoMIPS (lpj=120000)
[    0.003714] pid_max: default: 32768 minimum: 301
[    0.003811] Mount-cache hash table entries: 2048 (order: 1, 8192 bytes)
[    0.003827] Mountpoint-cache hash table entries: 2048 (order: 1, 8192 bytes)
[    0.004351] CPU: Testing write buffer coherency: ok
[    0.004597] /cpus/cpu@0 missing clock-frequency property
[    0.004628] /cpus/cpu@1 missing clock-frequency property
[    0.004659] /cpus/cpu@2 missing clock-frequency property
[    0.004690] /cpus/cpu@3 missing clock-frequency property
[    0.004705] CPU0: thread -1, cpu 0, socket 0, mpidr 80000000
[    0.005017] Setting up static identity map for 0x80300000 - 0x803000a0
[    0.006251] Hierarchical SRCU implementation.
[    0.007602] Tegra Revision: A01 SKU: 0 CPU Process: 1 SoC Process: 0
[    0.008247] EFI services will not be available.
[    0.008408] smp: Bringing up secondary CPUs ...
[    0.009001] CPU1: thread -1, cpu 1, socket 0, mpidr 80000001
[    0.009692] CPU2: thread -1, cpu 2, socket 0, mpidr 80000002
[    0.010376] CPU3: thread -1, cpu 3, socket 0, mpidr 80000003
[    0.010482] smp: Brought up 1 node, 4 CPUs
[    0.010505] SMP: Total of 4 processors activated (96.00 BogoMIPS).
[    0.010514] CPU: All CPU(s) started in SVC mode.
[    0.012003] devtmpfs: initialized
[    0.019915] VFP support v0.3: implementor 41 architecture 4 part 30 variant f rev 0
[    0.020215] clocksource: jiffies: mask: 0xffffffff max_cycles: 0xffffffff, max_idle_ns: 19112604462750000 ns
[    0.020234] futex hash table entries: 1024 (order: 4, 65536 bytes)
[    0.021703] pinctrl core: initialized pinctrl subsystem
[    0.022986] DMI not present or invalid.
[    0.023277] NET: Registered protocol family 16
[    0.025525] DMA: preallocated 256 KiB pool for atomic coherent allocations
[    0.027453] cpuidle: using governor menu
[    0.048796] No ATAGs?
[    0.048930] hw-breakpoint: found 5 (+1 reserved) breakpoint and 4 watchpoint registers.
[    0.048947] hw-breakpoint: maximum watchpoint size is 8 bytes.
[    0.054469] Serial: AMBA PL011 UART driver
[    0.055378] tegra-mc 70019000.memory-controller: no memory timings for RAM code 3 registered
[    0.055511] iommu: Adding device reg-dummy to group 0
[    0.055547] iommu: Adding device 50000000.host1x to group 1
[    0.055581] iommu: Adding device 54140000.gr2d to group 2
[    0.055614] iommu: Adding device 54180000.gr3d to group 3
[    0.055683] iommu: Adding device 54200000.dc to group 4
[    0.055752] iommu: Adding device 54240000.dc to group 5
[    0.055795] iommu: Adding device 54280000.hdmi to group 6
[    0.055827] iommu: Adding device 54300000.dsi to group 7
[    0.055860] iommu: Adding device 60005000.timer to group 8
[    0.055891] iommu: Adding device 60007000.flow-controller to group 9
[    0.055923] iommu: Adding device 6000a000.dma to group 10
[    0.055955] iommu: Adding device 6000c000.ahb to group 11
[    0.055987] iommu: Adding device 6000d000.gpio to group 12
[    0.056019] iommu: Adding device 70000800.apbmisc to group 13
[    0.056054] iommu: Adding device 70000868.pinmux to group 14
[    0.056085] iommu: Adding device 70006300.serial to group 15
[    0.056116] iommu: Adding device 7000a000.pwm to group 16
[    0.056153] iommu: Adding device 7000c000.i2c to group 17
[    0.056185] iommu: Adding device 7000c700.i2c to group 18
[    0.056216] iommu: Adding device 7000d000.i2c to group 19
[    0.056247] iommu: Adding device 7000da00.spi to group 20
[    0.056281] iommu: Adding device 7000e000.rtc to group 21
[    0.056317] iommu: Adding device 7000e400.pmc to group 22
[    0.056349] iommu: Adding device 7000f800.fuse to group 23
[    0.056381] iommu: Adding device 70019000.memory-controller to group 24
[    0.056412] iommu: Adding device 70080000.ahub to group 25
[    0.056444] iommu: Adding device 700e3000.mipi to group 26
[    0.056476] iommu: Adding device 78000400.sdhci to group 27
[    0.056512] iommu: Adding device 78000600.sdhci to group 28
[    0.056543] iommu: Adding device 7d000000.usb to group 29
[    0.056575] iommu: Adding device 7d000000.usb-phy to group 30
[    0.056610] iommu: Adding device 7d008000.usb to group 31
[    0.056642] iommu: Adding device 7d008000.usb-phy to group 32
[    0.056673] iommu: Adding device timer to group 33
[    0.056704] iommu: Adding device backlight to group 34
[    0.056735] iommu: Adding device clocks to group 35
[    0.056767] iommu: Adding device gpio-keys to group 36
[    0.056799] iommu: Adding device regulators to group 37
[    0.056836] iommu: Adding device regulators:regulator@0 to group 38
[    0.056872] iommu: Adding device regulators:regulator@1 to group 39
[    0.056905] iommu: Adding device regulators:regulator@3 to group 40
[    0.056937] iommu: Adding device regulators:regulator@4 to group 41
[    0.056968] iommu: Adding device regulators:regulator@5 to group 42
[    0.057000] iommu: Adding device regulators:regulator@6 to group 43
[    0.057032] iommu: Adding device regulators:regulator@7 to group 44
[    0.057063] iommu: Adding device sound to group 45
[    0.071050] AT91: Could not find identification node
[    0.071533] dvdd_ts: Failed to request enable GPIO61: -517
[    0.071554] reg-fixed-voltage regulators:regulator@1: Failed to register regulator: -517
[    0.071663] usb1_vbus: Failed to request enable GPIO108: -517
[    0.071678] reg-fixed-voltage regulators:regulator@3: Failed to register regulator: -517
[    0.071784] usb2_vbus: Failed to request enable GPIO86: -517
[    0.071798] reg-fixed-voltage regulators:regulator@4: Failed to register regulator: -517
[    0.072216] VDD_5V0_HDMI_CON: Failed to request enable GPIO81: -517
[    0.072231] reg-fixed-voltage regulators:regulator@7: Failed to register regulator: -517
[    0.074663] vgaarb: loaded
[    0.075379] SCSI subsystem initialized
[    0.075552] libata version 3.00 loaded.
[    0.075748] usbcore: registered new interface driver usbfs
[    0.075797] usbcore: registered new interface driver hub
[    0.075869] usbcore: registered new device driver usb
[    0.079108] tps65090 2-0048: No cache defaults, reading back from HW
[    0.080111] iommu: Adding device tps65090-pmic to group 46
[    0.081067] TPS65090_RAILSDCDC1: supplied by vdd_ac_bat
[    0.082126] TPS65090_RAILSDCDC2: supplied by vdd_ac_bat
[    0.083176] TPS65090_RAILSDCDC3: supplied by vdd_ac_bat
[    0.083719] TPS65090_RAILSFET1: supplied by vdd_ac_bat
[    0.084085] TPS65090_RAILSFET2: supplied by vdd_ac_bat
[    0.084442] TPS65090_RAILSFET3: supplied by vdd-sys-3v3
[    0.084952] TPS65090_RAILSFET4: supplied by vdd-sys-3v3
[    0.085469] TPS65090_RAILSFET5: supplied by vdd-sys-3v3
[    0.085972] TPS65090_RAILSFET6: supplied by vdd-sys-3v3
[    0.086800] TPS65090_RAILSFET7: supplied by vdd-sys-3v3
[    0.087310] TPS65090_RAILSLDO1: supplied by vdd_ac_bat
[    0.087496] TPS65090_RAILSLDO2: supplied by vdd_ac_bat
[    0.087816] iommu: Adding device tps65090-charger to group 47
[    0.088414] palmas 2-0058: Irq flag is 0x00000004
[    0.090384] palmas 2-0058: Muxing GPIO ff, PWM 0, LED 0
[    0.090615] iommu: Adding device 7000d000.i2c:tps65913@58:gpio to group 48
[    0.091144] iommu: Adding device 7000d000.i2c:tps65913@58:pmic to group 49
[    0.092992] SMPS12: supplied by vdd-ao
[    0.094010] vdd_hdmi_5v0: supplied by vdd-sys-5v0
[    0.094828] SMPS3: supplied by vdd-ao
[    0.096551] SMPS457: supplied by vdd-sys-3v3
[    0.098185] SMPS6: supplied by regulator-dummy
[    0.099573] SMPS8: supplied by vdd-sys-3v3
[    0.101154] SMPS9: supplied by vdd-sys-3v3
[    0.101675] sdhci-vdd-sd-slot: Bringing 2840000uV into 2800000-2800000uV
[    0.103050] SMPS10_OUT2: supplied by regulator-dummy
[    0.103942] SMPS10_OUT1: supplied by regulator-dummy
[    0.104772] LDO1: supplied by vdd-sys-3v3
[    0.105876] LDO2: supplied by vdd-sys-3v3
[    0.106987] LDO3: supplied by vddio-1v8
[    0.108083] LDO4: supplied by vdd-sys-3v3
[    0.109181] LDO5: supplied by vdd_ac_bat
[    0.109855] LDO6: supplied by vdd-sys-3v3
[    0.110371] vdd-sensor-2v85: Bringing 2900000uV into 2850000-2850000uV
[    0.111691] LDO7: supplied by vdd-sys-3v3
[    0.113332] LDO8: supplied by vdd-ao
[    0.113863] vdd-rtc: Bringing 675000uV into 900000-900000uV
[    0.123897] LDO9: supplied by sdhci-vdd-sd-slot
[    0.134218] LDOLN: supplied by vdd-sys-5v0
[    0.135324] LDOUSB: supplied by vdd-sys-5v0
[    0.145648] iommu: Adding device 7000d000.i2c:tps65913@58:rtc to group 50
[    0.146054] iommu: Adding device 7000d000.i2c:tps65913@58:pinmux to group 51
[    0.146620] pps_core: LinuxPPS API ver. 1 registered
[    0.146631] pps_core: Software ver. 5.3.6 - Copyright 2005-2007 Rodolfo Giometti <giometti@linux.it>
[    0.146653] PTP clock support registered
[    0.146839] EDAC MC: Ver: 3.0.0
[    0.147114] dmi: Firmware registration failed.
[    0.148946] clocksource: Switched to clocksource arch_sys_counter
[    0.200176] NET: Registered protocol family 2
[    0.200674] TCP established hash table entries: 8192 (order: 3, 32768 bytes)
[    0.200775] TCP bind hash table entries: 8192 (order: 4, 65536 bytes)
[    0.200963] TCP: Hash tables configured (established 8192 bind 8192)
[    0.201050] UDP hash table entries: 512 (order: 2, 16384 bytes)
[    0.201095] UDP-Lite hash table entries: 512 (order: 2, 16384 bytes)
[    0.201250] NET: Registered protocol family 1
[    0.201600] RPC: Registered named UNIX socket transport module.
[    0.201611] RPC: Registered udp transport module.
[    0.201621] RPC: Registered tcp transport module.
[    0.201629] RPC: Registered tcp NFSv4.1 backchannel transport module.
[    0.201643] PCI: CLS 0 bytes, default 64
[    0.203097] iommu: Adding device alarmtimer to group 52
[    0.203810] Initialise system trusted keyrings
[    0.203951] workingset: timestamp_bits=30 max_order=19 bucket_order=0
[    0.209888] squashfs: version 4.0 (2009/01/31) Phillip Lougher
[    0.210485] NFS: Registering the id_resolver key type
[    0.210511] Key type id_resolver registered
[    0.210521] Key type id_legacy registered
[    0.210564] ntfs: driver 2.1.32 [Flags: R/O].
[    0.212133] Key type asymmetric registered
[    0.212145] Asymmetric key parser 'x509' registered
[    0.212198] bounce: pool size: 64 pages
[    0.212248] Block layer SCSI generic (bsg) driver version 0.4 loaded (major 247)
[    0.212260] io scheduler noop registered
[    0.212270] io scheduler deadline registered
[    0.212487] io scheduler cfq registered (default)
[    0.212499] io scheduler mq-deadline registered
[    0.212509] io scheduler kyber registered
[    0.244524] tegra-apbdma 6000a000.dma: Tegra20 APB DMA driver register 32 channels
[    0.247412] tegra-pmc 7000e400.pmc: i2c-thermtrip node not found, emergency thermal reset disabled.
[    0.297537] Serial: 8250/16550 driver, 4 ports, IRQ sharing disabled
[    0.297643] iommu: Adding device serial8250 to group 53
[    0.300232] console [ttyS0] disabled
[    0.300274] 70006300.serial: ttyS0 at MMIO 0x70006300 (irq = 329, base_baud = 25500000) is a Tegra
[    1.615670] console [ttyS0] enabled
[    1.619937] SuperH (H)SCI(F) driver initialized
[    1.625439] msm_serial: driver initialized
[    1.629726] STMicroelectronics ASC driver initialized
[    1.656670] tegra-hdmi 54280000.hdmi: failed to get HDMI regulator
[    1.678548] brd: module loaded
[    1.688216] loop: module loaded
[    1.708492] m25p80 spi0.0: w25q32dw (4096 Kbytes)
[    1.715367] iommu: Adding device Fixed MDIO bus.0 to group 54
[    1.721562] libphy: Fixed MDIO Bus: probed
[    1.726612] CAN device driver interface
[    1.731382] bgmac_bcma: Broadcom 47xx GBit MAC driver loaded
[    1.738241] e1000e: Intel(R) PRO/1000 Network Driver - 3.2.6-k
[    1.744079] e1000e: Copyright(c) 1999 - 2015 Intel Corporation.
[    1.750052] igb: Intel(R) Gigabit Ethernet Network Driver - version 5.4.0-k
[    1.757002] igb: Copyright (c) 2007-2014 Intel Corporation.
[    1.766066] pegasus: v0.9.3 (2013/04/25), Pegasus/Pegasus II USB Ethernet driver
[    1.773514] usbcore: registered new interface driver pegasus
[    1.779223] usbcore: registered new interface driver asix
[    1.784642] usbcore: registered new interface driver ax88179_178a
[    1.790773] usbcore: registered new interface driver cdc_ether
[    1.796638] usbcore: registered new interface driver smsc75xx
[    1.802430] usbcore: registered new interface driver smsc95xx
[    1.808196] usbcore: registered new interface driver net1080
[    1.813900] usbcore: registered new interface driver cdc_subset
[    1.819853] usbcore: registered new interface driver zaurus
[    1.825460] usbcore: registered new interface driver cdc_ncm
[    1.831358] tegra-phy 7d000000.usb-phy: no vbus regulator
[    1.838771] ehci_hcd: USB 2.0 'Enhanced' Host Controller (EHCI) Driver
[    1.845307] ehci-pci: EHCI PCI platform driver
[    1.849795] ehci-platform: EHCI generic platform driver
[    1.855199] ehci-orion: EHCI orion driver
[    1.859360] SPEAr-ehci: EHCI SPEAr driver
[    1.863490] ehci-st: EHCI STMicroelectronics driver
[    1.868494] ehci-exynos: EHCI EXYNOS driver
[    1.872837] ehci-atmel: EHCI Atmel driver
[    1.876963] tegra-ehci: Tegra EHCI driver
[    1.881282] ohci_hcd: USB 1.1 'Open' Host Controller (OHCI) Driver
[    1.887464] ohci-pci: OHCI PCI platform driver
[    1.891956] ohci-platform: OHCI generic platform driver
[    1.897337] SPEAr-ohci: OHCI SPEAr driver
[    1.901485] ohci-st: OHCI STMicroelectronics driver
[    1.906489] ohci-atmel: OHCI Atmel driver
[    1.911208] usbcore: registered new interface driver usb-storage
[    1.921271] iommu: Adding device ci_hdrc.0 to group 55
[    1.935032] palmas-rtc 7000d000.i2c:tps65913@58:rtc: rtc core: registered 7000d000.i2c:tps65913@58:rtc as rtc0
[    1.946848] tegra_rtc 7000e000.rtc: rtc core: registered 7000e000.rtc as rtc1
[    1.954041] tegra_rtc 7000e000.rtc: Tegra internal Real Time Clock
[    1.960739] i2c /dev entries driver
[    1.970654] sbs-battery 0-000b: sbs_probe: Failed to get device status
[    1.977187] sbs-battery: probe of 0-000b failed with error -121
[    1.993462] sdhci: Secure Digital Host Controller Interface driver
[    1.999660] sdhci: Copyright(c) Pierre Ossman
[    2.005547] Synopsys Designware Multimedia Card Interface Driver
[    2.012909] sdhci-pltfm: SDHCI platform and OF driver helper
[    2.019311] sdhci-tegra 78000400.sdhci: Got CD GPIO
[    2.024199] sdhci-tegra 78000400.sdhci: Got WP GPIO
[    2.037319] mmc0: Invalid maximum block size, assuming 512 bytes
[    2.109101] mmc0: SDHCI controller on 78000400.sdhci [78000400.sdhci] using ADMA
[    2.125803] mmc1: Invalid maximum block size, assuming 512 bytes
[    2.188992] mmc1: SDHCI controller on 78000600.sdhci [78000600.sdhci] using ADMA
[    2.198394] ledtrig-cpu: registered to indicate activity on CPUs
[    2.204782] usbcore: registered new interface driver usbhid
[    2.210369] usbhid: USB HID core driver
[    2.218036] NET: Registered protocol family 10
[    2.223392] Segment Routing with IPv6
[    2.227121] sit: IPv6, IPv4 and MPLS over IPv4 tunneling driver
[    2.233579] NET: Registered protocol family 17
[    2.238025] can: controller area network core (rev 20170425 abi 9)
[    2.244279] NET: Registered protocol family 29
[    2.248720] can: raw protocol (rev 20170425)
[    2.253009] can: broadcast manager protocol (rev 20170425 t)
[    2.258668] can: netlink gateway (rev 20170425) max_hops=1
[    2.264447] Key type dns_resolver registered
[    2.269233] ThumbEE CPU extension supported.
[    2.273504] Registering SWP/SWPB emulation handler
[    2.278808] Loading compiled-in X.509 certificates
[    2.294795] mmc0: new high speed SDHC card at address aaaa
[    2.296982] usb1_vbus: supplied by vdd-sys-5v0
[    2.305455] usb2_vbus: supplied by vdd-sys-5v0
[    2.309225] mmcblk0: mmc0:aaaa SL16G 14.8 GiB 
[    2.317504] VDD_5V0_HDMI_CON: supplied by vdd-sys-5v0
[    2.327356]  mmcblk0: p1 p2 p3
[    2.331531] [drm] Supports vblank timestamp caching Rev 2 (21.10.2013).
[    2.338153] [drm] No driver support for vblank timestamp query.
[    2.347642] mmc1: new high speed MMC card at address 0001
[    2.353600] mmcblk1: mmc1:0001 SEM32G 29.1 GiB 
[    2.358418] mmcblk1boot0: mmc1:0001 SEM32G partition 1 4.00 MiB
[    2.364715] mmcblk1boot1: mmc1:0001 SEM32G partition 2 4.00 MiB
[    2.371341] mmcblk1rpmb: mmc1:0001 SEM32G partition 3 4.00 MiB, chardev (237:0)
[    2.374277]  mmcblk1: p1 p2 p3 p4 p5 p6 p7 p8
[    2.439881] Console: switching to colour frame buffer device 240x75
[    2.491151] drm drm: fb0:  frame buffer device
[    2.495692] [drm] Initialized tegra 0.0.0 20120330 for drm on minor 0
[    2.505491] tegra-ehci 7d008000.usb: EHCI Host Controller
[    2.510953] tegra-ehci 7d008000.usb: new USB bus registered, assigned bus number 1
[    2.519229] tegra-ehci 7d008000.usb: irq 340, io mem 0x7d008000
[    2.549076] tegra-ehci 7d008000.usb: USB 2.0 started, EHCI 1.10
[    2.556110] hub 1-0:1.0: USB hub found
[    2.559978] hub 1-0:1.0: 1 port detected
[    2.565687] input: gpio-keys as /devices/soc0/gpio-keys/input/input0
[    2.574586] palmas-rtc 7000d000.i2c:tps65913@58:rtc: setting system clock to 2000-05-16 12:06:33 UTC (958478793)
[    2.590527] dvdd_ts: disabling
[    2.593587] usb1_vbus: disabling
[    2.596812] vdd_cam_1v8_reg: disabling
[    2.602309] EXT4-fs (mmcblk1p1): mounting ext3 file system using the ext4 subsystem
[    2.624801] EXT4-fs (mmcblk1p1): recovery complete
[    2.629689] EXT4-fs (mmcblk1p1): mounted filesystem with ordered data mode. Opts: (null)
[    2.637823] VFS: Mounted root (ext3 filesystem) on device 179:17.
[    2.646598] devtmpfs: mounted
[    2.651531] Freeing unused kernel memory: 2048K
bash: cannot set terminal process group (-1): Inappropriate ioctl for device
bash: no job control in this shell
root@(none):/# mount -t sysfs none /sys
root@(none):/# 
root@(none):/# [    3.611934] asix 1-1:1.0 eth0: register 'asix' at usb-7d008000.usb-1, ASIX AX88772 USB 2.0 Ethernet, 00:50:b6:0d:b5:16
mount -t debugfs none /sys/kernel/debug
root@(none):/# 
root@(none):/# rtcwake -d rtc1 -m mem -s 3
rtcwake: assuming RTC uses UTC ...
rtcwake: wakeup from "mem" using /dev/rtc1 at Thu Jan  1 00:00:20 1970
[    5.317800] PM: suspend entry (deep)
[    5.321415] PM: Syncing filesystems ... done.
[    5.355386] Freezing user space processes ... (elapsed 0.001 seconds) done.
[    5.363646] OOM killer disabled.
[    5.366872] Freezing remaining freezable tasks ... (elapsed 0.001 seconds) done.
[    5.375595] Suspending console(s) (use no_console_suspend to debug)
[    5.447786] Disabling non-boot CPUs ...
[    5.549317] IRQ17 no longer affine to CPU2
[    5.620517] Entering suspend state LP1
[    5.620540] Enabling non-boot CPUs ...
[    5.621207] CPU1 is up
[    5.621818] CPU2 is up
[    5.622541] CPU3 is up
[    6.265235] OOM killer enabled.
[    6.268376] Restarting tasks ... done.
[    6.298364] PM: suspend exit
root@(none):/# 
root@(none):/# rtcwake -d rtc1 -m mem -s 3
rtcwake: assuming RTC uses UTC ...
rtcwake: wakeup from "mem" using /dev/rtc1 at Thu Jan  1 00:00:29 1970
[    6.687710] PM: suspend entry (deep)
[    6.691326] PM: Syncing filesystems ... done.
[    6.732116] Freezing user space processes ... (elapsed 0.001 seconds) done.
[    6.740402] OOM killer disabled.
[    6.743627] Freezing remaining freezable tasks ... (elapsed 0.001 seconds) done.
[    6.752404] Suspending console(s) (use no_console_suspend to debug)
[    6.817490] Disabling non-boot CPUs ...
[    6.949215] IRQ17 no longer affine to CPU3
[    6.950284] Entering suspend state LP1
[    6.950307] Enabling non-boot CPUs ...
[    6.950989] CPU1 is up
[    6.951606] CPU2 is up
[    6.952346] CPU3 is up
[    7.583095] OOM killer enabled.
[    7.586236] Restarting tasks ... done.
[    7.627424] PM: suspend exit
root@(none):/# 
root@(none):/# rtcwake -d rtc1 -m mem -s 3
rtcwake: assuming RTC uses UTC ...
rtcwake: wakeup from "mem" using /dev/rtc1 at Thu Jan  1 00:00:38 1970
[    8.007939] PM: suspend entry (deep)
[    8.011574] PM: Syncing filesystems ... done.
[    8.044450] Freezing user space processes ... (elapsed 0.001 seconds) done.
[    8.052750] OOM killer disabled.
[    8.055978] Freezing remaining freezable tasks ... (elapsed 0.001 seconds) done.
[    8.064790] Suspending console(s) (use no_console_suspend to debug)
[    8.136934] Disabling non-boot CPUs ...
[    8.269171] IRQ17 no longer affine to CPU3
[    8.270039] Entering suspend state LP1
[    8.270062] Enabling non-boot CPUs ...
[    8.270753] CPU1 is up
[    8.271377] CPU2 is up
[    8.272117] CPU3 is up
[    8.912476] OOM killer enabled.
[    8.915618] Restarting tasks ... done.
[    8.948654] PM: suspend exit
root@(none):/# 
root@(none):/# rtcwake -d rtc1 -m mem -s 3
rtcwake: assuming RTC uses UTC ...
rtcwake: wakeup from "mem" using /dev/rtc1 at Thu Jan  1 00:00:47 1970
[    9.337775] PM: suspend entry (deep)
[    9.341412] PM: Syncing filesystems ... done.
[    9.382428] Freezing user space processes ... (elapsed 0.001 seconds) done.
[    9.390630] OOM killer disabled.
[    9.393854] Freezing remaining freezable tasks ... (elapsed 0.001 seconds) done.
[    9.402586] Suspending console(s) (use no_console_suspend to debug)
[    9.467385] Disabling non-boot CPUs ...
[    9.600165] Entering suspend state LP1
[    9.600188] Enabling non-boot CPUs ...
[    9.600873] CPU1 is up
[    9.601488] CPU2 is up
[    9.602218] CPU3 is up
[   10.238608] OOM killer enabled.
[   10.241768] Restarting tasks ... done.
[   10.278635] PM: suspend exit
root@(none):/# 
root@(none):/# rtcwake -d rtc1 -m mem -s 3
rtcwake: assuming RTC uses UTC ...
rtcwake: wakeup from "mem" using /dev/rtc1 at Thu Jan  1 00:00:56 1970
[   10.675771] PM: suspend entry (deep)
[   10.679411] PM: Syncing filesystems ... done.
[   10.712379] Freezing user space processes ... (elapsed 0.001 seconds) done.
[   10.720674] OOM killer disabled.
[   10.723897] Freezing remaining freezable tasks ... (elapsed 0.001 seconds) done.
[   10.732647] Suspending console(s) (use no_console_suspend to debug)
[   10.796659] Disabling non-boot CPUs ...
[   10.960180] Entering suspend state LP1
[   10.960203] Enabling non-boot CPUs ...
[   10.960888] CPU1 is up
[   10.961506] CPU2 is up
[   10.962242] CPU3 is up
[   11.601801] OOM killer enabled.
[   11.604935] Restarting tasks ... done.
[   11.638388] PM: suspend exit
root@(none):/# 
root@(none):/# rtcwake -d rtc1 -m mem -s 3
rtcwake: assuming RTC uses UTC ...
rtcwake: wakeup from "mem" using /dev/rtc1 at Thu Jan  1 00:01:05 1970
[   12.030847] PM: suspend entry (deep)
[   12.034434] PM: Syncing filesystems ... done.
[   12.072154] Freezing user space processes ... (elapsed 0.001 seconds) done.
[   12.080451] OOM killer disabled.
[   12.083680] Freezing remaining freezable tasks ... (elapsed 0.001 seconds) done.
[   12.092488] Suspending console(s) (use no_console_suspend to debug)
[   12.157639] Disabling non-boot CPUs ...
[   12.320108] Entering suspend state LP1
[   12.320132] Enabling non-boot CPUs ...
[   12.320828] CPU1 is up
[   12.321453] CPU2 is up
[   12.322207] CPU3 is up
[   12.958820] OOM killer enabled.
[   12.961964] Restarting tasks ... done.
[   12.998156] PM: suspend exit
root@(none):/# 
root@(none):/# rtcwake -d rtc1 -m mem -s 3
rtcwake: assuming RTC uses UTC ...
rtcwake: wakeup from "mem" using /dev/rtc1 at Thu Jan  1 00:01:14 1970
[   13.387316] PM: suspend entry (deep)
[   13.390957] PM: Syncing filesystems ... done.
[   13.431959] Freezing user space processes ... (elapsed 0.001 seconds) done.
[   13.440165] OOM killer disabled.
[   13.443389] Freezing remaining freezable tasks ... (elapsed 0.001 seconds) done.
[   13.452125] Suspending console(s) (use no_console_suspend to debug)
[   13.517310] Disabling non-boot CPUs ...
[   13.680031] Entering suspend state LP1
[   13.680054] Enabling non-boot CPUs ...
[   13.680740] CPU1 is up
[   13.681357] CPU2 is up
[   13.682092] CPU3 is up
[   14.307600] OOM killer enabled.
[   14.310754] Restarting tasks ... done.
[   14.340991] PM: suspend exit
root@(none):/# 
root@(none):/# rtcwake -d rtc1 -m mem -s 3
rtcwake: assuming RTC uses UTC ...
rtcwake: wakeup from "mem" using /dev/rtc1 at Thu Jan  1 00:01:23 1970
[   14.751801] PM: suspend entry (deep)
[   14.755381] PM: Syncing filesystems ... done.
[   14.791382] Freezing user space processes ... (elapsed 0.001 seconds) done.
[   14.799668] OOM killer disabled.
[   14.802891] Freezing remaining freezable tasks ... (elapsed 0.001 seconds) done.
[   14.811635] Suspending console(s) (use no_console_suspend to debug)
[   14.876870] Disabling non-boot CPUs ...
[   15.040038] Entering suspend state LP1
[   15.040061] Enabling non-boot CPUs ...
[   15.040745] CPU1 is up
[   15.041359] CPU2 is up
[   15.042096] CPU3 is up
[   15.667152] OOM killer enabled.
[   15.670306] Restarting tasks ... done.
[   15.700317] PM: suspend exit
root@(none):/# 
root@(none):/# rtcwake -d rtc1 -m mem -s 3
rtcwake: assuming RTC uses UTC ...
rtcwake: wakeup from "mem" using /dev/rtc1 at Thu Jan  1 00:01:32 1970
[   16.109524] PM: suspend entry (deep)
[   16.113104] PM: Syncing filesystems ... done.
[   16.150229] Freezing user space processes ... (elapsed 0.001 seconds) done.
[   16.158406] OOM killer disabled.
[   16.161652] Freezing remaining freezable tasks ... (elapsed 0.001 seconds) done.
[   16.170382] Suspending console(s) (use no_console_suspend to debug)
[   16.236369] Disabling non-boot CPUs ...
[   16.389825] Entering suspend state LP1
[   16.389848] Enabling non-boot CPUs ...
[   16.390544] CPU1 is up
[   16.391175] CPU2 is up
[   16.391920] CPU3 is up
[   17.019140] OOM killer enabled.
[   17.022276] Restarting tasks ... done.
[   17.050979] PM: suspend exit
root@(none):/# 
root@(none):/# rtcwake -d rtc1 -m mem -s 3
rtcwake: assuming RTC uses UTC ...
rtcwake: wakeup from "mem" using /dev/rtc1 at Thu Jan  1 00:01:41 1970
[   17.459388] PM: suspend entry (deep)
[   17.462970] PM: Syncing filesystems ... done.
[   17.501385] Freezing user space processes ... (elapsed 0.001 seconds) done.
[   17.509601] OOM killer disabled.
[   17.512824] Freezing remaining freezable tasks ... (elapsed 0.001 seconds) done.
[   17.521538] Suspending console(s) (use no_console_suspend to debug)
[   17.586748] Disabling non-boot CPUs ...
[   17.749928] Entering suspend state LP1
[   17.749952] Enabling non-boot CPUs ...
[   17.750635] CPU1 is up
[   17.751249] CPU2 is up
[   17.751979] CPU3 is up
[   18.382623] OOM killer enabled.
[   18.385758] Restarting tasks ... done.
[   18.411182] PM: suspend exit
root@(none):/# 
root@(none):/# NVTB SYSTEM SUSPEND TEST COMPLETE
