Diff for ./tegra114-dalmore-a04/tegra114-dalmore/multi_v7_defconfig_log.txt
--- /tmp/fooa	2014-10-01 11:00:52.014679292 -0700
+++ /tmp/foob	2014-10-01 11:00:52.018679295 -0700
@@ -39,18 +39,18 @@
 	 ##########################
 	 3 MiB/s
 done
-Bytes transferred = 5150296 (4e9658 hex)
+Bytes transferred = 5149944 (4e94f8 hex)
 Tegra114 (Dalmore) # tftpboot 0x82000000 tegra114-dalmore.dtb
 Using asx0 device
 TFTP from server 192.168.100.1; our IP address is 192.168.100.100
 Filename 'tegra114-dalmore.dtb'.
 Load address: 0x82000000
 Loading: *###
-	 3 MiB/s
+	 2.5 MiB/s
 done
 Bytes transferred = 34674 (8772 hex)
 Tegra114 (Dalmore) # bootz 0x81000000 - 0x82000000
-Kernel image @ 0x81000000 [ 0x000000 - 0x4e9658 ]
+Kernel image @ 0x81000000 [ 0x000000 - 0x4e94f8 ]
 ## Flattened Device Tree blob at 82000000
    Booting using the fdt blob at 0x82000000
    Loading Device Tree to 8fff4000, end 8ffff771 ... OK
@@ -58,7 +58,7 @@
 Starting kernel ...
 
 Booting Linux on physical CPU 0x0
-Linux version 3.17.0-rc5-92468-g9e82bf0 (pwalmsley@kaivo) (gcc version 4.7.3 20130328 (prerelease) (crosstool-NG linaro-1.13.1-4.7-2013.04-20130415 - Linaro GCC 2013.04) ) #1 SMP Wed Oct 1 10:27:11 PDT 2014
+Linux version 3.17.0-rc6-92667-g0f33be0 (pwalmsley@kaivo) (gcc version 4.7.3 20130328 (prerelease) (crosstool-NG linaro-1.13.1-4.7-2013.04-20130415 - Linaro GCC 2013.04) ) #1 SMP Wed Oct 1 10:50:40 PDT 2014
 CPU: ARMv7 Processor [412fc0f2] revision 2 (ARMv7), cr=10c5387d
 CPU: PIPT / VIPT nonaliasing data cache, PIPT instruction cache
 Machine model: NVIDIA Tegra114 Dalmore evaluation board
@@ -66,7 +66,7 @@
 cma: Reserved 64 MiB at ab800000
 Memory policy: Data cache writealloc
 On node 0 totalpages: 524032
-free_area_init_node: node 0, pgdat c0cbed80, node_mem_map ea7d8000
+free_area_init_node: node 0, pgdat c0cbee40, node_mem_map ea7d8000
   DMA zone: 1520 pages used for memmap
   DMA zone: 0 pages reserved
   DMA zone: 194560 pages, LIFO batch:31
@@ -80,7 +80,7 @@
 PID hash table entries: 4096 (order: 2, 16384 bytes)
 Dentry cache hash table entries: 131072 (order: 7, 524288 bytes)
 Inode-cache hash table entries: 65536 (order: 6, 262144 bytes)
-Memory: 2001656K/2096128K available (6668K kernel code, 922K rwdata, 2684K rodata, 696K init, 305K bss, 94472K reserved, 1317888K highmem)
+Memory: 2001656K/2096128K available (6668K kernel code, 923K rwdata, 2684K rodata, 696K init, 305K bss, 94472K reserved, 1317888K highmem)
 Virtual kernel memory layout:
     vector  : 0xffff0000 - 0xffff1000   (   4 kB)
     fixmap  : 0xffc00000 - 0xffe00000   (2048 kB)
@@ -88,10 +88,10 @@
     lowmem  : 0xc0000000 - 0xef800000   ( 760 MB)
     pkmap   : 0xbfe00000 - 0xc0000000   (   2 MB)
     modules : 0xbf000000 - 0xbfe00000   (  14 MB)
-      .text : 0xc0208000 - 0xc0b2a2c4   (9353 kB)
+      .text : 0xc0208000 - 0xc0b2a2b8   (9353 kB)
       .init : 0xc0b2b000 - 0xc0bd9100   ( 697 kB)
-      .data : 0xc0bda000 - 0xc0cc0b80   ( 923 kB)
-       .bss : 0xc0cc0b80 - 0xc0d0d098   ( 306 kB)
+      .data : 0xc0bda000 - 0xc0cc0c40   ( 924 kB)
+       .bss : 0xc0cc0c40 - 0xc0d0d158   ( 306 kB)
 SLUB: HWalign=64, Order=0-3, MinObjects=0, CPUs=4, Nodes=1
 Hierarchical RCU implementation.
 	RCU restricting CPUs from NR_CPUS=8 to nr_cpu_ids=4.
@@ -114,7 +114,7 @@
 /cpus/cpu@2 missing clock-frequency property
 /cpus/cpu@3 missing clock-frequency property
 CPU0: thread -1, cpu 0, socket 0, mpidr 80000000
-Setting up static identity map for 0x8084c6c8 - 0x8084c760
+Setting up static identity map for 0x8084c738 - 0x8084c7d0
 Tegra Revision: A01 SKU: 0 CPU Process: 1 Core Process: 0
 CPU1: Booted secondary processor
 CPU1: thread -1, cpu 1, socket 0, mpidr 80000001
@@ -381,7 +381,7 @@
 hub 1-0:1.0: USB hub found
 hub 1-0:1.0: 1 port detected
 input: gpio-keys as /devices/soc0/gpio-keys/input/input1
-palmas-rtc 7000d000.i2c:tps65913@58:rtc: setting system clock to 2000-03-08 12:42:19 UTC (952519339)
+palmas-rtc 7000d000.i2c:tps65913@58:rtc: setting system clock to 2000-03-08 13:05:41 UTC (952520741)
 vdd_cam_1v8_reg: disabling
 vdd_hdmi_5v0: disabling
 usb1_vbus: disabling
@@ -396,4 +396,4 @@
 Freeing unused kernel memory: 696K (c0b2b000 - c0bd9000)
 bash: cannot set terminal process group (-1): Inappropriate ioctl for device
 bash: no job control in this shell
-root@(none):/# [    2.888344] usb 1-1: new high-speed USB device number 2 using tegra-ehci
+root@(none):/# [    2.878373] usb 1-1: new high-speed USB device number 2 using tegra-ehci
Diff for ./tegra114-dalmore-a04/tegra114-dalmore/tegra_defconfig_log.txt
--- /tmp/fooa	2014-10-01 11:00:52.022679299 -0700
+++ /tmp/foob	2014-10-01 11:00:52.026679299 -0700
@@ -38,18 +38,18 @@
 	 ####################################################
 	 3 MiB/s
 done
-Bytes transferred = 4571464 (45c148 hex)
+Bytes transferred = 4572216 (45c438 hex)
 Tegra114 (Dalmore) # tftpboot 0x82000000 tegra114-dalmore.dtb
 Using asx0 device
 TFTP from server 192.168.100.1; our IP address is 192.168.100.100
 Filename 'tegra114-dalmore.dtb'.
 Load address: 0x82000000
 Loading: *###
-	 3 MiB/s
+	 2.8 MiB/s
 done
 Bytes transferred = 34674 (8772 hex)
 Tegra114 (Dalmore) # bootz 0x81000000 - 0x82000000
-Kernel image @ 0x81000000 [ 0x000000 - 0x45c148 ]
+Kernel image @ 0x81000000 [ 0x000000 - 0x45c438 ]
 ## Flattened Device Tree blob at 82000000
    Booting using the fdt blob at 0x82000000
    Loading Device Tree to 8fff4000, end 8ffff771 ... OK
@@ -60,7 +60,7 @@
 Booting Linux on physical CPU 0x0
 Initializing cgroup subsys cpu
 Initializing cgroup subsys cpuacct
-Linux version 3.17.0-rc5-92468-g9e82bf0 (pwalmsley@tamien) (gcc version 4.7.3 20130328 (prerelease) (crosstool-NG linaro-1.13.1-4.7-2013.04-20130415 - Linaro GCC 2013.04) ) #1 SMP PREEMPT Wed Oct 1 10:27:38 PDT 2014
+Linux version 3.17.0-rc6-92667-g0f33be0 (pwalmsley@tamien) (gcc version 4.7.3 20130328 (prerelease) (crosstool-NG linaro-1.13.1-4.7-2013.04-20130415 - Linaro GCC 2013.04) ) #1 SMP PREEMPT Wed Oct 1 10:50:19 PDT 2014
 CPU: ARMv7 Processor [412fc0f2] revision 2 (ARMv7), cr=10c5387d
 CPU: PIPT / VIPT nonaliasing data cache, PIPT instruction cache
 Machine model: NVIDIA Tegra114 Dalmore evaluation board
@@ -68,7 +68,7 @@
 cma: Reserved 64 MiB at ab800000
 Memory policy: Data cache writealloc
 On node 0 totalpages: 524032
-free_area_init_node: node 0, pgdat c08bf140, node_mem_map ea7d7000
+free_area_init_node: node 0, pgdat c08bf200, node_mem_map ea7d7000
   Normal zone: 1520 pages used for memmap
   Normal zone: 0 pages reserved
   Normal zone: 194560 pages, LIFO batch:31
@@ -82,7 +82,7 @@
 PID hash table entries: 4096 (order: 2, 16384 bytes)
 Dentry cache hash table entries: 131072 (order: 7, 524288 bytes)
 Inode-cache hash table entries: 65536 (order: 6, 262144 bytes)
-Memory: 2003648K/2096128K available (6262K kernel code, 338K rwdata, 2048K rodata, 272K init, 357K bss, 92480K reserved, 1317888K highmem)
+Memory: 2003648K/2096128K available (6262K kernel code, 339K rwdata, 2048K rodata, 272K init, 357K bss, 92480K reserved, 1317888K highmem)
 Virtual kernel memory layout:
     vector  : 0xffff0000 - 0xffff1000   (   4 kB)
     fixmap  : 0xffc00000 - 0xffe00000   (2048 kB)
@@ -90,10 +90,10 @@
     lowmem  : 0xc0000000 - 0xef800000   ( 760 MB)
     pkmap   : 0xbfe00000 - 0xc0000000   (   2 MB)
     modules : 0xbf000000 - 0xbfe00000   (  14 MB)
-      .text : 0xc0008000 - 0xc0825cec   (8312 kB)
+      .text : 0xc0008000 - 0xc0825ce0   (8312 kB)
       .init : 0xc0826000 - 0xc086a280   ( 273 kB)
-      .data : 0xc086c000 - 0xc08c0b60   ( 339 kB)
-       .bss : 0xc08c0b60 - 0xc091a280   ( 358 kB)
+      .data : 0xc086c000 - 0xc08c0c20   ( 340 kB)
+       .bss : 0xc08c0c20 - 0xc091a340   ( 358 kB)
 Preemptible hierarchical RCU implementation.
 NR_IRQS:16 nr_irqs:16 16
 L2C: failed to init: -19
@@ -115,7 +115,7 @@
 /cpus/cpu@2 missing clock-frequency property
 /cpus/cpu@3 missing clock-frequency property
 CPU0: thread -1, cpu 0, socket 0, mpidr 80000000
-Setting up static identity map for 0x805ef480 - 0x805ef518
+Setting up static identity map for 0x805ef4a0 - 0x805ef538
 Tegra Revision: A01 SKU: 0 CPU Process: 1 Core Process: 0
 CPU1: Booted secondary processor
 CPU1: thread -1, cpu 1, socket 0, mpidr 80000001
@@ -375,7 +375,7 @@
 hub 1-0:1.0: USB hub found
 hub 1-0:1.0: 1 port detected
 input: gpio-keys as /devices/soc0/gpio-keys/input/input1
-palmas-rtc 7000d000.i2c:tps65913@58:rtc: setting system clock to 2000-03-08 12:42:48 UTC (952519368)
+palmas-rtc 7000d000.i2c:tps65913@58:rtc: setting system clock to 2000-03-08 13:05:12 UTC (952520712)
 vdd_cam_1v8_reg: disabling
 vdd_hdmi_5v0: disabling
 usb1_vbus: disabling
Diff for ./tegra124-jetson-tk1/tegra124-jetson-tk1/multi_v7_defconfig_log.txt
--- /tmp/fooa	2014-10-01 11:00:52.034679293 -0700
+++ /tmp/foob	2014-10-01 11:00:52.034679293 -0700
@@ -39,20 +39,20 @@
 	 #################################################################
 	 #################################################################
 	 ##########################
-	 2.9 MiB/s
+	 2.8 MiB/s
 done
-Bytes transferred = 5150296 (4e9658 hex)
+Bytes transferred = 5149944 (4e94f8 hex)
 Tegra124 (Jetson TK1) # tftpboot 0x82000000 tegra124-jetson-tk1.dtb
 Using asx0 device
 TFTP from server 192.168.100.1; our IP address is 192.168.100.102
 Filename 'tegra124-jetson-tk1.dtb'.
 Load address: 0x82000000
 Loading: *####
-	 3 MiB/s
+	 2.2 MiB/s
 done
 Bytes transferred = 44415 (ad7f hex)
 Tegra124 (Jetson TK1) # bootz 0x81000000 - 0x82000000
-Kernel image @ 0x81000000 [ 0x000000 - 0x4e9658 ]
+Kernel image @ 0x81000000 [ 0x000000 - 0x4e94f8 ]
 ## Flattened Device Tree blob at 82000000
    Booting using the fdt blob at 0x82000000
    Using Device Tree in place at 82000000, end 8200dd7e
@@ -60,7 +60,7 @@
 Starting kernel ...
 
 Booting Linux on physical CPU 0x0
-Linux version 3.17.0-rc5-92468-g9e82bf0 (pwalmsley@kaivo) (gcc version 4.7.3 20130328 (prerelease) (crosstool-NG linaro-1.13.1-4.7-2013.04-20130415 - Linaro GCC 2013.04) ) #1 SMP Wed Oct 1 10:27:11 PDT 2014
+Linux version 3.17.0-rc6-92667-g0f33be0 (pwalmsley@kaivo) (gcc version 4.7.3 20130328 (prerelease) (crosstool-NG linaro-1.13.1-4.7-2013.04-20130415 - Linaro GCC 2013.04) ) #1 SMP Wed Oct 1 10:50:40 PDT 2014
 CPU: ARMv7 Processor [413fc0f3] revision 3 (ARMv7), cr=10c5387d
 CPU: PIPT / VIPT nonaliasing data cache, PIPT instruction cache
 Machine model: NVIDIA Tegra124 Jetson TK1
@@ -68,7 +68,7 @@
 cma: Reserved 64 MiB at ab800000
 Memory policy: Data cache writealloc
 On node 0 totalpages: 524032
-free_area_init_node: node 0, pgdat c0cbed80, node_mem_map ea7d8000
+free_area_init_node: node 0, pgdat c0cbee40, node_mem_map ea7d8000
   DMA zone: 1520 pages used for memmap
   DMA zone: 0 pages reserved
   DMA zone: 194560 pages, LIFO batch:31
@@ -82,7 +82,7 @@
 PID hash table entries: 4096 (order: 2, 16384 bytes)
 Dentry cache hash table entries: 131072 (order: 7, 524288 bytes)
 Inode-cache hash table entries: 65536 (order: 6, 262144 bytes)
-Memory: 2001608K/2096128K available (6668K kernel code, 922K rwdata, 2684K rodata, 696K init, 305K bss, 94520K reserved, 1317888K highmem)
+Memory: 2001608K/2096128K available (6668K kernel code, 923K rwdata, 2684K rodata, 696K init, 305K bss, 94520K reserved, 1317888K highmem)
 Virtual kernel memory layout:
     vector  : 0xffff0000 - 0xffff1000   (   4 kB)
     fixmap  : 0xffc00000 - 0xffe00000   (2048 kB)
@@ -90,10 +90,10 @@
     lowmem  : 0xc0000000 - 0xef800000   ( 760 MB)
     pkmap   : 0xbfe00000 - 0xc0000000   (   2 MB)
     modules : 0xbf000000 - 0xbfe00000   (  14 MB)
-      .text : 0xc0208000 - 0xc0b2a2c4   (9353 kB)
+      .text : 0xc0208000 - 0xc0b2a2b8   (9353 kB)
       .init : 0xc0b2b000 - 0xc0bd9100   ( 697 kB)
-      .data : 0xc0bda000 - 0xc0cc0b80   ( 923 kB)
-       .bss : 0xc0cc0b80 - 0xc0d0d098   ( 306 kB)
+      .data : 0xc0bda000 - 0xc0cc0c40   ( 924 kB)
+       .bss : 0xc0cc0c40 - 0xc0d0d158   ( 306 kB)
 SLUB: HWalign=64, Order=0-3, MinObjects=0, CPUs=4, Nodes=1
 Hierarchical RCU implementation.
 	RCU restricting CPUs from NR_CPUS=8 to nr_cpu_ids=4.
@@ -116,7 +116,7 @@
 /cpus/cpu@2 missing clock-frequency property
 /cpus/cpu@3 missing clock-frequency property
 CPU0: thread -1, cpu 0, socket 0, mpidr 80000000
-Setting up static identity map for 0x8084c6c8 - 0x8084c760
+Setting up static identity map for 0x8084c738 - 0x8084c7d0
 Tegra Revision: A01 SKU: 129 CPU Process: 1 Core Process: 1
 CPU1: Booted secondary processor
 CPU1: thread -1, cpu 1, socket 0, mpidr 80000001
@@ -395,7 +395,7 @@
 hub 2-0:1.0: USB hub found
 hub 2-0:1.0: 1 port detected
 input: gpio-keys as /devices/soc0/gpio-keys/input/input1
-as3722-rtc as3722-rtc: setting system clock to 2000-02-01 00:00:15 UTC (949363215)
+as3722-rtc as3722-rtc: setting system clock to 2000-02-01 00:00:49 UTC (949363249)
 +1.05V_RUN_AVDD_HDMI_PLL: disabling
 +1.8V_RUN_VPP_FUSE: disabling
 +2.8V_RUN_CAM_AF: disabling
@@ -418,4 +418,4 @@
 Freeing unused kernel memory: 696K (c0b2b000 - c0bd9000)
 bash: cannot set terminal process group (-1): Inappropriate ioctl for device
 bash: no job control in this shell
-root@(none):/# [    2.938245] usb 2-1: new high-speed USB device number 2 using tegra-ehci
+root@(none):/# [    2.933079] usb 2-1: new high-speed USB device number 2 using tegra-ehci
Diff for ./tegra124-jetson-tk1/tegra124-jetson-tk1/tegra_defconfig_log.txt
--- /tmp/fooa	2014-10-01 11:00:52.038679288 -0700
+++ /tmp/foob	2014-10-01 11:00:52.046679288 -0700
@@ -38,21 +38,20 @@
 	 #################################################################
 	 #################################################################
 	 ####################################################
-	 691.4 KiB/s
+	 3.1 MiB/s
 done
-Bytes transferred = 4571464 (45c148 hex)
+Bytes transferred = 4572216 (45c438 hex)
 Tegra124 (Jetson TK1) # tftpboot 0x82000000 tegra124-jetson-tk1.dtb
-Waiting for Ethernet connection... done.
 Using asx0 device
 TFTP from server 192.168.100.1; our IP address is 192.168.100.102
 Filename 'tegra124-jetson-tk1.dtb'.
 Load address: 0x82000000
 Loading: *####
-	 2.8 MiB/s
+	 2.4 MiB/s
 done
 Bytes transferred = 44415 (ad7f hex)
 Tegra124 (Jetson TK1) # bootz 0x81000000 - 0x82000000
-Kernel image @ 0x81000000 [ 0x000000 - 0x45c148 ]
+Kernel image @ 0x81000000 [ 0x000000 - 0x45c438 ]
 ## Flattened Device Tree blob at 82000000
    Booting using the fdt blob at 0x82000000
    Using Device Tree in place at 82000000, end 8200dd7e
@@ -63,7 +62,7 @@
 Booting Linux on physical CPU 0x0
 Initializing cgroup subsys cpu
 Initializing cgroup subsys cpuacct
-Linux version 3.17.0-rc5-92468-g9e82bf0 (pwalmsley@tamien) (gcc version 4.7.3 20130328 (prerelease) (crosstool-NG linaro-1.13.1-4.7-2013.04-20130415 - Linaro GCC 2013.04) ) #1 SMP PREEMPT Wed Oct 1 10:27:38 PDT 2014
+Linux version 3.17.0-rc6-92667-g0f33be0 (pwalmsley@tamien) (gcc version 4.7.3 20130328 (prerelease) (crosstool-NG linaro-1.13.1-4.7-2013.04-20130415 - Linaro GCC 2013.04) ) #1 SMP PREEMPT Wed Oct 1 10:50:19 PDT 2014
 CPU: ARMv7 Processor [413fc0f3] revision 3 (ARMv7), cr=10c5387d
 CPU: PIPT / VIPT nonaliasing data cache, PIPT instruction cache
 Machine model: NVIDIA Tegra124 Jetson TK1
@@ -71,7 +70,7 @@
 cma: Reserved 64 MiB at ab800000
 Memory policy: Data cache writealloc
 On node 0 totalpages: 524032
-free_area_init_node: node 0, pgdat c08bf140, node_mem_map ea7d7000
+free_area_init_node: node 0, pgdat c08bf200, node_mem_map ea7d7000
   Normal zone: 1520 pages used for memmap
   Normal zone: 0 pages reserved
   Normal zone: 194560 pages, LIFO batch:31
@@ -85,7 +84,7 @@
 PID hash table entries: 4096 (order: 2, 16384 bytes)
 Dentry cache hash table entries: 131072 (order: 7, 524288 bytes)
 Inode-cache hash table entries: 65536 (order: 6, 262144 bytes)
-Memory: 2003600K/2096128K available (6262K kernel code, 338K rwdata, 2048K rodata, 272K init, 357K bss, 92528K reserved, 1317888K highmem)
+Memory: 2003600K/2096128K available (6262K kernel code, 339K rwdata, 2048K rodata, 272K init, 357K bss, 92528K reserved, 1317888K highmem)
 Virtual kernel memory layout:
     vector  : 0xffff0000 - 0xffff1000   (   4 kB)
     fixmap  : 0xffc00000 - 0xffe00000   (2048 kB)
@@ -93,10 +92,10 @@
     lowmem  : 0xc0000000 - 0xef800000   ( 760 MB)
     pkmap   : 0xbfe00000 - 0xc0000000   (   2 MB)
     modules : 0xbf000000 - 0xbfe00000   (  14 MB)
-      .text : 0xc0008000 - 0xc0825cec   (8312 kB)
+      .text : 0xc0008000 - 0xc0825ce0   (8312 kB)
       .init : 0xc0826000 - 0xc086a280   ( 273 kB)
-      .data : 0xc086c000 - 0xc08c0b60   ( 339 kB)
-       .bss : 0xc08c0b60 - 0xc091a280   ( 358 kB)
+      .data : 0xc086c000 - 0xc08c0c20   ( 340 kB)
+       .bss : 0xc08c0c20 - 0xc091a340   ( 358 kB)
 Preemptible hierarchical RCU implementation.
 NR_IRQS:16 nr_irqs:16 16
 L2C: failed to init: -19
@@ -118,7 +117,7 @@
 /cpus/cpu@2 missing clock-frequency property
 /cpus/cpu@3 missing clock-frequency property
 CPU0: thread -1, cpu 0, socket 0, mpidr 80000000
-Setting up static identity map for 0x805ef480 - 0x805ef518
+Setting up static identity map for 0x805ef4a0 - 0x805ef538
 Tegra Revision: A01 SKU: 129 CPU Process: 1 Core Process: 1
 CPU1: Booted secondary processor
 CPU1: thread -1, cpu 1, socket 0, mpidr 80000001
@@ -390,7 +389,7 @@
 hub 2-0:1.0: USB hub found
 hub 2-0:1.0: 1 port detected
 input: gpio-keys as /devices/soc0/gpio-keys/input/input1
-as3722-rtc as3722-rtc: setting system clock to 2000-02-01 00:00:51 UTC (949363251)
+as3722-rtc as3722-rtc: setting system clock to 2000-02-01 00:00:15 UTC (949363215)
 +1.05V_RUN_AVDD_HDMI_PLL: disabling
 +1.8V_RUN_VPP_FUSE: disabling
 +2.8V_RUN_CAM_AF: disabling
@@ -414,4 +413,4 @@
 bash: cannot set terminal process group (-1): Inappropriate ioctl for device
 bash: no job control in this shell
 usb 2-1: new high-speed USB device number 2 using tegra-ehci
-root@(none):/# [    3.576578] asix 2-1:1.0 eth0: register 'asix' at usb-7d008000.usb-1, ASIX AX88772 USB 2.0 Ethernet, 00:50:b6:11:31:3b
+root@(none):/# [    3.576587] asix 2-1:1.0 eth0: register 'asix' at usb-7d008000.usb-1, ASIX AX88772 USB 2.0 Ethernet, 00:50:b6:11:31:3b
Diff for ./tegra30-beaver/tegra30-beaver/multi_v7_defconfig_log.txt
--- /tmp/fooa	2014-10-01 11:00:52.046679288 -0700
+++ /tmp/foob	2014-10-01 11:00:52.054679290 -0700
@@ -37,20 +37,20 @@
 	 #################################################################
 	 #################################################################
 	 ##########################
-	 2.8 MiB/s
+	 2.9 MiB/s
 done
-Bytes transferred = 5150296 (4e9658 hex)
+Bytes transferred = 5149944 (4e94f8 hex)
 Tegra30 (Beaver) # tftpboot 0x82000000 tegra30-beaver.dtb
 Using asx0 device
 TFTP from server 192.168.100.1; our IP address is 192.168.100.101
 Filename 'tegra30-beaver.dtb'.
 Load address: 0x82000000
 Loading: *##
-	 2.6 MiB/s
+	 3 MiB/s
 done
 Bytes transferred = 24801 (60e1 hex)
 Tegra30 (Beaver) # bootz 0x81000000 - 0x82000000
-Kernel image @ 0x81000000 [ 0x000000 - 0x4e9658 ]
+Kernel image @ 0x81000000 [ 0x000000 - 0x4e94f8 ]
 ## Flattened Device Tree blob at 82000000
    Booting using the fdt blob at 0x82000000
    Loading Device Tree to 8fff6000, end 8ffff0e0 ... OK
@@ -58,7 +58,7 @@
 Starting kernel ...
 
 Booting Linux on physical CPU 0x0
-Linux version 3.17.0-rc5-92468-g9e82bf0 (pwalmsley@kaivo) (gcc version 4.7.3 20130328 (prerelease) (crosstool-NG linaro-1.13.1-4.7-2013.04-20130415 - Linaro GCC 2013.04) ) #1 SMP Wed Oct 1 10:27:11 PDT 2014
+Linux version 3.17.0-rc6-92667-g0f33be0 (pwalmsley@kaivo) (gcc version 4.7.3 20130328 (prerelease) (crosstool-NG linaro-1.13.1-4.7-2013.04-20130415 - Linaro GCC 2013.04) ) #1 SMP Wed Oct 1 10:50:40 PDT 2014
 CPU: ARMv7 Processor [412fc099] revision 9 (ARMv7), cr=10c5387d
 CPU: PIPT / VIPT nonaliasing data cache, VIPT aliasing instruction cache
 Machine model: NVIDIA Tegra30 Beaver evaluation board
@@ -66,7 +66,7 @@
 cma: Reserved 64 MiB at ab800000
 Memory policy: Data cache writealloc
 On node 0 totalpages: 524032
-free_area_init_node: node 0, pgdat c0cbed80, node_mem_map ea7d8000
+free_area_init_node: node 0, pgdat c0cbee40, node_mem_map ea7d8000
   DMA zone: 1520 pages used for memmap
   DMA zone: 0 pages reserved
   DMA zone: 194560 pages, LIFO batch:31
@@ -80,7 +80,7 @@
 PID hash table entries: 4096 (order: 2, 16384 bytes)
 Dentry cache hash table entries: 131072 (order: 7, 524288 bytes)
 Inode-cache hash table entries: 65536 (order: 6, 262144 bytes)
-Memory: 2001700K/2096128K available (6668K kernel code, 922K rwdata, 2684K rodata, 696K init, 305K bss, 94428K reserved, 1317888K highmem)
+Memory: 2001700K/2096128K available (6668K kernel code, 923K rwdata, 2684K rodata, 696K init, 305K bss, 94428K reserved, 1317888K highmem)
 Virtual kernel memory layout:
     vector  : 0xffff0000 - 0xffff1000   (   4 kB)
     fixmap  : 0xffc00000 - 0xffe00000   (2048 kB)
@@ -88,10 +88,10 @@
     lowmem  : 0xc0000000 - 0xef800000   ( 760 MB)
     pkmap   : 0xbfe00000 - 0xc0000000   (   2 MB)
     modules : 0xbf000000 - 0xbfe00000   (  14 MB)
-      .text : 0xc0208000 - 0xc0b2a2c4   (9353 kB)
+      .text : 0xc0208000 - 0xc0b2a2b8   (9353 kB)
       .init : 0xc0b2b000 - 0xc0bd9100   ( 697 kB)
-      .data : 0xc0bda000 - 0xc0cc0b80   ( 923 kB)
-       .bss : 0xc0cc0b80 - 0xc0d0d098   ( 306 kB)
+      .data : 0xc0bda000 - 0xc0cc0c40   ( 924 kB)
+       .bss : 0xc0cc0c40 - 0xc0d0d158   ( 306 kB)
 SLUB: HWalign=64, Order=0-3, MinObjects=0, CPUs=4, Nodes=1
 Hierarchical RCU implementation.
 	RCU restricting CPUs from NR_CPUS=8 to nr_cpu_ids=4.
@@ -115,7 +115,7 @@
 Mountpoint-cache hash table entries: 2048 (order: 1, 8192 bytes)
 CPU: Testing write buffer coherency: ok
 CPU0: thread -1, cpu 0, socket 0, mpidr 80000000
-Setting up static identity map for 0x8084c6c8 - 0x8084c760
+Setting up static identity map for 0x8084c738 - 0x8084c7d0
 Tegra Revision: A03 SKU: 128 CPU Process: 4 Core Process: 0
 CPU1: Booted secondary processor
 CPU1: thread -1, cpu 1, socket 0, mpidr 80000001
@@ -404,5 +404,5 @@
 Freeing unused kernel memory: 696K (c0b2b000 - c0bd9000)
 bash: cannot set terminal process group (-1): Inappropriate ioctl for device
 bash: no job control in this shell
-root@(none):/# [    4.198844] usb 2-1: new high-speed USB device number 2 using tegra-ehci
+root@(none):/# [    4.193841] usb 2-1: new high-speed USB device number 2 using tegra-ehci
 asix 2-1:1.0 eth1: register 'asix' at usb-7d008000.usb-1, ASIX AX88772 USB 2.0 Ethernet, 00:50:b6:0f:68:6d
Diff for ./tegra30-beaver/tegra30-beaver/tegra_defconfig_log.txt
--- /tmp/fooa	2014-10-01 11:00:52.054679290 -0700
+++ /tmp/foob	2014-10-01 11:00:52.058679290 -0700
@@ -38,7 +38,7 @@
 	 ####################################################
 	 3.1 MiB/s
 done
-Bytes transferred = 4571464 (45c148 hex)
+Bytes transferred = 4572216 (45c438 hex)
 Tegra30 (Beaver) # tftpboot 0x82000000 tegra30-beaver.dtb
 Using asx0 device
 TFTP from server 192.168.100.1; our IP address is 192.168.100.101
@@ -49,7 +49,7 @@
 done
 Bytes transferred = 24801 (60e1 hex)
 Tegra30 (Beaver) # bootz 0x81000000 - 0x82000000
-Kernel image @ 0x81000000 [ 0x000000 - 0x45c148 ]
+Kernel image @ 0x81000000 [ 0x000000 - 0x45c438 ]
 ## Flattened Device Tree blob at 82000000
    Booting using the fdt blob at 0x82000000
    Loading Device Tree to 8fff6000, end 8ffff0e0 ... OK
@@ -60,7 +60,7 @@
 Booting Linux on physical CPU 0x0
 Initializing cgroup subsys cpu
 Initializing cgroup subsys cpuacct
-Linux version 3.17.0-rc5-92468-g9e82bf0 (pwalmsley@tamien) (gcc version 4.7.3 20130328 (prerelease) (crosstool-NG linaro-1.13.1-4.7-2013.04-20130415 - Linaro GCC 2013.04) ) #1 SMP PREEMPT Wed Oct 1 10:27:38 PDT 2014
+Linux version 3.17.0-rc6-92667-g0f33be0 (pwalmsley@tamien) (gcc version 4.7.3 20130328 (prerelease) (crosstool-NG linaro-1.13.1-4.7-2013.04-20130415 - Linaro GCC 2013.04) ) #1 SMP PREEMPT Wed Oct 1 10:50:19 PDT 2014
 CPU: ARMv7 Processor [412fc099] revision 9 (ARMv7), cr=10c5387d
 CPU: PIPT / VIPT nonaliasing data cache, VIPT aliasing instruction cache
 Machine model: NVIDIA Tegra30 Beaver evaluation board
@@ -68,7 +68,7 @@
 cma: Reserved 64 MiB at ab800000
 Memory policy: Data cache writealloc
 On node 0 totalpages: 524032
-free_area_init_node: node 0, pgdat c08bf140, node_mem_map ea7d7000
+free_area_init_node: node 0, pgdat c08bf200, node_mem_map ea7d7000
   Normal zone: 1520 pages used for memmap
   Normal zone: 0 pages reserved
   Normal zone: 194560 pages, LIFO batch:31
@@ -82,7 +82,7 @@
 PID hash table entries: 4096 (order: 2, 16384 bytes)
 Dentry cache hash table entries: 131072 (order: 7, 524288 bytes)
 Inode-cache hash table entries: 65536 (order: 6, 262144 bytes)
-Memory: 2003692K/2096128K available (6262K kernel code, 338K rwdata, 2048K rodata, 272K init, 357K bss, 92436K reserved, 1317888K highmem)
+Memory: 2003692K/2096128K available (6262K kernel code, 339K rwdata, 2048K rodata, 272K init, 357K bss, 92436K reserved, 1317888K highmem)
 Virtual kernel memory layout:
     vector  : 0xffff0000 - 0xffff1000   (   4 kB)
     fixmap  : 0xffc00000 - 0xffe00000   (2048 kB)
@@ -90,10 +90,10 @@
     lowmem  : 0xc0000000 - 0xef800000   ( 760 MB)
     pkmap   : 0xbfe00000 - 0xc0000000   (   2 MB)
     modules : 0xbf000000 - 0xbfe00000   (  14 MB)
-      .text : 0xc0008000 - 0xc0825cec   (8312 kB)
+      .text : 0xc0008000 - 0xc0825ce0   (8312 kB)
       .init : 0xc0826000 - 0xc086a280   ( 273 kB)
-      .data : 0xc086c000 - 0xc08c0b60   ( 339 kB)
-       .bss : 0xc08c0b60 - 0xc091a280   ( 358 kB)
+      .data : 0xc086c000 - 0xc08c0c20   ( 340 kB)
+       .bss : 0xc08c0c20 - 0xc091a340   ( 358 kB)
 Preemptible hierarchical RCU implementation.
 NR_IRQS:16 nr_irqs:16 16
 L2C: platform modifies aux control register: 0x02080000 -> 0x3e480001
@@ -116,7 +116,7 @@
 Initializing cgroup subsys debug
 CPU: Testing write buffer coherency: ok
 CPU0: thread -1, cpu 0, socket 0, mpidr 80000000
-Setting up static identity map for 0x805ef480 - 0x805ef518
+Setting up static identity map for 0x805ef4a0 - 0x805ef538
 Tegra Revision: A03 SKU: 128 CPU Process: 4 Core Process: 0
 CPU1: Booted secondary processor
 CPU1: thread -1, cpu 1, socket 0, mpidr 80000001
@@ -402,5 +402,5 @@
 Freeing unused kernel memory: 272K (c0826000 - c086a000)
 bash: cannot set terminal process group (-1): Inappropriate ioctl for device
 bash: no job control in this shell
-root@(none):/# [    4.467162] usb 2-1: new high-speed USB device number 2 using tegra-ehci
+root@(none):/# [    4.467180] usb 2-1: new high-speed USB device number 2 using tegra-ehci
 asix 2-1:1.0 eth1: register 'asix' at usb-7d008000.usb-1, ASIX AX88772 USB 2.0 Ethernet, 00:50:b6:0f:68:6d
