
U-Boot SPL 2016.05-rc2 (Apr 21 2016 - 16:23:00)
Trying to boot from RAM


U-Boot 2016.05-rc2 (Apr 21 2016 - 16:23:00 -0700)

TEGRA124
Model: NVIDIA Jetson TK1
Board: NVIDIA Jetson TK1
DRAM:  2 GiB
MC:   Tegra SD/MMC: 0, Tegra SD/MMC: 1
In:    serial
Out:   serial
Err:   serial
Net:   No ethernet found.
Hit any key to stop autoboot:  2  0 
Tegra124 (Jetson TK1) # 
Tegra124 (Jetson TK1) # pci enum
Tegra124 (Jetson TK1) # setenv bootargs 'ignore_loglevel console=ttyS0,115200n8 rw root=PARTUUID=b1791faa-84e8-4e27-83a1-9fb0a77e8803 rootwait gpt debug noinitrd earlyprintk init=/bin/bash'
Tegra124 (Jetson TK1) # setenv ipaddr 192.168.100.102; setenv serverip 192.168.100.1; setenv tftpserverip 192.168.100.1
Tegra124 (Jetson TK1) # tftpboot 0x82000000 zImage.multi_v7_defconfig

Warning: eth_rtl8169 using MAC address from ROM
Using eth_rtl8169 device
TFTP from server 192.168.100.1; our IP address is 192.168.100.102
Filename 'zImage.multi_v7_defconfig'.
Load address: 0x82000000
Loading: *#################################################################
	 #################################################################
	 #################################################################
	 #################################################################
	 #################################################################
	 #################################################################
	 #################################################################
	 ##################################################
	 3.9 MiB/s
done
Bytes transferred = 7404048 (70fa10 hex)
Tegra124 (Jetson TK1) # tftpboot 0x83000000 tegra124-jetson-tk1.dtb
Using eth_rtl8169 device
TFTP from server 192.168.100.1; our IP address is 192.168.100.102
Filename 'tegra124-jetson-tk1.dtb'.
Load address: 0x83000000
Loading: *#####
	 3.8 MiB/s
done
Bytes transferred = 67133 (1063d hex)
Tegra124 (Jetson TK1) # bootz 0x82000000 - 0x83000000
Kernel image @ 0x82000000 [ 0x000000 - 0x70fa10 ]
## Flattened Device Tree blob at 83000000
   Booting using the fdt blob at 0x83000000
   Using Device Tree in place at 83000000, end 8301363c

Starting kernel ...

[    0.000000] Booting Linux on physical CPU 0x0
[    0.000000] Linux version 4.10.0-rc4-142082-g49def18 (pwalmsley@sellafield) (gcc version 4.7.3 20130328 (prerelease) (crosstool-NG linaro-1.13.1-4.7-2013.04-20130415 - Linaro GCC 2013.04) ) #1 SMP Mon Jan 16 02:34:38 PST 2017
[    0.000000] CPU: ARMv7 Processor [413fc0f3] revision 3 (ARMv7), cr=10c5387d
[    0.000000] CPU: div instructions available: patching division code
[    0.000000] CPU: PIPT / VIPT nonaliasing data cache, PIPT instruction cache
[    0.000000] OF: fdt:Machine model: NVIDIA Tegra124 Jetson TK1
[    0.000000] debug: ignoring loglevel setting.
[    0.000000] efi: Getting EFI parameters from FDT:
[    0.000000] efi: UEFI not found.
[    0.000000] cma: Reserved 64 MiB at 0xfb800000
[    0.000000] Memory policy: Data cache writealloc
[    0.000000] On node 0 totalpages: 524032
[    0.000000] free_area_init_node: node 0, pgdat c142b0c0, node_mem_map eeff8000
[    0.000000]   DMA zone: 1536 pages used for memmap
[    0.000000]   DMA zone: 0 pages reserved
[    0.000000]   DMA zone: 196608 pages, LIFO batch:31
[    0.000000]   HighMem zone: 327424 pages, LIFO batch:31
[    0.000000] percpu: Embedded 14 pages/cpu @eef8e000 s26176 r8192 d22976 u57344
[    0.000000] pcpu-alloc: s26176 r8192 d22976 u57344 alloc=14*4096
[    0.000000] pcpu-alloc: [0] 0 [0] 1 [0] 2 [0] 3 
[    0.000000] Built 1 zonelists in Zone order, mobility grouping on.  Total pages: 522496
[    0.000000] Kernel command line: ignore_loglevel console=ttyS0,115200n8 rw root=PARTUUID=b1791faa-84e8-4e27-83a1-9fb0a77e8803 rootwait gpt debug noinitrd earlyprintk init=/bin/bash
[    0.000000] PID hash table entries: 4096 (order: 2, 16384 bytes)
[    0.000000] Dentry cache hash table entries: 131072 (order: 7, 524288 bytes)
[    0.000000] Inode-cache hash table entries: 65536 (order: 6, 262144 bytes)
[    0.000000] Memory: 1994824K/2096128K available (9216K kernel code, 1202K rwdata, 4140K rodata, 2048K init, 472K bss, 35768K reserved, 65536K cma-reserved, 1244160K highmem)
[    0.000000] Virtual kernel memory layout:
[    0.000000]     vector  : 0xffff0000 - 0xffff1000   (   4 kB)
[    0.000000]     fixmap  : 0xffc00000 - 0xfff00000   (3072 kB)
[    0.000000]     vmalloc : 0xf0800000 - 0xff800000   ( 240 MB)
[    0.000000]     lowmem  : 0xc0000000 - 0xf0000000   ( 768 MB)
[    0.000000]     pkmap   : 0xbfe00000 - 0xc0000000   (   2 MB)
[    0.000000]     modules : 0xbf000000 - 0xbfe00000   (  14 MB)
[    0.000000]       .text : 0xc0208000 - 0xc0c00000   (10208 kB)
[    0.000000]       .init : 0xc1100000 - 0xc1300000   (2048 kB)
[    0.000000]       .data : 0xc1300000 - 0xc142cbc0   (1203 kB)
[    0.000000]        .bss : 0xc142e000 - 0xc14a41d0   ( 473 kB)
[    0.000000] SLUB: HWalign=64, Order=0-3, MinObjects=0, CPUs=4, Nodes=1
[    0.000000] Hierarchical RCU implementation.
[    0.000000] 	Build-time adjustment of leaf fanout to 32.
[    0.000000] 	RCU restricting CPUs from NR_CPUS=16 to nr_cpu_ids=4.
[    0.000000] RCU: Adjusting geometry for rcu_fanout_leaf=32, nr_cpu_ids=4
[    0.000000] NR_IRQS:16 nr_irqs:16 16
[    0.000000] /interrupt-controller@60004000: 160 interrupts forwarded to /interrupt-controller@50041000
[    0.000000] Tegra clk 127: register failed with -17
[    0.000007] sched_clock: 32 bits at 1000kHz, resolution 1000ns, wraps every 2147483647500ns
[    0.000029] clocksource: timer_us: mask: 0xffffffff max_cycles: 0xffffffff, max_idle_ns: 1911260446275 ns
[    0.000043] Switching to timer-based delay loop, resolution 1000ns
[    0.004987] arm_arch_timer: Architected cp15 timer(s) running at 12.00MHz (virt).
[    0.005004] clocksource: arch_sys_counter: mask: 0xffffffffffffff max_cycles: 0x2c47f4ee7, max_idle_ns: 440795202497 ns
[    0.005021] sched_clock: 56 bits at 12MHz, resolution 83ns, wraps every 4398046511096ns
[    0.005033] Switching to timer-based delay loop, resolution 83ns
[    0.005481] Console: colour dummy device 80x30
[    0.005513] Calibrating delay loop (skipped), value calculated using timer frequency.. 24.00 BogoMIPS (lpj=120000)
[    0.005528] pid_max: default: 32768 minimum: 301
[    0.005626] Mount-cache hash table entries: 2048 (order: 1, 8192 bytes)
[    0.005637] Mountpoint-cache hash table entries: 2048 (order: 1, 8192 bytes)
[    0.006216] CPU: Testing write buffer coherency: ok
[    0.006470] /cpus/cpu@0 missing clock-frequency property
[    0.006512] /cpus/cpu@1 missing clock-frequency property
[    0.006552] /cpus/cpu@2 missing clock-frequency property
[    0.006593] /cpus/cpu@3 missing clock-frequency property
[    0.006605] CPU0: thread -1, cpu 0, socket 0, mpidr 80000000
[    0.006841] Setting up static identity map for 0x80300000 - 0x80300098
[    0.010388] Tegra Revision: A01 SKU: 129 CPU Process: 1 SoC Process: 1
[    0.011028] EFI services will not be available.
[    0.011259] smp: Bringing up secondary CPUs ...
[    0.011788] CPU1: thread -1, cpu 1, socket 0, mpidr 80000001
[    0.015165] CPU2: thread -1, cpu 2, socket 0, mpidr 80000002
[    0.025160] CPU3: thread -1, cpu 3, socket 0, mpidr 80000003
[    0.034670] smp: Brought up 1 node, 4 CPUs
[    0.034688] SMP: Total of 4 processors activated (96.00 BogoMIPS).
[    0.034695] CPU: All CPU(s) started in SVC mode.
[    0.036182] devtmpfs: initialized
[    0.056202] VFP support v0.3: implementor 41 architecture 4 part 30 variant f rev 0
[    0.056641] clocksource: jiffies: mask: 0xffffffff max_cycles: 0xffffffff, max_idle_ns: 19112604462750000 ns
[    0.058027] pinctrl core: initialized pinctrl subsystem
[    0.059823] NET: Registered protocol family 16
[    0.061748] DMA: preallocated 256 KiB pool for atomic coherent allocations
[    0.084744] cpuidle: using governor menu
[    0.115200] No ATAGs?
[    0.115332] hw-breakpoint: found 5 (+1 reserved) breakpoint and 4 watchpoint registers.
[    0.115345] hw-breakpoint: maximum watchpoint size is 8 bytes.
[    0.122097] Serial: AMBA PL011 UART driver
[    0.160021] +5V_SYS: supplied by +VDD_MUX
[    0.160309] +3.3V_SYS: supplied by +VDD_MUX
[    0.160938] +USB0_VBUS_SW: Failed to request enable GPIO108: -517
[    0.160953] reg-fixed-voltage regulators:regulator@7: Failed to register regulator: -517
[    0.161038] +5V_USB_HS: Failed to request enable GPIO109: -517
[    0.161050] reg-fixed-voltage regulators:regulator@8: Failed to register regulator: -517
[    0.161211] +1.05V_RUN_AVDD_HDMI_PLL: Failed to request enable GPIO63: -517
[    0.161223] reg-fixed-voltage regulators:regulator@11: Failed to register regulator: -517
[    0.161305] +5V_HDMI_CON: Failed to request enable GPIO86: -517
[    0.161316] reg-fixed-voltage regulators:regulator@12: Failed to register regulator: -517
[    0.161399] +5V_SATA: Failed to request enable GPIO242: -517
[    0.161409] reg-fixed-voltage regulators:regulator@13: Failed to register regulator: -517
[    0.161491] +12V_SATA: Failed to request enable GPIO242: -517
[    0.161502] reg-fixed-voltage regulators:regulator@14: Failed to register regulator: -517
[    0.164799] vgaarb: loaded
[    0.165671] SCSI subsystem initialized
[    0.165830] libata version 3.00 loaded.
[    0.166095] usbcore: registered new interface driver usbfs
[    0.166158] usbcore: registered new interface driver hub
[    0.166228] usbcore: registered new device driver usb
[    0.169807] pps_core: LinuxPPS API ver. 1 registered
[    0.169815] pps_core: Software ver. 5.3.6 - Copyright 2005-2007 Rodolfo Giometti <giometti@linux.it>
[    0.169840] PTP clock support registered
[    0.170037] EDAC MC: Ver: 3.0.0
[    0.173191] clocksource: Switched to clocksource arch_sys_counter
[    0.183892] NET: Registered protocol family 2
[    0.184405] TCP established hash table entries: 8192 (order: 3, 32768 bytes)
[    0.184502] TCP bind hash table entries: 8192 (order: 4, 65536 bytes)
[    0.184687] TCP: Hash tables configured (established 8192 bind 8192)
[    0.184740] UDP hash table entries: 512 (order: 2, 16384 bytes)
[    0.184781] UDP-Lite hash table entries: 512 (order: 2, 16384 bytes)
[    0.184932] NET: Registered protocol family 1
[    0.185247] RPC: Registered named UNIX socket transport module.
[    0.185256] RPC: Registered udp transport module.
[    0.185263] RPC: Registered tcp transport module.
[    0.185269] RPC: Registered tcp NFSv4.1 backchannel transport module.
[    0.185279] PCI: CLS 0 bytes, default 64
[    0.186481] hw perfevents: enabled with armv7_cortex_a15 PMU driver, 7 counters available
[    0.187907] futex hash table entries: 1024 (order: 4, 65536 bytes)
[    0.188624] workingset: timestamp_bits=30 max_order=19 bucket_order=0
[    0.199576] squashfs: version 4.0 (2009/01/31) Phillip Lougher
[    0.200403] NFS: Registering the id_resolver key type
[    0.200424] Key type id_resolver registered
[    0.200432] Key type id_legacy registered
[    0.200477] ntfs: driver 2.1.32 [Flags: R/O].
[    0.202054] bounce: pool size: 64 pages
[    0.202245] Block layer SCSI generic (bsg) driver version 0.4 loaded (major 248)
[    0.202254] io scheduler noop registered
[    0.202261] io scheduler deadline registered
[    0.202438] io scheduler cfq registered (default)
[    0.207621] usb2-0 supply vbus not found, using dummy regulator
[    0.207742] usb2-1 supply vbus not found, using dummy regulator
[    0.208128] tegra-xusb-padctl 7009f000.padctl: failed to setup XUSB ports: -517
[    0.224873] tegra-pcie 1003000.pcie-controller: 2x1, 1x1 configuration
[    0.224926] tegra-pcie 1003000.pcie-controller: Failed to get supply 'avddio-pex': -517
[    0.231123] tegra124-dfll 70110000.clock: couldn't get vdd_cpu regulator
[    0.239444] tegra-apbdma 60020000.dma: Tegra20 APB DMA driver register 32 channels
[    0.241513] tegra-pmc 7000e400.pmc: emergency thermal reset enabled
[    0.302370] Serial: 8250/16550 driver, 4 ports, IRQ sharing disabled
[    0.305376] console [ttyS0] disabled
[    0.305410] 70006300.serial: ttyS0 at MMIO 0x70006300 (irq = 335, base_baud = 25500000) is a Tegra
[    1.182576] console [ttyS0] enabled
[    1.186970] SuperH (H)SCI(F) driver initialized
[    1.192536] msm_serial: driver initialized
[    1.196848] STMicroelectronics ASC driver initialized
[    1.202777] 70006000.serial: ttyTHS1 at MMIO 0x70006000 (irq = 333, base_baud = 0) is a TEGRA_UART
[    1.212097] 70006040.serial: ttyTHS2 at MMIO 0x70006040 (irq = 334, base_baud = 0) is a TEGRA_UART
[    1.224496] [drm] Initialized
[    1.230775] tegra-hdmi 54280000.hdmi: failed to get HDMI regulator
[    1.250753] brd: module loaded
[    1.260037] loop: module loaded
[    1.264437] at24 0-0056: 256 byte 24c02 EEPROM, writable, 8 bytes/write
[    1.272730] as3722 4-0040: AS3722 with revision 0x1 found
[    1.284785] as3722-sd2: supplied by +5V_SYS
[    1.289407] as3722-sd3: supplied by +5V_SYS
[    1.293895] +1.35V_LP0(sd3): Bringing 0uV into 1350000-1350000uV
[    1.300249] as3722-sd4: supplied by +5V_SYS
[    1.304900] as3722-sd5: supplied by +5V_SYS
[    1.310931] as3722-ldo0: supplied by +1.35V_LP0(sd2)
[    1.317020] +1.8V_RUN_CAM: Bringing 0uV into 1800000-1800000uV
[    1.323273] as3722-ldo2: supplied by +1.8V_VDDIO
[    1.329185] as3722-ldo3: supplied by +3.3V_SYS
[    1.333682] +1.05V_LP0_VDD_RTC: Bringing 1100000uV into 1000000-1000000uV
[    1.341467] as3722-ldo4: supplied by +3.3V_SYS
[    1.346131] +2.8V_RUN_CAM: Bringing 0uV into 2800000-2800000uV
[    1.352361] as3722-ldo5: supplied by +1.8V_VDDIO
[    1.357208] +1.2V_RUN_CAM_FRONT: Bringing 0uV into 1200000-1200000uV
[    1.364167] +VDDIO_SDMMC3: bypassed regulator has no supply!
[    1.369816] +VDDIO_SDMMC3: failed to get the current voltage(-517)
[    1.376012] as3722-regulator as3722-regulator: regulator 13 register failed -517
[    1.388701] tegra-ahci 70027000.sata: couldn't get PHY in node sata: -517
[    1.408260] random: fast init done
[    1.411816] m25p80 spi32765.0: w25q32dw (4096 Kbytes)
[    1.419985] libphy: Fixed MDIO Bus: probed
[    1.425324] CAN device driver interface
[    1.430122] bgmac_bcma: Broadcom 47xx GBit MAC driver loaded
[    1.437231] e1000e: Intel(R) PRO/1000 Network Driver - 3.2.6-k
[    1.443052] e1000e: Copyright(c) 1999 - 2015 Intel Corporation.
[    1.449042] igb: Intel(R) Gigabit Ethernet Network Driver - version 5.4.0-k
[    1.456002] igb: Copyright (c) 2007-2014 Intel Corporation.
[    1.465349] pegasus: v0.9.3 (2013/04/25), Pegasus/Pegasus II USB Ethernet driver
[    1.472782] usbcore: registered new interface driver pegasus
[    1.478501] usbcore: registered new interface driver asix
[    1.483952] usbcore: registered new interface driver ax88179_178a
[    1.490073] usbcore: registered new interface driver cdc_ether
[    1.495965] usbcore: registered new interface driver smsc75xx
[    1.501763] usbcore: registered new interface driver smsc95xx
[    1.507558] usbcore: registered new interface driver net1080
[    1.513260] usbcore: registered new interface driver cdc_subset
[    1.519207] usbcore: registered new interface driver zaurus
[    1.524848] usbcore: registered new interface driver cdc_ncm
[    1.530718] tegra-phy 7d004000.usb-phy: no vbus regulator
[    1.538191] ehci_hcd: USB 2.0 'Enhanced' Host Controller (EHCI) Driver
[    1.544728] ehci-pci: EHCI PCI platform driver
[    1.549208] ehci-platform: EHCI generic platform driver
[    1.554655] ehci-orion: EHCI orion driver
[    1.558804] SPEAr-ehci: EHCI SPEAr driver
[    1.562960] ehci-st: EHCI STMicroelectronics driver
[    1.567998] ehci-exynos: EHCI EXYNOS driver
[    1.572343] ehci-atmel: EHCI Atmel driver
[    1.576506] tegra-ehci: Tegra EHCI driver
[    1.583342] tegra-ehci 7d004000.usb: EHCI Host Controller
[    1.588753] tegra-ehci 7d004000.usb: new USB bus registered, assigned bus number 1
[    1.596537] tegra-ehci 7d004000.usb: irq 354, io mem 0x7d004000
[    1.623219] tegra-ehci 7d004000.usb: USB 2.0 started, EHCI 1.10
[    1.629965] hub 1-0:1.0: USB hub found
[    1.633764] hub 1-0:1.0: 1 port detected
[    1.638281] ohci_hcd: USB 1.1 'Open' Host Controller (OHCI) Driver
[    1.644498] ohci-pci: OHCI PCI platform driver
[    1.648983] ohci-platform: OHCI generic platform driver
[    1.654405] ohci-omap3: OHCI OMAP3 driver
[    1.658555] SPEAr-ohci: OHCI SPEAr driver
[    1.662708] ohci-st: OHCI STMicroelectronics driver
[    1.667743] ohci-atmel: OHCI Atmel driver
[    1.672577] usbcore: registered new interface driver usb-storage
[    1.680264] mousedev: PS/2 mouse device common for all mice
[    1.689017] as3722-rtc as3722-rtc: rtc core: registered as3722-rtc as rtc0
[    1.695904] as3722-rtc as3722-rtc: RTC interrupt 377
[    1.704264] tegra_rtc 7000e000.rtc: rtc core: registered 7000e000.rtc as rtc1
[    1.711429] tegra_rtc 7000e000.rtc: Tegra internal Real Time Clock
[    1.718186] i2c /dev entries driver
[    1.728799] 0-004c supply vcc not found, using dummy regulator
[    1.744733] sdhci: Secure Digital Host Controller Interface driver
[    1.750903] sdhci: Copyright(c) Pierre Ossman
[    1.756949] Synopsys Designware Multimedia Card Interface Driver
[    1.764173] sdhci-pltfm: SDHCI platform and OF driver helper
[    1.770595] sdhci-tegra 700b0400.sdhci: Got CD GPIO
[    1.775505] sdhci-tegra 700b0400.sdhci: Got WP GPIO
[    1.780616] mmc0: Unknown controller version (3). You may experience problems.
[    1.787921] mmc0: Invalid maximum block size, assuming 512 bytes
[    1.853211] mmc0: SDHCI controller on 700b0600.sdhci [700b0600.sdhci] using ADMA
[    1.862621] ledtrig-cpu: registered to indicate activity on CPUs
[    1.868979] usbcore: registered new interface driver usbhid
[    1.874563] usbhid: USB HID core driver
[    1.882484] NET: Registered protocol family 10
[    1.887847] Segment Routing with IPv6
[    1.891551] sit: IPv6, IPv4 and MPLS over IPv4 tunneling driver
[    1.898151] NET: Registered protocol family 17
[    1.902595] can: controller area network core (rev 20120528 abi 9)
[    1.908844] NET: Registered protocol family 29
[    1.913300] can: raw protocol (rev 20120528)
[    1.917563] can: broadcast manager protocol (rev 20161123 t)
[    1.923234] can: netlink gateway (rev 20130117) max_hops=1
[    1.929063] Key type dns_resolver registered
[    1.933959] ThumbEE CPU extension supported.
[    1.938228] Registering SWP/SWPB emulation handler
[    1.957808] +3.3V_RUN: supplied by +3.3V_SYS
[    1.962882] +3.3V_AVDD_HDMI_AP_GATED: supplied by +3.3V_RUN
[    1.968951] +USB0_VBUS_SW: supplied by +5V_SYS
[    1.974080] +5V_USB_HS: supplied by +5V_SYS
[    1.979916] +3.3V_LP0: supplied by +3.3V_SYS
[    1.986126] +5V_HDMI_CON: supplied by +5V_SYS
[    1.991009] +5V_SATA: supplied by +5V_SYS
[    1.995807] +12V_SATA: supplied by +VDD_MUX
[    2.001743] usb2-0 supply vbus not found, using dummy regulator
[    2.007874] usb2-1 supply vbus not found, using dummy regulator
[    2.014294] usb3-0 supply vbus not found, using dummy regulator
[    2.014631] mmc0: new high speed MMC card at address 0001
[    2.016085] mmcblk0: mmc0:0001 SEM16G 14.7 GiB 
[    2.016658] mmcblk0boot0: mmc0:0001 SEM16G partition 1 4.00 MiB
[    2.016965] mmcblk0boot1: mmc0:0001 SEM16G partition 2 4.00 MiB
[    2.017367] mmcblk0rpmb: mmc0:0001 SEM16G partition 3 4.00 MiB
[    2.025260]  mmcblk0: p1
[    2.051694] tegra-pcie 1003000.pcie-controller: 2x1, 1x1 configuration
[    2.058332] tegra-pcie 1003000.pcie-controller: Failed to get supply 'avddio-pex': -517
[    2.069487] tegra124-dfll 70110000.clock: couldn't get vdd_cpu regulator
[    2.080304] tegra-hdmi 54280000.hdmi: failed to get PLL regulator
[    2.091160] as3722-sd2: supplied by +5V_SYS
[    2.095754] as3722-sd3: supplied by +5V_SYS
[    2.100187] as3722-sd4: supplied by +5V_SYS
[    2.104706] +1.05V_RUN_AVDD_HDMI_PLL: supplied by +1.05V_RUN
[    2.110460] as3722-sd5: supplied by +5V_SYS
[    2.116424] as3722-ldo0: supplied by +1.35V_LP0(sd2)
[    2.122148] as3722-ldo1: supplied by +3.3V_RUN
[    2.127015] as3722-ldo2: supplied by +1.8V_VDDIO
[    2.132571] as3722-ldo3: supplied by +3.3V_SYS
[    2.138019] as3722-ldo4: supplied by +3.3V_SYS
[    2.142709] as3722-ldo5: supplied by +1.8V_VDDIO
[    2.147767] as3722-ldo6: supplied by +3.3V_RUN
[    2.152510] as3722-ldo7: supplied by +1.8V_VDDIO
[    2.157916] +1.05V_RUN_CAM_REAR: Bringing 0uV into 1050000-1050000uV
[    2.165023] as3722-ldo9: supplied by +5V_SYS
[    2.170765] +3.3V_RUN_TOUCH: Bringing 0uV into 2800000-2800000uV
[    2.177350] as3722-ldo10: supplied by +5V_SYS
[    2.182259] +2.8V_RUN_CAM_AF: Bringing 0uV into 2800000-2800000uV
[    2.189111] as3722-ldo11: supplied by +3.3V_RUN
[    2.194439] +1.8V_RUN_VPP_FUSE: Bringing 0uV into 1800000-1800000uV
[    2.204136] tegra-ahci 70027000.sata: AHCI 0001.0301 32 slots 2 ports 3 Gbps 0x1 impl platform mode
[    2.213202] tegra-ahci 70027000.sata: flags: 64bit ncq sntf pm led pio slum part sadm sds apst 
[    2.223974] scsi host0: tegra-ahci
[    2.228542] scsi host1: tegra-ahci
[    2.232278] ata1: SATA max UDMA/133 mmio [mem 0x70027000-0x70028fff] port 0x100 irq 345
[    2.240313] ata2: DUMMY
[    2.246107] tegra-ehci 7d008000.usb: EHCI Host Controller
[    2.251523] tegra-ehci 7d008000.usb: new USB bus registered, assigned bus number 2
[    2.259311] tegra-ehci 7d008000.usb: irq 355, io mem 0x7d008000
[    2.293311] tegra-ehci 7d008000.usb: USB 2.0 started, EHCI 1.10
[    2.300400] hub 2-0:1.0: USB hub found
[    2.304252] hub 2-0:1.0: 1 port detected
[    2.310716] sdhci-tegra 700b0400.sdhci: Got CD GPIO
[    2.315664] sdhci-tegra 700b0400.sdhci: Got WP GPIO
[    2.320732] mmc1: Unknown controller version (3). You may experience problems.
[    2.328063] mmc1: Invalid maximum block size, assuming 512 bytes
[    2.393760] mmc1: SDHCI controller on 700b0400.sdhci [700b0400.sdhci] using ADMA
[    2.401876] tegra-pcie 1003000.pcie-controller: 2x1, 1x1 configuration
[    2.410410] tegra-pcie 1003000.pcie-controller: probing port 0, using 2 lanes
[    2.419775] tegra-pcie 1003000.pcie-controller: Slot present pin change, signature: 00000008
[    2.444130] tegra-pcie 1003000.pcie-controller: probing port 1, using 1 lanes
[    2.453345] tegra-pcie 1003000.pcie-controller: Slot present pin change, signature: 00000000
[    2.467654] tegra-pcie 1003000.pcie-controller: PCI host bridge to bus 0000:00
[    2.474920] pci_bus 0000:00: root bus resource [io  0x0000-0xffff]
[    2.481105] pci_bus 0000:00: root bus resource [mem 0x13000000-0x1fffffff]
[    2.488011] pci_bus 0000:00: root bus resource [mem 0x20000000-0x3fffffff pref]
[    2.495362] pci_bus 0000:00: root bus resource [bus 00-ff]
[    2.500887] pci 0000:00:01.0: [10de:0e12] type 01 class 0x060400
[    2.507018] pci_bus 0000:00: 2-byte config write to 0000:00:01.0 offset 0x52 may corrupt adjacent RW1C bits
[    2.516827] pci 0000:00:01.0: PME# supported from D0 D1 D2 D3hot D3cold
[    2.523491] pci_bus 0000:00: 2-byte config write to 0000:00:01.0 offset 0x4c may corrupt adjacent RW1C bits
[    2.533587] pci 0000:00:02.0: [10de:0e13] type 01 class 0x060400
[    2.539670] pci_bus 0000:00: 2-byte config write to 0000:00:02.0 offset 0x52 may corrupt adjacent RW1C bits
[    2.549489] pci 0000:00:02.0: PME# supported from D0 D1 D2 D3hot D3cold
[    2.556147] pci_bus 0000:00: 2-byte config write to 0000:00:02.0 offset 0x4c may corrupt adjacent RW1C bits
[    2.566276] pci_bus 0000:00: 2-byte config write to 0000:00:01.0 offset 0x3e may corrupt adjacent RW1C bits
[    2.576058] pci_bus 0000:00: 2-byte config write to 0000:00:02.0 offset 0x3e may corrupt adjacent RW1C bits
[    2.576950] ata1: SATA link down (SStatus 0 SControl 300)
[    2.591222] pci_bus 0000:00: 2-byte config write to 0000:00:01.0 offset 0x4 may corrupt adjacent RW1C bits
[    2.600877] pci_bus 0000:00: 1-byte config write to 0000:00:01.0 offset 0xc may corrupt adjacent RW1C bits
[    2.610534] pci_bus 0000:00: 2-byte config write to 0000:00:02.0 offset 0x4 may corrupt adjacent RW1C bits
[    2.620190] pci_bus 0000:00: 1-byte config write to 0000:00:02.0 offset 0xc may corrupt adjacent RW1C bits
[    2.629871] PCI: bus0: Fast back to back transfers disabled
[    2.635464] pci 0000:00:01.0: bridge configuration invalid ([bus 00-00]), reconfiguring
[    2.643514] pci 0000:00:02.0: bridge configuration invalid ([bus 00-00]), reconfiguring
[    2.651753] pci 0000:01:00.0: [8086:4232] type 00 class 0x028000
[    2.657815] pci 0000:01:00.0: reg 0x10: [mem 0x00000000-0x00001fff 64bit]
[    2.664808] pci 0000:01:00.0: PME# supported from D0 D3hot D3cold
[    2.686901] mmc1: new high speed SDHC card at address aaaa
[    2.693242] mmcblk1: mmc1:aaaa SD04G 3.69 GiB 
[    2.698032] PCI: bus1: Fast back to back transfers disabled
[    2.703670] pci_bus 0000:01: busn_res: [bus 01-ff] end is updated to 01
[    2.710517] pci 0000:02:00.0: [10ec:8168] type 00 class 0x020000
[    2.716588] pci 0000:02:00.0: reg 0x10: [io  0x0000-0x00ff]
[    2.722197] pci 0000:02:00.0: reg 0x18: [mem 0x00000000-0x00000fff 64bit]
[    2.729046] pci 0000:02:00.0: reg 0x20: [mem 0x00000000-0x00003fff 64bit pref]
[    2.736447] pci 0000:02:00.0: supports D1 D2
[    2.740716] pci 0000:02:00.0: PME# supported from D0 D1 D2 D3hot D3cold
[    2.760958]  mmcblk1: p1 p2 p3
[    2.773348] PCI: bus2: Fast back to back transfers disabled
[    2.778935] pci_bus 0000:02: busn_res: [bus 02-ff] end is updated to 02
[    2.785746] pci 0000:00:01.0: BAR 8: assigned [mem 0x13000000-0x130fffff]
[    2.792527] pci 0000:00:02.0: BAR 8: assigned [mem 0x13100000-0x131fffff]
[    2.799350] pci 0000:00:02.0: BAR 9: assigned [mem 0x20000000-0x200fffff 64bit pref]
[    2.807106] pci 0000:00:02.0: BAR 7: assigned [io  0x1000-0x1fff]
[    2.813218] pci 0000:01:00.0: BAR 0: assigned [mem 0x13000000-0x13001fff 64bit]
[    2.820556] pci 0000:00:01.0: PCI bridge to [bus 01]
[    2.825560] pci 0000:00:01.0:   bridge window [mem 0x13000000-0x130fffff]
[    2.832355] pci 0000:02:00.0: BAR 4: assigned [mem 0x20000000-0x20003fff 64bit pref]
[    2.840150] pci 0000:02:00.0: BAR 2: assigned [mem 0x13100000-0x13100fff 64bit]
[    2.847490] pci 0000:02:00.0: BAR 0: assigned [io  0x1000-0x10ff]
[    2.853621] pci 0000:00:02.0: PCI bridge to [bus 02]
[    2.858583] pci 0000:00:02.0:   bridge window [io  0x1000-0x1fff]
[    2.864691] pci 0000:00:02.0:   bridge window [mem 0x13100000-0x131fffff]
[    2.871471] pci 0000:00:02.0:   bridge window [mem 0x20000000-0x200fffff 64bit pref]
[    2.879274] pci 0000:00:01.0: nv_msi_ht_cap_quirk didn't locate host bridge
[    2.886347] pcieport 0000:00:01.0: enabling device (0140 -> 0142)
[    2.892715] pcieport 0000:00:01.0: Signaling PME with IRQ 393
[    2.898609] pci 0000:00:02.0: nv_msi_ht_cap_quirk didn't locate host bridge
[    2.905667] pcieport 0000:00:02.0: enabling device (0140 -> 0143)
[    2.912023] pcieport 0000:00:02.0: Signaling PME with IRQ 394
[    2.918121] r8169 Gigabit Ethernet driver 2.3LK-NAPI loaded
[    2.923732] r8169 0000:02:00.0: enabling device (0140 -> 0143)
[    2.955002] r8169 0000:02:00.0 eth0: RTL8168g/8111g at 0xf0b54000, 00:04:4b:3a:d9:81, XID 0c000800 IRQ 395
[    2.964700] r8169 0000:02:00.0 eth0: jumbo features [frames: 9200 bytes, tx checksumming: ko]
[    2.979793] [drm] Supports vblank timestamp caching Rev 2 (21.10.2013).
[    2.986443] [drm] No driver support for vblank timestamp query.
[    3.116241] tegra-hdmi 54280000.hdmi: cannot set audio to 48000 Hz at 297000000 Hz pixel clock
[    3.285260] Console: switching to colour frame buffer device 512x135
[    3.381683] drm drm: fb0:  frame buffer device
[    3.423346] [drm] Initialized tegra 0.0.0 20120330 on minor 0
[    3.430712] of: dev_pm_opp_of_cpumask_add_table: couldn't find opp table for cpu:0, -19
[    3.438812] cpufreq: cpufreq_online: CPU0: Running at unlisted freq: 696000 KHz
[    3.446175] cpufreq: cpufreq_online: CPU0: Unlisted initial frequency changed to: 714000 KHz
[    3.455444] input: gpio-keys as /devices/soc0/gpio-keys/input/input0
[    3.462707] as3722-rtc as3722-rtc: setting system clock to 2000-01-01 00:02:41 UTC (946684961)
[    3.471821] +USB0_VBUS_SW: disabling
[    3.475424] +1.8V_RUN_CAM: disabling
[    3.479196] +2.8V_RUN_CAM: disabling
[    3.482975] +1.2V_RUN_CAM_FRONT: disabling
[    3.487253] +1.05V_RUN_CAM_REAR: disabling
[    3.491501] +3.3V_RUN_TOUCH: disabling
[    3.495428] +2.8V_RUN_CAM_AF: disabling
[    3.499417] +1.8V_RUN_VPP_FUSE: disabling
[    3.504643] EXT4-fs (mmcblk0p1): mounting ext3 file system using the ext4 subsystem
[    3.526678] EXT4-fs (mmcblk0p1): recovery complete
[    3.531466] EXT4-fs (mmcblk0p1): mounted filesystem with ordered data mode. Opts: (null)
[    3.539597] VFS: Mounted root (ext3 filesystem) on device 179:1.
[    3.549941] devtmpfs: mounted
[    3.553675] Freeing unused kernel memory: 2048K
bash: cannot set terminal process group (-1): Inappropriate ioctl for device
bash: no job control in this shell
root@(none):/# mount -t sysfs none /sys
root@(none):/# 
root@(none):/# mount -t debugfs none /sys/kernel/debug
root@(none):/# 
root@(none):/# rtcwake -d rtc1 -m mem -s 3
rtcwake: assuming RTC uses UTC ...
rtcwake: wakeup from "mem" using /dev/rtc1 at Thu Jan  1 00:00:20 1970
[    6.489330] PM: Syncing filesystems ... done.
[    6.598649] Freezing user space processes ... (elapsed 0.001 seconds) done.
[    6.606865] Freezing remaining freezable tasks ... (elapsed 0.001 seconds) done.
[    6.615591] Suspending console(s) (use no_console_suspend to debug)
[    6.735262] PM: suspend of devices complete after 112.507 msecs
[    6.737757] PM: late suspend of devices complete after 2.481 msecs
[    6.764996] PM: noirq suspend of devices complete after 27.232 msecs
[    6.764999] Disabling non-boot CPUs ...
[    6.765372] IRQ17 no longer affine to CPU1
[    6.765658] CPU1: shutdown
[    6.825641] CPU2: shutdown
[    6.885368] CPU3: shutdown
[    6.924425] Entering suspend state LP1
[    6.924425] Suspended for 2.985 seconds
[    6.924435] Enabling non-boot CPUs ...
[    6.953984] CPU1 is up
[    6.993995] CPU2 is up
[    7.034119] CPU3 is up
[    7.034886] pcieport 0000:00:02.0: nv_msi_ht_cap_quirk didn't locate host bridge
[    7.034888] pcieport 0000:00:01.0: nv_msi_ht_cap_quirk didn't locate host bridge
[    7.063281] PM: noirq resume of devices complete after 29.156 msecs
[    7.065046] PM: early resume of devices complete after 1.435 msecs
[    7.068653] tegra-hdmi 54280000.hdmi: cannot set audio to 48000 Hz at 297000000 Hz pixel clock
[    7.148115] PM: resume of devices complete after 83.058 msecs
[    7.243290] Restarting tasks ... done.
root@(none):/# 
root@(none):/# [    7.395816] ata1: SATA link down (SStatus 0 SControl 300)
rtcwake -d rtc1 -m mem -s 3
rtcwake: assuming RTC uses UTC ...
rtcwake: wakeup from "mem" using /dev/rtc1 at Thu Jan  1 00:00:25 1970
[    8.573597] PM: Syncing filesystems ... done.
[    8.750858] Freezing user space processes ... (elapsed 0.001 seconds) done.
[    8.759176] Freezing remaining freezable tasks ... (elapsed 0.001 seconds) done.
[    8.767800] Suspending console(s) (use no_console_suspend to debug)
[    8.783101] pci_generic_config_write32: 116 callbacks suppressed
[    8.783112] pci_bus 0000:00: 2-byte config write to 0000:00:02.0 offset 0x9c may corrupt adjacent RW1C bits
[    8.783125] pci_bus 0000:00: 2-byte config write to 0000:00:01.0 offset 0x9c may corrupt adjacent RW1C bits
[    8.894658] PM: suspend of devices complete after 120.036 msecs
[    8.896469] PM: late suspend of devices complete after 1.802 msecs
[    8.896927] pci_bus 0000:02: 2-byte config write to 0000:02:00.0 offset 0x44 may corrupt adjacent RW1C bits
[    8.896944] pci_bus 0000:02: 2-byte config write to 0000:02:00.0 offset 0x44 may corrupt adjacent RW1C bits
[    8.924365] PM: noirq suspend of devices complete after 27.890 msecs
[    8.924367] Disabling non-boot CPUs ...
[    8.924846] CPU1: shutdown
[    8.994435] IRQ17 no longer affine to CPU2
[    8.994702] CPU2: shutdown
[    9.054574] CPU3: shutdown
[    9.103872] Entering suspend state LP1
[    9.103872] Suspended for 2.820 seconds
[    9.103882] Enabling non-boot CPUs ...
[    9.133942] CPU1 is up
[    9.173968] CPU2 is up
[    9.214100] CPU3 is up
[    9.214739] pci_bus 0000:00: 2-byte config write to 0000:00:01.0 offset 0x4c may corrupt adjacent RW1C bits
[    9.214749] pci_bus 0000:00: 2-byte config write to 0000:00:01.0 offset 0x88 may corrupt adjacent RW1C bits
[    9.214754] pci_bus 0000:00: 2-byte config write to 0000:00:01.0 offset 0x90 may corrupt adjacent RW1C bits
[    9.214759] pci_bus 0000:00: 2-byte config write to 0000:00:01.0 offset 0x98 may corrupt adjacent RW1C bits
[    9.214764] pci_bus 0000:00: 2-byte config write to 0000:00:01.0 offset 0x9c may corrupt adjacent RW1C bits
[    9.214769] pci_bus 0000:00: 2-byte config write to 0000:00:01.0 offset 0xa8 may corrupt adjacent RW1C bits
[    9.214823] pcieport 0000:00:01.0: nv_msi_ht_cap_quirk didn't locate host bridge
[    9.214981] pcieport 0000:00:02.0: nv_msi_ht_cap_quirk didn't locate host bridge
[    9.243247] PM: noirq resume of devices complete after 29.142 msecs
[    9.244940] PM: early resume of devices complete after 1.362 msecs
[    9.247685] tegra-hdmi 54280000.hdmi: cannot set audio to 48000 Hz at 297000000 Hz pixel clock
[    9.327162] PM: resume of devices complete after 82.213 msecs
[    9.525645] Restarting tasks ... done.
root@(none):/# 
[    9.576031] ata1: SATA link down (SStatus 0 SControl 300)
root@(none):/# rtcwake -d rtc1 -m mem -s 3
rtcwake: assuming RTC uses UTC ...
rtcwake: wakeup from "mem" using /dev/rtc1 at Thu Jan  1 00:00:30 1970
[   10.754234] PM: Syncing filesystems ... done.
[   10.931125] Freezing user space processes ... (elapsed 0.001 seconds) done.
[   10.939440] Freezing remaining freezable tasks ... (elapsed 0.001 seconds) done.
[   10.948053] Suspending console(s) (use no_console_suspend to debug)
[   11.074605] PM: suspend of devices complete after 119.760 msecs
[   11.076774] PM: late suspend of devices complete after 2.160 msecs
[   11.104219] PM: noirq suspend of devices complete after 27.439 msecs
[   11.104221] Disabling non-boot CPUs ...
[   11.104471] IRQ17 no longer affine to CPU1
[   11.104681] CPU1: shutdown
[   11.164563] CPU2: shutdown
[   11.224450] CPU3: shutdown
[   11.273812] Entering suspend state LP1
[   11.273812] Suspended for 2.829 seconds
[   11.273822] Enabling non-boot CPUs ...
[   11.303931] CPU1 is up
[   11.343958] CPU2 is up
[   11.384099] CPU3 is up
[   11.384862] pcieport 0000:00:01.0: nv_msi_ht_cap_quirk didn't locate host bridge
[   11.384864] pcieport 0000:00:02.0: nv_msi_ht_cap_quirk didn't locate host bridge
[   11.413224] PM: noirq resume of devices complete after 29.119 msecs
[   11.414987] PM: early resume of devices complete after 1.434 msecs
[   11.418283] tegra-hdmi 54280000.hdmi: cannot set audio to 48000 Hz at 297000000 Hz pixel clock
[   11.498515] PM: resume of devices complete after 83.518 msecs
[   11.593664] Restarting tasks ... done.
root@(none):/# 
root@(none):/# [   11.745755] ata1: SATA link down (SStatus 0 SControl 300)
rtcwake -d rtc1 -m mem -s 3
rtcwake: assuming RTC uses UTC ...
rtcwake: wakeup from "mem" using /dev/rtc1 at Thu Jan  1 00:00:35 1970
[   12.921873] PM: Syncing filesystems ... done.
[   13.099345] Freezing user space processes ... (elapsed 0.001 seconds) done.
[   13.107667] Freezing remaining freezable tasks ... (elapsed 0.001 seconds) done.
[   13.116283] Suspending console(s) (use no_console_suspend to debug)
[   13.244771] PM: suspend of devices complete after 121.703 msecs
[   13.247084] PM: late suspend of devices complete after 2.303 msecs
[   13.274271] PM: noirq suspend of devices complete after 27.180 msecs
[   13.274273] Disabling non-boot CPUs ...
[   13.274527] IRQ17 no longer affine to CPU1
[   13.274733] CPU1: shutdown
[   13.334534] CPU2: shutdown
[   13.394427] CPU3: shutdown
[   13.443769] Entering suspend state LP1
[   13.443769] Suspended for 2.829 seconds
[   13.443779] Enabling non-boot CPUs ...
[   13.473904] CPU1 is up
[   13.513937] CPU2 is up
[   13.554069] CPU3 is up
[   13.554813] pcieport 0000:00:02.0: nv_msi_ht_cap_quirk didn't locate host bridge
[   13.554815] pcieport 0000:00:01.0: nv_msi_ht_cap_quirk didn't locate host bridge
[   13.583194] PM: noirq resume of devices complete after 29.119 msecs
[   13.584973] PM: early resume of devices complete after 1.437 msecs
[   13.588535] tegra-hdmi 54280000.hdmi: cannot set audio to 48000 Hz at 297000000 Hz pixel clock
[   13.668800] PM: resume of devices complete after 83.817 msecs
[   13.763991] Restarting tasks ... done.
root@(none):/# 
root@(none):/# [   13.915731] ata1: SATA link down (SStatus 0 SControl 300)
rtcwake -d rtc1 -m mem -s 3
rtcwake: assuming RTC uses UTC ...
rtcwake: wakeup from "mem" using /dev/rtc1 at Thu Jan  1 00:00:40 1970
[   15.093662] PM: Syncing filesystems ... done.
[   15.270252] Freezing user space processes ... (elapsed 0.001 seconds) done.
[   15.278579] Freezing remaining freezable tasks ... (elapsed 0.001 seconds) done.
[   15.287206] Suspending console(s) (use no_console_suspend to debug)
[   15.304598] pci_generic_config_write32: 116 callbacks suppressed
[   15.304606] pci_bus 0000:00: 2-byte config write to 0000:00:02.0 offset 0x9c may corrupt adjacent RW1C bits
[   15.304629] pci_bus 0000:00: 2-byte config write to 0000:00:01.0 offset 0x9c may corrupt adjacent RW1C bits
[   15.414732] PM: suspend of devices complete after 120.687 msecs
[   15.416945] PM: late suspend of devices complete after 2.203 msecs
[   15.417403] pci_bus 0000:02: 2-byte config write to 0000:02:00.0 offset 0x44 may corrupt adjacent RW1C bits
[   15.417418] pci_bus 0000:02: 2-byte config write to 0000:02:00.0 offset 0x44 may corrupt adjacent RW1C bits
[   15.444320] PM: noirq suspend of devices complete after 27.370 msecs
[   15.444323] Disabling non-boot CPUs ...
[   15.444816] CPU1: shutdown
[   15.504612] CPU2: shutdown
[   15.564420] CPU3: shutdown
[   15.593862] Entering suspend state LP1
[   15.593862] Suspended for 2.849 seconds
[   15.593872] Enabling non-boot CPUs ...
[   15.623881] CPU1 is up
[   15.663902] CPU2 is up
[   15.704042] CPU3 is up
[   15.704679] pci_bus 0000:00: 2-byte config write to 0000:00:01.0 offset 0x4c may corrupt adjacent RW1C bits
[   15.704687] pci_bus 0000:00: 2-byte config write to 0000:00:02.0 offset 0x4c may corrupt adjacent RW1C bits
[   15.704698] pci_bus 0000:00: 2-byte config write to 0000:00:01.0 offset 0x88 may corrupt adjacent RW1C bits
[   15.704704] pci_bus 0000:00: 2-byte config write to 0000:00:02.0 offset 0x88 may corrupt adjacent RW1C bits
[   15.704709] pci_bus 0000:00: 2-byte config write to 0000:00:01.0 offset 0x90 may corrupt adjacent RW1C bits
[   15.704714] pci_bus 0000:00: 2-byte config write to 0000:00:02.0 offset 0x90 may corrupt adjacent RW1C bits
[   15.704821] pcieport 0000:00:01.0: nv_msi_ht_cap_quirk didn't locate host bridge
[   15.704822] pcieport 0000:00:02.0: nv_msi_ht_cap_quirk didn't locate host bridge
[   15.733165] PM: noirq resume of devices complete after 29.117 msecs
[   15.734922] PM: early resume of devices complete after 1.420 msecs
[   15.738183] tegra-hdmi 54280000.hdmi: cannot set audio to 48000 Hz at 297000000 Hz pixel clock
[   15.818371] PM: resume of devices complete after 83.439 msecs
[   16.012759] Restarting tasks ... done.
root@(none):/# 
[   16.065897] ata1: SATA link down (SStatus 0 SControl 300)
root@(none):/# rtcwake -d rtc1 -m mem -s 3
rtcwake: assuming RTC uses UTC ...
rtcwake: wakeup from "mem" using /dev/rtc1 at Thu Jan  1 00:00:45 1970
[   17.240911] PM: Syncing filesystems ... done.
[   17.322369] Freezing user space processes ... (elapsed 0.001 seconds) done.
[   17.330600] Freezing remaining freezable tasks ... (elapsed 0.001 seconds) done.
[   17.339386] Suspending console(s) (use no_console_suspend to debug)
[   17.475210] PM: suspend of devices complete after 128.567 msecs
[   17.479710] PM: late suspend of devices complete after 4.486 msecs
[   17.505407] PM: noirq suspend of devices complete after 25.686 msecs
[   17.505411] Disabling non-boot CPUs ...
[   17.505895] IRQ17 no longer affine to CPU1
[   17.506286] CPU1: shutdown
[   17.555871] CPU2: shutdown
[   17.615406] CPU3: shutdown
[   17.644522] Entering suspend state LP1
[   17.644522] Suspended for 2.949 seconds
[   17.644533] Enabling non-boot CPUs ...
[   17.673854] CPU1 is up
[   17.713877] CPU2 is up
[   17.754013] CPU3 is up
[   17.754758] pcieport 0000:00:02.0: nv_msi_ht_cap_quirk didn't locate host bridge
[   17.754760] pcieport 0000:00:01.0: nv_msi_ht_cap_quirk didn't locate host bridge
[   17.783128] PM: noirq resume of devices complete after 29.110 msecs
[   17.784944] PM: early resume of devices complete after 1.480 msecs
[   17.787985] tegra-hdmi 54280000.hdmi: cannot set audio to 48000 Hz at 297000000 Hz pixel clock
[   17.868210] PM: resume of devices complete after 83.257 msecs
[   17.963346] Restarting tasks ... done.
root@(none):/# 
root@(none):/# [   18.115659] ata1: SATA link down (SStatus 0 SControl 300)
rtcwake -d rtc1 -m mem -s 3
rtcwake: assuming RTC uses UTC ...
rtcwake: wakeup from "mem" using /dev/rtc1 at Thu Jan  1 00:00:50 1970
[   19.285314] PM: Syncing filesystems ... done.
[   19.463356] Freezing user space processes ... (elapsed 0.001 seconds) done.
[   19.471664] Freezing remaining freezable tasks ... (elapsed 0.001 seconds) done.
[   19.480289] Suspending console(s) (use no_console_suspend to debug)
[   19.614669] PM: suspend of devices complete after 127.557 msecs
[   19.616464] PM: late suspend of devices complete after 1.785 msecs
[   19.644256] PM: noirq suspend of devices complete after 27.786 msecs
[   19.644258] Disabling non-boot CPUs ...
[   19.644532] IRQ17 no longer affine to CPU1
[   19.644760] CPU1: shutdown
[   19.684559] CPU2: shutdown
[   19.744447] CPU3: shutdown
[   19.793694] Entering suspend state LP1
[   19.793694] Suspended for 2.850 seconds
[   19.793705] Enabling non-boot CPUs ...
[   19.823793] CPU1 is up
[   19.863826] CPU2 is up
[   19.903943] CPU3 is up
[   19.904623] pcieport 0000:00:01.0: nv_msi_ht_cap_quirk didn't locate host bridge
[   19.904782] pcieport 0000:00:02.0: nv_msi_ht_cap_quirk didn't locate host bridge
[   19.933102] PM: noirq resume of devices complete after 29.154 msecs
[   19.934768] PM: early resume of devices complete after 1.338 msecs
[   19.937888] tegra-hdmi 54280000.hdmi: cannot set audio to 48000 Hz at 297000000 Hz pixel clock
[   20.017396] PM: resume of devices complete after 82.618 msecs
[   20.112611] Restarting tasks ... done.
root@(none):/# 
root@(none):/# [   20.265627] ata1: SATA link down (SStatus 0 SControl 300)
rtcwake -d rtc1 -m mem -s 3
rtcwake: assuming RTC uses UTC ...
rtcwake: wakeup from "mem" using /dev/rtc1 at Thu Jan  1 00:00:55 1970
[   21.443426] PM: Syncing filesystems ... done.
[   21.622630] Freezing user space processes ... (elapsed 0.001 seconds) done.
[   21.630932] Freezing remaining freezable tasks ... (elapsed 0.001 seconds) done.
[   21.639534] Suspending console(s) (use no_console_suspend to debug)
[   21.652714] pci_generic_config_write32: 116 callbacks suppressed
[   21.652721] pci_bus 0000:00: 2-byte config write to 0000:00:02.0 offset 0x9c may corrupt adjacent RW1C bits
[   21.652745] pci_bus 0000:00: 2-byte config write to 0000:00:01.0 offset 0x9c may corrupt adjacent RW1C bits
[   21.764419] PM: suspend of devices complete after 118.123 msecs
[   21.766697] PM: late suspend of devices complete after 2.269 msecs
[   21.767095] pci_bus 0000:02: 2-byte config write to 0000:02:00.0 offset 0x44 may corrupt adjacent RW1C bits
[   21.767124] pci_bus 0000:02: 2-byte config write to 0000:02:00.0 offset 0x44 may corrupt adjacent RW1C bits
[   21.794077] PM: noirq suspend of devices complete after 27.374 msecs
[   21.794079] Disabling non-boot CPUs ...
[   21.794316] IRQ17 no longer affine to CPU1
[   21.794520] CPU1: shutdown
[   21.874336] CPU2: shutdown
[   21.934233] CPU3: shutdown
[   21.983568] Entering suspend state LP1
[   21.983568] Suspended for 2.809 seconds
[   21.983579] Enabling non-boot CPUs ...
[   22.013797] CPU1 is up
[   22.053821] CPU2 is up
[   22.093966] CPU3 is up
[   22.094595] pci_bus 0000:00: 2-byte config write to 0000:00:02.0 offset 0x4c may corrupt adjacent RW1C bits
[   22.094606] pci_bus 0000:00: 2-byte config write to 0000:00:02.0 offset 0x88 may corrupt adjacent RW1C bits
[   22.094612] pci_bus 0000:00: 2-byte config write to 0000:00:02.0 offset 0x90 may corrupt adjacent RW1C bits
[   22.094617] pci_bus 0000:00: 2-byte config write to 0000:00:02.0 offset 0x98 may corrupt adjacent RW1C bits
[   22.094622] pci_bus 0000:00: 2-byte config write to 0000:00:02.0 offset 0x9c may corrupt adjacent RW1C bits
[   22.094626] pci_bus 0000:00: 2-byte config write to 0000:00:02.0 offset 0xa8 may corrupt adjacent RW1C bits
[   22.094682] pcieport 0000:00:02.0: nv_msi_ht_cap_quirk didn't locate host bridge
[   22.094792] pcieport 0000:00:01.0: nv_msi_ht_cap_quirk didn't locate host bridge
[   22.123074] PM: noirq resume of devices complete after 29.102 msecs
[   22.124279] PM: early resume of devices complete after 1.043 msecs
[   22.127639] tegra-hdmi 54280000.hdmi: cannot set audio to 48000 Hz at 297000000 Hz pixel clock
[   22.208134] PM: resume of devices complete after 83.846 msecs
[   22.406617] Restarting tasks ... done.
root@(none):/# 
[   22.455900] ata1: SATA link down (SStatus 0 SControl 300)
root@(none):/# rtcwake -d rtc1 -m mem -s 3
rtcwake: assuming RTC uses UTC ...
rtcwake: wakeup from "mem" using /dev/rtc1 at Thu Jan  1 00:01:00 1970
[   23.635005] PM: Syncing filesystems ... done.
[   23.811972] Freezing user space processes ... (elapsed 0.001 seconds) done.
[   23.820288] Freezing remaining freezable tasks ... (elapsed 0.001 seconds) done.
[   23.828898] Suspending console(s) (use no_console_suspend to debug)
[   23.954423] PM: suspend of devices complete after 118.734 msecs
[   23.956612] PM: late suspend of devices complete after 2.179 msecs
[   23.984105] PM: noirq suspend of devices complete after 27.487 msecs
[   23.984106] Disabling non-boot CPUs ...
[   23.984568] CPU1: shutdown
[   24.044381] CPU2: shutdown
[   24.104280] CPU3: shutdown
[   24.153582] Entering suspend state LP1
[   24.153582] Suspended for 2.829 seconds
[   24.153593] Enabling non-boot CPUs ...
[   24.183757] CPU1 is up
[   24.223794] CPU2 is up
[   24.263926] CPU3 is up
[   24.264665] pcieport 0000:00:01.0: nv_msi_ht_cap_quirk didn't locate host bridge
[   24.264667] pcieport 0000:00:02.0: nv_msi_ht_cap_quirk didn't locate host bridge
[   24.293050] PM: noirq resume of devices complete after 29.119 msecs
[   24.294691] PM: early resume of devices complete after 1.299 msecs
[   24.297967] tegra-hdmi 54280000.hdmi: cannot set audio to 48000 Hz at 297000000 Hz pixel clock
[   24.378239] PM: resume of devices complete after 83.538 msecs
[   24.469325] Restarting tasks ... done.
root@(none):/# 
root@(none):/# [   24.625618] ata1: SATA link down (SStatus 0 SControl 300)
rtcwake -d rtc1 -m mem -s 3
rtcwake: assuming RTC uses UTC ...
rtcwake: wakeup from "mem" using /dev/rtc1 at Thu Jan  1 00:01:05 1970
[   25.805019] PM: Syncing filesystems ... done.
[   25.982323] Freezing user space processes ... (elapsed 0.001 seconds) done.
[   25.990635] Freezing remaining freezable tasks ... (elapsed 0.001 seconds) done.
[   25.999256] Suspending console(s) (use no_console_suspend to debug)
[   26.124687] PM: suspend of devices complete after 118.592 msecs
[   26.127050] PM: late suspend of devices complete after 2.353 msecs
[   26.154150] PM: noirq suspend of devices complete after 27.094 msecs
[   26.154152] Disabling non-boot CPUs ...
[   26.154646] CPU1: shutdown
[   26.214465] CPU2: shutdown
[   26.274352] CPU3: shutdown
[   26.323608] Entering suspend state LP1
[   26.323608] Suspended for 2.829 seconds
[   26.323619] Enabling non-boot CPUs ...
[   26.353709] CPU1 is up
[   26.393741] CPU2 is up
[   26.433866] CPU3 is up
[   26.434597] pcieport 0000:00:01.0: nv_msi_ht_cap_quirk didn't locate host bridge
[   26.434600] pcieport 0000:00:02.0: nv_msi_ht_cap_quirk didn't locate host bridge
[   26.463023] PM: noirq resume of devices complete after 29.151 msecs
[   26.464112] PM: early resume of devices complete after 0.773 msecs
[   26.467189] tegra-hdmi 54280000.hdmi: cannot set audio to 48000 Hz at 297000000 Hz pixel clock
[   26.546597] PM: resume of devices complete after 82.477 msecs
[   26.637640] Restarting tasks ... done.
root@(none):/# 
root@(none):/# [   26.795589] ata1: SATA link down (SStatus 0 SControl 300)
NVTB SYSTEM SUSPEND TEST COMPLETE
