
U-Boot SPL 2016.05-rc2 (Apr 21 2016 - 16:23:00)
Trying to boot from RAM


U-Boot 2016.05-rc2 (Apr 21 2016 - 16:23:00 -0700)

TEGRA124
Model: NVIDIA Jetson TK1
Board: NVIDIA Jetson TK1
DRAM:  2 GiB
MMC:   Tegra SD/MMC: 0, Tegra SD/MMC: 1
In:    serial
Out:   serial
Err:   serial
Net:   No ethernet found.
Hit any key to stop autoboot:  2  0 
Tegra124 (Jetson TK1) # 
Tegra124 (Jetson TK1) # pci enum
Tegra124 (Jetson TK1) # setenv bootargs 'ignore_loglevel console=ttyS0,115200n8 rw root=PARTUUID=b1791faa-84e8-4e27-83a1-9fb0a77e8803 rootwait gpt debug noinitrd earlyprintk init=/bin/bash'
Tegra124 (Jetson TK1) # setenv ipaddr 192.168.100.102; setenv serverip 192.168.100.1; setenv tftpserverip 192.168.100.1
Tegra124 (Jetson TK1) # tftpboot 0x82000000 zImage.multi_v7_defconfig

Warning: eth_rtl8169 using MAC address from ROM
Using eth_rtl8169 device
TFTP from server 192.168.100.1; our IP address is 192.168.100.102
Filename 'zImage.multi_v7_defconfig'.
Load address: 0x82000000
Loading: *#################################################################
	 #################################################################
	 #################################################################
	 #################################################################
	 #################################################################
	 #################################################################
	 #################################################################
	 #######################################
	 3.4 MiB/s
done
Bytes transferred = 7239360 (6e76c0 hex)
Tegra124 (Jetson TK1) # tftpboot 0x83000000 tegra124-jetson-tk1.dtb
Using eth_rtl8169 device
TFTP from server 192.168.100.1; our IP address is 192.168.100.102
Filename 'tegra124-jetson-tk1.dtb'.
Load address: 0x83000000
Loading: *#####
	 3.3 MiB/s
done
Bytes transferred = 66737 (104b1 hex)
Tegra124 (Jetson TK1) # bootz 0x82000000 - 0x83000000
Kernel image @ 0x82000000 [ 0x000000 - 0x6e76c0 ]
## Flattened Device Tree blob at 83000000
   Booting using the fdt blob at 0x83000000
   Using Device Tree in place at 83000000, end 830134b0

Starting kernel ...

[    0.000000] Booting Linux on physical CPU 0x0
[    0.000000] Linux version 4.7.0-rc4-96064-g33688ab (pwalmsley@sellafield) (gcc version 4.7.3 20130328 (prerelease) (crosstool-NG linaro-1.13.1-4.7-2013.04-20130415 - Linaro GCC 2013.04) ) #1 SMP Sun Jun 19 22:04:28 PDT 2016
[    0.000000] CPU: ARMv7 Processor [413fc0f3] revision 3 (ARMv7), cr=10c5387d
[    0.000000] CPU: div instructions available: patching division code
[    0.000000] CPU: PIPT / VIPT nonaliasing data cache, PIPT instruction cache
[    0.000000] Machine model: NVIDIA Tegra124 Jetson TK1
[    0.000000] debug: ignoring loglevel setting.
[    0.000000] cma: Reserved 64 MiB at 0xfb800000
[    0.000000] Memory policy: Data cache writealloc
[    0.000000] On node 0 totalpages: 524032
[    0.000000] free_area_init_node: node 0, pgdat c141bb40, node_mem_map eeff8000
[    0.000000]   DMA zone: 1536 pages used for memmap
[    0.000000]   DMA zone: 0 pages reserved
[    0.000000]   DMA zone: 196608 pages, LIFO batch:31
[    0.000000]   HighMem zone: 327424 pages, LIFO batch:31
[    0.000000] percpu: Embedded 13 pages/cpu @eef89000 s23808 r8192 d21248 u53248
[    0.000000] pcpu-alloc: s23808 r8192 d21248 u53248 alloc=13*4096
[    0.000000] pcpu-alloc: [0] 0 [0] 1 [0] 2 [0] 3 
[    0.000000] Built 1 zonelists in Zone order, mobility grouping on.  Total pages: 522496
[    0.000000] Kernel command line: ignore_loglevel console=ttyS0,115200n8 rw root=PARTUUID=b1791faa-84e8-4e27-83a1-9fb0a77e8803 rootwait gpt debug noinitrd earlyprintk init=/bin/bash
[    0.000000] PID hash table entries: 4096 (order: 2, 16384 bytes)
[    0.000000] Dentry cache hash table entries: 131072 (order: 7, 524288 bytes)
[    0.000000] Inode-cache hash table entries: 65536 (order: 6, 262144 bytes)
[    0.000000] Memory: 1994996K/2096128K available (9529K kernel code, 1142K rwdata, 4476K rodata, 2048K init, 343K bss, 35596K reserved, 65536K cma-reserved, 1244160K highmem)
[    0.000000] Virtual kernel memory layout:
[    0.000000]     vector  : 0xffff0000 - 0xffff1000   (   4 kB)
[    0.000000]     fixmap  : 0xffc00000 - 0xfff00000   (3072 kB)
[    0.000000]     vmalloc : 0xf0800000 - 0xff800000   ( 240 MB)
[    0.000000]     lowmem  : 0xc0000000 - 0xf0000000   ( 768 MB)
[    0.000000]     pkmap   : 0xbfe00000 - 0xc0000000   (   2 MB)
[    0.000000]     modules : 0xbf000000 - 0xbfe00000   (  14 MB)
[    0.000000]       .text : 0xc0208000 - 0xc10ad50c   (14998 kB)
[    0.000000]       .init : 0xc1100000 - 0xc1300000   (2048 kB)
[    0.000000]       .data : 0xc1300000 - 0xc141dba0   (1143 kB)
[    0.000000]        .bss : 0xc141f000 - 0xc1474ca0   ( 344 kB)
[    0.000000] SLUB: HWalign=64, Order=0-3, MinObjects=0, CPUs=4, Nodes=1
[    0.000000] Hierarchical RCU implementation.
[    0.000000] 	Build-time adjustment of leaf fanout to 32.
[    0.000000] 	RCU restricting CPUs from NR_CPUS=16 to nr_cpu_ids=4.
[    0.000000] RCU: Adjusting geometry for rcu_fanout_leaf=32, nr_cpu_ids=4
[    0.000000] NR_IRQS:16 nr_irqs:16 16
[    0.000000] /interrupt-controller@60004000: 160 interrupts forwarded to /interrupt-controller@0,50041000
[    0.000000] Tegra clk 127: register failed with -17
[    0.000008] sched_clock: 32 bits at 1000kHz, resolution 1000ns, wraps every 2147483647500ns
[    0.000030] clocksource: timer_us: mask: 0xffffffff max_cycles: 0xffffffff, max_idle_ns: 1911260446275 ns
[    0.000045] Switching to timer-based delay loop, resolution 1000ns
[    0.005252] Architected cp15 timer(s) running at 12.00MHz (virt).
[    0.005269] clocksource: arch_sys_counter: mask: 0xffffffffffffff max_cycles: 0x2c47f4ee7, max_idle_ns: 440795202497 ns
[    0.005288] sched_clock: 56 bits at 12MHz, resolution 83ns, wraps every 4398046511096ns
[    0.005301] Switching to timer-based delay loop, resolution 83ns
[    0.005813] Console: colour dummy device 80x30
[    0.005838] Calibrating delay loop (skipped), value calculated using timer frequency.. 24.00 BogoMIPS (lpj=60000)
[    0.005852] pid_max: default: 32768 minimum: 301
[    0.005946] Mount-cache hash table entries: 2048 (order: 1, 8192 bytes)
[    0.005958] Mountpoint-cache hash table entries: 2048 (order: 1, 8192 bytes)
[    0.006559] CPU: Testing write buffer coherency: ok
[    0.006782] /cpus/cpu@0 missing clock-frequency property
[    0.006824] /cpus/cpu@1 missing clock-frequency property
[    0.006866] /cpus/cpu@2 missing clock-frequency property
[    0.006908] /cpus/cpu@3 missing clock-frequency property
[    0.006920] CPU0: thread -1, cpu 0, socket 0, mpidr 80000000
[    0.006941] Setting up static identity map for 0x80300000 - 0x80300098
[    0.010544] Tegra Revision: A01 SKU: 129 CPU Process: 1 SoC Process: 1
[    0.011992] CPU1: thread -1, cpu 1, socket 0, mpidr 80000001
[    0.015701] CPU2: thread -1, cpu 2, socket 0, mpidr 80000002
[    0.020703] CPU3: thread -1, cpu 3, socket 0, mpidr 80000003
[    0.025144] Brought up 4 CPUs
[    0.025163] SMP: Total of 4 processors activated (96.00 BogoMIPS).
[    0.025171] CPU: All CPU(s) started in SVC mode.
[    0.026631] devtmpfs: initialized
[    0.045216] VFP support v0.3: implementor 41 architecture 4 part 30 variant f rev 0
[    0.045907] clocksource: jiffies: mask: 0xffffffff max_cycles: 0xffffffff, max_idle_ns: 9556302231375000 ns
[    0.047272] pinctrl core: initialized pinctrl subsystem
[    0.048937] NET: Registered protocol family 16
[    0.050896] DMA: preallocated 256 KiB pool for atomic coherent allocations
[    0.065276] cpuidle: using governor menu
[    0.084641] No ATAGs?
[    0.084668] hw-breakpoint: found 5 (+1 reserved) breakpoint and 4 watchpoint registers.
[    0.084679] hw-breakpoint: maximum watchpoint size is 8 bytes.
[    0.090988] Serial: AMBA PL011 UART driver
[    0.120587] +5V_SYS: supplied by +VDD_MUX
[    0.120912] +3.3V_SYS: supplied by +VDD_MUX
[    0.121557] +USB0_VBUS_SW: Failed to request enable GPIO108: -517
[    0.121573] reg-fixed-voltage regulators:regulator@7: Failed to register regulator: -517
[    0.121663] +5V_USB_HS: Failed to request enable GPIO109: -517
[    0.121677] reg-fixed-voltage regulators:regulator@8: Failed to register regulator: -517
[    0.121846] +1.05V_RUN_AVDD_HDMI_PLL: Failed to request enable GPIO63: -517
[    0.121859] reg-fixed-voltage regulators:regulator@11: Failed to register regulator: -517
[    0.121945] +5V_HDMI_CON: Failed to request enable GPIO86: -517
[    0.121957] reg-fixed-voltage regulators:regulator@12: Failed to register regulator: -517
[    0.122043] +5V_SATA: Failed to request enable GPIO242: -517
[    0.122055] reg-fixed-voltage regulators:regulator@13: Failed to register regulator: -517
[    0.122140] +12V_SATA: Failed to request enable GPIO242: -517
[    0.122152] reg-fixed-voltage regulators:regulator@14: Failed to register regulator: -517
[    0.125520] vgaarb: loaded
[    0.126370] SCSI subsystem initialized
[    0.126537] libata version 3.00 loaded.
[    0.126816] usbcore: registered new interface driver usbfs
[    0.126885] usbcore: registered new interface driver hub
[    0.126950] usbcore: registered new device driver usb
[    0.130757] pps_core: LinuxPPS API ver. 1 registered
[    0.130766] pps_core: Software ver. 5.3.6 - Copyright 2005-2007 Rodolfo Giometti <giometti@linux.it>
[    0.130790] PTP clock support registered
[    0.130996] EDAC MC: Ver: 3.0.0
[    0.134183] clocksource: Switched to clocksource arch_sys_counter
[    0.145415] NET: Registered protocol family 2
[    0.145936] TCP established hash table entries: 8192 (order: 3, 32768 bytes)
[    0.146035] TCP bind hash table entries: 8192 (order: 4, 65536 bytes)
[    0.146221] TCP: Hash tables configured (established 8192 bind 8192)
[    0.146274] UDP hash table entries: 512 (order: 2, 16384 bytes)
[    0.146316] UDP-Lite hash table entries: 512 (order: 2, 16384 bytes)
[    0.146472] NET: Registered protocol family 1
[    0.146700] RPC: Registered named UNIX socket transport module.
[    0.146709] RPC: Registered udp transport module.
[    0.146716] RPC: Registered tcp transport module.
[    0.146723] RPC: Registered tcp NFSv4.1 backchannel transport module.
[    0.146734] PCI: CLS 0 bytes, default 64
[    0.147925] hw perfevents: enabled with armv7_cortex_a15 PMU driver, 7 counters available
[    0.149454] futex hash table entries: 1024 (order: 4, 65536 bytes)
[    0.150169] workingset: timestamp_bits=28 max_order=19 bucket_order=0
[    0.161491] squashfs: version 4.0 (2009/01/31) Phillip Lougher
[    0.162339] NFS: Registering the id_resolver key type
[    0.162367] Key type id_resolver registered
[    0.162376] Key type id_legacy registered
[    0.162420] ntfs: driver 2.1.32 [Flags: R/O].
[    0.163722] bounce: pool size: 64 pages
[    0.163927] Block layer SCSI generic (bsg) driver version 0.4 loaded (major 248)
[    0.163938] io scheduler noop registered
[    0.163946] io scheduler deadline registered
[    0.163982] io scheduler cfq registered (default)
[    0.169804] usb2-0 supply vbus not found, using dummy regulator
[    0.169930] usb2-1 supply vbus not found, using dummy regulator
[    0.170331] tegra-xusb-padctl 7009f000.padctl: failed to setup XUSB ports: -517
[    0.187029] tegra-pcie 1003000.pcie-controller: 2x1, 1x1 configuration
[    0.187084] tegra-pcie 1003000.pcie-controller: Failed to get supply 'avddio-pex': -517
[    0.194453] tegra-apbdma 60020000.dma: Tegra20 APB DMA driver register 32 channels
[    0.196500] tegra-pmc 7000e400.pmc: emergency thermal reset enabled
[    0.259582] Serial: 8250/16550 driver, 4 ports, IRQ sharing disabled
[    0.262558] console [ttyS0] disabled
[    0.262595] 70006300.serial: ttyS0 at MMIO 0x70006300 (irq = 333, base_baud = 25500000) is a Tegra
[    1.113361] console [ttyS0] enabled
[    1.117792] SuperH (H)SCI(F) driver initialized
[    1.123412] msm_serial: driver initialized
[    1.127729] STMicroelectronics ASC driver initialized
[    1.133741] serial-tegra serial@70006000: failed to get alias id, errno -19
[    1.140768] serial-tegra serial@70006040: failed to get alias id, errno -19
[    1.150888] [drm] Initialized drm 1.1.0 20060810
[    1.159055] tegra-hdmi 54280000.hdmi: failed to get HDMI regulator
[    1.178759] brd: module loaded
[    1.187884] loop: module loaded
[    1.191521] at24 0-0056: 256 byte 24c02 EEPROM, writable, 8 bytes/write
[    1.199873] as3722 4-0040: AS3722 with revision 0x1 found
[    1.211051] as3722-sd2: supplied by +5V_SYS
[    1.215718] as3722-sd3: supplied by +5V_SYS
[    1.220126] +1.35V_LP0(sd3): Bringing 0uV into 1350000-1350000uV
[    1.226510] as3722-sd4: supplied by +5V_SYS
[    1.231168] as3722-sd5: supplied by +5V_SYS
[    1.237226] as3722-ldo0: supplied by +1.35V_LP0(sd2)
[    1.243298] +1.8V_RUN_CAM: Bringing 0uV into 1800000-1800000uV
[    1.249568] as3722-ldo2: supplied by +1.8V_VDDIO
[    1.255503] as3722-ldo3: supplied by +3.3V_SYS
[    1.259998] +1.05V_LP0_VDD_RTC: Bringing 1100000uV into 1000000-1000000uV
[    1.267813] as3722-ldo4: supplied by +3.3V_SYS
[    1.272495] +2.8V_RUN_CAM: Bringing 0uV into 2800000-2800000uV
[    1.278751] as3722-ldo5: supplied by +1.8V_VDDIO
[    1.283590] +1.2V_RUN_CAM_FRONT: Bringing 0uV into 1200000-1200000uV
[    1.290549] +VDDIO_SDMMC3: bypassed regulator has no supply!
[    1.296219] +VDDIO_SDMMC3: failed to get the current voltage(-517)
[    1.302409] as3722-regulator as3722-regulator: regulator 13 register failed -517
[    1.314687] tegra-ahci 70027000.sata: couldn't get PHY in node sata: -517
[    1.336596] m25p80 spi32765.0: w25q32dw (4096 Kbytes)
[    1.345150] libphy: Fixed MDIO Bus: probed
[    1.349954] CAN device driver interface
[    1.355962] igb: Intel(R) Gigabit Ethernet Network Driver - version 5.3.0-k
[    1.362930] igb: Copyright (c) 2007-2014 Intel Corporation.
[    1.372030] pegasus: v0.9.3 (2013/04/25), Pegasus/Pegasus II USB Ethernet driver
[    1.379485] usbcore: registered new interface driver pegasus
[    1.385215] usbcore: registered new interface driver asix
[    1.390666] usbcore: registered new interface driver ax88179_178a
[    1.396808] usbcore: registered new interface driver cdc_ether
[    1.402712] usbcore: registered new interface driver smsc75xx
[    1.408526] usbcore: registered new interface driver smsc95xx
[    1.414321] usbcore: registered new interface driver net1080
[    1.420031] usbcore: registered new interface driver cdc_subset
[    1.426002] usbcore: registered new interface driver zaurus
[    1.431653] usbcore: registered new interface driver cdc_ncm
[    1.437573] tegra-phy 7d004000.usb-phy: no vbus regulator
[    1.445228] ehci_hcd: USB 2.0 'Enhanced' Host Controller (EHCI) Driver
[    1.451765] ehci-pci: EHCI PCI platform driver
[    1.456259] ehci-platform: EHCI generic platform driver
[    1.461719] ehci-omap: OMAP-EHCI Host Controller driver
[    1.467104] ehci-orion: EHCI orion driver
[    1.471284] SPEAr-ehci: EHCI SPEAr driver
[    1.475460] ehci-st: EHCI STMicroelectronics driver
[    1.480510] ehci-exynos: EHCI EXYNOS driver
[    1.484889] ehci-atmel: EHCI Atmel driver
[    1.489046] tegra-ehci: Tegra EHCI driver
[    1.495913] tegra-ehci 7d004000.usb: EHCI Host Controller
[    1.501346] tegra-ehci 7d004000.usb: new USB bus registered, assigned bus number 1
[    1.509087] tegra-ehci 7d004000.usb: irq 352, io mem 0x7d004000
[    1.524205] tegra-ehci 7d004000.usb: USB 2.0 started, EHCI 1.10
[    1.530963] hub 1-0:1.0: USB hub found
[    1.534812] hub 1-0:1.0: 1 port detected
[    1.539392] ohci_hcd: USB 1.1 'Open' Host Controller (OHCI) Driver
[    1.545589] ohci-pci: OHCI PCI platform driver
[    1.550093] ohci-platform: OHCI generic platform driver
[    1.555514] ohci-omap3: OHCI OMAP3 driver
[    1.559691] SPEAr-ohci: OHCI SPEAr driver
[    1.563856] ohci-st: OHCI STMicroelectronics driver
[    1.568902] ohci-atmel: OHCI Atmel driver
[    1.573755] usbcore: registered new interface driver usb-storage
[    1.581547] mousedev: PS/2 mouse device common for all mice
[    1.590477] as3722-rtc as3722-rtc: rtc core: registered as3722-rtc as rtc0
[    1.597366] as3722-rtc as3722-rtc: RTC interrupt 375
[    1.605755] tegra_rtc 7000e000.rtc: rtc core: registered 7000e000.rtc as rtc1
[    1.612940] tegra_rtc 7000e000.rtc: Tegra internal Real Time Clock
[    1.619741] i2c /dev entries driver
[    1.630383] 0-004c supply vcc not found, using dummy regulator
[    1.646036] sdhci: Secure Digital Host Controller Interface driver
[    1.652229] sdhci: Copyright(c) Pierre Ossman
[    1.658298] Synopsys Designware Multimedia Card Interface Driver
[    1.665523] sdhci-pltfm: SDHCI platform and OF driver helper
[    1.672016] sdhci-tegra 700b0400.sdhci: Got CD GPIO
[    1.676926] sdhci-tegra 700b0400.sdhci: Got WP GPIO
[    1.681867] mmc0: Unknown controller version (3). You may experience problems.
[    1.689361] mmc0: Unknown controller version (3). You may experience problems.
[    1.696649] mmc0: Invalid maximum block size, assuming 512 bytes
[    1.734206] mmc0: SDHCI controller on 700b0600.sdhci [700b0600.sdhci] using ADMA 64-bit
[    1.743955] ledtrig-cpu: registered to indicate activity on CPUs
[    1.750308] usbcore: registered new interface driver usbhid
[    1.755890] usbhid: USB HID core driver
[    1.764336] tegra124-dfll 70110000.clock: couldn't get vdd_cpu regulator
[    1.775972] NET: Registered protocol family 10
[    1.781161] sit: IPv6 over IPv4 tunneling driver
[    1.786581] NET: Registered protocol family 17
[    1.791065] can: controller area network core (rev 20120528 abi 9)
[    1.797325] NET: Registered protocol family 29
[    1.801794] can: raw protocol (rev 20120528)
[    1.806084] can: broadcast manager protocol (rev 20120528 t)
[    1.811766] can: netlink gateway (rev 20130117) max_hops=1
[    1.817655] Key type dns_resolver registered
[    1.822589] ThumbEE CPU extension supported.
[    1.826891] Registering SWP/SWPB emulation handler
[    1.837103] +3.3V_RUN: supplied by +3.3V_SYS
[    1.842619] +3.3V_AVDD_HDMI_AP_GATED: supplied by +3.3V_RUN
[    1.848733] +USB0_VBUS_SW: supplied by +5V_SYS
[    1.853893] +5V_USB_HS: supplied by +5V_SYS
[    1.859153] +3.3V_LP0: supplied by +3.3V_SYS
[    1.865139] +5V_HDMI_CON: supplied by +5V_SYS
[    1.870225] +5V_SATA: supplied by +5V_SYS
[    1.874759] +12V_SATA: supplied by +VDD_MUX
[    1.881149] usb2-0 supply vbus not found, using dummy regulator
[    1.883648] mmc0: new high speed MMC card at address 0001
[    1.884323] mmcblk0: mmc0:0001 SEM16G 14.7 GiB 
[    1.885422] mmcblk0boot0: mmc0:0001 SEM16G partition 1 4.00 MiB
[    1.885768] mmcblk0boot1: mmc0:0001 SEM16G partition 2 4.00 MiB
[    1.887044] mmcblk0rpmb: mmc0:0001 SEM16G partition 3 4.00 MiB
[    1.889273]  mmcblk0: p1
[    1.917581] usb2-1 supply vbus not found, using dummy regulator
[    1.923887] usb3-0 supply vbus not found, using dummy regulator
[    1.931127] tegra-pcie 1003000.pcie-controller: 2x1, 1x1 configuration
[    1.937767] tegra-pcie 1003000.pcie-controller: Failed to get supply 'avddio-pex': -517
[    1.947621] tegra-hdmi 54280000.hdmi: failed to get PLL regulator
[    1.957920] as3722-sd2: supplied by +5V_SYS
[    1.962541] as3722-sd3: supplied by +5V_SYS
[    1.967149] as3722-sd4: supplied by +5V_SYS
[    1.971690] +1.05V_RUN_AVDD_HDMI_PLL: supplied by +1.05V_RUN
[    1.977528] as3722-sd5: supplied by +5V_SYS
[    1.983516] as3722-ldo0: supplied by +1.35V_LP0(sd2)
[    1.989134] as3722-ldo1: supplied by +3.3V_RUN
[    1.994013] as3722-ldo2: supplied by +1.8V_VDDIO
[    1.999672] as3722-ldo3: supplied by +3.3V_SYS
[    2.004993] as3722-ldo4: supplied by +3.3V_SYS
[    2.009716] as3722-ldo5: supplied by +1.8V_VDDIO
[    2.014620] as3722-ldo6: supplied by +3.3V_RUN
[    2.019352] as3722-ldo7: supplied by +1.8V_VDDIO
[    2.024714] +1.05V_RUN_CAM_REAR: Bringing 0uV into 1050000-1050000uV
[    2.031817] as3722-ldo9: supplied by +5V_SYS
[    2.037375] +3.3V_RUN_TOUCH: Bringing 0uV into 2800000-2800000uV
[    2.043973] as3722-ldo10: supplied by +5V_SYS
[    2.048865] +2.8V_RUN_CAM_AF: Bringing 0uV into 2800000-2800000uV
[    2.055530] as3722-ldo11: supplied by +3.3V_RUN
[    2.060590] +1.8V_RUN_VPP_FUSE: Bringing 0uV into 1800000-1800000uV
[    2.070265] tegra-ahci 70027000.sata: AHCI 0001.0301 32 slots 2 ports 3 Gbps 0x1 impl platform mode
[    2.079338] tegra-ahci 70027000.sata: flags: 64bit ncq sntf pm led pio slum part sadm sds apst 
[    2.090212] scsi host0: tegra-ahci
[    2.094858] scsi host1: tegra-ahci
[    2.098601] ata1: SATA max UDMA/133 mmio [mem 0x70027000-0x70028fff] port 0x100 irq 343
[    2.106633] ata2: DUMMY
[    2.112307] tegra-ehci 7d008000.usb: EHCI Host Controller
[    2.117762] tegra-ehci 7d008000.usb: new USB bus registered, assigned bus number 2
[    2.125570] tegra-ehci 7d008000.usb: irq 353, io mem 0x7d008000
[    2.139213] tegra-ehci 7d008000.usb: USB 2.0 started, EHCI 1.10
[    2.146320] hub 2-0:1.0: USB hub found
[    2.150172] hub 2-0:1.0: 1 port detected
[    2.156650] sdhci-tegra 700b0400.sdhci: Got CD GPIO
[    2.161601] sdhci-tegra 700b0400.sdhci: Got WP GPIO
[    2.166592] mmc1: Unknown controller version (3). You may experience problems.
[    2.174080] mmc1: Invalid maximum block size, assuming 512 bytes
[    2.214757] mmc1: SDHCI controller on 700b0400.sdhci [700b0400.sdhci] using ADMA 64-bit
[    2.227353] tegra-pcie 1003000.pcie-controller: 2x1, 1x1 configuration
[    2.236136] tegra-pcie 1003000.pcie-controller: probing port 0, using 2 lanes
[    2.245523] tegra-pcie 1003000.pcie-controller: Slot present pin change, signature: 00000008
[    2.268251] tegra-pcie 1003000.pcie-controller: probing port 1, using 1 lanes
[    2.277492] tegra-pcie 1003000.pcie-controller: Slot present pin change, signature: 00000000
[    2.292090] tegra-pcie 1003000.pcie-controller: PCI host bridge to bus 0000:00
[    2.299355] pci_bus 0000:00: root bus resource [io  0x0000-0xffff]
[    2.305550] pci_bus 0000:00: root bus resource [mem 0x13000000-0x1fffffff]
[    2.312466] pci_bus 0000:00: root bus resource [mem 0x20000000-0x3fffffff pref]
[    2.319810] pci_bus 0000:00: root bus resource [bus 00-ff]
[    2.325365] pci 0000:00:01.0: [10de:0e12] type 01 class 0x060400
[    2.331534] pci 0000:00:01.0: PME# supported from D0 D1 D2 D3hot D3cold
[    2.338530] pci 0000:00:02.0: [10de:0e13] type 01 class 0x060400
[    2.344706] pci 0000:00:02.0: PME# supported from D0 D1 D2 D3hot D3cold
[    2.351723] PCI: bus0: Fast back to back transfers disabled
[    2.357338] pci 0000:00:01.0: bridge configuration invalid ([bus 00-00]), reconfiguring
[    2.365393] pci 0000:00:02.0: bridge configuration invalid ([bus 00-00]), reconfiguring
[    2.373684] pci 0000:01:00.0: [8086:4232] type 00 class 0x028000
[    2.379787] pci 0000:01:00.0: reg 0x10: [mem 0x00000000-0x00001fff 64bit]
[    2.386818] pci 0000:01:00.0: PME# supported from D0 D3hot D3cold
[    2.399332] PCI: bus1: Fast back to back transfers disabled
[    2.404959] pci_bus 0000:01: busn_res: [bus 01-ff] end is updated to 01
[    2.411872] pci 0000:02:00.0: [10ec:8168] type 00 class 0x020000
[    2.417948] pci 0000:02:00.0: reg 0x10: [io  0x0000-0x00ff]
[    2.422797] ata1: SATA link down (SStatus 0 SControl 300)
[    2.429029] pci 0000:02:00.0: reg 0x18: [mem 0x00000000-0x00000fff 64bit]
[    2.435885] pci 0000:02:00.0: reg 0x20: [mem 0x00000000-0x00003fff 64bit pref]
[    2.443312] pci 0000:02:00.0: supports D1 D2
[    2.447624] pci 0000:02:00.0: PME# supported from D0 D1 D2 D3hot D3cold
[    2.464328] PCI: bus2: Fast back to back transfers disabled
[    2.469936] pci_bus 0000:02: busn_res: [bus 02-ff] end is updated to 02
[    2.476731] pci 0000:00:01.0: BAR 8: assigned [mem 0x13000000-0x130fffff]
[    2.483566] pci 0000:00:02.0: BAR 8: assigned [mem 0x13100000-0x131fffff]
[    2.490412] pci 0000:00:02.0: BAR 9: assigned [mem 0x20000000-0x200fffff 64bit pref]
[    2.498201] pci 0000:00:02.0: BAR 7: assigned [io  0x1000-0x1fff]
[    2.504351] pci 0000:01:00.0: BAR 0: assigned [mem 0x13000000-0x13001fff 64bit]
[    2.511732] pci 0000:00:01.0: PCI bridge to [bus 01]
[    2.516752] pci 0000:00:01.0:   bridge window [mem 0x13000000-0x130fffff]
[    2.523604] pci 0000:02:00.0: BAR 4: assigned [mem 0x20000000-0x20003fff 64bit pref]
[    2.531415] pci 0000:02:00.0: BAR 2: assigned [mem 0x13100000-0x13100fff 64bit]
[    2.538791] pci 0000:02:00.0: BAR 0: assigned [io  0x1000-0x10ff]
[    2.544938] pci 0000:00:02.0: PCI bridge to [bus 02]
[    2.549952] pci 0000:00:02.0:   bridge window [io  0x1000-0x1fff]
[    2.556096] pci 0000:00:02.0:   bridge window [mem 0x13100000-0x131fffff]
[    2.562932] pci 0000:00:02.0:   bridge window [mem 0x20000000-0x200fffff 64bit pref]
[    2.570759] pci 0000:00:01.0: nv_msi_ht_cap_quirk didn't locate host bridge
[    2.577891] pcieport 0000:00:01.0: enabling device (0140 -> 0142)
[    2.584343] pcieport 0000:00:01.0: Signaling PME through PCIe PME interrupt
[    2.591349] pci 0000:01:00.0: Signaling PME through PCIe PME interrupt
[    2.597927] pcie_pme 0000:00:01.0:pcie001: service driver pcie_pme loaded
[    2.604865] pci 0000:00:02.0: nv_msi_ht_cap_quirk didn't locate host bridge
[    2.611989] pcieport 0000:00:02.0: enabling device (0140 -> 0143)
[    2.618403] pcieport 0000:00:02.0: Signaling PME through PCIe PME interrupt
[    2.625404] pci 0000:02:00.0: Signaling PME through PCIe PME interrupt
[    2.631979] pcie_pme 0000:00:02.0:pcie001: service driver pcie_pme loaded
[    2.639134] r8169 Gigabit Ethernet driver 2.3LK-NAPI loaded
[    2.644776] r8169 0000:02:00.0: enabling device (0140 -> 0143)
[    2.660995] r8169 0000:02:00.0 eth0: RTL8168g/8111g at 0xf0a52000, 00:04:4b:3a:d9:81, XID 0c000800 IRQ 393
[    2.670712] r8169 0000:02:00.0 eth0: jumbo features [frames: 9200 bytes, tx checksumming: ko]
[    2.683329] [drm] Supports vblank timestamp caching Rev 2 (21.10.2013).
[    2.689987] [drm] No driver support for vblank timestamp query.
[    2.697816] mmc1: new high speed SDHC card at address aaaa
[    2.704302] mmcblk1: mmc1:aaaa SD04G 3.69 GiB 
[    2.719091]  mmcblk1: p1 p2 p3
[    2.818295] tegra-hdmi 54280000.hdmi: cannot set audio to 44100 at 297000000 pclk
[    2.988898] Console: switching to colour frame buffer device 512x135
[    3.083380] drm drm: fb0:  frame buffer device
[    3.099310] [drm] Initialized tegra 0.0.0 20120330 on minor 0
[    3.106810] of: dev_pm_opp_of_cpumask_add_table: couldn't find opp table for cpu:0, -19
[    3.114892] cpufreq: cpufreq_online: CPU0: Running at unlisted freq: 696000 KHz
[    3.122229] cpufreq: cpufreq_online: CPU0: Unlisted initial frequency changed to: 714000 KHz
[    3.131408] input: gpio-keys as /devices/soc0/gpio-keys/input/input0
[    3.138657] as3722-rtc as3722-rtc: setting system clock to 2000-01-01 00:06:00 UTC (946685160)
[    3.152205] +USB0_VBUS_SW: disabling
[    3.155813] +1.8V_RUN_CAM: disabling
[    3.159606] +2.8V_RUN_CAM: disabling
[    3.163394] +1.2V_RUN_CAM_FRONT: disabling
[    3.167732] +1.05V_RUN_CAM_REAR: disabling
[    3.172069] +3.3V_RUN_TOUCH: disabling
[    3.176058] +2.8V_RUN_CAM_AF: disabling
[    3.180086] +1.8V_RUN_VPP_FUSE: disabling
[    3.185502] EXT4-fs (mmcblk0p1): mounting ext3 file system using the ext4 subsystem
[    3.226224] EXT4-fs (mmcblk0p1): recovery complete
[    3.231880] EXT4-fs (mmcblk0p1): mounted filesystem with ordered data mode. Opts: (null)
[    3.240020] VFS: Mounted root (ext3 filesystem) on device 179:1.
[    3.250164] devtmpfs: mounted
[    3.254023] Freeing unused kernel memory: 2048K (c1100000 - c1300000)
bash: cannot set terminal process group (-1): Inappropriate ioctl for device
bash: no job control in this shell
root@(none):/# 