

U-Boot 2015.04-00466-gedec83e90172 (Mar 14 2016 - 10:42:01)

TEGRA124
Model: Acer Chromebook 13 CB5-311
DRAM:  4 GiB
:   Tegra SD/MMC: 0, Tegra SD/MMC: 1, Tegra SD/MMC: 2
MMC init failed
Using default environment

In:    serial
Out:   serial
Err:   serial
Net:   Net Initialization Skipped
No ethernet found.
Hit any key to stop autoboot:  2  0 
Tegra124 (Nyan-big) # 
Tegra124 (Nyan-big) # usb start
starting USB...
USB0:   USB EHCI 1.10
scanning bus 0 for devices... 2 USB Device(s) found
USB1:   USB EHCI 1.10
scanning bus 1 for devices... 2 USB Device(s) found
       scanning usb for storage devices... 1 Storage Device(s) found
       scanning usb for ethernet devices... 
Warning: asx0 using MAC address from net device
1 Ethernet Device(s) found
Tegra124 (Nyan-big) # mw 0x7000e4a0 0x00080000
Tegra124 (Nyan-big) # setenv bootargs 'ignore_loglevel console=ttyS0,115200n8 rw root=PARTUUID=4d36e82a-b3c0-4b4b-bfcd-afe5217ac023 rootwait gpt debug noinitrd earlyprintk init=/bin/bash'
Tegra124 (Nyan-big) # setenv ipaddr 192.168.100.102; setenv serverip 192.168.100.1; setenv tftpserverip 192.168.100.1
Tegra124 (Nyan-big) # tftpboot 0x82000000 zImage.multi_v7_defconfig
Using asx0 device
TFTP from server 192.168.100.1; our IP address is 192.168.100.102
Filename 'zImage.multi_v7_defconfig'.
Load address: 0x82000000
Loading: *#################################################################
	 #################################################################
	 #################################################################
	 #################################################################
	 #################################################################
	 #################################################################
	 #################################################################
	 #################################################################
	 ####################
	 3.6 MiB/s
done
Bytes transferred = 7915920 (78c990 hex)
Tegra124 (Nyan-big) # tftpboot 0x83000000 tegra124-nyan-big.dtb
Using asx0 device
TFTP from server 192.168.100.1; our IP address is 192.168.100.102
Filename 'tegra124-nyan-big.dtb'.
Load address: 0x83000000
Loading: *#####
	 3.2 MiB/s
done
Bytes transferred = 68155 (10a3b hex)
Tegra124 (Nyan-big) # bootz 0x82000000 - 0x83000000
Kernel image @ 0x82000000 [ 0x000000 - 0x78c990 ]
## Flattened Device Tree blob at 83000000
   Booting using the fdt blob at 0x83000000
   Using Device Tree in place at 83000000, end 83013a3a

Starting kernel ...

[    0.000000] Booting Linux on physical CPU 0x0
[    0.000000] Linux version 4.12.0-rc3-171592-g5ed02db (jonathanh@sellafield) (gcc version 4.7.3 20130328 (prerelease) (crosstool-NG linaro-1.13.1-4.7-2013.04-20130415 - Linaro GCC 2013.04) ) #1 SMP Sun May 28 17:35:59 PDT 2017
[    0.000000] CPU: ARMv7 Processor [413fc0f3] revision 3 (ARMv7), cr=10c5387d
[    0.000000] CPU: div instructions available: patching division code
[    0.000000] CPU: PIPT / VIPT nonaliasing data cache, PIPT instruction cache
[    0.000000] OF: fdt: Machine model: Acer Chromebook 13 CB5-311
[    0.000000] OF: fdt: Ignoring memory range 0x100000000 - 0x17ffff000
[    0.000000] debug: ignoring loglevel setting.
[    0.000000] Memory policy: Data cache writealloc
[    0.000000] efi: Getting EFI parameters from FDT:
[    0.000000] efi: UEFI not found.
[    0.000000] cma: Reserved 64 MiB at 0xfb800000
[    0.000000] On node 0 totalpages: 524287
[    0.000000] free_area_init_node: node 0, pgdat c157fd80, node_mem_map eeff8000
[    0.000000]   DMA zone: 1536 pages used for memmap
[    0.000000]   DMA zone: 0 pages reserved
[    0.000000]   DMA zone: 196608 pages, LIFO batch:31
[    0.000000]   HighMem zone: 327679 pages, LIFO batch:31
[    0.000000] percpu: Embedded 17 pages/cpu @eef81000 s39168 r8192 d22272 u69632
[    0.000000] pcpu-alloc: s39168 r8192 d22272 u69632 alloc=17*4096
[    0.000000] pcpu-alloc: [0] 0 [0] 1 [0] 2 [0] 3 
[    0.000000] Built 1 zonelists in Zone order, mobility grouping on.  Total pages: 522751
[    0.000000] Kernel command line: ignore_loglevel console=ttyS0,115200n8 rw root=PARTUUID=4d36e82a-b3c0-4b4b-bfcd-afe5217ac023 rootwait gpt debug noinitrd earlyprintk init=/bin/bash
[    0.000000] PID hash table entries: 4096 (order: 2, 16384 bytes)
[    0.000000] Dentry cache hash table entries: 131072 (order: 7, 524288 bytes)
[    0.000000] Inode-cache hash table entries: 65536 (order: 6, 262144 bytes)
[    0.000000] Memory: 1994436K/2097148K available (10240K kernel code, 1566K rwdata, 4388K rodata, 2048K init, 409K bss, 37176K reserved, 65536K cma-reserved, 1245180K highmem)
[    0.000000] Virtual kernel memory layout:
[    0.000000]     vector  : 0xffff0000 - 0xffff1000   (   4 kB)
[    0.000000]     fixmap  : 0xffc00000 - 0xfff00000   (3072 kB)
[    0.000000]     vmalloc : 0xf0800000 - 0xff800000   ( 240 MB)
[    0.000000]     lowmem  : 0xc0000000 - 0xf0000000   ( 768 MB)
[    0.000000]     pkmap   : 0xbfe00000 - 0xc0000000   (   2 MB)
[    0.000000]     modules : 0xbf000000 - 0xbfe00000   (  14 MB)
[    0.000000]       .text : 0xc0208000 - 0xc0d00000   (11232 kB)
[    0.000000]       .init : 0xc1200000 - 0xc1400000   (2048 kB)
[    0.000000]       .data : 0xc1400000 - 0xc15879f0   (1567 kB)
[    0.000000]        .bss : 0xc1590d04 - 0xc15f74d8   ( 410 kB)
[    0.000000] SLUB: HWalign=64, Order=0-3, MinObjects=0, CPUs=4, Nodes=1
[    0.000000] Hierarchical RCU implementation.
[    0.000000] 	RCU debugfs-based tracing is enabled.
[    0.000000] 	RCU restricting CPUs from NR_CPUS=16 to nr_cpu_ids=4.
[    0.000000] RCU: Adjusting geometry for rcu_fanout_leaf=16, nr_cpu_ids=4
[    0.000000] NR_IRQS:16 nr_irqs:16 16
[    0.000000] /interrupt-controller@60004000: 160 interrupts forwarded to /interrupt-controller@50041000
[    0.000000] Tegra clk 127: register failed with -17
[    0.000004] sched_clock: 32 bits at 1000kHz, resolution 1000ns, wraps every 2147483647500ns
[    0.000011] clocksource: timer_us: mask: 0xffffffff max_cycles: 0xffffffff, max_idle_ns: 1911260446275 ns
[    0.000017] Switching to timer-based delay loop, resolution 1000ns
[    0.001663] arch_timer: cp15 timer(s) running at 12.00MHz (virt).
[    0.001669] clocksource: arch_sys_counter: mask: 0xffffffffffffff max_cycles: 0x2c47f4ee7, max_idle_ns: 440795202497 ns
[    0.001676] sched_clock: 56 bits at 12MHz, resolution 83ns, wraps every 4398046511096ns
[    0.001680] Switching to timer-based delay loop, resolution 83ns
[    0.001891] Console: colour dummy device 80x30
[    0.001904] Calibrating delay loop (skipped), value calculated using timer frequency.. 24.00 BogoMIPS (lpj=120000)
[    0.001911] pid_max: default: 32768 minimum: 301
[    0.001948] Mount-cache hash table entries: 2048 (order: 1, 8192 bytes)
[    0.001953] Mountpoint-cache hash table entries: 2048 (order: 1, 8192 bytes)
[    0.002153] CPU: Testing write buffer coherency: ok
[    0.002275] /cpus/cpu@0 missing clock-frequency property
[    0.002291] /cpus/cpu@1 missing clock-frequency property
[    0.002305] /cpus/cpu@2 missing clock-frequency property
[    0.002319] /cpus/cpu@3 missing clock-frequency property
[    0.002325] CPU0: thread -1, cpu 0, socket 0, mpidr 80000000
[    0.002438] Setting up static identity map for 0x80300000 - 0x803000a0
[    0.003773] Tegra Revision: A01 SKU: 131 CPU Process: 1 SoC Process: 1
[    0.004030] EFI services will not be available.
[    0.004119] smp: Bringing up secondary CPUs ...
[    0.004412] CPU1: thread -1, cpu 1, socket 0, mpidr 80000001
[    0.011912] CPU2: thread -1, cpu 2, socket 0, mpidr 80000002
[    0.021915] CPU3: thread -1, cpu 3, socket 0, mpidr 80000003
[    0.031638] smp: Brought up 1 node, 4 CPUs
[    0.031646] SMP: Total of 4 processors activated (96.00 BogoMIPS).
[    0.031650] CPU: All CPU(s) started in SVC mode.
[    0.032188] devtmpfs: initialized
[    0.037895] VFP support v0.3: implementor 41 architecture 4 part 30 variant f rev 0
[    0.038083] clocksource: jiffies: mask: 0xffffffff max_cycles: 0xffffffff, max_idle_ns: 19112604462750000 ns
[    0.038091] futex hash table entries: 1024 (order: 4, 65536 bytes)
[    0.038659] pinctrl core: initialized pinctrl subsystem
[    0.039413] NET: Registered protocol family 16
[    0.040167] DMA: preallocated 256 KiB pool for atomic coherent allocations
[    0.041049] cpuidle: using governor menu
[    0.050017] No ATAGs?
[    0.050072] hw-breakpoint: found 5 (+1 reserved) breakpoint and 4 watchpoint registers.
[    0.050078] hw-breakpoint: maximum watchpoint size is 8 bytes.
[    0.052902] Serial: AMBA PL011 UART driver
[    0.053255] tegra-mc 70019000.memory-controller: no memory timings for RAM code 0 registered
[    0.058543] AT91: Could not find identification node
[    0.058748] +5V_SYS: supplied by +VDD_MUX
[    0.058849] +3.3V_SYS: supplied by +VDD_MUX
[    0.059064] +VDD_LED: Failed to request enable GPIO122: -517
[    0.059070] reg-fixed-voltage regulators:regulator@5: Failed to register regulator: -517
[    0.059104] +5V_VDD_TS_SW: Failed to request enable GPIO81: -517
[    0.059109] reg-fixed-voltage regulators:regulator@6: Failed to register regulator: -517
[    0.059142] +5V_USB_HS: Failed to request enable GPIO108: -517
[    0.059147] reg-fixed-voltage regulators:regulator@7: Failed to register regulator: -517
[    0.059179] +5V_USB_SS: Failed to request enable GPIO109: -517
[    0.059184] reg-fixed-voltage regulators:regulator@8: Failed to register regulator: -517
[    0.059272] +1.05V_RUN_AVDD_HDMI_PLL: Failed to request enable GPIO63: -517
[    0.059277] reg-fixed-voltage regulators:regulator@11: Failed to register regulator: -517
[    0.059310] +5V_HDMI_CON: Failed to request enable GPIO86: -517
[    0.059314] reg-fixed-voltage regulators:regulator@12: Failed to register regulator: -517
[    0.060303] vgaarb: loaded
[    0.060575] SCSI subsystem initialized
[    0.060639] libata version 3.00 loaded.
[    0.060726] usbcore: registered new interface driver usbfs
[    0.060747] usbcore: registered new interface driver hub
[    0.060770] usbcore: registered new device driver usb
[    0.062071] pps_core: LinuxPPS API ver. 1 registered
[    0.062075] pps_core: Software ver. 5.3.6 - Copyright 2005-2007 Rodolfo Giometti <giometti@linux.it>
[    0.062083] PTP clock support registered
[    0.062146] EDAC MC: Ver: 3.0.0
[    0.062549] tegra-emc 7001b000.emc: no memory timings for RAM code 0 found in DT
[    0.062558] tegra-emc: probe of 7001b000.emc failed with error -2
[    0.062992] clocksource: Switched to clocksource arch_sys_counter
[    0.082651] NET: Registered protocol family 2
[    0.082852] TCP established hash table entries: 8192 (order: 3, 32768 bytes)
[    0.082887] TCP bind hash table entries: 8192 (order: 4, 65536 bytes)
[    0.082949] TCP: Hash tables configured (established 8192 bind 8192)
[    0.083004] UDP hash table entries: 512 (order: 2, 16384 bytes)
[    0.083020] UDP-Lite hash table entries: 512 (order: 2, 16384 bytes)
[    0.083079] NET: Registered protocol family 1
[    0.083220] RPC: Registered named UNIX socket transport module.
[    0.083224] RPC: Registered udp transport module.
[    0.083227] RPC: Registered tcp transport module.
[    0.083230] RPC: Registered tcp NFSv4.1 backchannel transport module.
[    0.083235] PCI: CLS 0 bytes, default 64
[    0.083791] hw perfevents: enabled with armv7_cortex_a15 PMU driver, 7 counters available
[    0.084494] workingset: timestamp_bits=30 max_order=19 bucket_order=0
[    0.087404] squashfs: version 4.0 (2009/01/31) Phillip Lougher
[    0.087656] NFS: Registering the id_resolver key type
[    0.087669] Key type id_resolver registered
[    0.087672] Key type id_legacy registered
[    0.087689] ntfs: driver 2.1.32 [Flags: R/O].
[    0.088311] bounce: pool size: 64 pages
[    0.088327] Block layer SCSI generic (bsg) driver version 0.4 loaded (major 248)
[    0.088331] io scheduler noop registered
[    0.088335] io scheduler deadline registered
[    0.088346] io scheduler cfq registered (default)
[    0.088349] io scheduler mq-deadline registered
[    0.088352] io scheduler kyber registered
[    0.090214] tegra-xusb-padctl 7009f000.padctl: failed to setup XUSB ports: -517
[    0.099709] tegra-apbdma 60020000.dma: Tegra20 APB DMA driver register 32 channels
[    0.100639] tegra-pmc 7000e400.pmc: i2c-thermtrip node not found, emergency thermal reset disabled.
[    0.119290] Serial: 8250/16550 driver, 4 ports, IRQ sharing disabled
[    0.120334] console [ttyS0] disabled
[    0.120351] 70006000.serial: ttyS0 at MMIO 0x70006000 (irq = 333, base_baud = 25500000) is a Tegra
[    1.005984] console [ttyS0] enabled
[    1.009746] SuperH (H)SCI(F) driver initialized
[    1.014600] msm_serial: driver initialized
[    1.018744] STMicroelectronics ASC driver initialized
[    1.025759] tegra-hdmi 54280000.hdmi: failed to get HDMI regulator
[    1.032280] tegra-dpaux 545c0000.dpaux: failed to get VDD supply: -517
[    1.039668] panel-simple panel: panel supply power not found, using dummy regulator
[    1.050853] brd: module loaded
[    1.056577] loop: module loaded
[    1.060635] as3722 4-0040: AS3722 with revision 0x1 found
[    1.070632] as3722-sd2: supplied by +5V_SYS
[    1.075049] as3722-sd3: supplied by +5V_SYS
[    1.079378] +1.35V_LP0(sd3): Bringing 0uV into 1350000-1350000uV
[    1.085602] as3722-sd4: supplied by +5V_SYS
[    1.089929] +1.05V_RUN: Bringing 0uV into 1050000-1050000uV
[    1.095669] as3722-sd5: supplied by +5V_SYS
[    1.101243] as3722-ldo0: supplied by +1.35V_LP0(sd2)
[    1.106966] +1.8V_RUN_CAM: Bringing 0uV into 1800000-1800000uV
[    1.112968] as3722-ldo2: supplied by +1.8V_VDDIO
[    1.118595] as3722-ldo3: supplied by +3.3V_SYS
[    1.123052] +1.00V_LP0_VDD_RTC: Bringing 1100000uV into 1000000-1000000uV
[    1.130617] as3722-ldo4: supplied by +3.3V_SYS
[    1.135212] +3.3V_RUN_CAM: Bringing 0uV into 2800000-2800000uV
[    1.141215] as3722-ldo5: supplied by +1.8V_VDDIO
[    1.145987] +1.2V_RUN_CAM_FRONT: Bringing 0uV into 1200000-1200000uV
[    1.152664] +VDDIO_SDMMC3: Bringing 0uV into 1800000-1800000uV
[    1.158682] as3722-ldo7: supplied by +1.8V_VDDIO
[    1.163452] +1.05V_RUN_CAM_REAR: Bringing 0uV into 1050000-1050000uV
[    1.169986] as3722-ldo9: supplied by +5V_SYS
[    1.174552] +2.8V_RUN_TOUCH: Bringing 0uV into 2800000-2800000uV
[    1.180740] as3722-ldo10: supplied by +5V_SYS
[    1.185251] +2.8V_RUN_CAM_AF: Bringing 0uV into 2800000-2800000uV
[    1.191678] +1.8V_RUN_VPP_FUSE: Bringing 0uV into 1800000-1800000uV
[    1.204078] random: fast init done
[    1.209959] m25p80 spi32765.0: w25q32dw (4096 Kbytes)
[    1.216044] libphy: Fixed MDIO Bus: probed
[    1.220519] CAN device driver interface
[    1.224670] bgmac_bcma: Broadcom 47xx GBit MAC driver loaded
[    1.230762] e1000e: Intel(R) PRO/1000 Network Driver - 3.2.6-k
[    1.236584] e1000e: Copyright(c) 1999 - 2015 Intel Corporation.
[    1.242507] igb: Intel(R) Gigabit Ethernet Network Driver - version 5.4.0-k
[    1.249456] igb: Copyright (c) 2007-2014 Intel Corporation.
[    1.256208] pegasus: v0.9.3 (2013/04/25), Pegasus/Pegasus II USB Ethernet driver
[    1.263614] usbcore: registered new interface driver pegasus
[    1.269272] usbcore: registered new interface driver asix
[    1.274676] usbcore: registered new interface driver ax88179_178a
[    1.280764] usbcore: registered new interface driver cdc_ether
[    1.286602] usbcore: registered new interface driver smsc75xx
[    1.292347] usbcore: registered new interface driver smsc95xx
[    1.298093] usbcore: registered new interface driver net1080
[    1.303754] usbcore: registered new interface driver cdc_subset
[    1.309667] usbcore: registered new interface driver zaurus
[    1.315251] usbcore: registered new interface driver cdc_ncm
[    1.321540] ehci_hcd: USB 2.0 'Enhanced' Host Controller (EHCI) Driver
[    1.328061] ehci-pci: EHCI PCI platform driver
[    1.332505] ehci-platform: EHCI generic platform driver
[    1.337789] ehci-orion: EHCI orion driver
[    1.341840] SPEAr-ehci: EHCI SPEAr driver
[    1.345890] ehci-st: EHCI STMicroelectronics driver
[    1.350799] ehci-exynos: EHCI EXYNOS driver
[    1.355028] ehci-atmel: EHCI Atmel driver
[    1.359071] tegra-ehci: Tegra EHCI driver
[    1.363134] ohci_hcd: USB 1.1 'Open' Host Controller (OHCI) Driver
[    1.369303] ohci-pci: OHCI PCI platform driver
[    1.373752] ohci-platform: OHCI generic platform driver
[    1.379017] ohci-omap3: OHCI OMAP3 driver
[    1.383066] SPEAr-ohci: OHCI SPEAr driver
[    1.387109] ohci-st: OHCI STMicroelectronics driver
[    1.392018] ohci-atmel: OHCI Atmel driver
[    1.396270] usbcore: registered new interface driver usb-storage
[    1.403055] elan_i2c 1-0015: 1-0015 supply vcc not found, using dummy regulator
[    1.410411] as3722-rtc as3722-rtc: rtc core: registered as3722-rtc as rtc0
[    1.417283] as3722-rtc as3722-rtc: RTC interrupt 372
[    1.424175] tegra_rtc 7000e000.rtc: rtc core: registered 7000e000.rtc as rtc1
[    1.431304] tegra_rtc 7000e000.rtc: Tegra internal Real Time Clock
[    1.437654] i2c /dev entries driver
[    1.443473] lm90 0-004c: 0-004c supply vcc not found, using dummy regulator
[    1.454831] sdhci: Secure Digital Host Controller Interface driver
[    1.460996] sdhci: Copyright(c) Pierre Ossman
[    1.465886] Synopsys Designware Multimedia Card Interface Driver
[    1.472304] sdhci-pltfm: SDHCI platform and OF driver helper
[    1.478231] sdhci-tegra 700b0000.sdhci: allocated mmc-pwrseq
[    1.492034] sdhci-tegra 700b0400.sdhci: Got CD GPIO
[    1.496914] sdhci-tegra 700b0400.sdhci: Got WP GPIO
[    1.517019] mmc0: Unknown controller version (3). You may experience problems.
[    1.524262] mmc0: Invalid maximum block size, assuming 512 bytes
[    1.579455] elan_i2c 1-0015: Elan Touchpad: Module ID: 0x002a, Firmware: 0x0005, Sample: 0x0007, IAP: 0x0009
[    1.589392] input: Elan Touchpad as /devices/soc0/7000c400.i2c/i2c-1/1-0015/input/input0
[    1.593006] mmc0: SDHCI controller on 700b0600.sdhci [700b0600.sdhci] using ADMA
[    1.604971] ledtrig-cpu: registered to indicate activity on CPUs
[    1.611073] usbcore: registered new interface driver usbhid
[    1.616640] usbhid: USB HID core driver
[    1.621816] NET: Registered protocol family 10
[    1.626567] Segment Routing with IPv6
[    1.630236] sit: IPv6, IPv4 and MPLS over IPv4 tunneling driver
[    1.636368] NET: Registered protocol family 17
[    1.640802] can: controller area network core (rev 20170425 abi 9)
[    1.646997] NET: Registered protocol family 29
[    1.651427] can: raw protocol (rev 20170425)
[    1.655689] can: broadcast manager protocol (rev 20170425 t)
[    1.661335] can: netlink gateway (rev 20170425) max_hops=1
[    1.661579] mmc0: new high speed MMC card at address 0001
[    1.661811] mmcblk0: mmc0:0001 MMC16G 14.4 GiB 
[    1.661914] mmcblk0boot0: mmc0:0001 MMC16G partition 1 2.00 MiB
[    1.662025] mmcblk0boot1: mmc0:0001 MMC16G partition 2 2.00 MiB
[    1.662118] mmcblk0rpmb: mmc0:0001 MMC16G partition 3 128 KiB
[    1.669588]  mmcblk0: p1 p2 p3 p4 p5 p6 p7 p8 p9 p10 p11 p12
[    1.700037] Key type dns_resolver registered
[    1.704507] ThumbEE CPU extension supported.
[    1.708767] Registering SWP/SWPB emulation handler
[    1.718465] +3.3V_RUN: supplied by +3.3V_SYS
[    1.723464] +VDD_LED: supplied by +VDD_MUX
[    1.727654] +3.3V_AVDD_HDMI_AP_GATED: supplied by +3.3V_RUN
[    1.733328] +1.8V_RUN_CAM: supplied by +3.3V_RUN
[    1.737970] +VDDIO_SDMMC3: supplied by +3.3V_RUN
[    1.742601] +1.8V_RUN_VPP_FUSE: supplied by +3.3V_RUN
[    1.747939] +5V_VDD_TS_SW: supplied by +5V_SYS
[    1.752565] +5V_USB_HS: supplied by +5V_SYS
[    1.757103] +5V_USB_SS: supplied by +5V_SYS
[    1.761967] +3.3V_PANEL: supplied by +3.3V_RUN
[    1.767464] +3.3V_LP0: supplied by +3.3V_SYS
[    1.772351] +1.05V_RUN_AVDD_HDMI_PLL: supplied by +1.05V_RUN
[    1.772623] elan_i2c 1-0015: failed to read report data: -121
[    1.784117] +5V_HDMI_CON: supplied by +5V_SYS
[    1.789103]  usb3-0: usb3-0 supply vbus not found, using dummy regulator
[    1.795852]  usb3-1: usb3-1 supply vbus not found, using dummy regulator
[    1.805874] tegra-sor 54540000.sor: failed to probe output: -517
[    1.812382] panel-simple panel: panel supply power not found, using dummy regulator
[    1.820717] sdhci-tegra 700b0000.sdhci: allocated mmc-pwrseq
[    1.833193] mmc1: Unknown controller version (3). You may experience problems.
[    1.840433] mmc1: Invalid maximum block size, assuming 512 bytes
[    1.846731] mmc1: Switching to 3.3V signalling voltage failed
[    1.903077] mmc1: SDHCI controller on 700b0000.sdhci [700b0000.sdhci] using ADMA
[    1.910317] elan_i2c 1-0015: invalid report id data (ff)
[    1.916502] sdhci-tegra 700b0400.sdhci: Got CD GPIO
[    1.921373] sdhci-tegra 700b0400.sdhci: Got WP GPIO
[    1.934769] mmc2: Unknown controller version (3). You may experience problems.
[    1.942062] mmc2: Invalid maximum block size, assuming 512 bytes
[    1.976762] mmc1: new high speed SDIO card at address 0001
[    2.013101] mmc2: SDHCI controller on 700b0400.sdhci [700b0400.sdhci] using ADMA
[    2.026272] input: gpio-keys as /devices/soc0/gpio-keys/input/input1
[    2.034109] as3722-rtc as3722-rtc: setting system clock to 2000-01-01 00:00:23 UTC (946684823)
[    2.043086] +3.3V_AVDD_HDMI_AP_GATED: disabling
[    2.047614] +1.05V_RUN: disabling
[    2.051079] +1.8V_RUN_CAM: disabling
[    2.054908] +3.3V_RUN_CAM: disabling
[    2.058643] +1.2V_RUN_CAM_FRONT: disabling
[    2.062898] +1.05V_RUN_CAM_REAR: disabling
[    2.068159] +2.8V_RUN_TOUCH: disabling
[    2.073107] +2.8V_RUN_CAM_AF: disabling
[    2.077157] +1.8V_RUN_VPP_FUSE: disabling
[    2.081367] +VDD_LED: disabling
[    2.084541] +5V_VDD_TS_SW: disabling
[    2.088116] +5V_USB_HS: disabling
[    2.091422] +5V_USB_SS: disabling
[    2.094770] +3.3V_PANEL: disabling
[    2.098169] +1.05V_RUN_AVDD_HDMI_PLL: disabling
[    2.102688] +5V_HDMI_CON: disabling
[    2.107117] EXT4-fs (mmcblk0p3): couldn't mount as ext3 due to feature incompatibilities
[    2.115813] EXT4-fs (mmcblk0p3): couldn't mount as ext2 due to feature incompatibilities
[    2.204862] mmc2: new high speed SDHC card at address 0007
[    2.210991] mmcblk2: mmc2:0007 SD08G 7.42 GiB 
[    2.225477] GPT:Primary header alternate_lba != Alt. header my_lba
[    2.231649] GPT:3014591 != 15564799
[    2.235155] GPT:Primary header thinks Alt. header is not at the end of the disk.
[    2.242534] GPT:3014591 != 15564799
[    2.246015] GPT: Use GNU Parted to correct GPT errors.
[    2.251161]  mmcblk2: p1 p2 p3 p4 p5 p6 p7 p8 p9 p10 p11 p12
[    2.451991] EXT4-fs (mmcblk0p3): recovery complete
[    2.457541] EXT4-fs (mmcblk0p3): mounted filesystem with ordered data mode. Opts: (null)
[    2.465671] VFS: Mounted root (ext4 filesystem) on device 179:3.
[    2.472366] devtmpfs: mounted
[    2.476057] Freeing unused kernel memory: 2048K
bash: cannot set terminal process group (-1): Inappropriate ioctl for device
bash: no job control in this shell
root@(none):/# mount -t sysfs none /sys
root@(none):/# 
root@(none):/# mount -t debugfs none /sys/kernel/debug
root@(none):/# 
root@(none):/# rtcwake -d rtc1 -m mem -s 3
rtcwake: assuming RTC uses UTC ...
rtcwake: wakeup from "mem" using /dev/rtc1 at Thu Jan  1 00:00:28 1970
[    5.853459] PM: Syncing filesystems ... done.
[    5.859341] Freezing user space processes ... (elapsed 0.001 seconds) done.
[    5.867540] OOM killer disabled.
[    5.870760] Freezing remaining freezable tasks ... (elapsed 0.001 seconds) done.
[    5.879440] Suspending console(s) (use no_console_suspend to debug)
[    5.904279] PM: suspend of devices complete after 17.906 msecs
[    5.905428] PM: late suspend of devices complete after 1.140 msecs
[    5.906215] PM: noirq suspend of devices complete after 0.781 msecs
[    5.906217] Disabling non-boot CPUs ...
[    5.906524] IRQ352 no longer affine to CPU1
[    5.955203] IRQ353 no longer affine to CPU2
[    6.035161] IRQ17 no longer affine to CPU3
[    6.035263] IRQ354 no longer affine to CPU3
[    6.084611] Entering suspend state LP1
[    6.084611] Suspended for 3.115 seconds
[    6.084622] Enabling non-boot CPUs ...
[    6.114569] CPU1 is up
[    6.154426] CPU2 is up
[    6.194627] CPU3 is up
[    6.195056] PM: noirq resume of devices complete after 0.424 msecs
[    6.196569] PM: early resume of devices complete after 1.187 msecs
[    6.351983] mmc1: Switching to 3.3V signalling voltage failed
[    6.434468] PM: resume of devices complete after 237.889 msecs
[    6.516560] OOM killer enabled.
[    6.519689] Restarting tasks ... done.
root@(none):/# 
root@(none):/# rtcwake -d rtc1 -m mem -s 3
rtcwake: assuming RTC uses UTC ...
rtcwake: wakeup from "mem" using /dev/rtc1 at Thu Jan  1 00:00:33 1970
[    7.810782] PM: Syncing filesystems ... done.
[    7.816412] Freezing user space processes ... (elapsed 0.001 seconds) done.
[    7.824584] OOM killer disabled.
[    7.827800] Freezing remaining freezable tasks ... (elapsed 0.001 seconds) done.
[    7.836423] Suspending console(s) (use no_console_suspend to debug)
[    7.859985] PM: suspend of devices complete after 16.660 msecs
[    7.861093] PM: late suspend of devices complete after 1.099 msecs
[    7.861809] PM: noirq suspend of devices complete after 0.711 msecs
[    7.861811] Disabling non-boot CPUs ...
[    7.862071] IRQ352 no longer affine to CPU1
[    7.925039] IRQ353 no longer affine to CPU2
[    7.984948] IRQ354 no longer affine to CPU3
[    8.034483] Entering suspend state LP1
[    8.034483] Suspended for 3.049 seconds
[    8.034494] Enabling non-boot CPUs ...
[    8.064566] CPU1 is up
[    8.104385] CPU2 is up
[    8.144588] CPU3 is up
[    8.145036] PM: noirq resume of devices complete after 0.443 msecs
[    8.146382] PM: early resume of devices complete after 1.017 msecs
[    8.302006] mmc1: Switching to 3.3V signalling voltage failed
[    8.382768] PM: resume of devices complete after 236.377 msecs
[    8.460771] OOM killer enabled.
[    8.463904] Restarting tasks ... done.
root@(none):/# 
root@(none):/# rtcwake -d rtc1 -m mem -s 3
rtcwake: assuming RTC uses UTC ...
rtcwake: wakeup from "mem" using /dev/rtc1 at Thu Jan  1 00:00:38 1970
[    9.760618] PM: Syncing filesystems ... done.
[    9.766177] Freezing user space processes ... (elapsed 0.001 seconds) done.
[    9.774347] OOM killer disabled.
[    9.777562] Freezing remaining freezable tasks ... (elapsed 0.001 seconds) done.
[    9.786079] Suspending console(s) (use no_console_suspend to debug)
[    9.810521] PM: suspend of devices complete after 17.537 msecs
[    9.811652] PM: late suspend of devices complete after 1.123 msecs
[    9.812362] PM: noirq suspend of devices complete after 0.705 msecs
[    9.812364] Disabling non-boot CPUs ...
[    9.812623] IRQ352 no longer affine to CPU1
[    9.875019] IRQ353 no longer affine to CPU2
[    9.934936] IRQ354 no longer affine to CPU3
[    9.984452] Entering suspend state LP1
[    9.984452] Suspended for 3.049 seconds
[    9.984463] Enabling non-boot CPUs ...
[   10.014525] CPU1 is up
[   10.054355] CPU2 is up
[   10.094571] CPU3 is up
[   10.095007] PM: noirq resume of devices complete after 0.431 msecs
[   10.096394] PM: early resume of devices complete after 1.084 msecs
[   10.252001] mmc1: Switching to 3.3V signalling voltage failed
[   10.332691] PM: resume of devices complete after 236.287 msecs
[   10.410696] OOM killer enabled.
[   10.413828] Restarting tasks ... done.
root@(none):/# 
root@(none):/# rtcwake -d rtc1 -m mem -s 3
rtcwake: assuming RTC uses UTC ...
rtcwake: wakeup from "mem" using /dev/rtc1 at Thu Jan  1 00:00:43 1970
[   11.709974] PM: Syncing filesystems ... done.
[   11.715525] Freezing user space processes ... (elapsed 0.001 seconds) done.
[   11.723695] OOM killer disabled.
[   11.726911] Freezing remaining freezable tasks ... (elapsed 0.001 seconds) done.
[   11.735534] Suspending console(s) (use no_console_suspend to debug)
[   11.759232] PM: suspend of devices complete after 16.803 msecs
[   11.760350] PM: late suspend of devices complete after 1.109 msecs
[   11.761065] PM: noirq suspend of devices complete after 0.710 msecs
[   11.761068] Disabling non-boot CPUs ...
[   11.761331] IRQ352 no longer affine to CPU1
[   11.824986] IRQ353 no longer affine to CPU2
[   11.884897] IRQ354 no longer affine to CPU3
[   11.934415] Entering suspend state LP1
[   11.934415] Suspended for 3.049 seconds
[   11.934426] Enabling non-boot CPUs ...
[   11.964500] CPU1 is up
[   12.004355] CPU2 is up
[   12.044539] CPU3 is up
[   12.044982] PM: noirq resume of devices complete after 0.438 msecs
[   12.046313] PM: early resume of devices complete after 1.012 msecs
[   12.201995] mmc1: Switching to 3.3V signalling voltage failed
[   12.284458] PM: resume of devices complete after 238.135 msecs
[   12.362462] OOM killer enabled.
[   12.365595] Restarting tasks ... done.
root@(none):/# 
root@(none):/# rtcwake -d rtc1 -m mem -s 3
rtcwake: assuming RTC uses UTC ...
rtcwake: wakeup from "mem" using /dev/rtc1 at Thu Jan  1 00:00:48 1970
[   13.659955] PM: Syncing filesystems ... done.
[   13.665515] Freezing user space processes ... (elapsed 0.001 seconds) done.
[   13.673689] OOM killer disabled.
[   13.676905] Freezing remaining freezable tasks ... (elapsed 0.001 seconds) done.
[   13.685424] Suspending console(s) (use no_console_suspend to debug)
[   13.709147] PM: suspend of devices complete after 16.828 msecs
[   13.710255] PM: late suspend of devices complete after 1.099 msecs
[   13.710971] PM: noirq suspend of devices complete after 0.710 msecs
[   13.710973] Disabling non-boot CPUs ...
[   13.711231] IRQ352 no longer affine to CPU1
[   13.774840] IRQ17 no longer affine to CPU2
[   13.774948] IRQ353 no longer affine to CPU2
[   13.834881] IRQ354 no longer affine to CPU3
[   13.884397] Entering suspend state LP1
[   13.884397] Suspended for 3.049 seconds
[   13.884408] Enabling non-boot CPUs ...
[   13.914457] CPU1 is up
[   13.954318] CPU2 is up
[   13.994510] CPU3 is up
[   13.994951] PM: noirq resume of devices complete after 0.437 msecs
[   13.996195] PM: early resume of devices complete after 0.942 msecs
[   14.151959] mmc1: Switching to 3.3V signalling voltage failed
[   14.234418] PM: resume of devices complete after 238.212 msecs
[   14.316503] OOM killer enabled.
[   14.319632] Restarting tasks ... done.
root@(none):/# 
root@(none):/# rtcwake -d rtc1 -m mem -s 3
rtcwake: assuming RTC uses UTC ...
rtcwake: wakeup from "mem" using /dev/rtc1 at Thu Jan  1 00:00:53 1970
[   15.609927] PM: Syncing filesystems ... done.
[   15.615480] Freezing user space processes ... (elapsed 0.001 seconds) done.
[   15.623650] OOM killer disabled.
[   15.626866] Freezing remaining freezable tasks ... (elapsed 0.001 seconds) done.
[   15.635491] Suspending console(s) (use no_console_suspend to debug)
[   15.659114] PM: suspend of devices complete after 16.724 msecs
[   15.660269] PM: late suspend of devices complete after 1.146 msecs
[   15.661046] PM: noirq suspend of devices complete after 0.772 msecs
[   15.661049] Disabling non-boot CPUs ...
[   15.661310] IRQ352 no longer affine to CPU1
[   15.724920] IRQ353 no longer affine to CPU2
[   15.784845] IRQ354 no longer affine to CPU3
[   15.834376] Entering suspend state LP1
[   15.834376] Suspended for 3.049 seconds
[   15.834387] Enabling non-boot CPUs ...
[   15.864445] CPU1 is up
[   15.904276] CPU2 is up
[   15.944488] CPU3 is up
[   15.944935] PM: noirq resume of devices complete after 0.442 msecs
[   15.946276] PM: early resume of devices complete after 1.012 msecs
[   16.101894] mmc1: Switching to 3.3V signalling voltage failed
[   16.184379] PM: resume of devices complete after 238.094 msecs
[   16.262326] OOM killer enabled.
[   16.265459] Restarting tasks ... done.
root@(none):/# 
root@(none):/# rtcwake -d rtc1 -m mem -s 3
rtcwake: assuming RTC uses UTC ...
rtcwake: wakeup from "mem" using /dev/rtc1 at Thu Jan  1 00:00:58 1970
[   17.569894] PM: Syncing filesystems ... done.
[   17.575458] Freezing user space processes ... (elapsed 0.001 seconds) done.
[   17.583633] OOM killer disabled.
[   17.586849] Freezing remaining freezable tasks ... (elapsed 0.001 seconds) done.
[   17.595473] Suspending console(s) (use no_console_suspend to debug)
[   17.619928] PM: suspend of devices complete after 17.556 msecs
[   17.621109] PM: late suspend of devices complete after 1.171 msecs
[   17.621903] PM: noirq suspend of devices complete after 0.789 msecs
[   17.621905] Disabling non-boot CPUs ...
[   17.622166] IRQ352 no longer affine to CPU1
[   17.684883] IRQ353 no longer affine to CPU2
[   17.744824] IRQ354 no longer affine to CPU3
[   17.794338] Entering suspend state LP1
[   17.794338] Suspended for 3.039 seconds
[   17.794349] Enabling non-boot CPUs ...
[   17.824422] CPU1 is up
[   17.864259] CPU2 is up
[   17.904459] CPU3 is up
[   17.904895] PM: noirq resume of devices complete after 0.430 msecs
[   17.906019] PM: early resume of devices complete after 0.800 msecs
[   18.061897] mmc1: Switching to 3.3V signalling voltage failed
[   18.144507] PM: resume of devices complete after 238.478 msecs
[   18.222513] OOM killer enabled.
[   18.225646] Restarting tasks ... done.
root@(none):/# 
root@(none):/# rtcwake -d rtc1 -m mem -s 3
rtcwake: assuming RTC uses UTC ...
rtcwake: wakeup from "mem" using /dev/rtc1 at Thu Jan  1 00:01:03 1970
[   19.529870] PM: Syncing filesystems ... done.
[   19.535420] Freezing user space processes ... (elapsed 0.001 seconds) done.
[   19.543592] OOM killer disabled.
[   19.546808] Freezing remaining freezable tasks ... (elapsed 0.001 seconds) done.
[   19.555432] Suspending console(s) (use no_console_suspend to debug)
[   19.579142] PM: suspend of devices complete after 16.812 msecs
[   19.580254] PM: late suspend of devices complete after 1.103 msecs
[   19.580970] PM: noirq suspend of devices complete after 0.711 msecs
[   19.580972] Disabling non-boot CPUs ...
[   19.581234] IRQ352 no longer affine to CPU1
[   19.644868] IRQ353 no longer affine to CPU2
[   19.704810] IRQ354 no longer affine to CPU3
[   19.754330] Entering suspend state LP1
[   19.754330] Suspended for 3.039 seconds
[   19.754341] Enabling non-boot CPUs ...
[   19.784412] CPU1 is up
[   19.824237] CPU2 is up
[   19.864449] CPU3 is up
[   19.864903] PM: noirq resume of devices complete after 0.448 msecs
[   19.866364] PM: early resume of devices complete after 1.145 msecs
[   20.022164] mmc1: Switching to 3.3V signalling voltage failed
[   20.104462] PM: resume of devices complete after 238.087 msecs
[   20.182410] OOM killer enabled.
[   20.185544] Restarting tasks ... done.
root@(none):/# 
root@(none):/# rtcwake -d rtc1 -m mem -s 3
rtcwake: assuming RTC uses UTC ...
rtcwake: wakeup from "mem" using /dev/rtc1 at Thu Jan  1 00:01:08 1970
[   21.489853] PM: Syncing filesystems ... done.
[   21.495406] Freezing user space processes ... (elapsed 0.001 seconds) done.
[   21.503476] OOM killer disabled.
[   21.506691] Freezing remaining freezable tasks ... (elapsed 0.001 seconds) done.
[   21.515305] Suspending console(s) (use no_console_suspend to debug)
[   21.538824] PM: suspend of devices complete after 16.621 msecs
[   21.540127] PM: late suspend of devices complete after 1.293 msecs
[   21.540898] PM: noirq suspend of devices complete after 0.766 msecs
[   21.540900] Disabling non-boot CPUs ...
[   21.541103] IRQ17 no longer affine to CPU1
[   21.541159] IRQ352 no longer affine to CPU1
[   21.604842] IRQ353 no longer affine to CPU2
[   21.664765] IRQ354 no longer affine to CPU3
[   21.714307] Entering suspend state LP1
[   21.714307] Suspended for 3.039 seconds
[   21.714318] Enabling non-boot CPUs ...
[   21.744367] CPU1 is up
[   21.784194] CPU2 is up
[   21.824411] CPU3 is up
[   21.824869] PM: noirq resume of devices complete after 0.453 msecs
[   21.826341] PM: early resume of devices complete after 1.152 msecs
[   21.981880] mmc1: Switching to 3.3V signalling voltage failed
[   22.064269] PM: resume of devices complete after 237.917 msecs
[   22.146382] OOM killer enabled.
[   22.149511] Restarting tasks ... done.
root@(none):/# 
root@(none):/# rtcwake -d rtc1 -m mem -s 3
rtcwake: assuming RTC uses UTC ...
rtcwake: wakeup from "mem" using /dev/rtc1 at Thu Jan  1 00:01:13 1970
[   23.449820] PM: Syncing filesystems ... done.
[   23.455381] Freezing user space processes ... (elapsed 0.001 seconds) done.
[   23.463554] OOM killer disabled.
[   23.466770] Freezing remaining freezable tasks ... (elapsed 0.001 seconds) done.
[   23.475392] Suspending console(s) (use no_console_suspend to debug)
[   23.499156] PM: suspend of devices complete after 16.867 msecs
[   23.500267] PM: late suspend of devices complete after 1.102 msecs
[   23.500983] PM: noirq suspend of devices complete after 0.711 msecs
[   23.500985] Disabling non-boot CPUs ...
[   23.501240] IRQ352 no longer affine to CPU1
[   23.564822] IRQ353 no longer affine to CPU2
[   23.624745] IRQ354 no longer affine to CPU3
[   23.674274] Entering suspend state LP1
[   23.674274] Suspended for 3.039 seconds
[   23.674285] Enabling non-boot CPUs ...
[   23.704354] CPU1 is up
[   23.744169] CPU2 is up
[   23.784391] CPU3 is up
[   23.784834] PM: noirq resume of devices complete after 0.437 msecs
[   23.786198] PM: early resume of devices complete after 1.044 msecs
[   23.941822] mmc1: Switching to 3.3V signalling voltage failed
[   24.024037] PM: resume of devices complete after 237.829 msecs
[   24.102043] OOM killer enabled.
[   24.105176] Restarting tasks ... done.
root@(none):/# 
root@(none):/# NVTB SYSTEM SUSPEND TEST COMPLETE
