
U-Boot SPL 2014.01-00219-gc4d376f (Feb 18 2014 - 19:57:32)


U-Boot 2014.01-00219-gc4d376f (Feb 18 2014 - 19:57:32)

TEGRA114
Board: NVIDIA Dalmore
I2C:   ready
DRAM:  2 GiB
MMC:   Tegra SD/MMC: 0, Tegra SD/MMC: 1
In:    serial
Out:   serial
Err:   serial
Net:   Net Initialization Skipped
No ethernet found.
Hit any key to stop autoboot:  2  0 
Tegra114 (Dalmore) # 
Tegra114 (Dalmore) # usb reset
(Re)start USB...
USB0:   USB EHCI 1.10
scanning bus 0 for devices... 2 USB Device(s) found
       scanning usb for storage devices... 0 Storage Device(s) found
       scanning usb for ethernet devices... 
Warning: asx0 using MAC address from net device
1 Ethernet Device(s) found
Tegra114 (Dalmore) # setenv bootargs 'ignore_loglevel console=ttyS0,115200n8 rw root=PARTUUID=7369c667-ff51-ec4a-29cd-baabf2fbe346 rootwait gpt debug earlyprintk init=/bin/bash'
Tegra114 (Dalmore) # setenv ipaddr 192.168.100.100; setenv serverip 192.168.100.1; setenv tftpserverip 192.168.100.1
Tegra114 (Dalmore) # tftpboot 0x81000000 zImage.multi_v7_defconfig
Using asx0 device
TFTP from server 192.168.100.1; our IP address is 192.168.100.100
Filename 'zImage.multi_v7_defconfig'.
Load address: 0x81000000
Loading: *#################################################################
	 #################################################################
	 #################################################################
	 #################################################################
	 #################################################################
	 #################################################################
	 #################################################################
	 ###########################################################
	 3.2 MiB/s
done
Bytes transferred = 7536112 (72fdf0 hex)
Tegra114 (Dalmore) # tftpboot 0x82000000 tegra114-dalmore.dtb
Using asx0 device
TFTP from server 192.168.100.1; our IP address is 192.168.100.100
Filename 'tegra114-dalmore.dtb'.
Load address: 0x82000000
Loading: *###
	 2.8 MiB/s
done
Bytes transferred = 35044 (88e4 hex)
Tegra114 (Dalmore) # bootz 0x81000000 - 0x82000000
Kernel image @ 0x81000000 [ 0x000000 - 0x72fdf0 ]
## Flattened Device Tree blob at 82000000
   Booting using the fdt blob at 0x82000000
   Loading Device Tree to 8fff4000, end 8ffff8e3 ... OK

Starting kernel ...

[    0.000000] Booting Linux on physical CPU 0x0
[    0.000000] Linux version 4.11.0-rc5-156411-ga71c9a1 (jonathanh@sellafield) (gcc version 4.7.3 20130328 (prerelease) (crosstool-NG linaro-1.13.1-4.7-2013.04-20130415 - Linaro GCC 2013.04) ) #1 SMP Sun Apr 2 18:05:00 PDT 2017
[    0.000000] CPU: ARMv7 Processor [412fc0f2] revision 2 (ARMv7), cr=10c5387d
[    0.000000] CPU: div instructions available: patching division code
[    0.000000] CPU: PIPT / VIPT nonaliasing data cache, PIPT instruction cache
[    0.000000] OF: fdt: Machine model: NVIDIA Tegra114 Dalmore evaluation board
[    0.000000] debug: ignoring loglevel setting.
[    0.000000] efi: Getting EFI parameters from FDT:
[    0.000000] efi: UEFI not found.
[    0.000000] cma: Reserved 64 MiB at 0xfb800000
[    0.000000] Memory policy: Data cache writealloc
[    0.000000] On node 0 totalpages: 524032
[    0.000000] free_area_init_node: node 0, pgdat c15381c0, node_mem_map eeff8000
[    0.000000]   DMA zone: 1536 pages used for memmap
[    0.000000]   DMA zone: 0 pages reserved
[    0.000000]   DMA zone: 196608 pages, LIFO batch:31
[    0.000000]   HighMem zone: 327424 pages, LIFO batch:31
[    0.000000] percpu: Embedded 16 pages/cpu @eef9c000 s34432 r8192 d22912 u65536
[    0.000000] pcpu-alloc: s34432 r8192 d22912 u65536 alloc=16*4096
[    0.000000] pcpu-alloc: [0] 0 [0] 1 [0] 2 [0] 3 
[    0.000000] Built 1 zonelists in Zone order, mobility grouping on.  Total pages: 522496
[    0.000000] Kernel command line: ignore_loglevel console=ttyS0,115200n8 rw root=PARTUUID=7369c667-ff51-ec4a-29cd-baabf2fbe346 rootwait gpt debug earlyprintk init=/bin/bash
[    0.000000] PID hash table entries: 4096 (order: 2, 16384 bytes)
[    0.000000] Dentry cache hash table entries: 131072 (order: 7, 524288 bytes)
[    0.000000] Inode-cache hash table entries: 65536 (order: 6, 262144 bytes)
[    0.000000] Memory: 1993772K/2096128K available (10240K kernel code, 1254K rwdata, 4212K rodata, 2048K init, 536K bss, 36820K reserved, 65536K cma-reserved, 1244160K highmem)
[    0.000000] Virtual kernel memory layout:
[    0.000000]     vector  : 0xffff0000 - 0xffff1000   (   4 kB)
[    0.000000]     fixmap  : 0xffc00000 - 0xfff00000   (3072 kB)
[    0.000000]     vmalloc : 0xf0800000 - 0xff800000   ( 240 MB)
[    0.000000]     lowmem  : 0xc0000000 - 0xf0000000   ( 768 MB)
[    0.000000]     pkmap   : 0xbfe00000 - 0xc0000000   (   2 MB)
[    0.000000]     modules : 0xbf000000 - 0xbfe00000   (  14 MB)
[    0.000000]       .text : 0xc0208000 - 0xc0d00000   (11232 kB)
[    0.000000]       .init : 0xc1200000 - 0xc1400000   (2048 kB)
[    0.000000]       .data : 0xc1400000 - 0xc1539ae0   (1255 kB)
[    0.000000]        .bss : 0xc153b000 - 0xc15c12b8   ( 537 kB)
[    0.000000] SLUB: HWalign=64, Order=0-3, MinObjects=0, CPUs=4, Nodes=1
[    0.000000] Hierarchical RCU implementation.
[    0.000000] 	RCU debugfs-based tracing is enabled.
[    0.000000] 	Build-time adjustment of leaf fanout to 32.
[    0.000000] 	RCU restricting CPUs from NR_CPUS=16 to nr_cpu_ids=4.
[    0.000000] RCU: Adjusting geometry for rcu_fanout_leaf=32, nr_cpu_ids=4
[    0.000000] NR_IRQS:16 nr_irqs:16 16
[    0.000000] /interrupt-controller@60004000: 160 interrupts forwarded to /interrupt-controller@50041000
[    0.000000] Tegra clk 127: register failed with -17
[    0.000008] sched_clock: 32 bits at 1000kHz, resolution 1000ns, wraps every 2147483647500ns
[    0.000028] clocksource: timer_us: mask: 0xffffffff max_cycles: 0xffffffff, max_idle_ns: 1911260446275 ns
[    0.000043] Switching to timer-based delay loop, resolution 1000ns
[    0.003263] arm_arch_timer: Architected cp15 timer(s) running at 12.00MHz (virt).
[    0.003283] clocksource: arch_sys_counter: mask: 0xffffffffffffff max_cycles: 0x2c47f4ee7, max_idle_ns: 440795202497 ns
[    0.003303] sched_clock: 56 bits at 12MHz, resolution 83ns, wraps every 4398046511096ns
[    0.003318] Switching to timer-based delay loop, resolution 83ns
[    0.003718] Console: colour dummy device 80x30
[    0.003750] Calibrating delay loop (skipped), value calculated using timer frequency.. 24.00 BogoMIPS (lpj=120000)
[    0.003769] pid_max: default: 32768 minimum: 301
[    0.003879] Mount-cache hash table entries: 2048 (order: 1, 8192 bytes)
[    0.003892] Mountpoint-cache hash table entries: 2048 (order: 1, 8192 bytes)
[    0.004385] CPU: Testing write buffer coherency: ok
[    0.004624] /cpus/cpu@0 missing clock-frequency property
[    0.004656] /cpus/cpu@1 missing clock-frequency property
[    0.004686] /cpus/cpu@2 missing clock-frequency property
[    0.004718] /cpus/cpu@3 missing clock-frequency property
[    0.004732] CPU0: thread -1, cpu 0, socket 0, mpidr 80000000
[    0.005029] Setting up static identity map for 0x80300000 - 0x80300098
[    0.007613] Tegra Revision: A01 SKU: 0 CPU Process: 1 SoC Process: 0
[    0.008162] EFI services will not be available.
[    0.008411] smp: Bringing up secondary CPUs ...
[    0.008952] CPU1: thread -1, cpu 1, socket 0, mpidr 80000001
[    0.009567] CPU2: thread -1, cpu 2, socket 0, mpidr 80000002
[    0.010162] CPU3: thread -1, cpu 3, socket 0, mpidr 80000003
[    0.010250] smp: Brought up 1 node, 4 CPUs
[    0.010274] SMP: Total of 4 processors activated (96.00 BogoMIPS).
[    0.010283] CPU: All CPU(s) started in SVC mode.
[    0.011780] devtmpfs: initialized
[    0.020382] VFP support v0.3: implementor 41 architecture 4 part 30 variant f rev 0
[    0.020723] clocksource: jiffies: mask: 0xffffffff max_cycles: 0xffffffff, max_idle_ns: 19112604462750000 ns
[    0.020742] futex hash table entries: 1024 (order: 4, 65536 bytes)
[    0.022174] pinctrl core: initialized pinctrl subsystem
[    0.023914] NET: Registered protocol family 16
[    0.026104] DMA: preallocated 256 KiB pool for atomic coherent allocations
[    0.028242] cpuidle: using governor menu
[    0.051125] No ATAGs?
[    0.051254] hw-breakpoint: found 5 (+1 reserved) breakpoint and 4 watchpoint registers.
[    0.051271] hw-breakpoint: maximum watchpoint size is 8 bytes.
[    0.056206] Serial: AMBA PL011 UART driver
[    0.056919] tegra-mc 70019000.memory-controller: no memory timings for RAM code 3 registered
[    0.071366] dvdd_ts: Failed to request enable GPIO61: -517
[    0.071384] reg-fixed-voltage regulators:regulator@1: Failed to register regulator: -517
[    0.071479] usb1_vbus: Failed to request enable GPIO108: -517
[    0.071495] reg-fixed-voltage regulators:regulator@3: Failed to register regulator: -517
[    0.071585] usb2_vbus: Failed to request enable GPIO86: -517
[    0.071600] reg-fixed-voltage regulators:regulator@4: Failed to register regulator: -517
[    0.071989] VDD_5V0_HDMI_CON: Failed to request enable GPIO81: -517
[    0.072005] reg-fixed-voltage regulators:regulator@7: Failed to register regulator: -517
[    0.074555] vgaarb: loaded
[    0.075272] SCSI subsystem initialized
[    0.075441] libata version 3.00 loaded.
[    0.075659] usbcore: registered new interface driver usbfs
[    0.075712] usbcore: registered new interface driver hub
[    0.075772] usbcore: registered new device driver usb
[    0.078886] tps65090 2-0048: No cache defaults, reading back from HW
[    0.080769] TPS65090_RAILSDCDC1: supplied by vdd_ac_bat
[    0.081823] TPS65090_RAILSDCDC2: supplied by vdd_ac_bat
[    0.082885] TPS65090_RAILSDCDC3: supplied by vdd_ac_bat
[    0.083412] TPS65090_RAILSFET1: supplied by vdd_ac_bat
[    0.083783] TPS65090_RAILSFET2: supplied by vdd_ac_bat
[    0.084138] TPS65090_RAILSFET3: supplied by vdd-sys-3v3
[    0.084649] TPS65090_RAILSFET4: supplied by vdd-sys-3v3
[    0.085178] TPS65090_RAILSFET5: supplied by vdd-sys-3v3
[    0.085691] TPS65090_RAILSFET6: supplied by vdd-sys-3v3
[    0.086528] TPS65090_RAILSFET7: supplied by vdd-sys-3v3
[    0.087054] TPS65090_RAILSLDO1: supplied by vdd_ac_bat
[    0.087257] TPS65090_RAILSLDO2: supplied by vdd_ac_bat
[    0.088154] palmas 2-0058: Irq flag is 0x00000004
[    0.090106] palmas 2-0058: Muxing GPIO ff, PWM 0, LED 0
[    0.092559] SMPS12: supplied by vdd-ao
[    0.093568] vdd_hdmi_5v0: supplied by vdd-sys-5v0
[    0.094377] SMPS3: supplied by vdd-ao
[    0.096109] SMPS457: supplied by vdd-sys-3v3
[    0.098951] SMPS8: supplied by vdd-sys-3v3
[    0.099816] random: fast init done
[    0.100560] SMPS9: supplied by vdd-sys-3v3
[    0.101081] sdhci-vdd-sd-slot: Bringing 2840000uV into 2800000-2800000uV
[    0.103851] LDO1: supplied by vdd-sys-3v3
[    0.105020] LDO2: supplied by vdd-sys-3v3
[    0.106201] LDO3: supplied by vddio-1v8
[    0.107375] LDO4: supplied by vdd-sys-3v3
[    0.108549] LDO5: supplied by vdd_ac_bat
[    0.109291] LDO6: supplied by vdd-sys-3v3
[    0.109804] vdd-sensor-2v85: Bringing 2900000uV into 2850000-2850000uV
[    0.111206] LDO7: supplied by vdd-sys-3v3
[    0.112906] LDO8: supplied by vdd-ao
[    0.113421] vdd-rtc: Bringing 675000uV into 900000-900000uV
[    0.123936] LDO9: supplied by sdhci-vdd-sd-slot
[    0.134277] LDOLN: supplied by vdd-sys-5v0
[    0.135464] LDOUSB: supplied by vdd-sys-5v0
[    0.146912] pps_core: LinuxPPS API ver. 1 registered
[    0.146924] pps_core: Software ver. 5.3.6 - Copyright 2005-2007 Rodolfo Giometti <giometti@linux.it>
[    0.146953] PTP clock support registered
[    0.147132] EDAC MC: Ver: 3.0.0
[    0.149212] clocksource: Switched to clocksource arch_sys_counter
[    0.158111] NET: Registered protocol family 2
[    0.158618] TCP established hash table entries: 8192 (order: 3, 32768 bytes)
[    0.158719] TCP bind hash table entries: 8192 (order: 4, 65536 bytes)
[    0.158907] TCP: Hash tables configured (established 8192 bind 8192)
[    0.158993] UDP hash table entries: 512 (order: 2, 16384 bytes)
[    0.159040] UDP-Lite hash table entries: 512 (order: 2, 16384 bytes)
[    0.159227] NET: Registered protocol family 1
[    0.159531] RPC: Registered named UNIX socket transport module.
[    0.159542] RPC: Registered udp transport module.
[    0.159552] RPC: Registered tcp transport module.
[    0.159562] RPC: Registered tcp NFSv4.1 backchannel transport module.
[    0.159575] PCI: CLS 0 bytes, default 64
[    0.161834] workingset: timestamp_bits=30 max_order=19 bucket_order=0
[    0.170132] squashfs: version 4.0 (2009/01/31) Phillip Lougher
[    0.170844] NFS: Registering the id_resolver key type
[    0.170874] Key type id_resolver registered
[    0.170884] Key type id_legacy registered
[    0.170927] ntfs: driver 2.1.32 [Flags: R/O].
[    0.172446] bounce: pool size: 64 pages
[    0.172492] Block layer SCSI generic (bsg) driver version 0.4 loaded (major 248)
[    0.172504] io scheduler noop registered
[    0.172514] io scheduler deadline registered
[    0.172677] io scheduler cfq registered (default)
[    0.172687] io scheduler mq-deadline registered
[    0.201778] tegra-apbdma 6000a000.dma: Tegra20 APB DMA driver register 32 channels
[    0.203544] tegra-pmc 7000e400.pmc: i2c-thermtrip node not found, emergency thermal reset disabled.
[    0.258095] Serial: 8250/16550 driver, 4 ports, IRQ sharing disabled
[    0.260708] console [ttyS0] disabled
[    0.260748] 70006300.serial: ttyS0 at MMIO 0x70006300 (irq = 329, base_baud = 25500000) is a Tegra
[    1.241854] console [ttyS0] enabled
[    1.246056] SuperH (H)SCI(F) driver initialized
[    1.251466] msm_serial: driver initialized
[    1.255725] STMicroelectronics ASC driver initialized
[    1.267039] tegra-hdmi 54280000.hdmi: failed to get HDMI regulator
[    1.290807] brd: module loaded
[    1.301203] loop: module loaded
[    1.320464] m25p80 spi32766.0: w25q32dw (4096 Kbytes)
[    1.328357] libphy: Fixed MDIO Bus: probed
[    1.333494] CAN device driver interface
[    1.338110] bgmac_bcma: Broadcom 47xx GBit MAC driver loaded
[    1.345017] e1000e: Intel(R) PRO/1000 Network Driver - 3.2.6-k
[    1.350856] e1000e: Copyright(c) 1999 - 2015 Intel Corporation.
[    1.356819] igb: Intel(R) Gigabit Ethernet Network Driver - version 5.4.0-k
[    1.363787] igb: Copyright (c) 2007-2014 Intel Corporation.
[    1.372420] pegasus: v0.9.3 (2013/04/25), Pegasus/Pegasus II USB Ethernet driver
[    1.379873] usbcore: registered new interface driver pegasus
[    1.385568] usbcore: registered new interface driver asix
[    1.391007] usbcore: registered new interface driver ax88179_178a
[    1.397121] usbcore: registered new interface driver cdc_ether
[    1.403015] usbcore: registered new interface driver smsc75xx
[    1.408800] usbcore: registered new interface driver smsc95xx
[    1.414583] usbcore: registered new interface driver net1080
[    1.420285] usbcore: registered new interface driver cdc_subset
[    1.426226] usbcore: registered new interface driver zaurus
[    1.431856] usbcore: registered new interface driver cdc_ncm
[    1.439326] ehci_hcd: USB 2.0 'Enhanced' Host Controller (EHCI) Driver
[    1.445845] ehci-pci: EHCI PCI platform driver
[    1.450333] ehci-platform: EHCI generic platform driver
[    1.455735] ehci-orion: EHCI orion driver
[    1.459878] SPEAr-ehci: EHCI SPEAr driver
[    1.464006] ehci-st: EHCI STMicroelectronics driver
[    1.469000] ehci-exynos: EHCI EXYNOS driver
[    1.473330] ehci-atmel: EHCI Atmel driver
[    1.477455] tegra-ehci: Tegra EHCI driver
[    1.481764] ohci_hcd: USB 1.1 'Open' Host Controller (OHCI) Driver
[    1.487946] ohci-pci: OHCI PCI platform driver
[    1.492439] ohci-platform: OHCI generic platform driver
[    1.497796] ohci-omap3: OHCI OMAP3 driver
[    1.501939] SPEAr-ohci: OHCI SPEAr driver
[    1.506068] ohci-st: OHCI STMicroelectronics driver
[    1.511077] ohci-atmel: OHCI Atmel driver
[    1.515738] usbcore: registered new interface driver usb-storage
[    1.527127] palmas-rtc 7000d000.i2c:tps65913@58:rtc: rtc core: registered 7000d000.i2c:tps659 as rtc0
[    1.538112] tegra_rtc 7000e000.rtc: rtc core: registered 7000e000.rtc as rtc1
[    1.545314] tegra_rtc 7000e000.rtc: Tegra internal Real Time Clock
[    1.551987] i2c /dev entries driver
[    1.561588] sbs-battery 0-000b: sbs_probe: Failed to get device status
[    1.568123] sbs-battery: probe of 0-000b failed with error -121
[    1.583962] sdhci: Secure Digital Host Controller Interface driver
[    1.590161] sdhci: Copyright(c) Pierre Ossman
[    1.595882] Synopsys Designware Multimedia Card Interface Driver
[    1.602888] sdhci-pltfm: SDHCI platform and OF driver helper
[    1.609223] sdhci-tegra 78000400.sdhci: Got CD GPIO
[    1.614112] sdhci-tegra 78000400.sdhci: Got WP GPIO
[    1.620197] mmc0: Invalid maximum block size, assuming 512 bytes
[    1.689354] mmc0: SDHCI controller on 78000400.sdhci [78000400.sdhci] using ADMA
[    1.697025] mmc1: Invalid maximum block size, assuming 512 bytes
[    1.759229] mmc1: SDHCI controller on 78000600.sdhci [78000600.sdhci] using ADMA
[    1.768336] ledtrig-cpu: registered to indicate activity on CPUs
[    1.774645] usbcore: registered new interface driver usbhid
[    1.780237] usbhid: USB HID core driver
[    1.787771] NET: Registered protocol family 10
[    1.793046] Segment Routing with IPv6
[    1.796769] sit: IPv6, IPv4 and MPLS over IPv4 tunneling driver
[    1.803300] NET: Registered protocol family 17
[    1.807748] can: controller area network core (rev 20120528 abi 9)
[    1.814130] NET: Registered protocol family 29
[    1.818569] can: raw protocol (rev 20120528)
[    1.822853] can: broadcast manager protocol (rev 20161123 t)
[    1.828510] can: netlink gateway (rev 20130117) max_hops=1
[    1.834313] Key type dns_resolver registered
[    1.839131] ThumbEE CPU extension supported.
[    1.843426] Registering SWP/SWPB emulation handler
[    1.862386] usb1_vbus: supplied by vdd-sys-5v0
[    1.869510] usb2_vbus: supplied by vdd-sys-5v0
[    1.871064] mmc0: new high speed SDHC card at address aaaa
[    1.880199] mmcblk0: mmc0:aaaa SL16G 14.8 GiB 
[    1.883297] VDD_5V0_HDMI_CON: supplied by vdd-sys-5v0
[    1.888195] [drm] Supports vblank timestamp caching Rev 2 (21.10.2013).
[    1.888199] [drm] No driver support for vblank timestamp query.
[    1.925731]  mmcblk0: p1 p2 p3
[    1.948085] mmc1: new high speed MMC card at address 0001
[    1.949072] mmcblk1: mmc1:0001 SEM32G 29.1 GiB 
[    1.950175] mmcblk1boot0: mmc1:0001 SEM32G partition 1 4.00 MiB
[    1.951309] mmcblk1boot1: mmc1:0001 SEM32G partition 2 4.00 MiB
[    1.952027] mmcblk1rpmb: mmc1:0001 SEM32G partition 3 4.00 MiB
[    1.956443]  mmcblk1: p1 p2 p3 p4 p5 p6 p7 p8
[    1.983311] Console: switching to colour frame buffer device 240x75
[    2.058022] drm drm: fb0:  frame buffer device
[    2.062603] [drm] Initialized tegra 0.0.0 20120330 for drm on minor 0
[    2.074866] tegra-ehci 7d008000.usb: EHCI Host Controller
[    2.080343] tegra-ehci 7d008000.usb: new USB bus registered, assigned bus number 1
[    2.088173] tegra-ehci 7d008000.usb: irq 339, io mem 0x7d008000
[    2.119343] tegra-ehci 7d008000.usb: USB 2.0 started, EHCI 1.10
[    2.126511] hub 1-0:1.0: USB hub found
[    2.130379] hub 1-0:1.0: 1 port detected
[    2.136038] input: gpio-keys as /devices/soc0/gpio-keys/input/input0
[    2.145029] palmas-rtc 7000d000.i2c:tps65913@58:rtc: setting system clock to 2001-01-25 12:41:39 UTC (980426499)
[    2.161398] dvdd_ts: disabling
[    2.164468] usb1_vbus: disabling
[    2.167696] vdd_cam_1v8_reg: disabling
[    2.173196] EXT4-fs (mmcblk1p1): mounting ext3 file system using the ext4 subsystem
[    2.196089] EXT4-fs (mmcblk1p1): recovery complete
[    2.200974] EXT4-fs (mmcblk1p1): mounted filesystem with ordered data mode. Opts: (null)
[    2.209090] VFS: Mounted root (ext3 filesystem) on device 179:17.
[    2.217933] devtmpfs: mounted
[    2.222848] Freeing unused kernel memory: 2048K
bash: cannot set terminal process group (-1): Inappropriate ioctl for device
bash: no job control in this shell
root@(none):/# [    2.489378] usb 1-1: new high-speed USB device number 2 using tegra-ehci
[    3.163196] asix 1-1:1.0 eth0: register 'asix' at usb-7d008000.usb-1, ASIX AX88772 USB 2.0 Ethernet, 00:50:b6:0d:b5:16
mount -t sysfs none /sys
root@(none):/# 
root@(none):/# mount -t debugfs none /sys/kernel/debug
root@(none):/# 
root@(none):/# rtcwake -d rtc1 -m mem -s 3
rtcwake: assuming RTC uses UTC ...
rtcwake: wakeup from "mem" using /dev/rtc1 at Thu Jan  1 00:00:19 1970
[    5.392152] PM: Syncing filesystems ... done.
[    5.431905] Freezing user space processes ... (elapsed 0.001 seconds) done.
[    5.440247] Freezing remaining freezable tasks ... (elapsed 0.001 seconds) done.
[    5.449055] Suspending console(s) (use no_console_suspend to debug)
[    5.510955] PM: suspend of devices complete after 54.289 msecs
[    5.514101] PM: late suspend of devices complete after 3.131 msecs
[    5.516607] PM: noirq suspend of devices complete after 2.494 msecs
[    5.516612] Disabling non-boot CPUs ...
[    5.663018] Entering suspend state LP1
[    5.663018] Suspended for 6.971 seconds
[    5.663036] Enabling non-boot CPUs ...
[    5.693551] CPU1 is up
[    5.733252] CPU2 is up
[    5.773921] CPU3 is up
[    5.775094] PM: noirq resume of devices complete after 1.160 msecs
[    5.777674] PM: early resume of devices complete after 2.289 msecs
[    6.365641] PM: resume of devices complete after 587.949 msecs
[    6.425940] Restarting tasks ... done.
root@(none):/# 
root@(none):/# rtcwake -d rtc1 -m mem -s 3
rtcwake: assuming RTC uses UTC ...
rtcwake: wakeup from "mem" using /dev/rtc1 at Thu Jan  1 00:00:28 1970
[    7.437685] PM: Syncing filesystems ... done.
[    7.471316] Freezing user space processes ... (elapsed 0.001 seconds) done.
[    7.479688] Freezing remaining freezable tasks ... (elapsed 0.001 seconds) done.
[    7.488519] Suspending console(s) (use no_console_suspend to debug)
[    7.551522] PM: suspend of devices complete after 55.413 msecs
[    7.555050] PM: late suspend of devices complete after 3.510 msecs
[    7.557516] PM: noirq suspend of devices complete after 2.454 msecs
[    7.557521] Disabling non-boot CPUs ...
[    7.594462] IRQ17 no longer affine to CPU2
[    7.703102] Entering suspend state LP1
[    7.703102] Suspended for 6.960 seconds
[    7.703120] Enabling non-boot CPUs ...
[    7.733042] CPU1 is up
[    7.773216] CPU2 is up
[    7.813869] CPU3 is up
[    7.815018] PM: noirq resume of devices complete after 1.138 msecs
[    7.817478] PM: early resume of devices complete after 2.017 msecs
[    8.407545] PM: resume of devices complete after 590.050 msecs
[    8.471963] Restarting tasks ... done.
root@(none):/# 
root@(none):/# rtcwake -d rtc1 -m mem -s 3
rtcwake: assuming RTC uses UTC ...
rtcwake: wakeup from "mem" using /dev/rtc1 at Thu Jan  1 00:00:37 1970
[    9.448239] PM: Syncing filesystems ... done.
[    9.476399] Freezing user space processes ... (elapsed 0.001 seconds) done.
[    9.484773] Freezing remaining freezable tasks ... (elapsed 0.001 seconds) done.
[    9.493668] Suspending console(s) (use no_console_suspend to debug)
[    9.551113] PM: suspend of devices complete after 49.888 msecs
[    9.554617] PM: late suspend of devices complete after 3.487 msecs
[    9.557109] PM: noirq suspend of devices complete after 2.480 msecs
[    9.557114] Disabling non-boot CPUs ...
[    9.557607] IRQ17 no longer affine to CPU1
[    9.742779] Entering suspend state LP1
[    9.742779] Suspended for 6.960 seconds
[    9.742797] Enabling non-boot CPUs ...
[    9.773475] CPU1 is up
[    9.813169] CPU2 is up
[    9.853840] CPU3 is up
[    9.855008] PM: noirq resume of devices complete after 1.157 msecs
[    9.857405] PM: early resume of devices complete after 1.960 msecs
[   10.448795] PM: resume of devices complete after 591.373 msecs
[   10.513171] Restarting tasks ... done.
root@(none):/# 
root@(none):/# rtcwake -d rtc1 -m mem -s 3
rtcwake: assuming RTC uses UTC ...
rtcwake: wakeup from "mem" using /dev/rtc1 at Thu Jan  1 00:00:46 1970
[   11.526462] PM: Syncing filesystems ... done.
[   11.566838] Freezing user space processes ... (elapsed 0.001 seconds) done.
[   11.575213] Freezing remaining freezable tasks ... (elapsed 0.001 seconds) done.
[   11.584087] Suspending console(s) (use no_console_suspend to debug)
[   11.641342] PM: suspend of devices complete after 49.695 msecs
[   11.644533] PM: late suspend of devices complete after 3.175 msecs
[   11.647152] PM: noirq suspend of devices complete after 2.606 msecs
[   11.647159] Disabling non-boot CPUs ...
[   11.647672] IRQ17 no longer affine to CPU1
[   11.793475] Entering suspend state LP1
[   11.793475] Suspended for 6.949 seconds
[   11.793494] Enabling non-boot CPUs ...
[   11.822995] CPU1 is up
[   11.863140] CPU2 is up
[   11.903825] CPU3 is up
[   11.904977] PM: noirq resume of devices complete after 1.139 msecs
[   11.907413] PM: early resume of devices complete after 1.972 msecs
[   12.500445] PM: resume of devices complete after 593.014 msecs
[   12.564750] Restarting tasks ... done.
root@(none):/# 
root@(none):/# rtcwake -d rtc1 -m mem -s 3
rtcwake: assuming RTC uses UTC ...
rtcwake: wakeup from "mem" using /dev/rtc1 at Thu Jan  1 00:00:55 1970
[   13.578918] PM: Syncing filesystems ... done.
[   13.614982] Freezing user space processes ... (elapsed 0.001 seconds) done.
[   13.623349] Freezing remaining freezable tasks ... (elapsed 0.001 seconds) done.
[   13.632241] Suspending console(s) (use no_console_suspend to debug)
[   13.691460] PM: suspend of devices complete after 51.643 msecs
[   13.694879] PM: late suspend of devices complete after 3.403 msecs
[   13.697315] PM: noirq suspend of devices complete after 2.423 msecs
[   13.697320] Disabling non-boot CPUs ...
[   13.842684] Entering suspend state LP1
[   13.842684] Suspended for 6.951 seconds
[   13.842703] Enabling non-boot CPUs ...
[   13.873384] CPU1 is up
[   13.913101] CPU2 is up
[   13.953775] CPU3 is up
[   13.954936] PM: noirq resume of devices complete after 1.149 msecs
[   13.957362] PM: early resume of devices complete after 1.983 msecs
[   14.546464] PM: resume of devices complete after 589.084 msecs
[   14.606644] Restarting tasks ... done.
root@(none):/# 
root@(none):/# rtcwake -d rtc1 -m mem -s 3
rtcwake: assuming RTC uses UTC ...
rtcwake: wakeup from "mem" using /dev/rtc1 at Thu Jan  1 00:01:04 1970
[   15.626768] PM: Syncing filesystems ... done.
[   15.665146] Freezing user space processes ... (elapsed 0.001 seconds) done.
[   15.673522] Freezing remaining freezable tasks ... (elapsed 0.001 seconds) done.
[   15.682397] Suspending console(s) (use no_console_suspend to debug)
[   15.740956] PM: suspend of devices complete after 50.984 msecs
[   15.744384] PM: late suspend of devices complete after 3.410 msecs
[   15.746875] PM: noirq suspend of devices complete after 2.480 msecs
[   15.746881] Disabling non-boot CPUs ...
[   15.747380] IRQ17 no longer affine to CPU1
[   15.903296] Entering suspend state LP1
[   15.903296] Suspended for 6.939 seconds
[   15.903314] Enabling non-boot CPUs ...
[   15.932851] CPU1 is up
[   15.973022] CPU2 is up
[   16.013771] CPU3 is up
[   16.014931] PM: noirq resume of devices complete after 1.149 msecs
[   16.017381] PM: early resume of devices complete after 2.000 msecs
[   16.608661] PM: resume of devices complete after 591.263 msecs
[   16.673018] Restarting tasks ... done.
root@(none):/# 
root@(none):/# rtcwake -d rtc1 -m mem -s 3
rtcwake: assuming RTC uses UTC ...
rtcwake: wakeup from "mem" using /dev/rtc1 at Thu Jan  1 00:01:13 1970
[   17.680649] PM: Syncing filesystems ... done.
[   17.709705] Freezing user space processes ... (elapsed 0.001 seconds) done.
[   17.718037] Freezing remaining freezable tasks ... (elapsed 0.001 seconds) done.
[   17.726899] Suspending console(s) (use no_console_suspend to debug)
[   17.791203] PM: suspend of devices complete after 56.709 msecs
[   17.794726] PM: late suspend of devices complete after 3.506 msecs
[   17.797200] PM: noirq suspend of devices complete after 2.462 msecs
[   17.797205] Disabling non-boot CPUs ...
[   17.797701] IRQ17 no longer affine to CPU1
[   17.922573] Entering suspend state LP1
[   17.922573] Suspended for 6.980 seconds
[   17.922592] Enabling non-boot CPUs ...
[   17.953342] CPU1 is up
[   17.993003] CPU2 is up
[   18.033686] CPU3 is up
[   18.034835] PM: noirq resume of devices complete after 1.137 msecs
[   18.037279] PM: early resume of devices complete after 1.980 msecs
[   18.629566] PM: resume of devices complete after 592.270 msecs
[   18.693904] Restarting tasks ... done.
root@(none):/# 
root@(none):/# rtcwake -d rtc1 -m mem -s 3
rtcwake: assuming RTC uses UTC ...
rtcwake: wakeup from "mem" using /dev/rtc1 at Thu Jan  1 00:01:22 1970
[   19.701732] PM: Syncing filesystems ... done.
[   19.729866] Freezing user space processes ... (elapsed 0.001 seconds) done.
[   19.738197] Freezing remaining freezable tasks ... (elapsed 0.001 seconds) done.
[   19.747048] Suspending console(s) (use no_console_suspend to debug)
[   19.811180] PM: suspend of devices complete after 56.544 msecs
[   19.814353] PM: late suspend of devices complete after 3.157 msecs
[   19.816865] PM: noirq suspend of devices complete after 2.502 msecs
[   19.816871] Disabling non-boot CPUs ...
[   19.817388] IRQ17 no longer affine to CPU1
[   19.963223] Entering suspend state LP1
[   19.963223] Suspended for 6.959 seconds
[   19.963242] Enabling non-boot CPUs ...
[   19.992814] CPU1 is up
[   20.032941] CPU2 is up
[   20.073605] CPU3 is up
[   20.074774] PM: noirq resume of devices complete after 1.157 msecs
[   20.077196] PM: early resume of devices complete after 1.979 msecs
[   20.667221] PM: resume of devices complete after 590.007 msecs
[   20.731575] Restarting tasks ... done.
root@(none):/# 
root@(none):/# rtcwake -d rtc1 -m mem -s 3
rtcwake: assuming RTC uses UTC ...
rtcwake: wakeup from "mem" using /dev/rtc1 at Thu Jan  1 00:01:31 1970
[   21.741504] PM: Syncing filesystems ... done.
[   21.784726] Freezing user space processes ... (elapsed 0.001 seconds) done.
[   21.793100] Freezing remaining freezable tasks ... (elapsed 0.001 seconds) done.
[   21.801997] Suspending console(s) (use no_console_suspend to debug)
[   21.860817] PM: suspend of devices complete after 51.264 msecs
[   21.864250] PM: late suspend of devices complete after 3.416 msecs
[   21.866792] PM: noirq suspend of devices complete after 2.530 msecs
[   21.866798] Disabling non-boot CPUs ...
[   21.867299] IRQ17 no longer affine to CPU1
[   22.013191] Entering suspend state LP1
[   22.013191] Suspended for 6.950 seconds
[   22.013210] Enabling non-boot CPUs ...
[   22.042803] CPU1 is up
[   22.082991] CPU2 is up
[   22.123704] CPU3 is up
[   22.124862] PM: noirq resume of devices complete after 1.146 msecs
[   22.127379] PM: early resume of devices complete after 2.072 msecs
[   22.716641] PM: resume of devices complete after 589.246 msecs
[   22.781008] Restarting tasks ... done.
root@(none):/# 
root@(none):/# rtcwake -d rtc1 -m mem -s 3
rtcwake: assuming RTC uses UTC ...
rtcwake: wakeup from "mem" using /dev/rtc1 at Thu Jan  1 00:01:40 1970
[   23.791983] PM: Syncing filesystems ... done.
[   23.819994] Freezing user space processes ... (elapsed 0.001 seconds) done.
[   23.828327] Freezing remaining freezable tasks ... (elapsed 0.001 seconds) done.
[   23.837190] Suspending console(s) (use no_console_suspend to debug)
[   23.900735] PM: suspend of devices complete after 55.954 msecs
[   23.904193] PM: late suspend of devices complete after 3.441 msecs
[   23.906722] PM: noirq suspend of devices complete after 2.518 msecs
[   23.906727] Disabling non-boot CPUs ...
[   23.907220] IRQ17 no longer affine to CPU1
[   24.032480] Entering suspend state LP1
[   24.032480] Suspended for 6.980 seconds
[   24.032499] Enabling non-boot CPUs ...
[   24.063139] CPU1 is up
[   24.102854] CPU2 is up
[   24.143510] CPU3 is up
[   24.144663] PM: noirq resume of devices complete after 1.141 msecs
[   24.147098] PM: early resume of devices complete after 1.983 msecs
[   24.740196] PM: resume of devices complete after 593.080 msecs
[   24.804513] Restarting tasks ... done.
root@(none):/# 
root@(none):/# NVTB SYSTEM SUSPEND TEST COMPLETE
