
U-Boot SPL 2014.01-00219-gc4d376f (Feb 18 2014 - 19:57:32)


U-Boot 2014.01-00219-gc4d376f (Feb 18 2014 - 19:57:32)

TEGRA114
Board: NVIDIA Dalmore
I2C:   ready
DRAM:  2 GiB
MMC:   Tegra SD/MMC: 0, Tegra SD/MMC: 1
In:    serial
Out:   serial
Err:   serial
Net:   Net Initialization Skipped
No ethernet found.
Hit any key to stop autoboot:  2  0 
Tegra114 (Dalmore) # 
Tegra114 (Dalmore) # usb reset
(Re)start USB...
USB0:   USB EHCI 1.10
scanning bus 0 for devices... 2 USB Device(s) found
       scanning usb for storage devices... 0 Storage Device(s) found
       scanning usb for ethernet devices... 
Warning: asx0 using MAC address from net device
1 Ethernet Device(s) found
Tegra114 (Dalmore) # setenv bootargs 'ignore_loglevel console=ttyS0,115200n8 rw root=PARTUUID=7369c667-ff51-ec4a-29cd-baabf2fbe346 rootwait gpt debug earlyprintk init=/bin/bash'
Tegra114 (Dalmore) # setenv ipaddr 192.168.100.100; setenv serverip 192.168.100.1; setenv tftpserverip 192.168.100.1
Tegra114 (Dalmore) # tftpboot 0x81000000 zImage.multi_v7_defconfig
Using asx0 device
TFTP from server 192.168.100.1; our IP address is 192.168.100.100
Filename 'zImage.multi_v7_defconfig'.
Load address: 0x81000000
Loading: *#################################################################
	 #################################################################
	 #################################################################
	 #################################################################
	 #################################################################
	 #################################################################
	 #################################################################
	 #######
	 2.8 MiB/s
done
Bytes transferred = 6781592 (677a98 hex)
Tegra114 (Dalmore) # tftpboot 0x82000000 tegra114-dalmore.dtb
Using asx0 device
TFTP from server 192.168.100.1; our IP address is 192.168.100.100
Filename 'tegra114-dalmore.dtb'.
Load address: 0x82000000
Loading: *###
	 2.6 MiB/s
done
Bytes transferred = 34894 (884e hex)
Tegra114 (Dalmore) # bootz 0x81000000 - 0x82000000
Kernel image @ 0x81000000 [ 0x000000 - 0x677a98 ]
## Flattened Device Tree blob at 82000000
   Booting using the fdt blob at 0x82000000
   Loading Device Tree to 8fff4000, end 8ffff84d ... OK

Starting kernel ...

[    0.000000] Booting Linux on physical CPU 0x0
[    0.000000] Linux version 4.5.0-rc5-68202-g81f70ba (pwalmsley@sellafield) (gcc version 4.7.3 20130328 (prerelease) (crosstool-NG linaro-1.13.1-4.7-2013.04-20130415 - Linaro GCC 2013.04) ) #1 SMP Sat Feb 20 14:04:54 PST 2016
[    0.000000] CPU: ARMv7 Processor [412fc0f2] revision 2 (ARMv7), cr=10c5387d
[    0.000000] CPU: div instructions available: patching division code
[    0.000000] CPU: PIPT / VIPT nonaliasing data cache, PIPT instruction cache
[    0.000000] Machine model: NVIDIA Tegra114 Dalmore evaluation board
[    0.000000] debug: ignoring loglevel setting.
[    0.000000] cma: Reserved 64 MiB at 0xfb800000
[    0.000000] Memory policy: Data cache writealloc
[    0.000000] On node 0 totalpages: 524032
[    0.000000] free_area_init_node: node 0, pgdat c10706c0, node_mem_map eeff8000
[    0.000000]   DMA zone: 1536 pages used for memmap
[    0.000000]   DMA zone: 0 pages reserved
[    0.000000]   DMA zone: 196608 pages, LIFO batch:31
[    0.000000]   HighMem zone: 327424 pages, LIFO batch:31
[    0.000000] PERCPU: Embedded 12 pages/cpu @eefa3000 s18880 r8192 d22080 u49152
[    0.000000] pcpu-alloc: s18880 r8192 d22080 u49152 alloc=12*4096
[    0.000000] pcpu-alloc: [0] 0 [0] 1 [0] 2 [0] 3 
[    0.000000] Built 1 zonelists in Zone order, mobility grouping on.  Total pages: 522496
[    0.000000] Kernel command line: ignore_loglevel console=ttyS0,115200n8 rw root=PARTUUID=7369c667-ff51-ec4a-29cd-baabf2fbe346 rootwait gpt debug earlyprintk init=/bin/bash
[    0.000000] PID hash table entries: 4096 (order: 2, 16384 bytes)
[    0.000000] Dentry cache hash table entries: 131072 (order: 7, 524288 bytes)
[    0.000000] Inode-cache hash table entries: 65536 (order: 6, 262144 bytes)
[    0.000000] Memory: 1997892K/2096128K available (8499K kernel code, 1113K rwdata, 4044K rodata, 1100K init, 345K bss, 32700K reserved, 65536K cma-reserved, 1244160K highmem)
[    0.000000] Virtual kernel memory layout:
[    0.000000]     vector  : 0xffff0000 - 0xffff1000   (   4 kB)
[    0.000000]     fixmap  : 0xffc00000 - 0xfff00000   (3072 kB)
[    0.000000]     vmalloc : 0xf0800000 - 0xff800000   ( 240 MB)
[    0.000000]     lowmem  : 0xc0000000 - 0xf0000000   ( 768 MB)
[    0.000000]     pkmap   : 0xbfe00000 - 0xc0000000   (   2 MB)
[    0.000000]     modules : 0xbf000000 - 0xbfe00000   (  14 MB)
[    0.000000]       .text : 0xc0208000 - 0xc0e48d34   (12548 kB)
[    0.000000]       .init : 0xc0e49000 - 0xc0f5c000   (1100 kB)
[    0.000000]       .data : 0xc0f5c000 - 0xc10726a0   (1114 kB)
[    0.000000]        .bss : 0xc1075000 - 0xc10cb620   ( 346 kB)
[    0.000000] SLUB: HWalign=64, Order=0-3, MinObjects=0, CPUs=4, Nodes=1
[    0.000000] Hierarchical RCU implementation.
[    0.000000] 	Build-time adjustment of leaf fanout to 32.
[    0.000000] 	RCU restricting CPUs from NR_CPUS=16 to nr_cpu_ids=4.
[    0.000000] RCU: Adjusting geometry for rcu_fanout_leaf=32, nr_cpu_ids=4
[    0.000000] NR_IRQS:16 nr_irqs:16 16
[    0.000000] /interrupt-controller@60004000: 160 interrupts forwarded to /interrupt-controller@50041000
[    0.000000] L2C: failed to init: -19
[    0.000000] Tegra clk 127: register failed with -17
[    0.000008] sched_clock: 32 bits at 1000kHz, resolution 1000ns, wraps every 2147483647500ns
[    0.000027] clocksource: timer_us: mask: 0xffffffff max_cycles: 0xffffffff, max_idle_ns: 1911260446275 ns
[    0.000041] Switching to timer-based delay loop, resolution 1000ns
[    0.003089] Architected cp15 timer(s) running at 12.00MHz (virt).
[    0.003108] clocksource: arch_sys_counter: mask: 0xffffffffffffff max_cycles: 0x2c47f4ee7, max_idle_ns: 440795202497 ns
[    0.003126] sched_clock: 56 bits at 12MHz, resolution 83ns, wraps every 4398046511096ns
[    0.003139] Switching to timer-based delay loop, resolution 83ns
[    0.003498] Console: colour dummy device 80x30
[    0.003524] Calibrating delay loop (skipped), value calculated using timer frequency.. 24.00 BogoMIPS (lpj=60000)
[    0.003539] pid_max: default: 32768 minimum: 301
[    0.003646] Mount-cache hash table entries: 2048 (order: 1, 8192 bytes)
[    0.003657] Mountpoint-cache hash table entries: 2048 (order: 1, 8192 bytes)
[    0.004262] CPU: Testing write buffer coherency: ok
[    0.004477] /cpus/cpu@0 missing clock-frequency property
[    0.004505] /cpus/cpu@1 missing clock-frequency property
[    0.004534] /cpus/cpu@2 missing clock-frequency property
[    0.004563] /cpus/cpu@3 missing clock-frequency property
[    0.004574] CPU0: thread -1, cpu 0, socket 0, mpidr 80000000
[    0.004628] Setting up static identity map for 0x80209000 - 0x80209098
[    0.006911] Tegra Revision: A01 SKU: 0 CPU Process: 1 SoC Process: 0
[    0.008215] CPU1: thread -1, cpu 1, socket 0, mpidr 80000001
[    0.008855] CPU2: thread -1, cpu 2, socket 0, mpidr 80000002
[    0.009491] CPU3: thread -1, cpu 3, socket 0, mpidr 80000003
[    0.009559] Brought up 4 CPUs
[    0.009580] SMP: Total of 4 processors activated (96.00 BogoMIPS).
[    0.009587] CPU: All CPU(s) started in SVC mode.
[    0.010990] devtmpfs: initialized
[    0.021617] VFP support v0.3: implementor 41 architecture 4 part 30 variant f rev 0
[    0.022219] clocksource: jiffies: mask: 0xffffffff max_cycles: 0xffffffff, max_idle_ns: 9556302231375000 ns
[    0.023825] pinctrl core: initialized pinctrl subsystem
[    0.025485] NET: Registered protocol family 16
[    0.027659] DMA: preallocated 256 KiB pool for atomic coherent allocations
[    0.043034] cpuidle: using governor menu
[    0.057551] No ATAGs?
[    0.057587] hw-breakpoint: found 5 (+1 reserved) breakpoint and 4 watchpoint registers.
[    0.057598] hw-breakpoint: maximum watchpoint size is 8 bytes.
[    0.062669] Serial: AMBA PL011 UART driver
[    0.063968] tegra-mc 70019000.memory-controller: no memory timings for RAM code 3 registered
[    0.092848] dvdd_ts: Failed to request enable GPIO61: -517
[    0.092968] reg-fixed-voltage regulators:regulator@1: Failed to register regulator: -517
[    0.093191] usb1_vbus: Failed to request enable GPIO108: -517
[    0.093322] reg-fixed-voltage regulators:regulator@3: Failed to register regulator: -517
[    0.093542] usb2_vbus: Failed to request enable GPIO86: -517
[    0.093648] reg-fixed-voltage regulators:regulator@4: Failed to register regulator: -517
[    0.094166] VDD_5V0_HDMI_CON: Failed to request enable GPIO81: -517
[    0.094276] reg-fixed-voltage regulators:regulator@7: Failed to register regulator: -517
[    0.097383] vgaarb: loaded
[    0.098454] SCSI subsystem initialized
[    0.098640] libata version 3.00 loaded.
[    0.098956] usbcore: registered new interface driver usbfs
[    0.099024] usbcore: registered new interface driver hub
[    0.099101] usbcore: registered new device driver usb
[    0.102795] tps65090 2-0048: No cache defaults, reading back from HW
[    0.108999] genirq: Setting trigger mode 8 for irq 341 failed (irq_chip_set_type_parent+0x0/0x28)
[    0.109023] palmas 2-0058: Irq flag is 0x00000000
[    0.112240] palmas 2-0058: Muxing GPIO ff, PWM 0, LED 0
[    0.122009] sdhci-vdd-sd-slot: ramp_delay not set
[    0.146404] pps_core: LinuxPPS API ver. 1 registered
[    0.146415] pps_core: Software ver. 5.3.6 - Copyright 2005-2007 Rodolfo Giometti <giometti@linux.it>
[    0.146446] PTP clock support registered
[    0.146680] EDAC MC: Ver: 3.0.0
[    0.149206] clocksource: Switched to clocksource arch_sys_counter
[    0.160227] NET: Registered protocol family 2
[    0.160751] TCP established hash table entries: 8192 (order: 3, 32768 bytes)
[    0.160850] TCP bind hash table entries: 8192 (order: 4, 65536 bytes)
[    0.161036] TCP: Hash tables configured (established 8192 bind 8192)
[    0.161091] UDP hash table entries: 512 (order: 2, 16384 bytes)
[    0.161133] UDP-Lite hash table entries: 512 (order: 2, 16384 bytes)
[    0.161307] NET: Registered protocol family 1
[    0.161566] RPC: Registered named UNIX socket transport module.
[    0.161575] RPC: Registered udp transport module.
[    0.161582] RPC: Registered tcp transport module.
[    0.161589] RPC: Registered tcp NFSv4.1 backchannel transport module.
[    0.161609] PCI: CLS 0 bytes, default 64
[    0.163848] futex hash table entries: 1024 (order: 4, 65536 bytes)
[    0.176552] squashfs: version 4.0 (2009/01/31) Phillip Lougher
[    0.177466] NFS: Registering the id_resolver key type
[    0.177502] Key type id_resolver registered
[    0.177509] Key type id_legacy registered
[    0.177583] ntfs: driver 2.1.32 [Flags: R/O].
[    0.178998] bounce: pool size: 64 pages
[    0.179249] Block layer SCSI generic (bsg) driver version 0.4 loaded (major 249)
[    0.179268] io scheduler noop registered
[    0.179284] io scheduler deadline registered
[    0.179324] io scheduler cfq registered (default)
[    0.201255] vdd-lcd-bl: supplied by vdd_ac_bat
[    0.208006] tegra-apbdma 6000a000.dma: Tegra20 APB DMA driver register 32 channels
[    0.209633] tegra-pmc 7000e400.pmc: i2c-thermtrip node not found, emergency thermal reset disabled.
[    0.278528] Serial: 8250/16550 driver, 4 ports, IRQ sharing disabled
[    0.281642] console [ttyS0] disabled
[    0.281678] 70006300.serial: ttyS0 at MMIO 0x70006300 (irq = 329, base_baud = 25500000) is a Tegra
[    1.095586] console [ttyS0] enabled
[    1.099901] SuperH (H)SCI(F) driver initialized
[    1.105412] msm_serial: driver initialized
[    1.109732] STMicroelectronics ASC driver initialized
[    1.117150] [drm] Initialized drm 1.1.0 20060810
[    1.123788] tegra-hdmi 54280000.hdmi: failed to get HDMI regulator
[    1.130535] vdd-ao: supplied by vdd_ac_bat
[    1.134867] vddio-1v8: supplied by vdd-ao
[    1.139249] avdd-dsi-csi: supplied by vddio-1v8
[    1.147558] vdd-sys-3v3: supplied by vdd_ac_bat
[    1.152329] avdd-lcd: supplied by vdd-sys-3v3
[    1.168457] brd: module loaded
[    1.177819] loop: module loaded
[    1.188155] m25p80 spi32766.0: w25q32dw (4096 Kbytes)
[    1.196876] libphy: Fixed MDIO Bus: probed
[    1.201792] CAN device driver interface
[    1.207621] igb: Intel(R) Gigabit Ethernet Network Driver - version 5.3.0-k
[    1.214591] igb: Copyright (c) 2007-2014 Intel Corporation.
[    1.223231] pegasus: v0.9.3 (2013/04/25), Pegasus/Pegasus II USB Ethernet driver
[    1.230697] usbcore: registered new interface driver pegasus
[    1.236436] usbcore: registered new interface driver asix
[    1.241890] usbcore: registered new interface driver ax88179_178a
[    1.248038] usbcore: registered new interface driver cdc_ether
[    1.253944] usbcore: registered new interface driver smsc75xx
[    1.259765] usbcore: registered new interface driver smsc95xx
[    1.265565] usbcore: registered new interface driver net1080
[    1.271280] usbcore: registered new interface driver cdc_subset
[    1.277253] usbcore: registered new interface driver zaurus
[    1.282920] usbcore: registered new interface driver cdc_ncm
[    1.290517] ehci_hcd: USB 2.0 'Enhanced' Host Controller (EHCI) Driver
[    1.297059] ehci-pci: EHCI PCI platform driver
[    1.301562] ehci-platform: EHCI generic platform driver
[    1.306997] ehci-omap: OMAP-EHCI Host Controller driver
[    1.312371] ehci-orion: EHCI orion driver
[    1.316535] SPEAr-ehci: EHCI SPEAr driver
[    1.320699] ehci-st: EHCI STMicroelectronics driver
[    1.325729] ehci-exynos: EHCI EXYNOS driver
[    1.330080] ehci-atmel: EHCI Atmel driver
[    1.334240] tegra-ehci: Tegra EHCI driver
[    1.338575] ohci_hcd: USB 1.1 'Open' Host Controller (OHCI) Driver
[    1.344780] ohci-pci: OHCI PCI platform driver
[    1.349286] ohci-platform: OHCI generic platform driver
[    1.354683] ohci-omap3: OHCI OMAP3 driver
[    1.358825] SPEAr-ohci: OHCI SPEAr driver
[    1.362988] ohci-st: OHCI STMicroelectronics driver
[    1.368018] ohci-atmel: OHCI Atmel driver
[    1.372580] usbcore: registered new interface driver usb-storage
[    1.380187] mousedev: PS/2 mouse device common for all mice
[    1.390853] palmas-rtc 7000d000.i2c:tps65913@58:rtc: rtc core: registered 7000d000.i2c:tps659 as rtc0
[    1.402002] tegra_rtc 7000e000.rtc: rtc core: registered 7000e000.rtc as rtc1
[    1.409203] tegra_rtc 7000e000.rtc: Tegra internal Real Time Clock
[    1.415955] i2c /dev entries driver
[    1.423416] sbs-battery 0-000b: sbs_probe: Failed to get device status
[    1.429970] sbs-battery: probe of 0-000b failed with error -121
[    1.439062] vdd-sensor-2v85: supplied by vdd-sys-3v3
[    1.452368] sdhci: Secure Digital Host Controller Interface driver
[    1.458562] sdhci: Copyright(c) Pierre Ossman
[    1.464529] Synopsys Designware Multimedia Card Interface Driver
[    1.471676] sdhci-pltfm: SDHCI platform and OF driver helper
[    1.478121] sdhci-tegra 78000400.sdhci: Got CD GPIO
[    1.483026] sdhci-tegra 78000400.sdhci: Got WP GPIO
[    1.489105] mmc0: Invalid maximum block size, assuming 512 bytes
[    1.529422] mmc0: SDHCI controller on 78000400.sdhci [78000400.sdhci] using ADMA
[    1.537144] mmc1: Invalid maximum block size, assuming 512 bytes
[    1.579232] mmc1: SDHCI controller on 78000600.sdhci [78000600.sdhci] using ADMA
[    1.588247] ledtrig-cpu: registered to indicate activity on CPUs
[    1.594474] usbcore: registered new interface driver usbhid
[    1.600055] usbhid: USB HID core driver
[    1.608942] NET: Registered protocol family 10
[    1.614164] sit: IPv6 over IPv4 tunneling driver
[    1.619499] NET: Registered protocol family 17
[    1.623950] can: controller area network core (rev 20120528 abi 9)
[    1.630206] NET: Registered protocol family 29
[    1.634673] can: raw protocol (rev 20120528)
[    1.638943] can: broadcast manager protocol (rev 20120528 t)
[    1.644626] can: netlink gateway (rev 20130117) max_hops=1
[    1.650516] Key type dns_resolver registered
[    1.655447] ThumbEE CPU extension supported.
[    1.659747] Registering SWP/SWPB emulation handler
[    1.676559] vdd-sys-5v0: supplied by vdd_ac_bat
[    1.683127] VDD_5V0_HDMI_CON: supplied by vdd-sys-5v0
[    1.688819] vdd_hdmi_5v0: supplied by vdd-sys-5v0
[    1.699527] [drm] Supports vblank timestamp caching Rev 2 (21.10.2013).
[    1.706184] [drm] No driver support for vblank timestamp query.
[    1.741390] mmc1: MAN_BKOPS_EN bit is not set
[    1.757203] mmc0: error -110 whilst initialising SD card
[    1.764618] mmc1: new HS200 MMC card at address 0001
[    1.765577] mmcblk0: mmc1:0001 SEM32G 29.1 GiB 
[    1.766187] mmcblk0boot0: mmc1:0001 SEM32G partition 1 4.00 MiB
[    1.766640] mmcblk0boot1: mmc1:0001 SEM32G partition 2 4.00 MiB
[    1.767350] mmcblk0rpmb: mmc1:0001 SEM32G partition 3 4.00 MiB
[    1.771774] Console: switching to colour frame buffer device 240x75
[    1.772176]  mmcblk0: p1 p2 p3 p4 p5 p6 p7 p8
[    1.841194] drm drm: fb0:  frame buffer device
[    1.944325] [drm] Initialized tegra 0.0.0 20120330 on minor 0
[    1.951409] usb2_vbus: supplied by vdd-sys-5v0
[    1.958239] tegra-ehci 7d008000.usb: EHCI Host Controller
[    1.963724] tegra-ehci 7d008000.usb: new USB bus registered, assigned bus number 1
[    1.971689] tegra-ehci 7d008000.usb: irq 339, io mem 0x7d008000
[    1.984327] tegra-ehci 7d008000.usb: USB 2.0 started, EHCI 1.10
[    1.991586] hub 1-0:1.0: USB hub found
[    1.995455] hub 1-0:1.0: 1 port detected
[    2.001146] input: gpio-keys as /devices/soc0/gpio-keys/input/input0
[    2.008807] palmas-rtc 7000d000.i2c:tps65913@58:rtc: setting system clock to 2000-01-03 07:40:38 UTC (946885238)
[    2.032639] dvdd_ts: disabling
[    2.035756] usb1_vbus: disabling
[    2.038984] vdd_cam_1v8_reg: disabling
[    2.044606] EXT4-fs (mmcblk0p1): mounting ext3 file system using the ext4 subsystem
[    2.098907] EXT4-fs (mmcblk0p1): recovery complete
[    2.105051] EXT4-fs (mmcblk0p1): mounted filesystem with ordered data mode. Opts: (null)
[    2.113223] VFS: Mounted root (ext3 filesystem) on device 179:1.
[    2.122505] devtmpfs: mounted
[    2.126408] Freeing unused kernel memory: 1100K (c0e49000 - c0f5c000)
bash: cannot set terminal process group (-1): Inappropriate ioctl for device
bash: no job control in this shell
root@(none):/# [    2.309343] usb 1-1: new high-speed USB device number 2 using tegra-ehci
