Diff for ./tegra30-beaver/tegra30-beaver/tegra_defconfig_log.txt
--- /tmp/fooa	2013-09-03 16:15:27.321421820 -0700
+++ /tmp/foob	2013-09-03 16:15:27.325421828 -0700
@@ -22,15 +22,15 @@
 Sending: 
 
 Transfer complete
-xyzModem - CRC mode, 2(SOH)/4227(STX)/0(CAN) packets, 3 retries
-## Total Size      = 0x00420bd8 = 4328408 Bytes
+yzModem - CRC mode, 8(SOH)/4227(STX)/0(CAN) packets, 3 retries
+## Total Size      = 0x00420e88 = 4329096 Bytes
 Tegra30 (Beaver) # loady 0x82000000
 ## Ready for binary (ymodem) download to 0x82000000 at 230400 bps...
 CSending: tegra30-beaver.dtb
 Sending: 
 
 Transfer complete
-xyzModem - CRC mode, 2(SOH)/17(STX)/0(CAN) packets, 3 retries
+yzModem - CRC mode, 2(SOH)/17(STX)/0(CAN) packets, 3 retries
 ## Total Size      = 0x0000439d = 17309 Bytes
 Tegra30 (Beaver) # bootz 0x81000000 - 0x82000000
 ## Flattened Device Tree blob at 82000000
@@ -42,7 +42,7 @@
 Booting Linux on physical CPU 0x0
 Initializing cgroup subsys cpu
 Initializing cgroup subsys cpuacct
-Linux version 3.11.0-rc7-12362-gd8dfad3 (pwalmsley@tamien) (gcc version 4.5.1 (Sourcery G++ Lite 2010.09-50) ) #1 SMP PREEMPT Sun Aug 25 18:05:00 PDT 2013
+Linux version 3.11.0-12465-g6e46645 (pwalmsley@tamien) (gcc version 4.5.1 (Sourcery G++ Lite 2010.09-50) ) #1 SMP PREEMPT Tue Sep 3 16:06:05 PDT 2013
 CPU: ARMv7 Processor [412fc099] revision 9 (ARMv7), cr=10c5387d
 CPU: PIPT / VIPT nonaliasing data cache, VIPT aliasing instruction cache
 Machine: NVIDIA Tegra SoC (Flattened Device Tree), model: NVIDIA Tegra30 Beaver evaluation board
@@ -77,7 +77,7 @@
     lowmem  : 0xc0000000 - 0xef800000   ( 760 MB)
     pkmap   : 0xbfe00000 - 0xc0000000   (   2 MB)
     modules : 0xbf000000 - 0xbfe00000   (  14 MB)
-      .text : 0xc0008000 - 0xc077ae74   (7628 kB)
+      .text : 0xc0008000 - 0xc077aea0   (7628 kB)
       .init : 0xc077b000 - 0xc07b6500   ( 238 kB)
       .data : 0xc07b8000 - 0xc0802e60   ( 300 kB)
        .bss : 0xc0802e60 - 0xc08586d0   ( 343 kB)
@@ -92,7 +92,7 @@
 Initializing cgroup subsys freezer
 CPU: Testing write buffer coherency: ok
 CPU0: thread -1, cpu 0, socket 0, mpidr 80000000
-Setting up static identity map for 0xc05977a0 - 0xc0597838
+Setting up static identity map for 0xc0597c18 - 0xc0597cb0
 CPU1: Booted secondary processor
 CPU1: thread -1, cpu 1, socket 0, mpidr 80000001
 CPU2: Booted secondary processor
@@ -285,7 +285,7 @@
  
 INIT: version 2.88 booting
 Using makefile-style concurrent boot in runlevel S.
-Starting the hotplug events dispatcher: udevd[    2.712083] udevd[177]: starting version 175
+Starting the hotplug events dispatcher: udevd[    2.720534] udevd[177]: starting version 175
 [ ok .
 Synthesizing the initial hotplug events...[ ok done.
 Waiting for /dev to be fully populated...[ ok done.
Diff for ./tegra30-beaver/tegra30-beaver/multi_v7_defconfig_log.txt
--- /tmp/fooa	2013-09-03 16:15:27.329421835 -0700
+++ /tmp/foob	2013-09-03 16:15:27.333421840 -0700
@@ -22,8 +22,8 @@
 Sending: 
 
 Transfer complete
-xyzModem - CRC mode, 8(SOH)/3873(STX)/0(CAN) packets, 3 retries
-## Total Size      = 0x003c8690 = 3966608 Bytes
+yzModem - CRC mode, 9(SOH)/3873(STX)/0(CAN) packets, 3 retries
+## Total Size      = 0x003c8720 = 3966752 Bytes
 Tegra30 (Beaver) # loady 0x82000000
 ## Ready for binary (ymodem) download to 0x82000000 at 230400 bps...
 CSending: tegra30-beaver.dtb
@@ -40,14 +40,14 @@
 Starting kernel ...
 
 Booting Linux on physical CPU 0x0
-Linux version 3.11.0-rc7-12362-gd8dfad3 (pwalmsley@tamien) (gcc version 4.5.1 (Sourcery G++ Lite 2010.09-50) ) #1 SMP Sun Aug 25 18:08:32 PDT 2013
+Linux version 3.11.0-12465-g6e46645 (pwalmsley@tamien) (gcc version 4.5.1 (Sourcery G++ Lite 2010.09-50) ) #1 SMP Tue Sep 3 16:08:38 PDT 2013
 CPU: ARMv7 Processor [412fc099] revision 9 (ARMv7), cr=10c5387d
 CPU: PIPT / VIPT nonaliasing data cache, VIPT aliasing instruction cache
 Machine: NVIDIA Tegra SoC (Flattened Device Tree), model: NVIDIA Tegra30 Beaver evaluation board
 debug: ignoring loglevel setting.
 Memory policy: ECC disabled, Data cache writealloc
 On node 0 totalpages: 524032
-free_area_init_node: node 0, pgdat c07b4a00, node_mem_map c07fc000
+free_area_init_node: node 0, pgdat c07b6a40, node_mem_map c07fe000
   DMA zone: 1520 pages used for memmap
   DMA zone: 0 pages reserved
   DMA zone: 194560 pages, LIFO batch:31
@@ -58,7 +58,7 @@
 Tegra Revision: A03 SKU: 128 CPU Process: 4 Core Process: 0
 L310 cache controller enabled
 l2x0: 8 ways, CACHE_ID 0x410000c7, AUX_CTRL 0x7e480001, Cache size: 1048576 B
-PERCPU: Embedded 5 pages/cpu @c180e000 s7168 r0 d13312 u32768
+PERCPU: Embedded 5 pages/cpu @c1810000 s7168 r0 d13312 u32768
 pcpu-alloc: s7168 r0 d13312 u32768 alloc=8*4096
 pcpu-alloc: [0] 0 [0] 1 [0] 2 [0] 3 
 Built 1 zonelists in Zone order, mobility grouping on.  Total pages: 522512
@@ -66,17 +66,17 @@
 PID hash table entries: 4096 (order: 2, 16384 bytes)
 Dentry cache hash table entries: 131072 (order: 7, 524288 bytes)
 Inode-cache hash table entries: 65536 (order: 6, 262144 bytes)
-Memory: 2070580K/2096128K available (5383K kernel code, 584K rwdata, 1412K rodata, 479K init, 279K bss, 25548K reserved, 1317888K highmem)
+Memory: 2070572K/2096128K available (5387K kernel code, 584K rwdata, 1412K rodata, 479K init, 279K bss, 25556K reserved, 1317888K highmem)
 Virtual kernel memory layout:
     vector  : 0xffff0000 - 0xffff1000   (   4 kB)
     fixmap  : 0xfff00000 - 0xfffe0000   ( 896 kB)
     vmalloc : 0xf0000000 - 0xff000000   ( 240 MB)
     lowmem  : 0xc0000000 - 0xef800000   ( 760 MB)
     pkmap   : 0xbfe00000 - 0xc0000000   (   2 MB)
-      .text : 0xc0008000 - 0xc06ab048   (6797 kB)
-      .init : 0xc06ac000 - 0xc0723c00   ( 479 kB)
-      .data : 0xc0724000 - 0xc07b6140   ( 585 kB)
-       .bss : 0xc07b6140 - 0xc07fbe14   ( 280 kB)
+      .text : 0xc0008000 - 0xc06ac064   (6801 kB)
+      .init : 0xc06ad000 - 0xc0724c00   ( 479 kB)
+      .data : 0xc0726000 - 0xc07b8180   ( 585 kB)
+       .bss : 0xc07b8180 - 0xc07fde54   ( 280 kB)
 SLUB: HWalign=64, Order=0-3, MinObjects=0, CPUs=4, Nodes=1
 Hierarchical RCU implementation.
 NR_IRQS:16 nr_irqs:16 16
@@ -87,7 +87,7 @@
 Mount-cache hash table entries: 512
 CPU: Testing write buffer coherency: ok
 CPU0: thread -1, cpu 0, socket 0, mpidr 80000000
-Setting up static identity map for 0xc051cb20 - 0xc051cbb8
+Setting up static identity map for 0xc051ceb0 - 0xc051cf48
 unable to find compatible sirf rstc node in dtb
 CPU1: Booted secondary processor
 CPU1: thread -1, cpu 1, socket 0, mpidr 80000001
@@ -232,11 +232,11 @@
 EXT4-fs (mmcblk0p1): mounted filesystem with ordered data mode. Opts: (null)
 VFS: Mounted root (ext3 filesystem) on device 179:1.
 devtmpfs: mounted
-Freeing unused kernel memory: 476K (c06ac000 - c0723000)
+Freeing unused kernel memory: 476K (c06ad000 - c0724000)
  
 INIT: version 2.88 booting
 Using makefile-style concurrent boot in runlevel S.
-Starting the hotplug events dispatcher: udevd[    2.136875] udevd[160]: starting version 175
+Starting the hotplug events dispatcher: udevd[    2.137787] udevd[159]: starting version 175
 [ ok .
 Synthesizing the initial hotplug events...[ ok done.
 Waiting for /dev to be fully populated...[ ok done.
Diff for ./tegra114-dalmore-headless/tegra114-dalmore/tegra_defconfig_log.txt
--- /tmp/fooa	2013-09-03 16:15:27.341421855 -0700
+++ /tmp/foob	2013-09-03 16:15:27.341421855 -0700
@@ -30,7 +30,7 @@
 Load address: 0x81000000
 Loading: *#################################################  2.8 MiB/s
 done
-Bytes transferred = 4328408 (420bd8 hex)
+Bytes transferred = 4329096 (420e88 hex)
 Dalmore #tftpboot 0x82000000 tegra114-dalmore.dtb
 Using asx0 device
 TFTP from server 192.168.100.1; our IP address is 192.168.100.100
@@ -49,15 +49,15 @@
 Timer summary in microseconds:
        Mark    Elapsed  Stage
           0          0  awake
-  3,053,566  3,053,566  usb_start
-  7,056,861  4,003,295  eth_start
-  7,056,859         -2  tftp start
- 11,016,438  3,959,579  tftp done
- 13,069,003  2,052,565  start_kernel
+  3,065,104  3,065,104  usb_start
+  7,068,373  4,003,269  eth_start
+  7,068,371         -2  tftp start
+ 11,027,852  3,959,481  tftp done
+ 13,080,490  2,052,638  start_kernel
 Booting Linux on physical CPU 0x0
 Initializing cgroup subsys cpu
 Initializing cgroup subsys cpuacct
-Linux version 3.11.0-rc7-12362-gd8dfad3 (pwalmsley@tamien) (gcc version 4.5.1 (Sourcery G++ Lite 2010.09-50) ) #1 SMP PREEMPT Sun Aug 25 18:05:00 PDT 2013
+Linux version 3.11.0-12465-g6e46645 (pwalmsley@tamien) (gcc version 4.5.1 (Sourcery G++ Lite 2010.09-50) ) #1 SMP PREEMPT Tue Sep 3 16:06:05 PDT 2013
 CPU: ARMv7 Processor [412fc0f2] revision 2 (ARMv7), cr=10c5387d
 CPU: PIPT / VIPT nonaliasing data cache, PIPT instruction cache
 Machine: NVIDIA Tegra SoC (Flattened Device Tree), model: NVIDIA Tegra114 Dalmore evaluation board
@@ -88,7 +88,7 @@
     lowmem  : 0xc0000000 - 0xef800000   ( 760 MB)
     pkmap   : 0xbfe00000 - 0xc0000000   (   2 MB)
     modules : 0xbf000000 - 0xbfe00000   (  14 MB)
-      .text : 0xc0008000 - 0xc077ae74   (7628 kB)
+      .text : 0xc0008000 - 0xc077aea0   (7628 kB)
       .init : 0xc077b000 - 0xc07b6500   ( 238 kB)
       .data : 0xc07b8000 - 0xc0802e60   ( 300 kB)
        .bss : 0xc0802e60 - 0xc08586d0   ( 343 kB)
@@ -110,7 +110,7 @@
 /cpus/cpu@2 missing clock-frequency property
 /cpus/cpu@3 missing clock-frequency property
 CPU0: thread -1, cpu 0, socket 0, mpidr 80000000
-Setting up static identity map for 0xc05977a0 - 0xc0597838
+Setting up static identity map for 0xc0597c18 - 0xc0597cb0
 CPU1: Booted secondary processor
 CPU1: thread -1, cpu 1, socket 0, mpidr 80000001
 CPU2: Booted secondary processor
Diff for ./tegra114-dalmore-headless/tegra114-dalmore/multi_v7_defconfig_log.txt
--- /tmp/fooa	2013-09-03 16:15:27.349421872 -0700
+++ /tmp/foob	2013-09-03 16:15:27.353421880 -0700
@@ -28,9 +28,9 @@
 TFTP from server 192.168.100.1; our IP address is 192.168.100.100
 Filename 'zImage.multi_v7_defconfig'.
 Load address: 0x81000000
-Loading: *#################################################  2.7 MiB/s
+Loading: *#################################################  2.8 MiB/s
 done
-Bytes transferred = 3966608 (3c8690 hex)
+Bytes transferred = 3966752 (3c8720 hex)
 Dalmore #tftpboot 0x82000000 tegra114-dalmore.dtb
 Using asx0 device
 TFTP from server 192.168.100.1; our IP address is 192.168.100.100
@@ -49,27 +49,27 @@
 Timer summary in microseconds:
        Mark    Elapsed  Stage
           0          0  awake
-  3,086,683  3,086,683  usb_start
-  7,089,979  4,003,296  eth_start
-  7,089,976         -3  tftp start
- 10,963,924  3,873,948  tftp done
- 13,102,190  2,138,266  start_kernel
+  3,079,080  3,079,080  usb_start
+  7,082,645  4,003,565  eth_start
+  7,082,642         -3  tftp start
+ 11,026,197  3,943,555  tftp done
+ 13,094,405  2,068,208  start_kernel
 Booting Linux on physical CPU 0x0
-Linux version 3.11.0-rc7-12362-gd8dfad3 (pwalmsley@tamien) (gcc version 4.5.1 (Sourcery G++ Lite 2010.09-50) ) #1 SMP Sun Aug 25 18:08:32 PDT 2013
+Linux version 3.11.0-12465-g6e46645 (pwalmsley@tamien) (gcc version 4.5.1 (Sourcery G++ Lite 2010.09-50) ) #1 SMP Tue Sep 3 16:08:38 PDT 2013
 CPU: ARMv7 Processor [412fc0f2] revision 2 (ARMv7), cr=10c5387d
 CPU: PIPT / VIPT nonaliasing data cache, PIPT instruction cache
 Machine: NVIDIA Tegra SoC (Flattened Device Tree), model: NVIDIA Tegra114 Dalmore evaluation board
 debug: ignoring loglevel setting.
 Memory policy: ECC disabled, Data cache writealloc
 On node 0 totalpages: 524032
-free_area_init_node: node 0, pgdat c07b4a00, node_mem_map c07fc000
+free_area_init_node: node 0, pgdat c07b6a40, node_mem_map c07fe000
   DMA zone: 1520 pages used for memmap
   DMA zone: 0 pages reserved
   DMA zone: 194560 pages, LIFO batch:31
   HighMem zone: 2574 pages used for memmap
   HighMem zone: 329472 pages, LIFO batch:31
 Tegra Revision: A01 SKU: 0 CPU Process: 1 Core Process: 1
-PERCPU: Embedded 5 pages/cpu @c1811000 s7168 r0 d13312 u32768
+PERCPU: Embedded 5 pages/cpu @c1813000 s7168 r0 d13312 u32768
 pcpu-alloc: s7168 r0 d13312 u32768 alloc=8*4096
 pcpu-alloc: [0] 0 [0] 1 [0] 2 [0] 3 
 Built 1 zonelists in Zone order, mobility grouping on.  Total pages: 522512
@@ -77,17 +77,17 @@
 PID hash table entries: 4096 (order: 2, 16384 bytes)
 Dentry cache hash table entries: 131072 (order: 7, 524288 bytes)
 Inode-cache hash table entries: 65536 (order: 6, 262144 bytes)
-Memory: 2070564K/2096128K available (5383K kernel code, 584K rwdata, 1412K rodata, 479K init, 279K bss, 25564K reserved, 1317888K highmem)
+Memory: 2070556K/2096128K available (5387K kernel code, 584K rwdata, 1412K rodata, 479K init, 279K bss, 25572K reserved, 1317888K highmem)
 Virtual kernel memory layout:
     vector  : 0xffff0000 - 0xffff1000   (   4 kB)
     fixmap  : 0xfff00000 - 0xfffe0000   ( 896 kB)
     vmalloc : 0xf0000000 - 0xff000000   ( 240 MB)
     lowmem  : 0xc0000000 - 0xef800000   ( 760 MB)
     pkmap   : 0xbfe00000 - 0xc0000000   (   2 MB)
-      .text : 0xc0008000 - 0xc06ab048   (6797 kB)
-      .init : 0xc06ac000 - 0xc0723c00   ( 479 kB)
-      .data : 0xc0724000 - 0xc07b6140   ( 585 kB)
-       .bss : 0xc07b6140 - 0xc07fbe14   ( 280 kB)
+      .text : 0xc0008000 - 0xc06ac064   (6801 kB)
+      .init : 0xc06ad000 - 0xc0724c00   ( 479 kB)
+      .data : 0xc0726000 - 0xc07b8180   ( 585 kB)
+       .bss : 0xc07b8180 - 0xc07fde54   ( 280 kB)
 SLUB: HWalign=64, Order=0-3, MinObjects=0, CPUs=4, Nodes=1
 Hierarchical RCU implementation.
 NR_IRQS:16 nr_irqs:16 16
@@ -105,7 +105,7 @@
 /cpus/cpu@2 missing clock-frequency property
 /cpus/cpu@3 missing clock-frequency property
 CPU0: thread -1, cpu 0, socket 0, mpidr 80000000
-Setting up static identity map for 0xc051cb20 - 0xc051cbb8
+Setting up static identity map for 0xc051ceb0 - 0xc051cf48
 unable to find compatible sirf rstc node in dtb
 CPU1: Booted secondary processor
 CPU1: thread -1, cpu 1, socket 0, mpidr 80000001
@@ -256,7 +256,7 @@
 EXT4-fs (mmcblk0p1): mounted filesystem with ordered data mode. Opts: (null)
 VFS: Mounted root (ext3 filesystem) on device 179:1.
 devtmpfs: mounted
-Freeing unused kernel memory: 476K (c06ac000 - c0723000)
+Freeing unused kernel memory: 476K (c06ad000 - c0724000)
 bash: cannot set terminal process group (-1): Inappropriate ioctl for device
 bash: no job control in this shell
 I have no name!@(none):/# 
\ No newline at end of file
