
U-Boot SPL 2015.04-rc3-00209-ga74ef40 (Mar 16 2015 - 14:43:39)


U-Boot 2015.04-rc3-00209-ga74ef40 (Mar 16 2015 - 14:43:39)

TEGRA20
Model: Compulab TrimSlice board
DRAM:  1 GiB
MMC:   Tegra SD/MMC: 0, Tegra SD/MMC: 1
SF: Detected W25Q80BL with page size 256 Bytes, erase size 4 KiB, total 1 MiB
tegra-pcie: PCI regions:
tegra-pcie:   I/O: 0x82000000-0x82010000
tegra-pcie:   non-prefetchable memory: 0xa0000000-0xa8000000
tegra-pcie:   prefetchable memory: 0xa8000000-0xc0000000
tegra-pcie: dual-mode configuration
tegra-pcie: probing port 0, using 2 lanes
In:    serial
Out:   serial
Err:   serial
Net:   RTL8169#0
Hit any key to stop autoboot:  2  1  0 
Tegra20 (TrimSlice) # 
Tegra20 (TrimSlice) # usb reset
resetting USB...
USB0:   USB EHCI 1.00
scanning bus 0 for devices... 3 USB Device(s) found
USB1:   USB EHCI 1.00
scanning bus 1 for devices... 1 USB Device(s) found
USB2:   lowlevel init failed
       scanning usb for storage devices... 0 Storage Device(s) found
       scanning usb for ethernet devices... 
Warning: asx0 using MAC address from net device
1 Ethernet Device(s) found
Tegra20 (TrimSlice) # setenv bootargs 'ignore_loglevel console=ttyS0,115200n8 rw root=PARTUUID=11eb23c1-01 rootwait gpt debug noinitrd earlyprintk init=/bin/bash'
Tegra20 (TrimSlice) # setenv ipaddr 192.168.100.103; setenv serverip 192.168.100.1; setenv tftpserverip 192.168.100.1
Tegra20 (TrimSlice) # tftpboot 0x00408000 zImage.multi_v7_defconfig
Using RTL8169#0 device
TFTP from server 192.168.100.1; our IP address is 192.168.100.103
Filename 'zImage.multi_v7_defconfig'.
Load address: 0x408000
Loading: *#################################################################
	 #################################################################
	 #################################################################
	 #################################################################
	 #################################################################
	 #################################################################
	 #################################################################
	 ##########################################
	 3.9 MiB/s
done
Bytes transferred = 7288016 (6f34d0 hex)
Tegra20 (TrimSlice) # tftpboot 0x02408000 tegra20-trimslice.dtb
Using RTL8169#0 device
TFTP from server 192.168.100.1; our IP address is 192.168.100.103
Filename 'tegra20-trimslice.dtb'.
Load address: 0x2408000
Loading: *##
	 3.4 MiB/s
done
Bytes transferred = 21172 (52b4 hex)
Tegra20 (TrimSlice) # bootz 0x00408000 - 0x02408000
Kernel image @ 0x408000 [ 0x000000 - 0x6f34d0 ]
## Flattened Device Tree blob at 02408000
   Booting using the fdt blob at 0x2408000
   Using Device Tree in place at 02408000, end 024102b3

Starting kernel ...

[    0.000000] Booting Linux on physical CPU 0x0
[    0.000000] Linux version 4.9.0-rc7-128686-ge5517c2 (pwalmsley@sellafield) (gcc version 4.7.3 20130328 (prerelease) (crosstool-NG linaro-1.13.1-4.7-2013.04-20130415 - Linaro GCC 2013.04) ) #1 SMP Sun Nov 27 13:35:08 PST 2016
[    0.000000] CPU: ARMv7 Processor [411fc090] revision 0 (ARMv7), cr=10c5387d
[    0.000000] CPU: PIPT / VIPT nonaliasing data cache, VIPT aliasing instruction cache
[    0.000000] OF: fdt:Machine model: Compulab TrimSlice board
[    0.000000] debug: ignoring loglevel setting.
[    0.000000] efi: Getting EFI parameters from FDT:
[    0.000000] efi: UEFI not found.
[    0.000000] cma: Reserved 64 MiB at 0x3c000000
[    0.000000] Memory policy: Data cache writealloc
[    0.000000] On node 0 totalpages: 262144
[    0.000000] free_area_init_node: node 0, pgdat c1427fc0, node_mem_map ef7f8000
[    0.000000]   DMA zone: 1536 pages used for memmap
[    0.000000]   DMA zone: 0 pages reserved
[    0.000000]   DMA zone: 196608 pages, LIFO batch:31
[    0.000000]   HighMem zone: 65536 pages, LIFO batch:15
[    0.000000] percpu: Embedded 14 pages/cpu @ef7ca000 s26624 r8192 d22528 u57344
[    0.000000] pcpu-alloc: s26624 r8192 d22528 u57344 alloc=14*4096
[    0.000000] pcpu-alloc: [0] 0 [0] 1 
[    0.000000] Built 1 zonelists in Zone order, mobility grouping on.  Total pages: 260608
[    0.000000] Kernel command line: ignore_loglevel console=ttyS0,115200n8 rw root=PARTUUID=11eb23c1-01 rootwait gpt debug noinitrd earlyprintk init=/bin/bash
[    0.000000] PID hash table entries: 4096 (order: 2, 16384 bytes)
[    0.000000] Dentry cache hash table entries: 131072 (order: 7, 524288 bytes)
[    0.000000] Inode-cache hash table entries: 65536 (order: 6, 262144 bytes)
[    0.000000] Memory: 955892K/1048576K available (9216K kernel code, 1190K rwdata, 4068K rodata, 2048K init, 343K bss, 27148K reserved, 65536K cma-reserved, 196608K highmem)
[    0.000000] Virtual kernel memory layout:
[    0.000000]     vector  : 0xffff0000 - 0xffff1000   (   4 kB)
[    0.000000]     fixmap  : 0xffc00000 - 0xfff00000   (3072 kB)
[    0.000000]     vmalloc : 0xf0800000 - 0xff800000   ( 240 MB)
[    0.000000]     lowmem  : 0xc0000000 - 0xf0000000   ( 768 MB)
[    0.000000]     pkmap   : 0xbfe00000 - 0xc0000000   (   2 MB)
[    0.000000]     modules : 0xbf000000 - 0xbfe00000   (  14 MB)
[    0.000000]       .text : 0xc0208000 - 0xc0c00000   (10208 kB)
[    0.000000]       .init : 0xc1100000 - 0xc1300000   (2048 kB)
[    0.000000]       .data : 0xc1300000 - 0xc1429aa0   (1191 kB)
[    0.000000]        .bss : 0xc142b000 - 0xc1480fc8   ( 344 kB)
[    0.000000] SLUB: HWalign=64, Order=0-3, MinObjects=0, CPUs=2, Nodes=1
[    0.000000] Hierarchical RCU implementation.
[    0.000000] 	Build-time adjustment of leaf fanout to 32.
[    0.000000] 	RCU restricting CPUs from NR_CPUS=16 to nr_cpu_ids=2.
[    0.000000] RCU: Adjusting geometry for rcu_fanout_leaf=32, nr_cpu_ids=2
[    0.000000] NR_IRQS:16 nr_irqs:16 16
[    0.000000] /interrupt-controller@60004000: 128 interrupts forwarded to /interrupt-controller@50041000
[    0.000000] L2C: platform modifies aux control register: 0x02080000 -> 0x3e480001
[    0.000000] L2C: DT/platform modifies aux control register: 0x02080000 -> 0x3e480001
[    0.000000] L2C-310 errata 727915 769419 enabled
[    0.000000] L2C-310 enabling early BRESP for Cortex-A9
[    0.000000] L2C-310: enabling full line of zeros but not enabled in Cortex-A9
[    0.000000] L2C-310 ID prefetch enabled, offset 1 lines
[    0.000000] L2C-310 cache controller enabled, 8 ways, 1024 kB
[    0.000000] L2C-310: CACHE_ID 0x410000c4, AUX_CTRL 0x7e480001
[    0.000010] sched_clock: 32 bits at 1000kHz, resolution 1000ns, wraps every 2147483647500ns
[    0.000026] clocksource: timer_us: mask: 0xffffffff max_cycles: 0xffffffff, max_idle_ns: 1911260446275 ns
[    0.000036] Switching to timer-based delay loop, resolution 1000ns
[    0.001604] Console: colour dummy device 80x30
[    0.001627] Calibrating delay loop (skipped), value calculated using timer frequency.. 2.00 BogoMIPS (lpj=5000)
[    0.001638] pid_max: default: 32768 minimum: 301
[    0.001711] Mount-cache hash table entries: 2048 (order: 1, 8192 bytes)
[    0.001720] Mountpoint-cache hash table entries: 2048 (order: 1, 8192 bytes)
[    0.002206] CPU: Testing write buffer coherency: ok
[    0.002386] CPU0: thread -1, cpu 0, socket 0, mpidr 80000000
[    0.002408] Setting up static identity map for 0x300000 - 0x300098
[    0.003890] Tegra Revision: A03 prime SKU: 8 CPU Process: 1 SoC Process: 2
[    0.004261] EFI services will not be available.
[    0.004939] CPU1: thread -1, cpu 1, socket 0, mpidr 80000001
[    0.005004] Brought up 2 CPUs
[    0.005015] SMP: Total of 2 processors activated (4.00 BogoMIPS).
[    0.005021] CPU: All CPU(s) started in SVC mode.
[    0.005672] devtmpfs: initialized
[    0.009933] VFP support v0.3: implementor 41 architecture 3 part 30 variant 9 rev 1
[    0.010172] clocksource: jiffies: mask: 0xffffffff max_cycles: 0xffffffff, max_idle_ns: 9556302231375000 ns
[    0.013125] pinctrl core: initialized pinctrl subsystem
[    0.014248] NET: Registered protocol family 16
[    0.016164] DMA: preallocated 256 KiB pool for atomic coherent allocations
[    0.029912] cpuidle: using governor menu
[    0.047202] No ATAGs?
[    0.047225] hw-breakpoint: found 5 (+1 reserved) breakpoint and 1 watchpoint registers.
[    0.047233] hw-breakpoint: maximum watchpoint size is 4 bytes.
[    0.052541] Serial: AMBA PL011 UART driver
[    0.078228] usb1_vbus: Failed to request enable GPIO170: -517
[    0.078242] reg-fixed-voltage regulators:regulator@2: Failed to register regulator: -517
[    0.081765] vgaarb: loaded
[    0.082352] SCSI subsystem initialized
[    0.082475] libata version 3.00 loaded.
[    0.082675] usbcore: registered new interface driver usbfs
[    0.082721] usbcore: registered new interface driver hub
[    0.082760] usbcore: registered new device driver usb
[    0.084733] pps_core: LinuxPPS API ver. 1 registered
[    0.084740] pps_core: Software ver. 5.3.6 - Copyright 2005-2007 Rodolfo Giometti <giometti@linux.it>
[    0.084756] PTP clock support registered
[    0.084917] EDAC MC: Ver: 3.0.0
[    0.086773] clocksource: Switched to clocksource timer_us
[    0.094499] NET: Registered protocol family 2
[    0.094927] TCP established hash table entries: 8192 (order: 3, 32768 bytes)
[    0.095001] TCP bind hash table entries: 8192 (order: 4, 65536 bytes)
[    0.095114] TCP: Hash tables configured (established 8192 bind 8192)
[    0.095188] UDP hash table entries: 512 (order: 2, 16384 bytes)
[    0.095235] UDP-Lite hash table entries: 512 (order: 2, 16384 bytes)
[    0.095384] NET: Registered protocol family 1
[    0.095658] RPC: Registered named UNIX socket transport module.
[    0.095665] RPC: Registered udp transport module.
[    0.095670] RPC: Registered tcp transport module.
[    0.095675] RPC: Registered tcp NFSv4.1 backchannel transport module.
[    0.095684] PCI: CLS 0 bytes, default 64
[    0.096488] hw perfevents: enabled with armv7_cortex_a9 PMU driver, 7 counters available
[    0.097450] futex hash table entries: 512 (order: 3, 32768 bytes)
[    0.097998] workingset: timestamp_bits=30 max_order=18 bucket_order=0
[    0.105359] squashfs: version 4.0 (2009/01/31) Phillip Lougher
[    0.105938] NFS: Registering the id_resolver key type
[    0.105963] Key type id_resolver registered
[    0.105969] Key type id_legacy registered
[    0.106001] ntfs: driver 2.1.32 [Flags: R/O].
[    0.106924] bounce: pool size: 64 pages
[    0.107070] Block layer SCSI generic (bsg) driver version 0.4 loaded (major 248)
[    0.107079] io scheduler noop registered
[    0.107085] io scheduler deadline registered
[    0.107217] io scheduler cfq registered (default)
[    0.110069] libphy: mdio_driver_register: phy-bcm-ns2-pci
[    0.118342] tegra-pcie 80003000.pcie-controller: dual-mode configuration
[    0.119042] tegra-pcie 80003000.pcie-controller: probing port 0, using 2 lanes
[    0.201667] tegra-pcie 80003000.pcie-controller: PCI host bridge to bus 0000:00
[    0.201680] pci_bus 0000:00: root bus resource [io  0x0000-0xffff]
[    0.201689] pci_bus 0000:00: root bus resource [mem 0xa0000000-0xa7ffffff]
[    0.201697] pci_bus 0000:00: root bus resource [mem 0xa8000000-0xbfffffff pref]
[    0.201705] pci_bus 0000:00: root bus resource [bus 00-ff]
[    0.201733] pci 0000:00:01.0: [10de:0bf0] type 01 class 0x060000
[    0.201824] pci 0000:00:01.0: PME# supported from D0 D1 D2 D3hot D3cold
[    0.202026] PCI: bus0: Fast back to back transfers disabled
[    0.202037] pci 0000:00:01.0: bridge configuration invalid ([bus 00-00]), reconfiguring
[    0.202164] pci 0000:01:00.0: [10ec:8168] type 00 class 0x020000
[    0.202186] pci 0000:01:00.0: reg 0x10: [io  0x0000-0x00ff]
[    0.202208] pci 0000:01:00.0: reg 0x18: [mem 0x00000000-0x00000fff 64bit pref]
[    0.202225] pci 0000:01:00.0: reg 0x20: [mem 0x00000000-0x00003fff 64bit pref]
[    0.202237] pci 0000:01:00.0: reg 0x30: [mem 0x00000000-0x0001ffff pref]
[    0.202315] pci 0000:01:00.0: supports D1 D2
[    0.202324] pci 0000:01:00.0: PME# supported from D0 D1 D2 D3hot D3cold
[    0.216803] PCI: bus1: Fast back to back transfers disabled
[    0.216816] pci_bus 0000:01: busn_res: [bus 01-ff] end is updated to 01
[    0.216827] Disabling cpuidle LP2 state, since PCIe IRQs are in use
[    0.216886] pci 0000:00:01.0: BAR 8: assigned [mem 0xa0000000-0xa00fffff]
[    0.216897] pci 0000:00:01.0: BAR 9: assigned [mem 0xa8000000-0xa80fffff 64bit pref]
[    0.216906] pci 0000:00:01.0: BAR 7: assigned [io  0x1000-0x1fff]
[    0.216918] pci 0000:01:00.0: BAR 6: assigned [mem 0xa0000000-0xa001ffff pref]
[    0.216928] pci 0000:01:00.0: BAR 4: assigned [mem 0xa8000000-0xa8003fff 64bit pref]
[    0.216945] pci 0000:01:00.0: BAR 2: assigned [mem 0xa8004000-0xa8004fff 64bit pref]
[    0.216961] pci 0000:01:00.0: BAR 0: assigned [io  0x1000-0x10ff]
[    0.216972] pci 0000:00:01.0: PCI bridge to [bus 01]
[    0.216981] pci 0000:00:01.0:   bridge window [io  0x1000-0x1fff]
[    0.216989] pci 0000:00:01.0:   bridge window [mem 0xa0000000-0xa00fffff]
[    0.216997] pci 0000:00:01.0:   bridge window [mem 0xa8000000-0xa80fffff 64bit pref]
[    0.217017] pci 0000:00:01.0: nv_msi_ht_cap_quirk didn't locate host bridge
[    0.217066] pcieport 0000:00:01.0: enabling device (0140 -> 0143)
[    0.217254] pcieport 0000:00:01.0: Signaling PME through PCIe PME interrupt
[    0.217263] pci 0000:01:00.0: Signaling PME through PCIe PME interrupt
[    0.217272] pcie_pme 0000:00:01.0:pcie001: service driver pcie_pme loaded
[    0.222994] tegra-apbdma 6000a000.dma: Tegra20 APB DMA driver register 16 channels
[    0.273484] Serial: 8250/16550 driver, 4 ports, IRQ sharing disabled
[    0.275846] console [ttyS0] disabled
[    0.275880] 70006000.serial: ttyS0 at MMIO 0x70006000 (irq = 279, base_baud = 13500000) is a Tegra
[    1.238222] console [ttyS0] enabled
[    1.242318] SuperH (H)SCI(F) driver initialized
[    1.247587] msm_serial: driver initialized
[    1.251822] STMicroelectronics ASC driver initialized
[    1.259452] [drm] Initialized
[    1.264635] 54280000.hdmi supply hdmi not found, using dummy regulator
[    1.273280] [drm] Supports vblank timestamp caching Rev 2 (21.10.2013).
[    1.279896] [drm] No driver support for vblank timestamp query.
[    1.285832] drm drm: No connectors reported connected with modes
[    1.291842] [drm] Cannot find any crtc or sizes - going 1024x768
[    1.313797] Console: switching to colour frame buffer device 128x48
[    1.328486] drm drm: fb0:  frame buffer device
[    1.351782] [drm] Initialized tegra 0.0.0 20120330 on minor 0
[    1.366320] brd: module loaded
[    1.373773] loop: module loaded
[    1.382497] m25p80 spi32766.0: found s25fl008k, expected w25q80bl
[    1.388612] m25p80 spi32766.0: s25fl008k (1024 Kbytes)
[    1.395924] libphy: Fixed MDIO Bus: probed
[    1.400904] CAN device driver interface
[    1.406273] e1000e: Intel(R) PRO/1000 Network Driver - 3.2.6-k
[    1.412106] e1000e: Copyright(c) 1999 - 2015 Intel Corporation.
[    1.418079] igb: Intel(R) Gigabit Ethernet Network Driver - version 5.4.0-k
[    1.425034] igb: Copyright (c) 2007-2014 Intel Corporation.
[    1.431122] r8169 Gigabit Ethernet driver 2.3LK-NAPI loaded
[    1.436720] r8169 0000:01:00.0: enabling device (0140 -> 0143)
[    1.443349] r8169 0000:01:00.0 eth0: RTL8168d/8111d at 0xf0878000, 00:01:c0:13:7d:63, XID 081000c0 IRQ 296
[    1.453007] r8169 0000:01:00.0 eth0: jumbo features [frames: 9200 bytes, tx checksumming: ko]
[    1.463606] pegasus: v0.9.3 (2013/04/25), Pegasus/Pegasus II USB Ethernet driver
[    1.471064] usbcore: registered new interface driver pegasus
[    1.476783] usbcore: registered new interface driver asix
[    1.482226] usbcore: registered new interface driver ax88179_178a
[    1.488348] usbcore: registered new interface driver cdc_ether
[    1.494220] usbcore: registered new interface driver smsc75xx
[    1.500005] usbcore: registered new interface driver smsc95xx
[    1.505778] usbcore: registered new interface driver net1080
[    1.511469] usbcore: registered new interface driver cdc_subset
[    1.517416] usbcore: registered new interface driver zaurus
[    1.523040] usbcore: registered new interface driver cdc_ncm
[    1.528951] tegra-phy c5004000.usb-phy: no vbus regulator
[    1.535447] tegra-phy c5008000.usb-phy: no vbus regulator
[    1.542166] ehci_hcd: USB 2.0 'Enhanced' Host Controller (EHCI) Driver
[    1.548694] ehci-pci: EHCI PCI platform driver
[    1.553171] ehci-platform: EHCI generic platform driver
[    1.558547] ehci-orion: EHCI orion driver
[    1.562663] SPEAr-ehci: EHCI SPEAr driver
[    1.566775] ehci-st: EHCI STMicroelectronics driver
[    1.571741] ehci-exynos: EHCI EXYNOS driver
[    1.576042] ehci-atmel: EHCI Atmel driver
[    1.580153] tegra-ehci: Tegra EHCI driver
[    1.612977] ulpi_phy_power_on: ulpi write failed
[    1.617599] tegra-ehci c5004000.usb: Failed to power on the phy
[    1.623529] tegra-ehci: probe of c5004000.usb failed with error -110
[    1.632510] tegra-ehci c5008000.usb: EHCI Host Controller
[    1.637925] tegra-ehci c5008000.usb: new USB bus registered, assigned bus number 1
[    1.645731] tegra-ehci c5008000.usb: irq 290, io mem 0xc5008000
[    1.661788] tegra-ehci c5008000.usb: USB 2.0 started, EHCI 1.00
[    1.668305] hub 1-0:1.0: USB hub found
[    1.672085] hub 1-0:1.0: 1 port detected
[    1.676309] ohci_hcd: USB 1.1 'Open' Host Controller (OHCI) Driver
[    1.682500] ohci-pci: OHCI PCI platform driver
[    1.686987] ohci-platform: OHCI generic platform driver
[    1.692365] ohci-omap3: OHCI OMAP3 driver
[    1.696465] SPEAr-ohci: OHCI SPEAr driver
[    1.700584] ohci-st: OHCI STMicroelectronics driver
[    1.705562] ohci-atmel: OHCI Atmel driver
[    1.710153] usbcore: registered new interface driver usb-storage
[    1.717368] mousedev: PS/2 mouse device common for all mice
[    1.724501] rtc-em3027 2-0056: rtc core: registered rtc-em3027 as rtc0
[    1.732187] tegra_rtc 7000e000.rtc: rtc core: registered 7000e000.rtc as rtc1
[    1.739354] tegra_rtc 7000e000.rtc: Tegra internal Real Time Clock
[    1.745933] i2c /dev entries driver
[    1.758560] sdhci: Secure Digital Host Controller Interface driver
[    1.764752] sdhci: Copyright(c) Pierre Ossman
[    1.770260] Synopsys Designware Multimedia Card Interface Driver
[    1.777123] sdhci-pltfm: SDHCI platform and OF driver helper
[    1.783586] mmc0: Invalid maximum block size, assuming 512 bytes
[    1.826796] mmc0: SDHCI controller on c8000000.sdhci [c8000000.sdhci] using ADMA
[    1.834291] sdhci-tegra c8000600.sdhci: Got CD GPIO
[    1.839186] sdhci-tegra c8000600.sdhci: Got WP GPIO
[    1.844224] mmc1: Invalid maximum block size, assuming 512 bytes
[    1.886873] mmc1: SDHCI controller on c8000600.sdhci [c8000600.sdhci] using ADMA
[    1.895617] ledtrig-cpu: registered to indicate activity on CPUs
[    1.901937] usbcore: registered new interface driver usbhid
[    1.907546] usbhid: USB HID core driver
[    1.914041] NET: Registered protocol family 10
[    1.919330] sit: IPv6, IPv4 and MPLS over IPv4 tunneling driver
[    1.925754] NET: Registered protocol family 17
[    1.930209] can: controller area network core (rev 20120528 abi 9)
[    1.936449] NET: Registered protocol family 29
[    1.940894] can: raw protocol (rev 20120528)
[    1.945169] can: broadcast manager protocol (rev 20161123 t)
[    1.950827] can: netlink gateway (rev 20130117) max_hops=1
[    1.956612] Key type dns_resolver registered
[    1.961257] ThumbEE CPU extension supported.
[    1.965539] Registering SWP/SWPB emulation handler
[    1.979392] utmi_phy_clk_enable: timeout waiting for phy to stabilize
[    1.985878] tegra-ehci c5000000.usb: EHCI Host Controller
[    1.991302] tegra-ehci c5000000.usb: new USB bus registered, assigned bus number 2
[    2.001264] tegra-ehci c5000000.usb: irq 288, io mem 0xc5000000
[    2.023817] mmc0: host does not support reading read-only switch, assuming write-enable
[    2.026795] usb 1-1: new high-speed USB device number 2 using tegra-ehci
[    2.040343] mmc0: new high speed SDHC card at address b368
[    2.046223] mmcblk0: mmc0:b368 NCard 3.70 GiB 
[    2.051796] tegra-ehci c5000000.usb: USB 2.0 started, EHCI 1.00
[    2.058390] hub 2-0:1.0: USB hub found
[    2.062223]  mmcblk0: p1
[    2.065189] hub 2-0:1.0: 1 port detected
[    2.069214] mmc1: new high speed SD card at address b368
[    2.075659] input: gpio-keys as /devices/soc0/gpio-keys/input/input0
[    2.082147] mmcblk1: mmc1:b368 NCard 1.83 GiB (ro)
[    2.088018] rtc-em3027 2-0056: setting system clock to 2015-02-06 00:20:08 UTC (1423182008)
[    2.098701]  mmcblk1: p1 p2
[    2.103092] EXT4-fs (mmcblk0p1): mounting ext3 file system using the ext4 subsystem
[    2.189961] EXT4-fs (mmcblk0p1): recovery complete
[    2.194787] EXT4-fs (mmcblk0p1): mounted filesystem with ordered data mode. Opts: (null)
[    2.202917] VFS: Mounted root (ext3 filesystem) on device 179:1.
[    2.209574] hub 1-1:1.0: USB hub found
[    2.213581] hub 1-1:1.0: 4 ports detected
[    2.219252] devtmpfs: mounted
[    2.224732] Freeing unused kernel memory: 2048K (c1100000 - c1300000)
[    2.314110] random: fast init done
bash: cannot set terminal process group (-1): Inappropriate ioctl for device
bash: no job control in this shell
[    2.506905] usb 1-1.2: new high-speed USB device number 3 using tegra-ehci
root@(none):/# [    3.066936] asix 1-1.2:1.0 eth1: register 'asix' at usb-c5008000.usb-1.2, ASIX AX88772 USB 2.0 Ethernet, 00:60:6e:60:6c:68
mount -t sysfs none /sys
root@(none):/# 
root@(none):/# mount -t debugfs none /sys/kernel/debug
root@(none):/# 
root@(none):/# rtcwake -d rtc1 -m mem -s 3
rtcwake: assuming RTC uses UTC ...
rtcwake: wakeup from "mem" using /dev/rtc1 at Thu Jan  1 00:00:24 1970
[    7.540946] PM: Syncing filesystems ... done.
[    7.587538] Freezing user space processes ... (elapsed 0.001 seconds) done.
[    7.596019] Freezing remaining freezable tasks ... (elapsed 0.001 seconds) done.
[    7.605038] Suspending console(s) (use no_console_suspend to debug)
[    7.614444] asix 1-1.2:1.0 eth1: Failed to read reg index 0x0000: -19
[    7.614471] asix 1-1.2:1.0 eth1: Error reading Medium Status register: ffffffed
[    7.614499] asix 1-1.2:1.0 eth1: Failed to write reg index 0x0000: -19
[    7.614523] asix 1-1.2:1.0 eth1: Failed to write Medium Mode mode to 0xfeed: ffffffed
[    7.645056] PM: suspend of devices complete after 31.090 msecs
[    7.649407] PM: late suspend of devices complete after 4.321 msecs
[    7.672451] PM: noirq suspend of devices complete after 23.013 msecs
[    7.672461] Disabling non-boot CPUs ...
[    7.674387] CPU1: shutdown
[    7.706250] Entering suspend state LP1
[    7.706250] Suspended for 1.349 seconds
[    7.706294] Enabling non-boot CPUs ...
[    7.721107] CPU1 is up
[    7.722126] pcieport 0000:00:01.0: nv_msi_ht_cap_quirk didn't locate host bridge
[    7.742026] PM: noirq resume of devices complete after 20.887 msecs
[    7.745538] PM: early resume of devices complete after 2.962 msecs
[    8.245927] PM: resume of devices complete after 500.357 msecs
[    8.340019] Restarting tasks ... done.
root@(none):/# 
root@(none):/# rtcwake -d rtc1 -m mem -s 3
rtcwake: assuming RTC uses UTC ...
rtcwake: wakeup from "mem" using /dev/rtc1 at Thu Jan  1 00:00:29 1970
[    9.341548] PM: Syncing filesystems ... done.
[    9.387049] Freezing user space processes ... (elapsed 0.001 seconds) done.
[    9.395530] Freezing remaining freezable tasks ... (elapsed 0.001 seconds) done.
[    9.404630] Suspending console(s) (use no_console_suspend to debug)
[    9.413850] asix 1-1.2:1.0 eth1: Failed to read reg index 0x0000: -19
[    9.413876] asix 1-1.2:1.0 eth1: Error reading Medium Status register: ffffffed
[    9.413901] asix 1-1.2:1.0 eth1: Failed to write reg index 0x0000: -19
[    9.413924] asix 1-1.2:1.0 eth1: Failed to write Medium Mode mode to 0xfeed: ffffffed
[    9.443603] PM: suspend of devices complete after 30.070 msecs
[    9.448379] PM: late suspend of devices complete after 4.745 msecs
[    9.472286] PM: noirq suspend of devices complete after 23.876 msecs
[    9.472298] Disabling non-boot CPUs ...
[    9.474095] CPU1: shutdown
[    9.505311] Entering suspend state LP1
[    9.505311] Suspended for 3.200 seconds
[    9.505355] Enabling non-boot CPUs ...
[    9.521036] CPU1 is up
[    9.522091] pcieport 0000:00:01.0: nv_msi_ht_cap_quirk didn't locate host bridge
[    9.541943] PM: noirq resume of devices complete after 20.877 msecs
[    9.545444] PM: early resume of devices complete after 2.959 msecs
[   10.040616] PM: resume of devices complete after 495.140 msecs
[   10.136470] Restarting tasks ... done.
root@(none):/# 
root@(none):/# rtcwake -d rtc1 -m mem -s 3
rtcwake: assuming RTC uses UTC ...
rtcwake: wakeup from "mem" using /dev/rtc1 at Thu Jan  1 00:00:34 1970
[   11.141692] PM: Syncing filesystems ... done.
[   11.187095] Freezing user space processes ... (elapsed 0.001 seconds) done.
[   11.195659] Freezing remaining freezable tasks ... (elapsed 0.001 seconds) done.
[   11.204750] Suspending console(s) (use no_console_suspend to debug)
[   11.213965] asix 1-1.2:1.0 eth1: Failed to read reg index 0x0000: -19
[   11.213990] asix 1-1.2:1.0 eth1: Error reading Medium Status register: ffffffed
[   11.214019] asix 1-1.2:1.0 eth1: Failed to write reg index 0x0000: -19
[   11.214063] asix 1-1.2:1.0 eth1: Failed to write Medium Mode mode to 0xfeed: ffffffed
[   11.244795] PM: suspend of devices complete after 31.146 msecs
[   11.249195] PM: late suspend of devices complete after 4.370 msecs
[   11.272265] PM: noirq suspend of devices complete after 23.040 msecs
[   11.272277] Disabling non-boot CPUs ...
[   11.274101] CPU1: shutdown
[   11.290214] Entering suspend state LP1
[   11.290214] Suspended for 3.215 seconds
[   11.290256] Enabling non-boot CPUs ...
[   11.305949] CPU1 is up
[   11.306802] pcieport 0000:00:01.0: nv_msi_ht_cap_quirk didn't locate host bridge
[   11.326856] PM: noirq resume of devices complete after 20.876 msecs
[   11.330364] PM: early resume of devices complete after 2.972 msecs
[   11.825745] PM: resume of devices complete after 495.350 msecs
[   11.921618] Restarting tasks ... done.
root@(none):/# 
root@(none):/# rtcwake -d rtc1 -m mem -s 3
rtcwake: assuming RTC uses UTC ...
rtcwake: wakeup from "mem" using /dev/rtc1 at Thu Jan  1 00:00:39 1970
[   12.926634] PM: Syncing filesystems ... done.
[   12.972037] Freezing user space processes ... (elapsed 0.001 seconds) done.
[   12.980597] Freezing remaining freezable tasks ... (elapsed 0.001 seconds) done.
[   12.989688] Suspending console(s) (use no_console_suspend to debug)
[   12.998912] asix 1-1.2:1.0 eth1: Failed to read reg index 0x0000: -19
[   12.998939] asix 1-1.2:1.0 eth1: Error reading Medium Status register: ffffffed
[   12.998965] asix 1-1.2:1.0 eth1: Failed to write reg index 0x0000: -19
[   12.998988] asix 1-1.2:1.0 eth1: Failed to write Medium Mode mode to 0xfeed: ffffffed
[   13.020595] PM: suspend of devices complete after 22.008 msecs
[   13.024942] PM: late suspend of devices complete after 4.317 msecs
[   13.047195] PM: noirq suspend of devices complete after 22.221 msecs
[   13.047206] Disabling non-boot CPUs ...
[   13.049037] CPU1: shutdown
[   13.080112] Entering suspend state LP1
[   13.080112] Suspended for 3.210 seconds
[   13.080156] Enabling non-boot CPUs ...
[   13.095838] CPU1 is up
[   13.097123] pcieport 0000:00:01.0: nv_msi_ht_cap_quirk didn't locate host bridge
[   13.116772] PM: noirq resume of devices complete after 20.903 msecs
[   13.120278] PM: early resume of devices complete after 2.960 msecs
[   13.615554] PM: resume of devices complete after 495.244 msecs
[   13.711422] Restarting tasks ... done.
root@(none):/# 
root@(none):/# rtcwake -d rtc1 -m mem -s 3
rtcwake: assuming RTC uses UTC ...
rtcwake: wakeup from "mem" using /dev/rtc1 at Thu Jan  1 00:00:44 1970
[   14.716571] PM: Syncing filesystems ... done.
[   14.761991] Freezing user space processes ... (elapsed 0.001 seconds) done.
[   14.770473] Freezing remaining freezable tasks ... (elapsed 0.001 seconds) done.
[   14.779363] Suspending console(s) (use no_console_suspend to debug)
[   14.787869] asix 1-1.2:1.0 eth1: Failed to read reg index 0x0000: -19
[   14.787894] asix 1-1.2:1.0 eth1: Error reading Medium Status register: ffffffed
[   14.787922] asix 1-1.2:1.0 eth1: Failed to write reg index 0x0000: -19
[   14.787945] asix 1-1.2:1.0 eth1: Failed to write Medium Mode mode to 0xfeed: ffffffed
[   14.818289] PM: suspend of devices complete after 30.783 msecs
[   14.822611] PM: late suspend of devices complete after 4.292 msecs
[   14.847095] PM: noirq suspend of devices complete after 24.454 msecs
[   14.847106] Disabling non-boot CPUs ...
[   14.849079] CPU1: shutdown
[   14.880075] Entering suspend state LP1
[   14.880075] Suspended for 3.199 seconds
[   14.880119] Enabling non-boot CPUs ...
[   14.895781] CPU1 is up
[   14.898403] pcieport 0000:00:01.0: nv_msi_ht_cap_quirk didn't locate host bridge
[   14.916666] PM: noirq resume of devices complete after 20.853 msecs
[   14.920444] PM: early resume of devices complete after 3.055 msecs
[   15.420499] PM: resume of devices complete after 500.023 msecs
[   15.514645] Restarting tasks ... done.
root@(none):/# 
root@(none):/# rtcwake -d rtc1 -m mem -s 3
rtcwake: assuming RTC uses UTC ...
rtcwake: wakeup from "mem" using /dev/rtc1 at Thu Jan  1 00:00:49 1970
[   16.516105] PM: Syncing filesystems ... done.
[   16.561459] Freezing user space processes ... (elapsed 0.001 seconds) done.
[   16.569961] Freezing remaining freezable tasks ... (elapsed 0.001 seconds) done.
[   16.578967] Suspending console(s) (use no_console_suspend to debug)
[   16.587018] asix 1-1.2:1.0 eth1: Failed to read reg index 0x0000: -19
[   16.587043] asix 1-1.2:1.0 eth1: Error reading Medium Status register: ffffffed
[   16.587071] asix 1-1.2:1.0 eth1: Failed to write reg index 0x0000: -19
[   16.587094] asix 1-1.2:1.0 eth1: Failed to write Medium Mode mode to 0xfeed: ffffffed
[   16.619212] PM: suspend of devices complete after 32.663 msecs
[   16.623693] PM: late suspend of devices complete after 4.451 msecs
[   16.646969] PM: noirq suspend of devices complete after 23.247 msecs
[   16.646980] Disabling non-boot CPUs ...
[   16.648770] CPU1: shutdown
[   16.674932] Entering suspend state LP1
[   16.674932] Suspended for 3.205 seconds
[   16.674976] Enabling non-boot CPUs ...
[   16.690689] CPU1 is up
[   16.691796] pcieport 0000:00:01.0: nv_msi_ht_cap_quirk didn't locate host bridge
[   16.711597] PM: noirq resume of devices complete after 20.875 msecs
[   16.715104] PM: early resume of devices complete after 2.962 msecs
[   17.215480] PM: resume of devices complete after 500.344 msecs
[   17.311351] Restarting tasks ... done.
root@(none):/# 
root@(none):/# rtcwake -d rtc1 -m mem -s 3
rtcwake: assuming RTC uses UTC ...
rtcwake: wakeup from "mem" using /dev/rtc1 at Thu Jan  1 00:00:54 1970
[   18.311360] PM: Syncing filesystems ... done.
[   18.356705] Freezing user space processes ... (elapsed 0.001 seconds) done.
[   18.365187] Freezing remaining freezable tasks ... (elapsed 0.001 seconds) done.
[   18.374282] Suspending console(s) (use no_console_suspend to debug)
[   18.383496] asix 1-1.2:1.0 eth1: Failed to read reg index 0x0000: -19
[   18.383522] asix 1-1.2:1.0 eth1: Error reading Medium Status register: ffffffed
[   18.383550] asix 1-1.2:1.0 eth1: Failed to write reg index 0x0000: -19
[   18.383573] asix 1-1.2:1.0 eth1: Failed to write Medium Mode mode to 0xfeed: ffffffed
[   18.413043] PM: suspend of devices complete after 29.867 msecs
[   18.417725] PM: late suspend of devices complete after 4.652 msecs
[   18.441905] PM: noirq suspend of devices complete after 24.150 msecs
[   18.441916] Disabling non-boot CPUs ...
[   18.443729] CPU1: shutdown
[   18.474891] Entering suspend state LP1
[   18.474891] Suspended for 3.199 seconds
[   18.474936] Enabling non-boot CPUs ...
[   18.490625] CPU1 is up
[   18.491634] pcieport 0000:00:01.0: nv_msi_ht_cap_quirk didn't locate host bridge
[   18.511512] PM: noirq resume of devices complete after 20.853 msecs
[   18.515333] PM: early resume of devices complete after 3.101 msecs
[   19.015167] PM: resume of devices complete after 499.802 msecs
[   19.111110] Restarting tasks ... done.
root@(none):/# 
root@(none):/# rtcwake -d rtc1 -m mem -s 3
rtcwake: assuming RTC uses UTC ...
rtcwake: wakeup from "mem" using /dev/rtc1 at Thu Jan  1 00:00:59 1970
[   20.146129] PM: Syncing filesystems ... done.
[   20.191493] Freezing user space processes ... (elapsed 0.001 seconds) done.
[   20.199992] Freezing remaining freezable tasks ... (elapsed 0.001 seconds) done.
[   20.209133] Suspending console(s) (use no_console_suspend to debug)
[   20.218474] asix 1-1.2:1.0 eth1: Failed to read reg index 0x0000: -19
[   20.218499] asix 1-1.2:1.0 eth1: Error reading Medium Status register: ffffffed
[   20.218525] asix 1-1.2:1.0 eth1: Failed to write reg index 0x0000: -19
[   20.218549] asix 1-1.2:1.0 eth1: Failed to write Medium Mode mode to 0xfeed: ffffffed
[   20.243508] PM: suspend of devices complete after 25.490 msecs
[   20.247915] PM: late suspend of devices complete after 4.376 msecs
[   20.271817] PM: noirq suspend of devices complete after 23.874 msecs
[   20.271828] Disabling non-boot CPUs ...
[   20.273618] CPU1: shutdown
[   20.299786] Entering suspend state LP1
[   20.299786] Suspended for 3.175 seconds
[   20.299831] Enabling non-boot CPUs ...
[   20.315509] CPU1 is up
[   20.316981] pcieport 0000:00:01.0: nv_msi_ht_cap_quirk didn't locate host bridge
[   20.336445] PM: noirq resume of devices complete after 20.902 msecs
[   20.340274] PM: early resume of devices complete after 3.088 msecs
[   20.840101] PM: resume of devices complete after 499.795 msecs
[   20.936040] Restarting tasks ... done.
root@(none):/# 
root@(none):/# rtcwake -d rtc1 -m mem -s 3
rtcwake: assuming RTC uses UTC ...
rtcwake: wakeup from "mem" using /dev/rtc1 at Thu Jan  1 00:01:04 1970
[   21.946219] PM: Syncing filesystems ... done.
[   21.991585] Freezing user space processes ... (elapsed 0.001 seconds) done.
[   22.000148] Freezing remaining freezable tasks ... (elapsed 0.001 seconds) done.
[   22.009244] Suspending console(s) (use no_console_suspend to debug)
[   22.018599] asix 1-1.2:1.0 eth1: Failed to read reg index 0x0000: -19
[   22.018624] asix 1-1.2:1.0 eth1: Error reading Medium Status register: ffffffed
[   22.018651] asix 1-1.2:1.0 eth1: Failed to write reg index 0x0000: -19
[   22.018675] asix 1-1.2:1.0 eth1: Failed to write Medium Mode mode to 0xfeed: ffffffed
[   22.049078] PM: suspend of devices complete after 30.941 msecs
[   22.053557] PM: late suspend of devices complete after 4.448 msecs
[   22.076746] PM: noirq suspend of devices complete after 23.160 msecs
[   22.076757] Disabling non-boot CPUs ...
[   22.078572] CPU1: shutdown
[   22.109685] Entering suspend state LP1
[   22.109685] Suspended for 3.190 seconds
[   22.109729] Enabling non-boot CPUs ...
[   22.125433] CPU1 is up
[   22.128073] pcieport 0000:00:01.0: nv_msi_ht_cap_quirk didn't locate host bridge
[   22.146360] PM: noirq resume of devices complete after 20.895 msecs
[   22.150235] PM: early resume of devices complete after 3.150 msecs
[   22.655198] PM: resume of devices complete after 504.931 msecs
[   22.751083] Restarting tasks ... done.
root@(none):/# 
root@(none):/# rtcwake -d rtc1 -m mem -s 3
rtcwake: assuming RTC uses UTC ...
rtcwake: wakeup from "mem" using /dev/rtc1 at Thu Jan  1 00:01:09 1970
[   23.745769] PM: Syncing filesystems ... done.
[   23.791184] Freezing user space processes ... (elapsed 0.001 seconds) done.
[   23.799688] Freezing remaining freezable tasks ... (elapsed 0.001 seconds) done.
[   23.808840] Suspending console(s) (use no_console_suspend to debug)
[   23.818036] asix 1-1.2:1.0 eth1: Failed to read reg index 0x0000: -19
[   23.818063] asix 1-1.2:1.0 eth1: Error reading Medium Status register: ffffffed
[   23.818091] asix 1-1.2:1.0 eth1: Failed to write reg index 0x0000: -19
[   23.818134] asix 1-1.2:1.0 eth1: Failed to write Medium Mode mode to 0xfeed: ffffffed
[   23.847696] PM: suspend of devices complete after 29.979 msecs
[   23.852073] PM: late suspend of devices complete after 4.348 msecs
[   23.876626] PM: noirq suspend of devices complete after 24.523 msecs
[   23.876637] Disabling non-boot CPUs ...
[   23.878604] CPU1: shutdown
[   23.909581] Entering suspend state LP1
[   23.909581] Suspended for 3.200 seconds
[   23.909625] Enabling non-boot CPUs ...
[   23.925363] CPU1 is up
[   23.926517] pcieport 0000:00:01.0: nv_msi_ht_cap_quirk didn't locate host bridge
[   23.946248] PM: noirq resume of devices complete after 20.854 msecs
[   23.949761] PM: early resume of devices complete after 2.970 msecs
[   24.444315] PM: resume of devices complete after 494.521 msecs
[   24.540285] Restarting tasks ... done.
root@(none):/# 
root@(none):/# NVTB SYSTEM SUSPEND TEST COMPLETE
