
U-Boot SPL 2015.04-rc3-00209-ga74ef40 (Mar 16 2015 - 14:43:39)


U-Boot 2015.04-rc3-00209-ga74ef40 (Mar 16 2015 - 14:43:39)

TEGRA20
Model: Compulab TrimSlice board
DRAM:  1 GiB
MMC:   Tegra SD/MMC: 0, Tegra SD/MMC: 1
SF: Detected W25Q80BL with page size 256 Bytes, erase size 4 KiB, total 1 MiB
tegra-pcie: PCI regions:
tegra-pcie:   I/O: 0x82000000-0x82010000
tegra-pcie:   non-prefetchable memory: 0xa0000000-0xa8000000
tegra-pcie:   prefetchable memory: 0xa8000000-0xc0000000
tegra-pcie: dual-mode configuration
tegra-pcie: probing port 0, using 2 lanes
In:    serial
Out:   serial
Err:   serial
Net:   RTL8169#0
Hit any key to stop autoboot:  2  0 
Tegra20 (TrimSlice) # 
Tegra20 (TrimSlice) # usb reset
resetting USB...
USB0:   USB EHCI 1.00
scanning bus 0 for devices... 3 USB Device(s) found
USB1:   USB EHCI 1.00
scanning bus 1 for devices... 1 USB Device(s) found
USB2:   lowlevel init failed
       scanning usb for storage devices... 0 Storage Device(s) found
       scanning usb for ethernet devices... 
Warning: asx0 using MAC address from net device
1 Ethernet Device(s) found
Tegra20 (TrimSlice) # setenv bootargs 'ignore_loglevel console=ttyS0,115200n8 rw root=PARTUUID=11eb23c1-01 rootwait gpt debug noinitrd earlyprintk init=/bin/bash'
Tegra20 (TrimSlice) # setenv ipaddr 192.168.100.103; setenv serverip 192.168.100.1; setenv tftpserverip 192.168.100.1
Tegra20 (TrimSlice) # tftpboot 0x00408000 zImage.multi_v7_defconfig
Using RTL8169#0 device
TFTP from server 192.168.100.1; our IP address is 192.168.100.103
Filename 'zImage.multi_v7_defconfig'.
Load address: 0x408000
Loading: *#################################################################
	 #################################################################
	 #################################################################
	 #################################################################
	 #################################################################
	 #################################################################
	 #################################################################
	 #######################################
	 4.1 MiB/s
done
Bytes transferred = 7239984 (6e7930 hex)
Tegra20 (TrimSlice) # tftpboot 0x02408000 tegra20-trimslice.dtb
Using RTL8169#0 device
TFTP from server 192.168.100.1; our IP address is 192.168.100.103
Filename 'tegra20-trimslice.dtb'.
Load address: 0x2408000
Loading: *##
	 3.4 MiB/s
done
Bytes transferred = 21172 (52b4 hex)
Tegra20 (TrimSlice) # bootz 0x00408000 - 0x02408000
Kernel image @ 0x408000 [ 0x000000 - 0x6e7930 ]
## Flattened Device Tree blob at 02408000
   Booting using the fdt blob at 0x2408000
   Using Device Tree in place at 02408000, end 024102b3

Starting kernel ...

[    0.000000] Booting Linux on physical CPU 0x0
[    0.000000] Linux version 4.7.0-rc7-96809-g92d21ac (pwalmsley@sellafield) (gcc version 4.7.3 20130328 (prerelease) (crosstool-NG linaro-1.13.1-4.7-2013.04-20130415 - Linaro GCC 2013.04) ) #1 SMP Sun Jul 10 21:05:17 PDT 2016
[    0.000000] CPU: ARMv7 Processor [411fc090] revision 0 (ARMv7), cr=10c5387d
[    0.000000] CPU: PIPT / VIPT nonaliasing data cache, VIPT aliasing instruction cache
[    0.000000] Machine model: Compulab TrimSlice board
[    0.000000] debug: ignoring loglevel setting.
[    0.000000] cma: Reserved 64 MiB at 0x3c000000
[    0.000000] Memory policy: Data cache writealloc
[    0.000000] On node 0 totalpages: 262144
[    0.000000] free_area_init_node: node 0, pgdat c141bb40, node_mem_map ef7f8000
[    0.000000]   DMA zone: 1536 pages used for memmap
[    0.000000]   DMA zone: 0 pages reserved
[    0.000000]   DMA zone: 196608 pages, LIFO batch:31
[    0.000000]   HighMem zone: 65536 pages, LIFO batch:15
[    0.000000] percpu: Embedded 13 pages/cpu @ef7c9000 s23808 r8192 d21248 u53248
[    0.000000] pcpu-alloc: s23808 r8192 d21248 u53248 alloc=13*4096
[    0.000000] pcpu-alloc: [0] 0 [0] 1 
[    0.000000] Built 1 zonelists in Zone order, mobility grouping on.  Total pages: 260608
[    0.000000] Kernel command line: ignore_loglevel console=ttyS0,115200n8 rw root=PARTUUID=11eb23c1-01 rootwait gpt debug noinitrd earlyprintk init=/bin/bash
[    0.000000] PID hash table entries: 4096 (order: 2, 16384 bytes)
[    0.000000] Dentry cache hash table entries: 131072 (order: 7, 524288 bytes)
[    0.000000] Inode-cache hash table entries: 65536 (order: 6, 262144 bytes)
[    0.000000] Memory: 955932K/1048576K available (9529K kernel code, 1142K rwdata, 4476K rodata, 2048K init, 343K bss, 27108K reserved, 65536K cma-reserved, 196608K highmem)
[    0.000000] Virtual kernel memory layout:
[    0.000000]     vector  : 0xffff0000 - 0xffff1000   (   4 kB)
[    0.000000]     fixmap  : 0xffc00000 - 0xfff00000   (3072 kB)
[    0.000000]     vmalloc : 0xf0800000 - 0xff800000   ( 240 MB)
[    0.000000]     lowmem  : 0xc0000000 - 0xf0000000   ( 768 MB)
[    0.000000]     pkmap   : 0xbfe00000 - 0xc0000000   (   2 MB)
[    0.000000]     modules : 0xbf000000 - 0xbfe00000   (  14 MB)
[    0.000000]       .text : 0xc0208000 - 0xc10ad570   (14998 kB)
[    0.000000]       .init : 0xc1100000 - 0xc1300000   (2048 kB)
[    0.000000]       .data : 0xc1300000 - 0xc141dba0   (1143 kB)
[    0.000000]        .bss : 0xc141f000 - 0xc1474ce0   ( 344 kB)
[    0.000000] SLUB: HWalign=64, Order=0-3, MinObjects=0, CPUs=2, Nodes=1
[    0.000000] Hierarchical RCU implementation.
[    0.000000] 	Build-time adjustment of leaf fanout to 32.
[    0.000000] 	RCU restricting CPUs from NR_CPUS=16 to nr_cpu_ids=2.
[    0.000000] RCU: Adjusting geometry for rcu_fanout_leaf=32, nr_cpu_ids=2
[    0.000000] NR_IRQS:16 nr_irqs:16 16
[    0.000000] /interrupt-controller@60004000: 128 interrupts forwarded to /interrupt-controller@50041000
[    0.000000] L2C: platform modifies aux control register: 0x02080000 -> 0x3e480001
[    0.000000] L2C: DT/platform modifies aux control register: 0x02080000 -> 0x3e480001
[    0.000000] L2C-310 errata 727915 769419 enabled
[    0.000000] L2C-310 enabling early BRESP for Cortex-A9
[    0.000000] L2C-310: enabling full line of zeros but not enabled in Cortex-A9
[    0.000000] L2C-310 ID prefetch enabled, offset 1 lines
[    0.000000] L2C-310 cache controller enabled, 8 ways, 1024 kB
[    0.000000] L2C-310: CACHE_ID 0x410000c4, AUX_CTRL 0x7e480001
[    0.000011] sched_clock: 32 bits at 1000kHz, resolution 1000ns, wraps every 2147483647500ns
[    0.000028] clocksource: timer_us: mask: 0xffffffff max_cycles: 0xffffffff, max_idle_ns: 1911260446275 ns
[    0.000038] Switching to timer-based delay loop, resolution 1000ns
[    0.001592] Console: colour dummy device 80x30
[    0.001614] Calibrating delay loop (skipped), value calculated using timer frequency.. 2.00 BogoMIPS (lpj=5000)
[    0.001624] pid_max: default: 32768 minimum: 301
[    0.001699] Mount-cache hash table entries: 2048 (order: 1, 8192 bytes)
[    0.001709] Mountpoint-cache hash table entries: 2048 (order: 1, 8192 bytes)
[    0.002196] CPU: Testing write buffer coherency: ok
[    0.002378] CPU0: thread -1, cpu 0, socket 0, mpidr 80000000
[    0.002402] Setting up static identity map for 0x300000 - 0x300098
[    0.003887] Tegra Revision: A03 prime SKU: 8 CPU Process: 1 SoC Process: 2
[    0.004903] CPU1: thread -1, cpu 1, socket 0, mpidr 80000001
[    0.004970] Brought up 2 CPUs
[    0.004982] SMP: Total of 2 processors activated (4.00 BogoMIPS).
[    0.004988] CPU: All CPU(s) started in SVC mode.
[    0.005643] devtmpfs: initialized
[    0.009522] VFP support v0.3: implementor 41 architecture 3 part 30 variant 9 rev 1
[    0.009830] clocksource: jiffies: mask: 0xffffffff max_cycles: 0xffffffff, max_idle_ns: 9556302231375000 ns
[    0.012774] pinctrl core: initialized pinctrl subsystem
[    0.013932] NET: Registered protocol family 16
[    0.016106] DMA: preallocated 256 KiB pool for atomic coherent allocations
[    0.029915] cpuidle: using governor menu
[    0.041479] No ATAGs?
[    0.041499] hw-breakpoint: found 5 (+1 reserved) breakpoint and 1 watchpoint registers.
[    0.041506] hw-breakpoint: maximum watchpoint size is 4 bytes.
[    0.044989] Serial: AMBA PL011 UART driver
[    0.068237] usb1_vbus: Failed to request enable GPIO170: -517
[    0.068251] reg-fixed-voltage regulators:regulator@2: Failed to register regulator: -517
[    0.071926] vgaarb: loaded
[    0.072490] SCSI subsystem initialized
[    0.072611] libata version 3.00 loaded.
[    0.072810] usbcore: registered new interface driver usbfs
[    0.072856] usbcore: registered new interface driver hub
[    0.072897] usbcore: registered new device driver usb
[    0.075027] pps_core: LinuxPPS API ver. 1 registered
[    0.075035] pps_core: Software ver. 5.3.6 - Copyright 2005-2007 Rodolfo Giometti <giometti@linux.it>
[    0.075052] PTP clock support registered
[    0.075198] EDAC MC: Ver: 3.0.0
[    0.076976] clocksource: Switched to clocksource timer_us
[    0.084643] NET: Registered protocol family 2
[    0.085082] TCP established hash table entries: 8192 (order: 3, 32768 bytes)
[    0.085153] TCP bind hash table entries: 8192 (order: 4, 65536 bytes)
[    0.085258] TCP: Hash tables configured (established 8192 bind 8192)
[    0.085347] UDP hash table entries: 512 (order: 2, 16384 bytes)
[    0.085396] UDP-Lite hash table entries: 512 (order: 2, 16384 bytes)
[    0.085529] NET: Registered protocol family 1
[    0.085756] RPC: Registered named UNIX socket transport module.
[    0.085764] RPC: Registered udp transport module.
[    0.085769] RPC: Registered tcp transport module.
[    0.085775] RPC: Registered tcp NFSv4.1 backchannel transport module.
[    0.085783] PCI: CLS 0 bytes, default 64
[    0.086581] hw perfevents: enabled with armv7_cortex_a9 PMU driver, 7 counters available
[    0.087557] futex hash table entries: 512 (order: 3, 32768 bytes)
[    0.088128] workingset: timestamp_bits=28 max_order=18 bucket_order=0
[    0.095673] squashfs: version 4.0 (2009/01/31) Phillip Lougher
[    0.096267] NFS: Registering the id_resolver key type
[    0.096304] Key type id_resolver registered
[    0.096310] Key type id_legacy registered
[    0.096343] ntfs: driver 2.1.32 [Flags: R/O].
[    0.097303] bounce: pool size: 64 pages
[    0.097460] Block layer SCSI generic (bsg) driver version 0.4 loaded (major 248)
[    0.097469] io scheduler noop registered
[    0.097475] io scheduler deadline registered
[    0.097501] io scheduler cfq registered (default)
[    0.108944] tegra-pcie 80003000.pcie-controller: dual-mode configuration
[    0.109648] tegra-pcie 80003000.pcie-controller: probing port 0, using 2 lanes
[    0.193190] tegra-pcie 80003000.pcie-controller: PCI host bridge to bus 0000:00
[    0.193203] pci_bus 0000:00: root bus resource [io  0x0000-0xffff]
[    0.193212] pci_bus 0000:00: root bus resource [mem 0xa0000000-0xa7ffffff]
[    0.193221] pci_bus 0000:00: root bus resource [mem 0xa8000000-0xbfffffff pref]
[    0.193229] pci_bus 0000:00: root bus resource [bus 00-ff]
[    0.193261] pci 0000:00:01.0: [10de:0bf0] type 01 class 0x060000
[    0.193320] pci 0000:00:01.0: PME# supported from D0 D1 D2 D3hot D3cold
[    0.193514] PCI: bus0: Fast back to back transfers disabled
[    0.193526] pci 0000:00:01.0: bridge configuration invalid ([bus 00-00]), reconfiguring
[    0.193652] pci 0000:01:00.0: [10ec:8168] type 00 class 0x020000
[    0.193674] pci 0000:01:00.0: reg 0x10: [io  0x0000-0x00ff]
[    0.193696] pci 0000:01:00.0: reg 0x18: [mem 0x00000000-0x00000fff 64bit pref]
[    0.193712] pci 0000:01:00.0: reg 0x20: [mem 0x00000000-0x00003fff 64bit pref]
[    0.193725] pci 0000:01:00.0: reg 0x30: [mem 0x00000000-0x0001ffff pref]
[    0.193801] pci 0000:01:00.0: supports D1 D2
[    0.193809] pci 0000:01:00.0: PME# supported from D0 D1 D2 D3hot D3cold
[    0.202011] PCI: bus1: Fast back to back transfers disabled
[    0.202024] pci_bus 0000:01: busn_res: [bus 01-ff] end is updated to 01
[    0.202035] Disabling cpuidle LP2 state, since PCIe IRQs are in use
[    0.202091] pci 0000:00:01.0: BAR 8: assigned [mem 0xa0000000-0xa00fffff]
[    0.202104] pci 0000:00:01.0: BAR 9: assigned [mem 0xa8000000-0xa80fffff 64bit pref]
[    0.202113] pci 0000:00:01.0: BAR 7: assigned [io  0x1000-0x1fff]
[    0.202126] pci 0000:01:00.0: BAR 6: assigned [mem 0xa0000000-0xa001ffff pref]
[    0.202136] pci 0000:01:00.0: BAR 4: assigned [mem 0xa8000000-0xa8003fff 64bit pref]
[    0.202153] pci 0000:01:00.0: BAR 2: assigned [mem 0xa8004000-0xa8004fff 64bit pref]
[    0.202169] pci 0000:01:00.0: BAR 0: assigned [io  0x1000-0x10ff]
[    0.202179] pci 0000:00:01.0: PCI bridge to [bus 01]
[    0.202188] pci 0000:00:01.0:   bridge window [io  0x1000-0x1fff]
[    0.202196] pci 0000:00:01.0:   bridge window [mem 0xa0000000-0xa00fffff]
[    0.202205] pci 0000:00:01.0:   bridge window [mem 0xa8000000-0xa80fffff 64bit pref]
[    0.202226] pci 0000:00:01.0: nv_msi_ht_cap_quirk didn't locate host bridge
[    0.202291] pcieport 0000:00:01.0: enabling device (0140 -> 0143)
[    0.202438] pcieport 0000:00:01.0: Signaling PME through PCIe PME interrupt
[    0.202448] pci 0000:01:00.0: Signaling PME through PCIe PME interrupt
[    0.202457] pcie_pme 0000:00:01.0:pcie001: service driver pcie_pme loaded
[    0.206194] tegra-apbdma 6000a000.dma: Tegra20 APB DMA driver register 16 channels
[    0.252009] Serial: 8250/16550 driver, 4 ports, IRQ sharing disabled
[    0.254319] console [ttyS0] disabled
[    0.254353] 70006000.serial: ttyS0 at MMIO 0x70006000 (irq = 279, base_baud = 13500000) is a Tegra
[    1.198113] console [ttyS0] enabled
[    1.202217] SuperH (H)SCI(F) driver initialized
[    1.207509] msm_serial: driver initialized
[    1.211745] STMicroelectronics ASC driver initialized
[    1.219472] [drm] Initialized drm 1.1.0 20060810
[    1.226358] 54280000.hdmi supply hdmi not found, using dummy regulator
[    1.236053] [drm] Supports vblank timestamp caching Rev 2 (21.10.2013).
[    1.242683] [drm] No driver support for vblank timestamp query.
[    1.248635] drm drm: No connectors reported connected with modes
[    1.254645] [drm] Cannot find any crtc or sizes - going 1024x768
[    1.276672] Console: switching to colour frame buffer device 128x48
[    1.291371] drm drm: fb0:  frame buffer device
[    1.306988] [drm] Initialized tegra 0.0.0 20120330 on minor 0
[    1.321400] brd: module loaded
[    1.328664] loop: module loaded
[    1.337303] m25p80 spi32766.0: found s25fl008k, expected w25q80bl
[    1.343403] m25p80 spi32766.0: s25fl008k (1024 Kbytes)
[    1.350861] libphy: Fixed MDIO Bus: probed
[    1.355484] CAN device driver interface
[    1.360774] igb: Intel(R) Gigabit Ethernet Network Driver - version 5.3.0-k
[    1.367733] igb: Copyright (c) 2007-2014 Intel Corporation.
[    1.373824] r8169 Gigabit Ethernet driver 2.3LK-NAPI loaded
[    1.379420] r8169 0000:01:00.0: enabling device (0140 -> 0143)
[    1.386017] r8169 0000:01:00.0 eth0: RTL8168d/8111d at 0xf0878000, 00:01:c0:13:7d:63, XID 081000c0 IRQ 296
[    1.395672] r8169 0000:01:00.0 eth0: jumbo features [frames: 9200 bytes, tx checksumming: ko]
[    1.406133] pegasus: v0.9.3 (2013/04/25), Pegasus/Pegasus II USB Ethernet driver
[    1.413593] usbcore: registered new interface driver pegasus
[    1.419298] usbcore: registered new interface driver asix
[    1.424729] usbcore: registered new interface driver ax88179_178a
[    1.430855] usbcore: registered new interface driver cdc_ether
[    1.436732] usbcore: registered new interface driver smsc75xx
[    1.442527] usbcore: registered new interface driver smsc95xx
[    1.448303] usbcore: registered new interface driver net1080
[    1.453999] usbcore: registered new interface driver cdc_subset
[    1.459950] usbcore: registered new interface driver zaurus
[    1.465578] usbcore: registered new interface driver cdc_ncm
[    1.471527] tegra-phy c5004000.usb-phy: no vbus regulator
[    1.478033] tegra-phy c5008000.usb-phy: no vbus regulator
[    1.484847] ehci_hcd: USB 2.0 'Enhanced' Host Controller (EHCI) Driver
[    1.491377] ehci-pci: EHCI PCI platform driver
[    1.495857] ehci-platform: EHCI generic platform driver
[    1.501244] ehci-omap: OMAP-EHCI Host Controller driver
[    1.506576] ehci-orion: EHCI orion driver
[    1.510692] SPEAr-ehci: EHCI SPEAr driver
[    1.514819] ehci-st: EHCI STMicroelectronics driver
[    1.519807] ehci-exynos: EHCI EXYNOS driver
[    1.524115] ehci-atmel: EHCI Atmel driver
[    1.528234] tegra-ehci: Tegra EHCI driver
[    1.553183] ulpi_phy_power_on: ulpi write failed
[    1.557805] tegra-ehci c5004000.usb: Failed to power on the phy
[    1.563735] tegra-ehci: probe of c5004000.usb failed with error -110
[    1.572728] tegra-ehci c5008000.usb: EHCI Host Controller
[    1.578143] tegra-ehci c5008000.usb: new USB bus registered, assigned bus number 1
[    1.585953] tegra-ehci c5008000.usb: irq 290, io mem 0xc5008000
[    1.596995] tegra-ehci c5008000.usb: USB 2.0 started, EHCI 1.00
[    1.603525] hub 1-0:1.0: USB hub found
[    1.607319] hub 1-0:1.0: 1 port detected
[    1.611539] ohci_hcd: USB 1.1 'Open' Host Controller (OHCI) Driver
[    1.617735] ohci-pci: OHCI PCI platform driver
[    1.622224] ohci-platform: OHCI generic platform driver
[    1.627607] ohci-omap3: OHCI OMAP3 driver
[    1.631717] SPEAr-ohci: OHCI SPEAr driver
[    1.635843] ohci-st: OHCI STMicroelectronics driver
[    1.640831] ohci-atmel: OHCI Atmel driver
[    1.645434] usbcore: registered new interface driver usb-storage
[    1.652715] mousedev: PS/2 mouse device common for all mice
[    1.660012] rtc-em3027 2-0056: rtc core: registered rtc-em3027 as rtc0
[    1.667726] tegra_rtc 7000e000.rtc: rtc core: registered 7000e000.rtc as rtc1
[    1.674894] tegra_rtc 7000e000.rtc: Tegra internal Real Time Clock
[    1.681491] i2c /dev entries driver
[    1.694049] sdhci: Secure Digital Host Controller Interface driver
[    1.700241] sdhci: Copyright(c) Pierre Ossman
[    1.705779] Synopsys Designware Multimedia Card Interface Driver
[    1.712650] sdhci-pltfm: SDHCI platform and OF driver helper
[    1.719158] mmc0: Invalid maximum block size, assuming 512 bytes
[    1.751997] mmc0: SDHCI controller on c8000000.sdhci [c8000000.sdhci] using ADMA
[    1.759496] sdhci-tegra c8000600.sdhci: Got CD GPIO
[    1.764391] sdhci-tegra c8000600.sdhci: Got WP GPIO
[    1.769426] mmc1: Invalid maximum block size, assuming 512 bytes
[    1.802075] mmc1: SDHCI controller on c8000600.sdhci [c8000600.sdhci] using ADMA
[    1.810667] ledtrig-cpu: registered to indicate activity on CPUs
[    1.816936] usbcore: registered new interface driver usbhid
[    1.822510] usbhid: USB HID core driver
[    1.830730] NET: Registered protocol family 10
[    1.835928] sit: IPv6 over IPv4 tunneling driver
[    1.841052] NET: Registered protocol family 17
[    1.845511] can: controller area network core (rev 20120528 abi 9)
[    1.851736] NET: Registered protocol family 29
[    1.856181] can: raw protocol (rev 20120528)
[    1.860449] can: broadcast manager protocol (rev 20120528 t)
[    1.866110] can: netlink gateway (rev 20130117) max_hops=1
[    1.871915] Key type dns_resolver registered
[    1.876553] ThumbEE CPU extension supported.
[    1.880842] Registering SWP/SWPB emulation handler
[    1.893622] utmi_phy_clk_enable: timeout waiting for phy to stabilize
[    1.900088] tegra-ehci c5000000.usb: EHCI Host Controller
[    1.905501] tegra-ehci c5000000.usb: new USB bus registered, assigned bus number 2
[    1.913334] tegra-ehci c5000000.usb: irq 288, io mem 0xc5000000
[    1.927009] usb 1-1: new high-speed USB device number 2 using tegra-ehci
[    1.933986] mmc0: host does not support reading read-only switch, assuming write-enable
[    1.942041] tegra-ehci c5000000.usb: USB 2.0 started, EHCI 1.00
[    1.948084] mmc0: new high speed SDHC card at address b368
[    1.953993] mmcblk0: mmc0:b368 NCard 3.70 GiB 
[    1.954193] hub 2-0:1.0: USB hub found
[    1.954222] hub 2-0:1.0: 1 port detected
[    1.959082] input: gpio-keys as /devices/soc0/gpio-keys/input/input0
[    1.966163] rtc-em3027 2-0056: hctosys: unable to read the hardware clock
[    1.981328]  mmcblk0: p1
[    1.984926] EXT4-fs (mmcblk0p1): mounting ext3 file system using the ext4 subsystem
[    2.005781] mmc1: new high speed SD card at address b368
[    2.011539] mmcblk1: mmc1:b368 NCard 1.83 GiB (ro)
[    2.018889]  mmcblk1: p1 p2
[    2.073070] EXT4-fs (mmcblk0p1): recovery complete
[    2.073152] hub 1-1:1.0: USB hub found
[    2.077918] hub 1-1:1.0: 4 ports detected
[    2.085683] EXT4-fs (mmcblk0p1): mounted filesystem with ordered data mode. Opts: (null)
[    2.093814] VFS: Mounted root (ext3 filesystem) on device 179:1.
[    2.107977] devtmpfs: mounted
[    2.113003] Freeing unused kernel memory: 2048K (c1100000 - c1300000)
bash: cannot set terminal process group (-1): Inappropriate ioctl for device
bash: no job control in this shell
[    2.382045] usb 1-1.2: new high-speed USB device number 3 using tegra-ehci
root@(none):/# mount -t sysfs none /sys
root@(none):/# 
root@(none):/# mount -t debugfs none /sys/kernel/debug
root@(none):/# 
root@(none):/# rtcwake -d rtc1 -m mem -s 3
rtcwake: assuming RTC uses UTC ...
rtcwake: wakeup from "mem" using /dev/rtc1 at Thu Jan  1 00:00:22 1970
[    7.508581] PM: Syncing filesystems ... done.
[    7.555147] Freezing user space processes ... (elapsed 0.001 seconds) done.
[    7.563707] Double checking all user space processes after OOM killer disable... (elapsed 0.000 seconds) 
[    7.573507] Freezing remaining freezable tasks ... (elapsed 0.001 seconds) done.
[    7.582586] Suspending console(s) (use no_console_suspend to debug)
[    7.619916] PM: suspend of devices complete after 28.433 msecs
[    7.623492] PM: late suspend of devices complete after 3.544 msecs
[    7.637607] PM: noirq suspend of devices complete after 14.083 msecs
[    7.637618] Disabling non-boot CPUs ...
[    7.639376] CPU1: shutdown
[    7.655183] Entering suspend state LP1
[    7.655233] Enabling non-boot CPUs ...
[    7.681300] CPU1 is up
[    7.682214] pcieport 0000:00:01.0: nv_msi_ht_cap_quirk didn't locate host bridge
[    7.697266] PM: noirq resume of devices complete after 15.934 msecs
[    7.700669] PM: early resume of devices complete after 2.868 msecs
[    7.765572] PM: resume of devices complete after 64.869 msecs
[    7.829640] Restarting tasks ... done.
root@(none):/# 
root@(none):/# rtcwake -d rtc1 -m mem -s 3
rtcwake: assuming RTC uses UTC ...
rtcwake: wakeup from "mem" using /dev/rtc1 at Thu Jan  1 00:00:26 1970
[    8.531905] PM: Syncing filesystems ... done.
[    8.577482] Freezing user space processes ... (elapsed 0.001 seconds) done.
[    8.586020] Double checking all user space processes after OOM killer disable... (elapsed 0.000 seconds) 
[    8.595833] Freezing remaining freezable tasks ... (elapsed 0.001 seconds) done.
[    8.604910] Suspending console(s) (use no_console_suspend to debug)
[    8.639064] PM: suspend of devices complete after 25.231 msecs
[    8.642731] PM: late suspend of devices complete after 3.636 msecs
[    8.657538] PM: noirq suspend of devices complete after 14.776 msecs
[    8.657550] Disabling non-boot CPUs ...
[    8.659432] CPU1: shutdown
[    8.685136] Entering suspend state LP1
[    8.685186] Enabling non-boot CPUs ...
[    8.711256] CPU1 is up
[    8.712504] pcieport 0000:00:01.0: nv_msi_ht_cap_quirk didn't locate host bridge
[    8.727223] PM: noirq resume of devices complete after 15.934 msecs
[    8.730895] PM: early resume of devices complete after 2.955 msecs
[    8.800042] PM: resume of devices complete after 69.114 msecs
[    8.864124] Restarting tasks ... done.
root@(none):/# 
root@(none):/# rtcwake -d rtc1 -m mem -s 3
rtcwake: assuming RTC uses UTC ...
rtcwake: wakeup from "mem" using /dev/rtc1 at Thu Jan  1 00:00:30 1970
[    9.557355] PM: Syncing filesystems ... done.
[    9.590115] Freezing user space processes ... (elapsed 0.001 seconds) done.
[    9.598543] Double checking all user space processes after OOM killer disable... (elapsed 0.000 seconds) 
[    9.608283] Freezing remaining freezable tasks ... (elapsed 0.001 seconds) done.
[    9.617185] Suspending console(s) (use no_console_suspend to debug)
[    9.649000] PM: suspend of devices complete after 23.708 msecs
[    9.652684] PM: late suspend of devices complete after 3.652 msecs
[    9.667483] PM: noirq suspend of devices complete after 14.767 msecs
[    9.667494] Disabling non-boot CPUs ...
[    9.669412] CPU1: shutdown
[    9.685068] Entering suspend state LP1
[    9.685118] Enabling non-boot CPUs ...
[    9.711192] CPU1 is up
[    9.713751] pcieport 0000:00:01.0: nv_msi_ht_cap_quirk didn't locate host bridge
[    9.727096] PM: noirq resume of devices complete after 15.872 msecs
[    9.730823] PM: early resume of devices complete after 3.014 msecs
[    9.800629] PM: resume of devices complete after 69.773 msecs
[    9.864710] Restarting tasks ... done.
root@(none):/# 
root@(none):/# rtcwake -d rtc1 -m mem -s 3
rtcwake: assuming RTC uses UTC ...
rtcwake: wakeup from "mem" using /dev/rtc1 at Thu Jan  1 00:00:34 1970
[   10.557308] PM: Syncing filesystems ... done.
[   10.590087] Freezing user space processes ... (elapsed 0.001 seconds) done.
[   10.598508] Double checking all user space processes after OOM killer disable... (elapsed 0.000 seconds) 
[   10.608248] Freezing remaining freezable tasks ... (elapsed 0.001 seconds) done.
[   10.617148] Suspending console(s) (use no_console_suspend to debug)
[   10.643999] PM: suspend of devices complete after 18.738 msecs
[   10.647539] PM: late suspend of devices complete after 3.509 msecs
[   10.662411] PM: noirq suspend of devices complete after 14.840 msecs
[   10.662422] Disabling non-boot CPUs ...
[   10.664338] CPU1: shutdown
[   10.690017] Entering suspend state LP1
[   10.690067] Enabling non-boot CPUs ...
[   10.716135] CPU1 is up
[   10.717531] pcieport 0000:00:01.0: nv_msi_ht_cap_quirk didn't locate host bridge
[   10.732101] PM: noirq resume of devices complete after 15.934 msecs
[   10.735739] PM: early resume of devices complete after 2.919 msecs
[   10.805320] PM: resume of devices complete after 69.548 msecs
[   10.869406] Restarting tasks ... done.
root@(none):/# 
root@(none):/# rtcwake -d rtc1 -m mem -s 3
rtcwake: assuming RTC uses UTC ...
rtcwake: wakeup from "mem" using /dev/rtc1 at Thu Jan  1 00:00:38 1970
[   11.562239] PM: Syncing filesystems ... done.
[   11.607644] Freezing user space processes ... (elapsed 0.001 seconds) done.
[   11.616180] Double checking all user space processes after OOM killer disable... (elapsed 0.000 seconds) 
[   11.625992] Freezing remaining freezable tasks ... (elapsed 0.001 seconds) done.
[   11.635061] Suspending console(s) (use no_console_suspend to debug)
[   11.664252] PM: suspend of devices complete after 20.279 msecs
[   11.667794] PM: late suspend of devices complete after 3.511 msecs
[   11.682396] PM: noirq suspend of devices complete after 14.571 msecs
[   11.682407] Disabling non-boot CPUs ...
[   11.684175] CPU1: shutdown
[   11.709951] Entering suspend state LP1
[   11.710000] Enabling non-boot CPUs ...
[   11.736061] CPU1 is up
[   11.737237] pcieport 0000:00:01.0: nv_msi_ht_cap_quirk didn't locate host bridge
[   11.752019] PM: noirq resume of devices complete after 15.926 msecs
[   11.755404] PM: early resume of devices complete after 2.855 msecs
[   11.820356] PM: resume of devices complete after 64.919 msecs
[   11.884403] Restarting tasks ... done.
root@(none):/# 
root@(none):/# rtcwake -d rtc1 -m mem -s 3
rtcwake: assuming RTC uses UTC ...
rtcwake: wakeup from "mem" using /dev/rtc1 at Thu Jan  1 00:00:42 1970
[   12.584964] PM: Syncing filesystems ... done.
[   12.630557] Freezing user space processes ... (elapsed 0.001 seconds) done.
[   12.639168] Double checking all user space processes after OOM killer disable... (elapsed 0.000 seconds) 
[   12.648994] Freezing remaining freezable tasks ... (elapsed 0.001 seconds) done.
[   12.658116] Suspending console(s) (use no_console_suspend to debug)
[   12.693354] PM: suspend of devices complete after 26.328 msecs
[   12.696964] PM: late suspend of devices complete after 3.577 msecs
[   12.712319] PM: noirq suspend of devices complete after 15.323 msecs
[   12.712329] Disabling non-boot CPUs ...
[   12.714112] CPU1: shutdown
[   12.729926] Entering suspend state LP1
[   12.729976] Enabling non-boot CPUs ...
[   12.756047] CPU1 is up
[   12.756879] pcieport 0000:00:01.0: nv_msi_ht_cap_quirk didn't locate host bridge
[   12.771912] PM: noirq resume of devices complete after 15.833 msecs
[   12.775278] PM: early resume of devices complete after 2.841 msecs
[   12.835264] PM: resume of devices complete after 59.953 msecs
[   12.899291] Restarting tasks ... done.
root@(none):/# 
root@(none):/# rtcwake -d rtc1 -m mem -s 3
rtcwake: assuming RTC uses UTC ...
rtcwake: wakeup from "mem" using /dev/rtc1 at Thu Jan  1 00:00:46 1970
[   13.606558] PM: Syncing filesystems ... done.
[   13.652230] Freezing user space processes ... (elapsed 0.001 seconds) done.
[   13.660766] Double checking all user space processes after OOM killer disable... (elapsed 0.000 seconds) 
[   13.670569] Freezing remaining freezable tasks ... (elapsed 0.001 seconds) done.
[   13.679646] Suspending console(s) (use no_console_suspend to debug)
[   13.713747] PM: suspend of devices complete after 25.186 msecs
[   13.717312] PM: late suspend of devices complete after 3.533 msecs
[   13.732229] PM: noirq suspend of devices complete after 14.886 msecs
[   13.732240] Disabling non-boot CPUs ...
[   13.734160] CPU1: shutdown
[   13.759852] Entering suspend state LP1
[   13.759903] Enabling non-boot CPUs ...
[   13.785980] CPU1 is up
[   13.788543] pcieport 0000:00:01.0: nv_msi_ht_cap_quirk didn't locate host bridge
[   13.801844] PM: noirq resume of devices complete after 15.832 msecs
[   13.805780] PM: early resume of devices complete after 3.218 msecs
[   13.875094] PM: resume of devices complete after 69.281 msecs
[   13.939141] Restarting tasks ... done.
root@(none):/# 
root@(none):/# rtcwake -d rtc1 -m mem -s 3
rtcwake: assuming RTC uses UTC ...
rtcwake: wakeup from "mem" using /dev/rtc1 at Thu Jan  1 00:00:50 1970
[   14.636363] PM: Syncing filesystems ... done.
[   14.681922] Freezing user space processes ... (elapsed 0.001 seconds) done.
[   14.690419] Double checking all user space processes after OOM killer disable... (elapsed 0.000 seconds) 
[   14.700242] Freezing remaining freezable tasks ... (elapsed 0.001 seconds) done.
[   14.709354] Suspending console(s) (use no_console_suspend to debug)
[   14.743921] PM: suspend of devices complete after 25.662 msecs
[   14.747459] PM: late suspend of devices complete after 3.506 msecs
[   14.762166] PM: noirq suspend of devices complete after 14.676 msecs
[   14.762177] Disabling non-boot CPUs ...
[   14.764042] CPU1: shutdown
[   14.789786] Entering suspend state LP1
[   14.789836] Enabling non-boot CPUs ...
[   14.815887] CPU1 is up
[   14.817235] pcieport 0000:00:01.0: nv_msi_ht_cap_quirk didn't locate host bridge
[   14.831849] PM: noirq resume of devices complete after 15.928 msecs
[   14.835488] PM: early resume of devices complete after 2.934 msecs
[   14.900105] PM: resume of devices complete after 64.585 msecs
[   14.964185] Restarting tasks ... done.
root@(none):/# 
root@(none):/# rtcwake -d rtc1 -m mem -s 3
rtcwake: assuming RTC uses UTC ...
rtcwake: wakeup from "mem" using /dev/rtc1 at Thu Jan  1 00:00:54 1970
[   15.666736] PM: Syncing filesystems ... done.
[   15.712193] Freezing user space processes ... (elapsed 0.001 seconds) done.
[   15.720728] Double checking all user space processes after OOM killer disable... (elapsed 0.000 seconds) 
[   15.730544] Freezing remaining freezable tasks ... (elapsed 0.001 seconds) done.
[   15.739619] Suspending console(s) (use no_console_suspend to debug)
[   15.773448] PM: suspend of devices complete after 24.907 msecs
[   15.777196] PM: late suspend of devices complete after 3.715 msecs
[   15.792139] PM: noirq suspend of devices complete after 14.912 msecs
[   15.792151] Disabling non-boot CPUs ...
[   15.794022] CPU1: shutdown
[   15.819697] Entering suspend state LP1
[   15.819746] Enabling non-boot CPUs ...
[   15.845801] CPU1 is up
[   15.847191] pcieport 0000:00:01.0: nv_msi_ht_cap_quirk didn't locate host bridge
[   15.861787] PM: noirq resume of devices complete after 15.952 msecs
[   15.865419] PM: early resume of devices complete after 2.919 msecs
[   15.930103] PM: resume of devices complete after 64.651 msecs
[   15.994170] Restarting tasks ... done.
root@(none):/# 
root@(none):/# rtcwake -d rtc1 -m mem -s 3
rtcwake: assuming RTC uses UTC ...
rtcwake: wakeup from "mem" using /dev/rtc1 at Thu Jan  1 00:00:58 1970
[   16.696643] PM: Syncing filesystems ... done.
[   16.742070] Freezing user space processes ... (elapsed 0.001 seconds) done.
[   16.750602] Double checking all user space processes after OOM killer disable... (elapsed 0.000 seconds) 
[   16.760421] Freezing remaining freezable tasks ... (elapsed 0.001 seconds) done.
[   16.769494] Suspending console(s) (use no_console_suspend to debug)
[   16.798492] PM: suspend of devices complete after 20.082 msecs
[   16.802053] PM: late suspend of devices complete after 3.529 msecs
[   16.817094] PM: noirq suspend of devices complete after 15.010 msecs
[   16.817106] Disabling non-boot CPUs ...
[   16.818885] CPU1: shutdown
[   16.844647] Entering suspend state LP1
[   16.844696] Enabling non-boot CPUs ...
[   16.870793] CPU1 is up
[   16.873365] pcieport 0000:00:01.0: nv_msi_ht_cap_quirk didn't locate host bridge
[   16.886686] PM: noirq resume of devices complete after 15.861 msecs
[   16.890333] PM: early resume of devices complete after 2.946 msecs
[   16.955020] PM: resume of devices complete after 64.653 msecs
[   17.019102] Restarting tasks ... done.
root@(none):/# 
root@(none):/# NVTB SYSTEM SUSPEND TEST COMPLETE
