Diff for ./tegra114-dalmore-a04/tegra114-dalmore/multi_v7_defconfig_log.txt
--- /tmp/fooa	2014-03-24 20:47:04.262307441 -0700
+++ /tmp/foob	2014-03-24 20:47:04.266307444 -0700
@@ -35,21 +35,21 @@
 	 #################################################################
 	 #################################################################
 	 #################################################################
-	 ################################################
-	 3.3 MiB/s
+	 ###############################################
+	 3.5 MiB/s
 done
-Bytes transferred = 4507464 (44c748 hex)
+Bytes transferred = 4506064 (44c1d0 hex)
 Tegra114 (Dalmore) # tftpboot 0x82000000 tegra114-dalmore.dtb
 Using asx0 device
 TFTP from server 192.168.100.1; our IP address is 192.168.100.100
 Filename 'tegra114-dalmore.dtb'.
 Load address: 0x82000000
 Loading: *###
-	 2.3 MiB/s
+	 3.2 MiB/s
 done
 Bytes transferred = 34059 (850b hex)
 Tegra114 (Dalmore) # bootz 0x81000000 - 0x82000000
-Kernel image @ 0x81000000 [ 0x000000 - 0x44c748 ]
+Kernel image @ 0x81000000 [ 0x000000 - 0x44c1d0 ]
 ## Flattened Device Tree blob at 82000000
    Booting using the fdt blob at 0x82000000
    Loading Device Tree to 8fff4000, end 8ffff50a ... OK
@@ -57,7 +57,7 @@
 Starting kernel ...
 
 Booting Linux on physical CPU 0x0
-Linux version 3.14.0-rc7-50878-gdcb99fd (pwalmsley@tamien) (gcc version 4.7.3 20130328 (prerelease) (crosstool-NG linaro-1.13.1-4.7-2013.04-20130415 - Linaro GCC 2013.04) ) #1 SMP Mon Mar 17 23:18:37 PDT 2014
+Linux version 3.14.0-rc8-50996-gb098d67 (pwalmsley@tamien) (gcc version 4.7.3 20130328 (prerelease) (crosstool-NG linaro-1.13.1-4.7-2013.04-20130415 - Linaro GCC 2013.04) ) #1 SMP Mon Mar 24 20:08:06 PDT 2014
 CPU: ARMv7 Processor [412fc0f2] revision 2 (ARMv7), cr=10c5387d
 CPU: PIPT / VIPT nonaliasing data cache, PIPT instruction cache
 Machine model: NVIDIA Tegra114 Dalmore evaluation board
@@ -88,7 +88,7 @@
     lowmem  : 0xc0000000 - 0xef800000   ( 760 MB)
     pkmap   : 0xbfe00000 - 0xc0000000   (   2 MB)
     modules : 0xbf000000 - 0xbfe00000   (  14 MB)
-      .text : 0xc0008000 - 0xc0806020   (8185 kB)
+      .text : 0xc0008000 - 0xc0806028   (8185 kB)
       .init : 0xc0807000 - 0xc0887000   ( 512 kB)
       .data : 0xc0888000 - 0xc0938ac0   ( 707 kB)
        .bss : 0xc0938ac8 - 0xc097fbc0   ( 285 kB)
@@ -109,7 +109,7 @@
 /cpus/cpu@2 missing clock-frequency property
 /cpus/cpu@3 missing clock-frequency property
 CPU0: thread -1, cpu 0, socket 0, mpidr 80000000
-Setting up static identity map for 0x80585b10 - 0x80585ba8
+Setting up static identity map for 0x80585ee0 - 0x80585f78
 unable to find compatible sirf rstc node in dtb
 CPU1: Booted secondary processor
 CPU1: thread -1, cpu 1, socket 0, mpidr 80000001
@@ -348,7 +348,7 @@
 hub 1-0:1.0: USB hub found
 hub 1-0:1.0: 1 port detected
 input: gpio-keys.3 as /devices/soc0/gpio-keys.3/input/input1
-palmas-rtc rtc.8: setting system clock to 2000-01-31 21:30:16 UTC (949354216)
+palmas-rtc rtc.8: setting system clock to 2000-02-07 18:20:32 UTC (949947632)
 spear_cpufreq: Invalid cpufreq_tbl
 ALSA device list:
   #0: NVIDIA Tegra Dalmore
Diff for ./tegra114-dalmore-a04/tegra114-dalmore/tegra_defconfig_log.txt
--- /tmp/fooa	2014-03-24 20:47:04.274307450 -0700
+++ /tmp/foob	2014-03-24 20:47:04.278307452 -0700
@@ -38,7 +38,7 @@
 	 #############################
 	 3.1 MiB/s
 done
-Bytes transferred = 4239784 (40b1a8 hex)
+Bytes transferred = 4240392 (40b408 hex)
 Tegra114 (Dalmore) # tftpboot 0x82000000 tegra114-dalmore.dtb
 Using asx0 device
 TFTP from server 192.168.100.1; our IP address is 192.168.100.100
@@ -49,7 +49,7 @@
 done
 Bytes transferred = 34059 (850b hex)
 Tegra114 (Dalmore) # bootz 0x81000000 - 0x82000000
-Kernel image @ 0x81000000 [ 0x000000 - 0x40b1a8 ]
+Kernel image @ 0x81000000 [ 0x000000 - 0x40b408 ]
 ## Flattened Device Tree blob at 82000000
    Booting using the fdt blob at 0x82000000
    Loading Device Tree to 8fff4000, end 8ffff50a ... OK
@@ -60,7 +60,7 @@
 Booting Linux on physical CPU 0x0
 Initializing cgroup subsys cpu
 Initializing cgroup subsys cpuacct
-Linux version 3.14.0-rc7-50878-gdcb99fd (pwalmsley@tamien) (gcc version 4.7.3 20130328 (prerelease) (crosstool-NG linaro-1.13.1-4.7-2013.04-20130415 - Linaro GCC 2013.04) ) #1 SMP PREEMPT Mon Mar 17 23:15:26 PDT 2014
+Linux version 3.14.0-rc8-50996-gb098d67 (pwalmsley@tamien) (gcc version 4.7.3 20130328 (prerelease) (crosstool-NG linaro-1.13.1-4.7-2013.04-20130415 - Linaro GCC 2013.04) ) #1 SMP PREEMPT Mon Mar 24 20:04:29 PDT 2014
 CPU: ARMv7 Processor [412fc0f2] revision 2 (ARMv7), cr=10c5387d
 CPU: PIPT / VIPT nonaliasing data cache, PIPT instruction cache
 Machine model: NVIDIA Tegra114 Dalmore evaluation board
@@ -113,7 +113,7 @@
 /cpus/cpu@2 missing clock-frequency property
 /cpus/cpu@3 missing clock-frequency property
 CPU0: thread -1, cpu 0, socket 0, mpidr 80000000
-Setting up static identity map for 0x80576b08 - 0x80576ba0
+Setting up static identity map for 0x80576ec0 - 0x80576f58
 CPU1: Booted secondary processor
 CPU1: thread -1, cpu 1, socket 0, mpidr 80000001
 CPU2: Booted secondary processor
@@ -350,7 +350,7 @@
 hub 1-0:1.0: USB hub found
 hub 1-0:1.0: 1 port detected
 input: gpio-keys.3 as /devices/soc0/gpio-keys.3/input/input1
-palmas-rtc rtc.8: setting system clock to 2000-01-31 21:27:54 UTC (949354074)
+palmas-rtc rtc.8: setting system clock to 2000-02-07 18:17:38 UTC (949947458)
 ALSA device list:
   #0: NVIDIA Tegra Dalmore
 kjournald starting.  Commit interval 5 seconds
@@ -362,4 +362,4 @@
 Freeing unused kernel memory: 248K (c0790000 - c07ce000)
 bash: cannot set terminal process group (-1): Inappropriate ioctl for device
 bash: no job control in this shell
-root@(none):/# [    2.789563] usb 1-1: new high-speed USB device number 2 using tegra-ehci
+root@(none):/# [    2.799578] usb 1-1: new high-speed USB device number 2 using tegra-ehci
Diff for ./tegra30-beaver/tegra30-beaver/multi_v7_defconfig_log.txt
--- /tmp/fooa	2014-03-24 20:47:04.318307482 -0700
+++ /tmp/foob	2014-03-24 20:47:04.318307482 -0700
@@ -35,21 +35,21 @@
 	 #################################################################
 	 #################################################################
 	 #################################################################
-	 ################################################
-	 3 MiB/s
+	 ###############################################
+	 3.5 MiB/s
 done
-Bytes transferred = 4507464 (44c748 hex)
+Bytes transferred = 4506064 (44c1d0 hex)
 Tegra30 (Beaver) # tftpboot 0x82000000 tegra30-beaver.dtb
 Using asx0 device
 TFTP from server 192.168.100.1; our IP address is 192.168.100.101
 Filename 'tegra30-beaver.dtb'.
 Load address: 0x82000000
 Loading: *##
-	 2.8 MiB/s
+	 3.2 MiB/s
 done
 Bytes transferred = 23852 (5d2c hex)
 Tegra30 (Beaver) # bootz 0x81000000 - 0x82000000
-Kernel image @ 0x81000000 [ 0x000000 - 0x44c748 ]
+Kernel image @ 0x81000000 [ 0x000000 - 0x44c1d0 ]
 ## Flattened Device Tree blob at 82000000
    Booting using the fdt blob at 0x82000000
    Loading Device Tree to 8fff7000, end 8ffffd2b ... OK
@@ -57,7 +57,7 @@
 Starting kernel ...
 
 Booting Linux on physical CPU 0x0
-Linux version 3.14.0-rc7-50878-gdcb99fd (pwalmsley@tamien) (gcc version 4.7.3 20130328 (prerelease) (crosstool-NG linaro-1.13.1-4.7-2013.04-20130415 - Linaro GCC 2013.04) ) #1 SMP Mon Mar 17 23:18:37 PDT 2014
+Linux version 3.14.0-rc8-50996-gb098d67 (pwalmsley@tamien) (gcc version 4.7.3 20130328 (prerelease) (crosstool-NG linaro-1.13.1-4.7-2013.04-20130415 - Linaro GCC 2013.04) ) #1 SMP Mon Mar 24 20:08:06 PDT 2014
 CPU: ARMv7 Processor [412fc099] revision 9 (ARMv7), cr=10c5387d
 CPU: PIPT / VIPT nonaliasing data cache, VIPT aliasing instruction cache
 Machine model: NVIDIA Tegra30 Beaver evaluation board
@@ -92,7 +92,7 @@
     lowmem  : 0xc0000000 - 0xef800000   ( 760 MB)
     pkmap   : 0xbfe00000 - 0xc0000000   (   2 MB)
     modules : 0xbf000000 - 0xbfe00000   (  14 MB)
-      .text : 0xc0008000 - 0xc0806020   (8185 kB)
+      .text : 0xc0008000 - 0xc0806028   (8185 kB)
       .init : 0xc0807000 - 0xc0887000   ( 512 kB)
       .data : 0xc0888000 - 0xc0938ac0   ( 707 kB)
        .bss : 0xc0938ac8 - 0xc097fbc0   ( 285 kB)
@@ -106,7 +106,7 @@
 Mount-cache hash table entries: 512
 CPU: Testing write buffer coherency: ok
 CPU0: thread -1, cpu 0, socket 0, mpidr 80000000
-Setting up static identity map for 0x80585b10 - 0x80585ba8
+Setting up static identity map for 0x80585ee0 - 0x80585f78
 unable to find compatible sirf rstc node in dtb
 CPU1: Booted secondary processor
 CPU1: thread -1, cpu 1, socket 0, mpidr 80000001
@@ -357,4 +357,4 @@
 usb 1-1: new high-speed USB device number 2 using tegra-ehci
 bash: cannot set terminal process group (-1): Inappropriate ioctl for device
 bash: no job control in this shell
-root@(none):/# [    4.584366] asix 1-1:1.0 eth1: register 'asix' at usb-7d008000.usb-1, ASIX AX88772 USB 2.0 Ethernet, 00:50:b6:0f:68:6d
+root@(none):/# [    4.574433] asix 1-1:1.0 eth1: register 'asix' at usb-7d008000.usb-1, ASIX AX88772 USB 2.0 Ethernet, 00:50:b6:0f:68:6d
Diff for ./tegra30-beaver/tegra30-beaver/tegra_defconfig_log.txt
--- /tmp/fooa	2014-03-24 20:47:04.338307497 -0700
+++ /tmp/foob	2014-03-24 20:47:04.338307497 -0700
@@ -36,9 +36,9 @@
 	 #################################################################
 	 #################################################################
 	 #############################
-	 3.5 MiB/s
+	 3.4 MiB/s
 done
-Bytes transferred = 4239784 (40b1a8 hex)
+Bytes transferred = 4240392 (40b408 hex)
 Tegra30 (Beaver) # tftpboot 0x82000000 tegra30-beaver.dtb
 Using asx0 device
 TFTP from server 192.168.100.1; our IP address is 192.168.100.101
@@ -49,7 +49,7 @@
 done
 Bytes transferred = 23852 (5d2c hex)
 Tegra30 (Beaver) # bootz 0x81000000 - 0x82000000
-Kernel image @ 0x81000000 [ 0x000000 - 0x40b1a8 ]
+Kernel image @ 0x81000000 [ 0x000000 - 0x40b408 ]
 ## Flattened Device Tree blob at 82000000
    Booting using the fdt blob at 0x82000000
    Loading Device Tree to 8fff7000, end 8ffffd2b ... OK
@@ -60,7 +60,7 @@
 Booting Linux on physical CPU 0x0
 Initializing cgroup subsys cpu
 Initializing cgroup subsys cpuacct
-Linux version 3.14.0-rc7-50878-gdcb99fd (pwalmsley@tamien) (gcc version 4.7.3 20130328 (prerelease) (crosstool-NG linaro-1.13.1-4.7-2013.04-20130415 - Linaro GCC 2013.04) ) #1 SMP PREEMPT Mon Mar 17 23:15:26 PDT 2014
+Linux version 3.14.0-rc8-50996-gb098d67 (pwalmsley@tamien) (gcc version 4.7.3 20130328 (prerelease) (crosstool-NG linaro-1.13.1-4.7-2013.04-20130415 - Linaro GCC 2013.04) ) #1 SMP PREEMPT Mon Mar 24 20:04:29 PDT 2014
 CPU: ARMv7 Processor [412fc099] revision 9 (ARMv7), cr=10c5387d
 CPU: PIPT / VIPT nonaliasing data cache, VIPT aliasing instruction cache
 Machine model: NVIDIA Tegra30 Beaver evaluation board
@@ -110,7 +110,7 @@
 Initializing cgroup subsys freezer
 CPU: Testing write buffer coherency: ok
 CPU0: thread -1, cpu 0, socket 0, mpidr 80000000
-Setting up static identity map for 0x80576b08 - 0x80576ba0
+Setting up static identity map for 0x80576ec0 - 0x80576f58
 CPU1: Booted secondary processor
 CPU1: thread -1, cpu 1, socket 0, mpidr 80000001
 CPU2: Booted secondary processor
@@ -363,4 +363,4 @@
 usb 1-1: new high-speed USB device number 2 using tegra-ehci
 bash: cannot set terminal process group (-1): Inappropriate ioctl for device
 bash: no job control in this shell
-root@(none):/# [    4.808493] asix 1-1:1.0 eth1: register 'asix' at usb-7d008000.usb-1, ASIX AX88772 USB 2.0 Ethernet, 00:50:b6:0f:68:6d
+root@(none):/# [    4.808503] asix 1-1:1.0 eth1: register 'asix' at usb-7d008000.usb-1, ASIX AX88772 USB 2.0 Ethernet, 00:50:b6:0f:68:6d
