
U-Boot SPL 2014.01-00219-gc4d376f (Feb 18 2014 - 19:57:18)


U-Boot 2014.01-00219-gc4d376f (Feb 18 2014 - 19:57:18)

TEGRA30
Board: NVIDIA Beaver
I2C:   ready
DRAM:  2 GiB
MMC:   Tegra SD/MMC: 0, Tegra SD/MMC: 1
In:    serial
Out:   serial
Err:   serial
Net:   Net Initialization Skipped
No ethernet found.
Hit any key to stop autoboot:  2  0 
Tegra30 (Beaver) # 
Tegra30 (Beaver) # usb reset
(Re)start USB...
USB0:   USB EHCI 1.00
scanning bus 0 for devices... 2 USB Device(s) found
       scanning usb for storage devices... 0 Storage Device(s) found
       scanning usb for ethernet devices... 
Warning: asx0 using MAC address from net device
1 Ethernet Device(s) found
Tegra30 (Beaver) # setenv bootargs 'ignore_loglevel console=ttyS0,115200n8 rw root=PARTUUID=edbe1840-3633-c751-7993-b0ac834f81e0 rootwait gpt debug noinitrd earlyprintk init=/bin/bash'
Tegra30 (Beaver) # setenv ipaddr 192.168.100.101; setenv serverip 192.168.100.1; setenv tftpserverip 192.168.100.1
Tegra30 (Beaver) # tftpboot 0x81000000 zImage.multi_v7_defconfig
Using asx0 device
TFTP from server 192.168.100.1; our IP address is 192.168.100.101
Filename 'zImage.multi_v7_defconfig'.
Load address: 0x81000000
Loading: *#################################################################
	 #################################################################
	 #################################################################
	 #################################################################
	 #################################################################
	 #################################################################
	 #################################################################
	 ###########################################################
	 3.2 MiB/s
done
Bytes transferred = 7537304 (730298 hex)
Tegra30 (Beaver) # tftpboot 0x82000000 tegra30-beaver.dtb
Using asx0 device
TFTP from server 192.168.100.1; our IP address is 192.168.100.101
Filename 'tegra30-beaver.dtb'.
Load address: 0x82000000
Loading: *####
	 2.9 MiB/s
done
Bytes transferred = 51804 (ca5c hex)
Tegra30 (Beaver) # bootz 0x81000000 - 0x82000000
Kernel image @ 0x81000000 [ 0x000000 - 0x730298 ]
## Flattened Device Tree blob at 82000000
   Booting using the fdt blob at 0x82000000
   Loading Device Tree to 8fff0000, end 8ffffa5b ... OK

Starting kernel ...

[    0.000000] Booting Linux on physical CPU 0x0
[    0.000000] Linux version 4.11.0-rc6-156693-g39da7c5 (jonathanh@sellafield) (gcc version 4.7.3 20130328 (prerelease) (crosstool-NG linaro-1.13.1-4.7-2013.04-20130415 - Linaro GCC 2013.04) ) #1 SMP Tue Apr 11 05:33:37 PDT 2017
[    0.000000] CPU: ARMv7 Processor [412fc099] revision 9 (ARMv7), cr=10c5387d
[    0.000000] CPU: PIPT / VIPT nonaliasing data cache, VIPT aliasing instruction cache
[    0.000000] OF: fdt: Machine model: NVIDIA Tegra30 Beaver evaluation board
[    0.000000] debug: ignoring loglevel setting.
[    0.000000] efi: Getting EFI parameters from FDT:
[    0.000000] efi: UEFI not found.
[    0.000000] cma: Reserved 64 MiB at 0xfb800000
[    0.000000] Memory policy: Data cache writealloc
[    0.000000] On node 0 totalpages: 524032
[    0.000000] free_area_init_node: node 0, pgdat c15381c0, node_mem_map eeff8000
[    0.000000]   DMA zone: 1536 pages used for memmap
[    0.000000]   DMA zone: 0 pages reserved
[    0.000000]   DMA zone: 196608 pages, LIFO batch:31
[    0.000000]   HighMem zone: 327424 pages, LIFO batch:31
[    0.000000] percpu: Embedded 16 pages/cpu @eef8c000 s34432 r8192 d22912 u65536
[    0.000000] pcpu-alloc: s34432 r8192 d22912 u65536 alloc=16*4096
[    0.000000] pcpu-alloc: [0] 0 [0] 1 [0] 2 [0] 3 
[    0.000000] Built 1 zonelists in Zone order, mobility grouping on.  Total pages: 522496
[    0.000000] Kernel command line: ignore_loglevel console=ttyS0,115200n8 rw root=PARTUUID=edbe1840-3633-c751-7993-b0ac834f81e0 rootwait gpt debug noinitrd earlyprintk init=/bin/bash
[    0.000000] PID hash table entries: 4096 (order: 2, 16384 bytes)
[    0.000000] Dentry cache hash table entries: 131072 (order: 7, 524288 bytes)
[    0.000000] Inode-cache hash table entries: 65536 (order: 6, 262144 bytes)
[    0.000000] Memory: 1993692K/2096128K available (10240K kernel code, 1254K rwdata, 4212K rodata, 2048K init, 536K bss, 36900K reserved, 65536K cma-reserved, 1244160K highmem)
[    0.000000] Virtual kernel memory layout:
[    0.000000]     vector  : 0xffff0000 - 0xffff1000   (   4 kB)
[    0.000000]     fixmap  : 0xffc00000 - 0xfff00000   (3072 kB)
[    0.000000]     vmalloc : 0xf0800000 - 0xff800000   ( 240 MB)
[    0.000000]     lowmem  : 0xc0000000 - 0xf0000000   ( 768 MB)
[    0.000000]     pkmap   : 0xbfe00000 - 0xc0000000   (   2 MB)
[    0.000000]     modules : 0xbf000000 - 0xbfe00000   (  14 MB)
[    0.000000]       .text : 0xc0208000 - 0xc0d00000   (11232 kB)
[    0.000000]       .init : 0xc1200000 - 0xc1400000   (2048 kB)
[    0.000000]       .data : 0xc1400000 - 0xc1539ae0   (1255 kB)
[    0.000000]        .bss : 0xc153b000 - 0xc15c12b8   ( 537 kB)
[    0.000000] SLUB: HWalign=64, Order=0-3, MinObjects=0, CPUs=4, Nodes=1
[    0.000000] Hierarchical RCU implementation.
[    0.000000] 	RCU debugfs-based tracing is enabled.
[    0.000000] 	Build-time adjustment of leaf fanout to 32.
[    0.000000] 	RCU restricting CPUs from NR_CPUS=16 to nr_cpu_ids=4.
[    0.000000] RCU: Adjusting geometry for rcu_fanout_leaf=32, nr_cpu_ids=4
[    0.000000] NR_IRQS:16 nr_irqs:16 16
[    0.000000] /interrupt-controller@60004000: 160 interrupts forwarded to /interrupt-controller@50041000
[    0.000000] L2C: platform modifies aux control register: 0x02080000 -> 0x3e480001
[    0.000000] L2C: DT/platform modifies aux control register: 0x02080000 -> 0x3e480001
[    0.000000] L2C-310 erratum 769419 enabled
[    0.000000] L2C-310 enabling early BRESP for Cortex-A9
[    0.000000] L2C-310: enabling full line of zeros but not enabled in Cortex-A9
[    0.000000] L2C-310 dynamic clock gating enabled, standby mode enabled
[    0.000000] L2C-310 cache controller enabled, 8 ways, 1024 kB
[    0.000000] L2C-310: CACHE_ID 0x410000c7, AUX_CTRL 0x4e480001
[    0.000013] sched_clock: 32 bits at 1000kHz, resolution 1000ns, wraps every 2147483647500ns
[    0.000030] clocksource: timer_us: mask: 0xffffffff max_cycles: 0xffffffff, max_idle_ns: 1911260446275 ns
[    0.000040] Switching to timer-based delay loop, resolution 1000ns
[    0.002807] Console: colour dummy device 80x30
[    0.002834] Calibrating delay loop (skipped), value calculated using timer frequency.. 2.00 BogoMIPS (lpj=10000)
[    0.002843] pid_max: default: 32768 minimum: 301
[    0.002917] Mount-cache hash table entries: 2048 (order: 1, 8192 bytes)
[    0.002925] Mountpoint-cache hash table entries: 2048 (order: 1, 8192 bytes)
[    0.003315] CPU: Testing write buffer coherency: ok
[    0.003628] CPU0: thread -1, cpu 0, socket 0, mpidr 80000000
[    0.003845] Setting up static identity map for 0x80300000 - 0x80300098
[    0.006404] Tegra Revision: A03 SKU: 128 CPU Process: 4 SoC Process: 0
[    0.006895] EFI services will not be available.
[    0.007046] smp: Bringing up secondary CPUs ...
[    0.010375] CPU1: thread -1, cpu 1, socket 0, mpidr 80000001
[    0.020334] CPU2: thread -1, cpu 2, socket 0, mpidr 80000002
[    0.030333] CPU3: thread -1, cpu 3, socket 0, mpidr 80000003
[    0.030378] smp: Brought up 1 node, 4 CPUs
[    0.030391] SMP: Total of 4 processors activated (8.00 BogoMIPS).
[    0.030396] CPU: All CPU(s) started in SVC mode.
[    0.031079] devtmpfs: initialized
[    0.039137] VFP support v0.3: implementor 41 architecture 3 part 30 variant 9 rev 4
[    0.039564] clocksource: jiffies: mask: 0xffffffff max_cycles: 0xffffffff, max_idle_ns: 19112604462750000 ns
[    0.039583] futex hash table entries: 1024 (order: 4, 65536 bytes)
[    0.042965] pinctrl core: initialized pinctrl subsystem
[    0.044734] NET: Registered protocol family 16
[    0.047030] DMA: preallocated 256 KiB pool for atomic coherent allocations
[    0.048707] cpuidle: using governor menu
[    0.062909] No ATAGs?
[    0.063010] hw-breakpoint: found 5 (+1 reserved) breakpoint and 1 watchpoint registers.
[    0.063020] hw-breakpoint: maximum watchpoint size is 4 bytes.
[    0.067060] Serial: AMBA PL011 UART driver
[    0.067546] tegra-mc 7000f000.memory-controller: no memory timings for RAM code 3 registered
[    0.076729] vdd_5v_sata: Failed to request enable GPIO30: -517
[    0.076744] reg-fixed-voltage regulators:regulator@3: Failed to register regulator: -517
[    0.076789] usb1_vbus: Failed to request enable GPIO238: -517
[    0.076797] reg-fixed-voltage regulators:regulator@4: Failed to register regulator: -517
[    0.076839] usb3_vbus: Failed to request enable GPIO236: -517
[    0.076847] reg-fixed-voltage regulators:regulator@5: Failed to register regulator: -517
[    0.076934] sys_3v3_pexs: Failed to request enable GPIO95: -517
[    0.076942] reg-fixed-voltage regulators:regulator@7: Failed to register regulator: -517
[    0.078848] vgaarb: loaded
[    0.079306] SCSI subsystem initialized
[    0.079438] libata version 3.00 loaded.
[    0.079590] usbcore: registered new interface driver usbfs
[    0.079622] usbcore: registered new interface driver hub
[    0.079655] usbcore: registered new device driver usb
[    0.086722] vrtc: supplied by vdd_5v_in
[    0.090015] vio: supplied by vdd_5v_in
[    0.101822] vdd1: supplied by vdd_5v_in
[    0.103179] vddio_ddr_1v2: Bringing 600000uV into 1200000-1200000uV
[    0.111826] vdd2: supplied by vdd_5v_in
[    0.131816] ldo1: supplied by vdd_1v5_gen
[    0.134203] ldo2: supplied by vdd_1v5_gen
[    0.134674] vdd_sata,avdd_plle: Bringing 1200000uV into 1050000-1050000uV
[    0.136905] ldo3: supplied by vdd_5v_in
[    0.139265] ldo4: supplied by vdd_5v_in
[    0.141822] ldo5: supplied by vdd_5v_in
[    0.151816] ldo6: supplied by vdd_1v8_gen
[    0.152285] avdd_dsi_csi,pwrdet_mipi: Bringing 1000000uV into 1200000-1200000uV
[    0.154553] ldo7: supplied by vdd_1v8_gen
[    0.161818] ldo8: supplied by vdd_1v8_gen
[    0.171907] pps_core: LinuxPPS API ver. 1 registered
[    0.171913] pps_core: Software ver. 5.3.6 - Copyright 2005-2007 Rodolfo Giometti <giometti@linux.it>
[    0.171925] PTP clock support registered
[    0.172068] EDAC MC: Ver: 3.0.0
[    0.173600] clocksource: Switched to clocksource timer_us
[    0.178787] NET: Registered protocol family 2
[    0.179172] TCP established hash table entries: 8192 (order: 3, 32768 bytes)
[    0.179226] TCP bind hash table entries: 8192 (order: 4, 65536 bytes)
[    0.179305] TCP: Hash tables configured (established 8192 bind 8192)
[    0.179419] UDP hash table entries: 512 (order: 2, 16384 bytes)
[    0.179476] UDP-Lite hash table entries: 512 (order: 2, 16384 bytes)
[    0.179639] NET: Registered protocol family 1
[    0.179882] RPC: Registered named UNIX socket transport module.
[    0.179889] RPC: Registered udp transport module.
[    0.179893] RPC: Registered tcp transport module.
[    0.179897] RPC: Registered tcp NFSv4.1 backchannel transport module.
[    0.179905] PCI: CLS 0 bytes, default 64
[    0.180736] hw perfevents: enabled with armv7_cortex_a9 PMU driver, 7 counters available
[    0.181886] workingset: timestamp_bits=30 max_order=19 bucket_order=0
[    0.186585] squashfs: version 4.0 (2009/01/31) Phillip Lougher
[    0.186999] NFS: Registering the id_resolver key type
[    0.187024] Key type id_resolver registered
[    0.187029] Key type id_legacy registered
[    0.187056] ntfs: driver 2.1.32 [Flags: R/O].
[    0.188064] bounce: pool size: 64 pages
[    0.188100] Block layer SCSI generic (bsg) driver version 0.4 loaded (major 248)
[    0.188108] io scheduler noop registered
[    0.188112] io scheduler deadline registered
[    0.188215] io scheduler cfq registered (default)
[    0.188221] io scheduler mq-deadline registered
[    0.194293] tegra30-pinctrl 70000868.pinmux: invalid group "sdmmc3_dat6_pd3" for function "rsvd1"
[    0.194307] tegra30-pinctrl 70000868.pinmux: invalid group "sdmmc3_dat7_pd4" for function "rsvd1"
[    0.194320] tegra30-pinctrl 70000868.pinmux: invalid group "vi_vsync_pd6" for function "rsvd1"
[    0.194329] tegra30-pinctrl 70000868.pinmux: invalid group "vi_hsync_pd7" for function "rsvd1"
[    0.194758] tegra30-pinctrl 70000868.pinmux: invalid group "hdmi_int_pn7" for function "rsvd1"
[    0.194799] tegra30-pinctrl 70000868.pinmux: invalid group "ulpi_data3_po4" for function "rsvd1"
[    0.195119] tegra30-pinctrl 70000868.pinmux: invalid group "vi_d10_pt2" for function "rsvd1"
[    0.195131] tegra30-pinctrl 70000868.pinmux: invalid group "vi_d11_pt3" for function "rsvd1"
[    0.195143] tegra30-pinctrl 70000868.pinmux: invalid group "vi_d0_pt4" for function "rsvd1"
[    0.195181] tegra30-pinctrl 70000868.pinmux: invalid group "pu0" for function "rsvd1"
[    0.195211] tegra30-pinctrl 70000868.pinmux: invalid group "pu3" for function "rsvd1"
[    0.195239] tegra30-pinctrl 70000868.pinmux: invalid group "pu6" for function "rsvd1"
[    0.195278] tegra30-pinctrl 70000868.pinmux: invalid group "pv3" for function "rsvd1"
[    0.195743] tegra30-pinctrl 70000868.pinmux: invalid group "pbb0" for function "rsvd1"
[    0.195857] tegra30-pinctrl 70000868.pinmux: invalid group "pcc1" for function "rsvd1"
[    0.201174] tegra-pcie 3000.pcie-controller: 2x3 configuration
[    0.201319] tegra-pcie 3000.pcie-controller: Failed to get supply 'hvdd-pex': -517
[    0.206877] tegra-apbdma 6000a000.dma: Tegra20 APB DMA driver register 32 channels
[    0.208052] tegra-pmc 7000e400.pmc: i2c-thermtrip node not found, emergency thermal reset disabled.
[    0.239454] Serial: 8250/16550 driver, 4 ports, IRQ sharing disabled
[    0.241532] console [ttyS0] disabled
[    0.241574] 70006000.serial: ttyS0 at MMIO 0x70006000 (irq = 331, base_baud = 25500000) is a Tegra
[    1.251141] console [ttyS0] enabled
[    1.255178] SuperH (H)SCI(F) driver initialized
[    1.260274] msm_serial: driver initialized
[    1.264489] STMicroelectronics ASC driver initialized
[    1.273803] tegra-hdmi 54280000.hdmi: failed to get HDMI regulator
[    1.288129] brd: module loaded
[    1.296988] loop: module loaded
[    1.305523] m25p80 spi32766.1: w25q32 (4096 Kbytes)
[    1.312222] libphy: Fixed MDIO Bus: probed
[    1.317025] CAN device driver interface
[    1.321394] bgmac_bcma: Broadcom 47xx GBit MAC driver loaded
[    1.327836] e1000e: Intel(R) PRO/1000 Network Driver - 3.2.6-k
[    1.333664] e1000e: Copyright(c) 1999 - 2015 Intel Corporation.
[    1.339609] igb: Intel(R) Gigabit Ethernet Network Driver - version 5.4.0-k
[    1.346573] igb: Copyright (c) 2007-2014 Intel Corporation.
[    1.354118] pegasus: v0.9.3 (2013/04/25), Pegasus/Pegasus II USB Ethernet driver
[    1.361543] usbcore: registered new interface driver pegasus
[    1.367222] usbcore: registered new interface driver asix
[    1.372630] usbcore: registered new interface driver ax88179_178a
[    1.378738] usbcore: registered new interface driver cdc_ether
[    1.384596] usbcore: registered new interface driver smsc75xx
[    1.390352] usbcore: registered new interface driver smsc95xx
[    1.396111] usbcore: registered new interface driver net1080
[    1.401772] usbcore: registered new interface driver cdc_subset
[    1.407701] usbcore: registered new interface driver zaurus
[    1.413295] usbcore: registered new interface driver cdc_ncm
[    1.420333] ehci_hcd: USB 2.0 'Enhanced' Host Controller (EHCI) Driver
[    1.426856] ehci-pci: EHCI PCI platform driver
[    1.431311] ehci-platform: EHCI generic platform driver
[    1.436655] ehci-orion: EHCI orion driver
[    1.440729] SPEAr-ehci: EHCI SPEAr driver
[    1.444814] ehci-st: EHCI STMicroelectronics driver
[    1.449753] ehci-exynos: EHCI EXYNOS driver
[    1.454024] ehci-atmel: EHCI Atmel driver
[    1.458097] tegra-ehci: Tegra EHCI driver
[    1.462384] ohci_hcd: USB 1.1 'Open' Host Controller (OHCI) Driver
[    1.468568] ohci-pci: OHCI PCI platform driver
[    1.473028] ohci-platform: OHCI generic platform driver
[    1.478350] ohci-omap3: OHCI OMAP3 driver
[    1.482430] SPEAr-ohci: OHCI SPEAr driver
[    1.486516] ohci-st: OHCI STMicroelectronics driver
[    1.491456] ohci-atmel: OHCI Atmel driver
[    1.495903] usbcore: registered new interface driver usb-storage
[    1.504363] tegra_rtc 7000e000.rtc: rtc core: registered 7000e000.rtc as rtc1
[    1.511521] tegra_rtc 7000e000.rtc: Tegra internal Real Time Clock
[    1.520445] random: fast init done
[    1.533747] tps65910-rtc tps65910-rtc: rtc core: registered tps65910-rtc as rtc0
[    1.541323] i2c /dev entries driver
[    1.552915] sdhci: Secure Digital Host Controller Interface driver
[    1.559106] sdhci: Copyright(c) Pierre Ossman
[    1.564385] Synopsys Designware Multimedia Card Interface Driver
[    1.571036] sdhci-pltfm: SDHCI platform and OF driver helper
[    1.577194] sdhci-tegra 78000000.sdhci: Got CD GPIO
[    1.582067] sdhci-tegra 78000000.sdhci: Got WP GPIO
[    1.588197] mmc0: Invalid maximum block size, assuming 512 bytes
[    1.653685] mmc0: SDHCI controller on 78000000.sdhci [78000000.sdhci] using ADMA
[    1.662275] mmc1: Invalid maximum block size, assuming 512 bytes
[    1.723603] mmc1: SDHCI controller on 78000600.sdhci [78000600.sdhci] using ADMA
[    1.732286] ledtrig-cpu: registered to indicate activity on CPUs
[    1.742554] usbcore: registered new interface driver usbhid
[    1.748135] usbhid: USB HID core driver
[    1.756473] NET: Registered protocol family 10
[    1.765582] Segment Routing with IPv6
[    1.769283] sit: IPv6, IPv4 and MPLS over IPv4 tunneling driver
[    1.775605] NET: Registered protocol family 17
[    1.780043] can: controller area network core (rev 20120528 abi 9)
[    1.786351] NET: Registered protocol family 29
[    1.790783] can: raw protocol (rev 20120528)
[    1.795052] can: broadcast manager protocol (rev 20161123 t)
[    1.800698] can: netlink gateway (rev 20130117) max_hops=1
[    1.806443] Key type dns_resolver registered
[    1.811087] ThumbEE CPU extension supported.
[    1.815363] Registering SWP/SWPB emulation handler
[    1.841467] vdd_ddr: supplied by vdd_5v_in
[    1.846442] vdd_5v_sata: supplied by vdd_5v_in
[    1.851187] usb1_vbus: supplied by vdd_5v_in
[    1.855786] usb3_vbus: supplied by vdd_5v_in
[    1.861260] sys_3v3,vdd_3v3_alw: supplied by vdd_5v_in
[    1.867201] sys_3v3_pexs: supplied by sys_3v3,vdd_3v3_alw
[    1.872763] +VDD_5V_HDMI: supplied by sys_3v3,vdd_3v3_alw
[    1.878802] tegra-pcie 3000.pcie-controller: 2x3 configuration
[    1.887803] tegra-pcie 3000.pcie-controller: probing port 0, using 2 lanes
[    1.901761] mmc1: new high speed MMC card at address 0001
[    1.909535] mmcblk1: mmc1:0001 SEM16G 14.8 GiB 
[    1.915446] mmcblk1boot0: mmc1:0001 SEM16G partition 1 1.00 MiB
[    1.922906] mmcblk1boot1: mmc1:0001 SEM16G partition 2 1.00 MiB
[    1.929876] mmcblk1rpmb: mmc1:0001 SEM16G partition 3 128 KiB
[    1.942559] mmc0: new ultra high speed DDR50 SDHC card at address aaaa
[    1.949310] Primary GPT is invalid, using alternate GPT.
[    1.952554] tegra-pcie 3000.pcie-controller: probing port 2, using 2 lanes
[    1.961487]  mmcblk1: p1 p2 p3 p4 p5
[    1.965676] mmcblk0: mmc0:aaaa SS04G 3.69 GiB 
[    1.991246]  mmcblk0: p1 p2 p3
[    2.356442] tegra-pcie 3000.pcie-controller: link 2 down, retrying
[    2.766464] tegra-pcie 3000.pcie-controller: link 2 down, retrying
[    3.175839] tegra-pcie 3000.pcie-controller: link 2 down, retrying
[    3.184018] tegra-pcie 3000.pcie-controller: link 2 down, ignoring
[    3.190302] tegra-pcie 3000.pcie-controller: PCI host bridge to bus 0000:00
[    3.197265] pci_bus 0000:00: root bus resource [io  0x0000-0xffff]
[    3.203431] pci_bus 0000:00: root bus resource [mem 0x20000000-0x27ffffff]
[    3.210297] pci_bus 0000:00: root bus resource [mem 0x28000000-0x3fffffff pref]
[    3.217597] pci_bus 0000:00: root bus resource [bus 00-ff]
[    3.223092] pci 0000:00:01.0: [10de:0e1c] type 01 class 0x060400
[    3.229116] pci_bus 0000:00: 2-byte config write to 0000:00:01.0 offset 0x88 may corrupt adjacent RW1C bits
[    3.238873] pci_bus 0000:00: 2-byte config write to 0000:00:01.0 offset 0x52 may corrupt adjacent RW1C bits
[    3.248616] pci 0000:00:01.0: PME# supported from D0 D1 D2 D3hot D3cold
[    3.255224] pci_bus 0000:00: 2-byte config write to 0000:00:01.0 offset 0x4c may corrupt adjacent RW1C bits
[    3.265100] pci_bus 0000:00: 2-byte config write to 0000:00:01.0 offset 0x3e may corrupt adjacent RW1C bits
[    3.274832] pci_bus 0000:00: 2-byte config write to 0000:00:01.0 offset 0x4 may corrupt adjacent RW1C bits
[    3.284473] pci_bus 0000:00: 1-byte config write to 0000:00:01.0 offset 0xc may corrupt adjacent RW1C bits
[    3.294109] PCI: bus0: Fast back to back transfers disabled
[    3.299669] pci 0000:00:01.0: bridge configuration invalid ([bus 00-00]), reconfiguring
[    3.307662] pci_bus 0000:00: 2-byte config write to 0000:00:01.0 offset 0x3e may corrupt adjacent RW1C bits
[    3.317389] pci_bus 0000:00: 2-byte config write to 0000:00:01.0 offset 0x3e may corrupt adjacent RW1C bits
[    3.327116] pci_bus 0000:00: 2-byte config write to 0000:00:01.0 offset 0x3e may corrupt adjacent RW1C bits
[    3.336842] pci_bus 0000:00: 2-byte config write to 0000:00:01.0 offset 0x6 may corrupt adjacent RW1C bits
[    3.346571] pci 0000:01:00.0: [10ec:8168] type 00 class 0x020000
[    3.352579] pci 0000:01:00.0: reg 0x10: [io  0x0000-0x00ff]
[    3.358165] pci 0000:01:00.0: reg 0x18: [mem 0x00000000-0x00000fff 64bit pref]
[    3.365388] pci 0000:01:00.0: reg 0x20: [mem 0x00000000-0x00003fff 64bit pref]
[    3.372669] pci 0000:01:00.0: supports D1 D2
[    3.376936] pci 0000:01:00.0: PME# supported from D0 D1 D2 D3hot D3cold
[    3.413626] PCI: bus1: Fast back to back transfers disabled
[    3.419187] pci_bus 0000:01: busn_res: [bus 01-ff] end is updated to 01
[    3.425862] pci 0000:00:01.0: BAR 9: assigned [mem 0x28000000-0x280fffff 64bit pref]
[    3.433600] pci 0000:00:01.0: BAR 7: assigned [io  0x1000-0x1fff]
[    3.439682] pci 0000:01:00.0: BAR 4: assigned [mem 0x28000000-0x28003fff 64bit pref]
[    3.447426] pci 0000:01:00.0: BAR 2: assigned [mem 0x28004000-0x28004fff 64bit pref]
[    3.455170] pci 0000:01:00.0: BAR 0: assigned [io  0x1000-0x10ff]
[    3.461251] pci 0000:00:01.0: PCI bridge to [bus 01]
[    3.466211] pci 0000:00:01.0:   bridge window [io  0x1000-0x1fff]
[    3.472289] pci 0000:00:01.0:   bridge window [mem 0x28000000-0x280fffff 64bit pref]
[    3.480038] pci 0000:00:01.0: nv_msi_ht_cap_quirk didn't locate host bridge
[    3.487050] pcieport 0000:00:01.0: enabling device (0140 -> 0143)
[    3.493338] pcieport 0000:00:01.0: Signaling PME with IRQ 374
[    3.499284] r8169 Gigabit Ethernet driver 2.3LK-NAPI loaded
[    3.504876] r8169 0000:01:00.0: enabling device (0140 -> 0143)
[    3.511650] r8169 0000:01:00.0 eth0: RTL8168evl/8111evl at 0xf0afe000, 02:04:4b:01:60:a6, XID 0c900800 IRQ 375
[    3.521653] r8169 0000:01:00.0 eth0: jumbo features [frames: 9200 bytes, tx checksumming: ko]
[    3.533185] [drm] Supports vblank timestamp caching Rev 2 (21.10.2013).
[    3.539804] [drm] No driver support for vblank timestamp query.
[    3.545746] [drm] Cannot find any crtc or sizes - going 1024x768
[    3.570515] Console: switching to colour frame buffer device 128x48
[    3.583046] drm drm: fb0:  frame buffer device
[    3.587560] [drm] Initialized tegra 0.0.0 20120330 for drm on minor 0
[    3.599437] utmi_phy_clk_enable: timeout waiting for phy to stabilize
[    3.605930] tegra-ehci 7d004000.usb: EHCI Host Controller
[    3.611334] tegra-ehci 7d004000.usb: new USB bus registered, assigned bus number 1
[    3.619155] tegra-ehci 7d004000.usb: irq 343, io mem 0x7d004000
[    3.653611] tegra-ehci 7d004000.usb: USB 2.0 started, EHCI 1.00
[    3.660530] hub 1-0:1.0: USB hub found
[    3.664312] hub 1-0:1.0: 1 port detected
[    3.669429] tegra-ehci 7d008000.usb: EHCI Host Controller
[    3.674846] tegra-ehci 7d008000.usb: new USB bus registered, assigned bus number 2
[    3.682576] tegra-ehci 7d008000.usb: irq 344, io mem 0x7d008000
[    3.713606] tegra-ehci 7d008000.usb: USB 2.0 started, EHCI 1.00
[    3.720387] hub 2-0:1.0: USB hub found
[    3.724157] hub 2-0:1.0: 1 port detected
[    3.732663] tps65910-rtc tps65910-rtc: setting system clock to 2000-01-01 00:00:02 UTC (946684802)
[    3.742280] vdd_sata,avdd_plle: disabling
[    3.746651] usb1_vbus: disabling
[    3.751799] EXT4-fs (mmcblk1p1): mounting ext3 file system using the ext4 subsystem
[    3.767146] EXT4-fs (mmcblk1p1): warning: mounting fs with errors, running e2fsck is recommended
[    3.777357] EXT4-fs (mmcblk1p1): recovery complete
[    3.782144] EXT4-fs (mmcblk1p1): mounted filesystem with ordered data mode. Opts: (null)
[    3.790256] VFS: Mounted root (ext3 filesystem) on device 179:1.
[    3.806636] devtmpfs: mounted
[    3.812192] Freeing unused kernel memory: 2048K
bash: cannot set terminal process group (-1): Inappropriate ioctl for device
bash: no job control in this shell
root@(none):/# [    4.083633] usb 2-1: new high-speed USB device number 2 using tegra-ehci
[    4.743301] asix 2-1:1.0 eth1: register 'asix' at usb-7d008000.usb-1, ASIX AX88772 USB 2.0 Ethernet, 00:50:b6:0f:67:60
mount -t sysfs none /sys
root@(none):/# 
root@(none):/# mount -t debugfs none /sys/kernel/debug
root@(none):/# 
root@(none):/# rtcwake -d rtc1 -m mem -s 3
rtcwake: wakeup from "mem" using /dev/rtc1 at Thu Jan  1 00:00:22 1970
[    7.500865] PM: Syncing filesystems ... done.
[    7.513439] Freezing user space processes ... (elapsed 0.001 seconds) done.
[    7.521528] Freezing remaining freezable tasks ... (elapsed 0.001 seconds) done.
[    7.530151] Suspending console(s) (use no_console_suspend to debug)
[    7.617190] PM: suspend of devices complete after 79.931 msecs
[    7.618894] PM: late suspend of devices complete after 1.696 msecs
[    7.644287] PM: noirq suspend of devices complete after 25.385 msecs
[    7.644291] Disabling non-boot CPUs ...
[    7.775770] IRQ17 no longer affine to CPU3
[    7.825179] Entering suspend state LP1
[    7.825179] Suspended for 3.276 seconds
[    7.825193] Enabling non-boot CPUs ...
[    7.855442] CPU1 is up
[    7.895577] CPU2 is up
[    7.935806] CPU3 is up
[    7.936537] pcieport 0000:00:01.0: nv_msi_ht_cap_quirk didn't locate host bridge
[    7.963667] PM: noirq resume of devices complete after 27.852 msecs
[    7.965654] PM: early resume of devices complete after 1.564 msecs
[    8.520679] PM: resume of devices complete after 555.016 msecs
[    8.591919] Restarting tasks ... done.
root@(none):/# 
root@(none):/# rtcwake -d rtc1 -m mem -s 3
rtcwake: wakeup from "mem" using /dev/rtc1 at Thu Jan  1 00:00:27 1970
[    9.310317] PM: Syncing filesystems ... done.
[    9.322205] Freezing user space processes ... (elapsed 0.001 seconds) done.
[    9.330310] Freezing remaining freezable tasks ... (elapsed 0.001 seconds) done.
[    9.338918] Suspending console(s) (use no_console_suspend to debug)
[    9.384494] pci_generic_config_write32: 63 callbacks suppressed
[    9.384506] pci_bus 0000:00: 2-byte config write to 0000:00:01.0 offset 0x9c may corrupt adjacent RW1C bits
[    9.427137] PM: suspend of devices complete after 81.187 msecs
[    9.428822] PM: late suspend of devices complete after 1.677 msecs
[    9.429500] pci_bus 0000:01: 2-byte config write to 0000:01:00.0 offset 0x44 may corrupt adjacent RW1C bits
[    9.429515] pci_bus 0000:01: 2-byte config write to 0000:01:00.0 offset 0x44 may corrupt adjacent RW1C bits
[    9.454232] PM: noirq suspend of devices complete after 25.403 msecs
[    9.454235] Disabling non-boot CPUs ...
[    9.454584] IRQ17 no longer affine to CPU1
[    9.615020] Entering suspend state LP1
[    9.615020] Suspended for 3.210 seconds
[    9.615037] Enabling non-boot CPUs ...
[    9.645799] CPU1 is up
[    9.685938] CPU2 is up
[    9.726176] CPU3 is up
[    9.727002] pci_bus 0000:00: 2-byte config write to 0000:00:01.0 offset 0x4c may corrupt adjacent RW1C bits
[    9.727017] pci_bus 0000:00: 2-byte config write to 0000:00:01.0 offset 0x88 may corrupt adjacent RW1C bits
[    9.727022] pci_bus 0000:00: 2-byte config write to 0000:00:01.0 offset 0x90 may corrupt adjacent RW1C bits
[    9.727027] pci_bus 0000:00: 2-byte config write to 0000:00:01.0 offset 0x98 may corrupt adjacent RW1C bits
[    9.727032] pci_bus 0000:00: 2-byte config write to 0000:00:01.0 offset 0x9c may corrupt adjacent RW1C bits
[    9.727056] pci_bus 0000:00: 2-byte config write to 0000:00:01.0 offset 0x52 may corrupt adjacent RW1C bits
[    9.727064] pci_bus 0000:00: 2-byte config write to 0000:00:01.0 offset 0x52 may corrupt adjacent RW1C bits
[    9.727092] pcieport 0000:00:01.0: nv_msi_ht_cap_quirk didn't locate host bridge
[    9.753643] PM: noirq resume of devices complete after 27.456 msecs
[    9.755610] PM: early resume of devices complete after 1.472 msecs
[   10.310111] PM: resume of devices complete after 554.490 msecs
[   10.484770] Restarting tasks ... done.
root@(none):/# 
root@(none):/# rtcwake -d rtc1 -m mem -s 3
rtcwake: wakeup from "mem" using /dev/rtc1 at Thu Jan  1 00:00:32 1970
[   11.091071] PM: Syncing filesystems ... done.
[   11.105178] Freezing user space processes ... (elapsed 0.001 seconds) done.
[   11.113304] Freezing remaining freezable tasks ... (elapsed 0.001 seconds) done.
[   11.121988] Suspending console(s) (use no_console_suspend to debug)
[   11.207063] PM: suspend of devices complete after 77.784 msecs
[   11.208751] PM: late suspend of devices complete after 1.678 msecs
[   11.234377] PM: noirq suspend of devices complete after 25.617 msecs
[   11.234382] Disabling non-boot CPUs ...
[   11.234832] IRQ17 no longer affine to CPU1
[   11.415276] Entering suspend state LP1
[   11.415276] Suspended for 3.199 seconds
[   11.415293] Enabling non-boot CPUs ...
[   11.445740] CPU1 is up
[   11.485849] CPU2 is up
[   11.526121] CPU3 is up
[   11.527074] pcieport 0000:00:01.0: nv_msi_ht_cap_quirk didn't locate host bridge
[   11.563629] PM: noirq resume of devices complete after 37.498 msecs
[   11.565484] PM: early resume of devices complete after 1.529 msecs
[   12.126545] PM: resume of devices complete after 561.047 msecs
[   12.198052] Restarting tasks ... done.
root@(none):/# 
root@(none):/# rtcwake -d rtc1 -m mem -s 3
rtcwake: wakeup from "mem" using /dev/rtc1 at Thu Jan  1 00:00:37 1970
[   12.875431] PM: Syncing filesystems ... done.
[   12.889004] Freezing user space processes ... (elapsed 0.001 seconds) done.
[   12.897154] Freezing remaining freezable tasks ... (elapsed 0.001 seconds) done.
[   12.905826] Suspending console(s) (use no_console_suspend to debug)
[   12.986535] PM: suspend of devices complete after 73.440 msecs
[   12.988733] PM: late suspend of devices complete after 2.188 msecs
[   13.014326] PM: noirq suspend of devices complete after 25.585 msecs
[   13.014331] Disabling non-boot CPUs ...
[   13.014788] IRQ17 no longer affine to CPU1
[   13.175281] Entering suspend state LP1
[   13.175281] Suspended for 3.239 seconds
[   13.175298] Enabling non-boot CPUs ...
[   13.205751] CPU1 is up
[   13.245865] CPU2 is up
[   13.286093] CPU3 is up
[   13.287004] pcieport 0000:00:01.0: nv_msi_ht_cap_quirk didn't locate host bridge
[   13.313585] PM: noirq resume of devices complete after 27.481 msecs
[   13.315343] PM: early resume of devices complete after 1.273 msecs
[   13.869116] PM: resume of devices complete after 553.761 msecs
[   13.940651] Restarting tasks ... done.
root@(none):/# 
root@(none):/# rtcwake -d rtc1 -m mem -s 3
rtcwake: wakeup from "mem" using /dev/rtc1 at Thu Jan  1 00:00:42 1970
[   14.651017] PM: Syncing filesystems ... done.
[   14.665129] Freezing user space processes ... (elapsed 0.001 seconds) done.
[   14.673271] Freezing remaining freezable tasks ... (elapsed 0.001 seconds) done.
[   14.681941] Suspending console(s) (use no_console_suspend to debug)
[   14.724678] pci_generic_config_write32: 65 callbacks suppressed
[   14.724694] pci_bus 0000:00: 2-byte config write to 0000:00:01.0 offset 0x9c may corrupt adjacent RW1C bits
[   14.766496] PM: suspend of devices complete after 77.280 msecs
[   14.767710] PM: late suspend of devices complete after 1.203 msecs
[   14.768301] pci_bus 0000:01: 2-byte config write to 0000:01:00.0 offset 0x44 may corrupt adjacent RW1C bits
[   14.768323] pci_bus 0000:01: 2-byte config write to 0000:01:00.0 offset 0x44 may corrupt adjacent RW1C bits
[   14.794309] PM: noirq suspend of devices complete after 26.590 msecs
[   14.794315] Disabling non-boot CPUs ...
[   14.794773] IRQ17 no longer affine to CPU1
[   14.975248] Entering suspend state LP1
[   14.975248] Suspended for 3.200 seconds
[   14.975265] Enabling non-boot CPUs ...
[   15.005675] CPU1 is up
[   15.045839] CPU2 is up
[   15.086080] CPU3 is up
[   15.086943] pci_bus 0000:00: 2-byte config write to 0000:00:01.0 offset 0x4c may corrupt adjacent RW1C bits
[   15.086957] pci_bus 0000:00: 2-byte config write to 0000:00:01.0 offset 0x88 may corrupt adjacent RW1C bits
[   15.086964] pci_bus 0000:00: 2-byte config write to 0000:00:01.0 offset 0x90 may corrupt adjacent RW1C bits
[   15.086969] pci_bus 0000:00: 2-byte config write to 0000:00:01.0 offset 0x98 may corrupt adjacent RW1C bits
[   15.086974] pci_bus 0000:00: 2-byte config write to 0000:00:01.0 offset 0x9c may corrupt adjacent RW1C bits
[   15.086997] pci_bus 0000:00: 2-byte config write to 0000:00:01.0 offset 0x52 may corrupt adjacent RW1C bits
[   15.087006] pci_bus 0000:00: 2-byte config write to 0000:00:01.0 offset 0x52 may corrupt adjacent RW1C bits
[   15.087035] pcieport 0000:00:01.0: nv_msi_ht_cap_quirk didn't locate host bridge
[   15.113568] PM: noirq resume of devices complete after 27.475 msecs
[   15.114905] PM: early resume of devices complete after 0.849 msecs
[   15.675431] PM: resume of devices complete after 560.513 msecs
[   15.850116] Restarting tasks ... done.
root@(none):/# 
root@(none):/# rtcwake -d rtc1 -m mem -s 3
rtcwake: wakeup from "mem" using /dev/rtc1 at Thu Jan  1 00:00:47 1970
[   16.453273] PM: Syncing filesystems ... done.
[   16.467862] Freezing user space processes ... (elapsed 0.001 seconds) done.
[   16.476006] Freezing remaining freezable tasks ... (elapsed 0.001 seconds) done.
[   16.484672] Suspending console(s) (use no_console_suspend to debug)
[   16.569495] PM: suspend of devices complete after 77.545 msecs
[   16.573205] PM: late suspend of devices complete after 3.701 msecs
[   16.604277] PM: noirq suspend of devices complete after 31.062 msecs
[   16.604283] Disabling non-boot CPUs ...
[   16.726259] IRQ17 no longer affine to CPU3
[   16.775704] Entering suspend state LP1
[   16.775704] Suspended for 3.199 seconds
[   16.775723] Enabling non-boot CPUs ...
[   16.805730] CPU1 is up
[   16.845863] CPU2 is up
[   16.886108] CPU3 is up
[   16.887030] pcieport 0000:00:01.0: nv_msi_ht_cap_quirk didn't locate host bridge
[   16.913509] PM: noirq resume of devices complete after 27.390 msecs
[   16.916438] PM: early resume of devices complete after 2.419 msecs
[   17.472166] PM: resume of devices complete after 555.713 msecs
[   17.543734] Restarting tasks ... done.
root@(none):/# 
root@(none):/# rtcwake -d rtc1 -m mem -s 3
rtcwake: wakeup from "mem" using /dev/rtc1 at Thu Jan  1 00:00:52 1970
[   18.252085] PM: Syncing filesystems ... done.
[   18.266261] Freezing user space processes ... (elapsed 0.001 seconds) done.
[   18.274414] Freezing remaining freezable tasks ... (elapsed 0.001 seconds) done.
[   18.283075] Suspending console(s) (use no_console_suspend to debug)
[   18.366427] PM: suspend of devices complete after 76.075 msecs
[   18.367662] PM: late suspend of devices complete after 1.228 msecs
[   18.394272] PM: noirq suspend of devices complete after 26.599 msecs
[   18.394275] Disabling non-boot CPUs ...
[   18.394726] IRQ17 no longer affine to CPU1
[   18.575188] Entering suspend state LP1
[   18.575188] Suspended for 3.200 seconds
[   18.575206] Enabling non-boot CPUs ...
[   18.605606] CPU1 is up
[   18.645782] CPU2 is up
[   18.686044] CPU3 is up
[   18.686956] pcieport 0000:00:01.0: nv_msi_ht_cap_quirk didn't locate host bridge
[   18.713479] PM: noirq resume of devices complete after 27.422 msecs
[   18.714835] PM: early resume of devices complete after 0.870 msecs
[   19.275356] PM: resume of devices complete after 560.507 msecs
[   19.346925] Restarting tasks ... done.
root@(none):/# 
root@(none):/# rtcwake -d rtc1 -m mem -s 3
rtcwake: wakeup from "mem" using /dev/rtc1 at Thu Jan  1 00:00:57 1970
[   20.052181] PM: Syncing filesystems ... done.
[   20.066296] Freezing user space processes ... (elapsed 0.001 seconds) done.
[   20.074454] Freezing remaining freezable tasks ... (elapsed 0.001 seconds) done.
[   20.083112] Suspending console(s) (use no_console_suspend to debug)
[   20.124576] pci_generic_config_write32: 65 callbacks suppressed
[   20.124592] pci_bus 0000:00: 2-byte config write to 0000:00:01.0 offset 0x9c may corrupt adjacent RW1C bits
[   20.166901] PM: suspend of devices complete after 76.510 msecs
[   20.169636] PM: late suspend of devices complete after 2.727 msecs
[   20.170148] pci_bus 0000:01: 2-byte config write to 0000:01:00.0 offset 0x44 may corrupt adjacent RW1C bits
[   20.170166] pci_bus 0000:01: 2-byte config write to 0000:01:00.0 offset 0x44 may corrupt adjacent RW1C bits
[   20.194192] PM: noirq suspend of devices complete after 24.546 msecs
[   20.194198] Disabling non-boot CPUs ...
[   20.194652] IRQ17 no longer affine to CPU1
[   20.375140] Entering suspend state LP1
[   20.375140] Suspended for 3.200 seconds
[   20.375157] Enabling non-boot CPUs ...
[   20.405572] CPU1 is up
[   20.445760] CPU2 is up
[   20.486016] CPU3 is up
[   20.486856] pci_bus 0000:00: 2-byte config write to 0000:00:01.0 offset 0x4c may corrupt adjacent RW1C bits
[   20.486870] pci_bus 0000:00: 2-byte config write to 0000:00:01.0 offset 0x88 may corrupt adjacent RW1C bits
[   20.486877] pci_bus 0000:00: 2-byte config write to 0000:00:01.0 offset 0x90 may corrupt adjacent RW1C bits
[   20.486882] pci_bus 0000:00: 2-byte config write to 0000:00:01.0 offset 0x98 may corrupt adjacent RW1C bits
[   20.486889] pci_bus 0000:00: 2-byte config write to 0000:00:01.0 offset 0x9c may corrupt adjacent RW1C bits
[   20.486914] pci_bus 0000:00: 2-byte config write to 0000:00:01.0 offset 0x52 may corrupt adjacent RW1C bits
[   20.486922] pci_bus 0000:00: 2-byte config write to 0000:00:01.0 offset 0x52 may corrupt adjacent RW1C bits
[   20.486951] pcieport 0000:00:01.0: nv_msi_ht_cap_quirk didn't locate host bridge
[   20.513446] PM: noirq resume of devices complete after 27.419 msecs
[   20.514803] PM: early resume of devices complete after 0.858 msecs
[   21.075290] PM: resume of devices complete after 560.471 msecs
[   21.249896] Restarting tasks ... done.
root@(none):/# 
root@(none):/# rtcwake -d rtc1 -m mem -s 3
rtcwake: wakeup from "mem" using /dev/rtc1 at Thu Jan  1 00:01:02 1970
[   21.851925] PM: Syncing filesystems ... done.
[   21.866050] Freezing user space processes ... (elapsed 0.001 seconds) done.
[   21.874209] Freezing remaining freezable tasks ... (elapsed 0.001 seconds) done.
[   21.882868] Suspending console(s) (use no_console_suspend to debug)
[   21.966362] PM: suspend of devices complete after 76.210 msecs
[   21.967542] PM: late suspend of devices complete after 1.172 msecs
[   21.994189] PM: noirq suspend of devices complete after 26.633 msecs
[   21.994193] Disabling non-boot CPUs ...
[   21.994658] IRQ17 no longer affine to CPU1
[   22.175126] Entering suspend state LP1
[   22.175126] Suspended for 3.199 seconds
[   22.175143] Enabling non-boot CPUs ...
[   22.205558] CPU1 is up
[   22.245727] CPU2 is up
[   22.285964] CPU3 is up
[   22.286922] pcieport 0000:00:01.0: nv_msi_ht_cap_quirk didn't locate host bridge
[   22.313410] PM: noirq resume of devices complete after 27.435 msecs
[   22.315331] PM: early resume of devices complete after 1.424 msecs
[   22.875343] PM: resume of devices complete after 559.999 msecs
[   22.946921] Restarting tasks ... done.
root@(none):/# 
root@(none):/# rtcwake -d rtc1 -m mem -s 3
rtcwake: wakeup from "mem" using /dev/rtc1 at Thu Jan  1 00:01:07 1970
[   23.650989] PM: Syncing filesystems ... done.
[   23.664585] Freezing user space processes ... (elapsed 0.001 seconds) done.
[   23.672722] Freezing remaining freezable tasks ... (elapsed 0.001 seconds) done.
[   23.681386] Suspending console(s) (use no_console_suspend to debug)
[   23.766843] PM: suspend of devices complete after 78.173 msecs
[   23.769045] PM: late suspend of devices complete after 2.193 msecs
[   23.794128] PM: noirq suspend of devices complete after 25.072 msecs
[   23.794134] Disabling non-boot CPUs ...
[   23.794585] IRQ17 no longer affine to CPU1
[   23.955125] Entering suspend state LP1
[   23.955125] Suspended for 3.219 seconds
[   23.955142] Enabling non-boot CPUs ...
[   23.985550] CPU1 is up
[   24.025725] CPU2 is up
[   24.065925] CPU3 is up
[   24.066810] pcieport 0000:00:01.0: nv_msi_ht_cap_quirk didn't locate host bridge
[   24.093378] PM: noirq resume of devices complete after 27.440 msecs
[   24.095243] PM: early resume of devices complete after 1.371 msecs
[   24.655782] PM: resume of devices complete after 560.529 msecs
[   24.727344] Restarting tasks ... done.
root@(none):/# 
root@(none):/# NVTB SYSTEM SUSPEND TEST COMPLETE
