

U-Boot 2015.04-00466-gedec83e90172 (Mar 14 2016 - 10:42:01)

TEGRA124
Model: Acer Chromebook 13 CB5-311
DRAM:  4 GiB
C:   Tegra SD/MMC: 0, Tegra SD/MMC: 1, Tegra SD/MMC: 2
MMC init failed
Using default environment

In:    serial
Out:   serial
Err:   serial
Net:   Net Initialization Skipped
No ethernet found.
Hit any key to stop autoboot:  2  1  0 
Tegra124 (Nyan-big) # 
Tegra124 (Nyan-big) # usb start
starting USB...
USB0:   USB EHCI 1.10
scanning bus 0 for devices... 2 USB Device(s) found
USB1:   USB EHCI 1.10
scanning bus 1 for devices... 2 USB Device(s) found
       scanning usb for storage devices... 1 Storage Device(s) found
       scanning usb for ethernet devices... 
Warning: asx0 using MAC address from net device
1 Ethernet Device(s) found
Tegra124 (Nyan-big) # mw 0x7000e4a0 0x00080000
Tegra124 (Nyan-big) # setenv bootargs 'ignore_loglevel console=ttyS0,115200n8 rw root=PARTUUID=4d36e82a-b3c0-4b4b-bfcd-afe5217ac023 rootwait gpt debug noinitrd earlyprintk init=/bin/bash'
Tegra124 (Nyan-big) # setenv ipaddr 192.168.100.102; setenv serverip 192.168.100.1; setenv tftpserverip 192.168.100.1
Tegra124 (Nyan-big) # tftpboot 0x82000000 zImage.multi_v7_defconfig
Using asx0 device
TFTP from server 192.168.100.1; our IP address is 192.168.100.102
Filename 'zImage.multi_v7_defconfig'.
Load address: 0x82000000
Loading: *#################################################################
	 #################################################################
	 #################################################################
	 #################################################################
	 #################################################################
	 #################################################################
	 #################################################################
	 #################################################################
	 ####################################
	 3.6 MiB/s
done
Bytes transferred = 8159752 (7c8208 hex)
Tegra124 (Nyan-big) # tftpboot 0x83000000 tegra124-nyan-big.dtb
Using asx0 device
TFTP from server 192.168.100.1; our IP address is 192.168.100.102
Filename 'tegra124-nyan-big.dtb'.
Load address: 0x83000000
Loading: *#####
	 3.6 MiB/s
done
Bytes transferred = 68203 (10a6b hex)
Tegra124 (Nyan-big) # bootz 0x82000000 - 0x83000000
Kernel image @ 0x82000000 [ 0x000000 - 0x7c8200 ]
## Flattened Device Tree blob at 83000000
   Booting using the fdt blob at 0x83000000
   Using Device Tree in place at 83000000, end 83013a6a

Starting kernel ...

[    0.000000] Booting Linux on physical CPU 0x0
[    0.000000] Linux version 4.14.0-rc7-201379-g0b07194 (jonathanh@sellafield) (gcc version 4.7.3 20130328 (prerelease) (crosstool-NG linaro-1.13.1-4.7-2013.04-20130415 - Linaro GCC 2013.04)) #1 SMP Mon Oct 30 06:34:01 PDT 2017
[    0.000000] CPU: ARMv7 Processor [413fc0f3] revision 3 (ARMv7), cr=10c5387d
[    0.000000] CPU: div instructions available: patching division code
[    0.000000] CPU: PIPT / VIPT nonaliasing data cache, PIPT instruction cache
[    0.000000] OF: fdt: Machine model: Acer Chromebook 13 CB5-311
[    0.000000] OF: fdt: Ignoring memory range 0x100000000 - 0x17ffff000
[    0.000000] debug: ignoring loglevel setting.
[    0.000000] Memory policy: Data cache writealloc
[    0.000000] efi: Getting EFI parameters from FDT:
[    0.000000] efi: UEFI not found.
[    0.000000] cma: Reserved 64 MiB at 0xfb800000
[    0.000000] On node 0 totalpages: 524287
[    0.000000] free_area_init_node: node 0, pgdat c158fa40, node_mem_map eeff8000
[    0.000000]   DMA zone: 1536 pages used for memmap
[    0.000000]   DMA zone: 0 pages reserved
[    0.000000]   DMA zone: 196608 pages, LIFO batch:31
[    0.000000]   HighMem zone: 327679 pages, LIFO batch:31
[    0.000000] random: fast init done
[    0.000000] percpu: Embedded 17 pages/cpu @eef81000 s39424 r8192 d22016 u69632
[    0.000000] pcpu-alloc: s39424 r8192 d22016 u69632 alloc=17*4096
[    0.000000] pcpu-alloc: [0] 0 [0] 1 [0] 2 [0] 3 
[    0.000000] Built 1 zonelists, mobility grouping on.  Total pages: 522751
[    0.000000] Kernel command line: ignore_loglevel console=ttyS0,115200n8 rw root=PARTUUID=4d36e82a-b3c0-4b4b-bfcd-afe5217ac023 rootwait gpt debug noinitrd earlyprintk init=/bin/bash
[    0.000000] PID hash table entries: 4096 (order: 2, 16384 bytes)
[    0.000000] Dentry cache hash table entries: 131072 (order: 7, 524288 bytes)
[    0.000000] Inode-cache hash table entries: 65536 (order: 6, 262144 bytes)
[    0.000000] Memory: 1994372K/2097148K available (10240K kernel code, 1631K rwdata, 4504K rodata, 2048K init, 406K bss, 37240K reserved, 65536K cma-reserved, 1245180K highmem)
[    0.000000] Virtual kernel memory layout:
[    0.000000]     vector  : 0xffff0000 - 0xffff1000   (   4 kB)
[    0.000000]     fixmap  : 0xffc00000 - 0xfff00000   (3072 kB)
[    0.000000]     vmalloc : 0xf0800000 - 0xff800000   ( 240 MB)
[    0.000000]     lowmem  : 0xc0000000 - 0xf0000000   ( 768 MB)
[    0.000000]     pkmap   : 0xbfe00000 - 0xc0000000   (   2 MB)
[    0.000000]     modules : 0xbf000000 - 0xbfe00000   (  14 MB)
[    0.000000]       .text : 0xc0208000 - 0xc0d00000   (11232 kB)
[    0.000000]       .init : 0xc1200000 - 0xc1400000   (2048 kB)
[    0.000000]       .data : 0xc1400000 - 0xc1597ee8   (1632 kB)
[    0.000000]        .bss : 0xc15a0b9c - 0xc16064fc   ( 407 kB)
[    0.000000] SLUB: HWalign=64, Order=0-3, MinObjects=0, CPUs=4, Nodes=1
[    0.000000] Hierarchical RCU implementation.
[    0.000000] 	RCU event tracing is enabled.
[    0.000000] 	RCU restricting CPUs from NR_CPUS=16 to nr_cpu_ids=4.
[    0.000000] RCU: Adjusting geometry for rcu_fanout_leaf=16, nr_cpu_ids=4
[    0.000000] NR_IRQS: 16, nr_irqs: 16, preallocated irqs: 16
[    0.000000] /interrupt-controller@60004000: 160 interrupts forwarded to /interrupt-controller@50041000
[    0.000000] Tegra clk 127: register failed with -17
[    0.000003] sched_clock: 32 bits at 1000kHz, resolution 1000ns, wraps every 2147483647500ns
[    0.000011] clocksource: timer_us: mask: 0xffffffff max_cycles: 0xffffffff, max_idle_ns: 1911260446275 ns
[    0.000017] Switching to timer-based delay loop, resolution 1000ns
[    0.001889] arch_timer: cp15 timer(s) running at 12.00MHz (virt).
[    0.001896] clocksource: arch_sys_counter: mask: 0xffffffffffffff max_cycles: 0x2c47f4ee7, max_idle_ns: 440795202497 ns
[    0.001904] sched_clock: 56 bits at 12MHz, resolution 83ns, wraps every 4398046511096ns
[    0.001909] Switching to timer-based delay loop, resolution 83ns
[    0.002121] Console: colour dummy device 80x30
[    0.002136] Calibrating delay loop (skipped), value calculated using timer frequency.. 24.00 BogoMIPS (lpj=120000)
[    0.002143] pid_max: default: 32768 minimum: 301
[    0.002183] Mount-cache hash table entries: 2048 (order: 1, 8192 bytes)
[    0.002189] Mountpoint-cache hash table entries: 2048 (order: 1, 8192 bytes)
[    0.002391] CPU: Testing write buffer coherency: ok
[    0.002515] /cpus/cpu@0 missing clock-frequency property
[    0.002530] /cpus/cpu@1 missing clock-frequency property
[    0.002545] /cpus/cpu@2 missing clock-frequency property
[    0.002560] /cpus/cpu@3 missing clock-frequency property
[    0.002566] CPU0: thread -1, cpu 0, socket 0, mpidr 80000000
[    0.002686] Setting up static identity map for 0x80300000 - 0x803000a0
[    0.003403] Hierarchical SRCU implementation.
[    0.004101] Tegra Revision: A01 SKU: 131 CPU Process: 1 SoC Process: 1
[    0.004379] EFI services will not be available.
[    0.004438] smp: Bringing up secondary CPUs ...
[    0.004666] CPU1: thread -1, cpu 1, socket 0, mpidr 80000001
[    0.012100] CPU2: thread -1, cpu 2, socket 0, mpidr 80000002
[    0.022111] CPU3: thread -1, cpu 3, socket 0, mpidr 80000003
[    0.031890] smp: Brought up 1 node, 4 CPUs
[    0.031898] SMP: Total of 4 processors activated (96.00 BogoMIPS).
[    0.031902] CPU: All CPU(s) started in SVC mode.
[    0.032460] devtmpfs: initialized
[    0.037412] VFP support v0.3: implementor 41 architecture 4 part 30 variant f rev 0
[    0.037601] clocksource: jiffies: mask: 0xffffffff max_cycles: 0xffffffff, max_idle_ns: 19112604462750000 ns
[    0.037610] futex hash table entries: 1024 (order: 4, 65536 bytes)
[    0.038176] pinctrl core: initialized pinctrl subsystem
[    0.038804] DMI not present or invalid.
[    0.038910] NET: Registered protocol family 16
[    0.039660] DMA: preallocated 256 KiB pool for atomic coherent allocations
[    0.040546] cpuidle: using governor menu
[    0.048822] No ATAGs?
[    0.048877] hw-breakpoint: found 5 (+1 reserved) breakpoint and 4 watchpoint registers.
[    0.048883] hw-breakpoint: maximum watchpoint size is 8 bytes.
[    0.051676] Serial: AMBA PL011 UART driver
[    0.052044] tegra-mc 70019000.memory-controller: no memory timings for RAM code 0 registered
[    0.052158] iommu: Adding device reg-dummy to group 0
[    0.052186] iommu: Adding device 50000000.host1x to group 1
[    0.052211] iommu: Adding device 54200000.dc to group 2
[    0.052235] iommu: Adding device 54240000.dc to group 3
[    0.052249] iommu: Adding device 54280000.hdmi to group 4
[    0.052260] iommu: Adding device 54540000.sor to group 5
[    0.052274] iommu: Adding device 545c0000.dpaux to group 6
[    0.052298] iommu: Adding device 57000000.gpu to group 7
[    0.052309] iommu: Adding device 60005000.timer to group 8
[    0.052320] iommu: Adding device 60007000.flow-controller to group 9
[    0.052332] iommu: Adding device 6000c800.actmon to group 10
[    0.052343] iommu: Adding device 6000d000.gpio to group 11
[    0.052356] iommu: Adding device 60020000.dma to group 12
[    0.052366] iommu: Adding device 70000800.apbmisc to group 13
[    0.052378] iommu: Adding device 70000868.pinmux to group 14
[    0.052389] iommu: Adding device 70006000.serial to group 15
[    0.052402] iommu: Adding device 7000a000.pwm to group 16
[    0.052413] iommu: Adding device 7000c000.i2c to group 17
[    0.052424] iommu: Adding device 7000c400.i2c to group 18
[    0.052435] iommu: Adding device 7000c500.i2c to group 19
[    0.052448] iommu: Adding device 7000c700.i2c to group 20
[    0.052460] iommu: Adding device 7000d000.i2c to group 21
[    0.052472] iommu: Adding device 7000d400.spi to group 22
[    0.052483] iommu: Adding device 7000da00.spi to group 23
[    0.052494] iommu: Adding device 7000e000.rtc to group 24
[    0.052505] iommu: Adding device 7000e400.pmc to group 25
[    0.052516] iommu: Adding device 7000f800.fuse to group 26
[    0.052530] iommu: Adding device 70019000.memory-controller to group 27
[    0.052542] iommu: Adding device 7001b000.emc to group 28
[    0.052554] iommu: Adding device 70030000.hda to group 29
[    0.052566] iommu: Adding device 70090000.usb to group 30
[    0.052577] iommu: Adding device 7009f000.padctl to group 31
[    0.052588] iommu: Adding device 700b0000.sdhci to group 32
[    0.052599] iommu: Adding device 700b0400.sdhci to group 33
[    0.052610] iommu: Adding device 700b0600.sdhci to group 34
[    0.052621] iommu: Adding device 700e2000.thermal-sensor to group 35
[    0.052632] iommu: Adding device 70300000.ahub to group 36
[    0.052644] iommu: Adding device pmu to group 37
[    0.052657] iommu: Adding device timer to group 38
[    0.052668] iommu: Adding device sdhci0_pwrseq to group 39
[    0.052679] iommu: Adding device backlight to group 40
[    0.052690] iommu: Adding device clocks to group 41
[    0.052701] iommu: Adding device gpio-keys to group 42
[    0.052711] iommu: Adding device regulators to group 43
[    0.052723] iommu: Adding device regulators:regulator@0 to group 44
[    0.052734] iommu: Adding device regulators:regulator@1 to group 45
[    0.052747] iommu: Adding device regulators:regulator@2 to group 46
[    0.052758] iommu: Adding device regulators:regulator@3 to group 47
[    0.052772] iommu: Adding device regulators:regulator@4 to group 48
[    0.052783] iommu: Adding device regulators:regulator@5 to group 49
[    0.052794] iommu: Adding device regulators:regulator@6 to group 50
[    0.052805] iommu: Adding device regulators:regulator@7 to group 51
[    0.052817] iommu: Adding device regulators:regulator@8 to group 52
[    0.052829] iommu: Adding device regulators:regulator@9 to group 53
[    0.052842] iommu: Adding device regulators:regulator@10 to group 54
[    0.052853] iommu: Adding device regulators:regulator@11 to group 55
[    0.052863] iommu: Adding device regulators:regulator@12 to group 56
[    0.052874] iommu: Adding device sound to group 57
[    0.052885] iommu: Adding device gpio-restart to group 58
[    0.052898] iommu: Adding device panel to group 59
[    0.057960] AT91: Could not find identification node
[    0.058169] +5V_SYS: supplied by +VDD_MUX
[    0.058268] +3.3V_SYS: supplied by +VDD_MUX
[    0.058484] +VDD_LED: Failed to request enable GPIO122: -517
[    0.058489] reg-fixed-voltage regulators:regulator@5: Failed to register regulator: -517
[    0.058524] +5V_VDD_TS_SW: Failed to request enable GPIO81: -517
[    0.058529] reg-fixed-voltage regulators:regulator@6: Failed to register regulator: -517
[    0.058562] +5V_USB_HS: Failed to request enable GPIO108: -517
[    0.058567] reg-fixed-voltage regulators:regulator@7: Failed to register regulator: -517
[    0.058600] +5V_USB_SS: Failed to request enable GPIO109: -517
[    0.058605] reg-fixed-voltage regulators:regulator@8: Failed to register regulator: -517
[    0.058695] +1.05V_RUN_AVDD_HDMI_PLL: Failed to request enable GPIO63: -517
[    0.058700] reg-fixed-voltage regulators:regulator@11: Failed to register regulator: -517
[    0.058734] +5V_HDMI_CON: Failed to request enable GPIO86: -517
[    0.058738] reg-fixed-voltage regulators:regulator@12: Failed to register regulator: -517
[    0.059714] vgaarb: loaded
[    0.059975] SCSI subsystem initialized
[    0.060045] libata version 3.00 loaded.
[    0.060120] usbcore: registered new interface driver usbfs
[    0.060138] usbcore: registered new interface driver hub
[    0.060159] usbcore: registered new device driver usb
[    0.061422] pps_core: LinuxPPS API ver. 1 registered
[    0.061427] pps_core: Software ver. 5.3.6 - Copyright 2005-2007 Rodolfo Giometti <giometti@linux.it>
[    0.061434] PTP clock support registered
[    0.061499] EDAC MC: Ver: 3.0.0
[    0.061596] dmi: Firmware registration failed.
[    0.061905] tegra-emc 7001b000.emc: no memory timings for RAM code 0 found in DT
[    0.061915] tegra-emc: probe of 7001b000.emc failed with error -2
[    0.062336] clocksource: Switched to clocksource arch_sys_counter
[    0.081692] NET: Registered protocol family 2
[    0.081887] TCP established hash table entries: 8192 (order: 3, 32768 bytes)
[    0.081921] TCP bind hash table entries: 8192 (order: 4, 65536 bytes)
[    0.081983] TCP: Hash tables configured (established 8192 bind 8192)
[    0.082018] UDP hash table entries: 512 (order: 2, 16384 bytes)
[    0.082032] UDP-Lite hash table entries: 512 (order: 2, 16384 bytes)
[    0.082092] NET: Registered protocol family 1
[    0.082240] RPC: Registered named UNIX socket transport module.
[    0.082245] RPC: Registered udp transport module.
[    0.082248] RPC: Registered tcp transport module.
[    0.082251] RPC: Registered tcp NFSv4.1 backchannel transport module.
[    0.082256] PCI: CLS 0 bytes, default 64
[    0.082848] hw perfevents: enabled with armv7_cortex_a15 PMU driver, 7 counters available
[    0.083129] iommu: Adding device alarmtimer to group 60
[    0.083492] workingset: timestamp_bits=30 max_order=19 bucket_order=0
[    0.085464] squashfs: version 4.0 (2009/01/31) Phillip Lougher
[    0.085675] NFS: Registering the id_resolver key type
[    0.085688] Key type id_resolver registered
[    0.085691] Key type id_legacy registered
[    0.085708] ntfs: driver 2.1.32 [Flags: R/O].
[    0.086237] bounce: pool size: 64 pages
[    0.086255] Block layer SCSI generic (bsg) driver version 0.4 loaded (major 248)
[    0.086260] io scheduler noop registered
[    0.086264] io scheduler deadline registered
[    0.086335] io scheduler cfq registered (default)
[    0.086339] io scheduler mq-deadline registered
[    0.086342] io scheduler kyber registered
[    0.087610] tegra-xusb-padctl 7009f000.padctl: failed to setup XUSB ports: -517
[    0.098028] tegra-apbdma 60020000.dma: Tegra20 APB DMA driver register 32 channels
[    0.099036] tegra-pmc 7000e400.pmc: i2c-thermtrip node not found, emergency thermal reset disabled.
[    0.116169] Serial: 8250/16550 driver, 4 ports, IRQ sharing disabled
[    0.116211] iommu: Adding device serial8250 to group 61
[    0.117234] console [ttyS0] disabled
[    0.117252] 70006000.serial: ttyS0 at MMIO 0x70006000 (irq = 333, base_baud = 25500000) is a Tegra
[    1.364854] console [ttyS0] enabled
[    1.368638] SuperH (H)SCI(F) driver initialized
[    1.373528] msm_serial: driver initialized
[    1.377675] STMicroelectronics ASC driver initialized
[    1.385048] tegra-hdmi 54280000.hdmi: failed to get HDMI regulator
[    1.391583] tegra-dpaux 545c0000.dpaux: failed to get VDD supply: -517
[    1.399007] panel-simple panel: panel supply power not found, using dummy regulator
[    1.409309] brd: module loaded
[    1.414717] loop: module loaded
[    1.418748] as3722 4-0040: AS3722 with revision 0x1 found
[    1.425262] iommu: Adding device as3722-pinctrl to group 62
[    1.432143] iommu: Adding device as3722-regulator to group 63
[    1.439997] as3722-sd2: supplied by +5V_SYS
[    1.444408] as3722-sd3: supplied by +5V_SYS
[    1.448734] +1.35V_LP0(sd3): Bringing 0uV into 1350000-1350000uV
[    1.454952] as3722-sd4: supplied by +5V_SYS
[    1.459282] +1.05V_RUN: Bringing 0uV into 1050000-1050000uV
[    1.465011] as3722-sd5: supplied by +5V_SYS
[    1.470566] as3722-ldo0: supplied by +1.35V_LP0(sd2)
[    1.476287] +1.8V_RUN_CAM: Bringing 0uV into 1800000-1800000uV
[    1.482286] as3722-ldo2: supplied by +1.8V_VDDIO
[    1.487889] as3722-ldo3: supplied by +3.3V_SYS
[    1.492341] +1.00V_LP0_VDD_RTC: Bringing 1100000uV into 1000000-1000000uV
[    1.499896] as3722-ldo4: supplied by +3.3V_SYS
[    1.504499] +3.3V_RUN_CAM: Bringing 0uV into 2800000-2800000uV
[    1.510495] as3722-ldo5: supplied by +1.8V_VDDIO
[    1.515269] +1.2V_RUN_CAM_FRONT: Bringing 0uV into 1200000-1200000uV
[    1.521937] +VDDIO_SDMMC3: Bringing 0uV into 1800000-1800000uV
[    1.527954] as3722-ldo7: supplied by +1.8V_VDDIO
[    1.532725] +1.05V_RUN_CAM_REAR: Bringing 0uV into 1050000-1050000uV
[    1.539257] as3722-ldo9: supplied by +5V_SYS
[    1.543826] +2.8V_RUN_TOUCH: Bringing 0uV into 2800000-2800000uV
[    1.550014] as3722-ldo10: supplied by +5V_SYS
[    1.554524] +2.8V_RUN_CAM_AF: Bringing 0uV into 2800000-2800000uV
[    1.560943] +1.8V_RUN_VPP_FUSE: Bringing 0uV into 1800000-1800000uV
[    1.567437] iommu: Adding device as3722-rtc to group 64
[    1.572794] iommu: Adding device as3722-adc to group 65
[    1.578108] iommu: Adding device as3722-power-off to group 66
[    1.583952] iommu: Adding device as3722-wdt to group 67
[    1.600915] m25p80 spi1.0: w25q32dw (4096 Kbytes)
[    1.606400] iommu: Adding device Fixed MDIO bus.0 to group 68
[    1.612276] libphy: Fixed MDIO Bus: probed
[    1.616689] CAN device driver interface
[    1.620824] bgmac_bcma: Broadcom 47xx GBit MAC driver loaded
[    1.626928] e1000e: Intel(R) PRO/1000 Network Driver - 3.2.6-k
[    1.632750] e1000e: Copyright(c) 1999 - 2015 Intel Corporation.
[    1.638670] igb: Intel(R) Gigabit Ethernet Network Driver - version 5.4.0-k
[    1.645619] igb: Copyright (c) 2007-2014 Intel Corporation.
[    1.652444] pegasus: v0.9.3 (2013/04/25), Pegasus/Pegasus II USB Ethernet driver
[    1.659841] usbcore: registered new interface driver pegasus
[    1.665508] usbcore: registered new interface driver asix
[    1.670903] usbcore: registered new interface driver ax88179_178a
[    1.676995] usbcore: registered new interface driver cdc_ether
[    1.682831] usbcore: registered new interface driver smsc75xx
[    1.688575] usbcore: registered new interface driver smsc95xx
[    1.694320] usbcore: registered new interface driver net1080
[    1.699975] usbcore: registered new interface driver cdc_subset
[    1.705893] usbcore: registered new interface driver zaurus
[    1.711466] usbcore: registered new interface driver cdc_ncm
[    1.717781] ehci_hcd: USB 2.0 'Enhanced' Host Controller (EHCI) Driver
[    1.724298] ehci-pci: EHCI PCI platform driver
[    1.728740] ehci-platform: EHCI generic platform driver
[    1.734027] ehci-orion: EHCI orion driver
[    1.738076] SPEAr-ehci: EHCI SPEAr driver
[    1.742121] ehci-st: EHCI STMicroelectronics driver
[    1.747037] ehci-exynos: EHCI EXYNOS driver
[    1.751260] ehci-atmel: EHCI Atmel driver
[    1.755309] tegra-ehci: Tegra EHCI driver
[    1.759369] ohci_hcd: USB 1.1 'Open' Host Controller (OHCI) Driver
[    1.765542] ohci-pci: OHCI PCI platform driver
[    1.769983] ohci-platform: OHCI generic platform driver
[    1.775260] SPEAr-ohci: OHCI SPEAr driver
[    1.779303] ohci-st: OHCI STMicroelectronics driver
[    1.784219] ohci-atmel: OHCI Atmel driver
[    1.788466] usbcore: registered new interface driver usb-storage
[    1.795464] elan_i2c 1-0015: 1-0015 supply vcc not found, using dummy regulator
[    1.797206] as3722-rtc as3722-rtc: rtc core: registered as3722-rtc as rtc0
[    1.797210] as3722-rtc as3722-rtc: RTC interrupt 372
[    1.799491] tegra_rtc 7000e000.rtc: rtc core: registered 7000e000.rtc as rtc1
[    1.799513] tegra_rtc 7000e000.rtc: Tegra internal Real Time Clock
[    1.799776] i2c /dev entries driver
[    1.801541] IR NEC protocol handler initialized
[    1.801544] IR RC5(x/sz) protocol handler initialized
[    1.801545] IR RC6 protocol handler initialized
[    1.801547] IR JVC protocol handler initialized
[    1.801548] IR Sony protocol handler initialized
[    1.801550] IR SANYO protocol handler initialized
[    1.801552] IR Sharp protocol handler initialized
[    1.801553] IR MCE Keyboard/mouse protocol handler initialized
[    1.801555] IR XMP protocol handler initialized
[    1.803081] lm90 0-004c: 0-004c supply vcc not found, using dummy regulator
[    1.876763] iommu: Adding device cpufreq-tegra124 to group 69
[    1.878079] sdhci: Secure Digital Host Controller Interface driver
[    1.878080] sdhci: Copyright(c) Pierre Ossman
[    1.878787] Synopsys Designware Multimedia Card Interface Driver
[    1.879378] sdhci-pltfm: SDHCI platform and OF driver helper
[    1.879725] sdhci-tegra 700b0000.sdhci: allocated mmc-pwrseq
[    1.886541] sdhci-tegra 700b0400.sdhci: Got CD GPIO
[    1.886551] sdhci-tegra 700b0400.sdhci: Got WP GPIO
[    1.902373] mmc0: Unknown controller version (3). You may experience problems.
[    1.902411] mmc0: Invalid maximum block size, assuming 512 bytes
[    1.972344] mmc0: SDHCI controller on 700b0600.sdhci [700b0600.sdhci] using ADMA
[    1.980466] ledtrig-cpu: registered to indicate activity on CPUs
[    1.986583] usbcore: registered new interface driver usbhid
[    1.992140] usbhid: USB HID core driver
[    1.997333] NET: Registered protocol family 10
[    2.002145] Segment Routing with IPv6
[    2.005840] sit: IPv6, IPv4 and MPLS over IPv4 tunneling driver
[    2.011939] NET: Registered protocol family 17
[    2.016379] can: controller area network core (rev 20170425 abi 9)
[    2.022570] NET: Registered protocol family 29
[    2.027001] can: raw protocol (rev 20170425)
[    2.031258] can: broadcast manager protocol (rev 20170425 t)
[    2.036909] can: netlink gateway (rev 20170425) max_hops=1
[    2.042503] Key type dns_resolver registered
[    2.046961] ThumbEE CPU extension supported.
[    2.051220] Registering SWP/SWPB emulation handler
[    2.062892] +3.3V_RUN: supplied by +3.3V_SYS
[    2.068015] +VDD_LED: supplied by +VDD_MUX
[    2.072289] +3.3V_AVDD_HDMI_AP_GATED: supplied by +3.3V_RUN
[    2.077973] +1.8V_RUN_CAM: supplied by +3.3V_RUN
[    2.082695] +VDDIO_SDMMC3: supplied by +3.3V_RUN
[    2.087396] +1.8V_RUN_VPP_FUSE: supplied by +3.3V_RUN
[    2.092811] +5V_VDD_TS_SW: supplied by +5V_SYS
[    2.097646] +5V_USB_HS: supplied by +5V_SYS
[    2.102206] +5V_USB_SS: supplied by +5V_SYS
[    2.107454] +3.3V_PANEL: supplied by +3.3V_RUN
[    2.112606] +3.3V_LP0: supplied by +3.3V_SYS
[    2.112759] elan_i2c 1-0015: Elan Touchpad: Module ID: 0x002a, Firmware: 0x0005, Sample: 0x0007, IAP: 0x0009
[    2.113033] input: Elan Touchpad as /devices/soc0/7000c400.i2c/i2c-1/1-0015/input/input0
[    2.113206] mmc0: new high speed MMC card at address 0001
[    2.113693] mmcblk0: mmc0:0001 MMC16G 14.4 GiB 
[    2.113957] mmcblk0boot0: mmc0:0001 MMC16G partition 1 2.00 MiB
[    2.114193] mmcblk0boot1: mmc0:0001 MMC16G partition 2 2.00 MiB
[    2.114427] mmcblk0rpmb: mmc0:0001 MMC16G partition 3 128 KiB
[    2.118386]  mmcblk0: p1 p2 p3 p4 p5 p6 p7 p8 p9 p10 p11 p12
[    2.168846] +1.05V_RUN_AVDD_HDMI_PLL: supplied by +1.05V_RUN
[    2.169040] elan_i2c 1-0015: failed to read report data: -121
[    2.169431] elan_i2c 1-0015: failed to read report data: -121
[    2.186349] +5V_HDMI_CON: supplied by +5V_SYS
[    2.191277]  usb3-0: usb3-0 supply vbus not found, using dummy regulator
[    2.198085]  usb3-1: usb3-1 supply vbus not found, using dummy regulator
[    2.208446] tegra-sor 54540000.sor: failed to probe output: -517
[    2.215236] panel-simple panel: panel supply power not found, using dummy regulator
[    2.223651] sdhci-tegra 700b0000.sdhci: allocated mmc-pwrseq
[    2.236547] mmc1: Unknown controller version (3). You may experience problems.
[    2.243808] mmc1: Invalid maximum block size, assuming 512 bytes
[    2.250159] mmc1: Switching to 3.3V signalling voltage failed
[    2.312422] mmc1: SDHCI controller on 700b0000.sdhci [700b0000.sdhci] using ADMA
[    2.320637] sdhci-tegra 700b0400.sdhci: Got CD GPIO
[    2.325550] sdhci-tegra 700b0400.sdhci: Got WP GPIO
[    2.326180] elan_i2c 1-0015: invalid report id data (ff)
[    2.344287] mmc2: Unknown controller version (3). You may experience problems.
[    2.351584] mmc2: Invalid maximum block size, assuming 512 bytes
[    2.384170] mmc1: new high speed SDIO card at address 0001
[    2.422662] mmc2: SDHCI controller on 700b0400.sdhci [700b0400.sdhci] using ADMA
[    2.526814] [drm] Supports vblank timestamp caching Rev 2 (21.10.2013).
[    2.533436] [drm] No driver support for vblank timestamp query.
[    2.583105] mmc2: new high speed SDHC card at address 0007
[    2.583324] mmcblk2: mmc2:0007 SD08G 7.42 GiB 
[    2.591947] GPT:Primary header alternate_lba != Alt. header my_lba
[    2.591949] GPT:3014591 != 15564799
[    2.591951] GPT:Primary header thinks Alt. header is not at the end of the disk.
[    2.591952] GPT:3014591 != 15564799
[    2.591953] GPT: Use GNU Parted to correct GPT errors.
[    2.591977]  mmcblk2: p1 p2 p3 p4 p5 p6 p7 p8 p9 p10 p11 p12
[    2.622137] Console: switching to colour frame buffer device 170x48
[    2.686341] drm drm: fb0:  frame buffer device
[    2.690823] [drm] Initialized tegra 0.0.0 20120330 for drm on minor 0
[    2.698311] input: gpio-keys as /devices/soc0/gpio-keys/input/input1
[    2.705991] as3722-rtc as3722-rtc: setting system clock to 2000-01-01 00:00:24 UTC (946684824)
[    2.714963] +1.8V_RUN_CAM: disabling
[    2.718734] +3.3V_RUN_CAM: disabling
[    2.722552] +1.2V_RUN_CAM_FRONT: disabling
[    2.726784] +1.05V_RUN_CAM_REAR: disabling
[    2.731029] +2.8V_RUN_TOUCH: disabling
[    2.734969] +2.8V_RUN_CAM_AF: disabling
[    2.738957] +1.8V_RUN_VPP_FUSE: disabling
[    2.743145] +5V_VDD_TS_SW: disabling
[    2.746718] +5V_USB_HS: disabling
[    2.750022] +5V_USB_SS: disabling
[    2.754222] EXT4-fs (mmcblk0p3): couldn't mount as ext3 due to feature incompatibilities
[    2.762906] EXT4-fs (mmcblk0p3): couldn't mount as ext2 due to feature incompatibilities
[    3.190835] EXT4-fs (mmcblk0p3): recovery complete
[    3.196380] EXT4-fs (mmcblk0p3): mounted filesystem with ordered data mode. Opts: (null)
[    3.204513] VFS: Mounted root (ext4 filesystem) on device 179:3.
[    3.211137] devtmpfs: mounted
[    3.214826] Freeing unused kernel memory: 2048K
bash: cannot set terminal process group (-1): Inappropriate ioctl for device
bash: no job control in this shell
root@(none):/# mount -t sysfs none /sys
root@(none):/# 
root@(none):/# mount -t debugfs none /sys/kernel/debug
root@(none):/# 
root@(none):/# rtcwake -d rtc1 -m mem -s 3
rtcwake: assuming RTC uses UTC ...
rtcwake: wakeup from "mem" using /dev/rtc1 at Thu Jan  1 00:00:29 1970
[    5.812664] PM: suspend entry (deep)
[    5.816231] PM: Syncing filesystems ... done.
[    5.838539] Freezing user space processes ... (elapsed 0.001 seconds) done.
[    5.846668] OOM killer disabled.
[    5.849888] Freezing remaining freezable tasks ... (elapsed 0.001 seconds) done.
[    5.858475] Suspending console(s) (use no_console_suspend to debug)
[    5.904437] Disabling non-boot CPUs ...
[    6.062523] IRQ17 no longer affine to CPU3
[    6.063038] Entering suspend state LP1
[    6.063052] Enabling non-boot CPUs ...
[    6.063347] CPU1 is up
[    6.063591] CPU2 is up
[    6.063872] CPU3 is up
[    6.225055] mmc1: Switching to 3.3V signalling voltage failed
[    6.482335] tegra-sor 54540000.sor: failed to attach SOR: -110
[    6.547999] OOM killer enabled.
[    6.551130] Restarting tasks ... done.
[    6.562800] PM: suspend exit
root@(none):/# 
root@(none):/# rtcwake -d rtc1 -m mem -s 3
rtcwake: assuming RTC uses UTC ...
rtcwake: wakeup from "mem" using /dev/rtc1 at Thu Jan  1 00:00:34 1970
[    7.671314] PM: suspend entry (deep)
[    7.674900] PM: Syncing filesystems ... done.
[    7.696114] Freezing user space processes ... (elapsed 0.001 seconds) done.
[    7.704249] OOM killer disabled.
[    7.707468] Freezing remaining freezable tasks ... (elapsed 0.001 seconds) done.
[    7.716102] Suspending console(s) (use no_console_suspend to debug)
[    7.762063] Disabling non-boot CPUs ...
[    7.802480] IRQ17 no longer affine to CPU1
[    7.922917] Entering suspend state LP1
[    7.922930] Enabling non-boot CPUs ...
[    7.923237] CPU1 is up
[    7.923484] CPU2 is up
[    7.923760] CPU3 is up
[    8.084391] mmc1: Switching to 3.3V signalling voltage failed
[    8.342322] tegra-sor 54540000.sor: failed to attach SOR: -110
[    8.407095] OOM killer enabled.
[    8.410228] Restarting tasks ... done.
[    8.422027] PM: suspend exit
root@(none):/# 
root@(none):/# rtcwake -d rtc1 -m mem -s 3
rtcwake: assuming RTC uses UTC ...
rtcwake: wakeup from "mem" using /dev/rtc1 at Thu Jan  1 00:00:39 1970
[    9.530563] PM: suspend entry (deep)
[    9.534138] PM: Syncing filesystems ... done.
[    9.555442] Freezing user space processes ... (elapsed 0.001 seconds) done.
[    9.563580] OOM killer disabled.
[    9.566800] Freezing remaining freezable tasks ... (elapsed 0.001 seconds) done.
[    9.575443] Suspending console(s) (use no_console_suspend to debug)
[    9.621293] Disabling non-boot CPUs ...
[    9.792895] Entering suspend state LP1
[    9.792909] Enabling non-boot CPUs ...
[    9.793218] CPU1 is up
[    9.793463] CPU2 is up
[    9.793742] CPU3 is up
[    9.953662] mmc1: Switching to 3.3V signalling voltage failed
[   10.212274] tegra-sor 54540000.sor: failed to attach SOR: -110
[   10.272319] OOM killer enabled.
[   10.275448] Restarting tasks ... done.
[   10.291257] PM: suspend exit
root@(none):/# 
root@(none):/# rtcwake -d rtc1 -m mem -s 3
rtcwake: assuming RTC uses UTC ...
rtcwake: wakeup from "mem" using /dev/rtc1 at Thu Jan  1 00:00:44 1970
[   11.400543] PM: suspend entry (deep)
[   11.404126] PM: Syncing filesystems ... done.
[   11.424693] Freezing user space processes ... (elapsed 0.001 seconds) done.
[   11.432827] OOM killer disabled.
[   11.436047] Freezing remaining freezable tasks ... (elapsed 0.001 seconds) done.
[   11.444693] Suspending console(s) (use no_console_suspend to debug)
[   11.490610] Disabling non-boot CPUs ...
[   11.622853] Entering suspend state LP1
[   11.622867] Enabling non-boot CPUs ...
[   11.623176] CPU1 is up
[   11.623423] CPU2 is up
[   11.623704] CPU3 is up
[   11.784306] mmc1: Switching to 3.3V signalling voltage failed
[   12.042291] tegra-sor 54540000.sor: failed to attach SOR: -110
[   12.102916] OOM killer enabled.
[   12.106048] Restarting tasks ... done.
[   12.121895] PM: suspend exit
root@(none):/# 
root@(none):/# rtcwake -d rtc1 -m mem -s 3
rtcwake: assuming RTC uses UTC ...
rtcwake: wakeup from "mem" using /dev/rtc1 at Thu Jan  1 00:00:49 1970
[   13.231018] PM: suspend entry (deep)
[   13.234613] PM: Syncing filesystems ... done.
[   13.255339] Freezing user space processes ... (elapsed 0.001 seconds) done.
[   13.263479] OOM killer disabled.
[   13.266699] Freezing remaining freezable tasks ... (elapsed 0.001 seconds) done.
[   13.275341] Suspending console(s) (use no_console_suspend to debug)
[   13.321091] Disabling non-boot CPUs ...
[   13.502852] Entering suspend state LP1
[   13.502866] Enabling non-boot CPUs ...
[   13.503174] CPU1 is up
[   13.503420] CPU2 is up
[   13.503703] CPU3 is up
[   13.664001] mmc1: Switching to 3.3V signalling voltage failed
[   13.922313] tegra-sor 54540000.sor: failed to attach SOR: -110
[   13.982762] OOM killer enabled.
[   13.985895] Restarting tasks ... done.
[   14.001655] PM: suspend exit
root@(none):/# 
root@(none):/# rtcwake -d rtc1 -m mem -s 3
rtcwake: assuming RTC uses UTC ...
rtcwake: wakeup from "mem" using /dev/rtc1 at Thu Jan  1 00:00:54 1970
[   15.110660] PM: suspend entry (deep)
[   15.114259] PM: Syncing filesystems ... done.
[   15.135091] Freezing user space processes ... (elapsed 0.001 seconds) done.
[   15.143239] OOM killer disabled.
[   15.146462] Freezing remaining freezable tasks ... (elapsed 0.001 seconds) done.
[   15.155105] Suspending console(s) (use no_console_suspend to debug)
[   15.200790] Disabling non-boot CPUs ...
[   15.362815] Entering suspend state LP1
[   15.362829] Enabling non-boot CPUs ...
[   15.363139] CPU1 is up
[   15.363385] CPU2 is up
[   15.363663] CPU3 is up
[   15.523560] mmc1: Switching to 3.3V signalling voltage failed
[   15.782270] tegra-sor 54540000.sor: failed to attach SOR: -110
[   15.842278] OOM killer enabled.
[   15.845407] Restarting tasks ... done.
[   15.861203] PM: suspend exit
root@(none):/# 
root@(none):/# rtcwake -d rtc1 -m mem -s 3
rtcwake: assuming RTC uses UTC ...
rtcwake: wakeup from "mem" using /dev/rtc1 at Thu Jan  1 00:00:59 1970
[   16.971096] PM: suspend entry (deep)
[   16.974692] PM: Syncing filesystems ... done.
[   16.994637] Freezing user space processes ... (elapsed 0.001 seconds) done.
[   17.002776] OOM killer disabled.
[   17.005996] Freezing remaining freezable tasks ... (elapsed 0.001 seconds) done.
[   17.014638] Suspending console(s) (use no_console_suspend to debug)
[   17.060509] Disabling non-boot CPUs ...
[   17.192795] Entering suspend state LP1
[   17.192808] Enabling non-boot CPUs ...
[   17.193118] CPU1 is up
[   17.193364] CPU2 is up
[   17.193646] CPU3 is up
[   17.354762] mmc1: Switching to 3.3V signalling voltage failed
[   17.612205] tegra-sor 54540000.sor: failed to attach SOR: -110
[   17.673537] OOM killer enabled.
[   17.676669] Restarting tasks ... done.
[   17.692465] PM: suspend exit
root@(none):/# 
root@(none):/# rtcwake -d rtc1 -m mem -s 3
rtcwake: assuming RTC uses UTC ...
rtcwake: wakeup from "mem" using /dev/rtc1 at Thu Jan  1 00:01:04 1970
[   18.800426] PM: suspend entry (deep)
[   18.804001] PM: Syncing filesystems ... done.
[   18.825816] Freezing user space processes ... (elapsed 0.001 seconds) done.
[   18.833950] OOM killer disabled.
[   18.837169] Freezing remaining freezable tasks ... (elapsed 0.001 seconds) done.
[   18.845810] Suspending console(s) (use no_console_suspend to debug)
[   18.891437] Disabling non-boot CPUs ...
[   19.052780] Entering suspend state LP1
[   19.052794] Enabling non-boot CPUs ...
[   19.053103] CPU1 is up
[   19.053349] CPU2 is up
[   19.053625] CPU3 is up
[   19.214240] mmc1: Switching to 3.3V signalling voltage failed
[   19.472220] tegra-sor 54540000.sor: failed to attach SOR: -110
[   19.532845] OOM killer enabled.
[   19.535978] Restarting tasks ... done.
[   19.551840] PM: suspend exit
root@(none):/# 
root@(none):/# rtcwake -d rtc1 -m mem -s 3
rtcwake: assuming RTC uses UTC ...
rtcwake: wakeup from "mem" using /dev/rtc1 at Thu Jan  1 00:01:09 1970
[   20.660444] PM: suspend entry (deep)
[   20.664020] PM: Syncing filesystems ... done.
[   20.685277] Freezing user space processes ... (elapsed 0.001 seconds) done.
[   20.693417] OOM killer disabled.
[   20.696637] Freezing remaining freezable tasks ... (elapsed 0.001 seconds) done.
[   20.705278] Suspending console(s) (use no_console_suspend to debug)
[   20.751344] Disabling non-boot CPUs ...
[   20.932758] Entering suspend state LP1
[   20.932772] Enabling non-boot CPUs ...
[   20.933082] CPU1 is up
[   20.933328] CPU2 is up
[   20.933605] CPU3 is up
[   21.093470] mmc1: Switching to 3.3V signalling voltage failed
[   21.352194] tegra-sor 54540000.sor: failed to attach SOR: -110
[   21.412201] OOM killer enabled.
[   21.415335] Restarting tasks ... done.
[   21.431116] PM: suspend exit
root@(none):/# 
root@(none):/# rtcwake -d rtc1 -m mem -s 3
rtcwake: assuming RTC uses UTC ...
rtcwake: wakeup from "mem" using /dev/rtc1 at Thu Jan  1 00:01:14 1970
[   22.540424] PM: suspend entry (deep)
[   22.544005] PM: Syncing filesystems ... done.
[   22.564552] Freezing user space processes ... (elapsed 0.001 seconds) done.
[   22.572687] OOM killer disabled.
[   22.575906] Freezing remaining freezable tasks ... (elapsed 0.001 seconds) done.
[   22.584550] Suspending console(s) (use no_console_suspend to debug)
[   22.630265] Disabling non-boot CPUs ...
[   22.782741] Entering suspend state LP1
[   22.782754] Enabling non-boot CPUs ...
[   22.783065] CPU1 is up
[   22.783311] CPU2 is up
[   22.783589] CPU3 is up
[   22.943651] mmc1: Switching to 3.3V signalling voltage failed
[   23.202202] tegra-sor 54540000.sor: failed to attach SOR: -110
[   23.262323] OOM killer enabled.
[   23.265453] Restarting tasks ... done.
[   23.281250] PM: suspend exit
root@(none):/# 
root@(none):/# NVTB SYSTEM SUSPEND TEST COMPLETE
