
U-Boot SPL 2016.05-rc2 (Apr 21 2016 - 16:23:00)
Trying to boot from RAM


U-Boot 2016.05-rc2 (Apr 21 2016 - 16:23:00 -0700)

TEGRA124
Model: NVIDIA Jetson TK1
Board: NVIDIA Jetson TK1
DRAM:  2 GiB
MC:   Tegra SD/MMC: 0, Tegra SD/MMC: 1
In:    serial
Out:   serial
Err:   serial
Net:   No ethernet found.
Hit any key to stop autoboot:  2  0 
Tegra124 (Jetson TK1) # 
Tegra124 (Jetson TK1) # pci enum
Tegra124 (Jetson TK1) # setenv bootargs 'ignore_loglevel console=ttyS0,115200n8 rw root=PARTUUID=b1791faa-84e8-4e27-83a1-9fb0a77e8803 rootwait gpt debug noinitrd earlyprintk init=/bin/bash'
Tegra124 (Jetson TK1) # setenv ipaddr 192.168.100.102; setenv serverip 192.168.100.1; setenv tftpserverip 192.168.100.1
Tegra124 (Jetson TK1) # tftpboot 0x82000000 zImage.multi_v7_defconfig

Warning: eth_rtl8169 using MAC address from ROM
Using eth_rtl8169 device
TFTP from server 192.168.100.1; our IP address is 192.168.100.102
Filename 'zImage.multi_v7_defconfig'.
Load address: 0x82000000
Loading: *#################################################################
	 #################################################################
	 #################################################################
	 #################################################################
	 #################################################################
	 #################################################################
	 #################################################################
	 ##################################################
	 3.9 MiB/s
done
Bytes transferred = 7403096 (70f658 hex)
Tegra124 (Jetson TK1) # tftpboot 0x83000000 tegra124-jetson-tk1.dtb
Using eth_rtl8169 device
TFTP from server 192.168.100.1; our IP address is 192.168.100.102
Filename 'tegra124-jetson-tk1.dtb'.
Load address: 0x83000000
Loading: *#####
	 3.8 MiB/s
done
Bytes transferred = 67133 (1063d hex)
Tegra124 (Jetson TK1) # bootz 0x82000000 - 0x83000000
Kernel image @ 0x82000000 [ 0x000000 - 0x70f658 ]
## Flattened Device Tree blob at 83000000
   Booting using the fdt blob at 0x83000000
   Using Device Tree in place at 83000000, end 8301363c

Starting kernel ...

[    0.000000] Booting Linux on physical CPU 0x0
[    0.000000] Linux version 4.10.0-rc1-141325-g7ce7d89 (pwalmsley@sellafield) (gcc version 4.7.3 20130328 (prerelease) (crosstool-NG linaro-1.13.1-4.7-2013.04-20130415 - Linaro GCC 2013.04) ) #1 SMP Sun Dec 25 16:40:13 PST 2016
[    0.000000] CPU: ARMv7 Processor [413fc0f3] revision 3 (ARMv7), cr=10c5387d
[    0.000000] CPU: div instructions available: patching division code
[    0.000000] CPU: PIPT / VIPT nonaliasing data cache, PIPT instruction cache
[    0.000000] OF: fdt:Machine model: NVIDIA Tegra124 Jetson TK1
[    0.000000] debug: ignoring loglevel setting.
[    0.000000] efi: Getting EFI parameters from FDT:
[    0.000000] efi: UEFI not found.
[    0.000000] cma: Reserved 64 MiB at 0xfb800000
[    0.000000] Memory policy: Data cache writealloc
[    0.000000] On node 0 totalpages: 524032
[    0.000000] free_area_init_node: node 0, pgdat c142b0c0, node_mem_map eeff8000
[    0.000000]   DMA zone: 1536 pages used for memmap
[    0.000000]   DMA zone: 0 pages reserved
[    0.000000]   DMA zone: 196608 pages, LIFO batch:31
[    0.000000]   HighMem zone: 327424 pages, LIFO batch:31
[    0.000000] percpu: Embedded 14 pages/cpu @eef8e000 s26688 r8192 d22464 u57344
[    0.000000] pcpu-alloc: s26688 r8192 d22464 u57344 alloc=14*4096
[    0.000000] pcpu-alloc: [0] 0 [0] 1 [0] 2 [0] 3 
[    0.000000] Built 1 zonelists in Zone order, mobility grouping on.  Total pages: 522496
[    0.000000] Kernel command line: ignore_loglevel console=ttyS0,115200n8 rw root=PARTUUID=b1791faa-84e8-4e27-83a1-9fb0a77e8803 rootwait gpt debug noinitrd earlyprintk init=/bin/bash
[    0.000000] PID hash table entries: 4096 (order: 2, 16384 bytes)
[    0.000000] Dentry cache hash table entries: 131072 (order: 7, 524288 bytes)
[    0.000000] Inode-cache hash table entries: 65536 (order: 6, 262144 bytes)
[    0.000000] Memory: 1994824K/2096128K available (9216K kernel code, 1202K rwdata, 4140K rodata, 2048K init, 472K bss, 35768K reserved, 65536K cma-reserved, 1244160K highmem)
[    0.000000] Virtual kernel memory layout:
[    0.000000]     vector  : 0xffff0000 - 0xffff1000   (   4 kB)
[    0.000000]     fixmap  : 0xffc00000 - 0xfff00000   (3072 kB)
[    0.000000]     vmalloc : 0xf0800000 - 0xff800000   ( 240 MB)
[    0.000000]     lowmem  : 0xc0000000 - 0xf0000000   ( 768 MB)
[    0.000000]     pkmap   : 0xbfe00000 - 0xc0000000   (   2 MB)
[    0.000000]     modules : 0xbf000000 - 0xbfe00000   (  14 MB)
[    0.000000]       .text : 0xc0208000 - 0xc0c00000   (10208 kB)
[    0.000000]       .init : 0xc1100000 - 0xc1300000   (2048 kB)
[    0.000000]       .data : 0xc1300000 - 0xc142cbc0   (1203 kB)
[    0.000000]        .bss : 0xc142e000 - 0xc14a41d0   ( 473 kB)
[    0.000000] SLUB: HWalign=64, Order=0-3, MinObjects=0, CPUs=4, Nodes=1
[    0.000000] Hierarchical RCU implementation.
[    0.000000] 	Build-time adjustment of leaf fanout to 32.
[    0.000000] 	RCU restricting CPUs from NR_CPUS=16 to nr_cpu_ids=4.
[    0.000000] RCU: Adjusting geometry for rcu_fanout_leaf=32, nr_cpu_ids=4
[    0.000000] NR_IRQS:16 nr_irqs:16 16
[    0.000000] /interrupt-controller@60004000: 160 interrupts forwarded to /interrupt-controller@50041000
[    0.000000] Tegra clk 127: register failed with -17
[    0.000008] sched_clock: 32 bits at 1000kHz, resolution 1000ns, wraps every 2147483647500ns
[    0.000030] clocksource: timer_us: mask: 0xffffffff max_cycles: 0xffffffff, max_idle_ns: 1911260446275 ns
[    0.000044] Switching to timer-based delay loop, resolution 1000ns
[    0.004890] arm_arch_timer: Architected cp15 timer(s) running at 12.00MHz (virt).
[    0.004908] clocksource: arch_sys_counter: mask: 0xffffffffffffff max_cycles: 0x2c47f4ee7, max_idle_ns: 440795202497 ns
[    0.004925] sched_clock: 56 bits at 12MHz, resolution 83ns, wraps every 4398046511096ns
[    0.004937] Switching to timer-based delay loop, resolution 83ns
[    0.005378] Console: colour dummy device 80x30
[    0.005409] Calibrating delay loop (skipped), value calculated using timer frequency.. 24.00 BogoMIPS (lpj=60000)
[    0.005423] pid_max: default: 32768 minimum: 301
[    0.005522] Mount-cache hash table entries: 2048 (order: 1, 8192 bytes)
[    0.005532] Mountpoint-cache hash table entries: 2048 (order: 1, 8192 bytes)
[    0.006111] CPU: Testing write buffer coherency: ok
[    0.006360] /cpus/cpu@0 missing clock-frequency property
[    0.006402] /cpus/cpu@1 missing clock-frequency property
[    0.006443] /cpus/cpu@2 missing clock-frequency property
[    0.006484] /cpus/cpu@3 missing clock-frequency property
[    0.006496] CPU0: thread -1, cpu 0, socket 0, mpidr 80000000
[    0.006731] Setting up static identity map for 0x80300000 - 0x80300098
[    0.010268] Tegra Revision: A01 SKU: 129 CPU Process: 1 SoC Process: 1
[    0.010902] EFI services will not be available.
[    0.011138] smp: Bringing up secondary CPUs ...
[    0.011667] CPU1: thread -1, cpu 1, socket 0, mpidr 80000001
[    0.015381] CPU2: thread -1, cpu 2, socket 0, mpidr 80000002
[    0.020386] CPU3: thread -1, cpu 3, socket 0, mpidr 80000003
[    0.024890] smp: Brought up 1 node, 4 CPUs
[    0.024909] SMP: Total of 4 processors activated (96.00 BogoMIPS).
[    0.024916] CPU: All CPU(s) started in SVC mode.
[    0.026403] devtmpfs: initialized
[    0.046872] VFP support v0.3: implementor 41 architecture 4 part 30 variant f rev 0
[    0.047314] clocksource: jiffies: mask: 0xffffffff max_cycles: 0xffffffff, max_idle_ns: 9556302231375000 ns
[    0.048674] pinctrl core: initialized pinctrl subsystem
[    0.050531] NET: Registered protocol family 16
[    0.052456] DMA: preallocated 256 KiB pool for atomic coherent allocations
[    0.070012] cpuidle: using governor menu
[    0.101440] No ATAGs?
[    0.101452] hw-breakpoint: found 5 (+1 reserved) breakpoint and 4 watchpoint registers.
[    0.101466] hw-breakpoint: maximum watchpoint size is 8 bytes.
[    0.108179] Serial: AMBA PL011 UART driver
[    0.140456] +5V_SYS: supplied by +VDD_MUX
[    0.140762] +3.3V_SYS: supplied by +VDD_MUX
[    0.141418] +USB0_VBUS_SW: Failed to request enable GPIO108: -517
[    0.141432] reg-fixed-voltage regulators:regulator@7: Failed to register regulator: -517
[    0.141522] +5V_USB_HS: Failed to request enable GPIO109: -517
[    0.141535] reg-fixed-voltage regulators:regulator@8: Failed to register regulator: -517
[    0.141702] +1.05V_RUN_AVDD_HDMI_PLL: Failed to request enable GPIO63: -517
[    0.141713] reg-fixed-voltage regulators:regulator@11: Failed to register regulator: -517
[    0.141798] +5V_HDMI_CON: Failed to request enable GPIO86: -517
[    0.141810] reg-fixed-voltage regulators:regulator@12: Failed to register regulator: -517
[    0.141896] +5V_SATA: Failed to request enable GPIO242: -517
[    0.141907] reg-fixed-voltage regulators:regulator@13: Failed to register regulator: -517
[    0.141993] +12V_SATA: Failed to request enable GPIO242: -517
[    0.142004] reg-fixed-voltage regulators:regulator@14: Failed to register regulator: -517
[    0.145322] vgaarb: loaded
[    0.146144] SCSI subsystem initialized
[    0.146308] libata version 3.00 loaded.
[    0.146577] usbcore: registered new interface driver usbfs
[    0.146641] usbcore: registered new interface driver hub
[    0.146712] usbcore: registered new device driver usb
[    0.150398] pps_core: LinuxPPS API ver. 1 registered
[    0.150408] pps_core: Software ver. 5.3.6 - Copyright 2005-2007 Rodolfo Giometti <giometti@linux.it>
[    0.150433] PTP clock support registered
[    0.150629] EDAC MC: Ver: 3.0.0
[    0.153832] clocksource: Switched to clocksource arch_sys_counter
[    0.165560] NET: Registered protocol family 2
[    0.166075] TCP established hash table entries: 8192 (order: 3, 32768 bytes)
[    0.166173] TCP bind hash table entries: 8192 (order: 4, 65536 bytes)
[    0.166359] TCP: Hash tables configured (established 8192 bind 8192)
[    0.166412] UDP hash table entries: 512 (order: 2, 16384 bytes)
[    0.166453] UDP-Lite hash table entries: 512 (order: 2, 16384 bytes)
[    0.166609] NET: Registered protocol family 1
[    0.166931] RPC: Registered named UNIX socket transport module.
[    0.166940] RPC: Registered udp transport module.
[    0.166946] RPC: Registered tcp transport module.
[    0.166953] RPC: Registered tcp NFSv4.1 backchannel transport module.
[    0.166963] PCI: CLS 0 bytes, default 64
[    0.168166] hw perfevents: enabled with armv7_cortex_a15 PMU driver, 7 counters available
[    0.169699] futex hash table entries: 1024 (order: 4, 65536 bytes)
[    0.170453] workingset: timestamp_bits=30 max_order=19 bucket_order=0
[    0.181650] squashfs: version 4.0 (2009/01/31) Phillip Lougher
[    0.182473] NFS: Registering the id_resolver key type
[    0.182495] Key type id_resolver registered
[    0.182503] Key type id_legacy registered
[    0.182548] ntfs: driver 2.1.32 [Flags: R/O].
[    0.184234] bounce: pool size: 64 pages
[    0.184443] Block layer SCSI generic (bsg) driver version 0.4 loaded (major 248)
[    0.184453] io scheduler noop registered
[    0.184460] io scheduler deadline registered
[    0.184646] io scheduler cfq registered (default)
[    0.189835] usb2-0 supply vbus not found, using dummy regulator
[    0.189964] usb2-1 supply vbus not found, using dummy regulator
[    0.190361] tegra-xusb-padctl 7009f000.padctl: failed to setup XUSB ports: -517
[    0.207229] tegra-pcie 1003000.pcie-controller: 2x1, 1x1 configuration
[    0.207282] tegra-pcie 1003000.pcie-controller: Failed to get supply 'avddio-pex': -517
[    0.213534] tegra124-dfll 70110000.clock: couldn't get vdd_cpu regulator
[    0.222026] tegra-apbdma 60020000.dma: Tegra20 APB DMA driver register 32 channels
[    0.224150] tegra-pmc 7000e400.pmc: emergency thermal reset enabled
[    0.290807] Serial: 8250/16550 driver, 4 ports, IRQ sharing disabled
[    0.293877] console [ttyS0] disabled
[    0.293911] 70006300.serial: ttyS0 at MMIO 0x70006300 (irq = 335, base_baud = 25500000) is a Tegra
[    1.171609] console [ttyS0] enabled
[    1.175985] SuperH (H)SCI(F) driver initialized
[    1.181578] msm_serial: driver initialized
[    1.185885] STMicroelectronics ASC driver initialized
[    1.191845] 70006000.serial: ttyTHS1 at MMIO 0x70006000 (irq = 333, base_baud = 0) is a TEGRA_UART
[    1.201174] 70006040.serial: ttyTHS2 at MMIO 0x70006040 (irq = 334, base_baud = 0) is a TEGRA_UART
[    1.213561] [drm] Initialized
[    1.219898] tegra-hdmi 54280000.hdmi: failed to get HDMI regulator
[    1.240335] brd: module loaded
[    1.249920] loop: module loaded
[    1.254306] at24 0-0056: 256 byte 24c02 EEPROM, writable, 8 bytes/write
[    1.262703] as3722 4-0040: AS3722 with revision 0x1 found
[    1.275057] as3722-sd2: supplied by +5V_SYS
[    1.279725] as3722-sd3: supplied by +5V_SYS
[    1.284140] +1.35V_LP0(sd3): Bringing 0uV into 1350000-1350000uV
[    1.290518] as3722-sd4: supplied by +5V_SYS
[    1.295170] as3722-sd5: supplied by +5V_SYS
[    1.301259] as3722-ldo0: supplied by +1.35V_LP0(sd2)
[    1.307366] +1.8V_RUN_CAM: Bringing 0uV into 1800000-1800000uV
[    1.313617] as3722-ldo2: supplied by +1.8V_VDDIO
[    1.319570] as3722-ldo3: supplied by +3.3V_SYS
[    1.324067] +1.05V_LP0_VDD_RTC: Bringing 1100000uV into 1000000-1000000uV
[    1.331879] as3722-ldo4: supplied by +3.3V_SYS
[    1.336552] +2.8V_RUN_CAM: Bringing 0uV into 2800000-2800000uV
[    1.342812] as3722-ldo5: supplied by +1.8V_VDDIO
[    1.347658] +1.2V_RUN_CAM_FRONT: Bringing 0uV into 1200000-1200000uV
[    1.354629] +VDDIO_SDMMC3: bypassed regulator has no supply!
[    1.360300] +VDDIO_SDMMC3: failed to get the current voltage(-517)
[    1.366491] as3722-regulator as3722-regulator: regulator 13 register failed -517
[    1.379262] tegra-ahci 70027000.sata: couldn't get PHY in node sata: -517
[    1.399259] random: fast init done
[    1.402831] m25p80 spi32765.0: w25q32dw (4096 Kbytes)
[    1.411202] libphy: Fixed MDIO Bus: probed
[    1.416504] CAN device driver interface
[    1.421319] bgmac_bcma: Broadcom 47xx GBit MAC driver loaded
[    1.428418] e1000e: Intel(R) PRO/1000 Network Driver - 3.2.6-k
[    1.434259] e1000e: Copyright(c) 1999 - 2015 Intel Corporation.
[    1.440247] igb: Intel(R) Gigabit Ethernet Network Driver - version 5.4.0-k
[    1.447212] igb: Copyright (c) 2007-2014 Intel Corporation.
[    1.456570] pegasus: v0.9.3 (2013/04/25), Pegasus/Pegasus II USB Ethernet driver
[    1.464027] usbcore: registered new interface driver pegasus
[    1.469754] usbcore: registered new interface driver asix
[    1.475203] usbcore: registered new interface driver ax88179_178a
[    1.481344] usbcore: registered new interface driver cdc_ether
[    1.487248] usbcore: registered new interface driver smsc75xx
[    1.493063] usbcore: registered new interface driver smsc95xx
[    1.498865] usbcore: registered new interface driver net1080
[    1.504573] usbcore: registered new interface driver cdc_subset
[    1.510540] usbcore: registered new interface driver zaurus
[    1.516189] usbcore: registered new interface driver cdc_ncm
[    1.522074] tegra-phy 7d004000.usb-phy: no vbus regulator
[    1.529581] ehci_hcd: USB 2.0 'Enhanced' Host Controller (EHCI) Driver
[    1.536118] ehci-pci: EHCI PCI platform driver
[    1.540612] ehci-platform: EHCI generic platform driver
[    1.546063] ehci-orion: EHCI orion driver
[    1.550234] SPEAr-ehci: EHCI SPEAr driver
[    1.554405] ehci-st: EHCI STMicroelectronics driver
[    1.559442] ehci-exynos: EHCI EXYNOS driver
[    1.563792] ehci-atmel: EHCI Atmel driver
[    1.567961] tegra-ehci: Tegra EHCI driver
[    1.574812] tegra-ehci 7d004000.usb: EHCI Host Controller
[    1.580239] tegra-ehci 7d004000.usb: new USB bus registered, assigned bus number 1
[    1.587989] tegra-ehci 7d004000.usb: irq 354, io mem 0x7d004000
[    1.608857] tegra-ehci 7d004000.usb: USB 2.0 started, EHCI 1.10
[    1.615625] hub 1-0:1.0: USB hub found
[    1.619423] hub 1-0:1.0: 1 port detected
[    1.623972] ohci_hcd: USB 1.1 'Open' Host Controller (OHCI) Driver
[    1.630173] ohci-pci: OHCI PCI platform driver
[    1.634678] ohci-platform: OHCI generic platform driver
[    1.640098] ohci-omap3: OHCI OMAP3 driver
[    1.644268] SPEAr-ohci: OHCI SPEAr driver
[    1.648423] ohci-st: OHCI STMicroelectronics driver
[    1.653458] ohci-atmel: OHCI Atmel driver
[    1.658307] usbcore: registered new interface driver usb-storage
[    1.666005] mousedev: PS/2 mouse device common for all mice
[    1.674764] as3722-rtc as3722-rtc: rtc core: registered as3722-rtc as rtc0
[    1.681651] as3722-rtc as3722-rtc: RTC interrupt 377
[    1.690075] tegra_rtc 7000e000.rtc: rtc core: registered 7000e000.rtc as rtc1
[    1.697260] tegra_rtc 7000e000.rtc: Tegra internal Real Time Clock
[    1.704044] i2c /dev entries driver
[    1.714804] 0-004c supply vcc not found, using dummy regulator
[    1.730743] sdhci: Secure Digital Host Controller Interface driver
[    1.736937] sdhci: Copyright(c) Pierre Ossman
[    1.742968] Synopsys Designware Multimedia Card Interface Driver
[    1.750189] sdhci-pltfm: SDHCI platform and OF driver helper
[    1.756632] sdhci-tegra 700b0400.sdhci: Got CD GPIO
[    1.761541] sdhci-tegra 700b0400.sdhci: Got WP GPIO
[    1.766676] mmc0: Unknown controller version (3). You may experience problems.
[    1.773990] mmc0: Invalid maximum block size, assuming 512 bytes
[    1.823857] mmc0: SDHCI controller on 700b0600.sdhci [700b0600.sdhci] using ADMA
[    1.833152] ledtrig-cpu: registered to indicate activity on CPUs
[    1.839503] usbcore: registered new interface driver usbhid
[    1.845088] usbhid: USB HID core driver
[    1.853029] NET: Registered protocol family 10
[    1.858395] Segment Routing with IPv6
[    1.862128] sit: IPv6, IPv4 and MPLS over IPv4 tunneling driver
[    1.868744] NET: Registered protocol family 17
[    1.873211] can: controller area network core (rev 20120528 abi 9)
[    1.879457] NET: Registered protocol family 29
[    1.883911] can: raw protocol (rev 20120528)
[    1.888175] can: broadcast manager protocol (rev 20161123 t)
[    1.893844] can: netlink gateway (rev 20130117) max_hops=1
[    1.899704] Key type dns_resolver registered
[    1.904635] ThumbEE CPU extension supported.
[    1.908927] Registering SWP/SWPB emulation handler
[    1.927355] +3.3V_RUN: supplied by +3.3V_SYS
[    1.932225] +3.3V_AVDD_HDMI_AP_GATED: supplied by +3.3V_RUN
[    1.938353] +USB0_VBUS_SW: supplied by +5V_SYS
[    1.943501] +5V_USB_HS: supplied by +5V_SYS
[    1.948912] +3.3V_LP0: supplied by +3.3V_SYS
[    1.955123] +5V_HDMI_CON: supplied by +5V_SYS
[    1.960072] +5V_SATA: supplied by +5V_SYS
[    1.964926] +12V_SATA: supplied by +VDD_MUX
[    1.970363] mmc0: new high speed MMC card at address 0001
[    1.971560] usb2-0 supply vbus not found, using dummy regulator
[    1.971746] usb2-1 supply vbus not found, using dummy regulator
[    1.972127] usb3-0 supply vbus not found, using dummy regulator
[    1.973531] tegra-pcie 1003000.pcie-controller: 2x1, 1x1 configuration
[    1.973587] tegra-pcie 1003000.pcie-controller: Failed to get supply 'avddio-pex': -517
[    1.977428] tegra124-dfll 70110000.clock: couldn't get vdd_cpu regulator
[    1.982859] tegra-hdmi 54280000.hdmi: failed to get PLL regulator
[    1.987480] as3722-sd2: supplied by +5V_SYS
[    1.987854] as3722-sd3: supplied by +5V_SYS
[    1.988197] as3722-sd4: supplied by +5V_SYS
[    1.988499] +1.05V_RUN_AVDD_HDMI_PLL: supplied by +1.05V_RUN
[    1.988606] as3722-sd5: supplied by +5V_SYS
[    1.990727] as3722-ldo0: supplied by +1.35V_LP0(sd2)
[    1.991651] as3722-ldo1: supplied by +3.3V_RUN
[    1.992099] as3722-ldo2: supplied by +1.8V_VDDIO
[    1.993113] as3722-ldo3: supplied by +3.3V_SYS
[    1.994110] as3722-ldo4: supplied by +3.3V_SYS
[    1.994461] as3722-ldo5: supplied by +1.8V_VDDIO
[    1.994823] as3722-ldo6: supplied by +3.3V_RUN
[    1.995174] as3722-ldo7: supplied by +1.8V_VDDIO
[    1.995476] +1.05V_RUN_CAM_REAR: Bringing 0uV into 1050000-1050000uV
[    1.995913] as3722-ldo9: supplied by +5V_SYS
[    1.996330] +3.3V_RUN_TOUCH: Bringing 0uV into 2800000-2800000uV
[    1.996774] as3722-ldo10: supplied by +5V_SYS
[    1.997006] +2.8V_RUN_CAM_AF: Bringing 0uV into 2800000-2800000uV
[    1.997446] as3722-ldo11: supplied by +3.3V_RUN
[    1.997682] +1.8V_RUN_VPP_FUSE: Bringing 0uV into 1800000-1800000uV
[    2.001371] tegra-ahci 70027000.sata: AHCI 0001.0301 32 slots 2 ports 3 Gbps 0x1 impl platform mode
[    2.001382] tegra-ahci 70027000.sata: flags: 64bit ncq sntf pm led pio slum part sadm sds apst 
[    2.003267] scsi host0: tegra-ahci
[    2.004042] scsi host1: tegra-ahci
[    2.004416] ata1: SATA max UDMA/133 mmio [mem 0x70027000-0x70028fff] port 0x100 irq 345
[    2.004422] ata2: DUMMY
[    2.007884] tegra-ehci 7d008000.usb: EHCI Host Controller
[    2.007917] tegra-ehci 7d008000.usb: new USB bus registered, assigned bus number 2
[    2.008143] tegra-ehci 7d008000.usb: irq 355, io mem 0x7d008000
[    2.018881] tegra-ehci 7d008000.usb: USB 2.0 started, EHCI 1.10
[    2.020003] hub 2-0:1.0: USB hub found
[    2.020047] hub 2-0:1.0: 1 port detected
[    2.023254] sdhci-tegra 700b0400.sdhci: Got CD GPIO
[    2.023274] sdhci-tegra 700b0400.sdhci: Got WP GPIO
[    2.023484] mmc1: Unknown controller version (3). You may experience problems.
[    2.023575] mmc1: Invalid maximum block size, assuming 512 bytes
[    2.069552] mmc1: SDHCI controller on 700b0400.sdhci [700b0400.sdhci] using ADMA
[    2.070467] tegra-pcie 1003000.pcie-controller: 2x1, 1x1 configuration
[    2.072831] tegra-pcie 1003000.pcie-controller: probing port 0, using 2 lanes
[    2.075093] tegra-pcie 1003000.pcie-controller: Slot present pin change, signature: 00000008
[    2.106013] tegra-pcie 1003000.pcie-controller: probing port 1, using 1 lanes
[    2.108180] tegra-pcie 1003000.pcie-controller: Slot present pin change, signature: 00000000
[    2.122544] tegra-pcie 1003000.pcie-controller: PCI host bridge to bus 0000:00
[    2.122554] pci_bus 0000:00: root bus resource [io  0x0000-0xffff]
[    2.122562] pci_bus 0000:00: root bus resource [mem 0x13000000-0x1fffffff]
[    2.122569] pci_bus 0000:00: root bus resource [mem 0x20000000-0x3fffffff pref]
[    2.122576] pci_bus 0000:00: root bus resource [bus 00-ff]
[    2.122618] pci 0000:00:01.0: [10de:0e12] type 01 class 0x060400
[    2.122703] pci_bus 0000:00: 2-byte config write to 0000:00:01.0 offset 0x52 may corrupt adjacent RW1C bits
[    2.122756] pci 0000:00:01.0: PME# supported from D0 D1 D2 D3hot D3cold
[    2.122766] pci_bus 0000:00: 2-byte config write to 0000:00:01.0 offset 0x4c may corrupt adjacent RW1C bits
[    2.123144] pci 0000:00:02.0: [10de:0e13] type 01 class 0x060400
[    2.123219] pci_bus 0000:00: 2-byte config write to 0000:00:02.0 offset 0x52 may corrupt adjacent RW1C bits
[    2.123269] pci 0000:00:02.0: PME# supported from D0 D1 D2 D3hot D3cold
[    2.123278] pci_bus 0000:00: 2-byte config write to 0000:00:02.0 offset 0x4c may corrupt adjacent RW1C bits
[    2.123635] pci_bus 0000:00: 2-byte config write to 0000:00:01.0 offset 0x3e may corrupt adjacent RW1C bits
[    2.123648] pci_bus 0000:00: 2-byte config write to 0000:00:02.0 offset 0x3e may corrupt adjacent RW1C bits
[    2.123661] pci_bus 0000:00: 2-byte config write to 0000:00:01.0 offset 0x4 may corrupt adjacent RW1C bits
[    2.123671] pci_bus 0000:00: 1-byte config write to 0000:00:01.0 offset 0xc may corrupt adjacent RW1C bits
[    2.123682] pci_bus 0000:00: 2-byte config write to 0000:00:02.0 offset 0x4 may corrupt adjacent RW1C bits
[    2.123692] pci_bus 0000:00: 1-byte config write to 0000:00:02.0 offset 0xc may corrupt adjacent RW1C bits
[    2.123698] PCI: bus0: Fast back to back transfers disabled
[    2.123707] pci 0000:00:01.0: bridge configuration invalid ([bus 00-00]), reconfiguring
[    2.123726] pci 0000:00:02.0: bridge configuration invalid ([bus 00-00]), reconfiguring
[    2.124044] pci 0000:01:00.0: [8086:4232] type 00 class 0x028000
[    2.124099] pci 0000:01:00.0: reg 0x10: [mem 0x00000000-0x00001fff 64bit]
[    2.124326] pci 0000:01:00.0: PME# supported from D0 D3hot D3cold
[    2.138991] PCI: bus1: Fast back to back transfers disabled
[    2.139005] pci_bus 0000:01: busn_res: [bus 01-ff] end is updated to 01
[    2.139294] pci 0000:02:00.0: [10ec:8168] type 00 class 0x020000
[    2.139333] pci 0000:02:00.0: reg 0x10: [io  0x0000-0x00ff]
[    2.139375] pci 0000:02:00.0: reg 0x18: [mem 0x00000000-0x00000fff 64bit]
[    2.139403] pci 0000:02:00.0: reg 0x20: [mem 0x00000000-0x00003fff 64bit pref]
[    2.139580] pci 0000:02:00.0: supports D1 D2
[    2.139587] pci 0000:02:00.0: PME# supported from D0 D1 D2 D3hot D3cold
[    2.154012] PCI: bus2: Fast back to back transfers disabled
[    2.154032] pci_bus 0000:02: busn_res: [bus 02-ff] end is updated to 02
[    2.154227] pci 0000:00:01.0: BAR 8: assigned [mem 0x13000000-0x130fffff]
[    2.154240] pci 0000:00:02.0: BAR 8: assigned [mem 0x13100000-0x131fffff]
[    2.154252] pci 0000:00:02.0: BAR 9: assigned [mem 0x20000000-0x200fffff 64bit pref]
[    2.154261] pci 0000:00:02.0: BAR 7: assigned [io  0x1000-0x1fff]
[    2.154277] pci 0000:01:00.0: BAR 0: assigned [mem 0x13000000-0x13001fff 64bit]
[    2.154315] pci 0000:00:01.0: PCI bridge to [bus 01]
[    2.154329] pci 0000:00:01.0:   bridge window [mem 0x13000000-0x130fffff]
[    2.154349] pci 0000:02:00.0: BAR 4: assigned [mem 0x20000000-0x20003fff 64bit pref]
[    2.154379] pci 0000:02:00.0: BAR 2: assigned [mem 0x13100000-0x13100fff 64bit]
[    2.154408] pci 0000:02:00.0: BAR 0: assigned [io  0x1000-0x10ff]
[    2.154420] pci 0000:00:02.0: PCI bridge to [bus 02]
[    2.154427] pci 0000:00:02.0:   bridge window [io  0x1000-0x1fff]
[    2.154439] pci 0000:00:02.0:   bridge window [mem 0x13100000-0x131fffff]
[    2.154449] pci 0000:00:02.0:   bridge window [mem 0x20000000-0x200fffff 64bit pref]
[    2.154496] pci 0000:00:01.0: nv_msi_ht_cap_quirk didn't locate host bridge
[    2.154620] pcieport 0000:00:01.0: enabling device (0140 -> 0142)
[    2.154981] pcieport 0000:00:01.0: Signaling PME with IRQ 393
[    2.155103] pci 0000:00:02.0: nv_msi_ht_cap_quirk didn't locate host bridge
[    2.155192] pcieport 0000:00:02.0: enabling device (0140 -> 0143)
[    2.155507] pcieport 0000:00:02.0: Signaling PME with IRQ 394
[    2.155859] r8169 Gigabit Ethernet driver 2.3LK-NAPI loaded
[    2.155882] r8169 0000:02:00.0: enabling device (0140 -> 0143)
[    2.170840] r8169 0000:02:00.0 eth0: RTL8168g/8111g at 0xf0b41000, 00:04:4b:3a:d9:81, XID 0c000800 IRQ 395
[    2.170848] r8169 0000:02:00.0 eth0: jumbo features [frames: 9200 bytes, tx checksumming: ko]
[    2.178779] [drm] Supports vblank timestamp caching Rev 2 (21.10.2013).
[    2.178783] [drm] No driver support for vblank timestamp query.
[    2.178852] [drm] Cannot find any crtc or sizes - going 1024x768
[    2.320986] ata1: SATA link down (SStatus 0 SControl 300)
[    2.323364] mmc1: new high speed SDHC card at address aaaa
[    2.324859] mmcblk1: mmc1:aaaa SD04G 3.69 GiB 
[    2.336011]  mmcblk1: p1 p2 p3
[    2.716825] Console: switching to colour frame buffer device 128x48
[    2.731187] drm drm: fb0:  frame buffer device
[    2.731797] mmcblk0: mmc0:0001 SEM16G 14.7 GiB 
[    2.732926] mmcblk0boot0: mmc0:0001 SEM16G partition 1 4.00 MiB
[    2.734007] mmcblk0boot1: mmc0:0001 SEM16G partition 2 4.00 MiB
[    2.734831] mmcblk0rpmb: mmc0:0001 SEM16G partition 3 4.00 MiB
[    2.746195]  mmcblk0: p1
[    2.773988] [drm] Initialized tegra 0.0.0 20120330 on minor 0
[    2.781474] of: dev_pm_opp_of_cpumask_add_table: couldn't find opp table for cpu:0, -19
[    2.789549] cpufreq: cpufreq_online: CPU0: Running at unlisted freq: 696000 KHz
[    2.796883] cpufreq: cpufreq_online: CPU0: Unlisted initial frequency changed to: 714000 KHz
[    2.806126] input: gpio-keys as /devices/soc0/gpio-keys/input/input0
[    2.813528] as3722-rtc as3722-rtc: setting system clock to 2000-01-01 00:02:00 UTC (946684920)
[    2.822642] +USB0_VBUS_SW: disabling
[    2.826242] +1.8V_RUN_CAM: disabling
[    2.830075] +2.8V_RUN_CAM: disabling
[    2.833855] +1.2V_RUN_CAM_FRONT: disabling
[    2.838150] +1.05V_RUN_CAM_REAR: disabling
[    2.842480] +3.3V_RUN_TOUCH: disabling
[    2.846405] +2.8V_RUN_CAM_AF: disabling
[    2.850461] +1.8V_RUN_VPP_FUSE: disabling
[    2.855668] EXT4-fs (mmcblk0p1): mounting ext3 file system using the ext4 subsystem
[    2.899144] EXT4-fs (mmcblk0p1): recovery complete
[    2.904881] EXT4-fs (mmcblk0p1): mounted filesystem with ordered data mode. Opts: (null)
[    2.913005] VFS: Mounted root (ext3 filesystem) on device 179:17.
[    2.923086] devtmpfs: mounted
[    2.926920] Freeing unused kernel memory: 2048K
bash: cannot set terminal process group (-1): Inappropriate ioctl for device
bash: no job control in this shell
root@(none):/# 