[    0.000000] Booting Linux on physical CPU 0x0
[    0.000000] Linux version 4.12.0-rc2-289541-g0833289 (jonathanh@tamien) (gcc version 4.9.2 20140904 (prerelease) (crosstool-NG linaro-1.13.1-4.9-2014.09 - Linaro GCC 4.9-2014.09) ) #1 SMP PREEMPT Sun May 21 20:10:41 PDT 2017
[    0.000000] Boot CPU: AArch64 Processor [411fd070]
[    0.000000] Machine model: linux,dummy-virt
[    0.000000] Memory limited to 1024MB
[    0.000000] efi: Getting EFI parameters from FDT:
[    0.000000] efi: UEFI not found.
[    0.000000] cma: Reserved 16 MiB at 0x000000007f000000
[    0.000000] NUMA: No NUMA configuration found
[    0.000000] NUMA: Faking a node at [mem 0x0000000000000000-0x000000007fffffff]
[    0.000000] NUMA: Adding memblock [0x40000000 - 0x7fffffff] on node 0
[    0.000000] NUMA: Initmem setup node 0 [mem 0x40000000-0x7fffffff]
[    0.000000] NUMA: NODE_DATA [mem 0x7efeae80-0x7efec97f]
[    0.000000] Zone ranges:
[    0.000000]   DMA      [mem 0x0000000040000000-0x000000007fffffff]
[    0.000000]   Normal   empty
[    0.000000] Movable zone start for each node
[    0.000000] Early memory node ranges
[    0.000000]   node   0: [mem 0x0000000040000000-0x000000007fffffff]
[    0.000000] Initmem setup node 0 [mem 0x0000000040000000-0x000000007fffffff]
[    0.000000] psci: probing for conduit method from DT.
[    0.000000] psci: PSCIv0.2 detected in firmware.
[    0.000000] psci: Using standard PSCI v0.2 function IDs
[    0.000000] psci: Trusted OS migration not required
[    0.000000] percpu: Embedded 24 pages/cpu @ffff80003efcf000 s59264 r8192 d30848 u98304
[    0.000000] Detected PIPT I-cache on CPU0
[    0.000000] CPU features: enabling workaround for ARM erratum 832075
[    0.000000] CPU features: enabling workaround for ARM erratum 834220
[    0.000000] Built 1 zonelists in Node order, mobility grouping on.  Total pages: 258048
[    0.000000] Policy zone: DMA
[    0.000000] Kernel command line: root=/dev/vda2 rw rootwait mem=1024M console=ttyAMA0,38400n8 init=/bin/bash
[    0.000000] PID hash table entries: 4096 (order: 3, 32768 bytes)
[    0.000000] Memory: 999720K/1048576K available (8828K kernel code, 1102K rwdata, 4276K rodata, 1088K init, 404K bss, 32472K reserved, 16384K cma-reserved)
[    0.000000] Virtual kernel memory layout:
[    0.000000]     modules : 0xffff000000000000 - 0xffff000008000000   (   128 MB)
[    0.000000]     vmalloc : 0xffff000008000000 - 0xffff7dffbfff0000   (129022 GB)
[    0.000000]       .text : 0xffff000008080000 - 0xffff000008920000   (  8832 KB)
[    0.000000]     .rodata : 0xffff000008920000 - 0xffff000008d60000   (  4352 KB)
[    0.000000]       .init : 0xffff000008d60000 - 0xffff000008e70000   (  1088 KB)
[    0.000000]       .data : 0xffff000008e70000 - 0xffff000008f83a00   (  1103 KB)
[    0.000000]        .bss : 0xffff000008f83a00 - 0xffff000008fe8bc0   (   405 KB)
[    0.000000]     fixed   : 0xffff7dfffe7fd000 - 0xffff7dfffec00000   (  4108 KB)
[    0.000000]     PCI I/O : 0xffff7dfffee00000 - 0xffff7dffffe00000   (    16 MB)
[    0.000000]     vmemmap : 0xffff7e0000000000 - 0xffff800000000000   (  2048 GB maximum)
[    0.000000]               0xffff7e0000000000 - 0xffff7e0001000000   (    16 MB actual)
[    0.000000]     memory  : 0xffff800000000000 - 0xffff800040000000   (  1024 MB)
[    0.000000] SLUB: HWalign=64, Order=0-3, MinObjects=0, CPUs=1, Nodes=1
[    0.000000] Preemptible hierarchical RCU implementation.
[    0.000000] 	RCU restricting CPUs from NR_CPUS=64 to nr_cpu_ids=1.
[    0.000000] RCU: Adjusting geometry for rcu_fanout_leaf=16, nr_cpu_ids=1
[    0.000000] NR_IRQS:64 nr_irqs:64 0
[    0.000000] GICv2m: range[mem 0x08020000-0x08020fff], SPI[80:143]
[    0.000000] arch_timer: WARNING: Invalid trigger for IRQ3, assuming level low
[    0.000000] arch_timer: WARNING: Please fix your firmware
[    0.000000] arch_timer: cp15 timer(s) running at 62.50MHz (virt).
[    0.000000] clocksource: arch_sys_counter: mask: 0xffffffffffffff max_cycles: 0x1cd42e208c, max_idle_ns: 881590405314 ns
[    0.000178] sched_clock: 56 bits at 62MHz, resolution 16ns, wraps every 4398046511096ns
[    0.006976] Console: colour dummy device 80x25
[    0.008234] Calibrating delay loop (skipped), value calculated using timer frequency.. 125.00 BogoMIPS (lpj=250000)
[    0.008404] pid_max: default: 32768 minimum: 301
[    0.010043] Security Framework initialized
[    0.011623] Dentry cache hash table entries: 131072 (order: 8, 1048576 bytes)
[    0.013943] Inode-cache hash table entries: 65536 (order: 7, 524288 bytes)
[    0.015040] Mount-cache hash table entries: 2048 (order: 2, 16384 bytes)
[    0.015121] Mountpoint-cache hash table entries: 2048 (order: 2, 16384 bytes)
[    0.062515] ASID allocator initialised with 65536 entries
[    0.100208] EFI services will not be available.
[    0.118272] smp: Bringing up secondary CPUs ...
[    0.118437] smp: Brought up 1 node, 1 CPU
[    0.118500] SMP: Total of 1 processors activated.
[    0.118661] CPU features: detected feature: 32-bit EL0 Support
[    0.120381] CPU: All CPU(s) started at EL1
[    0.121507] alternatives: patching kernel code
[    0.141376] devtmpfs: initialized
[    0.157366] DMI not present or invalid.
[    0.160184] clocksource: jiffies: mask: 0xffffffff max_cycles: 0xffffffff, max_idle_ns: 7645041785100000 ns
[    0.160438] futex hash table entries: 256 (order: 3, 32768 bytes)
[    0.166241] pinctrl core: initialized pinctrl subsystem
[    0.206533] NET: Registered protocol family 16
[    0.233821] cpuidle: using governor menu
[    0.235768] vdso: 2 pages (1 code @ ffff000008927000, 1 data @ ffff000008e75000)
[    0.236098] hw-breakpoint: found 6 breakpoint and 4 watchpoint registers.
[    0.249849] DMA: preallocated 256 KiB pool for atomic allocations
[    0.254743] Serial: AMBA PL011 UART driver
[    0.323587] 9000000.pl011: ttyAMA0 at MMIO 0x9000000 (irq = 39, base_baud = 0) is a PL011 rev1
[    0.350753] console [ttyAMA0] enabled
[    0.357253] irq: type mismatch, failed to map hwirq-27 for /intc!
[    0.535440] HugeTLB registered 2 MB page size, pre-allocated 0 pages
[    0.556971] ACPI: Interpreter disabled.
[    0.569331] vgaarb: loaded
[    0.573222] SCSI subsystem initialized
[    0.580200] usbcore: registered new interface driver usbfs
[    0.582971] usbcore: registered new interface driver hub
[    0.585005] usbcore: registered new device driver usb
[    0.594108] pps_core: LinuxPPS API ver. 1 registered
[    0.594385] pps_core: Software ver. 5.3.6 - Copyright 2005-2007 Rodolfo Giometti <giometti@linux.it>
[    0.595131] PTP clock support registered
[    0.598142] dmi: Firmware registration failed.
[    0.603236] Advanced Linux Sound Architecture Driver Initialized.
[    0.618601] clocksource: Switched to clocksource arch_sys_counter
[    0.619775] VFS: Disk quotas dquot_6.6.0
[    0.620244] VFS: Dquot-cache hash table entries: 512 (order 0, 4096 bytes)
[    0.627354] pnp: PnP ACPI: disabled
[    0.711842] NET: Registered protocol family 2
[    0.721707] TCP established hash table entries: 8192 (order: 4, 65536 bytes)
[    0.722746] TCP bind hash table entries: 8192 (order: 5, 131072 bytes)
[    0.723647] TCP: Hash tables configured (established 8192 bind 8192)
[    0.725372] UDP hash table entries: 512 (order: 2, 16384 bytes)
[    0.725908] UDP-Lite hash table entries: 512 (order: 2, 16384 bytes)
[    0.728067] NET: Registered protocol family 1
[    0.739922] RPC: Registered named UNIX socket transport module.
[    0.740268] RPC: Registered udp transport module.
[    0.740534] RPC: Registered tcp transport module.
[    0.740833] RPC: Registered tcp NFSv4.1 backchannel transport module.
[    0.758934] kvm [1]: HYP mode not available
[    0.777408] audit: initializing netlink subsys (disabled)
[    0.781964] audit: type=2000 audit(0.730:1): state=initialized audit_enabled=0 res=1
[    0.785196] workingset: timestamp_bits=44 max_order=18 bucket_order=0
[    0.866154] squashfs: version 4.0 (2009/01/31) Phillip Lougher
[    0.879106] NFS: Registering the id_resolver key type
[    0.880399] Key type id_resolver registered
[    0.880713] Key type id_legacy registered
[    0.881125] nfs4filelayout_init: NFSv4 File Layout Driver Registering...
[    0.884542] 9p: Installing v9fs 9p2000 file system support
[    0.902185] Block layer SCSI generic (bsg) driver version 0.4 loaded (major 247)
[    0.903378] io scheduler noop registered
[    0.904960] io scheduler cfq registered (default)
[    0.905250] io scheduler mq-deadline registered
[    0.905502] io scheduler kyber registered
[    0.951376] pl061_gpio 9030000.pl061: PL061 GPIO chip @0x0000000009030000 registered
[    0.963347] OF: PCI: host bridge /pcie@10000000 ranges:
[    0.964050] OF: PCI:    IO 0x3eff0000..0x3effffff -> 0x00000000
[    0.964686] OF: PCI:   MEM 0x10000000..0x3efeffff -> 0x10000000
[    0.965037] OF: PCI:   MEM 0x8000000000..0xffffffffff -> 0x8000000000
[    0.965949] pci-host-generic 3f000000.pcie: ECAM at [mem 0x3f000000-0x3fffffff] for [bus 00-0f]
[    0.969190] pci-host-generic 3f000000.pcie: PCI host bridge to bus 0000:00
[    0.969717] pci_bus 0000:00: root bus resource [bus 00-0f]
[    0.970075] pci_bus 0000:00: root bus resource [io  0x0000-0xffff]
[    0.970407] pci_bus 0000:00: root bus resource [mem 0x10000000-0x3efeffff]
[    0.971233] pci_bus 0000:00: root bus resource [mem 0x8000000000-0xffffffffff]
[    1.047486] xenfs: not registering filesystem on non-xen platform
[    1.092821] Serial: 8250/16550 driver, 4 ports, IRQ sharing enabled
[    1.110402] SuperH (H)SCI(F) driver initialized
[    1.114991] msm_serial: driver initialized
[    1.122838] cacheinfo: Unable to detect cache hierarchy for CPU 0
[    1.221048] loop: module loaded
[    1.277278]  vda: vda1 vda2
[    1.295160] hisi_sas: driver version v1.6
[    1.328551] libphy: Fixed MDIO Bus: probed
[    1.333688] tun: Universal TUN/TAP device driver, 1.6
[    1.355622] e1000e: Intel(R) PRO/1000 Network Driver - 3.2.6-k
[    1.355925] e1000e: Copyright(c) 1999 - 2015 Intel Corporation.
[    1.357139] igb: Intel(R) Gigabit Ethernet Network Driver - version 5.4.0-k
[    1.357485] igb: Copyright (c) 2007-2014 Intel Corporation.
[    1.359197] igbvf: Intel(R) Gigabit Virtual Function Network Driver - version 2.4.0-k
[    1.359585] igbvf: Copyright (c) 2009 - 2012 Intel Corporation.
[    1.363700] sky2: driver version 1.30
[    1.369627] VFIO - User Level meta-driver version: 0.3
[    1.392238] ehci_hcd: USB 2.0 'Enhanced' Host Controller (EHCI) Driver
[    1.392598] ehci-pci: EHCI PCI platform driver
[    1.394110] ehci-platform: EHCI generic platform driver
[    1.395974] ehci-orion: EHCI orion driver
[    1.397001] ehci-exynos: EHCI EXYNOS driver
[    1.398004] ehci-msm: Qualcomm On-Chip EHCI Host Controller
[    1.400060] ohci_hcd: USB 1.1 'Open' Host Controller (OHCI) Driver
[    1.400458] ohci-pci: OHCI PCI platform driver
[    1.401482] ohci-platform: OHCI generic platform driver
[    1.403342] ohci-exynos: OHCI EXYNOS driver
[    1.408340] usbcore: registered new interface driver usb-storage
[    1.430238] rtc-pl031 9010000.pl031: rtc core: registered pl031 as rtc0
[    1.437516] i2c /dev entries driver
[    1.470977] sdhci: Secure Digital Host Controller Interface driver
[    1.471289] sdhci: Copyright(c) Pierre Ossman
[    1.475161] Synopsys Designware Multimedia Card Interface Driver
[    1.484395] sdhci-pltfm: SDHCI platform and OF driver helper
[    1.496947] ledtrig-cpu: registered to indicate activity on CPUs
[    1.511168] usbcore: registered new interface driver usbhid
[    1.511486] usbhid: USB HID core driver
[    1.530223] NET: Registered protocol family 17
[    1.533054] 9pnet: Installing 9P2000 support
[    1.533874] Key type dns_resolver registered
[    1.538956] registered taskstats version 1
[    1.548770] input: gpio-keys as /devices/platform/gpio-keys/input/input0
[    1.552899] rtc-pl031 9010000.pl031: setting system clock to 2017-05-22 03:11:27 UTC (1495422687)
[    1.554238] ALSA device list:
[    1.554442]   No soundcards found.
[    1.558459] uart-pl011 9000000.pl011: no DMA platform data
[    1.577958] EXT4-fs (vda2): couldn't mount as ext3 due to feature incompatibilities
[    1.634486] EXT4-fs (vda2): recovery complete
[    1.636579] EXT4-fs (vda2): mounted filesystem with ordered data mode. Opts: (null)
[    1.637347] VFS: Mounted root (ext4 filesystem) on device 254:2.
[    1.641823] devtmpfs: mounted
[    1.688638] Freeing unused kernel memory: 1088K
bash: cannot set terminal process group (-1): Inappropriate ioctl for device
bash: no job control in this shell
bash-4.3# 