
U-Boot SPL 2014.01-00219-gc4d376f (Feb 18 2014 - 19:57:32)


U-Boot 2014.01-00219-gc4d376f (Feb 18 2014 - 19:57:32)

TEGRA114
Board: NVIDIA Dalmore
I2C:   ready
DRAM:  2 GiB
MMC:   Tegra SD/MMC: 0, Tegra SD/MMC: 1
In:    serial
Out:   serial
Err:   serial
Net:   Net Initialization Skipped
No ethernet found.
Hit any key to stop autoboot:  2  0 
Tegra114 (Dalmore) # 
Tegra114 (Dalmore) # usb reset
(Re)start USB...
USB0:   USB EHCI 1.10
scanning bus 0 for devices... 2 USB Device(s) found
       scanning usb for storage devices... 0 Storage Device(s) found
       scanning usb for ethernet devices... 
Warning: asx0 using MAC address from net device
1 Ethernet Device(s) found
Tegra114 (Dalmore) # setenv bootargs 'ignore_loglevel console=ttyS0,115200n8 rw root=PARTUUID=7369c667-ff51-ec4a-29cd-baabf2fbe346 rootwait gpt debug earlyprintk init=/bin/bash'
Tegra114 (Dalmore) # setenv ipaddr 192.168.100.100; setenv serverip 192.168.100.1; setenv tftpserverip 192.168.100.1
Tegra114 (Dalmore) # tftpboot 0x81000000 zImage.multi_v7_defconfig
Using asx0 device
TFTP from server 192.168.100.1; our IP address is 192.168.100.100
Filename 'zImage.multi_v7_defconfig'.
Load address: 0x81000000
Loading: *#################################################################
	 #################################################################
	 #################################################################
	 #################################################################
	 #################################################################
	 #################################################################
	 #################################################################
	 #################################################################
	 ##############################
	 3 MiB/s
done
Bytes transferred = 8061440 (7b0200 hex)
Tegra114 (Dalmore) # tftpboot 0x82000000 tegra114-dalmore.dtb
Using asx0 device
TFTP from server 192.168.100.1; our IP address is 192.168.100.100
Filename 'tegra114-dalmore.dtb'.
Load address: 0x82000000
Loading: *###
	 3 MiB/s
done
Bytes transferred = 34502 (86c6 hex)
Tegra114 (Dalmore) # bootz 0x81000000 - 0x82000000
Kernel image @ 0x81000000 [ 0x000000 - 0x7b0200 ]
## Flattened Device Tree blob at 82000000
   Booting using the fdt blob at 0x82000000
   Loading Device Tree to 8fff4000, end 8ffff6c5 ... OK

Starting kernel ...

[    0.000000] Booting Linux on physical CPU 0x0
[    0.000000] Linux version 4.15.0-rc4-334808-g1291a0d5049d (jonathanh@tamien) (gcc version 4.7.3 20130328 (prerelease) (crosstool-NG linaro-1.13.1-4.7-2013.04-20130415 - Linaro GCC 2013.04)) #1 SMP Sun Dec 17 19:33:47 PST 2017
[    0.000000] CPU: ARMv7 Processor [412fc0f2] revision 2 (ARMv7), cr=10c5387d
[    0.000000] CPU: div instructions available: patching division code
[    0.000000] CPU: PIPT / VIPT nonaliasing data cache, PIPT instruction cache
[    0.000000] OF: fdt: Machine model: NVIDIA Tegra114 Dalmore evaluation board
[    0.000000] debug: ignoring loglevel setting.
[    0.000000] Memory policy: Data cache writealloc
[    0.000000] efi: Getting EFI parameters from FDT:
[    0.000000] efi: UEFI not found.
[    0.000000] cma: Reserved 64 MiB at 0xfb800000
[    0.000000] On node 0 totalpages: 524032
[    0.000000]   DMA zone: 1536 pages used for memmap
[    0.000000]   DMA zone: 0 pages reserved
[    0.000000]   DMA zone: 196608 pages, LIFO batch:31
[    0.000000]   HighMem zone: 327424 pages, LIFO batch:31
[    0.000000] random: fast init done
[    0.000000] percpu: Embedded 17 pages/cpu @(ptrval) s39040 r8192 d22400 u69632
[    0.000000] pcpu-alloc: s39040 r8192 d22400 u69632 alloc=17*4096
[    0.000000] pcpu-alloc: [0] 0 [0] 1 [0] 2 [0] 3 
[    0.000000] Built 1 zonelists, mobility grouping on.  Total pages: 522496
[    0.000000] Kernel command line: ignore_loglevel console=ttyS0,115200n8 rw root=PARTUUID=7369c667-ff51-ec4a-29cd-baabf2fbe346 rootwait gpt debug earlyprintk init=/bin/bash
[    0.000000] Dentry cache hash table entries: 131072 (order: 7, 524288 bytes)
[    0.000000] Inode-cache hash table entries: 65536 (order: 6, 262144 bytes)
[    0.000000] Memory: 1992548K/2096128K available (11264K kernel code, 1602K rwdata, 4296K rodata, 2048K init, 404K bss, 38044K reserved, 65536K cma-reserved, 1244160K highmem)
[    0.000000] Virtual kernel memory layout:
[    0.000000]     vector  : 0xffff0000 - 0xffff1000   (   4 kB)
[    0.000000]     fixmap  : 0xffc00000 - 0xfff00000   (3072 kB)
[    0.000000]     vmalloc : 0xf0800000 - 0xff800000   ( 240 MB)
[    0.000000]     lowmem  : 0xc0000000 - 0xf0000000   ( 768 MB)
[    0.000000]     pkmap   : 0xbfe00000 - 0xc0000000   (   2 MB)
[    0.000000]     modules : 0xbf000000 - 0xbfe00000   (  14 MB)
[    0.000000]       .text : 0x(ptrval) - 0x(ptrval)   (12256 kB)
[    0.000000]       .init : 0x(ptrval) - 0x(ptrval)   (2048 kB)
[    0.000000]       .data : 0x(ptrval) - 0x(ptrval)   (1603 kB)
[    0.000000]        .bss : 0x(ptrval) - 0x(ptrval)   ( 405 kB)
[    0.000000] SLUB: HWalign=64, Order=0-3, MinObjects=0, CPUs=4, Nodes=1
[    0.000000] Hierarchical RCU implementation.
[    0.000000] 	RCU event tracing is enabled.
[    0.000000] 	RCU restricting CPUs from NR_CPUS=16 to nr_cpu_ids=4.
[    0.000000] RCU: Adjusting geometry for rcu_fanout_leaf=16, nr_cpu_ids=4
[    0.000000] NR_IRQS: 16, nr_irqs: 16, preallocated irqs: 16
[    0.000000] /interrupt-controller@60004000: 160 interrupts forwarded to /interrupt-controller@50041000
[    0.000000] Tegra clk 127: register failed with -17
[    0.000008] sched_clock: 32 bits at 1000kHz, resolution 1000ns, wraps every 2147483647500ns
[    0.000029] clocksource: timer_us: mask: 0xffffffff max_cycles: 0xffffffff, max_idle_ns: 1911260446275 ns
[    0.000045] Switching to timer-based delay loop, resolution 1000ns
[    0.003218] arch_timer: cp15 timer(s) running at 12.00MHz (virt).
[    0.003238] clocksource: arch_sys_counter: mask: 0xffffffffffffff max_cycles: 0x2c47f4ee7, max_idle_ns: 440795202497 ns
[    0.003258] sched_clock: 56 bits at 12MHz, resolution 83ns, wraps every 4398046511096ns
[    0.003274] Switching to timer-based delay loop, resolution 83ns
[    0.003689] Console: colour dummy device 80x30
[    0.003724] Calibrating delay loop (skipped), value calculated using timer frequency.. 24.00 BogoMIPS (lpj=120000)
[    0.003744] pid_max: default: 32768 minimum: 301
[    0.003841] Mount-cache hash table entries: 2048 (order: 1, 8192 bytes)
[    0.003857] Mountpoint-cache hash table entries: 2048 (order: 1, 8192 bytes)
[    0.004379] CPU: Testing write buffer coherency: ok
[    0.004627] /cpus/cpu@0 missing clock-frequency property
[    0.004659] /cpus/cpu@1 missing clock-frequency property
[    0.004690] /cpus/cpu@2 missing clock-frequency property
[    0.004721] /cpus/cpu@3 missing clock-frequency property
[    0.004736] CPU0: thread -1, cpu 0, socket 0, mpidr 80000000
[    0.005046] Setting up static identity map for 0x80300000 - 0x803000a0
[    0.006281] Hierarchical SRCU implementation.
[    0.007629] Tegra Revision: A01 SKU: 0 CPU Process: 1 SoC Process: 0
[    0.008275] EFI services will not be available.
[    0.008440] smp: Bringing up secondary CPUs ...
[    0.009031] CPU1: thread -1, cpu 1, socket 0, mpidr 80000001
[    0.009718] CPU2: thread -1, cpu 2, socket 0, mpidr 80000002
[    0.010415] CPU3: thread -1, cpu 3, socket 0, mpidr 80000003
[    0.010522] smp: Brought up 1 node, 4 CPUs
[    0.010545] SMP: Total of 4 processors activated (96.00 BogoMIPS).
[    0.010555] CPU: All CPU(s) started in SVC mode.
[    0.012065] devtmpfs: initialized
[    0.019926] VFP support v0.3: implementor 41 architecture 4 part 30 variant f rev 0
[    0.020227] clocksource: jiffies: mask: 0xffffffff max_cycles: 0xffffffff, max_idle_ns: 19112604462750000 ns
[    0.020247] futex hash table entries: 1024 (order: 4, 65536 bytes)
[    0.021700] pinctrl core: initialized pinctrl subsystem
[    0.023002] DMI not present or invalid.
[    0.023288] NET: Registered protocol family 16
[    0.025541] DMA: preallocated 256 KiB pool for atomic coherent allocations
[    0.027501] cpuidle: using governor menu
[    0.049022] No ATAGs?
[    0.049154] hw-breakpoint: found 5 (+1 reserved) breakpoint and 4 watchpoint registers.
[    0.049171] hw-breakpoint: maximum watchpoint size is 8 bytes.
[    0.054687] Serial: AMBA PL011 UART driver
[    0.055593] tegra-mc 70019000.memory-controller: no memory timings for RAM code 3 registered
[    0.055727] iommu: Adding device reg-dummy to group 0
[    0.055764] iommu: Adding device 50000000.host1x to group 1
[    0.055799] iommu: Adding device 54140000.gr2d to group 2
[    0.055834] iommu: Adding device 54180000.gr3d to group 3
[    0.055905] iommu: Adding device 54200000.dc to group 4
[    0.055978] iommu: Adding device 54240000.dc to group 5
[    0.056022] iommu: Adding device 54280000.hdmi to group 6
[    0.056055] iommu: Adding device 54300000.dsi to group 7
[    0.056089] iommu: Adding device 60005000.timer to group 8
[    0.056121] iommu: Adding device 60007000.flow-controller to group 9
[    0.056156] iommu: Adding device 6000a000.dma to group 10
[    0.056189] iommu: Adding device 6000c000.ahb to group 11
[    0.056221] iommu: Adding device 6000d000.gpio to group 12
[    0.056253] iommu: Adding device 70000800.apbmisc to group 13
[    0.056291] iommu: Adding device 70000868.pinmux to group 14
[    0.056324] iommu: Adding device 70006300.serial to group 15
[    0.056357] iommu: Adding device 7000a000.pwm to group 16
[    0.056396] iommu: Adding device 7000c000.i2c to group 17
[    0.056431] iommu: Adding device 7000c700.i2c to group 18
[    0.056464] iommu: Adding device 7000d000.i2c to group 19
[    0.056498] iommu: Adding device 7000da00.spi to group 20
[    0.056534] iommu: Adding device 7000e000.rtc to group 21
[    0.056571] iommu: Adding device 7000e400.pmc to group 22
[    0.056605] iommu: Adding device 7000f800.fuse to group 23
[    0.056639] iommu: Adding device 70019000.memory-controller to group 24
[    0.056671] iommu: Adding device 70080000.ahub to group 25
[    0.056703] iommu: Adding device 700e3000.mipi to group 26
[    0.056736] iommu: Adding device 78000400.sdhci to group 27
[    0.056773] iommu: Adding device 78000600.sdhci to group 28
[    0.056806] iommu: Adding device 7d000000.usb to group 29
[    0.056840] iommu: Adding device 7d000000.usb-phy to group 30
[    0.056877] iommu: Adding device 7d008000.usb to group 31
[    0.056909] iommu: Adding device 7d008000.usb-phy to group 32
[    0.056942] iommu: Adding device timer to group 33
[    0.056974] iommu: Adding device backlight to group 34
[    0.057007] iommu: Adding device clocks to group 35
[    0.057041] iommu: Adding device gpio-keys to group 36
[    0.057074] iommu: Adding device regulators to group 37
[    0.057112] iommu: Adding device regulators:regulator@0 to group 38
[    0.057148] iommu: Adding device regulators:regulator@1 to group 39
[    0.057183] iommu: Adding device regulators:regulator@3 to group 40
[    0.057217] iommu: Adding device regulators:regulator@4 to group 41
[    0.057250] iommu: Adding device regulators:regulator@5 to group 42
[    0.057283] iommu: Adding device regulators:regulator@6 to group 43
[    0.057317] iommu: Adding device regulators:regulator@7 to group 44
[    0.057350] iommu: Adding device sound to group 45
[    0.071470] AT91: Could not find identification node
[    0.071954] dvdd_ts: Failed to request enable GPIO61: -517
[    0.071976] reg-fixed-voltage regulators:regulator@1: Failed to register regulator: -517
[    0.072085] usb1_vbus: Failed to request enable GPIO108: -517
[    0.072101] reg-fixed-voltage regulators:regulator@3: Failed to register regulator: -517
[    0.072208] usb2_vbus: Failed to request enable GPIO86: -517
[    0.072223] reg-fixed-voltage regulators:regulator@4: Failed to register regulator: -517
[    0.072644] VDD_5V0_HDMI_CON: Failed to request enable GPIO81: -517
[    0.072659] reg-fixed-voltage regulators:regulator@7: Failed to register regulator: -517
[    0.075078] vgaarb: loaded
[    0.075787] SCSI subsystem initialized
[    0.075961] libata version 3.00 loaded.
[    0.076161] usbcore: registered new interface driver usbfs
[    0.076211] usbcore: registered new interface driver hub
[    0.076282] usbcore: registered new device driver usb
[    0.079510] tps65090 2-0048: No cache defaults, reading back from HW
[    0.080514] iommu: Adding device tps65090-pmic to group 46
[    0.081468] TPS65090_RAILSDCDC1: supplied by vdd_ac_bat
[    0.082523] TPS65090_RAILSDCDC2: supplied by vdd_ac_bat
[    0.083594] TPS65090_RAILSDCDC3: supplied by vdd_ac_bat
[    0.084108] TPS65090_RAILSFET1: supplied by vdd_ac_bat
[    0.084467] TPS65090_RAILSFET2: supplied by vdd_ac_bat
[    0.084823] TPS65090_RAILSFET3: supplied by vdd-sys-3v3
[    0.085332] TPS65090_RAILSFET4: supplied by vdd-sys-3v3
[    0.085852] TPS65090_RAILSFET5: supplied by vdd-sys-3v3
[    0.086352] TPS65090_RAILSFET6: supplied by vdd-sys-3v3
[    0.087178] TPS65090_RAILSFET7: supplied by vdd-sys-3v3
[    0.087688] TPS65090_RAILSLDO1: supplied by vdd_ac_bat
[    0.087876] TPS65090_RAILSLDO2: supplied by vdd_ac_bat
[    0.088194] iommu: Adding device tps65090-charger to group 47
[    0.088793] palmas 2-0058: Irq flag is 0x00000004
[    0.090758] palmas 2-0058: Muxing GPIO ff, PWM 0, LED 0
[    0.090993] iommu: Adding device 7000d000.i2c:tps65913@58:gpio to group 48
[    0.091526] iommu: Adding device 7000d000.i2c:tps65913@58:pmic to group 49
[    0.093370] SMPS12: supplied by vdd-ao
[    0.094363] vdd_hdmi_5v0: supplied by vdd-sys-5v0
[    0.095176] SMPS3: supplied by vdd-ao
[    0.096892] SMPS457: supplied by vdd-sys-3v3
[    0.098518] SMPS6: supplied by regulator-dummy
[    0.099906] SMPS8: supplied by vdd-sys-3v3
[    0.101481] SMPS9: supplied by vdd-sys-3v3
[    0.102001] sdhci-vdd-sd-slot: Bringing 2840000uV into 2800000-2800000uV
[    0.103435] SMPS10_OUT2: supplied by regulator-dummy
[    0.104264] SMPS10_OUT1: supplied by regulator-dummy
[    0.105092] LDO1: supplied by vdd-sys-3v3
[    0.106195] LDO2: supplied by vdd-sys-3v3
[    0.107301] LDO3: supplied by vddio-1v8
[    0.108392] LDO4: supplied by vdd-sys-3v3
[    0.109489] LDO5: supplied by vdd_ac_bat
[    0.110163] LDO6: supplied by vdd-sys-3v3
[    0.110672] vdd-sensor-2v85: Bringing 2900000uV into 2850000-2850000uV
[    0.111986] LDO7: supplied by vdd-sys-3v3
[    0.113629] LDO8: supplied by vdd-ao
[    0.114158] vdd-rtc: Bringing 675000uV into 900000-900000uV
[    0.123929] LDO9: supplied by sdhci-vdd-sd-slot
[    0.134257] LDOLN: supplied by vdd-sys-5v0
[    0.135364] LDOUSB: supplied by vdd-sys-5v0
[    0.145682] iommu: Adding device 7000d000.i2c:tps65913@58:rtc to group 50
[    0.146087] iommu: Adding device 7000d000.i2c:tps65913@58:pinmux to group 51
[    0.146650] pps_core: LinuxPPS API ver. 1 registered
[    0.146660] pps_core: Software ver. 5.3.6 - Copyright 2005-2007 Rodolfo Giometti <giometti@linux.it>
[    0.146683] PTP clock support registered
[    0.146868] EDAC MC: Ver: 3.0.0
[    0.147142] dmi: Firmware registration failed.
[    0.148920] clocksource: Switched to clocksource arch_sys_counter
[    0.200015] NET: Registered protocol family 2
[    0.200513] TCP established hash table entries: 8192 (order: 3, 32768 bytes)
[    0.200614] TCP bind hash table entries: 8192 (order: 4, 65536 bytes)
[    0.200802] TCP: Hash tables configured (established 8192 bind 8192)
[    0.200890] UDP hash table entries: 512 (order: 2, 16384 bytes)
[    0.200935] UDP-Lite hash table entries: 512 (order: 2, 16384 bytes)
[    0.201091] NET: Registered protocol family 1
[    0.201479] RPC: Registered named UNIX socket transport module.
[    0.201491] RPC: Registered udp transport module.
[    0.201502] RPC: Registered tcp transport module.
[    0.201511] RPC: Registered tcp NFSv4.1 backchannel transport module.
[    0.201525] PCI: CLS 0 bytes, default 64
[    0.202979] iommu: Adding device alarmtimer to group 52
[    0.203694] Initialise system trusted keyrings
[    0.203830] workingset: timestamp_bits=30 max_order=19 bucket_order=0
[    0.209705] squashfs: version 4.0 (2009/01/31) Phillip Lougher
[    0.210288] NFS: Registering the id_resolver key type
[    0.210311] Key type id_resolver registered
[    0.210321] Key type id_legacy registered
[    0.210365] ntfs: driver 2.1.32 [Flags: R/O].
[    0.211914] Key type asymmetric registered
[    0.211927] Asymmetric key parser 'x509' registered
[    0.211981] bounce: pool size: 64 pages
[    0.212031] Block layer SCSI generic (bsg) driver version 0.4 loaded (major 247)
[    0.212044] io scheduler noop registered
[    0.212054] io scheduler deadline registered
[    0.212272] io scheduler cfq registered (default)
[    0.212285] io scheduler mq-deadline registered
[    0.212295] io scheduler kyber registered
[    0.244263] tegra-apbdma 6000a000.dma: Tegra20 APB DMA driver register 32 channels
[    0.247163] tegra-pmc 7000e400.pmc: i2c-thermtrip node not found, emergency thermal reset disabled.
[    0.298155] Serial: 8250/16550 driver, 4 ports, IRQ sharing disabled
[    0.298257] iommu: Adding device serial8250 to group 53
[    0.300873] console [ttyS0] disabled
[    0.300915] 70006300.serial: ttyS0 at MMIO 0x70006300 (irq = 329, base_baud = 25500000) is a Tegra
[    1.616273] console [ttyS0] enabled
[    1.620554] SuperH (H)SCI(F) driver initialized
[    1.626053] msm_serial: driver initialized
[    1.630345] STMicroelectronics ASC driver initialized
[    1.657298] tegra-hdmi 54280000.hdmi: failed to get HDMI regulator
[    1.679278] brd: module loaded
[    1.688980] loop: module loaded
[    1.709403] m25p80 spi0.0: w25q32dw (4096 Kbytes)
[    1.716268] iommu: Adding device Fixed MDIO bus.0 to group 54
[    1.722468] libphy: Fixed MDIO Bus: probed
[    1.727554] CAN device driver interface
[    1.732312] bgmac_bcma: Broadcom 47xx GBit MAC driver loaded
[    1.739189] e1000e: Intel(R) PRO/1000 Network Driver - 3.2.6-k
[    1.745014] e1000e: Copyright(c) 1999 - 2015 Intel Corporation.
[    1.750988] igb: Intel(R) Gigabit Ethernet Network Driver - version 5.4.0-k
[    1.757938] igb: Copyright (c) 2007-2014 Intel Corporation.
[    1.766996] pegasus: v0.9.3 (2013/04/25), Pegasus/Pegasus II USB Ethernet driver
[    1.774442] usbcore: registered new interface driver pegasus
[    1.780147] usbcore: registered new interface driver asix
[    1.785568] usbcore: registered new interface driver ax88179_178a
[    1.791701] usbcore: registered new interface driver cdc_ether
[    1.797566] usbcore: registered new interface driver smsc75xx
[    1.803363] usbcore: registered new interface driver smsc95xx
[    1.809149] usbcore: registered new interface driver net1080
[    1.814827] usbcore: registered new interface driver cdc_subset
[    1.820780] usbcore: registered new interface driver zaurus
[    1.826389] usbcore: registered new interface driver cdc_ncm
[    1.832289] tegra-phy 7d000000.usb-phy: no vbus regulator
[    1.839717] ehci_hcd: USB 2.0 'Enhanced' Host Controller (EHCI) Driver
[    1.846236] ehci-pci: EHCI PCI platform driver
[    1.850725] ehci-platform: EHCI generic platform driver
[    1.856126] ehci-orion: EHCI orion driver
[    1.860290] SPEAr-ehci: EHCI SPEAr driver
[    1.864425] ehci-st: EHCI STMicroelectronics driver
[    1.869445] ehci-exynos: EHCI EXYNOS driver
[    1.873765] ehci-atmel: EHCI Atmel driver
[    1.877890] tegra-ehci: Tegra EHCI driver
[    1.882208] ohci_hcd: USB 1.1 'Open' Host Controller (OHCI) Driver
[    1.888389] ohci-pci: OHCI PCI platform driver
[    1.892887] ohci-platform: OHCI generic platform driver
[    1.898271] SPEAr-ohci: OHCI SPEAr driver
[    1.902419] ohci-st: OHCI STMicroelectronics driver
[    1.907417] ohci-atmel: OHCI Atmel driver
[    1.912129] usbcore: registered new interface driver usb-storage
[    1.922217] iommu: Adding device ci_hdrc.0 to group 55
[    1.935945] palmas-rtc 7000d000.i2c:tps65913@58:rtc: rtc core: registered 7000d000.i2c:tps65913@58:rtc as rtc0
[    1.947763] tegra_rtc 7000e000.rtc: rtc core: registered 7000e000.rtc as rtc1
[    1.954956] tegra_rtc 7000e000.rtc: Tegra internal Real Time Clock
[    1.961652] i2c /dev entries driver
[    1.971569] sbs-battery 0-000b: sbs_probe: Failed to get device status
[    1.978101] sbs-battery: probe of 0-000b failed with error -121
[    1.994358] sdhci: Secure Digital Host Controller Interface driver
[    2.000558] sdhci: Copyright(c) Pierre Ossman
[    2.006443] Synopsys Designware Multimedia Card Interface Driver
[    2.013803] sdhci-pltfm: SDHCI platform and OF driver helper
[    2.020199] sdhci-tegra 78000400.sdhci: Got CD GPIO
[    2.025087] sdhci-tegra 78000400.sdhci: Got WP GPIO
[    2.038211] mmc0: Invalid maximum block size, assuming 512 bytes
[    2.109071] mmc0: SDHCI controller on 78000400.sdhci [78000400.sdhci] using ADMA
[    2.125737] mmc1: Invalid maximum block size, assuming 512 bytes
[    2.188961] mmc1: SDHCI controller on 78000600.sdhci [78000600.sdhci] using ADMA
[    2.198349] ledtrig-cpu: registered to indicate activity on CPUs
[    2.204734] usbcore: registered new interface driver usbhid
[    2.210321] usbhid: USB HID core driver
[    2.218000] NET: Registered protocol family 10
[    2.223356] Segment Routing with IPv6
[    2.227082] sit: IPv6, IPv4 and MPLS over IPv4 tunneling driver
[    2.233550] NET: Registered protocol family 17
[    2.237996] can: controller area network core (rev 20170425 abi 9)
[    2.244249] NET: Registered protocol family 29
[    2.248690] can: raw protocol (rev 20170425)
[    2.252978] can: broadcast manager protocol (rev 20170425 t)
[    2.258637] can: netlink gateway (rev 20170425) max_hops=1
[    2.264411] Key type dns_resolver registered
[    2.269204] ThumbEE CPU extension supported.
[    2.273475] Registering SWP/SWPB emulation handler
[    2.278778] Loading compiled-in X.509 certificates
[    2.294761] mmc0: new high speed SDHC card at address aaaa
[    2.296886] usb1_vbus: supplied by vdd-sys-5v0
[    2.305431] usb2_vbus: supplied by vdd-sys-5v0
[    2.309211] mmcblk0: mmc0:aaaa SL16G 14.8 GiB 
[    2.317480] VDD_5V0_HDMI_CON: supplied by vdd-sys-5v0
[    2.327363]  mmcblk0: p1 p2 p3
[    2.331818] [drm] Supports vblank timestamp caching Rev 2 (21.10.2013).
[    2.338438] [drm] No driver support for vblank timestamp query.
[    2.347707] mmc1: new high speed MMC card at address 0001
[    2.353649] mmcblk1: mmc1:0001 SEM32G 29.1 GiB 
[    2.358468] mmcblk1boot0: mmc1:0001 SEM32G partition 1 4.00 MiB
[    2.364741] mmcblk1boot1: mmc1:0001 SEM32G partition 2 4.00 MiB
[    2.371342] mmcblk1rpmb: mmc1:0001 SEM32G partition 3 4.00 MiB, chardev (237:0)
[    2.374453]  mmcblk1: p1 p2 p3 p4 p5 p6 p7 p8
[    2.440300] Console: switching to colour frame buffer device 240x75
[    2.491567] drm drm: fb0:  frame buffer device
[    2.496107] [drm] Initialized tegra 0.0.0 20120330 for drm on minor 0
[    2.505912] tegra-ehci 7d008000.usb: EHCI Host Controller
[    2.511356] tegra-ehci 7d008000.usb: new USB bus registered, assigned bus number 1
[    2.519699] tegra-ehci 7d008000.usb: irq 340, io mem 0x7d008000
[    2.549047] tegra-ehci 7d008000.usb: USB 2.0 started, EHCI 1.10
[    2.556113] hub 1-0:1.0: USB hub found
[    2.559983] hub 1-0:1.0: 1 port detected
[    2.565713] input: gpio-keys as /devices/soc0/gpio-keys/input/input0
[    2.574605] palmas-rtc 7000d000.i2c:tps65913@58:rtc: setting system clock to 2000-05-10 10:38:57 UTC (957955137)
[    2.590629] dvdd_ts: disabling
[    2.593689] usb1_vbus: disabling
[    2.596914] vdd_cam_1v8_reg: disabling
[    2.602415] EXT4-fs (mmcblk1p1): mounting ext3 file system using the ext4 subsystem
[    2.624863] EXT4-fs (mmcblk1p1): recovery complete
[    2.629749] EXT4-fs (mmcblk1p1): mounted filesystem with ordered data mode. Opts: (null)
[    2.637879] VFS: Mounted root (ext3 filesystem) on device 179:17.
[    2.646659] devtmpfs: mounted
[    2.651585] Freeing unused kernel memory: 2048K
bash: cannot set terminal process group (-1): Inappropriate ioctl for device
bash: no job control in this shell
root@(none):/# mount -t sysfs none /sys
root@(none):/# 
root@(none):/# [    3.622511] asix 1-1:1.0 eth0: register 'asix' at usb-7d008000.usb-1, ASIX AX88772 USB 2.0 Ethernet, 00:50:b6:0d:b5:16
mount -t debugfs none /sys/kernel/debug
root@(none):/# 
root@(none):/# rtcwake -d rtc1 -m mem -s 3
rtcwake: assuming RTC uses UTC ...
rtcwake: wakeup from "mem" using /dev/rtc1 at Thu Jan  1 00:00:20 1970
[    5.373189] PM: suspend entry (deep)
[    5.376771] PM: Syncing filesystems ... done.
[    5.405799] Freezing user space processes ... (elapsed 0.001 seconds) done.
[    5.414059] OOM killer disabled.
[    5.417283] Freezing remaining freezable tasks ... (elapsed 0.001 seconds) done.
[    5.426052] Suspending console(s) (use no_console_suspend to debug)
[    5.497421] Disabling non-boot CPUs ...
[    5.649227] IRQ17 no longer affine to CPU3
[    5.650094] Entering suspend state LP1
[    5.650117] Enabling non-boot CPUs ...
[    5.650781] CPU1 is up
[    5.651395] CPU2 is up
[    5.652122] CPU3 is up
[    6.284663] OOM killer enabled.
[    6.287805] Restarting tasks ... done.
[    6.327188] PM: suspend exit
root@(none):/# 
root@(none):/# rtcwake -d rtc1 -m mem -s 3
rtcwake: assuming RTC uses UTC ...
rtcwake: wakeup from "mem" using /dev/rtc1 at Thu Jan  1 00:00:30 1970
[    7.617882] PM: suspend entry (deep)
[    7.621495] PM: Syncing filesystems ... done.
[    7.660262] Freezing user space processes ... (elapsed 0.001 seconds) done.
[    7.668505] OOM killer disabled.
[    7.671783] Freezing remaining freezable tasks ... (elapsed 0.001 seconds) done.
[    7.680546] Suspending console(s) (use no_console_suspend to debug)
[    7.746848] Disabling non-boot CPUs ...
[    7.910042] Entering suspend state LP1
[    7.910065] Enabling non-boot CPUs ...
[    7.910756] CPU1 is up
[    7.911379] CPU2 is up
[    7.912110] CPU3 is up
[    8.549998] OOM killer enabled.
[    8.553144] Restarting tasks ... done.
[    8.589098] PM: suspend exit
root@(none):/# 
root@(none):/# rtcwake -d rtc1 -m mem -s 3
rtcwake: assuming RTC uses UTC ...
rtcwake: wakeup from "mem" using /dev/rtc1 at Thu Jan  1 00:00:40 1970
[    9.297458] PM: suspend entry (deep)
[    9.301088] PM: Syncing filesystems ... done.
[    9.339242] Freezing user space processes ... (elapsed 0.001 seconds) done.
[    9.347512] OOM killer disabled.
[    9.350789] Freezing remaining freezable tasks ... (elapsed 0.001 seconds) done.
[    9.359548] Suspending console(s) (use no_console_suspend to debug)
[    9.426789] Disabling non-boot CPUs ...
[    9.569991] Entering suspend state LP1
[    9.570015] Enabling non-boot CPUs ...
[    9.570708] CPU1 is up
[    9.571338] CPU2 is up
[    9.572064] CPU3 is up
[   10.215910] OOM killer enabled.
[   10.219067] Restarting tasks ... done.
[   10.248383] PM: suspend exit
root@(none):/# 
root@(none):/# rtcwake -d rtc1 -m mem -s 3
rtcwake: assuming RTC uses UTC ...
rtcwake: wakeup from "mem" using /dev/rtc1 at Thu Jan  1 00:00:50 1970
[   11.536115] PM: suspend entry (deep)
[   11.539729] PM: Syncing filesystems ... done.
[   11.581498] Freezing user space processes ... (elapsed 0.001 seconds) done.
[   11.589780] OOM killer disabled.
[   11.593021] Freezing remaining freezable tasks ... (elapsed 0.001 seconds) done.
[   11.601785] Suspending console(s) (use no_console_suspend to debug)
[   11.666692] Disabling non-boot CPUs ...
[   11.829927] Entering suspend state LP1
[   11.829950] Enabling non-boot CPUs ...
[   11.830640] CPU1 is up
[   11.831272] CPU2 is up
[   11.832005] CPU3 is up
[   12.468839] OOM killer enabled.
[   12.471985] Restarting tasks ... done.
[   12.508800] PM: suspend exit
root@(none):/# 
root@(none):/# rtcwake -d rtc1 -m mem -s 3
rtcwake: assuming RTC uses UTC ...
rtcwake: wakeup from "mem" using /dev/rtc1 at Thu Jan  1 00:01:00 1970
[   13.230058] PM: suspend entry (deep)
[   13.233635] PM: Syncing filesystems ... done.
[   13.275570] Freezing user space processes ... (elapsed 0.001 seconds) done.
[   13.283851] OOM killer disabled.
[   13.287093] Freezing remaining freezable tasks ... (elapsed 0.001 seconds) done.
[   13.295857] Suspending console(s) (use no_console_suspend to debug)
[   13.366799] Disabling non-boot CPUs ...
[   13.519890] Entering suspend state LP1
[   13.519913] Enabling non-boot CPUs ...
[   13.520603] CPU1 is up
[   13.521233] CPU2 is up
[   13.521961] CPU3 is up
[   14.157164] OOM killer enabled.
[   14.160314] Restarting tasks ... done.
[   14.198625] PM: suspend exit
root@(none):/# 
root@(none):/# rtcwake -d rtc1 -m mem -s 3
rtcwake: assuming RTC uses UTC ...
rtcwake: wakeup from "mem" using /dev/rtc1 at Thu Jan  1 00:01:10 1970
[   15.487663] PM: suspend entry (deep)
[   15.491285] PM: Syncing filesystems ... done.
[   15.531898] Freezing user space processes ... (elapsed 0.001 seconds) done.
[   15.540183] OOM killer disabled.
[   15.543414] Freezing remaining freezable tasks ... (elapsed 0.001 seconds) done.
[   15.552193] Suspending console(s) (use no_console_suspend to debug)
[   15.617500] Disabling non-boot CPUs ...
[   15.780076] Entering suspend state LP1
[   15.780100] Enabling non-boot CPUs ...
[   15.780784] CPU1 is up
[   15.781403] CPU2 is up
[   15.782135] CPU3 is up
[   16.417117] OOM killer enabled.
[   16.420283] Restarting tasks ... done.
[   16.458242] PM: suspend exit
root@(none):/# 
root@(none):/# rtcwake -d rtc1 -m mem -s 3
rtcwake: assuming RTC uses UTC ...
rtcwake: wakeup from "mem" using /dev/rtc1 at Thu Jan  1 00:01:20 1970
[   17.169173] PM: suspend entry (deep)
[   17.172780] PM: Syncing filesystems ... done.
[   17.208387] Freezing user space processes ... (elapsed 0.001 seconds) done.
[   17.216650] OOM killer disabled.
[   17.219924] Freezing remaining freezable tasks ... (elapsed 0.001 seconds) done.
[   17.228642] Suspending console(s) (use no_console_suspend to debug)
[   17.296582] Disabling non-boot CPUs ...
[   17.459836] Entering suspend state LP1
[   17.459859] Enabling non-boot CPUs ...
[   17.460553] CPU1 is up
[   17.461180] CPU2 is up
[   17.461915] CPU3 is up
[   18.099383] OOM killer enabled.
[   18.102529] Restarting tasks ... done.
[   18.138561] PM: suspend exit
root@(none):/# 
root@(none):/# rtcwake -d rtc1 -m mem -s 3
rtcwake: assuming RTC uses UTC ...
rtcwake: wakeup from "mem" using /dev/rtc1 at Thu Jan  1 00:01:30 1970
[   19.431807] PM: suspend entry (deep)
[   19.435415] PM: Syncing filesystems ... done.
[   19.471689] Freezing user space processes ... (elapsed 0.001 seconds) done.
[   19.479975] OOM killer disabled.
[   19.483217] Freezing remaining freezable tasks ... (elapsed 0.001 seconds) done.
[   19.491968] Suspending console(s) (use no_console_suspend to debug)
[   19.556682] Disabling non-boot CPUs ...
[   19.709778] Entering suspend state LP1
[   19.709802] Enabling non-boot CPUs ...
[   19.710487] CPU1 is up
[   19.711105] CPU2 is up
[   19.711825] CPU3 is up
[   20.339087] OOM killer enabled.
[   20.342224] Restarting tasks ... done.
[   20.371244] PM: suspend exit
root@(none):/# 
root@(none):/# rtcwake -d rtc1 -m mem -s 3
rtcwake: assuming RTC uses UTC ...
rtcwake: wakeup from "mem" using /dev/rtc1 at Thu Jan  1 00:01:40 1970
[   21.101109] PM: suspend entry (deep)
[   21.104690] PM: Syncing filesystems ... done.
[   21.138128] Freezing user space processes ... (elapsed 0.001 seconds) done.
[   21.146397] OOM killer disabled.
[   21.149651] Freezing remaining freezable tasks ... (elapsed 0.001 seconds) done.
[   21.158401] Suspending console(s) (use no_console_suspend to debug)
[   21.227118] Disabling non-boot CPUs ...
[   21.389935] Entering suspend state LP1
[   21.389958] Enabling non-boot CPUs ...
[   21.390644] CPU1 is up
[   21.391262] CPU2 is up
[   21.391988] CPU3 is up
[   22.031585] OOM killer enabled.
[   22.034721] Restarting tasks ... done.
[   22.068468] PM: suspend exit
root@(none):/# 
root@(none):/# rtcwake -d rtc1 -m mem -s 3
rtcwake: assuming RTC uses UTC ...
rtcwake: wakeup from "mem" using /dev/rtc1 at Thu Jan  1 00:01:50 1970
[   23.361029] PM: suspend entry (deep)
[   23.364611] PM: Syncing filesystems ... done.
[   23.401717] Freezing user space processes ... (elapsed 0.001 seconds) done.
[   23.410010] OOM killer disabled.
[   23.413241] Freezing remaining freezable tasks ... (elapsed 0.001 seconds) done.
[   23.422023] Suspending console(s) (use no_console_suspend to debug)
[   23.487203] Disabling non-boot CPUs ...
[   23.649876] Entering suspend state LP1
[   23.649900] Enabling non-boot CPUs ...
[   23.650584] CPU1 is up
[   23.651205] CPU2 is up
[   23.651929] CPU3 is up
[   24.286775] OOM killer enabled.
[   24.289931] Restarting tasks ... done.
[   24.328165] PM: suspend exit
root@(none):/# 
root@(none):/# NVTB SYSTEM SUSPEND TEST COMPLETE
