Diff for ./qemu-vexpress64/__internal/defconfig_log.txt
--- /tmp/fooa	2017-07-02 16:43:31.685045889 -0700
+++ /tmp/foob	2017-07-02 16:43:31.689045906 -0700
@@ -1,5 +1,5 @@
 Booting Linux on physical CPU 0x0
-Linux version 4.12.0-rc7-172780-gc0bc126 (jonathanh@sellafield) (gcc version 4.9.2 20140904 (prerelease) (crosstool-NG linaro-1.13.1-4.9-2014.09 - Linaro GCC 4.9-2014.09) ) #1 SMP PREEMPT Mon Jun 26 02:37:43 PDT 2017
+Linux version 4.12.0-172899-g6f7da29 (jonathanh@kaivo) (gcc version 4.9.2 20140904 (prerelease) (crosstool-NG linaro-1.13.1-4.9-2014.09 - Linaro GCC 4.9-2014.09) ) #1 SMP PREEMPT Sun Jul 2 16:39:46 PDT 2017
 Boot CPU: AArch64 Processor [411fd070]
 Machine model: linux,dummy-virt
 Memory limited to 1024MB
@@ -30,15 +30,15 @@
 Policy zone: DMA
 Kernel command line: root=/dev/vda2 rw rootwait mem=1024M console=ttyAMA0,38400n8 init=/bin/bash
 PID hash table entries: 4096 (order: 3, 32768 bytes)
-Memory: 999720K/1048576K available (8828K kernel code, 1102K rwdata, 4284K rodata, 1088K init, 404K bss, 32472K reserved, 16384K cma-reserved)
+Memory: 999720K/1048576K available (8828K kernel code, 1100K rwdata, 4284K rodata, 1088K init, 406K bss, 32472K reserved, 16384K cma-reserved)
 Virtual kernel memory layout:
     modules : 0xffff000000000000 - 0xffff000008000000   (   128 MB)
     vmalloc : 0xffff000008000000 - 0xffff7dffbfff0000   (129022 GB)
       .text : 0xffff000008080000 - 0xffff000008920000   (  8832 KB)
     .rodata : 0xffff000008920000 - 0xffff000008d60000   (  4352 KB)
       .init : 0xffff000008d60000 - 0xffff000008e70000   (  1088 KB)
-      .data : 0xffff000008e70000 - 0xffff000008f83a00   (  1103 KB)
-       .bss : 0xffff000008f83a00 - 0xffff000008fe8b40   (   405 KB)
+      .data : 0xffff000008e70000 - 0xffff000008f83200   (  1101 KB)
+       .bss : 0xffff000008f83200 - 0xffff000008fe8b40   (   407 KB)
     fixed   : 0xffff7dfffe7fd000 - 0xffff7dfffec00000   (  4108 KB)
     PCI I/O : 0xffff7dfffee00000 - 0xffff7dffffe00000   (    16 MB)
     vmemmap : 0xffff7e0000000000 - 0xffff800000000000   (  2048 GB maximum)
@@ -114,7 +114,7 @@
 RPC: Registered tcp NFSv4.1 backchannel transport module.
 kvm [1]: HYP mode not available
 audit: initializing netlink subsys (disabled)
-audit: type=2000 audit(0.749:1): state=initialized audit_enabled=0 res=1
+audit: type=2000 audit(0.721:1): state=initialized audit_enabled=0 res=1
 workingset: timestamp_bits=44 max_order=18 bucket_order=0
 squashfs: version 4.0 (2009/01/31) Phillip Lougher
 NFS: Registering the id_resolver key type
@@ -181,7 +181,7 @@
 Key type dns_resolver registered
 registered taskstats version 1
 input: gpio-keys as /devices/platform/gpio-keys/input/input0
-rtc-pl031 9010000.pl031: setting system clock to 2017-06-26 09:38:21 UTC (1498469901)
+rtc-pl031 9010000.pl031: setting system clock to 2017-07-02 23:40:18 UTC (1499038818)
 ALSA device list:
   No soundcards found.
 uart-pl011 9000000.pl011: no DMA platform data
Diff for ./tegra114-dalmore-a04/tegra114-dalmore/multi_v7_defconfig_log.txt
--- /tmp/fooa	2017-07-02 16:43:31.721046036 -0700
+++ /tmp/foob	2017-07-02 16:43:31.725046052 -0700
@@ -40,9 +40,9 @@
 	 #################################################################
 	 #################################################################
 	 ####################
-	 3.2 MiB/s
+	 2.9 MiB/s
 done
-Bytes transferred = 7917600 (78d020 hex)
+Bytes transferred = 7918328 (78d2f8 hex)
 Tegra114 (Dalmore) # tftpboot 0x82000000 tegra114-dalmore.dtb
 Using asx0 device
 TFTP from server 192.168.100.1; our IP address is 192.168.100.100
@@ -53,7 +53,7 @@
 done
 Bytes transferred = 35044 (88e4 hex)
 Tegra114 (Dalmore) # bootz 0x81000000 - 0x82000000
-Kernel image @ 0x81000000 [ 0x000000 - 0x78d020 ]
+Kernel image @ 0x81000000 [ 0x000000 - 0x78d2f8 ]
 ## Flattened Device Tree blob at 82000000
    Booting using the fdt blob at 0x82000000
    Loading Device Tree to 8fff4000, end 8ffff8e3 ... OK
@@ -61,7 +61,7 @@
 Starting kernel ...
 
 Booting Linux on physical CPU 0x0
-Linux version 4.12.0-rc7-172780-gc0bc126 (jonathanh@sellafield) (gcc version 4.7.3 20130328 (prerelease) (crosstool-NG linaro-1.13.1-4.7-2013.04-20130415 - Linaro GCC 2013.04) ) #1 SMP Mon Jun 26 02:34:56 PDT 2017
+Linux version 4.12.0-172899-g6f7da29 (jonathanh@sellafield) (gcc version 4.7.3 20130328 (prerelease) (crosstool-NG linaro-1.13.1-4.7-2013.04-20130415 - Linaro GCC 2013.04) ) #1 SMP Sun Jul 2 16:35:49 PDT 2017
 CPU: ARMv7 Processor [412fc0f2] revision 2 (ARMv7), cr=10c5387d
 CPU: div instructions available: patching division code
 CPU: PIPT / VIPT nonaliasing data cache, PIPT instruction cache
@@ -72,7 +72,7 @@
 efi: UEFI not found.
 cma: Reserved 64 MiB at 0xfb800000
 On node 0 totalpages: 524032
-free_area_init_node: node 0, pgdat c157fd40, node_mem_map eeff8000
+free_area_init_node: node 0, pgdat c157f880, node_mem_map eeff8000
   DMA zone: 1536 pages used for memmap
   DMA zone: 0 pages reserved
   DMA zone: 196608 pages, LIFO batch:31
@@ -85,7 +85,7 @@
 PID hash table entries: 4096 (order: 2, 16384 bytes)
 Dentry cache hash table entries: 131072 (order: 7, 524288 bytes)
 Inode-cache hash table entries: 65536 (order: 6, 262144 bytes)
-Memory: 1993540K/2096128K available (10240K kernel code, 1566K rwdata, 4384K rodata, 2048K init, 409K bss, 37052K reserved, 65536K cma-reserved, 1244160K highmem)
+Memory: 1993540K/2096128K available (10240K kernel code, 1565K rwdata, 4384K rodata, 2048K init, 409K bss, 37052K reserved, 65536K cma-reserved, 1244160K highmem)
 Virtual kernel memory layout:
     vector  : 0xffff0000 - 0xffff1000   (   4 kB)
     fixmap  : 0xffc00000 - 0xfff00000   (3072 kB)
@@ -95,7 +95,7 @@
     modules : 0xbf000000 - 0xbfe00000   (  14 MB)
       .text : 0xc0208000 - 0xc0d00000   (11232 kB)
       .init : 0xc1200000 - 0xc1400000   (2048 kB)
-      .data : 0xc1400000 - 0xc15879b0   (1567 kB)
+      .data : 0xc1400000 - 0xc15874f0   (1566 kB)
        .bss : 0xc1590ce0 - 0xc15f7498   ( 410 kB)
 SLUB: HWalign=64, Order=0-3, MinObjects=0, CPUs=4, Nodes=1
 Hierarchical RCU implementation.
@@ -317,18 +317,18 @@
  mmcblk0: p1 p2 p3
 tegra-ehci 7d008000.usb: EHCI Host Controller
 tegra-ehci 7d008000.usb: new USB bus registered, assigned bus number 1
+tegra-ehci 7d008000.usb: irq 339, io mem 0x7d008000
 mmc1: new high speed MMC card at address 0001
 mmcblk1: mmc1:0001 SEM32G 29.1 GiB 
 mmcblk1boot0: mmc1:0001 SEM32G partition 1 4.00 MiB
 mmcblk1boot1: mmc1:0001 SEM32G partition 2 4.00 MiB
 mmcblk1rpmb: mmc1:0001 SEM32G partition 3 4.00 MiB
  mmcblk1: p1 p2 p3 p4 p5 p6 p7 p8
-tegra-ehci 7d008000.usb: irq 339, io mem 0x7d008000
 tegra-ehci 7d008000.usb: USB 2.0 started, EHCI 1.10
 hub 1-0:1.0: USB hub found
 hub 1-0:1.0: 1 port detected
 input: gpio-keys as /devices/soc0/gpio-keys/input/input0
-palmas-rtc 7000d000.i2c:tps65913@58:rtc: setting system clock to 2001-04-19 21:13:06 UTC (987714786)
+palmas-rtc 7000d000.i2c:tps65913@58:rtc: setting system clock to 2001-04-26 11:16:23 UTC (988283783)
 vdd_hdmi_5v0: disabling
 dvdd_ts: disabling
 usb1_vbus: disabling
@@ -342,4 +342,4 @@
 Freeing unused kernel memory: 2048K
 bash: cannot set terminal process group (-1): Inappropriate ioctl for device
 bash: no job control in this shell
-root@(none):/# [    2.438994] usb 1-1: new high-speed USB device number 2 using tegra-ehci
+root@(none):/# [    2.449026] usb 1-1: new high-speed USB device number 2 using tegra-ehci
Diff for ./tegra114-dalmore-a04/tegra114-dalmore/tegra_defconfig_log.txt
--- /tmp/fooa	2017-07-02 16:43:31.761046198 -0700
+++ /tmp/foob	2017-07-02 16:43:31.761046198 -0700
@@ -38,20 +38,20 @@
 	 #################################################################
 	 #################################################################
 	 #########################
-	 2.8 MiB/s
+	 3.1 MiB/s
 done
-Bytes transferred = 6091152 (5cf190 hex)
+Bytes transferred = 6091264 (5cf200 hex)
 Tegra114 (Dalmore) # tftpboot 0x82000000 tegra114-dalmore.dtb
 Using asx0 device
 TFTP from server 192.168.100.1; our IP address is 192.168.100.100
 Filename 'tegra114-dalmore.dtb'.
 Load address: 0x82000000
 Loading: *###
-	 2.6 MiB/s
+	 3 MiB/s
 done
 Bytes transferred = 35044 (88e4 hex)
 Tegra114 (Dalmore) # bootz 0x81000000 - 0x82000000
-Kernel image @ 0x81000000 [ 0x000000 - 0x5cf190 ]
+Kernel image @ 0x81000000 [ 0x000000 - 0x5cf200 ]
 ## Flattened Device Tree blob at 82000000
    Booting using the fdt blob at 0x82000000
    Loading Device Tree to 8fff4000, end 8ffff8e3 ... OK
@@ -60,7 +60,7 @@
 
 Uncompressing Linux... done, booting the kernel.
 Booting Linux on physical CPU 0x0
-Linux version 4.12.0-rc7-172780-gc0bc126 (jonathanh@kaivo) (gcc version 4.7.3 20130328 (prerelease) (crosstool-NG linaro-1.13.1-4.7-2013.04-20130415 - Linaro GCC 2013.04) ) #1 SMP PREEMPT Mon Jun 26 02:35:05 PDT 2017
+Linux version 4.12.0-172899-g6f7da29 (jonathanh@kaivo) (gcc version 4.7.3 20130328 (prerelease) (crosstool-NG linaro-1.13.1-4.7-2013.04-20130415 - Linaro GCC 2013.04) ) #1 SMP PREEMPT Sun Jul 2 16:35:26 PDT 2017
 CPU: ARMv7 Processor [412fc0f2] revision 2 (ARMv7), cr=10c5387d
 CPU: div instructions available: patching division code
 CPU: PIPT / VIPT nonaliasing data cache, PIPT instruction cache
@@ -279,15 +279,15 @@
 mmc1: SDHCI controller on 78000600.sdhci [78000600.sdhci] using ADMA
 usbcore: registered new interface driver usbhid
 usbhid: USB HID core driver
-mmc0: new high speed SDHC card at address aaaa
-mmcblk0: mmc0:aaaa SL16G 14.8 GiB 
 mmc1: new high speed MMC card at address 0001
 mmcblk1: mmc1:0001 SEM32G 29.1 GiB 
 mmcblk1boot0: mmc1:0001 SEM32G partition 1 4.00 MiB
+mmc0: new high speed SDHC card at address aaaa
+mmcblk0: mmc0:aaaa SL16G 14.8 GiB 
 mmcblk1boot1: mmc1:0001 SEM32G partition 2 4.00 MiB
- mmcblk0: p1 p2 p3
 mmcblk1rpmb: mmc1:0001 SEM32G partition 3 4.00 MiB
  mmcblk1: p1 p2 p3 p4 p5 p6 p7 p8
+ mmcblk0: p1 p2 p3
 tegra30-i2s 70080400.i2s: DMA channels sourced from device 70080000.ahub
 tegra-snd-rt5640 sound: rt5640-aif1 <-> 70080400.i2s mapping ok
 input: NVIDIA Tegra Dalmore Headphones as /devices/soc0/sound/sound/card0/input0
@@ -320,7 +320,7 @@
 hub 1-0:1.0: USB hub found
 hub 1-0:1.0: 1 port detected
 input: gpio-keys as /devices/soc0/gpio-keys/input/input1
-palmas-rtc 7000d000.i2c:tps65913@58:rtc: setting system clock to 2001-04-19 21:15:45 UTC (987714945)
+palmas-rtc 7000d000.i2c:tps65913@58:rtc: setting system clock to 2001-04-26 11:13:55 UTC (988283635)
 vdd_hdmi_5v0: disabling
 dvdd_ts: disabling
 usb1_vbus: disabling
@@ -331,9 +331,9 @@
 EXT4-fs (mmcblk1p1): mounting ext3 file system using the ext4 subsystem
 EXT4-fs (mmcblk1p1): recovery complete
 EXT4-fs (mmcblk1p1): mounted filesystem with ordered data mode. Opts: (null)
-VFS: Mounted root (ext3 filesystem) on device 179:17.
+VFS: Mounted root (ext3 filesystem) on device 179:1.
 devtmpfs: mounted
 Freeing unused kernel memory: 1024K
 bash: cannot set terminal process group (-1): Inappropriate ioctl for device
 bash: no job control in this shell
-root@(none):/# [    2.668138] usb 1-1: new high-speed USB device number 2 using tegra-ehci
+root@(none):/# [    2.657902] usb 1-1: new high-speed USB device number 2 using tegra-ehci
Diff for ./tegra124-jetson-tk1/tegra124-jetson-tk1/multi_v7_defconfig_log.txt
--- /tmp/fooa	2017-07-02 16:43:31.777046264 -0700
+++ /tmp/foob	2017-07-02 16:43:31.777046264 -0700
@@ -35,20 +35,20 @@
 	 #################################################################
 	 #################################################################
 	 ####################
-	 3.4 MiB/s
+	 3.3 MiB/s
 done
-Bytes transferred = 7917600 (78d020 hex)
+Bytes transferred = 7918328 (78d2f8 hex)
 Tegra124 (Jetson TK1) # tftpboot 0x83000000 tegra124-jetson-tk1.dtb
 Using eth_rtl8169 device
 TFTP from server 192.168.100.1; our IP address is 192.168.100.102
 Filename 'tegra124-jetson-tk1.dtb'.
 Load address: 0x83000000
 Loading: *#####
-	 3.6 MiB/s
+	 3.4 MiB/s
 done
 Bytes transferred = 67133 (1063d hex)
 Tegra124 (Jetson TK1) # bootz 0x82000000 - 0x83000000
-Kernel image @ 0x82000000 [ 0x000000 - 0x78d020 ]
+Kernel image @ 0x82000000 [ 0x000000 - 0x78d2f8 ]
 ## Flattened Device Tree blob at 83000000
    Booting using the fdt blob at 0x83000000
    Using Device Tree in place at 83000000, end 8301363c
@@ -56,7 +56,7 @@
 Starting kernel ...
 
 Booting Linux on physical CPU 0x0
-Linux version 4.12.0-rc7-172780-gc0bc126 (jonathanh@sellafield) (gcc version 4.7.3 20130328 (prerelease) (crosstool-NG linaro-1.13.1-4.7-2013.04-20130415 - Linaro GCC 2013.04) ) #1 SMP Mon Jun 26 02:34:56 PDT 2017
+Linux version 4.12.0-172899-g6f7da29 (jonathanh@sellafield) (gcc version 4.7.3 20130328 (prerelease) (crosstool-NG linaro-1.13.1-4.7-2013.04-20130415 - Linaro GCC 2013.04) ) #1 SMP Sun Jul 2 16:35:49 PDT 2017
 CPU: ARMv7 Processor [413fc0f3] revision 3 (ARMv7), cr=10c5387d
 CPU: div instructions available: patching division code
 CPU: PIPT / VIPT nonaliasing data cache, PIPT instruction cache
@@ -67,7 +67,7 @@
 efi: UEFI not found.
 cma: Reserved 64 MiB at 0xfb800000
 On node 0 totalpages: 524032
-free_area_init_node: node 0, pgdat c157fd40, node_mem_map eeff8000
+free_area_init_node: node 0, pgdat c157f880, node_mem_map eeff8000
   DMA zone: 1536 pages used for memmap
   DMA zone: 0 pages reserved
   DMA zone: 196608 pages, LIFO batch:31
@@ -80,7 +80,7 @@
 PID hash table entries: 4096 (order: 2, 16384 bytes)
 Dentry cache hash table entries: 131072 (order: 7, 524288 bytes)
 Inode-cache hash table entries: 65536 (order: 6, 262144 bytes)
-Memory: 1993420K/2096128K available (10240K kernel code, 1566K rwdata, 4384K rodata, 2048K init, 409K bss, 37172K reserved, 65536K cma-reserved, 1244160K highmem)
+Memory: 1993420K/2096128K available (10240K kernel code, 1565K rwdata, 4384K rodata, 2048K init, 409K bss, 37172K reserved, 65536K cma-reserved, 1244160K highmem)
 Virtual kernel memory layout:
     vector  : 0xffff0000 - 0xffff1000   (   4 kB)
     fixmap  : 0xffc00000 - 0xfff00000   (3072 kB)
@@ -90,7 +90,7 @@
     modules : 0xbf000000 - 0xbfe00000   (  14 MB)
       .text : 0xc0208000 - 0xc0d00000   (11232 kB)
       .init : 0xc1200000 - 0xc1400000   (2048 kB)
-      .data : 0xc1400000 - 0xc15879b0   (1567 kB)
+      .data : 0xc1400000 - 0xc15874f0   (1566 kB)
        .bss : 0xc1590ce0 - 0xc15f7498   ( 410 kB)
 SLUB: HWalign=64, Order=0-3, MinObjects=0, CPUs=4, Nodes=1
 Hierarchical RCU implementation.
@@ -315,15 +315,15 @@
 +5V_SATA: supplied by +5V_SYS
 +12V_SATA: supplied by +VDD_MUX
  usb2-0: usb2-0 supply vbus not found, using dummy regulator
- usb2-1: usb2-1 supply vbus not found, using dummy regulator
 mmc0: new high speed MMC card at address 0001
 mmcblk0: mmc0:0001 SEM16G 14.7 GiB 
 mmcblk0boot0: mmc0:0001 SEM16G partition 1 4.00 MiB
 mmcblk0boot1: mmc0:0001 SEM16G partition 2 4.00 MiB
 mmcblk0rpmb: mmc0:0001 SEM16G partition 3 4.00 MiB
- mmcblk0: p1
+ usb2-1: usb2-1 supply vbus not found, using dummy regulator
  usb3-0: usb3-0 supply vbus not found, using dummy regulator
 tegra-pcie 1003000.pcie-controller: 2x1, 1x1 configuration
+ mmcblk0: p1
 tegra-pcie 1003000.pcie-controller: Failed to get supply 'avddio-pex': -517
 tegra124-dfll 70110000.clock: couldn't get vdd_cpu regulator
 tegra-hdmi 54280000.hdmi: failed to get PLL regulator
@@ -436,7 +436,7 @@
 cpufreq: cpufreq_online: CPU0: Running at unlisted freq: 696000 KHz
 cpufreq: cpufreq_online: CPU0: Unlisted initial frequency changed to: 714000 KHz
 input: gpio-keys as /devices/soc0/gpio-keys/input/input0
-as3722-rtc as3722-rtc: setting system clock to 2000-01-01 00:00:13 UTC (946684813)
+as3722-rtc as3722-rtc: setting system clock to 2000-01-01 00:02:04 UTC (946684924)
 +3.3V_AVDD_HDMI_AP_GATED: disabling
 +USB0_VBUS_SW: disabling
 +1.05V_RUN_AVDD_HDMI_PLL: disabling
Diff for ./tegra124-jetson-tk1/tegra124-jetson-tk1/tegra_defconfig_log.txt
--- /tmp/fooa	2017-07-02 16:43:31.785046296 -0700
+++ /tmp/foob	2017-07-02 16:43:31.789046313 -0700
@@ -33,20 +33,20 @@
 	 #################################################################
 	 #################################################################
 	 #########################
-	 3.2 MiB/s
+	 3.3 MiB/s
 done
-Bytes transferred = 6091152 (5cf190 hex)
+Bytes transferred = 6091264 (5cf200 hex)
 Tegra124 (Jetson TK1) # tftpboot 0x83000000 tegra124-jetson-tk1.dtb
 Using eth_rtl8169 device
 TFTP from server 192.168.100.1; our IP address is 192.168.100.102
 Filename 'tegra124-jetson-tk1.dtb'.
 Load address: 0x83000000
 Loading: *#####
-	 3.6 MiB/s
+	 3.8 MiB/s
 done
 Bytes transferred = 67133 (1063d hex)
 Tegra124 (Jetson TK1) # bootz 0x82000000 - 0x83000000
-Kernel image @ 0x82000000 [ 0x000000 - 0x5cf190 ]
+Kernel image @ 0x82000000 [ 0x000000 - 0x5cf200 ]
 ## Flattened Device Tree blob at 83000000
    Booting using the fdt blob at 0x83000000
    Using Device Tree in place at 83000000, end 8301363c
@@ -55,7 +55,7 @@
 
 Uncompressing Linux... done, booting the kernel.
 Booting Linux on physical CPU 0x0
-Linux version 4.12.0-rc7-172780-gc0bc126 (jonathanh@kaivo) (gcc version 4.7.3 20130328 (prerelease) (crosstool-NG linaro-1.13.1-4.7-2013.04-20130415 - Linaro GCC 2013.04) ) #1 SMP PREEMPT Mon Jun 26 02:35:05 PDT 2017
+Linux version 4.12.0-172899-g6f7da29 (jonathanh@kaivo) (gcc version 4.7.3 20130328 (prerelease) (crosstool-NG linaro-1.13.1-4.7-2013.04-20130415 - Linaro GCC 2013.04) ) #1 SMP PREEMPT Sun Jul 2 16:35:26 PDT 2017
 CPU: ARMv7 Processor [413fc0f3] revision 3 (ARMv7), cr=10c5387d
 CPU: div instructions available: patching division code
 CPU: PIPT / VIPT nonaliasing data cache, PIPT instruction cache
@@ -441,7 +441,7 @@
 cpufreq: cpufreq_online: CPU0: Running at unlisted freq: 696000 KHz
 cpufreq: cpufreq_online: CPU0: Unlisted initial frequency changed to: 714000 KHz
 input: gpio-keys as /devices/soc0/gpio-keys/input/input2
-as3722-rtc as3722-rtc: setting system clock to 2000-01-01 00:00:15 UTC (946684815)
+as3722-rtc as3722-rtc: setting system clock to 2000-01-01 00:00:13 UTC (946684813)
 +3.3V_AVDD_HDMI_AP_GATED: disabling
 +USB0_VBUS_SW: disabling
 +1.05V_RUN_AVDD_HDMI_PLL: disabling
Diff for ./tegra124-nyan-big/tegra124-nyan-big/multi_v7_defconfig_log.txt
--- /tmp/fooa	2017-07-02 16:43:31.813046410 -0700
+++ /tmp/foob	2017-07-02 16:43:31.817046427 -0700
@@ -43,20 +43,20 @@
 	 #################################################################
 	 #################################################################
 	 ####################
-	 2.8 MiB/s
+	 2.9 MiB/s
 done
-Bytes transferred = 7917600 (78d020 hex)
+Bytes transferred = 7918328 (78d2f8 hex)
 Tegra124 (Nyan-big) # tftpboot 0x83000000 tegra124-nyan-big.dtb
 Using asx0 device
 TFTP from server 192.168.100.1; our IP address is 192.168.100.102
 Filename 'tegra124-nyan-big.dtb'.
 Load address: 0x83000000
 Loading: *#####
-	 2.7 MiB/s
+	 3.4 MiB/s
 done
 Bytes transferred = 68155 (10a3b hex)
 Tegra124 (Nyan-big) # bootz 0x82000000 - 0x83000000
-Kernel image @ 0x82000000 [ 0x000000 - 0x78d020 ]
+Kernel image @ 0x82000000 [ 0x000000 - 0x78d2f8 ]
 ## Flattened Device Tree blob at 83000000
    Booting using the fdt blob at 0x83000000
    Using Device Tree in place at 83000000, end 83013a3a
@@ -64,7 +64,7 @@
 Starting kernel ...
 
 Booting Linux on physical CPU 0x0
-Linux version 4.12.0-rc7-172780-gc0bc126 (jonathanh@sellafield) (gcc version 4.7.3 20130328 (prerelease) (crosstool-NG linaro-1.13.1-4.7-2013.04-20130415 - Linaro GCC 2013.04) ) #1 SMP Mon Jun 26 02:34:56 PDT 2017
+Linux version 4.12.0-172899-g6f7da29 (jonathanh@sellafield) (gcc version 4.7.3 20130328 (prerelease) (crosstool-NG linaro-1.13.1-4.7-2013.04-20130415 - Linaro GCC 2013.04) ) #1 SMP Sun Jul 2 16:35:49 PDT 2017
 CPU: ARMv7 Processor [413fc0f3] revision 3 (ARMv7), cr=10c5387d
 CPU: div instructions available: patching division code
 CPU: PIPT / VIPT nonaliasing data cache, PIPT instruction cache
@@ -76,7 +76,7 @@
 efi: UEFI not found.
 cma: Reserved 64 MiB at 0xfb800000
 On node 0 totalpages: 524287
-free_area_init_node: node 0, pgdat c157fd40, node_mem_map eeff8000
+free_area_init_node: node 0, pgdat c157f880, node_mem_map eeff8000
   DMA zone: 1536 pages used for memmap
   DMA zone: 0 pages reserved
   DMA zone: 196608 pages, LIFO batch:31
@@ -89,7 +89,7 @@
 PID hash table entries: 4096 (order: 2, 16384 bytes)
 Dentry cache hash table entries: 131072 (order: 7, 524288 bytes)
 Inode-cache hash table entries: 65536 (order: 6, 262144 bytes)
-Memory: 1994436K/2097148K available (10240K kernel code, 1566K rwdata, 4384K rodata, 2048K init, 409K bss, 37176K reserved, 65536K cma-reserved, 1245180K highmem)
+Memory: 1994436K/2097148K available (10240K kernel code, 1565K rwdata, 4384K rodata, 2048K init, 409K bss, 37176K reserved, 65536K cma-reserved, 1245180K highmem)
 Virtual kernel memory layout:
     vector  : 0xffff0000 - 0xffff1000   (   4 kB)
     fixmap  : 0xffc00000 - 0xfff00000   (3072 kB)
@@ -99,7 +99,7 @@
     modules : 0xbf000000 - 0xbfe00000   (  14 MB)
       .text : 0xc0208000 - 0xc0d00000   (11232 kB)
       .init : 0xc1200000 - 0xc1400000   (2048 kB)
-      .data : 0xc1400000 - 0xc15879b0   (1567 kB)
+      .data : 0xc1400000 - 0xc15874f0   (1566 kB)
        .bss : 0xc1590ce0 - 0xc15f7498   ( 410 kB)
 SLUB: HWalign=64, Order=0-3, MinObjects=0, CPUs=4, Nodes=1
 Hierarchical RCU implementation.
@@ -311,6 +311,12 @@
 can: raw protocol (rev 20170425)
 can: broadcast manager protocol (rev 20170425 t)
 can: netlink gateway (rev 20170425) max_hops=1
+mmc0: new high speed MMC card at address 0001
+mmcblk0: mmc0:0001 MMC16G 14.4 GiB 
+mmcblk0boot0: mmc0:0001 MMC16G partition 1 2.00 MiB
+mmcblk0boot1: mmc0:0001 MMC16G partition 2 2.00 MiB
+mmcblk0rpmb: mmc0:0001 MMC16G partition 3 128 KiB
+ mmcblk0: p1 p2 p3 p4 p5 p6 p7 p8 p9 p10 p11 p12
 Key type dns_resolver registered
 ThumbEE CPU extension supported.
 Registering SWP/SWPB emulation handler
@@ -324,18 +330,12 @@
 +5V_USB_HS: supplied by +5V_SYS
 +5V_USB_SS: supplied by +5V_SYS
 +3.3V_PANEL: supplied by +3.3V_RUN
-mmc0: new high speed MMC card at address 0001
-mmcblk0: mmc0:0001 MMC16G 14.4 GiB 
-mmcblk0boot0: mmc0:0001 MMC16G partition 1 2.00 MiB
-mmcblk0boot1: mmc0:0001 MMC16G partition 2 2.00 MiB
-mmcblk0rpmb: mmc0:0001 MMC16G partition 3 128 KiB
- mmcblk0: p1 p2 p3 p4 p5 p6 p7 p8 p9 p10 p11 p12
 +3.3V_LP0: supplied by +3.3V_SYS
 +1.05V_RUN_AVDD_HDMI_PLL: supplied by +1.05V_RUN
+elan_i2c 1-0015: failed to read report data: -121
 +5V_HDMI_CON: supplied by +5V_SYS
  usb3-0: usb3-0 supply vbus not found, using dummy regulator
  usb3-1: usb3-1 supply vbus not found, using dummy regulator
-elan_i2c 1-0015: failed to read report data: -121
 tegra-sor 54540000.sor: failed to probe output: -517
 panel-simple panel: panel supply power not found, using dummy regulator
 sdhci-tegra 700b0000.sdhci: allocated mmc-pwrseq
@@ -343,9 +343,9 @@
 mmc1: Invalid maximum block size, assuming 512 bytes
 mmc1: Switching to 3.3V signalling voltage failed
 mmc1: SDHCI controller on 700b0000.sdhci [700b0000.sdhci] using ADMA
+elan_i2c 1-0015: invalid report id data (ff)
 sdhci-tegra 700b0400.sdhci: Got CD GPIO
 sdhci-tegra 700b0400.sdhci: Got WP GPIO
-elan_i2c 1-0015: invalid report id data (ff)
 mmc2: Unknown controller version (3). You may experience problems.
 mmc2: Invalid maximum block size, assuming 512 bytes
 mmc1: new high speed SDIO card at address 0001
Diff for ./tegra124-nyan-big/tegra124-nyan-big/tegra_defconfig_log.txt
--- /tmp/fooa	2017-07-02 16:43:31.833046492 -0700
+++ /tmp/foob	2017-07-02 16:43:31.833046492 -0700
@@ -41,20 +41,20 @@
 	 #################################################################
 	 #################################################################
 	 #########################
-	 3 MiB/s
+	 2.8 MiB/s
 done
-Bytes transferred = 6091152 (5cf190 hex)
+Bytes transferred = 6091264 (5cf200 hex)
 Tegra124 (Nyan-big) # tftpboot 0x83000000 tegra124-nyan-big.dtb
 Using asx0 device
 TFTP from server 192.168.100.1; our IP address is 192.168.100.102
 Filename 'tegra124-nyan-big.dtb'.
 Load address: 0x83000000
 Loading: *#####
-	 3.1 MiB/s
+	 2.6 MiB/s
 done
 Bytes transferred = 68155 (10a3b hex)
 Tegra124 (Nyan-big) # bootz 0x82000000 - 0x83000000
-Kernel image @ 0x82000000 [ 0x000000 - 0x5cf190 ]
+Kernel image @ 0x82000000 [ 0x000000 - 0x5cf200 ]
 ## Flattened Device Tree blob at 83000000
    Booting using the fdt blob at 0x83000000
    Using Device Tree in place at 83000000, end 83013a3a
@@ -63,7 +63,7 @@
 
 Uncompressing Linux... done, booting the kernel.
 Booting Linux on physical CPU 0x0
-Linux version 4.12.0-rc7-172780-gc0bc126 (jonathanh@kaivo) (gcc version 4.7.3 20130328 (prerelease) (crosstool-NG linaro-1.13.1-4.7-2013.04-20130415 - Linaro GCC 2013.04) ) #1 SMP PREEMPT Mon Jun 26 02:35:05 PDT 2017
+Linux version 4.12.0-172899-g6f7da29 (jonathanh@kaivo) (gcc version 4.7.3 20130328 (prerelease) (crosstool-NG linaro-1.13.1-4.7-2013.04-20130415 - Linaro GCC 2013.04) ) #1 SMP PREEMPT Sun Jul 2 16:35:26 PDT 2017
 CPU: ARMv7 Processor [413fc0f3] revision 3 (ARMv7), cr=10c5387d
 CPU: div instructions available: patching division code
 CPU: PIPT / VIPT nonaliasing data cache, PIPT instruction cache
@@ -372,8 +372,8 @@
 ALSA device list:
   #1: GoogleNyanBig
 usb 1-2: new high-speed USB device number 2 using tegra-xusb
-input: tegra-hda HDMI/DP,pcm=3 as /devices/soc0/70030000.hda/sound/card0/input4
 EXT4-fs (mmcblk0p3): couldn't mount as ext3 due to feature incompatibilities
+input: tegra-hda HDMI/DP,pcm=3 as /devices/soc0/70030000.hda/sound/card0/input4
 mmc2: new high speed SDHC card at address 0007
 mmcblk2: mmc2:0007 SD08G 7.42 GiB 
 GPT:Primary header alternate_lba != Alt. header my_lba
@@ -382,6 +382,8 @@
 GPT:3014591 != 15564799
 GPT: Use GNU Parted to correct GPT errors.
  mmcblk2: p1 p2 p3 p4 p5 p6 p7 p8 p9 p10 p11 p12
+uvcvideo: Found UVC 1.00 device HD WebCam (1bcf:2c67)
+input: HD WebCam as /devices/soc0/70090000.usb/usb1/1-2/1-2:1.0/input/input5
 EXT4-fs (mmcblk0p3): recovery complete
 EXT4-fs (mmcblk0p3): mounted filesystem with ordered data mode. Opts: (null)
 VFS: Mounted root (ext4 filesystem) on device 179:3.
@@ -389,6 +391,4 @@
 Freeing unused kernel memory: 1024K
 bash: cannot set terminal process group (-1): Inappropriate ioctl for device
 bash: no job control in this shell
-root@(none):/# [    2.649358] uvcvideo: Found UVC 1.00 device HD WebCam (1bcf:2c67)
-input: HD WebCam as /devices/soc0/70090000.usb/usb1/1-2/1-2:1.0/input/input5
-usb 1-3: new high-speed USB device number 3 using tegra-xusb
+root@(none):/# [    2.998838] usb 1-3: new high-speed USB device number 3 using tegra-xusb
Diff for ./tegra132-norrin/tegra132-norrin/defconfig_log.txt
--- /tmp/fooa	2017-07-02 16:43:31.849046557 -0700
+++ /tmp/foob	2017-07-02 16:43:31.849046557 -0700
@@ -31,7 +31,7 @@
 MSENC clock is set to  79200 KHz
 Vde clock is set to 204000 KHz
 
-Bootloader-Cpu Init at (time stamp): 1801390 us
+Bootloader-Cpu Init at (time stamp): 1801288 us
 
 Pinmux changes applied in kernel way
 
@@ -59,25 +59,25 @@
 The proc BoardInfo: 0x0176:0x0001:0x01:0x43:0x00
 FastbootAddAtag: setting ATAG (0)
 
-Board Id Read Time: 3 us
+Board Id Read Time: 4 us
 Power Rail enable Time: 1 us
 
-Miscellaneous avp time: 1801364  us
-Bootloader (AosInit) time: 733447 us
-Bootloader Main Init time: 180044 us
-BlockDevMgrInit time: 157536 us
+Miscellaneous avp time: 1801261  us
+Bootloader (AosInit) time: 733450 us
+Bootloader Main Init time: 180456 us
+BlockDevMgrInit time: 157560 us
 PartMgrInit time: 8 us
 StorMgrInit time: 31 us
 FsMgrInit time: 2 us
-Partition Table load: 77099 us 
-Display init time: 574541 us
-Kernel read time: 395 msec
-Load Kernel Size:   17063936 Bytes
-Bl Kernel ReadSpeed: 43199000 Bytes/sec
-Pre-Kernel Jump time: 1797977 us
-Clearing 32 Bit State and Warm resetting to 64bit mode: 5922885 us
+Partition Table load: 77071 us 
+Display init time: 574387 us
+Kernel read time: 396 msec
+Load Kernel Size:   17061888 Bytes
+Bl Kernel ReadSpeed: 43085000 Bytes/sec
+Pre-Kernel Jump time: 1798014 us
+Clearing 32 Bit State and Warm resetting to 64bit mode: 5923915 us
 Booting Linux on physical CPU 0x0
-Linux version 4.12.0-rc7-172780-gc0bc126 (jonathanh@sellafield) (gcc version 4.9.2 20140904 (prerelease) (crosstool-NG linaro-1.13.1-4.9-2014.09 - Linaro GCC 4.9-2014.09) ) #1 SMP PREEMPT Mon Jun 26 02:37:43 PDT 2017
+Linux version 4.12.0-172899-g6f7da29 (jonathanh@kaivo) (gcc version 4.9.2 20140904 (prerelease) (crosstool-NG linaro-1.13.1-4.9-2014.09 - Linaro GCC 4.9-2014.09) ) #1 SMP PREEMPT Sun Jul 2 16:39:46 PDT 2017
 Boot CPU: AArch64 Processor [4e0f0000]
 Machine model: NVIDIA Tegra132 Norrin
 Memory limited to 1734MB
@@ -103,15 +103,15 @@
 Policy zone: DMA
 Kernel command line: tegraid=13.1.3.0.0 mem=1734M@2048M memtype=255 vpr=151M@3817M ddr_die=2048M@2048M section=256M commchip_id=0 usb_port_owner_info=0 lane_owner_info=0 emc_max_dvfs=0 touch_id=0@0 video=tegrafb no_console_suspend=1 console=ttyS0,115200n8 debug_uartport=lsport,0 earlyprintk=uart8250-32bit,0x70006000 usbcore.old_scheme_first=1 lp0_vec=0@0x0 tegra_fbmem=32899072@0xad012000 core_edp_mv=1150 core_edp_ma=4000 pmuboard=0x0176:0x0001:0x01:0x43:0x00 displayboard=0x0162:0x0001:0x00:0x42:0x00 power_supply=Adapter audio_codec=rt5640 board_info=0x0176:0x0001:0x01:0x43:0x00 tegraboot=sdmmc gpt gpt_sector=192511 modem_id=0 android.kerneltype=normal
 PID hash table entries: 4096 (order: 3, 32768 bytes)
-Memory: 1708936K/1775616K available (8828K kernel code, 1102K rwdata, 4284K rodata, 1088K init, 404K bss, 50296K reserved, 16384K cma-reserved)
+Memory: 1708936K/1775616K available (8828K kernel code, 1100K rwdata, 4284K rodata, 1088K init, 406K bss, 50296K reserved, 16384K cma-reserved)
 Virtual kernel memory layout:
     modules : 0xffff000000000000 - 0xffff000008000000   (   128 MB)
     vmalloc : 0xffff000008000000 - 0xffff7dffbfff0000   (129022 GB)
       .text : 0xffff000008080000 - 0xffff000008920000   (  8832 KB)
     .rodata : 0xffff000008920000 - 0xffff000008d60000   (  4352 KB)
       .init : 0xffff000008d60000 - 0xffff000008e70000   (  1088 KB)
-      .data : 0xffff000008e70000 - 0xffff000008f83a00   (  1103 KB)
-       .bss : 0xffff000008f83a00 - 0xffff000008fe8b40   (   405 KB)
+      .data : 0xffff000008e70000 - 0xffff000008f83200   (  1101 KB)
+       .bss : 0xffff000008f83200 - 0xffff000008fe8b40   (   407 KB)
     fixed   : 0xffff7dfffe7fd000 - 0xffff7dfffec00000   (  4108 KB)
     PCI I/O : 0xffff7dfffee00000 - 0xffff7dffffe00000   (    16 MB)
     vmemmap : 0xffff7e0000000000 - 0xffff800000000000   (  2048 GB maximum)
@@ -198,7 +198,7 @@
 Freeing initrd memory: 1284K
 kvm [1]: HYP mode not available
 audit: initializing netlink subsys (disabled)
-audit: type=2000 audit(0.930:1): state=initialized audit_enabled=0 res=1
+audit: type=2000 audit(0.933:1): state=initialized audit_enabled=0 res=1
 workingset: timestamp_bits=44 max_order=19 bucket_order=0
 squashfs: version 4.0 (2009/01/31) Phillip Lougher
 NFS: Registering the id_resolver key type
@@ -267,20 +267,21 @@
 9pnet: Installing 9P2000 support
 mmcblk0: mmc0:0001 SEM16G 14.7 GiB 
 Key type dns_resolver registered
+registered taskstats version 1
 mmcblk0boot0: mmc0:0001 SEM16G partition 1 4.00 MiB
 mmcblk0boot1: mmc0:0001 SEM16G partition 2 4.00 MiB
-registered taskstats version 1
 mmcblk0rpmb: mmc0:0001 SEM16G partition 3 4.00 MiB
- mmcblk0: p1 p2 p3 p4 p5 p6 p7 p8
 +VDD_LED: supplied by +VDD_MUX
+ mmcblk0: p1 p2 p3 p4 p5 p6 p7 p8
 +5V_USB_HS: supplied by +5V_SYS
 +5V_USB_SS: supplied by +5V_SYS
 +5V_HDMI_CON: supplied by +5V_SYS
 sdhci-tegra 700b0400.sdhci: Got CD GPIO
 sdhci-tegra 700b0400.sdhci: Got WP GPIO
 input: gpio-keys as /devices/platform/gpio-keys/input/input0
-sdhci-tegra 700b0400.sdhci: Got CD GPIO
 hctosys: unable to open rtc device (rtc0)
+sdhci-tegra 700b0400.sdhci: Got CD GPIO
+sdhci-tegra 700b0400.sdhci: Got WP GPIO
 +3.3V_AVDD_HDMI_AP_GATED: disabling
 +VDD_LED: disabling
 +5V_USB_HS: disabling
@@ -290,7 +291,6 @@
 ALSA device list:
   No soundcards found.
 Freeing unused kernel memory: 1088K
-sdhci-tegra 700b0400.sdhci: Got WP GPIO
 
 System initialization...
 
Diff for ./tegra20-trimslice/tegra20-trimslice/multi_v7_defconfig_log.txt
--- /tmp/fooa	2017-07-02 16:43:31.869046637 -0700
+++ /tmp/foob	2017-07-02 16:43:31.873046654 -0700
@@ -19,7 +19,7 @@
 Out:   serial
 Err:   serial
 Net:   RTL8169#0
-Hit any key to stop autoboot:  2  0 
+Hit any key to stop autoboot:  2  1  0 
 Tegra20 (TrimSlice) # 
 Tegra20 (TrimSlice) # usb reset
 resetting USB...
@@ -48,20 +48,20 @@
 	 #################################################################
 	 #################################################################
 	 ####################
-	 909.2 KiB/s
+	 3.3 MiB/s
 done
-Bytes transferred = 7917600 (78d020 hex)
+Bytes transferred = 7918328 (78d2f8 hex)
 Tegra20 (TrimSlice) # tftpboot 0x02408000 tegra20-trimslice.dtb
 Using RTL8169#0 device
 TFTP from server 192.168.100.1; our IP address is 192.168.100.103
 Filename 'tegra20-trimslice.dtb'.
 Load address: 0x2408000
 Loading: *##
-	 871.1 KiB/s
+	 2.9 MiB/s
 done
 Bytes transferred = 21426 (53b2 hex)
 Tegra20 (TrimSlice) # bootz 0x00408000 - 0x02408000
-Kernel image @ 0x408000 [ 0x000000 - 0x78d020 ]
+Kernel image @ 0x408000 [ 0x000000 - 0x78d2f8 ]
 ## Flattened Device Tree blob at 02408000
    Booting using the fdt blob at 0x2408000
    Using Device Tree in place at 02408000, end 024103b1
@@ -69,7 +69,7 @@
 Starting kernel ...
 
 Booting Linux on physical CPU 0x0
-Linux version 4.12.0-rc7-172780-gc0bc126 (jonathanh@sellafield) (gcc version 4.7.3 20130328 (prerelease) (crosstool-NG linaro-1.13.1-4.7-2013.04-20130415 - Linaro GCC 2013.04) ) #1 SMP Mon Jun 26 02:34:56 PDT 2017
+Linux version 4.12.0-172899-g6f7da29 (jonathanh@sellafield) (gcc version 4.7.3 20130328 (prerelease) (crosstool-NG linaro-1.13.1-4.7-2013.04-20130415 - Linaro GCC 2013.04) ) #1 SMP Sun Jul 2 16:35:49 PDT 2017
 CPU: ARMv7 Processor [411fc090] revision 0 (ARMv7), cr=10c5387d
 CPU: PIPT / VIPT nonaliasing data cache, VIPT aliasing instruction cache
 OF: fdt: Machine model: Compulab TrimSlice board
@@ -79,7 +79,7 @@
 efi: UEFI not found.
 cma: Reserved 64 MiB at 0x3c000000
 On node 0 totalpages: 262144
-free_area_init_node: node 0, pgdat c157fd40, node_mem_map ef7f8000
+free_area_init_node: node 0, pgdat c157f880, node_mem_map ef7f8000
   DMA zone: 1536 pages used for memmap
   DMA zone: 0 pages reserved
   DMA zone: 196608 pages, LIFO batch:31
@@ -92,7 +92,7 @@
 PID hash table entries: 4096 (order: 2, 16384 bytes)
 Dentry cache hash table entries: 131072 (order: 7, 524288 bytes)
 Inode-cache hash table entries: 65536 (order: 6, 262144 bytes)
-Memory: 954368K/1048576K available (10240K kernel code, 1566K rwdata, 4384K rodata, 2048K init, 409K bss, 28672K reserved, 65536K cma-reserved, 196608K highmem)
+Memory: 954368K/1048576K available (10240K kernel code, 1565K rwdata, 4384K rodata, 2048K init, 409K bss, 28672K reserved, 65536K cma-reserved, 196608K highmem)
 Virtual kernel memory layout:
     vector  : 0xffff0000 - 0xffff1000   (   4 kB)
     fixmap  : 0xffc00000 - 0xfff00000   (3072 kB)
@@ -102,7 +102,7 @@
     modules : 0xbf000000 - 0xbfe00000   (  14 MB)
       .text : 0xc0208000 - 0xc0d00000   (11232 kB)
       .init : 0xc1200000 - 0xc1400000   (2048 kB)
-      .data : 0xc1400000 - 0xc15879b0   (1567 kB)
+      .data : 0xc1400000 - 0xc15874f0   (1566 kB)
        .bss : 0xc1590ce0 - 0xc15f7498   ( 410 kB)
 SLUB: HWalign=64, Order=0-3, MinObjects=0, CPUs=2, Nodes=1
 Hierarchical RCU implementation.
@@ -345,8 +345,8 @@
 hub 2-0:1.0: USB hub found
 hub 2-0:1.0: 1 port detected
 input: gpio-keys as /devices/soc0/gpio-keys/input/input0
-rtc-em3027 2-0056: hctosys: unable to read the hardware clock
 hub 1-1:1.0: USB hub found
+rtc-em3027 2-0056: hctosys: unable to read the hardware clock
 hub 1-1:1.0: 4 ports detected
 Waiting for root device PARTUUID=11eb23c1-01...
 usb 1-1.2: new high-speed USB device number 3 using tegra-ehci
Diff for ./tegra20-trimslice/tegra20-trimslice/tegra_defconfig_log.txt
--- /tmp/fooa	2017-07-02 16:43:31.877046671 -0700
+++ /tmp/foob	2017-07-02 16:43:31.877046671 -0700
@@ -46,9 +46,9 @@
 	 #################################################################
 	 #################################################################
 	 #########################
-	 3.3 MiB/s
+	 3.5 MiB/s
 done
-Bytes transferred = 6091152 (5cf190 hex)
+Bytes transferred = 6091264 (5cf200 hex)
 Tegra20 (TrimSlice) # tftpboot 0x02408000 tegra20-trimslice.dtb
 Using RTL8169#0 device
 TFTP from server 192.168.100.1; our IP address is 192.168.100.103
@@ -59,7 +59,7 @@
 done
 Bytes transferred = 21426 (53b2 hex)
 Tegra20 (TrimSlice) # bootz 0x00408000 - 0x02408000
-Kernel image @ 0x408000 [ 0x000000 - 0x5cf190 ]
+Kernel image @ 0x408000 [ 0x000000 - 0x5cf200 ]
 ## Flattened Device Tree blob at 02408000
    Booting using the fdt blob at 0x2408000
    Using Device Tree in place at 02408000, end 024103b1
@@ -68,7 +68,7 @@
 
 Uncompressing Linux... done, booting the kernel.
 Booting Linux on physical CPU 0x0
-Linux version 4.12.0-rc7-172780-gc0bc126 (jonathanh@kaivo) (gcc version 4.7.3 20130328 (prerelease) (crosstool-NG linaro-1.13.1-4.7-2013.04-20130415 - Linaro GCC 2013.04) ) #1 SMP PREEMPT Mon Jun 26 02:35:05 PDT 2017
+Linux version 4.12.0-172899-g6f7da29 (jonathanh@kaivo) (gcc version 4.7.3 20130328 (prerelease) (crosstool-NG linaro-1.13.1-4.7-2013.04-20130415 - Linaro GCC 2013.04) ) #1 SMP PREEMPT Sun Jul 2 16:35:26 PDT 2017
 CPU: ARMv7 Processor [411fc090] revision 0 (ARMv7), cr=10c5387d
 CPU: PIPT / VIPT nonaliasing data cache, VIPT aliasing instruction cache
 OF: fdt: Machine model: Compulab TrimSlice board
Diff for ./tegra210-p2371-0000/tegra210-p2371-0000/defconfig_log.txt
--- /tmp/fooa	2017-07-02 16:43:31.909046801 -0700
+++ /tmp/foob	2017-07-02 16:43:31.909046801 -0700
@@ -64,17 +64,17 @@
 Loading and Validation of Secure OS Successful
 NvTbootPackSdramParams: start. 
 NvTbootPackSdramParams: done. 
-Tegraboot started after 749687 us
-Basic modules init took 348999 us
+Tegraboot started after 881270 us
+Basic modules init took 348916 us
 Sec Bootdevice Read Time = 202 ms, Read Size = 8459 KB
-Next stage binary read took 14343 us
-Carveout took 252728 us
-CPU initialization took 92332 us
-Total time taken by TegraBoot 708402 us
+Next stage binary read took 14384 us
+Carveout took 252717 us
+CPU initialization took 92302 us
+Total time taken by TegraBoot 708319 us
 
 Starting CPU & Halting co-processor 
 
-64b[0001.589] LPDDR4 Training: Number of tables = 10
+64b[0001.717] LPDDR4 Training: Number of tables = 10
 EMC Training (SRC-freq: 204000; DST-freq: 408000)
 EMC Training Successful
 EMC Training (SRC-freq: 204000; DST-freq: 665600)
@@ -108,7 +108,7 @@
 Tegra210 (P2371-0000) # 
 Tegra210 (P2371-0000) # ums 0 mmc 0
 UMS: disk start sector: 0x0, count: 0x1d5a000
-|/-\|/-\/-\|/-\/-\|/-\/-\|/-\/-\|/-\/-\|/-\/-\|/-\/-\|/-\/-\|/-\/-\|/-\/-\|/-\/-CTRL+C - Operation aborted
+|/-\|/-\/-\|/-\/-\|/-\/-\|/-\/-\|/-\/-\|/-\/-\|/-\/-\|/-\/-\|CTRL+C - Operation aborted
 Tegra210 (P2371-0000) # 
 Tegra210 (P2371-0000) # env set fdt_copy_node_names /cpus:/psci
 Tegra210 (P2371-0000) # setenv rootpart 1
@@ -117,9 +117,9 @@
 Tegra210 (P2371-0000) # part uuid ${devtype} ${devnum}:${rootpart} uuid
 Tegra210 (P2371-0000) # setenv bootargs ignore_loglevel console=ttyS0,115200n8 earlycon=uart8250,mmio32,0x70006000 rw root=PARTUUID=00000000-0001-0000-788f-a75600000000 rootwait debug earlyprintk init=/bin/bash
 Tegra210 (P2371-0000) # load ${devtype} ${devnum}:${rootpart} ${kernel_addr_r} /boot/Image.defconfig
-15743488 bytes read in 813 ms (18.5 MiB/s)
+15741440 bytes read in 808 ms (18.6 MiB/s)
 Tegra210 (P2371-0000) # load ${devtype} ${devnum}:${rootpart} ${fdt_addr_r} /boot/tegra210-p2371-0000.dtb
-45142 bytes read in 461 ms (94.7 KiB/s)
+45142 bytes read in 460 ms (95.7 KiB/s)
 Tegra210 (P2371-0000) # load ${devtype} ${devnum}:${rootpart} ${ramdisk_addr_r} /boot/tegra-ramdisk.img
 1627787 bytes read in 495 ms (3.1 MiB/s)
 Tegra210 (P2371-0000) # ramdisk_size=${filesize}
@@ -131,7 +131,7 @@
 Starting kernel ...
 
 Booting Linux on physical CPU 0x0
-Linux version 4.12.0-rc7-172780-gc0bc126 (jonathanh@sellafield) (gcc version 4.9.2 20140904 (prerelease) (crosstool-NG linaro-1.13.1-4.9-2014.09 - Linaro GCC 4.9-2014.09) ) #1 SMP PREEMPT Mon Jun 26 02:37:43 PDT 2017
+Linux version 4.12.0-172899-g6f7da29 (jonathanh@kaivo) (gcc version 4.9.2 20140904 (prerelease) (crosstool-NG linaro-1.13.1-4.9-2014.09 - Linaro GCC 4.9-2014.09) ) #1 SMP PREEMPT Sun Jul 2 16:39:46 PDT 2017
 Boot CPU: AArch64 Processor [411fd071]
 Machine model: NVIDIA Tegra210 P2371 (P2530/P2595) reference design
 debug: ignoring loglevel setting.
@@ -175,15 +175,15 @@
 Kernel command line: ignore_loglevel console=ttyS0,115200n8 earlycon=uart8250,mmio32,0x70006000 rw root=PARTUUID=00000000-0001-0000-788f-a75600000000 rootwait debug earlyprintk init=/bin/bash
 PID hash table entries: 4096 (order: 3, 32768 bytes)
 software IO TLB [mem 0xfa000000-0xfe000000] (64MB) mapped at [ffff80007a000000-ffff80007dffffff]
-Memory: 2983292K/3131392K available (8828K kernel code, 1102K rwdata, 4284K rodata, 1088K init, 404K bss, 131716K reserved, 16384K cma-reserved)
+Memory: 2983292K/3131392K available (8828K kernel code, 1100K rwdata, 4284K rodata, 1088K init, 406K bss, 131716K reserved, 16384K cma-reserved)
 Virtual kernel memory layout:
     modules : 0xffff000000000000 - 0xffff000008000000   (   128 MB)
     vmalloc : 0xffff000008000000 - 0xffff7dffbfff0000   (129022 GB)
       .text : 0xffff000008080000 - 0xffff000008920000   (  8832 KB)
     .rodata : 0xffff000008920000 - 0xffff000008d60000   (  4352 KB)
       .init : 0xffff000008d60000 - 0xffff000008e70000   (  1088 KB)
-      .data : 0xffff000008e70000 - 0xffff000008f83a00   (  1103 KB)
-       .bss : 0xffff000008f83a00 - 0xffff000008fe8b40   (   405 KB)
+      .data : 0xffff000008e70000 - 0xffff000008f83200   (  1101 KB)
+       .bss : 0xffff000008f83200 - 0xffff000008fe8b40   (   407 KB)
     fixed   : 0xffff7dfffe7fd000 - 0xffff7dfffec00000   (  4108 KB)
     PCI I/O : 0xffff7dfffee00000 - 0xffff7dffffe00000   (    16 MB)
     vmemmap : 0xffff7e0000000000 - 0xffff800000000000   (  2048 GB maximum)
@@ -274,7 +274,7 @@
 kvm [1]: vgic interrupt IRQ1
 kvm [1]: virtual timer IRQ4
 audit: initializing netlink subsys (disabled)
-audit: type=2000 audit(0.527:1): state=initialized audit_enabled=0 res=1
+audit: type=2000 audit(0.531:1): state=initialized audit_enabled=0 res=1
 workingset: timestamp_bits=44 max_order=20 bucket_order=0
 squashfs: version 4.0 (2009/01/31) Phillip Lougher
 NFS: Registering the id_resolver key type
@@ -355,6 +355,6 @@
 devtmpfs: mounted
 Freeing unused kernel memory: 1088K
 bash: cannot set terminal process group (-1): Inappropriate ioctl for device
-bash: no job control in th[    1.362095] random: fast init done
+bash: no job control in th[    1.349325] random: fast init done
 is shell
 root@(none):/# 
\ No newline at end of file
Diff for ./tegra210-smaug/tegra210-smaug/defconfig_log.txt
--- /tmp/fooa	2017-07-02 16:43:31.925046866 -0700
+++ /tmp/foob	2017-07-02 16:43:31.929046881 -0700
@@ -1,7 +1,4 @@
-: AArch64 Processor [411fd071]
-Machine model: Google Pixel C
-efi: Getting EFI parameters from FDT:
-efi: UEFI not found.
+ound.
 cma: Reserved 16 MiB at 0x00000000f5400000
 earlycon: uart0 at MMIO 0x0000000070006000 (options '115200n8')
 bootconsole [uart0] enabled
@@ -32,15 +29,15 @@
 Kernel command line: cros_secure vpr=0x08000000@0xf6800000 earlycon
 PID hash table entries: 4096 (order: 3, 32768 bytes)
 software IO TLB [mem 0xf1400000-0xf5400000] (64MB) mapped at [ffff800071400000-ffff8000753fffff]
-Memory: 2838556K/2988032K available (8828K kernel code, 1102K rwdata, 4284K rodata, 1088K init, 404K bss, 133092K reserved, 16384K cma-reserved)
+Memory: 2838560K/2988032K available (8828K kernel code, 1100K rwdata, 4284K rodata, 1088K init, 406K bss, 133088K reserved, 16384K cma-reserved)
 Virtual kernel memory layout:
     modules : 0xffff000000000000 - 0xffff000008000000   (   128 MB)
     vmalloc : 0xffff000008000000 - 0xffff7dffbfff0000   (129022 GB)
       .text : 0xffff000008080000 - 0xffff000008920000   (  8832 KB)
     .rodata : 0xffff000008920000 - 0xffff000008d60000   (  4352 KB)
       .init : 0xffff000008d60000 - 0xffff000008e70000   (  1088 KB)
-      .data : 0xffff000008e70000 - 0xffff000008f83a00   (  1103 KB)
-       .bss : 0xffff000008f83a00 - 0xffff000008fe8b40   (   405 KB)
+      .data : 0xffff000008e70000 - 0xffff000008f83200   (  1101 KB)
+       .bss : 0xffff000008f83200 - 0xffff000008fe8b40   (   407 KB)
     fixed   : 0xffff7dfffe7fd000 - 0xffff7dfffec00000   (  4108 KB)
     PCI I/O : 0xffff7dfffee00000 - 0xffff7dffffe00000   (    16 MB)
     vmemmap : 0xffff7e0000000000 - 0xffff800000000000   (  2048 GB maximum)
@@ -77,7 +74,7 @@
 console [tty0] enabled
 bootconsole [uart0] disabled
 Booting Linux on physical CPU 0x0
-Linux version 4.12.0-rc7-172780-gc0bc126 (jonathanh@sellafield) (gcc version 4.9.2 20140904 (prerelease) (crosstool-NG linaro-1.13.1-4.9-2014.09 - Linaro GCC 4.9-2014.09) ) #1 SMP PREEMPT Mon Jun 26 02:37:43 PDT 2017
+Linux version 4.12.0-172899-g6f7da29 (jonathanh@kaivo) (gcc version 4.9.2 20140904 (prerelease) (crosstool-NG linaro-1.13.1-4.9-2014.09 - Linaro GCC 4.9-2014.09) ) #1 SMP PREEMPT Sun Jul 2 16:39:46 PDT 2017
 Boot CPU: AArch64 Processor [411fd071]
 Machine model: Google Pixel C
 efi: Getting EFI parameters from FDT:
@@ -112,15 +109,15 @@
 Kernel command line: cros_secure vpr=0x08000000@0xf6800000 earlycon
 PID hash table entries: 4096 (order: 3, 32768 bytes)
 software IO TLB [mem 0xf1400000-0xf5400000] (64MB) mapped at [ffff800071400000-ffff8000753fffff]
-Memory: 2838556K/2988032K available (8828K kernel code, 1102K rwdata, 4284K rodata, 1088K init, 404K bss, 133092K reserved, 16384K cma-reserved)
+Memory: 2838560K/2988032K available (8828K kernel code, 1100K rwdata, 4284K rodata, 1088K init, 406K bss, 133088K reserved, 16384K cma-reserved)
 Virtual kernel memory layout:
     modules : 0xffff000000000000 - 0xffff000008000000   (   128 MB)
     vmalloc : 0xffff000008000000 - 0xffff7dffbfff0000   (129022 GB)
       .text : 0xffff000008080000 - 0xffff000008920000   (  8832 KB)
     .rodata : 0xffff000008920000 - 0xffff000008d60000   (  4352 KB)
       .init : 0xffff000008d60000 - 0xffff000008e70000   (  1088 KB)
-      .data : 0xffff000008e70000 - 0xffff000008f83a00   (  1103 KB)
-       .bss : 0xffff000008f83a00 - 0xffff000008fe8b40   (   405 KB)
+      .data : 0xffff000008e70000 - 0xffff000008f83200   (  1101 KB)
+       .bss : 0xffff000008f83200 - 0xffff000008fe8b40   (   407 KB)
     fixed   : 0xffff7dfffe7fd000 - 0xffff7dfffec00000   (  4108 KB)
     PCI I/O : 0xffff7dfffee00000 - 0xffff7dffffe00000   (    16 MB)
     vmemmap : 0xffff7e0000000000 - 0xffff800000000000   (  2048 GB maximum)
@@ -225,7 +222,7 @@
 RPC: Registered tcp transport module.
 RPC: Registered tcp NFSv4.1 backchannel transport module.
 Unpacking initramfs...
-Freeing initrd memory: 1284K
+Freeing initrd memory: 1280K
 kvm [1]: 8-bit VMID
 kvm [1]: IDMAP page: 80915000
 kvm [1]: HYP VA range: 800000000000:ffffffffffff
@@ -234,7 +231,7 @@
 kvm [1]: vgic interrupt IRQ1
 kvm [1]: virtual timer IRQ4
 audit: initializing netlink subsys (disabled)
-audit: type=2000 audit(0.286:1): state=initialized audit_enabled=0 res=1
+audit: type=2000 audit(0.287:1): state=initialized audit_enabled=0 res=1
 workingset: timestamp_bits=44 max_order=20 bucket_order=0
 squashfs: version 4.0 (2009/01/31) Phillip Lougher
 NFS: Registering the id_resolver key type
@@ -272,9 +269,9 @@
 PP2800L_RCAM: Bringing 3100000uV into 2800000-2800000uV
 max77620-ldo4: supplied by regulator-dummy
 PP1100_SOC_RTC: Bringing 1000000uV into 850000-850000uV
-random: fast init done
 max77620-ldo5: supplied by regulator-dummy
 PP2800L_FCAM: Bringing 3100000uV into 2800000-2800000uV
+random: fast init done
 max77620-ldo6: supplied by regulator-dummy
 PP_LDO6: Bringing 2800000uV into 1800000-1800000uV
 max77620-ldo7: supplied by regulator-dummy
@@ -342,7 +339,7 @@
 tegra-i2c 7000d100.i2c: could not find pctldev for node /host1x@50000000/dpaux@545c0000/pinmux-i2c, deferring probe
 input: gpio-keys as /devices/platform/gpio-keys/input/input0
 tegra-i2c 7000d100.i2c: could not find pctldev for node /host1x@50000000/dpaux@545c0000/pinmux-i2c, deferring probe
-max77686-rtc max77620-rtc: setting system clock to 2001-04-06 15:03:27 UTC (986569407)
+max77686-rtc max77620-rtc: setting system clock to 2001-04-13 05:04:57 UTC (987138297)
 PP1200_AVDD: disabling
 PP1200_RCAM: disabling
 PP2800L_RCAM: disabling
Diff for ./tegra30-beaver/tegra30-beaver/multi_v7_defconfig_log.txt
--- /tmp/fooa	2017-07-02 16:43:31.937046915 -0700
+++ /tmp/foob	2017-07-02 16:43:31.937046915 -0700
@@ -27,7 +27,6 @@
 Tegra30 (Beaver) # setenv bootargs 'ignore_loglevel console=ttyS0,115200n8 rw root=PARTUUID=edbe1840-3633-c751-7993-b0ac834f81e0 rootwait gpt debug noinitrd earlyprintk init=/bin/bash'
 Tegra30 (Beaver) # setenv ipaddr 192.168.100.101; setenv serverip 192.168.100.1; setenv tftpserverip 192.168.100.1
 Tegra30 (Beaver) # tftpboot 0x81000000 zImage.multi_v7_defconfig
-Waiting for Ethernet connection... done.
 Using asx0 device
 TFTP from server 192.168.100.1; our IP address is 192.168.100.101
 Filename 'zImage.multi_v7_defconfig'.
@@ -41,9 +40,9 @@
 	 #################################################################
 	 #################################################################
 	 ####################
-	 2.8 MiB/s
+	 3 MiB/s
 done
-Bytes transferred = 7917600 (78d020 hex)
+Bytes transferred = 7918328 (78d2f8 hex)
 Tegra30 (Beaver) # tftpboot 0x82000000 tegra30-beaver.dtb
 Using asx0 device
 TFTP from server 192.168.100.1; our IP address is 192.168.100.101
@@ -54,7 +53,7 @@
 done
 Bytes transferred = 51804 (ca5c hex)
 Tegra30 (Beaver) # bootz 0x81000000 - 0x82000000
-Kernel image @ 0x81000000 [ 0x000000 - 0x78d020 ]
+Kernel image @ 0x81000000 [ 0x000000 - 0x78d2f8 ]
 ## Flattened Device Tree blob at 82000000
    Booting using the fdt blob at 0x82000000
    Loading Device Tree to 8fff0000, end 8ffffa5b ... OK
@@ -62,7 +61,7 @@
 Starting kernel ...
 
 Booting Linux on physical CPU 0x0
-Linux version 4.12.0-rc7-172780-gc0bc126 (jonathanh@sellafield) (gcc version 4.7.3 20130328 (prerelease) (crosstool-NG linaro-1.13.1-4.7-2013.04-20130415 - Linaro GCC 2013.04) ) #1 SMP Mon Jun 26 02:34:56 PDT 2017
+Linux version 4.12.0-172899-g6f7da29 (jonathanh@sellafield) (gcc version 4.7.3 20130328 (prerelease) (crosstool-NG linaro-1.13.1-4.7-2013.04-20130415 - Linaro GCC 2013.04) ) #1 SMP Sun Jul 2 16:35:49 PDT 2017
 CPU: ARMv7 Processor [412fc099] revision 9 (ARMv7), cr=10c5387d
 CPU: PIPT / VIPT nonaliasing data cache, VIPT aliasing instruction cache
 OF: fdt: Machine model: NVIDIA Tegra30 Beaver evaluation board
@@ -72,7 +71,7 @@
 efi: UEFI not found.
 cma: Reserved 64 MiB at 0xfb800000
 On node 0 totalpages: 524032
-free_area_init_node: node 0, pgdat c157fd40, node_mem_map eeff8000
+free_area_init_node: node 0, pgdat c157f880, node_mem_map eeff8000
   DMA zone: 1536 pages used for memmap
   DMA zone: 0 pages reserved
   DMA zone: 196608 pages, LIFO batch:31
@@ -85,7 +84,7 @@
 PID hash table entries: 4096 (order: 2, 16384 bytes)
 Dentry cache hash table entries: 131072 (order: 7, 524288 bytes)
 Inode-cache hash table entries: 65536 (order: 6, 262144 bytes)
-Memory: 1993460K/2096128K available (10240K kernel code, 1566K rwdata, 4384K rodata, 2048K init, 409K bss, 37132K reserved, 65536K cma-reserved, 1244160K highmem)
+Memory: 1993460K/2096128K available (10240K kernel code, 1565K rwdata, 4384K rodata, 2048K init, 409K bss, 37132K reserved, 65536K cma-reserved, 1244160K highmem)
 Virtual kernel memory layout:
     vector  : 0xffff0000 - 0xffff1000   (   4 kB)
     fixmap  : 0xffc00000 - 0xfff00000   (3072 kB)
@@ -95,7 +94,7 @@
     modules : 0xbf000000 - 0xbfe00000   (  14 MB)
       .text : 0xc0208000 - 0xc0d00000   (11232 kB)
       .init : 0xc1200000 - 0xc1400000   (2048 kB)
-      .data : 0xc1400000 - 0xc15879b0   (1567 kB)
+      .data : 0xc1400000 - 0xc15874f0   (1566 kB)
        .bss : 0xc1590ce0 - 0xc15f7498   ( 410 kB)
 SLUB: HWalign=64, Order=0-3, MinObjects=0, CPUs=4, Nodes=1
 Hierarchical RCU implementation.
@@ -308,20 +307,20 @@
 usb3_vbus: supplied by vdd_5v_in
 sys_3v3,vdd_3v3_alw: supplied by vdd_5v_in
 sys_3v3_pexs: supplied by sys_3v3,vdd_3v3_alw
-+VDD_5V_HDMI: supplied by sys_3v3,vdd_3v3_alw
 mmc1: new high speed MMC card at address 0001
 mmcblk1: mmc1:0001 SEM16G 14.8 GiB 
 mmcblk1boot0: mmc1:0001 SEM16G partition 1 1.00 MiB
-mmc0: new ultra high speed DDR50 SDHC card at address aaaa
 mmcblk1boot1: mmc1:0001 SEM16G partition 2 1.00 MiB
-mmcblk0: mmc0:aaaa SS04G 3.69 GiB 
 mmcblk1rpmb: mmc1:0001 SEM16G partition 3 128 KiB
-Primary GPT is invalid, using alternate GPT.
- mmcblk1: p1 p2 p3 p4 p5
- mmcblk0: p1 p2 p3
++VDD_5V_HDMI: supplied by sys_3v3,vdd_3v3_alw
 tegra-pcie 3000.pcie-controller: 2x3 configuration
 tegra-pcie 3000.pcie-controller: probing port 0, using 2 lanes
+Primary GPT is invalid, using alternate GPT.
+ mmcblk1: p1 p2 p3 p4 p5
+mmc0: new ultra high speed DDR50 SDHC card at address aaaa
+mmcblk0: mmc0:aaaa SS04G 3.69 GiB 
 tegra-pcie 3000.pcie-controller: probing port 2, using 2 lanes
+ mmcblk0: p1 p2 p3
 tegra-pcie 3000.pcie-controller: link 2 down, retrying
 tegra-pcie 3000.pcie-controller: link 2 down, retrying
 tegra-pcie 3000.pcie-controller: link 2 down, retrying
@@ -393,5 +392,5 @@
 Freeing unused kernel memory: 2048K
 bash: cannot set terminal process group (-1): Inappropriate ioctl for device
 bash: no job control in this shell
-root@(none):/# [    4.104077] usb 2-1: new high-speed USB device number 2 using tegra-ehci
+root@(none):/# [    4.083684] usb 2-1: new high-speed USB device number 2 using tegra-ehci
 asix 2-1:1.0 eth1: register 'asix' at usb-7d008000.usb-1, ASIX AX88772 USB 2.0 Ethernet, 00:50:b6:0f:67:60
Diff for ./tegra30-beaver/tegra30-beaver/tegra_defconfig_log.txt
--- /tmp/fooa	2017-07-02 16:43:31.945046946 -0700
+++ /tmp/foob	2017-07-02 16:43:31.949046963 -0700
@@ -38,9 +38,9 @@
 	 #################################################################
 	 #################################################################
 	 #########################
-	 3.2 MiB/s
+	 2.8 MiB/s
 done
-Bytes transferred = 6091152 (5cf190 hex)
+Bytes transferred = 6091264 (5cf200 hex)
 Tegra30 (Beaver) # tftpboot 0x82000000 tegra30-beaver.dtb
 Using asx0 device
 TFTP from server 192.168.100.1; our IP address is 192.168.100.101
@@ -51,7 +51,7 @@
 done
 Bytes transferred = 51804 (ca5c hex)
 Tegra30 (Beaver) # bootz 0x81000000 - 0x82000000
-Kernel image @ 0x81000000 [ 0x000000 - 0x5cf190 ]
+Kernel image @ 0x81000000 [ 0x000000 - 0x5cf200 ]
 ## Flattened Device Tree blob at 82000000
    Booting using the fdt blob at 0x82000000
    Loading Device Tree to 8fff0000, end 8ffffa5b ... OK
@@ -60,7 +60,7 @@
 
 Uncompressing Linux... done, booting the kernel.
 Booting Linux on physical CPU 0x0
-Linux version 4.12.0-rc7-172780-gc0bc126 (jonathanh@kaivo) (gcc version 4.7.3 20130328 (prerelease) (crosstool-NG linaro-1.13.1-4.7-2013.04-20130415 - Linaro GCC 2013.04) ) #1 SMP PREEMPT Mon Jun 26 02:35:05 PDT 2017
+Linux version 4.12.0-172899-g6f7da29 (jonathanh@kaivo) (gcc version 4.7.3 20130328 (prerelease) (crosstool-NG linaro-1.13.1-4.7-2013.04-20130415 - Linaro GCC 2013.04) ) #1 SMP PREEMPT Sun Jul 2 16:35:26 PDT 2017
 CPU: ARMv7 Processor [412fc099] revision 9 (ARMv7), cr=10c5387d
 CPU: PIPT / VIPT nonaliasing data cache, VIPT aliasing instruction cache
 OF: fdt: Machine model: NVIDIA Tegra30 Beaver evaluation board
@@ -386,4 +386,4 @@
 Freeing unused kernel memory: 1024K
 bash: cannot set terminal process group (-1): Inappropriate ioctl for device
 bash: no job control in this shell
-root@(none):/# [    4.370166] usb 2-1: new high-speed USB device number 2 using tegra-ehci
+root@(none):/# [    4.370141] usb 2-1: new high-speed USB device number 2 using tegra-ehci
