

U-Boot 2015.04-00466-gedec83e90172 (Mar 14 2016 - 10:42:01)

TEGRA124
Model: Acer Chromebook 13 CB5-311
DRAM:  4 GiB
C:   Tegra SD/MMC: 0, Tegra SD/MMC: 1, Tegra SD/MMC: 2
MMC init failed
Using default environment

In:    serial
Out:   serial
Err:   serial
Net:   Net Initialization Skipped
No ethernet found.
Hit any key to stop autoboot:  2  0 
Tegra124 (Nyan-big) # 
Tegra124 (Nyan-big) # usb start
starting USB...
USB0:   USB EHCI 1.10
scanning bus 0 for devices... 2 USB Device(s) found
USB1:   USB EHCI 1.10
scanning bus 1 for devices... 2 USB Device(s) found
       scanning usb for storage devices... 1 Storage Device(s) found
       scanning usb for ethernet devices... 
Warning: asx0 using MAC address from net device
1 Ethernet Device(s) found
Tegra124 (Nyan-big) # mw 0x7000e4a0 0x00080000
Tegra124 (Nyan-big) # setenv bootargs 'ignore_loglevel console=ttyS0,115200n8 rw root=PARTUUID=4d36e82a-b3c0-4b4b-bfcd-afe5217ac023 rootwait gpt debug noinitrd earlyprintk init=/bin/bash'
Tegra124 (Nyan-big) # setenv ipaddr 192.168.100.102; setenv serverip 192.168.100.1; setenv tftpserverip 192.168.100.1
Tegra124 (Nyan-big) # tftpboot 0x82000000 zImage.multi_v7_defconfig
Using asx0 device
TFTP from server 192.168.100.1; our IP address is 192.168.100.102
Filename 'zImage.multi_v7_defconfig'.
Load address: 0x82000000
Loading: *#################################################################
	 #################################################################
	 #################################################################
	 #################################################################
	 #################################################################
	 #################################################################
	 #################################################################
	 ##########################################
	 2.8 MiB/s
done
Bytes transferred = 7288568 (6f36f8 hex)
Tegra124 (Nyan-big) # tftpboot 0x83000000 tegra124-nyan-big.dtb
Using asx0 device
TFTP from server 192.168.100.1; our IP address is 192.168.100.102
Filename 'tegra124-nyan-big.dtb'.
Load address: 0x83000000
Loading: *#####
	 2.7 MiB/s
done
Bytes transferred = 67899 (1093b hex)
Tegra124 (Nyan-big) # bootz 0x82000000 - 0x83000000
Kernel image @ 0x82000000 [ 0x000000 - 0x6f36f8 ]
## Flattened Device Tree blob at 83000000
   Booting using the fdt blob at 0x83000000
   Using Device Tree in place at 83000000, end 8301393a

Starting kernel ...

[    0.000000] Booting Linux on physical CPU 0x0
[    0.000000] Linux version 4.9.0-129023-g69973b8 (pwalmsley@sellafield) (gcc version 4.7.3 20130328 (prerelease) (crosstool-NG linaro-1.13.1-4.7-2013.04-20130415 - Linaro GCC 2013.04) ) #1 SMP Sun Dec 11 12:34:17 PST 2016
[    0.000000] CPU: ARMv7 Processor [413fc0f3] revision 3 (ARMv7), cr=10c5387d
[    0.000000] CPU: div instructions available: patching division code
[    0.000000] CPU: PIPT / VIPT nonaliasing data cache, PIPT instruction cache
[    0.000000] OF: fdt:Machine model: Acer Chromebook 13 CB5-311
[    0.000000] OF: fdt:Ignoring memory range 0x100000000 - 0x17ffff000
[    0.000000] debug: ignoring loglevel setting.
[    0.000000] efi: Getting EFI parameters from FDT:
[    0.000000] efi: UEFI not found.
[    0.000000] cma: Reserved 64 MiB at 0xfb800000
[    0.000000] Memory policy: Data cache writealloc
[    0.000000] On node 0 totalpages: 524287
[    0.000000] free_area_init_node: node 0, pgdat c1427fc0, node_mem_map eeff8000
[    0.000000]   DMA zone: 1536 pages used for memmap
[    0.000000]   DMA zone: 0 pages reserved
[    0.000000]   DMA zone: 196608 pages, LIFO batch:31
[    0.000000]   HighMem zone: 327679 pages, LIFO batch:31
[    0.000000] percpu: Embedded 14 pages/cpu @eef8d000 s26624 r8192 d22528 u57344
[    0.000000] pcpu-alloc: s26624 r8192 d22528 u57344 alloc=14*4096
[    0.000000] pcpu-alloc: [0] 0 [0] 1 [0] 2 [0] 3 
[    0.000000] Built 1 zonelists in Zone order, mobility grouping on.  Total pages: 522751
[    0.000000] Kernel command line: ignore_loglevel console=ttyS0,115200n8 rw root=PARTUUID=4d36e82a-b3c0-4b4b-bfcd-afe5217ac023 rootwait gpt debug noinitrd earlyprintk init=/bin/bash
[    0.000000] PID hash table entries: 4096 (order: 2, 16384 bytes)
[    0.000000] Dentry cache hash table entries: 131072 (order: 7, 524288 bytes)
[    0.000000] Inode-cache hash table entries: 65536 (order: 6, 262144 bytes)
[    0.000000] Memory: 1995984K/2097148K available (9216K kernel code, 1190K rwdata, 4068K rodata, 2048K init, 343K bss, 35628K reserved, 65536K cma-reserved, 1245180K highmem)
[    0.000000] Virtual kernel memory layout:
[    0.000000]     vector  : 0xffff0000 - 0xffff1000   (   4 kB)
[    0.000000]     fixmap  : 0xffc00000 - 0xfff00000   (3072 kB)
[    0.000000]     vmalloc : 0xf0800000 - 0xff800000   ( 240 MB)
[    0.000000]     lowmem  : 0xc0000000 - 0xf0000000   ( 768 MB)
[    0.000000]     pkmap   : 0xbfe00000 - 0xc0000000   (   2 MB)
[    0.000000]     modules : 0xbf000000 - 0xbfe00000   (  14 MB)
[    0.000000]       .text : 0xc0208000 - 0xc0c00000   (10208 kB)
[    0.000000]       .init : 0xc1100000 - 0xc1300000   (2048 kB)
[    0.000000]       .data : 0xc1300000 - 0xc1429aa0   (1191 kB)
[    0.000000]        .bss : 0xc142b000 - 0xc1480fc8   ( 344 kB)
[    0.000000] SLUB: HWalign=64, Order=0-3, MinObjects=0, CPUs=4, Nodes=1
[    0.000000] Hierarchical RCU implementation.
[    0.000000] 	Build-time adjustment of leaf fanout to 32.
[    0.000000] 	RCU restricting CPUs from NR_CPUS=16 to nr_cpu_ids=4.
[    0.000000] RCU: Adjusting geometry for rcu_fanout_leaf=32, nr_cpu_ids=4
[    0.000000] NR_IRQS:16 nr_irqs:16 16
[    0.000000] /interrupt-controller@60004000: 160 interrupts forwarded to /interrupt-controller@50041000
[    0.000000] Tegra clk 127: register failed with -17
[    0.000003] sched_clock: 32 bits at 1000kHz, resolution 1000ns, wraps every 2147483647500ns
[    0.000012] clocksource: timer_us: mask: 0xffffffff max_cycles: 0xffffffff, max_idle_ns: 1911260446275 ns
[    0.000017] Switching to timer-based delay loop, resolution 1000ns
[    0.001862] arm_arch_timer: Architected cp15 timer(s) running at 12.00MHz (virt).
[    0.001869] clocksource: arch_sys_counter: mask: 0xffffffffffffff max_cycles: 0x2c47f4ee7, max_idle_ns: 440795202497 ns
[    0.001876] sched_clock: 56 bits at 12MHz, resolution 83ns, wraps every 4398046511096ns
[    0.001880] Switching to timer-based delay loop, resolution 83ns
[    0.002083] Console: colour dummy device 80x30
[    0.002096] Calibrating delay loop (skipped), value calculated using timer frequency.. 24.00 BogoMIPS (lpj=60000)
[    0.002102] pid_max: default: 32768 minimum: 301
[    0.002140] Mount-cache hash table entries: 2048 (order: 1, 8192 bytes)
[    0.002144] Mountpoint-cache hash table entries: 2048 (order: 1, 8192 bytes)
[    0.002389] CPU: Testing write buffer coherency: ok
[    0.002498] /cpus/cpu@0 missing clock-frequency property
[    0.002512] /cpus/cpu@1 missing clock-frequency property
[    0.002526] /cpus/cpu@2 missing clock-frequency property
[    0.002541] /cpus/cpu@3 missing clock-frequency property
[    0.002545] CPU0: thread -1, cpu 0, socket 0, mpidr 80000000
[    0.002555] Setting up static identity map for 0x80300000 - 0x80300098
[    0.003890] Tegra Revision: A01 SKU: 131 CPU Process: 1 SoC Process: 1
[    0.004122] EFI services will not be available.
[    0.004456] CPU1: thread -1, cpu 1, socket 0, mpidr 80000001
[    0.006988] CPU2: thread -1, cpu 2, socket 0, mpidr 80000002
[    0.011980] CPU3: thread -1, cpu 3, socket 0, mpidr 80000003
[    0.016758] Brought up 4 CPUs
[    0.016765] SMP: Total of 4 processors activated (96.00 BogoMIPS).
[    0.016768] CPU: All CPU(s) started in SVC mode.
[    0.017313] devtmpfs: initialized
[    0.024574] VFP support v0.3: implementor 41 architecture 4 part 30 variant f rev 0
[    0.024774] clocksource: jiffies: mask: 0xffffffff max_cycles: 0xffffffff, max_idle_ns: 9556302231375000 ns
[    0.025300] pinctrl core: initialized pinctrl subsystem
[    0.026009] NET: Registered protocol family 16
[    0.026687] DMA: preallocated 256 KiB pool for atomic coherent allocations
[    0.041857] cpuidle: using governor menu
[    0.051944] No ATAGs?
[    0.051956] hw-breakpoint: found 5 (+1 reserved) breakpoint and 4 watchpoint registers.
[    0.051960] hw-breakpoint: maximum watchpoint size is 8 bytes.
[    0.054620] Serial: AMBA PL011 UART driver
[    0.054966] tegra-mc 70019000.memory-controller: no memory timings for RAM code 0 registered
[    0.073698] +5V_SYS: supplied by +VDD_MUX
[    0.073806] +3.3V_SYS: supplied by +VDD_MUX
[    0.074032] +VDD_LED: Failed to request enable GPIO122: -517
[    0.074037] reg-fixed-voltage regulators:regulator@5: Failed to register regulator: -517
[    0.074067] +5V_VDD_TS_SW: Failed to request enable GPIO81: -517
[    0.074071] reg-fixed-voltage regulators:regulator@6: Failed to register regulator: -517
[    0.074100] +5V_USB_HS: Failed to request enable GPIO108: -517
[    0.074104] reg-fixed-voltage regulators:regulator@7: Failed to register regulator: -517
[    0.074133] +5V_USB_SS: Failed to request enable GPIO109: -517
[    0.074137] reg-fixed-voltage regulators:regulator@8: Failed to register regulator: -517
[    0.074214] +1.05V_RUN_AVDD_HDMI_PLL: Failed to request enable GPIO63: -517
[    0.074218] reg-fixed-voltage regulators:regulator@11: Failed to register regulator: -517
[    0.074246] +5V_HDMI_CON: Failed to request enable GPIO86: -517
[    0.074250] reg-fixed-voltage regulators:regulator@12: Failed to register regulator: -517
[    0.075333] vgaarb: loaded
[    0.075635] SCSI subsystem initialized
[    0.075704] libata version 3.00 loaded.
[    0.075812] usbcore: registered new interface driver usbfs
[    0.075836] usbcore: registered new interface driver hub
[    0.075859] usbcore: registered new device driver usb
[    0.077200] pps_core: LinuxPPS API ver. 1 registered
[    0.077203] pps_core: Software ver. 5.3.6 - Copyright 2005-2007 Rodolfo Giometti <giometti@linux.it>
[    0.077211] PTP clock support registered
[    0.077279] EDAC MC: Ver: 3.0.0
[    0.077725] tegra-emc 7001b000.emc: no memory timings for RAM code 0 found in DT
[    0.077734] tegra-emc: probe of 7001b000.emc failed with error -2
[    0.078223] clocksource: Switched to clocksource arch_sys_counter
[    0.081998] NET: Registered protocol family 2
[    0.082196] TCP established hash table entries: 8192 (order: 3, 32768 bytes)
[    0.082230] TCP bind hash table entries: 8192 (order: 4, 65536 bytes)
[    0.082292] TCP: Hash tables configured (established 8192 bind 8192)
[    0.082313] UDP hash table entries: 512 (order: 2, 16384 bytes)
[    0.082327] UDP-Lite hash table entries: 512 (order: 2, 16384 bytes)
[    0.082388] NET: Registered protocol family 1
[    0.082518] RPC: Registered named UNIX socket transport module.
[    0.082521] RPC: Registered udp transport module.
[    0.082524] RPC: Registered tcp transport module.
[    0.082527] RPC: Registered tcp NFSv4.1 backchannel transport module.
[    0.082532] PCI: CLS 0 bytes, default 64
[    0.082979] hw perfevents: enabled with armv7_cortex_a15 PMU driver, 7 counters available
[    0.083532] futex hash table entries: 1024 (order: 4, 65536 bytes)
[    0.083820] workingset: timestamp_bits=30 max_order=19 bucket_order=0
[    0.087598] squashfs: version 4.0 (2009/01/31) Phillip Lougher
[    0.087908] NFS: Registering the id_resolver key type
[    0.087919] Key type id_resolver registered
[    0.087923] Key type id_legacy registered
[    0.087940] ntfs: driver 2.1.32 [Flags: R/O].
[    0.088400] bounce: pool size: 64 pages
[    0.088471] Block layer SCSI generic (bsg) driver version 0.4 loaded (major 248)
[    0.088476] io scheduler noop registered
[    0.088478] io scheduler deadline registered
[    0.088543] io scheduler cfq registered (default)
[    0.090386] tegra-xusb-padctl 7009f000.padctl: failed to setup XUSB ports: -517
[    0.090563] libphy: mdio_driver_register: phy-bcm-ns2-pci
[    0.100435] tegra-apbdma 60020000.dma: Tegra20 APB DMA driver register 32 channels
[    0.101092] tegra-pmc 7000e400.pmc: i2c-thermtrip node not found, emergency thermal reset disabled.
[    0.122836] Serial: 8250/16550 driver, 4 ports, IRQ sharing disabled
[    0.124025] console [ttyS0] disabled
[    0.124040] 70006000.serial: ttyS0 at MMIO 0x70006000 (irq = 331, base_baud = 25500000) is a Tegra
[    0.997236] console [ttyS0] enabled
[    1.001030] SuperH (H)SCI(F) driver initialized
[    1.005904] msm_serial: driver initialized
[    1.010057] STMicroelectronics ASC driver initialized
[    1.016509] [drm] Initialized
[    1.020606] tegra-hdmi 54280000.hdmi: failed to get HDMI regulator
[    1.027142] tegra-dpaux 545c0000.dpaux: failed to get VDD supply: -517
[    1.034381] panel supply power not found, using dummy regulator
[    1.044157] brd: module loaded
[    1.049381] loop: module loaded
[    1.053428] as3722 4-0040: AS3722 with revision 0x1 found
[    1.063575] as3722-sd2: supplied by +5V_SYS
[    1.067985] as3722-sd3: supplied by +5V_SYS
[    1.072331] +1.35V_LP0(sd3): Bringing 0uV into 1350000-1350000uV
[    1.078512] as3722-sd4: supplied by +5V_SYS
[    1.082846] +1.05V_RUN: Bringing 0uV into 1050000-1050000uV
[    1.088597] as3722-sd5: supplied by +5V_SYS
[    1.094191] as3722-ldo0: supplied by +1.35V_LP0(sd2)
[    1.099932] +1.8V_RUN_CAM: Bringing 0uV into 1800000-1800000uV
[    1.105953] as3722-ldo2: supplied by +1.8V_VDDIO
[    1.111574] as3722-ldo3: supplied by +3.3V_SYS
[    1.116029] +1.00V_LP0_VDD_RTC: Bringing 1100000uV into 1000000-1000000uV
[    1.123611] as3722-ldo4: supplied by +3.3V_SYS
[    1.128200] +3.3V_RUN_CAM: Bringing 0uV into 2800000-2800000uV
[    1.134220] as3722-ldo5: supplied by +1.8V_VDDIO
[    1.138990] +1.2V_RUN_CAM_FRONT: Bringing 0uV into 1200000-1200000uV
[    1.145684] +VDDIO_SDMMC3: Bringing 0uV into 1800000-1800000uV
[    1.151724] as3722-ldo7: supplied by +1.8V_VDDIO
[    1.156495] +1.05V_RUN_CAM_REAR: Bringing 0uV into 1050000-1050000uV
[    1.163052] as3722-ldo9: supplied by +5V_SYS
[    1.167617] +2.8V_RUN_TOUCH: Bringing 0uV into 2800000-2800000uV
[    1.173824] as3722-ldo10: supplied by +5V_SYS
[    1.178333] +2.8V_RUN_CAM_AF: Bringing 0uV into 2800000-2800000uV
[    1.184785] +1.8V_RUN_VPP_FUSE: Bringing 0uV into 1800000-1800000uV
[    1.197692] random: fast init done
[    1.203268] m25p80 spi32765.0: w25q32dw (4096 Kbytes)
[    1.209422] libphy: Fixed MDIO Bus: probed
[    1.213932] CAN device driver interface
[    1.218523] e1000e: Intel(R) PRO/1000 Network Driver - 3.2.6-k
[    1.224344] e1000e: Copyright(c) 1999 - 2015 Intel Corporation.
[    1.230276] igb: Intel(R) Gigabit Ethernet Network Driver - version 5.4.0-k
[    1.237226] igb: Copyright (c) 2007-2014 Intel Corporation.
[    1.244027] pegasus: v0.9.3 (2013/04/25), Pegasus/Pegasus II USB Ethernet driver
[    1.251433] usbcore: registered new interface driver pegasus
[    1.257102] usbcore: registered new interface driver asix
[    1.262506] usbcore: registered new interface driver ax88179_178a
[    1.268603] usbcore: registered new interface driver cdc_ether
[    1.274446] usbcore: registered new interface driver smsc75xx
[    1.280203] usbcore: registered new interface driver smsc95xx
[    1.285953] usbcore: registered new interface driver net1080
[    1.291616] usbcore: registered new interface driver cdc_subset
[    1.297538] usbcore: registered new interface driver zaurus
[    1.303123] usbcore: registered new interface driver cdc_ncm
[    1.309460] ehci_hcd: USB 2.0 'Enhanced' Host Controller (EHCI) Driver
[    1.315977] ehci-pci: EHCI PCI platform driver
[    1.320429] ehci-platform: EHCI generic platform driver
[    1.325722] ehci-orion: EHCI orion driver
[    1.329774] SPEAr-ehci: EHCI SPEAr driver
[    1.333828] ehci-st: EHCI STMicroelectronics driver
[    1.338749] ehci-exynos: EHCI EXYNOS driver
[    1.342975] ehci-atmel: EHCI Atmel driver
[    1.347027] tegra-ehci: Tegra EHCI driver
[    1.351093] ohci_hcd: USB 1.1 'Open' Host Controller (OHCI) Driver
[    1.357265] ohci-pci: OHCI PCI platform driver
[    1.361717] ohci-platform: OHCI generic platform driver
[    1.366992] ohci-omap3: OHCI OMAP3 driver
[    1.371046] SPEAr-ohci: OHCI SPEAr driver
[    1.375098] ohci-st: OHCI STMicroelectronics driver
[    1.380017] ohci-atmel: OHCI Atmel driver
[    1.384283] usbcore: registered new interface driver usb-storage
[    1.390850] mousedev: PS/2 mouse device common for all mice
[    1.397061] 1-0015 supply vcc not found, using dummy regulator
[    1.404270] as3722-rtc as3722-rtc: rtc core: registered as3722-rtc as rtc0
[    1.411135] as3722-rtc as3722-rtc: RTC interrupt 370
[    1.418053] tegra_rtc 7000e000.rtc: rtc core: registered 7000e000.rtc as rtc1
[    1.425192] tegra_rtc 7000e000.rtc: Tegra internal Real Time Clock
[    1.431554] i2c /dev entries driver
[    1.437460] 0-004c supply vcc not found, using dummy regulator
[    1.447513] sdhci: Secure Digital Host Controller Interface driver
[    1.453693] sdhci: Copyright(c) Pierre Ossman
[    1.458603] Synopsys Designware Multimedia Card Interface Driver
[    1.465001] sdhci-pltfm: SDHCI platform and OF driver helper
[    1.470937] sdhci-tegra 700b0000.sdhci: allocated mmc-pwrseq
[    1.476700] sdhci-tegra 700b0400.sdhci: Got CD GPIO
[    1.481578] sdhci-tegra 700b0400.sdhci: Got WP GPIO
[    1.486568] mmc0: Unknown controller version (3). You may experience problems.
[    1.493807] mmc0: Invalid maximum block size, assuming 512 bytes
[    1.543231] mmc0: SDHCI controller on 700b0600.sdhci [700b0600.sdhci] using ADMA
[    1.551336] ledtrig-cpu: registered to indicate activity on CPUs
[    1.557478] usbcore: registered new interface driver usbhid
[    1.563041] usbhid: USB HID core driver
[    1.568178] NET: Registered protocol family 10
[    1.573054] sit: IPv6, IPv4 and MPLS over IPv4 tunneling driver
[    1.579255] NET: Registered protocol family 17
[    1.583704] can: controller area network core (rev 20120528 abi 9)
[    1.589912] NET: Registered protocol family 29
[    1.594353] can: raw protocol (rev 20120528)
[    1.598622] can: broadcast manager protocol (rev 20161123 t)
[    1.604277] can: netlink gateway (rev 20130117) max_hops=1
[    1.609915] Key type dns_resolver registered
[    1.614455] ThumbEE CPU extension supported.
[    1.618727] Registering SWP/SWPB emulation handler
[    1.628296] +3.3V_RUN: supplied by +3.3V_SYS
[    1.633172] +3.3V_AVDD_HDMI_AP_GATED: supplied by +3.3V_RUN
[    1.638864] +1.8V_RUN_CAM: supplied by +3.3V_RUN
[    1.643621] +VDDIO_SDMMC3: supplied by +3.3V_RUN
[    1.643763] input: Elan Touchpad as /devices/soc0/7000c400.i2c/i2c-1/1-0015/input/input0
[    1.656460] +1.8V_RUN_VPP_FUSE: supplied by +3.3V_RUN
[    1.661806] +VDD_LED: supplied by +VDD_MUX
[    1.666276] +5V_VDD_TS_SW: supplied by +5V_SYS
[    1.671069] +5V_USB_HS: supplied by +5V_SYS
[    1.675688] +5V_USB_SS: supplied by +5V_SYS
[    1.679969] mmc0: new high speed MMC card at address 0001
[    1.686161] mmcblk0: mmc0:0001 MMC16G 14.4 GiB 
[    1.686229] +3.3V_PANEL: supplied by +3.3V_RUN
[    1.695756] mmcblk0boot0: mmc0:0001 MMC16G partition 1 2.00 MiB
[    1.695813] +3.3V_LP0: supplied by +3.3V_SYS
[    1.706651] mmcblk0boot1: mmc0:0001 MMC16G partition 2 2.00 MiB
[    1.706840] +1.05V_RUN_AVDD_HDMI_PLL: supplied by +1.05V_RUN
[    1.707176] +5V_HDMI_CON: supplied by +5V_SYS
[    1.708167] usb3-0 supply vbus not found, using dummy regulator
[    1.708268] usb3-1 supply vbus not found, using dummy regulator
[    1.712609] tegra-sor 54540000.sor: failed to probe output: -517
[    1.713384] panel supply power not found, using dummy regulator
[    1.714350] sdhci-tegra 700b0000.sdhci: allocated mmc-pwrseq
[    1.714453] mmc1: Unknown controller version (3). You may experience problems.
[    1.714499] mmc1: Invalid maximum block size, assuming 512 bytes
[    1.715079] mmc1: Switching to 3.3V signalling voltage failed
[    1.758350] mmc1: SDHCI controller on 700b0000.sdhci [700b0000.sdhci] using ADMA
[    1.759433] sdhci-tegra 700b0400.sdhci: Got CD GPIO
[    1.759445] sdhci-tegra 700b0400.sdhci: Got WP GPIO
[    1.759612] mmc2: Unknown controller version (3). You may experience problems.
[    1.759671] mmc2: Invalid maximum block size, assuming 512 bytes
[    1.801703] elan_i2c 1-0015: failed to read report data: -121
[    1.807726] mmcblk0rpmb: mmc0:0001 MMC16G partition 3 128 KiB
[    1.808623] mmc2: SDHCI controller on 700b0400.sdhci [700b0400.sdhci] using ADMA
[    1.825121]  mmcblk0: p1 p2 p3 p4 p5 p6 p7 p8 p9 p10 p11 p12
[    1.851275] elan_i2c 1-0015: invalid report id data (ff)
[    1.872728] mmc1: new high speed SDIO card at address 0001
[    1.915802] [drm] Supports vblank timestamp caching Rev 2 (21.10.2013).
[    1.922424] [drm] No driver support for vblank timestamp query.
[    1.980773] mmc2: new high speed SDHC card at address 0007
[    1.981371] mmcblk2: mmc2:0007 SD08G 7.42 GiB 
[    1.985519] Console: switching to colour frame buffer device 170x48
[    2.005780] drm drm: fb0:  frame buffer device
[    2.016424] GPT:Primary header alternate_lba != Alt. header my_lba
[    2.022611] GPT:3014591 != 15564799
[    2.026113] GPT:Primary header thinks Alt. header is not at the end of the disk.
[    2.033518] GPT:3014591 != 15564799
[    2.036995] GPT: Use GNU Parted to correct GPT errors.
[    2.042166]  mmcblk2: p1 p2 p3 p4 p5 p6 p7 p8 p9 p10 p11 p12
[    2.053251] [drm] Initialized tegra 0.0.0 20120330 on minor 0
[    2.059999] input: gpio-keys as /devices/soc0/gpio-keys/input/input1
[    2.067634] as3722-rtc as3722-rtc: setting system clock to 2000-01-01 00:00:23 UTC (946684823)
[    2.076770] +1.8V_RUN_CAM: disabling
[    2.080533] +3.3V_RUN_CAM: disabling
[    2.084374] +1.2V_RUN_CAM_FRONT: disabling
[    2.088732] +1.05V_RUN_CAM_REAR: disabling
[    2.093034] +2.8V_RUN_TOUCH: disabling
[    2.097011] +2.8V_RUN_CAM_AF: disabling
[    2.101026] +1.8V_RUN_VPP_FUSE: disabling
[    2.105263] +5V_VDD_TS_SW: disabling
[    2.108865] +5V_USB_HS: disabling
[    2.112170] +5V_USB_SS: disabling
[    2.116375] EXT4-fs (mmcblk0p3): couldn't mount as ext3 due to feature incompatibilities
[    2.125035] EXT4-fs (mmcblk0p3): couldn't mount as ext2 due to feature incompatibilities
[    2.201872] EXT4-fs (mmcblk0p3): recovery complete
[    2.207361] EXT4-fs (mmcblk0p3): mounted filesystem with ordered data mode. Opts: (null)
[    2.215492] VFS: Mounted root (ext4 filesystem) on device 179:3.
[    2.222193] devtmpfs: mounted
[    2.225881] Freeing unused kernel memory: 2048K (c1100000 - c1300000)
bash: cannot set terminal process group (-1): Inappropriate ioctl for device
bash: no job control in this shell
root@(none):/# mount -t sysfs none /sys
root@(none):/# 
root@(none):/# mount -t debugfs none /sys/kernel/debug
root@(none):/# 
root@(none):/# rtcwake -d rtc1 -m mem -s 3
rtcwake: assuming RTC uses UTC ...
rtcwake: wakeup from "mem" using /dev/rtc1 at Thu Jan  1 00:00:27 1970
[    4.773654] PM: Syncing filesystems ... done.
[    4.783502] Freezing user space processes ... (elapsed 0.001 seconds) done.
[    4.791651] Freezing remaining freezable tasks ... (elapsed 0.001 seconds) done.
[    4.800336] Suspending console(s) (use no_console_suspend to debug)
[    4.869841] PM: suspend of devices complete after 62.633 msecs
[    4.871174] PM: late suspend of devices complete after 1.325 msecs
[    4.872072] PM: noirq suspend of devices complete after 0.893 msecs
[    4.872074] Disabling non-boot CPUs ...
[    4.872437] CPU1: shutdown
[    4.899329] IRQ17 no longer affine to CPU2
[    4.899509] CPU2: shutdown
[    4.919298] CPU3: shutdown
[    4.943756] Entering suspend state LP1
[    4.943756] Suspended for 3.019 seconds
[    4.943766] Enabling non-boot CPUs ...
[    4.958840] CPU1 is up
[    4.978849] CPU2 is up
[    4.998954] CPU3 is up
[    4.999449] PM: noirq resume of devices complete after 0.491 msecs
[    5.000725] PM: early resume of devices complete after 0.955 msecs
[    5.152225] mmc1: Switching to 3.3V signalling voltage failed
[    5.408261] tegra-sor 54540000.sor: failed to attach SOR: -110
[    5.423404] PM: resume of devices complete after 422.673 msecs
[    5.507057] Restarting tasks ... done.
root@(none):/# 
root@(none):/# rtcwake -d rtc1 -m mem -s 3
rtcwake: assuming RTC uses UTC ...
rtcwake: wakeup from "mem" using /dev/rtc1 at Thu Jan  1 00:00:32 1970
[    6.822940] PM: Syncing filesystems ... done.
[    6.832331] Freezing user space processes ... (elapsed 0.001 seconds) done.
[    6.840520] Freezing remaining freezable tasks ... (elapsed 0.001 seconds) done.
[    6.849162] Suspending console(s) (use no_console_suspend to debug)
[    6.914818] PM: suspend of devices complete after 58.833 msecs
[    6.916147] PM: late suspend of devices complete after 1.320 msecs
[    6.917003] PM: noirq suspend of devices complete after 0.851 msecs
[    6.917004] Disabling non-boot CPUs ...
[    6.917353] CPU1: shutdown
[    6.944279] CPU2: shutdown
[    6.974192] CPU3: shutdown
[    6.998703] Entering suspend state LP1
[    6.998703] Suspended for 2.944 seconds
[    6.998713] Enabling non-boot CPUs ...
[    7.013800] CPU1 is up
[    7.033813] CPU2 is up
[    7.053921] CPU3 is up
[    7.054384] PM: noirq resume of devices complete after 0.459 msecs
[    7.055668] PM: early resume of devices complete after 0.979 msecs
[    7.207338] mmc1: Switching to 3.3V signalling voltage failed
[    7.463247] tegra-sor 54540000.sor: failed to attach SOR: -110
[    7.478369] PM: resume of devices complete after 422.696 msecs
[    7.557955] Restarting tasks ... done.
root@(none):/# 
root@(none):/# rtcwake -d rtc1 -m mem -s 3
rtcwake: assuming RTC uses UTC ...
rtcwake: wakeup from "mem" using /dev/rtc1 at Thu Jan  1 00:00:36 1970
[    7.867292] PM: Syncing filesystems ... done.
[    7.876683] Freezing user space processes ... (elapsed 0.001 seconds) done.
[    7.884767] Freezing remaining freezable tasks ... (elapsed 0.001 seconds) done.
[    7.893422] Suspending console(s) (use no_console_suspend to debug)
[    7.949777] PM: suspend of devices complete after 49.543 msecs
[    7.950999] PM: late suspend of devices complete after 1.213 msecs
[    7.951849] PM: noirq suspend of devices complete after 0.846 msecs
[    7.951851] Disabling non-boot CPUs ...
[    7.952057] IRQ17 no longer affine to CPU1
[    7.952216] CPU1: shutdown
[    7.984243] CPU2: shutdown
[    8.014154] CPU3: shutdown
[    8.038695] Entering suspend state LP1
[    8.038695] Suspended for 2.959 seconds
[    8.038706] Enabling non-boot CPUs ...
[    8.053788] CPU1 is up
[    8.073796] CPU2 is up
[    8.093909] CPU3 is up
[    8.094379] PM: noirq resume of devices complete after 0.465 msecs
[    8.095567] PM: early resume of devices complete after 0.893 msecs
[    8.247376] mmc1: Switching to 3.3V signalling voltage failed
[    8.503164] tegra-sor 54540000.sor: failed to attach SOR: -110
[    8.518388] PM: resume of devices complete after 422.815 msecs
[    8.602108] Restarting tasks ... done.
root@(none):/# 
root@(none):/# rtcwake -d rtc1 -m mem -s 3
rtcwake: assuming RTC uses UTC ...
rtcwake: wakeup from "mem" using /dev/rtc1 at Thu Jan  1 00:00:41 1970
[    9.907324] PM: Syncing filesystems ... done.
[    9.916716] Freezing user space processes ... (elapsed 0.001 seconds) done.
[    9.924801] Freezing remaining freezable tasks ... (elapsed 0.001 seconds) done.
[    9.933441] Suspending console(s) (use no_console_suspend to debug)
[    9.989784] PM: suspend of devices complete after 49.520 msecs
[    9.991118] PM: late suspend of devices complete after 1.326 msecs
[    9.991981] PM: noirq suspend of devices complete after 0.858 msecs
[    9.991983] Disabling non-boot CPUs ...
[    9.992344] CPU1: shutdown
[   10.014237] CPU2: shutdown
[   10.043936] IRQ17 no longer affine to CPU3
[   10.044117] CPU3: shutdown
[   10.068646] Entering suspend state LP1
[   10.068646] Suspended for 2.969 seconds
[   10.068657] Enabling non-boot CPUs ...
[   10.083751] CPU1 is up
[   10.103764] CPU2 is up
[   10.123865] CPU3 is up
[   10.124330] PM: noirq resume of devices complete after 0.460 msecs
[   10.125716] PM: early resume of devices complete after 1.084 msecs
[   10.278250] mmc1: Switching to 3.3V signalling voltage failed
[   10.538145] tegra-sor 54540000.sor: failed to attach SOR: -110
[   10.549355] PM: resume of devices complete after 423.629 msecs
[   10.633175] Restarting tasks ... done.
root@(none):/# 
root@(none):/# rtcwake -d rtc1 -m mem -s 3
rtcwake: assuming RTC uses UTC ...
rtcwake: wakeup from "mem" using /dev/rtc1 at Thu Jan  1 00:00:46 1970
[   11.937524] PM: Syncing filesystems ... done.
[   11.946912] Freezing user space processes ... (elapsed 0.001 seconds) done.
[   11.955093] Freezing remaining freezable tasks ... (elapsed 0.001 seconds) done.
[   11.963741] Suspending console(s) (use no_console_suspend to debug)
[   12.024567] PM: suspend of devices complete after 54.014 msecs
[   12.025860] PM: late suspend of devices complete after 1.284 msecs
[   12.026705] PM: noirq suspend of devices complete after 0.840 msecs
[   12.026706] Disabling non-boot CPUs ...
[   12.027080] CPU1: shutdown
[   12.059239] CPU2: shutdown
[   12.089096] CPU3: shutdown
[   12.113619] Entering suspend state LP1
[   12.113619] Suspended for 2.954 seconds
[   12.113629] Enabling non-boot CPUs ...
[   12.128730] CPU1 is up
[   12.148736] CPU2 is up
[   12.168841] CPU3 is up
[   12.169312] PM: noirq resume of devices complete after 0.467 msecs
[   12.170495] PM: early resume of devices complete after 0.863 msecs
[   12.322527] mmc1: Switching to 3.3V signalling voltage failed
[   12.578142] tegra-sor 54540000.sor: failed to attach SOR: -110
[   12.593587] PM: resume of devices complete after 423.086 msecs
[   12.673183] Restarting tasks ... done.
root@(none):/# 
root@(none):/# rtcwake -d rtc1 -m mem -s 3
rtcwake: assuming RTC uses UTC ...
rtcwake: wakeup from "mem" using /dev/rtc1 at Thu Jan  1 00:00:50 1970
[   12.982904] PM: Syncing filesystems ... done.
[   12.992336] Freezing user space processes ... (elapsed 0.001 seconds) done.
[   13.000424] Freezing remaining freezable tasks ... (elapsed 0.001 seconds) done.
[   13.009133] Suspending console(s) (use no_console_suspend to debug)
[   13.064788] PM: suspend of devices complete after 48.828 msecs
[   13.066057] PM: late suspend of devices complete after 1.262 msecs
[   13.066908] PM: noirq suspend of devices complete after 0.846 msecs
[   13.066909] Disabling non-boot CPUs ...
[   13.067257] CPU1: shutdown
[   13.089023] IRQ17 no longer affine to CPU2
[   13.089214] CPU2: shutdown
[   13.119061] CPU3: shutdown
[   13.143579] Entering suspend state LP1
[   13.143579] Suspended for 2.969 seconds
[   13.143589] Enabling non-boot CPUs ...
[   13.158701] CPU1 is up
[   13.178701] CPU2 is up
[   13.198811] CPU3 is up
[   13.199279] PM: noirq resume of devices complete after 0.463 msecs
[   13.200475] PM: early resume of devices complete after 0.883 msecs
[   13.352101] mmc1: Switching to 3.3V signalling voltage failed
[   13.608140] tegra-sor 54540000.sor: failed to attach SOR: -110
[   13.623122] PM: resume of devices complete after 422.642 msecs
[   13.706798] Restarting tasks ... done.
root@(none):/# 
root@(none):/# rtcwake -d rtc1 -m mem -s 3
rtcwake: assuming RTC uses UTC ...
rtcwake: wakeup from "mem" using /dev/rtc1 at Thu Jan  1 00:00:55 1970
[   15.012387] PM: Syncing filesystems ... done.
[   15.021773] Freezing user space processes ... (elapsed 0.001 seconds) done.
[   15.029953] Freezing remaining freezable tasks ... (elapsed 0.001 seconds) done.
[   15.038576] Suspending console(s) (use no_console_suspend to debug)
[   15.094658] PM: suspend of devices complete after 49.271 msecs
[   15.095803] PM: late suspend of devices complete after 1.136 msecs
[   15.096668] PM: noirq suspend of devices complete after 0.861 msecs
[   15.096670] Disabling non-boot CPUs ...
[   15.097030] CPU1: shutdown
[   15.124111] CPU2: shutdown
[   15.153864] IRQ17 no longer affine to CPU3
[   15.154043] CPU3: shutdown
[   15.178570] Entering suspend state LP1
[   15.178570] Suspended for 2.964 seconds
[   15.178581] Enabling non-boot CPUs ...
[   15.193662] CPU1 is up
[   15.213676] CPU2 is up
[   15.233772] CPU3 is up
[   15.234242] PM: noirq resume of devices complete after 0.466 msecs
[   15.235546] PM: early resume of devices complete after 0.998 msecs
[   15.388233] mmc1: Switching to 3.3V signalling voltage failed
[   15.643072] tegra-sor 54540000.sor: failed to attach SOR: -110
[   15.659321] PM: resume of devices complete after 423.768 msecs
[   15.742996] Restarting tasks ... done.
root@(none):/# 
root@(none):/# rtcwake -d rtc1 -m mem -s 3
rtcwake: assuming RTC uses UTC ...
rtcwake: wakeup from "mem" using /dev/rtc1 at Thu Jan  1 00:01:00 1970
[   17.052575] PM: Syncing filesystems ... done.
[   17.061978] Freezing user space processes ... (elapsed 0.001 seconds) done.
[   17.070159] Freezing remaining freezable tasks ... (elapsed 0.001 seconds) done.
[   17.078806] Suspending console(s) (use no_console_suspend to debug)
[   17.134650] PM: suspend of devices complete after 49.033 msecs
[   17.135982] PM: late suspend of devices complete after 1.322 msecs
[   17.136838] PM: noirq suspend of devices complete after 0.852 msecs
[   17.136840] Disabling non-boot CPUs ...
[   17.137204] CPU1: shutdown
[   17.169097] CPU2: shutdown
[   17.203826] IRQ17 no longer affine to CPU3
[   17.204008] CPU3: shutdown
[   17.228537] Entering suspend state LP1
[   17.228537] Suspended for 2.949 seconds
[   17.228547] Enabling non-boot CPUs ...
[   17.243644] CPU1 is up
[   17.263650] CPU2 is up
[   17.283759] CPU3 is up
[   17.284227] PM: noirq resume of devices complete after 0.464 msecs
[   17.285443] PM: early resume of devices complete after 0.897 msecs
[   17.438306] mmc1: Switching to 3.3V signalling voltage failed
[   17.698033] tegra-sor 54540000.sor: failed to attach SOR: -110
[   17.709382] PM: resume of devices complete after 423.934 msecs
[   17.793059] Restarting tasks ... done.
root@(none):/# 
root@(none):/# rtcwake -d rtc1 -m mem -s 3
rtcwake: assuming RTC uses UTC ...
rtcwake: wakeup from "mem" using /dev/rtc1 at Thu Jan  1 00:01:05 1970
[   19.102549] PM: Syncing filesystems ... done.
[   19.111950] Freezing user space processes ... (elapsed 0.001 seconds) done.
[   19.120037] Freezing remaining freezable tasks ... (elapsed 0.001 seconds) done.
[   19.128666] Suspending console(s) (use no_console_suspend to debug)
[   19.184581] PM: suspend of devices complete after 49.106 msecs
[   19.185807] PM: late suspend of devices complete after 1.217 msecs
[   19.186654] PM: noirq suspend of devices complete after 0.843 msecs
[   19.186656] Disabling non-boot CPUs ...
[   19.187014] CPU1: shutdown
[   19.219070] CPU2: shutdown
[   19.248969] CPU3: shutdown
[   19.273508] Entering suspend state LP1
[   19.273508] Suspended for 2.954 seconds
[   19.273519] Enabling non-boot CPUs ...
[   19.288612] CPU1 is up
[   19.308619] CPU2 is up
[   19.328718] CPU3 is up
[   19.329182] PM: noirq resume of devices complete after 0.459 msecs
[   19.330505] PM: early resume of devices complete after 1.017 msecs
[   19.482543] mmc1: Switching to 3.3V signalling voltage failed
[   19.738063] tegra-sor 54540000.sor: failed to attach SOR: -110
[   19.753633] PM: resume of devices complete after 423.123 msecs
[   19.833232] Restarting tasks ... done.
root@(none):/# 
root@(none):/# rtcwake -d rtc1 -m mem -s 3
rtcwake: assuming RTC uses UTC ...
rtcwake: wakeup from "mem" using /dev/rtc1 at Thu Jan  1 00:01:09 1970
[   20.146932] PM: Syncing filesystems ... done.
[   20.156318] Freezing user space processes ... (elapsed 0.001 seconds) done.
[   20.164412] Freezing remaining freezable tasks ... (elapsed 0.001 seconds) done.
[   20.173040] Suspending console(s) (use no_console_suspend to debug)
[   20.224596] PM: suspend of devices complete after 44.746 msecs
[   20.225755] PM: late suspend of devices complete after 1.150 msecs
[   20.226612] PM: noirq suspend of devices complete after 0.852 msecs
[   20.226614] Disabling non-boot CPUs ...
[   20.226973] CPU1: shutdown
[   20.259037] CPU2: shutdown
[   20.288775] IRQ17 no longer affine to CPU3
[   20.288956] CPU3: shutdown
[   20.313474] Entering suspend state LP1
[   20.313474] Suspended for 2.960 seconds
[   20.313484] Enabling non-boot CPUs ...
[   20.328583] CPU1 is up
[   20.348588] CPU2 is up
[   20.368692] CPU3 is up
[   20.369171] PM: noirq resume of devices complete after 0.474 msecs
[   20.370359] PM: early resume of devices complete after 0.872 msecs
[   20.522215] mmc1: Switching to 3.3V signalling voltage failed
[   20.778006] tegra-sor 54540000.sor: failed to attach SOR: -110
[   20.793171] PM: resume of devices complete after 422.807 msecs
[   20.876848] Restarting tasks ... done.
root@(none):/# 
root@(none):/# NVTB SYSTEM SUSPEND TEST COMPLETE
