

U-Boot 2011.03 (Jun 11 2013 - 06:07:37)

T114
Board: NVIDIA Dalmore
DRAM:  2 GiB
MMC:   Tegra2 SD/MMC: 0, Tegra2 SD/MMC: 1
In:    serial
Out:   serial
Err:   serial
Net:   Net Initialization Skipped
No ethernet found.
Hit any key to stop autoboot:  2  1  0 
Dalmore #
Dalmore #usb reset
(Re)start USB...
USB:   Register 10011 NbrPorts 1
USB EHCI 1.10
scanning bus for devices... 2 USB Device(s) found
       scanning bus for storage devices... 0 Storage Device(s) found
       scanning bus for ethernet devices... 1 Ethernet Device(s) found
Dalmore #setenv bootargs 'ignore_loglevel console=ttyS0,115200n8 rw root=/dev/mmcblk0p1 rootwait gpt init=/bin/bash'
Dalmore #setenv ipaddr 192.168.100.100; setenv serverip 192.168.100.1; setenv tftpserverip 192.168.100.1
Dalmore #tftpboot 0x81000000 zImage.multi_v7_defconfig
Waiting for Ethernet connection... done.
Using asx0 device
TFTP from server 192.168.100.1; our IP address is 192.168.100.100
Filename 'zImage.multi_v7_defconfig'.
Load address: 0x81000000
Loading: *#################################################  2.8 MiB/s
done
Bytes transferred = 3977592 (3cb178 hex)
Dalmore #tftpboot 0x82000000 tegra114-dalmore.dtb
Using asx0 device
TFTP from server 192.168.100.1; our IP address is 192.168.100.100
Filename 'tegra114-dalmore.dtb'.
Load address: 0x82000000
Loading: *#################################################  2.5 MiB/s
done
Bytes transferred = 24048 (5df0 hex)
Dalmore #bootz 0x81000000 - 0x82000000
## Flattened Device Tree blob at 82000000
   Booting using the fdt blob at 0x82000000
   Loading Device Tree to 81ff7000, end 81fffdef ... OK

Starting kernel ...

Timer summary in microseconds:
       Mark    Elapsed  Stage
          0          0  awake
  3,060,074  3,060,074  usb_start
  7,063,388  4,003,314  eth_start
  7,063,385         -3  tftp start
 10,866,318  3,802,933  tftp done
 13,075,192  2,208,874  start_kernel
[    0.000000] Booting Linux on physical CPU 0x0
[    0.000000] Linux version 3.11.8-13079-g02709ef (pwalmsley@kaivo) (gcc version 4.5.1 (Sourcery G++ Lite 2010.09-50) ) #1 SMP Tue Nov 12 19:35:14 PST 2013
[    0.000000] CPU: ARMv7 Processor [412fc0f2] revision 2 (ARMv7), cr=10c5387d
[    0.000000] CPU: PIPT / VIPT nonaliasing data cache, PIPT instruction cache
[    0.000000] Machine: NVIDIA Tegra SoC (Flattened Device Tree), model: NVIDIA Tegra114 Dalmore evaluation board
[    0.000000] debug: ignoring loglevel setting.
[    0.000000] Memory policy: ECC disabled, Data cache writealloc
[    0.000000] On node 0 totalpages: 524032
[    0.000000] free_area_init_node: node 0, pgdat c07b6ac0, node_mem_map c07fe000
[    0.000000]   DMA zone: 1520 pages used for memmap
[    0.000000]   DMA zone: 0 pages reserved
[    0.000000]   DMA zone: 194560 pages, LIFO batch:31
[    0.000000]   HighMem zone: 2574 pages used for memmap
[    0.000000]   HighMem zone: 329472 pages, LIFO batch:31
[    0.000000] Tegra Revision: A01 SKU: 0 CPU Process: 1 Core Process: 1
[    0.000000] PERCPU: Embedded 5 pages/cpu @c1813000 s7168 r0 d13312 u32768
[    0.000000] pcpu-alloc: s7168 r0 d13312 u32768 alloc=8*4096
[    0.000000] pcpu-alloc: [0] 0 [0] 1 [0] 2 [0] 3 
[    0.000000] Built 1 zonelists in Zone order, mobility grouping on.  Total pages: 522512
[    0.000000] Kernel command line: ignore_loglevel console=ttyS0,115200n8 rw root=/dev/mmcblk0p1 rootwait gpt init=/bin/bash
[    0.000000] PID hash table entries: 4096 (order: 2, 16384 bytes)
[    0.000000] Dentry cache hash table entries: 131072 (order: 7, 524288 bytes)
[    0.000000] Inode-cache hash table entries: 65536 (order: 6, 262144 bytes)
[    0.000000] Memory: 2070556K/2096128K available (5387K kernel code, 584K rwdata, 1416K rodata, 479K init, 279K bss, 25572K reserved, 1317888K highmem)
[    0.000000] Virtual kernel memory layout:
[    0.000000]     vector  : 0xffff0000 - 0xffff1000   (   4 kB)
[    0.000000]     fixmap  : 0xfff00000 - 0xfffe0000   ( 896 kB)
[    0.000000]     vmalloc : 0xf0000000 - 0xff000000   ( 240 MB)
[    0.000000]     lowmem  : 0xc0000000 - 0xef800000   ( 760 MB)
[    0.000000]     pkmap   : 0xbfe00000 - 0xc0000000   (   2 MB)
[    0.000000]       .text : 0xc0008000 - 0xc06ad0c4   (6805 kB)
[    0.000000]       .init : 0xc06ae000 - 0xc0725c00   ( 479 kB)
[    0.000000]       .data : 0xc0726000 - 0xc07b8200   ( 585 kB)
[    0.000000]        .bss : 0xc07b8200 - 0xc07fded4   ( 280 kB)
[    0.000000] SLUB: HWalign=64, Order=0-3, MinObjects=0, CPUs=4, Nodes=1
[    0.000000] Hierarchical RCU implementation.
[    0.000000] NR_IRQS:16 nr_irqs:16 16
[    0.000000] sched_clock: 32 bits at 1000kHz, resolution 1000ns, wraps every 4294967ms
[    0.000000] Architected local timer running at 12.00MHz (virt).
[    0.000000] Switching to timer-based delay loop
[    0.000000] sched_clock: ARM arch timer >56 bits at 12000kHz, resolution 83ns
[    0.000000] Console: colour dummy device 80x30
[   13.242778] Calibrating delay loop (skipped), value calculated using timer frequency.. 24.00 BogoMIPS (lpj=120000)
[   13.242793] pid_max: default: 32768 minimum: 301
[   13.242945] Mount-cache hash table entries: 512
[   13.249435] CPU: Testing write buffer coherency: ok
[   13.249662] /cpus/cpu@0 missing clock-frequency property
[   13.249674] /cpus/cpu@1 missing clock-frequency property
[   13.249684] /cpus/cpu@2 missing clock-frequency property
[   13.249693] /cpus/cpu@3 missing clock-frequency property
[   13.249707] CPU0: thread -1, cpu 0, socket 0, mpidr 80000000
[   13.249736] Setting up static identity map for 0xc051d7e8 - 0xc051d880
[   13.249914] unable to find compatible sirf rstc node in dtb
[   13.251349] CPU1: Booted secondary processor
[   13.251378] CPU1: thread -1, cpu 1, socket 0, mpidr 80000001
[   13.252166] CPU2: Booted secondary processor
[   13.252191] CPU2: thread -1, cpu 2, socket 0, mpidr 80000002
[   13.252967] CPU3: Booted secondary processor
[   13.252992] CPU3: thread -1, cpu 3, socket 0, mpidr 80000003
[   13.253088] Brought up 4 CPUs
[   13.253115] SMP: Total of 4 processors activated (96.00 BogoMIPS).
[   13.253123] CPU: All CPU(s) started in SVC mode.
[   13.253761] devtmpfs: initialized
[   13.259285] pinctrl core: initialized pinctrl subsystem
[   13.259627] regulator-dummy: no parameters
[   13.259981] NET: Registered protocol family 16
[   13.260201] DMA: preallocated 256 KiB pool for atomic coherent allocations
[   13.260389] unable to find compatible sirf pwrc node in dtb
[   13.269997] Serial: AMBA PL011 UART driver
[   13.274901] bio: create slab <bio-0> at 0
[   13.276210] edma-dma-engine edma-dma-engine.0: Can't allocate PaRAM dummy slot
[   13.276233] edma-dma-engine: probe of edma-dma-engine.0 failed with error -5
[   13.276599] vdd_ac_bat: 5000 mV 
[   13.276786] dvdd_ts: Failed to request enable GPIO61: -517
[   13.276881] reg-fixed-voltage 1.regulator: Failed to register regulator: -517
[   13.276901] platform 1.regulator: Driver reg-fixed-voltage requests probe deferral
[   13.277021] lcd_bl_en: Failed to request enable GPIO58: -517
[   13.277105] reg-fixed-voltage 2.regulator: Failed to register regulator: -517
[   13.277123] platform 2.regulator: Driver reg-fixed-voltage requests probe deferral
[   13.277242] usb1_vbus: Failed to request enable GPIO108: -517
[   13.277322] reg-fixed-voltage 3.regulator: Failed to register regulator: -517
[   13.277341] platform 3.regulator: Driver reg-fixed-voltage requests probe deferral
[   13.277457] usb2_vbus: Failed to request enable GPIO86: -517
[   13.277536] reg-fixed-voltage 4.regulator: Failed to register regulator: -517
[   13.277554] platform 4.regulator: Driver reg-fixed-voltage requests probe deferral
[   13.277670] vdd_hdmi_5v0: Failed to request enable GPIO81: -517
[   13.277749] reg-fixed-voltage 5.regulator: Failed to register regulator: -517
[   13.277767] platform 5.regulator: Driver reg-fixed-voltage requests probe deferral
[   13.278631] vgaarb: loaded
[   13.278954] SCSI subsystem initialized
[   13.279111] libata version 3.00 loaded.
[   13.279284] usbcore: registered new interface driver usbfs
[   13.279328] usbcore: registered new interface driver hub
[   13.279415] usbcore: registered new device driver usb
[   13.282066] vdd-cpu: 500 <--> 1520 mV at 1100 mV 
[   13.282327] pps_core: LinuxPPS API ver. 1 registered
[   13.282336] pps_core: Software ver. 5.3.6 - Copyright 2005-2007 Rodolfo Giometti <giometti@linux.it>
[   13.282357] PTP clock support registered
[   13.282395] EDAC MC: Ver: 3.0.0
[   13.283278] Switched to clocksource arch_sys_counter
[   13.290815] NET: Registered protocol family 2
[   13.291306] TCP established hash table entries: 8192 (order: 4, 65536 bytes)
[   13.291496] TCP bind hash table entries: 8192 (order: 4, 65536 bytes)
[   13.291673] TCP: Hash tables configured (established 8192 bind 8192)
[   13.291731] TCP: reno registered
[   13.291745] UDP hash table entries: 512 (order: 2, 16384 bytes)
[   13.291786] UDP-Lite hash table entries: 512 (order: 2, 16384 bytes)
[   13.292015] NET: Registered protocol family 1
[   13.292277] RPC: Registered named UNIX socket transport module.
[   13.292288] RPC: Registered udp transport module.
[   13.292295] RPC: Registered tcp transport module.
[   13.292303] RPC: Registered tcp NFSv4.1 backchannel transport module.
[   13.292314] PCI: CLS 0 bytes, default 64
[   13.294239] bounce pool size: 64 pages
[   13.301672] NFS: Registering the id_resolver key type
[   13.301724] Key type id_resolver registered
[   13.301733] Key type id_legacy registered
[   13.301974] Block layer SCSI generic (bsg) driver version 0.4 loaded (major 251)
[   13.301985] io scheduler noop registered
[   13.301994] io scheduler deadline registered
[   13.302134] io scheduler cfq registered (default)
[   13.310492] tegra-apbdma 6000a000.dma: Tegra20 APB DMA driver register 32 channels
[   13.358180] Serial: 8250/16550 driver, 4 ports, IRQ sharing disabled
[   13.359306] Serial: IMX driver
[   13.360274] 70006300.serial: ttyS0 at MMIO 0x70006300 (irq = 122) is a Tegra
[   14.071117] console [ttyS0] enabled
[   14.075396] serial: Freescale lpuart driver
[   14.079748] [drm] Initialized drm 1.1.0 20060810
[   14.086721] ehci_hcd: USB 2.0 'Enhanced' Host Controller (EHCI) Driver
[   14.093232] ehci-pci: EHCI PCI platform driver
[   14.097681] ehci-platform: EHCI generic platform driver
[   14.102981] ehci-omap: OMAP-EHCI Host Controller driver
[   14.108250] ehci-orion: EHCI orion driver
[   14.112326] SPEAr-ehci: EHCI SPEAr driver
[   14.116386] tegra-ehci: Tegra EHCI driver
[   14.120723] usbcore: registered new interface driver usb-storage
[   14.127839] mousedev: PS/2 mouse device common for all mice
[   14.134020] tegra_rtc 7000e000.rtc: rtc core: registered 7000e000.rtc as rtc0
[   14.141152] tegra_rtc 7000e000.rtc: Tegra internal Real Time Clock
[   14.147858] sdhci: Secure Digital Host Controller Interface driver
[   14.154013] sdhci: Copyright(c) Pierre Ossman
[   14.158640] sdhci-pltfm: SDHCI platform and OF driver helper
[   14.164589] sdhci-tegra 78000400.sdhci: Got CD GPIO #170.
[   14.171009] mmc0: no vqmmc regulator found
[   14.175086] mmc0: no vmmc regulator found
[   14.179073] mmc0: Invalid maximum block size, assuming 512 bytes
[   14.229492] mmc0: SDHCI controller on 78000400.sdhci [78000400.sdhci] using ADMA
[   14.236958] mmc1: no vqmmc regulator found
[   14.241054] mmc1: no vmmc regulator found
[   14.245041] mmc1: Invalid maximum block size, assuming 512 bytes
[   14.289249] mmc1: SDHCI controller on 78000600.sdhci [78000600.sdhci] using ADMA
[   14.297005] usbcore: registered new interface driver usbhid
[   14.302559] usbhid: USB HID core driver
[   14.306603] TCP: cubic registered
[   14.310388] NET: Registered protocol family 10
[   14.315412] sit: IPv6 over IPv4 tunneling driver
[   14.320635] Key type dns_resolver registered
[   14.324987] VFP support v0.3: implementor 41 architecture 4 part 30 variant f rev 0
[   14.332649] Registering SWP/SWPB emulation handler
[   14.338301] dvdd_ts: 1800 mV 
[   14.341583] lcd_bl_en: 5000 mV 
[   14.344955] usb1_vbus: 5000 mV 
[   14.348120] reg-fixed-voltage 3.regulator: Failed to find supply vin
[   14.354549] reg-fixed-voltage 3.regulator: Failed to register regulator: -517
[   14.361666] platform 3.regulator: Driver reg-fixed-voltage requests probe deferral
[   14.369627] usb2_vbus: 5000 mV 
[   14.372776] reg-fixed-voltage 4.regulator: Failed to find supply vin
[   14.379194] reg-fixed-voltage 4.regulator: Failed to register regulator: -517
[   14.386298] platform 4.regulator: Driver reg-fixed-voltage requests probe deferral
[   14.394199] vdd_hdmi_5v0: 5000 mV 
[   14.397605] reg-fixed-voltage 5.regulator: Failed to find supply vin
[   14.404015] reg-fixed-voltage 5.regulator: Failed to register regulator: -517
[   14.411057] mmc1: BKOPS_EN bit is not set
[   14.415109] platform 5.regulator: Driver reg-fixed-voltage requests probe deferral
[   14.422880] tegra_rtc 7000e000.rtc: setting system clock to 1970-01-01 00:00:15 UTC (15)
[   14.432089] Waiting for root device /dev/mmcblk0p1...
[   14.437738] mmc1: new HS200 MMC card at address 0001
[   14.443060] mmcblk0: mmc1:0001 SEM32G 29.1 GiB 
[   14.447715] mmcblk0boot0: mmc1:0001 SEM32G partition 1 4.00 MiB
[   14.453763] mmcblk0boot1: mmc1:0001 SEM32G partition 2 4.00 MiB
[   14.459807] mmcblk0rpmb: mmc1:0001 SEM32G partition 3 4.00 MiB
[   14.467799] Primary GPT is invalid, using alternate GPT.
[   14.473121]  mmcblk0: p1 p2 p3 p4 p5
[   14.479174]  mmcblk0boot1: unknown partition table
[   14.485349]  mmcblk0boot0: unknown partition table
[   14.490586] usb1_vbus: 5000 mV 
[   14.493743] reg-fixed-voltage 3.regulator: Failed to find supply vin
[   14.500179] reg-fixed-voltage 3.regulator: Failed to register regulator: -517
[   14.507284] platform 3.regulator: Driver reg-fixed-voltage requests probe deferral
[   14.515230] usb2_vbus: 5000 mV 
[   14.518400] reg-fixed-voltage 4.regulator: Failed to find supply vin
[   14.524800] reg-fixed-voltage 4.regulator: Failed to register regulator: -517
[   14.531921] platform 4.regulator: Driver reg-fixed-voltage requests probe deferral
[   14.539813] vdd_hdmi_5v0: 5000 mV 
[   14.543221] reg-fixed-voltage 5.regulator: Failed to find supply vin
[   14.549633] reg-fixed-voltage 5.regulator: Failed to register regulator: -517
[   14.556737] platform 5.regulator: Driver reg-fixed-voltage requests probe deferral
[   14.651550] EXT4-fs (mmcblk0p1): mounting ext3 file system using the ext4 subsystem
[   14.690472] EXT4-fs (mmcblk0p1): recovery complete
[   14.696220] EXT4-fs (mmcblk0p1): mounted filesystem with ordered data mode. Opts: (null)
[   14.704322] VFS: Mounted root (ext3 filesystem) on device 179:1.
[   14.712201] devtmpfs: mounted
[   14.715574] Freeing unused kernel memory: 476K (c06ae000 - c0725000)
bash: cannot set terminal process group (-1): Inappropriate ioctl for device
bash: no job control in this shell
I have no name!@(none):/# 