

U-Boot 2011.03 (Jun 11 2013 - 06:07:37)

T114
Board: NVIDIA Dalmore
DRAM:  2 GiB
MMC:   Tegra2 SD/MMC: 0, Tegra2 SD/MMC: 1
In:    serial
Out:   serial
Err:   serial
Net:   Net Initialization Skipped
No ethernet found.
Hit any key to stop autoboot:  2  0 
Dalmore #
Dalmore #usb reset
(Re)start USB...
USB:   Register 10011 NbrPorts 1
USB EHCI 1.10
scanning bus for devices... 2 USB Device(s) found
       scanning bus for storage devices... 0 Storage Device(s) found
       scanning bus for ethernet devices... 1 Ethernet Device(s) found
Dalmore #setenv bootargs 'ignore_loglevel console=ttyS0,115200n8 rw root=/dev/mmcblk0p1 rootwait gpt init=/bin/bash'
Dalmore #setenv ipaddr 192.168.100.100; setenv serverip 192.168.100.1; setenv tftpserverip 192.168.100.1
Dalmore #tftpboot 0x81000000 zImage.tegra_defconfig
Waiting for Ethernet connection... done.
Using asx0 device
TFTP from server 192.168.100.1; our IP address is 192.168.100.100
Filename 'zImage.tegra_defconfig'.
Load address: 0x81000000
Loading: *#################################################  3 MiB/s
done
Bytes transferred = 4328200 (420b08 hex)
Dalmore #tftpboot 0x82000000 tegra114-dalmore.dtb
Using asx0 device
TFTP from server 192.168.100.1; our IP address is 192.168.100.100
Filename 'tegra114-dalmore.dtb'.
Load address: 0x82000000
Loading: *#################################################  2.5 MiB/s
done
Bytes transferred = 24048 (5df0 hex)
Dalmore #bootz 0x81000000 - 0x82000000
## Flattened Device Tree blob at 82000000
   Booting using the fdt blob at 0x82000000
   Loading Device Tree to 81ff7000, end 81fffdef ... OK

Starting kernel ...

Timer summary in microseconds:
       Mark    Elapsed  Stage
          0          0  awake
  2,621,450  2,621,450  usb_start
  6,624,937  4,003,487  eth_start
  6,624,934         -3  tftp start
 10,461,572  3,836,638  tftp done
 12,637,488  2,175,916  start_kernel
[    0.000000] Booting Linux on physical CPU 0x0
[    0.000000] Initializing cgroup subsys cpu
[    0.000000] Initializing cgroup subsys cpuacct
[    0.000000] Linux version 3.11.8-13079-g02709ef (pwalmsley@tamien) (gcc version 4.5.1 (Sourcery G++ Lite 2010.09-50) ) #1 SMP PREEMPT Tue Nov 12 19:36:54 PST 2013
[    0.000000] CPU: ARMv7 Processor [412fc0f2] revision 2 (ARMv7), cr=10c5387d
[    0.000000] CPU: PIPT / VIPT nonaliasing data cache, PIPT instruction cache
[    0.000000] Machine: NVIDIA Tegra SoC (Flattened Device Tree), model: NVIDIA Tegra114 Dalmore evaluation board
[    0.000000] debug: ignoring loglevel setting.
[    0.000000] cma: CMA: reserved 16 MiB at ae800000
[    0.000000] Memory policy: ECC disabled, Data cache writealloc
[    0.000000] On node 0 totalpages: 524032
[    0.000000] free_area_init_node: node 0, pgdat c0801800, node_mem_map c0859000
[    0.000000]   Normal zone: 1520 pages used for memmap
[    0.000000]   Normal zone: 0 pages reserved
[    0.000000]   Normal zone: 194560 pages, LIFO batch:31
[    0.000000]   HighMem zone: 2574 pages used for memmap
[    0.000000]   HighMem zone: 329472 pages, LIFO batch:31
[    0.000000] Tegra Revision: A01 SKU: 0 CPU Process: 1 Core Process: 1
[    0.000000] PERCPU: Embedded 8 pages/cpu @c186e000 s9472 r8192 d15104 u32768
[    0.000000] pcpu-alloc: s9472 r8192 d15104 u32768 alloc=8*4096
[    0.000000] pcpu-alloc: [0] 0 [0] 1 [0] 2 [0] 3 
[    0.000000] Built 1 zonelists in Zone order, mobility grouping on.  Total pages: 522512
[    0.000000] Kernel command line: ignore_loglevel console=ttyS0,115200n8 rw root=/dev/mmcblk0p1 rootwait gpt init=/bin/bash
[    0.000000] PID hash table entries: 4096 (order: 2, 16384 bytes)
[    0.000000] Dentry cache hash table entries: 131072 (order: 7, 524288 bytes)
[    0.000000] Inode-cache hash table entries: 65536 (order: 6, 262144 bytes)
[    0.000000] Memory: 2053728K/2096128K available (5882K kernel code, 299K rwdata, 1748K rodata, 237K init, 342K bss, 42400K reserved, 1317888K highmem)
[    0.000000] Virtual kernel memory layout:
[    0.000000]     vector  : 0xffff0000 - 0xffff1000   (   4 kB)
[    0.000000]     fixmap  : 0xfff00000 - 0xfffe0000   ( 896 kB)
[    0.000000]     vmalloc : 0xf0000000 - 0xff000000   ( 240 MB)
[    0.000000]     lowmem  : 0xc0000000 - 0xef800000   ( 760 MB)
[    0.000000]     pkmap   : 0xbfe00000 - 0xc0000000   (   2 MB)
[    0.000000]     modules : 0xbf000000 - 0xbfe00000   (  14 MB)
[    0.000000]       .text : 0xc0008000 - 0xc077bee0   (7632 kB)
[    0.000000]       .init : 0xc077c000 - 0xc07b7500   ( 238 kB)
[    0.000000]       .data : 0xc07b8000 - 0xc0802ee0   ( 300 kB)
[    0.000000]        .bss : 0xc0802ee0 - 0xc0858750   ( 343 kB)
[    0.000000] Preemptible hierarchical RCU implementation.
[    0.000000] NR_IRQS:16 nr_irqs:16 16
[    0.000000] sched_clock: 32 bits at 1000kHz, resolution 1000ns, wraps every 4294967ms
[    0.000000] Architected local timer running at 12.00MHz (virt).
[    0.000000] Switching to timer-based delay loop
[    0.000000] sched_clock: ARM arch timer >56 bits at 12000kHz, resolution 83ns
[    0.000000] Console: colour dummy device 80x30
[   12.897551] Calibrating delay loop (skipped), value calculated using timer frequency.. 24.00 BogoMIPS (lpj=120000)
[   12.897567] pid_max: default: 32768 minimum: 301
[   12.898016] Mount-cache hash table entries: 512
[   12.913459] Initializing cgroup subsys debug
[   12.913476] Initializing cgroup subsys freezer
[   12.913525] CPU: Testing write buffer coherency: ok
[   12.913862] /cpus/cpu@0 missing clock-frequency property
[   12.913874] /cpus/cpu@1 missing clock-frequency property
[   12.913883] /cpus/cpu@2 missing clock-frequency property
[   12.913892] /cpus/cpu@3 missing clock-frequency property
[   12.913906] CPU0: thread -1, cpu 0, socket 0, mpidr 80000000
[   12.913938] Setting up static identity map for 0xc0598608 - 0xc05986a0
[   12.968078] CPU1: Booted secondary processor
[   12.968106] CPU1: thread -1, cpu 1, socket 0, mpidr 80000001
[   12.988015] CPU2: Booted secondary processor
[   12.988041] CPU2: thread -1, cpu 2, socket 0, mpidr 80000002
[   13.007936] CPU3: Booted secondary processor
[   13.007962] CPU3: thread -1, cpu 3, socket 0, mpidr 80000003
[   13.008071] Brought up 4 CPUs
[   13.008099] SMP: Total of 4 processors activated (96.00 BogoMIPS).
[   13.008107] CPU: All CPU(s) started in SVC mode.
[   13.009136] devtmpfs: initialized
[   13.022200] pinctrl core: initialized pinctrl subsystem
[   13.022743] regulator-dummy: no parameters
[   13.023548] NET: Registered protocol family 16
[   13.025271] DMA: preallocated 256 KiB pool for atomic coherent allocations
[   13.036515] No ATAGs?
[   13.036544] hw-breakpoint: found 5 (+1 reserved) breakpoint and 4 watchpoint registers.
[   13.036554] hw-breakpoint: maximum watchpoint size is 8 bytes.
[   13.047456] bio: create slab <bio-0> at 0
[   13.048742] vdd_ac_bat: 5000 mV 
[   13.049048] dvdd_ts: Failed to request enable GPIO61: -517
[   13.049212] reg-fixed-voltage 1.regulator: Failed to register regulator: -517
[   13.049236] platform 1.regulator: Driver reg-fixed-voltage requests probe deferral
[   13.049428] lcd_bl_en: Failed to request enable GPIO58: -517
[   13.049574] reg-fixed-voltage 2.regulator: Failed to register regulator: -517
[   13.049596] platform 2.regulator: Driver reg-fixed-voltage requests probe deferral
[   13.049789] usb1_vbus: Failed to request enable GPIO108: -517
[   13.049931] reg-fixed-voltage 3.regulator: Failed to register regulator: -517
[   13.049954] platform 3.regulator: Driver reg-fixed-voltage requests probe deferral
[   13.050145] usb2_vbus: Failed to request enable GPIO86: -517
[   13.050288] reg-fixed-voltage 4.regulator: Failed to register regulator: -517
[   13.050310] platform 4.regulator: Driver reg-fixed-voltage requests probe deferral
[   13.050501] vdd_hdmi_5v0: Failed to request enable GPIO81: -517
[   13.050643] reg-fixed-voltage 5.regulator: Failed to register regulator: -517
[   13.050664] platform 5.regulator: Driver reg-fixed-voltage requests probe deferral
[   13.051764] vgaarb: loaded
[   13.052860] SCSI subsystem initialized
[   13.053239] usbcore: registered new interface driver usbfs
[   13.053351] usbcore: registered new interface driver hub
[   13.053501] usbcore: registered new device driver usb
[   13.057381] vdd-cpu: 500 <--> 1520 mV at 1100 mV 
[   13.058031] tps65090 1-0048: No cache defaults, reading back from HW
[   13.064415] vdd-sys-5v0: no parameters
[   13.064470] vdd-sys-5v0: supplied by vdd_ac_bat
[   13.065915] vdd-sys-3v3: no parameters
[   13.065952] vdd-sys-3v3: supplied by vdd_ac_bat
[   13.067409] vdd-ao: no parameters
[   13.067445] vdd-ao: supplied by vdd_ac_bat
[   13.067711] vdd-lcd-bl: no parameters
[   13.067746] vdd-lcd-bl: supplied by vdd_ac_bat
[   13.068005] TPS65090_RAILSFET2: no parameters
[   13.068040] TPS65090_RAILSFET2: supplied by vdd_ac_bat
[   13.068288] vdd-modem-3v3: no parameters
[   13.068321] vdd-modem-3v3: supplied by vdd-sys-3v3
[   13.068576] avdd-lcd: no parameters
[   13.068609] avdd-lcd: supplied by vdd-sys-3v3
[   13.068868] vdd-lvds: no parameters
[   13.068903] vdd-lvds: supplied by vdd-sys-3v3
[   13.069154] vdd-sd-slot: no parameters
[   13.069188] vdd-sd-slot: supplied by vdd-sys-3v3
[   13.069458] vdd-com-3v3: no parameters
[   13.069492] vdd-com-3v3: supplied by vdd-sys-3v3
[   13.069743] vdd-sby-5v0: no parameters
[   13.069774] vdd-sby-5v0: supplied by vdd_ac_bat
[   13.070031] vdd-sby-3v3: no parameters
[   13.070062] vdd-sby-3v3: supplied by vdd_ac_bat
[   13.070511] Linux video capture interface: v2.00
[   13.071206] platform 7000f010.iommu: Driver tegra-smmu requests probe deferral
[   13.071507] Advanced Linux Sound Architecture Driver Initialized.
[   13.072272] Bluetooth: Core ver 2.16
[   13.072346] NET: Registered protocol family 31
[   13.072354] Bluetooth: HCI device and connection manager initialized
[   13.072379] Bluetooth: HCI socket layer initialized
[   13.072400] Bluetooth: L2CAP socket layer initialized
[   13.072446] Bluetooth: SCO socket layer initialized
[   13.073081] cfg80211: Calling CRDA to update world regulatory domain
[   13.074201] Switched to clocksource arch_sys_counter
[   13.088421] NET: Registered protocol family 2
[   13.089324] TCP established hash table entries: 8192 (order: 4, 65536 bytes)
[   13.089527] TCP bind hash table entries: 8192 (order: 4, 65536 bytes)
[   13.089704] TCP: Hash tables configured (established 8192 bind 8192)
[   13.090149] TCP: reno registered
[   13.090164] UDP hash table entries: 512 (order: 2, 16384 bytes)
[   13.090207] UDP-Lite hash table entries: 512 (order: 2, 16384 bytes)
[   13.090618] NET: Registered protocol family 1
[   13.091336] RPC: Registered named UNIX socket transport module.
[   13.091348] RPC: Registered udp transport module.
[   13.091355] RPC: Registered tcp transport module.
[   13.091363] RPC: Registered tcp NFSv4.1 backchannel transport module.
[   13.091374] PCI: CLS 0 bytes, default 64
[   13.095154] bounce pool size: 64 pages
[   13.096826] squashfs: version 4.0 (2009/01/31) Phillip Lougher
[   13.099096] io scheduler noop registered (default)
[   13.110408] tegra-apbdma 6000a000.dma: Tegra20 APB DMA driver register 32 channels
[   13.110899] Serial: 8250/16550 driver, 4 ports, IRQ sharing disabled
[   13.112923] 70006300.serial: ttyS0 at MMIO 0x70006300 (irq = 122) is a Tegra
[   13.942304] console [ttyS0] enabled
[   13.946604] [drm] Initialized drm 1.1.0 20060810
[   13.956937] loop: module loaded
[   13.963199] m25p80 spi32766.0: w25q32dw (4096 Kbytes)
[   13.970000] pegasus: v0.9.3 (2013/04/25), Pegasus/Pegasus II USB Ethernet driver
[   13.977460] usbcore: registered new interface driver pegasus
[   13.983193] usbcore: registered new interface driver asix
[   13.988625] usbcore: registered new interface driver ax88179_178a
[   13.994771] usbcore: registered new interface driver cdc_ether
[   14.000664] usbcore: registered new interface driver r815x
[   14.006215] usbcore: registered new interface driver smsc75xx
[   14.012040] usbcore: registered new interface driver smsc95xx
[   14.017819] usbcore: registered new interface driver net1080
[   14.023525] usbcore: registered new interface driver cdc_subset
[   14.029473] usbcore: registered new interface driver zaurus
[   14.035134] usbcore: registered new interface driver cdc_ncm
[   14.040818] ehci_hcd: USB 2.0 'Enhanced' Host Controller (EHCI) Driver
[   14.047307] ehci-pci: EHCI PCI platform driver
[   14.051819] tegra-ehci: Tegra EHCI driver
[   14.056017] usbcore: registered new interface driver cdc_acm
[   14.061657] cdc_acm: USB Abstract Control Model driver for USB modems and ISDN adapters
[   14.069683] usbcore: registered new interface driver cdc_wdm
[   14.075414] usbcore: registered new interface driver usb-storage
[   14.081981] mousedev: PS/2 mouse device common for all mice
[   14.088861] tegra_rtc 7000e000.rtc: rtc core: registered 7000e000.rtc as rtc0
[   14.096013] tegra_rtc 7000e000.rtc: Tegra internal Real Time Clock
[   14.103549] sbs-battery 0-000b: sbs_probe: Failed to get device status
[   14.110080] sbs-battery: probe of 0-000b failed with error -121
[   14.119561] cpuidle: using governor ladder
[   14.123656] cpuidle: using governor menu
[   14.127622] sdhci: Secure Digital Host Controller Interface driver
[   14.133780] sdhci: Copyright(c) Pierre Ossman
[   14.138112] sdhci-pltfm: SDHCI platform and OF driver helper
[   14.144180] sdhci-tegra 78000400.sdhci: Got CD GPIO #170.
[   14.150603] mmc0: no vqmmc regulator found
[   14.154681] mmc0: no vmmc regulator found
[   14.158669] mmc0: Invalid maximum block size, assuming 512 bytes
[   14.209664] mmc0: SDHCI controller on 78000400.sdhci [78000400.sdhci] using ADMA
[   14.219217] mmc1: no vqmmc regulator found
[   14.223314] mmc1: no vmmc regulator found
[   14.227301] mmc1: Invalid maximum block size, assuming 512 bytes
[   14.269421] mmc1: SDHCI controller on 78000600.sdhci [78000600.sdhci] using ADMA
[   14.277428] usbcore: registered new interface driver usbhid
[   14.285029] usbhid: USB HID core driver
[   14.401167] mmc1: BKOPS_EN bit is not set
[   14.431584] mmc1: new HS200 MMC card at address 0001
[   14.437133] mmcblk0: mmc1:0001 SEM32G 29.1 GiB 
[   14.441962] mmcblk0boot0: mmc1:0001 SEM32G partition 1 4.00 MiB
[   14.448152] mmcblk0boot1: mmc1:0001 SEM32G partition 2 4.00 MiB
[   14.454316] mmcblk0rpmb: mmc1:0001 SEM32G partition 3 4.00 MiB
[   14.462657] Primary GPT is invalid, using alternate GPT.
[   14.467962]  mmcblk0: p1 p2 p3 p4 p5
[   14.474931]  mmcblk0boot1: unknown partition table
[   14.481400]  mmcblk0boot0: unknown partition table
[   14.737061] rt5640 0-001c: ASoC: mux INR Mux has no paths
[   14.742494] rt5640 0-001c: ASoC: mux INL Mux has no paths
[   14.749479] tegra-snd-rt5640 sound.3:  rt5640-aif1 <-> 70080400.i2s mapping ok
[   14.758025] input: NVIDIA Tegra Dalmore Headphones as /devices/soc0/sound.3/sound/card0/input0
[   14.768173] TCP: cubic registered
[   14.771755] NET: Registered protocol family 10
[   14.777583] mip6: Mobile IPv6
[   14.780536] sit: IPv6 over IPv4 tunneling driver
[   14.786736] NET: Registered protocol family 17
[   14.791219] NET: Registered protocol family 15
[   14.795819] Bluetooth: RFCOMM socket layer initialized
[   14.800949] Bluetooth: RFCOMM ver 1.11
[   14.804678] Bluetooth: BNEP (Ethernet Emulation) ver 1.3
[   14.809987] Bluetooth: BNEP socket layer initialized
[   14.814923] Bluetooth: HIDP (Human Interface Emulation) ver 1.2
[   14.820847] Bluetooth: HIDP socket layer initialized
[   14.826009] VFP support v0.3: implementor 41 architecture 4 part 30 variant f rev 0
[   14.833913] Registering SWP/SWPB emulation handler
[   14.839429] vdd-com-3v3: disabling
[   14.843424] vdd-lvds: disabling
[   14.847148] avdd-lcd: disabling
[   14.850874] vdd-lcd-bl: disabling
[   14.855194] dvdd_ts: 1800 mV 
[   14.858518] lcd_bl_en: 5000 mV 
[   14.861947] usb1_vbus: 5000 mV 
[   14.865120] usb1_vbus: supplied by vdd-sys-5v0
[   14.869914] usb2_vbus: 5000 mV 
[   14.873069] usb2_vbus: supplied by vdd-sys-5v0
[   14.877879] vdd_hdmi_5v0: 5000 mV 
[   14.881292] vdd_hdmi_5v0: supplied by vdd-sys-5v0
[   14.886504] tegra_rtc 7000e000.rtc: setting system clock to 1970-01-01 00:00:15 UTC (15)
[   14.894979] ALSA device list:
[   14.897954]   #0: NVIDIA Tegra Dalmore
[   14.912372] kjournald starting.  Commit interval 5 seconds
[   14.917870] EXT3-fs (mmcblk0p1): using internal journal
[   14.923077] EXT3-fs (mmcblk0p1): recovery complete
[   14.927875] EXT3-fs (mmcblk0p1): mounted filesystem with writeback data mode
[   14.934943] VFS: Mounted root (ext3 filesystem) on device 179:1.
[   14.942016] devtmpfs: mounted
[   14.945236] Freeing unused kernel memory: 236K (c077c000 - c07b7000)
bash: cannot set terminal process group (-1): Inappropriate ioctl for device
bash: no job control in this shell
I have no name!@(none):/# 