x00000000f5400000
[    0.000000] earlycon: uart0 at MMIO 0x0000000070006000 (options '115200n8')
[    0.000000] bootconsole [uart0] enabled
[    0.000000] NUMA: No NUMA configuration found
[    0.000000] NUMA: Faking a node at [mem 0x0000000000000000-0x000000013fffffff]
[    0.000000] NUMA: Adding memblock [0x80000000 - 0xf65fffff] on node 0
[    0.000000] NUMA: Adding memblock [0x100000000 - 0x13fffffff] on node 0
[    0.000000] NUMA: Initmem setup node 0 [mem 0x80000000-0x13fffffff]
[    0.000000] NUMA: NODE_DATA [mem 0x13ffa0d00-0x13ffa27ff]
[    0.000000] Zone ranges:
[    0.000000]   DMA      [mem 0x0000000080000000-0x00000000ffffffff]
[    0.000000]   Normal   [mem 0x0000000100000000-0x000000013fffffff]
[    0.000000] Movable zone start for each node
[    0.000000] Early memory node ranges
[    0.000000]   node   0: [mem 0x0000000080000000-0x00000000f65fffff]
[    0.000000]   node   0: [mem 0x0000000100000000-0x000000013fffffff]
[    0.000000] Initmem setup node 0 [mem 0x0000000080000000-0x000000013fffffff]
[    0.000000] psci: probing for conduit method from DT.
[    0.000000] psci: PSCIv1.0 detected in firmware.
[    0.000000] psci: Using standard PSCI v0.2 function IDs
[    0.000000] psci: MIGRATE_INFO_UP_CPU reported invalid physical ID (0x80000000)
[    0.000000] percpu: Embedded 24 pages/cpu @ffff8000bff3d000 s59264 r8192 d30848 u98304
[    0.000000] Detected PIPT I-cache on CPU0
[    0.000000] CPU features: enabling workaround for ARM erratum 832075
[    0.000000] CPU features: enabling workaround for ARM erratum 834220
[    0.000000] Built 1 zonelists in Node order, mobility grouping on.  Total pages: 735336
[    0.000000] Policy zone: Normal
[    0.000000] Kernel command line: cros_secure vpr=0x08000000@0xf6800000 earlycon
[    0.000000] PID hash table entries: 4096 (order: 3, 32768 bytes)
[    0.000000] software IO TLB [mem 0xf1400000-0xf5400000] (64MB) mapped at [ffff800071400000-ffff8000753fffff]
[    0.000000] Memory: 2838556K/2988032K available (8828K kernel code, 1102K rwdata, 4284K rodata, 1088K init, 404K bss, 133092K reserved, 16384K cma-reserved)
[    0.000000] Virtual kernel memory layout:
[    0.000000]     modules : 0xffff000000000000 - 0xffff000008000000   (   128 MB)
[    0.000000]     vmalloc : 0xffff000008000000 - 0xffff7dffbfff0000   (129022 GB)
[    0.000000]       .text : 0xffff000008080000 - 0xffff000008920000   (  8832 KB)
[    0.000000]     .rodata : 0xffff000008920000 - 0xffff000008d60000   (  4352 KB)
[    0.000000]       .init : 0xffff000008d60000 - 0xffff000008e70000   (  1088 KB)
[    0.000000]       .data : 0xffff000008e70000 - 0xffff000008f83a00   (  1103 KB)
[    0.000000]        .bss : 0xffff000008f83a00 - 0xffff000008fe8bc0   (   405 KB)
[    0.000000]     fixed   : 0xffff7dfffe7fd000 - 0xffff7dfffec00000   (  4108 KB)
[    0.000000]     PCI I/O : 0xffff7dfffee00000 - 0xffff7dffffe00000   (    16 MB)
[    0.000000]     vmemmap : 0xffff7e0000000000 - 0xffff800000000000   (  2048 GB maximum)
[    0.000000]               0xffff7e0000000000 - 0xffff7e0003000000   (    48 MB actual)
[    0.000000]     memory  : 0xffff800000000000 - 0xffff8000c0000000   (  3072 MB)
[    0.000000] SLUB: HWalign=64, Order=0-3, MinObjects=0, CPUs=4, Nodes=1
[    0.000000] Preemptible hierarchical RCU implementation.
[    0.000000] 	RCU restricting CPUs from NR_CPUS=64 to nr_cpu_ids=4.
[    0.000000] RCU: Adjusting geometry for rcu_fanout_leaf=16, nr_cpu_ids=4
[    0.000000] NR_IRQS:64 nr_irqs:64 0
[    0.000000] GIC: Using split EOI/Deactivate mode
[    0.000000] /interrupt-controller@60004000: 192 interrupts forwarded to /interrupt-controller@50041000
[    0.000000] boot misc0 0x0: expected 0x80000
[    0.000000]  (comparison mask = 0x400ffffb)
[    0.000000] boot misc2 0x1f720005: expected 0x1f720f05
[    0.000000]  (comparison mask = 0xffffff17)
[    0.000000] PLL_C already enabled. Postponing set full defaults
[    0.000000] PLL_DP already enabled. Postponing set full defaults
[    0.000000] boot misc0 0x0: expected 0x20
[    0.000000]  (comparison mask = 0x7ffffff)
[    0.000000] boot misc1 0x90000000: expected 0xc0000000
[    0.000000]  (comparison mask = 0xf8000000)
[    0.000000] boot misc2 0x0: expected 0xf400f0da
[    0.000000]  (comparison mask = 0xffffffff)
[    0.000000] boot misc3 0x8c8: expected 0x2004f400
[    0.000000]  (comparison mask = 0xffffffff)
[    0.000000] boot misc1 0x0: expected 0x20
[    0.000000]  (comparison mask = 0xffffff)
[    0.000000] PLL_X already enabled. Postponing set full defaults
[    0.000000] arch_timer: cp15 timer(s) running at 19.20MHz (phys).
[    0.000000] clocksource: arch_sys_counter: mask: 0xffffffffffffff max_cycles: 0x46d987e47, max_idle_ns: 440795202767 ns
[    0.000003] sched_clock: 56 bits at 19MHz, resolution 52ns, wraps every 4398046511078ns
[    0.008350] Console: colour dummy device 80x25
[    0.012917] console [tty0] enabled
[    0.016410] bootconsole [uart0] disabled
[    0.000000] Booting Linux on physical CPU 0x0
[    0.000000] Linux version 4.12.0-rc6-290829-g41f1830 (jonathanh@tamien) (gcc version 4.9.2 20140904 (prerelease) (crosstool-NG linaro-1.13.1-4.9-2014.09 - Linaro GCC 4.9-2014.09) ) #1 SMP PREEMPT Mon Jun 19 08:39:25 PDT 2017
[    0.000000] Boot CPU: AArch64 Processor [411fd071]
[    0.000000] Machine model: Google Pixel C
[    0.000000] efi: Getting EFI parameters from FDT:
[    0.000000] efi: UEFI not found.
[    0.000000] cma: Reserved 16 MiB at 0x00000000f5400000
[    0.000000] earlycon: uart0 at MMIO 0x0000000070006000 (options '115200n8')
[    0.000000] bootconsole [uart0] enabled
[    0.000000] NUMA: No NUMA configuration found
[    0.000000] NUMA: Faking a node at [mem 0x0000000000000000-0x000000013fffffff]
[    0.000000] NUMA: Adding memblock [0x80000000 - 0xf65fffff] on node 0
[    0.000000] NUMA: Adding memblock [0x100000000 - 0x13fffffff] on node 0
[    0.000000] NUMA: Initmem setup node 0 [mem 0x80000000-0x13fffffff]
[    0.000000] NUMA: NODE_DATA [mem 0x13ffa0d00-0x13ffa27ff]
[    0.000000] Zone ranges:
[    0.000000]   DMA      [mem 0x0000000080000000-0x00000000ffffffff]
[    0.000000]   Normal   [mem 0x0000000100000000-0x000000013fffffff]
[    0.000000] Movable zone start for each node
[    0.000000] Early memory node ranges
[    0.000000]   node   0: [mem 0x0000000080000000-0x00000000f65fffff]
[    0.000000]   node   0: [mem 0x0000000100000000-0x000000013fffffff]
[    0.000000] Initmem setup node 0 [mem 0x0000000080000000-0x000000013fffffff]
[    0.000000] psci: probing for conduit method from DT.
[    0.000000] psci: PSCIv1.0 detected in firmware.
[    0.000000] psci: Using standard PSCI v0.2 function IDs
[    0.000000] psci: MIGRATE_INFO_UP_CPU reported invalid physical ID (0x80000000)
[    0.000000] percpu: Embedded 24 pages/cpu @ffff8000bff3d000 s59264 r8192 d30848 u98304
[    0.000000] Detected PIPT I-cache on CPU0
[    0.000000] CPU features: enabling workaround for ARM erratum 832075
[    0.000000] CPU features: enabling workaround for ARM erratum 834220
[    0.000000] Built 1 zonelists in Node order, mobility grouping on.  Total pages: 735336
[    0.000000] Policy zone: Normal
[    0.000000] Kernel command line: cros_secure vpr=0x08000000@0xf6800000 earlycon
[    0.000000] PID hash table entries: 4096 (order: 3, 32768 bytes)
[    0.000000] software IO TLB [mem 0xf1400000-0xf5400000] (64MB) mapped at [ffff800071400000-ffff8000753fffff]
[    0.000000] Memory: 2838556K/2988032K available (8828K kernel code, 1102K rwdata, 4284K rodata, 1088K init, 404K bss, 133092K reserved, 16384K cma-reserved)
[    0.000000] Virtual kernel memory layout:
[    0.000000]     modules : 0xffff000000000000 - 0xffff000008000000   (   128 MB)
[    0.000000]     vmalloc : 0xffff000008000000 - 0xffff7dffbfff0000   (129022 GB)
[    0.000000]       .text : 0xffff000008080000 - 0xffff000008920000   (  8832 KB)
[    0.000000]     .rodata : 0xffff000008920000 - 0xffff000008d60000   (  4352 KB)
[    0.000000]       .init : 0xffff000008d60000 - 0xffff000008e70000   (  1088 KB)
[    0.000000]       .data : 0xffff000008e70000 - 0xffff000008f83a00   (  1103 KB)
[    0.000000]        .bss : 0xffff000008f83a00 - 0xffff000008fe8bc0   (   405 KB)
[    0.000000]     fixed   : 0xffff7dfffe7fd000 - 0xffff7dfffec00000   (  4108 KB)
[    0.000000]     PCI I/O : 0xffff7dfffee00000 - 0xffff7dffffe00000   (    16 MB)
[    0.000000]     vmemmap : 0xffff7e0000000000 - 0xffff800000000000   (  2048 GB maximum)
[    0.000000]               0xffff7e0000000000 - 0xffff7e0003000000   (    48 MB actual)
[    0.000000]     memory  : 0xffff800000000000 - 0xffff8000c0000000   (  3072 MB)
[    0.000000] SLUB: HWalign=64, Order=0-3, MinObjects=0, CPUs=4, Nodes=1
[    0.000000] Preemptible hierarchical RCU implementation.
[    0.000000] 	RCU restricting CPUs from NR_CPUS=64 to nr_cpu_ids=4.
[    0.000000] RCU: Adjusting geometry for rcu_fanout_leaf=16, nr_cpu_ids=4
[    0.000000] NR_IRQS:64 nr_irqs:64 0
[    0.000000] GIC: Using split EOI/Deactivate mode
[    0.000000] /interrupt-controller@60004000: 192 interrupts forwarded to /interrupt-controller@50041000
[    0.000000] boot misc0 0x0: expected 0x80000
[    0.000000]  (comparison mask = 0x400ffffb)
[    0.000000] boot misc2 0x1f720005: expected 0x1f720f05
[    0.000000]  (comparison mask = 0xffffff17)
[    0.000000] PLL_C already enabled. Postponing set full defaults
[    0.000000] PLL_DP already enabled. Postponing set full defaults
[    0.000000] boot misc0 0x0: expected 0x20
[    0.000000]  (comparison mask = 0x7ffffff)
[    0.000000] boot misc1 0x90000000: expected 0xc0000000
[    0.000000]  (comparison mask = 0xf8000000)
[    0.000000] boot misc2 0x0: expected 0xf400f0da
[    0.000000]  (comparison mask = 0xffffffff)
[    0.000000] boot misc3 0x8c8: expected 0x2004f400
[    0.000000]  (comparison mask = 0xffffffff)
[    0.000000] boot misc1 0x0: expected 0x20
[    0.000000]  (comparison mask = 0xffffff)
[    0.000000] PLL_X already enabled. Postponing set full defaults
[    0.000000] arch_timer: cp15 timer(s) running at 19.20MHz (phys).
[    0.000000] clocksource: arch_sys_counter: mask: 0xffffffffffffff max_cycles: 0x46d987e47, max_idle_ns: 440795202767 ns
[    0.000003] sched_clock: 56 bits at 19MHz, resolution 52ns, wraps every 4398046511078ns
[    0.008350] Console: colour dummy device 80x25
[    0.012917] console [tty0] enabled
[    0.016410] bootconsole [uart0] disabled
[    0.020473] Calibrating delay loop (skipped), value calculated using timer frequency.. 38.40 BogoMIPS (lpj=76800)
[    0.020488] pid_max: default: 32768 minimum: 301
[    0.020540] Security Framework initialized
[    0.021212] Dentry cache hash table entries: 524288 (order: 10, 4194304 bytes)
[    0.022789] Inode-cache hash table entries: 262144 (order: 9, 2097152 bytes)
[    0.023435] Mount-cache hash table entries: 8192 (order: 4, 65536 bytes)
[    0.023452] Mountpoint-cache hash table entries: 8192 (order: 4, 65536 bytes)
[    0.036495] ASID allocator initialised with 65536 entries
[    0.053208] Speedo Revision 4
[    0.053226] Tegra Revision: A02 SKU: 19 CPU Process: 0 SoC Process: 0
[    0.100633] EFI services will not be available.
[    0.116577] smp: Bringing up secondary CPUs ...
[    0.148710] Detected PIPT I-cache on CPU1
[    0.148738] CPU1: Booted secondary processor [411fd071]
[    0.180739] Detected PIPT I-cache on CPU2
[    0.180758] CPU2: Booted secondary processor [411fd071]
[    0.212778] Detected PIPT I-cache on CPU3
[    0.212795] CPU3: Booted secondary processor [411fd071]
[    0.212831] smp: Brought up 1 node, 4 CPUs
[    0.212861] SMP: Total of 4 processors activated.
[    0.212869] CPU features: detected feature: 32-bit EL0 Support
[    0.212967] CPU: All CPU(s) started at EL2
[    0.212987] alternatives: patching kernel code
[    0.215622] devtmpfs: initialized
[    0.220643] DMI not present or invalid.
[    0.220792] clocksource: jiffies: mask: 0xffffffff max_cycles: 0xffffffff, max_idle_ns: 7645041785100000 ns
[    0.220837] futex hash table entries: 1024 (order: 5, 131072 bytes)
[    0.221114] pinctrl core: initialized pinctrl subsystem
[    0.222423] NET: Registered protocol family 16
[    0.224818] cpuidle: using governor menu
[    0.225353] vdso: 2 pages (1 code @ ffff000008927000, 1 data @ ffff000008e75000)
[    0.225377] hw-breakpoint: found 6 breakpoint and 4 watchpoint registers.
[    0.225920] DMA: preallocated 256 KiB pool for atomic allocations
[    0.227020] Serial: AMBA PL011 UART driver
[    0.239637] HugeTLB registered 2 MB page size, pre-allocated 0 pages
[    0.240222] ACPI: Interpreter disabled.
[    0.240610] PPLCD_VDD: Failed to request enable GPIO172: -517
[    0.240628] reg-fixed-voltage regulators:regulator@1: Failed to register regulator: -517
[    0.241106] PP1800_LCDIO: Failed to request enable GPIO171: -517
[    0.241121] reg-fixed-voltage regulators:regulator@5: Failed to register regulator: -517
[    0.241173] PP1800_CAM: Failed to request enable GPIO83: -517
[    0.241186] reg-fixed-voltage regulators:regulator@6: Failed to register regulator: -517
[    0.241497] vgaarb: loaded
[    0.241638] SCSI subsystem initialized
[    0.241886] usbcore: registered new interface driver usbfs
[    0.241925] usbcore: registered new interface driver hub
[    0.241970] usbcore: registered new device driver usb
[    0.242804] tegra-i2c 7000d100.i2c: could not find pctldev for node /host1x@50000000/dpaux@545c0000/pinmux-i2c, deferring probe
[    0.242888] pps_core: LinuxPPS API ver. 1 registered
[    0.242899] pps_core: Software ver. 5.3.6 - Copyright 2005-2007 Rodolfo Giometti <giometti@linux.it>
[    0.242926] PTP clock support registered
[    0.243014] dmi: Firmware registration failed.
[    0.243542] Advanced Linux Sound Architecture Driver Initialized.
[    0.243907] clocksource: Switched to clocksource arch_sys_counter
[    0.243990] VFS: Disk quotas dquot_6.6.0
[    0.244032] VFS: Dquot-cache hash table entries: 512 (order 0, 4096 bytes)
[    0.244156] pnp: PnP ACPI: disabled
[    0.248035] NET: Registered protocol family 2
[    0.248349] TCP established hash table entries: 32768 (order: 6, 262144 bytes)
[    0.248540] TCP bind hash table entries: 32768 (order: 7, 524288 bytes)
[    0.248741] TCP: Hash tables configured (established 32768 bind 32768)
[    0.248834] UDP hash table entries: 2048 (order: 4, 65536 bytes)
[    0.248876] UDP-Lite hash table entries: 2048 (order: 4, 65536 bytes)
[    0.248988] NET: Registered protocol family 1
[    0.249196] RPC: Registered named UNIX socket transport module.
[    0.249209] RPC: Registered udp transport module.
[    0.249220] RPC: Registered tcp transport module.
[    0.249230] RPC: Registered tcp NFSv4.1 backchannel transport module.
[    0.249335] Unpacking initramfs...
[    0.296779] Freeing initrd memory: 1284K
[    0.297122] kvm [1]: 8-bit VMID
[    0.297136] kvm [1]: IDMAP page: 80915000
[    0.297147] kvm [1]: HYP VA range: 800000000000:ffffffffffff
[    0.297715] kvm [1]: Hyp mode initialized successfully
[    0.297761] kvm [1]: vgic-v2@50044000
[    0.297827] kvm [1]: vgic interrupt IRQ1
[    0.297844] kvm [1]: virtual timer IRQ4
[    0.299173] audit: initializing netlink subsys (disabled)
[    0.299247] audit: type=2000 audit(0.287:1): state=initialized audit_enabled=0 res=1
[    0.299382] workingset: timestamp_bits=44 max_order=20 bucket_order=0
[    0.303198] squashfs: version 4.0 (2009/01/31) Phillip Lougher
[    0.303578] NFS: Registering the id_resolver key type
[    0.303604] Key type id_resolver registered
[    0.303613] Key type id_legacy registered
[    0.303629] nfs4filelayout_init: NFSv4 File Layout Driver Registering...
[    0.303726] 9p: Installing v9fs 9p2000 file system support
[    0.305021] Block layer SCSI generic (bsg) driver version 0.4 loaded (major 247)
[    0.305041] io scheduler noop registered
[    0.305158] io scheduler cfq registered (default)
[    0.305169] io scheduler mq-deadline registered
[    0.305179] io scheduler kyber registered
[    0.306447]  usb3-0: usb3-0 supply vbus not found, using dummy regulator
[    0.314289] tegra-apbdma 60020000.dma: Tegra20 APB DMA driver register 32 channels
[    0.315320] tegra-pmc 7000e400.pmc: i2c-thermtrip node not found, emergency thermal reset disabled.
[    0.315520] xenfs: not registering filesystem on non-xen platform
[    0.317534] Serial: 8250/16550 driver, 4 ports, IRQ sharing enabled
[    0.318563] 70006000.serial: ttyS0 at MMIO 0x70006000 (irq = 314, base_baud = 25500000) is a Tegra
[    1.335094] console [ttyS0] enabled
[    1.338891] SuperH (H)SCI(F) driver initialized
[    1.343620] msm_serial: driver initialized
[    1.348067] cacheinfo: Unable to detect cache hierarchy for CPU 0
[    1.357900] loop: module loaded
[    1.364889] cros-ec-i2c 0-001e: Chrome EC device registered
[    1.371085] max77620 1-003c: PMIC Version OTP:0x35 and ES:0x8
[    1.379326] max77620-sd0: supplied by regulator-dummy
[    1.385549] max77620-sd1: supplied by regulator-dummy
[    1.391684] max77620-sd2: supplied by regulator-dummy
[    1.397767] max77620-sd3: supplied by regulator-dummy
[    1.403889] max77620-ldo0: supplied by regulator-dummy
[    1.409538] max77620-ldo1: supplied by regulator-dummy
[    1.414699] PP1200_RCAM: Bringing 1050000uV into 1200000-1200000uV
[    1.421281] max77620-ldo2: supplied by regulator-dummy
[    1.426974] max77620-ldo3: supplied by regulator-dummy
[    1.432127] PP2800L_RCAM: Bringing 3100000uV into 2800000-2800000uV
[    1.438803] max77620-ldo4: supplied by regulator-dummy
[    1.443957] PP1100_SOC_RTC: Bringing 1000000uV into 850000-850000uV
[    1.450757] max77620-ldo5: supplied by regulator-dummy
[    1.455916] PP2800L_FCAM: Bringing 3100000uV into 2800000-2800000uV
[    1.462473] random: fast init done
[    1.465963] max77620-ldo6: supplied by regulator-dummy
[    1.471117] PP_LDO6: Bringing 2800000uV into 1800000-1800000uV
[    1.477363] max77620-ldo7: supplied by regulator-dummy
[    1.483096] max77620-ldo8: supplied by regulator-dummy
[    1.490266] hisi_sas: driver version v1.6
[    1.495753] libphy: Fixed MDIO Bus: probed
[    1.500110] tun: Universal TUN/TAP device driver, 1.6
[    1.505732] e1000e: Intel(R) PRO/1000 Network Driver - 3.2.6-k
[    1.511566] e1000e: Copyright(c) 1999 - 2015 Intel Corporation.
[    1.517509] igb: Intel(R) Gigabit Ethernet Network Driver - version 5.4.0-k
[    1.524467] igb: Copyright (c) 2007-2014 Intel Corporation.
[    1.530059] igbvf: Intel(R) Gigabit Virtual Function Network Driver - version 2.4.0-k
[    1.537887] igbvf: Copyright (c) 2009 - 2012 Intel Corporation.
[    1.543996] sky2: driver version 1.30
[    1.547927] VFIO - User Level meta-driver version: 0.3
[    1.553776] ehci_hcd: USB 2.0 'Enhanced' Host Controller (EHCI) Driver
[    1.560310] ehci-pci: EHCI PCI platform driver
[    1.564779] ehci-platform: EHCI generic platform driver
[    1.570073] ehci-orion: EHCI orion driver
[    1.574152] ehci-exynos: EHCI EXYNOS driver
[    1.578390] ehci-msm: Qualcomm On-Chip EHCI Host Controller
[    1.584009] ohci_hcd: USB 1.1 'Open' Host Controller (OHCI) Driver
[    1.590195] ohci-pci: OHCI PCI platform driver
[    1.594659] ohci-platform: OHCI generic platform driver
[    1.599943] ohci-exynos: OHCI EXYNOS driver
[    1.664553] tegra-xusb 70090000.usb: Firmware timestamp: 2015-08-10 09:47:54 UTC
[    1.671960] tegra-xusb 70090000.usb: xHCI Host Controller
[    1.677370] tegra-xusb 70090000.usb: new USB bus registered, assigned bus number 1
[    1.685925] tegra-xusb 70090000.usb: hcc params 0x0184f525 hci version 0x100 quirks 0x00010010
[    1.694560] tegra-xusb 70090000.usb: irq 320, io mem 0x70090000
[    1.700834] hub 1-0:1.0: USB hub found
[    1.704605] hub 1-0:1.0: 5 ports detected
[    1.708892] tegra-xusb 70090000.usb: xHCI Host Controller
[    1.714299] tegra-xusb 70090000.usb: new USB bus registered, assigned bus number 2
[    1.721914] usb usb2: We don't know the algorithms for LPM for this host, disabling LPM.
[    1.730258] hub 2-0:1.0: USB hub found
[    1.734028] hub 2-0:1.0: 4 ports detected
[    1.738474] usbcore: registered new interface driver usb-storage
[    1.872492] max77686-rtc max77620-rtc: rtc core: registered max77620-rtc as rtc0
[    1.880488] tegra_rtc 7000e000.rtc: rtc core: registered 7000e000.rtc as rtc1
[    1.887640] tegra_rtc 7000e000.rtc: Tegra internal Real Time Clock
[    1.893904] i2c /dev entries driver
[    1.898794] (NULL device *): hwmon_device_register() is deprecated. Please convert the driver to use hwmon_device_register_with_info().
[    1.911010] bq27xxx-battery 2-0055: support ver. 1.2.0 enabled
[    1.933848] sdhci: Secure Digital Host Controller Interface driver
[    1.940061] sdhci: Copyright(c) Pierre Ossman
[    1.944605] Synopsys Designware Multimedia Card Interface Driver
[    1.951074] sdhci-pltfm: SDHCI platform and OF driver helper
[    1.965002] mmc0: Unknown controller version (3). You may experience problems.
[    2.015942] mmc0: SDHCI controller on 700b0600.sdhci [700b0600.sdhci] using ADMA 64-bit
[    2.027798] ledtrig-cpu: registered to indicate activity on CPUs
[    2.034659] usbcore: registered new interface driver usbhid
[    2.040318] usbhid: USB HID core driver
[    2.045582] NET: Registered protocol family 17
[    2.050169] 9pnet: Installing 9P2000 support
[    2.054607] Key type dns_resolver registered
[    2.062375] registered taskstats version 1
[    2.071937] tegra-i2c 7000d100.i2c: could not find pctldev for node /host1x@50000000/dpaux@545c0000/pinmux-i2c, deferring probe
[    2.084453] input: gpio-keys as /devices/platform/gpio-keys/input/input0
[    2.091389] tegra-i2c 7000d100.i2c: could not find pctldev for node /host1x@50000000/dpaux@545c0000/pinmux-i2c, deferring probe
[    2.102409] mmc0: new high speed MMC card at address 0001
[    2.102654] mmcblk0: mmc0:0001 BGND3R 29.1 GiB 
[    2.108299] mmcblk0boot0: mmc0:0001 BGND3R partition 1 4.00 MiB
[    2.108408] mmcblk0boot1: mmc0:0001 BGND3R partition 2 4.00 MiB
[    2.108504] mmcblk0rpmb: mmc0:0001 BGND3R partition 3 4.00 MiB
[    2.110895]  mmcblk0: p1 p2 p3 p4 p5 p6 p7 p8 p9 p10 p11
[    2.124641] max77686-rtc max77620-rtc: setting system clock to 2001-03-30 21:05:03 UTC (985986303)
[    2.125114] PP1200_AVDD: disabling
[    2.125171] PP1200_RCAM: disabling
[    2.125222] PP2800L_RCAM: disabling
[    2.125273] PP2800L_FCAM: disabling
[    2.125324] PP_LDO6: disabling
[    2.125374] PPLCD_VDD: disabling
[    2.125378] PP1800_LCDIO: disabling
[    2.125380] PP1800_CAM: disabling
[    2.125382] ALSA device list:
[    2.125384]   No soundcards found.
[    2.178440] Freeing unused kernel memory: 1088K
[    2.178457] tegra-i2c 7000d100.i2c: could not find pctldev for node /host1x@50000000/dpaux@545c0000/pinmux-i2c, deferring probe

System initialization...

Mounting /proc :[SUCCESS]
Mounting /sys :[SUCCESS]
Mounting /dev :[SUCCESS]
Mounting /dev/pts :[SUCCESS]
Mounting /sys/kernel/debug :[SUCCESS]
Mounting other filesystems :[SUCCESS]
Enabling hot-plug :[SUCCESS]
Populating /dev :[SUCCESS]
Starting syslogd :[SUCCESS]
Starting telnetd :[SUCCESS]

System initialization complete.

Please press Enter to activate this console. 