

U-Boot 2011.03 (Jun 11 2013 - 06:07:37)

T114
Board: NVIDIA Dalmore
DRAM:  2 GiB
MMC:   Tegra2 SD/MMC: 0, Tegra2 SD/MMC: 1
In:    serial
Out:   serial
Err:   serial
Net:   Net Initialization Skipped
No ethernet found.
Hit any key to stop autoboot:  2  0 
Dalmore #
Dalmore #usb reset
(Re)start USB...
USB:   Register 10011 NbrPorts 1
USB EHCI 1.10
scanning bus for devices... 2 USB Device(s) found
       scanning bus for storage devices... 0 Storage Device(s) found
       scanning bus for ethernet devices... 1 Ethernet Device(s) found
Dalmore #setenv bootargs 'ignore_loglevel console=ttyS0,115200n8 rw root=/dev/mmcblk0p1 rootwait gpt init=/bin/bash'
Dalmore #setenv ipaddr 192.168.100.100; setenv serverip 192.168.100.1; setenv tftpserverip 192.168.100.1
Dalmore #tftpboot 0x81000000 zImage.tegra_defconfig
Waiting for Ethernet connection... done.
Using asx0 device
TFTP from server 192.168.100.1; our IP address is 192.168.100.100
Filename 'zImage.tegra_defconfig'.
Load address: 0x81000000
Loading: *#################################################  2.8 MiB/s
done
Bytes transferred = 4138432 (3f25c0 hex)
Dalmore #tftpboot 0x82000000 tegra114-dalmore.dtb
Using asx0 device
TFTP from server 192.168.100.1; our IP address is 192.168.100.100
Filename 'tegra114-dalmore.dtb'.
Load address: 0x82000000
Loading: *#################################################  2.6 MiB/s
done
Bytes transferred = 29436 (72fc hex)
Dalmore #bootz 0x81000000 - 0x82000000
## Flattened Device Tree blob at 82000000
   Booting using the fdt blob at 0x82000000
   Loading Device Tree to 81ff5000, end 81fff2fb ... OK

Starting kernel ...

Timer summary in microseconds:
       Mark    Elapsed  Stage
          0          0  awake
  2,149,997  2,149,997  usb_start
  6,153,109  4,003,112  eth_start
  6,153,107         -2  tftp start
 10,009,869  3,856,762  tftp done
 12,165,209  2,155,340  start_kernel
Uncompressing Linux... done, booting the kernel.
[    0.000000] Booting Linux on physical CPU 0x0
[    0.000000] Initializing cgroup subsys cpu
[    0.000000] Initializing cgroup subsys cpuacct
[    0.000000] Linux version 3.13.0-rc3-36363-g374b105 (pwalmsley@tamien) (gcc version 4.6.3 (Ubuntu/Linaro 4.6.3-1ubuntu5) ) #1 SMP PREEMPT Sat Dec 7 00:29:27 PST 2013
[    0.000000] CPU: ARMv7 Processor [412fc0f2] revision 2 (ARMv7), cr=10c5387d
[    0.000000] CPU: PIPT / VIPT nonaliasing data cache, PIPT instruction cache
[    0.000000] Machine model: NVIDIA Tegra114 Dalmore evaluation board
[    0.000000] debug: ignoring loglevel setting.
[    0.000000] cma: CMA: reserved 16 MiB at ae800000
[    0.000000] Memory policy: Data cache writealloc
[    0.000000] On node 0 totalpages: 524032
[    0.000000] free_area_init_node: node 0, pgdat c07e7280, node_mem_map c0840000
[    0.000000]   Normal zone: 1520 pages used for memmap
[    0.000000]   Normal zone: 0 pages reserved
[    0.000000]   Normal zone: 194560 pages, LIFO batch:31
[    0.000000]   HighMem zone: 2574 pages used for memmap
[    0.000000]   HighMem zone: 329472 pages, LIFO batch:31
[    0.000000] Tegra Revision: A01 SKU: 0 CPU Process: 1 Core Process: 1
[    0.000000] PERCPU: Embedded 8 pages/cpu @c1858000 s9088 r8192 d15488 u32768
[    0.000000] pcpu-alloc: s9088 r8192 d15488 u32768 alloc=8*4096
[    0.000000] pcpu-alloc: [0] 0 [0] 1 [0] 2 [0] 3 
[    0.000000] Built 1 zonelists in Zone order, mobility grouping on.  Total pages: 522512
[    0.000000] Kernel command line: ignore_loglevel console=ttyS0,115200n8 rw root=/dev/mmcblk0p1 rootwait gpt init=/bin/bash
[    0.000000] PID hash table entries: 4096 (order: 2, 16384 bytes)
[    0.000000] Dentry cache hash table entries: 131072 (order: 7, 524288 bytes)
[    0.000000] Inode-cache hash table entries: 65536 (order: 6, 262144 bytes)
[    0.000000] Memory: 2053808K/2096128K available (5654K kernel code, 306K rwdata, 1856K rodata, 244K init, 347K bss, 42320K reserved, 1317888K highmem)
[    0.000000] Virtual kernel memory layout:
[    0.000000]     vector  : 0xffff0000 - 0xffff1000   (   4 kB)
[    0.000000]     fixmap  : 0xfff00000 - 0xfffe0000   ( 896 kB)
[    0.000000]     vmalloc : 0xf0000000 - 0xff000000   ( 240 MB)
[    0.000000]     lowmem  : 0xc0000000 - 0xef800000   ( 760 MB)
[    0.000000]     pkmap   : 0xbfe00000 - 0xc0000000   (   2 MB)
[    0.000000]     modules : 0xbf000000 - 0xbfe00000   (  14 MB)
[    0.000000]       .text : 0xc0008000 - 0xc075dd8c   (7512 kB)
[    0.000000]       .init : 0xc075e000 - 0xc079b380   ( 245 kB)
[    0.000000]       .data : 0xc079c000 - 0xc07e89e0   ( 307 kB)
[    0.000000]        .bss : 0xc07e89ec - 0xc083f730   ( 348 kB)
[    0.000000] Preemptible hierarchical RCU implementation.
[    0.000000] NR_IRQS:16 nr_irqs:16 16
[    0.000000] sched_clock: 32 bits at 1000kHz, resolution 1000ns, wraps every 2147483648000ns
[    0.000000] Architected cp15 timer(s) running at 12.00MHz (virt).
[    0.000000] sched_clock: 56 bits at 12MHz, resolution 83ns, wraps every 2863311536128ns
[    0.000000] Switching to timer-based delay loop
[    0.000000] Console: colour dummy device 80x30
[    0.000499] Calibrating delay loop (skipped), value calculated using timer frequency.. 24.00 BogoMIPS (lpj=120000)
[    0.000516] pid_max: default: 32768 minimum: 301
[    0.000955] Mount-cache hash table entries: 512
[    0.019751] Initializing cgroup subsys debug
[    0.019770] Initializing cgroup subsys freezer
[    0.019855] CPU: Testing write buffer coherency: ok
[    0.020186] /cpus/cpu@0 missing clock-frequency property
[    0.020208] /cpus/cpu@1 missing clock-frequency property
[    0.020230] /cpus/cpu@2 missing clock-frequency property
[    0.020252] /cpus/cpu@3 missing clock-frequency property
[    0.020265] CPU0: thread -1, cpu 0, socket 0, mpidr 80000000
[    0.020291] Setting up static identity map for 0x8055ce30 - 0x8055cec8
[    0.080747] CPU1: Booted secondary processor
[    0.080775] CPU1: thread -1, cpu 1, socket 0, mpidr 80000001
[    0.100775] CPU2: Booted secondary processor
[    0.100800] CPU2: thread -1, cpu 2, socket 0, mpidr 80000002
[    0.120797] CPU3: Booted secondary processor
[    0.120822] CPU3: thread -1, cpu 3, socket 0, mpidr 80000003
[    0.121002] Brought up 4 CPUs
[    0.121030] SMP: Total of 4 processors activated.
[    0.121038] CPU: All CPU(s) started in SVC mode.
[    0.122059] devtmpfs: initialized
[    0.135112] VFP support v0.3: implementor 41 architecture 4 part 30 variant f rev 0
[    0.135532] pinctrl core: initialized pinctrl subsystem
[    0.136060] regulator-dummy: no parameters
[    0.136853] NET: Registered protocol family 16
[    0.138172] DMA: preallocated 256 KiB pool for atomic coherent allocations
[    0.138947] cpuidle: using governor ladder
[    0.138957] cpuidle: using governor menu
[    0.150452] No ATAGs?
[    0.150481] hw-breakpoint: found 5 (+1 reserved) breakpoint and 4 watchpoint registers.
[    0.150492] hw-breakpoint: maximum watchpoint size is 8 bytes.
[    0.161500] bio: create slab <bio-0> at 0
[    0.162953] vdd_ac_bat: 5000 mV 
[    0.163273] dvdd_ts: Failed to request enable GPIO61: -517
[    0.163434] reg-fixed-voltage 1.regulator: Failed to register regulator: -517
[    0.163457] platform 1.regulator: Driver reg-fixed-voltage requests probe deferral
[    0.163658] lcd_bl_en: Failed to request enable GPIO58: -517
[    0.163801] reg-fixed-voltage 2.regulator: Failed to register regulator: -517
[    0.163823] platform 2.regulator: Driver reg-fixed-voltage requests probe deferral
[    0.164023] usb1_vbus: Failed to request enable GPIO108: -517
[    0.164167] reg-fixed-voltage 3.regulator: Failed to register regulator: -517
[    0.164189] platform 3.regulator: Driver reg-fixed-voltage requests probe deferral
[    0.164387] usb2_vbus: Failed to request enable GPIO86: -517
[    0.164529] reg-fixed-voltage 4.regulator: Failed to register regulator: -517
[    0.164551] platform 4.regulator: Driver reg-fixed-voltage requests probe deferral
[    0.164748] vdd_hdmi_5v0: Failed to request enable GPIO81: -517
[    0.164890] reg-fixed-voltage 5.regulator: Failed to register regulator: -517
[    0.164911] platform 5.regulator: Driver reg-fixed-voltage requests probe deferral
[    0.164991] platform 6.regulator: Driver reg-fixed-voltage requests probe deferral
[    0.165987] vgaarb: loaded
[    0.167053] SCSI subsystem initialized
[    0.167418] usbcore: registered new interface driver usbfs
[    0.167526] usbcore: registered new interface driver hub
[    0.167680] usbcore: registered new device driver usb
[    0.171951] vdd-cpu: 500 <--> 1520 mV at 1100 mV 
[    0.172580] tps65090 1-0048: No cache defaults, reading back from HW
[    0.178978] vdd-sys-5v0: no parameters
[    0.179028] vdd-sys-5v0: supplied by vdd_ac_bat
[    0.180476] vdd-sys-3v3: no parameters
[    0.180514] vdd-sys-3v3: supplied by vdd_ac_bat
[    0.181937] vdd-ao: no parameters
[    0.181974] vdd-ao: supplied by vdd_ac_bat
[    0.182236] vdd-lcd-bl: no parameters
[    0.182273] vdd-lcd-bl: supplied by vdd_ac_bat
[    0.182526] TPS65090_RAILSFET2: no parameters
[    0.182563] TPS65090_RAILSFET2: supplied by vdd_ac_bat
[    0.182806] vdd-modem-3v3: no parameters
[    0.182839] vdd-modem-3v3: supplied by vdd-sys-3v3
[    0.183089] avdd-lcd: no parameters
[    0.183124] avdd-lcd: supplied by vdd-sys-3v3
[    0.183368] vdd-lvds: no parameters
[    0.183400] vdd-lvds: supplied by vdd-sys-3v3
[    0.183663] vdd-sd-slot: no parameters
[    0.183696] vdd-sd-slot: supplied by vdd-sys-3v3
[    0.183945] vdd-com-3v3: no parameters
[    0.183977] vdd-com-3v3: supplied by vdd-sys-3v3
[    0.184231] vdd-sby-5v0: no parameters
[    0.184265] vdd-sby-5v0: supplied by vdd_ac_bat
[    0.184509] vdd-sby-3v3: no parameters
[    0.184542] vdd-sby-3v3: supplied by vdd_ac_bat
[    0.184905] genirq: Setting trigger mode 8 for irq 118 failed (gic_set_type+0x0/0xf0)
[    0.185332] palmas 1-0058: Irq flag is 0x00000000
[    0.199648] palmas 1-0058: Muxing GPIO ff, PWM 0, LED 0
[    0.208641] vddio-ddr: 1350 mV 
[    0.209489] vddio-ddr: supplied by vdd-ao
[    0.216462] vddio-1v8: 1800 mV 
[    0.217305] vddio-1v8: supplied by vdd-ao
[    0.224271] vdd-core: 900 <--> 1400 mV at 1100 mV 
[    0.225114] vdd-core: supplied by vdd-sys-3v3
[    0.229314] SMPS6: no parameters
[    0.237062] avdd-pll: 1050 mV 
[    0.237905] avdd-pll: supplied by vdd-sys-3v3
[    0.246235] sdhci-vdd-sd-slot: 2800 mV 
[    0.247077] sdhci-vdd-sd-slot: supplied by vdd-sys-3v3
[    0.248912] SMPS10_OUT2: at 5000 mV 
[    0.250739] SMPS10_OUT1: at 5000 mV 
[    0.253371] avdd-cam1: 2800 mV 
[    0.254211] avdd-cam1: supplied by vdd-sys-3v3
[    0.258226] avdd-cam2: 2800 mV 
[    0.259065] avdd-cam2: supplied by vdd-sys-3v3
[    0.263846] avdd-dsi-csi: 1200 mV 
[    0.264685] avdd-dsi-csi: supplied by vddio-1v8
[    0.269487] vpp-fuse: 1800 mV 
[    0.270328] vpp-fuse: supplied by vdd-sys-3v3
[    0.273542] LDO5: at 1200 mV 
[    0.274384] LDO5: supplied by vdd_ac_bat
[    0.277014] vdd-sensor-2v85: 2850 mV 
[    0.277854] vdd-sensor-2v85: supplied by vdd-sys-3v3
[    0.281897] vdd-af-cam1: 2800 mV 
[    0.282737] vdd-af-cam1: supplied by vdd-sys-3v3
[    0.290867] vdd-rtc: 900 mV 
[    0.291707] vdd-rtc: supplied by vdd-ao
[    0.295721] vddio-sdmmc-2: 1800 <--> 3300 mV at 3300 mV 
[    0.296559] vddio-sdmmc-2: supplied by sdhci-vdd-sd-slot
[    0.301371] hvdd-usb: 3300 mV 
[    0.302212] hvdd-usb: supplied by vdd-sys-5v0
[    0.306999] avdd-usb: 3300 mV 
[    0.307837] avdd-usb: supplied by vdd-sys-5v0
[    0.311154] rail-3v3: no parameters
[    0.313540] rail-5v0: no parameters
[    0.315134] REGEN3: no parameters
[    0.315326] SYSEN1: no parameters
[    0.315516] SYSEN2: no parameters
[    0.316145] Linux video capture interface: v2.00
[    0.316850] platform 70019010.iommu: Driver tegra-smmu requests probe deferral
[    0.317162] Advanced Linux Sound Architecture Driver Initialized.
[    0.317884] Bluetooth: Core ver 2.17
[    0.317957] NET: Registered protocol family 31
[    0.317966] Bluetooth: HCI device and connection manager initialized
[    0.317991] Bluetooth: HCI socket layer initialized
[    0.318012] Bluetooth: L2CAP socket layer initialized
[    0.318048] Bluetooth: SCO socket layer initialized
[    0.318644] cfg80211: Calling CRDA to update world regulatory domain
[    0.319683] Switched to clocksource arch_sys_counter
[    0.333888] NET: Registered protocol family 2
[    0.334802] TCP established hash table entries: 8192 (order: 3, 32768 bytes)
[    0.334907] TCP bind hash table entries: 8192 (order: 4, 65536 bytes)
[    0.335094] TCP: Hash tables configured (established 8192 bind 8192)
[    0.335538] TCP: reno registered
[    0.335555] UDP hash table entries: 512 (order: 2, 16384 bytes)
[    0.335597] UDP-Lite hash table entries: 512 (order: 2, 16384 bytes)
[    0.336025] NET: Registered protocol family 1
[    0.336769] RPC: Registered named UNIX socket transport module.
[    0.336781] RPC: Registered udp transport module.
[    0.336789] RPC: Registered tcp transport module.
[    0.336798] RPC: Registered tcp NFSv4.1 backchannel transport module.
[    0.336810] PCI: CLS 0 bytes, default 64
[    0.341236] bounce pool size: 64 pages
[    0.342966] squashfs: version 4.0 (2009/01/31) Phillip Lougher
[    0.343762] msgmni has been set to 1469
[    0.345473] io scheduler noop registered (default)
[    0.368973] tegra-apbdma 6000a000.dma: Tegra20 APB DMA driver register 32 channels
[    0.369531] Serial: 8250/16550 driver, 4 ports, IRQ sharing disabled
[    0.371673] 70006300.serial: ttyS0 at MMIO 0x70006300 (irq = 122, base_baud = 25500000) is a Tegra
[    1.399271] console [ttyS0] enabled
[    1.403602] [drm] Initialized drm 1.1.0 20060810
[    1.414477] loop: module loaded
[    1.420563] m25p80 spi32766.0: w25q32dw (4096 Kbytes)
[    1.427447] pegasus: v0.9.3 (2013/04/25), Pegasus/Pegasus II USB Ethernet driver
[    1.434938] usbcore: registered new interface driver pegasus
[    1.440701] usbcore: registered new interface driver asix
[    1.446158] usbcore: registered new interface driver ax88179_178a
[    1.452323] usbcore: registered new interface driver cdc_ether
[    1.458220] usbcore: registered new interface driver r815x
[    1.463801] usbcore: registered new interface driver smsc75xx
[    1.469625] usbcore: registered new interface driver smsc95xx
[    1.475447] usbcore: registered new interface driver net1080
[    1.481188] usbcore: registered new interface driver cdc_subset
[    1.487161] usbcore: registered new interface driver zaurus
[    1.492850] usbcore: registered new interface driver cdc_ncm
[    1.498541] ehci_hcd: USB 2.0 'Enhanced' Host Controller (EHCI) Driver
[    1.505075] ehci-pci: EHCI PCI platform driver
[    1.509580] tegra-ehci: Tegra EHCI driver
[    1.513782] platform 7d008000.usb: Driver tegra-ehci requests probe deferral
[    1.521111] usbcore: registered new interface driver cdc_acm
[    1.526760] cdc_acm: USB Abstract Control Model driver for USB modems and ISDN adapters
[    1.534832] usbcore: registered new interface driver cdc_wdm
[    1.540603] usbcore: registered new interface driver usb-storage
[    1.546818] platform 7d008000.usb-phy: Driver tegra-phy requests probe deferral
[    1.554784] mousedev: PS/2 mouse device common for all mice
[    1.572436] palmas-rtc rtc.7: rtc core: registered rtc.7 as rtc0
[    1.582832] tegra_rtc 7000e000.rtc: rtc core: registered 7000e000.rtc as rtc1
[    1.590010] tegra_rtc 7000e000.rtc: Tegra internal Real Time Clock
[    1.597584] sbs-battery 0-000b: sbs_probe: Failed to get device status
[    1.604130] sbs-battery: probe of 0-000b failed with error -121
[    1.628320] sdhci: Secure Digital Host Controller Interface driver
[    1.634521] sdhci: Copyright(c) Pierre Ossman
[    1.638884] sdhci-pltfm: SDHCI platform and OF driver helper
[    1.644983] sdhci-tegra 78000400.sdhci: Got CD GPIO #170.
[    1.651487] sdhci-tegra 78000400.sdhci: dummy supplies not allowed
[    1.657669] mmc0: no vqmmc regulator found
[    1.661797] sdhci-tegra 78000400.sdhci: dummy supplies not allowed
[    1.667977] mmc0: no vmmc regulator found
[    1.672004] mmc0: Invalid maximum block size, assuming 512 bytes
[    1.719706] mmc0: SDHCI controller on 78000400.sdhci [78000400.sdhci] using ADMA
[    1.729306] sdhci-tegra 78000600.sdhci: dummy supplies not allowed
[    1.735506] mmc1: no vqmmc regulator found
[    1.739618] sdhci-tegra 78000600.sdhci: dummy supplies not allowed
[    1.745812] mmc1: no vmmc regulator found
[    1.749839] mmc1: Invalid maximum block size, assuming 512 bytes
[    1.799702] mmc1: SDHCI controller on 78000600.sdhci [78000600.sdhci] using ADMA
[    1.807835] usbcore: registered new interface driver usbhid
[    1.815505] usbhid: USB HID core driver
[    1.932002] mmc1: BKOPS_EN bit is not set
[    1.962629] mmc1: new HS200 MMC card at address 0001
[    1.968110] isa bounce pool size: 16 pages
[    1.972432] mmcblk0: mmc1:0001 SEM32G 29.1 GiB 
[    1.977332] mmcblk0boot0: mmc1:0001 SEM32G partition 1 4.00 MiB
[    1.983624] mmcblk0boot1: mmc1:0001 SEM32G partition 2 4.00 MiB
[    1.989876] mmcblk0rpmb: mmc1:0001 SEM32G partition 3 4.00 MiB
[    1.998336] Primary GPT is invalid, using alternate GPT.
[    2.003738]  mmcblk0: p1 p2 p3 p4 p5
[    2.010949]  mmcblk0boot1: unknown partition table
[    2.017492]  mmcblk0boot0: unknown partition table
[    2.297935] tegra-snd-rt5640 sound.4: rt5640-aif1 <-> 70080400.i2s mapping ok
[    2.310287] input: NVIDIA Tegra Dalmore Headphones as /devices/soc0/sound.4/sound/card0/input0
[    2.320615] TCP: cubic registered
[    2.324218] NET: Registered protocol family 10
[    2.330189] mip6: Mobile IPv6
[    2.333169] sit: IPv6 over IPv4 tunneling driver
[    2.339658] NET: Registered protocol family 17
[    2.344174] NET: Registered protocol family 15
[    2.348780] Bluetooth: RFCOMM socket layer initialized
[    2.353964] Bluetooth: RFCOMM ver 1.11
[    2.357733] Bluetooth: BNEP (Ethernet Emulation) ver 1.3
[    2.363080] Bluetooth: BNEP socket layer initialized
[    2.368049] Bluetooth: HIDP (Human Interface Emulation) ver 1.2
[    2.374014] Bluetooth: HIDP socket layer initialized
[    2.379691] Registering SWP/SWPB emulation handler
[    2.389237] hvdd-usb: disabling
[    2.395716] vdd-af-cam1: disabling
[    2.402179] LDO5: disabling
[    2.408347] vpp-fuse: disabling
[    2.414441] avdd-cam2: disabling
[    2.419932] avdd-cam1: disabling
[    2.426973] vdd-com-3v3: disabling
[    2.431008] vdd-lvds: disabling
[    2.434752] avdd-lcd: disabling
[    2.438537] vdd-lcd-bl: disabling
[    2.443841] dvdd_ts: 1800 mV 
[    2.447599] lcd_bl_en: 5000 mV 
[    2.451493] usb1_vbus: 5000 mV 
[    2.454848] usb1_vbus: supplied by vdd-sys-5v0
[    2.459962] usb2_vbus: 5000 mV 
[    2.463245] usb2_vbus: supplied by vdd-sys-5v0
[    2.468302] vdd_hdmi_5v0: 5000 mV 
[    2.471932] vdd_hdmi_5v0: supplied by vdd-sys-5v0
[    2.480030] vdd_cam_1v8_reg: 1800 mV 
[    2.484674] platform 7d008000.usb: Driver tegra-ehci requests probe deferral
[    2.492829] tegra-ehci 7d008000.usb: EHCI Host Controller
[    2.498350] tegra-ehci 7d008000.usb: new USB bus registered, assigned bus number 1
[    2.507383] tegra-ehci 7d008000.usb: irq 129, io mem 0x7d008000
[    2.529834] tegra-ehci 7d008000.usb: USB 2.0 started, EHCI 1.10
[    2.537242] hub 1-0:1.0: USB hub found
[    2.541295] hub 1-0:1.0: 1 port detected
[    2.547080] input: gpio-keys.2 as /devices/soc0/gpio-keys.2/input/input1
[    2.558391] palmas-rtc rtc.7: setting system clock to 2000-03-02 10:55:13 UTC (951994513)
[    2.581151] ALSA device list:
[    2.584166]   #0: NVIDIA Tegra Dalmore
[    2.599786] kjournald starting.  Commit interval 5 seconds
[    2.601847] EXT3-fs (mmcblk0p1): using internal journal
[    2.601864] EXT3-fs (mmcblk0p1): recovery complete
[    2.601869] EXT3-fs (mmcblk0p1): mounted filesystem with writeback data mode
[    2.601949] VFS: Mounted root (ext3 filesystem) on device 179:1.
[    2.603099] devtmpfs: mounted
[    2.603384] Freeing unused kernel memory: 244K (c075e000 - c079b000)
bash: cannot set terminal process group (-1): Inappropriate ioctl for device
bash: no job control in this shell
I have no name!@(none):/# [    2.859894] usb 1-1: new high-speed USB device number 2 using tegra-ehci
