
U-Boot SPL 2016.05-rc2 (Apr 21 2016 - 16:23:00)
Trying to boot from RAM


U-Boot 2016.05-rc2 (Apr 21 2016 - 16:23:00 -0700)

TEGRA124
Model: NVIDIA Jetson TK1
Board: NVIDIA Jetson TK1
DRAM:  2 GiB
MC:   Tegra SD/MMC: 0, Tegra SD/MMC: 1
In:    serial
Out:   serial
Err:   serial
Net:   No ethernet found.
Hit any key to stop autoboot:  2  0 
Tegra124 (Jetson TK1) # 
Tegra124 (Jetson TK1) # pci enum
Tegra124 (Jetson TK1) # setenv bootargs 'ignore_loglevel console=ttyS0,115200n8 rw root=PARTUUID=b1791faa-84e8-4e27-83a1-9fb0a77e8803 rootwait gpt debug noinitrd earlyprintk init=/bin/bash'
Tegra124 (Jetson TK1) # setenv ipaddr 192.168.100.102; setenv serverip 192.168.100.1; setenv tftpserverip 192.168.100.1
Tegra124 (Jetson TK1) # tftpboot 0x82000000 zImage.multi_v7_defconfig

Warning: eth_rtl8169 using MAC address from ROM
Using eth_rtl8169 device
TFTP from server 192.168.100.1; our IP address is 192.168.100.102
Filename 'zImage.multi_v7_defconfig'.
Load address: 0x82000000
Loading: *#################################################################
	 #################################################################
	 #################################################################
	 #################################################################
	 #################################################################
	 #################################################################
	 #################################################################
	 #######################################
	 3.7 MiB/s
done
Bytes transferred = 7239896 (6e78d8 hex)
Tegra124 (Jetson TK1) # tftpboot 0x83000000 tegra124-jetson-tk1.dtb
Using eth_rtl8169 device
TFTP from server 192.168.100.1; our IP address is 192.168.100.102
Filename 'tegra124-jetson-tk1.dtb'.
Load address: 0x83000000
Loading: *#####
	 3.7 MiB/s
done
Bytes transferred = 66737 (104b1 hex)
Tegra124 (Jetson TK1) # bootz 0x82000000 - 0x83000000
Kernel image @ 0x82000000 [ 0x000000 - 0x6e78d8 ]
## Flattened Device Tree blob at 83000000
   Booting using the fdt blob at 0x83000000
   Using Device Tree in place at 83000000, end 830134b0

Starting kernel ...

[    0.000000] Booting Linux on physical CPU 0x0
[    0.000000] Linux version 4.7.0-rc2-95420-gaf8c34c (pwalmsley@sellafield) (gcc version 4.7.3 20130328 (prerelease) (crosstool-NG linaro-1.13.1-4.7-2013.04-20130415 - Linaro GCC 2013.04) ) #1 SMP Sun Jun 5 15:04:22 PDT 2016
[    0.000000] CPU: ARMv7 Processor [413fc0f3] revision 3 (ARMv7), cr=10c5387d
[    0.000000] CPU: div instructions available: patching division code
[    0.000000] CPU: PIPT / VIPT nonaliasing data cache, PIPT instruction cache
[    0.000000] Machine model: NVIDIA Tegra124 Jetson TK1
[    0.000000] debug: ignoring loglevel setting.
[    0.000000] cma: Reserved 64 MiB at 0xfb800000
[    0.000000] Memory policy: Data cache writealloc
[    0.000000] On node 0 totalpages: 524032
[    0.000000] free_area_init_node: node 0, pgdat c141bb40, node_mem_map eeff8000
[    0.000000]   DMA zone: 1536 pages used for memmap
[    0.000000]   DMA zone: 0 pages reserved
[    0.000000]   DMA zone: 196608 pages, LIFO batch:31
[    0.000000]   HighMem zone: 327424 pages, LIFO batch:31
[    0.000000] percpu: Embedded 13 pages/cpu @eef89000 s23808 r8192 d21248 u53248
[    0.000000] pcpu-alloc: s23808 r8192 d21248 u53248 alloc=13*4096
[    0.000000] pcpu-alloc: [0] 0 [0] 1 [0] 2 [0] 3 
[    0.000000] Built 1 zonelists in Zone order, mobility grouping on.  Total pages: 522496
[    0.000000] Kernel command line: ignore_loglevel console=ttyS0,115200n8 rw root=PARTUUID=b1791faa-84e8-4e27-83a1-9fb0a77e8803 rootwait gpt debug noinitrd earlyprintk init=/bin/bash
[    0.000000] PID hash table entries: 4096 (order: 2, 16384 bytes)
[    0.000000] Dentry cache hash table entries: 131072 (order: 7, 524288 bytes)
[    0.000000] Inode-cache hash table entries: 65536 (order: 6, 262144 bytes)
[    0.000000] Memory: 1994996K/2096128K available (9529K kernel code, 1142K rwdata, 4476K rodata, 2048K init, 343K bss, 35596K reserved, 65536K cma-reserved, 1244160K highmem)
[    0.000000] Virtual kernel memory layout:
[    0.000000]     vector  : 0xffff0000 - 0xffff1000   (   4 kB)
[    0.000000]     fixmap  : 0xffc00000 - 0xfff00000   (3072 kB)
[    0.000000]     vmalloc : 0xf0800000 - 0xff800000   ( 240 MB)
[    0.000000]     lowmem  : 0xc0000000 - 0xf0000000   ( 768 MB)
[    0.000000]     pkmap   : 0xbfe00000 - 0xc0000000   (   2 MB)
[    0.000000]     modules : 0xbf000000 - 0xbfe00000   (  14 MB)
[    0.000000]       .text : 0xc0208000 - 0xc10ad594   (14998 kB)
[    0.000000]       .init : 0xc1100000 - 0xc1300000   (2048 kB)
[    0.000000]       .data : 0xc1300000 - 0xc141dba0   (1143 kB)
[    0.000000]        .bss : 0xc141f000 - 0xc1474ca0   ( 344 kB)
[    0.000000] SLUB: HWalign=64, Order=0-3, MinObjects=0, CPUs=4, Nodes=1
[    0.000000] Hierarchical RCU implementation.
[    0.000000] 	Build-time adjustment of leaf fanout to 32.
[    0.000000] 	RCU restricting CPUs from NR_CPUS=16 to nr_cpu_ids=4.
[    0.000000] RCU: Adjusting geometry for rcu_fanout_leaf=32, nr_cpu_ids=4
[    0.000000] NR_IRQS:16 nr_irqs:16 16
[    0.000000] /interrupt-controller@60004000: 160 interrupts forwarded to /interrupt-controller@0,50041000
[    0.000000] Tegra clk 127: register failed with -17
[    0.000008] sched_clock: 32 bits at 1000kHz, resolution 1000ns, wraps every 2147483647500ns
[    0.000031] clocksource: timer_us: mask: 0xffffffff max_cycles: 0xffffffff, max_idle_ns: 1911260446275 ns
[    0.000045] Switching to timer-based delay loop, resolution 1000ns
[    0.005282] Architected cp15 timer(s) running at 12.00MHz (virt).
[    0.005300] clocksource: arch_sys_counter: mask: 0xffffffffffffff max_cycles: 0x2c47f4ee7, max_idle_ns: 440795202497 ns
[    0.005318] sched_clock: 56 bits at 12MHz, resolution 83ns, wraps every 4398046511096ns
[    0.005331] Switching to timer-based delay loop, resolution 83ns
[    0.005837] Console: colour dummy device 80x30
[    0.005863] Calibrating delay loop (skipped), value calculated using timer frequency.. 24.00 BogoMIPS (lpj=60000)
[    0.005877] pid_max: default: 32768 minimum: 301
[    0.005971] Mount-cache hash table entries: 2048 (order: 1, 8192 bytes)
[    0.005983] Mountpoint-cache hash table entries: 2048 (order: 1, 8192 bytes)
[    0.006581] CPU: Testing write buffer coherency: ok
[    0.006801] /cpus/cpu@0 missing clock-frequency property
[    0.006844] /cpus/cpu@1 missing clock-frequency property
[    0.006886] /cpus/cpu@2 missing clock-frequency property
[    0.006929] /cpus/cpu@3 missing clock-frequency property
[    0.006941] CPU0: thread -1, cpu 0, socket 0, mpidr 80000000
[    0.006962] Setting up static identity map for 0x80300000 - 0x80300098
[    0.010507] Tegra Revision: A01 SKU: 129 CPU Process: 1 SoC Process: 1
[    0.011954] CPU1: thread -1, cpu 1, socket 0, mpidr 80000001
[    0.015654] CPU2: thread -1, cpu 2, socket 0, mpidr 80000002
[    0.020651] CPU3: thread -1, cpu 3, socket 0, mpidr 80000003
[    0.025104] Brought up 4 CPUs
[    0.025124] SMP: Total of 4 processors activated (96.00 BogoMIPS).
[    0.025132] CPU: All CPU(s) started in SVC mode.
[    0.026589] devtmpfs: initialized
[    0.045048] VFP support v0.3: implementor 41 architecture 4 part 30 variant f rev 0
[    0.045757] clocksource: jiffies: mask: 0xffffffff max_cycles: 0xffffffff, max_idle_ns: 9556302231375000 ns
[    0.047122] pinctrl core: initialized pinctrl subsystem
[    0.048780] NET: Registered protocol family 16
[    0.050733] DMA: preallocated 256 KiB pool for atomic coherent allocations
[    0.065343] cpuidle: using governor menu
[    0.084594] No ATAGs?
[    0.084623] hw-breakpoint: found 5 (+1 reserved) breakpoint and 4 watchpoint registers.
[    0.084633] hw-breakpoint: maximum watchpoint size is 8 bytes.
[    0.090873] Serial: AMBA PL011 UART driver
[    0.120531] +5V_SYS: supplied by +VDD_MUX
[    0.120854] +3.3V_SYS: supplied by +VDD_MUX
[    0.121495] +USB0_VBUS_SW: Failed to request enable GPIO108: -517
[    0.121511] reg-fixed-voltage regulators:regulator@7: Failed to register regulator: -517
[    0.121602] +5V_USB_HS: Failed to request enable GPIO109: -517
[    0.121615] reg-fixed-voltage regulators:regulator@8: Failed to register regulator: -517
[    0.121782] +1.05V_RUN_AVDD_HDMI_PLL: Failed to request enable GPIO63: -517
[    0.121794] reg-fixed-voltage regulators:regulator@11: Failed to register regulator: -517
[    0.121881] +5V_HDMI_CON: Failed to request enable GPIO86: -517
[    0.121893] reg-fixed-voltage regulators:regulator@12: Failed to register regulator: -517
[    0.121980] +5V_SATA: Failed to request enable GPIO242: -517
[    0.121992] reg-fixed-voltage regulators:regulator@13: Failed to register regulator: -517
[    0.122078] +12V_SATA: Failed to request enable GPIO242: -517
[    0.122089] reg-fixed-voltage regulators:regulator@14: Failed to register regulator: -517
[    0.125431] vgaarb: loaded
[    0.126270] SCSI subsystem initialized
[    0.126432] libata version 3.00 loaded.
[    0.126704] usbcore: registered new interface driver usbfs
[    0.126774] usbcore: registered new interface driver hub
[    0.126848] usbcore: registered new device driver usb
[    0.130606] pps_core: LinuxPPS API ver. 1 registered
[    0.130639] pps_core: Software ver. 5.3.6 - Copyright 2005-2007 Rodolfo Giometti <giometti@linux.it>
[    0.130664] PTP clock support registered
[    0.130871] EDAC MC: Ver: 3.0.0
[    0.134018] clocksource: Switched to clocksource arch_sys_counter
[    0.145159] NET: Registered protocol family 2
[    0.145680] TCP established hash table entries: 8192 (order: 3, 32768 bytes)
[    0.145779] TCP bind hash table entries: 8192 (order: 4, 65536 bytes)
[    0.145966] TCP: Hash tables configured (established 8192 bind 8192)
[    0.146017] UDP hash table entries: 512 (order: 2, 16384 bytes)
[    0.146058] UDP-Lite hash table entries: 512 (order: 2, 16384 bytes)
[    0.146214] NET: Registered protocol family 1
[    0.146445] RPC: Registered named UNIX socket transport module.
[    0.146454] RPC: Registered udp transport module.
[    0.146461] RPC: Registered tcp transport module.
[    0.146468] RPC: Registered tcp NFSv4.1 backchannel transport module.
[    0.146479] PCI: CLS 0 bytes, default 64
[    0.147670] hw perfevents: enabled with armv7_cortex_a15 PMU driver, 7 counters available
[    0.149198] futex hash table entries: 1024 (order: 4, 65536 bytes)
[    0.149902] workingset: timestamp_bits=28 max_order=19 bucket_order=0
[    0.161170] squashfs: version 4.0 (2009/01/31) Phillip Lougher
[    0.162007] NFS: Registering the id_resolver key type
[    0.162035] Key type id_resolver registered
[    0.162043] Key type id_legacy registered
[    0.162086] ntfs: driver 2.1.32 [Flags: R/O].
[    0.163375] bounce: pool size: 64 pages
[    0.163579] Block layer SCSI generic (bsg) driver version 0.4 loaded (major 248)
[    0.163589] io scheduler noop registered
[    0.163597] io scheduler deadline registered
[    0.163632] io scheduler cfq registered (default)
[    0.169451] usb2-0 supply vbus not found, using dummy regulator
[    0.169574] usb2-1 supply vbus not found, using dummy regulator
[    0.169970] tegra-xusb-padctl 7009f000.padctl: failed to setup XUSB ports: -517
[    0.186646] tegra-pcie 1003000.pcie-controller: 2x1, 1x1 configuration
[    0.186700] tegra-pcie 1003000.pcie-controller: Failed to get supply 'avddio-pex': -517
[    0.194071] tegra-apbdma 60020000.dma: Tegra20 APB DMA driver register 32 channels
[    0.196118] tegra-pmc 7000e400.pmc: emergency thermal reset enabled
[    0.259717] Serial: 8250/16550 driver, 4 ports, IRQ sharing disabled
[    0.262680] console [ttyS0] disabled
[    0.262716] 70006300.serial: ttyS0 at MMIO 0x70006300 (irq = 333, base_baud = 25500000) is a Tegra
[    1.113397] console [ttyS0] enabled
[    1.117820] SuperH (H)SCI(F) driver initialized
[    1.123433] msm_serial: driver initialized
[    1.127749] STMicroelectronics ASC driver initialized
[    1.133754] serial-tegra serial@70006000: failed to get alias id, errno -19
[    1.140781] serial-tegra serial@70006040: failed to get alias id, errno -19
[    1.150875] [drm] Initialized drm 1.1.0 20060810
[    1.159050] tegra-hdmi 54280000.hdmi: failed to get HDMI regulator
[    1.178646] brd: module loaded
[    1.187724] loop: module loaded
[    1.191360] at24 0-0056: 256 byte 24c02 EEPROM, writable, 8 bytes/write
[    1.199703] as3722 4-0040: AS3722 with revision 0x1 found
[    1.210785] as3722-sd2: supplied by +5V_SYS
[    1.215448] as3722-sd3: supplied by +5V_SYS
[    1.219859] +1.35V_LP0(sd3): Bringing 0uV into 1350000-1350000uV
[    1.226248] as3722-sd4: supplied by +5V_SYS
[    1.230908] as3722-sd5: supplied by +5V_SYS
[    1.236978] as3722-ldo0: supplied by +1.35V_LP0(sd2)
[    1.243067] +1.8V_RUN_CAM: Bringing 0uV into 1800000-1800000uV
[    1.249349] as3722-ldo2: supplied by +1.8V_VDDIO
[    1.255283] as3722-ldo3: supplied by +3.3V_SYS
[    1.259782] +1.05V_LP0_VDD_RTC: Bringing 1100000uV into 1000000-1000000uV
[    1.267601] as3722-ldo4: supplied by +3.3V_SYS
[    1.272280] +2.8V_RUN_CAM: Bringing 0uV into 2800000-2800000uV
[    1.278540] as3722-ldo5: supplied by +1.8V_VDDIO
[    1.283384] +1.2V_RUN_CAM_FRONT: Bringing 0uV into 1200000-1200000uV
[    1.290340] +VDDIO_SDMMC3: bypassed regulator has no supply!
[    1.296013] +VDDIO_SDMMC3: failed to get the current voltage(-517)
[    1.302205] as3722-regulator as3722-regulator: regulator 13 register failed -517
[    1.314486] tegra-ahci 70027000.sata: couldn't get PHY in node sata: -517
[    1.336363] m25p80 spi32765.0: w25q32dw (4096 Kbytes)
[    1.344902] libphy: Fixed MDIO Bus: probed
[    1.349695] CAN device driver interface
[    1.355681] igb: Intel(R) Gigabit Ethernet Network Driver - version 5.3.0-k
[    1.362648] igb: Copyright (c) 2007-2014 Intel Corporation.
[    1.371734] pegasus: v0.9.3 (2013/04/25), Pegasus/Pegasus II USB Ethernet driver
[    1.379189] usbcore: registered new interface driver pegasus
[    1.384919] usbcore: registered new interface driver asix
[    1.390371] usbcore: registered new interface driver ax88179_178a
[    1.396513] usbcore: registered new interface driver cdc_ether
[    1.402412] usbcore: registered new interface driver smsc75xx
[    1.408227] usbcore: registered new interface driver smsc95xx
[    1.414036] usbcore: registered new interface driver net1080
[    1.419744] usbcore: registered new interface driver cdc_subset
[    1.425726] usbcore: registered new interface driver zaurus
[    1.431377] usbcore: registered new interface driver cdc_ncm
[    1.437295] tegra-phy 7d004000.usb-phy: no vbus regulator
[    1.444965] ehci_hcd: USB 2.0 'Enhanced' Host Controller (EHCI) Driver
[    1.451501] ehci-pci: EHCI PCI platform driver
[    1.455995] ehci-platform: EHCI generic platform driver
[    1.461456] ehci-omap: OMAP-EHCI Host Controller driver
[    1.466842] ehci-orion: EHCI orion driver
[    1.471012] SPEAr-ehci: EHCI SPEAr driver
[    1.475188] ehci-st: EHCI STMicroelectronics driver
[    1.480233] ehci-exynos: EHCI EXYNOS driver
[    1.484600] ehci-atmel: EHCI Atmel driver
[    1.488756] tegra-ehci: Tegra EHCI driver
[    1.493023] ------------[ cut here ]------------
[    1.497664] WARNING: CPU: 0 PID: 1 at drivers/reset/core.c:187 __of_reset_control_get+0x1bc/0x228
[    1.506533] Modules linked in:
[    1.509612] CPU: 0 PID: 1 Comm: swapper/0 Not tainted 4.7.0-rc2-95420-gaf8c34c #1
[    1.517081] Hardware name: NVIDIA Tegra SoC (Flattened Device Tree)
[    1.523364] [<c030f9d0>] (unwind_backtrace) from [<c030b0c0>] (show_stack+0x10/0x14)
[    1.531105] [<c030b0c0>] (show_stack) from [<c0585a68>] (dump_stack+0x84/0xa4)
[    1.538323] [<c0585a68>] (dump_stack) from [<c0341b5c>] (__warn+0xd4/0x100)
[    1.545280] [<c0341b5c>] (__warn) from [<c0341ba8>] (warn_slowpath_null+0x20/0x28)
[    1.552844] [<c0341ba8>] (warn_slowpath_null) from [<c069ffac>] (__of_reset_control_get+0x1bc/0x228)
[    1.561970] [<c069ffac>] (__of_reset_control_get) from [<c091216c>] (tegra_ehci_probe+0x2d0/0x51c)
[    1.570923] [<c091216c>] (tegra_ehci_probe) from [<c07792b8>] (platform_drv_probe+0x50/0xb0)
[    1.579355] [<c07792b8>] (platform_drv_probe) from [<c0777c1c>] (driver_probe_device+0x1f4/0x2b0)
[    1.588220] [<c0777c1c>] (driver_probe_device) from [<c0777d84>] (__driver_attach+0xac/0xb0)
[    1.596651] [<c0777d84>] (__driver_attach) from [<c0776230>] (bus_for_each_dev+0x54/0x88)
[    1.604821] [<c0776230>] (bus_for_each_dev) from [<c0777210>] (bus_add_driver+0xe8/0x1f4)
[    1.612993] [<c0777210>] (bus_add_driver) from [<c07785a0>] (driver_register+0x78/0xf4)
[    1.620990] [<c07785a0>] (driver_register) from [<c0301e7c>] (do_one_initcall+0x3c/0x16c)
[    1.629164] [<c0301e7c>] (do_one_initcall) from [<c1100d80>] (kernel_init_freeable+0x120/0x1ec)
[    1.637859] [<c1100d80>] (kernel_init_freeable) from [<c0b5b998>] (kernel_init+0x8/0x118)
[    1.646032] [<c0b5b998>] (kernel_init) from [<c0307fb8>] (ret_from_fork+0x14/0x3c)
[    1.653625] ---[ end trace 0e1d875211e19006 ]---
[    1.658257] tegra-ehci 7d004000.usb: can't get utmi-pads reset from the PHY
[    1.665227] tegra-ehci 7d004000.usb: continuing, but please update your DT
[    1.672209] tegra-ehci 7d004000.usb: EHCI Host Controller
[    1.677650] tegra-ehci 7d004000.usb: new USB bus registered, assigned bus number 1
[    1.685544] tegra-ehci 7d004000.usb: irq 352, io mem 0x7d004000
[    1.699038] tegra-ehci 7d004000.usb: USB 2.0 started, EHCI 1.10
[    1.705794] hub 1-0:1.0: USB hub found
[    1.709605] hub 1-0:1.0: 1 port detected
[    1.714191] ohci_hcd: USB 1.1 'Open' Host Controller (OHCI) Driver
[    1.720403] ohci-pci: OHCI PCI platform driver
[    1.724910] ohci-platform: OHCI generic platform driver
[    1.730340] ohci-omap3: OHCI OMAP3 driver
[    1.734516] SPEAr-ohci: OHCI SPEAr driver
[    1.738675] ohci-st: OHCI STMicroelectronics driver
[    1.743719] ohci-atmel: OHCI Atmel driver
[    1.748577] usbcore: registered new interface driver usb-storage
[    1.756360] mousedev: PS/2 mouse device common for all mice
[    1.765488] as3722-rtc as3722-rtc: rtc core: registered as3722-rtc as rtc0
[    1.772382] as3722-rtc as3722-rtc: RTC interrupt 375
[    1.780786] tegra_rtc 7000e000.rtc: rtc core: registered 7000e000.rtc as rtc1
[    1.787980] tegra_rtc 7000e000.rtc: Tegra internal Real Time Clock
[    1.794771] i2c /dev entries driver
[    1.805390] 0-004c supply vcc not found, using dummy regulator
[    1.821035] sdhci: Secure Digital Host Controller Interface driver
[    1.827227] sdhci: Copyright(c) Pierre Ossman
[    1.833295] Synopsys Designware Multimedia Card Interface Driver
[    1.840523] sdhci-pltfm: SDHCI platform and OF driver helper
[    1.847018] sdhci-tegra 700b0400.sdhci: Got CD GPIO
[    1.851930] sdhci-tegra 700b0400.sdhci: Got WP GPIO
[    1.856872] mmc0: Unknown controller version (3). You may experience problems.
[    1.864350] mmc0: Unknown controller version (3). You may experience problems.
[    1.871640] mmc0: Invalid maximum block size, assuming 512 bytes
[    1.909039] mmc0: SDHCI controller on 700b0600.sdhci [700b0600.sdhci] using ADMA 64-bit
[    1.918785] ledtrig-cpu: registered to indicate activity on CPUs
[    1.925138] usbcore: registered new interface driver usbhid
[    1.930721] usbhid: USB HID core driver
[    1.939162] tegra124-dfll 70110000.clock: couldn't get vdd_cpu regulator
[    1.950783] NET: Registered protocol family 10
[    1.955933] sit: IPv6 over IPv4 tunneling driver
[    1.961265] NET: Registered protocol family 17
[    1.965751] can: controller area network core (rev 20120528 abi 9)
[    1.972025] NET: Registered protocol family 29
[    1.976490] can: raw protocol (rev 20120528)
[    1.980779] can: broadcast manager protocol (rev 20120528 t)
[    1.986460] can: netlink gateway (rev 20130117) max_hops=1
[    1.992347] Key type dns_resolver registered
[    1.997270] ThumbEE CPU extension supported.
[    2.001571] Registering SWP/SWPB emulation handler
[    2.013328] +3.3V_RUN: supplied by +3.3V_SYS
[    2.018691] +3.3V_AVDD_HDMI_AP_GATED: supplied by +3.3V_RUN
[    2.024971] +USB0_VBUS_SW: supplied by +5V_SYS
[    2.030129] +5V_USB_HS: supplied by +5V_SYS
[    2.036239] +3.3V_LP0: supplied by +3.3V_SYS
[    2.042810] +5V_HDMI_CON: supplied by +5V_SYS
[    2.047954] +5V_SATA: supplied by +5V_SYS
[    2.052707] +12V_SATA: supplied by +VDD_MUX
[    2.058766] usb2-0 supply vbus not found, using dummy regulator
[    2.064868] usb2-1 supply vbus not found, using dummy regulator
[    2.071173] usb3-0 supply vbus not found, using dummy regulator
[    2.078584] tegra-pcie 1003000.pcie-controller: 2x1, 1x1 configuration
[    2.085235] tegra-pcie 1003000.pcie-controller: Failed to get supply 'avddio-pex': -517
[    2.095214] tegra-hdmi 54280000.hdmi: failed to get PLL regulator
[    2.111346] as3722-sd2: supplied by +5V_SYS
[    2.116008] as3722-sd3: supplied by +5V_SYS
[    2.120599] as3722-sd4: supplied by +5V_SYS
[    2.125186] +1.05V_RUN_AVDD_HDMI_PLL: supplied by +1.05V_RUN
[    2.131020] as3722-sd5: supplied by +5V_SYS
[    2.137099] as3722-ldo0: supplied by +1.35V_LP0(sd2)
[    2.143142] as3722-ldo1: supplied by +3.3V_RUN
[    2.145525] mmc0: new high speed MMC card at address 0001
[    2.146649] mmcblk0: mmc0:0001 SEM16G 14.7 GiB 
[    2.147441] mmcblk0boot0: mmc0:0001 SEM16G partition 1 4.00 MiB
[    2.148178] mmcblk0boot1: mmc0:0001 SEM16G partition 2 4.00 MiB
[    2.148927] mmcblk0rpmb: mmc0:0001 SEM16G partition 3 4.00 MiB
[    2.151504]  mmcblk0: p1
[    2.178251] as3722-ldo2: supplied by +1.8V_VDDIO
[    2.183959] as3722-ldo3: supplied by +3.3V_SYS
[    2.189437] as3722-ldo4: supplied by +3.3V_SYS
[    2.194251] as3722-ldo5: supplied by +1.8V_VDDIO
[    2.199272] as3722-ldo6: supplied by +3.3V_RUN
[    2.203985] as3722-ldo7: supplied by +1.8V_VDDIO
[    2.209399] +1.05V_RUN_CAM_REAR: Bringing 0uV into 1050000-1050000uV
[    2.216504] as3722-ldo9: supplied by +5V_SYS
[    2.222079] +3.3V_RUN_TOUCH: Bringing 0uV into 2800000-2800000uV
[    2.228677] as3722-ldo10: supplied by +5V_SYS
[    2.233572] +2.8V_RUN_CAM_AF: Bringing 0uV into 2800000-2800000uV
[    2.240247] as3722-ldo11: supplied by +3.3V_RUN
[    2.245315] +1.8V_RUN_VPP_FUSE: Bringing 0uV into 1800000-1800000uV
[    2.255286] tegra-ahci 70027000.sata: AHCI 0001.0301 32 slots 2 ports 3 Gbps 0x1 impl platform mode
[    2.264378] tegra-ahci 70027000.sata: flags: 64bit ncq sntf pm led pio slum part sadm sds apst 
[    2.275316] scsi host0: tegra-ahci
[    2.279991] scsi host1: tegra-ahci
[    2.283739] ata1: SATA max UDMA/133 mmio [mem 0x70027000-0x70028fff] port 0x100 irq 343
[    2.291777] ata2: DUMMY
[    2.297432] tegra-ehci 7d008000.usb: EHCI Host Controller
[    2.302890] tegra-ehci 7d008000.usb: new USB bus registered, assigned bus number 2
[    2.310696] tegra-ehci 7d008000.usb: irq 353, io mem 0x7d008000
[    2.324136] tegra-ehci 7d008000.usb: USB 2.0 started, EHCI 1.10
[    2.331251] hub 2-0:1.0: USB hub found
[    2.335101] hub 2-0:1.0: 1 port detected
[    2.341603] sdhci-tegra 700b0400.sdhci: Got CD GPIO
[    2.346554] sdhci-tegra 700b0400.sdhci: Got WP GPIO
[    2.351546] mmc1: Unknown controller version (3). You may experience problems.
[    2.359073] mmc1: Invalid maximum block size, assuming 512 bytes
[    2.399584] mmc1: SDHCI controller on 700b0400.sdhci [700b0400.sdhci] using ADMA 64-bit
[    2.412181] tegra-pcie 1003000.pcie-controller: 2x1, 1x1 configuration
[    2.420937] tegra-pcie 1003000.pcie-controller: probing port 0, using 2 lanes
[    2.430327] tegra-pcie 1003000.pcie-controller: Slot present pin change, signature: 00000008
[    2.453699] tegra-pcie 1003000.pcie-controller: probing port 1, using 1 lanes
[    2.462939] tegra-pcie 1003000.pcie-controller: Slot present pin change, signature: 00000000
[    2.476918] tegra-pcie 1003000.pcie-controller: PCI host bridge to bus 0000:00
[    2.484182] pci_bus 0000:00: root bus resource [io  0x0000-0xffff]
[    2.490378] pci_bus 0000:00: root bus resource [mem 0x13000000-0x1fffffff]
[    2.497294] pci_bus 0000:00: root bus resource [mem 0x20000000-0x3fffffff pref]
[    2.504647] pci_bus 0000:00: root bus resource [bus 00-ff]
[    2.510203] pci 0000:00:01.0: [10de:0e12] type 01 class 0x060400
[    2.516371] pci 0000:00:01.0: PME# supported from D0 D1 D2 D3hot D3cold
[    2.523342] pci 0000:00:02.0: [10de:0e13] type 01 class 0x060400
[    2.529524] pci 0000:00:02.0: PME# supported from D0 D1 D2 D3hot D3cold
[    2.536539] PCI: bus0: Fast back to back transfers disabled
[    2.542152] pci 0000:00:01.0: bridge configuration invalid ([bus 00-00]), reconfiguring
[    2.550212] pci 0000:00:02.0: bridge configuration invalid ([bus 00-00]), reconfiguring
[    2.558507] pci 0000:01:00.0: [8086:4232] type 00 class 0x028000
[    2.564608] pci 0000:01:00.0: reg 0x10: [mem 0x00000000-0x00001fff 64bit]
[    2.571674] pci 0000:01:00.0: PME# supported from D0 D3hot D3cold
[    2.584168] PCI: bus1: Fast back to back transfers disabled
[    2.589796] pci_bus 0000:01: busn_res: [bus 01-ff] end is updated to 01
[    2.596702] pci 0000:02:00.0: [10ec:8168] type 00 class 0x020000
[    2.602768] pci 0000:02:00.0: reg 0x10: [io  0x0000-0x00ff]
[    2.607830] ata1: SATA link down (SStatus 0 SControl 300)
[    2.613854] pci 0000:02:00.0: reg 0x18: [mem 0x00000000-0x00000fff 64bit]
[    2.620710] pci 0000:02:00.0: reg 0x20: [mem 0x00000000-0x00003fff 64bit pref]
[    2.628141] pci 0000:02:00.0: supports D1 D2
[    2.632456] pci 0000:02:00.0: PME# supported from D0 D1 D2 D3hot D3cold
[    2.649165] PCI: bus2: Fast back to back transfers disabled
[    2.654772] pci_bus 0000:02: busn_res: [bus 02-ff] end is updated to 02
[    2.661569] pci 0000:00:01.0: BAR 8: assigned [mem 0x13000000-0x130fffff]
[    2.668403] pci 0000:00:02.0: BAR 8: assigned [mem 0x13100000-0x131fffff]
[    2.675243] pci 0000:00:02.0: BAR 9: assigned [mem 0x20000000-0x200fffff 64bit pref]
[    2.683033] pci 0000:00:02.0: BAR 7: assigned [io  0x1000-0x1fff]
[    2.689182] pci 0000:01:00.0: BAR 0: assigned [mem 0x13000000-0x13001fff 64bit]
[    2.696563] pci 0000:00:01.0: PCI bridge to [bus 01]
[    2.701582] pci 0000:00:01.0:   bridge window [mem 0x13000000-0x130fffff]
[    2.708435] pci 0000:02:00.0: BAR 4: assigned [mem 0x20000000-0x20003fff 64bit pref]
[    2.716245] pci 0000:02:00.0: BAR 2: assigned [mem 0x13100000-0x13100fff 64bit]
[    2.723620] pci 0000:02:00.0: BAR 0: assigned [io  0x1000-0x10ff]
[    2.729768] pci 0000:00:02.0: PCI bridge to [bus 02]
[    2.734782] pci 0000:00:02.0:   bridge window [io  0x1000-0x1fff]
[    2.740927] pci 0000:00:02.0:   bridge window [mem 0x13100000-0x131fffff]
[    2.747765] pci 0000:00:02.0:   bridge window [mem 0x20000000-0x200fffff 64bit pref]
[    2.755594] pci 0000:00:01.0: nv_msi_ht_cap_quirk didn't locate host bridge
[    2.762728] pcieport 0000:00:01.0: enabling device (0140 -> 0142)
[    2.769169] pcieport 0000:00:01.0: Signaling PME through PCIe PME interrupt
[    2.776174] pci 0000:01:00.0: Signaling PME through PCIe PME interrupt
[    2.782755] pcie_pme 0000:00:01.0:pcie001: service driver pcie_pme loaded
[    2.789693] pci 0000:00:02.0: nv_msi_ht_cap_quirk didn't locate host bridge
[    2.796824] pcieport 0000:00:02.0: enabling device (0140 -> 0143)
[    2.803244] pcieport 0000:00:02.0: Signaling PME through PCIe PME interrupt
[    2.810247] pci 0000:02:00.0: Signaling PME through PCIe PME interrupt
[    2.816828] pcie_pme 0000:00:02.0:pcie001: service driver pcie_pme loaded
[    2.823984] r8169 Gigabit Ethernet driver 2.3LK-NAPI loaded
[    2.829628] r8169 0000:02:00.0: enabling device (0140 -> 0143)
[    2.845805] r8169 0000:02:00.0 eth0: RTL8168g/8111g at 0xf0a52000, 00:04:4b:3a:d9:81, XID 0c000800 IRQ 393
[    2.855522] r8169 0000:02:00.0 eth0: jumbo features [frames: 9200 bytes, tx checksumming: ko]
[    2.868131] [drm] Supports vblank timestamp caching Rev 2 (21.10.2013).
[    2.874788] [drm] No driver support for vblank timestamp query.
[    2.882647] mmc1: new high speed SDHC card at address aaaa
[    2.889191] mmcblk1: mmc1:aaaa SD04G 3.69 GiB 
[    2.904739]  mmcblk1: p1 p2 p3
[    3.001405] tegra-hdmi 54280000.hdmi: cannot set audio to 44100 at 297000000 pclk
[    3.171157] Console: switching to colour frame buffer device 512x135
[    3.265509] drm drm: fb0:  frame buffer device
[    3.284155] [drm] Initialized tegra 0.0.0 20120330 on minor 0
[    3.291417] of: dev_pm_opp_of_cpumask_add_table: couldn't find opp table for cpu:0, -19
[    3.299468] cpufreq: cpufreq_online: CPU0: Running at unlisted freq: 696000 KHz
[    3.306795] cpufreq: cpufreq_online: CPU0: Unlisted initial frequency changed to: 714000 KHz
[    3.315392] cpu cpu1: cpufreq_init: failed to get clk: -2
[    3.320872] cpu cpu2: cpufreq_init: failed to get clk: -2
[    3.326347] cpu cpu3: cpufreq_init: failed to get clk: -2
[    3.332427] input: gpio-keys as /devices/soc0/gpio-keys/input/input0
[    3.341293] as3722-rtc as3722-rtc: setting system clock to 2000-01-01 00:02:07 UTC (946684927)
[    3.381489] +USB0_VBUS_SW: disabling
[    3.385231] +1.8V_RUN_CAM: disabling
[    3.389844] +2.8V_RUN_CAM: disabling
[    3.394452] +1.2V_RUN_CAM_FRONT: disabling
[    3.399664] +1.05V_RUN_CAM_REAR: disabling
[    3.404795] +3.3V_RUN_TOUCH: disabling
[    3.408886] +2.8V_RUN_CAM_AF: disabling
[    3.413828] +1.8V_RUN_VPP_FUSE: disabling
[    3.423206] EXT4-fs (mmcblk0p1): mounting ext3 file system using the ext4 subsystem
[    3.455468] EXT4-fs (mmcblk0p1): recovery complete
[    3.460406] EXT4-fs (mmcblk0p1): mounted filesystem with ordered data mode. Opts: (null)
[    3.468702] VFS: Mounted root (ext3 filesystem) on device 179:1.
[    3.483100] devtmpfs: mounted
[    3.491673] Freeing unused kernel memory: 2048K (c1100000 - c1300000)
bash: cannot set terminal process group (-1): Inappropriate ioctl for device
bash: no job control in this shell
root@(none):/# mount -t sysfs none /sys
root@(none):/# 
root@(none):/# mount -t debugfs none /sys/kernel/debug
root@(none):/# 
root@(none):/# rtcwake -d rtc1 -m mem -s 3
rtcwake: assuming RTC uses UTC ...
rtcwake: wakeup from "mem" using /dev/rtc1 at Thu Jan  1 00:00:20 1970
[    6.475166] PM: Syncing filesystems ... done.
[    6.737811] Freezing user space processes ... (elapsed 0.001 seconds) done.
[    6.746569] Freezing remaining freezable tasks ... (elapsed 0.001 seconds) done.
[    6.755725] Suspending console(s) (use no_console_suspend to debug)
[    6.871243] PM: suspend of devices complete after 106.539 msecs
[    6.876329] PM: late suspend of devices complete after 5.060 msecs
[    6.892563] PM: noirq suspend of devices complete after 16.213 msecs
[    6.892570] Disabling non-boot CPUs ...
[    6.894176] CPU1: shutdown
[    6.919379] CPU2: shutdown
[    6.938538] CPU3: shutdown
[    6.956406] Entering suspend state LP1
[    6.956420] Enabling non-boot CPUs ...
[    6.979784] cpu cpu1: cpufreq_init: failed to get clk: -2
[    6.979881] CPU1 is up
[    7.004846] cpu cpu2: cpufreq_init: failed to get clk: -2
[    7.004942] CPU2 is up
[    7.029975] cpu cpu3: cpufreq_init: failed to get clk: -2
[    7.030080] CPU3 is up
[    7.030856] pcieport 0000:00:02.0: nv_msi_ht_cap_quirk didn't locate host bridge
[    7.030858] pcieport 0000:00:01.0: nv_msi_ht_cap_quirk didn't locate host bridge
[    7.044103] PM: noirq resume of devices complete after 14.017 msecs
[    7.045986] PM: early resume of devices complete after 1.565 msecs
[    7.048677] tegra-hdmi 54280000.hdmi: cannot set audio to 44100 at 297000000 pclk
[    7.128509] PM: resume of devices complete after 82.514 msecs
[    7.230908] Restarting tasks ... done.
root@(none):/# 
root@(none):/# [    7.361662] ata1: SATA link down (SStatus 0 SControl 300)
rtcwake -d rtc1 -m mem -s 3
rtcwake: assuming RTC uses UTC ...
rtcwake: wakeup from "mem" using /dev/rtc1 at Thu Jan  1 00:00:25 1970
[    8.510876] PM: Syncing filesystems ... done.
[    8.769868] Freezing user space processes ... (elapsed 0.001 seconds) done.
[    8.778787] Freezing remaining freezable tasks ... (elapsed 0.001 seconds) done.
[    8.788274] Suspending console(s) (use no_console_suspend to debug)
[    8.877321] PM: suspend of devices complete after 78.834 msecs
[    8.884557] PM: late suspend of devices complete after 7.202 msecs
[    8.904391] PM: noirq suspend of devices complete after 19.800 msecs
[    8.904402] Disabling non-boot CPUs ...
[    8.906837] CPU1: shutdown
[    8.926584] CPU2: shutdown
[    8.945782] CPU3: shutdown
[    8.972530] Entering suspend state LP1
[    8.972544] Enabling non-boot CPUs ...
[    8.994769] cpu cpu1: cpufreq_init: failed to get clk: -2
[    8.994864] CPU1 is up
[    9.019824] cpu cpu2: cpufreq_init: failed to get clk: -2
[    9.019917] CPU2 is up
[    9.044957] cpu cpu3: cpufreq_init: failed to get clk: -2
[    9.045067] CPU3 is up
[    9.045825] pcieport 0000:00:02.0: nv_msi_ht_cap_quirk didn't locate host bridge
[    9.045827] pcieport 0000:00:01.0: nv_msi_ht_cap_quirk didn't locate host bridge
[    9.059070] PM: noirq resume of devices complete after 13.997 msecs
[    9.060640] PM: early resume of devices complete after 1.247 msecs
[    9.064137] tegra-hdmi 54280000.hdmi: cannot set audio to 44100 at 297000000 pclk
[    9.143932] PM: resume of devices complete after 83.283 msecs
[    9.246236] Restarting tasks ... done.
root@(none):/# 
root@(none):/# [    9.376578] ata1: SATA link down (SStatus 0 SControl 300)
rtcwake -d rtc1 -m mem -s 3
rtcwake: assuming RTC uses UTC ...
rtcwake: wakeup from "mem" using /dev/rtc1 at Thu Jan  1 00:00:30 1970
[   10.533901] PM: Syncing filesystems ... done.
[   10.793274] Freezing user space processes ... (elapsed 0.001 seconds) done.
[   10.802172] Freezing remaining freezable tasks ... (elapsed 0.001 seconds) done.
[   10.811770] Suspending console(s) (use no_console_suspend to debug)
[   10.943086] PM: suspend of devices complete after 121.036 msecs
[   10.950530] PM: late suspend of devices complete after 7.408 msecs
[   10.969266] PM: noirq suspend of devices complete after 18.707 msecs
[   10.969276] Disabling non-boot CPUs ...
[   10.971696] CPU1: shutdown
[   11.001515] CPU2: shutdown
[   11.019724] IRQ17 no longer affine to CPU3
[   11.020746] CPU3: shutdown
[   11.047480] Entering suspend state LP1
[   11.047494] Enabling non-boot CPUs ...
[   11.069726] cpu cpu1: cpufreq_init: failed to get clk: -2
[   11.069824] CPU1 is up
[   11.094791] cpu cpu2: cpufreq_init: failed to get clk: -2
[   11.094886] CPU2 is up
[   11.119911] cpu cpu3: cpufreq_init: failed to get clk: -2
[   11.120021] CPU3 is up
[   11.120780] pcieport 0000:00:01.0: nv_msi_ht_cap_quirk didn't locate host bridge
[   11.120783] pcieport 0000:00:02.0: nv_msi_ht_cap_quirk didn't locate host bridge
[   11.134038] PM: noirq resume of devices complete after 14.012 msecs
[   11.135769] PM: early resume of devices complete after 1.403 msecs
[   11.138570] tegra-hdmi 54280000.hdmi: cannot set audio to 44100 at 297000000 pclk
[   11.218389] PM: resume of devices complete after 82.610 msecs
[   11.324862] Restarting tasks ... done.
root@(none):/# 
root@(none):/# [   11.451588] ata1: SATA link down (SStatus 0 SControl 300)
rtcwake -d rtc1 -m mem -s 3
rtcwake: assuming RTC uses UTC ...
rtcwake: wakeup from "mem" using /dev/rtc1 at Thu Jan  1 00:00:35 1970
[   12.595211] PM: Syncing filesystems ... done.
[   12.837749] Freezing user space processes ... (elapsed 0.001 seconds) done.
[   12.846441] Freezing remaining freezable tasks ... (elapsed 0.001 seconds) done.
[   12.855635] Suspending console(s) (use no_console_suspend to debug)
[   12.966658] PM: suspend of devices complete after 101.897 msecs
[   12.971594] PM: late suspend of devices complete after 4.910 msecs
[   12.987538] PM: noirq suspend of devices complete after 15.926 msecs
[   12.987545] Disabling non-boot CPUs ...
[   12.988426] IRQ17 no longer affine to CPU1
[   12.989228] CPU1: shutdown
[   13.019083] CPU2: shutdown
[   13.038484] CPU3: shutdown
[   13.056327] Entering suspend state LP1
[   13.056341] Enabling non-boot CPUs ...
[   13.079703] cpu cpu1: cpufreq_init: failed to get clk: -2
[   13.079801] CPU1 is up
[   13.104758] cpu cpu2: cpufreq_init: failed to get clk: -2
[   13.104855] CPU2 is up
[   13.129890] cpu cpu3: cpufreq_init: failed to get clk: -2
[   13.130001] CPU3 is up
[   13.130737] pcieport 0000:00:01.0: nv_msi_ht_cap_quirk didn't locate host bridge
[   13.130739] pcieport 0000:00:02.0: nv_msi_ht_cap_quirk didn't locate host bridge
[   13.144008] PM: noirq resume of devices complete after 14.002 msecs
[   13.146119] PM: early resume of devices complete after 1.776 msecs
[   13.148773] tegra-hdmi 54280000.hdmi: cannot set audio to 44100 at 297000000 pclk
[   13.228694] PM: resume of devices complete after 82.565 msecs
[   13.335156] Restarting tasks ... done.
root@(none):/# 
root@(none):/# [   13.461532] ata1: SATA link down (SStatus 0 SControl 300)
rtcwake -d rtc1 -m mem -s 3
rtcwake: assuming RTC uses UTC ...
rtcwake: wakeup from "mem" using /dev/rtc1 at Thu Jan  1 00:00:40 1970
[   14.626593] PM: Syncing filesystems ... done.
[   14.886779] Freezing user space processes ... (elapsed 0.001 seconds) done.
[   14.895750] Freezing remaining freezable tasks ... (elapsed 0.001 seconds) done.
[   14.905265] Suspending console(s) (use no_console_suspend to debug)
[   15.026571] PM: suspend of devices complete after 111.045 msecs
[   15.033735] PM: late suspend of devices complete after 7.128 msecs
[   15.054069] PM: noirq suspend of devices complete after 20.306 msecs
[   15.054079] Disabling non-boot CPUs ...
[   15.056439] CPU1: shutdown
[   15.076546] CPU2: shutdown
[   15.094694] IRQ17 no longer affine to CPU3
[   15.095720] CPU3: shutdown
[   15.122404] Entering suspend state LP1
[   15.122418] Enabling non-boot CPUs ...
[   15.144666] cpu cpu1: cpufreq_init: failed to get clk: -2
[   15.144764] CPU1 is up
[   15.169726] cpu cpu2: cpufreq_init: failed to get clk: -2
[   15.169819] CPU2 is up
[   15.194851] cpu cpu3: cpufreq_init: failed to get clk: -2
[   15.194960] CPU3 is up
[   15.195651] pcieport 0000:00:02.0: nv_msi_ht_cap_quirk didn't locate host bridge
[   15.195752] pcieport 0000:00:01.0: nv_msi_ht_cap_quirk didn't locate host bridge
[   15.208976] PM: noirq resume of devices complete after 14.011 msecs
[   15.210673] PM: early resume of devices complete after 1.352 msecs
[   15.214199] tegra-hdmi 54280000.hdmi: cannot set audio to 44100 at 297000000 pclk
[   15.294001] PM: resume of devices complete after 83.318 msecs
[   15.400449] Restarting tasks ... done.
root@(none):/# 
root@(none):/# [   15.526516] ata1: SATA link down (SStatus 0 SControl 300)
rtcwake -d rtc1 -m mem -s 3
rtcwake: assuming RTC uses UTC ...
rtcwake: wakeup from "mem" using /dev/rtc1 at Thu Jan  1 00:00:45 1970
[   16.686919] PM: Syncing filesystems ... done.
[   16.947009] Freezing user space processes ... (elapsed 0.001 seconds) done.
[   16.956007] Freezing remaining freezable tasks ... (elapsed 0.001 seconds) done.
[   16.965517] Suspending console(s) (use no_console_suspend to debug)
[   17.092203] PM: suspend of devices complete after 116.343 msecs
[   17.099499] PM: late suspend of devices complete after 7.261 msecs
[   17.119248] PM: noirq suspend of devices complete after 19.718 msecs
[   17.119259] Disabling non-boot CPUs ...
[   17.120541] IRQ17 no longer affine to CPU1
[   17.121678] CPU1: shutdown
[   17.146405] CPU2: shutdown
[   17.165671] CPU3: shutdown
[   17.192379] Entering suspend state LP1
[   17.192393] Enabling non-boot CPUs ...
[   17.214641] cpu cpu1: cpufreq_init: failed to get clk: -2
[   17.214740] CPU1 is up
[   17.239695] cpu cpu2: cpufreq_init: failed to get clk: -2
[   17.239788] CPU2 is up
[   17.264825] cpu cpu3: cpufreq_init: failed to get clk: -2
[   17.264930] CPU3 is up
[   17.265613] pcieport 0000:00:02.0: nv_msi_ht_cap_quirk didn't locate host bridge
[   17.265680] pcieport 0000:00:01.0: nv_msi_ht_cap_quirk didn't locate host bridge
[   17.278943] PM: noirq resume of devices complete after 14.007 msecs
[   17.280590] PM: early resume of devices complete after 1.326 msecs
[   17.283865] tegra-hdmi 54280000.hdmi: cannot set audio to 44100 at 297000000 pclk
[   17.363731] PM: resume of devices complete after 83.130 msecs
[   17.470729] Restarting tasks ... done.
root@(none):/# 
root@(none):/# [   17.601905] ata1: SATA link down (SStatus 0 SControl 300)
rtcwake -d rtc1 -m mem -s 3
rtcwake: assuming RTC uses UTC ...
rtcwake: wakeup from "mem" using /dev/rtc1 at Thu Jan  1 00:00:50 1970
[   18.757354] PM: Syncing filesystems ... done.
[   19.018134] Freezing user space processes ... (elapsed 0.001 seconds) done.
[   19.027043] Freezing remaining freezable tasks ... (elapsed 0.001 seconds) done.
[   19.036603] Suspending console(s) (use no_console_suspend to debug)
[   19.162321] PM: suspend of devices complete after 115.447 msecs
[   19.170038] PM: late suspend of devices complete after 7.678 msecs
[   19.189377] PM: noirq suspend of devices complete after 19.306 msecs
[   19.189387] Disabling non-boot CPUs ...
[   19.191755] CPU1: shutdown
[   19.216377] CPU2: shutdown
[   19.234532] IRQ17 no longer affine to CPU3
[   19.235633] CPU3: shutdown
[   19.262362] Entering suspend state LP1
[   19.262376] Enabling non-boot CPUs ...
[   19.284599] cpu cpu1: cpufreq_init: failed to get clk: -2
[   19.284697] CPU1 is up
[   19.309662] cpu cpu2: cpufreq_init: failed to get clk: -2
[   19.309756] CPU2 is up
[   19.334787] cpu cpu3: cpufreq_init: failed to get clk: -2
[   19.334896] CPU3 is up
[   19.335610] pcieport 0000:00:01.0: nv_msi_ht_cap_quirk didn't locate host bridge
[   19.335625] pcieport 0000:00:02.0: nv_msi_ht_cap_quirk didn't locate host bridge
[   19.348910] PM: noirq resume of devices complete after 14.008 msecs
[   19.350517] PM: early resume of devices complete after 1.270 msecs
[   19.353771] tegra-hdmi 54280000.hdmi: cannot set audio to 44100 at 297000000 pclk
[   19.433676] PM: resume of devices complete after 83.149 msecs
[   19.540216] Restarting tasks ... done.
root@(none):/# 
root@(none):/# [   19.666208] ata1: SATA link down (SStatus 0 SControl 300)
rtcwake -d rtc1 -m mem -s 3
rtcwake: assuming RTC uses UTC ...
rtcwake: wakeup from "mem" using /dev/rtc1 at Thu Jan  1 00:00:55 1970
[   20.826497] PM: Syncing filesystems ... done.
[   21.085654] Freezing user space processes ... (elapsed 0.001 seconds) done.
[   21.094633] Freezing remaining freezable tasks ... (elapsed 0.001 seconds) done.
[   21.104151] Suspending console(s) (use no_console_suspend to debug)
[   21.232143] PM: suspend of devices complete after 117.597 msecs
[   21.239561] PM: late suspend of devices complete after 7.384 msecs
[   21.259138] PM: noirq suspend of devices complete after 19.544 msecs
[   21.259150] Disabling non-boot CPUs ...
[   21.260402] IRQ17 no longer affine to CPU1
[   21.261511] CPU1: shutdown
[   21.281359] CPU2: shutdown
[   21.300488] CPU3: shutdown
[   21.327347] Entering suspend state LP1
[   21.327361] Enabling non-boot CPUs ...
[   21.349570] cpu cpu1: cpufreq_init: failed to get clk: -2
[   21.349665] CPU1 is up
[   21.374624] cpu cpu2: cpufreq_init: failed to get clk: -2
[   21.374719] CPU2 is up
[   21.399757] cpu cpu3: cpufreq_init: failed to get clk: -2
[   21.399867] CPU3 is up
[   21.400555] pcieport 0000:00:01.0: nv_msi_ht_cap_quirk didn't locate host bridge
[   21.400709] pcieport 0000:00:02.0: nv_msi_ht_cap_quirk didn't locate host bridge
[   21.413882] PM: noirq resume of devices complete after 14.009 msecs
[   21.415576] PM: early resume of devices complete after 1.369 msecs
[   21.418962] tegra-hdmi 54280000.hdmi: cannot set audio to 44100 at 297000000 pclk
[   21.498872] PM: resume of devices complete after 83.286 msecs
[   21.605315] Restarting tasks ... done.
root@(none):/# 
root@(none):/# [   21.731440] ata1: SATA link down (SStatus 0 SControl 300)
rtcwake -d rtc1 -m mem -s 3
rtcwake: assuming RTC uses UTC ...
rtcwake: wakeup from "mem" using /dev/rtc1 at Thu Jan  1 00:01:00 1970
[   22.859403] PM: Syncing filesystems ... done.
[   22.901212] Freezing user space processes ... (elapsed 0.001 seconds) done.
[   22.909444] Freezing remaining freezable tasks ... (elapsed 0.001 seconds) done.
[   22.918087] Suspending console(s) (use no_console_suspend to debug)
[   23.035404] PM: suspend of devices complete after 110.366 msecs
[   23.037419] PM: late suspend of devices complete after 2.005 msecs
[   23.049575] PM: noirq suspend of devices complete after 12.150 msecs
[   23.049577] Disabling non-boot CPUs ...
[   23.050025] CPU1: shutdown
[   23.065014] CPU2: shutdown
[   23.079670] IRQ17 no longer affine to CPU3
[   23.079889] CPU3: shutdown
[   23.094301] Entering suspend state LP1
[   23.094315] Enabling non-boot CPUs ...
[   23.119547] cpu cpu1: cpufreq_init: failed to get clk: -2
[   23.119644] CPU1 is up
[   23.144607] cpu cpu2: cpufreq_init: failed to get clk: -2
[   23.144701] CPU2 is up
[   23.169736] cpu cpu3: cpufreq_init: failed to get clk: -2
[   23.169843] CPU3 is up
[   23.170533] pcieport 0000:00:02.0: nv_msi_ht_cap_quirk didn't locate host bridge
[   23.170600] pcieport 0000:00:01.0: nv_msi_ht_cap_quirk didn't locate host bridge
[   23.183859] PM: noirq resume of devices complete after 14.010 msecs
[   23.185439] PM: early resume of devices complete after 1.261 msecs
[   23.188568] tegra-hdmi 54280000.hdmi: cannot set audio to 44100 at 297000000 pclk
[   23.268399] PM: resume of devices complete after 82.950 msecs
[   23.376214] Restarting tasks ... done.
[   23.502966] ata1: SATA link down (SStatus 0 SControl 300)
root@(none):/# 
root@(none):/# rtcwake -d rtc1 -m mem -s 3
rtcwake: assuming RTC uses UTC ...
rtcwake: wakeup from "mem" using /dev/rtc1 at Thu Jan  1 00:01:05 1970
[   24.645783] PM: Syncing filesystems ... done.
[   24.873238] Freezing user space processes ... (elapsed 0.001 seconds) done.
[   24.881877] Freezing remaining freezable tasks ... (elapsed 0.001 seconds) done.
[   24.890950] Suspending console(s) (use no_console_suspend to debug)
[   24.976363] PM: suspend of devices complete after 76.438 msecs
[   24.981170] PM: late suspend of devices complete after 4.781 msecs
[   24.997362] PM: noirq suspend of devices complete after 16.173 msecs
[   24.997369] Disabling non-boot CPUs ...
[   24.999052] CPU1: shutdown
[   25.023277] IRQ17 no longer affine to CPU2
[   25.024036] CPU2: shutdown
[   25.043115] CPU3: shutdown
[   25.061180] Entering suspend state LP1
[   25.061193] Enabling non-boot CPUs ...
[   25.084515] cpu cpu1: cpufreq_init: failed to get clk: -2
[   25.084615] CPU1 is up
[   25.109577] cpu cpu2: cpufreq_init: failed to get clk: -2
[   25.109671] CPU2 is up
[   25.134707] cpu cpu3: cpufreq_init: failed to get clk: -2
[   25.134811] CPU3 is up
[   25.135530] pcieport 0000:00:01.0: nv_msi_ht_cap_quirk didn't locate host bridge
[   25.135533] pcieport 0000:00:02.0: nv_msi_ht_cap_quirk didn't locate host bridge
[   25.148827] PM: noirq resume of devices complete after 14.010 msecs
[   25.150383] PM: early resume of devices complete after 1.219 msecs
[   25.153290] tegra-hdmi 54280000.hdmi: cannot set audio to 44100 at 297000000 pclk
[   25.233201] PM: resume of devices complete after 82.808 msecs
[   25.339586] Restarting tasks ... done.
root@(none):/# 
root@(none):/# [   25.466171] ata1: SATA link down (SStatus 0 SControl 300)
NVTB SYSTEM SUSPEND TEST COMPLETE
