
U-Boot SPL 2015.04-rc3-00209-ga74ef40 (Mar 16 2015 - 14:43:39)


U-Boot 2015.04-rc3-00209-ga74ef40 (Mar 16 2015 - 14:43:39)

TEGRA20
Model: Compulab TrimSlice board
DRAM:  1 GiB
MMC:   Tegra SD/MMC: 0, Tegra SD/MMC: 1
SF: Detected W25Q80BL with page size 256 Bytes, erase size 4 KiB, total 1 MiB
tegra-pcie: PCI regions:
tegra-pcie:   I/O: 0x82000000-0x82010000
tegra-pcie:   non-prefetchable memory: 0xa0000000-0xa8000000
tegra-pcie:   prefetchable memory: 0xa8000000-0xc0000000
tegra-pcie: dual-mode configuration
tegra-pcie: probing port 0, using 2 lanes
In:    serial
Out:   serial
Err:   serial
Net:   RTL8169#0
Hit any key to stop autoboot:  2  0 
Tegra20 (TrimSlice) # 
Tegra20 (TrimSlice) # usb reset
resetting USB...
USB0:   USB EHCI 1.00
scanning bus 0 for devices... 3 USB Device(s) found
USB1:   USB EHCI 1.00
scanning bus 1 for devices... 1 USB Device(s) found
USB2:   lowlevel init failed
       scanning usb for storage devices... 0 Storage Device(s) found
       scanning usb for ethernet devices... 
Warning: asx0 using MAC address from net device
1 Ethernet Device(s) found
Tegra20 (TrimSlice) # setenv bootargs 'ignore_loglevel console=ttyS0,115200n8 rw root=PARTUUID=11eb23c1-01 rootwait gpt debug noinitrd earlyprintk init=/bin/bash'
Tegra20 (TrimSlice) # setenv ipaddr 192.168.100.103; setenv serverip 192.168.100.1; setenv tftpserverip 192.168.100.1
Tegra20 (TrimSlice) # tftpboot 0x00408000 zImage.multi_v7_defconfig
Using RTL8169#0 device
TFTP from server 192.168.100.1; our IP address is 192.168.100.103
Filename 'zImage.multi_v7_defconfig'.
Load address: 0x408000
Loading: *#################################################################
	 #################################################################
	 #################################################################
	 #################################################################
	 #################################################################
	 #################################################################
	 #################################################################
	 ###########################################################
	 4 MiB/s
done
Bytes transferred = 7537352 (7302c8 hex)
Tegra20 (TrimSlice) # tftpboot 0x02408000 tegra20-trimslice.dtb
Using RTL8169#0 device
TFTP from server 192.168.100.1; our IP address is 192.168.100.103
Filename 'tegra20-trimslice.dtb'.
Load address: 0x2408000
Loading: *##
	 3.4 MiB/s
done
Bytes transferred = 21426 (53b2 hex)
Tegra20 (TrimSlice) # bootz 0x00408000 - 0x02408000
Kernel image @ 0x408000 [ 0x000000 - 0x7302c8 ]
## Flattened Device Tree blob at 02408000
   Booting using the fdt blob at 0x2408000
   Using Device Tree in place at 02408000, end 024103b1

Starting kernel ...

[    0.000000] Booting Linux on physical CPU 0x0
[    0.000000] Linux version 4.11.0-rc1-155019-gc1ae3cf (pwalmsley@sellafield) (gcc version 4.7.3 20130328 (prerelease) (crosstool-NG linaro-1.13.1-4.7-2013.04-20130415 - Linaro GCC 2013.04) ) #1 SMP Sun Mar 5 13:36:32 PST 2017
[    0.000000] CPU: ARMv7 Processor [411fc090] revision 0 (ARMv7), cr=10c5387d
[    0.000000] CPU: PIPT / VIPT nonaliasing data cache, VIPT aliasing instruction cache
[    0.000000] OF: fdt: Machine model: Compulab TrimSlice board
[    0.000000] debug: ignoring loglevel setting.
[    0.000000] efi: Getting EFI parameters from FDT:
[    0.000000] efi: UEFI not found.
[    0.000000] cma: Reserved 64 MiB at 0x3c000000
[    0.000000] Memory policy: Data cache writealloc
[    0.000000] On node 0 totalpages: 262144
[    0.000000] free_area_init_node: node 0, pgdat c1538180, node_mem_map ef7f8000
[    0.000000]   DMA zone: 1536 pages used for memmap
[    0.000000]   DMA zone: 0 pages reserved
[    0.000000]   DMA zone: 196608 pages, LIFO batch:31
[    0.000000]   HighMem zone: 65536 pages, LIFO batch:15
[    0.000000] percpu: Embedded 16 pages/cpu @ef7c6000 s34304 r8192 d23040 u65536
[    0.000000] pcpu-alloc: s34304 r8192 d23040 u65536 alloc=16*4096
[    0.000000] pcpu-alloc: [0] 0 [0] 1 
[    0.000000] Built 1 zonelists in Zone order, mobility grouping on.  Total pages: 260608
[    0.000000] Kernel command line: ignore_loglevel console=ttyS0,115200n8 rw root=PARTUUID=11eb23c1-01 rootwait gpt debug noinitrd earlyprintk init=/bin/bash
[    0.000000] PID hash table entries: 4096 (order: 2, 16384 bytes)
[    0.000000] Dentry cache hash table entries: 131072 (order: 7, 524288 bytes)
[    0.000000] Inode-cache hash table entries: 65536 (order: 6, 262144 bytes)
[    0.000000] Memory: 954592K/1048576K available (10240K kernel code, 1254K rwdata, 4212K rodata, 2048K init, 536K bss, 28448K reserved, 65536K cma-reserved, 196608K highmem)
[    0.000000] Virtual kernel memory layout:
[    0.000000]     vector  : 0xffff0000 - 0xffff1000   (   4 kB)
[    0.000000]     fixmap  : 0xffc00000 - 0xfff00000   (3072 kB)
[    0.000000]     vmalloc : 0xf0800000 - 0xff800000   ( 240 MB)
[    0.000000]     lowmem  : 0xc0000000 - 0xf0000000   ( 768 MB)
[    0.000000]     pkmap   : 0xbfe00000 - 0xc0000000   (   2 MB)
[    0.000000]     modules : 0xbf000000 - 0xbfe00000   (  14 MB)
[    0.000000]       .text : 0xc0208000 - 0xc0d00000   (11232 kB)
[    0.000000]       .init : 0xc1200000 - 0xc1400000   (2048 kB)
[    0.000000]       .data : 0xc1400000 - 0xc1539aa0   (1255 kB)
[    0.000000]        .bss : 0xc153b000 - 0xc15c13b8   ( 537 kB)
[    0.000000] SLUB: HWalign=64, Order=0-3, MinObjects=0, CPUs=2, Nodes=1
[    0.000000] Hierarchical RCU implementation.
[    0.000000] 	RCU debugfs-based tracing is enabled.
[    0.000000] 	Build-time adjustment of leaf fanout to 32.
[    0.000000] 	RCU restricting CPUs from NR_CPUS=16 to nr_cpu_ids=2.
[    0.000000] RCU: Adjusting geometry for rcu_fanout_leaf=32, nr_cpu_ids=2
[    0.000000] NR_IRQS:16 nr_irqs:16 16
[    0.000000] /interrupt-controller@60004000: 128 interrupts forwarded to /interrupt-controller@50041000
[    0.000000] L2C: platform modifies aux control register: 0x02080000 -> 0x3e480001
[    0.000000] L2C: DT/platform modifies aux control register: 0x02080000 -> 0x3e480001
[    0.000000] L2C-310 errata 727915 769419 enabled
[    0.000000] L2C-310 enabling early BRESP for Cortex-A9
[    0.000000] L2C-310: enabling full line of zeros but not enabled in Cortex-A9
[    0.000000] L2C-310 ID prefetch enabled, offset 1 lines
[    0.000000] L2C-310 cache controller enabled, 8 ways, 1024 kB
[    0.000000] L2C-310: CACHE_ID 0x410000c4, AUX_CTRL 0x7e480001
[    0.000009] sched_clock: 32 bits at 1000kHz, resolution 1000ns, wraps every 2147483647500ns
[    0.000026] clocksource: timer_us: mask: 0xffffffff max_cycles: 0xffffffff, max_idle_ns: 1911260446275 ns
[    0.000036] Switching to timer-based delay loop, resolution 1000ns
[    0.001646] Console: colour dummy device 80x30
[    0.001670] Calibrating delay loop (skipped), value calculated using timer frequency.. 2.00 BogoMIPS (lpj=10000)
[    0.001682] pid_max: default: 32768 minimum: 301
[    0.001766] Mount-cache hash table entries: 2048 (order: 1, 8192 bytes)
[    0.001775] Mountpoint-cache hash table entries: 2048 (order: 1, 8192 bytes)
[    0.002200] CPU: Testing write buffer coherency: ok
[    0.002405] CPU0: thread -1, cpu 0, socket 0, mpidr 80000000
[    0.002560] Setting up static identity map for 0x300000 - 0x300098
[    0.003991] Tegra Revision: A03 prime SKU: 8 CPU Process: 1 SoC Process: 2
[    0.004366] EFI services will not be available.
[    0.004518] smp: Bringing up secondary CPUs ...
[    0.005050] CPU1: thread -1, cpu 1, socket 0, mpidr 80000001
[    0.005112] smp: Brought up 1 node, 2 CPUs
[    0.005123] SMP: Total of 2 processors activated (4.00 BogoMIPS).
[    0.005129] CPU: All CPU(s) started in SVC mode.
[    0.005765] devtmpfs: initialized
[    0.009450] VFP support v0.3: implementor 41 architecture 3 part 30 variant 9 rev 1
[    0.009658] clocksource: jiffies: mask: 0xffffffff max_cycles: 0xffffffff, max_idle_ns: 19112604462750000 ns
[    0.009672] futex hash table entries: 512 (order: 3, 32768 bytes)
[    0.012658] pinctrl core: initialized pinctrl subsystem
[    0.013910] NET: Registered protocol family 16
[    0.015920] DMA: preallocated 256 KiB pool for atomic coherent allocations
[    0.017398] cpuidle: using governor menu
[    0.034909] No ATAGs?
[    0.034977] hw-breakpoint: found 5 (+1 reserved) breakpoint and 1 watchpoint registers.
[    0.034988] hw-breakpoint: maximum watchpoint size is 4 bytes.
[    0.040314] Serial: AMBA PL011 UART driver
[    0.051882] usb1_vbus: Failed to request enable GPIO170: -517
[    0.051896] reg-fixed-voltage regulators:regulator@2: Failed to register regulator: -517
[    0.055391] vgaarb: loaded
[    0.055950] SCSI subsystem initialized
[    0.056073] libata version 3.00 loaded.
[    0.056256] usbcore: registered new interface driver usbfs
[    0.056297] usbcore: registered new interface driver hub
[    0.056335] usbcore: registered new device driver usb
[    0.058303] pps_core: LinuxPPS API ver. 1 registered
[    0.058310] pps_core: Software ver. 5.3.6 - Copyright 2005-2007 Rodolfo Giometti <giometti@linux.it>
[    0.058327] PTP clock support registered
[    0.058466] EDAC MC: Ver: 3.0.0
[    0.060238] clocksource: Switched to clocksource timer_us
[    0.067199] NET: Registered protocol family 2
[    0.067607] TCP established hash table entries: 8192 (order: 3, 32768 bytes)
[    0.067677] TCP bind hash table entries: 8192 (order: 4, 65536 bytes)
[    0.067791] TCP: Hash tables configured (established 8192 bind 8192)
[    0.067892] UDP hash table entries: 512 (order: 2, 16384 bytes)
[    0.067938] UDP-Lite hash table entries: 512 (order: 2, 16384 bytes)
[    0.068092] NET: Registered protocol family 1
[    0.068349] RPC: Registered named UNIX socket transport module.
[    0.068357] RPC: Registered udp transport module.
[    0.068362] RPC: Registered tcp transport module.
[    0.068368] RPC: Registered tcp NFSv4.1 backchannel transport module.
[    0.068376] PCI: CLS 0 bytes, default 64
[    0.069168] hw perfevents: enabled with armv7_cortex_a9 PMU driver, 7 counters available
[    0.070615] workingset: timestamp_bits=30 max_order=18 bucket_order=0
[    0.077105] squashfs: version 4.0 (2009/01/31) Phillip Lougher
[    0.077696] NFS: Registering the id_resolver key type
[    0.077718] Key type id_resolver registered
[    0.077724] Key type id_legacy registered
[    0.077754] ntfs: driver 2.1.32 [Flags: R/O].
[    0.078900] bounce: pool size: 64 pages
[    0.078937] Block layer SCSI generic (bsg) driver version 0.4 loaded (major 248)
[    0.078945] io scheduler noop registered
[    0.078951] io scheduler deadline registered
[    0.079099] io scheduler cfq registered (default)
[    0.079106] io scheduler mq-deadline registered
[    0.090197] tegra-pcie 80003000.pcie-controller: dual-mode configuration
[    0.090911] tegra-pcie 80003000.pcie-controller: probing port 0, using 2 lanes
[    0.174388] tegra-pcie 80003000.pcie-controller: PCI host bridge to bus 0000:00
[    0.174402] pci_bus 0000:00: root bus resource [io  0x0000-0xffff]
[    0.174412] pci_bus 0000:00: root bus resource [mem 0xa0000000-0xa7ffffff]
[    0.174421] pci_bus 0000:00: root bus resource [mem 0xa8000000-0xbfffffff pref]
[    0.174431] pci_bus 0000:00: root bus resource [bus 00-ff]
[    0.174458] pci 0000:00:01.0: [10de:0bf0] type 01 class 0x060000
[    0.174486] pci_bus 0000:00: 2-byte config write to 0000:00:01.0 offset 0x88 may corrupt adjacent RW1C bits
[    0.174521] pci_bus 0000:00: 2-byte config write to 0000:00:01.0 offset 0x52 may corrupt adjacent RW1C bits
[    0.174546] pci 0000:00:01.0: PME# supported from D0 D1 D2 D3hot D3cold
[    0.174557] pci_bus 0000:00: 2-byte config write to 0000:00:01.0 offset 0x4c may corrupt adjacent RW1C bits
[    0.174735] pci_bus 0000:00: 2-byte config write to 0000:00:01.0 offset 0x3e may corrupt adjacent RW1C bits
[    0.174747] pci_bus 0000:00: 2-byte config write to 0000:00:01.0 offset 0x4 may corrupt adjacent RW1C bits
[    0.174757] pci_bus 0000:00: 1-byte config write to 0000:00:01.0 offset 0xc may corrupt adjacent RW1C bits
[    0.174764] PCI: bus0: Fast back to back transfers disabled
[    0.174774] pci 0000:00:01.0: bridge configuration invalid ([bus 00-00]), reconfiguring
[    0.174784] pci_bus 0000:00: 2-byte config write to 0000:00:01.0 offset 0x3e may corrupt adjacent RW1C bits
[    0.174795] pci_bus 0000:00: 2-byte config write to 0000:00:01.0 offset 0x3e may corrupt adjacent RW1C bits
[    0.174805] pci_bus 0000:00: 2-byte config write to 0000:00:01.0 offset 0x3e may corrupt adjacent RW1C bits
[    0.174815] pci_bus 0000:00: 2-byte config write to 0000:00:01.0 offset 0x6 may corrupt adjacent RW1C bits
[    0.174943] pci 0000:01:00.0: [10ec:8168] type 00 class 0x020000
[    0.174967] pci 0000:01:00.0: reg 0x10: [io  0x0000-0x00ff]
[    0.174992] pci 0000:01:00.0: reg 0x18: [mem 0x00000000-0x00000fff 64bit pref]
[    0.175011] pci 0000:01:00.0: reg 0x20: [mem 0x00000000-0x00003fff 64bit pref]
[    0.175025] pci 0000:01:00.0: reg 0x30: [mem 0x00000000-0x0001ffff pref]
[    0.175108] pci 0000:01:00.0: supports D1 D2
[    0.175116] pci 0000:01:00.0: PME# supported from D0 D1 D2 D3hot D3cold
[    0.200282] PCI: bus1: Fast back to back transfers disabled
[    0.200295] pci_bus 0000:01: busn_res: [bus 01-ff] end is updated to 01
[    0.200307] Disabling cpuidle LP2 state, since PCIe IRQs are in use
[    0.200366] pci 0000:00:01.0: BAR 8: assigned [mem 0xa0000000-0xa00fffff]
[    0.200378] pci 0000:00:01.0: BAR 9: assigned [mem 0xa8000000-0xa80fffff 64bit pref]
[    0.200387] pci 0000:00:01.0: BAR 7: assigned [io  0x1000-0x1fff]
[    0.200400] pci 0000:01:00.0: BAR 6: assigned [mem 0xa0000000-0xa001ffff pref]
[    0.200411] pci 0000:01:00.0: BAR 4: assigned [mem 0xa8000000-0xa8003fff 64bit pref]
[    0.200430] pci 0000:01:00.0: BAR 2: assigned [mem 0xa8004000-0xa8004fff 64bit pref]
[    0.200449] pci 0000:01:00.0: BAR 0: assigned [io  0x1000-0x10ff]
[    0.200461] pci 0000:00:01.0: PCI bridge to [bus 01]
[    0.200470] pci 0000:00:01.0:   bridge window [io  0x1000-0x1fff]
[    0.200479] pci 0000:00:01.0:   bridge window [mem 0xa0000000-0xa00fffff]
[    0.200488] pci 0000:00:01.0:   bridge window [mem 0xa8000000-0xa80fffff 64bit pref]
[    0.200510] pci 0000:00:01.0: nv_msi_ht_cap_quirk didn't locate host bridge
[    0.200559] pcieport 0000:00:01.0: enabling device (0140 -> 0143)
[    0.200736] pcieport 0000:00:01.0: Signaling PME with IRQ 295
[    0.206738] tegra-apbdma 6000a000.dma: Tegra20 APB DMA driver register 16 channels
[    0.254916] Serial: 8250/16550 driver, 4 ports, IRQ sharing disabled
[    0.257097] console [ttyS0] disabled
[    0.257132] 70006000.serial: ttyS0 at MMIO 0x70006000 (irq = 279, base_baud = 13500000) is a Tegra
[    1.311357] console [ttyS0] enabled
[    1.315423] SuperH (H)SCI(F) driver initialized
[    1.320690] msm_serial: driver initialized
[    1.324905] STMicroelectronics ASC driver initialized
[    1.334962] tegra-hdmi 54280000.hdmi: 54280000.hdmi supply hdmi not found, using dummy regulator
[    1.345672] [drm] Supports vblank timestamp caching Rev 2 (21.10.2013).
[    1.352286] [drm] No driver support for vblank timestamp query.
[    1.358218] [drm] Cannot find any crtc or sizes - going 1024x768
[    1.380299] Console: switching to colour frame buffer device 128x48
[    1.394976] drm drm: fb0:  frame buffer device
[    1.399457] [drm] Initialized tegra 0.0.0 20120330 for drm on minor 0
[    1.414805] brd: module loaded
[    1.423490] loop: module loaded
[    1.432393] m25p80 spi32766.0: found s25fl008k, expected w25q80bl
[    1.438479] m25p80 spi32766.0: s25fl008k (1024 Kbytes)
[    1.445850] libphy: Fixed MDIO Bus: probed
[    1.450733] CAN device driver interface
[    1.455228] bgmac_bcma: Broadcom 47xx GBit MAC driver loaded
[    1.461886] e1000e: Intel(R) PRO/1000 Network Driver - 3.2.6-k
[    1.467704] e1000e: Copyright(c) 1999 - 2015 Intel Corporation.
[    1.473673] igb: Intel(R) Gigabit Ethernet Network Driver - version 5.4.0-k
[    1.480629] igb: Copyright (c) 2007-2014 Intel Corporation.
[    1.486714] r8169 Gigabit Ethernet driver 2.3LK-NAPI loaded
[    1.492310] r8169 0000:01:00.0: enabling device (0140 -> 0143)
[    1.498943] r8169 0000:01:00.0 eth0: RTL8168d/8111d at 0xf08fc000, 00:01:c0:13:7d:63, XID 081000c0 IRQ 296
[    1.508606] r8169 0000:01:00.0 eth0: jumbo features [frames: 9200 bytes, tx checksumming: ko]
[    1.519237] pegasus: v0.9.3 (2013/04/25), Pegasus/Pegasus II USB Ethernet driver
[    1.526695] usbcore: registered new interface driver pegasus
[    1.532393] usbcore: registered new interface driver asix
[    1.537805] usbcore: registered new interface driver ax88179_178a
[    1.543940] usbcore: registered new interface driver cdc_ether
[    1.549796] usbcore: registered new interface driver smsc75xx
[    1.555586] usbcore: registered new interface driver smsc95xx
[    1.561359] usbcore: registered new interface driver net1080
[    1.567031] usbcore: registered new interface driver cdc_subset
[    1.572977] usbcore: registered new interface driver zaurus
[    1.578577] usbcore: registered new interface driver cdc_ncm
[    1.584514] tegra-phy c5004000.usb-phy: no vbus regulator
[    1.591005] tegra-phy c5008000.usb-phy: no vbus regulator
[    1.597678] ehci_hcd: USB 2.0 'Enhanced' Host Controller (EHCI) Driver
[    1.604209] ehci-pci: EHCI PCI platform driver
[    1.608676] ehci-platform: EHCI generic platform driver
[    1.614061] ehci-orion: EHCI orion driver
[    1.618159] SPEAr-ehci: EHCI SPEAr driver
[    1.622278] ehci-st: EHCI STMicroelectronics driver
[    1.627244] ehci-exynos: EHCI EXYNOS driver
[    1.631547] ehci-atmel: EHCI Atmel driver
[    1.635645] tegra-ehci: Tegra EHCI driver
[    1.691445] ulpi_phy_power_on: ulpi write failed
[    1.696053] tegra-ehci c5004000.usb: Failed to power on the phy
[    1.701987] tegra-ehci: probe of c5004000.usb failed with error -110
[    1.710958] tegra-ehci c5008000.usb: EHCI Host Controller
[    1.716363] tegra-ehci c5008000.usb: new USB bus registered, assigned bus number 1
[    1.724180] tegra-ehci c5008000.usb: irq 290, io mem 0xc5008000
[    1.750257] tegra-ehci c5008000.usb: USB 2.0 started, EHCI 1.00
[    1.756781] hub 1-0:1.0: USB hub found
[    1.760573] hub 1-0:1.0: 1 port detected
[    1.764800] ohci_hcd: USB 1.1 'Open' Host Controller (OHCI) Driver
[    1.770991] ohci-pci: OHCI PCI platform driver
[    1.775470] ohci-platform: OHCI generic platform driver
[    1.780851] ohci-omap3: OHCI OMAP3 driver
[    1.784954] SPEAr-ohci: OHCI SPEAr driver
[    1.789054] ohci-st: OHCI STMicroelectronics driver
[    1.794043] ohci-atmel: OHCI Atmel driver
[    1.798636] usbcore: registered new interface driver usb-storage
[    1.807135] rtc-em3027 2-0056: rtc core: registered rtc-em3027 as rtc0
[    1.814823] tegra_rtc 7000e000.rtc: rtc core: registered 7000e000.rtc as rtc1
[    1.821993] tegra_rtc 7000e000.rtc: Tegra internal Real Time Clock
[    1.828559] i2c /dev entries driver
[    1.841352] sdhci: Secure Digital Host Controller Interface driver
[    1.847517] sdhci: Copyright(c) Pierre Ossman
[    1.853030] Synopsys Designware Multimedia Card Interface Driver
[    1.859867] sdhci-pltfm: SDHCI platform and OF driver helper
[    1.866296] mmc0: Invalid maximum block size, assuming 512 bytes
[    1.930258] mmc0: SDHCI controller on c8000000.sdhci [c8000000.sdhci] using ADMA
[    1.937731] sdhci-tegra c8000600.sdhci: Got CD GPIO
[    1.942628] sdhci-tegra c8000600.sdhci: Got WP GPIO
[    1.947656] mmc1: Invalid maximum block size, assuming 512 bytes
[    2.010323] mmc1: SDHCI controller on c8000600.sdhci [c8000600.sdhci] using ADMA
[    2.019086] ledtrig-cpu: registered to indicate activity on CPUs
[    2.025381] usbcore: registered new interface driver usbhid
[    2.030955] usbhid: USB HID core driver
[    2.038033] NET: Registered protocol family 10
[    2.043367] Segment Routing with IPv6
[    2.047061] sit: IPv6, IPv4 and MPLS over IPv4 tunneling driver
[    2.053493] NET: Registered protocol family 17
[    2.057930] can: controller area network core (rev 20120528 abi 9)
[    2.064278] NET: Registered protocol family 29
[    2.068711] can: raw protocol (rev 20120528)
[    2.072990] can: broadcast manager protocol (rev 20161123 t)
[    2.078637] can: netlink gateway (rev 20130117) max_hops=1
[    2.084426] Key type dns_resolver registered
[    2.089070] ThumbEE CPU extension supported.
[    2.093355] Registering SWP/SWPB emulation handler
[    2.106151] utmi_phy_clk_enable: timeout waiting for phy to stabilize
[    2.109243] mmc0: host does not support reading read-only switch, assuming write-enable
[    2.111068] mmc0: new high speed SDHC card at address b368
[    2.120783] mmcblk0: mmc0:b368 NCard 3.70 GiB 
[    2.130552] tegra-ehci c5000000.usb: EHCI Host Controller
[    2.132329]  mmcblk0: p1
[    2.138474] tegra-ehci c5000000.usb: new USB bus registered, assigned bus number 2
[    2.146337] tegra-ehci c5000000.usb: irq 288, io mem 0xc5000000
[    2.160289] usb 1-1: new high-speed USB device number 2 using tegra-ehci
[    2.190282] tegra-ehci c5000000.usb: USB 2.0 started, EHCI 1.00
[    2.197078] hub 2-0:1.0: USB hub found
[    2.200897] hub 2-0:1.0: 1 port detected
[    2.206084] input: gpio-keys as /devices/soc0/gpio-keys/input/input0
[    2.213153] rtc-em3027 2-0056: hctosys: unable to read the hardware clock
[    2.221881] EXT4-fs (mmcblk0p1): mounting ext3 file system using the ext4 subsystem
[    2.229243] mmc1: new high speed SD card at address b368
[    2.229742] mmcblk1: mmc1:b368 NCard 1.83 GiB (ro)
[    2.232447]  mmcblk1: p1 p2
[    2.381419] hub 1-1:1.0: USB hub found
[    2.385333] hub 1-1:1.0: 4 ports detected
[    2.710329] usb 1-1.2: new high-speed USB device number 3 using tegra-ehci
[    3.326951] random: fast init done
[    3.338864] asix 1-1.2:1.0 eth1: register 'asix' at usb-c5008000.usb-1.2, ASIX AX88772 USB 2.0 Ethernet, 00:60:6e:60:6c:68
[    3.574100] EXT4-fs (mmcblk0p1): recovery complete
[    3.653055] EXT4-fs (mmcblk0p1): mounted filesystem with ordered data mode. Opts: (null)
[    3.661294] VFS: Mounted root (ext3 filesystem) on device 179:1.
[    3.671428] devtmpfs: mounted
[    3.680075] Freeing unused kernel memory: 2048K
bash: cannot set terminal process group (-1): Inappropriate ioctl for device
bash: no job control in this shell
root@(none):/#  
root@(none):/# 