
U-Boot SPL 2014.01-00219-gc4d376f (Feb 18 2014 - 19:57:32)


U-Boot 2014.01-00219-gc4d376f (Feb 18 2014 - 19:57:32)

TEGRA114
Board: NVIDIA Dalmore
I2C:   ready
DRAM:  2 GiB
MMC:   Tegra SD/MMC: 0, Tegra SD/MMC: 1
In:    serial
Out:   serial
Err:   serial
Net:   Net Initialization Skipped
No ethernet found.
Hit any key to stop autoboot:  2  0 
Tegra114 (Dalmore) # 
Tegra114 (Dalmore) # usb reset
(Re)start USB...
USB0:   USB EHCI 1.10
scanning bus 0 for devices... 2 USB Device(s) found
       scanning usb for storage devices... 0 Storage Device(s) found
       scanning usb for ethernet devices... 
Warning: asx0 using MAC address from net device
1 Ethernet Device(s) found
Tegra114 (Dalmore) # setenv bootargs 'ignore_loglevel console=ttyS0,115200n8 rw root=PARTUUID=7369c667-ff51-ec4a-29cd-baabf2fbe346 rootwait gpt debug earlyprintk init=/bin/bash'
Tegra114 (Dalmore) # setenv ipaddr 192.168.100.100; setenv serverip 192.168.100.1; setenv tftpserverip 192.168.100.1
Tegra114 (Dalmore) # tftpboot 0x81000000 zImage.multi_v7_defconfig
Using asx0 device
TFTP from server 192.168.100.1; our IP address is 192.168.100.100
Filename 'zImage.multi_v7_defconfig'.
Load address: 0x81000000
Loading: *#################################################################
	 #################################################################
	 #################################################################
	 #################################################################
	 #################################################################
	 #################################################################
	 #################################################################
	 #################################################################
	 ###########################
	 3 MiB/s
done
Bytes transferred = 8020296 (7a6148 hex)
Tegra114 (Dalmore) # tftpboot 0x82000000 tegra114-dalmore.dtb
Using asx0 device
TFTP from server 192.168.100.1; our IP address is 192.168.100.100
Filename 'tegra114-dalmore.dtb'.
Load address: 0x82000000
Loading: *###
	 2.8 MiB/s
done
Bytes transferred = 35044 (88e4 hex)
Tegra114 (Dalmore) # bootz 0x81000000 - 0x82000000
Kernel image @ 0x81000000 [ 0x000000 - 0x7a6148 ]
## Flattened Device Tree blob at 82000000
   Booting using the fdt blob at 0x82000000
   Loading Device Tree to 8fff4000, end 8ffff8e3 ... OK

Starting kernel ...

[    0.000000] Booting Linux on physical CPU 0x0
[    0.000000] Linux version 4.13.0-rc4-186018-gaae4e7a (jonathanh@sellafield) (gcc version 4.7.3 20130328 (prerelease) (crosstool-NG linaro-1.13.1-4.7-2013.04-20130415 - Linaro GCC 2013.04)) #1 SMP Sun Aug 6 19:04:37 PDT 2017
[    0.000000] CPU: ARMv7 Processor [412fc0f2] revision 2 (ARMv7), cr=10c5387d
[    0.000000] CPU: div instructions available: patching division code
[    0.000000] CPU: PIPT / VIPT nonaliasing data cache, PIPT instruction cache
[    0.000000] OF: fdt: Machine model: NVIDIA Tegra114 Dalmore evaluation board
[    0.000000] debug: ignoring loglevel setting.
[    0.000000] Memory policy: Data cache writealloc
[    0.000000] efi: Getting EFI parameters from FDT:
[    0.000000] efi: UEFI not found.
[    0.000000] cma: Reserved 64 MiB at 0xfb800000
[    0.000000] On node 0 totalpages: 524032
[    0.000000] free_area_init_node: node 0, pgdat c157f080, node_mem_map eeff8000
[    0.000000]   DMA zone: 1536 pages used for memmap
[    0.000000]   DMA zone: 0 pages reserved
[    0.000000]   DMA zone: 196608 pages, LIFO batch:31
[    0.000000]   HighMem zone: 327424 pages, LIFO batch:31
[    0.000000] percpu: Embedded 17 pages/cpu @eef98000 s39488 r8192 d21952 u69632
[    0.000000] pcpu-alloc: s39488 r8192 d21952 u69632 alloc=17*4096
[    0.000000] pcpu-alloc: [0] 0 [0] 1 [0] 2 [0] 3 
[    0.000000] Built 1 zonelists in Zone order, mobility grouping on.  Total pages: 522496
[    0.000000] Kernel command line: ignore_loglevel console=ttyS0,115200n8 rw root=PARTUUID=7369c667-ff51-ec4a-29cd-baabf2fbe346 rootwait gpt debug earlyprintk init=/bin/bash
[    0.000000] PID hash table entries: 4096 (order: 2, 16384 bytes)
[    0.000000] Dentry cache hash table entries: 131072 (order: 7, 524288 bytes)
[    0.000000] Inode-cache hash table entries: 65536 (order: 6, 262144 bytes)
[    0.000000] Memory: 1993552K/2096128K available (10240K kernel code, 1563K rwdata, 4452K rodata, 2048K init, 402K bss, 37040K reserved, 65536K cma-reserved, 1244160K highmem)
[    0.000000] Virtual kernel memory layout:
[    0.000000]     vector  : 0xffff0000 - 0xffff1000   (   4 kB)
[    0.000000]     fixmap  : 0xffc00000 - 0xfff00000   (3072 kB)
[    0.000000]     vmalloc : 0xf0800000 - 0xff800000   ( 240 MB)
[    0.000000]     lowmem  : 0xc0000000 - 0xf0000000   ( 768 MB)
[    0.000000]     pkmap   : 0xbfe00000 - 0xc0000000   (   2 MB)
[    0.000000]     modules : 0xbf000000 - 0xbfe00000   (  14 MB)
[    0.000000]       .text : 0xc0208000 - 0xc0d00000   (11232 kB)
[    0.000000]       .init : 0xc1200000 - 0xc1400000   (2048 kB)
[    0.000000]       .data : 0xc1400000 - 0xc1586e68   (1564 kB)
[    0.000000]        .bss : 0xc158fcb0 - 0xc15f46fc   ( 403 kB)
[    0.000000] SLUB: HWalign=64, Order=0-3, MinObjects=0, CPUs=4, Nodes=1
[    0.000000] Hierarchical RCU implementation.
[    0.000000] 	RCU event tracing is enabled.
[    0.000000] 	RCU restricting CPUs from NR_CPUS=16 to nr_cpu_ids=4.
[    0.000000] RCU: Adjusting geometry for rcu_fanout_leaf=16, nr_cpu_ids=4
[    0.000000] NR_IRQS: 16, nr_irqs: 16, preallocated irqs: 16
[    0.000000] /interrupt-controller@60004000: 160 interrupts forwarded to /interrupt-controller@50041000
[    0.000000] Tegra clk 127: register failed with -17
[    0.000009] sched_clock: 32 bits at 1000kHz, resolution 1000ns, wraps every 2147483647500ns
[    0.000029] clocksource: timer_us: mask: 0xffffffff max_cycles: 0xffffffff, max_idle_ns: 1911260446275 ns
[    0.000044] Switching to timer-based delay loop, resolution 1000ns
[    0.003114] arch_timer: cp15 timer(s) running at 12.00MHz (virt).
[    0.003134] clocksource: arch_sys_counter: mask: 0xffffffffffffff max_cycles: 0x2c47f4ee7, max_idle_ns: 440795202497 ns
[    0.003153] sched_clock: 56 bits at 12MHz, resolution 83ns, wraps every 4398046511096ns
[    0.003168] Switching to timer-based delay loop, resolution 83ns
[    0.003582] Console: colour dummy device 80x30
[    0.003612] Calibrating delay loop (skipped), value calculated using timer frequency.. 24.00 BogoMIPS (lpj=120000)
[    0.003631] pid_max: default: 32768 minimum: 301
[    0.003721] Mount-cache hash table entries: 2048 (order: 1, 8192 bytes)
[    0.003736] Mountpoint-cache hash table entries: 2048 (order: 1, 8192 bytes)
[    0.004216] CPU: Testing write buffer coherency: ok
[    0.004453] /cpus/cpu@0 missing clock-frequency property
[    0.004483] /cpus/cpu@1 missing clock-frequency property
[    0.004512] /cpus/cpu@2 missing clock-frequency property
[    0.004543] /cpus/cpu@3 missing clock-frequency property
[    0.004558] CPU0: thread -1, cpu 0, socket 0, mpidr 80000000
[    0.004853] Setting up static identity map for 0x80300000 - 0x803000a0
[    0.006095] Hierarchical SRCU implementation.
[    0.007430] Tegra Revision: A01 SKU: 0 CPU Process: 1 SoC Process: 0
[    0.008079] EFI services will not be available.
[    0.008229] smp: Bringing up secondary CPUs ...
[    0.008801] CPU1: thread -1, cpu 1, socket 0, mpidr 80000001
[    0.009455] CPU2: thread -1, cpu 2, socket 0, mpidr 80000002
[    0.010114] CPU3: thread -1, cpu 3, socket 0, mpidr 80000003
[    0.010203] smp: Brought up 1 node, 4 CPUs
[    0.010227] SMP: Total of 4 processors activated (96.00 BogoMIPS).
[    0.010237] CPU: All CPU(s) started in SVC mode.
[    0.011721] devtmpfs: initialized
[    0.020662] VFP support v0.3: implementor 41 architecture 4 part 30 variant f rev 0
[    0.021005] clocksource: jiffies: mask: 0xffffffff max_cycles: 0xffffffff, max_idle_ns: 19112604462750000 ns
[    0.021024] futex hash table entries: 1024 (order: 4, 65536 bytes)
[    0.022497] pinctrl core: initialized pinctrl subsystem
[    0.023967] DMI not present or invalid.
[    0.024152] random: get_random_u32 called from bucket_table_alloc+0xe8/0x254 with crng_init=0
[    0.024246] NET: Registered protocol family 16
[    0.026430] DMA: preallocated 256 KiB pool for atomic coherent allocations
[    0.028628] cpuidle: using governor menu
[    0.051706] No ATAGs?
[    0.051831] hw-breakpoint: found 5 (+1 reserved) breakpoint and 4 watchpoint registers.
[    0.051847] hw-breakpoint: maximum watchpoint size is 8 bytes.
[    0.057249] Serial: AMBA PL011 UART driver
[    0.057984] tegra-mc 70019000.memory-controller: no memory timings for RAM code 3 registered
[    0.073324] AT91: Could not find identification node
[    0.073824] dvdd_ts: Failed to request enable GPIO61: -517
[    0.073845] reg-fixed-voltage regulators:regulator@1: Failed to register regulator: -517
[    0.073958] usb1_vbus: Failed to request enable GPIO108: -517
[    0.073974] reg-fixed-voltage regulators:regulator@3: Failed to register regulator: -517
[    0.074081] usb2_vbus: Failed to request enable GPIO86: -517
[    0.074097] reg-fixed-voltage regulators:regulator@4: Failed to register regulator: -517
[    0.074542] VDD_5V0_HDMI_CON: Failed to request enable GPIO81: -517
[    0.074559] reg-fixed-voltage regulators:regulator@7: Failed to register regulator: -517
[    0.077004] vgaarb: loaded
[    0.077760] SCSI subsystem initialized
[    0.077927] libata version 3.00 loaded.
[    0.078151] usbcore: registered new interface driver usbfs
[    0.078208] usbcore: registered new interface driver hub
[    0.078278] usbcore: registered new device driver usb
[    0.081506] tps65090 2-0048: No cache defaults, reading back from HW
[    0.083434] TPS65090_RAILSDCDC1: supplied by vdd_ac_bat
[    0.084505] TPS65090_RAILSDCDC2: supplied by vdd_ac_bat
[    0.085579] TPS65090_RAILSDCDC3: supplied by vdd_ac_bat
[    0.086109] TPS65090_RAILSFET1: supplied by vdd_ac_bat
[    0.086486] TPS65090_RAILSFET2: supplied by vdd_ac_bat
[    0.086847] TPS65090_RAILSFET3: supplied by vdd-sys-3v3
[    0.087044] random: fast init done
[    0.087383] TPS65090_RAILSFET4: supplied by vdd-sys-3v3
[    0.087921] TPS65090_RAILSFET5: supplied by vdd-sys-3v3
[    0.088440] TPS65090_RAILSFET6: supplied by vdd-sys-3v3
[    0.089284] TPS65090_RAILSFET7: supplied by vdd-sys-3v3
[    0.089827] TPS65090_RAILSLDO1: supplied by vdd_ac_bat
[    0.090032] TPS65090_RAILSLDO2: supplied by vdd_ac_bat
[    0.090947] palmas 2-0058: Irq flag is 0x00000004
[    0.092915] palmas 2-0058: Muxing GPIO ff, PWM 0, LED 0
[    0.095492] SMPS12: supplied by vdd-ao
[    0.096513] vdd_hdmi_5v0: supplied by vdd-sys-5v0
[    0.097335] SMPS3: supplied by vdd-ao
[    0.099092] SMPS457: supplied by vdd-sys-3v3
[    0.100749] SMPS6: supplied by regulator-dummy
[    0.102180] SMPS8: supplied by vdd-sys-3v3
[    0.103812] SMPS9: supplied by vdd-sys-3v3
[    0.104334] sdhci-vdd-sd-slot: Bringing 2840000uV into 2800000-2800000uV
[    0.105742] SMPS10_OUT2: supplied by regulator-dummy
[    0.106600] SMPS10_OUT1: supplied by regulator-dummy
[    0.107464] LDO1: supplied by vdd-sys-3v3
[    0.108597] LDO2: supplied by vdd-sys-3v3
[    0.109751] LDO3: supplied by vddio-1v8
[    0.110874] LDO4: supplied by vdd-sys-3v3
[    0.112012] LDO5: supplied by vdd_ac_bat
[    0.112713] LDO6: supplied by vdd-sys-3v3
[    0.113232] vdd-sensor-2v85: Bringing 2900000uV into 2850000-2850000uV
[    0.114599] LDO7: supplied by vdd-sys-3v3
[    0.116254] LDO8: supplied by vdd-ao
[    0.116786] vdd-rtc: Bringing 675000uV into 900000-900000uV
[    0.124030] LDO9: supplied by sdhci-vdd-sd-slot
[    0.134346] LDOLN: supplied by vdd-sys-5v0
[    0.135497] LDOUSB: supplied by vdd-sys-5v0
[    0.146666] pps_core: LinuxPPS API ver. 1 registered
[    0.146678] pps_core: Software ver. 5.3.6 - Copyright 2005-2007 Rodolfo Giometti <giometti@linux.it>
[    0.146700] PTP clock support registered
[    0.146889] EDAC MC: Ver: 3.0.0
[    0.147213] dmi: Firmware registration failed.
[    0.149095] clocksource: Switched to clocksource arch_sys_counter
[    0.205190] NET: Registered protocol family 2
[    0.205709] TCP established hash table entries: 8192 (order: 3, 32768 bytes)
[    0.205809] TCP bind hash table entries: 8192 (order: 4, 65536 bytes)
[    0.205997] TCP: Hash tables configured (established 8192 bind 8192)
[    0.206082] UDP hash table entries: 512 (order: 2, 16384 bytes)
[    0.206126] UDP-Lite hash table entries: 512 (order: 2, 16384 bytes)
[    0.206280] NET: Registered protocol family 1
[    0.206638] RPC: Registered named UNIX socket transport module.
[    0.206650] RPC: Registered udp transport module.
[    0.206659] RPC: Registered tcp transport module.
[    0.206669] RPC: Registered tcp NFSv4.1 backchannel transport module.
[    0.206683] PCI: CLS 0 bytes, default 64
[    0.209005] workingset: timestamp_bits=30 max_order=19 bucket_order=0
[    0.217691] squashfs: version 4.0 (2009/01/31) Phillip Lougher
[    0.218440] NFS: Registering the id_resolver key type
[    0.218465] Key type id_resolver registered
[    0.218475] Key type id_legacy registered
[    0.218519] ntfs: driver 2.1.32 [Flags: R/O].
[    0.220194] bounce: pool size: 64 pages
[    0.220245] Block layer SCSI generic (bsg) driver version 0.4 loaded (major 248)
[    0.220257] io scheduler noop registered
[    0.220266] io scheduler deadline registered
[    0.220437] io scheduler cfq registered (default)
[    0.220448] io scheduler mq-deadline registered
[    0.220458] io scheduler kyber registered
[    0.251598] tegra-apbdma 6000a000.dma: Tegra20 APB DMA driver register 32 channels
[    0.253945] tegra-pmc 7000e400.pmc: i2c-thermtrip node not found, emergency thermal reset disabled.
[    0.310629] Serial: 8250/16550 driver, 4 ports, IRQ sharing disabled
[    0.313351] console [ttyS0] disabled
[    0.313392] 70006300.serial: ttyS0 at MMIO 0x70006300 (irq = 329, base_baud = 25500000) is a Tegra
[    1.333511] console [ttyS0] enabled
[    1.337749] SuperH (H)SCI(F) driver initialized
[    1.343260] msm_serial: driver initialized
[    1.347521] STMicroelectronics ASC driver initialized
[    1.358189] tegra-hdmi 54280000.hdmi: failed to get HDMI regulator
[    1.381361] brd: module loaded
[    1.391281] loop: module loaded
[    1.411544] m25p80 spi32766.0: w25q32dw (4096 Kbytes)
[    1.419481] libphy: Fixed MDIO Bus: probed
[    1.424611] CAN device driver interface
[    1.429341] bgmac_bcma: Broadcom 47xx GBit MAC driver loaded
[    1.436186] e1000e: Intel(R) PRO/1000 Network Driver - 3.2.6-k
[    1.442026] e1000e: Copyright(c) 1999 - 2015 Intel Corporation.
[    1.447989] igb: Intel(R) Gigabit Ethernet Network Driver - version 5.4.0-k
[    1.454958] igb: Copyright (c) 2007-2014 Intel Corporation.
[    1.463928] pegasus: v0.9.3 (2013/04/25), Pegasus/Pegasus II USB Ethernet driver
[    1.471379] usbcore: registered new interface driver pegasus
[    1.477077] usbcore: registered new interface driver asix
[    1.482515] usbcore: registered new interface driver ax88179_178a
[    1.488631] usbcore: registered new interface driver cdc_ether
[    1.494525] usbcore: registered new interface driver smsc75xx
[    1.500324] usbcore: registered new interface driver smsc95xx
[    1.506093] usbcore: registered new interface driver net1080
[    1.511795] usbcore: registered new interface driver cdc_subset
[    1.517737] usbcore: registered new interface driver zaurus
[    1.523369] usbcore: registered new interface driver cdc_ncm
[    1.530971] ehci_hcd: USB 2.0 'Enhanced' Host Controller (EHCI) Driver
[    1.537490] ehci-pci: EHCI PCI platform driver
[    1.541984] ehci-platform: EHCI generic platform driver
[    1.547385] ehci-orion: EHCI orion driver
[    1.551550] SPEAr-ehci: EHCI SPEAr driver
[    1.555682] ehci-st: EHCI STMicroelectronics driver
[    1.560692] ehci-exynos: EHCI EXYNOS driver
[    1.565010] ehci-atmel: EHCI Atmel driver
[    1.569156] tegra-ehci: Tegra EHCI driver
[    1.573460] ohci_hcd: USB 1.1 'Open' Host Controller (OHCI) Driver
[    1.579657] ohci-pci: OHCI PCI platform driver
[    1.584134] ohci-platform: OHCI generic platform driver
[    1.589537] SPEAr-ohci: OHCI SPEAr driver
[    1.593667] ohci-st: OHCI STMicroelectronics driver
[    1.598663] ohci-atmel: OHCI Atmel driver
[    1.603354] usbcore: registered new interface driver usb-storage
[    1.615337] palmas-rtc 7000d000.i2c:tps65913@58:rtc: rtc core: registered 7000d000.i2c:tps65913@58:rtc as rtc0
[    1.627147] tegra_rtc 7000e000.rtc: rtc core: registered 7000e000.rtc as rtc1
[    1.634362] tegra_rtc 7000e000.rtc: Tegra internal Real Time Clock
[    1.641046] i2c /dev entries driver
[    1.650957] sbs-battery 0-000b: sbs_probe: Failed to get device status
[    1.657491] sbs-battery: probe of 0-000b failed with error -121
[    1.673704] sdhci: Secure Digital Host Controller Interface driver
[    1.679905] sdhci: Copyright(c) Pierre Ossman
[    1.685662] Synopsys Designware Multimedia Card Interface Driver
[    1.692828] sdhci-pltfm: SDHCI platform and OF driver helper
[    1.699215] sdhci-tegra 78000400.sdhci: Got CD GPIO
[    1.704103] sdhci-tegra 78000400.sdhci: Got WP GPIO
[    1.717213] mmc0: Invalid maximum block size, assuming 512 bytes
[    1.789238] mmc0: SDHCI controller on 78000400.sdhci [78000400.sdhci] using ADMA
[    1.805898] mmc1: Invalid maximum block size, assuming 512 bytes
[    1.869139] mmc1: SDHCI controller on 78000600.sdhci [78000600.sdhci] using ADMA
[    1.878308] ledtrig-cpu: registered to indicate activity on CPUs
[    1.884707] usbcore: registered new interface driver usbhid
[    1.890292] usbhid: USB HID core driver
[    1.897953] NET: Registered protocol family 10
[    1.903337] Segment Routing with IPv6
[    1.907062] sit: IPv6, IPv4 and MPLS over IPv4 tunneling driver
[    1.913604] NET: Registered protocol family 17
[    1.918050] can: controller area network core (rev 20170425 abi 9)
[    1.924301] NET: Registered protocol family 29
[    1.928740] can: raw protocol (rev 20170425)
[    1.933027] can: broadcast manager protocol (rev 20170425 t)
[    1.938685] can: netlink gateway (rev 20170425) max_hops=1
[    1.944510] Key type dns_resolver registered
[    1.949427] ThumbEE CPU extension supported.
[    1.953698] Registering SWP/SWPB emulation handler
[    1.972449] usb1_vbus: supplied by vdd-sys-5v0
[    1.975026] mmc0: new high speed SDHC card at address aaaa
[    1.975506] mmcblk0: mmc0:aaaa SL16G 14.8 GiB 
[    1.987903] usb2_vbus: supplied by vdd-sys-5v0
[    1.995946] VDD_5V0_HDMI_CON: supplied by vdd-sys-5v0
[    2.002419]  mmcblk0: p1 p2 p3
[    2.008156] [drm] Supports vblank timestamp caching Rev 2 (21.10.2013).
[    2.014828] [drm] No driver support for vblank timestamp query.
[    2.025972] mmc1: new high speed MMC card at address 0001
[    2.032039] mmcblk1: mmc1:0001 SEM32G 29.1 GiB 
[    2.036869] mmcblk1boot0: mmc1:0001 SEM32G partition 1 4.00 MiB
[    2.043114] mmcblk1boot1: mmc1:0001 SEM32G partition 2 4.00 MiB
[    2.043249] mmcblk1rpmb: mmc1:0001 SEM32G partition 3 4.00 MiB
[    2.047208]  mmcblk1: p1 p2 p3 p4 p5 p6 p7 p8
[    2.116774] Console: switching to colour frame buffer device 240x75
[    2.172570] drm drm: fb0:  frame buffer device
[    2.177106] [drm] Initialized tegra 0.0.0 20120330 for drm on minor 0
[    2.189396] tegra-ehci 7d008000.usb: EHCI Host Controller
[    2.194815] tegra-ehci 7d008000.usb: new USB bus registered, assigned bus number 1
[    2.202670] tegra-ehci 7d008000.usb: irq 339, io mem 0x7d008000
[    2.229214] tegra-ehci 7d008000.usb: USB 2.0 started, EHCI 1.10
[    2.236351] hub 1-0:1.0: USB hub found
[    2.240218] hub 1-0:1.0: 1 port detected
[    2.245924] input: gpio-keys as /devices/soc0/gpio-keys/input/input0
[    2.254952] palmas-rtc 7000d000.i2c:tps65913@58:rtc: setting system clock to 2001-05-31 13:47:58 UTC (991316878)
[    2.271283] dvdd_ts: disabling
[    2.274342] usb1_vbus: disabling
[    2.277568] vdd_cam_1v8_reg: disabling
[    2.282946] EXT4-fs (mmcblk1p1): mounting ext3 file system using the ext4 subsystem
[    2.305784] EXT4-fs (mmcblk1p1): recovery complete
[    2.310654] EXT4-fs (mmcblk1p1): mounted filesystem with ordered data mode. Opts: (null)
[    2.318783] VFS: Mounted root (ext3 filesystem) on device 179:17.
[    2.327784] devtmpfs: mounted
[    2.332789] Freeing unused kernel memory: 2048K
bash: cannot set terminal process group (-1): Inappropriate ioctl for device
bash: no job control in this shell
root@(none):/# [    2.609243] usb 1-1: new high-speed USB device number 2 using tegra-ehci
mount -t sysfs none /sys
[    3.281062] asix 1-1:1.0 eth0: register 'asix' at usb-7d008000.usb-1, ASIX AX88772 USB 2.0 Ethernet, 00:50:b6:0d:b5:16
root@(none):/# 
root@(none):/# mount -t debugfs none /sys/kernel/debug
root@(none):/# 
root@(none):/# rtcwake -d rtc1 -m mem -s 3
rtcwake: assuming RTC uses UTC ...
rtcwake: wakeup from "mem" using /dev/rtc1 at Thu Jan  1 00:00:19 1970
[    5.357109] PM: Syncing filesystems ... done.
[    5.398764] Freezing user space processes ... (elapsed 0.001 seconds) done.
[    5.406921] OOM killer disabled.
[    5.410163] Freezing remaining freezable tasks ... (elapsed 0.001 seconds) done.
[    5.418823] Suspending console(s) (use no_console_suspend to debug)
[    5.486739] Disabling non-boot CPUs ...
[    5.519487] IRQ17 no longer affine to CPU1
[    5.640500] Entering suspend state LP1
[    5.640500] Suspended for 6.877 seconds
[    5.640520] Enabling non-boot CPUs ...
[    5.641190] CPU1 is up
[    5.641805] CPU2 is up
[    5.642444] CPU3 is up
[    6.264102] OOM killer enabled.
[    6.267253] Restarting tasks ... done.
root@(none):/# 
root@(none):/# rtcwake -d rtc1 -m mem -s 3
rtcwake: assuming RTC uses UTC ...
rtcwake: wakeup from "mem" using /dev/rtc1 at Thu Jan  1 00:00:28 1970
[    7.471815] PM: Syncing filesystems ... done.
[    7.504631] Freezing user space processes ... (elapsed 0.001 seconds) done.
[    7.512912] OOM killer disabled.
[    7.516139] Freezing remaining freezable tasks ... (elapsed 0.001 seconds) done.
[    7.524932] Suspending console(s) (use no_console_suspend to debug)
[    7.596603] Disabling non-boot CPUs ...
[    7.729375] IRQ17 no longer affine to CPU3
[    7.730350] Entering suspend state LP1
[    7.730350] Suspended for 6.909 seconds
[    7.730369] Enabling non-boot CPUs ...
[    7.731042] CPU1 is up
[    7.731648] CPU2 is up
[    7.732278] CPU3 is up
[    8.358140] OOM killer enabled.
[    8.361291] Restarting tasks ... done.
root@(none):/# 
root@(none):/# rtcwake -d rtc1 -m mem -s 3
rtcwake: assuming RTC uses UTC ...
rtcwake: wakeup from "mem" using /dev/rtc1 at Thu Jan  1 00:00:37 1970
[    9.562051] PM: Syncing filesystems ... done.
[    9.594136] Freezing user space processes ... (elapsed 0.001 seconds) done.
[    9.602423] OOM killer disabled.
[    9.605650] Freezing remaining freezable tasks ... (elapsed 0.001 seconds) done.
[    9.614467] Suspending console(s) (use no_console_suspend to debug)
[    9.676068] Disabling non-boot CPUs ...
[    9.729405] IRQ17 no longer affine to CPU1
[    9.840318] Entering suspend state LP1
[    9.840318] Suspended for 8.473 seconds
[    9.840338] Enabling non-boot CPUs ...
[    9.841025] CPU1 is up
[    9.841648] CPU2 is up
[    9.842283] CPU3 is up
[   10.464376] OOM killer enabled.
[   10.467526] Restarting tasks ... done.
root@(none):/# 
root@(none):/# rtcwake -d rtc1 -m mem -s 3
rtcwake: assuming RTC uses UTC ...
rtcwake: wakeup from "mem" using /dev/rtc1 at Thu Jan  1 00:00:47 1970
[   11.089636] PM: Syncing filesystems ... done.
[   11.121222] Freezing user space processes ... (elapsed 0.001 seconds) done.
[   11.129501] OOM killer disabled.
[   11.132724] Freezing remaining freezable tasks ... (elapsed 0.001 seconds) done.
[   11.141469] Suspending console(s) (use no_console_suspend to debug)
[   11.206308] Disabling non-boot CPUs ...
[   11.360236] Entering suspend state LP1
[   11.360236] Suspended for 6.897 seconds
[   11.360255] Enabling non-boot CPUs ...
[   11.360932] CPU1 is up
[   11.361549] CPU2 is up
[   11.362172] CPU3 is up
[   11.982350] OOM killer enabled.
[   11.985491] Restarting tasks ... done.
root@(none):/# 
root@(none):/# rtcwake -d rtc1 -m mem -s 3
rtcwake: assuming RTC uses UTC ...
rtcwake: wakeup from "mem" using /dev/rtc1 at Thu Jan  1 00:00:56 1970
[   13.204124] PM: Syncing filesystems ... done.
[   13.240760] Freezing user space processes ... (elapsed 0.001 seconds) done.
[   13.249033] OOM killer disabled.
[   13.252257] Freezing remaining freezable tasks ... (elapsed 0.001 seconds) done.
[   13.261007] Suspending console(s) (use no_console_suspend to debug)
[   13.325988] Disabling non-boot CPUs ...
[   13.479236] IRQ17 no longer affine to CPU3
[   13.480200] Entering suspend state LP1
[   13.480200] Suspended for 8.463 seconds
[   13.480220] Enabling non-boot CPUs ...
[   13.480897] CPU1 is up
[   13.481514] CPU2 is up
[   13.482138] CPU3 is up
[   14.105769] OOM killer enabled.
[   14.108928] Restarting tasks ... done.
root@(none):/# 
root@(none):/# rtcwake -d rtc1 -m mem -s 3
rtcwake: assuming RTC uses UTC ...
rtcwake: wakeup from "mem" using /dev/rtc1 at Thu Jan  1 00:01:06 1970
[   14.730837] PM: Syncing filesystems ... done.
[   14.761498] Freezing user space processes ... (elapsed 0.001 seconds) done.
[   14.769776] OOM killer disabled.
[   14.773001] Freezing remaining freezable tasks ... (elapsed 0.001 seconds) done.
[   14.781747] Suspending console(s) (use no_console_suspend to debug)
[   14.846611] Disabling non-boot CPUs ...
[   14.980170] Entering suspend state LP1
[   14.980170] Suspended for 6.916 seconds
[   14.980190] Enabling non-boot CPUs ...
[   14.980873] CPU1 is up
[   14.981502] CPU2 is up
[   14.982150] CPU3 is up
[   15.602692] OOM killer enabled.
[   15.605833] Restarting tasks ... done.
root@(none):/# 
root@(none):/# rtcwake -d rtc1 -m mem -s 3
rtcwake: assuming RTC uses UTC ...
rtcwake: wakeup from "mem" using /dev/rtc1 at Thu Jan  1 00:01:15 1970
[   16.808372] PM: Syncing filesystems ... done.
[   16.843770] Freezing user space processes ... (elapsed 0.001 seconds) done.
[   16.851956] OOM killer disabled.
[   16.855179] Freezing remaining freezable tasks ... (elapsed 0.001 seconds) done.
[   16.863891] Suspending console(s) (use no_console_suspend to debug)
[   16.925816] Disabling non-boot CPUs ...
[   17.059129] IRQ17 no longer affine to CPU3
[   17.060128] Entering suspend state LP1
[   17.060128] Suspended for 6.920 seconds
[   17.060149] Enabling non-boot CPUs ...
[   17.060827] CPU1 is up
[   17.061444] CPU2 is up
[   17.062082] CPU3 is up
[   17.687883] OOM killer enabled.
[   17.691034] Restarting tasks ... done.
root@(none):/# 
root@(none):/# rtcwake -d rtc1 -m mem -s 3
rtcwake: assuming RTC uses UTC ...
rtcwake: wakeup from "mem" using /dev/rtc1 at Thu Jan  1 00:01:24 1970
[   18.891323] PM: Syncing filesystems ... done.
[   18.924359] Freezing user space processes ... (elapsed 0.001 seconds) done.
[   18.932637] OOM killer disabled.
[   18.935880] Freezing remaining freezable tasks ... (elapsed 0.001 seconds) done.
[   18.944614] Suspending console(s) (use no_console_suspend to debug)
[   19.015819] Disabling non-boot CPUs ...
[   19.179080] IRQ17 no longer affine to CPU3
[   19.180044] Entering suspend state LP1
[   19.180044] Suspended for 8.463 seconds
[   19.180065] Enabling non-boot CPUs ...
[   19.180749] CPU1 is up
[   19.181372] CPU2 is up
[   19.182007] CPU3 is up
[   19.806641] OOM killer enabled.
[   19.809799] Restarting tasks ... done.
root@(none):/# 
root@(none):/# rtcwake -d rtc1 -m mem -s 3
rtcwake: assuming RTC uses UTC ...
rtcwake: wakeup from "mem" using /dev/rtc1 at Thu Jan  1 00:01:34 1970
[   20.430240] PM: Syncing filesystems ... done.
[   20.461438] Freezing user space processes ... (elapsed 0.001 seconds) done.
[   20.469716] OOM killer disabled.
[   20.472940] Freezing remaining freezable tasks ... (elapsed 0.001 seconds) done.
[   20.481692] Suspending console(s) (use no_console_suspend to debug)
[   20.546347] Disabling non-boot CPUs ...
[   20.679041] IRQ17 no longer affine to CPU3
[   20.680015] Entering suspend state LP1
[   20.680015] Suspended for 6.917 seconds
[   20.680034] Enabling non-boot CPUs ...
[   20.680714] CPU1 is up
[   20.681335] CPU2 is up
[   20.681968] CPU3 is up
[   21.305890] OOM killer enabled.
[   21.309052] Restarting tasks ... done.
root@(none):/# 
root@(none):/# rtcwake -d rtc1 -m mem -s 3
rtcwake: assuming RTC uses UTC ...
rtcwake: wakeup from "mem" using /dev/rtc1 at Thu Jan  1 00:01:43 1970
[   22.520760] PM: Syncing filesystems ... done.
[   22.560336] Freezing user space processes ... (elapsed 0.001 seconds) done.
[   22.568578] OOM killer disabled.
[   22.571837] Freezing remaining freezable tasks ... (elapsed 0.001 seconds) done.
[   22.580601] Suspending console(s) (use no_console_suspend to debug)
[   22.646082] Disabling non-boot CPUs ...
[   22.739057] IRQ17 no longer affine to CPU2
[   22.799971] Entering suspend state LP1
[   22.799971] Suspended for 8.463 seconds
[   22.799991] Enabling non-boot CPUs ...
[   22.800678] CPU1 is up
[   22.801309] CPU2 is up
[   22.801951] CPU3 is up
[   23.426635] OOM killer enabled.
[   23.429790] Restarting tasks ... done.
root@(none):/# 
root@(none):/# NVTB SYSTEM SUSPEND TEST COMPLETE
