Diff for ./qemu-vexpress64/__internal/defconfig_log.txt
--- /tmp/fooa	2018-01-07 15:26:24.172850791 -0800
+++ /tmp/foob	2018-01-07 15:26:24.172850791 -0800
@@ -1,5 +1,5 @@
 Booting Linux on physical CPU 0x0000000000 [0x411fd070]
-Linux version 4.15.0-rc6-335362-g30a7acd57389 (jonathanh@tamien) (gcc version 4.9.2 20140904 (prerelease) (crosstool-NG linaro-1.13.1-4.9-2014.09 - Linaro GCC 4.9-2014.09)) #1 SMP PREEMPT Tue Jan 2 07:37:43 PST 2018
+Linux version 4.15.0-rc7-335524-gb2cd1df66037 (jonathanh@tamien) (gcc version 4.9.2 20140904 (prerelease) (crosstool-NG linaro-1.13.1-4.9-2014.09 - Linaro GCC 4.9-2014.09)) #1 SMP PREEMPT Sun Jan 7 15:15:44 PST 2018
 Machine model: linux,dummy-virt
 Memory limited to 1024MB
 efi: Getting EFI parameters from FDT:
@@ -27,7 +27,7 @@
 Built 1 zonelists, mobility grouping on.  Total pages: 258048
 Policy zone: DMA
 Kernel command line: root=/dev/vda2 rw rootwait mem=1024M console=ttyAMA0,38400n8 init=/bin/bash
-Memory: 998996K/1048576K available (9404K kernel code, 1150K rwdata, 4460K rodata, 1088K init, 395K bss, 33196K reserved, 16384K cma-reserved)
+Memory: 999004K/1048576K available (9404K kernel code, 1150K rwdata, 4460K rodata, 1088K init, 395K bss, 33188K reserved, 16384K cma-reserved)
 Virtual kernel memory layout:
     modules : 0xffff000000000000 - 0xffff000008000000   (   128 MB)
     vmalloc : 0xffff000008000000 - 0xffff7dffbfff0000   (129022 GB)
@@ -75,9 +75,9 @@
 DMI not present or invalid.
 NET: Registered protocol family 16
 audit: initializing netlink subsys (disabled)
-audit: type=2000 audit(0.260:1): state=initialized audit_enabled=0 res=1
+audit: type=2000 audit(0.176:1): state=initialized audit_enabled=0 res=1
 cpuidle: using governor menu
-vdso: 2 pages (1 code @ 00000000f6890051, 1 data @ 000000009c5b0765)
+vdso: 2 pages (1 code @ 00000000d445c2b1, 1 data @ 00000000196631e0)
 hw-breakpoint: found 6 breakpoint and 4 watchpoint registers.
 DMA: preallocated 256 KiB pool for atomic allocations
 Serial: AMBA PL011 UART driver
@@ -183,7 +183,7 @@
 registered taskstats version 1
 Loading compiled-in X.509 certificates
 input: gpio-keys as /devices/platform/gpio-keys/input/input0
-rtc-pl031 9010000.pl031: setting system clock to 2018-01-02 15:46:30 UTC (1514907990)
+rtc-pl031 9010000.pl031: setting system clock to 2018-01-07 23:22:13 UTC (1515367333)
 ALSA device list:
   No soundcards found.
 uart-pl011 9000000.pl011: no DMA platform data
Diff for ./tegra114-dalmore-a04/tegra114-dalmore/multi_v7_defconfig_log.txt
--- /tmp/fooa	2018-01-07 15:26:24.196850920 -0800
+++ /tmp/foob	2018-01-07 15:26:24.200850941 -0800
@@ -14,7 +14,7 @@
 Err:   serial
 Net:   Net Initialization Skipped
 No ethernet found.
-Hit any key to stop autoboot:  2  1  0 
+Hit any key to stop autoboot:  2  0 
 Tegra114 (Dalmore) # 
 Tegra114 (Dalmore) # usb reset
 (Re)start USB...
@@ -40,7 +40,7 @@
 	 #################################################################
 	 #################################################################
 	 ##############################
-	 3.1 MiB/s
+	 3 MiB/s
 done
 Bytes transferred = 8065536 (7b1200 hex)
 Tegra114 (Dalmore) # tftpboot 0x82000000 tegra114-dalmore.dtb
@@ -49,7 +49,7 @@
 Filename 'tegra114-dalmore.dtb'.
 Load address: 0x82000000
 Loading: *###
-	 2.5 MiB/s
+	 2.7 MiB/s
 done
 Bytes transferred = 34502 (86c6 hex)
 Tegra114 (Dalmore) # bootz 0x81000000 - 0x82000000
@@ -61,7 +61,7 @@
 Starting kernel ...
 
 Booting Linux on physical CPU 0x0
-Linux version 4.15.0-rc6-335362-g30a7acd57389 (jonathanh@tamien) (gcc version 4.7.3 20130328 (prerelease) (crosstool-NG linaro-1.13.1-4.7-2013.04-20130415 - Linaro GCC 2013.04)) #1 SMP Tue Jan 2 07:31:59 PST 2018
+Linux version 4.15.0-rc7-335524-gb2cd1df66037 (jonathanh@tamien) (gcc version 4.7.3 20130328 (prerelease) (crosstool-NG linaro-1.13.1-4.7-2013.04-20130415 - Linaro GCC 2013.04)) #1 SMP Sun Jan 7 15:09:21 PST 2018
 CPU: ARMv7 Processor [412fc0f2] revision 2 (ARMv7), cr=10c5387d
 CPU: div instructions available: patching division code
 CPU: PIPT / VIPT nonaliasing data cache, PIPT instruction cache
@@ -373,16 +373,16 @@
 mmc0: new high speed SDHC card at address aaaa
 usb1_vbus: supplied by vdd-sys-5v0
 usb2_vbus: supplied by vdd-sys-5v0
-mmcblk0: mmc0:aaaa SL16G 14.8 GiB 
 VDD_5V0_HDMI_CON: supplied by vdd-sys-5v0
- mmcblk0: p1 p2 p3
 [drm] Supports vblank timestamp caching Rev 2 (21.10.2013).
 [drm] No driver support for vblank timestamp query.
+mmcblk0: mmc0:aaaa SL16G 14.8 GiB 
 mmc1: new high speed MMC card at address 0001
 mmcblk1: mmc1:0001 SEM32G 29.1 GiB 
 mmcblk1boot0: mmc1:0001 SEM32G partition 1 4.00 MiB
 mmcblk1boot1: mmc1:0001 SEM32G partition 2 4.00 MiB
 mmcblk1rpmb: mmc1:0001 SEM32G partition 3 4.00 MiB, chardev (237:0)
+ mmcblk0: p1 p2 p3
  mmcblk1: p1 p2 p3 p4 p5 p6 p7 p8
 Console: switching to colour frame buffer device 240x75
 drm drm: fb0:  frame buffer device
@@ -394,7 +394,7 @@
 hub 1-0:1.0: USB hub found
 hub 1-0:1.0: 1 port detected
 input: gpio-keys as /devices/soc0/gpio-keys/input/input0
-palmas-rtc 7000d000.i2c:tps65913@58:rtc: setting system clock to 2000-05-25 22:37:06 UTC (959294226)
+palmas-rtc 7000d000.i2c:tps65913@58:rtc: setting system clock to 2000-05-31 06:13:25 UTC (959753605)
 dvdd_ts: disabling
 usb1_vbus: disabling
 vdd_cam_1v8_reg: disabling
@@ -406,4 +406,5 @@
 Freeing unused kernel memory: 2048K
 bash: cannot set terminal process group (-1): Inappropriate ioctl for device
 bash: no job control in this shell
-root@(none):/# 
\ No newline at end of file
+root@(none):/# [    2.919203] usb 1-1: new high-speed USB device number 2 using tegra-ehci
+asix 1-1:1.0 eth0: register 'asix' at usb-7d008000.usb-1, ASIX AX88772 USB 2.0 Ethernet, 00:50:b6:0d:b5:16
Diff for ./tegra114-dalmore-a04/tegra114-dalmore/tegra_defconfig_log.txt
--- /tmp/fooa	2018-01-07 15:26:24.204850963 -0800
+++ /tmp/foob	2018-01-07 15:26:24.208850984 -0800
@@ -14,7 +14,7 @@
 Err:   serial
 Net:   Net Initialization Skipped
 No ethernet found.
-Hit any key to stop autoboot:  2  0 
+Hit any key to stop autoboot:  2  1  0 
 Tegra114 (Dalmore) # 
 Tegra114 (Dalmore) # usb reset
 (Re)start USB...
@@ -40,7 +40,7 @@
 	 ###############################
 	 3.2 MiB/s
 done
-Bytes transferred = 6168816 (5e20f0 hex)
+Bytes transferred = 6169040 (5e21d0 hex)
 Tegra114 (Dalmore) # tftpboot 0x82000000 tegra114-dalmore.dtb
 Using asx0 device
 TFTP from server 192.168.100.1; our IP address is 192.168.100.100
@@ -51,7 +51,7 @@
 done
 Bytes transferred = 34502 (86c6 hex)
 Tegra114 (Dalmore) # bootz 0x81000000 - 0x82000000
-Kernel image @ 0x81000000 [ 0x000000 - 0x5e20f0 ]
+Kernel image @ 0x81000000 [ 0x000000 - 0x5e21d0 ]
 ## Flattened Device Tree blob at 82000000
    Booting using the fdt blob at 0x82000000
    Loading Device Tree to 8fff4000, end 8ffff6c5 ... OK
@@ -59,7 +59,7 @@
 Starting kernel ...
 
 Booting Linux on physical CPU 0x0
-Linux version 4.15.0-rc6-15413-g30a7acd (jonathanh@kaivo) (gcc version 4.7.3 20130328 (prerelease) (crosstool-NG linaro-1.13.1-4.7-2013.04-20130415 - Linaro GCC 2013.04)) #1 SMP PREEMPT Tue Jan 2 07:31:20 PST 2018
+Linux version 4.15.0-rc7-15575-gb2cd1df (jonathanh@kaivo) (gcc version 4.7.3 20130328 (prerelease) (crosstool-NG linaro-1.13.1-4.7-2013.04-20130415 - Linaro GCC 2013.04)) #1 SMP PREEMPT Sun Jan 7 15:08:02 PST 2018
 CPU: ARMv7 Processor [412fc0f2] revision 2 (ARMv7), cr=10c5387d
 CPU: div instructions available: patching division code
 CPU: PIPT / VIPT nonaliasing data cache, PIPT instruction cache
@@ -388,7 +388,7 @@
 hub 1-0:1.0: USB hub found
 hub 1-0:1.0: 1 port detected
 input: gpio-keys as /devices/soc0/gpio-keys/input/input1
-palmas-rtc 7000d000.i2c:tps65913@58:rtc: setting system clock to 2000-05-25 22:34:23 UTC (959294063)
+palmas-rtc 7000d000.i2c:tps65913@58:rtc: setting system clock to 2000-05-31 06:10:56 UTC (959753456)
 cfg80211: Loading compiled-in X.509 certificates for regulatory database
 cfg80211: Loaded X.509 cert 'sforshee: 00b28ddf47aef9cea7'
 platform regulatory.0: Direct firmware load for regulatory.db failed with error -2
@@ -406,4 +406,4 @@
 Freeing unused kernel memory: 1024K
 bash: cannot set terminal process group (-1): Inappropriate ioctl for device
 bash: no job control in this shell
-root@(none):/# [    3.181402] usb 1-1: new high-speed USB device number 2 using tegra-ehci
+root@(none):/# [    3.161554] usb 1-1: new high-speed USB device number 2 using tegra-ehci
Diff for ./tegra124-jetson-tk1/tegra124-jetson-tk1/multi_v7_defconfig_log.txt
--- /tmp/fooa	2018-01-07 15:26:24.212851005 -0800
+++ /tmp/foob	2018-01-07 15:26:24.216851027 -0800
@@ -35,7 +35,7 @@
 	 #################################################################
 	 #################################################################
 	 ##############################
-	 4 MiB/s
+	 3.9 MiB/s
 done
 Bytes transferred = 8065536 (7b1200 hex)
 Tegra124 (Jetson TK1) # tftpboot 0x83000000 tegra124-jetson-tk1.dtb
@@ -56,7 +56,7 @@
 Starting kernel ...
 
 Booting Linux on physical CPU 0x0
-Linux version 4.15.0-rc6-335362-g30a7acd57389 (jonathanh@tamien) (gcc version 4.7.3 20130328 (prerelease) (crosstool-NG linaro-1.13.1-4.7-2013.04-20130415 - Linaro GCC 2013.04)) #1 SMP Tue Jan 2 07:31:59 PST 2018
+Linux version 4.15.0-rc7-335524-gb2cd1df66037 (jonathanh@tamien) (gcc version 4.7.3 20130328 (prerelease) (crosstool-NG linaro-1.13.1-4.7-2013.04-20130415 - Linaro GCC 2013.04)) #1 SMP Sun Jan 7 15:09:21 PST 2018
 CPU: ARMv7 Processor [413fc0f3] revision 3 (ARMv7), cr=10c5387d
 CPU: div instructions available: patching division code
 CPU: PIPT / VIPT nonaliasing data cache, PIPT instruction cache
@@ -499,7 +499,7 @@
 r8169 Gigabit Ethernet driver 2.3LK-NAPI loaded
 r8169 0000:02:00.0: enabling device (0140 -> 0143)
 r8169 0000:02:00.0 (unnamed net_device) (uninitialized): not PCI Express
-r8169 0000:02:00.0 eth0: RTL8168g/8111g at 0x3b700bb7, 00:04:4b:3a:d9:81, XID 0c000800 IRQ 22
+r8169 0000:02:00.0 eth0: RTL8168g/8111g at 0x8212519f, 00:04:4b:3a:d9:81, XID 0c000800 IRQ 22
 r8169 0000:02:00.0 eth0: jumbo features [frames: 9200 bytes, tx checksumming: ko]
 +1.05V_RUN_AVDD_HDMI_PLL: supplied by +1.05V_RUN
 [drm] Supports vblank timestamp caching Rev 2 (21.10.2013).
@@ -510,7 +510,7 @@
 cpufreq: cpufreq_online: CPU0: Running at unlisted freq: 696000 KHz
 cpufreq: cpufreq_online: CPU0: Unlisted initial frequency changed to: 714000 KHz
 input: gpio-keys as /devices/soc0/gpio-keys/input/input0
-as3722-rtc as3722-rtc: setting system clock to 2000-01-01 00:00:14 UTC (946684814)
+as3722-rtc as3722-rtc: setting system clock to 2000-01-01 00:04:41 UTC (946685081)
 +USB0_VBUS_SW: disabling
 +1.8V_RUN_CAM: disabling
 +2.8V_RUN_CAM: disabling
@@ -520,8 +520,8 @@
 +2.8V_RUN_CAM_AF: disabling
 +1.8V_RUN_VPP_FUSE: disabling
 ata1: SATA link down (SStatus 0 SControl 300)
-tegra-hdmi 54280000.hdmi: cannot set audio to 48000 Hz at 297000000 Hz pixel clock
 mmc1: new high speed SDHC card at address aaaa
+tegra-hdmi 54280000.hdmi: cannot set audio to 48000 Hz at 297000000 Hz pixel clock
 mmcblk1: mmc1:aaaa SD04G 3.69 GiB 
  mmcblk1: p1 p2 p3
 mmcblk0: mmc0:0001 SEM16G 14.7 GiB 
Diff for ./tegra124-jetson-tk1/tegra124-jetson-tk1/tegra_defconfig_log.txt
--- /tmp/fooa	2018-01-07 15:26:24.224851070 -0800
+++ /tmp/foob	2018-01-07 15:26:24.224851070 -0800
@@ -9,7 +9,7 @@
 Model: NVIDIA Jetson TK1
 Board: NVIDIA Jetson TK1
 DRAM:  2 GiB
-MC:   Tegra SD/MMC: 0, Tegra SD/MMC: 1
+MMC:   Tegra SD/MMC: 0, Tegra SD/MMC: 1
 In:    serial
 Out:   serial
 Err:   serial
@@ -33,20 +33,20 @@
 	 #################################################################
 	 #################################################################
 	 ###############################
-	 3.9 MiB/s
+	 4 MiB/s
 done
-Bytes transferred = 6168816 (5e20f0 hex)
+Bytes transferred = 6169040 (5e21d0 hex)
 Tegra124 (Jetson TK1) # tftpboot 0x83000000 tegra124-jetson-tk1.dtb
 Using eth_rtl8169 device
 TFTP from server 192.168.100.1; our IP address is 192.168.100.102
 Filename 'tegra124-jetson-tk1.dtb'.
 Load address: 0x83000000
 Loading: *#####
-	 1.7 MiB/s
+	 3.7 MiB/s
 done
 Bytes transferred = 66544 (103f0 hex)
 Tegra124 (Jetson TK1) # bootz 0x82000000 - 0x83000000
-Kernel image @ 0x82000000 [ 0x000000 - 0x5e20f0 ]
+Kernel image @ 0x82000000 [ 0x000000 - 0x5e21d0 ]
 ## Flattened Device Tree blob at 83000000
    Booting using the fdt blob at 0x83000000
    Using Device Tree in place at 83000000, end 830133ef
@@ -54,7 +54,7 @@
 Starting kernel ...
 
 Booting Linux on physical CPU 0x0
-Linux version 4.15.0-rc6-15413-g30a7acd (jonathanh@kaivo) (gcc version 4.7.3 20130328 (prerelease) (crosstool-NG linaro-1.13.1-4.7-2013.04-20130415 - Linaro GCC 2013.04)) #1 SMP PREEMPT Tue Jan 2 07:31:20 PST 2018
+Linux version 4.15.0-rc7-15575-gb2cd1df (jonathanh@kaivo) (gcc version 4.7.3 20130328 (prerelease) (crosstool-NG linaro-1.13.1-4.7-2013.04-20130415 - Linaro GCC 2013.04)) #1 SMP PREEMPT Sun Jan 7 15:08:02 PST 2018
 CPU: ARMv7 Processor [413fc0f3] revision 3 (ARMv7), cr=10c5387d
 CPU: div instructions available: patching division code
 CPU: PIPT / VIPT nonaliasing data cache, PIPT instruction cache
@@ -507,7 +507,7 @@
 r8169 Gigabit Ethernet driver 2.3LK-NAPI loaded
 r8169 0000:02:00.0: enabling device (0140 -> 0143)
 r8169 0000:02:00.0 (unnamed net_device) (uninitialized): not PCI Express
-r8169 0000:02:00.0 eth0: RTL8168g/8111g at 0xe08d0c7c, 00:04:4b:3a:d9:81, XID 0c000800 IRQ 22
+r8169 0000:02:00.0 eth0: RTL8168g/8111g at 0x4a38b41c, 00:04:4b:3a:d9:81, XID 0c000800 IRQ 22
 r8169 0000:02:00.0 eth0: jumbo features [frames: 9200 bytes, tx checksumming: ko]
 +1.05V_RUN_AVDD_HDMI_PLL: supplied by +1.05V_RUN
 [drm] Supports vblank timestamp caching Rev 2 (21.10.2013).
@@ -520,11 +520,10 @@
 cpufreq: cpufreq_online: CPU0: Running at unlisted freq: 696000 KHz
 cpufreq: cpufreq_online: CPU0: Unlisted initial frequency changed to: 714000 KHz
 input: gpio-keys as /devices/soc0/gpio-keys/input/input2
-as3722-rtc as3722-rtc: setting system clock to 2000-01-01 00:02:04 UTC (946684924)
+as3722-rtc as3722-rtc: setting system clock to 2000-01-01 00:00:14 UTC (946684814)
 cfg80211: Loading compiled-in X.509 certificates for regulatory database
 cfg80211: Loaded X.509 cert 'sforshee: 00b28ddf47aef9cea7'
 platform regulatory.0: Direct firmware load for regulatory.db failed with error -2
-cfg80211: failed to load regulatory.db
 +USB0_VBUS_SW: disabling
 +1.8V_RUN_CAM: disabling
 +2.8V_RUN_CAM: disabling
@@ -536,6 +535,7 @@
 ALSA device list:
   #0: tegra-hda at 0x70038000 irq 346
   #1: NVIDIA Tegra Jetson TK1
+cfg80211: failed to load regulatory.db
 EXT4-fs (mmcblk0p1): mounting ext3 file system using the ext4 subsystem
 EXT4-fs (mmcblk0p1): recovery complete
 EXT4-fs (mmcblk0p1): mounted filesystem with ordered data mode. Opts: (null)
Diff for ./tegra124-jetson-tk1/tegra124-jetson-tk1/tegra_defconfig%tegra-fw_log.txt
--- /tmp/fooa	2018-01-07 15:26:24.232851113 -0800
+++ /tmp/foob	2018-01-07 15:26:24.232851113 -0800
@@ -33,20 +33,20 @@
 	 #################################################################
 	 #################################################################
 	 ##########################################
-	 3.8 MiB/s
+	 3.5 MiB/s
 done
-Bytes transferred = 6333064 (60a288 hex)
+Bytes transferred = 6332440 (60a018 hex)
 Tegra124 (Jetson TK1) # tftpboot 0x83000000 tegra124-jetson-tk1.dtb
 Using eth_rtl8169 device
 TFTP from server 192.168.100.1; our IP address is 192.168.100.102
 Filename 'tegra124-jetson-tk1.dtb'.
 Load address: 0x83000000
 Loading: *#####
-	 3.7 MiB/s
+	 3.3 MiB/s
 done
 Bytes transferred = 66544 (103f0 hex)
 Tegra124 (Jetson TK1) # bootz 0x82000000 - 0x83000000
-Kernel image @ 0x82000000 [ 0x000000 - 0x60a288 ]
+Kernel image @ 0x82000000 [ 0x000000 - 0x60a018 ]
 ## Flattened Device Tree blob at 83000000
    Booting using the fdt blob at 0x83000000
    Using Device Tree in place at 83000000, end 830133ef
@@ -54,7 +54,7 @@
 Starting kernel ...
 
 Booting Linux on physical CPU 0x0
-Linux version 4.15.0-rc6-217121-g30a7acd (jonathanh@sellafield) (gcc version 4.7.3 20130328 (prerelease) (crosstool-NG linaro-1.13.1-4.7-2013.04-20130415 - Linaro GCC 2013.04)) #1 SMP PREEMPT Tue Jan 2 07:31:49 PST 2018
+Linux version 4.15.0-rc7-217283-gb2cd1df (jonathanh@sellafield) (gcc version 4.7.3 20130328 (prerelease) (crosstool-NG linaro-1.13.1-4.7-2013.04-20130415 - Linaro GCC 2013.04)) #1 SMP PREEMPT Sun Jan 7 15:08:24 PST 2018
 CPU: ARMv7 Processor [413fc0f3] revision 3 (ARMv7), cr=10c5387d
 CPU: div instructions available: patching division code
 CPU: PIPT / VIPT nonaliasing data cache, PIPT instruction cache
@@ -451,8 +451,8 @@
 mmc1: SDHCI controller on 700b0400.sdhci [700b0400.sdhci] using ADMA
 tegra-pcie 1003000.pcie: 2x1, 1x1 configuration
 tegra-pcie 1003000.pcie: probing port 0, using 2 lanes
-ata1: SATA link down (SStatus 0 SControl 300)
 tegra-pcie 1003000.pcie: Slot present pin change, signature: 00000008
+ata1: SATA link down (SStatus 0 SControl 300)
 tegra-pcie 1003000.pcie: probing port 1, using 1 lanes
 tegra-pcie 1003000.pcie: Slot present pin change, signature: 00000000
 tegra-pcie 1003000.pcie: PCI host bridge to bus 0000:00
@@ -490,9 +490,9 @@
 PCI: bus2: Fast back to back transfers disabled
 pci_bus 0000:02: busn_res: [bus 02-ff] end is updated to 02
 pci 0000:00:01.0: BAR 8: assigned [mem 0x13000000-0x130fffff]
+pci 0000:00:02.0: BAR 8: assigned [mem 0x13100000-0x131fffff]
 mmc1: new high speed SDHC card at address aaaa
 mmcblk1: mmc1:aaaa SD04G 3.69 GiB 
-pci 0000:00:02.0: BAR 8: assigned [mem 0x13100000-0x131fffff]
 pci 0000:00:02.0: BAR 9: assigned [mem 0x20000000-0x200fffff 64bit pref]
 pci 0000:00:02.0: BAR 7: assigned [io  0x1000-0x1fff]
 pci 0000:01:00.0: BAR 0: assigned [mem 0x13000000-0x13001fff 64bit]
@@ -515,7 +515,7 @@
 r8169 Gigabit Ethernet driver 2.3LK-NAPI loaded
 r8169 0000:02:00.0: enabling device (0140 -> 0143)
 r8169 0000:02:00.0 (unnamed net_device) (uninitialized): not PCI Express
-r8169 0000:02:00.0 eth0: RTL8168g/8111g at 0x64076c36, 00:04:4b:3a:d9:81, XID 0c000800 IRQ 22
+r8169 0000:02:00.0 eth0: RTL8168g/8111g at 0xa1a43007, 00:04:4b:3a:d9:81, XID 0c000800 IRQ 22
 r8169 0000:02:00.0 eth0: jumbo features [frames: 9200 bytes, tx checksumming: ko]
 +1.05V_RUN_AVDD_HDMI_PLL: supplied by +1.05V_RUN
 [drm] Supports vblank timestamp caching Rev 2 (21.10.2013).
@@ -528,10 +528,11 @@
 cpufreq: cpufreq_online: CPU0: Running at unlisted freq: 696000 KHz
 cpufreq: cpufreq_online: CPU0: Unlisted initial frequency changed to: 714000 KHz
 input: gpio-keys as /devices/soc0/gpio-keys/input/input2
-as3722-rtc as3722-rtc: setting system clock to 2000-01-01 00:04:43 UTC (946685083)
+as3722-rtc as3722-rtc: setting system clock to 2000-01-01 00:02:26 UTC (946684946)
 cfg80211: Loading compiled-in X.509 certificates for regulatory database
 cfg80211: Loaded X.509 cert 'sforshee: 00b28ddf47aef9cea7'
 platform regulatory.0: Direct firmware load for regulatory.db failed with error -2
+cfg80211: failed to load regulatory.db
 +USB0_VBUS_SW: disabling
 +1.8V_RUN_CAM: disabling
 +2.8V_RUN_CAM: disabling
@@ -543,7 +544,6 @@
 ALSA device list:
   #0: tegra-hda at 0x70038000 irq 346
   #1: NVIDIA Tegra Jetson TK1
-cfg80211: failed to load regulatory.db
 EXT4-fs (mmcblk0p1): mounting ext3 file system using the ext4 subsystem
 EXT4-fs (mmcblk0p1): recovery complete
 EXT4-fs (mmcblk0p1): mounted filesystem with ordered data mode. Opts: (null)
Diff for ./tegra124-nyan-big/tegra124-nyan-big/multi_v7_defconfig_log.txt
--- /tmp/fooa	2018-01-07 15:26:24.272851327 -0800
+++ /tmp/foob	2018-01-07 15:26:24.272851327 -0800
@@ -14,7 +14,7 @@
 Err:   serial
 Net:   Net Initialization Skipped
 No ethernet found.
-Hit any key to stop autoboot:  2  1  0 
+Hit any key to stop autoboot:  2  0 
 Tegra124 (Nyan-big) # 
 Tegra124 (Nyan-big) # usb start
 starting USB...
@@ -43,7 +43,7 @@
 	 #################################################################
 	 #################################################################
 	 ##############################
-	 3.5 MiB/s
+	 2.8 MiB/s
 done
 Bytes transferred = 8065536 (7b1200 hex)
 Tegra124 (Nyan-big) # tftpboot 0x83000000 tegra124-nyan-big.dtb
@@ -52,7 +52,7 @@
 Filename 'tegra124-nyan-big.dtb'.
 Load address: 0x83000000
 Loading: *#####
-	 3.6 MiB/s
+	 2.8 MiB/s
 done
 Bytes transferred = 67482 (1079a hex)
 Tegra124 (Nyan-big) # bootz 0x82000000 - 0x83000000
@@ -64,7 +64,7 @@
 Starting kernel ...
 
 Booting Linux on physical CPU 0x0
-Linux version 4.15.0-rc6-335362-g30a7acd57389 (jonathanh@tamien) (gcc version 4.7.3 20130328 (prerelease) (crosstool-NG linaro-1.13.1-4.7-2013.04-20130415 - Linaro GCC 2013.04)) #1 SMP Tue Jan 2 07:31:59 PST 2018
+Linux version 4.15.0-rc7-335524-gb2cd1df66037 (jonathanh@tamien) (gcc version 4.7.3 20130328 (prerelease) (crosstool-NG linaro-1.13.1-4.7-2013.04-20130415 - Linaro GCC 2013.04)) #1 SMP Sun Jan 7 15:09:21 PST 2018
 CPU: ARMv7 Processor [413fc0f3] revision 3 (ARMv7), cr=10c5387d
 CPU: div instructions available: patching division code
 CPU: PIPT / VIPT nonaliasing data cache, PIPT instruction cache
@@ -369,7 +369,9 @@
 sdhci-tegra 700b0400.sdhci: Got WP GPIO
 mmc0: Unknown controller version (3). You may experience problems.
 mmc0: Invalid maximum block size, assuming 512 bytes
+elan_i2c 1-0015: Elan Touchpad: Module ID: 0x002a, Firmware: 0x0005, Sample: 0x0007, IAP: 0x0009
 mmc0: SDHCI controller on 700b0600.sdhci [700b0600.sdhci] using ADMA
+input: Elan Touchpad as /devices/soc0/7000c400.i2c/i2c-1/1-0015/input/input0
 ledtrig-cpu: registered to indicate activity on CPUs
 usbcore: registered new interface driver usbhid
 usbhid: USB HID core driver
@@ -378,6 +380,12 @@
 sit: IPv6, IPv4 and MPLS over IPv4 tunneling driver
 NET: Registered protocol family 17
 can: controller area network core (rev 20170425 abi 9)
+mmc0: new high speed MMC card at address 0001
+mmcblk0: mmc0:0001 MMC16G 14.4 GiB 
+mmcblk0boot0: mmc0:0001 MMC16G partition 1 2.00 MiB
+mmcblk0boot1: mmc0:0001 MMC16G partition 2 2.00 MiB
+mmcblk0rpmb: mmc0:0001 MMC16G partition 3 128 KiB, chardev (237:0)
+ mmcblk0: p1 p2 p3 p4 p5 p6 p7 p8 p9 p10 p11 p12
 NET: Registered protocol family 29
 can: raw protocol (rev 20170425)
 can: broadcast manager protocol (rev 20170425 t)
@@ -386,7 +394,6 @@
 ThumbEE CPU extension supported.
 Registering SWP/SWPB emulation handler
 Loading compiled-in X.509 certificates
-elan_i2c 1-0015: Elan Touchpad: Module ID: 0x002a, Firmware: 0x0005, Sample: 0x0007, IAP: 0x0009
 +3.3V_RUN: supplied by +3.3V_SYS
 +VDD_LED: supplied by +VDD_MUX
 +3.3V_AVDD_HDMI_AP_GATED: supplied by +3.3V_RUN
@@ -402,18 +409,14 @@
 +5V_HDMI_CON: supplied by +5V_SYS
  usb3-0: usb3-0 supply vbus not found, using dummy regulator
  usb3-1: usb3-1 supply vbus not found, using dummy regulator
+elan_i2c 1-0015: failed to read report data: -121
 tegra-sor 54540000.sor: failed to probe output: -517
 panel-simple panel: panel supply power not found, using dummy regulator
 sdhci-tegra 700b0000.sdhci: allocated mmc-pwrseq
 mmc1: Unknown controller version (3). You may experience problems.
 mmc1: Invalid maximum block size, assuming 512 bytes
 mmc1: Switching to 3.3V signalling voltage failed
-mmc0: new high speed MMC card at address 0001
-mmcblk0: mmc0:0001 MMC16G 14.4 GiB 
-mmcblk0boot0: mmc0:0001 MMC16G partition 1 2.00 MiB
-mmcblk0boot1: mmc0:0001 MMC16G partition 2 2.00 MiB
-mmcblk0rpmb: mmc0:0001 MMC16G partition 3 128 KiB, chardev (237:0)
- mmcblk0: p1 p2 p3 p4 p5 p6 p7 p8 p9 p10 p11 p12
+elan_i2c 1-0015: invalid report id data (ff)
 mmc1: SDHCI controller on 700b0000.sdhci [700b0000.sdhci] using ADMA
 sdhci-tegra 700b0400.sdhci: Got CD GPIO
 sdhci-tegra 700b0400.sdhci: Got WP GPIO
@@ -421,6 +424,5 @@
 mmc2: Invalid maximum block size, assuming 512 bytes
 mmc1: new high speed SDIO card at address 0001
 mmc2: SDHCI controller on 700b0400.sdhci [700b0400.sdhci] using ADMA
-input: Elan Touchpad as /devices/soc0/7000c400.i2c/i2c-1/1-0015/input/input0
 [drm] Supports vblank timestamp caching Rev 2 (21.10.2013).
 [drm] No driver support for vblank timestamp query.
Diff for ./tegra124-nyan-big/tegra124-nyan-big/tegra_defconfig_log.txt
--- /tmp/fooa	2018-01-07 15:26:24.292851434 -0800
+++ /tmp/foob	2018-01-07 15:26:24.296851456 -0800
@@ -5,7 +5,7 @@
 TEGRA124
 Model: Acer Chromebook 13 CB5-311
 DRAM:  4 GiB
-:   Tegra SD/MMC: 0, Tegra SD/MMC: 1, Tegra SD/MMC: 2
+C:   Tegra SD/MMC: 0, Tegra SD/MMC: 1, Tegra SD/MMC: 2
 MMC init failed
 Using default environment
 
@@ -41,20 +41,20 @@
 	 #################################################################
 	 #################################################################
 	 ###############################
-	 3.5 MiB/s
+	 3.6 MiB/s
 done
-Bytes transferred = 6168816 (5e20f0 hex)
+Bytes transferred = 6169040 (5e21d0 hex)
 Tegra124 (Nyan-big) # tftpboot 0x83000000 tegra124-nyan-big.dtb
 Using asx0 device
 TFTP from server 192.168.100.1; our IP address is 192.168.100.104
 Filename 'tegra124-nyan-big.dtb'.
 Load address: 0x83000000
 Loading: *#####
-	 283.2 KiB/s
+	 3.4 MiB/s
 done
 Bytes transferred = 67482 (1079a hex)
 Tegra124 (Nyan-big) # bootz 0x82000000 - 0x83000000
-Kernel image @ 0x82000000 [ 0x000000 - 0x5e20f0 ]
+Kernel image @ 0x82000000 [ 0x000000 - 0x5e21d0 ]
 ## Flattened Device Tree blob at 83000000
    Booting using the fdt blob at 0x83000000
    Using Device Tree in place at 83000000, end 83013799
@@ -62,7 +62,7 @@
 Starting kernel ...
 
 Booting Linux on physical CPU 0x0
-Linux version 4.15.0-rc6-15413-g30a7acd (jonathanh@kaivo) (gcc version 4.7.3 20130328 (prerelease) (crosstool-NG linaro-1.13.1-4.7-2013.04-20130415 - Linaro GCC 2013.04)) #1 SMP PREEMPT Tue Jan 2 07:31:20 PST 2018
+Linux version 4.15.0-rc7-15575-gb2cd1df (jonathanh@kaivo) (gcc version 4.7.3 20130328 (prerelease) (crosstool-NG linaro-1.13.1-4.7-2013.04-20130415 - Linaro GCC 2013.04)) #1 SMP PREEMPT Sun Jan 7 15:08:02 PST 2018
 CPU: ARMv7 Processor [413fc0f3] revision 3 (ARMv7), cr=10c5387d
 CPU: div instructions available: patching division code
 CPU: PIPT / VIPT nonaliasing data cache, PIPT instruction cache
@@ -373,7 +373,6 @@
 mmcblk0rpmb: mmc0:0001 MMC16G partition 3 128 KiB, chardev (247:0)
 input: GoogleNyanBig Mic Jack as /devices/soc0/sound/sound/card1/input2
 NET: Registered protocol family 10
- mmcblk0: p1 p2 p3 p4 p5 p6 p7 p8 p9 p10 p11 p12
 Segment Routing with IPv6
 mip6: Mobile IPv6
 sit: IPv6, IPv4 and MPLS over IPv4 tunneling driver
@@ -423,7 +422,8 @@
 sdhci-tegra 700b0400.sdhci: Got WP GPIO
 mmc2: Unknown controller version (3). You may experience problems.
 mmc2: Invalid maximum block size, assuming 512 bytes
-mmc1: new high speed SDIO card at address 0001
 mmc2: SDHCI controller on 700b0400.sdhci [700b0400.sdhci] using ADMA
+ mmcblk0: p1 p2 p3 p4 p5 p6 p7 p8 p9 p10 p11 p12
+mmc1: new high speed SDIO card at address 0001
 [drm] Supports vblank timestamp caching Rev 2 (21.10.2013).
 [drm] No driver support for vblank timestamp query.
Diff for ./tegra124-nyan-big/tegra124-nyan-big/tegra_defconfig%tegra-fw_log.txt
--- /tmp/fooa	2018-01-07 15:26:24.320851584 -0800
+++ /tmp/foob	2018-01-07 15:26:24.324851606 -0800
@@ -5,7 +5,7 @@
 TEGRA124
 Model: Acer Chromebook 13 CB5-311
 DRAM:  4 GiB
-:   Tegra SD/MMC: 0, Tegra SD/MMC: 1, Tegra SD/MMC: 2
+C:   Tegra SD/MMC: 0, Tegra SD/MMC: 1, Tegra SD/MMC: 2
 MMC init failed
 Using default environment
 
@@ -41,9 +41,9 @@
 	 #################################################################
 	 #################################################################
 	 ##########################################
-	 3.5 MiB/s
+	 3.6 MiB/s
 done
-Bytes transferred = 6333064 (60a288 hex)
+Bytes transferred = 6332440 (60a018 hex)
 Tegra124 (Nyan-big) # tftpboot 0x83000000 tegra124-nyan-big.dtb
 Using asx0 device
 TFTP from server 192.168.100.1; our IP address is 192.168.100.104
@@ -54,7 +54,7 @@
 done
 Bytes transferred = 67482 (1079a hex)
 Tegra124 (Nyan-big) # bootz 0x82000000 - 0x83000000
-Kernel image @ 0x82000000 [ 0x000000 - 0x60a288 ]
+Kernel image @ 0x82000000 [ 0x000000 - 0x60a018 ]
 ## Flattened Device Tree blob at 83000000
    Booting using the fdt blob at 0x83000000
    Using Device Tree in place at 83000000, end 83013799
@@ -62,7 +62,7 @@
 Starting kernel ...
 
 Booting Linux on physical CPU 0x0
-Linux version 4.15.0-rc6-217121-g30a7acd (jonathanh@sellafield) (gcc version 4.7.3 20130328 (prerelease) (crosstool-NG linaro-1.13.1-4.7-2013.04-20130415 - Linaro GCC 2013.04)) #1 SMP PREEMPT Tue Jan 2 07:31:49 PST 2018
+Linux version 4.15.0-rc7-217283-gb2cd1df (jonathanh@sellafield) (gcc version 4.7.3 20130328 (prerelease) (crosstool-NG linaro-1.13.1-4.7-2013.04-20130415 - Linaro GCC 2013.04)) #1 SMP PREEMPT Sun Jan 7 15:08:24 PST 2018
 CPU: ARMv7 Processor [413fc0f3] revision 3 (ARMv7), cr=10c5387d
 CPU: div instructions available: patching division code
 CPU: PIPT / VIPT nonaliasing data cache, PIPT instruction cache
@@ -365,14 +365,18 @@
 max98090 0-0010: MAX98090 REVID=0x43
 max98090 0-0010: use default 2.8v micbias
 tegra-snd-max98090 sound: HiFi <-> 70301100.i2s mapping ok
+mmc0: new high speed MMC card at address 0001
+mmcblk0: mmc0:0001 MMC16G 14.4 GiB 
+mmcblk0boot0: mmc0:0001 MMC16G partition 1 2.00 MiB
 input: GoogleNyanBig Headphones as /devices/soc0/sound/sound/card1/input1
+mmcblk0boot1: mmc0:0001 MMC16G partition 2 2.00 MiB
+mmcblk0rpmb: mmc0:0001 MMC16G partition 3 128 KiB, chardev (247:0)
 input: GoogleNyanBig Mic Jack as /devices/soc0/sound/sound/card1/input2
 NET: Registered protocol family 10
+ mmcblk0: p1 p2 p3 p4 p5 p6 p7 p8 p9 p10 p11 p12
 Segment Routing with IPv6
 mip6: Mobile IPv6
 sit: IPv6, IPv4 and MPLS over IPv4 tunneling driver
-mmc0: new high speed MMC card at address 0001
-mmcblk0: mmc0:0001 MMC16G 14.4 GiB 
 NET: Registered protocol family 17
 NET: Registered protocol family 15
 can: controller area network core (rev 20170425 abi 9)
@@ -406,8 +410,6 @@
  usb3-1: usb3-1 supply vbus not found, using dummy regulator
 tegra-sor 54540000.sor: failed to probe output: -517
 panel-simple panel: panel supply power not found, using dummy regulator
-mmcblk0boot0: mmc0:0001 MMC16G partition 1 2.00 MiB
-mmcblk0boot1: mmc0:0001 MMC16G partition 2 2.00 MiB
 tegra-xusb 70090000.usb: Firmware timestamp: 2014-09-16 02:10:07 UTC
 tegra-xusb 70090000.usb: xHCI Host Controller
 tegra-xusb 70090000.usb: new USB bus registered, assigned bus number 1
@@ -429,9 +431,8 @@
 sdhci-tegra 700b0400.sdhci: Got WP GPIO
 mmc2: Unknown controller version (3). You may experience problems.
 mmc2: Invalid maximum block size, assuming 512 bytes
-mmcblk0rpmb: mmc0:0001 MMC16G partition 3 128 KiB, chardev (247:0)
-mmc2: SDHCI controller on 700b0400.sdhci [700b0400.sdhci] using ADMA
- mmcblk0: p1 p2 p3 p4 p5 p6 p7 p8 p9 p10 p11 p12
 mmc1: new high speed SDIO card at address 0001
+mmc2: SDHCI controller on 700b0400.sdhci [700b0400.sdhci] using ADMA
+input: tegra-hda HDMI/DP,pcm=3 as /devices/soc0/70030000.hda/sound/card0/input3
 [drm] Supports vblank timestamp caching Rev 2 (21.10.2013).
 [drm] No driver support for vblank timestamp query.
Diff for ./tegra132-norrin/tegra132-norrin/defconfig_log.txt
--- /tmp/fooa	2018-01-07 15:26:24.332851649 -0800
+++ /tmp/foob	2018-01-07 15:26:24.332851649 -0800
@@ -1,3 +1,4 @@
+
 Rebooting device after flashing.
 TegraBoot Init
 Processing in cold boot mode
@@ -31,7 +32,7 @@
 MSENC clock is set to  79200 KHz
 Vde clock is set to 204000 KHz
 
-Bootloader-Cpu Init at (time stamp): 1802190 us
+Bootloader-Cpu Init at (time stamp): 1801693 us
 
 Pinmux changes applied in kernel way
 
@@ -62,22 +63,22 @@
 Board Id Read Time: 3 us
 Power Rail enable Time: 1 us
 
-Miscellaneous avp time: 1802164  us
-Bootloader (AosInit) time: 734244 us
-Bootloader Main Init time: 180073 us
-BlockDevMgrInit time: 157546 us
+Miscellaneous avp time: 1801667  us
+Bootloader (AosInit) time: 733428 us
+Bootloader Main Init time: 180266 us
+BlockDevMgrInit time: 157507 us
 PartMgrInit time: 8 us
 StorMgrInit time: 30 us
 FsMgrInit time: 2 us
-Partition Table load: 76703 us 
-Display init time: 574792 us
-Kernel read time: 1509 msec
+Partition Table load: 77078 us 
+Display init time: 574604 us
+Kernel read time: 1510 msec
 Load Kernel Size:   20013056 Bytes
-Bl Kernel ReadSpeed: 13262000 Bytes/sec
-Pre-Kernel Jump time: 4245871 us
-Clearing 32 Bit State and Warm resetting to 64bit mode: 9375823 us
+Bl Kernel ReadSpeed: 13253000 Bytes/sec
+Pre-Kernel Jump time: 4246060 us
+Clearing 32 Bit State and Warm resetting to 64bit mode: 9373960 us
 Booting Linux on physical CPU 0x0000000000 [0x4e0f0000]
-Linux version 4.15.0-rc6-335362-g30a7acd57389 (jonathanh@tamien) (gcc version 4.9.2 20140904 (prerelease) (crosstool-NG linaro-1.13.1-4.9-2014.09 - Linaro GCC 4.9-2014.09)) #1 SMP PREEMPT Tue Jan 2 07:37:43 PST 2018
+Linux version 4.15.0-rc7-335524-gb2cd1df66037 (jonathanh@tamien) (gcc version 4.9.2 20140904 (prerelease) (crosstool-NG linaro-1.13.1-4.9-2014.09 - Linaro GCC 4.9-2014.09)) #1 SMP PREEMPT Sun Jan 7 15:15:44 PST 2018
 Machine model: NVIDIA Tegra132 Norrin
 Memory limited to 1734MB
 efi: Getting EFI parameters from FDT:
@@ -100,7 +101,7 @@
 Built 1 zonelists, mobility grouping on.  Total pages: 436968
 Policy zone: DMA
 Kernel command line: tegraid=13.1.3.0.0 mem=1734M@2048M memtype=255 vpr=151M@3817M ddr_die=2048M@2048M section=256M commchip_id=0 usb_port_owner_info=0 lane_owner_info=0 emc_max_dvfs=0 touch_id=0@0 video=tegrafb no_console_suspend=1 console=ttyS0,115200n8 debug_uartport=lsport,0 earlyprintk=uart8250-32bit,0x70006000 usbcore.old_scheme_first=1 lp0_vec=0@0x0 tegra_fbmem=32899072@0xad012000 core_edp_mv=1150 core_edp_ma=4000 pmuboard=0x0176:0x0001:0x01:0x43:0x00 displayboard=0x0162:0x0001:0x00:0x42:0x00 power_supply=Adapter audio_codec=rt5640 board_info=0x0176:0x0001:0x01:0x43:0x00 tegraboot=sdmmc gpt gpt_sector=192511 modem_id=0 android.kerneltype=normal
-Memory: 1706112K/1775616K available (9404K kernel code, 1150K rwdata, 4460K rodata, 1088K init, 395K bss, 53120K reserved, 16384K cma-reserved)
+Memory: 1706120K/1775616K available (9404K kernel code, 1150K rwdata, 4460K rodata, 1088K init, 395K bss, 53112K reserved, 16384K cma-reserved)
 Virtual kernel memory layout:
     modules : 0xffff000000000000 - 0xffff000008000000   (   128 MB)
     vmalloc : 0xffff000008000000 - 0xffff7dffbfff0000   (129022 GB)
@@ -148,9 +149,9 @@
 DMI not present or invalid.
 NET: Registered protocol family 16
 audit: initializing netlink subsys (disabled)
-audit: type=2000 audit(0.128:1): state=initialized audit_enabled=0 res=1
+audit: type=2000 audit(0.132:1): state=initialized audit_enabled=0 res=1
 cpuidle: using governor menu
-vdso: 2 pages (1 code @ 0000000014b060dd, 1 data @ 00000000b68f3a7f)
+vdso: 2 pages (1 code @ 000000004d982232, 1 data @ 0000000007129fe4)
 hw-breakpoint: found 6 breakpoint and 4 watchpoint registers.
 DMA: preallocated 256 KiB pool for atomic allocations
 Serial: AMBA PL011 UART driver
@@ -284,6 +285,8 @@
 sdhci-tegra 700b0400.sdhci: Got WP GPIO
 input: gpio-keys as /devices/platform/gpio-keys/input/input0
 hctosys: unable to open rtc device (rtc0)
+sdhci-tegra 700b0400.sdhci: Got CD GPIO
+sdhci-tegra 700b0400.sdhci: Got WP GPIO
 +3.3V_AVDD_HDMI_AP_GATED: disabling
 +VDD_LED: disabling
 +5V_USB_HS: disabling
@@ -293,8 +296,6 @@
 ALSA device list:
   No soundcards found.
 Freeing unused kernel memory: 1088K
-sdhci-tegra 700b0400.sdhci: Got CD GPIO
-sdhci-tegra 700b0400.sdhci: Got WP GPIO
 
 System initialization...
 
Diff for ./tegra186-p2771-0000/tegra186-p2771-0000/defconfig%jetson-tx2_log.txt
Binary files /tmp/fooa and /tmp/foob differ
Diff for ./tegra20-trimslice/tegra20-trimslice/multi_v7_defconfig_log.txt
--- /tmp/fooa	2018-01-07 15:26:24.356851777 -0800
+++ /tmp/foob	2018-01-07 15:26:24.360851799 -0800
@@ -19,7 +19,7 @@
 Out:   serial
 Err:   serial
 Net:   RTL8169#0
-Hit any key to stop autoboot:  2  1  0 
+Hit any key to stop autoboot:  2  0 
 Tegra20 (TrimSlice) # 
 Tegra20 (TrimSlice) # usb reset
 resetting USB...
@@ -48,7 +48,7 @@
 	 #################################################################
 	 #################################################################
 	 ##############################
-	 4 MiB/s
+	 3.5 MiB/s
 done
 Bytes transferred = 8065536 (7b1200 hex)
 Tegra20 (TrimSlice) # tftpboot 0x02408000 tegra20-trimslice.dtb
@@ -57,7 +57,7 @@
 Filename 'tegra20-trimslice.dtb'.
 Load address: 0x2408000
 Loading: *##
-	 3.4 MiB/s
+	 4 MiB/s
 done
 Bytes transferred = 21160 (52a8 hex)
 Tegra20 (TrimSlice) # bootz 0x00408000 - 0x02408000
@@ -69,7 +69,7 @@
 Starting kernel ...
 
 Booting Linux on physical CPU 0x0
-Linux version 4.15.0-rc6-335362-g30a7acd57389 (jonathanh@tamien) (gcc version 4.7.3 20130328 (prerelease) (crosstool-NG linaro-1.13.1-4.7-2013.04-20130415 - Linaro GCC 2013.04)) #1 SMP Tue Jan 2 07:31:59 PST 2018
+Linux version 4.15.0-rc7-335524-gb2cd1df66037 (jonathanh@tamien) (gcc version 4.7.3 20130328 (prerelease) (crosstool-NG linaro-1.13.1-4.7-2013.04-20130415 - Linaro GCC 2013.04)) #1 SMP Sun Jan 7 15:09:21 PST 2018
 CPU: ARMv7 Processor [411fc090] revision 0 (ARMv7), cr=10c5387d
 CPU: PIPT / VIPT nonaliasing data cache, VIPT aliasing instruction cache
 OF: fdt: Machine model: Compulab TrimSlice board
@@ -267,7 +267,7 @@
 r8169 Gigabit Ethernet driver 2.3LK-NAPI loaded
 r8169 0000:01:00.0: enabling device (0140 -> 0143)
 r8169 0000:01:00.0 (unnamed net_device) (uninitialized): not PCI Express
-r8169 0000:01:00.0 eth0: RTL8168d/8111d at 0x7e3926ce, 00:01:c0:13:7d:63, XID 081000c0 IRQ 286
+r8169 0000:01:00.0 eth0: RTL8168d/8111d at 0x0419d91f, 00:01:c0:13:7d:63, XID 081000c0 IRQ 286
 r8169 0000:01:00.0 eth0: jumbo features [frames: 9200 bytes, tx checksumming: ko]
 pegasus: v0.9.3 (2013/04/25), Pegasus/Pegasus II USB Ethernet driver
 usbcore: registered new interface driver pegasus
@@ -339,20 +339,20 @@
 Loading compiled-in X.509 certificates
 utmi_phy_clk_enable: timeout waiting for phy to stabilize
 tegra-ehci c5000000.usb: EHCI Host Controller
+usb 1-1: new high-speed USB device number 2 using tegra-ehci
 tegra-ehci c5000000.usb: new USB bus registered, assigned bus number 2
 tegra-ehci c5000000.usb: irq 288, io mem 0xc5000000
-usb 1-1: new high-speed USB device number 2 using tegra-ehci
 mmc1: new high speed SD card at address b368
 mmcblk1: mmc1:b368 NCard 1.83 GiB (ro)
+ mmcblk1: p1 p2
 tegra-ehci c5000000.usb: USB 2.0 started, EHCI 1.00
 hub 2-0:1.0: USB hub found
- mmcblk1: p1 p2
 hub 2-0:1.0: 1 port detected
 input: gpio-keys as /devices/soc0/gpio-keys/input/input0
 rtc-em3027 2-0056: hctosys: unable to read the hardware clock
-Waiting for root device PARTUUID=11eb23c1-01...
 hub 1-1:1.0: USB hub found
 hub 1-1:1.0: 4 ports detected
+Waiting for root device PARTUUID=11eb23c1-01...
 usb 1-1.2: new high-speed USB device number 3 using tegra-ehci
 mmc0: host does not support reading read-only switch, assuming write-enable
 mmc0: new high speed SDHC card at address b368
Diff for ./tegra20-trimslice/tegra20-trimslice/tegra_defconfig_log.txt
--- /tmp/fooa	2018-01-07 15:26:24.376851884 -0800
+++ /tmp/foob	2018-01-07 15:26:24.380851906 -0800
@@ -46,20 +46,20 @@
 	 #################################################################
 	 #################################################################
 	 ###############################
-	 3.5 MiB/s
+	 4.1 MiB/s
 done
-Bytes transferred = 6168816 (5e20f0 hex)
+Bytes transferred = 6169040 (5e21d0 hex)
 Tegra20 (TrimSlice) # tftpboot 0x02408000 tegra20-trimslice.dtb
 Using RTL8169#0 device
 TFTP from server 192.168.100.1; our IP address is 192.168.100.103
 Filename 'tegra20-trimslice.dtb'.
 Load address: 0x2408000
 Loading: *##
-	 2.9 MiB/s
+	 3.4 MiB/s
 done
 Bytes transferred = 21160 (52a8 hex)
 Tegra20 (TrimSlice) # bootz 0x00408000 - 0x02408000
-Kernel image @ 0x408000 [ 0x000000 - 0x5e20f0 ]
+Kernel image @ 0x408000 [ 0x000000 - 0x5e21d0 ]
 ## Flattened Device Tree blob at 02408000
    Booting using the fdt blob at 0x2408000
    Using Device Tree in place at 02408000, end 024102a7
@@ -67,7 +67,7 @@
 Starting kernel ...
 
 Booting Linux on physical CPU 0x0
-Linux version 4.15.0-rc6-15413-g30a7acd (jonathanh@kaivo) (gcc version 4.7.3 20130328 (prerelease) (crosstool-NG linaro-1.13.1-4.7-2013.04-20130415 - Linaro GCC 2013.04)) #1 SMP PREEMPT Tue Jan 2 07:31:20 PST 2018
+Linux version 4.15.0-rc7-15575-gb2cd1df (jonathanh@kaivo) (gcc version 4.7.3 20130328 (prerelease) (crosstool-NG linaro-1.13.1-4.7-2013.04-20130415 - Linaro GCC 2013.04)) #1 SMP PREEMPT Sun Jan 7 15:08:02 PST 2018
 CPU: ARMv7 Processor [411fc090] revision 0 (ARMv7), cr=10c5387d
 CPU: PIPT / VIPT nonaliasing data cache, VIPT aliasing instruction cache
 OF: fdt: Machine model: Compulab TrimSlice board
@@ -257,7 +257,7 @@
 r8169 Gigabit Ethernet driver 2.3LK-NAPI loaded
 r8169 0000:01:00.0: enabling device (0140 -> 0143)
 r8169 0000:01:00.0 (unnamed net_device) (uninitialized): not PCI Express
-r8169 0000:01:00.0 eth0: RTL8168d/8111d at 0x370ea178, 00:01:c0:13:7d:63, XID 081000c0 IRQ 286
+r8169 0000:01:00.0 eth0: RTL8168d/8111d at 0x29afcb54, 00:01:c0:13:7d:63, XID 081000c0 IRQ 286
 r8169 0000:01:00.0 eth0: jumbo features [frames: 9200 bytes, tx checksumming: ko]
 pegasus: v0.9.3 (2013/04/25), Pegasus/Pegasus II USB Ethernet driver
 usbcore: registered new interface driver pegasus
@@ -329,25 +329,25 @@
 Registering SWP/SWPB emulation handler
 Loading compiled-in X.509 certificates
 mmc1: new high speed SD card at address b368
-mmcblk1: mmc1:b368 NCard 1.83 GiB (ro)
 utmi_phy_clk_enable: timeout waiting for phy to stabilize
 tegra-ehci c5000000.usb: EHCI Host Controller
- mmcblk1: p1 p2
 tegra-ehci c5000000.usb: new USB bus registered, assigned bus number 2
 tegra-ehci c5000000.usb: irq 288, io mem 0xc5000000
+mmcblk1: mmc1:b368 NCard 1.83 GiB (ro)
+ mmcblk1: p1 p2
 tegra-ehci c5000000.usb: USB 2.0 started, EHCI 1.00
 hub 2-0:1.0: USB hub found
 hub 2-0:1.0: 1 port detected
 input: gpio-keys as /devices/soc0/gpio-keys/input/input0
 rtc-em3027 2-0056: hctosys: unable to read the hardware clock
 hub 1-1:1.0: USB hub found
-hub 1-1:1.0: 4 ports detected
 cfg80211: Loading compiled-in X.509 certificates for regulatory database
 cfg80211: Loaded X.509 cert 'sforshee: 00b28ddf47aef9cea7'
 platform regulatory.0: Direct firmware load for regulatory.db failed with error -2
+cfg80211: failed to load regulatory.db
 ALSA device list:
   #0: tegra-trimslice
-cfg80211: failed to load regulatory.db
+hub 1-1:1.0: 4 ports detected
 Waiting for root device PARTUUID=11eb23c1-01...
 usb 1-1.2: new high-speed USB device number 3 using tegra-ehci
 mmc0: host does not support reading read-only switch, assuming write-enable
Diff for ./tegra210-p2371-0000/tegra210-p2371-0000/defconfig%jetson-tx1_log.txt
--- /tmp/fooa	2018-01-07 15:26:24.400852013 -0800
+++ /tmp/foob	2018-01-07 15:26:24.404852034 -0800
@@ -1,7 +1,7 @@
 [TegraBoot] (version 23.00.2015.14-mobile-1ef66670)
 Processing in cold boot mode Bootloader 2
 A01Q Bootrom Patch rev = 3
-Power-up reason: on button
+Power-up reason: pmu watchdog
 No Battery Present
 Platform has Ddr4 type ram
 max77620 disabling SD1 Remote Sense
@@ -64,17 +64,17 @@
 Loading and Validation of Secure OS Successful
 NvTbootPackSdramParams: start. 
 NvTbootPackSdramParams: done. 
-Tegraboot started after 773880 us
-Basic modules init took 348191 us
-Sec Bootdevice Read Time = 203 ms, Read Size = 8459 KB
-Next stage binary read took 14366 us
-Carveout took 253751 us
-CPU initialization took 92453 us
-Total time taken by TegraBoot 708761 us
+Tegraboot started after 759618 us
+Basic modules init took 348491 us
+Sec Bootdevice Read Time = 202 ms, Read Size = 8459 KB
+Next stage binary read took 14372 us
+Carveout took 252663 us
+CPU initialization took 92479 us
+Total time taken by TegraBoot 708005 us
 
 Starting CPU & Halting co-processor 
 
-64b[0001.613] LPDDR4 Training: Number of tables = 10
+64b[0001.598] LPDDR4 Training: Number of tables = 10
 EMC Training (SRC-freq: 204000; DST-freq: 408000)
 EMC Training Successful
 EMC Training (SRC-freq: 204000; DST-freq: 665600)
@@ -108,7 +108,7 @@
 Tegra210 (P2371-0000) # 
 Tegra210 (P2371-0000) # ums 0 mmc 0
 UMS: disk start sector: 0x0, count: 0x1d5a000
-|/-\|/-\/-\|/-\/-\|/-\/-\|/-\/-\|/-\/-\|/-\/-\|/-\/-\|/-\/-\|/-\/-\|/-\/-\|/-\/-\|/-\/-\|/-\/-\|/-\/-\|/-\/-\|/-\/-\|/-\/-\|/-\/-\|/-\/-\|/-\/-\|/-\/-\|/-\/-\|/-\/-\|/-\/-\|/-\/-\|/-\/-\|/-\/-\|/-\/-\|/-\/-\|/-\/-\|/-\/-\|/-\/-\|/-\/-\|/-\/-\|/-\/-\|/-\/-\|/-\/-\|/-\/-\|/-\/-\|/-\/-\|/-\/-\|/-\/-\|/-\/-\|/-\/-\|/-\/-\|/-\/-\|/-\/-\|/-\/-\|/-\/-\|/-\/-\|/-\/-\|/-\/-\|/-\/-\|/-\/-\|/-\/-\|/-\/-\|/-\/-\|/-\/-\|/-\/-\|/-\/-\|/-\/-\|/-\/-\|/-\/-\|/-\/-\|/-\/-\|/-\/-\|/-\/-\|/-\/-\|/-\/-\|/-\/-\|/-\/-\|/-\/-\|/-\/-\|/-\/-\|/-\/-\|/-\/-\|/-\/-\|/-\/-\|/-\/-\|/-\/-\|/-\/-\|/-\/-\|/-\/-\|/-\/-\|/-\/-\|/-\/-\|/-\/-\|/-\/-\|/-\/-\|/-\/-\|/-\/-\|/-\/-\|/-\/-\|/-\/-\|/-\/-\|/-\/-\|/-\/-\|/-\/-\|/-\/-\|/-\/-\|/-\/-\|CTRL+C - Operation aborted
+|/-\|/-\/-\|/-\/-\|/-\/-\|/-\/-\|/-\/-\|/-\/-\|/-\/-\|/-\/-\|/-\/-\|/-\/-\|/-\/-\|/-\/-\|/-\/-\|/-\/-\|/-\/-\|/-\/-\|/-\/-\|/-\/-\|/-\/-\|/-\/-\|/-\/-\|/-\/-\|/-\/-\|/-\/-\|/-\/-\|/-\/-\|/-\/-\|/-\/-\|/-\/-\|/-\/-\|/-\/-\|/-\/-\|/-\/-\|/-\/-\|/-\/-\|/-CTRL+C - Operation aborted
 Tegra210 (P2371-0000) # 
 Tegra210 (P2371-0000) # env set fdt_copy_node_names /cpus:/psci
 Tegra210 (P2371-0000) # setenv rootpart 1
@@ -117,11 +117,11 @@
 Tegra210 (P2371-0000) # part uuid ${devtype} ${devnum}:${rootpart} uuid
 Tegra210 (P2371-0000) # setenv bootargs ignore_loglevel console=ttyS0,115200n8 earlycon=uart8250,mmio32,0x70006000 rw root=PARTUUID=00000000-0001-0000-788f-a75600000000 rootwait debug earlyprintk init=/bin/bash
 Tegra210 (P2371-0000) # load ${devtype} ${devnum}:${rootpart} ${kernel_addr_r} /boot/Image.defconfig%jetson-tx1
-16710144 bytes read in 858 ms (18.6 MiB/s)
+16710144 bytes read in 860 ms (18.5 MiB/s)
 Tegra210 (P2371-0000) # load ${devtype} ${devnum}:${rootpart} ${fdt_addr_r} /boot/tegra210-p2371-0000.dtb
-44764 bytes read in 454 ms (95.7 KiB/s)
+44764 bytes read in 456 ms (95.7 KiB/s)
 Tegra210 (P2371-0000) # load ${devtype} ${devnum}:${rootpart} ${ramdisk_addr_r} /boot/tegra-ramdisk.img
-1627787 bytes read in 494 ms (3.1 MiB/s)
+1627787 bytes read in 497 ms (3.1 MiB/s)
 Tegra210 (P2371-0000) # ramdisk_size=${filesize}
 Tegra210 (P2371-0000) # booti ${kernel_addr_r} - ${fdt_addr_r}
 ## Flattened Device Tree blob at 82000000
@@ -131,7 +131,7 @@
 Starting kernel ...
 
 Booting Linux on physical CPU 0x0000000000 [0x411fd071]
-Linux version 4.15.0-rc6-15413-g30a7acd (jonathanh@kaivo) (gcc version 4.9.2 20140904 (prerelease) (crosstool-NG linaro-1.13.1-4.9-2014.09 - Linaro GCC 4.9-2014.09)) #1 SMP PREEMPT Tue Jan 2 07:35:25 PST 2018
+Linux version 4.15.0-rc7-15575-gb2cd1df (jonathanh@kaivo) (gcc version 4.9.2 20140904 (prerelease) (crosstool-NG linaro-1.13.1-4.9-2014.09 - Linaro GCC 4.9-2014.09)) #1 SMP PREEMPT Sun Jan 7 15:12:36 PST 2018
 Machine model: NVIDIA Tegra210 P2371 (P2530/P2595) reference design
 debug: ignoring loglevel setting.
 earlycon: uart8250 at MMIO32 0x0000000070006000 (options '')
@@ -171,7 +171,7 @@
 Policy zone: Normal
 Kernel command line: ignore_loglevel console=ttyS0,115200n8 earlycon=uart8250,mmio32,0x70006000 rw root=PARTUUID=00000000-0001-0000-788f-a75600000000 rootwait debug earlyprintk init=/bin/bash
 software IO TLB [mem 0xfa000000-0xfe000000] (64MB) mapped at [        (ptrval)-        (ptrval)]
-Memory: 2982428K/3131392K available (9468K kernel code, 1150K rwdata, 4596K rodata, 1088K init, 395K bss, 132580K reserved, 16384K cma-reserved)
+Memory: 2982436K/3131392K available (9468K kernel code, 1150K rwdata, 4596K rodata, 1088K init, 395K bss, 132572K reserved, 16384K cma-reserved)
 Virtual kernel memory layout:
     modules : 0xffff000000000000 - 0xffff000008000000   (   128 MB)
     vmalloc : 0xffff000008000000 - 0xffff7dffbfff0000   (129022 GB)
@@ -233,7 +233,7 @@
 audit: initializing netlink subsys (disabled)
 audit: type=2000 audit(0.268:1): state=initialized audit_enabled=0 res=1
 cpuidle: using governor menu
-vdso: 2 pages (1 code @ 00000000c75eac93, 1 data @ 00000000c35fd49a)
+vdso: 2 pages (1 code @ 00000000c6355ab8, 1 data @ 00000000bfec08a9)
 hw-breakpoint: found 6 breakpoint and 4 watchpoint registers.
 DMA: preallocated 256 KiB pool for atomic allocations
 Serial: AMBA PL011 UART driver
Diff for ./tegra210-p2371-0000/tegra210-p2371-0000/defconfig_log.txt
--- /tmp/fooa	2018-01-07 15:26:24.432852184 -0800
+++ /tmp/foob	2018-01-07 15:26:24.432852184 -0800
@@ -64,17 +64,17 @@
 Loading and Validation of Secure OS Successful
 NvTbootPackSdramParams: start. 
 NvTbootPackSdramParams: done. 
-Tegraboot started after 718421 us
-Basic modules init took 350123 us
-Sec Bootdevice Read Time = 203 ms, Read Size = 8459 KB
-Next stage binary read took 15102 us
-Carveout took 252665 us
-CPU initialization took 92420 us
-Total time taken by TegraBoot 710310 us
+Tegraboot started after 862510 us
+Basic modules init took 350592 us
+Sec Bootdevice Read Time = 202 ms, Read Size = 8459 KB
+Next stage binary read took 14384 us
+Carveout took 252672 us
+CPU initialization took 92454 us
+Total time taken by TegraBoot 710102 us
 
 Starting CPU & Halting co-processor 
 
-64b[0001.560] LPDDR4 Training: Number of tables = 10
+64b[0001.700] LPDDR4 Training: Number of tables = 10
 EMC Training (SRC-freq: 204000; DST-freq: 408000)
 EMC Training Successful
 EMC Training (SRC-freq: 204000; DST-freq: 665600)
@@ -104,11 +104,11 @@
 Err:   serial
 Net:   Net Initialization Skipped
 No ethernet found.
-Hit any key to stop autoboot:  2  0 
+Hit any key to stop autoboot:  2  1  0 
 Tegra210 (P2371-0000) # 
 Tegra210 (P2371-0000) # ums 0 mmc 0
 UMS: disk start sector: 0x0, count: 0x1d5a000
-|/-\|/-\/-\|/-\/-\|/-\/-\|/-\/-\|/-\/-\|/-\/-\|/-\/-\|/-\/-\|/-\/-\|/-\/-\|/-\/-\|/-\/-\|/-\/-\|/-\/-\|/-\/-\|/-\/-\|/-\/-\|/-\/-\|/-\/-\|/-\/-\|/-\/-\|/-CTRL+C - Operation aborted
+|/-\|/-\/-\|/-\/-\|/-\/-\|/-\/-\|/-\/-\|/-\/-\|/-\/-\|/-\/-CTRL+C - Operation aborted
 Tegra210 (P2371-0000) # 
 Tegra210 (P2371-0000) # env set fdt_copy_node_names /cpus:/psci
 Tegra210 (P2371-0000) # setenv rootpart 1
@@ -117,11 +117,11 @@
 Tegra210 (P2371-0000) # part uuid ${devtype} ${devnum}:${rootpart} uuid
 Tegra210 (P2371-0000) # setenv bootargs ignore_loglevel console=ttyS0,115200n8 earlycon=uart8250,mmio32,0x70006000 rw root=PARTUUID=00000000-0001-0000-788f-a75600000000 rootwait debug earlyprintk init=/bin/bash
 Tegra210 (P2371-0000) # load ${devtype} ${devnum}:${rootpart} ${kernel_addr_r} /boot/Image.defconfig
-16513536 bytes read in 835 ms (18.9 MiB/s)
+16513536 bytes read in 836 ms (18.8 MiB/s)
 Tegra210 (P2371-0000) # load ${devtype} ${devnum}:${rootpart} ${fdt_addr_r} /boot/tegra210-p2371-0000.dtb
 44764 bytes read in 454 ms (95.7 KiB/s)
 Tegra210 (P2371-0000) # load ${devtype} ${devnum}:${rootpart} ${ramdisk_addr_r} /boot/tegra-ramdisk.img
-1627787 bytes read in 495 ms (3.1 MiB/s)
+1627787 bytes read in 494 ms (3.1 MiB/s)
 Tegra210 (P2371-0000) # ramdisk_size=${filesize}
 Tegra210 (P2371-0000) # booti ${kernel_addr_r} - ${fdt_addr_r}
 ## Flattened Device Tree blob at 82000000
@@ -131,7 +131,7 @@
 Starting kernel ...
 
 Booting Linux on physical CPU 0x0000000000 [0x411fd071]
-Linux version 4.15.0-rc6-335362-g30a7acd57389 (jonathanh@tamien) (gcc version 4.9.2 20140904 (prerelease) (crosstool-NG linaro-1.13.1-4.9-2014.09 - Linaro GCC 4.9-2014.09)) #1 SMP PREEMPT Tue Jan 2 07:37:43 PST 2018
+Linux version 4.15.0-rc7-335524-gb2cd1df66037 (jonathanh@tamien) (gcc version 4.9.2 20140904 (prerelease) (crosstool-NG linaro-1.13.1-4.9-2014.09 - Linaro GCC 4.9-2014.09)) #1 SMP PREEMPT Sun Jan 7 15:15:44 PST 2018
 Machine model: NVIDIA Tegra210 P2371 (P2530/P2595) reference design
 debug: ignoring loglevel setting.
 earlycon: uart8250 at MMIO32 0x0000000070006000 (options '')
@@ -171,7 +171,7 @@
 Policy zone: Normal
 Kernel command line: ignore_loglevel console=ttyS0,115200n8 earlycon=uart8250,mmio32,0x70006000 rw root=PARTUUID=00000000-0001-0000-788f-a75600000000 rootwait debug earlyprintk init=/bin/bash
 software IO TLB [mem 0xfa000000-0xfe000000] (64MB) mapped at [        (ptrval)-        (ptrval)]
-Memory: 2982620K/3131392K available (9404K kernel code, 1150K rwdata, 4460K rodata, 1088K init, 395K bss, 132388K reserved, 16384K cma-reserved)
+Memory: 2982628K/3131392K available (9404K kernel code, 1150K rwdata, 4460K rodata, 1088K init, 395K bss, 132380K reserved, 16384K cma-reserved)
 Virtual kernel memory layout:
     modules : 0xffff000000000000 - 0xffff000008000000   (   128 MB)
     vmalloc : 0xffff000008000000 - 0xffff7dffbfff0000   (129022 GB)
@@ -233,7 +233,7 @@
 audit: initializing netlink subsys (disabled)
 audit: type=2000 audit(0.268:1): state=initialized audit_enabled=0 res=1
 cpuidle: using governor menu
-vdso: 2 pages (1 code @ 000000006fbbe44b, 1 data @ 00000000c4de9459)
+vdso: 2 pages (1 code @ 00000000b5e8c395, 1 data @ 00000000a731730d)
 hw-breakpoint: found 6 breakpoint and 4 watchpoint registers.
 DMA: preallocated 256 KiB pool for atomic allocations
 Serial: AMBA PL011 UART driver
Diff for ./tegra210-p2371-2180/tegra210-p2371-2180/defconfig%jetson-tx1_log.txt
Binary files /tmp/fooa and /tmp/foob differ
Diff for ./tegra210-smaug/tegra210-smaug/defconfig_log.txt
--- /tmp/fooa	2018-01-07 15:26:24.468852377 -0800
+++ /tmp/foob	2018-01-07 15:26:24.468852377 -0800
@@ -1,5 +1,5 @@
 Booting Linux on physical CPU 0x0000000000 [0x411fd071]
-Linux version 4.15.0-rc6-335362-g30a7acd57389 (jonathanh@tamien) (gcc version 4.9.2 20140904 (prerelease) (crosstool-NG linaro-1.13.1-4.9-2014.09 - Linaro GCC 4.9-2014.09)) #1 SMP PREEMPT Tue Jan 2 07:37:43 PST 2018
+Linux version 4.15.0-rc7-335524-gb2cd1df66037 (jonathanh@tamien) (gcc version 4.9.2 20140904 (prerelease) (crosstool-NG linaro-1.13.1-4.9-2014.09 - Linaro GCC 4.9-2014.09)) #1 SMP PREEMPT Sun Jan 7 15:15:44 PST 2018
 Machine model: Google Pixel C
 efi: Getting EFI parameters from FDT:
 efi: UEFI not found.
@@ -17,7 +17,6 @@
   node   0: [mem 0x0000000080000000-0x00000000f65fffff]
   node   0: [mem 0x0000000100000000-0x000000013fffffff]
 Initmem setup node 0 [mem 0x0000000080000000-0x000000013fffffff]
-Reserved but unavailable: 39424 pages
 psci: probing for conduit method from DT.
 psci: PSCIv1.0 detected in firmware.
 psci: Using standard PSCI v0.2 function IDs
@@ -30,7 +29,7 @@
 Policy zone: Normal
 Kernel command line: cros_secure vpr=0x08000000@0xf6800000 earlycon
 software IO TLB [mem 0xf1400000-0xf5400000] (64MB) mapped at [        (ptrval)-        (ptrval)]
-Memory: 2835764K/2988032K available (9404K kernel code, 1150K rwdata, 4460K rodata, 1088K init, 395K bss, 135884K reserved, 16384K cma-reserved)
+Memory: 2835772K/2988032K available (9404K kernel code, 1150K rwdata, 4460K rodata, 1088K init, 395K bss, 135876K reserved, 16384K cma-reserved)
 Virtual kernel memory layout:
     modules : 0xffff000000000000 - 0xffff000008000000   (   128 MB)
     vmalloc : 0xffff000008000000 - 0xffff7dffbfff0000   (129022 GB)
@@ -109,7 +108,7 @@
 audit: initializing netlink subsys (disabled)
 audit: type=2000 audit(0.180:1): state=initialized audit_enabled=0 res=1
 cpuidle: using governor menu
-vdso: 2 pages (1 code @ 0000000014ddff52, 1 data @ 00000000648f966a)
+vdso: 2 pages (1 code @ 000000004b0d18b5, 1 data @ 0000000020b1e83d)
 hw-breakpoint: found 6 breakpoint and 4 watchpoint registers.
 DMA: preallocated 256 KiB pool for atomic allocations
 Serial: AMBA PL011 UART driver
@@ -265,7 +264,7 @@
 mmcblk0boot1: mmc0:0001 BGND3R partition 2 4.00 MiB
 mmcblk0rpmb: mmc0:0001 BGND3R partition 3 4.00 MiB, chardev (240:0)
  mmcblk0: p1 p2 p3 p4 p5 p6 p7 p8 p9 p10 p11
-max77686-rtc max77620-rtc: setting system clock to 2001-10-13 21:08:50 UTC (1003007330)
+max77686-rtc max77620-rtc: setting system clock to 2001-10-19 04:45:15 UTC (1003466715)
 PP1200_AVDD: disabling
 PP1200_RCAM: disabling
 PP2800L_RCAM: disabling
@@ -276,8 +275,8 @@
 PP1800_CAM: disabling
 ALSA device list:
   No soundcards found.
-Freeing unused kernel memory: 1088K
 tegra-i2c 7000d100.i2c: could not find pctldev for node /host1x@50000000/dpaux@545c0000/pinmux-i2c, deferring probe
+Freeing unused kernel memory: 1088K
 
 System initialization...
 
Diff for ./tegra30-beaver/tegra30-beaver/multi_v7_defconfig_log.txt
--- /tmp/fooa	2018-01-07 15:26:24.496852527 -0800
+++ /tmp/foob	2018-01-07 15:26:24.496852527 -0800
@@ -40,7 +40,7 @@
 	 #################################################################
 	 #################################################################
 	 ##############################
-	 3 MiB/s
+	 2.8 MiB/s
 done
 Bytes transferred = 8065536 (7b1200 hex)
 Tegra30 (Beaver) # tftpboot 0x82000000 tegra30-beaver.dtb
@@ -49,7 +49,7 @@
 Filename 'tegra30-beaver.dtb'.
 Load address: 0x82000000
 Loading: *####
-	 2.6 MiB/s
+	 2.7 MiB/s
 done
 Bytes transferred = 51470 (c90e hex)
 Tegra30 (Beaver) # bootz 0x81000000 - 0x82000000
@@ -61,7 +61,7 @@
 Starting kernel ...
 
 Booting Linux on physical CPU 0x0
-Linux version 4.15.0-rc6-335362-g30a7acd57389 (jonathanh@tamien) (gcc version 4.7.3 20130328 (prerelease) (crosstool-NG linaro-1.13.1-4.7-2013.04-20130415 - Linaro GCC 2013.04)) #1 SMP Tue Jan 2 07:31:59 PST 2018
+Linux version 4.15.0-rc7-335524-gb2cd1df66037 (jonathanh@tamien) (gcc version 4.7.3 20130328 (prerelease) (crosstool-NG linaro-1.13.1-4.7-2013.04-20130415 - Linaro GCC 2013.04)) #1 SMP Sun Jan 7 15:09:21 PST 2018
 CPU: ARMv7 Processor [412fc099] revision 9 (ARMv7), cr=10c5387d
 CPU: PIPT / VIPT nonaliasing data cache, VIPT aliasing instruction cache
 OF: fdt: Machine model: NVIDIA Tegra30 Beaver evaluation board
@@ -433,7 +433,7 @@
 r8169 Gigabit Ethernet driver 2.3LK-NAPI loaded
 r8169 0000:01:00.0: enabling device (0140 -> 0143)
 r8169 0000:01:00.0 (unnamed net_device) (uninitialized): not PCI Express
-r8169 0000:01:00.0 eth0: RTL8168evl/8111evl at 0xb3c6787f, 02:04:4b:01:60:a6, XID 0c900800 IRQ 18
+r8169 0000:01:00.0 eth0: RTL8168evl/8111evl at 0xf5018321, 02:04:4b:01:60:a6, XID 0c900800 IRQ 18
 r8169 0000:01:00.0 eth0: jumbo features [frames: 9200 bytes, tx checksumming: ko]
 [drm] Supports vblank timestamp caching Rev 2 (21.10.2013).
 [drm] No driver support for vblank timestamp query.
@@ -464,4 +464,4 @@
 Freeing unused kernel memory: 2048K
 bash: cannot set terminal process group (-1): Inappropriate ioctl for device
 bash: no job control in this shell
-root@(none):/# [    4.504055] usb 2-1: new high-speed USB device number 2 using tegra-ehci
+root@(none):/# [    4.504063] usb 2-1: new high-speed USB device number 2 using tegra-ehci
Diff for ./tegra30-beaver/tegra30-beaver/tegra_defconfig_log.txt
--- /tmp/fooa	2018-01-07 15:26:24.500852549 -0800
+++ /tmp/foob	2018-01-07 15:26:24.504852570 -0800
@@ -38,20 +38,20 @@
 	 #################################################################
 	 #################################################################
 	 ###############################
-	 3.1 MiB/s
+	 3.4 MiB/s
 done
-Bytes transferred = 6168816 (5e20f0 hex)
+Bytes transferred = 6169040 (5e21d0 hex)
 Tegra30 (Beaver) # tftpboot 0x82000000 tegra30-beaver.dtb
 Using asx0 device
 TFTP from server 192.168.100.1; our IP address is 192.168.100.101
 Filename 'tegra30-beaver.dtb'.
 Load address: 0x82000000
 Loading: *####
-	 2.7 MiB/s
+	 3.1 MiB/s
 done
 Bytes transferred = 51470 (c90e hex)
 Tegra30 (Beaver) # bootz 0x81000000 - 0x82000000
-Kernel image @ 0x81000000 [ 0x000000 - 0x5e20f0 ]
+Kernel image @ 0x81000000 [ 0x000000 - 0x5e21d0 ]
 ## Flattened Device Tree blob at 82000000
    Booting using the fdt blob at 0x82000000
    Loading Device Tree to 8fff0000, end 8ffff90d ... OK
@@ -59,7 +59,7 @@
 Starting kernel ...
 
 Booting Linux on physical CPU 0x0
-Linux version 4.15.0-rc6-15413-g30a7acd (jonathanh@kaivo) (gcc version 4.7.3 20130328 (prerelease) (crosstool-NG linaro-1.13.1-4.7-2013.04-20130415 - Linaro GCC 2013.04)) #1 SMP PREEMPT Tue Jan 2 07:31:20 PST 2018
+Linux version 4.15.0-rc7-15575-gb2cd1df (jonathanh@kaivo) (gcc version 4.7.3 20130328 (prerelease) (crosstool-NG linaro-1.13.1-4.7-2013.04-20130415 - Linaro GCC 2013.04)) #1 SMP PREEMPT Sun Jan 7 15:08:02 PST 2018
 CPU: ARMv7 Processor [412fc099] revision 9 (ARMv7), cr=10c5387d
 CPU: PIPT / VIPT nonaliasing data cache, VIPT aliasing instruction cache
 OF: fdt: Machine model: NVIDIA Tegra30 Beaver evaluation board
@@ -427,7 +427,7 @@
 r8169 Gigabit Ethernet driver 2.3LK-NAPI loaded
 r8169 0000:01:00.0: enabling device (0140 -> 0143)
 r8169 0000:01:00.0 (unnamed net_device) (uninitialized): not PCI Express
-r8169 0000:01:00.0 eth0: RTL8168evl/8111evl at 0xccfd581f, 02:04:4b:01:60:a6, XID 0c900800 IRQ 18
+r8169 0000:01:00.0 eth0: RTL8168evl/8111evl at 0x98b05837, 02:04:4b:01:60:a6, XID 0c900800 IRQ 18
 r8169 0000:01:00.0 eth0: jumbo features [frames: 9200 bytes, tx checksumming: ko]
 [drm] Supports vblank timestamp caching Rev 2 (21.10.2013).
 [drm] No driver support for vblank timestamp query.
@@ -464,4 +464,4 @@
 Freeing unused kernel memory: 1024K
 bash: cannot set terminal process group (-1): Inappropriate ioctl for device
 bash: no job control in this shell
-root@(none):/# [    4.727599] usb 2-1: new high-speed USB device number 2 using tegra-ehci
+root@(none):/# [    4.727616] usb 2-1: new high-speed USB device number 2 using tegra-ehci
