

U-Boot 2011.03 (Jun 11 2013 - 06:07:37)

T114
Board: NVIDIA Dalmore
DRAM:  2 GiB
MMC:   Tegra2 SD/MMC: 0, Tegra2 SD/MMC: 1
In:    serial
Out:   serial
Err:   serial
Net:   Net Initialization Skipped
No ethernet found.
Hit any key to stop autoboot:  2  1  0 
Dalmore #
Dalmore #usb reset
(Re)start USB...
USB:   Register 10011 NbrPorts 1
USB EHCI 1.10
scanning bus for devices... 2 USB Device(s) found
       scanning bus for storage devices... 0 Storage Device(s) found
       scanning bus for ethernet devices... 1 Ethernet Device(s) found
Dalmore #setenv bootargs 'ignore_loglevel console=ttyS0,115200n8 rw root=/dev/mmcblk0p1 rootwait gpt init=/bin/bash'
Dalmore #setenv ipaddr 192.168.100.100; setenv serverip 192.168.100.1; setenv tftpserverip 192.168.100.1
Dalmore #tftpboot 0x81000000 zImage.multi_v7_defconfig
Waiting for Ethernet connection... done.
Using asx0 device
TFTP from server 192.168.100.1; our IP address is 192.168.100.100
Filename 'zImage.multi_v7_defconfig'.
Load address: 0x81000000
Loading: *#################################################  2.8 MiB/s
done
Bytes transferred = 3948640 (3c4060 hex)
Dalmore #tftpboot 0x82000000 tegra114-dalmore.dtb
Using asx0 device
TFTP from server 192.168.100.1; our IP address is 192.168.100.100
Filename 'tegra114-dalmore.dtb'.
Load address: 0x82000000
Loading: *#################################################  2.5 MiB/s
done
Bytes transferred = 24048 (5df0 hex)
Dalmore #bootz 0x81000000 - 0x82000000
## Flattened Device Tree blob at 82000000
   Booting using the fdt blob at 0x82000000
   Loading Device Tree to 81ff7000, end 81fffdef ... OK

Starting kernel ...

Timer summary in microseconds:
       Mark    Elapsed  Stage
          0          0  awake
  2,923,778  2,923,778  usb_start
  6,927,377  4,003,599  eth_start
  6,927,375         -2  tftp start
 10,762,521  3,835,146  tftp done
 12,939,269  2,176,748  start_kernel
[    0.000000] Booting Linux on physical CPU 0x0
[    0.000000] Linux version 3.11.0-rc2-11028-g3b2f64d (pwalmsley@tamien) (gcc version 4.5.1 (Sourcery G++ Lite 2010.09-50) ) #1 SMP Mon Jul 29 21:07:27 PDT 2013
[    0.000000] CPU: ARMv7 Processor [412fc0f2] revision 2 (ARMv7), cr=10c5387d
[    0.000000] CPU: PIPT / VIPT nonaliasing data cache, PIPT instruction cache
[    0.000000] Machine: NVIDIA Tegra SoC (Flattened Device Tree), model: NVIDIA Tegra114 Dalmore evaluation board
[    0.000000] debug: ignoring loglevel setting.
[    0.000000] Memory policy: ECC disabled, Data cache writealloc
[    0.000000] On node 0 totalpages: 524032
[    0.000000] free_area_init_node: node 0, pgdat c07aa680, node_mem_map c07f2000
[    0.000000]   DMA zone: 1520 pages used for memmap
[    0.000000]   DMA zone: 0 pages reserved
[    0.000000]   DMA zone: 194560 pages, LIFO batch:31
[    0.000000]   HighMem zone: 2574 pages used for memmap
[    0.000000]   HighMem zone: 329472 pages, LIFO batch:31
[    0.000000] Tegra Revision: A01 SKU: 0 CPU Process: 1 Core Process: 1
[    0.000000] PERCPU: Embedded 5 pages/cpu @c1807000 s7168 r0 d13312 u32768
[    0.000000] pcpu-alloc: s7168 r0 d13312 u32768 alloc=8*4096
[    0.000000] pcpu-alloc: [0] 0 [0] 1 [0] 2 [0] 3 
[    0.000000] Built 1 zonelists in Zone order, mobility grouping on.  Total pages: 522512
[    0.000000] Kernel command line: ignore_loglevel console=ttyS0,115200n8 rw root=/dev/mmcblk0p1 rootwait gpt init=/bin/bash
[    0.000000] PID hash table entries: 4096 (order: 2, 16384 bytes)
[    0.000000] Dentry cache hash table entries: 131072 (order: 7, 524288 bytes)
[    0.000000] Inode-cache hash table entries: 65536 (order: 6, 262144 bytes)
[    0.000000] Memory: 2070608K/2096128K available (5354K kernel code, 583K rwdata, 1404K rodata, 475K init, 278K bss, 25520K reserved, 1317888K highmem)
[    0.000000] Virtual kernel memory layout:
[    0.000000]     vector  : 0xffff0000 - 0xffff1000   (   4 kB)
[    0.000000]     fixmap  : 0xfff00000 - 0xfffe0000   ( 896 kB)
[    0.000000]     vmalloc : 0xf0000000 - 0xff000000   ( 240 MB)
[    0.000000]     lowmem  : 0xc0000000 - 0xef800000   ( 760 MB)
[    0.000000]     pkmap   : 0xbfe00000 - 0xc0000000   (   2 MB)
[    0.000000]       .text : 0xc0008000 - 0xc06a1da0   (6760 kB)
[    0.000000]       .init : 0xc06a2000 - 0xc0718c00   ( 475 kB)
[    0.000000]       .data : 0xc071a000 - 0xc07abdc0   ( 584 kB)
[    0.000000]        .bss : 0xc07abdc0 - 0xc07f1614   ( 279 kB)
[    0.000000] SLUB: HWalign=64, Order=0-3, MinObjects=0, CPUs=4, Nodes=1
[    0.000000] Hierarchical RCU implementation.
[    0.000000] NR_IRQS:16 nr_irqs:16 16
[    0.000000] sched_clock: 32 bits at 1000kHz, resolution 1000ns, wraps every 4294967ms
[    0.000000] Architected local timer running at 12.00MHz (virt).
[    0.000000] Switching to timer-based delay loop
[    0.000000] sched_clock: ARM arch timer >56 bits at 12000kHz, resolution 83ns
[    0.000000] Console: colour dummy device 80x30
[   13.102033] Calibrating delay loop (skipped), value calculated using timer frequency.. 24.00 BogoMIPS (lpj=120000)
[   13.102050] pid_max: default: 32768 minimum: 301
[   13.102205] Mount-cache hash table entries: 512
[   13.108708] CPU: Testing write buffer coherency: ok
[   13.108944] /cpus/cpu@0 missing clock-frequency property
[   13.108957] /cpus/cpu@1 missing clock-frequency property
[   13.108966] /cpus/cpu@2 missing clock-frequency property
[   13.108974] /cpus/cpu@3 missing clock-frequency property
[   13.108988] CPU0: thread -1, cpu 0, socket 0, mpidr 80000000
[   13.109016] Setting up static identity map for 0xc0515c88 - 0xc0515d20
[   13.109193] unable to find compatible sirf rstc node in dtb
[   13.110533] CPU1: Booted secondary processor
[   13.110562] CPU1: thread -1, cpu 1, socket 0, mpidr 80000001
[   13.111245] CPU2: Booted secondary processor
[   13.111269] CPU2: thread -1, cpu 2, socket 0, mpidr 80000002
[   13.111941] CPU3: Booted secondary processor
[   13.111966] CPU3: thread -1, cpu 3, socket 0, mpidr 80000003
[   13.112053] Brought up 4 CPUs
[   13.112079] SMP: Total of 4 processors activated (96.00 BogoMIPS).
[   13.112086] CPU: All CPU(s) started in SVC mode.
[   13.112721] devtmpfs: initialized
[   13.118240] pinctrl core: initialized pinctrl subsystem
[   13.118583] regulator-dummy: no parameters
[   13.118925] NET: Registered protocol family 16
[   13.119153] DMA: preallocated 256 KiB pool for atomic coherent allocations
[   13.119339] unable to find compatible sirf pwrc node in dtb
[   13.128968] Serial: AMBA PL011 UART driver
[   13.133844] bio: create slab <bio-0> at 0
[   13.135149] edma-dma-engine edma-dma-engine.0: Can't allocate PaRAM dummy slot
[   13.135170] edma-dma-engine: probe of edma-dma-engine.0 failed with error -5
[   13.135533] vdd_ac_bat: 5000 mV 
[   13.135715] dvdd_ts: Failed to request enable GPIO61: -517
[   13.135802] reg-fixed-voltage 1.regulator: Failed to register regulator: -517
[   13.135821] platform 1.regulator: Driver reg-fixed-voltage requests probe deferral
[   13.135936] lcd_bl_en: Failed to request enable GPIO58: -517
[   13.136011] reg-fixed-voltage 2.regulator: Failed to register regulator: -517
[   13.136028] platform 2.regulator: Driver reg-fixed-voltage requests probe deferral
[   13.136143] usb1_vbus: Failed to request enable GPIO108: -517
[   13.136217] reg-fixed-voltage 3.regulator: Failed to register regulator: -517
[   13.136234] platform 3.regulator: Driver reg-fixed-voltage requests probe deferral
[   13.136347] usb2_vbus: Failed to request enable GPIO86: -517
[   13.136420] reg-fixed-voltage 4.regulator: Failed to register regulator: -517
[   13.136437] platform 4.regulator: Driver reg-fixed-voltage requests probe deferral
[   13.136549] vdd_hdmi_5v0: Failed to request enable GPIO81: -517
[   13.136621] reg-fixed-voltage 5.regulator: Failed to register regulator: -517
[   13.136638] platform 5.regulator: Driver reg-fixed-voltage requests probe deferral
[   13.137499] vgaarb: loaded
[   13.137818] SCSI subsystem initialized
[   13.137968] libata version 3.00 loaded.
[   13.138143] usbcore: registered new interface driver usbfs
[   13.138180] usbcore: registered new interface driver hub
[   13.138273] usbcore: registered new device driver usb
[   13.140920] vdd-cpu: 500 <--> 1520 mV at 1100 mV 
[   13.141179] pps_core: LinuxPPS API ver. 1 registered
[   13.141188] pps_core: Software ver. 5.3.6 - Copyright 2005-2007 Rodolfo Giometti <giometti@linux.it>
[   13.141208] PTP clock support registered
[   13.141242] EDAC MC: Ver: 3.0.0
[   13.142133] Switched to clocksource arch_sys_counter
[   13.149613] NET: Registered protocol family 2
[   13.150093] TCP established hash table entries: 8192 (order: 4, 65536 bytes)
[   13.150283] TCP bind hash table entries: 8192 (order: 4, 65536 bytes)
[   13.150460] TCP: Hash tables configured (established 8192 bind 8192)
[   13.150519] TCP: reno registered
[   13.150534] UDP hash table entries: 512 (order: 2, 16384 bytes)
[   13.150575] UDP-Lite hash table entries: 512 (order: 2, 16384 bytes)
[   13.150802] NET: Registered protocol family 1
[   13.151064] RPC: Registered named UNIX socket transport module.
[   13.151074] RPC: Registered udp transport module.
[   13.151082] RPC: Registered tcp transport module.
[   13.151089] RPC: Registered tcp NFSv4.1 backchannel transport module.
[   13.151100] PCI: CLS 0 bytes, default 64
[   13.153026] bounce pool size: 64 pages
[   13.160471] NFS: Registering the id_resolver key type
[   13.160511] Key type id_resolver registered
[   13.160521] Key type id_legacy registered
[   13.160757] Block layer SCSI generic (bsg) driver version 0.4 loaded (major 251)
[   13.160768] io scheduler noop registered
[   13.160777] io scheduler deadline registered
[   13.160916] io scheduler cfq registered (default)
[   13.169245] tegra-apbdma 6000a000.dma: Tegra20 APB DMA driver register 32 channels
[   13.216559] Serial: 8250/16550 driver, 4 ports, IRQ sharing disabled
[   13.217662] Serial: IMX driver
[   13.218633] 70006300.serial: ttyS0 at MMIO 0x70006300 (irq = 122) is a Tegra
[   13.929868] console [ttyS0] enabled
[   13.934152] serial: Freescale lpuart driver
[   13.938506] [drm] Initialized drm 1.1.0 20060810
[   13.945342] ehci_hcd: USB 2.0 'Enhanced' Host Controller (EHCI) Driver
[   13.951851] ehci-pci: EHCI PCI platform driver
[   13.956300] ehci-platform: EHCI generic platform driver
[   13.961600] ehci-mxc: Freescale On-Chip EHCI Host driver
[   13.966931] ehci-omap: OMAP-EHCI Host Controller driver
[   13.972215] ehci-orion: EHCI orion driver
[   13.976276] SPEAr-ehci: EHCI SPEAr driver
[   13.980350] tegra-ehci: Tegra EHCI driver
[   13.984667] usbcore: registered new interface driver usb-storage
[   13.991477] mousedev: PS/2 mouse device common for all mice
[   13.997675] tegra_rtc 7000e000.rtc: rtc core: registered 7000e000.rtc as rtc0
[   14.004805] tegra_rtc 7000e000.rtc: Tegra internal Real Time Clock
[   14.011511] sdhci: Secure Digital Host Controller Interface driver
[   14.017655] sdhci: Copyright(c) Pierre Ossman
[   14.022296] sdhci-pltfm: SDHCI platform and OF driver helper
[   14.028240] sdhci-tegra 78000400.sdhci: Got CD GPIO #170.
[   14.034658] mmc0: no vqmmc regulator found
[   14.038750] mmc0: no vmmc regulator found
[   14.042737] mmc0: Invalid maximum block size, assuming 512 bytes
[   14.088343] mmc0: SDHCI controller on 78000400.sdhci [78000400.sdhci] using ADMA
[   14.095815] mmc1: no vqmmc regulator found
[   14.099906] mmc1: no vmmc regulator found
[   14.103892] mmc1: Invalid maximum block size, assuming 512 bytes
[   14.148106] mmc1: SDHCI controller on 78000600.sdhci [78000600.sdhci] using ADMA
[   14.155860] usbcore: registered new interface driver usbhid
[   14.161414] usbhid: USB HID core driver
[   14.165452] TCP: cubic registered
[   14.169229] NET: Registered protocol family 10
[   14.174270] sit: IPv6 over IPv4 tunneling driver
[   14.179434] Key type dns_resolver registered
[   14.183790] VFP support v0.3: implementor 41 architecture 4 part 30 variant f rev 0
[   14.191454] Registering SWP/SWPB emulation handler
[   14.197174] dvdd_ts: 1800 mV 
[   14.200446] lcd_bl_en: 5000 mV 
[   14.203819] usb1_vbus: 5000 mV 
[   14.206983] reg-fixed-voltage 3.regulator: Failed to find supply vin
[   14.213408] reg-fixed-voltage 3.regulator: Failed to register regulator: -517
[   14.220530] platform 3.regulator: Driver reg-fixed-voltage requests probe deferral
[   14.228478] usb2_vbus: 5000 mV 
[   14.231626] reg-fixed-voltage 4.regulator: Failed to find supply vin
[   14.238039] reg-fixed-voltage 4.regulator: Failed to register regulator: -517
[   14.245143] platform 4.regulator: Driver reg-fixed-voltage requests probe deferral
[   14.253032] vdd_hdmi_5v0: 5000 mV 
[   14.256439] reg-fixed-voltage 5.regulator: Failed to find supply vin
[   14.262849] reg-fixed-voltage 5.regulator: Failed to register regulator: -517
[   14.269895] mmc1: BKOPS_EN bit is not set
[   14.273944] platform 5.regulator: Driver reg-fixed-voltage requests probe deferral
[   14.281681] tegra_rtc 7000e000.rtc: setting system clock to 1970-01-01 00:00:15 UTC (15)
[   14.290861] Waiting for root device /dev/mmcblk0p1...
 
[   14.296368] mmc1: new HS200 MMC card at address 0001
[   14.301863] mmcblk0: mmc1:0001 SEM32G 29.1 GiB 
[   14.306524] mmcblk0boot0: mmc1:0001 SEM32G partition 1 4.00 MiB
[   14.312569] mmcblk0boot1: mmc1:0001 SEM32G partition 2 4.00 MiB
[   14.318611] mmcblk0rpmb: mmc1:0001 SEM32G partition 3 4.00 MiB
[   14.326594] Primary GPT is invalid, using alternate GPT.
[   14.331913]  mmcblk0: p1 p2 p3 p4 p5
[   14.337966]  mmcblk0boot1: unknown partition table
[   14.344139]  mmcblk0boot0: unknown partition table
[   14.349365] usb1_vbus: 5000 mV 
[   14.352526] reg-fixed-voltage 3.regulator: Failed to find supply vin
[   14.358951] reg-fixed-voltage 3.regulator: Failed to register regulator: -517
[   14.366056] platform 3.regulator: Driver reg-fixed-voltage requests probe deferral
[   14.373979] usb2_vbus: 5000 mV 
[   14.377127] reg-fixed-voltage 4.regulator: Failed to find supply vin
[   14.383534] reg-fixed-voltage 4.regulator: Failed to register regulator: -517
[   14.390649] platform 4.regulator: Driver reg-fixed-voltage requests probe deferral
[   14.398526] vdd_hdmi_5v0: 5000 mV 
[   14.401934] reg-fixed-voltage 5.regulator: Failed to find supply vin
[   14.408338] reg-fixed-voltage 5.regulator: Failed to register regulator: -517
[   14.415441] platform 5.regulator: Driver reg-fixed-voltage requests probe deferral
[   14.510388] EXT4-fs (mmcblk0p1): mounting ext3 file system using the ext4 subsystem
[   14.544114] EXT4-fs (mmcblk0p1): recovery complete
[   14.548913] EXT4-fs (mmcblk0p1): mounted filesystem with ordered data mode. Opts: (null)
[   14.557002] VFS: Mounted root (ext3 filesystem) on device 179:1.
[   14.564862] devtmpfs: mounted
[   14.568259] Freeing unused kernel memory: 472K (c06a2000 - c0718000)
bash: cannot set terminal process group (-1): Inappropriate ioctl for device
bash: no job control in this shell
I have no name!@(none):/#  
I have no name!@(none):/# 