

U-Boot 2011.03 (Jun 11 2013 - 06:07:37)

T114
Board: NVIDIA Dalmore
DRAM:  2 GiB
MMC:   Tegra2 SD/MMC: 0, Tegra2 SD/MMC: 1
In:    serial
Out:   serial
Err:   serial
Net:   Net Initialization Skipped
No ethernet found.
Hit any key to stop autoboot:  2  1  0 
Dalmore #
Dalmore #usb reset
(Re)start USB...
USB:   Register 10011 NbrPorts 1
USB EHCI 1.10
scanning bus for devices... 2 USB Device(s) found
       scanning bus for storage devices... 0 Storage Device(s) found
       scanning bus for ethernet devices... 1 Ethernet Device(s) found
Dalmore #setenv bootargs 'ignore_loglevel console=ttyS0,115200n8 rw root=/dev/mmcblk0p1 rootwait gpt init=/bin/bash'
Dalmore #setenv ipaddr 192.168.100.100; setenv serverip 192.168.100.1; setenv tftpserverip 192.168.100.1
Dalmore #tftpboot 0x81000000 zImage.tegra_defconfig
Waiting for Ethernet connection... done.
Using asx0 device
TFTP from server 192.168.100.1; our IP address is 192.168.100.100
Filename 'zImage.tegra_defconfig'.
Load address: 0x81000000
Loading: *#################################################  2.8 MiB/s
done
Bytes transferred = 4327240 (420748 hex)
Dalmore #tftpboot 0x82000000 tegra114-dalmore.dtb
Using asx0 device
TFTP from server 192.168.100.1; our IP address is 192.168.100.100
Filename 'tegra114-dalmore.dtb'.
Load address: 0x82000000
Loading: *#################################################  2.5 MiB/s
done
Bytes transferred = 24048 (5df0 hex)
Dalmore #bootz 0x81000000 - 0x82000000
## Flattened Device Tree blob at 82000000
   Booting using the fdt blob at 0x82000000
   Loading Device Tree to 81ff7000, end 81fffdef ... OK

Starting kernel ...

Timer summary in microseconds:
       Mark    Elapsed  Stage
          0          0  awake
  3,077,632  3,077,632  usb_start
  7,081,118  4,003,486  eth_start
  7,081,116         -2  tftp start
 10,993,383  3,912,267  tftp done
 13,093,468  2,100,085  start_kernel
[    0.000000] Booting Linux on physical CPU 0x0
[    0.000000] Initializing cgroup subsys cpu
[    0.000000] Initializing cgroup subsys cpuacct
[    0.000000] Linux version 3.11.0-rc2-11028-g3b2f64d (pwalmsley@tamien) (gcc version 4.5.1 (Sourcery G++ Lite 2010.09-50) ) #1 SMP PREEMPT Mon Jul 29 21:04:58 PDT 2013
[    0.000000] CPU: ARMv7 Processor [412fc0f2] revision 2 (ARMv7), cr=10c5387d
[    0.000000] CPU: PIPT / VIPT nonaliasing data cache, PIPT instruction cache
[    0.000000] Machine: NVIDIA Tegra SoC (Flattened Device Tree), model: NVIDIA Tegra114 Dalmore evaluation board
[    0.000000] debug: ignoring loglevel setting.
[    0.000000] cma: CMA: reserved 16 MiB at ae800000
[    0.000000] Memory policy: ECC disabled, Data cache writealloc
[    0.000000] On node 0 totalpages: 524032
[    0.000000] free_area_init_node: node 0, pgdat c07ff740, node_mem_map c0857000
[    0.000000]   Normal zone: 1520 pages used for memmap
[    0.000000]   Normal zone: 0 pages reserved
[    0.000000]   Normal zone: 194560 pages, LIFO batch:31
[    0.000000]   HighMem zone: 2574 pages used for memmap
[    0.000000]   HighMem zone: 329472 pages, LIFO batch:31
[    0.000000] Tegra Revision: A01 SKU: 0 CPU Process: 1 Core Process: 1
[    0.000000] PERCPU: Embedded 8 pages/cpu @c186c000 s9536 r8192 d15040 u32768
[    0.000000] pcpu-alloc: s9536 r8192 d15040 u32768 alloc=8*4096
[    0.000000] pcpu-alloc: [0] 0 [0] 1 [0] 2 [0] 3 
[    0.000000] Built 1 zonelists in Zone order, mobility grouping on.  Total pages: 522512
[    0.000000] Kernel command line: ignore_loglevel console=ttyS0,115200n8 rw root=/dev/mmcblk0p1 rootwait gpt init=/bin/bash
[    0.000000] PID hash table entries: 4096 (order: 2, 16384 bytes)
[    0.000000] Dentry cache hash table entries: 131072 (order: 7, 524288 bytes)
[    0.000000] Inode-cache hash table entries: 65536 (order: 6, 262144 bytes)
[    0.000000] Memory: 2053740K/2096128K available (5874K kernel code, 299K rwdata, 1748K rodata, 237K init, 342K bss, 42388K reserved, 1317888K highmem)
[    0.000000] Virtual kernel memory layout:
[    0.000000]     vector  : 0xffff0000 - 0xffff1000   (   4 kB)
[    0.000000]     fixmap  : 0xfff00000 - 0xfffe0000   ( 896 kB)
[    0.000000]     vmalloc : 0xf0000000 - 0xff000000   ( 240 MB)
[    0.000000]     lowmem  : 0xc0000000 - 0xef800000   ( 760 MB)
[    0.000000]     pkmap   : 0xbfe00000 - 0xc0000000   (   2 MB)
[    0.000000]     modules : 0xbf000000 - 0xbfe00000   (  14 MB)
[    0.000000]       .text : 0xc0008000 - 0xc0779e34   (7624 kB)
[    0.000000]       .init : 0xc077a000 - 0xc07b5540   ( 238 kB)
[    0.000000]       .data : 0xc07b6000 - 0xc0800e20   ( 300 kB)
[    0.000000]        .bss : 0xc0800e20 - 0xc0856650   ( 343 kB)
[    0.000000] Preemptible hierarchical RCU implementation.
[    0.000000] NR_IRQS:16 nr_irqs:16 16
[    0.000000] sched_clock: 32 bits at 1000kHz, resolution 1000ns, wraps every 4294967ms
[    0.000000] Architected local timer running at 12.00MHz (virt).
[    0.000000] Switching to timer-based delay loop
[    0.000000] sched_clock: ARM arch timer >56 bits at 12000kHz, resolution 83ns
[    0.000000] Console: colour dummy device 80x30
[   13.331392] Calibrating delay loop (skipped), value calculated using timer frequency.. 24.00 BogoMIPS (lpj=120000)
[   13.331409] pid_max: default: 32768 minimum: 301
[   13.331849] Mount-cache hash table entries: 512
[   13.347062] Initializing cgroup subsys debug
[   13.347080] Initializing cgroup subsys freezer
[   13.347129] CPU: Testing write buffer coherency: ok
[   13.347468] /cpus/cpu@0 missing clock-frequency property
[   13.347480] /cpus/cpu@1 missing clock-frequency property
[   13.347489] /cpus/cpu@2 missing clock-frequency property
[   13.347498] /cpus/cpu@3 missing clock-frequency property
[   13.347512] CPU0: thread -1, cpu 0, socket 0, mpidr 80000000
[   13.347542] Setting up static identity map for 0xc0596d40 - 0xc0596dd8
[   13.401692] CPU1: Booted secondary processor
[   13.401720] CPU1: thread -1, cpu 1, socket 0, mpidr 80000001
[   13.421628] CPU2: Booted secondary processor
[   13.421654] CPU2: thread -1, cpu 2, socket 0, mpidr 80000002
[   13.441546] CPU3: Booted secondary processor
[   13.441571] CPU3: thread -1, cpu 3, socket 0, mpidr 80000003
[   13.441679] Brought up 4 CPUs
[   13.441707] SMP: Total of 4 processors activated (96.00 BogoMIPS).
[   13.441714] CPU: All CPU(s) started in SVC mode.
[   13.442764] devtmpfs: initialized
[   13.455752] pinctrl core: initialized pinctrl subsystem
[   13.456295] regulator-dummy: no parameters
[   13.457102] NET: Registered protocol family 16
[   13.458831] DMA: preallocated 256 KiB pool for atomic coherent allocations
[   13.470111] No ATAGs?
[   13.470143] hw-breakpoint: found 5 (+1 reserved) breakpoint and 4 watchpoint registers.
[   13.470153] hw-breakpoint: maximum watchpoint size is 8 bytes.
[   13.481166] bio: create slab <bio-0> at 0
[   13.482446] vdd_ac_bat: 5000 mV 
[   13.482752] dvdd_ts: Failed to request enable GPIO61: -517
[   13.482920] reg-fixed-voltage 1.regulator: Failed to register regulator: -517
[   13.482944] platform 1.regulator: Driver reg-fixed-voltage requests probe deferral
[   13.483141] lcd_bl_en: Failed to request enable GPIO58: -517
[   13.483288] reg-fixed-voltage 2.regulator: Failed to register regulator: -517
[   13.483310] platform 2.regulator: Driver reg-fixed-voltage requests probe deferral
[   13.483505] usb1_vbus: Failed to request enable GPIO108: -517
[   13.483649] reg-fixed-voltage 3.regulator: Failed to register regulator: -517
[   13.483671] platform 3.regulator: Driver reg-fixed-voltage requests probe deferral
[   13.483862] usb2_vbus: Failed to request enable GPIO86: -517
[   13.484008] reg-fixed-voltage 4.regulator: Failed to register regulator: -517
[   13.484029] platform 4.regulator: Driver reg-fixed-voltage requests probe deferral
[   13.484222] vdd_hdmi_5v0: Failed to request enable GPIO81: -517
[   13.484366] reg-fixed-voltage 5.regulator: Failed to register regulator: -517
[   13.484387] platform 5.regulator: Driver reg-fixed-voltage requests probe deferral
[   13.485479] vgaarb: loaded
[   13.486576] SCSI subsystem initialized
[   13.486958] usbcore: registered new interface driver usbfs
[   13.487072] usbcore: registered new interface driver hub
[   13.487224] usbcore: registered new device driver usb
[   13.491105] vdd-cpu: 500 <--> 1520 mV at 1100 mV 
[   13.491777] tps65090 1-0048: No cache defaults, reading back from HW
[   13.498141] vdd-sys-5v0: no parameters
[   13.498192] vdd-sys-5v0: supplied by vdd_ac_bat
[   13.499636] vdd-sys-3v3: no parameters
[   13.499673] vdd-sys-3v3: supplied by vdd_ac_bat
[   13.501131] vdd-ao: no parameters
[   13.501168] vdd-ao: supplied by vdd_ac_bat
[   13.501443] vdd-lcd-bl: no parameters
[   13.501479] vdd-lcd-bl: supplied by vdd_ac_bat
[   13.501735] TPS65090_RAILSFET2: no parameters
[   13.501770] TPS65090_RAILSFET2: supplied by vdd_ac_bat
[   13.502022] vdd-modem-3v3: no parameters
[   13.502056] vdd-modem-3v3: supplied by vdd-sys-3v3
[   13.502313] avdd-lcd: no parameters
[   13.502346] avdd-lcd: supplied by vdd-sys-3v3
[   13.502609] vdd-lvds: no parameters
[   13.502644] vdd-lvds: supplied by vdd-sys-3v3
[   13.502899] vdd-sd-slot: no parameters
[   13.502932] vdd-sd-slot: supplied by vdd-sys-3v3
[   13.503207] vdd-com-3v3: no parameters
[   13.503242] vdd-com-3v3: supplied by vdd-sys-3v3
[   13.503496] vdd-sby-5v0: no parameters
[   13.503528] vdd-sby-5v0: supplied by vdd_ac_bat
[   13.503786] vdd-sby-3v3: no parameters
[   13.503818] vdd-sby-3v3: supplied by vdd_ac_bat
[   13.504269] Linux video capture interface: v2.00
[   13.504967] platform 7000f010.iommu: Driver tegra-smmu requests probe deferral
[   13.505266] Advanced Linux Sound Architecture Driver Initialized.
[   13.506030] Bluetooth: Core ver 2.16
[   13.506105] NET: Registered protocol family 31
[   13.506112] Bluetooth: HCI device and connection manager initialized
[   13.506137] Bluetooth: HCI socket layer initialized
[   13.506159] Bluetooth: L2CAP socket layer initialized
[   13.506206] Bluetooth: SCO socket layer initialized
[   13.506833] cfg80211: Calling CRDA to update world regulatory domain
[   13.507956] Switched to clocksource arch_sys_counter
[   13.522231] NET: Registered protocol family 2
[   13.523132] TCP established hash table entries: 8192 (order: 4, 65536 bytes)
[   13.523340] TCP bind hash table entries: 8192 (order: 4, 65536 bytes)
[   13.523517] TCP: Hash tables configured (established 8192 bind 8192)
[   13.523962] TCP: reno registered
[   13.523977] UDP hash table entries: 512 (order: 2, 16384 bytes)
[   13.524019] UDP-Lite hash table entries: 512 (order: 2, 16384 bytes)
[   13.524430] NET: Registered protocol family 1
[   13.525151] RPC: Registered named UNIX socket transport module.
[   13.525162] RPC: Registered udp transport module.
[   13.525169] RPC: Registered tcp transport module.
[   13.525177] RPC: Registered tcp NFSv4.1 backchannel transport module.
[   13.525188] PCI: CLS 0 bytes, default 64
[   13.528948] bounce pool size: 64 pages
[   13.530618] squashfs: version 4.0 (2009/01/31) Phillip Lougher
[   13.532931] io scheduler noop registered (default)
[   13.544232] tegra-apbdma 6000a000.dma: Tegra20 APB DMA driver register 32 channels
[   13.544723] Serial: 8250/16550 driver, 4 ports, IRQ sharing disabled
[   13.546750] 70006300.serial: ttyS0 at MMIO 0x70006300 (irq = 122) is a Tegra
[   14.376524] console [ttyS0] enabled
[   14.380810] [drm] Initialized drm 1.1.0 20060810
[   14.391133] loop: module loaded
[   14.397427] m25p80 spi32766.0: w25q32dw (4096 Kbytes)
[   14.404238] pegasus: v0.9.3 (2013/04/25), Pegasus/Pegasus II USB Ethernet driver
[   14.411689] usbcore: registered new interface driver pegasus
[   14.417431] usbcore: registered new interface driver asix
[   14.422865] usbcore: registered new interface driver ax88179_178a
[   14.429012] usbcore: registered new interface driver cdc_ether
[   14.434895] usbcore: registered new interface driver r815x
[   14.440436] usbcore: registered new interface driver smsc75xx
[   14.446259] usbcore: registered new interface driver smsc95xx
[   14.452049] usbcore: registered new interface driver net1080
[   14.457759] usbcore: registered new interface driver cdc_subset
[   14.463707] usbcore: registered new interface driver zaurus
[   14.469370] usbcore: registered new interface driver cdc_ncm
[   14.475053] ehci_hcd: USB 2.0 'Enhanced' Host Controller (EHCI) Driver
[   14.481543] ehci-pci: EHCI PCI platform driver
[   14.486043] tegra-ehci: Tegra EHCI driver
[   14.490244] usbcore: registered new interface driver cdc_acm
[   14.495884] cdc_acm: USB Abstract Control Model driver for USB modems and ISDN adapters
[   14.503919] usbcore: registered new interface driver cdc_wdm
[   14.509650] usbcore: registered new interface driver usb-storage
[   14.516253] mousedev: PS/2 mouse device common for all mice
[   14.523135] tegra_rtc 7000e000.rtc: rtc core: registered 7000e000.rtc as rtc0
[   14.530294] tegra_rtc 7000e000.rtc: Tegra internal Real Time Clock
[   14.537835] sbs-battery 0-000b: sbs_probe: Failed to get device status
[   14.544358] sbs-battery: probe of 0-000b failed with error -121
[   14.553859] cpuidle: using governor ladder
[   14.557935] cpuidle: using governor menu
[   14.561898] sdhci: Secure Digital Host Controller Interface driver
[   14.568055] sdhci: Copyright(c) Pierre Ossman
[   14.572387] sdhci-pltfm: SDHCI platform and OF driver helper
[   14.578455] sdhci-tegra 78000400.sdhci: Got CD GPIO #170.
[   14.584888] mmc0: no vqmmc regulator found
[   14.588967] mmc0: no vmmc regulator found
[   14.592953] mmc0: Invalid maximum block size, assuming 512 bytes
[   14.643422] mmc0: SDHCI controller on 78000400.sdhci [78000400.sdhci] using ADMA
[   14.652969] mmc1: no vqmmc regulator found
[   14.657067] mmc1: no vmmc regulator found
[   14.661054] mmc1: Invalid maximum block size, assuming 512 bytes
[   14.703173] mmc1: SDHCI controller on 78000600.sdhci [78000600.sdhci] using ADMA
[   14.711180] usbcore: registered new interface driver usbhid
[   14.718783] usbhid: USB HID core driver
[   14.834975] mmc1: BKOPS_EN bit is not set
[   14.865472] mmc1: new HS200 MMC card at address 0001
[   14.871024] mmcblk0: mmc1:0001 SEM32G 29.1 GiB 
[   14.875865] mmcblk0boot0: mmc1:0001 SEM32G partition 1 4.00 MiB
[   14.882044] mmcblk0boot1: mmc1:0001 SEM32G partition 2 4.00 MiB
[   14.888204] mmcblk0rpmb: mmc1:0001 SEM32G partition 3 4.00 MiB
[   14.896520] Primary GPT is invalid, using alternate GPT.
[   14.901825]  mmcblk0: p1 p2 p3 p4 p5
[   14.908808]  mmcblk0boot1: unknown partition table
[   14.915289]  mmcblk0boot0: unknown partition table
[   15.172533] tegra-snd-rt5640 sound.3:  rt5640-aif1 <-> 70080400.i2s mapping ok
[   15.181070] input: NVIDIA Tegra Dalmore Headphones as /devices/soc0/sound.3/sound/card0/input0
[   15.191219] TCP: cubic registered
[   15.194801] NET: Registered protocol family 10
[   15.200608] mip6: Mobile IPv6
[   15.203584] sit: IPv6 over IPv4 tunneling driver
[   15.209820] NET: Registered protocol family 17
[   15.214303] NET: Registered protocol family 15
[   15.218901] Bluetooth: RFCOMM socket layer initialized
[   15.224028] Bluetooth: RFCOMM ver 1.11
[   15.227756] Bluetooth: BNEP (Ethernet Emulation) ver 1.3
[   15.233067] Bluetooth: BNEP socket layer initialized
[   15.238003] Bluetooth: HIDP (Human Interface Emulation) ver 1.2
[   15.243915] Bluetooth: HIDP socket layer initialized
[   15.249080] VFP support v0.3: implementor 41 architecture 4 part 30 variant f rev 0
[   15.256976] Registering SWP/SWPB emulation handler
[   15.262489] vdd-com-3v3: disabling
[   15.266483] vdd-lvds: disabling
[   15.270204] avdd-lcd: disabling
[   15.273951] vdd-lcd-bl: disabling
[   15.278331] dvdd_ts: 1800 mV 
[   15.281644] lcd_bl_en: 5000 mV 
[   15.285091] usb1_vbus: 5000 mV 
[   15.288253] usb1_vbus: supplied by vdd-sys-5v0
[   15.293045] usb2_vbus: 5000 mV 
[   15.296201] usb2_vbus: supplied by vdd-sys-5v0
[   15.301005] vdd_hdmi_5v0: 5000 mV 
[   15.304417] vdd_hdmi_5v0: supplied by vdd-sys-5v0
[   15.309644] tegra_rtc 7000e000.rtc: setting system clock to 1970-01-01 00:00:16 UTC (16)
[   15.318123] ALSA device list:
[   15.321094]   #0: NVIDIA Tegra Dalmore
 
[   15.342093] kjournald starting.  Commit interval 5 seconds
[   15.349297] EXT3-fs (mmcblk0p1): using internal journal
[   15.354549] EXT3-fs (mmcblk0p1): recovery complete
[   15.359315] EXT3-fs (mmcblk0p1): mounted filesystem with writeback data mode
[   15.366421] VFS: Mounted root (ext3 filesystem) on device 179:1.
[   15.373506] devtmpfs: mounted
[   15.376728] Freeing unused kernel memory: 236K (c077a000 - c07b5000)
bash: cannot set terminal process group (-1): Inappropriate ioctl for device
bash: no job control in this shell
I have no name!@(none):/#  
I have no name!@(none):/# 