Diff for ./qemu-vexpress64/__internal/defconfig_log.txt
--- /tmp/fooa	2016-08-21 16:42:59.678405039 -0700
+++ /tmp/foob	2016-08-21 16:42:59.682405042 -0700
@@ -1,5 +1,5 @@
 Booting Linux on physical CPU 0x0
-Linux version 4.8.0-rc2-134227-g694d0d0 (pwalmsley@tamien) (gcc version 4.9.2 20140904 (prerelease) (crosstool-NG linaro-1.13.1-4.9-2014.09 - Linaro GCC 4.9-2014.09) ) #1 SMP PREEMPT Tue Aug 16 02:37:38 PDT 2016
+Linux version 4.8.0-rc3-134580-gfa8410b (pwalmsley@tamien) (gcc version 4.9.2 20140904 (prerelease) (crosstool-NG linaro-1.13.1-4.9-2014.09 - Linaro GCC 4.9-2014.09) ) #1 SMP PREEMPT Sun Aug 21 16:38:57 PDT 2016
 Boot CPU: AArch64 Processor [411fd070]
 Memory limited to 1024MB
 efi: Getting EFI parameters from FDT:
@@ -9,7 +9,7 @@
 psci: PSCIv0.2 detected in firmware.
 psci: Using standard PSCI v0.2 function IDs
 psci: Trusted OS migration not required
-percpu: Embedded 21 pages/cpu @ffff80003efcf000 s48000 r8192 d29824 u86016
+percpu: Embedded 21 pages/cpu @ffff80003efcf000 s47488 r8192 d30336 u86016
 Detected PIPT I-cache on CPU0
 CPU features: enabling workaround for ARM erratum 832075
 CPU features: enabling workaround for ARM erratum 834220
@@ -100,7 +100,7 @@
 kvm [1]: HYP mode not available
 futex hash table entries: 256 (order: 3, 32768 bytes)
 audit: initializing netlink subsys (disabled)
-audit: type=2000 audit(0.732:1): initialized
+audit: type=2000 audit(0.808:1): initialized
 workingset: timestamp_bits=46 max_order=18 bucket_order=0
 squashfs: version 4.0 (2009/01/31) Phillip Lougher
 NFS: Registering the id_resolver key type
@@ -165,7 +165,7 @@
 Key type dns_resolver registered
 registered taskstats version 1
 input: gpio-keys as /devices/platform/gpio-keys/input/input0
-rtc-pl031 9010000.pl031: setting system clock to 2016-08-16 09:38:15 UTC (1471340295)
+rtc-pl031 9010000.pl031: setting system clock to 2016-08-21 23:39:35 UTC (1471822775)
 ALSA device list:
   No soundcards found.
 uart-pl011 9000000.pl011: no DMA platform data
Diff for ./tegra114-dalmore-a04/tegra114-dalmore/multi_v7_defconfig_log.txt
--- /tmp/fooa	2016-08-21 16:42:59.690405050 -0700
+++ /tmp/foob	2016-08-21 16:42:59.694405053 -0700
@@ -39,9 +39,9 @@
 	 #################################################################
 	 #################################################################
 	 #############################
-	 3.1 MiB/s
+	 2.9 MiB/s
 done
-Bytes transferred = 7092008 (6c3728 hex)
+Bytes transferred = 7092848 (6c3a70 hex)
 Tegra114 (Dalmore) # tftpboot 0x82000000 tegra114-dalmore.dtb
 Using asx0 device
 TFTP from server 192.168.100.1; our IP address is 192.168.100.100
@@ -52,7 +52,7 @@
 done
 Bytes transferred = 34956 (888c hex)
 Tegra114 (Dalmore) # bootz 0x81000000 - 0x82000000
-Kernel image @ 0x81000000 [ 0x000000 - 0x6c3728 ]
+Kernel image @ 0x81000000 [ 0x000000 - 0x6c3a70 ]
 ## Flattened Device Tree blob at 82000000
    Booting using the fdt blob at 0x82000000
    Loading Device Tree to 8fff4000, end 8ffff88b ... OK
@@ -60,7 +60,7 @@
 Starting kernel ...
 
 Booting Linux on physical CPU 0x0
-Linux version 4.8.0-rc2-109794-g694d0d0 (pwalmsley@sellafield) (gcc version 4.7.3 20130328 (prerelease) (crosstool-NG linaro-1.13.1-4.7-2013.04-20130415 - Linaro GCC 2013.04) ) #1 SMP Tue Aug 16 02:33:34 PDT 2016
+Linux version 4.8.0-rc3-110147-gfa8410b (pwalmsley@sellafield) (gcc version 4.7.3 20130328 (prerelease) (crosstool-NG linaro-1.13.1-4.7-2013.04-20130415 - Linaro GCC 2013.04) ) #1 SMP Sun Aug 21 16:34:34 PDT 2016
 CPU: ARMv7 Processor [412fc0f2] revision 2 (ARMv7), cr=10c5387d
 CPU: div instructions available: patching division code
 CPU: PIPT / VIPT nonaliasing data cache, PIPT instruction cache
@@ -74,8 +74,8 @@
   DMA zone: 0 pages reserved
   DMA zone: 196608 pages, LIFO batch:31
   HighMem zone: 327424 pages, LIFO batch:31
-percpu: Embedded 14 pages/cpu @eef9b000 s26496 r8192 d22656 u57344
-pcpu-alloc: s26496 r8192 d22656 u57344 alloc=14*4096
+percpu: Embedded 14 pages/cpu @eef9b000 s25984 r8192 d23168 u57344
+pcpu-alloc: s25984 r8192 d23168 u57344 alloc=14*4096
 pcpu-alloc: [0] 0 [0] 1 [0] 2 [0] 3 
 Built 1 zonelists in Zone order, mobility grouping on.  Total pages: 522496
 Kernel command line: ignore_loglevel console=ttyS0,115200n8 rw root=PARTUUID=7369c667-ff51-ec4a-29cd-baabf2fbe346 rootwait gpt debug earlyprintk init=/bin/bash
@@ -282,21 +282,19 @@
 Registering SWP/SWPB emulation handler
 usb1_vbus: supplied by vdd-sys-5v0
 usb2_vbus: supplied by vdd-sys-5v0
+mmc0: new high speed SDHC card at address aaaa
 VDD_5V0_HDMI_CON: supplied by vdd-sys-5v0
 tegra-hdmi 54280000.hdmi: failed to get PLL regulator
 tegra-dsi 54300000.dsi: cannot get VDD supply
 tegra-ehci 7d008000.usb: EHCI Host Controller
 tegra-ehci 7d008000.usb: new USB bus registered, assigned bus number 1
 tegra-ehci 7d008000.usb: irq 339, io mem 0x7d008000
-mmc0: new high speed SDHC card at address aaaa
-mmcblk0: mmc0:aaaa SL16G 14.8 GiB 
 tegra-ehci 7d008000.usb: USB 2.0 started, EHCI 1.10
 hub 1-0:1.0: USB hub found
 hub 1-0:1.0: 1 port detected
 tegra-hdmi 54280000.hdmi: failed to get PLL regulator
 tegra-dsi 54300000.dsi: cannot get VDD supply
 input: gpio-keys as /devices/soc0/gpio-keys/input/input0
- mmcblk0: p1 p2 p3
 hctosys: unable to open rtc device (rtc0)
 tegra-hdmi 54280000.hdmi: failed to get PLL regulator
 tegra-dsi 54300000.dsi: cannot get VDD supply
@@ -304,10 +302,12 @@
 dvdd_ts: disabling
 usb1_vbus: disabling
 VDD_5V0_HDMI_CON: disabling
+mmcblk0: mmc0:aaaa SL16G 14.8 GiB 
+ mmcblk0: p1 p2 p3
 Waiting for root device PARTUUID=7369c667-ff51-ec4a-29cd-baabf2fbe346...
-mmc1: new high speed MMC card at address 0001
 tegra-hdmi 54280000.hdmi: failed to get PLL regulator
 tegra-dsi 54300000.dsi: cannot get VDD supply
+mmc1: new high speed MMC card at address 0001
 mmcblk1: mmc1:0001 SEM32G 29.1 GiB 
 mmcblk1boot0: mmc1:0001 SEM32G partition 1 4.00 MiB
 mmcblk1boot1: mmc1:0001 SEM32G partition 2 4.00 MiB
Diff for ./tegra114-dalmore-a04/tegra114-dalmore/tegra_defconfig_log.txt
--- /tmp/fooa	2016-08-21 16:42:59.702405057 -0700
+++ /tmp/foob	2016-08-21 16:42:59.702405057 -0700
@@ -37,20 +37,20 @@
 	 #################################################################
 	 #################################################################
 	 ############################################
-	 3.5 MiB/s
+	 3 MiB/s
 done
-Bytes transferred = 5409448 (528aa8 hex)
+Bytes transferred = 5410256 (528dd0 hex)
 Tegra114 (Dalmore) # tftpboot 0x82000000 tegra114-dalmore.dtb
 Using asx0 device
 TFTP from server 192.168.100.1; our IP address is 192.168.100.100
 Filename 'tegra114-dalmore.dtb'.
 Load address: 0x82000000
 Loading: *###
-	 2.6 MiB/s
+	 3 MiB/s
 done
 Bytes transferred = 34956 (888c hex)
 Tegra114 (Dalmore) # bootz 0x81000000 - 0x82000000
-Kernel image @ 0x81000000 [ 0x000000 - 0x528aa8 ]
+Kernel image @ 0x81000000 [ 0x000000 - 0x528dd0 ]
 ## Flattened Device Tree blob at 82000000
    Booting using the fdt blob at 0x82000000
    Loading Device Tree to 8fff4000, end 8ffff88b ... OK
@@ -59,7 +59,7 @@
 
 Uncompressing Linux... done, booting the kernel.
 Booting Linux on physical CPU 0x0
-Linux version 4.8.0-rc2-109794-g694d0d0 (pwalmsley@kaivo) (gcc version 4.7.3 20130328 (prerelease) (crosstool-NG linaro-1.13.1-4.7-2013.04-20130415 - Linaro GCC 2013.04) ) #1 SMP PREEMPT Tue Aug 16 02:33:38 PDT 2016
+Linux version 4.8.0-rc3-110147-gfa8410b (pwalmsley@kaivo) (gcc version 4.7.3 20130328 (prerelease) (crosstool-NG linaro-1.13.1-4.7-2013.04-20130415 - Linaro GCC 2013.04) ) #1 SMP PREEMPT Sun Aug 21 16:34:24 PDT 2016
 CPU: ARMv7 Processor [412fc0f2] revision 2 (ARMv7), cr=10c5387d
 CPU: div instructions available: patching division code
 CPU: PIPT / VIPT nonaliasing data cache, PIPT instruction cache
@@ -74,8 +74,8 @@
   Normal zone: 0 pages reserved
   Normal zone: 196608 pages, LIFO batch:31
   HighMem zone: 327424 pages, LIFO batch:31
-percpu: Embedded 14 pages/cpu @eef9a000 s25984 r8192 d23168 u57344
-pcpu-alloc: s25984 r8192 d23168 u57344 alloc=14*4096
+percpu: Embedded 14 pages/cpu @eef9a000 s25472 r8192 d23680 u57344
+pcpu-alloc: s25472 r8192 d23680 u57344 alloc=14*4096
 pcpu-alloc: [0] 0 [0] 1 [0] 2 [0] 3 
 Built 1 zonelists in Zone order, mobility grouping on.  Total pages: 522496
 Kernel command line: ignore_loglevel console=ttyS0,115200n8 rw root=PARTUUID=7369c667-ff51-ec4a-29cd-baabf2fbe346 rootwait gpt debug earlyprintk init=/bin/bash
@@ -213,7 +213,6 @@
 tegra-hdmi 54280000.hdmi: failed to get HDMI regulator
 tegra-dsi 54300000.dsi: cannot get VDD supply
 loop: module loaded
-random: fast init done
 m25p80 spi32766.0: w25q32dw (4096 Kbytes)
 libphy: Fixed MDIO Bus: probed
 CAN device driver interface
@@ -246,6 +245,7 @@
 gspca_main: v2.14.0 registered
 sbs-battery 0-000b: sbs_probe: Failed to get device status
 sbs-battery: probe of 0-000b failed with error -121
+random: fast init done
 tegra-wdt 60005000.timer: initialized (heartbeat = 120 sec, nowayout = 0)
 sdhci: Secure Digital Host Controller Interface driver
 sdhci: Copyright(c) Pierre Ossman
@@ -260,8 +260,8 @@
 usbhid: USB HID core driver
 mmc0: new high speed SDHC card at address aaaa
 mmcblk0: mmc0:aaaa SL16G 14.8 GiB 
- mmcblk0: p1 p2 p3
 mmc1: new high speed MMC card at address 0001
+ mmcblk0: p1 p2 p3
 mmcblk1: mmc1:0001 SEM32G 29.1 GiB 
 mmcblk1boot0: mmc1:0001 SEM32G partition 1 4.00 MiB
 mmcblk1boot1: mmc1:0001 SEM32G partition 2 4.00 MiB
Diff for ./tegra124-jetson-tk1/tegra124-jetson-tk1/multi_v7_defconfig_log.txt
--- /tmp/fooa	2016-08-21 16:42:59.718405070 -0700
+++ /tmp/foob	2016-08-21 16:42:59.718405070 -0700
@@ -34,9 +34,9 @@
 	 #################################################################
 	 #################################################################
 	 #############################
-	 3.9 MiB/s
+	 4 MiB/s
 done
-Bytes transferred = 7092008 (6c3728 hex)
+Bytes transferred = 7092848 (6c3a70 hex)
 Tegra124 (Jetson TK1) # tftpboot 0x83000000 tegra124-jetson-tk1.dtb
 Using eth_rtl8169 device
 TFTP from server 192.168.100.1; our IP address is 192.168.100.102
@@ -47,7 +47,7 @@
 done
 Bytes transferred = 66621 (1043d hex)
 Tegra124 (Jetson TK1) # bootz 0x82000000 - 0x83000000
-Kernel image @ 0x82000000 [ 0x000000 - 0x6c3728 ]
+Kernel image @ 0x82000000 [ 0x000000 - 0x6c3a70 ]
 ## Flattened Device Tree blob at 83000000
    Booting using the fdt blob at 0x83000000
    Using Device Tree in place at 83000000, end 8301343c
@@ -55,7 +55,7 @@
 Starting kernel ...
 
 Booting Linux on physical CPU 0x0
-Linux version 4.8.0-rc2-109794-g694d0d0 (pwalmsley@sellafield) (gcc version 4.7.3 20130328 (prerelease) (crosstool-NG linaro-1.13.1-4.7-2013.04-20130415 - Linaro GCC 2013.04) ) #1 SMP Tue Aug 16 02:33:34 PDT 2016
+Linux version 4.8.0-rc3-110147-gfa8410b (pwalmsley@sellafield) (gcc version 4.7.3 20130328 (prerelease) (crosstool-NG linaro-1.13.1-4.7-2013.04-20130415 - Linaro GCC 2013.04) ) #1 SMP Sun Aug 21 16:34:34 PDT 2016
 CPU: ARMv7 Processor [413fc0f3] revision 3 (ARMv7), cr=10c5387d
 CPU: div instructions available: patching division code
 CPU: PIPT / VIPT nonaliasing data cache, PIPT instruction cache
@@ -69,8 +69,8 @@
   DMA zone: 0 pages reserved
   DMA zone: 196608 pages, LIFO batch:31
   HighMem zone: 327424 pages, LIFO batch:31
-percpu: Embedded 14 pages/cpu @eef85000 s26496 r8192 d22656 u57344
-pcpu-alloc: s26496 r8192 d22656 u57344 alloc=14*4096
+percpu: Embedded 14 pages/cpu @eef85000 s25984 r8192 d23168 u57344
+pcpu-alloc: s25984 r8192 d23168 u57344 alloc=14*4096
 pcpu-alloc: [0] 0 [0] 1 [0] 2 [0] 3 
 Built 1 zonelists in Zone order, mobility grouping on.  Total pages: 522496
 Kernel command line: ignore_loglevel console=ttyS0,115200n8 rw root=PARTUUID=b1791faa-84e8-4e27-83a1-9fb0a77e8803 rootwait gpt debug noinitrd earlyprintk init=/bin/bash
@@ -427,7 +427,7 @@
 cpufreq: cpufreq_online: CPU0: Running at unlisted freq: 696000 KHz
 cpufreq: cpufreq_online: CPU0: Unlisted initial frequency changed to: 714000 KHz
 input: gpio-keys as /devices/soc0/gpio-keys/input/input0
-as3722-rtc as3722-rtc: setting system clock to 2000-01-01 00:00:12 UTC (946684812)
+as3722-rtc as3722-rtc: setting system clock to 2000-01-01 00:02:56 UTC (946684976)
 +USB0_VBUS_SW: disabling
 +1.8V_RUN_CAM: disabling
 +2.8V_RUN_CAM: disabling
Diff for ./tegra124-jetson-tk1/tegra124-jetson-tk1/tegra_defconfig_log.txt
--- /tmp/fooa	2016-08-21 16:42:59.730405080 -0700
+++ /tmp/foob	2016-08-21 16:42:59.734405083 -0700
@@ -9,7 +9,7 @@
 Model: NVIDIA Jetson TK1
 Board: NVIDIA Jetson TK1
 DRAM:  2 GiB
-C:   Tegra SD/MMC: 0, Tegra SD/MMC: 1
+MC:   Tegra SD/MMC: 0, Tegra SD/MMC: 1
 In:    serial
 Out:   serial
 Err:   serial
@@ -32,20 +32,20 @@
 	 #################################################################
 	 #################################################################
 	 ############################################
-	 3.9 MiB/s
+	 4 MiB/s
 done
-Bytes transferred = 5409448 (528aa8 hex)
+Bytes transferred = 5410256 (528dd0 hex)
 Tegra124 (Jetson TK1) # tftpboot 0x83000000 tegra124-jetson-tk1.dtb
 Using eth_rtl8169 device
 TFTP from server 192.168.100.1; our IP address is 192.168.100.102
 Filename 'tegra124-jetson-tk1.dtb'.
 Load address: 0x83000000
 Loading: *#####
-	 3.7 MiB/s
+	 4 MiB/s
 done
 Bytes transferred = 66621 (1043d hex)
 Tegra124 (Jetson TK1) # bootz 0x82000000 - 0x83000000
-Kernel image @ 0x82000000 [ 0x000000 - 0x528aa8 ]
+Kernel image @ 0x82000000 [ 0x000000 - 0x528dd0 ]
 ## Flattened Device Tree blob at 83000000
    Booting using the fdt blob at 0x83000000
    Using Device Tree in place at 83000000, end 8301343c
@@ -54,7 +54,7 @@
 
 Uncompressing Linux... done, booting the kernel.
 Booting Linux on physical CPU 0x0
-Linux version 4.8.0-rc2-109794-g694d0d0 (pwalmsley@kaivo) (gcc version 4.7.3 20130328 (prerelease) (crosstool-NG linaro-1.13.1-4.7-2013.04-20130415 - Linaro GCC 2013.04) ) #1 SMP PREEMPT Tue Aug 16 02:33:38 PDT 2016
+Linux version 4.8.0-rc3-110147-gfa8410b (pwalmsley@kaivo) (gcc version 4.7.3 20130328 (prerelease) (crosstool-NG linaro-1.13.1-4.7-2013.04-20130415 - Linaro GCC 2013.04) ) #1 SMP PREEMPT Sun Aug 21 16:34:24 PDT 2016
 CPU: ARMv7 Processor [413fc0f3] revision 3 (ARMv7), cr=10c5387d
 CPU: div instructions available: patching division code
 CPU: PIPT / VIPT nonaliasing data cache, PIPT instruction cache
@@ -69,8 +69,8 @@
   Normal zone: 0 pages reserved
   Normal zone: 196608 pages, LIFO batch:31
   HighMem zone: 327424 pages, LIFO batch:31
-percpu: Embedded 14 pages/cpu @eef84000 s25984 r8192 d23168 u57344
-pcpu-alloc: s25984 r8192 d23168 u57344 alloc=14*4096
+percpu: Embedded 14 pages/cpu @eef84000 s25472 r8192 d23680 u57344
+pcpu-alloc: s25472 r8192 d23680 u57344 alloc=14*4096
 pcpu-alloc: [0] 0 [0] 1 [0] 2 [0] 3 
 Built 1 zonelists in Zone order, mobility grouping on.  Total pages: 522496
 Kernel command line: ignore_loglevel console=ttyS0,115200n8 rw root=PARTUUID=b1791faa-84e8-4e27-83a1-9fb0a77e8803 rootwait gpt debug noinitrd earlyprintk init=/bin/bash
@@ -222,7 +222,6 @@
 +VDDIO_SDMMC3: failed to get the current voltage(-517)
 as3722-regulator as3722-regulator: regulator 13 register failed -517
 tegra-ahci 70027000.sata: couldn't get PHY in node sata: -517
-random: fast init done
 m25p80 spi32765.0: w25q32dw (4096 Kbytes)
 libphy: Fixed MDIO Bus: probed
 CAN device driver interface
@@ -254,6 +253,7 @@
 usbcore: registered new interface driver cdc_wdm
 usbcore: registered new interface driver usb-storage
 mousedev: PS/2 mouse device common for all mice
+random: fast init done
 as3722-rtc as3722-rtc: rtc core: registered as3722-rtc as rtc0
 as3722-rtc as3722-rtc: RTC interrupt 375
 tegra_rtc 7000e000.rtc: rtc core: registered 7000e000.rtc as rtc1
@@ -442,7 +442,7 @@
 cpufreq: cpufreq_online: CPU0: Running at unlisted freq: 696000 KHz
 cpufreq: cpufreq_online: CPU0: Unlisted initial frequency changed to: 714000 KHz
 input: gpio-keys as /devices/soc0/gpio-keys/input/input2
-as3722-rtc as3722-rtc: setting system clock to 2000-01-01 00:01:41 UTC (946684901)
+as3722-rtc as3722-rtc: setting system clock to 2000-01-01 00:00:16 UTC (946684816)
 +USB0_VBUS_SW: disabling
 +1.8V_RUN_CAM: disabling
 +2.8V_RUN_CAM: disabling
Diff for ./tegra124-nyan-big/tegra124-nyan-big/multi_v7_defconfig_log.txt
--- /tmp/fooa	2016-08-21 16:42:59.738405087 -0700
+++ /tmp/foob	2016-08-21 16:42:59.742405089 -0700
@@ -5,7 +5,7 @@
 TEGRA124
 Model: Acer Chromebook 13 CB5-311
 DRAM:  4 GiB
-:   Tegra SD/MMC: 0, Tegra SD/MMC: 1, Tegra SD/MMC: 2
+C:   Tegra SD/MMC: 0, Tegra SD/MMC: 1, Tegra SD/MMC: 2
 MMC init failed
 Using default environment
 
@@ -14,7 +14,7 @@
 Err:   serial
 Net:   Net Initialization Skipped
 No ethernet found.
-Hit any key to stop autoboot:  2  0 
+Hit any key to stop autoboot:  2  1  0 
 Tegra124 (Nyan-big) # 
 Tegra124 (Nyan-big) # usb start
 starting USB...
@@ -41,20 +41,20 @@
 	 #################################################################
 	 #################################################################
 	 #############################
-	 3.5 MiB/s
+	 3.4 MiB/s
 done
-Bytes transferred = 7092008 (6c3728 hex)
+Bytes transferred = 7092848 (6c3a70 hex)
 Tegra124 (Nyan-big) # tftpboot 0x83000000 tegra124-nyan-big.dtb
 Using asx0 device
 TFTP from server 192.168.100.1; our IP address is 192.168.100.102
 Filename 'tegra124-nyan-big.dtb'.
 Load address: 0x83000000
 Loading: *#####
-	 3.4 MiB/s
+	 2.9 MiB/s
 done
 Bytes transferred = 66821 (10505 hex)
 Tegra124 (Nyan-big) # bootz 0x82000000 - 0x83000000
-Kernel image @ 0x82000000 [ 0x000000 - 0x6c3728 ]
+Kernel image @ 0x82000000 [ 0x000000 - 0x6c3a70 ]
 ## Flattened Device Tree blob at 83000000
    Booting using the fdt blob at 0x83000000
    Using Device Tree in place at 83000000, end 83013504
@@ -62,7 +62,7 @@
 Starting kernel ...
 
 Booting Linux on physical CPU 0x0
-Linux version 4.8.0-rc2-109794-g694d0d0 (pwalmsley@sellafield) (gcc version 4.7.3 20130328 (prerelease) (crosstool-NG linaro-1.13.1-4.7-2013.04-20130415 - Linaro GCC 2013.04) ) #1 SMP Tue Aug 16 02:33:34 PDT 2016
+Linux version 4.8.0-rc3-110147-gfa8410b (pwalmsley@sellafield) (gcc version 4.7.3 20130328 (prerelease) (crosstool-NG linaro-1.13.1-4.7-2013.04-20130415 - Linaro GCC 2013.04) ) #1 SMP Sun Aug 21 16:34:34 PDT 2016
 CPU: ARMv7 Processor [413fc0f3] revision 3 (ARMv7), cr=10c5387d
 CPU: div instructions available: patching division code
 CPU: PIPT / VIPT nonaliasing data cache, PIPT instruction cache
@@ -77,8 +77,8 @@
   DMA zone: 0 pages reserved
   DMA zone: 196608 pages, LIFO batch:31
   HighMem zone: 327679 pages, LIFO batch:31
-percpu: Embedded 14 pages/cpu @eef85000 s26496 r8192 d22656 u57344
-pcpu-alloc: s26496 r8192 d22656 u57344 alloc=14*4096
+percpu: Embedded 14 pages/cpu @eef85000 s25984 r8192 d23168 u57344
+pcpu-alloc: s25984 r8192 d23168 u57344 alloc=14*4096
 pcpu-alloc: [0] 0 [0] 1 [0] 2 [0] 3 
 Built 1 zonelists in Zone order, mobility grouping on.  Total pages: 522751
 Kernel command line: ignore_loglevel console=ttyS0,115200n8 rw root=PARTUUID=4d36e82a-b3c0-4b4b-bfcd-afe5217ac023 rootwait gpt debug noinitrd earlyprintk init=/bin/bash
@@ -303,8 +303,8 @@
 ThumbEE CPU extension supported.
 Registering SWP/SWPB emulation handler
 +3.3V_RUN: supplied by +3.3V_SYS
-input: Elan Touchpad as /devices/soc0/7000c400.i2c/i2c-1/1-0015/input/input0
 +3.3V_AVDD_HDMI_AP_GATED: supplied by +3.3V_RUN
+input: Elan Touchpad as /devices/soc0/7000c400.i2c/i2c-1/1-0015/input/input0
 +1.8V_RUN_CAM: supplied by +3.3V_RUN
 +VDDIO_SDMMC3: supplied by +3.3V_RUN
 +1.8V_RUN_VPP_FUSE: supplied by +3.3V_RUN
@@ -343,17 +343,17 @@
 [drm] No driver support for vblank timestamp query.
 mmc2: new high speed SDHC card at address 0007
 mmcblk2: mmc2:0007 SD08G 7.42 GiB 
-Console: switching to colour frame buffer device 170x48
-drm drm: fb0:  frame buffer device
 GPT:Primary header alternate_lba != Alt. header my_lba
 GPT:3014591 != 15564799
 GPT:Primary header thinks Alt. header is not at the end of the disk.
 GPT:3014591 != 15564799
 GPT: Use GNU Parted to correct GPT errors.
  mmcblk2: p1 p2 p3 p4 p5 p6 p7 p8 p9 p10 p11 p12
+Console: switching to colour frame buffer device 170x48
+drm drm: fb0:  frame buffer device
 [drm] Initialized tegra 0.0.0 20120330 on minor 0
 input: gpio-keys as /devices/soc0/gpio-keys/input/input1
-as3722-rtc as3722-rtc: setting system clock to 2000-01-01 00:23:44 UTC (946686224)
+as3722-rtc as3722-rtc: setting system clock to 2000-01-01 00:00:23 UTC (946684823)
 +1.8V_RUN_CAM: disabling
 +3.3V_RUN_CAM: disabling
 +1.2V_RUN_CAM_FRONT: disabling
Diff for ./tegra124-nyan-big/tegra124-nyan-big/tegra_defconfig_log.txt
--- /tmp/fooa	2016-08-21 16:42:59.758405102 -0700
+++ /tmp/foob	2016-08-21 16:42:59.758405102 -0700
@@ -39,20 +39,20 @@
 	 #################################################################
 	 #################################################################
 	 ############################################
-	 3.4 MiB/s
+	 3.3 MiB/s
 done
-Bytes transferred = 5409448 (528aa8 hex)
+Bytes transferred = 5410256 (528dd0 hex)
 Tegra124 (Nyan-big) # tftpboot 0x83000000 tegra124-nyan-big.dtb
 Using asx0 device
 TFTP from server 192.168.100.1; our IP address is 192.168.100.102
 Filename 'tegra124-nyan-big.dtb'.
 Load address: 0x83000000
 Loading: *#####
-	 3.4 MiB/s
+	 3 MiB/s
 done
 Bytes transferred = 66821 (10505 hex)
 Tegra124 (Nyan-big) # bootz 0x82000000 - 0x83000000
-Kernel image @ 0x82000000 [ 0x000000 - 0x528aa8 ]
+Kernel image @ 0x82000000 [ 0x000000 - 0x528dd0 ]
 ## Flattened Device Tree blob at 83000000
    Booting using the fdt blob at 0x83000000
    Using Device Tree in place at 83000000, end 83013504
@@ -174,10 +174,10 @@
 +VDDIO_SDMMC3: supplied by +3.3V_RUN
 +1.8V_RUN_VPP_FUSE: supplied by +3.3V_RUN
 +VDD_LED: supplied by +VDD_MUX
+input: tegra-hda HDMI/DP,pcm=3 as /devices/soc0/70030000.hda/sound/card0/input3
 +5V_VDD_TS_SW: supplied by +5V_SYS
 +5V_USB_HS: supplied by +5V_SYS
 +5V_USB_SS: supplied by +5V_SYS
-input: tegra-hda HDMI/DP,pcm=3 as /devices/soc0/70030000.hda/sound/card0/input3
 +3.3V_PANEL: supplied by +3.3V_RUN
 +3.3V_LP0: supplied by +3.3V_SYS
 +1.05V_RUN_AVDD_HDMI_PLL: supplied by +1.05V_RUN
@@ -224,7 +224,7 @@
 drm drm: fb0:  frame buffer device
 [drm] Initialized tegra 0.0.0 20120330 on minor 0
 input: gpio-keys as /devices/soc0/gpio-keys/input/input4
-as3722-rtc as3722-rtc: setting system clock to 2000-01-01 00:22:44 UTC (946686164)
+as3722-rtc as3722-rtc: setting system clock to 2000-01-01 00:00:24 UTC (946684824)
 +1.8V_RUN_CAM: disabling
 +1.2V_RUN_CAM_FRONT: disabling
 +1.05V_RUN_CAM_REAR: disabling
@@ -236,16 +236,16 @@
   #0: tegra-hda at 0x70038000 irq 341
   #1: GoogleNyanBig
 EXT4-fs (mmcblk0p3): couldn't mount as ext3 due to feature incompatibilities
+uvcvideo: Found UVC 1.00 device HD WebCam (1bcf:2c67)
+input: HD WebCam as /devices/soc0/70090000.usb/usb1/1-2/1-2:1.0/input/input5
 EXT4-fs (mmcblk0p3): recovery complete
 EXT4-fs (mmcblk0p3): mounted filesystem with ordered data mode. Opts: (null)
 VFS: Mounted root (ext4 filesystem) on device 179:3.
 devtmpfs: mounted
 Freeing unused kernel memory: 1024K (c0c00000 - c0d00000)
-uvcvideo: Found UVC 1.00 device HD WebCam (1bcf:2c67)
-input: HD WebCam as /devices/soc0/70090000.usb/usb1/1-2/1-2:1.0/input/input5
 bash: cannot set terminal process group (-1): Inappropriate ioctl for device
 bash: no job control in this shell
-root@(none):/# [    5.764695] usb 1-3: new high-speed USB device number 3 using tegra-xusb
+root@(none):/# [    5.684705] usb 1-3: new high-speed USB device number 3 using tegra-xusb
 asix 1-3:1.0 eth0: register 'asix' at usb-70090000.usb-3, ASIX AX88772 USB 2.0 Ethernet, c8:d7:19:90:fa:65
 usb 1-1: new high-speed USB device number 4 using tegra-xusb
 usb-storage 1-1:1.0: USB Mass Storage device detected
Diff for ./tegra132-norrin/tegra132-norrin/defconfig_log.txt
--- /tmp/fooa	2016-08-21 16:42:59.778405117 -0700
+++ /tmp/foob	2016-08-21 16:42:59.778405117 -0700
@@ -31,7 +31,7 @@
 MSENC clock is set to  79200 KHz
 Vde clock is set to 204000 KHz
 
-Bootloader-Cpu Init at (time stamp): 1801127 us
+Bootloader-Cpu Init at (time stamp): 1800877 us
 
 Pinmux changes applied in kernel way
 
@@ -62,29 +62,29 @@
 Board Id Read Time: 4 us
 Power Rail enable Time: 1 us
 
-Miscellaneous avp time: 1801100  us
-Bootloader (AosInit) time: 734230 us
-Bootloader Main Init time: 183526 us
-BlockDevMgrInit time: 157529 us
+Miscellaneous avp time: 1800850  us
+Bootloader (AosInit) time: 734250 us
+Bootloader Main Init time: 180103 us
+BlockDevMgrInit time: 157538 us
 PartMgrInit time: 8 us
 StorMgrInit time: 31 us
 FsMgrInit time: 2 us
-Partition Table load: 87255 us 
-Display init time: 484304 us
+Partition Table load: 76763 us 
+Display init time: 574673 us
 Kernel read time: 373 msec
 Load Kernel Size:   16216064 Bytes
 Bl Kernel ReadSpeed: 43474000 Bytes/sec
-Pre-Kernel Jump time: 1728551 us
-Clearing 32 Bit State and Warm resetting to 64bit mode: 5754684 us
+Pre-Kernel Jump time: 1728708 us
+Clearing 32 Bit State and Warm resetting to 64bit mode: 5826774 us
 Booting Linux on physical CPU 0x0
-Linux version 4.8.0-rc2-134227-g694d0d0 (pwalmsley@tamien) (gcc version 4.9.2 20140904 (prerelease) (crosstool-NG linaro-1.13.1-4.9-2014.09 - Linaro GCC 4.9-2014.09) ) #1 SMP PREEMPT Tue Aug 16 02:37:38 PDT 2016
+Linux version 4.8.0-rc3-134580-gfa8410b (pwalmsley@tamien) (gcc version 4.9.2 20140904 (prerelease) (crosstool-NG linaro-1.13.1-4.9-2014.09 - Linaro GCC 4.9-2014.09) ) #1 SMP PREEMPT Sun Aug 21 16:38:57 PDT 2016
 Boot CPU: AArch64 Processor [4e0f0000]
 Memory limited to 1734MB
 efi: Getting EFI parameters from FDT:
 efi: UEFI not found.
 cma: Reserved 16 MiB at 0x00000000eb400000
 /cpus/cpu@1: missing enable-method property
-percpu: Embedded 21 pages/cpu @ffff80006c59e000 s48000 r8192 d29824 u86016
+percpu: Embedded 21 pages/cpu @ffff80006c59e000 s47488 r8192 d30336 u86016
 Detected PIPT I-cache on CPU0
 Built 1 zonelists in Zone order, mobility grouping on.  Total pages: 436968
 Kernel command line: tegraid=13.1.3.0.0 mem=1734M@2048M memtype=255 vpr=151M@3817M ddr_die=2048M@2048M section=256M commchip_id=0 usb_port_owner_info=0 lane_owner_info=0 emc_max_dvfs=0 touch_id=0@0 video=tegrafb no_console_suspend=1 console=ttyS0,115200n8 debug_uartport=lsport,0 earlyprintk=uart8250-32bit,0x70006000 usbcore.old_scheme_first=1 lp0_vec=0@0x0 tegra_fbmem=32899072@0xad012000 core_edp_mv=1150 core_edp_ma=4000 pmuboard=0x0176:0x0001:0x01:0x43:0x00 displayboard=0x0162:0x0001:0x00:0x42:0x00 power_supply=Adapter audio_codec=rt5640 board_info=0x0176:0x0001:0x01:0x43:0x00 tegraboot=sdmmc gpt gpt_sector=94207 modem_id=0 android.kerneltype=normal
@@ -184,7 +184,7 @@
 kvm [1]: HYP mode not available
 futex hash table entries: 256 (order: 3, 32768 bytes)
 audit: initializing netlink subsys (disabled)
-audit: type=2000 audit(1.111:1): initialized
+audit: type=2000 audit(1.107:1): initialized
 workingset: timestamp_bits=46 max_order=19 bucket_order=0
 squashfs: version 4.0 (2009/01/31) Phillip Lougher
 NFS: Registering the id_resolver key type
@@ -250,8 +250,6 @@
 mmc0: new high speed MMC card at address 0001
 registered taskstats version 1
 +VDD_LED: supplied by +VDD_MUX
-mmcblk0: mmc0:0001 SEM16G 14.7 GiB 
-mmcblk0boot0: mmc0:0001 SEM16G partition 1 4.00 MiB
 +5V_USB_HS: supplied by +5V_SYS
 +5V_USB_SS: supplied by +5V_SYS
 +5V_HDMI_CON: supplied by +5V_SYS
@@ -270,6 +268,8 @@
 ALSA device list:
   No soundcards found.
 Freeing unused kernel memory: 960K (ffff800000bf0000 - ffff800000ce0000)
+mmcblk0: mmc0:0001 SEM16G 14.7 GiB 
+mmcblk0boot0: mmc0:0001 SEM16G partition 1 4.00 MiB
 mmcblk0boot1: mmc0:0001 SEM16G partition 2 4.00 MiB
 mmcblk0rpmb: mmc0:0001 SEM16G partition 3 4.00 MiB
  mmcblk0: p1 p2 p3 p4 p5 p6 p7 p8
Diff for ./tegra20-trimslice/tegra20-trimslice/multi_v7_defconfig_log.txt
--- /tmp/fooa	2016-08-21 16:42:59.798405131 -0700
+++ /tmp/foob	2016-08-21 16:42:59.798405131 -0700
@@ -19,7 +19,7 @@
 Out:   serial
 Err:   serial
 Net:   RTL8169#0
-Hit any key to stop autoboot:  2  0 
+Hit any key to stop autoboot:  2  1  0 
 Tegra20 (TrimSlice) # 
 Tegra20 (TrimSlice) # usb reset
 resetting USB...
@@ -47,20 +47,20 @@
 	 #################################################################
 	 #################################################################
 	 #############################
-	 909.2 KiB/s
+	 904.3 KiB/s
 done
-Bytes transferred = 7092008 (6c3728 hex)
+Bytes transferred = 7092848 (6c3a70 hex)
 Tegra20 (TrimSlice) # tftpboot 0x02408000 tegra20-trimslice.dtb
 Using RTL8169#0 device
 TFTP from server 192.168.100.1; our IP address is 192.168.100.103
 Filename 'tegra20-trimslice.dtb'.
 Load address: 0x2408000
 Loading: *##
-	 861.3 KiB/s
+	 898.4 KiB/s
 done
 Bytes transferred = 21172 (52b4 hex)
 Tegra20 (TrimSlice) # bootz 0x00408000 - 0x02408000
-Kernel image @ 0x408000 [ 0x000000 - 0x6c3728 ]
+Kernel image @ 0x408000 [ 0x000000 - 0x6c3a70 ]
 ## Flattened Device Tree blob at 02408000
    Booting using the fdt blob at 0x2408000
    Using Device Tree in place at 02408000, end 024102b3
@@ -68,7 +68,7 @@
 Starting kernel ...
 
 Booting Linux on physical CPU 0x0
-Linux version 4.8.0-rc2-109794-g694d0d0 (pwalmsley@sellafield) (gcc version 4.7.3 20130328 (prerelease) (crosstool-NG linaro-1.13.1-4.7-2013.04-20130415 - Linaro GCC 2013.04) ) #1 SMP Tue Aug 16 02:33:34 PDT 2016
+Linux version 4.8.0-rc3-110147-gfa8410b (pwalmsley@sellafield) (gcc version 4.7.3 20130328 (prerelease) (crosstool-NG linaro-1.13.1-4.7-2013.04-20130415 - Linaro GCC 2013.04) ) #1 SMP Sun Aug 21 16:34:34 PDT 2016
 CPU: ARMv7 Processor [411fc090] revision 0 (ARMv7), cr=10c5387d
 CPU: PIPT / VIPT nonaliasing data cache, VIPT aliasing instruction cache
 OF: fdt:Machine model: Compulab TrimSlice board
@@ -81,8 +81,8 @@
   DMA zone: 0 pages reserved
   DMA zone: 196608 pages, LIFO batch:31
   HighMem zone: 65536 pages, LIFO batch:15
-percpu: Embedded 14 pages/cpu @ef7c7000 s26496 r8192 d22656 u57344
-pcpu-alloc: s26496 r8192 d22656 u57344 alloc=14*4096
+percpu: Embedded 14 pages/cpu @ef7c7000 s25984 r8192 d23168 u57344
+pcpu-alloc: s25984 r8192 d23168 u57344 alloc=14*4096
 pcpu-alloc: [0] 0 [0] 1 
 Built 1 zonelists in Zone order, mobility grouping on.  Total pages: 260608
 Kernel command line: ignore_loglevel console=ttyS0,115200n8 rw root=PARTUUID=11eb23c1-01 rootwait gpt debug noinitrd earlyprintk init=/bin/bash
@@ -320,26 +320,26 @@
 tegra-ehci c5000000.usb: EHCI Host Controller
 tegra-ehci c5000000.usb: new USB bus registered, assigned bus number 2
 tegra-ehci c5000000.usb: irq 288, io mem 0xc5000000
-mmc0: host does not support reading read-only switch, assuming write-enable
-mmc0: new high speed SDHC card at address b368
-mmcblk0: mmc0:b368 NCard 3.70 GiB 
 usb 1-1: new high-speed USB device number 2 using tegra-ehci
- mmcblk0: p1
+mmc0: host does not support reading read-only switch, assuming write-enable
 tegra-ehci c5000000.usb: USB 2.0 started, EHCI 1.00
 hub 2-0:1.0: USB hub found
 hub 2-0:1.0: 1 port detected
-mmc1: new high speed SD card at address b368
 input: gpio-keys as /devices/soc0/gpio-keys/input/input0
+mmc0: new high speed SDHC card at address b368
+rtc-em3027 2-0056: setting system clock to 2015-02-05 16:43:09 UTC (1423154589)
+mmcblk0: mmc0:b368 NCard 3.70 GiB 
+ mmcblk0: p1
+EXT4-fs (mmcblk0p1): mounting ext3 file system using the ext4 subsystem
+mmc1: new high speed SD card at address b368
 mmcblk1: mmc1:b368 NCard 1.83 GiB (ro)
-rtc-em3027 2-0056: setting system clock to 2015-02-05 16:13:10 UTC (1423152790)
  mmcblk1: p1 p2
-EXT4-fs (mmcblk0p1): mounting ext3 file system using the ext4 subsystem
 hub 1-1:1.0: USB hub found
 hub 1-1:1.0: 4 ports detected
 usb 1-1.2: new high-speed USB device number 3 using tegra-ehci
-EXT4-fs (mmcblk0p1): recovery complete
 random: fast init done
 asix 1-1.2:1.0 eth1: register 'asix' at usb-c5008000.usb-1.2, ASIX AX88772 USB 2.0 Ethernet, 00:60:6e:60:6c:68
+EXT4-fs (mmcblk0p1): recovery complete
 EXT4-fs (mmcblk0p1): mounted filesystem with ordered data mode. Opts: (null)
 VFS: Mounted root (ext3 filesystem) on device 179:1.
 devtmpfs: mounted
Diff for ./tegra20-trimslice/tegra20-trimslice/tegra_defconfig_log.txt
--- /tmp/fooa	2016-08-21 16:42:59.810405141 -0700
+++ /tmp/foob	2016-08-21 16:42:59.814405143 -0700
@@ -19,7 +19,7 @@
 Out:   serial
 Err:   serial
 Net:   RTL8169#0
-Hit any key to stop autoboot:  2  1  0 
+Hit any key to stop autoboot:  2  0 
 Tegra20 (TrimSlice) # 
 Tegra20 (TrimSlice) # usb reset
 resetting USB...
@@ -45,20 +45,20 @@
 	 #################################################################
 	 #################################################################
 	 ############################################
-	 906.3 KiB/s
+	 902.3 KiB/s
 done
-Bytes transferred = 5409448 (528aa8 hex)
+Bytes transferred = 5410256 (528dd0 hex)
 Tegra20 (TrimSlice) # tftpboot 0x02408000 tegra20-trimslice.dtb
 Using RTL8169#0 device
 TFTP from server 192.168.100.1; our IP address is 192.168.100.103
 Filename 'tegra20-trimslice.dtb'.
 Load address: 0x2408000
 Loading: *##
-	 861.3 KiB/s
+	 794.9 KiB/s
 done
 Bytes transferred = 21172 (52b4 hex)
 Tegra20 (TrimSlice) # bootz 0x00408000 - 0x02408000
-Kernel image @ 0x408000 [ 0x000000 - 0x528aa8 ]
+Kernel image @ 0x408000 [ 0x000000 - 0x528dd0 ]
 ## Flattened Device Tree blob at 02408000
    Booting using the fdt blob at 0x2408000
    Using Device Tree in place at 02408000, end 024102b3
@@ -67,7 +67,7 @@
 
 Uncompressing Linux... done, booting the kernel.
 Booting Linux on physical CPU 0x0
-Linux version 4.8.0-rc2-109794-g694d0d0 (pwalmsley@kaivo) (gcc version 4.7.3 20130328 (prerelease) (crosstool-NG linaro-1.13.1-4.7-2013.04-20130415 - Linaro GCC 2013.04) ) #1 SMP PREEMPT Tue Aug 16 02:33:38 PDT 2016
+Linux version 4.8.0-rc3-110147-gfa8410b (pwalmsley@kaivo) (gcc version 4.7.3 20130328 (prerelease) (crosstool-NG linaro-1.13.1-4.7-2013.04-20130415 - Linaro GCC 2013.04) ) #1 SMP PREEMPT Sun Aug 21 16:34:24 PDT 2016
 CPU: ARMv7 Processor [411fc090] revision 0 (ARMv7), cr=10c5387d
 CPU: PIPT / VIPT nonaliasing data cache, VIPT aliasing instruction cache
 OF: fdt:Machine model: Compulab TrimSlice board
@@ -81,8 +81,8 @@
   Normal zone: 0 pages reserved
   Normal zone: 196608 pages, LIFO batch:31
   HighMem zone: 65536 pages, LIFO batch:15
-percpu: Embedded 14 pages/cpu @ef7c6000 s25984 r8192 d23168 u57344
-pcpu-alloc: s25984 r8192 d23168 u57344 alloc=14*4096
+percpu: Embedded 14 pages/cpu @ef7c6000 s25472 r8192 d23680 u57344
+pcpu-alloc: s25472 r8192 d23680 u57344 alloc=14*4096
 pcpu-alloc: [0] 0 [0] 1 
 Built 1 zonelists in Zone order, mobility grouping on.  Total pages: 260608
 Kernel command line: ignore_loglevel console=ttyS0,115200n8 rw root=PARTUUID=11eb23c1-01 rootwait gpt debug noinitrd earlyprintk init=/bin/bash
@@ -321,10 +321,10 @@
 NET: Registered protocol family 17
 NET: Registered protocol family 15
 can: controller area network core (rev 20120528 abi 9)
-usb 1-1.2: new high-speed USB device number 3 using tegra-ehci
 NET: Registered protocol family 29
 can: raw protocol (rev 20120528)
 can: broadcast manager protocol (rev 20160617 t)
+usb 1-1.2: new high-speed USB device number 3 using tegra-ehci
 can: netlink gateway (rev 20130117) max_hops=1
 Bluetooth: RFCOMM socket layer initialized
 Bluetooth: RFCOMM ver 1.11
@@ -341,7 +341,7 @@
 hub 2-0:1.0: USB hub found
 hub 2-0:1.0: 1 port detected
 input: gpio-keys as /devices/soc0/gpio-keys/input/input0
-rtc-em3027 2-0056: setting system clock to 2015-02-05 16:14:43 UTC (1423152883)
+rtc-em3027 2-0056: setting system clock to 2015-02-05 16:41:37 UTC (1423154497)
 ALSA device list:
   #0: tegra-trimslice
 asix 1-1.2:1.0 eth1: register 'asix' at usb-c5008000.usb-1.2, ASIX AX88772 USB 2.0 Ethernet, 00:60:6e:60:6c:68
Diff for ./tegra210-p2371-0000/tegra210-p2371-0000/defconfig_log.txt
--- /tmp/fooa	2016-08-21 16:42:59.846405169 -0700
+++ /tmp/foob	2016-08-21 16:42:59.846405169 -0700
@@ -64,17 +64,17 @@
 Loading and Validation of Secure OS Successful
 NvTbootPackSdramParams: start. 
 NvTbootPackSdramParams: done. 
-Tegraboot started after 721708 us
-Basic modules init took 348773 us
+Tegraboot started after 760313 us
+Basic modules init took 348739 us
 Sec Bootdevice Read Time = 202 ms, Read Size = 8459 KB
-Next stage binary read took 14370 us
-Carveout took 252714 us
-CPU initialization took 92338 us
-Total time taken by TegraBoot 708195 us
+Next stage binary read took 14373 us
+Carveout took 252727 us
+CPU initialization took 92317 us
+Total time taken by TegraBoot 708156 us
 
 Starting CPU & Halting co-processor 
 
-64b[0001.561] LPDDR4 Training: Number of tables = 10
+64b[0001.599] LPDDR4 Training: Number of tables = 10
 EMC Training (SRC-freq: 204000; DST-freq: 408000)
 EMC Training Successful
 EMC Training (SRC-freq: 204000; DST-freq: 665600)
@@ -108,7 +108,7 @@
 Tegra210 (P2371-0000) # 
 Tegra210 (P2371-0000) # ums 0 mmc 0
 UMS: disk start sector: 0x0, count: 0x1d5a000
-|/-\|/-\/-\|/-\/-\|/-\/-\|/-\/-\|/-\/-\|/-\/-\|/-\/-\|/-\/-\CTRL+C - Operation aborted
+|/-\|/-\/-\|/-\/-\|/-\/-\|/-\/-\|/-\/-\|/-\/-\|/-\/-\|/-\/-CTRL+C - Operation aborted
 Tegra210 (P2371-0000) # 
 Tegra210 (P2371-0000) # env set fdt_copy_node_names /cpus:/psci
 Tegra210 (P2371-0000) # setenv rootpart 1
@@ -119,9 +119,9 @@
 Tegra210 (P2371-0000) # load ${devtype} ${devnum}:${rootpart} ${kernel_addr_r} /boot/Image.defconfig
 13789184 bytes read in 768 ms (17.1 MiB/s)
 Tegra210 (P2371-0000) # load ${devtype} ${devnum}:${rootpart} ${fdt_addr_r} /boot/tegra210-p2371-0000.dtb
-41182 bytes read in 453 ms (87.9 KiB/s)
+41182 bytes read in 454 ms (87.9 KiB/s)
 Tegra210 (P2371-0000) # load ${devtype} ${devnum}:${rootpart} ${ramdisk_addr_r} /boot/tegra-ramdisk.img
-1627787 bytes read in 496 ms (3.1 MiB/s)
+1627787 bytes read in 500 ms (3.1 MiB/s)
 Tegra210 (P2371-0000) # ramdisk_size=${filesize}
 Tegra210 (P2371-0000) # booti ${kernel_addr_r} - ${fdt_addr_r}
 ## Flattened Device Tree blob at 82000000
@@ -131,7 +131,7 @@
 Starting kernel ...
 
 Booting Linux on physical CPU 0x0
-Linux version 4.8.0-rc2-134227-g694d0d0 (pwalmsley@tamien) (gcc version 4.9.2 20140904 (prerelease) (crosstool-NG linaro-1.13.1-4.9-2014.09 - Linaro GCC 4.9-2014.09) ) #1 SMP PREEMPT Tue Aug 16 02:37:38 PDT 2016
+Linux version 4.8.0-rc3-134580-gfa8410b (pwalmsley@tamien) (gcc version 4.9.2 20140904 (prerelease) (crosstool-NG linaro-1.13.1-4.9-2014.09 - Linaro GCC 4.9-2014.09) ) #1 SMP PREEMPT Sun Aug 21 16:38:57 PDT 2016
 Boot CPU: AArch64 Processor [411fd071]
 debug: ignoring loglevel setting.
 earlycon: uart8250 at MMIO32 0x0000000070006000 (options '')
@@ -149,8 +149,8 @@
 psci: PSCIv0.2 detected in firmware.
 psci: Using standard PSCI v0.2 function IDs
 psci: MIGRATE_INFO_TYPE not supported.
-percpu: Embedded 21 pages/cpu @ffff8000bff4b000 s48000 r8192 d29824 u86016
-pcpu-alloc: s48000 r8192 d29824 u86016 alloc=21*4096
+percpu: Embedded 21 pages/cpu @ffff8000bff4b000 s47488 r8192 d30336 u86016
+pcpu-alloc: s47488 r8192 d30336 u86016 alloc=21*4096
 pcpu-alloc: [0] 0 [0] 1 [0] 2 [0] 3 
 Detected PIPT I-cache on CPU0
 CPU features: enabling workaround for ARM erratum 832075
@@ -266,7 +266,7 @@
 kvm [1]: virtual timer IRQ4
 futex hash table entries: 1024 (order: 5, 131072 bytes)
 audit: initializing netlink subsys (disabled)
-audit: type=2000 audit(0.471:1): initialized
+audit: type=2000 audit(0.459:1): initialized
 workingset: timestamp_bits=46 max_order=20 bucket_order=0
 squashfs: version 4.0 (2009/01/31) Phillip Lougher
 NFS: Registering the id_resolver key type
@@ -345,6 +345,6 @@
 devtmpfs: mounted
 Freeing unused kernel memory: 960K (ffff800000bf0000 - ffff800000ce0000)
 bash: cannot set terminal process group (-1): Inappropriate ioctl for device
-bash: no job contr[    1.328937] random: fast init done
+bash: no job contr[    1.340170] random: fast init done
 ol in this shell
 root@(none):/# 
\ No newline at end of file
Diff for ./tegra210-smaug/tegra210-smaug/defconfig_log.txt
--- /tmp/fooa	2016-08-21 16:42:59.862405180 -0700
+++ /tmp/foob	2016-08-21 16:42:59.862405180 -0700
@@ -1,13 +1,9 @@
-0070006000 (options '115200n8')
-bootconsole [uart0] enabled
-efi: Getting EFI parameters from FDT:
-efi: UEFI not found.
-cma: Reserved 16 MiB at 0x00000000f5400000
+ 0.000000] cma: Reserved 16 MiB at 0x00000000f5400000
 psci: probing for conduit method from DT.
 psci: PSCIv1.0 detected in firmware.
 psci: Using standard PSCI v0.2 function IDs
 psci: MIGRATE_INFO_UP_CPU reported invalid physical ID (0x80000000)
-percpu: Embedded 21 pages/cpu @ffff8000bff40000 s48000 r8192 d29824 u86016
+percpu: Embedded 21 pages/cpu @ffff8000bff40000 s47488 r8192 d30336 u86016
 Detected PIPT I-cache on CPU0
 CPU features: enabling workaround for ARM erratum 832075
 CPU features: enabling workaround for ARM erratum 834220
@@ -59,7 +55,7 @@
  (comparison mask = 0xf8000000)
 boot misc2 0x0: expected 0xf400f0da
  (comparison mask = 0xffffffff)
-boot misc3 0x34b8: expected 0x2004f400
+boot misc3 0x36f0: expected 0x2004f400
  (comparison mask = 0xffffffff)
 PLL_P already enabled. Postponing set full defaults
 PLL_X already enabled. Postponing set full defaults
@@ -72,7 +68,7 @@
 console [tty0] enabled
 bootconsole [uart0] disabled
 Booting Linux on physical CPU 0x0
-Linux version 4.8.0-rc2-134227-g694d0d0 (pwalmsley@tamien) (gcc version 4.9.2 20140904 (prerelease) (crosstool-NG linaro-1.13.1-4.9-2014.09 - Linaro GCC 4.9-2014.09) ) #1 SMP PREEMPT Tue Aug 16 02:37:38 PDT 2016
+Linux version 4.8.0-rc3-134580-gfa8410b (pwalmsley@tamien) (gcc version 4.9.2 20140904 (prerelease) (crosstool-NG linaro-1.13.1-4.9-2014.09 - Linaro GCC 4.9-2014.09) ) #1 SMP PREEMPT Sun Aug 21 16:38:57 PDT 2016
 Boot CPU: AArch64 Processor [411fd071]
 earlycon: uart0 at MMIO 0x0000000070006000 (options '115200n8')
 bootconsole [uart0] enabled
@@ -83,7 +79,7 @@
 psci: PSCIv1.0 detected in firmware.
 psci: Using standard PSCI v0.2 function IDs
 psci: MIGRATE_INFO_UP_CPU reported invalid physical ID (0x80000000)
-percpu: Embedded 21 pages/cpu @ffff8000bff40000 s48000 r8192 d29824 u86016
+percpu: Embedded 21 pages/cpu @ffff8000bff40000 s47488 r8192 d30336 u86016
 Detected PIPT I-cache on CPU0
 CPU features: enabling workaround for ARM erratum 832075
 CPU features: enabling workaround for ARM erratum 834220
@@ -135,7 +131,7 @@
  (comparison mask = 0xf8000000)
 boot misc2 0x0: expected 0xf400f0da
  (comparison mask = 0xffffffff)
-boot misc3 0x34b8: expected 0x2004f400
+boot misc3 0x36f0: expected 0x2004f400
  (comparison mask = 0xffffffff)
 PLL_P already enabled. Postponing set full defaults
 PLL_X already enabled. Postponing set full defaults
@@ -221,7 +217,7 @@
 kvm [1]: virtual timer IRQ4
 futex hash table entries: 1024 (order: 5, 131072 bytes)
 audit: initializing netlink subsys (disabled)
-audit: type=2000 audit(0.287:1): initialized
+audit: type=2000 audit(0.275:1): initialized
 workingset: timestamp_bits=46 max_order=20 bucket_order=0
 squashfs: version 4.0 (2009/01/31) Phillip Lougher
 NFS: Registering the id_resolver key type
@@ -291,8 +287,13 @@
 Key type dns_resolver registered
 registered taskstats version 1
 input: gpio-keys as /devices/platform/gpio-keys/input/input0
-max77686-rtc max77620-rtc: setting system clock to 2000-05-27 15:07:46 UTC (959440066)
 mmc0: new high speed MMC card at address 0001
+mmcblk0: mmc0:0001 BGND3R 29.1 GiB 
+mmcblk0boot0: mmc0:0001 BGND3R partition 1 4.00 MiB
+mmcblk0boot1: mmc0:0001 BGND3R partition 2 4.00 MiB
+mmcblk0rpmb: mmc0:0001 BGND3R partition 3 4.00 MiB
+max77686-rtc max77620-rtc: setting system clock to 2000-06-02 05:09:00 UTC (959922540)
+ mmcblk0: p1 p2 p3 p4 p5 p6 p7 p8 p9 p10 p11
 USBC_VBUS: disabling
 PP1200_AVDD: disabling
 PP1200_RCAM: disabling
@@ -305,12 +306,7 @@
 PP1800_CAM: disabling
 ALSA device list:
   No soundcards found.
-mmcblk0: mmc0:0001 BGND3R 29.1 GiB 
 Freeing unused kernel memory: 960K (ffff800000bf0000 - ffff800000ce0000)
-mmcblk0boot0: mmc0:0001 BGND3R partition 1 4.00 MiB
-mmcblk0boot1: mmc0:0001 BGND3R partition 2 4.00 MiB
-mmcblk0rpmb: mmc0:0001 BGND3R partition 3 4.00 MiB
- mmcblk0: p1 p2 p3 p4 p5 p6 p7 p8 p9 p10 p11
 
 System initialization...
 
Diff for ./tegra30-beaver/tegra30-beaver/multi_v7_defconfig_log.txt
--- /tmp/fooa	2016-08-21 16:42:59.870405186 -0700
+++ /tmp/foob	2016-08-21 16:42:59.870405186 -0700
@@ -39,20 +39,20 @@
 	 #################################################################
 	 #################################################################
 	 #############################
-	 3.1 MiB/s
+	 2.9 MiB/s
 done
-Bytes transferred = 7092008 (6c3728 hex)
+Bytes transferred = 7092848 (6c3a70 hex)
 Tegra30 (Beaver) # tftpboot 0x82000000 tegra30-beaver.dtb
 Using asx0 device
 TFTP from server 192.168.100.1; our IP address is 192.168.100.101
 Filename 'tegra30-beaver.dtb'.
 Load address: 0x82000000
 Loading: *####
-	 3.1 MiB/s
+	 2.7 MiB/s
 done
 Bytes transferred = 51572 (c974 hex)
 Tegra30 (Beaver) # bootz 0x81000000 - 0x82000000
-Kernel image @ 0x81000000 [ 0x000000 - 0x6c3728 ]
+Kernel image @ 0x81000000 [ 0x000000 - 0x6c3a70 ]
 ## Flattened Device Tree blob at 82000000
    Booting using the fdt blob at 0x82000000
    Loading Device Tree to 8fff0000, end 8ffff973 ... OK
@@ -60,7 +60,7 @@
 Starting kernel ...
 
 Booting Linux on physical CPU 0x0
-Linux version 4.8.0-rc2-109794-g694d0d0 (pwalmsley@sellafield) (gcc version 4.7.3 20130328 (prerelease) (crosstool-NG linaro-1.13.1-4.7-2013.04-20130415 - Linaro GCC 2013.04) ) #1 SMP Tue Aug 16 02:33:34 PDT 2016
+Linux version 4.8.0-rc3-110147-gfa8410b (pwalmsley@sellafield) (gcc version 4.7.3 20130328 (prerelease) (crosstool-NG linaro-1.13.1-4.7-2013.04-20130415 - Linaro GCC 2013.04) ) #1 SMP Sun Aug 21 16:34:34 PDT 2016
 CPU: ARMv7 Processor [412fc099] revision 9 (ARMv7), cr=10c5387d
 CPU: PIPT / VIPT nonaliasing data cache, VIPT aliasing instruction cache
 OF: fdt:Machine model: NVIDIA Tegra30 Beaver evaluation board
@@ -73,8 +73,8 @@
   DMA zone: 0 pages reserved
   DMA zone: 196608 pages, LIFO batch:31
   HighMem zone: 327424 pages, LIFO batch:31
-percpu: Embedded 14 pages/cpu @eef8b000 s26496 r8192 d22656 u57344
-pcpu-alloc: s26496 r8192 d22656 u57344 alloc=14*4096
+percpu: Embedded 14 pages/cpu @eef8b000 s25984 r8192 d23168 u57344
+pcpu-alloc: s25984 r8192 d23168 u57344 alloc=14*4096
 pcpu-alloc: [0] 0 [0] 1 [0] 2 [0] 3 
 Built 1 zonelists in Zone order, mobility grouping on.  Total pages: 522496
 Kernel command line: ignore_loglevel console=ttyS0,115200n8 rw root=PARTUUID=edbe1840-3633-c751-7993-b0ac834f81e0 rootwait gpt debug noinitrd earlyprintk init=/bin/bash
@@ -299,8 +299,6 @@
 +VDD_5V_HDMI: supplied by sys_3v3,vdd_3v3_alw
 sys_3v3_pexs: supplied by sys_3v3,vdd_3v3_alw
 mmc1: new high speed MMC card at address 0001
-tegra-pcie 3000.pcie-controller: 2x3 configuration
-tegra-pcie 3000.pcie-controller: probing port 0, using 2 lanes
 mmcblk1: mmc1:0001 SEM16G 14.8 GiB 
 mmcblk1boot0: mmc1:0001 SEM16G partition 1 1.00 MiB
 mmc0: new ultra high speed DDR50 SDHC card at address aaaa
@@ -308,9 +306,11 @@
 mmcblk0: mmc0:aaaa SS04G 3.69 GiB 
 mmcblk1rpmb: mmc1:0001 SEM16G partition 3 128 KiB
 Primary GPT is invalid, using alternate GPT.
-tegra-pcie 3000.pcie-controller: probing port 2, using 2 lanes
  mmcblk1: p1 p2 p3 p4 p5
  mmcblk0: p1 p2 p3
+tegra-pcie 3000.pcie-controller: 2x3 configuration
+tegra-pcie 3000.pcie-controller: probing port 0, using 2 lanes
+tegra-pcie 3000.pcie-controller: probing port 2, using 2 lanes
 tegra-pcie 3000.pcie-controller: link 2 down, retrying
 tegra-pcie 3000.pcie-controller: link 2 down, retrying
 tegra-pcie 3000.pcie-controller: link 2 down, retrying
@@ -381,4 +381,4 @@
 Freeing unused kernel memory: 2048K (c1100000 - c1300000)
 bash: cannot set terminal process group (-1): Inappropriate ioctl for device
 bash: no job control in this shell
-root@(none):/# [    3.854383] usb 2-1: new high-speed USB device number 2 using tegra-ehci
+root@(none):/# [    3.924015] usb 2-1: new high-speed USB device number 2 using tegra-ehci
Diff for ./tegra30-beaver/tegra30-beaver/tegra_defconfig_log.txt
--- /tmp/fooa	2016-08-21 16:42:59.890405202 -0700
+++ /tmp/foob	2016-08-21 16:42:59.894405205 -0700
@@ -37,9 +37,9 @@
 	 #################################################################
 	 #################################################################
 	 ############################################
-	 2.9 MiB/s
+	 3.3 MiB/s
 done
-Bytes transferred = 5409448 (528aa8 hex)
+Bytes transferred = 5410256 (528dd0 hex)
 Tegra30 (Beaver) # tftpboot 0x82000000 tegra30-beaver.dtb
 Using asx0 device
 TFTP from server 192.168.100.1; our IP address is 192.168.100.101
@@ -50,7 +50,7 @@
 done
 Bytes transferred = 51572 (c974 hex)
 Tegra30 (Beaver) # bootz 0x81000000 - 0x82000000
-Kernel image @ 0x81000000 [ 0x000000 - 0x528aa8 ]
+Kernel image @ 0x81000000 [ 0x000000 - 0x528dd0 ]
 ## Flattened Device Tree blob at 82000000
    Booting using the fdt blob at 0x82000000
    Loading Device Tree to 8fff0000, end 8ffff973 ... OK
@@ -59,7 +59,7 @@
 
 Uncompressing Linux... done, booting the kernel.
 Booting Linux on physical CPU 0x0
-Linux version 4.8.0-rc2-109794-g694d0d0 (pwalmsley@kaivo) (gcc version 4.7.3 20130328 (prerelease) (crosstool-NG linaro-1.13.1-4.7-2013.04-20130415 - Linaro GCC 2013.04) ) #1 SMP PREEMPT Tue Aug 16 02:33:38 PDT 2016
+Linux version 4.8.0-rc3-110147-gfa8410b (pwalmsley@kaivo) (gcc version 4.7.3 20130328 (prerelease) (crosstool-NG linaro-1.13.1-4.7-2013.04-20130415 - Linaro GCC 2013.04) ) #1 SMP PREEMPT Sun Aug 21 16:34:24 PDT 2016
 CPU: ARMv7 Processor [412fc099] revision 9 (ARMv7), cr=10c5387d
 CPU: PIPT / VIPT nonaliasing data cache, VIPT aliasing instruction cache
 OF: fdt:Machine model: NVIDIA Tegra30 Beaver evaluation board
@@ -73,8 +73,8 @@
   Normal zone: 0 pages reserved
   Normal zone: 196608 pages, LIFO batch:31
   HighMem zone: 327424 pages, LIFO batch:31
-percpu: Embedded 14 pages/cpu @eef8a000 s25984 r8192 d23168 u57344
-pcpu-alloc: s25984 r8192 d23168 u57344 alloc=14*4096
+percpu: Embedded 14 pages/cpu @eef8a000 s25472 r8192 d23680 u57344
+pcpu-alloc: s25472 r8192 d23680 u57344 alloc=14*4096
 pcpu-alloc: [0] 0 [0] 1 [0] 2 [0] 3 
 Built 1 zonelists in Zone order, mobility grouping on.  Total pages: 522496
 Kernel command line: ignore_loglevel console=ttyS0,115200n8 rw root=PARTUUID=edbe1840-3633-c751-7993-b0ac834f81e0 rootwait gpt debug noinitrd earlyprintk init=/bin/bash
@@ -273,11 +273,11 @@
 mmcblk1: mmc1:0001 SEM16G 14.8 GiB 
 mmcblk1boot0: mmc1:0001 SEM16G partition 1 1.00 MiB
 mmcblk1boot1: mmc1:0001 SEM16G partition 2 1.00 MiB
+mmc0: new ultra high speed DDR50 SDHC card at address aaaa
 mmcblk1rpmb: mmc1:0001 SEM16G partition 3 128 KiB
+mmcblk0: mmc0:aaaa SS04G 3.69 GiB 
 Primary GPT is invalid, using alternate GPT.
  mmcblk1: p1 p2 p3 p4 p5
-mmc0: new ultra high speed DDR50 SDHC card at address aaaa
-mmcblk0: mmc0:aaaa SS04G 3.69 GiB 
  mmcblk0: p1 p2 p3
 tegra30-i2s 70080400.i2s: DMA channels sourced from device 70080000.ahub
 tegra-snd-rt5640 sound: rt5640-aif1 <-> 70080400.i2s mapping ok
@@ -381,6 +381,5 @@
 devtmpfs: mounted
 Freeing unused kernel memory: 1024K (c0c00000 - c0d00000)
 bash: cannot set terminal process group (-1): Inappropriate ioctl for device
-bash: no job control in this shell[    7.671001] usb 2-1: new high-speed USB device number 2 using tegra-ehci
-
-root@(none):/# 
\ No newline at end of file
+bash: no job control in this shell
+root@(none):/# [    7.771022] usb 2-1: new high-speed USB device number 2 using tegra-ehci
