

U-Boot 2015.04-00466-gedec83e90172 (Mar 14 2016 - 10:42:01)

TEGRA124
Model: Acer Chromebook 13 CB5-311
DRAM:  4 GiB
:   Tegra SD/MMC: 0, Tegra SD/MMC: 1, Tegra SD/MMC: 2
MMC init failed
Using default environment

In:    serial
Out:   serial
Err:   serial
Net:   Net Initialization Skipped
No ethernet found.
Hit any key to stop autoboot:  2  1  0 
Tegra124 (Nyan-big) # 
Tegra124 (Nyan-big) # usb start
starting USB...
USB0:   USB EHCI 1.10
scanning bus 0 for devices... 2 USB Device(s) found
USB1:   USB EHCI 1.10
scanning bus 1 for devices... 2 USB Device(s) found
       scanning usb for storage devices... 1 Storage Device(s) found
       scanning usb for ethernet devices... 
Warning: asx0 using MAC address from net device
1 Ethernet Device(s) found
Tegra124 (Nyan-big) # mw 0x7000e4a0 0x00080000
Tegra124 (Nyan-big) # setenv bootargs 'ignore_loglevel console=ttyS0,115200n8 rw root=PARTUUID=4d36e82a-b3c0-4b4b-bfcd-afe5217ac023 rootwait gpt debug noinitrd earlyprintk init=/bin/bash'
Tegra124 (Nyan-big) # setenv ipaddr 192.168.100.102; setenv serverip 192.168.100.1; setenv tftpserverip 192.168.100.1
Tegra124 (Nyan-big) # tftpboot 0x82000000 zImage.multi_v7_defconfig
Using asx0 device
TFTP from server 192.168.100.1; our IP address is 192.168.100.102
Filename 'zImage.multi_v7_defconfig'.
Load address: 0x82000000
Loading: *#################################################################
	 #################################################################
	 #################################################################
	 #################################################################
	 #################################################################
	 #################################################################
	 #################################################################
	 ##################################################
	 3.5 MiB/s
done
Bytes transferred = 7403088 (70f650 hex)
Tegra124 (Nyan-big) # tftpboot 0x83000000 tegra124-nyan-big.dtb
Using asx0 device
TFTP from server 192.168.100.1; our IP address is 192.168.100.102
Filename 'tegra124-nyan-big.dtb'.
Load address: 0x83000000
Loading: *#####
	 3.4 MiB/s
done
Bytes transferred = 67943 (10967 hex)
Tegra124 (Nyan-big) # bootz 0x82000000 - 0x83000000
Kernel image @ 0x82000000 [ 0x000000 - 0x70f650 ]
## Flattened Device Tree blob at 83000000
   Booting using the fdt blob at 0x83000000
   Using Device Tree in place at 83000000, end 83013966

Starting kernel ...

[    0.000000] Booting Linux on physical CPU 0x0
[    0.000000] Linux version 4.10.0-rc2-141358-g0c744ea (pwalmsley@sellafield) (gcc version 4.7.3 20130328 (prerelease) (crosstool-NG linaro-1.13.1-4.7-2013.04-20130415 - Linaro GCC 2013.04) ) #1 SMP Sun Jan 1 15:05:44 PST 2017
[    0.000000] CPU: ARMv7 Processor [413fc0f3] revision 3 (ARMv7), cr=10c5387d
[    0.000000] CPU: div instructions available: patching division code
[    0.000000] CPU: PIPT / VIPT nonaliasing data cache, PIPT instruction cache
[    0.000000] OF: fdt:Machine model: Acer Chromebook 13 CB5-311
[    0.000000] OF: fdt:Ignoring memory range 0x100000000 - 0x17ffff000
[    0.000000] debug: ignoring loglevel setting.
[    0.000000] efi: Getting EFI parameters from FDT:
[    0.000000] efi: UEFI not found.
[    0.000000] cma: Reserved 64 MiB at 0xfb800000
[    0.000000] Memory policy: Data cache writealloc
[    0.000000] On node 0 totalpages: 524287
[    0.000000] free_area_init_node: node 0, pgdat c142b0c0, node_mem_map eeff8000
[    0.000000]   DMA zone: 1536 pages used for memmap
[    0.000000]   DMA zone: 0 pages reserved
[    0.000000]   DMA zone: 196608 pages, LIFO batch:31
[    0.000000]   HighMem zone: 327679 pages, LIFO batch:31
[    0.000000] percpu: Embedded 14 pages/cpu @eef8d000 s26688 r8192 d22464 u57344
[    0.000000] pcpu-alloc: s26688 r8192 d22464 u57344 alloc=14*4096
[    0.000000] pcpu-alloc: [0] 0 [0] 1 [0] 2 [0] 3 
[    0.000000] Built 1 zonelists in Zone order, mobility grouping on.  Total pages: 522751
[    0.000000] Kernel command line: ignore_loglevel console=ttyS0,115200n8 rw root=PARTUUID=4d36e82a-b3c0-4b4b-bfcd-afe5217ac023 rootwait gpt debug noinitrd earlyprintk init=/bin/bash
[    0.000000] PID hash table entries: 4096 (order: 2, 16384 bytes)
[    0.000000] Dentry cache hash table entries: 131072 (order: 7, 524288 bytes)
[    0.000000] Inode-cache hash table entries: 65536 (order: 6, 262144 bytes)
[    0.000000] Memory: 1995840K/2097148K available (9216K kernel code, 1202K rwdata, 4140K rodata, 2048K init, 472K bss, 35772K reserved, 65536K cma-reserved, 1245180K highmem)
[    0.000000] Virtual kernel memory layout:
[    0.000000]     vector  : 0xffff0000 - 0xffff1000   (   4 kB)
[    0.000000]     fixmap  : 0xffc00000 - 0xfff00000   (3072 kB)
[    0.000000]     vmalloc : 0xf0800000 - 0xff800000   ( 240 MB)
[    0.000000]     lowmem  : 0xc0000000 - 0xf0000000   ( 768 MB)
[    0.000000]     pkmap   : 0xbfe00000 - 0xc0000000   (   2 MB)
[    0.000000]     modules : 0xbf000000 - 0xbfe00000   (  14 MB)
[    0.000000]       .text : 0xc0208000 - 0xc0c00000   (10208 kB)
[    0.000000]       .init : 0xc1100000 - 0xc1300000   (2048 kB)
[    0.000000]       .data : 0xc1300000 - 0xc142cbc0   (1203 kB)
[    0.000000]        .bss : 0xc142e000 - 0xc14a41d0   ( 473 kB)
[    0.000000] SLUB: HWalign=64, Order=0-3, MinObjects=0, CPUs=4, Nodes=1
[    0.000000] Hierarchical RCU implementation.
[    0.000000] 	Build-time adjustment of leaf fanout to 32.
[    0.000000] 	RCU restricting CPUs from NR_CPUS=16 to nr_cpu_ids=4.
[    0.000000] RCU: Adjusting geometry for rcu_fanout_leaf=32, nr_cpu_ids=4
[    0.000000] NR_IRQS:16 nr_irqs:16 16
[    0.000000] /interrupt-controller@60004000: 160 interrupts forwarded to /interrupt-controller@50041000
[    0.000000] Tegra clk 127: register failed with -17
[    0.000003] sched_clock: 32 bits at 1000kHz, resolution 1000ns, wraps every 2147483647500ns
[    0.000012] clocksource: timer_us: mask: 0xffffffff max_cycles: 0xffffffff, max_idle_ns: 1911260446275 ns
[    0.000018] Switching to timer-based delay loop, resolution 1000ns
[    0.001693] arm_arch_timer: Architected cp15 timer(s) running at 12.00MHz (virt).
[    0.001699] clocksource: arch_sys_counter: mask: 0xffffffffffffff max_cycles: 0x2c47f4ee7, max_idle_ns: 440795202497 ns
[    0.001705] sched_clock: 56 bits at 12MHz, resolution 83ns, wraps every 4398046511096ns
[    0.001709] Switching to timer-based delay loop, resolution 83ns
[    0.001908] Console: colour dummy device 80x30
[    0.001923] Calibrating delay loop (skipped), value calculated using timer frequency.. 24.00 BogoMIPS (lpj=60000)
[    0.001928] pid_max: default: 32768 minimum: 301
[    0.001967] Mount-cache hash table entries: 2048 (order: 1, 8192 bytes)
[    0.001971] Mountpoint-cache hash table entries: 2048 (order: 1, 8192 bytes)
[    0.002210] CPU: Testing write buffer coherency: ok
[    0.002334] /cpus/cpu@0 missing clock-frequency property
[    0.002348] /cpus/cpu@1 missing clock-frequency property
[    0.002362] /cpus/cpu@2 missing clock-frequency property
[    0.002377] /cpus/cpu@3 missing clock-frequency property
[    0.002381] CPU0: thread -1, cpu 0, socket 0, mpidr 80000000
[    0.002478] Setting up static identity map for 0x80300000 - 0x80300098
[    0.003732] Tegra Revision: A01 SKU: 131 CPU Process: 1 SoC Process: 1
[    0.003952] EFI services will not be available.
[    0.004044] smp: Bringing up secondary CPUs ...
[    0.004290] CPU1: thread -1, cpu 1, socket 0, mpidr 80000001
[    0.006816] CPU2: thread -1, cpu 2, socket 0, mpidr 80000002
[    0.011816] CPU3: thread -1, cpu 3, socket 0, mpidr 80000003
[    0.016591] smp: Brought up 1 node, 4 CPUs
[    0.016598] SMP: Total of 4 processors activated (96.00 BogoMIPS).
[    0.016601] CPU: All CPU(s) started in SVC mode.
[    0.017146] devtmpfs: initialized
[    0.024147] VFP support v0.3: implementor 41 architecture 4 part 30 variant f rev 0
[    0.024355] clocksource: jiffies: mask: 0xffffffff max_cycles: 0xffffffff, max_idle_ns: 9556302231375000 ns
[    0.024881] pinctrl core: initialized pinctrl subsystem
[    0.025613] NET: Registered protocol family 16
[    0.026282] DMA: preallocated 256 KiB pool for atomic coherent allocations
[    0.041626] cpuidle: using governor menu
[    0.052001] No ATAGs?
[    0.052057] hw-breakpoint: found 5 (+1 reserved) breakpoint and 4 watchpoint registers.
[    0.052063] hw-breakpoint: maximum watchpoint size is 8 bytes.
[    0.054642] Serial: AMBA PL011 UART driver
[    0.054984] tegra-mc 70019000.memory-controller: no memory timings for RAM code 0 registered
[    0.073506] +5V_SYS: supplied by +VDD_MUX
[    0.073615] +3.3V_SYS: supplied by +VDD_MUX
[    0.073843] +VDD_LED: Failed to request enable GPIO122: -517
[    0.073848] reg-fixed-voltage regulators:regulator@5: Failed to register regulator: -517
[    0.073878] +5V_VDD_TS_SW: Failed to request enable GPIO81: -517
[    0.073883] reg-fixed-voltage regulators:regulator@6: Failed to register regulator: -517
[    0.073912] +5V_USB_HS: Failed to request enable GPIO108: -517
[    0.073916] reg-fixed-voltage regulators:regulator@7: Failed to register regulator: -517
[    0.073945] +5V_USB_SS: Failed to request enable GPIO109: -517
[    0.073949] reg-fixed-voltage regulators:regulator@8: Failed to register regulator: -517
[    0.074029] +1.05V_RUN_AVDD_HDMI_PLL: Failed to request enable GPIO63: -517
[    0.074033] reg-fixed-voltage regulators:regulator@11: Failed to register regulator: -517
[    0.074062] +5V_HDMI_CON: Failed to request enable GPIO86: -517
[    0.074066] reg-fixed-voltage regulators:regulator@12: Failed to register regulator: -517
[    0.075171] vgaarb: loaded
[    0.075461] SCSI subsystem initialized
[    0.075520] libata version 3.00 loaded.
[    0.075613] usbcore: registered new interface driver usbfs
[    0.075636] usbcore: registered new interface driver hub
[    0.075660] usbcore: registered new device driver usb
[    0.077035] pps_core: LinuxPPS API ver. 1 registered
[    0.077038] pps_core: Software ver. 5.3.6 - Copyright 2005-2007 Rodolfo Giometti <giometti@linux.it>
[    0.077046] PTP clock support registered
[    0.077113] EDAC MC: Ver: 3.0.0
[    0.077596] tegra-emc 7001b000.emc: no memory timings for RAM code 0 found in DT
[    0.077605] tegra-emc: probe of 7001b000.emc failed with error -2
[    0.078096] clocksource: Switched to clocksource arch_sys_counter
[    0.081917] NET: Registered protocol family 2
[    0.082113] TCP established hash table entries: 8192 (order: 3, 32768 bytes)
[    0.082146] TCP bind hash table entries: 8192 (order: 4, 65536 bytes)
[    0.082208] TCP: Hash tables configured (established 8192 bind 8192)
[    0.082229] UDP hash table entries: 512 (order: 2, 16384 bytes)
[    0.082244] UDP-Lite hash table entries: 512 (order: 2, 16384 bytes)
[    0.082304] NET: Registered protocol family 1
[    0.082452] RPC: Registered named UNIX socket transport module.
[    0.082455] RPC: Registered udp transport module.
[    0.082457] RPC: Registered tcp transport module.
[    0.082460] RPC: Registered tcp NFSv4.1 backchannel transport module.
[    0.082464] PCI: CLS 0 bytes, default 64
[    0.082906] hw perfevents: enabled with armv7_cortex_a15 PMU driver, 7 counters available
[    0.083467] futex hash table entries: 1024 (order: 4, 65536 bytes)
[    0.083757] workingset: timestamp_bits=30 max_order=19 bucket_order=0
[    0.087484] squashfs: version 4.0 (2009/01/31) Phillip Lougher
[    0.087772] NFS: Registering the id_resolver key type
[    0.087782] Key type id_resolver registered
[    0.087785] Key type id_legacy registered
[    0.087802] ntfs: driver 2.1.32 [Flags: R/O].
[    0.088403] bounce: pool size: 64 pages
[    0.088473] Block layer SCSI generic (bsg) driver version 0.4 loaded (major 248)
[    0.088477] io scheduler noop registered
[    0.088480] io scheduler deadline registered
[    0.088542] io scheduler cfq registered (default)
[    0.090299] tegra-xusb-padctl 7009f000.padctl: failed to setup XUSB ports: -517
[    0.100338] tegra-apbdma 60020000.dma: Tegra20 APB DMA driver register 32 channels
[    0.101045] tegra-pmc 7000e400.pmc: i2c-thermtrip node not found, emergency thermal reset disabled.
[    0.122947] Serial: 8250/16550 driver, 4 ports, IRQ sharing disabled
[    0.124176] console [ttyS0] disabled
[    0.124191] 70006000.serial: ttyS0 at MMIO 0x70006000 (irq = 333, base_baud = 25500000) is a Tegra
[    0.997941] console [ttyS0] enabled
[    1.001735] SuperH (H)SCI(F) driver initialized
[    1.006608] msm_serial: driver initialized
[    1.010762] STMicroelectronics ASC driver initialized
[    1.017234] [drm] Initialized
[    1.021371] tegra-hdmi 54280000.hdmi: failed to get HDMI regulator
[    1.027912] tegra-dpaux 545c0000.dpaux: failed to get VDD supply: -517
[    1.035195] panel supply power not found, using dummy regulator
[    1.045178] brd: module loaded
[    1.050477] loop: module loaded
[    1.054539] as3722 4-0040: AS3722 with revision 0x1 found
[    1.064637] as3722-sd2: supplied by +5V_SYS
[    1.069089] as3722-sd3: supplied by +5V_SYS
[    1.073427] +1.35V_LP0(sd3): Bringing 0uV into 1350000-1350000uV
[    1.079607] as3722-sd4: supplied by +5V_SYS
[    1.083947] +1.05V_RUN: Bringing 0uV into 1050000-1050000uV
[    1.089696] as3722-sd5: supplied by +5V_SYS
[    1.095285] as3722-ldo0: supplied by +1.35V_LP0(sd2)
[    1.101025] +1.8V_RUN_CAM: Bringing 0uV into 1800000-1800000uV
[    1.107048] as3722-ldo2: supplied by +1.8V_VDDIO
[    1.112671] as3722-ldo3: supplied by +3.3V_SYS
[    1.117129] +1.00V_LP0_VDD_RTC: Bringing 1100000uV into 1000000-1000000uV
[    1.124712] as3722-ldo4: supplied by +3.3V_SYS
[    1.129310] +3.3V_RUN_CAM: Bringing 0uV into 2800000-2800000uV
[    1.135330] as3722-ldo5: supplied by +1.8V_VDDIO
[    1.140099] +1.2V_RUN_CAM_FRONT: Bringing 0uV into 1200000-1200000uV
[    1.146796] +VDDIO_SDMMC3: Bringing 0uV into 1800000-1800000uV
[    1.152838] as3722-ldo7: supplied by +1.8V_VDDIO
[    1.157609] +1.05V_RUN_CAM_REAR: Bringing 0uV into 1050000-1050000uV
[    1.164168] as3722-ldo9: supplied by +5V_SYS
[    1.168733] +2.8V_RUN_TOUCH: Bringing 0uV into 2800000-2800000uV
[    1.174942] as3722-ldo10: supplied by +5V_SYS
[    1.179455] +2.8V_RUN_CAM_AF: Bringing 0uV into 2800000-2800000uV
[    1.185904] +1.8V_RUN_VPP_FUSE: Bringing 0uV into 1800000-1800000uV
[    1.198875] random: fast init done
[    1.204474] m25p80 spi32765.0: w25q32dw (4096 Kbytes)
[    1.210650] libphy: Fixed MDIO Bus: probed
[    1.215146] CAN device driver interface
[    1.219309] bgmac_bcma: Broadcom 47xx GBit MAC driver loaded
[    1.225440] e1000e: Intel(R) PRO/1000 Network Driver - 3.2.6-k
[    1.231263] e1000e: Copyright(c) 1999 - 2015 Intel Corporation.
[    1.237194] igb: Intel(R) Gigabit Ethernet Network Driver - version 5.4.0-k
[    1.244141] igb: Copyright (c) 2007-2014 Intel Corporation.
[    1.250966] pegasus: v0.9.3 (2013/04/25), Pegasus/Pegasus II USB Ethernet driver
[    1.258375] usbcore: registered new interface driver pegasus
[    1.264044] usbcore: registered new interface driver asix
[    1.269450] usbcore: registered new interface driver ax88179_178a
[    1.275545] usbcore: registered new interface driver cdc_ether
[    1.281387] usbcore: registered new interface driver smsc75xx
[    1.287143] usbcore: registered new interface driver smsc95xx
[    1.292892] usbcore: registered new interface driver net1080
[    1.298555] usbcore: registered new interface driver cdc_subset
[    1.304477] usbcore: registered new interface driver zaurus
[    1.310063] usbcore: registered new interface driver cdc_ncm
[    1.316384] ehci_hcd: USB 2.0 'Enhanced' Host Controller (EHCI) Driver
[    1.322901] ehci-pci: EHCI PCI platform driver
[    1.327355] ehci-platform: EHCI generic platform driver
[    1.332644] ehci-orion: EHCI orion driver
[    1.336697] SPEAr-ehci: EHCI SPEAr driver
[    1.340750] ehci-st: EHCI STMicroelectronics driver
[    1.345670] ehci-exynos: EHCI EXYNOS driver
[    1.349903] ehci-atmel: EHCI Atmel driver
[    1.353955] tegra-ehci: Tegra EHCI driver
[    1.358015] ohci_hcd: USB 1.1 'Open' Host Controller (OHCI) Driver
[    1.364189] ohci-pci: OHCI PCI platform driver
[    1.368639] ohci-platform: OHCI generic platform driver
[    1.373913] ohci-omap3: OHCI OMAP3 driver
[    1.377962] SPEAr-ohci: OHCI SPEAr driver
[    1.382016] ohci-st: OHCI STMicroelectronics driver
[    1.386936] ohci-atmel: OHCI Atmel driver
[    1.391207] usbcore: registered new interface driver usb-storage
[    1.397779] mousedev: PS/2 mouse device common for all mice
[    1.403981] 1-0015 supply vcc not found, using dummy regulator
[    1.411172] as3722-rtc as3722-rtc: rtc core: registered as3722-rtc as rtc0
[    1.418038] as3722-rtc as3722-rtc: RTC interrupt 372
[    1.424962] tegra_rtc 7000e000.rtc: rtc core: registered 7000e000.rtc as rtc1
[    1.432105] tegra_rtc 7000e000.rtc: Tegra internal Real Time Clock
[    1.438468] i2c /dev entries driver
[    1.444417] 0-004c supply vcc not found, using dummy regulator
[    1.454499] sdhci: Secure Digital Host Controller Interface driver
[    1.460676] sdhci: Copyright(c) Pierre Ossman
[    1.465584] Synopsys Designware Multimedia Card Interface Driver
[    1.471978] sdhci-pltfm: SDHCI platform and OF driver helper
[    1.477912] sdhci-tegra 700b0000.sdhci: allocated mmc-pwrseq
[    1.483678] sdhci-tegra 700b0400.sdhci: Got CD GPIO
[    1.488553] sdhci-tegra 700b0400.sdhci: Got WP GPIO
[    1.493543] mmc0: Unknown controller version (3). You may experience problems.
[    1.500783] mmc0: Invalid maximum block size, assuming 512 bytes
[    1.548105] mmc0: SDHCI controller on 700b0600.sdhci [700b0600.sdhci] using ADMA
[    1.556211] ledtrig-cpu: registered to indicate activity on CPUs
[    1.562333] usbcore: registered new interface driver usbhid
[    1.564655] elan_i2c 1-0015: Elan Touchpad: Module ID: 0x002a, Firmware: 0x0005, Sample: 0x0007, IAP: 0x0009
[    1.564865] input: Elan Touchpad as /devices/soc0/7000c400.i2c/i2c-1/1-0015/input/input0
[    1.585777] usbhid: USB HID core driver
[    1.591022] NET: Registered protocol family 10
[    1.595795] Segment Routing with IPv6
[    1.599475] sit: IPv6, IPv4 and MPLS over IPv4 tunneling driver
[    1.605620] NET: Registered protocol family 17
[    1.610061] can: controller area network core (rev 20120528 abi 9)
[    1.616254] NET: Registered protocol family 29
[    1.620690] can: raw protocol (rev 20120528)
[    1.624952] can: broadcast manager protocol (rev 20161123 t)
[    1.630603] can: netlink gateway (rev 20130117) max_hops=1
[    1.636222] Key type dns_resolver registered
[    1.640717] ThumbEE CPU extension supported.
[    1.644984] Registering SWP/SWPB emulation handler
[    1.660451] +3.3V_RUN: supplied by +3.3V_SYS
[    1.665365] +3.3V_AVDD_HDMI_AP_GATED: supplied by +3.3V_RUN
[    1.671049] +1.8V_RUN_CAM: supplied by +3.3V_RUN
[    1.675695] +VDDIO_SDMMC3: supplied by +3.3V_RUN
[    1.680409] +1.8V_RUN_VPP_FUSE: supplied by +3.3V_RUN
[    1.685771] +VDD_LED: supplied by +VDD_MUX
[    1.690237] +5V_VDD_TS_SW: supplied by +5V_SYS
[    1.694861] +5V_USB_HS: supplied by +5V_SYS
[    1.699399] +5V_USB_SS: supplied by +5V_SYS
[    1.704813] +3.3V_PANEL: supplied by +3.3V_RUN
[    1.705692] mmc0: new high speed MMC card at address 0001
[    1.706514] mmcblk0: mmc0:0001 MMC16G 14.4 GiB 
[    1.706944] mmcblk0boot0: mmc0:0001 MMC16G partition 1 2.00 MiB
[    1.707077] mmcblk0boot1: mmc0:0001 MMC16G partition 2 2.00 MiB
[    1.707344] mmcblk0rpmb: mmc0:0001 MMC16G partition 3 128 KiB
[    1.713019]  mmcblk0: p1 p2 p3 p4 p5 p6 p7 p8 p9 p10 p11 p12
[    1.743584] +3.3V_LP0: supplied by +3.3V_SYS
[    1.748846] +1.05V_RUN_AVDD_HDMI_PLL: supplied by +1.05V_RUN
[    1.749056] elan_i2c 1-0015: failed to read report data: -121
[    1.760637] +5V_HDMI_CON: supplied by +5V_SYS
[    1.765884] usb3-0 supply vbus not found, using dummy regulator
[    1.771845] usb3-1 supply vbus not found, using dummy regulator
[    1.781420] tegra-sor 54540000.sor: failed to probe output: -517
[    1.788208] panel supply power not found, using dummy regulator
[    1.794854] sdhci-tegra 700b0000.sdhci: allocated mmc-pwrseq
[    1.800625] mmc1: Unknown controller version (3). You may experience problems.
[    1.807954] mmc1: Invalid maximum block size, assuming 512 bytes
[    1.814371] mmc1: Switching to 3.3V signalling voltage failed
[    1.858185] mmc1: SDHCI controller on 700b0000.sdhci [700b0000.sdhci] using ADMA
[    1.866327] sdhci-tegra 700b0400.sdhci: Got CD GPIO
[    1.871205] sdhci-tegra 700b0400.sdhci: Got WP GPIO
[    1.876172] mmc2: Unknown controller version (3). You may experience problems.
[    1.883422] mmc2: Invalid maximum block size, assuming 512 bytes
[    1.890595] elan_i2c 1-0015: invalid report id data (ff)
[    1.928984] mmc1: new high speed SDIO card at address 0001
[    1.934806] mmc2: SDHCI controller on 700b0400.sdhci [700b0400.sdhci] using ADMA
[    2.038138] [drm] Supports vblank timestamp caching Rev 2 (21.10.2013).
[    2.044749] [drm] No driver support for vblank timestamp query.
[    2.080672] mmc2: new high speed SDHC card at address 0007
[    2.081264] mmcblk2: mmc2:0007 SD08G 7.42 GiB 
[    2.091159] GPT:Primary header alternate_lba != Alt. header my_lba
[    2.091163] GPT:3014591 != 15564799
[    2.091164] GPT:Primary header thinks Alt. header is not at the end of the disk.
[    2.091165] GPT:3014591 != 15564799
[    2.091166] GPT: Use GNU Parted to correct GPT errors.
[    2.091192]  mmcblk2: p1 p2 p3 p4 p5 p6 p7 p8 p9 p10 p11 p12
[    2.106375] Console: switching to colour frame buffer device 170x48
[    2.157756] drm drm: fb0:  frame buffer device
[    2.178195] [drm] Initialized tegra 0.0.0 20120330 on minor 0
[    2.185119] input: gpio-keys as /devices/soc0/gpio-keys/input/input1
[    2.192786] as3722-rtc as3722-rtc: setting system clock to 2000-01-01 00:00:24 UTC (946684824)
[    2.201937] +1.8V_RUN_CAM: disabling
[    2.205743] +3.3V_RUN_CAM: disabling
[    2.209545] +1.2V_RUN_CAM_FRONT: disabling
[    2.213909] +1.05V_RUN_CAM_REAR: disabling
[    2.218301] +2.8V_RUN_TOUCH: disabling
[    2.222183] +2.8V_RUN_CAM_AF: disabling
[    2.226252] +1.8V_RUN_VPP_FUSE: disabling
[    2.230455] +5V_VDD_TS_SW: disabling
[    2.234060] +5V_USB_HS: disabling
[    2.237373] +5V_USB_SS: disabling
[    2.241589] EXT4-fs (mmcblk0p3): couldn't mount as ext3 due to feature incompatibilities
[    2.250216] EXT4-fs (mmcblk0p3): couldn't mount as ext2 due to feature incompatibilities
[    2.325639] EXT4-fs (mmcblk0p3): recovery complete
[    2.330460] EXT4-fs (mmcblk0p3): mounted filesystem with ordered data mode. Opts: (null)
[    2.338562] VFS: Mounted root (ext4 filesystem) on device 179:3.
[    2.345772] devtmpfs: mounted
[    2.349458] Freeing unused kernel memory: 2048K
bash: cannot set terminal process group (-1): Inappropriate ioctl for device
bash: no job control in this shell
root@(none):/# 