
U-Boot SPL 2014.01-00219-gc4d376f (Feb 18 2014 - 19:57:32)


U-Boot 2014.01-00219-gc4d376f (Feb 18 2014 - 19:57:32)

TEGRA114
Board: NVIDIA Dalmore
I2C:   ready
DRAM:  2 GiB
MMC:   Tegra SD/MMC: 0, Tegra SD/MMC: 1
In:    serial
Out:   serial
Err:   serial
Net:   Net Initialization Skipped
No ethernet found.
Hit any key to stop autoboot:  2  1  0 
Tegra114 (Dalmore) # 
Tegra114 (Dalmore) # usb reset
(Re)start USB...
USB0:   USB EHCI 1.10
scanning bus 0 for devices... 2 USB Device(s) found
       scanning usb for storage devices... 0 Storage Device(s) found
       scanning usb for ethernet devices... 
Warning: asx0 using MAC address from net device
1 Ethernet Device(s) found
Tegra114 (Dalmore) # setenv bootargs 'ignore_loglevel console=ttyS0,115200n8 rw root=PARTUUID=7369c667-ff51-ec4a-29cd-baabf2fbe346 rootwait gpt debug earlyprintk init=/bin/bash'
Tegra114 (Dalmore) # setenv ipaddr 192.168.100.100; setenv serverip 192.168.100.1; setenv tftpserverip 192.168.100.1
Tegra114 (Dalmore) # tftpboot 0x81000000 zImage.multi_v7_defconfig
Using asx0 device
TFTP from server 192.168.100.1; our IP address is 192.168.100.100
Filename 'zImage.multi_v7_defconfig'.
Load address: 0x81000000
Loading: *#################################################################
	 #################################################################
	 #################################################################
	 #################################################################
	 #################################################################
	 #################################################################
	 #################################################################
	 #################################################################
	 ##############################
	 3.1 MiB/s
done
Bytes transferred = 8061440 (7b0200 hex)
Tegra114 (Dalmore) # tftpboot 0x82000000 tegra114-dalmore.dtb
Using asx0 device
TFTP from server 192.168.100.1; our IP address is 192.168.100.100
Filename 'tegra114-dalmore.dtb'.
Load address: 0x82000000
Loading: *###
	 2.7 MiB/s
done
Bytes transferred = 34502 (86c6 hex)
Tegra114 (Dalmore) # bootz 0x81000000 - 0x82000000
Kernel image @ 0x81000000 [ 0x000000 - 0x7b0200 ]
## Flattened Device Tree blob at 82000000
   Booting using the fdt blob at 0x82000000
   Loading Device Tree to 8fff4000, end 8ffff6c5 ... OK

Starting kernel ...

[    0.000000] Booting Linux on physical CPU 0x0
[    0.000000] Linux version 4.15.0-rc2-333901-gae64f9bd1d36 (jonathanh@tamien) (gcc version 4.7.3 20130328 (prerelease) (crosstool-NG linaro-1.13.1-4.7-2013.04-20130415 - Linaro GCC 2013.04)) #1 SMP Mon Dec 4 14:01:38 PST 2017
[    0.000000] CPU: ARMv7 Processor [412fc0f2] revision 2 (ARMv7), cr=10c5387d
[    0.000000] CPU: div instructions available: patching division code
[    0.000000] CPU: PIPT / VIPT nonaliasing data cache, PIPT instruction cache
[    0.000000] OF: fdt: Machine model: NVIDIA Tegra114 Dalmore evaluation board
[    0.000000] debug: ignoring loglevel setting.
[    0.000000] Memory policy: Data cache writealloc
[    0.000000] efi: Getting EFI parameters from FDT:
[    0.000000] efi: UEFI not found.
[    0.000000] cma: Reserved 64 MiB at 0xfb800000
[    0.000000] On node 0 totalpages: 524032
[    0.000000]   DMA zone: 1536 pages used for memmap
[    0.000000]   DMA zone: 0 pages reserved
[    0.000000]   DMA zone: 196608 pages, LIFO batch:31
[    0.000000]   HighMem zone: 327424 pages, LIFO batch:31
[    0.000000] random: fast init done
[    0.000000] percpu: Embedded 17 pages/cpu @(ptrval) s39040 r8192 d22400 u69632
[    0.000000] pcpu-alloc: s39040 r8192 d22400 u69632 alloc=17*4096
[    0.000000] pcpu-alloc: [0] 0 [0] 1 [0] 2 [0] 3 
[    0.000000] Built 1 zonelists, mobility grouping on.  Total pages: 522496
[    0.000000] Kernel command line: ignore_loglevel console=ttyS0,115200n8 rw root=PARTUUID=7369c667-ff51-ec4a-29cd-baabf2fbe346 rootwait gpt debug earlyprintk init=/bin/bash
[    0.000000] Dentry cache hash table entries: 131072 (order: 7, 524288 bytes)
[    0.000000] Inode-cache hash table entries: 65536 (order: 6, 262144 bytes)
[    0.000000] Memory: 1992548K/2096128K available (11264K kernel code, 1602K rwdata, 4296K rodata, 2048K init, 404K bss, 38044K reserved, 65536K cma-reserved, 1244160K highmem)
[    0.000000] Virtual kernel memory layout:
[    0.000000]     vector  : 0xffff0000 - 0xffff1000   (   4 kB)
[    0.000000]     fixmap  : 0xffc00000 - 0xfff00000   (3072 kB)
[    0.000000]     vmalloc : 0xf0800000 - 0xff800000   ( 240 MB)
[    0.000000]     lowmem  : 0xc0000000 - 0xf0000000   ( 768 MB)
[    0.000000]     pkmap   : 0xbfe00000 - 0xc0000000   (   2 MB)
[    0.000000]     modules : 0xbf000000 - 0xbfe00000   (  14 MB)
[    0.000000]       .text : 0x(ptrval) - 0x(ptrval)   (12256 kB)
[    0.000000]       .init : 0x(ptrval) - 0x(ptrval)   (2048 kB)
[    0.000000]       .data : 0x(ptrval) - 0x(ptrval)   (1603 kB)
[    0.000000]        .bss : 0x(ptrval) - 0x(ptrval)   ( 405 kB)
[    0.000000] SLUB: HWalign=64, Order=0-3, MinObjects=0, CPUs=4, Nodes=1
[    0.000000] Hierarchical RCU implementation.
[    0.000000] 	RCU event tracing is enabled.
[    0.000000] 	RCU restricting CPUs from NR_CPUS=16 to nr_cpu_ids=4.
[    0.000000] RCU: Adjusting geometry for rcu_fanout_leaf=16, nr_cpu_ids=4
[    0.000000] NR_IRQS: 16, nr_irqs: 16, preallocated irqs: 16
[    0.000000] /interrupt-controller@60004000: 160 interrupts forwarded to /interrupt-controller@50041000
[    0.000000] Tegra clk 127: register failed with -17
[    0.000008] sched_clock: 32 bits at 1000kHz, resolution 1000ns, wraps every 2147483647500ns
[    0.000027] clocksource: timer_us: mask: 0xffffffff max_cycles: 0xffffffff, max_idle_ns: 1911260446275 ns
[    0.000044] Switching to timer-based delay loop, resolution 1000ns
[    0.003237] arch_timer: cp15 timer(s) running at 12.00MHz (virt).
[    0.003257] clocksource: arch_sys_counter: mask: 0xffffffffffffff max_cycles: 0x2c47f4ee7, max_idle_ns: 440795202497 ns
[    0.003277] sched_clock: 56 bits at 12MHz, resolution 83ns, wraps every 4398046511096ns
[    0.003292] Switching to timer-based delay loop, resolution 83ns
[    0.003715] Console: colour dummy device 80x30
[    0.003750] Calibrating delay loop (skipped), value calculated using timer frequency.. 24.00 BogoMIPS (lpj=120000)
[    0.003769] pid_max: default: 32768 minimum: 301
[    0.003865] Mount-cache hash table entries: 2048 (order: 1, 8192 bytes)
[    0.003881] Mountpoint-cache hash table entries: 2048 (order: 1, 8192 bytes)
[    0.004402] CPU: Testing write buffer coherency: ok
[    0.004649] /cpus/cpu@0 missing clock-frequency property
[    0.004680] /cpus/cpu@1 missing clock-frequency property
[    0.004711] /cpus/cpu@2 missing clock-frequency property
[    0.004743] /cpus/cpu@3 missing clock-frequency property
[    0.004758] CPU0: thread -1, cpu 0, socket 0, mpidr 80000000
[    0.005074] Setting up static identity map for 0x80300000 - 0x803000a0
[    0.006318] Hierarchical SRCU implementation.
[    0.007697] Tegra Revision: A01 SKU: 0 CPU Process: 1 SoC Process: 0
[    0.008350] EFI services will not be available.
[    0.008512] smp: Bringing up secondary CPUs ...
[    0.009118] CPU1: thread -1, cpu 1, socket 0, mpidr 80000001
[    0.009825] CPU2: thread -1, cpu 2, socket 0, mpidr 80000002
[    0.010525] CPU3: thread -1, cpu 3, socket 0, mpidr 80000003
[    0.010634] smp: Brought up 1 node, 4 CPUs
[    0.010656] SMP: Total of 4 processors activated (96.00 BogoMIPS).
[    0.010665] CPU: All CPU(s) started in SVC mode.
[    0.012147] devtmpfs: initialized
[    0.020044] VFP support v0.3: implementor 41 architecture 4 part 30 variant f rev 0
[    0.020345] clocksource: jiffies: mask: 0xffffffff max_cycles: 0xffffffff, max_idle_ns: 19112604462750000 ns
[    0.020365] futex hash table entries: 1024 (order: 4, 65536 bytes)
[    0.021817] pinctrl core: initialized pinctrl subsystem
[    0.023118] DMI not present or invalid.
[    0.023413] NET: Registered protocol family 16
[    0.025664] DMA: preallocated 256 KiB pool for atomic coherent allocations
[    0.027628] cpuidle: using governor menu
[    0.049210] No ATAGs?
[    0.049344] hw-breakpoint: found 5 (+1 reserved) breakpoint and 4 watchpoint registers.
[    0.049362] hw-breakpoint: maximum watchpoint size is 8 bytes.
[    0.054931] Serial: AMBA PL011 UART driver
[    0.055845] tegra-mc 70019000.memory-controller: no memory timings for RAM code 3 registered
[    0.055975] iommu: Adding device reg-dummy to group 0
[    0.056011] iommu: Adding device 50000000.host1x to group 1
[    0.056044] iommu: Adding device 54140000.gr2d to group 2
[    0.056077] iommu: Adding device 54180000.gr3d to group 3
[    0.056146] iommu: Adding device 54200000.dc to group 4
[    0.056216] iommu: Adding device 54240000.dc to group 5
[    0.056259] iommu: Adding device 54280000.hdmi to group 6
[    0.056292] iommu: Adding device 54300000.dsi to group 7
[    0.056326] iommu: Adding device 60005000.timer to group 8
[    0.056357] iommu: Adding device 60007000.flow-controller to group 9
[    0.056390] iommu: Adding device 6000a000.dma to group 10
[    0.056422] iommu: Adding device 6000c000.ahb to group 11
[    0.056454] iommu: Adding device 6000d000.gpio to group 12
[    0.056486] iommu: Adding device 70000800.apbmisc to group 13
[    0.056522] iommu: Adding device 70000868.pinmux to group 14
[    0.056553] iommu: Adding device 70006300.serial to group 15
[    0.056584] iommu: Adding device 7000a000.pwm to group 16
[    0.056622] iommu: Adding device 7000c000.i2c to group 17
[    0.056654] iommu: Adding device 7000c700.i2c to group 18
[    0.056685] iommu: Adding device 7000d000.i2c to group 19
[    0.056717] iommu: Adding device 7000da00.spi to group 20
[    0.056752] iommu: Adding device 7000e000.rtc to group 21
[    0.056788] iommu: Adding device 7000e400.pmc to group 22
[    0.056821] iommu: Adding device 7000f800.fuse to group 23
[    0.056854] iommu: Adding device 70019000.memory-controller to group 24
[    0.056886] iommu: Adding device 70080000.ahub to group 25
[    0.056918] iommu: Adding device 700e3000.mipi to group 26
[    0.056949] iommu: Adding device 78000400.sdhci to group 27
[    0.056986] iommu: Adding device 78000600.sdhci to group 28
[    0.057020] iommu: Adding device 7d000000.usb to group 29
[    0.057053] iommu: Adding device 7d000000.usb-phy to group 30
[    0.057089] iommu: Adding device 7d008000.usb to group 31
[    0.057121] iommu: Adding device 7d008000.usb-phy to group 32
[    0.057152] iommu: Adding device timer to group 33
[    0.057184] iommu: Adding device backlight to group 34
[    0.057215] iommu: Adding device clocks to group 35
[    0.057247] iommu: Adding device gpio-keys to group 36
[    0.057279] iommu: Adding device regulators to group 37
[    0.057316] iommu: Adding device regulators:regulator@0 to group 38
[    0.057352] iommu: Adding device regulators:regulator@1 to group 39
[    0.057384] iommu: Adding device regulators:regulator@3 to group 40
[    0.057417] iommu: Adding device regulators:regulator@4 to group 41
[    0.057449] iommu: Adding device regulators:regulator@5 to group 42
[    0.057481] iommu: Adding device regulators:regulator@6 to group 43
[    0.057512] iommu: Adding device regulators:regulator@7 to group 44
[    0.057544] iommu: Adding device sound to group 45
[    0.071629] AT91: Could not find identification node
[    0.072114] dvdd_ts: Failed to request enable GPIO61: -517
[    0.072135] reg-fixed-voltage regulators:regulator@1: Failed to register regulator: -517
[    0.072243] usb1_vbus: Failed to request enable GPIO108: -517
[    0.072258] reg-fixed-voltage regulators:regulator@3: Failed to register regulator: -517
[    0.072363] usb2_vbus: Failed to request enable GPIO86: -517
[    0.072378] reg-fixed-voltage regulators:regulator@4: Failed to register regulator: -517
[    0.072792] VDD_5V0_HDMI_CON: Failed to request enable GPIO81: -517
[    0.072808] reg-fixed-voltage regulators:regulator@7: Failed to register regulator: -517
[    0.075260] vgaarb: loaded
[    0.075962] SCSI subsystem initialized
[    0.076136] libata version 3.00 loaded.
[    0.076332] usbcore: registered new interface driver usbfs
[    0.076382] usbcore: registered new interface driver hub
[    0.076441] usbcore: registered new device driver usb
[    0.079689] tps65090 2-0048: No cache defaults, reading back from HW
[    0.080691] iommu: Adding device tps65090-pmic to group 46
[    0.081632] TPS65090_RAILSDCDC1: supplied by vdd_ac_bat
[    0.082689] TPS65090_RAILSDCDC2: supplied by vdd_ac_bat
[    0.083744] TPS65090_RAILSDCDC3: supplied by vdd_ac_bat
[    0.084259] TPS65090_RAILSFET1: supplied by vdd_ac_bat
[    0.084618] TPS65090_RAILSFET2: supplied by vdd_ac_bat
[    0.084976] TPS65090_RAILSFET3: supplied by vdd-sys-3v3
[    0.085489] TPS65090_RAILSFET4: supplied by vdd-sys-3v3
[    0.086008] TPS65090_RAILSFET5: supplied by vdd-sys-3v3
[    0.086512] TPS65090_RAILSFET6: supplied by vdd-sys-3v3
[    0.087343] TPS65090_RAILSFET7: supplied by vdd-sys-3v3
[    0.087856] TPS65090_RAILSLDO1: supplied by vdd_ac_bat
[    0.088044] TPS65090_RAILSLDO2: supplied by vdd_ac_bat
[    0.088365] iommu: Adding device tps65090-charger to group 47
[    0.088981] palmas 2-0058: Irq flag is 0x00000004
[    0.090950] palmas 2-0058: Muxing GPIO ff, PWM 0, LED 0
[    0.091182] iommu: Adding device 7000d000.i2c:tps65913@58:gpio to group 48
[    0.091729] iommu: Adding device 7000d000.i2c:tps65913@58:pmic to group 49
[    0.093549] SMPS12: supplied by vdd-ao
[    0.094549] vdd_hdmi_5v0: supplied by vdd-sys-5v0
[    0.095361] SMPS3: supplied by vdd-ao
[    0.097085] SMPS457: supplied by vdd-sys-3v3
[    0.098717] SMPS6: supplied by regulator-dummy
[    0.100110] SMPS8: supplied by vdd-sys-3v3
[    0.101688] SMPS9: supplied by vdd-sys-3v3
[    0.102209] sdhci-vdd-sd-slot: Bringing 2840000uV into 2800000-2800000uV
[    0.103603] SMPS10_OUT2: supplied by regulator-dummy
[    0.104428] SMPS10_OUT1: supplied by regulator-dummy
[    0.105262] LDO1: supplied by vdd-sys-3v3
[    0.106371] LDO2: supplied by vdd-sys-3v3
[    0.107484] LDO3: supplied by vddio-1v8
[    0.108580] LDO4: supplied by vdd-sys-3v3
[    0.109681] LDO5: supplied by vdd_ac_bat
[    0.110361] LDO6: supplied by vdd-sys-3v3
[    0.110877] vdd-sensor-2v85: Bringing 2900000uV into 2850000-2850000uV
[    0.112199] LDO7: supplied by vdd-sys-3v3
[    0.113837] LDO8: supplied by vdd-ao
[    0.114370] vdd-rtc: Bringing 675000uV into 900000-900000uV
[    0.123963] LDO9: supplied by sdhci-vdd-sd-slot
[    0.134285] LDOLN: supplied by vdd-sys-5v0
[    0.135398] LDOUSB: supplied by vdd-sys-5v0
[    0.145727] iommu: Adding device 7000d000.i2c:tps65913@58:rtc to group 50
[    0.146142] iommu: Adding device 7000d000.i2c:tps65913@58:pinmux to group 51
[    0.146710] pps_core: LinuxPPS API ver. 1 registered
[    0.146721] pps_core: Software ver. 5.3.6 - Copyright 2005-2007 Rodolfo Giometti <giometti@linux.it>
[    0.146744] PTP clock support registered
[    0.146930] EDAC MC: Ver: 3.0.0
[    0.147202] dmi: Firmware registration failed.
[    0.149023] clocksource: Switched to clocksource arch_sys_counter
[    0.200942] NET: Registered protocol family 2
[    0.201443] TCP established hash table entries: 8192 (order: 3, 32768 bytes)
[    0.201544] TCP bind hash table entries: 8192 (order: 4, 65536 bytes)
[    0.201732] TCP: Hash tables configured (established 8192 bind 8192)
[    0.201818] UDP hash table entries: 512 (order: 2, 16384 bytes)
[    0.201863] UDP-Lite hash table entries: 512 (order: 2, 16384 bytes)
[    0.202020] NET: Registered protocol family 1
[    0.202402] RPC: Registered named UNIX socket transport module.
[    0.202413] RPC: Registered udp transport module.
[    0.202422] RPC: Registered tcp transport module.
[    0.202431] RPC: Registered tcp NFSv4.1 backchannel transport module.
[    0.202444] PCI: CLS 0 bytes, default 64
[    0.203888] iommu: Adding device alarmtimer to group 52
[    0.204603] Initialise system trusted keyrings
[    0.204742] workingset: timestamp_bits=30 max_order=19 bucket_order=0
[    0.210659] squashfs: version 4.0 (2009/01/31) Phillip Lougher
[    0.211256] NFS: Registering the id_resolver key type
[    0.211278] Key type id_resolver registered
[    0.211287] Key type id_legacy registered
[    0.211331] ntfs: driver 2.1.32 [Flags: R/O].
[    0.212788] Key type asymmetric registered
[    0.212800] Asymmetric key parser 'x509' registered
[    0.212853] bounce: pool size: 64 pages
[    0.212901] Block layer SCSI generic (bsg) driver version 0.4 loaded (major 247)
[    0.212912] io scheduler noop registered
[    0.212922] io scheduler deadline registered
[    0.213135] io scheduler cfq registered (default)
[    0.213145] io scheduler mq-deadline registered
[    0.213155] io scheduler kyber registered
[    0.245229] tegra-apbdma 6000a000.dma: Tegra20 APB DMA driver register 32 channels
[    0.248136] tegra-pmc 7000e400.pmc: i2c-thermtrip node not found, emergency thermal reset disabled.
[    0.299771] Serial: 8250/16550 driver, 4 ports, IRQ sharing disabled
[    0.299869] iommu: Adding device serial8250 to group 53
[    0.302459] console [ttyS0] disabled
[    0.302501] 70006300.serial: ttyS0 at MMIO 0x70006300 (irq = 329, base_baud = 25500000) is a Tegra
[    1.617878] console [ttyS0] enabled
[    1.622156] SuperH (H)SCI(F) driver initialized
[    1.627662] msm_serial: driver initialized
[    1.631952] STMicroelectronics ASC driver initialized
[    1.658921] tegra-hdmi 54280000.hdmi: failed to get HDMI regulator
[    1.680938] brd: module loaded
[    1.690633] loop: module loaded
[    1.711068] m25p80 spi0.0: w25q32dw (4096 Kbytes)
[    1.717916] iommu: Adding device Fixed MDIO bus.0 to group 54
[    1.724115] libphy: Fixed MDIO Bus: probed
[    1.729227] CAN device driver interface
[    1.733858] bgmac_bcma: Broadcom 47xx GBit MAC driver loaded
[    1.740819] e1000e: Intel(R) PRO/1000 Network Driver - 3.2.6-k
[    1.746643] e1000e: Copyright(c) 1999 - 2015 Intel Corporation.
[    1.752618] igb: Intel(R) Gigabit Ethernet Network Driver - version 5.4.0-k
[    1.759587] igb: Copyright (c) 2007-2014 Intel Corporation.
[    1.768680] pegasus: v0.9.3 (2013/04/25), Pegasus/Pegasus II USB Ethernet driver
[    1.776123] usbcore: registered new interface driver pegasus
[    1.781832] usbcore: registered new interface driver asix
[    1.787252] usbcore: registered new interface driver ax88179_178a
[    1.793381] usbcore: registered new interface driver cdc_ether
[    1.799262] usbcore: registered new interface driver smsc75xx
[    1.805043] usbcore: registered new interface driver smsc95xx
[    1.810826] usbcore: registered new interface driver net1080
[    1.816506] usbcore: registered new interface driver cdc_subset
[    1.822462] usbcore: registered new interface driver zaurus
[    1.828070] usbcore: registered new interface driver cdc_ncm
[    1.833961] tegra-phy 7d000000.usb-phy: no vbus regulator
[    1.841394] ehci_hcd: USB 2.0 'Enhanced' Host Controller (EHCI) Driver
[    1.847915] ehci-pci: EHCI PCI platform driver
[    1.852402] ehci-platform: EHCI generic platform driver
[    1.857805] ehci-orion: EHCI orion driver
[    1.861975] SPEAr-ehci: EHCI SPEAr driver
[    1.866111] ehci-st: EHCI STMicroelectronics driver
[    1.871127] ehci-exynos: EHCI EXYNOS driver
[    1.875445] ehci-atmel: EHCI Atmel driver
[    1.879593] tegra-ehci: Tegra EHCI driver
[    1.883896] ohci_hcd: USB 1.1 'Open' Host Controller (OHCI) Driver
[    1.890095] ohci-pci: OHCI PCI platform driver
[    1.894573] ohci-platform: OHCI generic platform driver
[    1.899980] SPEAr-ohci: OHCI SPEAr driver
[    1.904111] ohci-st: OHCI STMicroelectronics driver
[    1.909128] ohci-atmel: OHCI Atmel driver
[    1.913823] usbcore: registered new interface driver usb-storage
[    1.923923] iommu: Adding device ci_hdrc.0 to group 55
[    1.937670] palmas-rtc 7000d000.i2c:tps65913@58:rtc: rtc core: registered 7000d000.i2c:tps65913@58:rtc as rtc0
[    1.949507] tegra_rtc 7000e000.rtc: rtc core: registered 7000e000.rtc as rtc1
[    1.956676] tegra_rtc 7000e000.rtc: Tegra internal Real Time Clock
[    1.963376] i2c /dev entries driver
[    1.973331] sbs-battery 0-000b: sbs_probe: Failed to get device status
[    1.979886] sbs-battery: probe of 0-000b failed with error -121
[    1.996164] sdhci: Secure Digital Host Controller Interface driver
[    2.002368] sdhci: Copyright(c) Pierre Ossman
[    2.008247] Synopsys Designware Multimedia Card Interface Driver
[    2.015622] sdhci-pltfm: SDHCI platform and OF driver helper
[    2.022025] sdhci-tegra 78000400.sdhci: Got CD GPIO
[    2.026913] sdhci-tegra 78000400.sdhci: Got WP GPIO
[    2.040042] mmc0: Invalid maximum block size, assuming 512 bytes
[    2.109176] mmc0: SDHCI controller on 78000400.sdhci [78000400.sdhci] using ADMA
[    2.125857] mmc1: Invalid maximum block size, assuming 512 bytes
[    2.189067] mmc1: SDHCI controller on 78000600.sdhci [78000600.sdhci] using ADMA
[    2.198470] ledtrig-cpu: registered to indicate activity on CPUs
[    2.204855] usbcore: registered new interface driver usbhid
[    2.210441] usbhid: USB HID core driver
[    2.218131] NET: Registered protocol family 10
[    2.223482] Segment Routing with IPv6
[    2.227209] sit: IPv6, IPv4 and MPLS over IPv4 tunneling driver
[    2.233675] NET: Registered protocol family 17
[    2.238122] can: controller area network core (rev 20170425 abi 9)
[    2.244376] NET: Registered protocol family 29
[    2.248816] can: raw protocol (rev 20170425)
[    2.253107] can: broadcast manager protocol (rev 20170425 t)
[    2.258765] can: netlink gateway (rev 20170425) max_hops=1
[    2.264539] Key type dns_resolver registered
[    2.269333] ThumbEE CPU extension supported.
[    2.273603] Registering SWP/SWPB emulation handler
[    2.278902] Loading compiled-in X.509 certificates
[    2.294865] mmc0: new high speed SDHC card at address aaaa
[    2.297082] usb1_vbus: supplied by vdd-sys-5v0
[    2.305549] usb2_vbus: supplied by vdd-sys-5v0
[    2.309311] mmcblk0: mmc0:aaaa SL16G 14.8 GiB 
[    2.317600] VDD_5V0_HDMI_CON: supplied by vdd-sys-5v0
[    2.327397]  mmcblk0: p1 p2 p3
[    2.331771] [drm] Supports vblank timestamp caching Rev 2 (21.10.2013).
[    2.338396] [drm] No driver support for vblank timestamp query.
[    2.347802] mmc1: new high speed MMC card at address 0001
[    2.353753] mmcblk1: mmc1:0001 SEM32G 29.1 GiB 
[    2.358575] mmcblk1boot0: mmc1:0001 SEM32G partition 1 4.00 MiB
[    2.364868] mmcblk1boot1: mmc1:0001 SEM32G partition 2 4.00 MiB
[    2.371495] mmcblk1rpmb: mmc1:0001 SEM32G partition 3 4.00 MiB, chardev (237:0)
[    2.374409]  mmcblk1: p1 p2 p3 p4 p5 p6 p7 p8
[    2.440371] Console: switching to colour frame buffer device 240x75
[    2.491663] drm drm: fb0:  frame buffer device
[    2.496204] [drm] Initialized tegra 0.0.0 20120330 for drm on minor 0
[    2.506160] tegra-ehci 7d008000.usb: EHCI Host Controller
[    2.511626] tegra-ehci 7d008000.usb: new USB bus registered, assigned bus number 1
[    2.519913] tegra-ehci 7d008000.usb: irq 340, io mem 0x7d008000
[    2.549151] tegra-ehci 7d008000.usb: USB 2.0 started, EHCI 1.10
[    2.556227] hub 1-0:1.0: USB hub found
[    2.560100] hub 1-0:1.0: 1 port detected
[    2.565813] input: gpio-keys as /devices/soc0/gpio-keys/input/input0
[    2.574740] palmas-rtc 7000d000.i2c:tps65913@58:rtc: setting system clock to 2000-04-27 05:05:33 UTC (956811933)
[    2.590662] dvdd_ts: disabling
[    2.593722] usb1_vbus: disabling
[    2.596948] vdd_cam_1v8_reg: disabling
[    2.602451] EXT4-fs (mmcblk1p1): mounting ext3 file system using the ext4 subsystem
[    2.624941] EXT4-fs (mmcblk1p1): recovery complete
[    2.629814] EXT4-fs (mmcblk1p1): mounted filesystem with ordered data mode. Opts: (null)
[    2.637946] VFS: Mounted root (ext3 filesystem) on device 179:17.
[    2.646484] devtmpfs: mounted
[    2.651405] Freeing unused kernel memory: 2048K
bash: cannot set terminal process group (-1): Inappropriate ioctl for device
bash: no job control in this shell
root@(none):/# mount -t sysfs none /sys
root@(none):/# 
root@(none):/# [    3.622120] asix 1-1:1.0 eth0: register 'asix' at usb-7d008000.usb-1, ASIX AX88772 USB 2.0 Ethernet, 00:50:b6:0d:b5:16
mount -t debugfs none /sys/kernel/debug
root@(none):/# 
root@(none):/# rtcwake -d rtc1 -m mem -s 3
rtcwake: assuming RTC uses UTC ...
rtcwake: wakeup from "mem" using /dev/rtc1 at Thu Jan  1 00:00:20 1970
[    5.333463] PM: suspend entry (deep)
[    5.337045] PM: Syncing filesystems ... done.
[    5.372574] Freezing user space processes ... (elapsed 0.001 seconds) done.
[    5.380727] OOM killer disabled.
[    5.383951] Freezing remaining freezable tasks ... (elapsed 0.001 seconds) done.
[    5.392695] Suspending console(s) (use no_console_suspend to debug)
[    5.457088] Disabling non-boot CPUs ...
[    5.609354] IRQ17 no longer affine to CPU3
[    5.610644] Entering suspend state LP1
[    5.610667] Enabling non-boot CPUs ...
[    5.611337] CPU1 is up
[    5.611944] CPU2 is up
[    5.612670] CPU3 is up
[    6.253021] OOM killer enabled.
[    6.256162] Restarting tasks ... done.
[    6.289350] PM: suspend exit
root@(none):/# 
root@(none):/# rtcwake -d rtc1 -m mem -s 3
rtcwake: assuming RTC uses UTC ...
rtcwake: wakeup from "mem" using /dev/rtc1 at Thu Jan  1 00:00:29 1970
[    7.288099] PM: suspend entry (deep)
[    7.291719] PM: Syncing filesystems ... done.
[    7.322688] Freezing user space processes ... (elapsed 0.001 seconds) done.
[    7.330977] OOM killer disabled.
[    7.334208] Freezing remaining freezable tasks ... (elapsed 0.001 seconds) done.
[    7.343008] Suspending console(s) (use no_console_suspend to debug)
[    7.407106] Disabling non-boot CPUs ...
[    7.540344] Entering suspend state LP1
[    7.540367] Enabling non-boot CPUs ...
[    7.541051] CPU1 is up
[    7.541671] CPU2 is up
[    7.542412] CPU3 is up
[    8.166763] OOM killer enabled.
[    8.169916] Restarting tasks ... done.
[    8.200871] PM: suspend exit
root@(none):/# 
root@(none):/# rtcwake -d rtc1 -m mem -s 3
rtcwake: assuming RTC uses UTC ...
rtcwake: wakeup from "mem" using /dev/rtc1 at Thu Jan  1 00:00:38 1970
[    9.218368] PM: suspend entry (deep)
[    9.221989] PM: Syncing filesystems ... done.
[    9.250593] Freezing user space processes ... (elapsed 0.001 seconds) done.
[    9.258847] OOM killer disabled.
[    9.262107] Freezing remaining freezable tasks ... (elapsed 0.001 seconds) done.
[    9.270906] Suspending console(s) (use no_console_suspend to debug)
[    9.337508] Disabling non-boot CPUs ...
[    9.490327] Entering suspend state LP1
[    9.490350] Enabling non-boot CPUs ...
[    9.491032] CPU1 is up
[    9.491654] CPU2 is up
[    9.492384] CPU3 is up
[   10.135073] OOM killer enabled.
[   10.138208] Restarting tasks ... done.
[   10.168685] PM: suspend exit
root@(none):/# 
root@(none):/# rtcwake -d rtc1 -m mem -s 3
rtcwake: assuming RTC uses UTC ...
rtcwake: wakeup from "mem" using /dev/rtc1 at Thu Jan  1 00:00:47 1970
[   11.166294] PM: suspend entry (deep)
[   11.169911] PM: Syncing filesystems ... done.
[   11.202079] Freezing user space processes ... (elapsed 0.001 seconds) done.
[   11.210369] OOM killer disabled.
[   11.213600] Freezing remaining freezable tasks ... (elapsed 0.001 seconds) done.
[   11.222407] Suspending console(s) (use no_console_suspend to debug)
[   11.287545] Disabling non-boot CPUs ...
[   11.450268] Entering suspend state LP1
[   11.450291] Enabling non-boot CPUs ...
[   11.450987] CPU1 is up
[   11.451618] CPU2 is up
[   11.452372] CPU3 is up
[   12.079118] OOM killer enabled.
[   12.082254] Restarting tasks ... done.
[   12.110521] PM: suspend exit
root@(none):/# 
root@(none):/# rtcwake -d rtc1 -m mem -s 3
rtcwake: assuming RTC uses UTC ...
rtcwake: wakeup from "mem" using /dev/rtc1 at Thu Jan  1 00:00:56 1970
[   13.145139] PM: suspend entry (deep)
[   13.148718] PM: Syncing filesystems ... done.
[   13.177073] Freezing user space processes ... (elapsed 0.001 seconds) done.
[   13.185360] OOM killer disabled.
[   13.188603] Freezing remaining freezable tasks ... (elapsed 0.001 seconds) done.
[   13.197327] Suspending console(s) (use no_console_suspend to debug)
[   13.266402] Disabling non-boot CPUs ...
[   13.430074] Entering suspend state LP1
[   13.430097] Enabling non-boot CPUs ...
[   13.430778] CPU1 is up
[   13.431399] CPU2 is up
[   13.432127] CPU3 is up
[   14.065569] OOM killer enabled.
[   14.068712] Restarting tasks ... done.
[   14.109757] PM: suspend exit
root@(none):/# 
root@(none):/# rtcwake -d rtc1 -m mem -s 3
rtcwake: assuming RTC uses UTC ...
rtcwake: wakeup from "mem" using /dev/rtc1 at Thu Jan  1 00:01:05 1970
[   15.108492] PM: suspend entry (deep)
[   15.112132] PM: Syncing filesystems ... done.
[   15.142964] Freezing user space processes ... (elapsed 0.001 seconds) done.
[   15.151266] OOM killer disabled.
[   15.154496] Freezing remaining freezable tasks ... (elapsed 0.001 seconds) done.
[   15.163301] Suspending console(s) (use no_console_suspend to debug)
[   15.227156] Disabling non-boot CPUs ...
[   15.379169] IRQ17 no longer affine to CPU3
[   15.380229] Entering suspend state LP1
[   15.380252] Enabling non-boot CPUs ...
[   15.380936] CPU1 is up
[   15.381571] CPU2 is up
[   15.382311] CPU3 is up
[   16.019749] OOM killer enabled.
[   16.022892] Restarting tasks ... done.
[   16.059241] PM: suspend exit
root@(none):/# 
root@(none):/# rtcwake -d rtc1 -m mem -s 3
rtcwake: assuming RTC uses UTC ...
rtcwake: wakeup from "mem" using /dev/rtc1 at Thu Jan  1 00:01:14 1970
[   17.060218] PM: suspend entry (deep)
[   17.063799] PM: Syncing filesystems ... done.
[   17.092534] Freezing user space processes ... (elapsed 0.001 seconds) done.
[   17.100825] OOM killer disabled.
[   17.104068] Freezing remaining freezable tasks ... (elapsed 0.001 seconds) done.
[   17.112843] Suspending console(s) (use no_console_suspend to debug)
[   17.177037] Disabling non-boot CPUs ...
[   17.209232] IRQ17 no longer affine to CPU1
[   17.329971] Entering suspend state LP1
[   17.329994] Enabling non-boot CPUs ...
[   17.330687] CPU1 is up
[   17.331329] CPU2 is up
[   17.332069] CPU3 is up
[   17.974447] OOM killer enabled.
[   17.977581] Restarting tasks ... done.
[   18.008358] PM: suspend exit
root@(none):/# 
root@(none):/# rtcwake -d rtc1 -m mem -s 3
rtcwake: assuming RTC uses UTC ...
rtcwake: wakeup from "mem" using /dev/rtc1 at Thu Jan  1 00:01:23 1970
[   19.011490] PM: suspend entry (deep)
[   19.015072] PM: Syncing filesystems ... done.
[   19.058214] Freezing user space processes ... (elapsed 0.001 seconds) done.
[   19.066484] OOM killer disabled.
[   19.069759] Freezing remaining freezable tasks ... (elapsed 0.001 seconds) done.
[   19.078478] Suspending console(s) (use no_console_suspend to debug)
[   19.147005] Disabling non-boot CPUs ...
[   19.299938] Entering suspend state LP1
[   19.299961] Enabling non-boot CPUs ...
[   19.300660] CPU1 is up
[   19.301302] CPU2 is up
[   19.302051] CPU3 is up
[   19.928388] OOM killer enabled.
[   19.931541] Restarting tasks ... done.
[   19.960419] PM: suspend exit
root@(none):/# 
root@(none):/# rtcwake -d rtc1 -m mem -s 3
rtcwake: assuming RTC uses UTC ...
rtcwake: wakeup from "mem" using /dev/rtc1 at Thu Jan  1 00:01:32 1970
[   20.980736] PM: suspend entry (deep)
[   20.984313] PM: Syncing filesystems ... done.
[   21.026943] Freezing user space processes ... (elapsed 0.001 seconds) done.
[   21.035251] OOM killer disabled.
[   21.038482] Freezing remaining freezable tasks ... (elapsed 0.001 seconds) done.
[   21.047253] Suspending console(s) (use no_console_suspend to debug)
[   21.117263] Disabling non-boot CPUs ...
[   21.270098] Entering suspend state LP1
[   21.270121] Enabling non-boot CPUs ...
[   21.270808] CPU1 is up
[   21.271436] CPU2 is up
[   21.272181] CPU3 is up
[   21.910991] OOM killer enabled.
[   21.914127] Restarting tasks ... done.
[   21.948198] PM: suspend exit
root@(none):/# 
root@(none):/# rtcwake -d rtc1 -m mem -s 3
rtcwake: assuming RTC uses UTC ...
rtcwake: wakeup from "mem" using /dev/rtc1 at Thu Jan  1 00:01:41 1970
[   22.950913] PM: suspend entry (deep)
[   22.954496] PM: Syncing filesystems ... done.
[   22.998274] Freezing user space processes ... (elapsed 0.001 seconds) done.
[   23.006547] OOM killer disabled.
[   23.009805] Freezing remaining freezable tasks ... (elapsed 0.001 seconds) done.
[   23.018477] Suspending console(s) (use no_console_suspend to debug)
[   23.086817] Disabling non-boot CPUs ...
[   23.249847] Entering suspend state LP1
[   23.249870] Enabling non-boot CPUs ...
[   23.250562] CPU1 is up
[   23.251197] CPU2 is up
[   23.251930] CPU3 is up
[   23.879215] OOM killer enabled.
[   23.882350] Restarting tasks ... done.
[   23.911355] PM: suspend exit
root@(none):/# 
root@(none):/# NVTB SYSTEM SUSPEND TEST COMPLETE
