Diff for ./tegra114-dalmore-a04/tegra114-dalmore/multi_v7_defconfig_log.txt
--- /tmp/fooa	2015-02-01 21:10:01.740990170 -0800
+++ /tmp/foob	2015-02-01 21:10:01.740990170 -0800
@@ -38,20 +38,20 @@
 	 #################################################################
 	 #################################################################
 	 ##
-	 3.2 MiB/s
+	 3.4 MiB/s
 done
-Bytes transferred = 5748208 (57b5f0 hex)
+Bytes transferred = 5747648 (57b3c0 hex)
 Tegra114 (Dalmore) # tftpboot 0x82000000 tegra114-dalmore.dtb
 Using asx0 device
 TFTP from server 192.168.100.1; our IP address is 192.168.100.100
 Filename 'tegra114-dalmore.dtb'.
 Load address: 0x82000000
 Loading: *###
-	 3 MiB/s
+	 3.3 MiB/s
 done
 Bytes transferred = 34638 (874e hex)
 Tegra114 (Dalmore) # bootz 0x81000000 - 0x82000000
-Kernel image @ 0x81000000 [ 0x000000 - 0x57b5f0 ]
+Kernel image @ 0x81000000 [ 0x000000 - 0x57b3c0 ]
 ## Flattened Device Tree blob at 82000000
    Booting using the fdt blob at 0x82000000
    Loading Device Tree to 8fff4000, end 8ffff74d ... OK
@@ -59,7 +59,7 @@
 Starting kernel ...
 
 Booting Linux on physical CPU 0x0
-Linux version 3.19.0-rc6-13483-g26bc420b (pwalmsley@tamien) (gcc version 4.7.3 20130328 (prerelease) (crosstool-NG linaro-1.13.1-4.7-2013.04-20130415 - Linaro GCC 2013.04) ) #1 SMP Sun Jan 25 20:34:15 PST 2015
+Linux version 3.19.0-rc7-13702-ge36f014 (pwalmsley@tamien) (gcc version 4.7.3 20130328 (prerelease) (crosstool-NG linaro-1.13.1-4.7-2013.04-20130415 - Linaro GCC 2013.04) ) #1 SMP Sun Feb 1 21:04:16 PST 2015
 CPU: ARMv7 Processor [412fc0f2] revision 2 (ARMv7), cr=10c5387d
 CPU: PIPT / VIPT nonaliasing data cache, PIPT instruction cache
 Machine model: NVIDIA Tegra114 Dalmore evaluation board
@@ -88,7 +88,7 @@
     lowmem  : 0xc0000000 - 0xef800000   ( 760 MB)
     pkmap   : 0xbfe00000 - 0xc0000000   (   2 MB)
     modules : 0xbf000000 - 0xbfe00000   (  14 MB)
-      .text : 0xc0208000 - 0xc0c508f8   (10531 kB)
+      .text : 0xc0208000 - 0xc0c508c8   (10531 kB)
       .init : 0xc0c51000 - 0xc0d12000   ( 772 kB)
       .data : 0xc0d12000 - 0xc0e01200   ( 957 kB)
        .bss : 0xc0e01200 - 0xc0e4db28   ( 307 kB)
@@ -114,7 +114,7 @@
 /cpus/cpu@2 missing clock-frequency property
 /cpus/cpu@3 missing clock-frequency property
 CPU0: thread -1, cpu 0, socket 0, mpidr 80000000
-Setting up static identity map for 0x80911d48 - 0x80911de0
+Setting up static identity map for 0x80911958 - 0x809119f0
 Tegra Revision: A01 SKU: 0 CPU Process: 1 Core Process: 0
 CPU1: thread -1, cpu 1, socket 0, mpidr 80000001
 CPU2: thread -1, cpu 2, socket 0, mpidr 80000002
@@ -331,7 +331,7 @@
 hub 1-0:1.0: USB hub found
 hub 1-0:1.0: 1 port detected
 input: gpio-keys as /devices/soc0/gpio-keys/input/input1
-palmas-rtc 7000d000.i2c:tps65913@58:rtc: setting system clock to 2000-07-02 23:54:23 UTC (962582063)
+palmas-rtc 7000d000.i2c:tps65913@58:rtc: setting system clock to 2000-07-10 00:24:37 UTC (963188677)
 vdd_cam_1v8_reg: disabling
 vdd_hdmi_5v0: disabling
 usb1_vbus: disabling
@@ -346,4 +346,4 @@
 Freeing unused kernel memory: 772K (c0c51000 - c0d12000)
 bash: cannot set terminal process group (-1): Inappropriate ioctl for device
 bash: no job control in this shell
-root@(none):/# [    2.758268] usb 1-1: new high-speed USB device number 2 using tegra-ehci
+root@(none):/# [    2.753279] usb 1-1: new high-speed USB device number 2 using tegra-ehci
Diff for ./tegra114-dalmore-a04/tegra114-dalmore/tegra_defconfig_log.txt
--- /tmp/fooa	2015-02-01 21:10:01.748990166 -0800
+++ /tmp/foob	2015-02-01 21:10:01.748990166 -0800
@@ -39,18 +39,18 @@
 	 #
 	 3.2 MiB/s
 done
-Bytes transferred = 4780496 (48f1d0 hex)
+Bytes transferred = 4780160 (48f080 hex)
 Tegra114 (Dalmore) # tftpboot 0x82000000 tegra114-dalmore.dtb
 Using asx0 device
 TFTP from server 192.168.100.1; our IP address is 192.168.100.100
 Filename 'tegra114-dalmore.dtb'.
 Load address: 0x82000000
 Loading: *###
-	 2.5 MiB/s
+	 2.8 MiB/s
 done
 Bytes transferred = 34638 (874e hex)
 Tegra114 (Dalmore) # bootz 0x81000000 - 0x82000000
-Kernel image @ 0x81000000 [ 0x000000 - 0x48f1d0 ]
+Kernel image @ 0x81000000 [ 0x000000 - 0x48f080 ]
 ## Flattened Device Tree blob at 82000000
    Booting using the fdt blob at 0x82000000
    Loading Device Tree to 8fff4000, end 8ffff74d ... OK
@@ -61,7 +61,7 @@
 Booting Linux on physical CPU 0x0
 Initializing cgroup subsys cpu
 Initializing cgroup subsys cpuacct
-Linux version 3.19.0-rc6-118699-g26bc420b (pwalmsley@kaivo) (gcc version 4.7.3 20130328 (prerelease) (crosstool-NG linaro-1.13.1-4.7-2013.04-20130415 - Linaro GCC 2013.04) ) #1 SMP PREEMPT Sun Jan 25 20:33:27 PST 2015
+Linux version 3.19.0-rc7-118918-ge36f014 (pwalmsley@kaivo) (gcc version 4.7.3 20130328 (prerelease) (crosstool-NG linaro-1.13.1-4.7-2013.04-20130415 - Linaro GCC 2013.04) ) #1 SMP PREEMPT Sun Feb 1 21:03:24 PST 2015
 CPU: ARMv7 Processor [412fc0f2] revision 2 (ARMv7), cr=10c5387d
 CPU: PIPT / VIPT nonaliasing data cache, PIPT instruction cache
 Machine model: NVIDIA Tegra114 Dalmore evaluation board
@@ -69,7 +69,7 @@
 cma: Reserved 64 MiB at 0xfbc00000
 Memory policy: Data cache writealloc
 On node 0 totalpages: 524032
-free_area_init_node: node 0, pgdat c092e840, node_mem_map ee7f7000
+free_area_init_node: node 0, pgdat c092e880, node_mem_map ee7f7000
   Normal zone: 1520 pages used for memmap
   Normal zone: 0 pages reserved
   Normal zone: 194560 pages, LIFO batch:31
@@ -90,10 +90,10 @@
     lowmem  : 0xc0000000 - 0xef800000   ( 760 MB)
     pkmap   : 0xbfe00000 - 0xc0000000   (   2 MB)
     modules : 0xbf000000 - 0xbfe00000   (  14 MB)
-      .text : 0xc0008000 - 0xc088d108   (8725 kB)
+      .text : 0xc0008000 - 0xc088d0dc   (8725 kB)
       .init : 0xc088e000 - 0xc08da000   ( 304 kB)
-      .data : 0xc08da000 - 0xc0930360   ( 345 kB)
-       .bss : 0xc0930360 - 0xc0987ca4   ( 351 kB)
+      .data : 0xc08da000 - 0xc09303a0   ( 345 kB)
+       .bss : 0xc09303a0 - 0xc0987ce4   ( 351 kB)
 Preemptible hierarchical RCU implementation.
 NR_IRQS:16 nr_irqs:16 16
 L2C: failed to init: -19
@@ -115,7 +115,7 @@
 /cpus/cpu@2 missing clock-frequency property
 /cpus/cpu@3 missing clock-frequency property
 CPU0: thread -1, cpu 0, socket 0, mpidr 80000000
-Setting up static identity map for 0x80634048 - 0x806340e0
+Setting up static identity map for 0x80633c38 - 0x80633cd0
 Tegra Revision: A01 SKU: 0 CPU Process: 1 Core Process: 0
 CPU1: thread -1, cpu 1, socket 0, mpidr 80000001
 CPU2: thread -1, cpu 2, socket 0, mpidr 80000002
@@ -324,7 +324,7 @@
 hub 1-0:1.0: USB hub found
 hub 1-0:1.0: 1 port detected
 input: gpio-keys as /devices/soc0/gpio-keys/input/input1
-palmas-rtc 7000d000.i2c:tps65913@58:rtc: setting system clock to 2000-07-02 23:53:55 UTC (962582035)
+palmas-rtc 7000d000.i2c:tps65913@58:rtc: setting system clock to 2000-07-10 00:24:02 UTC (963188642)
 vdd_cam_1v8_reg: disabling
 vdd_hdmi_5v0: disabling
 usb1_vbus: disabling
@@ -340,4 +340,4 @@
 Freeing unused kernel memory: 304K (c088e000 - c08da000)
 bash: cannot set terminal process group (-1): Inappropriate ioctl for device
 bash: no job control in this shell
-root@(none):/# [    2.950301] usb 1-1: new high-speed USB device number 2 using tegra-ehci
+root@(none):/# [    2.950286] usb 1-1: new high-speed USB device number 2 using tegra-ehci
Diff for ./tegra124-jetson-tk1/tegra124-jetson-tk1/multi_v7_defconfig_log.txt
--- /tmp/fooa	2015-02-01 21:10:01.756990163 -0800
+++ /tmp/foob	2015-02-01 21:10:01.756990163 -0800
@@ -29,6 +29,7 @@
 Tegra124 (Jetson TK1) # setenv bootargs 'ignore_loglevel console=ttyS0,115200n8 rw root=/dev/mmcblk0p1 rootwait gpt debug init=/bin/bash noinitrd'
 Tegra124 (Jetson TK1) # setenv ipaddr 192.168.100.102; setenv serverip 192.168.100.1; setenv tftpserverip 192.168.100.1
 Tegra124 (Jetson TK1) # tftpboot 0x81000000 zImage.multi_v7_defconfig
+Waiting for Ethernet connection... done.
 Using asx0 device
 TFTP from server 192.168.100.1; our IP address is 192.168.100.102
 Filename 'zImage.multi_v7_defconfig'.
@@ -42,18 +43,18 @@
 	 ##
 	 3.3 MiB/s
 done
-Bytes transferred = 5748208 (57b5f0 hex)
+Bytes transferred = 5747648 (57b3c0 hex)
 Tegra124 (Jetson TK1) # tftpboot 0x82000000 tegra124-jetson-tk1.dtb
 Using asx0 device
 TFTP from server 192.168.100.1; our IP address is 192.168.100.102
 Filename 'tegra124-jetson-tk1.dtb'.
 Load address: 0x82000000
 Loading: *####
-	 2.9 MiB/s
+	 2.7 MiB/s
 done
 Bytes transferred = 48898 (bf02 hex)
 Tegra124 (Jetson TK1) # bootz 0x81000000 - 0x82000000
-Kernel image @ 0x81000000 [ 0x000000 - 0x57b5f0 ]
+Kernel image @ 0x81000000 [ 0x000000 - 0x57b3c0 ]
 ## Flattened Device Tree blob at 82000000
    Booting using the fdt blob at 0x82000000
    Using Device Tree in place at 82000000, end 8200ef01
@@ -61,7 +62,7 @@
 Starting kernel ...
 
 Booting Linux on physical CPU 0x0
-Linux version 3.19.0-rc6-13483-g26bc420b (pwalmsley@tamien) (gcc version 4.7.3 20130328 (prerelease) (crosstool-NG linaro-1.13.1-4.7-2013.04-20130415 - Linaro GCC 2013.04) ) #1 SMP Sun Jan 25 20:34:15 PST 2015
+Linux version 3.19.0-rc7-13702-ge36f014 (pwalmsley@tamien) (gcc version 4.7.3 20130328 (prerelease) (crosstool-NG linaro-1.13.1-4.7-2013.04-20130415 - Linaro GCC 2013.04) ) #1 SMP Sun Feb 1 21:04:16 PST 2015
 CPU: ARMv7 Processor [413fc0f3] revision 3 (ARMv7), cr=10c5387d
 CPU: PIPT / VIPT nonaliasing data cache, PIPT instruction cache
 Machine model: NVIDIA Tegra124 Jetson TK1
@@ -90,7 +91,7 @@
     lowmem  : 0xc0000000 - 0xef800000   ( 760 MB)
     pkmap   : 0xbfe00000 - 0xc0000000   (   2 MB)
     modules : 0xbf000000 - 0xbfe00000   (  14 MB)
-      .text : 0xc0208000 - 0xc0c508f8   (10531 kB)
+      .text : 0xc0208000 - 0xc0c508c8   (10531 kB)
       .init : 0xc0c51000 - 0xc0d12000   ( 772 kB)
       .data : 0xc0d12000 - 0xc0e01200   ( 957 kB)
        .bss : 0xc0e01200 - 0xc0e4db28   ( 307 kB)
@@ -116,7 +117,7 @@
 /cpus/cpu@2 missing clock-frequency property
 /cpus/cpu@3 missing clock-frequency property
 CPU0: thread -1, cpu 0, socket 0, mpidr 80000000
-Setting up static identity map for 0x80911d48 - 0x80911de0
+Setting up static identity map for 0x80911958 - 0x809119f0
 Tegra Revision: A01 SKU: 129 CPU Process: 1 Core Process: 1
 CPU1: thread -1, cpu 1, socket 0, mpidr 80000001
 CPU2: thread -1, cpu 2, socket 0, mpidr 80000002
@@ -370,41 +371,16 @@
 tegra-pcie 1003000.pcie-controller: link 0 down, ignoring
 tegra-pcie 1003000.pcie-controller: probing port 1, using 1 lanes
 tegra-pcie 1003000.pcie-controller: Slot present pin change, signature: 00000000
+tegra-pcie 1003000.pcie-controller: link 1 down, retrying
+tegra-pcie 1003000.pcie-controller: link 1 down, retrying
+tegra-pcie 1003000.pcie-controller: link 1 down, retrying
+tegra-pcie 1003000.pcie-controller: link 1 down, ignoring
 tegra-pcie 1003000.pcie-controller: PCI host bridge to bus 0000:00
 pci_bus 0000:00: root bus resource [mem 0x13000000-0x1fffffff]
 pci_bus 0000:00: root bus resource [mem 0x20000000-0x3fffffff pref]
 pci_bus 0000:00: root bus resource [bus 00-ff]
 pci_bus 0000:00: root bus resource [io  0x1000-0xffff]
-pci 0000:00:02.0: [10de:0e13] type 01 class 0x060400
-pci 0000:00:02.0: PME# supported from D0 D1 D2 D3hot D3cold
-PCI: bus0: Fast back to back transfers disabled
-pci 0000:00:02.0: bridge configuration invalid ([bus 00-00]), reconfiguring
-pci 0000:01:00.0: [10ec:8168] type 00 class 0x020000
-pci 0000:01:00.0: reg 0x10: [io  0x0000-0x00ff]
-pci 0000:01:00.0: reg 0x18: [mem 0x00000000-0x00000fff 64bit]
-pci 0000:01:00.0: reg 0x20: [mem 0x00000000-0x00003fff 64bit pref]
-pci 0000:01:00.0: supports D1 D2
-pci 0000:01:00.0: PME# supported from D0 D1 D2 D3hot D3cold
-PCI: bus1: Fast back to back transfers disabled
-pci_bus 0000:01: busn_res: [bus 01-ff] end is updated to 01
-pci 0000:00:02.0: BAR 8: assigned [mem 0x13000000-0x130fffff]
-pci 0000:00:02.0: BAR 9: assigned [mem 0x20000000-0x200fffff 64bit pref]
-pci 0000:00:02.0: BAR 7: assigned [io  0x1000-0x1fff]
-pci 0000:01:00.0: BAR 4: assigned [mem 0x20000000-0x20003fff 64bit pref]
-pci 0000:01:00.0: BAR 2: assigned [mem 0x13000000-0x13000fff 64bit]
-pci 0000:01:00.0: BAR 0: assigned [io  0x1000-0x10ff]
-pci 0000:00:02.0: PCI bridge to [bus 01]
-pci 0000:00:02.0:   bridge window [io  0x1000-0x1fff]
-pci 0000:00:02.0:   bridge window [mem 0x13000000-0x130fffff]
-pci 0000:00:02.0:   bridge window [mem 0x20000000-0x200fffff 64bit pref]
-pci 0000:00:02.0: nv_msi_ht_cap_quirk didn't locate host bridge
-pcieport 0000:00:02.0: Signaling PME through PCIe PME interrupt
-pci 0000:01:00.0: Signaling PME through PCIe PME interrupt
-pcie_pme 0000:00:02.0:pcie01: service driver pcie_pme loaded
-r8169 Gigabit Ethernet driver 2.3LK-NAPI loaded
-r8169 0000:01:00.0: enabling device (0140 -> 0143)
-r8169 0000:01:00.0 eth0: RTL8168g/8111g at 0xf01c0000, 00:04:4b:25:b3:b4, XID 0c000800 IRQ 381
-r8169 0000:01:00.0 eth0: jumbo features [frames: 9200 bytes, tx checksumming: ko]
+PCI: bus0: Fast back to back transfers enabled
 [drm] Supports vblank timestamp caching Rev 2 (21.10.2013).
 [drm] No driver support for vblank timestamp query.
 host1x drm: No connectors reported connected with modes
@@ -420,7 +396,7 @@
 hub 2-0:1.0: USB hub found
 hub 2-0:1.0: 1 port detected
 input: gpio-keys as /devices/soc0/gpio-keys/input/input1
-as3722-rtc as3722-rtc: setting system clock to 2000-02-01 00:00:53 UTC (949363253)
+as3722-rtc as3722-rtc: setting system clock to 2000-02-01 00:01:00 UTC (949363260)
 +1.05V_RUN_AVDD_HDMI_PLL: disabling
 +1.8V_RUN_VPP_FUSE: disabling
 +2.8V_RUN_CAM_AF: disabling
@@ -442,5 +418,4 @@
 Freeing unused kernel memory: 772K (c0c51000 - c0d12000)
 bash: cannot set terminal process group (-1): Inappropriate ioctl for device
 bash: no job control in this shell
-usb 2-1: new high-speed USB device number 2 using tegra-ehci
-root@(none):/# 
\ No newline at end of file
+root@(none):/# [    5.684852] usb 2-1: new high-speed USB device number 2 using tegra-ehci
Diff for ./tegra124-jetson-tk1/tegra124-jetson-tk1/tegra_defconfig_log.txt
--- /tmp/fooa	2015-02-01 21:10:01.764990160 -0800
+++ /tmp/foob	2015-02-01 21:10:01.764990160 -0800
@@ -29,7 +29,6 @@
 Tegra124 (Jetson TK1) # setenv bootargs 'ignore_loglevel console=ttyS0,115200n8 rw root=/dev/mmcblk0p1 rootwait gpt debug init=/bin/bash noinitrd'
 Tegra124 (Jetson TK1) # setenv ipaddr 192.168.100.102; setenv serverip 192.168.100.1; setenv tftpserverip 192.168.100.1
 Tegra124 (Jetson TK1) # tftpboot 0x81000000 zImage.tegra_defconfig
-Waiting for Ethernet connection... done.
 Using asx0 device
 TFTP from server 192.168.100.1; our IP address is 192.168.100.102
 Filename 'zImage.tegra_defconfig'.
@@ -40,20 +39,21 @@
 	 #################################################################
 	 #################################################################
 	 #
-	 3.3 MiB/s
+	 716.8 KiB/s
 done
-Bytes transferred = 4780496 (48f1d0 hex)
+Bytes transferred = 4780160 (48f080 hex)
 Tegra124 (Jetson TK1) # tftpboot 0x82000000 tegra124-jetson-tk1.dtb
+Waiting for Ethernet connection... done.
 Using asx0 device
 TFTP from server 192.168.100.1; our IP address is 192.168.100.102
 Filename 'tegra124-jetson-tk1.dtb'.
 Load address: 0x82000000
 Loading: *####
-	 2.6 MiB/s
+	 2.7 MiB/s
 done
 Bytes transferred = 48898 (bf02 hex)
 Tegra124 (Jetson TK1) # bootz 0x81000000 - 0x82000000
-Kernel image @ 0x81000000 [ 0x000000 - 0x48f1d0 ]
+Kernel image @ 0x81000000 [ 0x000000 - 0x48f080 ]
 ## Flattened Device Tree blob at 82000000
    Booting using the fdt blob at 0x82000000
    Using Device Tree in place at 82000000, end 8200ef01
@@ -64,7 +64,7 @@
 Booting Linux on physical CPU 0x0
 Initializing cgroup subsys cpu
 Initializing cgroup subsys cpuacct
-Linux version 3.19.0-rc6-118699-g26bc420b (pwalmsley@kaivo) (gcc version 4.7.3 20130328 (prerelease) (crosstool-NG linaro-1.13.1-4.7-2013.04-20130415 - Linaro GCC 2013.04) ) #1 SMP PREEMPT Sun Jan 25 20:33:27 PST 2015
+Linux version 3.19.0-rc7-118918-ge36f014 (pwalmsley@kaivo) (gcc version 4.7.3 20130328 (prerelease) (crosstool-NG linaro-1.13.1-4.7-2013.04-20130415 - Linaro GCC 2013.04) ) #1 SMP PREEMPT Sun Feb 1 21:03:24 PST 2015
 CPU: ARMv7 Processor [413fc0f3] revision 3 (ARMv7), cr=10c5387d
 CPU: PIPT / VIPT nonaliasing data cache, PIPT instruction cache
 Machine model: NVIDIA Tegra124 Jetson TK1
@@ -72,7 +72,7 @@
 cma: Reserved 64 MiB at 0xfbc00000
 Memory policy: Data cache writealloc
 On node 0 totalpages: 524032
-free_area_init_node: node 0, pgdat c092e840, node_mem_map ee7f7000
+free_area_init_node: node 0, pgdat c092e880, node_mem_map ee7f7000
   Normal zone: 1520 pages used for memmap
   Normal zone: 0 pages reserved
   Normal zone: 194560 pages, LIFO batch:31
@@ -93,10 +93,10 @@
     lowmem  : 0xc0000000 - 0xef800000   ( 760 MB)
     pkmap   : 0xbfe00000 - 0xc0000000   (   2 MB)
     modules : 0xbf000000 - 0xbfe00000   (  14 MB)
-      .text : 0xc0008000 - 0xc088d108   (8725 kB)
+      .text : 0xc0008000 - 0xc088d0dc   (8725 kB)
       .init : 0xc088e000 - 0xc08da000   ( 304 kB)
-      .data : 0xc08da000 - 0xc0930360   ( 345 kB)
-       .bss : 0xc0930360 - 0xc0987ca4   ( 351 kB)
+      .data : 0xc08da000 - 0xc09303a0   ( 345 kB)
+       .bss : 0xc09303a0 - 0xc0987ce4   ( 351 kB)
 Preemptible hierarchical RCU implementation.
 NR_IRQS:16 nr_irqs:16 16
 L2C: failed to init: -19
@@ -118,7 +118,7 @@
 /cpus/cpu@2 missing clock-frequency property
 /cpus/cpu@3 missing clock-frequency property
 CPU0: thread -1, cpu 0, socket 0, mpidr 80000000
-Setting up static identity map for 0x80634048 - 0x806340e0
+Setting up static identity map for 0x80633c38 - 0x80633cd0
 Tegra Revision: A01 SKU: 129 CPU Process: 1 Core Process: 1
 CPU1: thread -1, cpu 1, socket 0, mpidr 80000001
 CPU2: thread -1, cpu 2, socket 0, mpidr 80000002
@@ -389,7 +389,7 @@
 hub 2-0:1.0: USB hub found
 hub 2-0:1.0: 1 port detected
 input: gpio-keys as /devices/soc0/gpio-keys/input/input1
-as3722-rtc as3722-rtc: setting system clock to 2000-02-01 00:00:19 UTC (949363219)
+as3722-rtc as3722-rtc: setting system clock to 2000-02-01 00:00:22 UTC (949363222)
 +1.05V_RUN_AVDD_HDMI_PLL: disabling
 +1.8V_RUN_VPP_FUSE: disabling
 +2.8V_RUN_CAM_AF: disabling
Diff for ./tegra30-beaver/tegra30-beaver/multi_v7_defconfig_log.txt
--- /tmp/fooa	2015-02-01 21:10:01.772990156 -0800
+++ /tmp/foob	2015-02-01 21:10:01.772990156 -0800
@@ -40,18 +40,18 @@
 	 ##
 	 3.1 MiB/s
 done
-Bytes transferred = 5748208 (57b5f0 hex)
+Bytes transferred = 5747648 (57b3c0 hex)
 Tegra30 (Beaver) # tftpboot 0x82000000 tegra30-beaver.dtb
 Using asx0 device
 TFTP from server 192.168.100.1; our IP address is 192.168.100.101
 Filename 'tegra30-beaver.dtb'.
 Load address: 0x82000000
 Loading: *##
-	 2.6 MiB/s
+	 2.3 MiB/s
 done
 Bytes transferred = 24641 (6041 hex)
 Tegra30 (Beaver) # bootz 0x81000000 - 0x82000000
-Kernel image @ 0x81000000 [ 0x000000 - 0x57b5f0 ]
+Kernel image @ 0x81000000 [ 0x000000 - 0x57b3c0 ]
 ## Flattened Device Tree blob at 82000000
    Booting using the fdt blob at 0x82000000
    Loading Device Tree to 8fff6000, end 8ffff040 ... OK
@@ -59,7 +59,7 @@
 Starting kernel ...
 
 Booting Linux on physical CPU 0x0
-Linux version 3.19.0-rc6-13483-g26bc420b (pwalmsley@tamien) (gcc version 4.7.3 20130328 (prerelease) (crosstool-NG linaro-1.13.1-4.7-2013.04-20130415 - Linaro GCC 2013.04) ) #1 SMP Sun Jan 25 20:34:15 PST 2015
+Linux version 3.19.0-rc7-13702-ge36f014 (pwalmsley@tamien) (gcc version 4.7.3 20130328 (prerelease) (crosstool-NG linaro-1.13.1-4.7-2013.04-20130415 - Linaro GCC 2013.04) ) #1 SMP Sun Feb 1 21:04:16 PST 2015
 CPU: ARMv7 Processor [412fc099] revision 9 (ARMv7), cr=10c5387d
 CPU: PIPT / VIPT nonaliasing data cache, VIPT aliasing instruction cache
 Machine model: NVIDIA Tegra30 Beaver evaluation board
@@ -88,7 +88,7 @@
     lowmem  : 0xc0000000 - 0xef800000   ( 760 MB)
     pkmap   : 0xbfe00000 - 0xc0000000   (   2 MB)
     modules : 0xbf000000 - 0xbfe00000   (  14 MB)
-      .text : 0xc0208000 - 0xc0c508f8   (10531 kB)
+      .text : 0xc0208000 - 0xc0c508c8   (10531 kB)
       .init : 0xc0c51000 - 0xc0d12000   ( 772 kB)
       .data : 0xc0d12000 - 0xc0e01200   ( 957 kB)
        .bss : 0xc0e01200 - 0xc0e4db28   ( 307 kB)
@@ -115,7 +115,7 @@
 Mountpoint-cache hash table entries: 2048 (order: 1, 8192 bytes)
 CPU: Testing write buffer coherency: ok
 CPU0: thread -1, cpu 0, socket 0, mpidr 80000000
-Setting up static identity map for 0x80911d48 - 0x80911de0
+Setting up static identity map for 0x80911958 - 0x809119f0
 Tegra Revision: A03 SKU: 128 CPU Process: 4 Core Process: 0
 CPU1: thread -1, cpu 1, socket 0, mpidr 80000001
 CPU2: thread -1, cpu 2, socket 0, mpidr 80000002
Diff for ./tegra30-beaver/tegra30-beaver/tegra_defconfig_log.txt
--- /tmp/fooa	2015-02-01 21:10:01.780990153 -0800
+++ /tmp/foob	2015-02-01 21:10:01.784990152 -0800
@@ -39,18 +39,18 @@
 	 #
 	 3.4 MiB/s
 done
-Bytes transferred = 4780496 (48f1d0 hex)
+Bytes transferred = 4780160 (48f080 hex)
 Tegra30 (Beaver) # tftpboot 0x82000000 tegra30-beaver.dtb
 Using asx0 device
 TFTP from server 192.168.100.1; our IP address is 192.168.100.101
 Filename 'tegra30-beaver.dtb'.
 Load address: 0x82000000
 Loading: *##
-	 3.4 MiB/s
+	 2.9 MiB/s
 done
 Bytes transferred = 24641 (6041 hex)
 Tegra30 (Beaver) # bootz 0x81000000 - 0x82000000
-Kernel image @ 0x81000000 [ 0x000000 - 0x48f1d0 ]
+Kernel image @ 0x81000000 [ 0x000000 - 0x48f080 ]
 ## Flattened Device Tree blob at 82000000
    Booting using the fdt blob at 0x82000000
    Loading Device Tree to 8fff6000, end 8ffff040 ... OK
@@ -61,7 +61,7 @@
 Booting Linux on physical CPU 0x0
 Initializing cgroup subsys cpu
 Initializing cgroup subsys cpuacct
-Linux version 3.19.0-rc6-118699-g26bc420b (pwalmsley@kaivo) (gcc version 4.7.3 20130328 (prerelease) (crosstool-NG linaro-1.13.1-4.7-2013.04-20130415 - Linaro GCC 2013.04) ) #1 SMP PREEMPT Sun Jan 25 20:33:27 PST 2015
+Linux version 3.19.0-rc7-118918-ge36f014 (pwalmsley@kaivo) (gcc version 4.7.3 20130328 (prerelease) (crosstool-NG linaro-1.13.1-4.7-2013.04-20130415 - Linaro GCC 2013.04) ) #1 SMP PREEMPT Sun Feb 1 21:03:24 PST 2015
 CPU: ARMv7 Processor [412fc099] revision 9 (ARMv7), cr=10c5387d
 CPU: PIPT / VIPT nonaliasing data cache, VIPT aliasing instruction cache
 Machine model: NVIDIA Tegra30 Beaver evaluation board
@@ -69,7 +69,7 @@
 cma: Reserved 64 MiB at 0xfbc00000
 Memory policy: Data cache writealloc
 On node 0 totalpages: 524032
-free_area_init_node: node 0, pgdat c092e840, node_mem_map ee7f7000
+free_area_init_node: node 0, pgdat c092e880, node_mem_map ee7f7000
   Normal zone: 1520 pages used for memmap
   Normal zone: 0 pages reserved
   Normal zone: 194560 pages, LIFO batch:31
@@ -90,10 +90,10 @@
     lowmem  : 0xc0000000 - 0xef800000   ( 760 MB)
     pkmap   : 0xbfe00000 - 0xc0000000   (   2 MB)
     modules : 0xbf000000 - 0xbfe00000   (  14 MB)
-      .text : 0xc0008000 - 0xc088d108   (8725 kB)
+      .text : 0xc0008000 - 0xc088d0dc   (8725 kB)
       .init : 0xc088e000 - 0xc08da000   ( 304 kB)
-      .data : 0xc08da000 - 0xc0930360   ( 345 kB)
-       .bss : 0xc0930360 - 0xc0987ca4   ( 351 kB)
+      .data : 0xc08da000 - 0xc09303a0   ( 345 kB)
+       .bss : 0xc09303a0 - 0xc0987ce4   ( 351 kB)
 Preemptible hierarchical RCU implementation.
 NR_IRQS:16 nr_irqs:16 16
 L2C: platform modifies aux control register: 0x02080000 -> 0x3e480001
@@ -116,7 +116,7 @@
 Initializing cgroup subsys debug
 CPU: Testing write buffer coherency: ok
 CPU0: thread -1, cpu 0, socket 0, mpidr 80000000
-Setting up static identity map for 0x80634048 - 0x806340e0
+Setting up static identity map for 0x80633c38 - 0x80633cd0
 Tegra Revision: A03 SKU: 128 CPU Process: 4 Core Process: 0
 CPU1: thread -1, cpu 1, socket 0, mpidr 80000001
 CPU2: thread -1, cpu 2, socket 0, mpidr 80000002
@@ -376,4 +376,4 @@
 Freeing unused kernel memory: 304K (c088e000 - c08da000)
 bash: cannot set terminal process group (-1): Inappropriate ioctl for device
 bash: no job control in this shell
-root@(none):/# [    4.446833] usb 2-1: new high-speed USB device number 2 using tegra-ehci
+root@(none):/# [    4.436823] usb 2-1: new high-speed USB device number 2 using tegra-ehci
