
U-Boot SPL 2016.05-rc2 (Apr 21 2016 - 16:23:00)
Trying to boot from RAM


U-Boot 2016.05-rc2 (Apr 21 2016 - 16:23:00 -0700)

TEGRA124
Model: NVIDIA Jetson TK1
Board: NVIDIA Jetson TK1
DRAM:  2 GiB
MC:   Tegra SD/MMC: 0, Tegra SD/MMC: 1
In:    serial
Out:   serial
Err:   serial
Net:   No ethernet found.
Hit any key to stop autoboot:  2  0 
Tegra124 (Jetson TK1) # 
Tegra124 (Jetson TK1) # pci enum
Tegra124 (Jetson TK1) # setenv bootargs 'ignore_loglevel console=ttyS0,115200n8 rw root=PARTUUID=b1791faa-84e8-4e27-83a1-9fb0a77e8803 rootwait gpt debug noinitrd earlyprintk init=/bin/bash'
Tegra124 (Jetson TK1) # setenv ipaddr 192.168.100.102; setenv serverip 192.168.100.1; setenv tftpserverip 192.168.100.1
Tegra124 (Jetson TK1) # tftpboot 0x82000000 zImage.multi_v7_defconfig

Warning: eth_rtl8169 using MAC address from ROM
Using eth_rtl8169 device
TFTP from server 192.168.100.1; our IP address is 192.168.100.102
Filename 'zImage.multi_v7_defconfig'.
Load address: 0x82000000
Loading: *#################################################################
	 #################################################################
	 #################################################################
	 #################################################################
	 #################################################################
	 #################################################################
	 #################################################################
	 ###########################################################
	 4 MiB/s
done
Bytes transferred = 7535296 (72fac0 hex)
Tegra124 (Jetson TK1) # tftpboot 0x83000000 tegra124-jetson-tk1.dtb
Using eth_rtl8169 device
TFTP from server 192.168.100.1; our IP address is 192.168.100.102
Filename 'tegra124-jetson-tk1.dtb'.
Load address: 0x83000000
Loading: *#####
	 3.8 MiB/s
done
Bytes transferred = 67133 (1063d hex)
Tegra124 (Jetson TK1) # bootz 0x82000000 - 0x83000000
Kernel image @ 0x82000000 [ 0x000000 - 0x72fac0 ]
## Flattened Device Tree blob at 83000000
   Booting using the fdt blob at 0x83000000
   Using Device Tree in place at 83000000, end 8301363c

Starting kernel ...

[    0.000000] Booting Linux on physical CPU 0x0
[    0.000000] Linux version 4.11.0-rc2-155355-g4495c08 (pwalmsley@sellafield) (gcc version 4.7.3 20130328 (prerelease) (crosstool-NG linaro-1.13.1-4.7-2013.04-20130415 - Linaro GCC 2013.04) ) #1 SMP Sun Mar 12 15:05:38 PDT 2017
[    0.000000] CPU: ARMv7 Processor [413fc0f3] revision 3 (ARMv7), cr=10c5387d
[    0.000000] CPU: div instructions available: patching division code
[    0.000000] CPU: PIPT / VIPT nonaliasing data cache, PIPT instruction cache
[    0.000000] OF: fdt: Machine model: NVIDIA Tegra124 Jetson TK1
[    0.000000] debug: ignoring loglevel setting.
[    0.000000] efi: Getting EFI parameters from FDT:
[    0.000000] efi: UEFI not found.
[    0.000000] cma: Reserved 64 MiB at 0xfb800000
[    0.000000] Memory policy: Data cache writealloc
[    0.000000] On node 0 totalpages: 524032
[    0.000000] free_area_init_node: node 0, pgdat c1538180, node_mem_map eeff8000
[    0.000000]   DMA zone: 1536 pages used for memmap
[    0.000000]   DMA zone: 0 pages reserved
[    0.000000]   DMA zone: 196608 pages, LIFO batch:31
[    0.000000]   HighMem zone: 327424 pages, LIFO batch:31
[    0.000000] percpu: Embedded 16 pages/cpu @eef86000 s34432 r8192 d22912 u65536
[    0.000000] pcpu-alloc: s34432 r8192 d22912 u65536 alloc=16*4096
[    0.000000] pcpu-alloc: [0] 0 [0] 1 [0] 2 [0] 3 
[    0.000000] Built 1 zonelists in Zone order, mobility grouping on.  Total pages: 522496
[    0.000000] Kernel command line: ignore_loglevel console=ttyS0,115200n8 rw root=PARTUUID=b1791faa-84e8-4e27-83a1-9fb0a77e8803 rootwait gpt debug noinitrd earlyprintk init=/bin/bash
[    0.000000] PID hash table entries: 4096 (order: 2, 16384 bytes)
[    0.000000] Dentry cache hash table entries: 131072 (order: 7, 524288 bytes)
[    0.000000] Inode-cache hash table entries: 65536 (order: 6, 262144 bytes)
[    0.000000] Memory: 1993652K/2096128K available (10240K kernel code, 1254K rwdata, 4212K rodata, 2048K init, 536K bss, 36940K reserved, 65536K cma-reserved, 1244160K highmem)
[    0.000000] Virtual kernel memory layout:
[    0.000000]     vector  : 0xffff0000 - 0xffff1000   (   4 kB)
[    0.000000]     fixmap  : 0xffc00000 - 0xfff00000   (3072 kB)
[    0.000000]     vmalloc : 0xf0800000 - 0xff800000   ( 240 MB)
[    0.000000]     lowmem  : 0xc0000000 - 0xf0000000   ( 768 MB)
[    0.000000]     pkmap   : 0xbfe00000 - 0xc0000000   (   2 MB)
[    0.000000]     modules : 0xbf000000 - 0xbfe00000   (  14 MB)
[    0.000000]       .text : 0xc0208000 - 0xc0d00000   (11232 kB)
[    0.000000]       .init : 0xc1200000 - 0xc1400000   (2048 kB)
[    0.000000]       .data : 0xc1400000 - 0xc1539aa0   (1255 kB)
[    0.000000]        .bss : 0xc153b000 - 0xc15c12b8   ( 537 kB)
[    0.000000] SLUB: HWalign=64, Order=0-3, MinObjects=0, CPUs=4, Nodes=1
[    0.000000] Hierarchical RCU implementation.
[    0.000000] 	RCU debugfs-based tracing is enabled.
[    0.000000] 	Build-time adjustment of leaf fanout to 32.
[    0.000000] 	RCU restricting CPUs from NR_CPUS=16 to nr_cpu_ids=4.
[    0.000000] RCU: Adjusting geometry for rcu_fanout_leaf=32, nr_cpu_ids=4
[    0.000000] NR_IRQS:16 nr_irqs:16 16
[    0.000000] /interrupt-controller@60004000: 160 interrupts forwarded to /interrupt-controller@50041000
[    0.000000] Tegra clk 127: register failed with -17
[    0.000008] sched_clock: 32 bits at 1000kHz, resolution 1000ns, wraps every 2147483647500ns
[    0.000032] clocksource: timer_us: mask: 0xffffffff max_cycles: 0xffffffff, max_idle_ns: 1911260446275 ns
[    0.000047] Switching to timer-based delay loop, resolution 1000ns
[    0.005484] arm_arch_timer: Architected cp15 timer(s) running at 12.00MHz (virt).
[    0.005503] clocksource: arch_sys_counter: mask: 0xffffffffffffff max_cycles: 0x2c47f4ee7, max_idle_ns: 440795202497 ns
[    0.005523] sched_clock: 56 bits at 12MHz, resolution 83ns, wraps every 4398046511096ns
[    0.005538] Switching to timer-based delay loop, resolution 83ns
[    0.005996] Console: colour dummy device 80x30
[    0.006025] Calibrating delay loop (skipped), value calculated using timer frequency.. 24.00 BogoMIPS (lpj=120000)
[    0.006043] pid_max: default: 32768 minimum: 301
[    0.006148] Mount-cache hash table entries: 2048 (order: 1, 8192 bytes)
[    0.006161] Mountpoint-cache hash table entries: 2048 (order: 1, 8192 bytes)
[    0.006635] CPU: Testing write buffer coherency: ok
[    0.006883] /cpus/cpu@0 missing clock-frequency property
[    0.006927] /cpus/cpu@1 missing clock-frequency property
[    0.006970] /cpus/cpu@2 missing clock-frequency property
[    0.007014] /cpus/cpu@3 missing clock-frequency property
[    0.007028] CPU0: thread -1, cpu 0, socket 0, mpidr 80000000
[    0.007229] Setting up static identity map for 0x80300000 - 0x80300098
[    0.011079] Tegra Revision: A01 SKU: 129 CPU Process: 1 SoC Process: 1
[    0.011744] EFI services will not be available.
[    0.011987] smp: Bringing up secondary CPUs ...
[    0.012499] CPU1: thread -1, cpu 1, socket 0, mpidr 80000001
[    0.015624] CPU2: thread -1, cpu 2, socket 0, mpidr 80000002
[    0.025627] CPU3: thread -1, cpu 3, socket 0, mpidr 80000003
[    0.035154] smp: Brought up 1 node, 4 CPUs
[    0.035176] SMP: Total of 4 processors activated (96.00 BogoMIPS).
[    0.035185] CPU: All CPU(s) started in SVC mode.
[    0.036656] devtmpfs: initialized
[    0.052535] VFP support v0.3: implementor 41 architecture 4 part 30 variant f rev 0
[    0.052933] clocksource: jiffies: mask: 0xffffffff max_cycles: 0xffffffff, max_idle_ns: 19112604462750000 ns
[    0.052953] futex hash table entries: 1024 (order: 4, 65536 bytes)
[    0.054382] pinctrl core: initialized pinctrl subsystem
[    0.056294] NET: Registered protocol family 16
[    0.058355] DMA: preallocated 256 KiB pool for atomic coherent allocations
[    0.060848] cpuidle: using governor menu
[    0.087766] No ATAGs?
[    0.087892] hw-breakpoint: found 5 (+1 reserved) breakpoint and 4 watchpoint registers.
[    0.087908] hw-breakpoint: maximum watchpoint size is 8 bytes.
[    0.094398] Serial: AMBA PL011 UART driver
[    0.110554] +5V_SYS: supplied by +VDD_MUX
[    0.110822] +3.3V_SYS: supplied by +VDD_MUX
[    0.111409] +USB0_VBUS_SW: Failed to request enable GPIO108: -517
[    0.111426] reg-fixed-voltage regulators:regulator@7: Failed to register regulator: -517
[    0.111514] +5V_USB_HS: Failed to request enable GPIO109: -517
[    0.111529] reg-fixed-voltage regulators:regulator@8: Failed to register regulator: -517
[    0.111691] +1.05V_RUN_AVDD_HDMI_PLL: Failed to request enable GPIO63: -517
[    0.111705] reg-fixed-voltage regulators:regulator@11: Failed to register regulator: -517
[    0.111792] +5V_HDMI_CON: Failed to request enable GPIO86: -517
[    0.111805] reg-fixed-voltage regulators:regulator@12: Failed to register regulator: -517
[    0.111890] +5V_SATA: Failed to request enable GPIO242: -517
[    0.111903] reg-fixed-voltage regulators:regulator@13: Failed to register regulator: -517
[    0.111989] +12V_SATA: Failed to request enable GPIO242: -517
[    0.112002] reg-fixed-voltage regulators:regulator@14: Failed to register regulator: -517
[    0.115129] vgaarb: loaded
[    0.115920] SCSI subsystem initialized
[    0.116082] libata version 3.00 loaded.
[    0.116321] usbcore: registered new interface driver usbfs
[    0.116379] usbcore: registered new interface driver hub
[    0.116437] usbcore: registered new device driver usb
[    0.119834] pps_core: LinuxPPS API ver. 1 registered
[    0.119846] pps_core: Software ver. 5.3.6 - Copyright 2005-2007 Rodolfo Giometti <giometti@linux.it>
[    0.119873] PTP clock support registered
[    0.120060] EDAC MC: Ver: 3.0.0
[    0.122918] clocksource: Switched to clocksource arch_sys_counter
[    0.132259] NET: Registered protocol family 2
[    0.132749] TCP established hash table entries: 8192 (order: 3, 32768 bytes)
[    0.132850] TCP bind hash table entries: 8192 (order: 4, 65536 bytes)
[    0.133055] TCP: Hash tables configured (established 8192 bind 8192)
[    0.133137] UDP hash table entries: 512 (order: 2, 16384 bytes)
[    0.133180] UDP-Lite hash table entries: 512 (order: 2, 16384 bytes)
[    0.133323] NET: Registered protocol family 1
[    0.133613] RPC: Registered named UNIX socket transport module.
[    0.133624] RPC: Registered udp transport module.
[    0.133633] RPC: Registered tcp transport module.
[    0.133642] RPC: Registered tcp NFSv4.1 backchannel transport module.
[    0.133654] PCI: CLS 0 bytes, default 64
[    0.134853] hw perfevents: enabled with armv7_cortex_a15 PMU driver, 7 counters available
[    0.136684] workingset: timestamp_bits=30 max_order=19 bucket_order=0
[    0.144751] squashfs: version 4.0 (2009/01/31) Phillip Lougher
[    0.145436] NFS: Registering the id_resolver key type
[    0.145458] Key type id_resolver registered
[    0.145468] Key type id_legacy registered
[    0.145511] ntfs: driver 2.1.32 [Flags: R/O].
[    0.146966] bounce: pool size: 64 pages
[    0.147007] Block layer SCSI generic (bsg) driver version 0.4 loaded (major 248)
[    0.147018] io scheduler noop registered
[    0.147027] io scheduler deadline registered
[    0.147190] io scheduler cfq registered (default)
[    0.147200] io scheduler mq-deadline registered
[    0.152303]  usb2-0: usb2-0 supply vbus not found, using dummy regulator
[    0.152429]  usb2-1: usb2-1 supply vbus not found, using dummy regulator
[    0.152808] tegra-xusb-padctl 7009f000.padctl: failed to setup XUSB ports: -517
[    0.168657] tegra-pcie 1003000.pcie-controller: 2x1, 1x1 configuration
[    0.168713] tegra-pcie 1003000.pcie-controller: Failed to get supply 'avddio-pex': -517
[    0.174925] tegra124-dfll 70110000.clock: couldn't get vdd_cpu regulator
[    0.182104] tegra-apbdma 60020000.dma: Tegra20 APB DMA driver register 32 channels
[    0.184106] tegra-pmc 7000e400.pmc: emergency thermal reset enabled
[    0.237859] Serial: 8250/16550 driver, 4 ports, IRQ sharing disabled
[    0.240376] console [ttyS0] disabled
[    0.240415] 70006300.serial: ttyS0 at MMIO 0x70006300 (irq = 335, base_baud = 25500000) is a Tegra
[    1.128595] console [ttyS0] enabled
[    1.132940] SuperH (H)SCI(F) driver initialized
[    1.138443] msm_serial: driver initialized
[    1.142717] STMicroelectronics ASC driver initialized
[    1.148630] 70006000.serial: ttyTHS1 at MMIO 0x70006000 (irq = 333, base_baud = 0) is a TEGRA_UART
[    1.157903] 70006040.serial: ttyTHS2 at MMIO 0x70006040 (irq = 334, base_baud = 0) is a TEGRA_UART
[    1.173292] tegra-hdmi 54280000.hdmi: failed to get HDMI regulator
[    1.191960] brd: module loaded
[    1.201919] loop: module loaded
[    1.206266] at24 0-0056: 256 byte 24c02 EEPROM, writable, 8 bytes/write
[    1.214499] as3722 4-0040: AS3722 with revision 0x1 found
[    1.226165] as3722-sd2: supplied by +5V_SYS
[    1.230776] as3722-sd3: supplied by +5V_SYS
[    1.235270] +1.35V_LP0(sd3): Bringing 0uV into 1350000-1350000uV
[    1.241612] as3722-sd4: supplied by +5V_SYS
[    1.246258] as3722-sd5: supplied by +5V_SYS
[    1.252233] as3722-ldo0: supplied by +1.35V_LP0(sd2)
[    1.258277] +1.8V_RUN_CAM: Bringing 0uV into 1800000-1800000uV
[    1.264511] as3722-ldo2: supplied by +1.8V_VDDIO
[    1.270374] as3722-ldo3: supplied by +3.3V_SYS
[    1.274873] +1.05V_LP0_VDD_RTC: Bringing 1100000uV into 1000000-1000000uV
[    1.282617] as3722-ldo4: supplied by +3.3V_SYS
[    1.287295] +2.8V_RUN_CAM: Bringing 0uV into 2800000-2800000uV
[    1.293503] as3722-ldo5: supplied by +1.8V_VDDIO
[    1.298329] +1.2V_RUN_CAM_FRONT: Bringing 0uV into 1200000-1200000uV
[    1.305238] +VDDIO_SDMMC3: bypassed regulator has no supply!
[    1.310891] +VDDIO_SDMMC3: failed to get the current voltage(-517)
[    1.317088] as3722-regulator as3722-regulator: regulator 13 register failed -517
[    1.329499] tegra-ahci 70027000.sata: couldn't get PHY in node sata: -517
[    1.349935] random: fast init done
[    1.353521] m25p80 spi32765.0: w25q32dw (4096 Kbytes)
[    1.361263] libphy: Fixed MDIO Bus: probed
[    1.366499] CAN device driver interface
[    1.371230] bgmac_bcma: Broadcom 47xx GBit MAC driver loaded
[    1.378252] e1000e: Intel(R) PRO/1000 Network Driver - 3.2.6-k
[    1.384095] e1000e: Copyright(c) 1999 - 2015 Intel Corporation.
[    1.390062] igb: Intel(R) Gigabit Ethernet Network Driver - version 5.4.0-k
[    1.397026] igb: Copyright (c) 2007-2014 Intel Corporation.
[    1.406176] pegasus: v0.9.3 (2013/04/25), Pegasus/Pegasus II USB Ethernet driver
[    1.413623] usbcore: registered new interface driver pegasus
[    1.419322] usbcore: registered new interface driver asix
[    1.424767] usbcore: registered new interface driver ax88179_178a
[    1.430884] usbcore: registered new interface driver cdc_ether
[    1.436772] usbcore: registered new interface driver smsc75xx
[    1.442563] usbcore: registered new interface driver smsc95xx
[    1.448353] usbcore: registered new interface driver net1080
[    1.454053] usbcore: registered new interface driver cdc_subset
[    1.459996] usbcore: registered new interface driver zaurus
[    1.465634] usbcore: registered new interface driver cdc_ncm
[    1.471498] tegra-phy 7d004000.usb-phy: no vbus regulator
[    1.478858] ehci_hcd: USB 2.0 'Enhanced' Host Controller (EHCI) Driver
[    1.485397] ehci-pci: EHCI PCI platform driver
[    1.489874] ehci-platform: EHCI generic platform driver
[    1.495312] ehci-orion: EHCI orion driver
[    1.499455] SPEAr-ehci: EHCI SPEAr driver
[    1.503622] ehci-st: EHCI STMicroelectronics driver
[    1.508629] ehci-exynos: EHCI EXYNOS driver
[    1.512981] ehci-atmel: EHCI Atmel driver
[    1.517121] tegra-ehci: Tegra EHCI driver
[    1.523953] tegra-ehci 7d004000.usb: EHCI Host Controller
[    1.529367] tegra-ehci 7d004000.usb: new USB bus registered, assigned bus number 1
[    1.537168] tegra-ehci 7d004000.usb: irq 354, io mem 0x7d004000
[    1.572935] tegra-ehci 7d004000.usb: USB 2.0 started, EHCI 1.10
[    1.579651] hub 1-0:1.0: USB hub found
[    1.583468] hub 1-0:1.0: 1 port detected
[    1.587955] ohci_hcd: USB 1.1 'Open' Host Controller (OHCI) Driver
[    1.594172] ohci-pci: OHCI PCI platform driver
[    1.598655] ohci-platform: OHCI generic platform driver
[    1.604066] ohci-omap3: OHCI OMAP3 driver
[    1.608204] SPEAr-ohci: OHCI SPEAr driver
[    1.612344] ohci-st: OHCI STMicroelectronics driver
[    1.617370] ohci-atmel: OHCI Atmel driver
[    1.622136] usbcore: registered new interface driver usb-storage
[    1.632299] as3722-rtc as3722-rtc: rtc core: registered as3722-rtc as rtc0
[    1.639188] as3722-rtc as3722-rtc: RTC interrupt 377
[    1.647354] tegra_rtc 7000e000.rtc: rtc core: registered 7000e000.rtc as rtc1
[    1.654533] tegra_rtc 7000e000.rtc: Tegra internal Real Time Clock
[    1.661227] i2c /dev entries driver
[    1.671338] lm90 0-004c: 0-004c supply vcc not found, using dummy regulator
[    1.688540] sdhci: Secure Digital Host Controller Interface driver
[    1.694741] sdhci: Copyright(c) Pierre Ossman
[    1.700681] Synopsys Designware Multimedia Card Interface Driver
[    1.707853] sdhci-pltfm: SDHCI platform and OF driver helper
[    1.714268] sdhci-tegra 700b0400.sdhci: Got CD GPIO
[    1.719167] sdhci-tegra 700b0400.sdhci: Got WP GPIO
[    1.724309] mmc0: Unknown controller version (3). You may experience problems.
[    1.731603] mmc0: Invalid maximum block size, assuming 512 bytes
[    1.802941] mmc0: SDHCI controller on 700b0600.sdhci [700b0600.sdhci] using ADMA
[    1.812255] ledtrig-cpu: registered to indicate activity on CPUs
[    1.818670] usbcore: registered new interface driver usbhid
[    1.824327] usbhid: USB HID core driver
[    1.832459] NET: Registered protocol family 10
[    1.837854] Segment Routing with IPv6
[    1.841644] sit: IPv6, IPv4 and MPLS over IPv4 tunneling driver
[    1.848146] NET: Registered protocol family 17
[    1.852593] can: controller area network core (rev 20120528 abi 9)
[    1.858939] NET: Registered protocol family 29
[    1.863397] can: raw protocol (rev 20120528)
[    1.867662] can: broadcast manager protocol (rev 20161123 t)
[    1.873332] can: netlink gateway (rev 20130117) max_hops=1
[    1.879104] Key type dns_resolver registered
[    1.883913] ThumbEE CPU extension supported.
[    1.888184] Registering SWP/SWPB emulation handler
[    1.905419] +3.3V_RUN: supplied by +3.3V_SYS
[    1.910398] +USB0_VBUS_SW: supplied by +5V_SYS
[    1.915058] +3.3V_AVDD_HDMI_AP_GATED: supplied by +3.3V_RUN
[    1.920964] +5V_USB_HS: supplied by +5V_SYS
[    1.926398] +3.3V_LP0: supplied by +3.3V_SYS
[    1.932289] +5V_HDMI_CON: supplied by +5V_SYS
[    1.937189] +5V_SATA: supplied by +5V_SYS
[    1.941676] +12V_SATA: supplied by +VDD_MUX
[    1.947822]  usb2-0: usb2-0 supply vbus not found, using dummy regulator
[    1.954836]  usb2-1: usb2-1 supply vbus not found, using dummy regulator
[    1.961955]  usb3-0: usb3-0 supply vbus not found, using dummy regulator
[    1.970131] tegra-pcie 1003000.pcie-controller: 2x1, 1x1 configuration
[    1.976869] tegra-pcie 1003000.pcie-controller: Failed to get supply 'avddio-pex': -517
[    1.977210] mmc0: new high speed MMC card at address 0001
[    1.978262] mmcblk0: mmc0:0001 SEM16G 14.7 GiB 
[    1.978961] mmcblk0boot0: mmc0:0001 SEM16G partition 1 4.00 MiB
[    1.979742] mmcblk0boot1: mmc0:0001 SEM16G partition 2 4.00 MiB
[    1.980535] mmcblk0rpmb: mmc0:0001 SEM16G partition 3 4.00 MiB
[    2.015811] tegra124-dfll 70110000.clock: couldn't get vdd_cpu regulator
[    2.024153]  mmcblk0: p1
[    2.027819] tegra-hdmi 54280000.hdmi: failed to get PLL regulator
[    2.038327] as3722-sd2: supplied by +5V_SYS
[    2.042757] as3722-sd3: supplied by +5V_SYS
[    2.047370] as3722-sd4: supplied by +5V_SYS
[    2.051873] as3722-sd5: supplied by +5V_SYS
[    2.057555] as3722-ldo0: supplied by +1.35V_LP0(sd2)
[    2.062993] as3722-ldo1: supplied by +3.3V_RUN
[    2.067776] as3722-ldo2: supplied by +1.8V_VDDIO
[    2.073702] as3722-ldo3: supplied by +3.3V_SYS
[    2.079021] as3722-ldo4: supplied by +3.3V_SYS
[    2.083847] as3722-ldo5: supplied by +1.8V_VDDIO
[    2.088726] as3722-ldo6: supplied by +3.3V_RUN
[    2.093451] as3722-ldo7: supplied by +1.8V_VDDIO
[    2.098542] +1.05V_RUN_CAM_REAR: Bringing 0uV into 1050000-1050000uV
[    2.105601] as3722-ldo9: supplied by +5V_SYS
[    2.111255] +3.3V_RUN_TOUCH: Bringing 0uV into 2800000-2800000uV
[    2.117741] as3722-ldo10: supplied by +5V_SYS
[    2.122797] +2.8V_RUN_CAM_AF: Bringing 0uV into 2800000-2800000uV
[    2.129600] as3722-ldo11: supplied by +3.3V_RUN
[    2.134877] +1.8V_RUN_VPP_FUSE: Bringing 0uV into 1800000-1800000uV
[    2.144826] tegra-ahci 70027000.sata: AHCI 0001.0301 32 slots 2 ports 3 Gbps 0x1 impl platform mode
[    2.153902] tegra-ahci 70027000.sata: flags: 64bit ncq sntf pm led pio slum part sadm sds apst 
[    2.164418] scsi host0: tegra-ahci
[    2.168948] scsi host1: tegra-ahci
[    2.172641] ata1: SATA max UDMA/133 mmio [mem 0x70027000-0x70028fff] port 0x100 irq 345
[    2.180682] ata2: DUMMY
[    2.186447] tegra-ehci 7d008000.usb: EHCI Host Controller
[    2.191867] tegra-ehci 7d008000.usb: new USB bus registered, assigned bus number 2
[    2.199633] tegra-ehci 7d008000.usb: irq 355, io mem 0x7d008000
[    2.233038] tegra-ehci 7d008000.usb: USB 2.0 started, EHCI 1.10
[    2.240071] hub 2-0:1.0: USB hub found
[    2.243930] hub 2-0:1.0: 1 port detected
[    2.250244] sdhci-tegra 700b0400.sdhci: Got CD GPIO
[    2.255201] sdhci-tegra 700b0400.sdhci: Got WP GPIO
[    2.260274] mmc1: Unknown controller version (3). You may experience problems.
[    2.267611] mmc1: Invalid maximum block size, assuming 512 bytes
[    2.333472] mmc1: SDHCI controller on 700b0400.sdhci [700b0400.sdhci] using ADMA
[    2.341567] tegra-pcie 1003000.pcie-controller: 2x1, 1x1 configuration
[    2.349926] tegra-pcie 1003000.pcie-controller: probing port 0, using 2 lanes
[    2.359223] tegra-pcie 1003000.pcie-controller: Slot present pin change, signature: 00000008
[    2.382865] tegra-pcie 1003000.pcie-controller: probing port 1, using 1 lanes
[    2.392054] tegra-pcie 1003000.pcie-controller: Slot present pin change, signature: 00000000
[    2.406748] tegra-pcie 1003000.pcie-controller: PCI host bridge to bus 0000:00
[    2.414016] pci_bus 0000:00: root bus resource [io  0x0000-0xffff]
[    2.420207] pci_bus 0000:00: root bus resource [mem 0x13000000-0x1fffffff]
[    2.427124] pci_bus 0000:00: root bus resource [mem 0x20000000-0x3fffffff pref]
[    2.434484] pci_bus 0000:00: root bus resource [bus 00-ff]
[    2.440017] pci 0000:00:01.0: [10de:0e12] type 01 class 0x060400
[    2.446120] pci_bus 0000:00: 2-byte config write to 0000:00:01.0 offset 0x88 may corrupt adjacent RW1C bits
[    2.455938] pci_bus 0000:00: 2-byte config write to 0000:00:01.0 offset 0x52 may corrupt adjacent RW1C bits
[    2.465767] pci 0000:00:01.0: PME# supported from D0 D1 D2 D3hot D3cold
[    2.472399] pci_bus 0000:00: 2-byte config write to 0000:00:01.0 offset 0x4c may corrupt adjacent RW1C bits
[    2.482443] pci 0000:00:02.0: [10de:0e13] type 01 class 0x060400
[    2.488546] pci_bus 0000:00: 2-byte config write to 0000:00:02.0 offset 0x88 may corrupt adjacent RW1C bits
[    2.498366] pci_bus 0000:00: 2-byte config write to 0000:00:02.0 offset 0x52 may corrupt adjacent RW1C bits
[    2.508197] pci 0000:00:02.0: PME# supported from D0 D1 D2 D3hot D3cold
[    2.514874] pci_bus 0000:00: 2-byte config write to 0000:00:02.0 offset 0x4c may corrupt adjacent RW1C bits
[    2.516688] ata1: SATA link down (SStatus 0 SControl 300)
[    2.530301] pci_bus 0000:00: 2-byte config write to 0000:00:01.0 offset 0x3e may corrupt adjacent RW1C bits
[    2.540055] pci_bus 0000:00: 2-byte config write to 0000:00:02.0 offset 0x3e may corrupt adjacent RW1C bits
[    2.549801] pci_bus 0000:00: 2-byte config write to 0000:00:01.0 offset 0x4 may corrupt adjacent RW1C bits
[    2.559461] pci_bus 0000:00: 1-byte config write to 0000:00:01.0 offset 0xc may corrupt adjacent RW1C bits
[    2.569161] PCI: bus0: Fast back to back transfers disabled
[    2.574755] pci 0000:00:01.0: bridge configuration invalid ([bus 00-00]), reconfiguring
[    2.582776] pci 0000:00:02.0: bridge configuration invalid ([bus 00-00]), reconfiguring
[    2.591032] pci 0000:01:00.0: [8086:4232] type 00 class 0x028000
[    2.597096] pci 0000:01:00.0: reg 0x10: [mem 0x00000000-0x00001fff 64bit]
[    2.604098] pci 0000:01:00.0: PME# supported from D0 D3hot D3cold
[    2.625007] mmc1: new high speed SDHC card at address aaaa
[    2.631252] mmcblk1: mmc1:aaaa SD04G 3.69 GiB 
[    2.636071] PCI: bus1: Fast back to back transfers disabled
[    2.641672] pci_bus 0000:01: busn_res: [bus 01-ff] end is updated to 01
[    2.648564] pci 0000:02:00.0: [10ec:8168] type 00 class 0x020000
[    2.654643] pci 0000:02:00.0: reg 0x10: [io  0x0000-0x00ff]
[    2.660243] pci 0000:02:00.0: reg 0x18: [mem 0x00000000-0x00000fff 64bit]
[    2.667061] pci 0000:02:00.0: reg 0x20: [mem 0x00000000-0x00003fff 64bit pref]
[    2.674448] pci 0000:02:00.0: supports D1 D2
[    2.678716] pci 0000:02:00.0: PME# supported from D0 D1 D2 D3hot D3cold
[    2.696012]  mmcblk1: p1 p2 p3
[    2.713076] PCI: bus2: Fast back to back transfers disabled
[    2.718654] pci_bus 0000:02: busn_res: [bus 02-ff] end is updated to 02
[    2.725498] pci 0000:00:01.0: BAR 8: assigned [mem 0x13000000-0x130fffff]
[    2.732292] pci 0000:00:02.0: BAR 8: assigned [mem 0x13100000-0x131fffff]
[    2.739135] pci 0000:00:02.0: BAR 9: assigned [mem 0x20000000-0x200fffff 64bit pref]
[    2.746921] pci 0000:00:02.0: BAR 7: assigned [io  0x1000-0x1fff]
[    2.753038] pci 0000:01:00.0: BAR 0: assigned [mem 0x13000000-0x13001fff 64bit]
[    2.760367] pci 0000:00:01.0: PCI bridge to [bus 01]
[    2.765381] pci 0000:00:01.0:   bridge window [mem 0x13000000-0x130fffff]
[    2.772183] pci 0000:02:00.0: BAR 4: assigned [mem 0x20000000-0x20003fff 64bit pref]
[    2.779958] pci 0000:02:00.0: BAR 2: assigned [mem 0x13100000-0x13100fff 64bit]
[    2.787330] pci 0000:02:00.0: BAR 0: assigned [io  0x1000-0x10ff]
[    2.793447] pci 0000:00:02.0: PCI bridge to [bus 02]
[    2.798408] pci 0000:00:02.0:   bridge window [io  0x1000-0x1fff]
[    2.804548] pci 0000:00:02.0:   bridge window [mem 0x13100000-0x131fffff]
[    2.811334] pci 0000:00:02.0:   bridge window [mem 0x20000000-0x200fffff 64bit pref]
[    2.819120] pci 0000:00:01.0: nv_msi_ht_cap_quirk didn't locate host bridge
[    2.826218] pcieport 0000:00:01.0: enabling device (0140 -> 0142)
[    2.832558] pcieport 0000:00:01.0: Signaling PME with IRQ 393
[    2.838421] pci 0000:00:02.0: nv_msi_ht_cap_quirk didn't locate host bridge
[    2.845524] pcieport 0000:00:02.0: enabling device (0140 -> 0143)
[    2.851857] pcieport 0000:00:02.0: Signaling PME with IRQ 394
[    2.857893] r8169 Gigabit Ethernet driver 2.3LK-NAPI loaded
[    2.863538] r8169 0000:02:00.0: enabling device (0140 -> 0143)
[    2.894601] r8169 0000:02:00.0 eth0: RTL8168g/8111g at 0xf0b56000, 00:04:4b:3a:d9:81, XID 0c000800 IRQ 395
[    2.904274] r8169 0000:02:00.0 eth0: jumbo features [frames: 9200 bytes, tx checksumming: ko]
[    2.917120] +1.05V_RUN_AVDD_HDMI_PLL: supplied by +1.05V_RUN
[    2.924874] [drm] Supports vblank timestamp caching Rev 2 (21.10.2013).
[    2.931502] [drm] No driver support for vblank timestamp query.
[    3.058622] tegra-hdmi 54280000.hdmi: cannot set audio to 48000 Hz at 297000000 Hz pixel clock
[    3.306373] Console: switching to colour frame buffer device 512x135
[    3.406458] drm drm: fb0:  frame buffer device
[    3.410975] [drm] Initialized tegra 0.0.0 20120330 for drm on minor 0
[    3.418815] of: dev_pm_opp_of_cpumask_add_table: couldn't find opp table for cpu:0, -19
[    3.426868] cpufreq: cpufreq_online: CPU0: Running at unlisted freq: 696000 KHz
[    3.434194] cpufreq: cpufreq_online: CPU0: Unlisted initial frequency changed to: 714000 KHz
[    3.443369] input: gpio-keys as /devices/soc0/gpio-keys/input/input0
[    3.450539] as3722-rtc as3722-rtc: setting system clock to 2000-01-01 00:03:05 UTC (946684985)
[    3.459612] +USB0_VBUS_SW: disabling
[    3.463229] +1.8V_RUN_CAM: disabling
[    3.466993] +2.8V_RUN_CAM: disabling
[    3.470663] +1.2V_RUN_CAM_FRONT: disabling
[    3.474941] +1.05V_RUN_CAM_REAR: disabling
[    3.479148] +3.3V_RUN_TOUCH: disabling
[    3.482989] +2.8V_RUN_CAM_AF: disabling
[    3.486937] +1.8V_RUN_VPP_FUSE: disabling
[    3.491876] EXT4-fs (mmcblk0p1): mounting ext3 file system using the ext4 subsystem
[    3.513216] EXT4-fs (mmcblk0p1): recovery complete
[    3.518014] EXT4-fs (mmcblk0p1): mounted filesystem with ordered data mode. Opts: (null)
[    3.526130] VFS: Mounted root (ext3 filesystem) on device 179:1.
[    3.534636] devtmpfs: mounted
[    3.538216] Freeing unused kernel memory: 2048K
bash: cannot set terminal process group (-1): Inappropriate ioctl for device
bash: no job control in this shell
root@(none):/# mount -t sysfs none /sys
root@(none):/# 
root@(none):/# mount -t debugfs none /sys/kernel/debug
root@(none):/# 
root@(none):/# rtcwake -d rtc1 -m mem -s 3
rtcwake: assuming RTC uses UTC ...
rtcwake: wakeup from "mem" using /dev/rtc1 at Thu Jan  1 00:00:20 1970
[    6.561392] PM: Syncing filesystems ... done.
[    6.739738] Freezing user space processes ... (elapsed 0.001 seconds) done.
[    6.748037] Freezing remaining freezable tasks ... (elapsed 0.001 seconds) done.
[    6.756652] Suspending console(s) (use no_console_suspend to debug)
[    6.884404] PM: suspend of devices complete after 121.007 msecs
[    6.886586] PM: late suspend of devices complete after 2.173 msecs
[    6.913928] PM: noirq suspend of devices complete after 27.336 msecs
[    6.913931] Disabling non-boot CPUs ...
[    7.094871] Entering suspend state LP1
[    7.094871] Suspended for 2.803 seconds
[    7.094882] Enabling non-boot CPUs ...
[    7.124771] CPU1 is up
[    7.164705] CPU2 is up
[    7.204987] CPU3 is up
[    7.205701] pcieport 0000:00:01.0: nv_msi_ht_cap_quirk didn't locate host bridge
[    7.205703] pcieport 0000:00:02.0: nv_msi_ht_cap_quirk didn't locate host bridge
[    7.233005] PM: noirq resume of devices complete after 28.011 msecs
[    7.234434] PM: early resume of devices complete after 1.105 msecs
[    7.238108] tegra-hdmi 54280000.hdmi: cannot set audio to 48000 Hz at 297000000 Hz pixel clock
[    7.359974] PM: resume of devices complete after 125.530 msecs
[    7.442985] Restarting tasks ... done.
root@(none):/# 
root@(none):/# [    7.565580] ata1: SATA link down (SStatus 0 SControl 300)
rtcwake -d rtc1 -m mem -s 3
rtcwake: assuming RTC uses UTC ...
rtcwake: wakeup from "mem" using /dev/rtc1 at Thu Jan  1 00:00:25 1970
[    8.794653] PM: Syncing filesystems ... done.
[    8.998222] Freezing user space processes ... (elapsed 0.001 seconds) done.
[    9.006565] Freezing remaining freezable tasks ... (elapsed 0.001 seconds) done.
[    9.015206] Suspending console(s) (use no_console_suspend to debug)
[    9.036838] pci_generic_config_write32: 118 callbacks suppressed
[    9.036846] pci_bus 0000:00: 2-byte config write to 0000:00:02.0 offset 0x9c may corrupt adjacent RW1C bits
[    9.036856] pci_bus 0000:00: 2-byte config write to 0000:00:01.0 offset 0x9c may corrupt adjacent RW1C bits
[    9.144673] PM: suspend of devices complete after 122.603 msecs
[    9.147852] PM: late suspend of devices complete after 3.166 msecs
[    9.148355] pci_bus 0000:02: 2-byte config write to 0000:02:00.0 offset 0x44 may corrupt adjacent RW1C bits
[    9.148376] pci_bus 0000:02: 2-byte config write to 0000:02:00.0 offset 0x44 may corrupt adjacent RW1C bits
[    9.174297] PM: noirq suspend of devices complete after 26.437 msecs
[    9.174300] Disabling non-boot CPUs ...
[    9.174621] IRQ17 no longer affine to CPU1
[    9.315125] Entering suspend state LP1
[    9.315125] Suspended for 2.779 seconds
[    9.315136] Enabling non-boot CPUs ...
[    9.344965] CPU1 is up
[    9.384662] CPU2 is up
[    9.424935] CPU3 is up
[    9.425480] pci_bus 0000:00: 2-byte config write to 0000:00:01.0 offset 0x4c may corrupt adjacent RW1C bits
[    9.425488] pci_bus 0000:00: 2-byte config write to 0000:00:02.0 offset 0x4c may corrupt adjacent RW1C bits
[    9.425501] pci_bus 0000:00: 2-byte config write to 0000:00:01.0 offset 0x88 may corrupt adjacent RW1C bits
[    9.425508] pci_bus 0000:00: 2-byte config write to 0000:00:02.0 offset 0x88 may corrupt adjacent RW1C bits
[    9.425514] pci_bus 0000:00: 2-byte config write to 0000:00:01.0 offset 0x90 may corrupt adjacent RW1C bits
[    9.425520] pci_bus 0000:00: 2-byte config write to 0000:00:02.0 offset 0x90 may corrupt adjacent RW1C bits
[    9.425626] pcieport 0000:00:01.0: nv_msi_ht_cap_quirk didn't locate host bridge
[    9.425628] pcieport 0000:00:02.0: nv_msi_ht_cap_quirk didn't locate host bridge
[    9.452982] PM: noirq resume of devices complete after 28.041 msecs
[    9.454045] PM: early resume of devices complete after 0.747 msecs
[    9.457233] tegra-hdmi 54280000.hdmi: cannot set audio to 48000 Hz at 297000000 Hz pixel clock
[    9.579122] PM: resume of devices complete after 125.068 msecs
[    9.769658] Restarting tasks ... done.
[    9.785631] ata1: SATA link down (SStatus 0 SControl 300)
root@(none):/# 
root@(none):/# rtcwake -d rtc1 -m mem -s 3
rtcwake: assuming RTC uses UTC ...
rtcwake: wakeup from "mem" using /dev/rtc1 at Thu Jan  1 00:00:30 1970
[   11.014085] PM: Syncing filesystems ... done.
[   11.217286] Freezing user space processes ... (elapsed 0.001 seconds) done.
[   11.225617] Freezing remaining freezable tasks ... (elapsed 0.001 seconds) done.
[   11.234221] Suspending console(s) (use no_console_suspend to debug)
[   11.364568] PM: suspend of devices complete after 123.622 msecs
[   11.366078] PM: late suspend of devices complete after 1.502 msecs
[   11.393813] PM: noirq suspend of devices complete after 27.729 msecs
[   11.393816] Disabling non-boot CPUs ...
[   11.465307] IRQ17 no longer affine to CPU2
[   11.554556] Entering suspend state LP1
[   11.554556] Suspended for 2.760 seconds
[   11.554567] Enabling non-boot CPUs ...
[   11.584929] CPU1 is up
[   11.624639] CPU2 is up
[   11.664947] CPU3 is up
[   11.665660] pcieport 0000:00:01.0: nv_msi_ht_cap_quirk didn't locate host bridge
[   11.665662] pcieport 0000:00:02.0: nv_msi_ht_cap_quirk didn't locate host bridge
[   11.692951] PM: noirq resume of devices complete after 27.998 msecs
[   11.694728] PM: early resume of devices complete after 1.441 msecs
[   11.698054] tegra-hdmi 54280000.hdmi: cannot set audio to 48000 Hz at 297000000 Hz pixel clock
[   11.819917] PM: resume of devices complete after 125.180 msecs
[   11.907029] Restarting tasks ... done.
root@(none):/# 
root@(none):/# [   12.025531] ata1: SATA link down (SStatus 0 SControl 300)
rtcwake -d rtc1 -m mem -s 3
rtcwake: assuming RTC uses UTC ...
rtcwake: wakeup from "mem" using /dev/rtc1 at Thu Jan  1 00:00:35 1970
[   13.254338] PM: Syncing filesystems ... done.
[   13.458295] Freezing user space processes ... (elapsed 0.001 seconds) done.
[   13.466635] Freezing remaining freezable tasks ... (elapsed 0.001 seconds) done.
[   13.475252] Suspending console(s) (use no_console_suspend to debug)
[   13.604474] PM: suspend of devices complete after 122.467 msecs
[   13.606524] PM: late suspend of devices complete after 2.039 msecs
[   13.633918] PM: noirq suspend of devices complete after 27.389 msecs
[   13.633921] Disabling non-boot CPUs ...
[   13.685440] IRQ17 no longer affine to CPU2
[   13.774603] Entering suspend state LP1
[   13.774603] Suspended for 2.779 seconds
[   13.774614] Enabling non-boot CPUs ...
[   13.804924] CPU1 is up
[   13.844595] CPU2 is up
[   13.884877] CPU3 is up
[   13.885566] pcieport 0000:00:01.0: nv_msi_ht_cap_quirk didn't locate host bridge
[   13.885568] pcieport 0000:00:02.0: nv_msi_ht_cap_quirk didn't locate host bridge
[   13.912923] PM: noirq resume of devices complete after 28.040 msecs
[   13.914697] PM: early resume of devices complete after 1.460 msecs
[   13.917663] tegra-hdmi 54280000.hdmi: cannot set audio to 48000 Hz at 297000000 Hz pixel clock
[   14.039562] PM: resume of devices complete after 124.857 msecs
[   14.126705] Restarting tasks ... done.
root@(none):/# 
root@(none):/# [   14.245461] ata1: SATA link down (SStatus 0 SControl 300)
rtcwake -d rtc1 -m mem -s 3
rtcwake: assuming RTC uses UTC ...
rtcwake: wakeup from "mem" using /dev/rtc1 at Thu Jan  1 00:00:40 1970
[   15.475555] PM: Syncing filesystems ... done.
[   15.621977] Freezing user space processes ... (elapsed 0.001 seconds) done.
[   15.630377] Freezing remaining freezable tasks ... (elapsed 0.001 seconds) done.
[   15.639366] Suspending console(s) (use no_console_suspend to debug)
[   15.674460] pci_generic_config_write32: 116 callbacks suppressed
[   15.674480] pci_bus 0000:00: 2-byte config write to 0000:00:01.0 offset 0x9c may corrupt adjacent RW1C bits
[   15.674503] pci_bus 0000:00: 2-byte config write to 0000:00:02.0 offset 0x9c may corrupt adjacent RW1C bits
[   15.786053] PM: suspend of devices complete after 138.712 msecs
[   15.792538] PM: late suspend of devices complete after 6.456 msecs
[   15.793615] pci_bus 0000:02: 2-byte config write to 0000:02:00.0 offset 0x44 may corrupt adjacent RW1C bits
[   15.793685] pci_bus 0000:02: 2-byte config write to 0000:02:00.0 offset 0x44 may corrupt adjacent RW1C bits
[   15.827144] PM: noirq suspend of devices complete after 34.584 msecs
[   15.827154] Disabling non-boot CPUs ...
[   16.020079] Entering suspend state LP1
[   16.020079] Suspended for 2.754 seconds
[   16.020090] Enabling non-boot CPUs ...
[   16.044647] CPU1 is up
[   16.084594] CPU2 is up
[   16.124864] CPU3 is up
[   16.125450] pci_bus 0000:00: 2-byte config write to 0000:00:01.0 offset 0x4c may corrupt adjacent RW1C bits
[   16.125459] pci_bus 0000:00: 2-byte config write to 0000:00:02.0 offset 0x4c may corrupt adjacent RW1C bits
[   16.125471] pci_bus 0000:00: 2-byte config write to 0000:00:01.0 offset 0x88 may corrupt adjacent RW1C bits
[   16.125477] pci_bus 0000:00: 2-byte config write to 0000:00:02.0 offset 0x88 may corrupt adjacent RW1C bits
[   16.125484] pci_bus 0000:00: 2-byte config write to 0000:00:01.0 offset 0x90 may corrupt adjacent RW1C bits
[   16.125490] pci_bus 0000:00: 2-byte config write to 0000:00:02.0 offset 0x90 may corrupt adjacent RW1C bits
[   16.125596] pcieport 0000:00:01.0: nv_msi_ht_cap_quirk didn't locate host bridge
[   16.125598] pcieport 0000:00:02.0: nv_msi_ht_cap_quirk didn't locate host bridge
[   16.152889] PM: noirq resume of devices complete after 28.018 msecs
[   16.154746] PM: early resume of devices complete after 1.526 msecs
[   16.157893] tegra-hdmi 54280000.hdmi: cannot set audio to 48000 Hz at 297000000 Hz pixel clock
[   16.279792] PM: resume of devices complete after 125.036 msecs
[   16.466231] Restarting tasks ... done.
[   16.485587] ata1: SATA link down (SStatus 0 SControl 300)
root@(none):/# 
root@(none):/# rtcwake -d rtc1 -m mem -s 3
rtcwake: assuming RTC uses UTC ...
rtcwake: wakeup from "mem" using /dev/rtc1 at Thu Jan  1 00:00:45 1970
[   17.714275] PM: Syncing filesystems ... done.
[   17.917980] Freezing user space processes ... (elapsed 0.001 seconds) done.
[   17.926598] Freezing remaining freezable tasks ... (elapsed 0.001 seconds) done.
[   17.935779] Suspending console(s) (use no_console_suspend to debug)
[   18.064406] PM: suspend of devices complete after 119.801 msecs
[   18.066686] PM: late suspend of devices complete after 2.269 msecs
[   18.093751] PM: noirq suspend of devices complete after 27.060 msecs
[   18.093753] Disabling non-boot CPUs ...
[   18.093985] IRQ17 no longer affine to CPU1
[   18.234392] Entering suspend state LP1
[   18.234392] Suspended for 2.785 seconds
[   18.234403] Enabling non-boot CPUs ...
[   18.264791] CPU1 is up
[   18.304491] CPU2 is up
[   18.344773] CPU3 is up
[   18.345402] pcieport 0000:00:02.0: nv_msi_ht_cap_quirk didn't locate host bridge
[   18.345506] pcieport 0000:00:01.0: nv_msi_ht_cap_quirk didn't locate host bridge
[   18.372859] PM: noirq resume of devices complete after 28.080 msecs
[   18.374529] PM: early resume of devices complete after 1.348 msecs
[   18.377735] tegra-hdmi 54280000.hdmi: cannot set audio to 48000 Hz at 297000000 Hz pixel clock
[   18.498899] PM: resume of devices complete after 124.360 msecs
[   18.585977] Restarting tasks ... done.
root@(none):/# 
root@(none):/# [   18.715421] ata1: SATA link down (SStatus 0 SControl 300)
rtcwake -d rtc1 -m mem -s 3
rtcwake: assuming RTC uses UTC ...
rtcwake: wakeup from "mem" using /dev/rtc1 at Thu Jan  1 00:00:50 1970
[   19.935226] PM: Syncing filesystems ... done.
[   20.139521] Freezing user space processes ... (elapsed 0.001 seconds) done.
[   20.147860] Freezing remaining freezable tasks ... (elapsed 0.001 seconds) done.
[   20.156479] Suspending console(s) (use no_console_suspend to debug)
[   20.284409] PM: suspend of devices complete after 121.172 msecs
[   20.286782] PM: late suspend of devices complete after 2.363 msecs
[   20.313825] PM: noirq suspend of devices complete after 27.037 msecs
[   20.313828] Disabling non-boot CPUs ...
[   20.474616] Entering suspend state LP1
[   20.474616] Suspended for 2.759 seconds
[   20.474627] Enabling non-boot CPUs ...
[   20.504605] CPU1 is up
[   20.544532] CPU2 is up
[   20.584804] CPU3 is up
[   20.585433] pcieport 0000:00:02.0: nv_msi_ht_cap_quirk didn't locate host bridge
[   20.585538] pcieport 0000:00:01.0: nv_msi_ht_cap_quirk didn't locate host bridge
[   20.612830] PM: noirq resume of devices complete after 28.019 msecs
[   20.614487] PM: early resume of devices complete after 1.326 msecs
[   20.616926] tegra-hdmi 54280000.hdmi: cannot set audio to 48000 Hz at 297000000 Hz pixel clock
[   20.738795] PM: resume of devices complete after 124.300 msecs
[   20.821796] Restarting tasks ... done.
root@(none):/# 
root@(none):/# [   20.945313] ata1: SATA link down (SStatus 0 SControl 300)
rtcwake -d rtc1 -m mem -s 3
rtcwake: assuming RTC uses UTC ...
rtcwake: wakeup from "mem" using /dev/rtc1 at Thu Jan  1 00:00:55 1970
[   22.174865] PM: Syncing filesystems ... done.
[   22.377088] Freezing user space processes ... (elapsed 0.001 seconds) done.
[   22.385431] Freezing remaining freezable tasks ... (elapsed 0.001 seconds) done.
[   22.394052] Suspending console(s) (use no_console_suspend to debug)
[   22.415516] pci_generic_config_write32: 116 callbacks suppressed
[   22.415529] pci_bus 0000:00: 2-byte config write to 0000:00:02.0 offset 0x9c may corrupt adjacent RW1C bits
[   22.415539] pci_bus 0000:00: 2-byte config write to 0000:00:01.0 offset 0x9c may corrupt adjacent RW1C bits
[   22.524332] PM: suspend of devices complete after 123.494 msecs
[   22.525941] PM: late suspend of devices complete after 1.603 msecs
[   22.526278] pci_bus 0000:02: 2-byte config write to 0000:02:00.0 offset 0x44 may corrupt adjacent RW1C bits
[   22.526293] pci_bus 0000:02: 2-byte config write to 0000:02:00.0 offset 0x44 may corrupt adjacent RW1C bits
[   22.553810] PM: noirq suspend of devices complete after 27.863 msecs
[   22.553812] Disabling non-boot CPUs ...
[   22.554095] IRQ17 no longer affine to CPU1
[   22.704617] Entering suspend state LP1
[   22.704617] Suspended for 2.769 seconds
[   22.704628] Enabling non-boot CPUs ...
[   22.734817] CPU1 is up
[   22.774495] CPU2 is up
[   22.814780] CPU3 is up
[   22.815373] pci_bus 0000:00: 2-byte config write to 0000:00:02.0 offset 0x4c may corrupt adjacent RW1C bits
[   22.815382] pci_bus 0000:00: 2-byte config write to 0000:00:01.0 offset 0x4c may corrupt adjacent RW1C bits
[   22.815394] pci_bus 0000:00: 2-byte config write to 0000:00:02.0 offset 0x88 may corrupt adjacent RW1C bits
[   22.815400] pci_bus 0000:00: 2-byte config write to 0000:00:01.0 offset 0x88 may corrupt adjacent RW1C bits
[   22.815406] pci_bus 0000:00: 2-byte config write to 0000:00:02.0 offset 0x90 may corrupt adjacent RW1C bits
[   22.815412] pci_bus 0000:00: 2-byte config write to 0000:00:01.0 offset 0x90 may corrupt adjacent RW1C bits
[   22.815519] pcieport 0000:00:02.0: nv_msi_ht_cap_quirk didn't locate host bridge
[   22.815520] pcieport 0000:00:01.0: nv_msi_ht_cap_quirk didn't locate host bridge
[   22.852814] PM: noirq resume of devices complete after 38.028 msecs
[   22.854210] PM: early resume of devices complete after 1.226 msecs
[   22.857362] tegra-hdmi 54280000.hdmi: cannot set audio to 48000 Hz at 297000000 Hz pixel clock
[   22.979266] PM: resume of devices complete after 125.047 msecs
[   23.169776] Restarting tasks ... done.
[   23.185482] ata1: SATA link down (SStatus 0 SControl 300)
root@(none):/# 
root@(none):/# rtcwake -d rtc1 -m mem -s 3
rtcwake: assuming RTC uses UTC ...
rtcwake: wakeup from "mem" using /dev/rtc1 at Thu Jan  1 00:01:00 1970
[   24.403945] PM: Syncing filesystems ... done.
[   24.617609] Freezing user space processes ... (elapsed 0.001 seconds) done.
[   24.626252] Freezing remaining freezable tasks ... (elapsed 0.001 seconds) done.
[   24.635124] Suspending console(s) (use no_console_suspend to debug)
[   24.764286] PM: suspend of devices complete after 122.437 msecs
[   24.766612] PM: late suspend of devices complete after 2.316 msecs
[   24.793684] PM: noirq suspend of devices complete after 27.066 msecs
[   24.793687] Disabling non-boot CPUs ...
[   24.954371] Entering suspend state LP1
[   24.954371] Suspended for 2.750 seconds
[   24.954382] Enabling non-boot CPUs ...
[   24.984749] CPU1 is up
[   25.024451] CPU2 is up
[   25.064730] CPU3 is up
[   25.065414] pcieport 0000:00:01.0: nv_msi_ht_cap_quirk didn't locate host bridge
[   25.065418] pcieport 0000:00:02.0: nv_msi_ht_cap_quirk didn't locate host bridge
[   25.092773] PM: noirq resume of devices complete after 28.036 msecs
[   25.094339] PM: early resume of devices complete after 1.240 msecs
[   25.097474] tegra-hdmi 54280000.hdmi: cannot set audio to 48000 Hz at 297000000 Hz pixel clock
[   25.219421] PM: resume of devices complete after 125.072 msecs
[   25.302473] Restarting tasks ... done.
root@(none):/# 
root@(none):/# [   25.425156] ata1: SATA link down (SStatus 0 SControl 300)
rtcwake -d rtc1 -m mem -s 3
rtcwake: assuming RTC uses UTC ...
rtcwake: wakeup from "mem" using /dev/rtc1 at Thu Jan  1 00:01:05 1970
[   26.654012] PM: Syncing filesystems ... done.
[   26.857575] Freezing user space processes ... (elapsed 0.001 seconds) done.
[   26.865938] Freezing remaining freezable tasks ... (elapsed 0.001 seconds) done.
[   26.874564] Suspending console(s) (use no_console_suspend to debug)
[   27.004345] PM: suspend of devices complete after 122.922 msecs
[   27.006875] PM: late suspend of devices complete after 2.518 msecs
[   27.034044] PM: noirq suspend of devices complete after 27.162 msecs
[   27.034047] Disabling non-boot CPUs ...
[   27.034371] IRQ17 no longer affine to CPU1
[   27.215337] Entering suspend state LP1
[   27.215337] Suspended for 2.738 seconds
[   27.215348] Enabling non-boot CPUs ...
[   27.244550] CPU1 is up
[   27.284444] CPU2 is up
[   27.324735] CPU3 is up
[   27.325386] pcieport 0000:00:02.0: nv_msi_ht_cap_quirk didn't locate host bridge
[   27.325498] pcieport 0000:00:01.0: nv_msi_ht_cap_quirk didn't locate host bridge
[   27.352750] PM: noirq resume of devices complete after 28.009 msecs
[   27.354483] PM: early resume of devices complete after 1.389 msecs
[   27.357306] tegra-hdmi 54280000.hdmi: cannot set audio to 48000 Hz at 297000000 Hz pixel clock
[   27.479240] PM: resume of devices complete after 124.749 msecs
[   27.566331] Restarting tasks ... done.
root@(none):/# 
root@(none):/# [   27.683778] ata1: SATA link down (SStatus 0 SControl 300)
NVTB SYSTEM SUSPEND TEST COMPLETE
