Diff for ./qemu-vexpress64/__internal/defconfig_log.txt
--- /tmp/fooa	2015-11-01 16:39:13.378736313 -0800
+++ /tmp/foob	2015-11-01 16:39:13.382736310 -0800
@@ -1,6 +1,6 @@
 Booting Linux on physical CPU 0x0
 Initializing cgroup subsys cpu
-Linux version 4.3.0-rc7+ (pwalmsley@tamien) (gcc version 4.9.2 20140904 (prerelease) (crosstool-NG linaro-1.13.1-4.9-2014.09 - Linaro GCC 4.9-2014.09) ) #1 SMP PREEMPT Sat Oct 24 22:05:54 PDT 2015
+Linux version 4.3.0+ (pwalmsley@tamien) (gcc version 4.9.2 20140904 (prerelease) (crosstool-NG linaro-1.13.1-4.9-2014.09 - Linaro GCC 4.9-2014.09) ) #1 SMP PREEMPT Sun Nov 1 16:34:43 PST 2015
 CPU: AArch64 Processor [411fd070] revision 0
 Detected PIPT I-cache on CPU0
 alternatives: enabling workaround for ARM erratum 832075
@@ -88,7 +88,7 @@
 kvm [1]: HYP mode not available
 futex hash table entries: 256 (order: 2, 16384 bytes)
 audit: initializing netlink subsys (disabled)
-audit: type=2000 audit(0.500:1): initialized
+audit: type=2000 audit(0.580:1): initialized
 HugeTLB registered 2 MB page size, pre-allocated 0 pages
 VFS: Disk quotas dquot_6.6.0
 VFS: Dquot-cache hash table entries: 512 (order 0, 4096 bytes)
Diff for ./tegra114-dalmore-a04/tegra114-dalmore/multi_v7_defconfig_log.txt
--- /tmp/fooa	2015-11-01 16:39:13.386736306 -0800
+++ /tmp/foob	2015-11-01 16:39:13.390736303 -0800
@@ -14,7 +14,7 @@
 Err:   serial
 Net:   Net Initialization Skipped
 No ethernet found.
-Hit any key to stop autoboot:  2  1  0 
+Hit any key to stop autoboot:  2  0 
 Tegra114 (Dalmore) # 
 Tegra114 (Dalmore) # usb reset
 (Re)start USB...
@@ -40,7 +40,7 @@
 	 ################################################
 	 3.3 MiB/s
 done
-Bytes transferred = 6424000 (6205c0 hex)
+Bytes transferred = 6425376 (620b20 hex)
 Tegra114 (Dalmore) # tftpboot 0x82000000 tegra114-dalmore.dtb
 Using asx0 device
 TFTP from server 192.168.100.1; our IP address is 192.168.100.100
@@ -51,7 +51,7 @@
 done
 Bytes transferred = 34894 (884e hex)
 Tegra114 (Dalmore) # bootz 0x81000000 - 0x82000000
-Kernel image @ 0x81000000 [ 0x000000 - 0x6205c0 ]
+Kernel image @ 0x81000000 [ 0x000000 - 0x620b20 ]
 ## Flattened Device Tree blob at 82000000
    Booting using the fdt blob at 0x82000000
    Loading Device Tree to 8fff4000, end 8ffff84d ... OK
@@ -59,7 +59,7 @@
 Starting kernel ...
 
 Booting Linux on physical CPU 0x0
-Linux version 4.3.0-rc7-41590-g32b8819 (pwalmsley@sellafield) (gcc version 4.7.3 20130328 (prerelease) (crosstool-NG linaro-1.13.1-4.7-2013.04-20130415 - Linaro GCC 2013.04) ) #1 SMP Sat Oct 24 22:03:36 PDT 2015
+Linux version 4.3.0-41773-g6a13feb (pwalmsley@sellafield) (gcc version 4.7.3 20130328 (prerelease) (crosstool-NG linaro-1.13.1-4.7-2013.04-20130415 - Linaro GCC 2013.04) ) #1 SMP Sun Nov 1 16:33:17 PST 2015
 CPU: ARMv7 Processor [412fc0f2] revision 2 (ARMv7), cr=10c5387d
 CPU: PIPT / VIPT nonaliasing data cache, PIPT instruction cache
 Machine model: NVIDIA Tegra114 Dalmore evaluation board
@@ -88,7 +88,7 @@
     lowmem  : 0xc0000000 - 0xef800000   ( 760 MB)
     pkmap   : 0xbfe00000 - 0xc0000000   (   2 MB)
     modules : 0xbf000000 - 0xbfe00000   (  14 MB)
-      .text : 0xc0208000 - 0xc0d7bd18   (11728 kB)
+      .text : 0xc0208000 - 0xc0d7bd58   (11728 kB)
       .init : 0xc0d7c000 - 0xc0e7c000   (1024 kB)
       .data : 0xc0e7c000 - 0xc0f78ea0   (1012 kB)
        .bss : 0xc0f7b000 - 0xc0fd02a8   ( 341 kB)
@@ -154,6 +154,7 @@
 usbcore: registered new interface driver hub
 usbcore: registered new device driver usb
 tps65090 2-0048: No cache defaults, reading back from HW
+genirq: Setting trigger mode 8 for irq 341 failed (irq_chip_set_type_parent+0x0/0x28)
 palmas 2-0058: Irq flag is 0x00000000
 palmas 2-0058: Muxing GPIO ff, PWM 0, LED 0
 sdhci-vdd-sd-slot: ramp_delay not set
@@ -295,7 +296,7 @@
 hub 1-0:1.0: USB hub found
 hub 1-0:1.0: 1 port detected
 input: gpio-keys as /devices/soc0/gpio-keys/input/input0
-palmas-rtc 7000d000.i2c:tps65913@58:rtc: setting system clock to 2000-05-06 14:00:35 UTC (957621635)
+palmas-rtc 7000d000.i2c:tps65913@58:rtc: setting system clock to 2000-05-14 09:30:31 UTC (958296631)
 dvdd_ts: disabling
 usb1_vbus: disabling
 vdd_cam_1v8_reg: disabling
@@ -307,4 +308,4 @@
 Freeing unused kernel memory: 1024K (c0d7c000 - c0e7c000)
 bash: cannot set terminal process group (-1): Inappropriate ioctl for device
 bash: no job control in this shell
-root@(none):/# [    2.214221] usb 1-1: new high-speed USB device number 2 using tegra-ehci
+root@(none):/# [    2.219209] usb 1-1: new high-speed USB device number 2 using tegra-ehci
Diff for ./tegra114-dalmore-a04/tegra114-dalmore/tegra_defconfig_log.txt
--- /tmp/fooa	2015-11-01 16:39:13.394736299 -0800
+++ /tmp/foob	2015-11-01 16:39:13.398736297 -0800
@@ -37,20 +37,20 @@
 	 #################################################################
 	 #################################################################
 	 ####################
-	 3.3 MiB/s
+	 3.4 MiB/s
 done
-Bytes transferred = 5052720 (4d1930 hex)
+Bytes transferred = 5055736 (4d24f8 hex)
 Tegra114 (Dalmore) # tftpboot 0x82000000 tegra114-dalmore.dtb
 Using asx0 device
 TFTP from server 192.168.100.1; our IP address is 192.168.100.100
 Filename 'tegra114-dalmore.dtb'.
 Load address: 0x82000000
 Loading: *###
-	 2.8 MiB/s
+	 3 MiB/s
 done
 Bytes transferred = 34894 (884e hex)
 Tegra114 (Dalmore) # bootz 0x81000000 - 0x82000000
-Kernel image @ 0x81000000 [ 0x000000 - 0x4d1930 ]
+Kernel image @ 0x81000000 [ 0x000000 - 0x4d24f8 ]
 ## Flattened Device Tree blob at 82000000
    Booting using the fdt blob at 0x82000000
    Loading Device Tree to 8fff4000, end 8ffff84d ... OK
@@ -61,7 +61,7 @@
 Booting Linux on physical CPU 0x0
 Initializing cgroup subsys cpu
 Initializing cgroup subsys cpuacct
-Linux version 4.3.0-rc7-41590-g32b8819 (pwalmsley@kaivo) (gcc version 4.7.3 20130328 (prerelease) (crosstool-NG linaro-1.13.1-4.7-2013.04-20130415 - Linaro GCC 2013.04) ) #1 SMP PREEMPT Sat Oct 24 22:03:51 PDT 2015
+Linux version 4.3.0-41773-g6a13feb (pwalmsley@kaivo) (gcc version 4.7.3 20130328 (prerelease) (crosstool-NG linaro-1.13.1-4.7-2013.04-20130415 - Linaro GCC 2013.04) ) #1 SMP PREEMPT Sun Nov 1 16:33:31 PST 2015
 CPU: ARMv7 Processor [412fc0f2] revision 2 (ARMv7), cr=10c5387d
 CPU: PIPT / VIPT nonaliasing data cache, PIPT instruction cache
 Machine model: NVIDIA Tegra114 Dalmore evaluation board
@@ -90,7 +90,7 @@
     lowmem  : 0xc0000000 - 0xef800000   ( 760 MB)
     pkmap   : 0xbfe00000 - 0xc0000000   (   2 MB)
     modules : 0xbf000000 - 0xbfe00000   (  14 MB)
-      .text : 0xc0008000 - 0xc091c528   (9298 kB)
+      .text : 0xc0008000 - 0xc091c530   (9298 kB)
       .init : 0xc091d000 - 0xc096e000   ( 324 kB)
       .data : 0xc096e000 - 0xc09c2e40   ( 340 kB)
        .bss : 0xc09c5000 - 0xc0a1fd20   ( 364 kB)
@@ -154,6 +154,7 @@
 usbcore: registered new interface driver hub
 usbcore: registered new device driver usb
 tps65090 2-0048: No cache defaults, reading back from HW
+genirq: Setting trigger mode 8 for irq 341 failed (irq_chip_set_type_parent+0x0/0x28)
 palmas 2-0058: Irq flag is 0x00000000
 palmas 2-0058: Muxing GPIO ff, PWM 0, LED 0
 sdhci-vdd-sd-slot: ramp_delay not set
@@ -291,7 +292,7 @@
 hub 1-0:1.0: USB hub found
 hub 1-0:1.0: 1 port detected
 input: gpio-keys as /devices/soc0/gpio-keys/input/input1
-palmas-rtc 7000d000.i2c:tps65913@58:rtc: setting system clock to 2000-05-06 14:01:04 UTC (957621664)
+palmas-rtc 7000d000.i2c:tps65913@58:rtc: setting system clock to 2000-05-14 09:30:57 UTC (958296657)
 dvdd_ts: disabling
 usb1_vbus: disabling
 vdd_cam_1v8_reg: disabling
@@ -306,4 +307,4 @@
 Freeing unused kernel memory: 324K (c091d000 - c096e000)
 bash: cannot set terminal process group (-1): Inappropriate ioctl for device
 bash: no job control in this shell
-root@(none):/# [    2.840059] usb 1-1: new high-speed USB device number 2 using tegra-ehci
+root@(none):/# [    2.850037] usb 1-1: new high-speed USB device number 2 using tegra-ehci
Diff for ./tegra124-jetson-tk1/tegra124-jetson-tk1/multi_v7_defconfig_log.txt
--- /tmp/fooa	2015-11-01 16:39:13.402736293 -0800
+++ /tmp/foob	2015-11-01 16:39:13.406736290 -0800
@@ -33,37 +33,27 @@
 TFTP from server 192.168.100.1; our IP address is 192.168.100.102
 Filename 'zImage.multi_v7_defconfig'.
 Load address: 0x81000000
-Loading: *EHCI timed out on TD - token=0x8008d80
-T EHCI timed out on TD - token=0x8008d80
-T EHCI timed out on TD - token=0x8008d80
-T EHCI timed out on TD - token=0x8008d80
-T EHCI timed out on TD - token=0x8008d80
-T EHCI timed out on TD - token=0x8008d80
-T EHCI timed out on TD - token=0x8008d80
-T EHCI timed out on TD - token=0x8008d80
-T EHCI timed out on TD - token=0x8008d80
-T #################################################################
+Loading: *#################################################################
 	 #################################################################
 	 #################################################################
 	 #################################################################
 	 #################################################################
 	 #################################################################
 	 ################################################
-	 132.8 KiB/s
+	 3.2 MiB/s
 done
-Bytes transferred = 6424000 (6205c0 hex)
+Bytes transferred = 6425376 (620b20 hex)
 Tegra124 (Jetson TK1) # tftpboot 0x82000000 tegra124-jetson-tk1.dtb
-Waiting for Ethernet connection... done.
 Using asx0 device
 TFTP from server 192.168.100.1; our IP address is 192.168.100.102
 Filename 'tegra124-jetson-tk1.dtb'.
 Load address: 0x82000000
 Loading: *#####
-	 3.2 MiB/s
+	 2.9 MiB/s
 done
 Bytes transferred = 64138 (fa8a hex)
 Tegra124 (Jetson TK1) # bootz 0x81000000 - 0x82000000
-Kernel image @ 0x81000000 [ 0x000000 - 0x6205c0 ]
+Kernel image @ 0x81000000 [ 0x000000 - 0x620b20 ]
 ## Flattened Device Tree blob at 82000000
    Booting using the fdt blob at 0x82000000
    Using Device Tree in place at 82000000, end 82012a89
@@ -71,7 +61,7 @@
 Starting kernel ...
 
 Booting Linux on physical CPU 0x0
-Linux version 4.3.0-rc7-41590-g32b8819 (pwalmsley@sellafield) (gcc version 4.7.3 20130328 (prerelease) (crosstool-NG linaro-1.13.1-4.7-2013.04-20130415 - Linaro GCC 2013.04) ) #1 SMP Sat Oct 24 22:03:36 PDT 2015
+Linux version 4.3.0-41773-g6a13feb (pwalmsley@sellafield) (gcc version 4.7.3 20130328 (prerelease) (crosstool-NG linaro-1.13.1-4.7-2013.04-20130415 - Linaro GCC 2013.04) ) #1 SMP Sun Nov 1 16:33:17 PST 2015
 CPU: ARMv7 Processor [413fc0f3] revision 3 (ARMv7), cr=10c5387d
 CPU: PIPT / VIPT nonaliasing data cache, PIPT instruction cache
 Machine model: NVIDIA Tegra124 Jetson TK1
@@ -100,7 +90,7 @@
     lowmem  : 0xc0000000 - 0xef800000   ( 760 MB)
     pkmap   : 0xbfe00000 - 0xc0000000   (   2 MB)
     modules : 0xbf000000 - 0xbfe00000   (  14 MB)
-      .text : 0xc0208000 - 0xc0d7bd18   (11728 kB)
+      .text : 0xc0208000 - 0xc0d7bd58   (11728 kB)
       .init : 0xc0d7c000 - 0xc0e7c000   (1024 kB)
       .data : 0xc0e7c000 - 0xc0f78ea0   (1012 kB)
        .bss : 0xc0f7b000 - 0xc0fd02a8   ( 341 kB)
@@ -299,13 +289,13 @@
 mmc0: MAN_BKOPS_EN bit is not set
 mmc0: new high speed MMC card at address 0001
 mmcblk0: mmc0:0001 SEM16G 14.6 GiB 
+tegra-pcie 1003000.pcie-controller: probing port 0, using 2 lanes
+tegra-pcie 1003000.pcie-controller: Slot present pin change, signature: 00000008
 mmcblk0boot0: mmc0:0001 SEM16G partition 1 4.00 MiB
 mmcblk0boot1: mmc0:0001 SEM16G partition 2 4.00 MiB
 mmcblk0rpmb: mmc0:0001 SEM16G partition 3 4.00 MiB
 Primary GPT is invalid, using alternate GPT.
  mmcblk0: p1 p2 p3 p4 p5 p6 p7 p8 p9
-tegra-pcie 1003000.pcie-controller: probing port 0, using 2 lanes
-tegra-pcie 1003000.pcie-controller: Slot present pin change, signature: 00000008
 tegra-pcie 1003000.pcie-controller: link 0 down, retrying
 tegra-pcie 1003000.pcie-controller: link 0 down, retrying
 tegra-pcie 1003000.pcie-controller: link 0 down, retrying
@@ -358,7 +348,7 @@
 mmc1: Invalid maximum block size, assuming 512 bytes
 mmc1: SDHCI controller on 700b0400.sdhci [700b0400.sdhci] using ADMA 64-bit
 input: gpio-keys as /devices/soc0/gpio-keys/input/input0
-as3722-rtc as3722-rtc: setting system clock to 2000-01-01 00:01:03 UTC (946684863)
+as3722-rtc as3722-rtc: setting system clock to 2000-01-01 00:00:18 UTC (946684818)
 +1.8V_RUN_CAM: disabling
 +2.8V_RUN_CAM: disabling
 +1.2V_RUN_CAM_FRONT: disabling
Diff for ./tegra124-jetson-tk1/tegra124-jetson-tk1/tegra_defconfig_log.txt
--- /tmp/fooa	2015-11-01 16:39:13.410736286 -0800
+++ /tmp/foob	2015-11-01 16:39:13.414736283 -0800
@@ -41,18 +41,18 @@
 	 ####################
 	 3.2 MiB/s
 done
-Bytes transferred = 5052720 (4d1930 hex)
+Bytes transferred = 5055736 (4d24f8 hex)
 Tegra124 (Jetson TK1) # tftpboot 0x82000000 tegra124-jetson-tk1.dtb
 Using asx0 device
 TFTP from server 192.168.100.1; our IP address is 192.168.100.102
 Filename 'tegra124-jetson-tk1.dtb'.
 Load address: 0x82000000
 Loading: *#####
-	 2.9 MiB/s
+	 3.1 MiB/s
 done
 Bytes transferred = 64138 (fa8a hex)
 Tegra124 (Jetson TK1) # bootz 0x81000000 - 0x82000000
-Kernel image @ 0x81000000 [ 0x000000 - 0x4d1930 ]
+Kernel image @ 0x81000000 [ 0x000000 - 0x4d24f8 ]
 ## Flattened Device Tree blob at 82000000
    Booting using the fdt blob at 0x82000000
    Using Device Tree in place at 82000000, end 82012a89
@@ -63,7 +63,7 @@
 Booting Linux on physical CPU 0x0
 Initializing cgroup subsys cpu
 Initializing cgroup subsys cpuacct
-Linux version 4.3.0-rc7-41590-g32b8819 (pwalmsley@kaivo) (gcc version 4.7.3 20130328 (prerelease) (crosstool-NG linaro-1.13.1-4.7-2013.04-20130415 - Linaro GCC 2013.04) ) #1 SMP PREEMPT Sat Oct 24 22:03:51 PDT 2015
+Linux version 4.3.0-41773-g6a13feb (pwalmsley@kaivo) (gcc version 4.7.3 20130328 (prerelease) (crosstool-NG linaro-1.13.1-4.7-2013.04-20130415 - Linaro GCC 2013.04) ) #1 SMP PREEMPT Sun Nov 1 16:33:31 PST 2015
 CPU: ARMv7 Processor [413fc0f3] revision 3 (ARMv7), cr=10c5387d
 CPU: PIPT / VIPT nonaliasing data cache, PIPT instruction cache
 Machine model: NVIDIA Tegra124 Jetson TK1
@@ -92,7 +92,7 @@
     lowmem  : 0xc0000000 - 0xef800000   ( 760 MB)
     pkmap   : 0xbfe00000 - 0xc0000000   (   2 MB)
     modules : 0xbf000000 - 0xbfe00000   (  14 MB)
-      .text : 0xc0008000 - 0xc091c528   (9298 kB)
+      .text : 0xc0008000 - 0xc091c530   (9298 kB)
       .init : 0xc091d000 - 0xc096e000   ( 324 kB)
       .data : 0xc096e000 - 0xc09c2e40   ( 340 kB)
        .bss : 0xc09c5000 - 0xc0a1fd20   ( 364 kB)
@@ -299,42 +299,16 @@
 tegra-pcie 1003000.pcie-controller: link 0 down, ignoring
 tegra-pcie 1003000.pcie-controller: probing port 1, using 1 lanes
 tegra-pcie 1003000.pcie-controller: Slot present pin change, signature: 00000000
+tegra-pcie 1003000.pcie-controller: link 1 down, retrying
+tegra-pcie 1003000.pcie-controller: link 1 down, retrying
+tegra-pcie 1003000.pcie-controller: link 1 down, retrying
+tegra-pcie 1003000.pcie-controller: link 1 down, ignoring
 tegra-pcie 1003000.pcie-controller: PCI host bridge to bus 0000:00
 pci_bus 0000:00: root bus resource [mem 0x13000000-0x1fffffff]
 pci_bus 0000:00: root bus resource [mem 0x20000000-0x3fffffff pref]
 pci_bus 0000:00: root bus resource [bus 00-ff]
 pci_bus 0000:00: root bus resource [io  0x1000-0xffff]
-pci 0000:00:02.0: [10de:0e13] type 01 class 0x060400
-pci 0000:00:02.0: PME# supported from D0 D1 D2 D3hot D3cold
-PCI: bus0: Fast back to back transfers disabled
-pci 0000:00:02.0: bridge configuration invalid ([bus 00-00]), reconfiguring
-pci 0000:01:00.0: [10ec:8168] type 00 class 0x020000
-pci 0000:01:00.0: reg 0x10: [io  0x0000-0x00ff]
-pci 0000:01:00.0: reg 0x18: [mem 0x00000000-0x00000fff 64bit]
-pci 0000:01:00.0: reg 0x20: [mem 0x00000000-0x00003fff 64bit pref]
-pci 0000:01:00.0: supports D1 D2
-pci 0000:01:00.0: PME# supported from D0 D1 D2 D3hot D3cold
-PCI: bus1: Fast back to back transfers disabled
-pci_bus 0000:01: busn_res: [bus 01-ff] end is updated to 01
-pci 0000:00:02.0: BAR 8: assigned [mem 0x13000000-0x130fffff]
-pci 0000:00:02.0: BAR 9: assigned [mem 0x20000000-0x200fffff 64bit pref]
-pci 0000:00:02.0: BAR 7: assigned [io  0x1000-0x1fff]
-pci 0000:01:00.0: BAR 4: assigned [mem 0x20000000-0x20003fff 64bit pref]
-pci 0000:01:00.0: BAR 2: assigned [mem 0x13000000-0x13000fff 64bit]
-pci 0000:01:00.0: BAR 0: assigned [io  0x1000-0x10ff]
-pci 0000:00:02.0: PCI bridge to [bus 01]
-pci 0000:00:02.0:   bridge window [io  0x1000-0x1fff]
-pci 0000:00:02.0:   bridge window [mem 0x13000000-0x130fffff]
-pci 0000:00:02.0:   bridge window [mem 0x20000000-0x200fffff 64bit pref]
-pci 0000:00:02.0: nv_msi_ht_cap_quirk didn't locate host bridge
-pcieport 0000:00:02.0: enabling device (0140 -> 0143)
-pcieport 0000:00:02.0: Signaling PME through PCIe PME interrupt
-pci 0000:01:00.0: Signaling PME through PCIe PME interrupt
-pcie_pme 0000:00:02.0:pcie01: service driver pcie_pme loaded
-r8169 Gigabit Ethernet driver 2.3LK-NAPI loaded
-r8169 0000:01:00.0: enabling device (0140 -> 0143)
-r8169 0000:01:00.0 eth0: RTL8168g/8111g at 0xf00f8000, 00:04:4b:25:b3:b4, XID 0c000800 IRQ 388
-r8169 0000:01:00.0 eth0: jumbo features [frames: 9200 bytes, tx checksumming: ko]
+PCI: bus0: Fast back to back transfers enabled
 +5V_HDMI_CON: supplied by +5V_SYS
 +1.05V_RUN_AVDD_HDMI_PLL: supplied by +1.05V_RUN
 +3.3V_RUN: supplied by +3.3V_SYS
@@ -371,7 +345,7 @@
 mmc1: Invalid maximum block size, assuming 512 bytes
 mmc1: SDHCI controller on 700b0400.sdhci [700b0400.sdhci] using ADMA 64-bit
 input: gpio-keys as /devices/soc0/gpio-keys/input/input2
-as3722-rtc as3722-rtc: setting system clock to 2000-01-01 00:01:34 UTC (946684894)
+as3722-rtc as3722-rtc: setting system clock to 2000-01-01 00:00:53 UTC (946684853)
 +1.8V_RUN_CAM: disabling
 +2.8V_RUN_CAM: disabling
 +1.2V_RUN_CAM_FRONT: disabling
@@ -385,8 +359,8 @@
   #1: NVIDIA Tegra Jetson TK1
 ata1: SATA link down (SStatus 0 SControl 300)
 EXT2-fs (mmcblk0p1): error: couldn't mount because of unsupported optional features (244)
-usb 2-1: new high-speed USB device number 2 using tegra-ehci
 EXT4-fs (mmcblk0p1): couldn't mount as ext3 due to feature incompatibilities
+usb 2-1: new high-speed USB device number 2 using tegra-ehci
 EXT4-fs (mmcblk0p1): recovery complete
 EXT4-fs (mmcblk0p1): mounted filesystem with ordered data mode. Opts: (null)
 VFS: Mounted root (ext4 filesystem) on device 179:1.
Diff for ./tegra20-trimslice/tegra20-trimslice/multi_v7_defconfig_log.txt
--- /tmp/fooa	2015-11-01 16:39:13.418736279 -0800
+++ /tmp/foob	2015-11-01 16:39:13.418736279 -0800
@@ -48,7 +48,7 @@
 	 ################################################
 	 4.1 MiB/s
 done
-Bytes transferred = 6424000 (6205c0 hex)
+Bytes transferred = 6425376 (620b20 hex)
 Tegra20 (TrimSlice) # tftpboot 0x02408000 tegra20-trimslice.dtb
 Using RTL8169#0 device
 TFTP from server 192.168.100.1; our IP address is 192.168.100.103
@@ -59,7 +59,7 @@
 done
 Bytes transferred = 21130 (528a hex)
 Tegra20 (TrimSlice) # bootz 0x00408000 - 0x02408000
-Kernel image @ 0x408000 [ 0x000000 - 0x6205c0 ]
+Kernel image @ 0x408000 [ 0x000000 - 0x620b20 ]
 ## Flattened Device Tree blob at 02408000
    Booting using the fdt blob at 0x2408000
    Using Device Tree in place at 02408000, end 02410289
@@ -67,7 +67,7 @@
 Starting kernel ...
 
 Booting Linux on physical CPU 0x0
-Linux version 4.3.0-rc7-41590-g32b8819 (pwalmsley@sellafield) (gcc version 4.7.3 20130328 (prerelease) (crosstool-NG linaro-1.13.1-4.7-2013.04-20130415 - Linaro GCC 2013.04) ) #1 SMP Sat Oct 24 22:03:36 PDT 2015
+Linux version 4.3.0-41773-g6a13feb (pwalmsley@sellafield) (gcc version 4.7.3 20130328 (prerelease) (crosstool-NG linaro-1.13.1-4.7-2013.04-20130415 - Linaro GCC 2013.04) ) #1 SMP Sun Nov 1 16:33:17 PST 2015
 CPU: ARMv7 Processor [411fc090] revision 0 (ARMv7), cr=10c5387d
 CPU: PIPT / VIPT nonaliasing data cache, VIPT aliasing instruction cache
 Machine model: Compulab TrimSlice board
@@ -96,7 +96,7 @@
     lowmem  : 0xc0000000 - 0xef800000   ( 760 MB)
     pkmap   : 0xbfe00000 - 0xc0000000   (   2 MB)
     modules : 0xbf000000 - 0xbfe00000   (  14 MB)
-      .text : 0xc0208000 - 0xc0d7bd18   (11728 kB)
+      .text : 0xc0208000 - 0xc0d7bd58   (11728 kB)
       .init : 0xc0d7c000 - 0xc0e7c000   (1024 kB)
       .data : 0xc0e7c000 - 0xc0f78ea0   (1012 kB)
        .bss : 0xc0f7b000 - 0xc0fd02a8   ( 341 kB)
@@ -330,7 +330,7 @@
 hub 2-0:1.0: USB hub found
 hub 2-0:1.0: 1 port detected
 input: gpio-keys as /devices/soc0/gpio-keys/input/input0
-rtc-em3027 2-0056: setting system clock to 2014-12-26 23:14:10 UTC (1419635650)
+rtc-em3027 2-0056: setting system clock to 2014-12-26 23:15:59 UTC (1419635759)
 EXT4-fs (mmcblk0p1): mounting ext3 file system using the ext4 subsystem
 EXT4-fs (mmcblk0p1): recovery complete
 EXT4-fs (mmcblk0p1): mounted filesystem with ordered data mode. Opts: (null)
Diff for ./tegra20-trimslice/tegra20-trimslice/tegra_defconfig_log.txt
--- /tmp/fooa	2015-11-01 16:39:13.426736273 -0800
+++ /tmp/foob	2015-11-01 16:39:13.426736273 -0800
@@ -45,20 +45,20 @@
 	 #################################################################
 	 #################################################################
 	 ####################
-	 4 MiB/s
+	 4.1 MiB/s
 done
-Bytes transferred = 5052720 (4d1930 hex)
+Bytes transferred = 5055736 (4d24f8 hex)
 Tegra20 (TrimSlice) # tftpboot 0x02408000 tegra20-trimslice.dtb
 Using RTL8169#0 device
 TFTP from server 192.168.100.1; our IP address is 192.168.100.103
 Filename 'tegra20-trimslice.dtb'.
 Load address: 0x2408000
 Loading: *##
-	 4 MiB/s
+	 3.4 MiB/s
 done
 Bytes transferred = 21130 (528a hex)
 Tegra20 (TrimSlice) # bootz 0x00408000 - 0x02408000
-Kernel image @ 0x408000 [ 0x000000 - 0x4d1930 ]
+Kernel image @ 0x408000 [ 0x000000 - 0x4d24f8 ]
 ## Flattened Device Tree blob at 02408000
    Booting using the fdt blob at 0x2408000
    Using Device Tree in place at 02408000, end 02410289
@@ -69,7 +69,7 @@
 Booting Linux on physical CPU 0x0
 Initializing cgroup subsys cpu
 Initializing cgroup subsys cpuacct
-Linux version 4.3.0-rc7-41590-g32b8819 (pwalmsley@kaivo) (gcc version 4.7.3 20130328 (prerelease) (crosstool-NG linaro-1.13.1-4.7-2013.04-20130415 - Linaro GCC 2013.04) ) #1 SMP PREEMPT Sat Oct 24 22:03:51 PDT 2015
+Linux version 4.3.0-41773-g6a13feb (pwalmsley@kaivo) (gcc version 4.7.3 20130328 (prerelease) (crosstool-NG linaro-1.13.1-4.7-2013.04-20130415 - Linaro GCC 2013.04) ) #1 SMP PREEMPT Sun Nov 1 16:33:31 PST 2015
 CPU: ARMv7 Processor [411fc090] revision 0 (ARMv7), cr=10c5387d
 CPU: PIPT / VIPT nonaliasing data cache, VIPT aliasing instruction cache
 Machine model: Compulab TrimSlice board
@@ -99,7 +99,7 @@
     lowmem  : 0xc0000000 - 0xef800000   ( 760 MB)
     pkmap   : 0xbfe00000 - 0xc0000000   (   2 MB)
     modules : 0xbf000000 - 0xbfe00000   (  14 MB)
-      .text : 0xc0008000 - 0xc091c528   (9298 kB)
+      .text : 0xc0008000 - 0xc091c530   (9298 kB)
       .init : 0xc091d000 - 0xc096e000   ( 324 kB)
       .data : 0xc096e000 - 0xc09c2e40   ( 340 kB)
        .bss : 0xc09c5000 - 0xc0a1fd20   ( 364 kB)
@@ -330,21 +330,21 @@
 Bluetooth: BNEP socket layer initialized
 Bluetooth: HIDP (Human Interface Emulation) ver 1.2
 Bluetooth: HIDP socket layer initialized
-mmc1: new high speed SD card at address b368
 Registering SWP/SWPB emulation handler
-hub 1-1:1.0: USB hub found
-hub 1-1:1.0: 4 ports detected
+mmc1: new high speed SD card at address b368
+mmcblk1: mmc1:b368 NCard 1.83 GiB (ro)
 utmi_phy_clk_enable: timeout waiting for phy to stabilize
 tegra-ehci c5000000.usb: EHCI Host Controller
 tegra-ehci c5000000.usb: new USB bus registered, assigned bus number 2
-mmcblk1: mmc1:b368 NCard 1.83 GiB (ro)
+hub 1-1:1.0: USB hub found
  mmcblk1: p1 p2
+hub 1-1:1.0: 4 ports detected
 tegra-ehci c5000000.usb: irq 288, io mem 0xc5000000
 tegra-ehci c5000000.usb: USB 2.0 started, EHCI 1.00
 hub 2-0:1.0: USB hub found
 hub 2-0:1.0: 1 port detected
 input: gpio-keys as /devices/soc0/gpio-keys/input/input0
-rtc-em3027 2-0056: setting system clock to 2014-12-26 23:14:30 UTC (1419635670)
+rtc-em3027 2-0056: setting system clock to 2014-12-26 23:16:17 UTC (1419635777)
 ALSA device list:
   #0: tegra-trimslice
 EXT2-fs (mmcblk0p1): error: couldn't mount because of unsupported optional features (4)
Diff for ./tegra30-beaver/tegra30-beaver/multi_v7_defconfig_log.txt
--- /tmp/fooa	2015-11-01 16:39:13.434736266 -0800
+++ /tmp/foob	2015-11-01 16:39:13.434736266 -0800
@@ -40,7 +40,7 @@
 	 ################################################
 	 3.3 MiB/s
 done
-Bytes transferred = 6424000 (6205c0 hex)
+Bytes transferred = 6425376 (620b20 hex)
 Tegra30 (Beaver) # tftpboot 0x82000000 tegra30-beaver.dtb
 Using asx0 device
 TFTP from server 192.168.100.1; our IP address is 192.168.100.101
@@ -51,7 +51,7 @@
 done
 Bytes transferred = 51467 (c90b hex)
 Tegra30 (Beaver) # bootz 0x81000000 - 0x82000000
-Kernel image @ 0x81000000 [ 0x000000 - 0x6205c0 ]
+Kernel image @ 0x81000000 [ 0x000000 - 0x620b20 ]
 ## Flattened Device Tree blob at 82000000
    Booting using the fdt blob at 0x82000000
    Loading Device Tree to 8fff0000, end 8ffff90a ... OK
@@ -59,7 +59,7 @@
 Starting kernel ...
 
 Booting Linux on physical CPU 0x0
-Linux version 4.3.0-rc7-41590-g32b8819 (pwalmsley@sellafield) (gcc version 4.7.3 20130328 (prerelease) (crosstool-NG linaro-1.13.1-4.7-2013.04-20130415 - Linaro GCC 2013.04) ) #1 SMP Sat Oct 24 22:03:36 PDT 2015
+Linux version 4.3.0-41773-g6a13feb (pwalmsley@sellafield) (gcc version 4.7.3 20130328 (prerelease) (crosstool-NG linaro-1.13.1-4.7-2013.04-20130415 - Linaro GCC 2013.04) ) #1 SMP Sun Nov 1 16:33:17 PST 2015
 CPU: ARMv7 Processor [412fc099] revision 9 (ARMv7), cr=10c5387d
 CPU: PIPT / VIPT nonaliasing data cache, VIPT aliasing instruction cache
 Machine model: NVIDIA Tegra30 Beaver evaluation board
@@ -88,7 +88,7 @@
     lowmem  : 0xc0000000 - 0xef800000   ( 760 MB)
     pkmap   : 0xbfe00000 - 0xc0000000   (   2 MB)
     modules : 0xbf000000 - 0xbfe00000   (  14 MB)
-      .text : 0xc0208000 - 0xc0d7bd18   (11728 kB)
+      .text : 0xc0208000 - 0xc0d7bd58   (11728 kB)
       .init : 0xc0d7c000 - 0xc0e7c000   (1024 kB)
       .data : 0xc0e7c000 - 0xc0f78ea0   (1012 kB)
        .bss : 0xc0f7b000 - 0xc0fd02a8   ( 341 kB)
@@ -278,18 +278,18 @@
 Key type dns_resolver registered
 ThumbEE CPU extension supported.
 Registering SWP/SWPB emulation handler
-tegra-pcie 3000.pcie-controller: 2x3 configuration
-sys_3v3,vdd_3v3_alw: supplied by vdd_5v_in
-sys_3v3_pexs: supplied by sys_3v3,vdd_3v3_alw
-tegra-pcie 3000.pcie-controller: probing port 0, using 2 lanes
 mmc1: new high speed MMC card at address 0001
 mmcblk0: mmc1:0001 SEM16G 14.8 GiB 
 mmcblk0boot0: mmc1:0001 SEM16G partition 1 1.00 MiB
 mmcblk0boot1: mmc1:0001 SEM16G partition 2 1.00 MiB
 mmcblk0rpmb: mmc1:0001 SEM16G partition 3 128 KiB
-tegra-pcie 3000.pcie-controller: probing port 2, using 2 lanes
+tegra-pcie 3000.pcie-controller: 2x3 configuration
+sys_3v3,vdd_3v3_alw: supplied by vdd_5v_in
 Primary GPT is invalid, using alternate GPT.
  mmcblk0: p1 p2 p3 p4 p5
+sys_3v3_pexs: supplied by sys_3v3,vdd_3v3_alw
+tegra-pcie 3000.pcie-controller: probing port 0, using 2 lanes
+tegra-pcie 3000.pcie-controller: probing port 2, using 2 lanes
 tegra-pcie 3000.pcie-controller: link 2 down, retrying
 tegra-pcie 3000.pcie-controller: link 2 down, retrying
 tegra-pcie 3000.pcie-controller: link 2 down, retrying
@@ -363,4 +363,4 @@
 Freeing unused kernel memory: 1024K (c0d7c000 - c0e7c000)
 bash: cannot set terminal process group (-1): Inappropriate ioctl for device
 bash: no job control in this shell
-root@(none):/# [    3.738865] usb 2-1: new high-speed USB device number 2 using tegra-ehci
+root@(none):/# [    3.748453] usb 2-1: new high-speed USB device number 2 using tegra-ehci
Diff for ./tegra30-beaver/tegra30-beaver/tegra_defconfig_log.txt
--- /tmp/fooa	2015-11-01 16:39:13.438736262 -0800
+++ /tmp/foob	2015-11-01 16:39:13.442736259 -0800
@@ -27,6 +27,7 @@
 Tegra30 (Beaver) # setenv bootargs 'ignore_loglevel console=ttyS0,115200n8 rw root=/dev/mmcblk0p1 rootwait gpt debug init=/bin/bash noinitrd'
 Tegra30 (Beaver) # setenv ipaddr 192.168.100.101; setenv serverip 192.168.100.1; setenv tftpserverip 192.168.100.1
 Tegra30 (Beaver) # tftpboot 0x81000000 zImage.tegra_defconfig
+Waiting for Ethernet connection... done.
 Using asx0 device
 TFTP from server 192.168.100.1; our IP address is 192.168.100.101
 Filename 'zImage.tegra_defconfig'.
@@ -37,20 +38,20 @@
 	 #################################################################
 	 #################################################################
 	 ####################
-	 3.3 MiB/s
+	 3.4 MiB/s
 done
-Bytes transferred = 5052720 (4d1930 hex)
+Bytes transferred = 5055736 (4d24f8 hex)
 Tegra30 (Beaver) # tftpboot 0x82000000 tegra30-beaver.dtb
 Using asx0 device
 TFTP from server 192.168.100.1; our IP address is 192.168.100.101
 Filename 'tegra30-beaver.dtb'.
 Load address: 0x82000000
 Loading: *####
-	 3.3 MiB/s
+	 2.9 MiB/s
 done
 Bytes transferred = 51467 (c90b hex)
 Tegra30 (Beaver) # bootz 0x81000000 - 0x82000000
-Kernel image @ 0x81000000 [ 0x000000 - 0x4d1930 ]
+Kernel image @ 0x81000000 [ 0x000000 - 0x4d24f8 ]
 ## Flattened Device Tree blob at 82000000
    Booting using the fdt blob at 0x82000000
    Loading Device Tree to 8fff0000, end 8ffff90a ... OK
@@ -61,7 +62,7 @@
 Booting Linux on physical CPU 0x0
 Initializing cgroup subsys cpu
 Initializing cgroup subsys cpuacct
-Linux version 4.3.0-rc7-41590-g32b8819 (pwalmsley@kaivo) (gcc version 4.7.3 20130328 (prerelease) (crosstool-NG linaro-1.13.1-4.7-2013.04-20130415 - Linaro GCC 2013.04) ) #1 SMP PREEMPT Sat Oct 24 22:03:51 PDT 2015
+Linux version 4.3.0-41773-g6a13feb (pwalmsley@kaivo) (gcc version 4.7.3 20130328 (prerelease) (crosstool-NG linaro-1.13.1-4.7-2013.04-20130415 - Linaro GCC 2013.04) ) #1 SMP PREEMPT Sun Nov 1 16:33:31 PST 2015
 CPU: ARMv7 Processor [412fc099] revision 9 (ARMv7), cr=10c5387d
 CPU: PIPT / VIPT nonaliasing data cache, VIPT aliasing instruction cache
 Machine model: NVIDIA Tegra30 Beaver evaluation board
@@ -90,7 +91,7 @@
     lowmem  : 0xc0000000 - 0xef800000   ( 760 MB)
     pkmap   : 0xbfe00000 - 0xc0000000   (   2 MB)
     modules : 0xbf000000 - 0xbfe00000   (  14 MB)
-      .text : 0xc0008000 - 0xc091c528   (9298 kB)
+      .text : 0xc0008000 - 0xc091c530   (9298 kB)
       .init : 0xc091d000 - 0xc096e000   ( 324 kB)
       .data : 0xc096e000 - 0xc09c2e40   ( 340 kB)
        .bss : 0xc09c5000 - 0xc0a1fd20   ( 364 kB)
@@ -363,4 +364,5 @@
 Freeing unused kernel memory: 324K (c091d000 - c096e000)
 bash: cannot set terminal process group (-1): Inappropriate ioctl for device
 bash: no job control in this shell
-root@(none):/# [    4.496404] usb 2-1: new high-speed USB device number 2 using tegra-ehci
+usb 2-1: new high-speed USB device number 2 using tegra-ehci
+root@(none):/# 
\ No newline at end of file
