

U-Boot 2015.04-00466-gedec83e90172 (Mar 14 2016 - 10:42:01)

TEGRA124
Model: Acer Chromebook 13 CB5-311
DRAM:  4 GiB
C:   Tegra SD/MMC: 0, Tegra SD/MMC: 1, Tegra SD/MMC: 2
MMC init failed
Using default environment

In:    serial
Out:   serial
Err:   serial
Net:   Net Initialization Skipped
No ethernet found.
Hit any key to stop autoboot:  2  0 
Tegra124 (Nyan-big) # 
Tegra124 (Nyan-big) # usb start
starting USB...
USB0:   USB EHCI 1.10
scanning bus 0 for devices... 2 USB Device(s) found
USB1:   USB EHCI 1.10
scanning bus 1 for devices... 2 USB Device(s) found
       scanning usb for storage devices... 1 Storage Device(s) found
       scanning usb for ethernet devices... 
Warning: asx0 using MAC address from net device
1 Ethernet Device(s) found
Tegra124 (Nyan-big) # setenv bootargs 'ignore_loglevel console=ttyS0,115200n8 rw root=PARTUUID=4d36e82a-b3c0-4b4b-bfcd-afe5217ac023 rootwait gpt debug noinitrd earlyprintk init=/bin/bash'
Tegra124 (Nyan-big) # setenv ipaddr 192.168.100.102; setenv serverip 192.168.100.1; setenv tftpserverip 192.168.100.1
Tegra124 (Nyan-big) # tftpboot 0x82000000 zImage.tegra_defconfig
Using asx0 device
TFTP from server 192.168.100.1; our IP address is 192.168.100.102
Filename 'zImage.tegra_defconfig'.
Load address: 0x82000000
Loading: *#################################################################
	 #################################################################
	 #################################################################
	 #################################################################
	 #################################################################
	 #####################################################
	 3.6 MiB/s
done
Bytes transferred = 5541904 (549010 hex)
Tegra124 (Nyan-big) # tftpboot 0x83000000 tegra124-nyan-big.dtb
Using asx0 device
TFTP from server 192.168.100.1; our IP address is 192.168.100.102
Filename 'tegra124-nyan-big.dtb'.
Load address: 0x83000000
Loading: *#####
	 3.5 MiB/s
done
Bytes transferred = 66901 (10555 hex)
Tegra124 (Nyan-big) # bootz 0x82000000 - 0x83000000
Kernel image @ 0x82000000 [ 0x000000 - 0x549010 ]
## Flattened Device Tree blob at 83000000
   Booting using the fdt blob at 0x83000000
   Using Device Tree in place at 83000000, end 83013554

Starting kernel ...

[    2.505513] console [ttyS0] enabled
[    2.508990] bootconsole [earlycon0] disabled
[    2.524341] [drm] Initialized drm 1.1.0 20060810
[    2.529678] tegra-hdmi 54280000.hdmi: failed to get HDMI regulator
[    2.536275] tegra-dpaux 545c0000.dpaux: failed to get VDD supply: -517
[    2.543569] panel supply power not found, using dummy regulator
[    2.574906] loop: module loaded
[    2.578652] as3722 4-0040: AS3722 with revision 0x1 found
[    2.588821] as3722-sd2: supplied by +5V_SYS
[    2.593330] as3722-sd3: supplied by +5V_SYS
[    2.597678] +1.35V_LP0(sd3): Bringing 0uV into 1350000-1350000uV
[    2.603941] as3722-sd4: supplied by +5V_SYS
[    2.608286] +1.05V_RUN: Bringing 0uV into 1050000-1050000uV
[    2.614111] as3722-sd5: supplied by +5V_SYS
[    2.619898] as3722-ldo0: supplied by +1.35V_LP0(sd2)
[    2.625736] +1.8V_RUN_CAM: Bringing 0uV into 1800000-1800000uV
[    2.631843] as3722-ldo2: supplied by +1.8V_VDDIO
[    2.637570] as3722-ldo3: supplied by +3.3V_SYS
[    2.642021] +1.00V_LP0_VDD_RTC: Bringing 1100000uV into 1000000-1000000uV
[    2.649689] as3722-ldo4: supplied by +3.3V_SYS
[    2.654287] +3.3V_RUN_CAM: Bringing 0uV into 2800000-2800000uV
[    2.660399] as3722-ldo5: supplied by +1.8V_VDDIO
[    2.665181] +1.2V_RUN_CAM_FRONT: Bringing 0uV into 1200000-1200000uV
[    2.671964] +VDDIO_SDMMC3: Bringing 0uV into 1800000-1800000uV
[    2.678098] as3722-ldo7: supplied by +1.8V_VDDIO
[    2.682872] +1.05V_RUN_CAM_REAR: Bringing 0uV into 1050000-1050000uV
[    2.689516] as3722-ldo9: supplied by +5V_SYS
[    2.694088] +2.8V_RUN_TOUCH: Bringing 0uV into 2800000-2800000uV
[    2.700392] as3722-ldo10: supplied by +5V_SYS
[    2.704909] +2.8V_RUN_CAM_AF: Bringing 0uV into 2800000-2800000uV
[    2.711444] +1.8V_RUN_VPP_FUSE: Bringing 0uV into 1800000-1800000uV
[    2.751787] cros-ec-spi spi32766.0: Chrome EC device registered
[    2.767233] m25p80 spi32765.0: w25q32dw (4096 Kbytes)
[    2.773433] CAN device driver interface
[    2.777311] igb: Intel(R) Gigabit Ethernet Network Driver - version 5.3.0-k
[    2.784253] igb: Copyright (c) 2007-2014 Intel Corporation.
[    2.789935] pegasus: v0.9.3 (2013/04/25), Pegasus/Pegasus II USB Ethernet driver
[    2.797383] usbcore: registered new interface driver pegasus
[    2.803079] usbcore: registered new interface driver asix
[    2.808519] usbcore: registered new interface driver ax88179_178a
[    2.814650] usbcore: registered new interface driver cdc_ether
[    2.820521] usbcore: registered new interface driver smsc75xx
[    2.826315] usbcore: registered new interface driver smsc95xx
[    2.832084] usbcore: registered new interface driver net1080
[    2.837773] usbcore: registered new interface driver cdc_subset
[    2.843715] usbcore: registered new interface driver zaurus
[    2.849334] usbcore: registered new interface driver cdc_ncm
[    2.855087] ehci_hcd: USB 2.0 'Enhanced' Host Controller (EHCI) Driver
[    2.861597] ehci-pci: EHCI PCI platform driver
[    2.866075] tegra-ehci: Tegra EHCI driver
[    2.870415] usbcore: registered new interface driver cdc_acm
[    2.876065] cdc_acm: USB Abstract Control Model driver for USB modems and ISDN adapters
[    2.884089] usbcore: registered new interface driver cdc_wdm
[    2.889794] usbcore: registered new interface driver usb-storage
[    2.896063] mousedev: PS/2 mouse device common for all mice
[    2.901934] input: cros_ec as /devices/soc0/7000d400.spi/spi_master/spi32766/spi32766.0/7000d400.spi:cros-ec@0:keyboard-controller/input/input0
[    2.916978] as3722-rtc as3722-rtc: rtc core: registered as3722-rtc as rtc0
[    2.923836] as3722-rtc as3722-rtc: RTC interrupt 370
[    2.930666] tegra_rtc 7000e000.rtc: rtc core: registered 7000e000.rtc as rtc1
[    2.937820] tegra_rtc 7000e000.rtc: Tegra internal Real Time Clock
[    2.944125] i2c /dev entries driver
[    2.948371] usbcore: registered new interface driver uvcvideo
[    2.954100] USB Video Class driver (1.1.1)
[    2.958191] gspca_main: v2.14.0 registered
[    2.962575] 0-004c supply vcc not found, using dummy regulator
[    2.970355] tegra-wdt 60005000.timer: initialized (heartbeat = 120 sec, nowayout = 0)
[    2.978776] sdhci: Secure Digital Host Controller Interface driver
[    2.984951] sdhci: Copyright(c) Pierre Ossman
[    2.989293] sdhci-pltfm: SDHCI platform and OF driver helper
[    2.995099] sdhci-tegra 700b0000.sdhci: allocated mmc-pwrseq
[    3.000758] mmc0: Unknown controller version (3). You may experience problems.
[    3.008152] sdhci-tegra 700b0400.sdhci: Got CD GPIO
[    3.013023] sdhci-tegra 700b0400.sdhci: Got WP GPIO
[    3.017923] mmc0: Unknown controller version (3). You may experience problems.
[    3.025273] mmc0: Unknown controller version (3). You may experience problems.
[    3.032510] mmc0: Invalid maximum block size, assuming 512 bytes
[    3.074593] mmc0: SDHCI controller on 700b0600.sdhci [700b0600.sdhci] using ADMA 64-bit
[    3.085134] usbcore: registered new interface driver usbhid
[    3.093755] usbhid: USB HID core driver
[    3.104659] tegra30-i2s 70301100.i2s: DMA channels sourced from device 70300000.ahub
[    3.135041] max98090 0-0010: MAX98090 REVID=0x43
[    3.142404] max98090 0-0010: use default 2.8v micbias
[    3.145058] mmc0: new high speed MMC card at address 0001
[    3.155424] tegra-snd-max98090 sound: HiFi <-> 70301100.i2s mapping ok
[    3.161976] mmcblk0: mmc0:0001 MMC16G 14.4 GiB 
[    3.166735] mmcblk0boot0: mmc0:0001 MMC16G partition 1 2.00 MiB
[    3.167291] input: GoogleNyanBig Headphones as /devices/soc0/sound/sound/card1/input1
[    3.167606] input: GoogleNyanBig Mic Jack as /devices/soc0/sound/sound/card1/input2
[    3.188324] mmcblk0boot1: mmc0:0001 MMC16G partition 2 2.00 MiB
[    3.194379] mmcblk0rpmb: mmc0:0001 MMC16G partition 3 128 KiB
[    3.203106]  mmcblk0: p1 p2 p3 p4 p5 p6 p7 p8 p9 p10 p11 p12
[    3.444565] NET: Registered protocol family 10
[    3.584583] mip6: Mobile IPv6
[    3.587544] sit: IPv6 over IPv4 tunneling driver
[    3.593196] NET: Registered protocol family 17
[    3.597651] NET: Registered protocol family 15
[    3.602080] can: controller area network core (rev 20120528 abi 9)
[    3.605330] input: tegra-hda HDMI/DP,pcm=3 as /devices/soc0/70030000.hda/sound/card0/input3
[    3.644604] NET: Registered protocol family 29
[    3.649035] can: raw protocol (rev 20120528)
[    3.653292] can: broadcast manager protocol (rev 20120528 t)
[    3.658950] can: netlink gateway (rev 20130117) max_hops=1
[    3.684621] Bluetooth: RFCOMM socket layer initialized
[    3.689755] Bluetooth: RFCOMM ver 1.11
[    3.693496] Bluetooth: BNEP (Ethernet Emulation) ver 1.3
[    3.698803] Bluetooth: BNEP socket layer initialized
[    3.703753] Bluetooth: HIDP (Human Interface Emulation) ver 1.2
[    3.709667] Bluetooth: HIDP socket layer initialized
[    3.714769] Key type dns_resolver registered
[    3.719484] Registering SWP/SWPB emulation handler
[    3.725399] +3.3V_RUN: supplied by +3.3V_SYS
[    3.730005] +3.3V_AVDD_HDMI_AP_GATED: supplied by +3.3V_RUN
[    3.735641] +1.8V_RUN_CAM: supplied by +3.3V_RUN
[    3.740284] +VDDIO_SDMMC3: supplied by +3.3V_RUN
[    3.744942] +1.8V_RUN_VPP_FUSE: supplied by +3.3V_RUN
[    3.750184] +VDD_LED: supplied by +VDD_MUX
[    3.754514] +5V_VDD_TS_SW: supplied by +5V_SYS
[    3.759363] +5V_USB_HS: supplied by +5V_SYS
[    3.763755] +5V_USB_SS: supplied by +5V_SYS
[    3.768857] +3.3V_PANEL: supplied by +3.3V_RUN
[    3.773933] +3.3V_LP0: supplied by +3.3V_SYS
[    3.778844] +1.05V_RUN_AVDD_HDMI_PLL: supplied by +1.05V_RUN
[    3.784747] +5V_HDMI_CON: supplied by +5V_SYS
[    3.790216] usb3-0 supply vbus not found, using dummy regulator
[    3.796271] usb3-1 supply vbus not found, using dummy regulator
[    3.804733] tegra-sor 54540000.sor: failed to probe output: -517
[    3.810886] panel supply power not found, using dummy regulator
[    3.875283] tegra-xusb 70090000.usb: Firmware timestamp: 2014-09-16 02:10:07 UTC
[    3.882691] tegra-xusb 70090000.usb: xHCI Host Controller
[    3.888111] tegra-xusb 70090000.usb: new USB bus registered, assigned bus number 1
[    3.897687] tegra-xusb 70090000.usb: hcc params 0x0184f525 hci version 0x100 quirks 0x00010010
[    3.906326] tegra-xusb 70090000.usb: irq 342, io mem 0x70090000
[    3.913058] hub 1-0:1.0: USB hub found
[    3.916875] hub 1-0:1.0: 6 ports detected
[    3.921568] tegra-xusb 70090000.usb: xHCI Host Controller
[    3.927013] tegra-xusb 70090000.usb: new USB bus registered, assigned bus number 2
[    3.934730] usb usb2: We don't know the algorithms for LPM for this host, disabling LPM.
[    3.943641] hub 2-0:1.0: USB hub found
[    3.947453] hub 2-0:1.0: 2 ports detected
[    3.952648] sdhci-tegra 700b0000.sdhci: allocated mmc-pwrseq
[    3.958363] mmc1: Unknown controller version (3). You may experience problems.
[    3.965902] mmc1: Invalid maximum block size, assuming 512 bytes
[    3.972379] +1.8V_VDDIO: voltage operation not allowed
[    3.977544] mmc1: Switching to 3.3V signalling voltage failed
[    4.014711] mmc1: SDHCI controller on 700b0000.sdhci [700b0000.sdhci] using ADMA 64-bit
[    4.022968] sdhci-tegra 700b0400.sdhci: Got CD GPIO
[    4.030009] sdhci-tegra 700b0400.sdhci: Got WP GPIO
[    4.038043] mmc2: Unknown controller version (3). You may experience problems.
[    4.045519] mmc2: Invalid maximum block size, assuming 512 bytes
[    4.084576] mmc1: new high speed SDIO card at address 0001
[    4.094687] mmc2: SDHCI controller on 700b0400.sdhci [700b0400.sdhci] using ADMA 64-bit
[    4.199777] [drm] Supports vblank timestamp caching Rev 2 (21.10.2013).
[    4.206402] [drm] No driver support for vblank timestamp query.
[    4.234600] usb 1-2: new high-speed USB device number 2 using tegra-xusb
[    4.246914] mmc2: new high speed SDHC card at address 0007
[    4.247695] mmcblk2: mmc2:0007 SD08G 7.42 GiB 
[    4.256491] GPT:Primary header alternate_lba != Alt. header my_lba
[    4.256494] GPT:3014591 != 15564799
[    4.256496] GPT:Primary header thinks Alt. header is not at the end of the disk.
[    4.256497] GPT:3014591 != 15564799
[    4.256498] GPT: Use GNU Parted to correct GPT errors.
[    4.256524]  mmcblk2: p1 p2 p3 p4 p5 p6 p7 p8 p9 p10 p11 p12
[    4.267425] Console: switching to colour frame buffer device 170x48
[    4.325655] drm drm: fb0:  frame buffer device
[    4.354619] [drm] Initialized tegra 0.0.0 20120330 on minor 0
[    4.361236] input: gpio-keys as /devices/soc0/gpio-keys/input/input4
[    4.368720] as3722-rtc as3722-rtc: setting system clock to 2000-01-01 00:00:23 UTC (946684823)
[    4.383074] +1.8V_RUN_CAM: disabling
[    4.386898] +1.2V_RUN_CAM_FRONT: disabling
[    4.391197] +1.05V_RUN_CAM_REAR: disabling
[    4.395504] +2.8V_RUN_TOUCH: disabling
[    4.399352] +2.8V_RUN_CAM_AF: disabling
[    4.403278] +1.8V_RUN_VPP_FUSE: disabling
[    4.407404] +5V_VDD_TS_SW: disabling
[    4.411159] ALSA device list:
[    4.414119]   #0: tegra-hda at 0x70038000 irq 341
[    4.418838]   #1: GoogleNyanBig
[    4.422747] EXT4-fs (mmcblk0p3): couldn't mount as ext3 due to feature incompatibilities
[    4.514830] uvcvideo: Found UVC 1.00 device HD WebCam (1bcf:2c67)
[    4.529799] input: HD WebCam as /devices/soc0/70090000.usb/usb1/1-2/1-2:1.0/input/input5
[    4.564935] EXT4-fs (mmcblk0p3): recovery complete
[    4.570486] EXT4-fs (mmcblk0p3): mounted filesystem with ordered data mode. Opts: (null)
[    4.578643] VFS: Mounted root (ext4 filesystem) on device 179:3.
[    4.585780] devtmpfs: mounted
[    4.589183] Freeing unused kernel memory: 1024K (c0b00000 - c0c00000)
bash: cannot set terminal process group (-1): Inappropriate ioctl for device
bash: no job control in this shell
root@(none):/# [    4.814656] usb 1-3: new high-speed USB device number 3 using tegra-xusb
[    5.797477] asix 1-3:1.0 eth0: register 'asix' at usb-70090000.usb-3, ASIX AX88772 USB 2.0 Ethernet, c8:d7:19:90:fa:65
[    6.094650] usb 1-1: new high-speed USB device number 4 using tegra-xusb
[    6.253241] usb-storage 1-1:1.0: USB Mass Storage device detected
[    6.260184] scsi host0: usb-storage 1-1:1.0
[    7.336475] scsi 0:0:0:0: Direct-Access     SanDisk  SDDR-113         9412 PQ: 0 ANSI: 0
[    7.508567] sd 0:0:0:0: [sda] 15523840 512-byte logical blocks: (7.95 GB/7.40 GiB)
[    7.516989] sd 0:0:0:0: [sda] Write Protect is off
[    7.521772] sd 0:0:0:0: [sda] Mode Sense: 03 00 00 00
[    7.527662] sd 0:0:0:0: [sda] No Caching mode page found
[    7.532960] sd 0:0:0:0: [sda] Assuming drive cache: write through
[    7.558975]  sda: sda1 sda2 sda3 sda4 sda5 sda6 sda7 sda8 sda9 sda10 sda11 sda12 sda13
[    7.571992] sd 0:0:0:0: [sda] Attached SCSI removable disk
mount -t sysfs none /sys
root@(none):/# 
root@(none):/# mount -t debugfs none /sys/kernel/debug
root@(none):/# 
root@(none):/# rtcwake -d rtc1 -m mem -s 3
rtcwake: assuming RTC uses UTC ...
rtcwake: wakeup from "mem" using /dev/rtc1 at Thu Jan  1 00:00:52 1970
[   31.824090] PM: Syncing filesystems ... done.
[   31.834264] Freezing user space processes ... (elapsed 0.001 seconds) done.
[   31.842452] Freezing remaining freezable tasks ... (elapsed 0.001 seconds) done.
[   31.851131] Suspending console(s) (use no_console_suspend to debug)
[   32.045964] PM: suspend of devices complete after 187.980 msecs
[   32.047586] PM: late suspend of devices complete after 1.613 msecs
[   32.048402] PM: noirq suspend of devices complete after 0.811 msecs
[   32.048404] Disabling non-boot CPUs ...
[   32.084917] CPU1: shutdown
[   32.174980] CPU2: shutdown
[   32.234940] CPU3: shutdown
[   32.265384] Entering suspend state LP1
[   32.265397] Enabling non-boot CPUs ...
[   32.315705] CPU1 is up
[   32.365864] CPU2 is up
[   32.416146] CPU3 is up
[   32.416786] PM: noirq resume of devices complete after 0.636 msecs
[   32.418256] PM: early resume of devices complete after 0.972 msecs
[   32.449242] +1.8V_VDDIO: voltage operation not allowed
[   32.449248] mmc1: Switching to 3.3V signalling voltage failed
[   32.584989] PM: resume of devices complete after 166.722 msecs
[   32.659806] Restarting tasks ... done.
root@(none):/# 
root@(none):/# rtcwake -d rtc1 -m mem -s 3
rtcwake: assuming RTC uses UTC ...
rtcwake: wakeup from "mem" using /dev/rtc1 at Thu Jan  1 00:00:57 1970
[   33.844399] PM: Syncing filesystems ... done.
[   33.853935] Freezing user space processes ... (elapsed 0.001 seconds) done.
[   33.862069] Freezing remaining freezable tasks ... (elapsed 0.001 seconds) done.
[   33.870789] Suspending console(s) (use no_console_suspend to debug)
[   34.056004] PM: suspend of devices complete after 178.355 msecs
[   34.057125] PM: late suspend of devices complete after 1.112 msecs
[   34.057988] PM: noirq suspend of devices complete after 0.858 msecs
[   34.057990] Disabling non-boot CPUs ...
[   34.084724] IRQ17 no longer affine to CPU1
[   34.084906] CPU1: shutdown
[   34.154890] CPU2: shutdown
[   34.214866] CPU3: shutdown
[   34.245354] Entering suspend state LP1
[   34.245380] Enabling non-boot CPUs ...
[   34.295685] CPU1 is up
[   34.345849] CPU2 is up
[   34.396087] CPU3 is up
[   34.396715] PM: noirq resume of devices complete after 0.623 msecs
[   34.398573] PM: early resume of devices complete after 1.346 msecs
[   34.429779] +1.8V_VDDIO: voltage operation not allowed
[   34.429783] mmc1: Switching to 3.3V signalling voltage failed
[   34.584885] usb 1-1: reset high-speed USB device number 4 using tegra-xusb
[   34.731132] PM: resume of devices complete after 332.549 msecs
[   34.816700] Restarting tasks ... done.
root@(none):/# 
root@(none):/# rtcwake -d rtc1 -m mem -s 3
rtcwake: assuming RTC uses UTC ...
rtcwake: wakeup from "mem" using /dev/rtc1 at Thu Jan  1 00:01:02 1970
[   35.824339] PM: Syncing filesystems ... done.
[   35.833764] Freezing user space processes ... (elapsed 0.001 seconds) done.
[   35.841977] Freezing remaining freezable tasks ... (elapsed 0.001 seconds) done.
[   35.850715] Suspending console(s) (use no_console_suspend to debug)
[   36.035979] PM: suspend of devices complete after 178.408 msecs
[   36.037606] PM: late suspend of devices complete after 1.618 msecs
[   36.038410] PM: noirq suspend of devices complete after 0.799 msecs
[   36.038412] Disabling non-boot CPUs ...
[   36.064878] CPU1: shutdown
[   36.134868] CPU2: shutdown
[   36.204838] CPU3: shutdown
[   36.235329] Entering suspend state LP1
[   36.235355] Enabling non-boot CPUs ...
[   36.285658] CPU1 is up
[   36.335825] CPU2 is up
[   36.386060] CPU3 is up
[   36.386660] PM: noirq resume of devices complete after 0.595 msecs
[   36.388448] PM: early resume of devices complete after 1.283 msecs
[   36.419751] +1.8V_VDDIO: voltage operation not allowed
[   36.419754] mmc1: Switching to 3.3V signalling voltage failed
[   36.574914] usb 1-1: reset high-speed USB device number 4 using tegra-xusb
[   36.721620] PM: resume of devices complete after 333.162 msecs
[   36.803080] Restarting tasks ... done.
root@(none):/# 
root@(none):/# rtcwake -d rtc1 -m mem -s 3
rtcwake: assuming RTC uses UTC ...
rtcwake: wakeup from "mem" using /dev/rtc1 at Thu Jan  1 00:01:07 1970
[   37.814034] PM: Syncing filesystems ... done.
[   37.823602] Freezing user space processes ... (elapsed 0.001 seconds) done.
[   37.831817] Freezing remaining freezable tasks ... (elapsed 0.001 seconds) done.
[   37.840489] Suspending console(s) (use no_console_suspend to debug)
[   38.025953] PM: suspend of devices complete after 178.614 msecs
[   38.027708] PM: late suspend of devices complete after 1.746 msecs
[   38.028545] PM: noirq suspend of devices complete after 0.832 msecs
[   38.028547] Disabling non-boot CPUs ...
[   38.054673] IRQ17 no longer affine to CPU1
[   38.054854] CPU1: shutdown
[   38.124843] CPU2: shutdown
[   38.184813] CPU3: shutdown
[   38.215312] Entering suspend state LP1
[   38.215339] Enabling non-boot CPUs ...
[   38.265632] CPU1 is up
[   38.315802] CPU2 is up
[   38.366040] CPU3 is up
[   38.366621] PM: noirq resume of devices complete after 0.576 msecs
[   38.368433] PM: early resume of devices complete after 1.316 msecs
[   38.399793] +1.8V_VDDIO: voltage operation not allowed
[   38.399797] mmc1: Switching to 3.3V signalling voltage failed
[   38.470639] PM: resume of devices complete after 102.194 msecs
[   38.549434] Restarting tasks ... done.
root@(none):/# 
root@(none):/# rtcwake -d rtc1 -m mem -s 3
rtcwake: assuming RTC uses UTC ...
rtcwake: wakeup from "mem" using /dev/rtc1 at Thu Jan  1 00:01:12 1970
[   39.794282] PM: Syncing filesystems ... done.
[   39.803646] Freezing user space processes ... (elapsed 0.001 seconds) done.
[   39.811841] Freezing remaining freezable tasks ... (elapsed 0.001 seconds) done.
[   39.820563] Suspending console(s) (use no_console_suspend to debug)
[   40.004865] PM: suspend of devices complete after 177.443 msecs
[   40.005760] PM: late suspend of devices complete after 0.890 msecs
[   40.006573] PM: noirq suspend of devices complete after 0.810 msecs
[   40.006575] Disabling non-boot CPUs ...
[   40.034827] CPU1: shutdown
[   40.104814] CPU2: shutdown
[   40.164780] CPU3: shutdown
[   40.195277] Entering suspend state LP1
[   40.195303] Enabling non-boot CPUs ...
[   40.245605] CPU1 is up
[   40.295780] CPU2 is up
[   40.346010] CPU3 is up
[   40.346550] PM: noirq resume of devices complete after 0.535 msecs
[   40.348376] PM: early resume of devices complete after 1.327 msecs
[   40.380321] +1.8V_VDDIO: voltage operation not allowed
[   40.380324] mmc1: Switching to 3.3V signalling voltage failed
[   40.447102] PM: resume of devices complete after 98.715 msecs
[   40.521750] Restarting tasks ... done.
root@(none):/# 
root@(none):/# rtcwake -d rtc1 -m mem -s 3
rtcwake: assuming RTC uses UTC ...
rtcwake: wakeup from "mem" using /dev/rtc1 at Thu Jan  1 00:01:17 1970
[   41.774262] PM: Syncing filesystems ... done.
[   41.783686] Freezing user space processes ... (elapsed 0.001 seconds) done.
[   41.791901] Freezing remaining freezable tasks ... (elapsed 0.001 seconds) done.
[   41.800631] Suspending console(s) (use no_console_suspend to debug)
[   41.985848] PM: suspend of devices complete after 178.360 msecs
[   41.986748] PM: late suspend of devices complete after 0.895 msecs
[   41.987569] PM: noirq suspend of devices complete after 0.818 msecs
[   41.987571] Disabling non-boot CPUs ...
[   42.014809] CPU1: shutdown
[   42.084789] CPU2: shutdown
[   42.144757] CPU3: shutdown
[   42.175252] Entering suspend state LP1
[   42.175279] Enabling non-boot CPUs ...
[   42.225584] CPU1 is up
[   42.275759] CPU2 is up
[   42.325984] CPU3 is up
[   42.326523] PM: noirq resume of devices complete after 0.535 msecs
[   42.328066] PM: early resume of devices complete after 1.038 msecs
[   42.359577] +1.8V_VDDIO: voltage operation not allowed
[   42.359583] mmc1: Switching to 3.3V signalling voltage failed
[   42.427418] PM: resume of devices complete after 99.343 msecs
[   42.502042] Restarting tasks ... done.
root@(none):/# 
root@(none):/# rtcwake -d rtc1 -m mem -s 3
rtcwake: assuming RTC uses UTC ...
rtcwake: wakeup from "mem" using /dev/rtc1 at Thu Jan  1 00:01:22 1970
[   43.764293] PM: Syncing filesystems ... done.
[   43.773683] Freezing user space processes ... (elapsed 0.001 seconds) done.
[   43.781907] Freezing remaining freezable tasks ... (elapsed 0.001 seconds) done.
[   43.790635] Suspending console(s) (use no_console_suspend to debug)
[   43.985822] PM: suspend of devices complete after 188.330 msecs
[   43.986719] PM: late suspend of devices complete after 0.892 msecs
[   43.987533] PM: noirq suspend of devices complete after 0.811 msecs
[   43.987535] Disabling non-boot CPUs ...
[   44.024780] CPU1: shutdown
[   44.084763] CPU2: shutdown
[   44.144734] CPU3: shutdown
[   44.175230] Entering suspend state LP1
[   44.175256] Enabling non-boot CPUs ...
[   44.225564] CPU1 is up
[   44.275734] CPU2 is up
[   44.325962] CPU3 is up
[   44.326505] PM: noirq resume of devices complete after 0.538 msecs
[   44.328405] PM: early resume of devices complete after 1.401 msecs
[   44.359727] +1.8V_VDDIO: voltage operation not allowed
[   44.359733] mmc1: Switching to 3.3V signalling voltage failed
[   44.427339] PM: resume of devices complete after 98.923 msecs
[   44.501978] Restarting tasks ... done.
root@(none):/# 
root@(none):/# [   44.901460] random: nonblocking pool is initialized
rtcwake -d rtc1 -m mem -s 3
rtcwake: assuming RTC uses UTC ...
rtcwake: wakeup from "mem" using /dev/rtc1 at Thu Jan  1 00:01:27 1970
[   45.774256] PM: Syncing filesystems ... done.
[   45.783654] Freezing user space processes ... (elapsed 0.001 seconds) done.
[   45.791871] Freezing remaining freezable tasks ... (elapsed 0.001 seconds) done.
[   45.800600] Suspending console(s) (use no_console_suspend to debug)
[   45.985796] PM: suspend of devices complete after 178.338 msecs
[   45.986694] PM: late suspend of devices complete after 0.894 msecs
[   45.987512] PM: noirq suspend of devices complete after 0.814 msecs
[   45.987513] Disabling non-boot CPUs ...
[   46.014760] CPU1: shutdown
[   46.084739] CPU2: shutdown
[   46.144711] CPU3: shutdown
[   46.175204] Entering suspend state LP1
[   46.175230] Enabling non-boot CPUs ...
[   46.225538] CPU1 is up
[   46.275708] CPU2 is up
[   46.325937] CPU3 is up
[   46.326482] PM: noirq resume of devices complete after 0.540 msecs
[   46.328587] PM: early resume of devices complete after 1.607 msecs
[   46.359832] +1.8V_VDDIO: voltage operation not allowed
[   46.359834] mmc1: Switching to 3.3V signalling voltage failed
[   46.427164] PM: resume of devices complete after 98.568 msecs
[   46.501798] Restarting tasks ... done.
root@(none):/# 
root@(none):/# rtcwake -d rtc1 -m mem -s 3
rtcwake: assuming RTC uses UTC ...
rtcwake: wakeup from "mem" using /dev/rtc1 at Thu Jan  1 00:01:32 1970
[   47.774231] PM: Syncing filesystems ... done.
[   47.783774] Freezing user space processes ... (elapsed 0.001 seconds) done.
[   47.791997] Freezing remaining freezable tasks ... (elapsed 0.001 seconds) done.
[   47.800722] Suspending console(s) (use no_console_suspend to debug)
[   47.985773] PM: suspend of devices complete after 178.193 msecs
[   47.986672] PM: late suspend of devices complete after 0.895 msecs
[   47.987488] PM: noirq suspend of devices complete after 0.812 msecs
[   47.987489] Disabling non-boot CPUs ...
[   48.024730] CPU1: shutdown
[   48.084716] CPU2: shutdown
[   48.144682] CPU3: shutdown
[   48.175180] Entering suspend state LP1
[   48.175206] Enabling non-boot CPUs ...
[   48.225517] CPU1 is up
[   48.275672] CPU2 is up
[   48.325915] CPU3 is up
[   48.326449] PM: noirq resume of devices complete after 0.529 msecs
[   48.328428] PM: early resume of devices complete after 1.468 msecs
[   48.360008] +1.8V_VDDIO: voltage operation not allowed
[   48.360011] mmc1: Switching to 3.3V signalling voltage failed
[   48.429172] PM: resume of devices complete after 100.734 msecs
[   48.503886] Restarting tasks ... done.
root@(none):/# 
root@(none):/# rtcwake -d rtc1 -m mem -s 3
rtcwake: assuming RTC uses UTC ...
rtcwake: wakeup from "mem" using /dev/rtc1 at Thu Jan  1 00:01:37 1970
[   49.774196] PM: Syncing filesystems ... done.
[   49.783747] Freezing user space processes ... (elapsed 0.001 seconds) done.
[   49.791973] Freezing remaining freezable tasks ... (elapsed 0.001 seconds) done.
[   49.800696] Suspending console(s) (use no_console_suspend to debug)
[   49.985800] PM: suspend of devices complete after 178.244 msecs
[   49.986903] PM: late suspend of devices complete after 1.095 msecs
[   49.987764] PM: noirq suspend of devices complete after 0.855 msecs
[   49.987766] Disabling non-boot CPUs ...
[   50.024527] IRQ17 no longer affine to CPU1
[   50.024710] CPU1: shutdown
[   50.084690] CPU2: shutdown
[   50.144660] CPU3: shutdown
[   50.175153] Entering suspend state LP1
[   50.175180] Enabling non-boot CPUs ...
[   50.225484] CPU1 is up
[   50.275662] CPU2 is up
[   50.325886] CPU3 is up
[   50.326422] PM: noirq resume of devices complete after 0.531 msecs
[   50.328338] PM: early resume of devices complete after 1.411 msecs
[   50.359359] +1.8V_VDDIO: voltage operation not allowed
[   50.359364] mmc1: Switching to 3.3V signalling voltage failed
[   50.514739] usb 1-1: reset high-speed USB device number 4 using tegra-xusb
[   50.661488] PM: resume of devices complete after 333.140 msecs
[   50.747045] Restarting tasks ... done.
root@(none):/# 
root@(none):/# NVTB SYSTEM SUSPEND TEST COMPLETE
