

U-Boot 2015.04-00466-gedec83e90172 (Mar 14 2016 - 10:42:01)

TEGRA124
Model: Acer Chromebook 13 CB5-311
DRAM:  4 GiB
:   Tegra SD/MMC: 0, Tegra SD/MMC: 1, Tegra SD/MMC: 2
MMC init failed
Using default environment

In:    serial
Out:   serial
Err:   serial
Net:   Net Initialization Skipped
No ethernet found.
Hit any key to stop autoboot:  2  0 
Tegra124 (Nyan-big) # 
Tegra124 (Nyan-big) # usb start
starting USB...
USB0:   USB EHCI 1.10
scanning bus 0 for devices... 2 USB Device(s) found
USB1:   USB EHCI 1.10
scanning bus 1 for devices... 2 USB Device(s) found
       scanning usb for storage devices... 1 Storage Device(s) found
       scanning usb for ethernet devices... 
Warning: asx0 using MAC address from net device
1 Ethernet Device(s) found
Tegra124 (Nyan-big) # setenv bootargs 'ignore_loglevel console=ttyS0,115200n8 rw root=PARTUUID=4d36e82a-b3c0-4b4b-bfcd-afe5217ac023 rootwait gpt debug noinitrd earlyprintk init=/bin/bash'
Tegra124 (Nyan-big) # setenv ipaddr 192.168.100.102; setenv serverip 192.168.100.1; setenv tftpserverip 192.168.100.1
Tegra124 (Nyan-big) # tftpboot 0x82000000 zImage.multi_v7_defconfig
Using asx0 device
TFTP from server 192.168.100.1; our IP address is 192.168.100.102
Filename 'zImage.multi_v7_defconfig'.
Load address: 0x82000000
Loading: *#################################################################
	 #################################################################
	 #################################################################
	 #################################################################
	 #################################################################
	 #################################################################
	 #################################################################
	 ############################
	 3.2 MiB/s
done
Bytes transferred = 7089992 (6c2f48 hex)
Tegra124 (Nyan-big) # tftpboot 0x83000000 tegra124-nyan-big.dtb
Using asx0 device
TFTP from server 192.168.100.1; our IP address is 192.168.100.102
Filename 'tegra124-nyan-big.dtb'.
Load address: 0x83000000
Loading: *#####
	 3.2 MiB/s
done
Bytes transferred = 66821 (10505 hex)
Tegra124 (Nyan-big) # bootz 0x82000000 - 0x83000000
Kernel image @ 0x82000000 [ 0x000000 - 0x6c2f48 ]
## Flattened Device Tree blob at 83000000
   Booting using the fdt blob at 0x83000000
   Using Device Tree in place at 83000000, end 83013504

Starting kernel ...

[    0.000000] Booting Linux on physical CPU 0x0
[    0.000000] Linux version 4.8.0-rc1-109502-g29b4817 (pwalmsley@sellafield) (gcc version 4.7.3 20130328 (prerelease) (crosstool-NG linaro-1.13.1-4.7-2013.04-20130415 - Linaro GCC 2013.04) ) #1 SMP Sun Aug 7 18:36:40 PDT 2016
[    0.000000] CPU: ARMv7 Processor [413fc0f3] revision 3 (ARMv7), cr=10c5387d
[    0.000000] CPU: div instructions available: patching division code
[    0.000000] CPU: PIPT / VIPT nonaliasing data cache, PIPT instruction cache
[    0.000000] OF: fdt:Machine model: Acer Chromebook 13 CB5-311
[    0.000000] OF: fdt:Ignoring memory range 0x100000000 - 0x17ffff000
[    0.000000] debug: ignoring loglevel setting.
[    0.000000] cma: Reserved 64 MiB at 0xfb800000
[    0.000000] Memory policy: Data cache writealloc
[    0.000000] On node 0 totalpages: 524287
[    0.000000] free_area_init_node: node 0, pgdat c141cf40, node_mem_map eeff8000
[    0.000000]   DMA zone: 1536 pages used for memmap
[    0.000000]   DMA zone: 0 pages reserved
[    0.000000]   DMA zone: 196608 pages, LIFO batch:31
[    0.000000]   HighMem zone: 327679 pages, LIFO batch:31
[    0.000000] percpu: Embedded 14 pages/cpu @eef85000 s26496 r8192 d22656 u57344
[    0.000000] pcpu-alloc: s26496 r8192 d22656 u57344 alloc=14*4096
[    0.000000] pcpu-alloc: [0] 0 [0] 1 [0] 2 [0] 3 
[    0.000000] Built 1 zonelists in Zone order, mobility grouping on.  Total pages: 522751
[    0.000000] Kernel command line: ignore_loglevel console=ttyS0,115200n8 rw root=PARTUUID=4d36e82a-b3c0-4b4b-bfcd-afe5217ac023 rootwait gpt debug noinitrd earlyprintk init=/bin/bash
[    0.000000] PID hash table entries: 4096 (order: 2, 16384 bytes)
[    0.000000] Dentry cache hash table entries: 131072 (order: 7, 524288 bytes)
[    0.000000] Inode-cache hash table entries: 65536 (order: 6, 262144 bytes)
[    0.000000] Memory: 1995996K/2097148K available (9216K kernel code, 1147K rwdata, 3960K rodata, 2048K init, 343K bss, 35616K reserved, 65536K cma-reserved, 1245180K highmem)
[    0.000000] Virtual kernel memory layout:
[    0.000000]     vector  : 0xffff0000 - 0xffff1000   (   4 kB)
[    0.000000]     fixmap  : 0xffc00000 - 0xfff00000   (3072 kB)
[    0.000000]     vmalloc : 0xf0800000 - 0xff800000   ( 240 MB)
[    0.000000]     lowmem  : 0xc0000000 - 0xf0000000   ( 768 MB)
[    0.000000]     pkmap   : 0xbfe00000 - 0xc0000000   (   2 MB)
[    0.000000]     modules : 0xbf000000 - 0xbfe00000   (  14 MB)
[    0.000000]       .text : 0xc0208000 - 0xc0c00000   (10208 kB)
[    0.000000]       .init : 0xc1100000 - 0xc1300000   (2048 kB)
[    0.000000]       .data : 0xc1300000 - 0xc141edc0   (1148 kB)
[    0.000000]        .bss : 0xc1420000 - 0xc1475c88   ( 344 kB)
[    0.000000] SLUB: HWalign=64, Order=0-3, MinObjects=0, CPUs=4, Nodes=1
[    0.000000] Hierarchical RCU implementation.
[    0.000000] 	Build-time adjustment of leaf fanout to 32.
[    0.000000] 	RCU restricting CPUs from NR_CPUS=16 to nr_cpu_ids=4.
[    0.000000] RCU: Adjusting geometry for rcu_fanout_leaf=32, nr_cpu_ids=4
[    0.000000] NR_IRQS:16 nr_irqs:16 16
[    0.000000] /interrupt-controller@60004000: 160 interrupts forwarded to /interrupt-controller@50041000
[    0.000000] Tegra clk 127: register failed with -17
[    0.000003] sched_clock: 32 bits at 1000kHz, resolution 1000ns, wraps every 2147483647500ns
[    0.000012] clocksource: timer_us: mask: 0xffffffff max_cycles: 0xffffffff, max_idle_ns: 1911260446275 ns
[    0.000018] Switching to timer-based delay loop, resolution 1000ns
[    0.001831] Architected cp15 timer(s) running at 12.00MHz (virt).
[    0.001838] clocksource: arch_sys_counter: mask: 0xffffffffffffff max_cycles: 0x2c47f4ee7, max_idle_ns: 440795202497 ns
[    0.001844] sched_clock: 56 bits at 12MHz, resolution 83ns, wraps every 4398046511096ns
[    0.001848] Switching to timer-based delay loop, resolution 83ns
[    0.002050] Console: colour dummy device 80x30
[    0.002063] Calibrating delay loop (skipped), value calculated using timer frequency.. 24.00 BogoMIPS (lpj=60000)
[    0.002068] pid_max: default: 32768 minimum: 301
[    0.002107] Mount-cache hash table entries: 2048 (order: 1, 8192 bytes)
[    0.002111] Mountpoint-cache hash table entries: 2048 (order: 1, 8192 bytes)
[    0.002358] CPU: Testing write buffer coherency: ok
[    0.002470] /cpus/cpu@0 missing clock-frequency property
[    0.002484] /cpus/cpu@1 missing clock-frequency property
[    0.002498] /cpus/cpu@2 missing clock-frequency property
[    0.002512] /cpus/cpu@3 missing clock-frequency property
[    0.002517] CPU0: thread -1, cpu 0, socket 0, mpidr 80000000
[    0.002526] Setting up static identity map for 0x80300000 - 0x80300098
[    0.003822] Tegra Revision: A01 SKU: 131 CPU Process: 1 SoC Process: 1
[    0.004427] CPU1: thread -1, cpu 1, socket 0, mpidr 80000001
[    0.007007] CPU2: thread -1, cpu 2, socket 0, mpidr 80000002
[    0.012002] CPU3: thread -1, cpu 3, socket 0, mpidr 80000003
[    0.016727] Brought up 4 CPUs
[    0.016735] SMP: Total of 4 processors activated (96.00 BogoMIPS).
[    0.016738] CPU: All CPU(s) started in SVC mode.
[    0.017281] devtmpfs: initialized
[    0.024356] VFP support v0.3: implementor 41 architecture 4 part 30 variant f rev 0
[    0.024551] clocksource: jiffies: mask: 0xffffffff max_cycles: 0xffffffff, max_idle_ns: 9556302231375000 ns
[    0.025077] pinctrl core: initialized pinctrl subsystem
[    0.025775] NET: Registered protocol family 16
[    0.026446] DMA: preallocated 256 KiB pool for atomic coherent allocations
[    0.041763] cpuidle: using governor menu
[    0.048151] No ATAGs?hw-breakpoint: found 5 (+1 reserved) breakpoint and 4 watchpoint registers.
[    0.048165] hw-breakpoint: maximum watchpoint size is 8 bytes.
[    0.050286] Serial: AMBA PL011 UART driver
[    0.051249] tegra-mc 70019000.memory-controller: no memory timings for RAM code 0 registered
[    0.068559] +5V_SYS: supplied by +VDD_MUX
[    0.068666] +3.3V_SYS: supplied by +VDD_MUX
[    0.068901] +VDD_LED: Failed to request enable GPIO122: -517
[    0.068907] reg-fixed-voltage regulators:regulator@5: Failed to register regulator: -517
[    0.068937] +5V_VDD_TS_SW: Failed to request enable GPIO81: -517
[    0.068942] reg-fixed-voltage regulators:regulator@6: Failed to register regulator: -517
[    0.068970] +5V_USB_HS: Failed to request enable GPIO108: -517
[    0.068974] reg-fixed-voltage regulators:regulator@7: Failed to register regulator: -517
[    0.069002] +5V_USB_SS: Failed to request enable GPIO109: -517
[    0.069007] reg-fixed-voltage regulators:regulator@8: Failed to register regulator: -517
[    0.069085] +1.05V_RUN_AVDD_HDMI_PLL: Failed to request enable GPIO63: -517
[    0.069089] reg-fixed-voltage regulators:regulator@11: Failed to register regulator: -517
[    0.069117] +5V_HDMI_CON: Failed to request enable GPIO86: -517
[    0.069121] reg-fixed-voltage regulators:regulator@12: Failed to register regulator: -517
[    0.070233] vgaarb: loaded
[    0.070538] SCSI subsystem initialized
[    0.070605] libata version 3.00 loaded.
[    0.070710] usbcore: registered new interface driver usbfs
[    0.070738] usbcore: registered new interface driver hub
[    0.070765] usbcore: registered new device driver usb
[    0.072127] pps_core: LinuxPPS API ver. 1 registered
[    0.072130] pps_core: Software ver. 5.3.6 - Copyright 2005-2007 Rodolfo Giometti <giometti@linux.it>
[    0.072138] PTP clock support registered
[    0.072208] EDAC MC: Ver: 3.0.0
[    0.072647] tegra-emc 7001b000.emc: no memory timings for RAM code 0 found in DT
[    0.072656] tegra-emc: probe of 7001b000.emc failed with error -2
[    0.073142] clocksource: Switched to clocksource arch_sys_counter
[    0.076850] NET: Registered protocol family 2
[    0.077043] TCP established hash table entries: 8192 (order: 3, 32768 bytes)
[    0.077076] TCP bind hash table entries: 8192 (order: 4, 65536 bytes)
[    0.077138] TCP: Hash tables configured (established 8192 bind 8192)
[    0.077159] UDP hash table entries: 512 (order: 2, 16384 bytes)
[    0.077173] UDP-Lite hash table entries: 512 (order: 2, 16384 bytes)
[    0.077234] NET: Registered protocol family 1
[    0.077376] RPC: Registered named UNIX socket transport module.
[    0.077380] RPC: Registered udp transport module.
[    0.077383] RPC: Registered tcp transport module.
[    0.077386] RPC: Registered tcp NFSv4.1 backchannel transport module.
[    0.077390] PCI: CLS 0 bytes, default 64
[    0.077825] hw perfevents: enabled with armv7_cortex_a15 PMU driver, 7 counters available
[    0.078386] futex hash table entries: 1024 (order: 4, 65536 bytes)
[    0.078666] workingset: timestamp_bits=30 max_order=19 bucket_order=0
[    0.082524] squashfs: version 4.0 (2009/01/31) Phillip Lougher
[    0.082831] NFS: Registering the id_resolver key type
[    0.082842] Key type id_resolver registered
[    0.082845] Key type id_legacy registered
[    0.082862] ntfs: driver 2.1.32 [Flags: R/O].
[    0.083337] bounce: pool size: 64 pages
[    0.083412] Block layer SCSI generic (bsg) driver version 0.4 loaded (major 248)
[    0.083416] io scheduler noop registered
[    0.083419] io scheduler deadline registered
[    0.083491] io scheduler cfq registered (default)
[    0.085361] tegra-xusb-padctl 7009f000.padctl: failed to setup XUSB ports: -517
[    0.085540] libphy: mdio_driver_register: phy-bcm-ns2-pci
[    0.094185] tegra-apbdma 60020000.dma: Tegra20 APB DMA driver register 32 channels
[    0.094792] tegra-pmc 7000e400.pmc: i2c-thermtrip node not found, emergency thermal reset disabled.
[    0.116470] Serial: 8250/16550 driver, 4 ports, IRQ sharing disabled
[    0.117621] console [ttyS0] disabled
[    0.117649] 70006000.serial: ttyS0 at MMIO 0x70006000 (irq = 331, base_baud = 25500000) is a Tegra
[    0.975774] console [ttyS0] enabled
[    0.979571] SuperH (H)SCI(F) driver initialized
[    0.984442] msm_serial: driver initialized
[    0.988600] STMicroelectronics ASC driver initialized
[    0.995044] [drm] Initialized drm 1.1.0 20060810
[    1.000789] tegra-hdmi 54280000.hdmi: failed to get HDMI regulator
[    1.007328] tegra-dpaux 545c0000.dpaux: failed to get VDD supply: -517
[    1.014573] panel supply power not found, using dummy regulator
[    1.024362] brd: module loaded
[    1.029548] loop: module loaded
[    1.033602] as3722 4-0040: AS3722 with revision 0x1 found
[    1.043334] as3722-sd2: supplied by +5V_SYS
[    1.047743] as3722-sd3: supplied by +5V_SYS
[    1.052098] +1.35V_LP0(sd3): Bringing 0uV into 1350000-1350000uV
[    1.058284] as3722-sd4: supplied by +5V_SYS
[    1.062619] +1.05V_RUN: Bringing 0uV into 1050000-1050000uV
[    1.068368] as3722-sd5: supplied by +5V_SYS
[    1.073952] as3722-ldo0: supplied by +1.35V_LP0(sd2)
[    1.079696] +1.8V_RUN_CAM: Bringing 0uV into 1800000-1800000uV
[    1.085717] as3722-ldo2: supplied by +1.8V_VDDIO
[    1.091338] as3722-ldo3: supplied by +3.3V_SYS
[    1.095796] +1.00V_LP0_VDD_RTC: Bringing 1100000uV into 1000000-1000000uV
[    1.103376] as3722-ldo4: supplied by +3.3V_SYS
[    1.107965] +3.3V_RUN_CAM: Bringing 0uV into 2800000-2800000uV
[    1.113989] as3722-ldo5: supplied by +1.8V_VDDIO
[    1.118760] +1.2V_RUN_CAM_FRONT: Bringing 0uV into 1200000-1200000uV
[    1.125454] +VDDIO_SDMMC3: Bringing 0uV into 1800000-1800000uV
[    1.131500] as3722-ldo7: supplied by +1.8V_VDDIO
[    1.136271] +1.05V_RUN_CAM_REAR: Bringing 0uV into 1050000-1050000uV
[    1.142827] as3722-ldo9: supplied by +5V_SYS
[    1.147392] +2.8V_RUN_TOUCH: Bringing 0uV into 2800000-2800000uV
[    1.153602] as3722-ldo10: supplied by +5V_SYS
[    1.158108] +2.8V_RUN_CAM_AF: Bringing 0uV into 2800000-2800000uV
[    1.164554] +1.8V_RUN_VPP_FUSE: Bringing 0uV into 1800000-1800000uV
[    1.177318] random: fast init done
[    1.182837] m25p80 spi32765.0: w25q32dw (4096 Kbytes)
[    1.189121] libphy: Fixed MDIO Bus: probed
[    1.193505] CAN device driver interface
[    1.198087] igb: Intel(R) Gigabit Ethernet Network Driver - version 5.3.0-k
[    1.205037] igb: Copyright (c) 2007-2014 Intel Corporation.
[    1.211764] pegasus: v0.9.3 (2013/04/25), Pegasus/Pegasus II USB Ethernet driver
[    1.219172] usbcore: registered new interface driver pegasus
[    1.224841] usbcore: registered new interface driver asix
[    1.230249] usbcore: registered new interface driver ax88179_178a
[    1.236346] usbcore: registered new interface driver cdc_ether
[    1.242189] usbcore: registered new interface driver smsc75xx
[    1.247946] usbcore: registered new interface driver smsc95xx
[    1.253696] usbcore: registered new interface driver net1080
[    1.259359] usbcore: registered new interface driver cdc_subset
[    1.265281] usbcore: registered new interface driver zaurus
[    1.270869] usbcore: registered new interface driver cdc_ncm
[    1.277174] ehci_hcd: USB 2.0 'Enhanced' Host Controller (EHCI) Driver
[    1.283691] ehci-pci: EHCI PCI platform driver
[    1.288141] ehci-platform: EHCI generic platform driver
[    1.293428] ehci-orion: EHCI orion driver
[    1.297474] SPEAr-ehci: EHCI SPEAr driver
[    1.301527] ehci-st: EHCI STMicroelectronics driver
[    1.306445] ehci-exynos: EHCI EXYNOS driver
[    1.310676] ehci-atmel: EHCI Atmel driver
[    1.314728] tegra-ehci: Tegra EHCI driver
[    1.318797] ohci_hcd: USB 1.1 'Open' Host Controller (OHCI) Driver
[    1.324971] ohci-pci: OHCI PCI platform driver
[    1.329421] ohci-platform: OHCI generic platform driver
[    1.334697] ohci-omap3: OHCI OMAP3 driver
[    1.338753] SPEAr-ohci: OHCI SPEAr driver
[    1.342801] ohci-st: OHCI STMicroelectronics driver
[    1.347720] ohci-atmel: OHCI Atmel driver
[    1.351987] usbcore: registered new interface driver usb-storage
[    1.358567] mousedev: PS/2 mouse device common for all mice
[    1.364793] 1-0015 supply vcc not found, using dummy regulator
[    1.371994] as3722-rtc as3722-rtc: rtc core: registered as3722-rtc as rtc0
[    1.378859] as3722-rtc as3722-rtc: RTC interrupt 370
[    1.385759] tegra_rtc 7000e000.rtc: rtc core: registered 7000e000.rtc as rtc1
[    1.392904] tegra_rtc 7000e000.rtc: Tegra internal Real Time Clock
[    1.399269] i2c /dev entries driver
[    1.405217] 0-004c supply vcc not found, using dummy regulator
[    1.415147] sdhci: Secure Digital Host Controller Interface driver
[    1.421324] sdhci: Copyright(c) Pierre Ossman
[    1.426229] Synopsys Designware Multimedia Card Interface Driver
[    1.432618] sdhci-pltfm: SDHCI platform and OF driver helper
[    1.438551] sdhci-tegra 700b0000.sdhci: allocated mmc-pwrseq
[    1.444316] sdhci-tegra 700b0400.sdhci: Got CD GPIO
[    1.449192] sdhci-tegra 700b0400.sdhci: Got WP GPIO
[    1.454179] mmc0: Unknown controller version (3). You may experience problems.
[    1.461417] mmc0: Invalid maximum block size, assuming 512 bytes
[    1.508152] mmc0: SDHCI controller on 700b0600.sdhci [700b0600.sdhci] using ADMA 64-bit
[    1.516864] ledtrig-cpu: registered to indicate activity on CPUs
[    1.523011] usbcore: registered new interface driver usbhid
[    1.528639] usbhid: USB HID core driver
[    1.534856] NET: Registered protocol family 10
[    1.539662] sit: IPv6, IPv4 and MPLS over IPv4 tunneling driver
[    1.545924] NET: Registered protocol family 17
[    1.550375] can: controller area network core (rev 20120528 abi 9)
[    1.556581] NET: Registered protocol family 29
[    1.561023] can: raw protocol (rev 20120528)
[    1.565291] can: broadcast manager protocol (rev 20160617 t)
[    1.570948] can: netlink gateway (rev 20130117) max_hops=1
[    1.576590] Key type dns_resolver registered
[    1.581125] ThumbEE CPU extension supported.
[    1.585399] Registering SWP/SWPB emulation handler
[    1.592137] +3.3V_RUN: supplied by +3.3V_SYS
[    1.597160] +3.3V_AVDD_HDMI_AP_GATED: supplied by +3.3V_RUN
[    1.598308] input: Elan Touchpad as /devices/soc0/7000c400.i2c/i2c-1/1-0015/input/input0
[    1.610960] +1.8V_RUN_CAM: supplied by +3.3V_RUN
[    1.615676] +VDDIO_SDMMC3: supplied by +3.3V_RUN
[    1.620419] +1.8V_RUN_VPP_FUSE: supplied by +3.3V_RUN
[    1.625761] +VDD_LED: supplied by +VDD_MUX
[    1.630204] +5V_VDD_TS_SW: supplied by +5V_SYS
[    1.635002] +5V_USB_HS: supplied by +5V_SYS
[    1.639574] +5V_USB_SS: supplied by +5V_SYS
[    1.644503] mmc0: new high speed MMC card at address 0001
[    1.650197] +3.3V_PANEL: supplied by +3.3V_RUN
[    1.650734] mmcblk0: mmc0:0001 MMC16G 14.4 GiB 
[    1.651382] mmcblk0boot0: mmc0:0001 MMC16G partition 1 2.00 MiB
[    1.651958] mmcblk0boot1: mmc0:0001 MMC16G partition 2 2.00 MiB
[    1.652454] mmcblk0rpmb: mmc0:0001 MMC16G partition 3 128 KiB
[    1.656854]  mmcblk0: p1 p2 p3 p4 p5 p6 p7 p8 p9 p10 p11 p12
[    1.683358] +3.3V_LP0: supplied by +3.3V_SYS
[    1.688244] +1.05V_RUN_AVDD_HDMI_PLL: supplied by +1.05V_RUN
[    1.688564] elan_i2c 1-0015: failed to read report data: -121
[    1.700003] +5V_HDMI_CON: supplied by +5V_SYS
[    1.705233] usb3-0 supply vbus not found, using dummy regulator
[    1.711259] usb3-1 supply vbus not found, using dummy regulator
[    1.720889] tegra-sor 54540000.sor: failed to probe output: -517
[    1.727648] panel supply power not found, using dummy regulator
[    1.734262] sdhci-tegra 700b0000.sdhci: allocated mmc-pwrseq
[    1.740025] mmc1: Unknown controller version (3). You may experience problems.
[    1.747370] mmc1: Invalid maximum block size, assuming 512 bytes
[    1.753751] mmc1: Switching to 3.3V signalling voltage failed
[    1.798243] mmc1: SDHCI controller on 700b0000.sdhci [700b0000.sdhci] using ADMA 64-bit
[    1.807017] sdhci-tegra 700b0400.sdhci: Got CD GPIO
[    1.811940] sdhci-tegra 700b0400.sdhci: Got WP GPIO
[    1.816970] mmc2: Unknown controller version (3). You may experience problems.
[    1.824294] mmc2: Invalid maximum block size, assuming 512 bytes
[    1.828785] elan_i2c 1-0015: invalid report id data (ff)
[    1.874494] mmc1: new high speed SDIO card at address 0001
[    1.880295] mmc2: SDHCI controller on 700b0400.sdhci [700b0400.sdhci] using ADMA 64-bit
[    1.986752] [drm] Supports vblank timestamp caching Rev 2 (21.10.2013).
[    1.993375] [drm] No driver support for vblank timestamp query.
[    2.035393] mmc2: new high speed SDHC card at address 0007
[    2.035957] mmcblk2: mmc2:0007 SD08G 7.42 GiB 
[    2.044445] GPT:Primary header alternate_lba != Alt. header my_lba
[    2.044449] GPT:3014591 != 15564799
[    2.044450] GPT:Primary header thinks Alt. header is not at the end of the disk.
[    2.044451] GPT:3014591 != 15564799
[    2.044452] GPT: Use GNU Parted to correct GPT errors.
[    2.044478]  mmcblk2: p1 p2 p3 p4 p5 p6 p7 p8 p9 p10 p11 p12
[    2.054835] Console: switching to colour frame buffer device 170x48
[    2.106224] drm drm: fb0:  frame buffer device
[    2.128221] [drm] Initialized tegra 0.0.0 20120330 on minor 0
[    2.134986] input: gpio-keys as /devices/soc0/gpio-keys/input/input1
[    2.142171] as3722-rtc as3722-rtc: setting system clock to 2000-01-01 00:00:22 UTC (946684822)
[    2.154812] +1.8V_RUN_CAM: disabling
[    2.158563] +3.3V_RUN_CAM: disabling
[    2.162336] +1.2V_RUN_CAM_FRONT: disabling
[    2.166669] +1.05V_RUN_CAM_REAR: disabling
[    2.170992] +2.8V_RUN_TOUCH: disabling
[    2.174947] +2.8V_RUN_CAM_AF: disabling
[    2.178959] +1.8V_RUN_VPP_FUSE: disabling
[    2.183119] +5V_VDD_TS_SW: disabling
[    2.186715] +5V_USB_HS: disabling
[    2.190030] +5V_USB_SS: disabling
[    2.194359] EXT4-fs (mmcblk0p3): couldn't mount as ext3 due to feature incompatibilities
[    2.203014] EXT4-fs (mmcblk0p3): couldn't mount as ext2 due to feature incompatibilities
[    2.690268] EXT4-fs (mmcblk0p3): recovery complete
[    2.695826] EXT4-fs (mmcblk0p3): mounted filesystem with ordered data mode. Opts: (null)
[    2.703957] VFS: Mounted root (ext4 filesystem) on device 179:3.
[    2.710579] devtmpfs: mounted
[    2.714261] Freeing unused kernel memory: 2048K (c1100000 - c1300000)
bash: cannot set terminal process group (-1): Inappropriate ioctl for device
bash: no job control in this shell
root@(none):/# mount -t sysfs none /sys
root@(none):/# 
root@(none):/# mount -t debugfs none /sys/kernel/debug
root@(none):/# 
root@(none):/# rtcwake -d rtc1 -m mem -s 3
rtcwake: assuming RTC uses UTC ...
rtcwake: wakeup from "mem" using /dev/rtc1 at Thu Jan  1 00:00:27 1970
[    5.788702] PM: Syncing filesystems ... done.
[    5.798720] Freezing user space processes ... (elapsed 0.001 seconds) done.
[    5.806852] Double checking all user space processes after OOM killer disable... (elapsed 0.000 seconds) 
[    5.816501] Freezing remaining freezable tasks ... (elapsed 0.001 seconds) done.
[    5.825131] Suspending console(s) (use no_console_suspend to debug)
[    5.889678] PM: suspend of devices complete after 57.717 msecs
[    5.890933] PM: late suspend of devices complete after 1.246 msecs
[    5.891683] PM: noirq suspend of devices complete after 0.746 msecs
[    5.891685] Disabling non-boot CPUs ...
[    5.892086] CPU1: shutdown
[    5.929184] CPU2: shutdown
[    5.963891] IRQ17 no longer affine to CPU3
[    5.964068] CPU3: shutdown
[    5.978604] Entering suspend state LP1
[    5.978618] Enabling non-boot CPUs ...
[    6.008826] CPU1 is up
[    6.038840] CPU2 is up
[    6.068947] CPU3 is up
[    6.069466] PM: noirq resume of devices complete after 0.514 msecs
[    6.070944] PM: early resume of devices complete after 1.162 msecs
[    6.222893] mmc1: Switching to 3.3V signalling voltage failed
[    6.483198] tegra-sor 54540000.sor: failed to attach SOR: -110
[    6.493986] PM: resume of devices complete after 423.037 msecs
[    6.573338] Restarting tasks ... done.
root@(none):/# 
root@(none):/# rtcwake -d rtc1 -m mem -s 3
rtcwake: assuming RTC uses UTC ...
rtcwake: wakeup from "mem" using /dev/rtc1 at Thu Jan  1 00:00:31 1970
[    6.897911] PM: Syncing filesystems ... done.
[    6.907519] Freezing user space processes ... (elapsed 0.001 seconds) done.
[    6.915721] Double checking all user space processes after OOM killer disable... (elapsed 0.000 seconds) 
[    6.925334] Freezing remaining freezable tasks ... (elapsed 0.001 seconds) done.
[    6.934042] Suspending console(s) (use no_console_suspend to debug)
[    6.999541] PM: suspend of devices complete after 58.678 msecs
[    7.000746] PM: late suspend of devices complete after 1.196 msecs
[    7.001498] PM: noirq suspend of devices complete after 0.747 msecs
[    7.001500] Disabling non-boot CPUs ...
[    7.001865] CPU1: shutdown
[    7.034156] CPU2: shutdown
[    7.063827] IRQ17 no longer affine to CPU3
[    7.064013] CPU3: shutdown
[    7.078574] Entering suspend state LP1
[    7.078588] Enabling non-boot CPUs ...
[    7.108818] CPU1 is up
[    7.138830] CPU2 is up
[    7.168917] CPU3 is up
[    7.169400] PM: noirq resume of devices complete after 0.478 msecs
[    7.170633] PM: early resume of devices complete after 0.917 msecs
[    7.323299] mmc1: Switching to 3.3V signalling voltage failed
[    7.583151] tegra-sor 54540000.sor: failed to attach SOR: -110
[    7.594471] PM: resume of devices complete after 423.828 msecs
[    7.674356] Restarting tasks ... done.
root@(none):/# 
root@(none):/# rtcwake -d rtc1 -m mem -s 3
rtcwake: assuming RTC uses UTC ...
rtcwake: wakeup from "mem" using /dev/rtc1 at Thu Jan  1 00:00:35 1970
[    7.997881] PM: Syncing filesystems ... done.
[    8.007333] Freezing user space processes ... (elapsed 0.001 seconds) done.
[    8.015547] Double checking all user space processes after OOM killer disable... (elapsed 0.000 seconds) 
[    8.025157] Freezing remaining freezable tasks ... (elapsed 0.001 seconds) done.
[    8.033840] Suspending console(s) (use no_console_suspend to debug)
[    8.099597] PM: suspend of devices complete after 58.888 msecs
[    8.100637] PM: late suspend of devices complete after 1.031 msecs
[    8.101515] PM: noirq suspend of devices complete after 0.871 msecs
[    8.101517] Disabling non-boot CPUs ...
[    8.101900] CPU1: shutdown
[    8.133926] IRQ17 no longer affine to CPU2
[    8.134115] CPU2: shutdown
[    8.164011] CPU3: shutdown
[    8.188564] Entering suspend state LP1
[    8.188578] Enabling non-boot CPUs ...
[    8.218792] CPU1 is up
[    8.248800] CPU2 is up
[    8.283900] CPU3 is up
[    8.284377] PM: noirq resume of devices complete after 0.472 msecs
[    8.285735] PM: early resume of devices complete after 1.055 msecs
[    8.437236] mmc1: Switching to 3.3V signalling voltage failed
[    8.693139] tegra-sor 54540000.sor: failed to attach SOR: -110
[    8.708262] PM: resume of devices complete after 422.522 msecs
[    8.787869] Restarting tasks ... done.
root@(none):/# 
root@(none):/# rtcwake -d rtc1 -m mem -s 3
rtcwake: assuming RTC uses UTC ...
rtcwake: wakeup from "mem" using /dev/rtc1 at Thu Jan  1 00:00:39 1970
[    9.107842] PM: Syncing filesystems ... done.
[    9.117400] Freezing user space processes ... (elapsed 0.001 seconds) done.
[    9.125530] Double checking all user space processes after OOM killer disable... (elapsed 0.000 seconds) 
[    9.135120] Freezing remaining freezable tasks ... (elapsed 0.001 seconds) done.
[    9.143818] Suspending console(s) (use no_console_suspend to debug)
[    9.199582] PM: suspend of devices complete after 48.958 msecs
[    9.200622] PM: late suspend of devices complete after 1.031 msecs
[    9.201497] PM: noirq suspend of devices complete after 0.867 msecs
[    9.201499] Disabling non-boot CPUs ...
[    9.201880] CPU1: shutdown
[    9.229162] CPU2: shutdown
[    9.248969] CPU3: shutdown
[    9.273537] Entering suspend state LP1
[    9.273551] Enabling non-boot CPUs ...
[    9.303764] CPU1 is up
[    9.333773] CPU2 is up
[    9.363873] CPU3 is up
[    9.364353] PM: noirq resume of devices complete after 0.476 msecs
[    9.365583] PM: early resume of devices complete after 0.899 msecs
[    9.518367] mmc1: Switching to 3.3V signalling voltage failed
[    9.778062] tegra-sor 54540000.sor: failed to attach SOR: -110
[    9.789499] PM: resume of devices complete after 423.906 msecs
[    9.864794] Restarting tasks ... done.
root@(none):/# 
root@(none):/# rtcwake -d rtc1 -m mem -s 3
rtcwake: assuming RTC uses UTC ...
rtcwake: wakeup from "mem" using /dev/rtc1 at Thu Jan  1 00:00:43 1970
[   10.192828] PM: Syncing filesystems ... done.
[   10.202445] Freezing user space processes ... (elapsed 0.001 seconds) done.
[   10.210661] Double checking all user space processes after OOM killer disable... (elapsed 0.000 seconds) 
[   10.220329] Freezing remaining freezable tasks ... (elapsed 0.001 seconds) done.
[   10.229010] Suspending console(s) (use no_console_suspend to debug)
[   10.304690] PM: suspend of devices complete after 68.811 msecs
[   10.305728] PM: late suspend of devices complete after 1.029 msecs
[   10.306599] PM: noirq suspend of devices complete after 0.864 msecs
[   10.306601] Disabling non-boot CPUs ...
[   10.306982] CPU1: shutdown
[   10.344065] CPU2: shutdown
[   10.373776] IRQ17 no longer affine to CPU3
[   10.373956] CPU3: shutdown
[   10.398520] Entering suspend state LP1
[   10.398534] Enabling non-boot CPUs ...
[   10.428746] CPU1 is up
[   10.458755] CPU2 is up
[   10.488855] CPU3 is up
[   10.489335] PM: noirq resume of devices complete after 0.475 msecs
[   10.490548] PM: early resume of devices complete after 0.885 msecs
[   10.643212] mmc1: Switching to 3.3V signalling voltage failed
[   10.903089] tegra-sor 54540000.sor: failed to attach SOR: -110
[   10.914325] PM: resume of devices complete after 423.767 msecs
[   10.993681] Restarting tasks ... done.
root@(none):/# 
root@(none):/# rtcwake -d rtc1 -m mem -s 3
rtcwake: assuming RTC uses UTC ...
rtcwake: wakeup from "mem" using /dev/rtc1 at Thu Jan  1 00:00:47 1970
[   11.317802] PM: Syncing filesystems ... done.
[   11.327268] Freezing user space processes ... (elapsed 0.001 seconds) done.
[   11.335484] Double checking all user space processes after OOM killer disable... (elapsed 0.000 seconds) 
[   11.345096] Freezing remaining freezable tasks ... (elapsed 0.001 seconds) done.
[   11.353779] Suspending console(s) (use no_console_suspend to debug)
[   11.419383] PM: suspend of devices complete after 58.735 msecs
[   11.420187] PM: late suspend of devices complete after 0.800 msecs
[   11.420850] PM: noirq suspend of devices complete after 0.659 msecs
[   11.420852] Disabling non-boot CPUs ...
[   11.421223] CPU1: shutdown
[   11.454040] CPU2: shutdown
[   11.483928] CPU3: shutdown
[   11.508493] Entering suspend state LP1
[   11.508507] Enabling non-boot CPUs ...
[   11.538719] CPU1 is up
[   11.568735] CPU2 is up
[   11.598830] CPU3 is up
[   11.599313] PM: noirq resume of devices complete after 0.479 msecs
[   11.600693] PM: early resume of devices complete after 1.085 msecs
[   11.752353] mmc1: Switching to 3.3V signalling voltage failed
[   12.008038] tegra-sor 54540000.sor: failed to attach SOR: -110
[   12.023396] PM: resume of devices complete after 422.697 msecs
[   12.098915] Restarting tasks ... done.
root@(none):/# 
root@(none):/# rtcwake -d rtc1 -m mem -s 3
rtcwake: assuming RTC uses UTC ...
rtcwake: wakeup from "mem" using /dev/rtc1 at Thu Jan  1 00:00:51 1970
[   12.427779] PM: Syncing filesystems ... done.
[   12.437376] Freezing user space processes ... (elapsed 0.001 seconds) done.
[   12.445487] Double checking all user space processes after OOM killer disable... (elapsed 0.000 seconds) 
[   12.455116] Freezing remaining freezable tasks ... (elapsed 0.001 seconds) done.
[   12.463790] Suspending console(s) (use no_console_suspend to debug)
[   12.529517] PM: suspend of devices complete after 58.909 msecs
[   12.530556] PM: late suspend of devices complete after 1.031 msecs
[   12.531437] PM: noirq suspend of devices complete after 0.873 msecs
[   12.531439] Disabling non-boot CPUs ...
[   12.531642] IRQ17 no longer affine to CPU1
[   12.531819] CPU1: shutdown
[   12.564028] CPU2: shutdown
[   12.593912] CPU3: shutdown
[   12.618491] Entering suspend state LP1
[   12.618505] Enabling non-boot CPUs ...
[   12.648701] CPU1 is up
[   12.678719] CPU2 is up
[   12.708817] CPU3 is up
[   12.709306] PM: noirq resume of devices complete after 0.484 msecs
[   12.710616] PM: early resume of devices complete after 1.002 msecs
[   12.862346] mmc1: Switching to 3.3V signalling voltage failed
[   13.118034] tegra-sor 54540000.sor: failed to attach SOR: -110
[   13.133374] PM: resume of devices complete after 422.753 msecs
[   13.212658] Restarting tasks ... done.
root@(none):/# 
root@(none):/# rtcwake -d rtc1 -m mem -s 3
rtcwake: assuming RTC uses UTC ...
rtcwake: wakeup from "mem" using /dev/rtc1 at Thu Jan  1 00:00:55 1970
[   13.537758] PM: Syncing filesystems ... done.
[   13.547256] Freezing user space processes ... (elapsed 0.001 seconds) done.
[   13.555435] Double checking all user space processes after OOM killer disable... (elapsed 0.000 seconds) 
[   13.565145] Freezing remaining freezable tasks ... (elapsed 0.001 seconds) done.
[   13.573840] Suspending console(s) (use no_console_suspend to debug)
[   13.639407] PM: suspend of devices complete after 58.747 msecs
[   13.640385] PM: late suspend of devices complete after 0.969 msecs
[   13.641132] PM: noirq suspend of devices complete after 0.742 msecs
[   13.641133] Disabling non-boot CPUs ...
[   13.641513] CPU1: shutdown
[   13.673829] IRQ17 no longer affine to CPU2
[   13.674019] CPU2: shutdown
[   13.703902] CPU3: shutdown
[   13.728457] Entering suspend state LP1
[   13.728471] Enabling non-boot CPUs ...
[   13.758684] CPU1 is up
[   13.788690] CPU2 is up
[   13.818792] CPU3 is up
[   13.819279] PM: noirq resume of devices complete after 0.482 msecs
[   13.820687] PM: early resume of devices complete after 1.089 msecs
[   13.973200] mmc1: Switching to 3.3V signalling voltage failed
[   14.233071] tegra-sor 54540000.sor: failed to attach SOR: -110
[   14.244344] PM: resume of devices complete after 423.648 msecs
[   14.324224] Restarting tasks ... done.
root@(none):/# 
root@(none):/# rtcwake -d rtc1 -m mem -s 3
rtcwake: assuming RTC uses UTC ...
rtcwake: wakeup from "mem" using /dev/rtc1 at Thu Jan  1 00:00:59 1970
[   14.647751] PM: Syncing filesystems ... done.
[   14.657331] Freezing user space processes ... (elapsed 0.001 seconds) done.
[   14.665536] Double checking all user space processes after OOM killer disable... (elapsed 0.000 seconds) 
[   14.675148] Freezing remaining freezable tasks ... (elapsed 0.001 seconds) done.
[   14.683827] Suspending console(s) (use no_console_suspend to debug)
[   14.749437] PM: suspend of devices complete after 58.744 msecs
[   14.750697] PM: late suspend of devices complete after 1.250 msecs
[   14.751447] PM: noirq suspend of devices complete after 0.746 msecs
[   14.751448] Disabling non-boot CPUs ...
[   14.751808] CPU1: shutdown
[   14.783803] IRQ17 no longer affine to CPU2
[   14.783995] CPU2: shutdown
[   14.813872] CPU3: shutdown
[   14.838441] Entering suspend state LP1
[   14.838455] Enabling non-boot CPUs ...
[   14.868658] CPU1 is up
[   14.898674] CPU2 is up
[   14.933774] CPU3 is up
[   14.934250] PM: noirq resume of devices complete after 0.470 msecs
[   14.935478] PM: early resume of devices complete after 0.915 msecs
[   15.087299] mmc1: Switching to 3.3V signalling voltage failed
[   15.342965] tegra-sor 54540000.sor: failed to attach SOR: -110
[   15.358334] PM: resume of devices complete after 422.851 msecs
[   15.437907] Restarting tasks ... done.
root@(none):/# 
root@(none):/# rtcwake -d rtc1 -m mem -s 3
rtcwake: assuming RTC uses UTC ...
rtcwake: wakeup from "mem" using /dev/rtc1 at Thu Jan  1 00:01:03 1970
[   15.757635] PM: Syncing filesystems ... done.
[   15.767196] Freezing user space processes ... (elapsed 0.001 seconds) done.
[   15.775407] Double checking all user space processes after OOM killer disable... (elapsed 0.000 seconds) 
[   15.784997] Freezing remaining freezable tasks ... (elapsed 0.001 seconds) done.
[   15.793696] Suspending console(s) (use no_console_suspend to debug)
[   15.849511] PM: suspend of devices complete after 49.005 msecs
[   15.850717] PM: late suspend of devices complete after 1.196 msecs
[   15.851462] PM: noirq suspend of devices complete after 0.741 msecs
[   15.851464] Disabling non-boot CPUs ...
[   15.851661] IRQ17 no longer affine to CPU1
[   15.851833] CPU1: shutdown
[   15.879022] CPU2: shutdown
[   15.908840] CPU3: shutdown
[   15.933427] Entering suspend state LP1
[   15.933441] Enabling non-boot CPUs ...
[   15.963642] CPU1 is up
[   15.993645] CPU2 is up
[   16.023751] CPU3 is up
[   16.024227] PM: noirq resume of devices complete after 0.471 msecs
[   16.025557] PM: early resume of devices complete after 1.018 msecs
[   16.177274] mmc1: Switching to 3.3V signalling voltage failed
[   16.433008] tegra-sor 54540000.sor: failed to attach SOR: -110
[   16.448309] PM: resume of devices complete after 422.747 msecs
[   16.527601] Restarting tasks ... done.
root@(none):/# 
NVTB SYSTEM SUSPEND TEST COMPLETE
root@(none):/# 