

U-Boot 2015.04-00466-gedec83e90172 (Mar 14 2016 - 10:42:01)

TEGRA124
Model: Acer Chromebook 13 CB5-311
DRAM:  4 GiB
C:   Tegra SD/MMC: 0, Tegra SD/MMC: 1, Tegra SD/MMC: 2
MMC init failed
Using default environment

In:    serial
Out:   serial
Err:   serial
Net:   Net Initialization Skipped
No ethernet found.
Hit any key to stop autoboot:  2  1  0 
Tegra124 (Nyan-big) # 
Tegra124 (Nyan-big) # usb start
starting USB...
USB0:   USB EHCI 1.10
scanning bus 0 for devices... 2 USB Device(s) found
USB1:   USB EHCI 1.10
scanning bus 1 for devices... 2 USB Device(s) found
       scanning usb for storage devices... 1 Storage Device(s) found
       scanning usb for ethernet devices... 
Warning: asx0 using MAC address from net device
1 Ethernet Device(s) found
Tegra124 (Nyan-big) # setenv bootargs 'ignore_loglevel console=ttyS0,115200n8 rw root=PARTUUID=4d36e82a-b3c0-4b4b-bfcd-afe5217ac023 rootwait gpt debug noinitrd earlyprintk init=/bin/bash'
Tegra124 (Nyan-big) # setenv ipaddr 192.168.100.102; setenv serverip 192.168.100.1; setenv tftpserverip 192.168.100.1
Tegra124 (Nyan-big) # tftpboot 0x82000000 zImage.tegra_defconfig
Using asx0 device
TFTP from server 192.168.100.1; our IP address is 192.168.100.102
Filename 'zImage.tegra_defconfig'.
Load address: 0x82000000
Loading: *#################################################################
	 #################################################################
	 #################################################################
	 #################################################################
	 #################################################################
	 ############################################
	 3.4 MiB/s
done
Bytes transferred = 5408136 (528588 hex)
Tegra124 (Nyan-big) # tftpboot 0x83000000 tegra124-nyan-big.dtb
Using asx0 device
TFTP from server 192.168.100.1; our IP address is 192.168.100.102
Filename 'tegra124-nyan-big.dtb'.
Load address: 0x83000000
Loading: *#####
	 3.4 MiB/s
done
Bytes transferred = 66821 (10505 hex)
Tegra124 (Nyan-big) # bootz 0x82000000 - 0x83000000
Kernel image @ 0x82000000 [ 0x000000 - 0x528588 ]
## Flattened Device Tree blob at 83000000
   Booting using the fdt blob at 0x83000000
   Using Device Tree in place at 83000000, end 83013504

Starting kernel ...

[    3.115487] console [ttyS0] enabled
[    3.118963] bootconsole [earlycon0] disabled
[    3.124227] [drm] Initialized drm 1.1.0 20060810
[    3.129290] tegra-hdmi 54280000.hdmi: failed to get HDMI regulator
[    3.135883] tegra-dpaux 545c0000.dpaux: failed to get VDD supply: -517
[    3.143202] panel supply power not found, using dummy regulator
[    3.154602] loop: module loaded
[    3.158357] as3722 4-0040: AS3722 with revision 0x1 found
[    3.168488] as3722-sd2: supplied by +5V_SYS
[    3.172993] as3722-sd3: supplied by +5V_SYS
[    3.177350] +1.35V_LP0(sd3): Bringing 0uV into 1350000-1350000uV
[    3.183610] as3722-sd4: supplied by +5V_SYS
[    3.187956] +1.05V_RUN: Bringing 0uV into 1050000-1050000uV
[    3.193781] as3722-sd5: supplied by +5V_SYS
[    3.199586] as3722-ldo0: supplied by +1.35V_LP0(sd2)
[    3.205413] +1.8V_RUN_CAM: Bringing 0uV into 1800000-1800000uV
[    3.211526] as3722-ldo2: supplied by +1.8V_VDDIO
[    3.217259] as3722-ldo3: supplied by +3.3V_SYS
[    3.221713] +1.00V_LP0_VDD_RTC: Bringing 1100000uV into 1000000-1000000uV
[    3.229377] as3722-ldo4: supplied by +3.3V_SYS
[    3.233974] +3.3V_RUN_CAM: Bringing 0uV into 2800000-2800000uV
[    3.240090] as3722-ldo5: supplied by +1.8V_VDDIO
[    3.244874] +1.2V_RUN_CAM_FRONT: Bringing 0uV into 1200000-1200000uV
[    3.251657] +VDDIO_SDMMC3: Bringing 0uV into 1800000-1800000uV
[    3.257788] as3722-ldo7: supplied by +1.8V_VDDIO
[    3.262561] +1.05V_RUN_CAM_REAR: Bringing 0uV into 1050000-1050000uV
[    3.269211] as3722-ldo9: supplied by +5V_SYS
[    3.273784] +2.8V_RUN_TOUCH: Bringing 0uV into 2800000-2800000uV
[    3.280087] as3722-ldo10: supplied by +5V_SYS
[    3.284594] +2.8V_RUN_CAM_AF: Bringing 0uV into 2800000-2800000uV
[    3.291129] +1.8V_RUN_VPP_FUSE: Bringing 0uV into 1800000-1800000uV
[    3.341633] cros-ec-spi spi32766.0: Chrome EC device registered
[    3.351769] random: fast init done
[    3.357046] m25p80 spi32765.0: w25q32dw (4096 Kbytes)
[    3.363431] libphy: Fixed MDIO Bus: probed
[    3.367534] CAN device driver interface
[    3.371392] igb: Intel(R) Gigabit Ethernet Network Driver - version 5.3.0-k
[    3.378340] igb: Copyright (c) 2007-2014 Intel Corporation.
[    3.384011] pegasus: v0.9.3 (2013/04/25), Pegasus/Pegasus II USB Ethernet driver
[    3.391451] usbcore: registered new interface driver pegasus
[    3.397161] usbcore: registered new interface driver asix
[    3.402583] usbcore: registered new interface driver ax88179_178a
[    3.408714] usbcore: registered new interface driver cdc_ether
[    3.414594] usbcore: registered new interface driver smsc75xx
[    3.420377] usbcore: registered new interface driver smsc95xx
[    3.426161] usbcore: registered new interface driver net1080
[    3.431842] usbcore: registered new interface driver cdc_subset
[    3.437791] usbcore: registered new interface driver zaurus
[    3.443406] usbcore: registered new interface driver cdc_ncm
[    3.449165] ehci_hcd: USB 2.0 'Enhanced' Host Controller (EHCI) Driver
[    3.455680] ehci-pci: EHCI PCI platform driver
[    3.460151] tegra-ehci: Tegra EHCI driver
[    3.464481] usbcore: registered new interface driver cdc_acm
[    3.470130] cdc_acm: USB Abstract Control Model driver for USB modems and ISDN adapters
[    3.478158] usbcore: registered new interface driver cdc_wdm
[    3.483859] usbcore: registered new interface driver usb-storage
[    3.490123] mousedev: PS/2 mouse device common for all mice
[    3.496001] input: cros_ec as /devices/soc0/7000d400.spi/spi_master/spi32766/spi32766.0/7000d400.spi:cros-ec@0:keyboard-controller/input/input0
[    3.511031] as3722-rtc as3722-rtc: rtc core: registered as3722-rtc as rtc0
[    3.517898] as3722-rtc as3722-rtc: RTC interrupt 370
[    3.524726] tegra_rtc 7000e000.rtc: rtc core: registered 7000e000.rtc as rtc1
[    3.531876] tegra_rtc 7000e000.rtc: Tegra internal Real Time Clock
[    3.538185] i2c /dev entries driver
[    3.542423] usbcore: registered new interface driver uvcvideo
[    3.548162] USB Video Class driver (1.1.1)
[    3.552245] gspca_main: v2.14.0 registered
[    3.556626] 0-004c supply vcc not found, using dummy regulator
[    3.564399] tegra-wdt 60005000.timer: initialized (heartbeat = 120 sec, nowayout = 0)
[    3.572818] sdhci: Secure Digital Host Controller Interface driver
[    3.578992] sdhci: Copyright(c) Pierre Ossman
[    3.583334] sdhci-pltfm: SDHCI platform and OF driver helper
[    3.589131] sdhci-tegra 700b0000.sdhci: allocated mmc-pwrseq
[    3.594927] sdhci-tegra 700b0400.sdhci: Got CD GPIO
[    3.599797] sdhci-tegra 700b0400.sdhci: Got WP GPIO
[    3.604821] mmc0: Unknown controller version (3). You may experience problems.
[    3.612053] mmc0: Invalid maximum block size, assuming 512 bytes
[    3.674589] mmc0: SDHCI controller on 700b0600.sdhci [700b0600.sdhci] using ADMA 64-bit
[    3.685059] usbcore: registered new interface driver usbhid
[    3.693540] usbhid: USB HID core driver
[    3.704605] tegra30-i2s 70301100.i2s: DMA channels sourced from device 70300000.ahub
[    3.745067] max98090 0-0010: MAX98090 REVID=0x43
[    3.752363] max98090 0-0010: use default 2.8v micbias
[    3.755019] mmc0: new high speed MMC card at address 0001
[    3.755478] mmcblk0: mmc0:0001 MMC16G 14.4 GiB 
[    3.755671] mmcblk0boot0: mmc0:0001 MMC16G partition 1 2.00 MiB
[    3.755854] mmcblk0boot1: mmc0:0001 MMC16G partition 2 2.00 MiB
[    3.756013] mmcblk0rpmb: mmc0:0001 MMC16G partition 3 128 KiB
[    3.759189]  mmcblk0: p1 p2 p3 p4 p5 p6 p7 p8 p9 p10 p11 p12
[    3.793114] tegra-snd-max98090 sound: HiFi <-> 70301100.i2s mapping ok
[    3.800922] input: GoogleNyanBig Headphones as /devices/soc0/sound/sound/card1/input1
[    3.809040] input: GoogleNyanBig Mic Jack as /devices/soc0/sound/sound/card1/input2
[    4.104583] NET: Registered protocol family 10
[    4.264595] mip6: Mobile IPv6
[    4.267554] sit: IPv6, IPv4 and MPLS over IPv4 tunneling driver
[    4.274511] NET: Registered protocol family 17
[    4.278966] NET: Registered protocol family 15
[    4.283396] can: controller area network core (rev 20120528 abi 9)
[    4.324621] NET: Registered protocol family 29
[    4.329052] can: raw protocol (rev 20120528)
[    4.333309] can: broadcast manager protocol (rev 20160617 t)
[    4.338966] can: netlink gateway (rev 20130117) max_hops=1
[    4.374633] Bluetooth: RFCOMM socket layer initialized
[    4.379766] Bluetooth: RFCOMM ver 1.11
[    4.383506] Bluetooth: BNEP (Ethernet Emulation) ver 1.3
[    4.388816] Bluetooth: BNEP socket layer initialized
[    4.393766] Bluetooth: HIDP (Human Interface Emulation) ver 1.2
[    4.399680] Bluetooth: HIDP socket layer initialized
[    4.404768] Key type dns_resolver registered
[    4.409488] Registering SWP/SWPB emulation handler
[    4.415382] +3.3V_RUN: supplied by +3.3V_SYS
[    4.419988] +3.3V_AVDD_HDMI_AP_GATED: supplied by +3.3V_RUN
[    4.425631] +1.8V_RUN_CAM: supplied by +3.3V_RUN
[    4.430283] +VDDIO_SDMMC3: supplied by +3.3V_RUN
[    4.434933] +1.8V_RUN_VPP_FUSE: supplied by +3.3V_RUN
[    4.440064] +VDD_LED: supplied by +VDD_MUX
[    4.444361] +5V_VDD_TS_SW: supplied by +5V_SYS
[    4.449152] +5V_USB_HS: supplied by +5V_SYS
[    4.453540] +5V_USB_SS: supplied by +5V_SYS
[    4.458635] input: tegra-hda HDMI/DP,pcm=3 as /devices/soc0/70030000.hda/sound/card0/input3
[    4.467951] +3.3V_PANEL: supplied by +3.3V_RUN
[    4.473414] +3.3V_LP0: supplied by +3.3V_SYS
[    4.478472] +1.05V_RUN_AVDD_HDMI_PLL: supplied by +1.05V_RUN
[    4.484361] +5V_HDMI_CON: supplied by +5V_SYS
[    4.489859] usb3-0 supply vbus not found, using dummy regulator
[    4.495857] usb3-1 supply vbus not found, using dummy regulator
[    4.504439] tegra-sor 54540000.sor: failed to probe output: -517
[    4.510614] panel supply power not found, using dummy regulator
[    4.585300] tegra-xusb 70090000.usb: Firmware timestamp: 2014-09-16 02:10:07 UTC
[    4.592710] tegra-xusb 70090000.usb: xHCI Host Controller
[    4.598128] tegra-xusb 70090000.usb: new USB bus registered, assigned bus number 1
[    4.607732] tegra-xusb 70090000.usb: hcc params 0x0184f525 hci version 0x100 quirks 0x00010010
[    4.616378] tegra-xusb 70090000.usb: irq 342, io mem 0x70090000
[    4.623125] hub 1-0:1.0: USB hub found
[    4.626931] hub 1-0:1.0: 6 ports detected
[    4.631658] tegra-xusb 70090000.usb: xHCI Host Controller
[    4.637090] tegra-xusb 70090000.usb: new USB bus registered, assigned bus number 2
[    4.644790] usb usb2: We don't know the algorithms for LPM for this host, disabling LPM.
[    4.653685] hub 2-0:1.0: USB hub found
[    4.657498] hub 2-0:1.0: 2 ports detected
[    4.662610] sdhci-tegra 700b0000.sdhci: allocated mmc-pwrseq
[    4.668498] mmc1: Unknown controller version (3). You may experience problems.
[    4.675785] mmc1: Invalid maximum block size, assuming 512 bytes
[    4.682352] mmc1: Switching to 3.3V signalling voltage failed
[    4.744670] mmc1: SDHCI controller on 700b0000.sdhci [700b0000.sdhci] using ADMA 64-bit
[    4.752950] sdhci-tegra 700b0400.sdhci: Got CD GPIO
[    4.759885] sdhci-tegra 700b0400.sdhci: Got WP GPIO
[    4.768272] mmc2: Unknown controller version (3). You may experience problems.
[    4.775630] mmc2: Invalid maximum block size, assuming 512 bytes
[    4.816855] mmc1: new high speed SDIO card at address 0001
[    4.844743] mmc2: SDHCI controller on 700b0400.sdhci [700b0400.sdhci] using ADMA 64-bit
[    4.952815] [drm] Supports vblank timestamp caching Rev 2 (21.10.2013).
[    4.959448] [drm] No driver support for vblank timestamp query.
[    4.994605] usb 1-2: new high-speed USB device number 2 using tegra-xusb
[    4.996845] mmc2: new high speed SDHC card at address 0007
[    4.997561] mmcblk2: mmc2:0007 SD08G 7.42 GiB 
[    5.006334] GPT:Primary header alternate_lba != Alt. header my_lba
[    5.006338] GPT:3014591 != 15564799
[    5.006339] GPT:Primary header thinks Alt. header is not at the end of the disk.
[    5.006340] GPT:3014591 != 15564799
[    5.006341] GPT: Use GNU Parted to correct GPT errors.
[    5.006367]  mmcblk2: p1 p2 p3 p4 p5 p6 p7 p8 p9 p10 p11 p12
[    5.021679] Console: switching to colour frame buffer device 170x48
[    5.079730] drm drm: fb0:  frame buffer device
[    5.114670] [drm] Initialized tegra 0.0.0 20120330 on minor 0
[    5.121071] input: gpio-keys as /devices/soc0/gpio-keys/input/input4
[    5.128617] as3722-rtc as3722-rtc: setting system clock to 2000-01-01 00:00:25 UTC (946684825)
[    5.142857] +1.8V_RUN_CAM: disabling
[    5.146684] +1.2V_RUN_CAM_FRONT: disabling
[    5.150980] +1.05V_RUN_CAM_REAR: disabling
[    5.155324] +2.8V_RUN_TOUCH: disabling
[    5.159271] +2.8V_RUN_CAM_AF: disabling
[    5.163266] +1.8V_RUN_VPP_FUSE: disabling
[    5.167478] +5V_VDD_TS_SW: disabling
[    5.171236] ALSA device list:
[    5.174196]   #0: tegra-hda at 0x70038000 irq 341
[    5.178924]   #1: GoogleNyanBig
[    5.182843] EXT4-fs (mmcblk0p3): couldn't mount as ext3 due to feature incompatibilities
[    5.305391] uvcvideo: Found UVC 1.00 device HD WebCam (1bcf:2c67)
[    5.320451] input: HD WebCam as /devices/soc0/70090000.usb/usb1/1-2/1-2:1.0/input/input5
[    5.664679] usb 1-3: new high-speed USB device number 3 using tegra-xusb
[    5.684901] EXT4-fs (mmcblk0p3): recovery complete
[    5.689688] EXT4-fs (mmcblk0p3): mounted filesystem with ordered data mode. Opts: (null)
[    5.697835] VFS: Mounted root (ext4 filesystem) on device 179:3.
[    5.705002] devtmpfs: mounted
[    5.708409] Freeing unused kernel memory: 1024K (c0c00000 - c0d00000)
bash: cannot set terminal process group (-1): Inappropriate ioctl for device
bash: no job control in this shell
root@(none):/# [    6.737474] asix 1-3:1.0 eth0: register 'asix' at usb-70090000.usb-3, ASIX AX88772 USB 2.0 Ethernet, c8:d7:19:90:fa:65
[    7.084680] usb 1-1: new high-speed USB device number 4 using tegra-xusb
[    7.263473] usb-storage 1-1:1.0: USB Mass Storage device detected
[    7.270467] scsi host0: usb-storage 1-1:1.0
[    7.354771] scsi host0: runtime PM trying to activate child device host0 but parent (1-1:1.0) is not active
[    8.406737] scsi 0:0:0:0: Direct-Access     SanDisk  SDDR-113         9412 PQ: 0 ANSI: 0
[    8.579381] sd 0:0:0:0: [sda] 15523840 512-byte logical blocks: (7.95 GB/7.40 GiB)
[    8.588080] sd 0:0:0:0: [sda] Write Protect is off
[    8.592873] sd 0:0:0:0: [sda] Mode Sense: 03 00 00 00
[    8.599160] sd 0:0:0:0: [sda] No Caching mode page found
[    8.604471] sd 0:0:0:0: [sda] Assuming drive cache: write through
[    8.629939]  sda: sda1 sda2 sda3 sda4 sda5 sda6 sda7 sda8 sda9 sda10 sda11 sda12 sda13
[    8.643995] sd 0:0:0:0: [sda] Attached SCSI removable disk
mount -t sysfs none /sys
root@(none):/# 
root@(none):/# mount -t debugfs none /sys/kernel/debug
root@(none):/# 
root@(none):/# rtcwake -d rtc1 -m mem -s 3
rtcwake: assuming RTC uses UTC ...
rtcwake: wakeup from "mem" using /dev/rtc1 at Thu Jan  1 00:00:53 1970
[   31.884622] PM: Syncing filesystems ... done.
[   31.894759] Freezing user space processes ... (elapsed 0.001 seconds) done.
[   31.902924] Double checking all user space processes after OOM killer disable... (elapsed 0.000 seconds) 
[   31.912610] Freezing remaining freezable tasks ... (elapsed 0.001 seconds) done.
[   31.921304] Suspending console(s) (use no_console_suspend to debug)
[   32.146018] PM: suspend of devices complete after 217.846 msecs
[   32.147614] PM: late suspend of devices complete after 1.587 msecs
[   32.148441] PM: noirq suspend of devices complete after 0.822 msecs
[   32.148443] Disabling non-boot CPUs ...
[   32.215008] CPU1: shutdown
[   32.314913] CPU2: shutdown
[   32.424787] IRQ17 no longer affine to CPU3
[   32.424956] CPU3: shutdown
[   32.475394] Entering suspend state LP1
[   32.475407] Enabling non-boot CPUs ...
[   32.535786] CPU1 is up
[   32.595953] CPU2 is up
[   32.656184] CPU3 is up
[   32.656728] PM: noirq resume of devices complete after 0.539 msecs
[   32.658396] PM: early resume of devices complete after 1.162 msecs
[   32.710562] mmc1: Switching to 3.3V signalling voltage failed
[   32.964573] tegra-sor 54540000.sor: failed to attach SOR: -110
[   32.981645] PM: resume of devices complete after 323.241 msecs
[   33.061058] Restarting tasks ... done.
root@(none):/# 
root@(none):/# rtcwake -d rtc1 -m mem -s 3
rtcwake: assuming RTC uses UTC ...
rtcwake: wakeup from "mem" using /dev/rtc1 at Thu Jan  1 00:00:58 1970
[   34.014375] PM: Syncing filesystems ... done.
[   34.023923] Freezing user space processes ... (elapsed 0.001 seconds) done.
[   34.032067] Double checking all user space processes after OOM killer disable... (elapsed 0.000 seconds) 
[   34.041659] Freezing remaining freezable tasks ... (elapsed 0.001 seconds) done.
[   34.050375] Suspending console(s) (use no_console_suspend to debug)
[   34.266013] PM: suspend of devices complete after 208.778 msecs
[   34.266987] PM: late suspend of devices complete after 0.966 msecs
[   34.267846] PM: noirq suspend of devices complete after 0.855 msecs
[   34.267848] Disabling non-boot CPUs ...
[   34.304924] CPU1: shutdown
[   34.404905] CPU2: shutdown
[   34.504873] CPU3: shutdown
[   34.555365] Entering suspend state LP1
[   34.555391] Enabling non-boot CPUs ...
[   34.615779] CPU1 is up
[   34.675919] CPU2 is up
[   34.736161] CPU3 is up
[   34.736723] PM: noirq resume of devices complete after 0.557 msecs
[   34.738638] PM: early resume of devices complete after 1.409 msecs
[   34.779998] mmc1: Switching to 3.3V signalling voltage failed
[   34.964886] usb 1-1: reset high-speed USB device number 4 using tegra-xusb
[   35.034599] tegra-sor 54540000.sor: failed to attach SOR: -110
[   35.141363] PM: resume of devices complete after 402.716 msecs
[   35.223672] Restarting tasks ... done.
root@(none):/# 
root@(none):/# rtcwake -d rtc1 -m mem -s 3
rtcwake: assuming RTC uses UTC ...
rtcwake: wakeup from "mem" using /dev/rtc1 at Thu Jan  1 00:01:03 1970
[   36.094354] PM: Syncing filesystems ... done.
[   36.103851] Freezing user space processes ... (elapsed 0.001 seconds) done.
[   36.112059] Double checking all user space processes after OOM killer disable... (elapsed 0.000 seconds) 
[   36.121726] Freezing remaining freezable tasks ... (elapsed 0.001 seconds) done.
[   36.130363] Suspending console(s) (use no_console_suspend to debug)
[   36.345934] PM: suspend of devices complete after 208.702 msecs
[   36.346828] PM: late suspend of devices complete after 0.889 msecs
[   36.347657] PM: noirq suspend of devices complete after 0.825 msecs
[   36.347659] Disabling non-boot CPUs ...
[   36.384904] CPU1: shutdown
[   36.504880] CPU2: shutdown
[   36.604848] CPU3: shutdown
[   36.655342] Entering suspend state LP1
[   36.655367] Enabling non-boot CPUs ...
[   36.715760] CPU1 is up
[   36.775912] CPU2 is up
[   36.836138] CPU3 is up
[   36.836716] PM: noirq resume of devices complete after 0.574 msecs
[   36.838705] PM: early resume of devices complete after 1.499 msecs
[   36.889707] mmc1: Switching to 3.3V signalling voltage failed
[   37.144579] tegra-sor 54540000.sor: failed to attach SOR: -110
[   37.160714] PM: resume of devices complete after 322.003 msecs
[   37.236027] Restarting tasks ... done.
root@(none):/# 
root@(none):/# rtcwake -d rtc1 -m mem -s 3
rtcwake: assuming RTC uses UTC ...
rtcwake: wakeup from "mem" using /dev/rtc1 at Thu Jan  1 00:01:08 1970
[   38.204332] PM: Syncing filesystems ... done.
[   38.213829] Freezing user space processes ... (elapsed 0.001 seconds) done.
[   38.221949] Double checking all user space processes after OOM killer disable... (elapsed 0.000 seconds) 
[   38.231619] Freezing remaining freezable tasks ... (elapsed 0.001 seconds) done.
[   38.240260] Suspending console(s) (use no_console_suspend to debug)
[   38.455908] PM: suspend of devices complete after 208.775 msecs
[   38.456800] PM: late suspend of devices complete after 0.888 msecs
[   38.457628] PM: noirq suspend of devices complete after 0.824 msecs
[   38.457630] Disabling non-boot CPUs ...
[   38.494880] CPU1: shutdown
[   38.604856] CPU2: shutdown
[   38.704824] CPU3: shutdown
[   38.755321] Entering suspend state LP1
[   38.755346] Enabling non-boot CPUs ...
[   38.815736] CPU1 is up
[   38.875893] CPU2 is up
[   38.936121] CPU3 is up
[   38.936673] PM: noirq resume of devices complete after 0.547 msecs
[   38.938736] PM: early resume of devices complete after 1.546 msecs
[   38.979779] mmc1: Switching to 3.3V signalling voltage failed
[   39.234567] tegra-sor 54540000.sor: failed to attach SOR: -110
[   39.250885] PM: resume of devices complete after 312.143 msecs
[   39.326187] Restarting tasks ... done.
root@(none):/# 
root@(none):/# rtcwake -d rtc1 -m mem -s 3
rtcwake: assuming RTC uses UTC ...
rtcwake: wakeup from "mem" using /dev/rtc1 at Thu Jan  1 00:01:13 1970
[   40.295242] PM: Syncing filesystems ... done.
[   40.304609] Freezing user space processes ... (elapsed 0.001 seconds) done.
[   40.312785] Double checking all user space processes after OOM killer disable... (elapsed 0.000 seconds) 
[   40.322457] Freezing remaining freezable tasks ... (elapsed 0.001 seconds) done.
[   40.331105] Suspending console(s) (use no_console_suspend to debug)
[   40.545882] PM: suspend of devices complete after 207.909 msecs
[   40.546774] PM: late suspend of devices complete after 0.888 msecs
[   40.547597] PM: noirq suspend of devices complete after 0.819 msecs
[   40.547599] Disabling non-boot CPUs ...
[   40.584853] CPU1: shutdown
[   40.714830] CPU2: shutdown
[   40.814800] CPU3: shutdown
[   40.865295] Entering suspend state LP1
[   40.865306] Enabling non-boot CPUs ...
[   40.925714] CPU1 is up
[   40.985868] CPU2 is up
[   41.046094] CPU3 is up
[   41.046638] PM: noirq resume of devices complete after 0.539 msecs
[   41.048562] PM: early resume of devices complete after 1.434 msecs
[   41.089610] mmc1: Switching to 3.3V signalling voltage failed
[   41.274835] usb 1-1: reset high-speed USB device number 4 using tegra-xusb
[   41.344545] tegra-sor 54540000.sor: failed to attach SOR: -110
[   41.451113] PM: resume of devices complete after 402.542 msecs
[   41.533329] Restarting tasks ... done.
root@(none):/# 
root@(none):/# rtcwake -d rtc1 -m mem -s 3
rtcwake: assuming RTC uses UTC ...
rtcwake: wakeup from "mem" using /dev/rtc1 at Thu Jan  1 00:01:18 1970
[   42.405019] PM: Syncing filesystems ... done.
[   42.414357] Freezing user space processes ... (elapsed 0.001 seconds) done.
[   42.422466] Double checking all user space processes after OOM killer disable... (elapsed 0.000 seconds) 
[   42.432139] Freezing remaining freezable tasks ... (elapsed 0.001 seconds) done.
[   42.440791] Suspending console(s) (use no_console_suspend to debug)
[   42.655859] PM: suspend of devices complete after 208.202 msecs
[   42.656751] PM: late suspend of devices complete after 0.887 msecs
[   42.657575] PM: noirq suspend of devices complete after 0.821 msecs
[   42.657577] Disabling non-boot CPUs ...
[   42.694830] CPU1: shutdown
[   42.804803] CPU2: shutdown
[   42.904778] CPU3: shutdown
[   42.955270] Entering suspend state LP1
[   42.955282] Enabling non-boot CPUs ...
[   43.015701] CPU1 is up
[   43.075841] CPU2 is up
[   43.136081] CPU3 is up
[   43.136599] PM: noirq resume of devices complete after 0.514 msecs
[   43.138337] PM: early resume of devices complete after 1.231 msecs
[   43.179655] mmc1: Switching to 3.3V signalling voltage failed
[   43.364817] usb 1-1: reset high-speed USB device number 4 using tegra-xusb
[   43.434462] tegra-sor 54540000.sor: failed to attach SOR: -110
[   43.541237] PM: resume of devices complete after 402.890 msecs
[   43.623464] Restarting tasks ... done.
root@(none):/# 
root@(none):/# rtcwake -d rtc1 -m mem -s 3
rtcwake: assuming RTC uses UTC ...
rtcwake: wakeup from "mem" using /dev/rtc1 at Thu Jan  1 00:01:23 1970
[   44.494156] PM: Syncing filesystems ... done.
[   44.503695] Freezing user space processes ... (elapsed 0.001 seconds) done.
[   44.511916] Double checking all user space processes after OOM killer disable... (elapsed 0.000 seconds) 
[   44.521587] Freezing remaining freezable tasks ... (elapsed 0.001 seconds) done.
[   44.530233] Suspending console(s) (use no_console_suspend to debug)
[   44.745833] PM: suspend of devices complete after 208.732 msecs
[   44.746724] PM: late suspend of devices complete after 0.887 msecs
[   44.747549] PM: noirq suspend of devices complete after 0.821 msecs
[   44.747551] Disabling non-boot CPUs ...
[   44.784808] CPU1: shutdown
[   44.894772] CPU2: shutdown
[   45.004743] CPU3: shutdown
[   45.055243] Entering suspend state LP1
[   45.055255] Enabling non-boot CPUs ...
[   45.115665] CPU1 is up
[   45.175823] CPU2 is up
[   45.236043] CPU3 is up
[   45.236553] PM: noirq resume of devices complete after 0.505 msecs
[   45.238460] PM: early resume of devices complete after 1.413 msecs
[   45.279716] mmc1: Switching to 3.3V signalling voltage failed
[   45.534488] tegra-sor 54540000.sor: failed to attach SOR: -110
[   45.550888] PM: resume of devices complete after 312.422 msecs
[   45.626229] Restarting tasks ... done.
root@(none):/# 
root@(none):/# rtcwake -d rtc1 -m mem -s 3
rtcwake: assuming RTC uses UTC ...
rtcwake: wakeup from "mem" using /dev/rtc1 at Thu Jan  1 00:01:28 1970
[   46.594624] PM: Syncing filesystems ... done.
[   46.603712] Freezing user space processes ... (elapsed 0.001 seconds) done.
[   46.611814] Double checking all user space processes after OOM killer disable... (elapsed 0.000 seconds) 
[   46.621480] Freezing remaining freezable tasks ... (elapsed 0.001 seconds) done.
[   46.630129] Suspending console(s) (use no_console_suspend to debug)
[   46.845811] PM: suspend of devices complete after 208.810 msecs
[   46.846702] PM: late suspend of devices complete after 0.887 msecs
[   46.847523] PM: noirq suspend of devices complete after 0.817 msecs
[   46.847525] Disabling non-boot CPUs ...
[   46.884782] CPU1: shutdown
[   46.984758] CPU2: shutdown
[   47.094721] CPU3: shutdown
[   47.145222] Entering suspend state LP1
[   47.145234] Enabling non-boot CPUs ...
[   47.205679] CPU1 is up
[   47.265797] CPU2 is up
[   47.326021] CPU3 is up
[   47.326541] PM: noirq resume of devices complete after 0.515 msecs
[   47.328271] PM: early resume of devices complete after 1.212 msecs
[   47.369634] mmc1: Switching to 3.3V signalling voltage failed
[   47.564780] usb 1-1: reset high-speed USB device number 4 using tegra-xusb
[   47.624469] tegra-sor 54540000.sor: failed to attach SOR: -110
[   47.740896] PM: resume of devices complete after 412.616 msecs
[   47.823130] Restarting tasks ... done.
root@(none):/# 
root@(none):/# rtcwake -d rtc1 -m mem -s 3
rtcwake: assuming RTC uses UTC ...
rtcwake: wakeup from "mem" using /dev/rtc1 at Thu Jan  1 00:01:33 1970
[   48.694751] PM: Syncing filesystems ... done.
[   48.704297] Freezing user space processes ... (elapsed 0.001 seconds) done.
[   48.712421] Double checking all user space processes after OOM killer disable... (elapsed 0.000 seconds) 
[   48.722019] Freezing remaining freezable tasks ... (elapsed 0.001 seconds) done.
[   48.730730] Suspending console(s) (use no_console_suspend to debug)
[   48.955847] PM: suspend of devices complete after 218.249 msecs
[   48.957052] PM: late suspend of devices complete after 1.196 msecs
[   48.958001] PM: noirq suspend of devices complete after 0.944 msecs
[   48.958003] Disabling non-boot CPUs ...
[   48.994770] CPU1: shutdown
[   49.104734] CPU2: shutdown
[   49.204705] CPU3: shutdown
[   49.255210] Entering suspend state LP1
[   49.255222] Enabling non-boot CPUs ...
[   49.315643] CPU1 is up
[   49.375784] CPU2 is up
[   49.436009] CPU3 is up
[   49.436526] PM: noirq resume of devices complete after 0.513 msecs
[   49.438351] PM: early resume of devices complete after 1.330 msecs
[   49.479465] mmc1: Switching to 3.3V signalling voltage failed
[   49.734436] tegra-sor 54540000.sor: failed to attach SOR: -110
[   49.750532] PM: resume of devices complete after 312.175 msecs
[   49.825858] Restarting tasks ... done.
root@(none):/# 
root@(none):/# rtcwake -d rtc1 -m mem -s 3
rtcwake: assuming RTC uses UTC ...
rtcwake: wakeup from "mem" using /dev/rtc1 at Thu Jan  1 00:01:38 1970
[   50.804731] PM: Syncing filesystems ... done.
[   50.814285] Freezing user space processes ... (elapsed 0.001 seconds) done.
[   50.822502] Double checking all user space processes after OOM killer disable... (elapsed 0.000 seconds) 
[   50.832146] Freezing remaining freezable tasks ... (elapsed 0.001 seconds) done.
[   50.840860] Suspending console(s) (use no_console_suspend to debug)
[   51.065867] PM: suspend of devices complete after 218.139 msecs
[   51.067568] PM: late suspend of devices complete after 1.692 msecs
[   51.068490] PM: noirq suspend of devices complete after 0.918 msecs
[   51.068492] Disabling non-boot CPUs ...
[   51.104740] CPU1: shutdown
[   51.204727] CPU2: shutdown
[   51.304689] CPU3: shutdown
[   51.355196] Entering suspend state LP1
[   51.355208] Enabling non-boot CPUs ...
[   51.415631] CPU1 is up
[   51.475773] CPU2 is up
[   51.535993] CPU3 is up
[   51.536529] PM: noirq resume of devices complete after 0.532 msecs
[   51.538268] PM: early resume of devices complete after 1.229 msecs
[   51.579787] mmc1: Switching to 3.3V signalling voltage failed
[   51.834372] tegra-sor 54540000.sor: failed to attach SOR: -110
[   51.850810] PM: resume of devices complete after 312.537 msecs
[   51.926135] Restarting tasks ... done.
root@(none):/# 
root@(none):/# NVTB SYSTEM SUSPEND TEST COMPLETE
