Diff for ./tegra30-beaver/tegra30-beaver/tegra_defconfig_log.txt
--- /tmp/fooa	2013-11-25 10:59:24.038877104 -0800
+++ /tmp/foob	2013-11-25 10:59:24.042877108 -0800
@@ -22,33 +22,33 @@
 Sending: 
 
 Transfer complete
-yzModem - CRC mode, 7(SOH)/4380(STX)/0(CAN) packets, 3 retries
-## Total Size      = 0x00447268 = 4485736 Bytes
+yzModem - CRC mode, 9(SOH)/4040(STX)/0(CAN) packets, 3 retries
+## Total Size      = 0x003f2318 = 4137752 Bytes
 Tegra30 (Beaver) # loady 0x82000000
 ## Ready for binary (ymodem) download to 0x82000000 at 230400 bps...
 CSending: tegra30-beaver.dtb
 Sending: 
 
 Transfer complete
-yzModem - CRC mode, 2(SOH)/17(STX)/0(CAN) packets, 3 retries
-## Total Size      = 0x0000439d = 17309 Bytes
+yzModem - CRC mode, 6(SOH)/20(STX)/0(CAN) packets, 3 retries
+## Total Size      = 0x000051b8 = 20920 Bytes
 Tegra30 (Beaver) # bootz 0x81000000 - 0x82000000
 ## Flattened Device Tree blob at 82000000
    Booting using the fdt blob at 0x82000000
-   Loading Device Tree to 8fff8000, end 8ffff39c ... OK
+   Loading Device Tree to 8fff7000, end 8ffff1b7 ... OK
 
 Starting kernel .ø†ø†æ€˜€æ€˜€fæžÎžæžøÎxÎøÎžøž~8˜†žøžf†ø†ø†8xþžøžf†8àÎžþž`Îžøž~8~€žf8æÎxžfžø†æ€˜€[    0.000000] Booting Linux on physical CPU 0x0
 Initializing cgroup subsys cpu
 Initializing cgroup subsys cpuacct
-Linux version 3.12.0-24371-g5e01dc7 (pwalmsley@tamien) (gcc version 4.5.1 (Sourcery G++ Lite 2010.09-50) ) #1 SMP PREEMPT Mon Nov 4 10:37:43 PST 2013
+Linux version 3.13.0-rc1-35727-g6ce4eac (pwalmsley@tamien) (gcc version 4.6.3 (Ubuntu/Linaro 4.6.3-1ubuntu5) ) #1 SMP PREEMPT Mon Nov 25 10:53:43 PST 2013
 CPU: ARMv7 Processor [412fc099] revision 9 (ARMv7), cr=10c5387d
 CPU: PIPT / VIPT nonaliasing data cache, VIPT aliasing instruction cache
-Machine: NVIDIA Tegra SoC (Flattened Device Tree), model: NVIDIA Tegra30 Beaver evaluation board
+Machine model: NVIDIA Tegra30 Beaver evaluation board
 debug: ignoring loglevel setting.
 cma: CMA: reserved 16 MiB at ae800000
-Memory policy: ECC disabled, Data cache writealloc
+Memory policy: Data cache writealloc
 On node 0 totalpages: 524032
-free_area_init_node: node 0, pgdat c084efc0, node_mem_map c08a7000
+free_area_init_node: node 0, pgdat c07e7280, node_mem_map c0840000
   Normal zone: 1520 pages used for memmap
   Normal zone: 0 pages reserved
   Normal zone: 194560 pages, LIFO batch:31
@@ -59,7 +59,7 @@
 Tegra Revision: A03 SKU: 128 CPU Process: 4 Core Process: 0
 L310 cache controller enabled
 l2x0: 8 ways, CACHE_ID 0x410000c7, AUX_CTRL 0x7e480001, Cache size: 1024 kB
-PERCPU: Embedded 8 pages/cpu @c18b9000 s9088 r8192 d15488 u32768
+PERCPU: Embedded 8 pages/cpu @c1853000 s9088 r8192 d15488 u32768
 pcpu-alloc: s9088 r8192 d15488 u32768 alloc=8*4096
 pcpu-alloc: [0] 0 [0] 1 [0] 2 [0] 3 
 Built 1 zonelists in Zone order, mobility grouping on.  Total pages: 522512
@@ -67,7 +67,7 @@
 PID hash table entries: 4096 (order: 2, 16384 bytes)
 Dentry cache hash table entries: 131072 (order: 7, 524288 bytes)
 Inode-cache hash table entries: 65536 (order: 6, 262144 bytes)
-Memory: 2053432K/2096128K available (6112K kernel code, 305K rwdata, 1816K rodata, 236K init, 342K bss, 42696K reserved, 1317888K highmem)
+Memory: 2053836K/2096128K available (5654K kernel code, 306K rwdata, 1852K rodata, 244K init, 347K bss, 42292K reserved, 1317888K highmem)
 Virtual kernel memory layout:
     vector  : 0xffff0000 - 0xffff1000   (   4 kB)
     fixmap  : 0xfff00000 - 0xfffe0000   ( 896 kB)
@@ -75,22 +75,22 @@
     lowmem  : 0xc0000000 - 0xef800000   ( 760 MB)
     pkmap   : 0xbfe00000 - 0xc0000000   (   2 MB)
     modules : 0xbf000000 - 0xbfe00000   (  14 MB)
-      .text : 0xc0008000 - 0xc07c6504   (7930 kB)
-      .init : 0xc07c7000 - 0xc0802380   ( 237 kB)
-      .data : 0xc0804000 - 0xc0850600   ( 306 kB)
-       .bss : 0xc085060c - 0xc08a619c   ( 343 kB)
+      .text : 0xc0008000 - 0xc075cd8c   (7508 kB)
+      .init : 0xc075d000 - 0xc079a380   ( 245 kB)
+      .data : 0xc079c000 - 0xc07e89e0   ( 307 kB)
+       .bss : 0xc07e89ec - 0xc083f730   ( 348 kB)
 Preemptible hierarchical RCU implementation.
 NR_IRQS:16 nr_irqs:16 16
-sched_clock: 32 bits at 1000kHz, resolution 1000ns, wraps every 4294967ms
+sched_clock: 32 bits at 1000kHz, resolution 1000ns, wraps every 2147483648000ns
 Console: colour dummy device 80x30
-Calibrating delay loop... 2793.47 BogoMIPS (lpj=13967360)
+Calibrating delay loop... 2786.91 BogoMIPS (lpj=13934592)
 pid_max: default: 32768 minimum: 301
 Mount-cache hash table entries: 512
 Initializing cgroup subsys debug
 Initializing cgroup subsys freezer
 CPU: Testing write buffer coherency: ok
 CPU0: thread -1, cpu 0, socket 0, mpidr 80000000
-Setting up static identity map for 0xc05d0080 - 0xc05d0118
+Setting up static identity map for 0x8055ca80 - 0x8055cb18
 CPU1: Booted secondary processor
 CPU1: thread -1, cpu 1, socket 0, mpidr 80000001
 CPU2: Booted secondary processor
@@ -132,8 +132,6 @@
 usbcore: registered new interface driver hub
 usbcore: registered new device driver usb
 tps62361-vout: 500 <--> 1500 mV at 1160 mV 
-tps65910 4-002d: VMBCH-Threshold not specified
-tps65910 4-002d: VMBCH2-Threshold not specified
 vdd_1v8_gen: 1800 mV 
 vdd_1v8_gen: supplied by vdd_5v_in
 vddio_ddr_1v2: 1200 mV 
@@ -158,7 +156,7 @@
 Linux video capture interface: v2.00
 platform 7000f010.iommu: Driver tegra-smmu requests probe deferral
 Advanced Linux Sound Architecture Driver Initialized.
-Bluetooth: Core ver 2.16
+Bluetooth: Core ver 2.17
 NET: Registered protocol family 31
 Bluetooth: HCI device and connection manager initialized
 Bluetooth: HCI socket layer initialized
@@ -167,7 +165,7 @@
 cfg80211: Calling CRDA to update world regulatory domain
 Switched to clocksource timer_us
 NET: Registered protocol family 2
-TCP established hash table entries: 8192 (order: 4, 65536 bytes)
+TCP established hash table entries: 8192 (order: 3, 32768 bytes)
 TCP bind hash table entries: 8192 (order: 4, 65536 bytes)
 TCP: Hash tables configured (established 8192 bind 8192)
 TCP: reno registered
@@ -182,21 +180,16 @@
 hw perfevents: enabled with ARMv7 Cortex-A9 PMU driver, 7 counters available
 bounce pool size: 64 pages
 squashfs: version 4.0 (2009/01/31) Phillip Lougher
-msgmni has been set to 1468
+msgmni has been set to 1469
 io scheduler noop registered (default)
+platform 3000.pcie-controller: Driver tegra-pcie requests probe deferral
 tegra-apbdma 6000a000.dma: Tegra20 APB DMA driver register 32 channels
 Serial: 8250/16550 driver, 4 ports, IRQ sharing disabled
 70006000.serial: ttyS0 at MMIO 0x70006000 (irq = 68, base_baud = 25500000) is a Tegra
 console [ttyS0] enabled
 [drm] Initialized drm 1.1.0 20060810
-[drm] Supports vblank timestamp caching Rev 1 (10.10.2010).
-[drm] No driver support for vblank timestamp query.
-tegra-host1x 50000000.host1x: No connectors reported connected with modes
-[drm] Cannot find any crtc or sizes - going 1024x768
-Console: switching to colour frame buffer device 128x48
-tegra-host1x 50000000.host1x: fb0:  frame buffer device
-tegra-host1x 50000000.host1x: registered panic notifier
-[drm] Initialized tegra 0.0.0 20120330 on minor 0
+tegra-hdmi 54280000.hdmi: failed to get VDD regulator
+platform 54280000.hdmi: Driver tegra-hdmi requests probe deferral
 loop: module loaded
 m25p80 spi32766.1: w25q32 (4096 Kbytes)
 pegasus: v0.9.3 (2013/04/25), Pegasus/Pegasus II USB Ethernet driver
@@ -214,6 +207,7 @@
 ehci_hcd: USB 2.0 'Enhanced' Host Controller (EHCI) Driver
 ehci-pci: EHCI PCI platform driver
 tegra-ehci: Tegra EHCI driver
+platform 7d008000.usb: Driver tegra-ehci requests probe deferral
 usbcore: registered new interface driver cdc_acm
 cdc_acm: USB Abstract Control Model driver for USB modems and ISDN adapters
 usbcore: registered new interface driver cdc_wdm
@@ -227,17 +221,22 @@
 sdhci-pltfm: SDHCI platform and OF driver helper
 sdhci-tegra 78000000.sdhci: Got CD GPIO #69.
 sdhci-tegra 78000000.sdhci: Got WP GPIO #155.
+sdhci-tegra 78000000.sdhci: dummy supplies not allowed
 mmc0: no vqmmc regulator found
+sdhci-tegra 78000000.sdhci: dummy supplies not allowed
 mmc0: no vmmc regulator found
 mmc0: Invalid maximum block size, assuming 512 bytes
 mmc0: SDHCI controller on 78000000.sdhci [78000000.sdhci] using ADMA
+sdhci-tegra 78000600.sdhci: dummy supplies not allowed
 mmc1: no vqmmc regulator found
+sdhci-tegra 78000600.sdhci: dummy supplies not allowed
 mmc1: no vmmc regulator found
 mmc1: Invalid maximum block size, assuming 512 bytes
 mmc1: SDHCI controller on 78000600.sdhci [78000600.sdhci] using ADMA
 usbcore: registered new interface driver usbhid
 usbhid: USB HID core driver
 mmc1: new high speed MMC card at address 0001
+isa bounce pool size: 16 pages
 mmcblk0: mmc1:0001 SEM16G 14.8 GiB 
 mmcblk0boot0: mmc1:0001 SEM16G partition 1 1.00 MiB
 mmcblk0boot1: mmc1:0001 SEM16G partition 2 1.00 MiB
@@ -246,7 +245,7 @@
  mmcblk0: p1 p2 p3 p4 p5
  mmcblk0boot1: unknown partition table
  mmcblk0boot0: unknown partition table
-tegra-snd-rt5640 sound.4:  rt5640-aif1 <-> 70080400.i2s mapping ok
+tegra-snd-rt5640 sound.4: rt5640-aif1 <-> 70080400.i2s mapping ok
 input: NVIDIA Tegra Beaver Headphones as /devices/soc0/sound.4/sound/card0/input0
 TCP: cubic registered
 NET: Registered protocol family 10
@@ -269,7 +268,62 @@
 sys_3v3,vdd_3v3_alw: supplied by vdd_5v_in
 sys_3v3_pexs: 3300 mV 
 sys_3v3_pexs: supplied by sys_3v3,vdd_3v3_alw
-tegra_rtc 7000e000.rtc: setting system clock to 1970-01-01 00:03:49 UTC (229)
+tegra-pcie 3000.pcie-controller: 2x3 configuration
+tegra-pcie 3000.pcie-controller: probing port 0, using 2 lanes
+tegra-pcie 3000.pcie-controller: probing port 2, using 2 lanes
+tegra-pcie 3000.pcie-controller: link 2 down, retrying
+tegra-pcie 3000.pcie-controller: link 2 down, retrying
+tegra-pcie 3000.pcie-controller: link 2 down, retrying
+tegra-pcie 3000.pcie-controller: link 2 down, ignoring
+tegra-pcie 3000.pcie-controller: PCI host bridge to bus 0000:00
+pci_bus 0000:00: root bus resource [mem 0x20000000-0x27ffffff]
+pci_bus 0000:00: root bus resource [mem 0x28000000-0x3fffffff pref]
+pci_bus 0000:00: root bus resource [bus 00-ff]
+pci_bus 0000:00: root bus resource [io  0x1000-0xffff]
+pci 0000:00:01.0: [10de:0e1c] type 01 class 0x060400
+pci 0000:00:01.0: PME# supported from D0 D1 D2 D3hot D3cold
+PCI: bus0: Fast back to back transfers disabled
+pci 0000:00:01.0: bridge configuration invalid ([bus 00-00]), reconfiguring
+pci 0000:01:00.0: [10ec:8168] type 00 class 0x020000
+pci 0000:01:00.0: reg 0x10: [io  0x0000-0x00ff]
+pci 0000:01:00.0: reg 0x18: [mem 0x00000000-0x00000fff 64bit pref]
+pci 0000:01:00.0: reg 0x20: [mem 0x00000000-0x00003fff 64bit pref]
+pci 0000:01:00.0: supports D1 D2
+pci 0000:01:00.0: PME# supported from D0 D1 D2 D3hot D3cold
+PCI: bus1: Fast back to back transfers disabled
+pci_bus 0000:01: busn_res: [bus 01-ff] end is updated to 01
+pci 0000:00:01.0: BAR 9: assigned [mem 0x28000000-0x280fffff 64bit pref]
+pci 0000:00:01.0: BAR 7: assigned [io  0x1000-0x1fff]
+pci 0000:01:00.0: BAR 4: assigned [mem 0x28000000-0x28003fff 64bit pref]
+pci 0000:01:00.0: BAR 2: assigned [mem 0x28004000-0x28004fff 64bit pref]
+pci 0000:01:00.0: BAR 0: assigned [io  0x1000-0x10ff]
+pci 0000:00:01.0: PCI bridge to [bus 01]
+pci 0000:00:01.0:   bridge window [io  0x1000-0x1fff]
+pci 0000:00:01.0:   bridge window [mem 0x28000000-0x280fffff 64bit pref]
+pci 0000:00:01.0: nv_msi_ht_cap_quirk didn't locate host bridge
+pcieport 0000:00:01.0: Signaling PME through PCIe PME interrupt
+pci 0000:01:00.0: Signaling PME through PCIe PME interrupt
+pcie_pme 0000:00:01.0:pcie01: service driver pcie_pme loaded
+r8169 Gigabit Ethernet driver 2.3LK-NAPI loaded
+PCI: enabling device 0000:01:00.0 (0140 -> 0143)
+r8169 0000:01:00.0 eth0: RTL8168evl/8111evl at 0xf0022000, 02:04:4b:01:60:a6, XID 0c900800 IRQ 473
+r8169 0000:01:00.0 eth0: jumbo features [frames: 9200 bytes, tx checksumming: ko]
+[drm] Supports vblank timestamp caching Rev 2 (21.10.2013).
+[drm] No driver support for vblank timestamp query.
+host1x drm: No connectors reported connected with modes
+[drm] Cannot find any crtc or sizes - going 1024x768
+Console: switching to colour frame buffer device 128x48
+host1x drm: fb0:  frame buffer device
+host1x drm: registered panic notifier
+[drm] Initialized tegra 0.0.0 20120330 on minor 0
+utmi_phy_clk_enable: timeout waiting for phy to stabilize
+tegra-ehci 7d008000.usb: EHCI Host Controller
+tegra-ehci 7d008000.usb: new USB bus registered, assigned bus number 1
+tegra-ehci 7d008000.usb: irq 129, io mem 0x7d008000
+tegra-ehci 7d008000.usb: USB 2.0 started, EHCI 1.00
+hub 1-0:1.0: USB hub found
+hub 1-0:1.0: 1 port detected
+tegra_rtc 7000e000.rtc: setting system clock to 1970-01-01 00:03:35 UTC (215)
 ALSA device list:
   #0: NVIDIA Tegra Beaver
 kjournald starting.  Commit interval 5 seconds
@@ -278,16 +332,17 @@
 EXT3-fs (mmcblk0p1): mounted filesystem with writeback data mode
 VFS: Mounted root (ext3 filesystem) on device 179:1.
 devtmpfs: mounted
-Freeing unused kernel memory: 236K (c07c7000 - c0802000)
+Freeing unused kernel memory: 244K (c075d000 - c079a000)
  
 INIT: version 2.88 booting
 Using makefile-style concurrent boot in runlevel S.
-Starting the hotplug events dispatcher: udevd[    2.690371] udevd[177]: starting version 175
+Starting the hotplug events dispatcher: udevd[    4.154798] udevd[178]: starting version 175
 [ ok .
 Synthesizing the initial hotplug events...[ ok done.
 Waiting for /dev to be fully populated...[ ok done.
 Activating swap...[ ok done.
 Cleaning up temporary files... /tmp[ ok .
+random: nonblocking pool is initialized
 Activating lvm and md swap...[ ok done.
 Checking file systems...fsck from util-linux 2.20.1
 [ ok done.
@@ -305,8 +360,8 @@
 Using makefile-style concurrent boot in runlevel 2.
 Starting network benchmark server[FAIL failed!
 Starting rpcbind daemon...[....] Already running.[ ok .
-Starting system message bus: dbus[ ok .
 Starting NFS common utilities: statd idmapd[FAIL failed!
+Starting system message bus: dbus[ ok .
 startpar: service(s) returned failure: nfs-common ...[FAIL failed!
 
 Debian GNU/Linux wheezy/sid armel ttyS0
Diff for ./tegra30-beaver/tegra30-beaver/multi_v7_defconfig_log.txt
--- /tmp/fooa	2013-11-25 10:59:24.062877120 -0800
+++ /tmp/foob	2013-11-25 10:59:24.066877124 -0800
@@ -22,32 +22,32 @@
 Sending: 
 
 Transfer complete
-yzModem - CRC mode, 8(SOH)/3883(STX)/0(CAN) packets, 3 retries
-## Total Size      = 0x003caf00 = 3976960 Bytes
+yzModem - CRC mode, 6(SOH)/3544(STX)/0(CAN) packets, 3 retries
+## Total Size      = 0x003761b8 = 3629496 Bytes
 Tegra30 (Beaver) # loady 0x82000000
 ## Ready for binary (ymodem) download to 0x82000000 at 230400 bps...
 CSending: tegra30-beaver.dtb
 Sending: 
 
 Transfer complete
-yzModem - CRC mode, 2(SOH)/17(STX)/0(CAN) packets, 3 retries
-## Total Size      = 0x0000439d = 17309 Bytes
+yzModem - CRC mode, 6(SOH)/20(STX)/0(CAN) packets, 3 retries
+## Total Size      = 0x000051b8 = 20920 Bytes
 Tegra30 (Beaver) # bootz 0x81000000 - 0x82000000
 ## Flattened Device Tree blob at 82000000
    Booting using the fdt blob at 0x82000000
-   Loading Device Tree to 8fff8000, end 8ffff39c ... OK
+   Loading Device Tree to 8fff7000, end 8ffff1b7 ... OK
 
 Starting kernel ...
 
 Booting Linux on physical CPU 0x0
-Linux version 3.11.6-12917-g5070441 (pwalmsley@kaivo) (gcc version 4.5.1 (Sourcery G++ Lite 2010.09-50) ) #1 SMP Mon Nov 4 10:35:38 PST 2013
+Linux version 3.13.0-rc1-35727-g6ce4eac (pwalmsley@kaivo) (gcc version 4.6.3 (Ubuntu/Linaro 4.6.3-1ubuntu5) ) #1 SMP Mon Nov 25 10:51:35 PST 2013
 CPU: ARMv7 Processor [412fc099] revision 9 (ARMv7), cr=10c5387d
 CPU: PIPT / VIPT nonaliasing data cache, VIPT aliasing instruction cache
-Machine: NVIDIA Tegra SoC (Flattened Device Tree), model: NVIDIA Tegra30 Beaver evaluation board
+Machine model: NVIDIA Tegra30 Beaver evaluation board
 debug: ignoring loglevel setting.
-Memory policy: ECC disabled, Data cache writealloc
+Memory policy: Data cache writealloc
 On node 0 totalpages: 524032
-free_area_init_node: node 0, pgdat c07b6a40, node_mem_map c07fe000
+free_area_init_node: node 0, pgdat c07480c0, node_mem_map c0791000
   DMA zone: 1520 pages used for memmap
   DMA zone: 0 pages reserved
   DMA zone: 194560 pages, LIFO batch:31
@@ -57,37 +57,37 @@
 Tegra30: CPU Speedo ID 5, Soc Speedo ID 2
 Tegra Revision: A03 SKU: 128 CPU Process: 4 Core Process: 0
 L310 cache controller enabled
-l2x0: 8 ways, CACHE_ID 0x410000c7, AUX_CTRL 0x7e480001, Cache size: 1048576 B
-PERCPU: Embedded 5 pages/cpu @c1810000 s7168 r0 d13312 u32768
-pcpu-alloc: s7168 r0 d13312 u32768 alloc=8*4096
+l2x0: 8 ways, CACHE_ID 0x410000c7, AUX_CTRL 0x7e480001, Cache size: 1024 kB
+PERCPU: Embedded 5 pages/cpu @c17a4000 s6976 r0 d13504 u32768
+pcpu-alloc: s6976 r0 d13504 u32768 alloc=8*4096
 pcpu-alloc: [0] 0 [0] 1 [0] 2 [0] 3 
 Built 1 zonelists in Zone order, mobility grouping on.  Total pages: 522512
 Kernel command line: console=ttyS0,230400n8 noinitrd root=/dev/mmcblk0p1 rw rootwait gpt ignore_loglevel debug
 PID hash table entries: 4096 (order: 2, 16384 bytes)
 Dentry cache hash table entries: 131072 (order: 7, 524288 bytes)
 Inode-cache hash table entries: 65536 (order: 6, 262144 bytes)
-Memory: 2070572K/2096128K available (5387K kernel code, 584K rwdata, 1416K rodata, 479K init, 279K bss, 25556K reserved, 1317888K highmem)
+Memory: 2071000K/2096128K available (4951K kernel code, 587K rwdata, 1408K rodata, 474K init, 284K bss, 25128K reserved, 1317888K highmem)
 Virtual kernel memory layout:
     vector  : 0xffff0000 - 0xffff1000   (   4 kB)
     fixmap  : 0xfff00000 - 0xfffe0000   ( 896 kB)
     vmalloc : 0xf0000000 - 0xff000000   ( 240 MB)
     lowmem  : 0xc0000000 - 0xef800000   ( 760 MB)
     pkmap   : 0xbfe00000 - 0xc0000000   (   2 MB)
-      .text : 0xc0008000 - 0xc06ad094   (6805 kB)
-      .init : 0xc06ae000 - 0xc0725c00   ( 479 kB)
-      .data : 0xc0726000 - 0xc07b8180   ( 585 kB)
-       .bss : 0xc07b8180 - 0xc07fde54   ( 280 kB)
+      .text : 0xc0008000 - 0xc063deec   (6360 kB)
+      .init : 0xc063e000 - 0xc06b4b40   ( 475 kB)
+      .data : 0xc06b6000 - 0xc0748ec0   ( 588 kB)
+       .bss : 0xc0748ec8 - 0xc07901cc   ( 285 kB)
 SLUB: HWalign=64, Order=0-3, MinObjects=0, CPUs=4, Nodes=1
 Hierarchical RCU implementation.
 NR_IRQS:16 nr_irqs:16 16
-sched_clock: 32 bits at 1000kHz, resolution 1000ns, wraps every 4294967ms
+sched_clock: 32 bits at 1000kHz, resolution 1000ns, wraps every 2147483648000ns
 Console: colour dummy device 80x30
 Calibrating delay loop... 1397.55 BogoMIPS (lpj=6987776)
 pid_max: default: 32768 minimum: 301
 Mount-cache hash table entries: 512
 CPU: Testing write buffer coherency: ok
 CPU0: thread -1, cpu 0, socket 0, mpidr 80000000
-Setting up static identity map for 0xc051d540 - 0xc051d5d8
+Setting up static identity map for 0x804afd18 - 0x804afdb0
 unable to find compatible sirf rstc node in dtb
 CPU1: Booted secondary processor
 CPU1: thread -1, cpu 1, socket 0, mpidr 80000001
@@ -96,14 +96,14 @@
 CPU3: Booted secondary processor
 CPU3: thread -1, cpu 3, socket 0, mpidr 80000003
 Brought up 4 CPUs
-SMP: Total of 4 processors activated (5590.22 BogoMIPS).
+SMP: Total of 4 processors activated.
 CPU: All CPU(s) started in SVC mode.
 devtmpfs: initialized
+VFP support v0.3: implementor 41 architecture 3 part 30 variant 9 rev 4
 pinctrl core: initialized pinctrl subsystem
 regulator-dummy: no parameters
 NET: Registered protocol family 16
 DMA: preallocated 256 KiB pool for atomic coherent allocations
-unable to find compatible sirf pwrc node in dtb
 Serial: AMBA PL011 UART driver
 bio: create slab <bio-0> at 0
 edma-dma-engine edma-dma-engine.0: Can't allocate PaRAM dummy slot
@@ -122,7 +122,6 @@
 reg-fixed-voltage 7.regulator: Failed to find supply vin
 reg-fixed-voltage 7.regulator: Failed to register regulator: -517
 platform 7.regulator: Driver reg-fixed-voltage requests probe deferral
-vgaarb: loaded
 SCSI subsystem initialized
 libata version 3.00 loaded.
 usbcore: registered new interface driver usbfs
@@ -135,7 +134,7 @@
 EDAC MC: Ver: 3.0.0
 Switched to clocksource timer_us
 NET: Registered protocol family 2
-TCP established hash table entries: 8192 (order: 4, 65536 bytes)
+TCP established hash table entries: 8192 (order: 3, 32768 bytes)
 TCP bind hash table entries: 8192 (order: 4, 65536 bytes)
 TCP: Hash tables configured (established 8192 bind 8192)
 TCP: reno registered
@@ -146,7 +145,6 @@
 RPC: Registered udp transport module.
 RPC: Registered tcp transport module.
 RPC: Registered tcp NFSv4.1 backchannel transport module.
-PCI: CLS 0 bytes, default 64
 bounce pool size: 64 pages
 NFS: Registering the id_resolver key type
 Key type id_resolver registered
@@ -158,25 +156,19 @@
 tegra-apbdma 6000a000.dma: Tegra20 APB DMA driver register 32 channels
 Serial: 8250/16550 driver, 4 ports, IRQ sharing disabled
 Serial: IMX driver
-70006000.serial: ttyS0 at MMIO 0x70006000 (irq = 68) is a Tegra
+70006000.serial: ttyS0 at MMIO 0x70006000 (irq = 68, base_baud = 25500000) is a Tegra
 console [ttyS0] enabled
 serial: Freescale lpuart driver
 [drm] Initialized drm 1.1.0 20060810
-[drm] Supports vblank timestamp caching Rev 1 (10.10.2010).
-[drm] No driver support for vblank timestamp query.
-tegra-host1x 50000000.host1x: No connectors reported connected with modes
-[drm] Cannot find any crtc or sizes - going 1024x768
-Console: switching to colour frame buffer device 128x48
-tegra-host1x 50000000.host1x: fb0:  frame buffer device
-tegra-host1x 50000000.host1x: registered panic notifier
-[drm] Initialized tegra 0.0.0 20120330 on minor 0
+tegra-hdmi 54280000.hdmi: failed to get VDD regulator
+platform 54280000.hdmi: Driver tegra-hdmi requests probe deferral
 ehci_hcd: USB 2.0 'Enhanced' Host Controller (EHCI) Driver
-ehci-pci: EHCI PCI platform driver
 ehci-platform: EHCI generic platform driver
 ehci-omap: OMAP-EHCI Host Controller driver
 ehci-orion: EHCI orion driver
 SPEAr-ehci: EHCI SPEAr driver
 tegra-ehci: Tegra EHCI driver
+platform 7d008000.usb: Driver tegra-ehci requests probe deferral
 usbcore: registered new interface driver usb-storage
 mousedev: PS/2 mouse device common for all mice
 tegra_rtc 7000e000.rtc: rtc core: registered 7000e000.rtc as rtc0
@@ -186,11 +178,15 @@
 sdhci-pltfm: SDHCI platform and OF driver helper
 sdhci-tegra 78000000.sdhci: Got CD GPIO #69.
 sdhci-tegra 78000000.sdhci: Got WP GPIO #155.
+sdhci-tegra 78000000.sdhci: dummy supplies not allowed
 mmc0: no vqmmc regulator found
+sdhci-tegra 78000000.sdhci: dummy supplies not allowed
 mmc0: no vmmc regulator found
 mmc0: Invalid maximum block size, assuming 512 bytes
 mmc0: SDHCI controller on 78000000.sdhci [78000000.sdhci] using ADMA
+sdhci-tegra 78000600.sdhci: dummy supplies not allowed
 mmc1: no vqmmc regulator found
+sdhci-tegra 78000600.sdhci: dummy supplies not allowed
 mmc1: no vmmc regulator found
 mmc1: Invalid maximum block size, assuming 512 bytes
 mmc1: SDHCI controller on 78000600.sdhci [78000600.sdhci] using ADMA
@@ -200,7 +196,6 @@
 NET: Registered protocol family 10
 sit: IPv6 over IPv4 tunneling driver
 Key type dns_resolver registered
-VFP support v0.3: implementor 41 architecture 3 part 30 variant 9 rev 4
 Registering SWP/SWPB emulation handler
 platform 1.regulator: Driver reg-fixed-voltage requests probe deferral
 platform 2.regulator: Driver reg-fixed-voltage requests probe deferral
@@ -209,9 +204,28 @@
 reg-fixed-voltage 7.regulator: Failed to find supply vin
 reg-fixed-voltage 7.regulator: Failed to register regulator: -517
 platform 7.regulator: Driver reg-fixed-voltage requests probe deferral
-tegra_rtc 7000e000.rtc: setting system clock to 1970-01-01 00:03:26 UTC (206)
+tegra-hdmi 54280000.hdmi: failed to get VDD regulator
+platform 54280000.hdmi: Driver tegra-hdmi requests probe deferral
+utmi_phy_clk_enable: timeout waiting for phy to stabilize
+tegra-ehci 7d008000.usb: EHCI Host Controller
+tegra-ehci 7d008000.usb: new USB bus registered, assigned bus number 1
+tegra-ehci 7d008000.usb: irq 129, io mem 0x7d008000
+tegra-ehci 7d008000.usb: USB 2.0 started, EHCI 1.00
+hub 1-0:1.0: USB hub found
+hub 1-0:1.0: 1 port detected
+platform 1.regulator: Driver reg-fixed-voltage requests probe deferral
+platform 2.regulator: Driver reg-fixed-voltage requests probe deferral
+platform 6.regulator: Driver reg-fixed-voltage requests probe deferral
+sys_3v3_pexs: 3300 mV 
+reg-fixed-voltage 7.regulator: Failed to find supply vin
+reg-fixed-voltage 7.regulator: Failed to register regulator: -517
+platform 7.regulator: Driver reg-fixed-voltage requests probe deferral
+tegra-hdmi 54280000.hdmi: failed to get VDD regulator
+platform 54280000.hdmi: Driver tegra-hdmi requests probe deferral
+tegra_rtc 7000e000.rtc: setting system clock to 1970-01-01 00:03:09 UTC (189)
 Waiting for root device /dev/mmcblk0p1...
 mmc1: new high speed MMC card at address 0001
+isa bounce pool size: 16 pages
 mmcblk0: mmc1:0001 SEM16G 14.8 GiB 
 mmcblk0boot0: mmc1:0001 SEM16G partition 1 1.00 MiB
 mmcblk0boot1: mmc1:0001 SEM16G partition 2 1.00 MiB
@@ -227,16 +241,18 @@
 reg-fixed-voltage 7.regulator: Failed to find supply vin
 reg-fixed-voltage 7.regulator: Failed to register regulator: -517
 platform 7.regulator: Driver reg-fixed-voltage requests probe deferral
+tegra-hdmi 54280000.hdmi: failed to get VDD regulator
+platform 54280000.hdmi: Driver tegra-hdmi requests probe deferral
 EXT4-fs (mmcblk0p1): mounting ext3 file system using the ext4 subsystem
 EXT4-fs (mmcblk0p1): recovery complete
 EXT4-fs (mmcblk0p1): mounted filesystem with ordered data mode. Opts: (null)
 VFS: Mounted root (ext3 filesystem) on device 179:1.
 devtmpfs: mounted
-Freeing unused kernel memory: 476K (c06ae000 - c0725000)
+Freeing unused kernel memory: 472K (c063e000 - c06b4000)
  
 INIT: version 2.88 booting
 Using makefile-style concurrent boot in runlevel S.
-Starting the hotplug events dispatcher: udevd[    2.134404] udevd[159]: starting version 175
+Starting the hotplug events dispatcher: udevd[    2.088525] udevd[158]: starting version 175
 [ ok .
 Synthesizing the initial hotplug events...[ ok done.
 Waiting for /dev to be fully populated...[ ok done.
@@ -249,6 +265,7 @@
 Mounting local filesystems...[ ok done.
 Activating swapfile swap...[ ok done.
 Cleaning up temporary files...[ ok .
+random: nonblocking pool is initialized
 Setting kernel variables ...[ ok done.
 Configuring network interfaces...[ ok done.
 Starting rpcbind daemon...[ ok .
Diff for ./tegra114-dalmore-headless/tegra114-dalmore/tegra_defconfig_log.txt
--- /tmp/fooa	2013-11-25 10:59:24.094877145 -0800
+++ /tmp/foob	2013-11-25 10:59:24.098877149 -0800
@@ -28,52 +28,52 @@
 TFTP from server 192.168.100.1; our IP address is 192.168.100.100
 Filename 'zImage.tegra_defconfig'.
 Load address: 0x81000000
-Loading: *#################################################  2.8 MiB/s
+Loading: *#################################################  2.9 MiB/s
 done
-Bytes transferred = 4485736 (447268 hex)
+Bytes transferred = 4137752 (3f2318 hex)
 Dalmore #tftpboot 0x82000000 tegra114-dalmore.dtb
 Using asx0 device
 TFTP from server 192.168.100.1; our IP address is 192.168.100.100
 Filename 'tegra114-dalmore.dtb'.
 Load address: 0x82000000
-Loading: *#################################################  2.5 MiB/s
+Loading: *#################################################  2.3 MiB/s
 done
-Bytes transferred = 24048 (5df0 hex)
+Bytes transferred = 29436 (72fc hex)
 Dalmore #bootz 0x81000000 - 0x82000000
 ## Flattened Device Tree blob at 82000000
    Booting using the fdt blob at 0x82000000
-   Loading Device Tree to 81ff7000, end 81fffdef ... OK
+   Loading Device Tree to 81ff5000, end 81fff2fb ... OK
 
 Starting kernel ...
 
 Timer summary in microseconds:
        Mark    Elapsed  Stage
           0          0  awake
-  2,120,918  2,120,918  usb_start
-  6,124,335  4,003,417  eth_start
-  6,124,333         -2  tftp start
- 10,091,544  3,967,211  tftp done
- 12,136,817  2,045,273  start_kernel
+  2,126,726  2,126,726  usb_start
+  6,130,082  4,003,356  eth_start
+  6,130,079         -3  tftp start
+  9,977,098  3,847,019  tftp done
+ 12,142,615  2,165,517  start_kernel
 Uncompressing Linux... done, booting the kernel.
 Booting Linux on physical CPU 0x0
 Initializing cgroup subsys cpu
 Initializing cgroup subsys cpuacct
-Linux version 3.12.0-24371-g5e01dc7 (pwalmsley@tamien) (gcc version 4.5.1 (Sourcery G++ Lite 2010.09-50) ) #1 SMP PREEMPT Mon Nov 4 10:37:43 PST 2013
+Linux version 3.13.0-rc1-35727-g6ce4eac (pwalmsley@tamien) (gcc version 4.6.3 (Ubuntu/Linaro 4.6.3-1ubuntu5) ) #1 SMP PREEMPT Mon Nov 25 10:53:43 PST 2013
 CPU: ARMv7 Processor [412fc0f2] revision 2 (ARMv7), cr=10c5387d
 CPU: PIPT / VIPT nonaliasing data cache, PIPT instruction cache
-Machine: NVIDIA Tegra SoC (Flattened Device Tree), model: NVIDIA Tegra114 Dalmore evaluation board
+Machine model: NVIDIA Tegra114 Dalmore evaluation board
 debug: ignoring loglevel setting.
 cma: CMA: reserved 16 MiB at ae800000
-Memory policy: ECC disabled, Data cache writealloc
+Memory policy: Data cache writealloc
 On node 0 totalpages: 524032
-free_area_init_node: node 0, pgdat c084efc0, node_mem_map c08a7000
+free_area_init_node: node 0, pgdat c07e7280, node_mem_map c0840000
   Normal zone: 1520 pages used for memmap
   Normal zone: 0 pages reserved
   Normal zone: 194560 pages, LIFO batch:31
   HighMem zone: 2574 pages used for memmap
   HighMem zone: 329472 pages, LIFO batch:31
 Tegra Revision: A01 SKU: 0 CPU Process: 1 Core Process: 1
-PERCPU: Embedded 8 pages/cpu @c18bc000 s9088 r8192 d15488 u32768
+PERCPU: Embedded 8 pages/cpu @c1858000 s9088 r8192 d15488 u32768
 pcpu-alloc: s9088 r8192 d15488 u32768 alloc=8*4096
 pcpu-alloc: [0] 0 [0] 1 [0] 2 [0] 3 
 Built 1 zonelists in Zone order, mobility grouping on.  Total pages: 522512
@@ -81,7 +81,7 @@
 PID hash table entries: 4096 (order: 2, 16384 bytes)
 Dentry cache hash table entries: 131072 (order: 7, 524288 bytes)
 Inode-cache hash table entries: 65536 (order: 6, 262144 bytes)
-Memory: 2053416K/2096128K available (6112K kernel code, 305K rwdata, 1816K rodata, 236K init, 342K bss, 42712K reserved, 1317888K highmem)
+Memory: 2053808K/2096128K available (5654K kernel code, 306K rwdata, 1852K rodata, 244K init, 347K bss, 42320K reserved, 1317888K highmem)
 Virtual kernel memory layout:
     vector  : 0xffff0000 - 0xffff1000   (   4 kB)
     fixmap  : 0xfff00000 - 0xfffe0000   ( 896 kB)
@@ -89,16 +89,16 @@
     lowmem  : 0xc0000000 - 0xef800000   ( 760 MB)
     pkmap   : 0xbfe00000 - 0xc0000000   (   2 MB)
     modules : 0xbf000000 - 0xbfe00000   (  14 MB)
-      .text : 0xc0008000 - 0xc07c6504   (7930 kB)
-      .init : 0xc07c7000 - 0xc0802380   ( 237 kB)
-      .data : 0xc0804000 - 0xc0850600   ( 306 kB)
-       .bss : 0xc085060c - 0xc08a619c   ( 343 kB)
+      .text : 0xc0008000 - 0xc075cd8c   (7508 kB)
+      .init : 0xc075d000 - 0xc079a380   ( 245 kB)
+      .data : 0xc079c000 - 0xc07e89e0   ( 307 kB)
+       .bss : 0xc07e89ec - 0xc083f730   ( 348 kB)
 Preemptible hierarchical RCU implementation.
 NR_IRQS:16 nr_irqs:16 16
-sched_clock: 32 bits at 1000kHz, resolution 1000ns, wraps every 4294967ms
+sched_clock: 32 bits at 1000kHz, resolution 1000ns, wraps every 2147483648000ns
 Architected cp15 timer(s) running at 12.00MHz (virt).
+sched_clock: 56 bits at 12MHz, resolution 83ns, wraps every 2863311536128ns
 Switching to timer-based delay loop
-sched_clock: ARM arch timer >56 bits at 12000kHz, resolution 83ns
 Console: colour dummy device 80x30
 Calibrating delay loop (skipped), value calculated using timer frequency.. 24.00 BogoMIPS (lpj=120000)
 pid_max: default: 32768 minimum: 301
@@ -111,7 +111,7 @@
 /cpus/cpu@2 missing clock-frequency property
 /cpus/cpu@3 missing clock-frequency property
 CPU0: thread -1, cpu 0, socket 0, mpidr 80000000
-Setting up static identity map for 0xc05d0080 - 0xc05d0118
+Setting up static identity map for 0x8055ca80 - 0x8055cb18
 CPU1: Booted secondary processor
 CPU1: thread -1, cpu 1, socket 0, mpidr 80000001
 CPU2: Booted secondary processor
@@ -149,6 +149,7 @@
 vdd_hdmi_5v0: Failed to request enable GPIO81: -517
 reg-fixed-voltage 5.regulator: Failed to register regulator: -517
 platform 5.regulator: Driver reg-fixed-voltage requests probe deferral
+platform 6.regulator: Driver reg-fixed-voltage requests probe deferral
 vgaarb: loaded
 SCSI subsystem initialized
 usbcore: registered new interface driver usbfs
@@ -180,10 +181,53 @@
 vdd-sby-5v0: supplied by vdd_ac_bat
 vdd-sby-3v3: no parameters
 vdd-sby-3v3: supplied by vdd_ac_bat
+genirq: Setting trigger mode 8 for irq 118 failed (gic_set_type+0x0/0xf0)
+palmas 1-0058: Irq flag is 0x00000000
+palmas 1-0058: Muxing GPIO ff, PWM 0, LED 0
+vddio-ddr: 1350 mV 
+vddio-ddr: supplied by vdd-ao
+vddio-1v8: 1800 mV 
+vddio-1v8: supplied by vdd-ao
+vdd-core: 900 <--> 1400 mV at 1100 mV 
+vdd-core: supplied by vdd-sys-3v3
+SMPS6: no parameters
+avdd-pll: 1050 mV 
+avdd-pll: supplied by vdd-sys-3v3
+sdhci-vdd-sd-slot: 2800 mV 
+sdhci-vdd-sd-slot: supplied by vdd-sys-3v3
+SMPS10_OUT2: at 5000 mV 
+SMPS10_OUT1: at 5000 mV 
+avdd-cam1: 2800 mV 
+avdd-cam1: supplied by vdd-sys-3v3
+avdd-cam2: 2800 mV 
+avdd-cam2: supplied by vdd-sys-3v3
+avdd-dsi-csi: 1200 mV 
+avdd-dsi-csi: supplied by vddio-1v8
+vpp-fuse: 1800 mV 
+vpp-fuse: supplied by vdd-sys-3v3
+LDO5: at 1200 mV 
+LDO5: supplied by vdd_ac_bat
+vdd-sensor-2v85: 2850 mV 
+vdd-sensor-2v85: supplied by vdd-sys-3v3
+vdd-af-cam1: 2800 mV 
+vdd-af-cam1: supplied by vdd-sys-3v3
+vdd-rtc: 900 mV 
+vdd-rtc: supplied by vdd-ao
+vddio-sdmmc-2: 1800 <--> 3300 mV at 3300 mV 
+vddio-sdmmc-2: supplied by sdhci-vdd-sd-slot
+hvdd-usb: 3300 mV 
+hvdd-usb: supplied by vdd-sys-5v0
+avdd-usb: 3300 mV 
+avdd-usb: supplied by vdd-sys-5v0
+rail-3v3: no parameters
+rail-5v0: no parameters
+REGEN3: no parameters
+SYSEN1: no parameters
+SYSEN2: no parameters
 Linux video capture interface: v2.00
-platform 7000f010.iommu: Driver tegra-smmu requests probe deferral
+platform 70019010.iommu: Driver tegra-smmu requests probe deferral
 Advanced Linux Sound Architecture Driver Initialized.
-Bluetooth: Core ver 2.16
+Bluetooth: Core ver 2.17
 NET: Registered protocol family 31
 Bluetooth: HCI device and connection manager initialized
 Bluetooth: HCI socket layer initialized
@@ -192,7 +236,7 @@
 cfg80211: Calling CRDA to update world regulatory domain
 Switched to clocksource arch_sys_counter
 NET: Registered protocol family 2
-TCP established hash table entries: 8192 (order: 4, 65536 bytes)
+TCP established hash table entries: 8192 (order: 3, 32768 bytes)
 TCP bind hash table entries: 8192 (order: 4, 65536 bytes)
 TCP: Hash tables configured (established 8192 bind 8192)
 TCP: reno registered
@@ -206,7 +250,7 @@
 PCI: CLS 0 bytes, default 64
 bounce pool size: 64 pages
 squashfs: version 4.0 (2009/01/31) Phillip Lougher
-msgmni has been set to 1468
+msgmni has been set to 1469
 io scheduler noop registered (default)
 tegra-apbdma 6000a000.dma: Tegra20 APB DMA driver register 32 channels
 Serial: 8250/16550 driver, 4 ports, IRQ sharing disabled
@@ -230,12 +274,15 @@
 ehci_hcd: USB 2.0 'Enhanced' Host Controller (EHCI) Driver
 ehci-pci: EHCI PCI platform driver
 tegra-ehci: Tegra EHCI driver
+platform 7d008000.usb: Driver tegra-ehci requests probe deferral
 usbcore: registered new interface driver cdc_acm
 cdc_acm: USB Abstract Control Model driver for USB modems and ISDN adapters
 usbcore: registered new interface driver cdc_wdm
 usbcore: registered new interface driver usb-storage
+platform 7d008000.usb-phy: Driver tegra-phy requests probe deferral
 mousedev: PS/2 mouse device common for all mice
-tegra_rtc 7000e000.rtc: rtc core: registered 7000e000.rtc as rtc0
+palmas-rtc rtc.7: rtc core: registered rtc.7 as rtc0
+tegra_rtc 7000e000.rtc: rtc core: registered 7000e000.rtc as rtc1
 tegra_rtc 7000e000.rtc: Tegra internal Real Time Clock
 sbs-battery 0-000b: sbs_probe: Failed to get device status
 sbs-battery: probe of 0-000b failed with error -121
@@ -243,11 +290,15 @@
 sdhci: Copyright(c) Pierre Ossman
 sdhci-pltfm: SDHCI platform and OF driver helper
 sdhci-tegra 78000400.sdhci: Got CD GPIO #170.
+sdhci-tegra 78000400.sdhci: dummy supplies not allowed
 mmc0: no vqmmc regulator found
+sdhci-tegra 78000400.sdhci: dummy supplies not allowed
 mmc0: no vmmc regulator found
 mmc0: Invalid maximum block size, assuming 512 bytes
 mmc0: SDHCI controller on 78000400.sdhci [78000400.sdhci] using ADMA
+sdhci-tegra 78000600.sdhci: dummy supplies not allowed
 mmc1: no vqmmc regulator found
+sdhci-tegra 78000600.sdhci: dummy supplies not allowed
 mmc1: no vmmc regulator found
 mmc1: Invalid maximum block size, assuming 512 bytes
 mmc1: SDHCI controller on 78000600.sdhci [78000600.sdhci] using ADMA
@@ -255,6 +306,7 @@
 usbhid: USB HID core driver
 mmc1: BKOPS_EN bit is not set
 mmc1: new HS200 MMC card at address 0001
+isa bounce pool size: 16 pages
 mmcblk0: mmc1:0001 SEM32G 29.1 GiB 
 mmcblk0boot0: mmc1:0001 SEM32G partition 1 4.00 MiB
 mmcblk0boot1: mmc1:0001 SEM32G partition 2 4.00 MiB
@@ -263,8 +315,8 @@
  mmcblk0: p1 p2 p3 p4 p5
  mmcblk0boot1: unknown partition table
  mmcblk0boot0: unknown partition table
-tegra-snd-rt5640 sound.3:  rt5640-aif1 <-> 70080400.i2s mapping ok
-input: NVIDIA Tegra Dalmore Headphones as /devices/soc0/sound.3/sound/card0/input0
+tegra-snd-rt5640 sound.4: rt5640-aif1 <-> 70080400.i2s mapping ok
+input: NVIDIA Tegra Dalmore Headphones as /devices/soc0/sound.4/sound/card0/input0
 TCP: cubic registered
 NET: Registered protocol family 10
 mip6: Mobile IPv6
@@ -278,6 +330,12 @@
 Bluetooth: HIDP (Human Interface Emulation) ver 1.2
 Bluetooth: HIDP socket layer initialized
 Registering SWP/SWPB emulation handler
+hvdd-usb: disabling
+vdd-af-cam1: disabling
+LDO5: disabling
+vpp-fuse: disabling
+avdd-cam2: disabling
+avdd-cam1: disabling
 vdd-com-3v3: disabling
 vdd-lvds: disabling
 avdd-lcd: disabling
@@ -290,7 +348,16 @@
 usb2_vbus: supplied by vdd-sys-5v0
 vdd_hdmi_5v0: 5000 mV 
 vdd_hdmi_5v0: supplied by vdd-sys-5v0
-tegra_rtc 7000e000.rtc: setting system clock to 1970-01-01 00:00:14 UTC (14)
+vdd_cam_1v8_reg: 1800 mV 
+platform 7d008000.usb: Driver tegra-ehci requests probe deferral
+tegra-ehci 7d008000.usb: EHCI Host Controller
+tegra-ehci 7d008000.usb: new USB bus registered, assigned bus number 1
+tegra-ehci 7d008000.usb: irq 129, io mem 0x7d008000
+tegra-ehci 7d008000.usb: USB 2.0 started, EHCI 1.10
+hub 1-0:1.0: USB hub found
+hub 1-0:1.0: 1 port detected
+input: gpio-keys.2 as /devices/soc0/gpio-keys.2/input/input1
+palmas-rtc rtc.7: setting system clock to 2000-02-19 21:19:02 UTC (950995142)
 ALSA device list:
   #0: NVIDIA Tegra Dalmore
 kjournald starting.  Commit interval 5 seconds
@@ -299,7 +366,7 @@
 EXT3-fs (mmcblk0p1): mounted filesystem with writeback data mode
 VFS: Mounted root (ext3 filesystem) on device 179:1.
 devtmpfs: mounted
-Freeing unused kernel memory: 236K (c07c7000 - c0802000)
+Freeing unused kernel memory: 244K (c075d000 - c079a000)
 bash: cannot set terminal process group (-1): Inappropriate ioctl for device
 bash: no job control in this shell
-I have no name!@(none):/# 
\ No newline at end of file
+I have no name!@(none):/# [    2.859851] usb 1-1: new high-speed USB device number 2 using tegra-ehci
Diff for ./tegra114-dalmore-headless/tegra114-dalmore/multi_v7_defconfig_log.txt
--- /tmp/fooa	2013-11-25 10:59:24.106877158 -0800
+++ /tmp/foob	2013-11-25 10:59:24.110877162 -0800
@@ -11,7 +11,7 @@
 Err:   serial
 Net:   Net Initialization Skipped
 No ethernet found.
-Hit any key to stop autoboot:  2  0 
+Hit any key to stop autoboot:  2  1  0 
 Dalmore #
 Dalmore #usb reset
 (Re)start USB...
@@ -30,71 +30,71 @@
 Load address: 0x81000000
 Loading: *#################################################  2.8 MiB/s
 done
-Bytes transferred = 3976960 (3caf00 hex)
+Bytes transferred = 3629496 (3761b8 hex)
 Dalmore #tftpboot 0x82000000 tegra114-dalmore.dtb
 Using asx0 device
 TFTP from server 192.168.100.1; our IP address is 192.168.100.100
 Filename 'tegra114-dalmore.dtb'.
 Load address: 0x82000000
-Loading: *#################################################  2.5 MiB/s
+Loading: *#################################################  2.6 MiB/s
 done
-Bytes transferred = 24048 (5df0 hex)
+Bytes transferred = 29436 (72fc hex)
 Dalmore #bootz 0x81000000 - 0x82000000
 ## Flattened Device Tree blob at 82000000
    Booting using the fdt blob at 0x82000000
-   Loading Device Tree to 81ff7000, end 81fffdef ... OK
+   Loading Device Tree to 81ff5000, end 81fff2fb ... OK
 
 Starting kernel ...
 
 Timer summary in microseconds:
        Mark    Elapsed  Stage
           0          0  awake
-  2,483,065  2,483,065  usb_start
-  6,486,406  4,003,341  eth_start
-  6,486,403         -3  tftp start
- 10,295,810  3,809,407  tftp done
- 12,498,236  2,202,426  start_kernel
+  2,980,398  2,980,398  usb_start
+  6,983,711  4,003,313  eth_start
+  6,983,709         -2  tftp start
+ 10,662,007  3,678,298  tftp done
+ 11,995,498  1,333,491  start_kernel
 Booting Linux on physical CPU 0x0
-Linux version 3.11.6-12917-g5070441 (pwalmsley@kaivo) (gcc version 4.5.1 (Sourcery G++ Lite 2010.09-50) ) #1 SMP Mon Nov 4 10:35:38 PST 2013
+Linux version 3.13.0-rc1-35727-g6ce4eac (pwalmsley@kaivo) (gcc version 4.6.3 (Ubuntu/Linaro 4.6.3-1ubuntu5) ) #1 SMP Mon Nov 25 10:51:35 PST 2013
 CPU: ARMv7 Processor [412fc0f2] revision 2 (ARMv7), cr=10c5387d
 CPU: PIPT / VIPT nonaliasing data cache, PIPT instruction cache
-Machine: NVIDIA Tegra SoC (Flattened Device Tree), model: NVIDIA Tegra114 Dalmore evaluation board
+Machine model: NVIDIA Tegra114 Dalmore evaluation board
 debug: ignoring loglevel setting.
-Memory policy: ECC disabled, Data cache writealloc
+Memory policy: Data cache writealloc
 On node 0 totalpages: 524032
-free_area_init_node: node 0, pgdat c07b6a40, node_mem_map c07fe000
+free_area_init_node: node 0, pgdat c07480c0, node_mem_map c0791000
   DMA zone: 1520 pages used for memmap
   DMA zone: 0 pages reserved
   DMA zone: 194560 pages, LIFO batch:31
   HighMem zone: 2574 pages used for memmap
   HighMem zone: 329472 pages, LIFO batch:31
 Tegra Revision: A01 SKU: 0 CPU Process: 1 Core Process: 1
-PERCPU: Embedded 5 pages/cpu @c1813000 s7168 r0 d13312 u32768
-pcpu-alloc: s7168 r0 d13312 u32768 alloc=8*4096
+PERCPU: Embedded 5 pages/cpu @c17a9000 s6976 r0 d13504 u32768
+pcpu-alloc: s6976 r0 d13504 u32768 alloc=8*4096
 pcpu-alloc: [0] 0 [0] 1 [0] 2 [0] 3 
 Built 1 zonelists in Zone order, mobility grouping on.  Total pages: 522512
 Kernel command line: ignore_loglevel console=ttyS0,115200n8 rw root=/dev/mmcblk0p1 rootwait gpt init=/bin/bash
 PID hash table entries: 4096 (order: 2, 16384 bytes)
 Dentry cache hash table entries: 131072 (order: 7, 524288 bytes)
 Inode-cache hash table entries: 65536 (order: 6, 262144 bytes)
-Memory: 2070556K/2096128K available (5387K kernel code, 584K rwdata, 1416K rodata, 479K init, 279K bss, 25572K reserved, 1317888K highmem)
+Memory: 2070972K/2096128K available (4951K kernel code, 587K rwdata, 1408K rodata, 474K init, 284K bss, 25156K reserved, 1317888K highmem)
 Virtual kernel memory layout:
     vector  : 0xffff0000 - 0xffff1000   (   4 kB)
     fixmap  : 0xfff00000 - 0xfffe0000   ( 896 kB)
     vmalloc : 0xf0000000 - 0xff000000   ( 240 MB)
     lowmem  : 0xc0000000 - 0xef800000   ( 760 MB)
     pkmap   : 0xbfe00000 - 0xc0000000   (   2 MB)
-      .text : 0xc0008000 - 0xc06ad094   (6805 kB)
-      .init : 0xc06ae000 - 0xc0725c00   ( 479 kB)
-      .data : 0xc0726000 - 0xc07b8180   ( 585 kB)
-       .bss : 0xc07b8180 - 0xc07fde54   ( 280 kB)
+      .text : 0xc0008000 - 0xc063deec   (6360 kB)
+      .init : 0xc063e000 - 0xc06b4b40   ( 475 kB)
+      .data : 0xc06b6000 - 0xc0748ec0   ( 588 kB)
+       .bss : 0xc0748ec8 - 0xc07901cc   ( 285 kB)
 SLUB: HWalign=64, Order=0-3, MinObjects=0, CPUs=4, Nodes=1
 Hierarchical RCU implementation.
 NR_IRQS:16 nr_irqs:16 16
-sched_clock: 32 bits at 1000kHz, resolution 1000ns, wraps every 4294967ms
-Architected local timer running at 12.00MHz (virt).
+sched_clock: 32 bits at 1000kHz, resolution 1000ns, wraps every 2147483648000ns
+Architected cp15 timer(s) running at 12.00MHz (virt).
+sched_clock: 56 bits at 12MHz, resolution 83ns, wraps every 2863311536128ns
 Switching to timer-based delay loop
-sched_clock: ARM arch timer >56 bits at 12000kHz, resolution 83ns
 Console: colour dummy device 80x30
 Calibrating delay loop (skipped), value calculated using timer frequency.. 24.00 BogoMIPS (lpj=120000)
 pid_max: default: 32768 minimum: 301
@@ -105,7 +105,7 @@
 /cpus/cpu@2 missing clock-frequency property
 /cpus/cpu@3 missing clock-frequency property
 CPU0: thread -1, cpu 0, socket 0, mpidr 80000000
-Setting up static identity map for 0xc051d540 - 0xc051d5d8
+Setting up static identity map for 0x804afd18 - 0x804afdb0
 unable to find compatible sirf rstc node in dtb
 CPU1: Booted secondary processor
 CPU1: thread -1, cpu 1, socket 0, mpidr 80000001
@@ -114,14 +114,14 @@
 CPU3: Booted secondary processor
 CPU3: thread -1, cpu 3, socket 0, mpidr 80000003
 Brought up 4 CPUs
-SMP: Total of 4 processors activated (96.00 BogoMIPS).
+SMP: Total of 4 processors activated.
 CPU: All CPU(s) started in SVC mode.
 devtmpfs: initialized
+VFP support v0.3: implementor 41 architecture 4 part 30 variant f rev 0
 pinctrl core: initialized pinctrl subsystem
 regulator-dummy: no parameters
 NET: Registered protocol family 16
 DMA: preallocated 256 KiB pool for atomic coherent allocations
-unable to find compatible sirf pwrc node in dtb
 Serial: AMBA PL011 UART driver
 bio: create slab <bio-0> at 0
 edma-dma-engine edma-dma-engine.0: Can't allocate PaRAM dummy slot
@@ -142,20 +142,21 @@
 vdd_hdmi_5v0: Failed to request enable GPIO81: -517
 reg-fixed-voltage 5.regulator: Failed to register regulator: -517
 platform 5.regulator: Driver reg-fixed-voltage requests probe deferral
-vgaarb: loaded
+platform 6.regulator: Driver reg-fixed-voltage requests probe deferral
 SCSI subsystem initialized
 libata version 3.00 loaded.
 usbcore: registered new interface driver usbfs
 usbcore: registered new interface driver hub
 usbcore: registered new device driver usb
 vdd-cpu: 500 <--> 1520 mV at 1100 mV 
+genirq: Setting trigger mode 8 for irq 118 failed (gic_set_type+0x0/0x100)
 pps_core: LinuxPPS API ver. 1 registered
 pps_core: Software ver. 5.3.6 - Copyright 2005-2007 Rodolfo Giometti <giometti@linux.it>
 PTP clock support registered
 EDAC MC: Ver: 3.0.0
 Switched to clocksource arch_sys_counter
 NET: Registered protocol family 2
-TCP established hash table entries: 8192 (order: 4, 65536 bytes)
+TCP established hash table entries: 8192 (order: 3, 32768 bytes)
 TCP bind hash table entries: 8192 (order: 4, 65536 bytes)
 TCP: Hash tables configured (established 8192 bind 8192)
 TCP: reno registered
@@ -166,7 +167,6 @@
 RPC: Registered udp transport module.
 RPC: Registered tcp transport module.
 RPC: Registered tcp NFSv4.1 backchannel transport module.
-PCI: CLS 0 bytes, default 64
 bounce pool size: 64 pages
 NFS: Registering the id_resolver key type
 Key type id_resolver registered
@@ -178,18 +178,19 @@
 tegra-apbdma 6000a000.dma: Tegra20 APB DMA driver register 32 channels
 Serial: 8250/16550 driver, 4 ports, IRQ sharing disabled
 Serial: IMX driver
-70006300.serial: ttyS0 at MMIO 0x70006300 (irq = 122) is a Tegra
+70006300.serial: ttyS0 at MMIO 0x70006300 (irq = 122, base_baud = 25500000) is a Tegra
 console [ttyS0] enabled
 serial: Freescale lpuart driver
 [drm] Initialized drm 1.1.0 20060810
 ehci_hcd: USB 2.0 'Enhanced' Host Controller (EHCI) Driver
-ehci-pci: EHCI PCI platform driver
 ehci-platform: EHCI generic platform driver
 ehci-omap: OMAP-EHCI Host Controller driver
 ehci-orion: EHCI orion driver
 SPEAr-ehci: EHCI SPEAr driver
 tegra-ehci: Tegra EHCI driver
+platform 7d008000.usb: Driver tegra-ehci requests probe deferral
 usbcore: registered new interface driver usb-storage
+platform 7d008000.usb-phy: Driver tegra-phy requests probe deferral
 mousedev: PS/2 mouse device common for all mice
 tegra_rtc 7000e000.rtc: rtc core: registered 7000e000.rtc as rtc0
 tegra_rtc 7000e000.rtc: Tegra internal Real Time Clock
@@ -197,11 +198,15 @@
 sdhci: Copyright(c) Pierre Ossman
 sdhci-pltfm: SDHCI platform and OF driver helper
 sdhci-tegra 78000400.sdhci: Got CD GPIO #170.
+sdhci-tegra 78000400.sdhci: dummy supplies not allowed
 mmc0: no vqmmc regulator found
+sdhci-tegra 78000400.sdhci: dummy supplies not allowed
 mmc0: no vmmc regulator found
 mmc0: Invalid maximum block size, assuming 512 bytes
 mmc0: SDHCI controller on 78000400.sdhci [78000400.sdhci] using ADMA
+sdhci-tegra 78000600.sdhci: dummy supplies not allowed
 mmc1: no vqmmc regulator found
+sdhci-tegra 78000600.sdhci: dummy supplies not allowed
 mmc1: no vmmc regulator found
 mmc1: Invalid maximum block size, assuming 512 bytes
 mmc1: SDHCI controller on 78000600.sdhci [78000600.sdhci] using ADMA
@@ -211,7 +216,6 @@
 NET: Registered protocol family 10
 sit: IPv6 over IPv4 tunneling driver
 Key type dns_resolver registered
-VFP support v0.3: implementor 41 architecture 4 part 30 variant f rev 0
 Registering SWP/SWPB emulation handler
 dvdd_ts: 1800 mV 
 lcd_bl_en: 5000 mV 
@@ -226,11 +230,13 @@
 vdd_hdmi_5v0: 5000 mV 
 reg-fixed-voltage 5.regulator: Failed to find supply vin
 reg-fixed-voltage 5.regulator: Failed to register regulator: -517
-mmc1: BKOPS_EN bit is not set
 platform 5.regulator: Driver reg-fixed-voltage requests probe deferral
-tegra_rtc 7000e000.rtc: setting system clock to 1970-01-01 00:00:14 UTC (14)
-Waiting for root device /dev/mmcblk0p1...
+mmc1: BKOPS_EN bit is not set
+platform 6.regulator: Driver reg-fixed-voltage requests probe deferral
+platform 7d008000.usb: Driver tegra-ehci requests probe deferral
+platform 7d008000.usb-phy: Driver tegra-phy requests probe deferral
 mmc1: new HS200 MMC card at address 0001
+isa bounce pool size: 16 pages
 mmcblk0: mmc1:0001 SEM32G 29.1 GiB 
 mmcblk0boot0: mmc1:0001 SEM32G partition 1 4.00 MiB
 mmcblk0boot1: mmc1:0001 SEM32G partition 2 4.00 MiB
@@ -251,12 +257,15 @@
 reg-fixed-voltage 5.regulator: Failed to find supply vin
 reg-fixed-voltage 5.regulator: Failed to register regulator: -517
 platform 5.regulator: Driver reg-fixed-voltage requests probe deferral
+platform 6.regulator: Driver reg-fixed-voltage requests probe deferral
+platform 7d008000.usb: Driver tegra-ehci requests probe deferral
+tegra_rtc 7000e000.rtc: setting system clock to 1970-01-01 00:00:14 UTC (14)
 EXT4-fs (mmcblk0p1): mounting ext3 file system using the ext4 subsystem
 EXT4-fs (mmcblk0p1): recovery complete
 EXT4-fs (mmcblk0p1): mounted filesystem with ordered data mode. Opts: (null)
 VFS: Mounted root (ext3 filesystem) on device 179:1.
 devtmpfs: mounted
-Freeing unused kernel memory: 476K (c06ae000 - c0725000)
+Freeing unused kernel memory: 472K (c063e000 - c06b4000)
 bash: cannot set terminal process group (-1): Inappropriate ioctl for device
 bash: no job control in this shell
 I have no name!@(none):/# 
\ No newline at end of file
