
U-Boot SPL 2015.04-rc3-00209-ga74ef40 (Mar 16 2015 - 14:43:39)


U-Boot 2015.04-rc3-00209-ga74ef40 (Mar 16 2015 - 14:43:39)

TEGRA20
Model: Compulab TrimSlice board
DRAM:  1 GiB
MMC:   Tegra SD/MMC: 0, Tegra SD/MMC: 1
SF: Detected W25Q80BL with page size 256 Bytes, erase size 4 KiB, total 1 MiB
tegra-pcie: PCI regions:
tegra-pcie:   I/O: 0x82000000-0x82010000
tegra-pcie:   non-prefetchable memory: 0xa0000000-0xa8000000
tegra-pcie:   prefetchable memory: 0xa8000000-0xc0000000
tegra-pcie: dual-mode configuration
tegra-pcie: probing port 0, using 2 lanes
In:    serial
Out:   serial
Err:   serial
Net:   RTL8169#0
Hit any key to stop autoboot:  2  0 
Tegra20 (TrimSlice) # 
Tegra20 (TrimSlice) # usb reset
resetting USB...
USB0:   USB EHCI 1.00
scanning bus 0 for devices... 3 USB Device(s) found
USB1:   USB EHCI 1.00
scanning bus 1 for devices... 1 USB Device(s) found
USB2:   lowlevel init failed
       scanning usb for storage devices... 0 Storage Device(s) found
       scanning usb for ethernet devices... 
Warning: asx0 using MAC address from net device
1 Ethernet Device(s) found
Tegra20 (TrimSlice) # setenv bootargs 'ignore_loglevel console=ttyS0,115200n8 rw root=PARTUUID=11eb23c1-01 rootwait gpt debug noinitrd earlyprintk init=/bin/bash'
Tegra20 (TrimSlice) # setenv ipaddr 192.168.100.103; setenv serverip 192.168.100.1; setenv tftpserverip 192.168.100.1
Tegra20 (TrimSlice) # tftpboot 0x00408000 zImage.multi_v7_defconfig
Using RTL8169#0 device
TFTP from server 192.168.100.1; our IP address is 192.168.100.103
Filename 'zImage.multi_v7_defconfig'.
Load address: 0x408000
Loading: *#################################################################
	 #################################################################
	 #################################################################
	 #################################################################
	 #################################################################
	 #################################################################
	 #################################################################
	 ###################################################
	 3.5 MiB/s
done
Bytes transferred = 7413856 (712060 hex)
Tegra20 (TrimSlice) # tftpboot 0x02408000 tegra20-trimslice.dtb
Using RTL8169#0 device
TFTP from server 192.168.100.1; our IP address is 192.168.100.103
Filename 'tegra20-trimslice.dtb'.
Load address: 0x2408000
Loading: *##
	 2.9 MiB/s
done
Bytes transferred = 21404 (539c hex)
Tegra20 (TrimSlice) # bootz 0x00408000 - 0x02408000
Kernel image @ 0x408000 [ 0x000000 - 0x712060 ]
## Flattened Device Tree blob at 02408000
   Booting using the fdt blob at 0x2408000
   Using Device Tree in place at 02408000, end 0241039b

Starting kernel ...

[    0.000000] Booting Linux on physical CPU 0x0
[    0.000000] Linux version 4.10.0-rc8-143185-g7089db8 (pwalmsley@sellafield) (gcc version 4.7.3 20130328 (prerelease) (crosstool-NG linaro-1.13.1-4.7-2013.04-20130415 - Linaro GCC 2013.04) ) #1 SMP Tue Feb 14 15:04:25 PST 2017
[    0.000000] CPU: ARMv7 Processor [411fc090] revision 0 (ARMv7), cr=10c5387d
[    0.000000] CPU: PIPT / VIPT nonaliasing data cache, VIPT aliasing instruction cache
[    0.000000] OF: fdt:Machine model: Compulab TrimSlice board
[    0.000000] debug: ignoring loglevel setting.
[    0.000000] efi: Getting EFI parameters from FDT:
[    0.000000] efi: UEFI not found.
[    0.000000] cma: Reserved 64 MiB at 0x3c000000
[    0.000000] Memory policy: Data cache writealloc
[    0.000000] On node 0 totalpages: 262144
[    0.000000] free_area_init_node: node 0, pgdat c142b540, node_mem_map ef7f8000
[    0.000000]   DMA zone: 1536 pages used for memmap
[    0.000000]   DMA zone: 0 pages reserved
[    0.000000]   DMA zone: 196608 pages, LIFO batch:31
[    0.000000]   HighMem zone: 65536 pages, LIFO batch:15
[    0.000000] percpu: Embedded 14 pages/cpu @ef7ca000 s26176 r8192 d22976 u57344
[    0.000000] pcpu-alloc: s26176 r8192 d22976 u57344 alloc=14*4096
[    0.000000] pcpu-alloc: [0] 0 [0] 1 
[    0.000000] Built 1 zonelists in Zone order, mobility grouping on.  Total pages: 260608
[    0.000000] Kernel command line: ignore_loglevel console=ttyS0,115200n8 rw root=PARTUUID=11eb23c1-01 rootwait gpt debug noinitrd earlyprintk init=/bin/bash
[    0.000000] PID hash table entries: 4096 (order: 2, 16384 bytes)
[    0.000000] Dentry cache hash table entries: 131072 (order: 7, 524288 bytes)
[    0.000000] Inode-cache hash table entries: 65536 (order: 6, 262144 bytes)
[    0.000000] Memory: 955680K/1048576K available (9216K kernel code, 1204K rwdata, 4148K rodata, 2048K init, 536K bss, 27360K reserved, 65536K cma-reserved, 196608K highmem)
[    0.000000] Virtual kernel memory layout:
[    0.000000]     vector  : 0xffff0000 - 0xffff1000   (   4 kB)
[    0.000000]     fixmap  : 0xffc00000 - 0xfff00000   (3072 kB)
[    0.000000]     vmalloc : 0xf0800000 - 0xff800000   ( 240 MB)
[    0.000000]     lowmem  : 0xc0000000 - 0xf0000000   ( 768 MB)
[    0.000000]     pkmap   : 0xbfe00000 - 0xc0000000   (   2 MB)
[    0.000000]     modules : 0xbf000000 - 0xbfe00000   (  14 MB)
[    0.000000]       .text : 0xc0208000 - 0xc0c00000   (10208 kB)
[    0.000000]       .init : 0xc1100000 - 0xc1300000   (2048 kB)
[    0.000000]       .data : 0xc1300000 - 0xc142d040   (1205 kB)
[    0.000000]        .bss : 0xc142f000 - 0xc14b51d0   ( 537 kB)
[    0.000000] SLUB: HWalign=64, Order=0-3, MinObjects=0, CPUs=2, Nodes=1
[    0.000000] Hierarchical RCU implementation.
[    0.000000] 	Build-time adjustment of leaf fanout to 32.
[    0.000000] 	RCU restricting CPUs from NR_CPUS=16 to nr_cpu_ids=2.
[    0.000000] RCU: Adjusting geometry for rcu_fanout_leaf=32, nr_cpu_ids=2
[    0.000000] NR_IRQS:16 nr_irqs:16 16
[    0.000000] /interrupt-controller@60004000: 128 interrupts forwarded to /interrupt-controller@50041000
[    0.000000] L2C: platform modifies aux control register: 0x02080000 -> 0x3e480001
[    0.000000] L2C: DT/platform modifies aux control register: 0x02080000 -> 0x3e480001
[    0.000000] L2C-310 errata 727915 769419 enabled
[    0.000000] L2C-310 enabling early BRESP for Cortex-A9
[    0.000000] L2C-310: enabling full line of zeros but not enabled in Cortex-A9
[    0.000000] L2C-310 ID prefetch enabled, offset 1 lines
[    0.000000] L2C-310 cache controller enabled, 8 ways, 1024 kB
[    0.000000] L2C-310: CACHE_ID 0x410000c4, AUX_CTRL 0x7e480001
[    0.000010] sched_clock: 32 bits at 1000kHz, resolution 1000ns, wraps every 2147483647500ns
[    0.000026] clocksource: timer_us: mask: 0xffffffff max_cycles: 0xffffffff, max_idle_ns: 1911260446275 ns
[    0.000036] Switching to timer-based delay loop, resolution 1000ns
[    0.001572] Console: colour dummy device 80x30
[    0.001595] Calibrating delay loop (skipped), value calculated using timer frequency.. 2.00 BogoMIPS (lpj=10000)
[    0.001607] pid_max: default: 32768 minimum: 301
[    0.001690] Mount-cache hash table entries: 2048 (order: 1, 8192 bytes)
[    0.001699] Mountpoint-cache hash table entries: 2048 (order: 1, 8192 bytes)
[    0.002170] CPU: Testing write buffer coherency: ok
[    0.002370] CPU0: thread -1, cpu 0, socket 0, mpidr 80000000
[    0.002542] Setting up static identity map for 0x300000 - 0x300098
[    0.003968] Tegra Revision: A03 prime SKU: 8 CPU Process: 1 SoC Process: 2
[    0.004345] EFI services will not be available.
[    0.004500] smp: Bringing up secondary CPUs ...
[    0.005041] CPU1: thread -1, cpu 1, socket 0, mpidr 80000001
[    0.005098] smp: Brought up 1 node, 2 CPUs
[    0.005110] SMP: Total of 2 processors activated (4.00 BogoMIPS).
[    0.005115] CPU: All CPU(s) started in SVC mode.
[    0.005756] devtmpfs: initialized
[    0.010006] VFP support v0.3: implementor 41 architecture 3 part 30 variant 9 rev 1
[    0.010238] clocksource: jiffies: mask: 0xffffffff max_cycles: 0xffffffff, max_idle_ns: 19112604462750000 ns
[    0.013133] pinctrl core: initialized pinctrl subsystem
[    0.014330] NET: Registered protocol family 16
[    0.016216] DMA: preallocated 256 KiB pool for atomic coherent allocations
[    0.039913] cpuidle: using governor menu
[    0.057574] No ATAGs?
[    0.057648] hw-breakpoint: found 5 (+1 reserved) breakpoint and 1 watchpoint registers.
[    0.057659] hw-breakpoint: maximum watchpoint size is 4 bytes.
[    0.062930] Serial: AMBA PL011 UART driver
[    0.103280] usb1_vbus: Failed to request enable GPIO170: -517
[    0.103294] reg-fixed-voltage regulators:regulator@2: Failed to register regulator: -517
[    0.106794] vgaarb: loaded
[    0.107385] SCSI subsystem initialized
[    0.107508] libata version 3.00 loaded.
[    0.107711] usbcore: registered new interface driver usbfs
[    0.107756] usbcore: registered new interface driver hub
[    0.107794] usbcore: registered new device driver usb
[    0.109792] pps_core: LinuxPPS API ver. 1 registered
[    0.109800] pps_core: Software ver. 5.3.6 - Copyright 2005-2007 Rodolfo Giometti <giometti@linux.it>
[    0.109816] PTP clock support registered
[    0.109988] EDAC MC: Ver: 3.0.0
[    0.111853] clocksource: Switched to clocksource timer_us
[    0.119121] NET: Registered protocol family 2
[    0.119538] TCP established hash table entries: 8192 (order: 3, 32768 bytes)
[    0.119609] TCP bind hash table entries: 8192 (order: 4, 65536 bytes)
[    0.119722] TCP: Hash tables configured (established 8192 bind 8192)
[    0.119801] UDP hash table entries: 512 (order: 2, 16384 bytes)
[    0.119848] UDP-Lite hash table entries: 512 (order: 2, 16384 bytes)
[    0.120042] NET: Registered protocol family 1
[    0.120309] RPC: Registered named UNIX socket transport module.
[    0.120317] RPC: Registered udp transport module.
[    0.120322] RPC: Registered tcp transport module.
[    0.120327] RPC: Registered tcp NFSv4.1 backchannel transport module.
[    0.120335] PCI: CLS 0 bytes, default 64
[    0.121113] hw perfevents: enabled with armv7_cortex_a9 PMU driver, 7 counters available
[    0.122062] futex hash table entries: 512 (order: 3, 32768 bytes)
[    0.122599] workingset: timestamp_bits=30 max_order=18 bucket_order=0
[    0.129799] squashfs: version 4.0 (2009/01/31) Phillip Lougher
[    0.130353] NFS: Registering the id_resolver key type
[    0.130376] Key type id_resolver registered
[    0.130381] Key type id_legacy registered
[    0.130413] ntfs: driver 2.1.32 [Flags: R/O].
[    0.131509] bounce: pool size: 64 pages
[    0.131650] Block layer SCSI generic (bsg) driver version 0.4 loaded (major 248)
[    0.131658] io scheduler noop registered
[    0.131664] io scheduler deadline registered
[    0.131791] io scheduler cfq registered (default)
[    0.142710] tegra-pcie 80003000.pcie-controller: dual-mode configuration
[    0.143412] tegra-pcie 80003000.pcie-controller: probing port 0, using 2 lanes
[    0.225897] tegra-pcie 80003000.pcie-controller: PCI host bridge to bus 0000:00
[    0.225908] pci_bus 0000:00: root bus resource [io  0x0000-0xffff]
[    0.225917] pci_bus 0000:00: root bus resource [mem 0xa0000000-0xa7ffffff]
[    0.225925] pci_bus 0000:00: root bus resource [mem 0xa8000000-0xbfffffff pref]
[    0.225933] pci_bus 0000:00: root bus resource [bus 00-ff]
[    0.225960] pci 0000:00:01.0: [10de:0bf0] type 01 class 0x060000
[    0.226009] pci_bus 0000:00: 2-byte config write to 0000:00:01.0 offset 0x52 may corrupt adjacent RW1C bits
[    0.226032] pci 0000:00:01.0: PME# supported from D0 D1 D2 D3hot D3cold
[    0.226043] pci_bus 0000:00: 2-byte config write to 0000:00:01.0 offset 0x4c may corrupt adjacent RW1C bits
[    0.226229] pci_bus 0000:00: 2-byte config write to 0000:00:01.0 offset 0x3e may corrupt adjacent RW1C bits
[    0.226241] pci_bus 0000:00: 2-byte config write to 0000:00:01.0 offset 0x4 may corrupt adjacent RW1C bits
[    0.226251] pci_bus 0000:00: 1-byte config write to 0000:00:01.0 offset 0xc may corrupt adjacent RW1C bits
[    0.226257] PCI: bus0: Fast back to back transfers disabled
[    0.226266] pci 0000:00:01.0: bridge configuration invalid ([bus 00-00]), reconfiguring
[    0.226275] pci_bus 0000:00: 2-byte config write to 0000:00:01.0 offset 0x3e may corrupt adjacent RW1C bits
[    0.226285] pci_bus 0000:00: 2-byte config write to 0000:00:01.0 offset 0x3e may corrupt adjacent RW1C bits
[    0.226294] pci_bus 0000:00: 2-byte config write to 0000:00:01.0 offset 0x3e may corrupt adjacent RW1C bits
[    0.226304] pci_bus 0000:00: 2-byte config write to 0000:00:01.0 offset 0x6 may corrupt adjacent RW1C bits
[    0.226434] pci 0000:01:00.0: [10ec:8168] type 00 class 0x020000
[    0.226458] pci 0000:01:00.0: reg 0x10: [io  0x0000-0x00ff]
[    0.226482] pci 0000:01:00.0: reg 0x18: [mem 0x00000000-0x00000fff 64bit pref]
[    0.226499] pci 0000:01:00.0: reg 0x20: [mem 0x00000000-0x00003fff 64bit pref]
[    0.226512] pci 0000:01:00.0: reg 0x30: [mem 0x00000000-0x0001ffff pref]
[    0.226551] pci_bus 0000:01: 2-byte config write to 0000:01:00.0 offset 0x52 may corrupt adjacent RW1C bits
[    0.226601] pci 0000:01:00.0: supports D1 D2
[    0.226609] pci 0000:01:00.0: PME# supported from D0 D1 D2 D3hot D3cold
[    0.251889] PCI: bus1: Fast back to back transfers disabled
[    0.251901] pci_bus 0000:01: busn_res: [bus 01-ff] end is updated to 01
[    0.251913] Disabling cpuidle LP2 state, since PCIe IRQs are in use
[    0.251981] pci 0000:00:01.0: BAR 8: assigned [mem 0xa0000000-0xa00fffff]
[    0.251992] pci 0000:00:01.0: BAR 9: assigned [mem 0xa8000000-0xa80fffff 64bit pref]
[    0.252002] pci 0000:00:01.0: BAR 7: assigned [io  0x1000-0x1fff]
[    0.252013] pci 0000:01:00.0: BAR 6: assigned [mem 0xa0000000-0xa001ffff pref]
[    0.252022] pci 0000:01:00.0: BAR 4: assigned [mem 0xa8000000-0xa8003fff 64bit pref]
[    0.252042] pci 0000:01:00.0: BAR 2: assigned [mem 0xa8004000-0xa8004fff 64bit pref]
[    0.252060] pci 0000:01:00.0: BAR 0: assigned [io  0x1000-0x10ff]
[    0.252071] pci 0000:00:01.0: PCI bridge to [bus 01]
[    0.252078] pci 0000:00:01.0:   bridge window [io  0x1000-0x1fff]
[    0.252087] pci 0000:00:01.0:   bridge window [mem 0xa0000000-0xa00fffff]
[    0.252094] pci 0000:00:01.0:   bridge window [mem 0xa8000000-0xa80fffff 64bit pref]
[    0.252116] pci 0000:00:01.0: nv_msi_ht_cap_quirk didn't locate host bridge
[    0.252174] pcieport 0000:00:01.0: enabling device (0140 -> 0143)
[    0.252363] pcieport 0000:00:01.0: Signaling PME with IRQ 295
[    0.258091] tegra-apbdma 6000a000.dma: Tegra20 APB DMA driver register 16 channels
[    0.307547] Serial: 8250/16550 driver, 4 ports, IRQ sharing disabled
[    0.309840] console [ttyS0] disabled
[    0.309875] 70006000.serial: ttyS0 at MMIO 0x70006000 (irq = 279, base_baud = 13500000) is a Tegra
[    1.354741] console [ttyS0] enabled
[    1.358813] SuperH (H)SCI(F) driver initialized
[    1.364069] msm_serial: driver initialized
[    1.368287] STMicroelectronics ASC driver initialized
[    1.375964] [drm] Initialized
[    1.381191] 54280000.hdmi supply hdmi not found, using dummy regulator
[    1.389685] [drm] Supports vblank timestamp caching Rev 2 (21.10.2013).
[    1.396305] [drm] No driver support for vblank timestamp query.
[    1.402254] [drm] Cannot find any crtc or sizes - going 1024x768
[    1.424214] Console: switching to colour frame buffer device 128x48
[    1.438889] drm drm: fb0:  frame buffer device
[    1.481880] [drm] Initialized tegra 0.0.0 20120330 on minor 0
[    1.496585] brd: module loaded
[    1.504140] loop: module loaded
[    1.512827] m25p80 spi32766.0: found s25fl008k, expected w25q80bl
[    1.518911] m25p80 spi32766.0: s25fl008k (1024 Kbytes)
[    1.526258] libphy: Fixed MDIO Bus: probed
[    1.531205] CAN device driver interface
[    1.535727] bgmac_bcma: Broadcom 47xx GBit MAC driver loaded
[    1.542389] e1000e: Intel(R) PRO/1000 Network Driver - 3.2.6-k
[    1.548206] e1000e: Copyright(c) 1999 - 2015 Intel Corporation.
[    1.554179] igb: Intel(R) Gigabit Ethernet Network Driver - version 5.4.0-k
[    1.561121] igb: Copyright (c) 2007-2014 Intel Corporation.
[    1.567229] r8169 Gigabit Ethernet driver 2.3LK-NAPI loaded
[    1.572824] r8169 0000:01:00.0: enabling device (0140 -> 0143)
[    1.579444] r8169 0000:01:00.0 eth0: RTL8168d/8111d at 0xf08fc000, 00:01:c0:13:7d:63, XID 081000c0 IRQ 296
[    1.589100] r8169 0000:01:00.0 eth0: jumbo features [frames: 9200 bytes, tx checksumming: ko]
[    1.599682] pegasus: v0.9.3 (2013/04/25), Pegasus/Pegasus II USB Ethernet driver
[    1.607133] usbcore: registered new interface driver pegasus
[    1.612834] usbcore: registered new interface driver asix
[    1.618247] usbcore: registered new interface driver ax88179_178a
[    1.624373] usbcore: registered new interface driver cdc_ether
[    1.630242] usbcore: registered new interface driver smsc75xx
[    1.636029] usbcore: registered new interface driver smsc95xx
[    1.641787] usbcore: registered new interface driver net1080
[    1.647475] usbcore: registered new interface driver cdc_subset
[    1.653418] usbcore: registered new interface driver zaurus
[    1.659018] usbcore: registered new interface driver cdc_ncm
[    1.664937] tegra-phy c5004000.usb-phy: no vbus regulator
[    1.671404] tegra-phy c5008000.usb-phy: no vbus regulator
[    1.678074] ehci_hcd: USB 2.0 'Enhanced' Host Controller (EHCI) Driver
[    1.684604] ehci-pci: EHCI PCI platform driver
[    1.689078] ehci-platform: EHCI generic platform driver
[    1.694456] ehci-orion: EHCI orion driver
[    1.698552] SPEAr-ehci: EHCI SPEAr driver
[    1.702667] ehci-st: EHCI STMicroelectronics driver
[    1.707628] ehci-exynos: EHCI EXYNOS driver
[    1.711929] ehci-atmel: EHCI Atmel driver
[    1.716024] tegra-ehci: Tegra EHCI driver
[    1.773058] ulpi_phy_power_on: ulpi write failed
[    1.777665] tegra-ehci c5004000.usb: Failed to power on the phy
[    1.783598] tegra-ehci: probe of c5004000.usb failed with error -110
[    1.792568] tegra-ehci c5008000.usb: EHCI Host Controller
[    1.797970] tegra-ehci c5008000.usb: new USB bus registered, assigned bus number 1
[    1.805794] tegra-ehci c5008000.usb: irq 290, io mem 0xc5008000
[    1.831889] tegra-ehci c5008000.usb: USB 2.0 started, EHCI 1.00
[    1.838399] hub 1-0:1.0: USB hub found
[    1.842181] hub 1-0:1.0: 1 port detected
[    1.846390] ohci_hcd: USB 1.1 'Open' Host Controller (OHCI) Driver
[    1.852580] ohci-pci: OHCI PCI platform driver
[    1.857062] ohci-platform: OHCI generic platform driver
[    1.862441] ohci-omap3: OHCI OMAP3 driver
[    1.866541] SPEAr-ohci: OHCI SPEAr driver
[    1.870638] ohci-st: OHCI STMicroelectronics driver
[    1.875617] ohci-atmel: OHCI Atmel driver
[    1.880189] usbcore: registered new interface driver usb-storage
[    1.887351] mousedev: PS/2 mouse device common for all mice
[    1.894497] rtc-em3027 2-0056: rtc core: registered rtc-em3027 as rtc0
[    1.902180] tegra_rtc 7000e000.rtc: rtc core: registered 7000e000.rtc as rtc1
[    1.909327] tegra_rtc 7000e000.rtc: Tegra internal Real Time Clock
[    1.915920] i2c /dev entries driver
[    1.928552] sdhci: Secure Digital Host Controller Interface driver
[    1.934747] sdhci: Copyright(c) Pierre Ossman
[    1.940230] Synopsys Designware Multimedia Card Interface Driver
[    1.947058] sdhci-pltfm: SDHCI platform and OF driver helper
[    1.953537] mmc0: Invalid maximum block size, assuming 512 bytes
[    2.011872] mmc0: SDHCI controller on c8000000.sdhci [c8000000.sdhci] using ADMA
[    2.019352] sdhci-tegra c8000600.sdhci: Got CD GPIO
[    2.024250] sdhci-tegra c8000600.sdhci: Got WP GPIO
[    2.029278] mmc1: Invalid maximum block size, assuming 512 bytes
[    2.091948] mmc1: SDHCI controller on c8000600.sdhci [c8000600.sdhci] using ADMA
[    2.100678] ledtrig-cpu: registered to indicate activity on CPUs
[    2.106960] usbcore: registered new interface driver usbhid
[    2.112533] usbhid: USB HID core driver
[    2.119324] NET: Registered protocol family 10
[    2.124655] Segment Routing with IPv6
[    2.128350] sit: IPv6, IPv4 and MPLS over IPv4 tunneling driver
[    2.134765] NET: Registered protocol family 17
[    2.139202] can: controller area network core (rev 20120528 abi 9)
[    2.145547] NET: Registered protocol family 29
[    2.149978] can: raw protocol (rev 20120528)
[    2.154252] can: broadcast manager protocol (rev 20161123 t)
[    2.159899] can: netlink gateway (rev 20130117) max_hops=1
[    2.165694] Key type dns_resolver registered
[    2.170317] ThumbEE CPU extension supported.
[    2.174600] Registering SWP/SWPB emulation handler
[    2.187331] utmi_phy_clk_enable: timeout waiting for phy to stabilize
[    2.190510] mmc0: host does not support reading read-only switch, assuming write-enable
[    2.192339] mmc0: new high speed SDHC card at address b368
[    2.207290] tegra-ehci c5000000.usb: EHCI Host Controller
[    2.207428] mmcblk0: mmc0:b368 NCard 3.70 GiB 
[    2.214428]  mmcblk0: p1
[    2.219660] tegra-ehci c5000000.usb: new USB bus registered, assigned bus number 2
[    2.227547] tegra-ehci c5000000.usb: irq 288, io mem 0xc5000000
[    2.241880] usb 1-1: new high-speed USB device number 2 using tegra-ehci
[    2.271898] tegra-ehci c5000000.usb: USB 2.0 started, EHCI 1.00
[    2.278740] hub 2-0:1.0: USB hub found
[    2.282557] hub 2-0:1.0: 1 port detected
[    2.287769] input: gpio-keys as /devices/soc0/gpio-keys/input/input0
[    2.294842] rtc-em3027 2-0056: setting system clock to 2028-02-01 01:50:17 UTC (1832982617)
[    2.305213] EXT4-fs (mmcblk0p1): mounting ext3 file system using the ext4 subsystem
[    2.310850] mmc1: new high speed SD card at address b368
[    2.311357] mmcblk1: mmc1:b368 NCard 1.83 GiB (ro)
[    2.314083]  mmcblk1: p1 p2
[    2.463019] hub 1-1:1.0: USB hub found
[    2.466946] hub 1-1:1.0: 4 ports detected
[    2.553595] EXT4-fs (mmcblk0p1): recovery complete
[    2.630204] EXT4-fs (mmcblk0p1): mounted filesystem with ordered data mode. Opts: (null)
[    2.638412] VFS: Mounted root (ext3 filesystem) on device 179:1.
[    2.654213] devtmpfs: mounted
[    2.662072] Freeing unused kernel memory: 2048K
[    2.749700] random: fast init done
[    2.791950] usb 1-1.2: new high-speed USB device number 3 using tegra-ehci
bash: cannot set terminal process group (-1): Inappropriate ioctl for device
bash: no job control in this shell
root@(none):/# [    3.414089] asix 1-1.2:1.0 eth1: register 'asix' at usb-c5008000.usb-1.2, ASIX AX88772 USB 2.0 Ethernet, 00:60:6e:60:6c:68
 
root@(none):/# mount -t sysfs none /sys
root@(none):/# 
root@(none):/# mount -t debugfs none /sys/kernel/debug
root@(none):/# 
root@(none):/# rtcwake -d rtc1 -m mem -s 3
rtcwake: assuming RTC uses UTC ...
rtcwake: wakeup from "mem" using /dev/rtc1 at Thu Jan  1 00:00:32 1970
[   14.847431] PM: Syncing filesystems ... done.
[   14.893538] Freezing user space processes ... (elapsed 0.001 seconds) done.
[   14.901904] Freezing remaining freezable tasks ... (elapsed 0.001 seconds) done.
[   14.910694] Suspending console(s) (use no_console_suspend to debug)
[   14.948182] pci_generic_config_write32: 37 callbacks suppressed
[   14.948226] pci_bus 0000:00: 2-byte config write to 0000:00:01.0 offset 0x9c may corrupt adjacent RW1C bits
[   14.959773] PM: suspend of devices complete after 40.988 msecs
[   14.964652] PM: late suspend of devices complete after 4.850 msecs
[   14.969264] pci_bus 0000:01: 2-byte config write to 0000:01:00.0 offset 0x44 may corrupt adjacent RW1C bits
[   14.969320] pci_bus 0000:01: 2-byte config write to 0000:01:00.0 offset 0x44 may corrupt adjacent RW1C bits
[   14.992569] PM: noirq suspend of devices complete after 27.888 msecs
[   14.992580] Disabling non-boot CPUs ...
[   14.994395] CPU1: shutdown
[   15.025993] Entering suspend state LP1
[   15.025993] Suspended for 2.135 seconds
[   15.026036] Enabling non-boot CPUs ...
[   15.056238] CPU1 is up
[   15.057145] pci_bus 0000:00: 2-byte config write to 0000:00:01.0 offset 0x4c may corrupt adjacent RW1C bits
[   15.057193] pci_bus 0000:00: 2-byte config write to 0000:00:01.0 offset 0x88 may corrupt adjacent RW1C bits
[   15.057223] pci_bus 0000:00: 2-byte config write to 0000:00:01.0 offset 0x90 may corrupt adjacent RW1C bits
[   15.057250] pci_bus 0000:00: 2-byte config write to 0000:00:01.0 offset 0x98 may corrupt adjacent RW1C bits
[   15.057276] pci_bus 0000:00: 2-byte config write to 0000:00:01.0 offset 0x9c may corrupt adjacent RW1C bits
[   15.057355] pci_bus 0000:00: 2-byte config write to 0000:00:01.0 offset 0x52 may corrupt adjacent RW1C bits
[   15.057385] pci_bus 0000:00: 2-byte config write to 0000:00:01.0 offset 0x52 may corrupt adjacent RW1C bits
[   15.057456] pcieport 0000:00:01.0: nv_msi_ht_cap_quirk didn't locate host bridge
[   15.082123] PM: noirq resume of devices complete after 25.853 msecs
[   15.085868] PM: early resume of devices complete after 3.006 msecs
[   15.631023] PM: resume of devices complete after 545.122 msecs
[   15.802099] Restarting tasks ... done.
root@(none):/# 
root@(none):/# rtcwake -d rtc1 -m mem [   16.597559] random: crng init done
-s 3
rtcwake: assuming RTC uses UTC ...
rtcwake: wakeup from "mem" using /dev/rtc1 at Thu Jan  1 00:00:37 1970
[   16.642662] PM: Syncing filesystems ... done.
[   16.675189] Freezing user space processes ... (elapsed 0.001 seconds) done.
[   16.683543] Freezing remaining freezable tasks ... (elapsed 0.001 seconds) done.
[   16.692408] Suspending console(s) (use no_console_suspend to debug)
[   16.749289] PM: suspend of devices complete after 48.863 msecs
[   16.754379] PM: late suspend of devices complete after 5.059 msecs
[   16.782444] PM: noirq suspend of devices complete after 28.034 msecs
[   16.782456] Disabling non-boot CPUs ...
[   16.784424] CPU1: shutdown
[   16.845284] Entering suspend state LP1
[   16.845284] Suspended for 3.180 seconds
[   16.845326] Enabling non-boot CPUs ...
[   16.876201] CPU1 is up
[   16.878757] pcieport 0000:00:01.0: nv_msi_ht_cap_quirk didn't locate host bridge
[   16.902046] PM: noirq resume of devices complete after 25.813 msecs
[   16.905855] PM: early resume of devices complete after 3.060 msecs
[   17.449891] PM: resume of devices complete after 544.004 msecs
[   17.517804] Restarting tasks ... done.
root@(none):/# 
root@(none):/# rtcwake -d rtc1 -m mem -s 3
rtcwake: assuming RTC uses UTC ...
rtcwake: wakeup from "mem" using /dev/rtc1 at Thu Jan  1 00:00:42 1970
[   18.406369] PM: Syncing filesystems ... done.
[   18.451421] Freezing user space processes ... (elapsed 0.001 seconds) done.
[   18.459853] Freezing remaining freezable tasks ... (elapsed 0.001 seconds) done.
[   18.468925] Suspending console(s) (use no_console_suspend to debug)
[   18.519258] PM: suspend of devices complete after 41.573 msecs
[   18.524220] PM: late suspend of devices complete after 4.931 msecs
[   18.562355] PM: noirq suspend of devices complete after 38.105 msecs
[   18.562367] Disabling non-boot CPUs ...
[   18.564260] CPU1: shutdown
[   18.615212] Entering suspend state LP1
[   18.615212] Suspended for 3.229 seconds
[   18.615255] Enabling non-boot CPUs ...
[   18.646141] CPU1 is up
[   18.647618] pcieport 0000:00:01.0: nv_msi_ht_cap_quirk didn't locate host bridge
[   18.671957] PM: noirq resume of devices complete after 25.784 msecs
[   18.675703] PM: early resume of devices complete after 3.013 msecs
[   19.220827] PM: resume of devices complete after 545.091 msecs
[   19.288883] Restarting tasks ... done.
root@(none):/# 
root@(none):/# rtcwake -d rtc1 -m mem -s 3
rtcwake: assuming RTC uses UTC ...
rtcwake: wakeup from "mem" using /dev/rtc1 at Thu Jan  1 00:00:47 1970
[   20.186509] PM: Syncing filesystems ... done.
[   20.231579] Freezing user space processes ... (elapsed 0.001 seconds) done.
[   20.240027] Freezing remaining freezable tasks ... (elapsed 0.001 seconds) done.
[   20.248895] Suspending console(s) (use no_console_suspend to debug)
[   20.286849] pci_generic_config_write32: 65 callbacks suppressed
[   20.286892] pci_bus 0000:00: 2-byte config write to 0000:00:01.0 offset 0x9c may corrupt adjacent RW1C bits
[   20.299825] PM: suspend of devices complete after 42.844 msecs
[   20.304672] PM: late suspend of devices complete after 4.818 msecs
[   20.309279] pci_bus 0000:01: 2-byte config write to 0000:01:00.0 offset 0x44 may corrupt adjacent RW1C bits
[   20.309335] pci_bus 0000:01: 2-byte config write to 0000:01:00.0 offset 0x44 may corrupt adjacent RW1C bits
[   20.332296] PM: noirq suspend of devices complete after 27.594 msecs
[   20.332307] Disabling non-boot CPUs ...
[   20.334214] CPU1: shutdown
[   20.375077] Entering suspend state LP1
[   20.375077] Suspended for 3.240 seconds
[   20.375120] Enabling non-boot CPUs ...
[   20.406049] CPU1 is up
[   20.407388] pci_bus 0000:00: 2-byte config write to 0000:00:01.0 offset 0x4c may corrupt adjacent RW1C bits
[   20.407434] pci_bus 0000:00: 2-byte config write to 0000:00:01.0 offset 0x88 may corrupt adjacent RW1C bits
[   20.407463] pci_bus 0000:00: 2-byte config write to 0000:00:01.0 offset 0x90 may corrupt adjacent RW1C bits
[   20.407490] pci_bus 0000:00: 2-byte config write to 0000:00:01.0 offset 0x98 may corrupt adjacent RW1C bits
[   20.407518] pci_bus 0000:00: 2-byte config write to 0000:00:01.0 offset 0x9c may corrupt adjacent RW1C bits
[   20.407596] pci_bus 0000:00: 2-byte config write to 0000:00:01.0 offset 0x52 may corrupt adjacent RW1C bits
[   20.407625] pci_bus 0000:00: 2-byte config write to 0000:00:01.0 offset 0x52 may corrupt adjacent RW1C bits
[   20.407694] pcieport 0000:00:01.0: nv_msi_ht_cap_quirk didn't locate host bridge
[   20.431852] PM: noirq resume of devices complete after 25.771 msecs
[   20.435358] PM: early resume of devices complete after 2.953 msecs
[   20.980580] PM: resume of devices complete after 545.189 msecs
[   21.151746] Restarting tasks ... done.
root@(none):/# 
root@(none):/# rtcwake -d rtc1 -m mem -s 3
rtcwake: assuming RTC uses UTC ...
rtcwake: wakeup from "mem" using /dev/rtc1 at Thu Jan  1 00:00:52 1970
[   21.946195] PM: Syncing filesystems ... done.
[   21.991195] Freezing user space processes ... (elapsed 0.001 seconds) done.
[   21.999625] Freezing remaining freezable tasks ... (elapsed 0.001 seconds) done.
[   22.008690] Suspending console(s) (use no_console_suspend to debug)
[   22.060043] PM: suspend of devices complete after 42.600 msecs
[   22.065072] PM: late suspend of devices complete after 4.997 msecs
[   22.092239] PM: noirq suspend of devices complete after 27.136 msecs
[   22.092251] Disabling non-boot CPUs ...
[   22.094068] CPU1: shutdown
[   22.154994] Entering suspend state LP1
[   22.154994] Suspended for 3.219 seconds
[   22.155037] Enabling non-boot CPUs ...
[   22.185979] CPU1 is up
[   22.186791] pcieport 0000:00:01.0: nv_msi_ht_cap_quirk didn't locate host bridge
[   22.211791] PM: noirq resume of devices complete after 25.777 msecs
[   22.215602] PM: early resume of devices complete after 3.065 msecs
[   22.760351] PM: resume of devices complete after 544.717 msecs
[   22.828253] Restarting tasks ... done.
root@(none):/# 
root@(none):/# rtcwake -d rtc1 -m mem -s 3
rtcwake: assuming RTC uses UTC ...
rtcwake: wakeup from "mem" using /dev/rtc1 at Thu Jan  1 00:00:57 1970
[   23.726218] PM: Syncing filesystems ... done.
[   23.771289] Freezing user space processes ... (elapsed 0.001 seconds) done.
[   23.779751] Freezing remaining freezable tasks ... (elapsed 0.001 seconds) done.
[   23.788623] Suspending console(s) (use no_console_suspend to debug)
[   23.838746] PM: suspend of devices complete after 42.076 msecs
[   23.843586] PM: late suspend of devices complete after 4.809 msecs
[   23.872150] PM: noirq suspend of devices complete after 28.535 msecs
[   23.872163] Disabling non-boot CPUs ...
[   23.873953] CPU1: shutdown
[   23.934937] Entering suspend state LP1
[   23.934937] Suspended for 3.219 seconds
[   23.934980] Enabling non-boot CPUs ...
[   23.965888] CPU1 is up
[   23.967300] pcieport 0000:00:01.0: nv_msi_ht_cap_quirk didn't locate host bridge
[   23.991699] PM: noirq resume of devices complete after 25.777 msecs
[   23.995476] PM: early resume of devices complete after 3.029 msecs
[   24.539839] PM: resume of devices complete after 544.331 msecs
[   24.607803] Restarting tasks ... done.
root@(none):/# 
root@(none):/# rtcwake -d rtc1 -m mem -s 3
rtcwake: assuming RTC uses UTC ...
rtcwake: wakeup from "mem" using /dev/rtc1 at Thu Jan  1 00:01:02 1970
[   25.506273] PM: Syncing filesystems ... done.
[   25.551325] Freezing user space processes ... (elapsed 0.001 seconds) done.
[   25.559852] Freezing remaining freezable tasks ... (elapsed 0.001 seconds) done.
[   25.568919] Suspending console(s) (use no_console_suspend to debug)
[   25.606668] pci_generic_config_write32: 65 callbacks suppressed
[   25.606711] pci_bus 0000:00: 2-byte config write to 0000:00:01.0 offset 0x9c may corrupt adjacent RW1C bits
[   25.619088] PM: suspend of devices complete after 41.412 msecs
[   25.623926] PM: late suspend of devices complete after 4.808 msecs
[   25.628573] pci_bus 0000:01: 2-byte config write to 0000:01:00.0 offset 0x44 may corrupt adjacent RW1C bits
[   25.628631] pci_bus 0000:01: 2-byte config write to 0000:01:00.0 offset 0x44 may corrupt adjacent RW1C bits
[   25.651999] PM: noirq suspend of devices complete after 28.043 msecs
[   25.652011] Disabling non-boot CPUs ...
[   25.653910] CPU1: shutdown
[   25.714824] Entering suspend state LP1
[   25.714824] Suspended for 3.220 seconds
[   25.714866] Enabling non-boot CPUs ...
[   25.745810] CPU1 is up
[   25.748243] pci_bus 0000:00: 2-byte config write to 0000:00:01.0 offset 0x4c may corrupt adjacent RW1C bits
[   25.748289] pci_bus 0000:00: 2-byte config write to 0000:00:01.0 offset 0x88 may corrupt adjacent RW1C bits
[   25.748338] pci_bus 0000:00: 2-byte config write to 0000:00:01.0 offset 0x90 may corrupt adjacent RW1C bits
[   25.748365] pci_bus 0000:00: 2-byte config write to 0000:00:01.0 offset 0x98 may corrupt adjacent RW1C bits
[   25.748391] pci_bus 0000:00: 2-byte config write to 0000:00:01.0 offset 0x9c may corrupt adjacent RW1C bits
[   25.748470] pci_bus 0000:00: 2-byte config write to 0000:00:01.0 offset 0x52 may corrupt adjacent RW1C bits
[   25.748500] pci_bus 0000:00: 2-byte config write to 0000:00:01.0 offset 0x52 may corrupt adjacent RW1C bits
[   25.748574] pcieport 0000:00:01.0: nv_msi_ht_cap_quirk didn't locate host bridge
[   25.771603] PM: noirq resume of devices complete after 25.760 msecs
[   25.775117] PM: early resume of devices complete after 2.961 msecs
[   26.310299] PM: resume of devices complete after 535.151 msecs
[   26.481437] Restarting tasks ... done.
root@(none):/# 
root@(none):/# rtcwake -d rtc1 -m mem -s 3
rtcwake: assuming RTC uses UTC ...
rtcwake: wakeup from "mem" using /dev/rtc1 at Thu Jan  1 00:01:07 1970
[   27.285940] PM: Syncing filesystems ... done.
[   27.330944] Freezing user space processes ... (elapsed 0.001 seconds) done.
[   27.339377] Freezing remaining freezable tasks ... (elapsed 0.001 seconds) done.
[   27.348473] Suspending console(s) (use no_console_suspend to debug)
[   27.399019] PM: suspend of devices complete after 41.772 msecs
[   27.404225] PM: late suspend of devices complete after 5.175 msecs
[   27.431914] PM: noirq suspend of devices complete after 27.658 msecs
[   27.431926] Disabling non-boot CPUs ...
[   27.433742] CPU1: shutdown
[   27.494732] Entering suspend state LP1
[   27.494732] Suspended for 3.220 seconds
[   27.494774] Enabling non-boot CPUs ...
[   27.525726] CPU1 is up
[   27.526575] pcieport 0000:00:01.0: nv_msi_ht_cap_quirk didn't locate host bridge
[   27.551538] PM: noirq resume of devices complete after 25.779 msecs
[   27.555317] PM: early resume of devices complete after 3.042 msecs
[   28.100189] PM: resume of devices complete after 544.841 msecs
[   28.168152] Restarting tasks ... done.
root@(none):/# 
root@(none):/# rtcwake -d rtc1 -m mem -s 3
rtcwake: assuming RTC uses UTC ...
rtcwake: wakeup from "mem" using /dev/rtc1 at Thu Jan  1 00:01:12 1970
[   29.066038] PM: Syncing filesystems ... done.
[   29.111095] Freezing user space processes ... (elapsed 0.001 seconds) done.
[   29.119629] Freezing remaining freezable tasks ... (elapsed 0.001 seconds) done.
[   29.128693] Suspending console(s) (use no_console_suspend to debug)
[   29.179093] PM: suspend of devices complete after 41.617 msecs
[   29.184140] PM: late suspend of devices complete after 5.016 msecs
[   29.211853] PM: noirq suspend of devices complete after 27.682 msecs
[   29.211864] Disabling non-boot CPUs ...
[   29.213660] CPU1: shutdown
[   29.264646] Entering suspend state LP1
[   29.264646] Suspended for 3.230 seconds
[   29.264689] Enabling non-boot CPUs ...
[   29.295639] CPU1 is up
[   29.296465] pcieport 0000:00:01.0: nv_msi_ht_cap_quirk didn't locate host bridge
[   29.321439] PM: noirq resume of devices complete after 25.767 msecs
[   29.325000] PM: early resume of devices complete after 3.009 msecs
[   29.870395] PM: resume of devices complete after 545.364 msecs
[   29.938434] Restarting tasks ... done.
root@(none):/# 
root@(none):/# rtcwake -d rtc1 -m mem -s 3
rtcwake: assuming RTC uses UTC ...
rtcwake: wakeup from "mem" using /dev/rtc1 at Thu Jan  1 00:01:17 1970
[   30.835866] PM: Syncing filesystems ... done.
[   30.880888] Freezing user space processes ... (elapsed 0.001 seconds) done.
[   30.889399] Freezing remaining freezable tasks ... (elapsed 0.001 seconds) done.
[   30.898459] Suspending console(s) (use no_console_suspend to debug)
[   30.936461] pci_generic_config_write32: 65 callbacks suppressed
[   30.936504] pci_bus 0000:00: 2-byte config write to 0000:00:01.0 offset 0x9c may corrupt adjacent RW1C bits
[   30.948953] PM: suspend of devices complete after 41.738 msecs
[   30.954100] PM: late suspend of devices complete after 5.117 msecs
[   30.958220] pci_bus 0000:01: 2-byte config write to 0000:01:00.0 offset 0x44 may corrupt adjacent RW1C bits
[   30.958275] pci_bus 0000:01: 2-byte config write to 0000:01:00.0 offset 0x44 may corrupt adjacent RW1C bits
[   30.981839] PM: noirq suspend of devices complete after 27.709 msecs
[   30.981851] Disabling non-boot CPUs ...
[   30.983670] CPU1: shutdown
[   31.044604] Entering suspend state LP1
[   31.044604] Suspended for 3.219 seconds
[   31.044646] Enabling non-boot CPUs ...
[   31.075585] CPU1 is up
[   31.077995] pci_bus 0000:00: 2-byte config write to 0000:00:01.0 offset 0x4c may corrupt adjacent RW1C bits
[   31.078064] pci_bus 0000:00: 2-byte config write to 0000:00:01.0 offset 0x88 may corrupt adjacent RW1C bits
[   31.078096] pci_bus 0000:00: 2-byte config write to 0000:00:01.0 offset 0x90 may corrupt adjacent RW1C bits
[   31.078125] pci_bus 0000:00: 2-byte config write to 0000:00:01.0 offset 0x98 may corrupt adjacent RW1C bits
[   31.078151] pci_bus 0000:00: 2-byte config write to 0000:00:01.0 offset 0x9c may corrupt adjacent RW1C bits
[   31.078231] pci_bus 0000:00: 2-byte config write to 0000:00:01.0 offset 0x52 may corrupt adjacent RW1C bits
[   31.078262] pci_bus 0000:00: 2-byte config write to 0000:00:01.0 offset 0x52 may corrupt adjacent RW1C bits
[   31.078333] pcieport 0000:00:01.0: nv_msi_ht_cap_quirk didn't locate host bridge
[   31.101355] PM: noirq resume of devices complete after 25.738 msecs
[   31.104875] PM: early resume of devices complete after 2.964 msecs
[   31.640118] PM: resume of devices complete after 535.211 msecs
[   31.811150] Restarting tasks ... done.
root@(none):/# 
root@(none):/# NVTB SYSTEM SUSPEND TEST COMPLETE
