
U-Boot SPL 2014.01-00219-gc4d376f (Feb 18 2014 - 19:57:18)


U-Boot 2014.01-00219-gc4d376f (Feb 18 2014 - 19:57:18)

TEGRA30
Board: NVIDIA Beaver
I2C:   ready
DRAM:  2 GiB
MMC:   Tegra SD/MMC: 0, Tegra SD/MMC: 1
In:    serial
Out:   serial
Err:   serial
Net:   Net Initialization Skipped
No ethernet found.
Hit any key to stop autoboot:  2  0 
Tegra30 (Beaver) # 
Tegra30 (Beaver) # usb reset
(Re)start USB...
USB0:   USB EHCI 1.00
scanning bus 0 for devices... 2 USB Device(s) found
       scanning usb for storage devices... 0 Storage Device(s) found
       scanning usb for ethernet devices... 
Warning: asx0 using MAC address from net device
1 Ethernet Device(s) found
Tegra30 (Beaver) # setenv bootargs 'ignore_loglevel console=ttyS0,115200n8 rw root=PARTUUID=edbe1840-3633-c751-7993-b0ac834f81e0 rootwait gpt debug noinitrd earlyprintk init=/bin/bash'
Tegra30 (Beaver) # setenv ipaddr 192.168.100.101; setenv serverip 192.168.100.1; setenv tftpserverip 192.168.100.1
Tegra30 (Beaver) # tftpboot 0x81000000 zImage.multi_v7_defconfig
Using asx0 device
TFTP from server 192.168.100.1; our IP address is 192.168.100.101
Filename 'zImage.multi_v7_defconfig'.
Load address: 0x81000000
Loading: *#################################################################
	 #################################################################
	 #################################################################
	 #################################################################
	 #################################################################
	 #################################################################
	 #################################################################
	 #################################################################
	 ##############################
	 2.8 MiB/s
done
Bytes transferred = 8065536 (7b1200 hex)
Tegra30 (Beaver) # tftpboot 0x82000000 tegra30-beaver.dtb
Using asx0 device
TFTP from server 192.168.100.1; our IP address is 192.168.100.101
Filename 'tegra30-beaver.dtb'.
Load address: 0x82000000
Loading: *####
	 2.7 MiB/s
done
Bytes transferred = 51470 (c90e hex)
Tegra30 (Beaver) # bootz 0x81000000 - 0x82000000
Kernel image @ 0x81000000 [ 0x000000 - 0x7b1200 ]
## Flattened Device Tree blob at 82000000
   Booting using the fdt blob at 0x82000000
   Loading Device Tree to 8fff0000, end 8ffff90d ... OK

Starting kernel ...

[    0.000000] Booting Linux on physical CPU 0x0
[    0.000000] Linux version 4.15.0-rc7-335524-gb2cd1df66037 (jonathanh@tamien) (gcc version 4.7.3 20130328 (prerelease) (crosstool-NG linaro-1.13.1-4.7-2013.04-20130415 - Linaro GCC 2013.04)) #1 SMP Sun Jan 7 15:09:21 PST 2018
[    0.000000] CPU: ARMv7 Processor [412fc099] revision 9 (ARMv7), cr=10c5387d
[    0.000000] CPU: PIPT / VIPT nonaliasing data cache, VIPT aliasing instruction cache
[    0.000000] OF: fdt: Machine model: NVIDIA Tegra30 Beaver evaluation board
[    0.000000] debug: ignoring loglevel setting.
[    0.000000] Memory policy: Data cache writealloc
[    0.000000] efi: Getting EFI parameters from FDT:
[    0.000000] efi: UEFI not found.
[    0.000000] cma: Reserved 64 MiB at 0xfb800000
[    0.000000] On node 0 totalpages: 524032
[    0.000000]   DMA zone: 1536 pages used for memmap
[    0.000000]   DMA zone: 0 pages reserved
[    0.000000]   DMA zone: 196608 pages, LIFO batch:31
[    0.000000]   HighMem zone: 327424 pages, LIFO batch:31
[    0.000000] random: fast init done
[    0.000000] percpu: Embedded 17 pages/cpu @(ptrval) s39104 r8192 d22336 u69632
[    0.000000] pcpu-alloc: s39104 r8192 d22336 u69632 alloc=17*4096
[    0.000000] pcpu-alloc: [0] 0 [0] 1 [0] 2 [0] 3 
[    0.000000] Built 1 zonelists, mobility grouping on.  Total pages: 522496
[    0.000000] Kernel command line: ignore_loglevel console=ttyS0,115200n8 rw root=PARTUUID=edbe1840-3633-c751-7993-b0ac834f81e0 rootwait gpt debug noinitrd earlyprintk init=/bin/bash
[    0.000000] Dentry cache hash table entries: 131072 (order: 7, 524288 bytes)
[    0.000000] Inode-cache hash table entries: 65536 (order: 6, 262144 bytes)
[    0.000000] Memory: 1992476K/2096128K available (11264K kernel code, 1602K rwdata, 4296K rodata, 2048K init, 404K bss, 38116K reserved, 65536K cma-reserved, 1244160K highmem)
[    0.000000] Virtual kernel memory layout:
[    0.000000]     vector  : 0xffff0000 - 0xffff1000   (   4 kB)
[    0.000000]     fixmap  : 0xffc00000 - 0xfff00000   (3072 kB)
[    0.000000]     vmalloc : 0xf0800000 - 0xff800000   ( 240 MB)
[    0.000000]     lowmem  : 0xc0000000 - 0xf0000000   ( 768 MB)
[    0.000000]     pkmap   : 0xbfe00000 - 0xc0000000   (   2 MB)
[    0.000000]     modules : 0xbf000000 - 0xbfe00000   (  14 MB)
[    0.000000]       .text : 0x(ptrval) - 0x(ptrval)   (12256 kB)
[    0.000000]       .init : 0x(ptrval) - 0x(ptrval)   (2048 kB)
[    0.000000]       .data : 0x(ptrval) - 0x(ptrval)   (1603 kB)
[    0.000000]        .bss : 0x(ptrval) - 0x(ptrval)   ( 405 kB)
[    0.000000] SLUB: HWalign=64, Order=0-3, MinObjects=0, CPUs=4, Nodes=1
[    0.000000] Hierarchical RCU implementation.
[    0.000000] 	RCU event tracing is enabled.
[    0.000000] 	RCU restricting CPUs from NR_CPUS=16 to nr_cpu_ids=4.
[    0.000000] RCU: Adjusting geometry for rcu_fanout_leaf=16, nr_cpu_ids=4
[    0.000000] NR_IRQS: 16, nr_irqs: 16, preallocated irqs: 16
[    0.000000] /interrupt-controller@60004000: 160 interrupts forwarded to /interrupt-controller@50041000
[    0.000000] L2C: platform modifies aux control register: 0x02080000 -> 0x3e480001
[    0.000000] L2C: DT/platform modifies aux control register: 0x02080000 -> 0x3e480001
[    0.000000] L2C-310 erratum 769419 enabled
[    0.000000] L2C-310 enabling early BRESP for Cortex-A9
[    0.000000] L2C-310: enabling full line of zeros but not enabled in Cortex-A9
[    0.000000] L2C-310 dynamic clock gating enabled, standby mode enabled
[    0.000000] L2C-310 cache controller enabled, 8 ways, 1024 kB
[    0.000000] L2C-310: CACHE_ID 0x410000c7, AUX_CTRL 0x4e480001
[    0.000012] sched_clock: 32 bits at 1000kHz, resolution 1000ns, wraps every 2147483647500ns
[    0.000029] clocksource: timer_us: mask: 0xffffffff max_cycles: 0xffffffff, max_idle_ns: 1911260446275 ns
[    0.000038] Switching to timer-based delay loop, resolution 1000ns
[    0.003072] Console: colour dummy device 80x30
[    0.003103] Calibrating delay loop (skipped), value calculated using timer frequency.. 2.00 BogoMIPS (lpj=10000)
[    0.003113] pid_max: default: 32768 minimum: 301
[    0.003191] Mount-cache hash table entries: 2048 (order: 1, 8192 bytes)
[    0.003200] Mountpoint-cache hash table entries: 2048 (order: 1, 8192 bytes)
[    0.003604] CPU: Testing write buffer coherency: ok
[    0.003910] CPU0: thread -1, cpu 0, socket 0, mpidr 80000000
[    0.004135] Setting up static identity map for 0x80300000 - 0x803000a0
[    0.005485] Hierarchical SRCU implementation.
[    0.006855] Tegra Revision: A03 SKU: 128 CPU Process: 4 SoC Process: 0
[    0.007439] EFI services will not be available.
[    0.007547] smp: Bringing up secondary CPUs ...
[    0.010368] CPU1: thread -1, cpu 1, socket 0, mpidr 80000001
[    0.020347] CPU2: thread -1, cpu 2, socket 0, mpidr 80000002
[    0.030327] CPU3: thread -1, cpu 3, socket 0, mpidr 80000003
[    0.030384] smp: Brought up 1 node, 4 CPUs
[    0.030397] SMP: Total of 4 processors activated (8.00 BogoMIPS).
[    0.030402] CPU: All CPU(s) started in SVC mode.
[    0.031112] devtmpfs: initialized
[    0.038220] VFP support v0.3: implementor 41 architecture 3 part 30 variant 9 rev 4
[    0.038645] clocksource: jiffies: mask: 0xffffffff max_cycles: 0xffffffff, max_idle_ns: 19112604462750000 ns
[    0.038665] futex hash table entries: 1024 (order: 4, 65536 bytes)
[    0.042085] pinctrl core: initialized pinctrl subsystem
[    0.043502] DMI not present or invalid.
[    0.043744] NET: Registered protocol family 16
[    0.046205] DMA: preallocated 256 KiB pool for atomic coherent allocations
[    0.047908] cpuidle: using governor menu
[    0.061255] No ATAGs?
[    0.061360] hw-breakpoint: found 5 (+1 reserved) breakpoint and 1 watchpoint registers.
[    0.061372] hw-breakpoint: maximum watchpoint size is 4 bytes.
[    0.065650] Serial: AMBA PL011 UART driver
[    0.066248] tegra-mc 7000f000.memory-controller: no memory timings for RAM code 3 registered
[    0.066342] iommu: Adding device reg-dummy to group 0
[    0.066368] iommu: Adding device 3000.pcie to group 1
[    0.066388] iommu: Adding device 50000000.host1x to group 2
[    0.066407] iommu: Adding device 54040000.mpe to group 3
[    0.066432] iommu: Adding device 54080000.vi to group 4
[    0.066452] iommu: Adding device 540c0000.epp to group 5
[    0.066478] iommu: Adding device 54100000.isp to group 6
[    0.066497] iommu: Adding device 54140000.gr2d to group 7
[    0.066515] iommu: Adding device 54180000.gr3d to group 8
[    0.066584] iommu: Adding device 54200000.dc to group 9
[    0.066626] iommu: Adding device 54240000.dc to group 10
[    0.066650] iommu: Adding device 54280000.hdmi to group 11
[    0.066670] iommu: Adding device 50040600.timer to group 12
[    0.066688] iommu: Adding device 50043000.cache-controller to group 13
[    0.066707] iommu: Adding device 60005000.timer to group 14
[    0.066725] iommu: Adding device 60007000.flow-controller to group 15
[    0.066750] iommu: Adding device 6000a000.dma to group 16
[    0.066768] iommu: Adding device 6000c000.ahb to group 17
[    0.066786] iommu: Adding device 6000d000.gpio to group 18
[    0.066803] iommu: Adding device 70000800.apbmisc to group 19
[    0.066825] iommu: Adding device 70000868.pinmux to group 20
[    0.066845] iommu: Adding device 70006000.serial to group 21
[    0.066862] iommu: Adding device 7000e000.rtc to group 22
[    0.066881] iommu: Adding device 7000c000.i2c to group 23
[    0.066900] iommu: Adding device 7000c400.i2c to group 24
[    0.066919] iommu: Adding device 7000c500.i2c to group 25
[    0.066941] iommu: Adding device 7000c700.i2c to group 26
[    0.066967] iommu: Adding device 7000d000.i2c to group 27
[    0.066990] iommu: Adding device 7000da00.spi to group 28
[    0.067010] iommu: Adding device 7000e400.pmc to group 29
[    0.067028] iommu: Adding device 7000f000.memory-controller to group 30
[    0.067047] iommu: Adding device 7000f800.fuse to group 31
[    0.067065] iommu: Adding device 70080000.ahub to group 32
[    0.067084] iommu: Adding device 78000000.sdhci to group 33
[    0.067104] iommu: Adding device 78000600.sdhci to group 34
[    0.067122] iommu: Adding device 7d000000.usb to group 35
[    0.067141] iommu: Adding device 7d000000.usb-phy to group 36
[    0.067171] iommu: Adding device 7d004000.usb to group 37
[    0.067191] iommu: Adding device 7d004000.usb-phy to group 38
[    0.067209] iommu: Adding device 7d008000.usb to group 39
[    0.067229] iommu: Adding device 7d008000.usb-phy to group 40
[    0.067246] iommu: Adding device pmu to group 41
[    0.067263] iommu: Adding device clocks to group 42
[    0.067280] iommu: Adding device gpio-leds to group 43
[    0.067297] iommu: Adding device regulators to group 44
[    0.067319] iommu: Adding device regulators:regulator@0 to group 45
[    0.067355] iommu: Adding device regulators:regulator@1 to group 46
[    0.067376] iommu: Adding device regulators:regulator@2 to group 47
[    0.067402] iommu: Adding device regulators:regulator@3 to group 48
[    0.067422] iommu: Adding device regulators:regulator@4 to group 49
[    0.067440] iommu: Adding device regulators:regulator@5 to group 50
[    0.067459] iommu: Adding device regulators:regulator@6 to group 51
[    0.067478] iommu: Adding device regulators:regulator@7 to group 52
[    0.067500] iommu: Adding device regulators:regulator@8 to group 53
[    0.067519] iommu: Adding device sound to group 54
[    0.076113] AT91: Could not find identification node
[    0.076604] vdd_5v_sata: Failed to request enable GPIO30: -517
[    0.076619] reg-fixed-voltage regulators:regulator@3: Failed to register regulator: -517
[    0.076669] usb1_vbus: Failed to request enable GPIO238: -517
[    0.076676] reg-fixed-voltage regulators:regulator@4: Failed to register regulator: -517
[    0.076726] usb3_vbus: Failed to request enable GPIO236: -517
[    0.076733] reg-fixed-voltage regulators:regulator@5: Failed to register regulator: -517
[    0.076837] sys_3v3_pexs: Failed to request enable GPIO95: -517
[    0.076845] reg-fixed-voltage regulators:regulator@7: Failed to register regulator: -517
[    0.078687] vgaarb: loaded
[    0.079164] SCSI subsystem initialized
[    0.079312] libata version 3.00 loaded.
[    0.079447] usbcore: registered new interface driver usbfs
[    0.079478] usbcore: registered new interface driver hub
[    0.079512] usbcore: registered new device driver usb
[    0.083947] iommu: Adding device tps65910-gpio to group 55
[    0.084225] iommu: Adding device tps65910-pmic to group 56
[    0.086695] vrtc: supplied by vdd_5v_in
[    0.089966] vio: supplied by vdd_5v_in
[    0.101813] vdd1: supplied by vdd_5v_in
[    0.103172] vddio_ddr_1v2: Bringing 600000uV into 1200000-1200000uV
[    0.111812] vdd2: supplied by vdd_5v_in
[    0.131800] ldo1: supplied by vdd_1v5_gen
[    0.134164] ldo2: supplied by vdd_1v5_gen
[    0.134635] vdd_sata,avdd_plle: Bringing 1200000uV into 1050000-1050000uV
[    0.136857] ldo3: supplied by vdd_5v_in
[    0.139193] ldo4: supplied by vdd_5v_in
[    0.141802] ldo5: supplied by vdd_5v_in
[    0.151792] ldo6: supplied by vdd_1v8_gen
[    0.152262] avdd_dsi_csi,pwrdet_mipi: Bringing 1000000uV into 1200000-1200000uV
[    0.154501] ldo7: supplied by vdd_1v8_gen
[    0.161792] ldo8: supplied by vdd_1v8_gen
[    0.170080] iommu: Adding device tps65910-rtc to group 57
[    0.170200] iommu: Adding device tps65910-power to group 58
[    0.171952] pps_core: LinuxPPS API ver. 1 registered
[    0.171959] pps_core: Software ver. 5.3.6 - Copyright 2005-2007 Rodolfo Giometti <giometti@linux.it>
[    0.171975] PTP clock support registered
[    0.172109] EDAC MC: Ver: 3.0.0
[    0.172304] dmi: Firmware registration failed.
[    0.173652] clocksource: Switched to clocksource timer_us
[    0.203731] NET: Registered protocol family 2
[    0.204129] TCP established hash table entries: 8192 (order: 3, 32768 bytes)
[    0.204185] TCP bind hash table entries: 8192 (order: 4, 65536 bytes)
[    0.204271] TCP: Hash tables configured (established 8192 bind 8192)
[    0.204410] UDP hash table entries: 512 (order: 2, 16384 bytes)
[    0.204476] UDP-Lite hash table entries: 512 (order: 2, 16384 bytes)
[    0.204651] NET: Registered protocol family 1
[    0.204992] RPC: Registered named UNIX socket transport module.
[    0.205001] RPC: Registered udp transport module.
[    0.205005] RPC: Registered tcp transport module.
[    0.205010] RPC: Registered tcp NFSv4.1 backchannel transport module.
[    0.205019] PCI: CLS 0 bytes, default 64
[    0.205849] hw perfevents: no interrupt-affinity property for /pmu, guessing.
[    0.206094] hw perfevents: enabled with armv7_cortex_a9 PMU driver, 7 counters available
[    0.206611] iommu: Adding device alarmtimer to group 59
[    0.207195] Initialise system trusted keyrings
[    0.207315] workingset: timestamp_bits=30 max_order=19 bucket_order=0
[    0.210672] squashfs: version 4.0 (2009/01/31) Phillip Lougher
[    0.211076] NFS: Registering the id_resolver key type
[    0.211096] Key type id_resolver registered
[    0.211101] Key type id_legacy registered
[    0.211130] ntfs: driver 2.1.32 [Flags: R/O].
[    0.212079] Key type asymmetric registered
[    0.212088] Asymmetric key parser 'x509' registered
[    0.212121] bounce: pool size: 64 pages
[    0.212159] Block layer SCSI generic (bsg) driver version 0.4 loaded (major 247)
[    0.212167] io scheduler noop registered
[    0.212171] io scheduler deadline registered
[    0.212308] io scheduler cfq registered (default)
[    0.212315] io scheduler mq-deadline registered
[    0.212320] io scheduler kyber registered
[    0.219047] tegra30-pinctrl 70000868.pinmux: invalid group "sdmmc3_dat6_pd3" for function "rsvd1"
[    0.219065] tegra30-pinctrl 70000868.pinmux: invalid group "sdmmc3_dat7_pd4" for function "rsvd1"
[    0.219078] tegra30-pinctrl 70000868.pinmux: invalid group "vi_vsync_pd6" for function "rsvd1"
[    0.219088] tegra30-pinctrl 70000868.pinmux: invalid group "vi_hsync_pd7" for function "rsvd1"
[    0.219554] tegra30-pinctrl 70000868.pinmux: invalid group "hdmi_int_pn7" for function "rsvd1"
[    0.219599] tegra30-pinctrl 70000868.pinmux: invalid group "ulpi_data3_po4" for function "rsvd1"
[    0.219930] tegra30-pinctrl 70000868.pinmux: invalid group "vi_d10_pt2" for function "rsvd1"
[    0.219943] tegra30-pinctrl 70000868.pinmux: invalid group "vi_d11_pt3" for function "rsvd1"
[    0.219955] tegra30-pinctrl 70000868.pinmux: invalid group "vi_d0_pt4" for function "rsvd1"
[    0.219997] tegra30-pinctrl 70000868.pinmux: invalid group "pu0" for function "rsvd1"
[    0.220027] tegra30-pinctrl 70000868.pinmux: invalid group "pu3" for function "rsvd1"
[    0.220057] tegra30-pinctrl 70000868.pinmux: invalid group "pu6" for function "rsvd1"
[    0.220098] tegra30-pinctrl 70000868.pinmux: invalid group "pv3" for function "rsvd1"
[    0.220606] tegra30-pinctrl 70000868.pinmux: invalid group "pbb0" for function "rsvd1"
[    0.220721] tegra30-pinctrl 70000868.pinmux: invalid group "pcc1" for function "rsvd1"
[    0.226136] tegra-pcie 3000.pcie: 2x3 configuration
[    0.226288] tegra-pcie 3000.pcie: Failed to get supply 'hvdd-pex': -517
[    0.232039] tegra-apbdma 6000a000.dma: Tegra20 APB DMA driver register 32 channels
[    0.234250] tegra-pmc 7000e400.pmc: i2c-thermtrip node not found, emergency thermal reset disabled.
[    0.264021] Serial: 8250/16550 driver, 4 ports, IRQ sharing disabled
[    0.264107] iommu: Adding device serial8250 to group 60
[    0.266143] console [ttyS0] disabled
[    0.266182] 70006000.serial: ttyS0 at MMIO 0x70006000 (irq = 331, base_baud = 25500000) is a Tegra
[    1.639573] console [ttyS0] enabled
[    1.643650] SuperH (H)SCI(F) driver initialized
[    1.648804] msm_serial: driver initialized
[    1.652997] STMicroelectronics ASC driver initialized
[    1.678007] tegra-hdmi 54280000.hdmi: failed to get HDMI regulator
[    1.691094] brd: module loaded
[    1.699726] loop: module loaded
[    1.708757] m25p80 spi0.1: w25q32 (4096 Kbytes)
[    1.714588] iommu: Adding device Fixed MDIO bus.0 to group 61
[    1.720757] libphy: Fixed MDIO Bus: probed
[    1.725502] CAN device driver interface
[    1.729894] bgmac_bcma: Broadcom 47xx GBit MAC driver loaded
[    1.736305] e1000e: Intel(R) PRO/1000 Network Driver - 3.2.6-k
[    1.742121] e1000e: Copyright(c) 1999 - 2015 Intel Corporation.
[    1.748075] igb: Intel(R) Gigabit Ethernet Network Driver - version 5.4.0-k
[    1.755026] igb: Copyright (c) 2007-2014 Intel Corporation.
[    1.762773] pegasus: v0.9.3 (2013/04/25), Pegasus/Pegasus II USB Ethernet driver
[    1.770217] usbcore: registered new interface driver pegasus
[    1.775892] usbcore: registered new interface driver asix
[    1.781301] usbcore: registered new interface driver ax88179_178a
[    1.787407] usbcore: registered new interface driver cdc_ether
[    1.793246] usbcore: registered new interface driver smsc75xx
[    1.799010] usbcore: registered new interface driver smsc95xx
[    1.804772] usbcore: registered new interface driver net1080
[    1.810431] usbcore: registered new interface driver cdc_subset
[    1.816366] usbcore: registered new interface driver zaurus
[    1.821954] usbcore: registered new interface driver cdc_ncm
[    1.827799] tegra-phy 7d000000.usb-phy: no vbus regulator
[    1.835609] ehci_hcd: USB 2.0 'Enhanced' Host Controller (EHCI) Driver
[    1.842121] ehci-pci: EHCI PCI platform driver
[    1.846589] ehci-platform: EHCI generic platform driver
[    1.851920] ehci-orion: EHCI orion driver
[    1.856016] SPEAr-ehci: EHCI SPEAr driver
[    1.860092] ehci-st: EHCI STMicroelectronics driver
[    1.865044] ehci-exynos: EHCI EXYNOS driver
[    1.869300] ehci-atmel: EHCI Atmel driver
[    1.873368] tegra-ehci: Tegra EHCI driver
[    1.877677] ohci_hcd: USB 1.1 'Open' Host Controller (OHCI) Driver
[    1.883864] ohci-pci: OHCI PCI platform driver
[    1.888320] ohci-platform: OHCI generic platform driver
[    1.893655] SPEAr-ohci: OHCI SPEAr driver
[    1.897730] ohci-st: OHCI STMicroelectronics driver
[    1.902668] ohci-atmel: OHCI Atmel driver
[    1.907133] usbcore: registered new interface driver usb-storage
[    1.916683] iommu: Adding device ci_hdrc.0 to group 62
[    1.927369] tegra_rtc 7000e000.rtc: rtc core: registered 7000e000.rtc as rtc1
[    1.934537] tegra_rtc 7000e000.rtc: Tegra internal Real Time Clock
[    1.953272] tps65910-rtc tps65910-rtc: rtc core: registered tps65910-rtc as rtc0
[    1.960860] i2c /dev entries driver
[    1.972676] sdhci: Secure Digital Host Controller Interface driver
[    1.978872] sdhci: Copyright(c) Pierre Ossman
[    1.984225] Synopsys Designware Multimedia Card Interface Driver
[    1.991073] sdhci-pltfm: SDHCI platform and OF driver helper
[    1.997270] sdhci-tegra 78000000.sdhci: Got CD GPIO
[    2.002146] sdhci-tegra 78000000.sdhci: Got WP GPIO
[    2.015307] mmc0: Invalid maximum block size, assuming 512 bytes
[    2.083769] mmc0: SDHCI controller on 78000000.sdhci [78000000.sdhci] using ADMA
[    2.100153] mmc1: Invalid maximum block size, assuming 512 bytes
[    2.163670] mmc1: SDHCI controller on 78000600.sdhci [78000600.sdhci] using ADMA
[    2.172564] ledtrig-cpu: registered to indicate activity on CPUs
[    2.178851] usbcore: registered new interface driver usbhid
[    2.184423] usbhid: USB HID core driver
[    2.190809] NET: Registered protocol family 10
[    2.195942] Segment Routing with IPv6
[    2.199641] sit: IPv6, IPv4 and MPLS over IPv4 tunneling driver
[    2.205950] NET: Registered protocol family 17
[    2.210387] can: controller area network core (rev 20170425 abi 9)
[    2.216613] NET: Registered protocol family 29
[    2.221044] can: raw protocol (rev 20170425)
[    2.225317] can: broadcast manager protocol (rev 20170425 t)
[    2.230964] can: netlink gateway (rev 20170425) max_hops=1
[    2.236713] Key type dns_resolver registered
[    2.241353] ThumbEE CPU extension supported.
[    2.245634] Registering SWP/SWPB emulation handler
[    2.250812] Loading compiled-in X.509 certificates
[    2.266316] vdd_ddr: supplied by vdd_5v_in
[    2.271258] vdd_5v_sata: supplied by vdd_5v_in
[    2.276051] usb1_vbus: supplied by vdd_5v_in
[    2.280635] usb3_vbus: supplied by vdd_5v_in
[    2.286144] sys_3v3,vdd_3v3_alw: supplied by vdd_5v_in
[    2.292070] sys_3v3_pexs: supplied by sys_3v3,vdd_3v3_alw
[    2.297374] mmc1: new high speed MMC card at address 0001
[    2.298146] mmcblk1: mmc1:0001 SEM16G 14.8 GiB 
[    2.298622] mmcblk1boot0: mmc1:0001 SEM16G partition 1 1.00 MiB
[    2.299103] mmcblk1boot1: mmc1:0001 SEM16G partition 2 1.00 MiB
[    2.301100] mmc0: new ultra high speed DDR50 SDHC card at address aaaa
[    2.301318] mmcblk0: mmc0:aaaa SS04G 3.69 GiB 
[    2.307921] mmcblk1rpmb: mmc1:0001 SEM16G partition 3 128 KiB, chardev (237:0)
[    2.311572] Primary GPT is invalid, using alternate GPT.
[    2.311591]  mmcblk1: p1 p2 p3 p4 p5
[    2.329621]  mmcblk0: p1 p2 p3
[    2.349497] +VDD_5V_HDMI: supplied by sys_3v3,vdd_3v3_alw
[    2.355709] tegra-pcie 3000.pcie: 2x3 configuration
[    2.363809] tegra-pcie 3000.pcie: probing port 0, using 2 lanes
[    2.427989] tegra-pcie 3000.pcie: probing port 2, using 2 lanes
[    2.837713] tegra-pcie 3000.pcie: link 2 down, retrying
[    3.246721] tegra-pcie 3000.pcie: link 2 down, retrying
[    3.655733] tegra-pcie 3000.pcie: link 2 down, retrying
[    3.662955] tegra-pcie 3000.pcie: link 2 down, ignoring
[    3.668279] tegra-pcie 3000.pcie: PCI host bridge to bus 0000:00
[    3.674287] pci_bus 0000:00: root bus resource [io  0x0000-0xffff]
[    3.680452] pci_bus 0000:00: root bus resource [mem 0x20000000-0x27ffffff]
[    3.687319] pci_bus 0000:00: root bus resource [mem 0x28000000-0x3fffffff pref]
[    3.694619] pci_bus 0000:00: root bus resource [bus 00-ff]
[    3.700112] pci 0000:00:01.0: [10de:0e1c] type 01 class 0x060400
[    3.706125] pci_bus 0000:00: 2-byte config write to 0000:00:01.0 offset 0x4 may corrupt adjacent RW1C bits
[    3.715768] pci_bus 0000:00: 2-byte config write to 0000:00:01.0 offset 0x4 may corrupt adjacent RW1C bits
[    3.725422] pci 0000:00:01.0: enabling Extended Tags
[    3.730374] pci_bus 0000:00: 2-byte config write to 0000:00:01.0 offset 0x88 may corrupt adjacent RW1C bits
[    3.740122] pci_bus 0000:00: 2-byte config write to 0000:00:01.0 offset 0x52 may corrupt adjacent RW1C bits
[    3.749866] pci 0000:00:01.0: PME# supported from D0 D1 D2 D3hot D3cold
[    3.756476] pci_bus 0000:00: 2-byte config write to 0000:00:01.0 offset 0x4c may corrupt adjacent RW1C bits
[    3.766338] pci_bus 0000:00: 2-byte config write to 0000:00:01.0 offset 0x3e may corrupt adjacent RW1C bits
[    3.776071] pci_bus 0000:00: 2-byte config write to 0000:00:01.0 offset 0x4 may corrupt adjacent RW1C bits
[    3.785713] pci_bus 0000:00: 1-byte config write to 0000:00:01.0 offset 0xc may corrupt adjacent RW1C bits
[    3.795351] PCI: bus0: Fast back to back transfers disabled
[    3.800910] pci 0000:00:01.0: bridge configuration invalid ([bus 00-00]), reconfiguring
[    3.808904] pci_bus 0000:00: 2-byte config write to 0000:00:01.0 offset 0x3e may corrupt adjacent RW1C bits
[    3.818631] pci_bus 0000:00: 2-byte config write to 0000:00:01.0 offset 0x3e may corrupt adjacent RW1C bits
[    3.828433] pci 0000:01:00.0: [10ec:8168] type 00 class 0x020000
[    3.834456] pci 0000:01:00.0: reg 0x10: [io  0x0000-0x00ff]
[    3.840029] pci 0000:01:00.0: reg 0x18: [mem 0x00000000-0x00000fff 64bit pref]
[    3.847252] pci 0000:01:00.0: reg 0x20: [mem 0x00000000-0x00003fff 64bit pref]
[    3.854565] PCI: bus1: Fast back to back transfers disabled
[    3.860127] pci_bus 0000:01: busn_res: [bus 01-ff] end is updated to 01
[    3.866760] pci 0000:00:01.0: BAR 9: assigned [mem 0x28000000-0x280fffff 64bit pref]
[    3.874497] pci 0000:00:01.0: BAR 7: assigned [io  0x1000-0x1fff]
[    3.880578] pci 0000:01:00.0: BAR 4: assigned [mem 0x28000000-0x28003fff 64bit pref]
[    3.888321] pci 0000:01:00.0: BAR 2: assigned [mem 0x28004000-0x28004fff 64bit pref]
[    3.896068] pci 0000:01:00.0: BAR 0: assigned [io  0x1000-0x10ff]
[    3.902149] pci 0000:00:01.0: PCI bridge to [bus 01]
[    3.907109] pci 0000:00:01.0:   bridge window [io  0x1000-0x1fff]
[    3.913190] pci 0000:00:01.0:   bridge window [mem 0x28000000-0x280fffff 64bit pref]
[    3.920941] pci 0000:00:01.0: nv_msi_ht_cap_quirk didn't locate host bridge
[    3.927992] pcieport 0000:00:01.0: enabling device (0140 -> 0143)
[    3.934286] pcieport 0000:00:01.0: Signaling PME with IRQ 375
[    3.940258] r8169 Gigabit Ethernet driver 2.3LK-NAPI loaded
[    3.945852] r8169 0000:01:00.0: enabling device (0140 -> 0143)
[    3.951693] r8169 0000:01:00.0 (unnamed net_device) (uninitialized): not PCI Express
[    3.960314] r8169 0000:01:00.0 eth0: RTL8168evl/8111evl at 0xf5018321, 02:04:4b:01:60:a6, XID 0c900800 IRQ 18
[    3.970233] r8169 0000:01:00.0 eth0: jumbo features [frames: 9200 bytes, tx checksumming: ko]
[    3.982904] [drm] Supports vblank timestamp caching Rev 2 (21.10.2013).
[    3.989523] [drm] No driver support for vblank timestamp query.
[    3.995475] [drm] Cannot find any crtc or sizes
[    4.000053] [drm] Initialized tegra 0.0.0 20120330 for drm on minor 0
[    4.009358] tegra-ehci 7d004000.usb: EHCI Host Controller
[    4.014778] tegra-ehci 7d004000.usb: new USB bus registered, assigned bus number 1
[    4.022545] tegra-ehci 7d004000.usb: irq 344, io mem 0x7d004000
[    4.028504] [drm] Cannot find any crtc or sizes
[    4.054047] tegra-ehci 7d004000.usb: USB 2.0 started, EHCI 1.00
[    4.061251] hub 1-0:1.0: USB hub found
[    4.065030] hub 1-0:1.0: 1 port detected
[    4.070177] tegra-ehci 7d008000.usb: EHCI Host Controller
[    4.075594] tegra-ehci 7d008000.usb: new USB bus registered, assigned bus number 2
[    4.083330] tegra-ehci 7d008000.usb: irq 345, io mem 0x7d008000
[    4.114044] tegra-ehci 7d008000.usb: USB 2.0 started, EHCI 1.00
[    4.121158] hub 2-0:1.0: USB hub found
[    4.124931] hub 2-0:1.0: 1 port detected
[    4.135269] tps65910-rtc tps65910-rtc: setting system clock to 2000-01-01 00:00:02 UTC (946684802)
[    4.144783] vdd_sata,avdd_plle: disabling
[    4.149525] usb1_vbus: disabling
[    4.154318] EXT4-fs (mmcblk1p1): mounting ext3 file system using the ext4 subsystem
[    4.215977] EXT4-fs (mmcblk1p1): warning: mounting fs with errors, running e2fsck is recommended
[    4.226192] EXT4-fs (mmcblk1p1): recovery complete
[    4.232160] EXT4-fs (mmcblk1p1): mounted filesystem with ordered data mode. Opts: (null)
[    4.240301] VFS: Mounted root (ext3 filesystem) on device 179:1.
[    4.250527] devtmpfs: mounted
[    4.256014] Freeing unused kernel memory: 2048K
bash: cannot set terminal process group (-1): Inappropriate ioctl for device
bash: no job control in this shell
root@(none):/# [    4.504063] usb 2-1: new high-speed USB device number 2 using tegra-ehci
