Diff for ./tegra114-dalmore-a04/tegra114-dalmore/multi_v7_defconfig_log.txt
--- /tmp/fooa	2014-06-21 22:54:47.305029290 -0700
+++ /tmp/foob	2014-06-21 22:54:47.309029289 -0700
@@ -37,20 +37,20 @@
 	 #################################################################
 	 #################################################################
 	 ###########
-	 3.1 MiB/s
+	 3.7 MiB/s
 done
-Bytes transferred = 4917880 (4b0a78 hex)
+Bytes transferred = 4927568 (4b3050 hex)
 Tegra114 (Dalmore) # tftpboot 0x82000000 tegra114-dalmore.dtb
 Using asx0 device
 TFTP from server 192.168.100.1; our IP address is 192.168.100.100
 Filename 'tegra114-dalmore.dtb'.
 Load address: 0x82000000
 Loading: *###
-	 3 MiB/s
+	 3.3 MiB/s
 done
 Bytes transferred = 34244 (85c4 hex)
 Tegra114 (Dalmore) # bootz 0x81000000 - 0x82000000
-Kernel image @ 0x81000000 [ 0x000000 - 0x4b0a78 ]
+Kernel image @ 0x81000000 [ 0x000000 - 0x4b3050 ]
 ## Flattened Device Tree blob at 82000000
    Booting using the fdt blob at 0x82000000
    Loading Device Tree to 8fff4000, end 8ffff5c3 ... OK
@@ -58,7 +58,7 @@
 Starting kernel ...
 
 Booting Linux on physical CPU 0x0
-Linux version 3.16.0-rc1-78023-g7171511 (pwalmsley@kaivo) (gcc version 4.7.3 20130328 (prerelease) (crosstool-NG linaro-1.13.1-4.7-2013.04-20130415 - Linaro GCC 2013.04) ) #1 SMP Sun Jun 15 21:04:45 PDT 2014
+Linux version 3.16.0-rc2-78384-ga497c3b (pwalmsley@kaivo) (gcc version 4.7.3 20130328 (prerelease) (crosstool-NG linaro-1.13.1-4.7-2013.04-20130415 - Linaro GCC 2013.04) ) #1 SMP Sat Jun 21 22:33:47 PDT 2014
 CPU: ARMv7 Processor [412fc0f2] revision 2 (ARMv7), cr=10c5387d
 CPU: PIPT / VIPT nonaliasing data cache, PIPT instruction cache
 Machine model: NVIDIA Tegra114 Dalmore evaluation board
@@ -66,7 +66,7 @@
 cma: CMA: reserved 64 MiB at ab800000
 Memory policy: Data cache writealloc
 On node 0 totalpages: 524032
-free_area_init_node: node 0, pgdat c0c38ac0, node_mem_map ea7d8000
+free_area_init_node: node 0, pgdat c0c3f100, node_mem_map ea7d8000
   DMA zone: 1520 pages used for memmap
   DMA zone: 0 pages reserved
   DMA zone: 194560 pages, LIFO batch:31
@@ -81,7 +81,7 @@
 PID hash table entries: 4096 (order: 2, 16384 bytes)
 Dentry cache hash table entries: 131072 (order: 7, 524288 bytes)
 Inode-cache hash table entries: 65536 (order: 6, 262144 bytes)
-Memory: 2002196K/2096128K available (6333K kernel code, 889K rwdata, 2556K rodata, 652K init, 304K bss, 93932K reserved, 1317888K highmem)
+Memory: 2002172K/2096128K available (6353K kernel code, 891K rwdata, 2564K rodata, 652K init, 304K bss, 93956K reserved, 1317888K highmem)
 Virtual kernel memory layout:
     vector  : 0xffff0000 - 0xffff1000   (   4 kB)
     fixmap  : 0xffc00000 - 0xffe00000   (2048 kB)
@@ -89,10 +89,10 @@
     lowmem  : 0xc0000000 - 0xef800000   ( 760 MB)
     pkmap   : 0xbfe00000 - 0xc0000000   (   2 MB)
     modules : 0xbf000000 - 0xbfe00000   (  14 MB)
-      .text : 0xc0208000 - 0xc0ab6808   (8891 kB)
-      .init : 0xc0ab7000 - 0xc0b5a100   ( 653 kB)
-      .data : 0xc0b5c000 - 0xc0c3a7c0   ( 890 kB)
-       .bss : 0xc0c3a7c8 - 0xc0c86858   ( 305 kB)
+      .text : 0xc0208000 - 0xc0abd9dc   (8919 kB)
+      .init : 0xc0abe000 - 0xc0b61100   ( 653 kB)
+      .data : 0xc0b62000 - 0xc0c40e00   ( 892 kB)
+       .bss : 0xc0c40e08 - 0xc0c8ce98   ( 305 kB)
 SLUB: HWalign=64, Order=0-3, MinObjects=0, CPUs=4, Nodes=1
 Hierarchical RCU implementation.
 	RCU restricting CPUs from NR_CPUS=8 to nr_cpu_ids=4.
@@ -114,7 +114,7 @@
 /cpus/cpu@2 missing clock-frequency property
 /cpus/cpu@3 missing clock-frequency property
 CPU0: thread -1, cpu 0, socket 0, mpidr 80000000
-Setting up static identity map for 0x807fb970 - 0x807fba08
+Setting up static identity map for 0x808003e0 - 0x80800478
 CPU1: Booted secondary processor
 CPU1: thread -1, cpu 1, socket 0, mpidr 80000001
 CPU2: Booted secondary processor
@@ -315,8 +315,28 @@
 sdhci: Secure Digital Host Controller Interface driver
 sdhci: Copyright(c) Pierre Ossman
 Synopsys Designware Multimedia Card Interface Driver
+sdhci-pltfm: SDHCI platform and OF driver helper
+sdhci-tegra 78000400.sdhci: Got CD GPIO #170.
+sdhci-tegra 78000400.sdhci: Got WP GPIO #132.
+mmc0: no vqmmc regulator found
+mmc0: no vmmc regulator found
+mmc0: Invalid maximum block size, assuming 512 bytes
+mmc0: SDHCI controller on 78000400.sdhci [78000400.sdhci] using ADMA
+mmc1: no vqmmc regulator found
+mmc1: no vmmc regulator found
+mmc1: Invalid maximum block size, assuming 512 bytes
+mmc1: SDHCI controller on 78000600.sdhci [78000600.sdhci] using ADMA
 usbcore: registered new interface driver usbhid
 usbhid: USB HID core driver
+mmc1: BKOPS_EN bit is not set
+mmc1: new high speed MMC card at address 0001
+mmcblk0: mmc1:0001 SEM32G 29.1 GiB 
+mmcblk0boot0: mmc1:0001 SEM32G partition 1 4.00 MiB
+mmcblk0boot1: mmc1:0001 SEM32G partition 2 4.00 MiB
+mmcblk0rpmb: mmc1:0001 SEM32G partition 3 4.00 MiB
+ mmcblk0: p1 p2 p3 p4 p5 p6 p7 p8
+ mmcblk0boot1: unknown partition table
+ mmcblk0boot0: unknown partition table
 tegra30-i2s 70080400.i2s: DMA channels sourced from device 70080000.ahub
 tegra-snd-rt5640 sound: rt5640-aif1 <-> 70080400.i2s mapping ok
 input: NVIDIA Tegra Dalmore Headphones as /devices/soc0/sound/sound/card0/input0
@@ -365,7 +385,7 @@
 i2c 0-004c: Driver lm90 requests probe deferral
 tegra-dsi 54300000.dsi: cannot get VDD supply
 platform 54300000.dsi: Driver tegra-dsi requests probe deferral
-palmas-rtc 7000d000.i2c:tps65913@58:rtc: setting system clock to 2000-01-14 05:28:27 UTC (947827707)
+palmas-rtc 7000d000.i2c:tps65913@58:rtc: setting system clock to 2000-01-20 06:57:40 UTC (948351460)
 VDD_5V0_HDMI_CON: disabling
 vdd_cam_1v8_reg: disabling
 vdd_hdmi_5v0: disabling
@@ -375,11 +395,13 @@
   #0: NVIDIA Tegra Dalmore
 tegra-hdmi 54280000.hdmi: failed to get PLL regulator
 platform 54280000.hdmi: Driver tegra-hdmi requests probe deferral
-Waiting for root device /dev/mmcblk0p1...
+EXT4-fs (mmcblk0p1): mounting ext3 file system using the ext4 subsystem
+EXT4-fs (mmcblk0p1): recovery complete
+EXT4-fs (mmcblk0p1): mounted filesystem with ordered data mode. Opts: (null)
+VFS: Mounted root (ext3 filesystem) on device 179:1.
+devtmpfs: mounted
+Freeing unused kernel memory: 652K (c0abe000 - c0b61000)
+bash: cannot set terminal process group (-1): Inappropriate ioctl for device
+bash: no job control in this shell
 usb 1-1: new high-speed USB device number 2 using tegra-ehci
-asix 1-1:1.0 eth0: register 'asix' at usb-7d008000.usb-1, ASIX AX88772 USB 2.0 Ethernet, 00:50:b6:0d:b5:16
-i2c 0-004c: Driver lm90 requests probe deferral
-tegra-dsi 54300000.dsi: cannot get VDD supply
-platform 54300000.dsi: Driver tegra-dsi requests probe deferral
-tegra-hdmi 54280000.hdmi: failed to get PLL regulator
-platform 54280000.hdmi: Driver tegra-hdmi requests probe deferral
+root@(none):/# 
\ No newline at end of file
Diff for ./tegra114-dalmore-a04/tegra114-dalmore/tegra_defconfig_log.txt
--- /tmp/fooa	2014-06-21 22:54:47.333029284 -0700
+++ /tmp/foob	2014-06-21 22:54:47.337029284 -0700
@@ -36,20 +36,20 @@
 	 #################################################################
 	 #################################################################
 	 #########################################
-	 3.3 MiB/s
+	 3.5 MiB/s
 done
-Bytes transferred = 4417680 (436890 hex)
+Bytes transferred = 4417816 (436918 hex)
 Tegra114 (Dalmore) # tftpboot 0x82000000 tegra114-dalmore.dtb
 Using asx0 device
 TFTP from server 192.168.100.1; our IP address is 192.168.100.100
 Filename 'tegra114-dalmore.dtb'.
 Load address: 0x82000000
 Loading: *###
-	 3.3 MiB/s
+	 3 MiB/s
 done
 Bytes transferred = 34244 (85c4 hex)
 Tegra114 (Dalmore) # bootz 0x81000000 - 0x82000000
-Kernel image @ 0x81000000 [ 0x000000 - 0x436890 ]
+Kernel image @ 0x81000000 [ 0x000000 - 0x436918 ]
 ## Flattened Device Tree blob at 82000000
    Booting using the fdt blob at 0x82000000
    Loading Device Tree to 8fff4000, end 8ffff5c3 ... OK
@@ -60,7 +60,7 @@
 Booting Linux on physical CPU 0x0
 Initializing cgroup subsys cpu
 Initializing cgroup subsys cpuacct
-Linux version 3.16.0-rc1-78023-g7171511 (pwalmsley@tamien) (gcc version 4.7.3 20130328 (prerelease) (crosstool-NG linaro-1.13.1-4.7-2013.04-20130415 - Linaro GCC 2013.04) ) #1 SMP PREEMPT Sun Jun 15 21:05:43 PDT 2014
+Linux version 3.16.0-rc2-78384-ga497c3b (pwalmsley@tamien) (gcc version 4.7.3 20130328 (prerelease) (crosstool-NG linaro-1.13.1-4.7-2013.04-20130415 - Linaro GCC 2013.04) ) #1 SMP PREEMPT Sat Jun 21 22:35:00 PDT 2014
 CPU: ARMv7 Processor [412fc0f2] revision 2 (ARMv7), cr=10c5387d
 CPU: PIPT / VIPT nonaliasing data cache, PIPT instruction cache
 Machine model: NVIDIA Tegra114 Dalmore evaluation board
@@ -91,7 +91,7 @@
     lowmem  : 0xc0000000 - 0xef800000   ( 760 MB)
     pkmap   : 0xbfe00000 - 0xc0000000   (   2 MB)
     modules : 0xbf000000 - 0xbfe00000   (  14 MB)
-      .text : 0xc0008000 - 0xc07de244   (8025 kB)
+      .text : 0xc0008000 - 0xc07de23c   (8025 kB)
       .init : 0xc07df000 - 0xc0821240   ( 265 kB)
       .data : 0xc0822000 - 0xc0874a40   ( 331 kB)
        .bss : 0xc0874a4c - 0xc08cdfbc   ( 358 kB)
@@ -115,7 +115,7 @@
 /cpus/cpu@2 missing clock-frequency property
 /cpus/cpu@3 missing clock-frequency property
 CPU0: thread -1, cpu 0, socket 0, mpidr 80000000
-Setting up static identity map for 0x805b7418 - 0x805b74b0
+Setting up static identity map for 0x805b76d0 - 0x805b7768
 CPU1: Booted secondary processor
 CPU1: thread -1, cpu 1, socket 0, mpidr 80000001
 CPU2: Booted secondary processor
@@ -375,7 +375,7 @@
 i2c 0-004c: Driver lm90 requests probe deferral
 tegra-dsi 54300000.dsi: cannot get VDD supply
 platform 54300000.dsi: Driver tegra-dsi requests probe deferral
-palmas-rtc 7000d000.i2c:tps65913@58:rtc: setting system clock to 2000-01-14 05:30:23 UTC (947827823)
+palmas-rtc 7000d000.i2c:tps65913@58:rtc: setting system clock to 2000-01-20 06:58:37 UTC (948351517)
 tegra-hdmi 54280000.hdmi: failed to get PLL regulator
 platform 54280000.hdmi: Driver tegra-hdmi requests probe deferral
 VDD_5V0_HDMI_CON: disabling
@@ -394,4 +394,5 @@
 Freeing unused kernel memory: 264K (c07df000 - c0821000)
 bash: cannot set terminal process group (-1): Inappropriate ioctl for device
 bash: no job control in this shell
-root@(none):/# [    2.962060] usb 1-1: new high-speed USB device number 2 using tegra-ehci
+usb 1-1: new high-speed USB device number 2 using tegra-ehci
+root@(none):/# 
\ No newline at end of file
Diff for ./tegra30-beaver/tegra30-beaver/multi_v7_defconfig_log.txt
--- /tmp/fooa	2014-06-21 22:54:47.373029277 -0700
+++ /tmp/foob	2014-06-21 22:54:47.377029276 -0700
@@ -37,20 +37,20 @@
 	 #################################################################
 	 #################################################################
 	 ###########
-	 3.6 MiB/s
+	 3 MiB/s
 done
-Bytes transferred = 4917880 (4b0a78 hex)
+Bytes transferred = 4927568 (4b3050 hex)
 Tegra30 (Beaver) # tftpboot 0x82000000 tegra30-beaver.dtb
 Using asx0 device
 TFTP from server 192.168.100.1; our IP address is 192.168.100.101
 Filename 'tegra30-beaver.dtb'.
 Load address: 0x82000000
 Loading: *##
-	 2.6 MiB/s
+	 2.9 MiB/s
 done
 Bytes transferred = 24197 (5e85 hex)
 Tegra30 (Beaver) # bootz 0x81000000 - 0x82000000
-Kernel image @ 0x81000000 [ 0x000000 - 0x4b0a78 ]
+Kernel image @ 0x81000000 [ 0x000000 - 0x4b3050 ]
 ## Flattened Device Tree blob at 82000000
    Booting using the fdt blob at 0x82000000
    Loading Device Tree to 8fff7000, end 8ffffe84 ... OK
@@ -58,7 +58,7 @@
 Starting kernel ...
 
 Booting Linux on physical CPU 0x0
-Linux version 3.16.0-rc1-78023-g7171511 (pwalmsley@kaivo) (gcc version 4.7.3 20130328 (prerelease) (crosstool-NG linaro-1.13.1-4.7-2013.04-20130415 - Linaro GCC 2013.04) ) #1 SMP Sun Jun 15 21:04:45 PDT 2014
+Linux version 3.16.0-rc2-78384-ga497c3b (pwalmsley@kaivo) (gcc version 4.7.3 20130328 (prerelease) (crosstool-NG linaro-1.13.1-4.7-2013.04-20130415 - Linaro GCC 2013.04) ) #1 SMP Sat Jun 21 22:33:47 PDT 2014
 CPU: ARMv7 Processor [412fc099] revision 9 (ARMv7), cr=10c5387d
 CPU: PIPT / VIPT nonaliasing data cache, VIPT aliasing instruction cache
 Machine model: NVIDIA Tegra30 Beaver evaluation board
@@ -66,7 +66,7 @@
 cma: CMA: reserved 64 MiB at ab800000
 Memory policy: Data cache writealloc
 On node 0 totalpages: 524032
-free_area_init_node: node 0, pgdat c0c38ac0, node_mem_map ea7d8000
+free_area_init_node: node 0, pgdat c0c3f100, node_mem_map ea7d8000
   DMA zone: 1520 pages used for memmap
   DMA zone: 0 pages reserved
   DMA zone: 194560 pages, LIFO batch:31
@@ -83,7 +83,7 @@
 PID hash table entries: 4096 (order: 2, 16384 bytes)
 Dentry cache hash table entries: 131072 (order: 7, 524288 bytes)
 Inode-cache hash table entries: 65536 (order: 6, 262144 bytes)
-Memory: 2002248K/2096128K available (6333K kernel code, 889K rwdata, 2556K rodata, 652K init, 304K bss, 93880K reserved, 1317888K highmem)
+Memory: 2002224K/2096128K available (6353K kernel code, 891K rwdata, 2564K rodata, 652K init, 304K bss, 93904K reserved, 1317888K highmem)
 Virtual kernel memory layout:
     vector  : 0xffff0000 - 0xffff1000   (   4 kB)
     fixmap  : 0xffc00000 - 0xffe00000   (2048 kB)
@@ -91,10 +91,10 @@
     lowmem  : 0xc0000000 - 0xef800000   ( 760 MB)
     pkmap   : 0xbfe00000 - 0xc0000000   (   2 MB)
     modules : 0xbf000000 - 0xbfe00000   (  14 MB)
-      .text : 0xc0208000 - 0xc0ab6808   (8891 kB)
-      .init : 0xc0ab7000 - 0xc0b5a100   ( 653 kB)
-      .data : 0xc0b5c000 - 0xc0c3a7c0   ( 890 kB)
-       .bss : 0xc0c3a7c8 - 0xc0c86858   ( 305 kB)
+      .text : 0xc0208000 - 0xc0abd9dc   (8919 kB)
+      .init : 0xc0abe000 - 0xc0b61100   ( 653 kB)
+      .data : 0xc0b62000 - 0xc0c40e00   ( 892 kB)
+       .bss : 0xc0c40e08 - 0xc0c8ce98   ( 305 kB)
 SLUB: HWalign=64, Order=0-3, MinObjects=0, CPUs=4, Nodes=1
 Hierarchical RCU implementation.
 	RCU restricting CPUs from NR_CPUS=8 to nr_cpu_ids=4.
@@ -117,7 +117,7 @@
 Mountpoint-cache hash table entries: 2048 (order: 1, 8192 bytes)
 CPU: Testing write buffer coherency: ok
 CPU0: thread -1, cpu 0, socket 0, mpidr 80000000
-Setting up static identity map for 0x807fb970 - 0x807fba08
+Setting up static identity map for 0x808003e0 - 0x80800478
 CPU1: Booted secondary processor
 CPU1: thread -1, cpu 1, socket 0, mpidr 80000001
 CPU2: Booted secondary processor
@@ -277,8 +277,28 @@
 sdhci: Secure Digital Host Controller Interface driver
 sdhci: Copyright(c) Pierre Ossman
 Synopsys Designware Multimedia Card Interface Driver
+sdhci-pltfm: SDHCI platform and OF driver helper
+sdhci-tegra 78000000.sdhci: Got CD GPIO #69.
+sdhci-tegra 78000000.sdhci: Got WP GPIO #155.
+mmc0: no vqmmc regulator found
+mmc0: no vmmc regulator found
+mmc0: Invalid maximum block size, assuming 512 bytes
+mmc0: SDHCI controller on 78000000.sdhci [78000000.sdhci] using ADMA
+mmc1: no vqmmc regulator found
+mmc1: no vmmc regulator found
+mmc1: Invalid maximum block size, assuming 512 bytes
+mmc1: SDHCI controller on 78000600.sdhci [78000600.sdhci] using ADMA
 usbcore: registered new interface driver usbhid
 usbhid: USB HID core driver
+mmc1: new high speed MMC card at address 0001
+mmcblk0: mmc1:0001 SEM16G 14.8 GiB 
+mmcblk0boot0: mmc1:0001 SEM16G partition 1 1.00 MiB
+mmcblk0boot1: mmc1:0001 SEM16G partition 2 1.00 MiB
+mmcblk0rpmb: mmc1:0001 SEM16G partition 3 128 KiB
+Primary GPT is invalid, using alternate GPT.
+ mmcblk0: p1 p2 p3 p4 p5
+ mmcblk0boot1: unknown partition table
+ mmcblk0boot0: unknown partition table
 tegra30-i2s 70080400.i2s: DMA channels sourced from device 70080000.ahub
 tegra-snd-rt5640 sound: rt5640-aif1 <-> 70080400.i2s mapping ok
 input: NVIDIA Tegra Beaver Headphones as /devices/soc0/sound/sound/card0/input0
@@ -342,7 +362,7 @@
 pci 0000:00:01.0: nv_msi_ht_cap_quirk didn't locate host bridge
 r8169 Gigabit Ethernet driver 2.3LK-NAPI loaded
 r8169 0000:01:00.0: enabling device (0140 -> 0143)
-r8169 0000:01:00.0 eth0: RTL8168evl/8111evl at 0xf001e000, 02:04:4b:01:60:a6, XID 0c900800 IRQ 472
+r8169 0000:01:00.0 eth0: RTL8168evl/8111evl at 0xf002e000, 02:04:4b:01:60:a6, XID 0c900800 IRQ 472
 r8169 0000:01:00.0 eth0: jumbo features [frames: 9200 bytes, tx checksumming: ko]
 [drm] Supports vblank timestamp caching Rev 2 (21.10.2013).
 [drm] No driver support for vblank timestamp query.
@@ -370,6 +390,14 @@
 usb1_vbus: disabling
 ALSA device list:
   #0: NVIDIA Tegra Beaver
-Waiting for root device /dev/mmcblk0p1...
-usb 2-1: new high-speed USB device number 2 using tegra-ehci
+EXT4-fs (mmcblk0p1): mounting ext3 file system using the ext4 subsystem
+EXT4-fs (mmcblk0p1): warning: mounting fs with errors, running e2fsck is recommended
+EXT4-fs (mmcblk0p1): recovery complete
+EXT4-fs (mmcblk0p1): mounted filesystem with ordered data mode. Opts: (null)
+VFS: Mounted root (ext3 filesystem) on device 179:1.
+devtmpfs: mounted
+Freeing unused kernel memory: 652K (c0abe000 - c0b61000)
+bash: cannot set terminal process group (-1): Inappropriate ioctl for device
+bash: no job control in this shell
+root@(none):/# [    4.268722] usb 2-1: new high-speed USB device number 2 using tegra-ehci
 asix 2-1:1.0 eth1: register 'asix' at usb-7d008000.usb-1, ASIX AX88772 USB 2.0 Ethernet, 00:50:b6:0f:68:6d
Diff for ./tegra30-beaver/tegra30-beaver/tegra_defconfig_log.txt
--- /tmp/fooa	2014-06-21 22:54:47.397029271 -0700
+++ /tmp/foob	2014-06-21 22:54:47.401029270 -0700
@@ -36,9 +36,9 @@
 	 #################################################################
 	 #################################################################
 	 #########################################
-	 3.6 MiB/s
+	 3.5 MiB/s
 done
-Bytes transferred = 4417680 (436890 hex)
+Bytes transferred = 4417816 (436918 hex)
 Tegra30 (Beaver) # tftpboot 0x82000000 tegra30-beaver.dtb
 Using asx0 device
 TFTP from server 192.168.100.1; our IP address is 192.168.100.101
@@ -49,7 +49,7 @@
 done
 Bytes transferred = 24197 (5e85 hex)
 Tegra30 (Beaver) # bootz 0x81000000 - 0x82000000
-Kernel image @ 0x81000000 [ 0x000000 - 0x436890 ]
+Kernel image @ 0x81000000 [ 0x000000 - 0x436918 ]
 ## Flattened Device Tree blob at 82000000
    Booting using the fdt blob at 0x82000000
    Loading Device Tree to 8fff7000, end 8ffffe84 ... OK
@@ -60,7 +60,7 @@
 Booting Linux on physical CPU 0x0
 Initializing cgroup subsys cpu
 Initializing cgroup subsys cpuacct
-Linux version 3.16.0-rc1-78023-g7171511 (pwalmsley@tamien) (gcc version 4.7.3 20130328 (prerelease) (crosstool-NG linaro-1.13.1-4.7-2013.04-20130415 - Linaro GCC 2013.04) ) #1 SMP PREEMPT Sun Jun 15 21:05:43 PDT 2014
+Linux version 3.16.0-rc2-78384-ga497c3b (pwalmsley@tamien) (gcc version 4.7.3 20130328 (prerelease) (crosstool-NG linaro-1.13.1-4.7-2013.04-20130415 - Linaro GCC 2013.04) ) #1 SMP PREEMPT Sat Jun 21 22:35:00 PDT 2014
 CPU: ARMv7 Processor [412fc099] revision 9 (ARMv7), cr=10c5387d
 CPU: PIPT / VIPT nonaliasing data cache, VIPT aliasing instruction cache
 Machine model: NVIDIA Tegra30 Beaver evaluation board
@@ -93,7 +93,7 @@
     lowmem  : 0xc0000000 - 0xef800000   ( 760 MB)
     pkmap   : 0xbfe00000 - 0xc0000000   (   2 MB)
     modules : 0xbf000000 - 0xbfe00000   (  14 MB)
-      .text : 0xc0008000 - 0xc07de244   (8025 kB)
+      .text : 0xc0008000 - 0xc07de23c   (8025 kB)
       .init : 0xc07df000 - 0xc0821240   ( 265 kB)
       .data : 0xc0822000 - 0xc0874a40   ( 331 kB)
        .bss : 0xc0874a4c - 0xc08cdfbc   ( 358 kB)
@@ -118,7 +118,7 @@
 Initializing cgroup subsys debug
 CPU: Testing write buffer coherency: ok
 CPU0: thread -1, cpu 0, socket 0, mpidr 80000000
-Setting up static identity map for 0x805b7418 - 0x805b74b0
+Setting up static identity map for 0x805b76d0 - 0x805b7768
 CPU1: Booted secondary processor
 CPU1: thread -1, cpu 1, socket 0, mpidr 80000001
 CPU2: Booted secondary processor
@@ -393,5 +393,5 @@
 Freeing unused kernel memory: 264K (c07df000 - c0821000)
 bash: cannot set terminal process group (-1): Inappropriate ioctl for device
 bash: no job control in this shell
-root@(none):/# [    4.637031] usb 2-1: new high-speed USB device number 2 using tegra-ehci
+root@(none):/# [    4.636987] usb 2-1: new high-speed USB device number 2 using tegra-ehci
 asix 2-1:1.0 eth1: register 'asix' at usb-7d008000.usb-1, ASIX AX88772 USB 2.0 Ethernet, 00:50:b6:0f:68:6d
