

U-Boot 2015.04-00466-gedec83e90172 (Mar 14 2016 - 10:42:01)

TEGRA124
Model: Acer Chromebook 13 CB5-311
DRAM:  4 GiB
C:   Tegra SD/MMC: 0, Tegra SD/MMC: 1, Tegra SD/MMC: 2
MMC init failed
Using default environment

In:    serial
Out:   serial
Err:   serial
Net:   Net Initialization Skipped
No ethernet found.
Hit any key to stop autoboot:  2  0 
Tegra124 (Nyan-big) # 
Tegra124 (Nyan-big) # usb start
starting USB...
USB0:   USB EHCI 1.10
scanning bus 0 for devices... 2 USB Device(s) found
USB1:   USB EHCI 1.10
scanning bus 1 for devices... 2 USB Device(s) found
       scanning usb for storage devices... 1 Storage Device(s) found
       scanning usb for ethernet devices... 
Warning: asx0 using MAC address from net device
1 Ethernet Device(s) found
Tegra124 (Nyan-big) # mw 0x7000e4a0 0x00080000
Tegra124 (Nyan-big) # setenv bootargs 'ignore_loglevel console=ttyS0,115200n8 rw root=PARTUUID=4d36e82a-b3c0-4b4b-bfcd-afe5217ac023 rootwait gpt debug noinitrd earlyprintk init=/bin/bash'
Tegra124 (Nyan-big) # setenv ipaddr 192.168.100.104; setenv serverip 192.168.100.1; setenv tftpserverip 192.168.100.1
Tegra124 (Nyan-big) # tftpboot 0x82000000 zImage.tegra_defconfig%tegra-fw
Using asx0 device
TFTP from server 192.168.100.1; our IP address is 192.168.100.104
Filename 'zImage.tegra_defconfig%tegra-fw'.
Load address: 0x82000000
Loading: *#################################################################
	 #################################################################
	 #################################################################
	 #################################################################
	 #################################################################
	 #################################################################
	 ##########################################
	 3.3 MiB/s
done
Bytes transferred = 6337104 (60b250 hex)
Tegra124 (Nyan-big) # tftpboot 0x83000000 tegra124-nyan-big.dtb
Using asx0 device
TFTP from server 192.168.100.1; our IP address is 192.168.100.104
Filename 'tegra124-nyan-big.dtb'.
Load address: 0x83000000
Loading: *#####
	 3.4 MiB/s
done
Bytes transferred = 67482 (1079a hex)
Tegra124 (Nyan-big) # bootz 0x82000000 - 0x83000000
Kernel image @ 0x82000000 [ 0x000000 - 0x60b250 ]
## Flattened Device Tree blob at 83000000
   Booting using the fdt blob at 0x83000000
   Using Device Tree in place at 83000000, end 83013799

Starting kernel ...

[    0.000000] Booting Linux on physical CPU 0x0
[    0.000000] Linux version 4.15.0-217931-gd8a5b80 (jonathanh@sellafield) (gcc version 4.7.3 20130328 (prerelease) (crosstool-NG linaro-1.13.1-4.7-2013.04-20130415 - Linaro GCC 2013.04)) #1 SMP PREEMPT Sun Jan 28 13:34:57 PST 2018
[    0.000000] CPU: ARMv7 Processor [413fc0f3] revision 3 (ARMv7), cr=10c5387d
[    0.000000] CPU: div instructions available: patching division code
[    0.000000] CPU: PIPT / VIPT nonaliasing data cache, PIPT instruction cache
[    0.000000] OF: fdt: Machine model: Acer Chromebook 13 CB5-311
[    0.000000] OF: fdt: Ignoring memory range 0x100000000 - 0x17ffff000
[    0.000000] debug: ignoring loglevel setting.
[    0.000000] bootconsole [earlycon0] enabled
[    0.000000] Memory policy: Data cache writealloc
[    0.000000] cma: Reserved 64 MiB at 0xfbc00000
[    0.000000] On node 0 totalpages: 524287
[    0.000000]   Normal zone: 1536 pages used for memmap
[    0.000000]   Normal zone: 0 pages reserved
[    0.000000]   Normal zone: 196608 pages, LIFO batch:31
[    0.000000]   HighMem zone: 327679 pages, LIFO batch:31
[    0.000000] random: fast init done
[    0.000000] percpu: Embedded 17 pages/cpu @(ptrval) s39168 r8192 d22272 u69632
[    0.000000] pcpu-alloc: s39168 r8192 d22272 u69632 alloc=17*4096
[    0.000000] pcpu-alloc: [0] 0 [0] 1 [0] 2 [0] 3 
[    0.000000] Built 1 zonelists, mobility grouping on.  Total pages: 522751
[    0.000000] Kernel command line: ignore_loglevel console=ttyS0,115200n8 rw root=PARTUUID=4d36e82a-b3c0-4b4b-bfcd-afe5217ac023 rootwait gpt debug noinitrd earlyprintk init=/bin/bash
[    0.000000] Dentry cache hash table entries: 131072 (order: 7, 524288 bytes)
[    0.000000] Inode-cache hash table entries: 65536 (order: 6, 262144 bytes)
[    0.000000] Memory: 1998488K/2097148K available (9216K kernel code, 778K rwdata, 2820K rodata, 1024K init, 299K bss, 33124K reserved, 65536K cma-reserved, 1245180K highmem)
[    0.000000] Virtual kernel memory layout:
[    0.000000]     vector  : 0xffff0000 - 0xffff1000   (   4 kB)
[    0.000000]     fixmap  : 0xffc00000 - 0xfff00000   (3072 kB)
[    0.000000]     vmalloc : 0xf0800000 - 0xff800000   ( 240 MB)
[    0.000000]     lowmem  : 0xc0000000 - 0xf0000000   ( 768 MB)
[    0.000000]     pkmap   : 0xbfe00000 - 0xc0000000   (   2 MB)
[    0.000000]     modules : 0xbf000000 - 0xbfe00000   (  14 MB)
[    0.000000]       .text : 0x(ptrval) - 0x(ptrval)   (10208 kB)
[    0.000000]       .init : 0x(ptrval) - 0x(ptrval)   (1024 kB)
[    0.000000]       .data : 0x(ptrval) - 0x(ptrval)   ( 779 kB)
[    0.000000]        .bss : 0x(ptrval) - 0x(ptrval)   ( 300 kB)
[    0.000000] Preemptible hierarchical RCU implementation.
[    0.000000] 	Tasks RCU enabled.
[    0.000000] NR_IRQS: 16, nr_irqs: 16, preallocated irqs: 16
[    0.000000] /interrupt-controller@60004000: 160 interrupts forwarded to /interrupt-controller@50041000
[    0.000000] Tegra clk 127: register failed with -17
[    0.000004] sched_clock: 32 bits at 1000kHz, resolution 1000ns, wraps every 2147483647500ns
[    0.008019] clocksource: timer_us: mask: 0xffffffff max_cycles: 0xffffffff, max_idle_ns: 1911260446275 ns
[    0.017551] Switching to timer-based delay loop, resolution 1000ns
[    0.024073] arch_timer: cp15 timer(s) running at 12.00MHz (virt).
[    0.029771] clocksource: arch_sys_counter: mask: 0xffffffffffffff max_cycles: 0x2c47f4ee7, max_idle_ns: 440795202497 ns
[    0.040519] sched_clock: 56 bits at 12MHz, resolution 83ns, wraps every 4398046511096ns
[    0.048491] Switching to timer-based delay loop, resolution 83ns
[    0.054666] Console: colour dummy device 80x30
[    0.058899] Calibrating delay loop (skipped), value calculated using timer frequency.. 24.00 BogoMIPS (lpj=120000)
[    0.069208] pid_max: default: 32768 minimum: 301
[    0.073968] Mount-cache hash table entries: 2048 (order: 1, 8192 bytes)
[    0.080390] Mountpoint-cache hash table entries: 2048 (order: 1, 8192 bytes)
[    0.087727] CPU: Testing write buffer coherency: ok
[    0.092399] /cpus/cpu@0 missing clock-frequency property
[    0.097554] /cpus/cpu@1 missing clock-frequency property
[    0.102849] /cpus/cpu@2 missing clock-frequency property
[    0.108127] /cpus/cpu@3 missing clock-frequency property
[    0.113409] CPU0: thread -1, cpu 0, socket 0, mpidr 80000000
[    0.153453] Setting up static identity map for 0x80100000 - 0x801000a0
[    0.158109] Hierarchical SRCU implementation.
[    0.173664] Tegra Revision: A01 SKU: 131 CPU Process: 1 SoC Process: 1
[    0.193456] smp: Bringing up secondary CPUs ...
[    0.243753] CPU1: thread -1, cpu 1, socket 0, mpidr 80000001
[    0.323783] CPU2: thread -1, cpu 2, socket 0, mpidr 80000002
[    0.403822] CPU3: thread -1, cpu 3, socket 0, mpidr 80000003
[    0.413601] smp: Brought up 1 node, 4 CPUs
[    0.432679] SMP: Total of 4 processors activated (96.00 BogoMIPS).
[    0.438837] CPU: All CPU(s) started in SVC mode.
[    0.444132] devtmpfs: initialized
[    0.453170] VFP support v0.3: implementor 41 architecture 4 part 30 variant f rev 0
[    0.459063] clocksource: jiffies: mask: 0xffffffff max_cycles: 0xffffffff, max_idle_ns: 19112604462750000 ns
[    0.468706] futex hash table entries: 1024 (order: 4, 65536 bytes)
[    0.475382] pinctrl core: initialized pinctrl subsystem
[    0.480524] NET: Registered protocol family 16
[    0.485038] DMA: preallocated 256 KiB pool for atomic coherent allocations
[    0.491776] cpuidle: using governor menu
[    0.502819] No ATAGs?
[    0.502879] hw-breakpoint: found 5 (+1 reserved) breakpoint and 4 watchpoint registers.
[    0.511220] hw-breakpoint: maximum watchpoint size is 8 bytes.
[    0.517897] tegra-mc 70019000.memory-controller: no memory timings for RAM code 0 registered
[    0.525563] iommu: Adding device reg-dummy to group 0
[    0.530475] iommu: Adding device 50000000.host1x to group 1
[    0.536029] iommu: Adding device 54200000.dc to group 2
[    0.541219] iommu: Adding device 54240000.dc to group 3
[    0.546413] iommu: Adding device 54280000.hdmi to group 4
[    0.551782] iommu: Adding device 54540000.sor to group 5
[    0.557073] iommu: Adding device 545c0000.dpaux to group 6
[    0.562540] iommu: Adding device 57000000.gpu to group 7
[    0.567819] iommu: Adding device 60005000.timer to group 8
[    0.573275] iommu: Adding device 60007000.flow-controller to group 9
[    0.579606] iommu: Adding device 6000c800.actmon to group 10
[    0.585234] iommu: Adding device 6000d000.gpio to group 11
[    0.590702] iommu: Adding device 60020000.dma to group 12
[    0.596066] iommu: Adding device 70000800.apbmisc to group 13
[    0.601792] iommu: Adding device 70000868.pinmux to group 14
[    0.607420] iommu: Adding device 70006000.serial to group 15
[    0.613059] iommu: Adding device 7000a000.pwm to group 16
[    0.618426] iommu: Adding device 7000c000.i2c to group 17
[    0.623805] iommu: Adding device 7000c400.i2c to group 18
[    0.629175] iommu: Adding device 7000c500.i2c to group 19
[    0.634555] iommu: Adding device 7000c700.i2c to group 20
[    0.639919] iommu: Adding device 7000d000.i2c to group 21
[    0.645302] iommu: Adding device 7000d400.spi to group 22
[    0.650666] iommu: Adding device 7000da00.spi to group 23
[    0.656047] iommu: Adding device 7000e000.rtc to group 24
[    0.661412] iommu: Adding device 7000e400.pmc to group 25
[    0.666794] iommu: Adding device 7000f800.fuse to group 26
[    0.672247] iommu: Adding device 70019000.memory-controller to group 27
[    0.678839] iommu: Adding device 7001b000.emc to group 28
[    0.684206] iommu: Adding device 70030000.hda to group 29
[    0.689589] iommu: Adding device 70090000.usb to group 30
[    0.694953] iommu: Adding device 7009f000.padctl to group 31
[    0.700592] iommu: Adding device 700b0000.sdhci to group 32
[    0.706133] iommu: Adding device 700b0400.sdhci to group 33
[    0.711691] iommu: Adding device 700b0600.sdhci to group 34
[    0.717226] iommu: Adding device 700e2000.thermal-sensor to group 35
[    0.723560] iommu: Adding device 70300000.ahub to group 36
[    0.729014] iommu: Adding device pmu to group 37
[    0.733615] iommu: Adding device timer to group 38
[    0.738372] iommu: Adding device sdhci0_pwrseq to group 39
[    0.743839] iommu: Adding device backlight to group 40
[    0.748950] iommu: Adding device clocks to group 41
[    0.753799] iommu: Adding device gpio-keys to group 42
[    0.758919] iommu: Adding device regulators to group 43
[    0.764114] iommu: Adding device regulators:regulator@0 to group 44
[    0.770358] iommu: Adding device regulators:regulator@1 to group 45
[    0.776594] iommu: Adding device regulators:regulator@2 to group 46
[    0.782839] iommu: Adding device regulators:regulator@3 to group 47
[    0.789075] iommu: Adding device regulators:regulator@4 to group 48
[    0.795320] iommu: Adding device regulators:regulator@5 to group 49
[    0.801552] iommu: Adding device regulators:regulator@6 to group 50
[    0.807798] iommu: Adding device regulators:regulator@7 to group 51
[    0.814035] iommu: Adding device regulators:regulator@8 to group 52
[    0.820281] iommu: Adding device regulators:regulator@9 to group 53
[    0.826513] iommu: Adding device regulators:regulator@10 to group 54
[    0.832848] iommu: Adding device regulators:regulator@11 to group 55
[    0.839166] iommu: Adding device regulators:regulator@12 to group 56
[    0.845499] iommu: Adding device sound to group 57
[    0.850259] iommu: Adding device gpio-restart to group 58
[    0.855638] iommu: Adding device panel to group 59
[    0.866146] +5V_SYS: supplied by +VDD_MUX
[    0.868372] +3.3V_SYS: supplied by +VDD_MUX
[    0.872669] +VDD_LED: Failed to request enable GPIO122: -517
[    0.878041] reg-fixed-voltage regulators:regulator@5: Failed to register regulator: -517
[    0.886127] +5V_VDD_TS_SW: Failed to request enable GPIO81: -517
[    0.892091] reg-fixed-voltage regulators:regulator@6: Failed to register regulator: -517
[    0.900167] +5V_USB_HS: Failed to request enable GPIO108: -517
[    0.905947] reg-fixed-voltage regulators:regulator@7: Failed to register regulator: -517
[    0.914032] +5V_USB_SS: Failed to request enable GPIO109: -517
[    0.919812] reg-fixed-voltage regulators:regulator@8: Failed to register regulator: -517
[    0.927961] +1.05V_RUN_AVDD_HDMI_PLL: Failed to request enable GPIO63: -517
[    0.934804] reg-fixed-voltage regulators:regulator@11: Failed to register regulator: -517
[    0.942979] +5V_HDMI_CON: Failed to request enable GPIO86: -517
[    0.948844] reg-fixed-voltage regulators:regulator@12: Failed to register regulator: -517
[    0.957422] vgaarb: loaded
[    0.959945] SCSI subsystem initialized
[    0.963492] libata version 3.00 loaded.
[    0.967323] usbcore: registered new interface driver usbfs
[    0.972701] usbcore: registered new interface driver hub
[    0.977991] usbcore: registered new device driver usb
[    0.984237] Linux video capture interface: v2.00
[    0.987601] pps_core: LinuxPPS API ver. 1 registered
[    0.992518] pps_core: Software ver. 5.3.6 - Copyright 2005-2007 Rodolfo Giometti <giometti@linux.it>
[    1.001640] PTP clock support registered
[    1.005660] tegra-emc 7001b000.emc: no memory timings for RAM code 0 found in DT
[    1.012898] tegra-emc: probe of 7001b000.emc failed with error -2
[    1.019054] Advanced Linux Sound Architecture Driver Initialized.
[    1.025265] Bluetooth: Core ver 2.22
[    1.028588] NET: Registered protocol family 31
[    1.032990] Bluetooth: HCI device and connection manager initialized
[    1.039330] Bluetooth: HCI socket layer initialized
[    1.044172] Bluetooth: L2CAP socket layer initialized
[    1.049212] Bluetooth: SCO socket layer initialized
[    1.054302] clocksource: Switched to clocksource arch_sys_counter
[    1.091233] NET: Registered protocol family 2
[    1.094050] TCP established hash table entries: 8192 (order: 3, 32768 bytes)
[    1.100740] TCP bind hash table entries: 8192 (order: 4, 65536 bytes)
[    1.107170] TCP: Hash tables configured (established 8192 bind 8192)
[    1.113609] UDP hash table entries: 512 (order: 2, 16384 bytes)
[    1.119347] UDP-Lite hash table entries: 512 (order: 2, 16384 bytes)
[    1.125775] NET: Registered protocol family 1
[    1.130272] RPC: Registered named UNIX socket transport module.
[    1.135889] RPC: Registered udp transport module.
[    1.140558] RPC: Registered tcp transport module.
[    1.145244] RPC: Registered tcp NFSv4.1 backchannel transport module.
[    1.151826] iommu: Adding device regulatory.0 to group 60
[    1.157117] PCI: CLS 0 bytes, default 64
[    1.161622] hw perfevents: enabled with armv7_cortex_a15 PMU driver, 7 counters available
[    1.169347] iommu: Adding device alarmtimer to group 61
[    1.174680] Initialise system trusted keyrings
[    1.178774] workingset: timestamp_bits=30 max_order=19 bucket_order=0
[    1.185599] squashfs: version 4.0 (2009/01/31) Phillip Lougher
[    1.191183] NFS: Registering the id_resolver key type
[    1.195960] Key type id_resolver registered
[    1.200099] Key type id_legacy registered
[    1.205829] Key type asymmetric registered
[    1.208159] Asymmetric key parser 'x509' registered
[    1.213066] bounce: pool size: 64 pages
[    1.216856] io scheduler noop registered (default)
[    1.221593] io scheduler mq-deadline registered
[    1.226105] io scheduler kyber registered
[    1.230729] tegra-xusb-padctl 7009f000.padctl: failed to setup XUSB ports: -517
[    1.243205] tegra-apbdma 60020000.dma: Tegra20 APB DMA driver register 32 channels
[    1.249289] tegra-pmc 7000e400.pmc: i2c-thermtrip node not found, emergency thermal reset disabled.
[    1.258089] Serial: 8250/16550 driver, 4 ports, IRQ sharing disabled
[    1.264234] iommu: Adding device serial8250 to group 62
[    1.270052] console [ttyS0] disabled
[    1.272961] 70006000.serial: ttyS0 at MMIO 0x70006000 (irq = 333, base_baud = 25500000) is a Tegra
[    1.281915] console [ttyS0] enabled
[    1.281915] console [ttyS0] enabled
[    1.288120] bootconsole [earlycon0] disabled
[    1.288120] bootconsole [earlycon0] disabled
[    1.314181] tegra-hdmi 54280000.hdmi: failed to get HDMI regulator
[    1.320736] tegra-dpaux 545c0000.dpaux: failed to get VDD supply: -517
[    1.328201] panel-simple panel: panel supply power not found, using dummy regulator
[    1.339514] loop: module loaded
[    1.343209] as3722 4-0040: AS3722 with revision 0x1 found
[    1.349829] iommu: Adding device as3722-pinctrl to group 63
[    1.356765] iommu: Adding device as3722-regulator to group 64
[    1.364606] as3722-sd2: supplied by +5V_SYS
[    1.369030] as3722-sd3: supplied by +5V_SYS
[    1.373365] +1.35V_LP0(sd3): Bringing 0uV into 1350000-1350000uV
[    1.379555] as3722-sd4: supplied by +5V_SYS
[    1.383891] +1.05V_RUN: Bringing 0uV into 1050000-1050000uV
[    1.389644] as3722-sd5: supplied by +5V_SYS
[    1.395243] as3722-ldo0: supplied by +1.35V_LP0(sd2)
[    1.400986] +1.8V_RUN_CAM: Bringing 0uV into 1800000-1800000uV
[    1.407010] as3722-ldo2: supplied by +1.8V_VDDIO
[    1.412632] as3722-ldo3: supplied by +3.3V_SYS
[    1.417093] +1.00V_LP0_VDD_RTC: Bringing 1100000uV into 1000000-1000000uV
[    1.424672] as3722-ldo4: supplied by +3.3V_SYS
[    1.429270] +3.3V_RUN_CAM: Bringing 0uV into 2800000-2800000uV
[    1.435294] as3722-ldo5: supplied by +1.8V_VDDIO
[    1.440065] +1.2V_RUN_CAM_FRONT: Bringing 0uV into 1200000-1200000uV
[    1.446762] +VDDIO_SDMMC3: Bringing 0uV into 1800000-1800000uV
[    1.452788] as3722-ldo7: supplied by +1.8V_VDDIO
[    1.457571] +1.05V_RUN_CAM_REAR: Bringing 0uV into 1050000-1050000uV
[    1.464118] as3722-ldo9: supplied by +5V_SYS
[    1.468695] +2.8V_RUN_TOUCH: Bringing 0uV into 2800000-2800000uV
[    1.474902] as3722-ldo10: supplied by +5V_SYS
[    1.479420] +2.8V_RUN_CAM_AF: Bringing 0uV into 2800000-2800000uV
[    1.485865] +1.8V_RUN_VPP_FUSE: Bringing 0uV into 1800000-1800000uV
[    1.492380] iommu: Adding device as3722-rtc to group 65
[    1.497662] iommu: Adding device as3722-adc to group 66
[    1.502922] iommu: Adding device as3722-power-off to group 67
[    1.508713] iommu: Adding device as3722-wdt to group 68
[    1.526751] iommu: Adding device cros-ec-ctl.0.auto to group 69
[    1.532728] iommu: Adding device 7000d400.spi:cros-ec@0:i2c-tunnel to group 70
[    1.540065] iommu: Adding device 7000d400.spi:cros-ec@0:keyboard-controller to group 71
[    1.550973] cros-ec-spi spi0.0: Chrome EC device registered
[    1.565879] m25p80 spi1.0: w25q32dw (4096 Kbytes)
[    1.581346] iommu: Adding device Fixed MDIO bus.0 to group 72
[    1.587154] libphy: Fixed MDIO Bus: probed
[    1.591239] CAN device driver interface
[    1.595087] igb: Intel(R) Gigabit Ethernet Network Driver - version 5.4.0-k
[    1.602030] igb: Copyright (c) 2007-2014 Intel Corporation.
[    1.607645] pegasus: v0.9.3 (2013/04/25), Pegasus/Pegasus II USB Ethernet driver
[    1.615054] usbcore: registered new interface driver pegasus
[    1.620719] usbcore: registered new interface driver asix
[    1.626134] usbcore: registered new interface driver ax88179_178a
[    1.632228] usbcore: registered new interface driver cdc_ether
[    1.638076] usbcore: registered new interface driver smsc75xx
[    1.643828] usbcore: registered new interface driver smsc95xx
[    1.649582] usbcore: registered new interface driver net1080
[    1.655253] usbcore: registered new interface driver cdc_subset
[    1.661172] usbcore: registered new interface driver zaurus
[    1.666761] usbcore: registered new interface driver cdc_ncm
[    1.672496] ehci_hcd: USB 2.0 'Enhanced' Host Controller (EHCI) Driver
[    1.679014] ehci-pci: EHCI PCI platform driver
[    1.683462] tegra-ehci: Tegra EHCI driver
[    1.687734] usbcore: registered new interface driver cdc_acm
[    1.693378] cdc_acm: USB Abstract Control Model driver for USB modems and ISDN adapters
[    1.701389] usbcore: registered new interface driver cdc_wdm
[    1.707063] usbcore: registered new interface driver usb-storage
[    1.713722] input: cros_ec as /devices/soc0/7000d400.spi/spi_master/spi0/spi0.0/7000d400.spi:cros-ec@0:keyboard-controller/input/input0
[    1.733326] as3722-rtc as3722-rtc: rtc core: registered as3722-rtc as rtc0
[    1.740192] as3722-rtc as3722-rtc: RTC interrupt 372
[    1.746949] tegra_rtc 7000e000.rtc: rtc core: registered 7000e000.rtc as rtc1
[    1.754085] tegra_rtc 7000e000.rtc: Tegra internal Real Time Clock
[    1.760369] i2c /dev entries driver
[    1.764267] usbcore: registered new interface driver uvcvideo
[    1.770004] USB Video Class driver (1.1.1)
[    1.774087] gspca_main: v2.14.0 registered
[    1.778405] lm90 0-004c: 0-004c supply vcc not found, using dummy regulator
[    1.787064] tegra-wdt 60005000.timer: initialized (heartbeat = 120 sec, nowayout = 0)
[    1.795101] iommu: Adding device cpufreq-tegra124 to group 73
[    1.801150] sdhci: Secure Digital Host Controller Interface driver
[    1.807324] sdhci: Copyright(c) Pierre Ossman
[    1.811667] sdhci-pltfm: SDHCI platform and OF driver helper
[    1.817443] sdhci-tegra 700b0000.sdhci: allocated mmc-pwrseq
[    1.831235] sdhci-tegra 700b0400.sdhci: Got CD GPIO
[    1.836119] sdhci-tegra 700b0400.sdhci: Got WP GPIO
[    1.856445] mmc0: Unknown controller version (3). You may experience problems.
[    1.863677] mmc0: Invalid maximum block size, assuming 512 bytes
[    1.934336] mmc0: SDHCI controller on 700b0600.sdhci [700b0600.sdhci] using ADMA
[    1.942046] usbcore: registered new interface driver usbhid
[    1.948738] usbhid: USB HID core driver
[    1.955617] iommu: Adding device snd-soc-dummy to group 74
[    1.962489] iommu: Adding device 70301100.i2s to group 75
[    1.968439] tegra30-i2s 70301100.i2s: DMA channels sourced from device 70300000.ahub
[    2.014797] max98090 0-0010: MAX98090 REVID=0x43
[    2.021333] max98090 0-0010: use default 2.8v micbias
[    2.028851] tegra-snd-max98090 sound: HiFi <-> 70301100.i2s mapping ok
[    2.036128] mmc0: new high speed MMC card at address 0001
[    2.041740] mmcblk0: mmc0:0001 MMC16G 14.4 GiB 
[    2.046449] mmcblk0boot0: mmc0:0001 MMC16G partition 1 2.00 MiB
[    2.052563] input: GoogleNyanBig Headphones as /devices/soc0/sound/sound/card1/input1
[    2.060547] mmcblk0boot1: mmc0:0001 MMC16G partition 2 2.00 MiB
[    2.066543] mmcblk0rpmb: mmc0:0001 MMC16G partition 3 128 KiB, chardev (247:0)
[    2.066632] input: GoogleNyanBig Mic Jack as /devices/soc0/sound/sound/card1/input2
[    2.081828] NET: Registered protocol family 10
[    2.084523]  mmcblk0: p1 p2 p3 p4 p5 p6 p7 p8 p9 p10 p11 p12
[    2.092411] Segment Routing with IPv6
[    2.096136] mip6: Mobile IPv6
[    2.099096] sit: IPv6, IPv4 and MPLS over IPv4 tunneling driver
[    2.105531] NET: Registered protocol family 17
[    2.109969] NET: Registered protocol family 15
[    2.114405] can: controller area network core (rev 20170425 abi 9)
[    2.120665] NET: Registered protocol family 29
[    2.125103] can: raw protocol (rev 20170425)
[    2.129360] can: broadcast manager protocol (rev 20170425 t)
[    2.135014] can: netlink gateway (rev 20170425) max_hops=1
[    2.140556] Bluetooth: RFCOMM socket layer initialized
[    2.145696] Bluetooth: RFCOMM ver 1.11
[    2.149437] Bluetooth: BNEP (Ethernet Emulation) ver 1.3
[    2.154769] Bluetooth: BNEP socket layer initialized
[    2.159719] Bluetooth: HIDP (Human Interface Emulation) ver 1.2
[    2.165631] Bluetooth: HIDP socket layer initialized
[    2.170673] Key type dns_resolver registered
[    2.175129] Registering SWP/SWPB emulation handler
[    2.180185] Loading compiled-in X.509 certificates
[    2.191500] +3.3V_RUN: supplied by +3.3V_SYS
[    2.196516] +VDD_LED: supplied by +VDD_MUX
[    2.200707] +3.3V_AVDD_HDMI_AP_GATED: supplied by +3.3V_RUN
[    2.206398] +1.8V_RUN_CAM: supplied by +3.3V_RUN
[    2.211042] +VDDIO_SDMMC3: supplied by +3.3V_RUN
[    2.215775] +1.8V_RUN_VPP_FUSE: supplied by +3.3V_RUN
[    2.220953] +5V_VDD_TS_SW: supplied by +5V_SYS
[    2.225683] +5V_USB_HS: supplied by +5V_SYS
[    2.230000] +5V_USB_SS: supplied by +5V_SYS
[    2.235229] +3.3V_PANEL: supplied by +3.3V_RUN
[    2.240638] +3.3V_LP0: supplied by +3.3V_SYS
[    2.245405] +1.05V_RUN_AVDD_HDMI_PLL: supplied by +1.05V_RUN
[    2.251197] +5V_HDMI_CON: supplied by +5V_SYS
[    2.256152]  usb3-0: usb3-0 supply vbus not found, using dummy regulator
[    2.262889]  usb3-1: usb3-1 supply vbus not found, using dummy regulator
[    2.272043] tegra-sor 54540000.sor: failed to probe output: -517
[    2.278224] panel-simple panel: panel supply power not found, using dummy regulator
[    2.355058] tegra-xusb 70090000.usb: Firmware timestamp: 2014-09-16 02:10:07 UTC
[    2.362455] tegra-xusb 70090000.usb: xHCI Host Controller
[    2.367883] tegra-xusb 70090000.usb: new USB bus registered, assigned bus number 1
[    2.377453] tegra-xusb 70090000.usb: hcc params 0x0184f525 hci version 0x100 quirks 0x00010010
[    2.386109] tegra-xusb 70090000.usb: irq 344, io mem 0x70090000
[    2.392650] hub 1-0:1.0: USB hub found
[    2.396469] hub 1-0:1.0: 6 ports detected
[    2.400834] tegra-xusb 70090000.usb: xHCI Host Controller
[    2.406262] tegra-xusb 70090000.usb: new USB bus registered, assigned bus number 2
[    2.413943] usb usb2: We don't know the algorithms for LPM for this host, disabling LPM.
[    2.422618] hub 2-0:1.0: USB hub found
[    2.426432] hub 2-0:1.0: 2 ports detected
[    2.431473] sdhci-tegra 700b0000.sdhci: allocated mmc-pwrseq
[    2.444588] mmc1: Unknown controller version (3). You may experience problems.
[    2.451850] mmc1: Invalid maximum block size, assuming 512 bytes
[    2.458333] mmc1: Switching to 3.3V signalling voltage failed
[    2.514405] mmc1: SDHCI controller on 700b0000.sdhci [700b0000.sdhci] using ADMA
[    2.522034] sdhci-tegra 700b0400.sdhci: Got CD GPIO
[    2.526935] sdhci-tegra 700b0400.sdhci: Got WP GPIO
[    2.540286] mmc2: Unknown controller version (3). You may experience problems.
[    2.547628] mmc2: Invalid maximum block size, assuming 512 bytes
[    2.580309] mmc1: new high speed SDIO card at address 0001
[    2.614414] mmc2: SDHCI controller on 700b0400.sdhci [700b0400.sdhci] using ADMA
[    2.715104] input: tegra-hda HDMI/DP,pcm=3 as /devices/soc0/70030000.hda/sound/card0/input3
[    2.719128] [drm] Supports vblank timestamp caching Rev 2 (21.10.2013).
[    2.719131] [drm] No driver support for vblank timestamp query.
[    2.774360] usb 1-2: new high-speed USB device number 2 using tegra-xusb
[    2.784921] mmc2: new high speed SDHC card at address 0007
[    2.785226] mmcblk2: mmc2:0007 SD08G 7.42 GiB 
[    2.793992] GPT:Primary header alternate_lba != Alt. header my_lba
[    2.793995] GPT:3014591 != 15564799
[    2.793997] GPT:Primary header thinks Alt. header is not at the end of the disk.
[    2.793998] GPT:3014591 != 15564799
[    2.793999] GPT: Use GNU Parted to correct GPT errors.
[    2.794025]  mmcblk2: p1 p2 p3 p4 p5 p6 p7 p8 p9 p10 p11 p12
[    2.824753] Console: switching to colour frame buffer device 170x48
[    2.895467] drm drm: fb0:  frame buffer device
[    2.899958] [drm] Initialized tegra 0.0.0 20120330 for drm on minor 0
[    2.906936] input: gpio-keys as /devices/soc0/gpio-keys/input/input4
[    2.913961] as3722-rtc as3722-rtc: setting system clock to 2000-01-01 00:00:24 UTC (946684824)
[    2.922773] cfg80211: Loading compiled-in X.509 certificates for regulatory database
[    2.932261] cfg80211: Loaded X.509 cert 'sforshee: 00b28ddf47aef9cea7'
[    2.939009] platform regulatory.0: Direct firmware load for regulatory.db failed with error -2
[    2.944755] +1.8V_RUN_CAM: disabling
[    2.945022] +1.2V_RUN_CAM_FRONT: disabling
[    2.945291] +1.05V_RUN_CAM_REAR: disabling
[    2.945559] +2.8V_RUN_TOUCH: disabling
[    2.945831] +2.8V_RUN_CAM_AF: disabling
[    2.946106] +1.8V_RUN_VPP_FUSE: disabling
[    2.946374] +5V_VDD_TS_SW: disabling
[    2.946387] ALSA device list:
[    2.946391]   #0: tegra-hda at 0x70038000 irq 343
[    2.946394]   #1: GoogleNyanBig
[    2.985480] cfg80211: failed to load regulatory.db
[    2.991087] EXT4-fs (mmcblk0p3): couldn't mount as ext3 due to feature incompatibilities
[    3.101990] uvcvideo: Found UVC 1.00 device HD WebCam (1bcf:2c67)
[    3.116792] input: HD WebCam: HD WebCam as /devices/soc0/70090000.usb/usb1/1-2/1-2:1.0/input/input5
[    3.249968] EXT4-fs (mmcblk0p3): recovery complete
[    3.254798] EXT4-fs (mmcblk0p3): mounted filesystem with ordered data mode. Opts: (null)
[    3.262902] VFS: Mounted root (ext4 filesystem) on device 179:3.
[    3.270051] devtmpfs: mounted
[    3.273466] Freeing unused kernel memory: 1024K
bash: cannot set terminal process group (-1): Inappropriate ioctl for device
bash: no job control in this shell
root@(none):/# [    3.474395] usb 1-3: new high-speed USB device number 3 using tegra-xusb
[    4.134197] asix 1-3:1.0 eth0: register 'asix' at usb-70090000.usb-3, ASIX AX88772 USB 2.0 Ethernet, c8:d7:19:90:fa:65
[    4.494394] usb 1-1: new high-speed USB device number 4 using tegra-xusb
mount -t sysfs none /sys
[    4.682789] usb-storage 1-1:1.0: USB Mass Storage device detected
root@(none):/# 
[    4.690066] scsi host0: usb-storage 1-1:1.0
root@(none):/# mount -t debugfs none /sys/kernel/debug
root@(none):/# 
root@(none):/# [    5.756071] scsi 0:0:0:0: Direct-Access     SanDisk  SDDR-113         9412 PQ: 0 ANSI: 0
[    5.962146] sd 0:0:0:0: [sda] 15523840 512-byte logical blocks: (7.95 GB/7.40 GiB)
[    5.970584] sd 0:0:0:0: [sda] Write Protect is off
[    5.975406] sd 0:0:0:0: [sda] Mode Sense: 03 00 00 00
[    5.981335] sd 0:0:0:0: [sda] No Caching mode page found
[    5.986675] sd 0:0:0:0: [sda] Assuming drive cache: write through
[    6.011585]  sda: sda1 sda2 sda3 sda4 sda5 sda6 sda7 sda8 sda9 sda10 sda11 sda12 sda13
[    6.024075] sd 0:0:0:0: [sda] Attached SCSI removable disk
rtcwake -d rtc1 -m mem -s 3
rtcwake: assuming RTC uses UTC ...
rtcwake: wakeup from "mem" using /dev/rtc1 at Thu Jan  1 00:00:29 1970
[    6.647090] PM: suspend entry (deep)
[    6.650662] PM: Syncing filesystems ... done.
[    6.656989] Freezing user space processes ... (elapsed 0.001 seconds) done.
[    6.658155] OOM killer disabled.
[    6.658157] Freezing remaining freezable tasks ... (elapsed 0.001 seconds) done.
[    6.659310] Suspending console(s) (use no_console_suspend to debug)
[    6.897877] Disabling non-boot CPUs ...
[    7.034483] IRQ17 no longer affine to CPU2
[    7.095073] Entering suspend state LP1
[    7.095098] Enabling non-boot CPUs ...
[    7.095833] CPU1 is up
[    7.096478] CPU2 is up
[    7.097166] CPU3 is up
[    7.138147] cros-ec-spi spi0.0: spi transfer failed: -121
[    7.150135] mmc1: Switching to 3.3V signalling voltage failed
[    7.364746] usb 1-1: reset high-speed USB device number 4 using tegra-xusb
[    7.404329] tegra-sor 54540000.sor: failed to attach SOR: -110
[    7.725932] OOM killer enabled.
[    7.729072] Restarting tasks ... done.
[    7.738019] PM: suspend exit
root@(none):/# 
root@(none):/# rtcwake -d rtc1 -m mem -s 3
rtcwake: assuming RTC uses UTC ...
rtcwake: wakeup from "mem" using /dev/rtc1 at Thu Jan  1 00:00:34 1970
[    9.034325] PM: suspend entry (deep)
[    9.037893] PM: Syncing filesystems ... done.
[    9.043719] Freezing user space processes ... (elapsed 0.001 seconds) done.
[    9.044928] OOM killer disabled.
[    9.044930] Freezing remaining freezable tasks ... (elapsed 0.001 seconds) done.
[    9.046135] Suspending console(s) (use no_console_suspend to debug)
[    9.277537] Disabling non-boot CPUs ...
[    9.384452] IRQ17 no longer affine to CPU2
[    9.444997] Entering suspend state LP1
[    9.445023] Enabling non-boot CPUs ...
[    9.445797] CPU1 is up
[    9.446450] CPU2 is up
[    9.447151] CPU3 is up
[    9.488384] cros-ec-spi spi0.0: spi transfer failed: -121
[    9.500623] mmc1: Switching to 3.3V signalling voltage failed
[    9.714702] usb 1-1: reset high-speed USB device number 4 using tegra-xusb
[    9.754386] tegra-sor 54540000.sor: failed to attach SOR: -110
[   10.075867] OOM killer enabled.
[   10.079008] Restarting tasks ... done.
root@(none):/# 
[   10.083363] PM: suspend exit
root@(none):/# rtcwake -d rtc1 -m mem -s 3
rtcwake: assuming RTC uses UTC ...
rtcwake: wakeup from "mem" using /dev/rtc1 at Thu Jan  1 00:00:39 1970
[   11.384607] PM: suspend entry (deep)
[   11.388175] PM: Syncing filesystems ... done.
[   11.394067] Freezing user space processes ... (elapsed 0.001 seconds) done.
[   11.395305] OOM killer disabled.
[   11.395307] Freezing remaining freezable tasks ... (elapsed 0.001 seconds) done.
[   11.396513] Suspending console(s) (use no_console_suspend to debug)
[   11.627413] Disabling non-boot CPUs ...
[   11.804945] Entering suspend state LP1
[   11.804970] Enabling non-boot CPUs ...
[   11.805763] CPU1 is up
[   11.806417] CPU2 is up
[   11.807119] CPU3 is up
[   11.848263] cros-ec-spi spi0.0: spi transfer failed: -121
[   11.860380] mmc1: Switching to 3.3V signalling voltage failed
[   12.074687] usb 1-1: reset high-speed USB device number 4 using tegra-xusb
[   12.114286] tegra-sor 54540000.sor: failed to attach SOR: -110
[   12.430925] OOM killer enabled.
[   12.434055] Restarting tasks ... done.
root@(none):/# 
[   12.438460] PM: suspend exit
root@(none):/# rtcwake -d rtc1 -m mem -s 3
rtcwake: assuming RTC uses UTC ...
rtcwake: wakeup from "mem" using /dev/rtc1 at Thu Jan  1 00:00:44 1970
[   13.744085] PM: suspend entry (deep)
[   13.747685] PM: Syncing filesystems ... done.
[   13.753517] Freezing user space processes ... (elapsed 0.001 seconds) done.
[   13.754754] OOM killer disabled.
[   13.754756] Freezing remaining freezable tasks ... (elapsed 0.001 seconds) done.
[   13.755967] Suspending console(s) (use no_console_suspend to debug)
[   13.987793] Disabling non-boot CPUs ...
[   14.134910] Entering suspend state LP1
[   14.134935] Enabling non-boot CPUs ...
[   14.135711] CPU1 is up
[   14.136366] CPU2 is up
[   14.137074] CPU3 is up
[   14.178338] cros-ec-spi spi0.0: spi transfer failed: -121
[   14.190529] mmc1: Switching to 3.3V signalling voltage failed
[   14.404663] usb 1-1: reset high-speed USB device number 4 using tegra-xusb
[   14.444251] tegra-sor 54540000.sor: failed to attach SOR: -110
[   14.760821] OOM killer enabled.
[   14.763950] Restarting tasks ... done.
root@(none):/# 
[   14.768369] PM: suspend exit
root@(none):/# rtcwake -d rtc1 -m mem -s 3
rtcwake: assuming RTC uses UTC ...
rtcwake: wakeup from "mem" using /dev/rtc1 at Thu Jan  1 00:00:49 1970
[   16.074461] PM: suspend entry (deep)
[   16.078029] PM: Syncing filesystems ... done.
[   16.083933] Freezing user space processes ... (elapsed 0.001 seconds) done.
[   16.085181] OOM killer disabled.
[   16.085183] Freezing remaining freezable tasks ... (elapsed 0.001 seconds) done.
[   16.086392] Suspending console(s) (use no_console_suspend to debug)
[   16.317748] Disabling non-boot CPUs ...
[   16.494932] Entering suspend state LP1
[   16.494957] Enabling non-boot CPUs ...
[   16.495734] CPU1 is up
[   16.496390] CPU2 is up
[   16.497094] CPU3 is up
[   16.538142] cros-ec-spi spi0.0: spi transfer failed: -121
[   16.550297] mmc1: Switching to 3.3V signalling voltage failed
[   16.804280] tegra-sor 54540000.sor: failed to attach SOR: -110
[   17.113827] OOM killer enabled.
[   17.116970] Restarting tasks ... done.
root@(none):/# 
[   17.121353] PM: suspend exit
root@(none):/# rtcwake -d rtc1 -m mem -s 3
rtcwake: assuming RTC uses UTC ...
rtcwake: wakeup from "mem" using /dev/rtc1 at Thu Jan  1 00:00:54 1970
[   18.434018] PM: suspend entry (deep)
[   18.437621] PM: Syncing filesystems ... done.
[   18.443444] Freezing user space processes ... (elapsed 0.001 seconds) done.
[   18.444588] OOM killer disabled.
[   18.444589] Freezing remaining freezable tasks ... (elapsed 0.001 seconds) done.
[   18.445796] Suspending console(s) (use no_console_suspend to debug)
[   18.677791] Disabling non-boot CPUs ...
[   18.814868] Entering suspend state LP1
[   18.814893] Enabling non-boot CPUs ...
[   18.815674] CPU1 is up
[   18.816327] CPU2 is up
[   18.817037] CPU3 is up
[   18.858119] cros-ec-spi spi0.0: spi transfer failed: -121
[   18.870082] mmc1: Switching to 3.3V signalling voltage failed
[   19.124228] tegra-sor 54540000.sor: failed to attach SOR: -110
[   19.434706] OOM killer enabled.
[   19.437851] Restarting tasks ... done.
root@(none):/# 
[   19.442198] PM: suspend exit
root@(none):/# rtcwake -d rtc1 -m mem -s 3
rtcwake: assuming RTC uses UTC ...
rtcwake: wakeup from "mem" using /dev/rtc1 at Thu Jan  1 00:00:59 1970
[   20.754012] PM: suspend entry (deep)
[   20.757610] PM: Syncing filesystems ... done.
[   20.763374] Freezing user space processes ... (elapsed 0.001 seconds) done.
[   20.764611] OOM killer disabled.
[   20.764612] Freezing remaining freezable tasks ... (elapsed 0.001 seconds) done.
[   20.765820] Suspending console(s) (use no_console_suspend to debug)
[   20.997841] Disabling non-boot CPUs ...
[   21.174881] Entering suspend state LP1
[   21.174906] Enabling non-boot CPUs ...
[   21.175696] CPU1 is up
[   21.176354] CPU2 is up
[   21.177066] CPU3 is up
[   21.218598] cros-ec-spi spi0.0: spi transfer failed: -121
[   21.230461] mmc1: Switching to 3.3V signalling voltage failed
[   21.444593] usb 1-1: reset high-speed USB device number 4 using tegra-xusb
[   21.484171] tegra-sor 54540000.sor: failed to attach SOR: -110
[   21.799851] OOM killer enabled.
[   21.802984] Restarting tasks ... done.
root@(none):/# 
[   21.807589] PM: suspend exit
root@(none):/# rtcwake -d rtc1 -m mem -s 3
rtcwake: assuming RTC uses UTC ...
rtcwake: wakeup from "mem" using /dev/rtc1 at Thu Jan  1 00:01:04 1970
[   23.113166] PM: suspend entry (deep)
[   23.116781] PM: Syncing filesystems ... done.
[   23.122609] Freezing user space processes ... (elapsed 0.001 seconds) done.
[   23.123840] OOM killer disabled.
[   23.123842] Freezing remaining freezable tasks ... (elapsed 0.001 seconds) done.
[   23.125033] Suspending console(s) (use no_console_suspend to debug)
[   23.357292] Disabling non-boot CPUs ...
[   23.504284] IRQ17 no longer affine to CPU3
[   23.504847] Entering suspend state LP1
[   23.504873] Enabling non-boot CPUs ...
[   23.505650] CPU1 is up
[   23.506301] CPU2 is up
[   23.507010] CPU3 is up
[   23.548174] cros-ec-spi spi0.0: spi transfer failed: -121
[   23.560358] mmc1: Switching to 3.3V signalling voltage failed
[   23.814215] tegra-sor 54540000.sor: failed to attach SOR: -110
[   24.129297] OOM killer enabled.
[   24.132426] Restarting tasks ... done.
root@(none):/# 
[   24.136965] PM: suspend exit
root@(none):/# rtcwake -d rtc1 -m mem -s 3
rtcwake: assuming RTC uses UTC ...
rtcwake: wakeup from "mem" using /dev/rtc1 at Thu Jan  1 00:01:09 1970
[   25.443995] PM: suspend entry (deep)
[   25.447600] PM: Syncing filesystems ... done.
[   25.453346] Freezing user space processes ... (elapsed 0.001 seconds) done.
[   25.454492] OOM killer disabled.
[   25.454494] Freezing remaining freezable tasks ... (elapsed 0.001 seconds) done.
[   25.455699] Suspending console(s) (use no_console_suspend to debug)
[   25.687810] Disabling non-boot CPUs ...
[   25.874261] IRQ17 no longer affine to CPU3
[   25.874864] Entering suspend state LP1
[   25.874890] Enabling non-boot CPUs ...
[   25.875684] CPU1 is up
[   25.876335] CPU2 is up
[   25.877048] CPU3 is up
[   25.918141] cros-ec-spi spi0.0: spi transfer failed: -121
[   25.930213] mmc1: Switching to 3.3V signalling voltage failed
[   26.184174] tegra-sor 54540000.sor: failed to attach SOR: -110
[   26.498727] OOM killer enabled.
[   26.501857] Restarting tasks ... done.
root@(none):/# 
[   26.506243] PM: suspend exit
root@(none):/# rtcwake -d rtc1 -m mem -s 3
rtcwake: assuming RTC uses UTC ...
rtcwake: wakeup from "mem" using /dev/rtc1 at Thu Jan  1 00:01:14 1970
[   27.813914] PM: suspend entry (deep)
[   27.817503] PM: Syncing filesystems ... done.
[   27.823232] Freezing user space processes ... (elapsed 0.001 seconds) done.
[   27.824469] OOM killer disabled.
[   27.824471] Freezing remaining freezable tasks ... (elapsed 0.001 seconds) done.
[   27.825681] Suspending console(s) (use no_console_suspend to debug)
[   28.057696] Disabling non-boot CPUs ...
[   28.214818] Entering suspend state LP1
[   28.214844] Enabling non-boot CPUs ...
[   28.215623] CPU1 is up
[   28.216280] CPU2 is up
[   28.216993] CPU3 is up
[   28.258188] cros-ec-spi spi0.0: spi transfer failed: -121
[   28.270692] mmc1: Switching to 3.3V signalling voltage failed
[   28.524097] tegra-sor 54540000.sor: failed to attach SOR: -110
[   28.834154] OOM killer enabled.
[   28.837284] Restarting tasks ... done.
root@(none):/# 
[   28.841580] PM: suspend exit
root@(none):/# NVTB SYSTEM SUSPEND TEST COMPLETE
