
U-Boot SPL 2014.01-00219-gc4d376f (Feb 18 2014 - 19:57:32)


U-Boot 2014.01-00219-gc4d376f (Feb 18 2014 - 19:57:32)

TEGRA114
Board: NVIDIA Dalmore
I2C:   ready
DRAM:  2 GiB
MMC:   Tegra SD/MMC: 0, Tegra SD/MMC: 1
In:    serial
Out:   serial
Err:   serial
Net:   Net Initialization Skipped
No ethernet found.
Hit any key to stop autoboot:  2  0 
Tegra114 (Dalmore) # 
Tegra114 (Dalmore) # usb reset
(Re)start USB...
USB0:   USB EHCI 1.10
scanning bus 0 for devices... 2 USB Device(s) found
       scanning usb for storage devices... 0 Storage Device(s) found
       scanning usb for ethernet devices... 
Warning: asx0 using MAC address from net device
1 Ethernet Device(s) found
Tegra114 (Dalmore) # setenv bootargs 'ignore_loglevel console=ttyS0,115200n8 rw root=PARTUUID=7369c667-ff51-ec4a-29cd-baabf2fbe346 rootwait gpt debug earlyprintk init=/bin/bash'
Tegra114 (Dalmore) # setenv ipaddr 192.168.100.100; setenv serverip 192.168.100.1; setenv tftpserverip 192.168.100.1
Tegra114 (Dalmore) # tftpboot 0x81000000 zImage.tegra_defconfig
Using asx0 device
TFTP from server 192.168.100.1; our IP address is 192.168.100.100
Filename 'zImage.tegra_defconfig'.
Load address: 0x81000000
Loading: *#################################################################
	 #################################################################
	 #################################################################
	 #################################################################
	 #################################################################
	 #################################################################
	 ###############################
	 3.2 MiB/s
done
Bytes transferred = 6168816 (5e20f0 hex)
Tegra114 (Dalmore) # tftpboot 0x82000000 tegra114-dalmore.dtb
Using asx0 device
TFTP from server 192.168.100.1; our IP address is 192.168.100.100
Filename 'tegra114-dalmore.dtb'.
Load address: 0x82000000
Loading: *###
	 63.5 KiB/s
done
Bytes transferred = 34502 (86c6 hex)
Tegra114 (Dalmore) # bootz 0x81000000 - 0x82000000
Kernel image @ 0x81000000 [ 0x000000 - 0x5e20f0 ]
## Flattened Device Tree blob at 82000000
   Booting using the fdt blob at 0x82000000
   Loading Device Tree to 8fff4000, end 8ffff6c5 ... OK

Starting kernel ...

[    0.000000] Booting Linux on physical CPU 0x0
[    0.000000] Linux version 4.15.0-rc6-15413-g30a7acd (jonathanh@kaivo) (gcc version 4.7.3 20130328 (prerelease) (crosstool-NG linaro-1.13.1-4.7-2013.04-20130415 - Linaro GCC 2013.04)) #1 SMP PREEMPT Tue Jan 2 07:31:20 PST 2018
[    0.000000] CPU: ARMv7 Processor [412fc0f2] revision 2 (ARMv7), cr=10c5387d
[    0.000000] CPU: div instructions available: patching division code
[    0.000000] CPU: PIPT / VIPT nonaliasing data cache, PIPT instruction cache
[    0.000000] OF: fdt: Machine model: NVIDIA Tegra114 Dalmore evaluation board
[    0.000000] debug: ignoring loglevel setting.
[    0.000000] bootconsole [earlycon0] enabled
[    0.000000] Memory policy: Data cache writealloc
[    0.000000] cma: Reserved 64 MiB at 0xfbc00000
[    0.000000] On node 0 totalpages: 524032
[    0.000000]   Normal zone: 1536 pages used for memmap
[    0.000000]   Normal zone: 0 pages reserved
[    0.000000]   Normal zone: 196608 pages, LIFO batch:31
[    0.000000]   HighMem zone: 327424 pages, LIFO batch:31
[    0.000000] random: fast init done
[    0.000000] percpu: Embedded 17 pages/cpu @(ptrval) s39168 r8192 d22272 u69632
[    0.000000] pcpu-alloc: s39168 r8192 d22272 u69632 alloc=17*4096
[    0.000000] pcpu-alloc: [0] 0 [0] 1 [0] 2 [0] 3 
[    0.000000] Built 1 zonelists, mobility grouping on.  Total pages: 522496
[    0.000000] Kernel command line: ignore_loglevel console=ttyS0,115200n8 rw root=PARTUUID=7369c667-ff51-ec4a-29cd-baabf2fbe346 rootwait gpt debug earlyprintk init=/bin/bash
[    0.000000] Dentry cache hash table entries: 131072 (order: 7, 524288 bytes)
[    0.000000] Inode-cache hash table entries: 65536 (order: 6, 262144 bytes)
[    0.000000] Memory: 1998600K/2096128K available (9216K kernel code, 778K rwdata, 2560K rodata, 1024K init, 299K bss, 31992K reserved, 65536K cma-reserved, 1244160K highmem)
[    0.000000] Virtual kernel memory layout:
[    0.000000]     vector  : 0xffff0000 - 0xffff1000   (   4 kB)
[    0.000000]     fixmap  : 0xffc00000 - 0xfff00000   (3072 kB)
[    0.000000]     vmalloc : 0xf0800000 - 0xff800000   ( 240 MB)
[    0.000000]     lowmem  : 0xc0000000 - 0xf0000000   ( 768 MB)
[    0.000000]     pkmap   : 0xbfe00000 - 0xc0000000   (   2 MB)
[    0.000000]     modules : 0xbf000000 - 0xbfe00000   (  14 MB)
[    0.000000]       .text : 0x(ptrval) - 0x(ptrval)   (10208 kB)
[    0.000000]       .init : 0x(ptrval) - 0x(ptrval)   (1024 kB)
[    0.000000]       .data : 0x(ptrval) - 0x(ptrval)   ( 779 kB)
[    0.000000]        .bss : 0x(ptrval) - 0x(ptrval)   ( 300 kB)
[    0.000000] Preemptible hierarchical RCU implementation.
[    0.000000] 	Tasks RCU enabled.
[    0.000000] NR_IRQS: 16, nr_irqs: 16, preallocated irqs: 16
[    0.000000] /interrupt-controller@60004000: 160 interrupts forwarded to /interrupt-controller@50041000
[    0.000000] Tegra clk 127: register failed with -17
[    0.000009] sched_clock: 32 bits at 1000kHz, resolution 1000ns, wraps every 2147483647500ns
[    0.007669] clocksource: timer_us: mask: 0xffffffff max_cycles: 0xffffffff, max_idle_ns: 1911260446275 ns
[    0.017198] Switching to timer-based delay loop, resolution 1000ns
[    0.024046] arch_timer: cp15 timer(s) running at 12.00MHz (virt).
[    0.029421] clocksource: arch_sys_counter: mask: 0xffffffffffffff max_cycles: 0x2c47f4ee7, max_idle_ns: 440795202497 ns
[    0.040169] sched_clock: 56 bits at 12MHz, resolution 83ns, wraps every 4398046511096ns
[    0.048137] Switching to timer-based delay loop, resolution 83ns
[    0.054596] Console: colour dummy device 80x30
[    0.058552] Calibrating delay loop (skipped), value calculated using timer frequency.. 24.00 BogoMIPS (lpj=120000)
[    0.068862] pid_max: default: 32768 minimum: 301
[    0.073930] Mount-cache hash table entries: 2048 (order: 1, 8192 bytes)
[    0.080048] Mountpoint-cache hash table entries: 2048 (order: 1, 8192 bytes)
[    0.087913] CPU: Testing write buffer coherency: ok
[    0.092201] /cpus/cpu@0 missing clock-frequency property
[    0.097206] /cpus/cpu@1 missing clock-frequency property
[    0.102517] /cpus/cpu@2 missing clock-frequency property
[    0.107780] /cpus/cpu@3 missing clock-frequency property
[    0.113066] CPU0: thread -1, cpu 0, socket 0, mpidr 80000000
[    0.153180] Setting up static identity map for 0x80100000 - 0x801000a0
[    0.157937] Hierarchical SRCU implementation.
[    0.173623] Tegra Revision: A01 SKU: 0 CPU Process: 1 SoC Process: 0
[    0.193209] smp: Bringing up secondary CPUs ...
[    0.243870] CPU1: thread -1, cpu 1, socket 0, mpidr 80000001
[    0.313965] CPU2: thread -1, cpu 2, socket 0, mpidr 80000002
[    0.384064] CPU3: thread -1, cpu 3, socket 0, mpidr 80000003
[    0.384176] smp: Brought up 1 node, 4 CPUs
[    0.403266] SMP: Total of 4 processors activated (96.00 BogoMIPS).
[    0.409456] CPU: All CPU(s) started in SVC mode.
[    0.415885] devtmpfs: initialized
[    0.428156] VFP support v0.3: implementor 41 architecture 4 part 30 variant f rev 0
[    0.434298] clocksource: jiffies: mask: 0xffffffff max_cycles: 0xffffffff, max_idle_ns: 19112604462750000 ns
[    0.443713] futex hash table entries: 1024 (order: 4, 65536 bytes)
[    0.451228] pinctrl core: initialized pinctrl subsystem
[    0.456320] NET: Registered protocol family 16
[    0.461020] DMA: preallocated 256 KiB pool for atomic coherent allocations
[    0.467636] cpuidle: using governor menu
[    0.490404] No ATAGs?
[    0.490543] hw-breakpoint: found 5 (+1 reserved) breakpoint and 4 watchpoint registers.
[    0.498883] hw-breakpoint: maximum watchpoint size is 8 bytes.
[    0.505709] tegra-mc 70019000.memory-controller: no memory timings for RAM code 3 registered
[    0.513269] iommu: Adding device reg-dummy to group 0
[    0.518179] iommu: Adding device 50000000.host1x to group 1
[    0.523699] iommu: Adding device 54140000.gr2d to group 2
[    0.529094] iommu: Adding device 54180000.gr3d to group 3
[    0.534485] iommu: Adding device 54200000.dc to group 4
[    0.539708] iommu: Adding device 54240000.dc to group 5
[    0.544853] iommu: Adding device 54280000.hdmi to group 6
[    0.550239] iommu: Adding device 54300000.dsi to group 7
[    0.555507] iommu: Adding device 60005000.timer to group 8
[    0.560985] iommu: Adding device 60007000.flow-controller to group 9
[    0.567292] iommu: Adding device 6000a000.dma to group 10
[    0.572687] iommu: Adding device 6000c000.ahb to group 11
[    0.578043] iommu: Adding device 6000d000.gpio to group 12
[    0.583524] iommu: Adding device 70000800.apbmisc to group 13
[    0.589220] iommu: Adding device 70000868.pinmux to group 14
[    0.594871] iommu: Adding device 70006300.serial to group 15
[    0.600491] iommu: Adding device 7000a000.pwm to group 16
[    0.605878] iommu: Adding device 7000c000.i2c to group 17
[    0.611232] iommu: Adding device 7000c700.i2c to group 18
[    0.616624] iommu: Adding device 7000d000.i2c to group 19
[    0.621981] iommu: Adding device 7000da00.spi to group 20
[    0.627376] iommu: Adding device 7000e000.rtc to group 21
[    0.632725] iommu: Adding device 7000e400.pmc to group 22
[    0.638117] iommu: Adding device 7000f800.fuse to group 23
[    0.643562] iommu: Adding device 70019000.memory-controller to group 24
[    0.650172] iommu: Adding device 70080000.ahub to group 25
[    0.655605] iommu: Adding device 700e3000.mipi to group 26
[    0.661097] iommu: Adding device 78000400.sdhci to group 27
[    0.666616] iommu: Adding device 78000600.sdhci to group 28
[    0.672178] iommu: Adding device 7d000000.usb to group 29
[    0.677533] iommu: Adding device 7d000000.usb-phy to group 30
[    0.683271] iommu: Adding device 7d008000.usb to group 31
[    0.688628] iommu: Adding device 7d008000.usb-phy to group 32
[    0.694363] iommu: Adding device timer to group 33
[    0.699112] iommu: Adding device backlight to group 34
[    0.704230] iommu: Adding device clocks to group 35
[    0.709105] iommu: Adding device gpio-keys to group 36
[    0.714198] iommu: Adding device regulators to group 37
[    0.719415] iommu: Adding device regulators:regulator@0 to group 38
[    0.725632] iommu: Adding device regulators:regulator@1 to group 39
[    0.731891] iommu: Adding device regulators:regulator@3 to group 40
[    0.738113] iommu: Adding device regulators:regulator@4 to group 41
[    0.744376] iommu: Adding device regulators:regulator@5 to group 42
[    0.750592] iommu: Adding device regulators:regulator@6 to group 43
[    0.756849] iommu: Adding device regulators:regulator@7 to group 44
[    0.763073] iommu: Adding device sound to group 45
[    0.784724] dvdd_ts: Failed to request enable GPIO61: -517
[    0.788332] reg-fixed-voltage regulators:regulator@1: Failed to register regulator: -517
[    0.796477] usb1_vbus: Failed to request enable GPIO108: -517
[    0.802134] reg-fixed-voltage regulators:regulator@3: Failed to register regulator: -517
[    0.810251] usb2_vbus: Failed to request enable GPIO86: -517
[    0.815804] reg-fixed-voltage regulators:regulator@4: Failed to register regulator: -517
[    0.824364] VDD_5V0_HDMI_CON: Failed to request enable GPIO81: -517
[    0.830110] reg-fixed-voltage regulators:regulator@7: Failed to register regulator: -517
[    0.839316] vgaarb: loaded
[    0.841619] SCSI subsystem initialized
[    0.844794] libata version 3.00 loaded.
[    0.848698] usbcore: registered new interface driver usbfs
[    0.853913] usbcore: registered new interface driver hub
[    0.859210] usbcore: registered new device driver usb
[    0.867318] tps65090 2-0048: No cache defaults, reading back from HW
[    0.872852] iommu: Adding device tps65090-pmic to group 46
[    0.878179] TPS65090_RAILSDCDC1: supplied by vdd_ac_bat
[    0.883556] TPS65090_RAILSDCDC2: supplied by vdd_ac_bat
[    0.888759] TPS65090_RAILSDCDC3: supplied by vdd_ac_bat
[    0.893409] TPS65090_RAILSFET1: supplied by vdd_ac_bat
[    0.898380] TPS65090_RAILSFET2: supplied by vdd_ac_bat
[    0.903452] TPS65090_RAILSFET3: supplied by vdd-sys-3v3
[    0.908870] TPS65090_RAILSFET4: supplied by vdd-sys-3v3
[    0.914019] TPS65090_RAILSFET5: supplied by vdd-sys-3v3
[    0.919253] TPS65090_RAILSFET6: supplied by vdd-sys-3v3
[    0.924735] TPS65090_RAILSFET7: supplied by vdd-sys-3v3
[    0.929668] TPS65090_RAILSLDO1: supplied by vdd_ac_bat
[    0.934411] TPS65090_RAILSLDO2: supplied by vdd_ac_bat
[    0.939730] iommu: Adding device tps65090-charger to group 47
[    0.945416] palmas 2-0058: Irq flag is 0x00000004
[    0.951900] palmas 2-0058: Muxing GPIO ff, PWM 0, LED 0
[    0.955459] iommu: Adding device 7000d000.i2c:tps65913@58:gpio to group 48
[    0.962667] iommu: Adding device 7000d000.i2c:tps65913@58:pmic to group 49
[    0.970611] SMPS12: supplied by vdd-ao
[    0.973724] vdd_hdmi_5v0: supplied by vdd-sys-5v0
[    0.978156] SMPS3: supplied by vdd-ao
[    0.982776] SMPS457: supplied by vdd-sys-3v3
[    0.986915] SMPS6: supplied by regulator-dummy
[    0.991083] SMPS8: supplied by vdd-sys-3v3
[    0.995373] SMPS9: supplied by vdd-sys-3v3
[    0.998304] sdhci-vdd-sd-slot: Bringing 2840000uV into 2800000-2800000uV
[    1.005904] SMPS10_OUT2: supplied by regulator-dummy
[    1.010275] SMPS10_OUT1: supplied by regulator-dummy
[    1.015247] LDO1: supplied by vdd-sys-3v3
[    1.019488] LDO2: supplied by vdd-sys-3v3
[    1.023479] LDO3: supplied by vddio-1v8
[    1.027306] LDO4: supplied by vdd-sys-3v3
[    1.031269] LDO5: supplied by vdd_ac_bat
[    1.034738] LDO6: supplied by vdd-sys-3v3
[    1.038534] vdd-sensor-2v85: Bringing 2900000uV into 2850000-2850000uV
[    1.045857] LDO7: supplied by vdd-sys-3v3
[    1.050194] LDO8: supplied by vdd-ao
[    1.052546] vdd-rtc: Bringing 675000uV into 900000-900000uV
[    1.059172] LDO9: supplied by sdhci-vdd-sd-slot
[    1.069495] LDOLN: supplied by vdd-sys-5v0
[    1.072859] LDOUSB: supplied by vdd-sys-5v0
[    1.081257] iommu: Adding device 7000d000.i2c:tps65913@58:rtc to group 50
[    1.086323] iommu: Adding device 7000d000.i2c:tps65913@58:pinmux to group 51
[    1.093581] Linux video capture interface: v2.00
[    1.097817] pps_core: LinuxPPS API ver. 1 registered
[    1.102683] pps_core: Software ver. 5.3.6 - Copyright 2005-2007 Rodolfo Giometti <giometti@linux.it>
[    1.111845] PTP clock support registered
[    1.116287] Advanced Linux Sound Architecture Driver Initialized.
[    1.122428] Bluetooth: Core ver 2.22
[    1.125354] NET: Registered protocol family 31
[    1.129722] Bluetooth: HCI device and connection manager initialized
[    1.136077] Bluetooth: HCI socket layer initialized
[    1.140908] Bluetooth: L2CAP socket layer initialized
[    1.145964] Bluetooth: SCO socket layer initialized
[    1.151476] clocksource: Switched to clocksource arch_sys_counter
[    1.251384] NET: Registered protocol family 2
[    1.254913] TCP established hash table entries: 8192 (order: 3, 32768 bytes)
[    1.260945] TCP bind hash table entries: 8192 (order: 4, 65536 bytes)
[    1.267468] TCP: Hash tables configured (established 8192 bind 8192)
[    1.274147] UDP hash table entries: 512 (order: 2, 16384 bytes)
[    1.279522] UDP-Lite hash table entries: 512 (order: 2, 16384 bytes)
[    1.286175] NET: Registered protocol family 1
[    1.290871] RPC: Registered named UNIX socket transport module.
[    1.296066] RPC: Registered udp transport module.
[    1.300719] RPC: Registered tcp transport module.
[    1.305415] RPC: Registered tcp NFSv4.1 backchannel transport module.
[    1.312292] iommu: Adding device regulatory.0 to group 52
[    1.317406] PCI: CLS 0 bytes, default 64
[    1.322795] iommu: Adding device alarmtimer to group 53
[    1.327282] Initialise system trusted keyrings
[    1.330891] workingset: timestamp_bits=30 max_order=19 bucket_order=0
[    1.338545] squashfs: version 4.0 (2009/01/31) Phillip Lougher
[    1.343754] NFS: Registering the id_resolver key type
[    1.347967] Key type id_resolver registered
[    1.352145] Key type id_legacy registered
[    1.360746] Key type asymmetric registered
[    1.362962] Asymmetric key parser 'x509' registered
[    1.367922] bounce: pool size: 64 pages
[    1.371696] io scheduler noop registered (default)
[    1.376367] io scheduler mq-deadline registered
[    1.380872] io scheduler kyber registered
[    1.402406] tegra-apbdma 6000a000.dma: Tegra20 APB DMA driver register 32 channels
[    1.409239] tegra-pmc 7000e400.pmc: i2c-thermtrip node not found, emergency thermal reset disabled.
[    1.417676] Serial: 8250/16550 driver, 4 ports, IRQ sharing disabled
[    1.423546] iommu: Adding device serial8250 to group 54
[    1.430509] console [ttyS0] disabled
[    1.432242] 70006300.serial: ttyS0 at MMIO 0x70006300 (irq = 329, base_baud = 25500000) is a Tegra
[    1.441142] console [ttyS0] enabled
[    1.441142] console [ttyS0] enabled
[    1.447365] bootconsole [earlycon0] disabled
[    1.447365] bootconsole [earlycon0] disabled
[    1.475210] tegra-hdmi 54280000.hdmi: failed to get HDMI regulator
[    1.500598] loop: module loaded
[    1.515645] m25p80 spi0.0: w25q32dw (4096 Kbytes)
[    1.522404] iommu: Adding device Fixed MDIO bus.0 to group 55
[    1.528356] libphy: Fixed MDIO Bus: probed
[    1.532478] CAN device driver interface
[    1.536364] igb: Intel(R) Gigabit Ethernet Network Driver - version 5.4.0-k
[    1.543347] igb: Copyright (c) 2007-2014 Intel Corporation.
[    1.549050] pegasus: v0.9.3 (2013/04/25), Pegasus/Pegasus II USB Ethernet driver
[    1.556541] usbcore: registered new interface driver pegasus
[    1.562290] usbcore: registered new interface driver asix
[    1.567736] usbcore: registered new interface driver ax88179_178a
[    1.573904] usbcore: registered new interface driver cdc_ether
[    1.579795] usbcore: registered new interface driver smsc75xx
[    1.585633] usbcore: registered new interface driver smsc95xx
[    1.591424] usbcore: registered new interface driver net1080
[    1.597156] usbcore: registered new interface driver cdc_subset
[    1.603144] usbcore: registered new interface driver zaurus
[    1.608778] usbcore: registered new interface driver cdc_ncm
[    1.614687] tegra-phy 7d000000.usb-phy: no vbus regulator
[    1.620544] ehci_hcd: USB 2.0 'Enhanced' Host Controller (EHCI) Driver
[    1.627085] ehci-pci: EHCI PCI platform driver
[    1.631604] tegra-ehci: Tegra EHCI driver
[    1.636292] usbcore: registered new interface driver cdc_acm
[    1.641977] cdc_acm: USB Abstract Control Model driver for USB modems and ISDN adapters
[    1.650027] usbcore: registered new interface driver cdc_wdm
[    1.655780] usbcore: registered new interface driver usb-storage
[    1.665739] iommu: Adding device ci_hdrc.0 to group 56
[    1.679146] palmas-rtc 7000d000.i2c:tps65913@58:rtc: rtc core: registered 7000d000.i2c:tps65913@58:rtc as rtc0
[    1.690659] tegra_rtc 7000e000.rtc: rtc core: registered 7000e000.rtc as rtc1
[    1.697871] tegra_rtc 7000e000.rtc: Tegra internal Real Time Clock
[    1.704390] i2c /dev entries driver
[    1.708796] usbcore: registered new interface driver uvcvideo
[    1.714558] USB Video Class driver (1.1.1)
[    1.718648] gspca_main: v2.14.0 registered
[    1.723696] sbs-battery 0-000b: sbs_probe: Failed to get device status
[    1.730232] sbs-battery: probe of 0-000b failed with error -121
[    1.741454] tegra-wdt 60005000.timer: initialized (heartbeat = 120 sec, nowayout = 0)
[    1.749987] sdhci: Secure Digital Host Controller Interface driver
[    1.756253] sdhci: Copyright(c) Pierre Ossman
[    1.760605] sdhci-pltfm: SDHCI platform and OF driver helper
[    1.766583] sdhci-tegra 78000400.sdhci: Got CD GPIO
[    1.771495] sdhci-tegra 78000400.sdhci: Got WP GPIO
[    1.784616] mmc0: Invalid maximum block size, assuming 512 bytes
[    1.851712] mmc0: SDHCI controller on 78000400.sdhci [78000400.sdhci] using ADMA
[    1.868915] mmc1: Invalid maximum block size, assuming 512 bytes
[    1.931559] mmc1: SDHCI controller on 78000600.sdhci [78000600.sdhci] using ADMA
[    1.943024] usbcore: registered new interface driver usbhid
[    1.948693] usbhid: USB HID core driver
[    1.954870] iommu: Adding device snd-soc-dummy to group 57
[    1.975731] mmc0: new high speed SDHC card at address aaaa
[    1.981815] mmcblk0: mmc0:aaaa SL16G 14.8 GiB 
[    2.002370]  mmcblk0: p1 p2 p3
[    2.008172] mmc1: new high speed MMC card at address 0001
[    2.014180] mmcblk1: mmc1:0001 SEM32G 29.1 GiB 
[    2.019116] mmcblk1boot0: mmc1:0001 SEM32G partition 1 4.00 MiB
[    2.025447] mmcblk1boot1: mmc1:0001 SEM32G partition 2 4.00 MiB
[    2.031562] mmcblk1rpmb: mmc1:0001 SEM32G partition 3 4.00 MiB, chardev (247:0)
[    2.041615]  mmcblk1: p1 p2 p3 p4 p5 p6 p7 p8
[    2.394297] iommu: Adding device 70080400.i2s to group 58
[    2.400638] tegra30-i2s 70080400.i2s: DMA channels sourced from device 70080000.ahub
[    2.417246] tegra-snd-rt5640 sound: rt5640-aif1 <-> 70080400.i2s mapping ok
[    2.428752] input: NVIDIA Tegra Dalmore Headphones as /devices/soc0/sound/sound/card0/input0
[    2.439565] NET: Registered protocol family 10
[    2.445405] Segment Routing with IPv6
[    2.449241] mip6: Mobile IPv6
[    2.452235] sit: IPv6, IPv4 and MPLS over IPv4 tunneling driver
[    2.459684] NET: Registered protocol family 17
[    2.464164] NET: Registered protocol family 15
[    2.468603] can: controller area network core (rev 20170425 abi 9)
[    2.474995] NET: Registered protocol family 29
[    2.479436] can: raw protocol (rev 20170425)
[    2.483718] can: broadcast manager protocol (rev 20170425 t)
[    2.489377] can: netlink gateway (rev 20170425) max_hops=1
[    2.495073] Bluetooth: RFCOMM socket layer initialized
[    2.500223] Bluetooth: RFCOMM ver 1.11
[    2.504003] Bluetooth: BNEP (Ethernet Emulation) ver 1.3
[    2.509314] Bluetooth: BNEP socket layer initialized
[    2.514291] Bluetooth: HIDP (Human Interface Emulation) ver 1.2
[    2.520209] Bluetooth: HIDP socket layer initialized
[    2.525397] Key type dns_resolver registered
[    2.530159] Registering SWP/SWPB emulation handler
[    2.535785] Loading compiled-in X.509 certificates
[    2.557811] usb1_vbus: supplied by vdd-sys-5v0
[    2.563146] usb2_vbus: supplied by vdd-sys-5v0
[    2.568958] VDD_5V0_HDMI_CON: supplied by vdd-sys-5v0
[    2.578564] [drm] Supports vblank timestamp caching Rev 2 (21.10.2013).
[    2.585242] [drm] No driver support for vblank timestamp query.
[    2.684930] Console: switching to colour frame buffer device 240x75
[    2.723613] drm drm: fb0:  frame buffer device
[    2.728155] [drm] Initialized tegra 0.0.0 20120330 for drm on minor 0
[    2.735773] tegra-ehci 7d008000.usb: EHCI Host Controller
[    2.741195] tegra-ehci 7d008000.usb: new USB bus registered, assigned bus number 1
[    2.749187] tegra-ehci 7d008000.usb: irq 340, io mem 0x7d008000
[    2.781559] tegra-ehci 7d008000.usb: USB 2.0 started, EHCI 1.10
[    2.788767] hub 1-0:1.0: USB hub found
[    2.792655] hub 1-0:1.0: 1 port detected
[    2.798047] input: gpio-keys as /devices/soc0/gpio-keys/input/input1
[    2.807046] palmas-rtc 7000d000.i2c:tps65913@58:rtc: setting system clock to 2000-05-25 22:35:02 UTC (959294102)
[    2.817526] cfg80211: Loading compiled-in X.509 certificates for regulatory database
[    2.829246] cfg80211: Loaded X.509 cert 'sforshee: 00b28ddf47aef9cea7'
[    2.836155] platform regulatory.0: Direct firmware load for regulatory.db failed with error -2
[    2.844829] cfg80211: failed to load regulatory.db
[    2.851562] dvdd_ts: disabling
[    2.854617] usb1_vbus: disabling
[    2.857842] vdd_cam_1v8_reg: disabling
[    2.861653] ALSA device list:
[    2.864618]   #0: NVIDIA Tegra Dalmore
[    2.mount -t sysfs none /sys
root@(none):/# 
root@(none):/# mount -t debugfs none /sys/kernel/debug
root@(none):/# 
root@(none):/# rtcwake -d rtc1 -m mem -s 3
rtcwake: assuming RTC uses UTC ...
rtcwake: wakeup from "mem" using /dev/rtc1 at Thu Jan  1 00:00:22 1970
[    7.893824] PM: suspend entry (deep)
[    7.897401] PM: Syncing filesystems ... done.
[    7.904035] Freezing user space processes ... (elapsed 0.001 seconds) done.
[    7.905316] OOM killer disabled.
[    7.905320] Freezing remaining freezable tasks ... (elapsed 0.001 seconds) done.
[    7.906615] Suspending console(s) (use no_console_suspend to debug)
[    8.047204] Disabling non-boot CPUs ...
[    8.211842] IRQ17 no longer affine to CPU3
[    8.213341] Entering suspend state LP1
[    8.213387] Enabling non-boot CPUs ...
[    8.215127] CPU1 is up
[    8.216768] CPU2 is up
[    8.218580] CPU3 is up
[    8.858171] OOM killer enabled.
[    8.861306] Restarting tasks ... done.
root@(none):/# 
root@(none):/# [    8.865948] PM: suspend exit
rtcwake -d rtc1 -m mem -s 3
rtcwake: assuming RTC uses UTC ...
rtcwake: wakeup from "mem" using /dev/rtc1 at Thu Jan  1 00:00:31 1970
[    9.930789] PM: suspend entry (deep)
[    9.934408] PM: Syncing filesystems ... done.
[    9.940017] Freezing user space processes ... (elapsed 0.001 seconds) done.
[    9.941314] OOM killer disabled.
[    9.941318] Freezing remaining freezable tasks ... (elapsed 0.001 seconds) done.
[    9.942672] Suspending console(s) (use no_console_suspend to debug)
[   10.086864] Disabling non-boot CPUs ...
[   10.181882] IRQ17 no longer affine to CPU2
[   10.242986] Entering suspend state LP1
[   10.243033] Enabling non-boot CPUs ...
[   10.244800] CPU1 is up
[   10.246460] CPU2 is up
[   10.248293] CPU3 is up
[   10.886695] OOM killer enabled.
[   10.889830] Restarting tasks ... done.
root@(none):/# 
root@(none):/# [   10.894427] PM: suspend exit
rtcwake -d rtc1 -m mem -s 3
rtcwake: assuming RTC uses UTC ...
rtcwake: wakeup from "mem" using /dev/rtc1 at Thu Jan  1 00:00:40 1970
[   11.961108] PM: suspend entry (deep)
[   11.964728] PM: Syncing filesystems ... done.
[   11.970168] Freezing user space processes ... (elapsed 0.001 seconds) done.
[   11.971513] OOM killer disabled.
[   11.971516] Freezing remaining freezable tasks ... (elapsed 0.001 seconds) done.
[   11.972845] Suspending console(s) (use no_console_suspend to debug)
[   12.117247] Disabling non-boot CPUs ...
[   12.201833] IRQ17 no longer affine to CPU2
[   12.262907] Entering suspend state LP1
[   12.262928] Enabling non-boot CPUs ...
[   12.264757] CPU1 is up
[   12.266419] CPU2 is up
[   12.268236] CPU3 is up
[   12.906526] OOM killer enabled.
[   12.909661] Restarting tasks ... done.
root@(none):/# 
root@(none):/# [   12.914258] PM: suspend exit
rtcwake -d rtc1 -m mem -s 3
rtcwake: assuming RTC uses UTC ...
rtcwake: wakeup from "mem" using /dev/rtc1 at Thu Jan  1 00:00:49 1970
[   13.978733] PM: suspend entry (deep)
[   13.982352] PM: Syncing filesystems ... done.
[   13.987640] Freezing user space processes ... (elapsed 0.014 seconds) done.
[   14.002597] OOM killer disabled.
[   14.002601] Freezing remaining freezable tasks ... (elapsed 0.001 seconds) done.
[   14.003929] Suspending console(s) (use no_console_suspend to debug)
[   14.126937] Disabling non-boot CPUs ...
[   14.281737] IRQ17 no longer affine to CPU3
[   14.283266] Entering suspend state LP1
[   14.283313] Enabling non-boot CPUs ...
[   14.285085] CPU1 is up
[   14.286760] CPU2 is up
[   14.288595] CPU3 is up
[   14.926731] OOM killer enabled.
[   14.929870] Restarting tasks ... done.
[   14.963204] PM: suspend exit
root@(none):/# 
root@(none):/# rtcwake -d rtc1 -m mem -s 3
rtcwake: assuming RTC uses UTC ...
rtcwake: wakeup from "mem" using /dev/rtc1 at Thu Jan  1 00:00:58 1970
[   16.013319] PM: suspend entry (deep)
[   16.016902] PM: Syncing filesystems ... done.
[   16.022454] Freezing user space processes ... (elapsed 0.001 seconds) done.
[   16.023768] OOM killer disabled.
[   16.023772] Freezing remaining freezable tasks ... (elapsed 0.017 seconds) done.
[   16.041535] Suspending console(s) (use no_console_suspend to debug)
[   16.156951] Disabling non-boot CPUs ...
[   16.331697] IRQ17 no longer affine to CPU3
[   16.332889] Entering suspend state LP1
[   16.332935] Enabling non-boot CPUs ...
[   16.334702] CPU1 is up
[   16.336365] CPU2 is up
[   16.338181] CPU3 is up
[   16.977235] OOM killer enabled.
[   16.980371] Restarting tasks ... done.
root@(none):/# 
root@(none):/# [   16.984988] PM: suspend exit
rtcwake -d rtc1 -m mem -s 3
rtcwake: assuming RTC uses UTC ...
rtcwake: wakeup from "mem" using /dev/rtc1 at Thu Jan  1 00:01:07 1970
[   18.050471] PM: suspend entry (deep)
[   18.054091] PM: Syncing filesystems ... done.
[   18.059839] Freezing user space processes ... (elapsed 0.001 seconds) done.
[   18.061160] OOM killer disabled.
[   18.061164] Freezing remaining freezable tasks ... (elapsed 0.001 seconds) done.
[   18.062537] Suspending console(s) (use no_console_suspend to debug)
[   18.206835] Disabling non-boot CPUs ...
[   18.321735] IRQ17 no longer affine to CPU2
[   18.382663] Entering suspend state LP1
[   18.382710] Enabling non-boot CPUs ...
[   18.384478] CPU1 is up
[   18.386137] CPU2 is up
[   18.387954] CPU3 is up
[   19.025430] OOM killer enabled.
[   19.028566] Restarting tasks ... done.
root@(none):/# 
root@(none):/# [   19.033212] PM: suspend exit
rtcwake -d rtc1 -m mem -s 3
rtcwake: assuming RTC uses UTC ...
rtcwake: wakeup from "mem" using /dev/rtc1 at Thu Jan  1 00:01:16 1970
[   20.097872] PM: suspend entry (deep)
[   20.101492] PM: Syncing filesystems ... done.
[   20.106857] Freezing user space processes ... (elapsed 0.001 seconds) done.
[   20.108177] OOM killer disabled.
[   20.108181] Freezing remaining freezable tasks ... (elapsed 0.001 seconds) done.
[   20.109527] Suspending console(s) (use no_console_suspend to debug)
[   20.256990] Disabling non-boot CPUs ...
[   20.291768] IRQ17 no longer affine to CPU1
[   20.412836] Entering suspend state LP1
[   20.412882] Enabling non-boot CPUs ...
[   20.414659] CPU1 is up
[   20.416328] CPU2 is up
[   20.418160] CPU3 is up
[   21.057350] OOM killer enabled.
[   21.060485] Restarting tasks ... done.
root@(none):/# 
[   21.065077] PM: suspend exit
root@(none):/# rtcwake -d rtc1 -m mem -s 3
rtcwake: assuming RTC uses UTC ...
rtcwake: wakeup from "mem" using /dev/rtc1 at Thu Jan  1 00:01:25 1970
[   22.130293] PM: suspend entry (deep)
[   22.133911] PM: Syncing filesystems ... done.
[   22.139358] Freezing user space processes ... (elapsed 0.001 seconds) done.
[   22.140681] OOM killer disabled.
[   22.140685] Freezing remaining freezable tasks ... (elapsed 0.001 seconds) done.
[   22.142030] Suspending console(s) (use no_console_suspend to debug)
[   22.286967] Disabling non-boot CPUs ...
[   22.421653] IRQ17 no longer affine to CPU2
[   22.482588] Entering suspend state LP1
[   22.482608] Enabling non-boot CPUs ...
[   22.484388] CPU1 is up
[   22.486055] CPU2 is up
[   22.487875] CPU3 is up
[   23.126420] OOM killer enabled.
[   23.129564] Restarting tasks ... done.
root@(none):/# 
root@(none):/# [   23.134263] PM: suspend exit
rtcwake -d rtc1 -m mem -s 3
rtcwake: assuming RTC uses UTC ...
rtcwake: wakeup from "mem" using /dev/rtc1 at Thu Jan  1 00:01:34 1970
[   24.200356] PM: suspend entry (deep)
[   24.204044] PM: Syncing filesystems ... done.
[   24.209525] Freezing user space processes ... (elapsed 0.001 seconds) done.
[   24.210849] OOM killer disabled.
[   24.210853] Freezing remaining freezable tasks ... (elapsed 0.001 seconds) done.
[   24.212204] Suspending console(s) (use no_console_suspend to debug)
[   24.356830] Disabling non-boot CPUs ...
[   24.471612] IRQ17 no longer affine to CPU2
[   24.532916] Entering suspend state LP1
[   24.532963] Enabling non-boot CPUs ...
[   24.534742] CPU1 is up
[   24.536407] CPU2 is up
[   24.538233] CPU3 is up
[   25.178256] OOM killer enabled.
[   25.181412] Restarting tasks ... done.
root@(none):/# 
root@(none):/# [   25.185966] PM: suspend exit
rtcwake -d rtc1 -m mem -s 3
rtcwake: assuming RTC uses UTC ...
rtcwake: wakeup from "mem" using /dev/rtc1 at Thu Jan  1 00:01:43 1970
[   26.250619] PM: suspend entry (deep)
[   26.254237] PM: Syncing filesystems ... done.
[   26.259313] Freezing user space processes ... (elapsed 0.001 seconds) done.
[   26.260621] OOM killer disabled.
[   26.260624] Freezing remaining freezable tasks ... (elapsed 0.001 seconds) done.
[   26.261971] Suspending console(s) (use no_console_suspend to debug)
[   26.406824] Disabling non-boot CPUs ...
[   26.491571] IRQ17 no longer affine to CPU2
[   26.552509] Entering suspend state LP1
[   26.552529] Enabling non-boot CPUs ...
[   26.554303] CPU1 is up
[   26.555968] CPU2 is up
[   26.557788] CPU3 is up
[   27.197999] OOM killer enabled.
[   27.201152] Restarting tasks ... done.
root@(none):/# 
root@(none):/# [   27.205746] PM: suspend exit
NVTB SYSTEM SUSPEND TEST COMPLETE
