
U-Boot SPL 2016.05-rc2 (Apr 21 2016 - 16:23:00)
Trying to boot from RAM


U-Boot 2016.05-rc2 (Apr 21 2016 - 16:23:00 -0700)

TEGRA124
Model: NVIDIA Jetson TK1
Board: NVIDIA Jetson TK1
DRAM:  2 GiB
MC:   Tegra SD/MMC: 0, Tegra SD/MMC: 1
In:    serial
Out:   serial
Err:   serial
Net:   No ethernet found.
Hit any key to stop autoboot:  2  0 
Tegra124 (Jetson TK1) # 
Tegra124 (Jetson TK1) # pci enum
Tegra124 (Jetson TK1) # setenv bootargs 'ignore_loglevel console=ttyS0,115200n8 rw root=PARTUUID=b1791faa-84e8-4e27-83a1-9fb0a77e8803 rootwait gpt debug noinitrd earlyprintk init=/bin/bash'
Tegra124 (Jetson TK1) # setenv ipaddr 192.168.100.102; setenv serverip 192.168.100.1; setenv tftpserverip 192.168.100.1
Tegra124 (Jetson TK1) # tftpboot 0x82000000 zImage.multi_v7_defconfig

Warning: eth_rtl8169 using MAC address from ROM
Using eth_rtl8169 device
TFTP from server 192.168.100.1; our IP address is 192.168.100.102
Filename 'zImage.multi_v7_defconfig'.
Load address: 0x82000000
Loading: *#################################################################
	 #################################################################
	 #################################################################
	 #################################################################
	 #################################################################
	 #################################################################
	 #################################################################
	 #################################################################
	 #####################################
	 3.2 MiB/s
done
Bytes transferred = 8167936 (7ca200 hex)
Tegra124 (Jetson TK1) # tftpboot 0x83000000 tegra124-jetson-tk1.dtb
Using eth_rtl8169 device
TFTP from server 192.168.100.1; our IP address is 192.168.100.102
Filename 'tegra124-jetson-tk1.dtb'.
Load address: 0x83000000
Loading: *#####
	 3 MiB/s
done
Bytes transferred = 67173 (10665 hex)
Tegra124 (Jetson TK1) # bootz 0x82000000 - 0x83000000
Kernel image @ 0x82000000 [ 0x000000 - 0x7ca200 ]
## Flattened Device Tree blob at 83000000
   Booting using the fdt blob at 0x83000000
   Using Device Tree in place at 83000000, end 83013664

Starting kernel ...

[    0.000000] Booting Linux on physical CPU 0x0
[    0.000000] Linux version 4.14.0-rc8-201588-g39dae59 (jonathanh@sellafield) (gcc version 4.7.3 20130328 (prerelease) (crosstool-NG linaro-1.13.1-4.7-2013.04-20130415 - Linaro GCC 2013.04)) #1 SMP Sun Nov 5 13:36:06 PST 2017
[    0.000000] CPU: ARMv7 Processor [413fc0f3] revision 3 (ARMv7), cr=10c5387d
[    0.000000] CPU: div instructions available: patching division code
[    0.000000] CPU: PIPT / VIPT nonaliasing data cache, PIPT instruction cache
[    0.000000] OF: fdt: Machine model: NVIDIA Tegra124 Jetson TK1
[    0.000000] debug: ignoring loglevel setting.
[    0.000000] Memory policy: Data cache writealloc
[    0.000000] efi: Getting EFI parameters from FDT:
[    0.000000] efi: UEFI not found.
[    0.000000] cma: Reserved 64 MiB at 0xfb800000
[    0.000000] On node 0 totalpages: 524032
[    0.000000] free_area_init_node: node 0, pgdat c158fa80, node_mem_map eeff8000
[    0.000000]   DMA zone: 1536 pages used for memmap
[    0.000000]   DMA zone: 0 pages reserved
[    0.000000]   DMA zone: 196608 pages, LIFO batch:31
[    0.000000]   HighMem zone: 327424 pages, LIFO batch:31
[    0.000000] random: fast init done
[    0.000000] percpu: Embedded 17 pages/cpu @eef82000 s39424 r8192 d22016 u69632
[    0.000000] pcpu-alloc: s39424 r8192 d22016 u69632 alloc=17*4096
[    0.000000] pcpu-alloc: [0] 0 [0] 1 [0] 2 [0] 3 
[    0.000000] Built 1 zonelists, mobility grouping on.  Total pages: 522496
[    0.000000] Kernel command line: ignore_loglevel console=ttyS0,115200n8 rw root=PARTUUID=b1791faa-84e8-4e27-83a1-9fb0a77e8803 rootwait gpt debug noinitrd earlyprintk init=/bin/bash
[    0.000000] PID hash table entries: 4096 (order: 2, 16384 bytes)
[    0.000000] Dentry cache hash table entries: 131072 (order: 7, 524288 bytes)
[    0.000000] Inode-cache hash table entries: 65536 (order: 6, 262144 bytes)
[    0.000000] Memory: 1993356K/2096128K available (10240K kernel code, 1631K rwdata, 4504K rodata, 2048K init, 406K bss, 37236K reserved, 65536K cma-reserved, 1244160K highmem)
[    0.000000] Virtual kernel memory layout:
[    0.000000]     vector  : 0xffff0000 - 0xffff1000   (   4 kB)
[    0.000000]     fixmap  : 0xffc00000 - 0xfff00000   (3072 kB)
[    0.000000]     vmalloc : 0xf0800000 - 0xff800000   ( 240 MB)
[    0.000000]     lowmem  : 0xc0000000 - 0xf0000000   ( 768 MB)
[    0.000000]     pkmap   : 0xbfe00000 - 0xc0000000   (   2 MB)
[    0.000000]     modules : 0xbf000000 - 0xbfe00000   (  14 MB)
[    0.000000]       .text : 0xc0208000 - 0xc0d00000   (11232 kB)
[    0.000000]       .init : 0xc1200000 - 0xc1400000   (2048 kB)
[    0.000000]       .data : 0xc1400000 - 0xc1597f28   (1632 kB)
[    0.000000]        .bss : 0xc15a0b9c - 0xc16064fc   ( 407 kB)
[    0.000000] SLUB: HWalign=64, Order=0-3, MinObjects=0, CPUs=4, Nodes=1
[    0.000000] Hierarchical RCU implementation.
[    0.000000] 	RCU event tracing is enabled.
[    0.000000] 	RCU restricting CPUs from NR_CPUS=16 to nr_cpu_ids=4.
[    0.000000] RCU: Adjusting geometry for rcu_fanout_leaf=16, nr_cpu_ids=4
[    0.000000] NR_IRQS: 16, nr_irqs: 16, preallocated irqs: 16
[    0.000000] /interrupt-controller@60004000: 160 interrupts forwarded to /interrupt-controller@50041000
[    0.000000] Tegra clk 127: register failed with -17
[    0.000008] sched_clock: 32 bits at 1000kHz, resolution 1000ns, wraps every 2147483647500ns
[    0.000028] clocksource: timer_us: mask: 0xffffffff max_cycles: 0xffffffff, max_idle_ns: 1911260446275 ns
[    0.000043] Switching to timer-based delay loop, resolution 1000ns
[    0.005068] arch_timer: cp15 timer(s) running at 12.00MHz (virt).
[    0.005087] clocksource: arch_sys_counter: mask: 0xffffffffffffff max_cycles: 0x2c47f4ee7, max_idle_ns: 440795202497 ns
[    0.005106] sched_clock: 56 bits at 12MHz, resolution 83ns, wraps every 4398046511096ns
[    0.005120] Switching to timer-based delay loop, resolution 83ns
[    0.005602] Console: colour dummy device 80x30
[    0.005636] Calibrating delay loop (skipped), value calculated using timer frequency.. 24.00 BogoMIPS (lpj=120000)
[    0.005654] pid_max: default: 32768 minimum: 301
[    0.005756] Mount-cache hash table entries: 2048 (order: 1, 8192 bytes)
[    0.005771] Mountpoint-cache hash table entries: 2048 (order: 1, 8192 bytes)
[    0.006272] CPU: Testing write buffer coherency: ok
[    0.006523] /cpus/cpu@0 missing clock-frequency property
[    0.006567] /cpus/cpu@1 missing clock-frequency property
[    0.006611] /cpus/cpu@2 missing clock-frequency property
[    0.006655] /cpus/cpu@3 missing clock-frequency property
[    0.006669] CPU0: thread -1, cpu 0, socket 0, mpidr 80000000
[    0.006961] Setting up static identity map for 0x80300000 - 0x803000a0
[    0.008886] Hierarchical SRCU implementation.
[    0.010740] Tegra Revision: A01 SKU: 129 CPU Process: 1 SoC Process: 1
[    0.011498] EFI services will not be available.
[    0.011646] smp: Bringing up secondary CPUs ...
[    0.012115] CPU1: thread -1, cpu 1, socket 0, mpidr 80000001
[    0.015487] CPU2: thread -1, cpu 2, socket 0, mpidr 80000002
[    0.025524] CPU3: thread -1, cpu 3, socket 0, mpidr 80000003
[    0.035064] smp: Brought up 1 node, 4 CPUs
[    0.035085] SMP: Total of 4 processors activated (96.00 BogoMIPS).
[    0.035094] CPU: All CPU(s) started in SVC mode.
[    0.036630] devtmpfs: initialized
[    0.050461] VFP support v0.3: implementor 41 architecture 4 part 30 variant f rev 0
[    0.050855] clocksource: jiffies: mask: 0xffffffff max_cycles: 0xffffffff, max_idle_ns: 19112604462750000 ns
[    0.050874] futex hash table entries: 1024 (order: 4, 65536 bytes)
[    0.052321] pinctrl core: initialized pinctrl subsystem
[    0.053853] DMI not present or invalid.
[    0.054094] NET: Registered protocol family 16
[    0.056243] DMA: preallocated 256 KiB pool for atomic coherent allocations
[    0.058581] cpuidle: using governor menu
[    0.083441] No ATAGs?
[    0.083565] hw-breakpoint: found 5 (+1 reserved) breakpoint and 4 watchpoint registers.
[    0.083581] hw-breakpoint: maximum watchpoint size is 8 bytes.
[    0.090831] Serial: AMBA PL011 UART driver
[    0.092018] iommu: Adding device reg-dummy to group 0
[    0.092055] iommu: Adding device 1003000.pcie to group 1
[    0.092137] iommu: Adding device 50000000.host1x to group 2
[    0.092207] iommu: Adding device 54200000.dc to group 3
[    0.092275] iommu: Adding device 54240000.dc to group 4
[    0.092311] iommu: Adding device 54280000.hdmi to group 5
[    0.092383] iommu: Adding device 57000000.gpu to group 6
[    0.092415] iommu: Adding device 60005000.timer to group 7
[    0.092446] iommu: Adding device 60007000.flow-controller to group 8
[    0.092476] iommu: Adding device 6000c800.actmon to group 9
[    0.092507] iommu: Adding device 6000d000.gpio to group 10
[    0.092538] iommu: Adding device 60020000.dma to group 11
[    0.092573] iommu: Adding device 70000800.apbmisc to group 12
[    0.092607] iommu: Adding device 70000868.pinmux to group 13
[    0.092638] iommu: Adding device 70006000.serial to group 14
[    0.092668] iommu: Adding device 70006040.serial to group 15
[    0.092698] iommu: Adding device 70006300.serial to group 16
[    0.092728] iommu: Adding device 7000c000.i2c to group 17
[    0.092758] iommu: Adding device 7000c400.i2c to group 18
[    0.092787] iommu: Adding device 7000c500.i2c to group 19
[    0.092819] iommu: Adding device 7000c700.i2c to group 20
[    0.092849] iommu: Adding device 7000d000.i2c to group 21
[    0.092887] iommu: Adding device 7000d400.spi to group 22
[    0.092918] iommu: Adding device 7000da00.spi to group 23
[    0.092947] iommu: Adding device 7000e000.rtc to group 24
[    0.092977] iommu: Adding device 7000e400.pmc to group 25
[    0.093007] iommu: Adding device 7000f800.fuse to group 26
[    0.093037] iommu: Adding device 70019000.memory-controller to group 27
[    0.093066] iommu: Adding device 7001b000.emc to group 28
[    0.093096] iommu: Adding device 70027000.sata to group 29
[    0.093130] iommu: Adding device 70030000.hda to group 30
[    0.093163] iommu: Adding device 70090000.usb to group 31
[    0.093194] iommu: Adding device 7009f000.padctl to group 32
[    0.093230] iommu: Adding device 700b0400.sdhci to group 33
[    0.093259] iommu: Adding device 700b0600.sdhci to group 34
[    0.093290] iommu: Adding device 700e2000.thermal-sensor to group 35
[    0.093320] iommu: Adding device 70110000.clock to group 36
[    0.093354] iommu: Adding device 70300000.ahub to group 37
[    0.093385] iommu: Adding device 7d000000.usb to group 38
[    0.093420] iommu: Adding device 7d000000.usb-phy to group 39
[    0.093450] iommu: Adding device 7d004000.usb to group 40
[    0.093480] iommu: Adding device 7d004000.usb-phy to group 41
[    0.093510] iommu: Adding device 7d008000.usb to group 42
[    0.093540] iommu: Adding device 7d008000.usb-phy to group 43
[    0.093574] iommu: Adding device pmu to group 44
[    0.093605] iommu: Adding device timer to group 45
[    0.093635] iommu: Adding device clocks to group 46
[    0.093669] iommu: Adding device gpio-keys to group 47
[    0.093699] iommu: Adding device regulators to group 48
[    0.093730] iommu: Adding device regulators:regulator@0 to group 49
[    0.093760] iommu: Adding device regulators:regulator@1 to group 50
[    0.093791] iommu: Adding device regulators:regulator@2 to group 51
[    0.093822] iommu: Adding device regulators:regulator@3 to group 52
[    0.093852] iommu: Adding device regulators:regulator@4 to group 53
[    0.093886] iommu: Adding device regulators:regulator@7 to group 54
[    0.093920] iommu: Adding device regulators:regulator@8 to group 55
[    0.093951] iommu: Adding device regulators:regulator@10 to group 56
[    0.093981] iommu: Adding device regulators:regulator@11 to group 57
[    0.094011] iommu: Adding device regulators:regulator@12 to group 58
[    0.094042] iommu: Adding device regulators:regulator@13 to group 59
[    0.094071] iommu: Adding device regulators:regulator@14 to group 60
[    0.094101] iommu: Adding device sound to group 61
[    0.108826] AT91: Could not find identification node
[    0.109384] +5V_SYS: supplied by +VDD_MUX
[    0.109664] +3.3V_SYS: supplied by +VDD_MUX
[    0.110285] +USB0_VBUS_SW: Failed to request enable GPIO108: -517
[    0.110301] reg-fixed-voltage regulators:regulator@7: Failed to register regulator: -517
[    0.110401] +5V_USB_HS: Failed to request enable GPIO109: -517
[    0.110415] reg-fixed-voltage regulators:regulator@8: Failed to register regulator: -517
[    0.110597] +1.05V_RUN_AVDD_HDMI_PLL: Failed to request enable GPIO63: -517
[    0.110611] reg-fixed-voltage regulators:regulator@11: Failed to register regulator: -517
[    0.110706] +5V_HDMI_CON: Failed to request enable GPIO86: -517
[    0.110720] reg-fixed-voltage regulators:regulator@12: Failed to register regulator: -517
[    0.110814] +5V_SATA: Failed to request enable GPIO242: -517
[    0.110827] reg-fixed-voltage regulators:regulator@13: Failed to register regulator: -517
[    0.110921] +12V_SATA: Failed to request enable GPIO242: -517
[    0.110933] reg-fixed-voltage regulators:regulator@14: Failed to register regulator: -517
[    0.113900] vgaarb: loaded
[    0.114628] SCSI subsystem initialized
[    0.114793] libata version 3.00 loaded.
[    0.114985] usbcore: registered new interface driver usbfs
[    0.115032] usbcore: registered new interface driver hub
[    0.115090] usbcore: registered new device driver usb
[    0.118588] pps_core: LinuxPPS API ver. 1 registered
[    0.118599] pps_core: Software ver. 5.3.6 - Copyright 2005-2007 Rodolfo Giometti <giometti@linux.it>
[    0.118620] PTP clock support registered
[    0.118806] EDAC MC: Ver: 3.0.0
[    0.119076] dmi: Firmware registration failed.
[    0.121641] clocksource: Switched to clocksource arch_sys_counter
[    0.174754] NET: Registered protocol family 2
[    0.175240] TCP established hash table entries: 8192 (order: 3, 32768 bytes)
[    0.175341] TCP bind hash table entries: 8192 (order: 4, 65536 bytes)
[    0.175528] TCP: Hash tables configured (established 8192 bind 8192)
[    0.175609] UDP hash table entries: 512 (order: 2, 16384 bytes)
[    0.175654] UDP-Lite hash table entries: 512 (order: 2, 16384 bytes)
[    0.175808] NET: Registered protocol family 1
[    0.176116] RPC: Registered named UNIX socket transport module.
[    0.176128] RPC: Registered udp transport module.
[    0.176137] RPC: Registered tcp transport module.
[    0.176145] RPC: Registered tcp NFSv4.1 backchannel transport module.
[    0.176158] PCI: CLS 0 bytes, default 64
[    0.177634] hw perfevents: enabled with armv7_cortex_a15 PMU driver, 7 counters available
[    0.178369] iommu: Adding device alarmtimer to group 62
[    0.179266] workingset: timestamp_bits=30 max_order=19 bucket_order=0
[    0.184986] squashfs: version 4.0 (2009/01/31) Phillip Lougher
[    0.185535] NFS: Registering the id_resolver key type
[    0.185558] Key type id_resolver registered
[    0.185567] Key type id_legacy registered
[    0.185611] ntfs: driver 2.1.32 [Flags: R/O].
[    0.186947] bounce: pool size: 64 pages
[    0.186995] Block layer SCSI generic (bsg) driver version 0.4 loaded (major 248)
[    0.187006] io scheduler noop registered
[    0.187016] io scheduler deadline registered
[    0.187230] io scheduler cfq registered (default)
[    0.187241] io scheduler mq-deadline registered
[    0.187250] io scheduler kyber registered
[    0.190968]  usb2-0: usb2-0 supply vbus not found, using dummy regulator
[    0.191075]  usb2-1: usb2-1 supply vbus not found, using dummy regulator
[    0.191519] tegra-xusb-padctl 7009f000.padctl: failed to setup XUSB ports: -517
[    0.210280] tegra-pcie 1003000.pcie: 2x1, 1x1 configuration
[    0.210334] tegra-pcie 1003000.pcie: Failed to get supply 'avddio-pex': -517
[    0.216511] tegra124-dfll 70110000.clock: couldn't get vdd_cpu regulator
[    0.223380] tegra-apbdma 60020000.dma: Tegra20 APB DMA driver register 32 channels
[    0.226302] tegra-pmc 7000e400.pmc: emergency thermal reset enabled
[    0.276782] Serial: 8250/16550 driver, 4 ports, IRQ sharing disabled
[    0.276882] iommu: Adding device serial8250 to group 63
[    0.279354] console [ttyS0] disabled
[    0.279394] 70006300.serial: ttyS0 at MMIO 0x70006300 (irq = 335, base_baud = 25500000) is a Tegra
[    1.542623] console [ttyS0] enabled
[    1.546989] SuperH (H)SCI(F) driver initialized
[    1.552636] msm_serial: driver initialized
[    1.556915] STMicroelectronics ASC driver initialized
[    1.562877] 70006000.serial: ttyTHS1 at MMIO 0x70006000 (irq = 333, base_baud = 0) is a TEGRA_UART
[    1.572144] 70006040.serial: ttyTHS2 at MMIO 0x70006040 (irq = 334, base_baud = 0) is a TEGRA_UART
[    1.587071] tegra-hdmi 54280000.hdmi: failed to get HDMI regulator
[    1.603798] brd: module loaded
[    1.613096] loop: module loaded
[    1.617399] at24 0-0056: 256 byte 24c02 EEPROM, writable, 8 bytes/write
[    1.625732] as3722 4-0040: AS3722 with revision 0x1 found
[    1.633034] iommu: Adding device as3722-pinctrl to group 64
[    1.640044] iommu: Adding device as3722-regulator to group 65
[    1.648660] as3722-sd2: supplied by +5V_SYS
[    1.653278] as3722-sd3: supplied by +5V_SYS
[    1.657662] +1.35V_LP0(sd3): Bringing 0uV into 1350000-1350000uV
[    1.664022] as3722-sd4: supplied by +5V_SYS
[    1.668615] as3722-sd5: supplied by +5V_SYS
[    1.674578] as3722-ldo0: supplied by +1.35V_LP0(sd2)
[    1.680591] +1.8V_RUN_CAM: Bringing 0uV into 1800000-1800000uV
[    1.686791] as3722-ldo2: supplied by +1.8V_VDDIO
[    1.692674] as3722-ldo3: supplied by +3.3V_SYS
[    1.697148] +1.05V_LP0_VDD_RTC: Bringing 1100000uV into 1000000-1000000uV
[    1.704909] as3722-ldo4: supplied by +3.3V_SYS
[    1.709572] +2.8V_RUN_CAM: Bringing 0uV into 2800000-2800000uV
[    1.715770] as3722-ldo5: supplied by +1.8V_VDDIO
[    1.720601] +1.2V_RUN_CAM_FRONT: Bringing 0uV into 1200000-1200000uV
[    1.727510] +VDDIO_SDMMC3: bypassed regulator has no supply!
[    1.733182] +VDDIO_SDMMC3: failed to get the current voltage(-517)
[    1.739359] as3722-regulator as3722-regulator: regulator 13 register failed -517
[    1.749933] iommu: Adding device as3722-rtc to group 66
[    1.755508] iommu: Adding device as3722-adc to group 67
[    1.761025] iommu: Adding device as3722-power-off to group 68
[    1.767088] iommu: Adding device as3722-wdt to group 69
[    1.774148] tegra-ahci 70027000.sata: couldn't get PHY in node sata: -517
[    1.796610] m25p80 spi1.0: w25q32dw (4096 Kbytes)
[    1.803702] iommu: Adding device Fixed MDIO bus.0 to group 70
[    1.809789] libphy: Fixed MDIO Bus: probed
[    1.814803] CAN device driver interface
[    1.819578] bgmac_bcma: Broadcom 47xx GBit MAC driver loaded
[    1.826651] e1000e: Intel(R) PRO/1000 Network Driver - 3.2.6-k
[    1.832492] e1000e: Copyright(c) 1999 - 2015 Intel Corporation.
[    1.838447] igb: Intel(R) Gigabit Ethernet Network Driver - version 5.4.0-k
[    1.845413] igb: Copyright (c) 2007-2014 Intel Corporation.
[    1.854839] pegasus: v0.9.3 (2013/04/25), Pegasus/Pegasus II USB Ethernet driver
[    1.862281] usbcore: registered new interface driver pegasus
[    1.867971] usbcore: registered new interface driver asix
[    1.873409] usbcore: registered new interface driver ax88179_178a
[    1.879519] usbcore: registered new interface driver cdc_ether
[    1.885406] usbcore: registered new interface driver smsc75xx
[    1.891184] usbcore: registered new interface driver smsc95xx
[    1.896966] usbcore: registered new interface driver net1080
[    1.902666] usbcore: registered new interface driver cdc_subset
[    1.908602] usbcore: registered new interface driver zaurus
[    1.914233] usbcore: registered new interface driver cdc_ncm
[    1.920115] tegra-phy 7d000000.usb-phy: no vbus regulator
[    1.925726] tegra-phy 7d004000.usb-phy: no vbus regulator
[    1.933161] ehci_hcd: USB 2.0 'Enhanced' Host Controller (EHCI) Driver
[    1.939679] ehci-pci: EHCI PCI platform driver
[    1.944166] ehci-platform: EHCI generic platform driver
[    1.949595] ehci-orion: EHCI orion driver
[    1.953783] SPEAr-ehci: EHCI SPEAr driver
[    1.957926] ehci-st: EHCI STMicroelectronics driver
[    1.962955] ehci-exynos: EHCI EXYNOS driver
[    1.967294] ehci-atmel: EHCI Atmel driver
[    1.971434] tegra-ehci: Tegra EHCI driver
[    1.978302] tegra-ehci 7d004000.usb: EHCI Host Controller
[    1.983733] tegra-ehci 7d004000.usb: new USB bus registered, assigned bus number 1
[    1.991463] tegra-ehci 7d004000.usb: irq 355, io mem 0x7d004000
[    2.021668] tegra-ehci 7d004000.usb: USB 2.0 started, EHCI 1.10
[    2.028254] hub 1-0:1.0: USB hub found
[    2.032057] hub 1-0:1.0: 1 port detected
[    2.036534] ohci_hcd: USB 1.1 'Open' Host Controller (OHCI) Driver
[    2.042736] ohci-pci: OHCI PCI platform driver
[    2.047209] ohci-platform: OHCI generic platform driver
[    2.052642] SPEAr-ohci: OHCI SPEAr driver
[    2.056789] ohci-st: OHCI STMicroelectronics driver
[    2.061817] ohci-atmel: OHCI Atmel driver
[    2.066603] usbcore: registered new interface driver usb-storage
[    2.074173] iommu: Adding device ci_hdrc.0 to group 71
[    2.086473] as3722-rtc as3722-rtc: rtc core: registered as3722-rtc as rtc0
[    2.093373] as3722-rtc as3722-rtc: RTC interrupt 378
[    2.101744] tegra_rtc 7000e000.rtc: rtc core: registered 7000e000.rtc as rtc1
[    2.108916] tegra_rtc 7000e000.rtc: Tegra internal Real Time Clock
[    2.115671] i2c /dev entries driver
[    2.123114] IR NEC protocol handler initialized
[    2.127639] IR RC5(x/sz) protocol handler initialized
[    2.132698] IR RC6 protocol handler initialized
[    2.137221] IR JVC protocol handler initialized
[    2.141764] IR Sony protocol handler initialized
[    2.146374] IR SANYO protocol handler initialized
[    2.151069] IR Sharp protocol handler initialized
[    2.155780] IR MCE Keyboard/mouse protocol handler initialized
[    2.161604] IR XMP protocol handler initialized
[    2.169342] lm90 0-004c: 0-004c supply vcc not found, using dummy regulator
[    2.184509] iommu: Adding device cpufreq-tegra124 to group 72
[    2.192611] sdhci: Secure Digital Host Controller Interface driver
[    2.198782] sdhci: Copyright(c) Pierre Ossman
[    2.204835] Synopsys Designware Multimedia Card Interface Driver
[    2.212221] sdhci-pltfm: SDHCI platform and OF driver helper
[    2.218673] sdhci-tegra 700b0400.sdhci: Got CD GPIO
[    2.223584] sdhci-tegra 700b0400.sdhci: Got WP GPIO
[    2.244824] mmc0: Unknown controller version (3). You may experience problems.
[    2.252103] mmc0: Invalid maximum block size, assuming 512 bytes
[    2.321669] mmc0: SDHCI controller on 700b0600.sdhci [700b0600.sdhci] using ADMA
[    2.331248] ledtrig-cpu: registered to indicate activity on CPUs
[    2.337634] usbcore: registered new interface driver usbhid
[    2.343219] usbhid: USB HID core driver
[    2.350965] NET: Registered protocol family 10
[    2.356277] Segment Routing with IPv6
[    2.359996] sit: IPv6, IPv4 and MPLS over IPv4 tunneling driver
[    2.366438] NET: Registered protocol family 17
[    2.370882] can: controller area network core (rev 20170425 abi 9)
[    2.377129] NET: Registered protocol family 29
[    2.381569] can: raw protocol (rev 20170425)
[    2.385852] can: broadcast manager protocol (rev 20170425 t)
[    2.391508] can: netlink gateway (rev 20170425) max_hops=1
[    2.397289] Key type dns_resolver registered
[    2.402087] ThumbEE CPU extension supported.
[    2.406357] Registering SWP/SWPB emulation handler
[    2.425133] +3.3V_RUN: supplied by +3.3V_SYS
[    2.430657] +USB0_VBUS_SW: supplied by +5V_SYS
[    2.435373] +3.3V_AVDD_HDMI_AP_GATED: supplied by +3.3V_RUN
[    2.441314] +5V_USB_HS: supplied by +5V_SYS
[    2.447185] +3.3V_LP0: supplied by +3.3V_SYS
[    2.453505] +5V_HDMI_CON: supplied by +5V_SYS
[    2.458542] +5V_SATA: supplied by +5V_SYS
[    2.463136] +12V_SATA: supplied by +VDD_MUX
[    2.469115]  usb2-0: usb2-0 supply vbus not found, using dummy regulator
[    2.470070] mmc0: new high speed MMC card at address 0001
[    2.470495] mmcblk0: mmc0:0001 SEM16G 14.7 GiB 
[    2.470683] mmcblk0boot0: mmc0:0001 SEM16G partition 1 4.00 MiB
[    2.471188] mmcblk0boot1: mmc0:0001 SEM16G partition 2 4.00 MiB
[    2.471769] mmcblk0rpmb: mmc0:0001 SEM16G partition 3 4.00 MiB
[    2.477495]  mmcblk0: p1
[    2.506174]  usb2-1: usb2-1 supply vbus not found, using dummy regulator
[    2.513234]  usb3-0: usb3-0 supply vbus not found, using dummy regulator
[    2.521143] tegra-pcie 1003000.pcie: 2x1, 1x1 configuration
[    2.526829] tegra-pcie 1003000.pcie: Failed to get supply 'avddio-pex': -517
[    2.536475] tegra124-dfll 70110000.clock: couldn't get vdd_cpu regulator
[    2.547018] tegra-hdmi 54280000.hdmi: failed to get PLL regulator
[    2.558218] as3722-sd2: supplied by +5V_SYS
[    2.562782] as3722-sd3: supplied by +5V_SYS
[    2.567177] as3722-sd4: supplied by +5V_SYS
[    2.571571] as3722-sd5: supplied by +5V_SYS
[    2.577549] as3722-ldo0: supplied by +1.35V_LP0(sd2)
[    2.583389] as3722-ldo1: supplied by +3.3V_RUN
[    2.588161] as3722-ldo2: supplied by +1.8V_VDDIO
[    2.593867] as3722-ldo3: supplied by +3.3V_SYS
[    2.599157] as3722-ldo4: supplied by +3.3V_SYS
[    2.603957] as3722-ldo5: supplied by +1.8V_VDDIO
[    2.608817] as3722-ldo6: supplied by +3.3V_RUN
[    2.613510] as3722-ldo7: supplied by +1.8V_VDDIO
[    2.618894] +1.05V_RUN_CAM_REAR: Bringing 0uV into 1050000-1050000uV
[    2.626077] as3722-ldo9: supplied by +5V_SYS
[    2.631687] +3.3V_RUN_TOUCH: Bringing 0uV into 2800000-2800000uV
[    2.638241] as3722-ldo10: supplied by +5V_SYS
[    2.643207] +2.8V_RUN_CAM_AF: Bringing 0uV into 2800000-2800000uV
[    2.650007] as3722-ldo11: supplied by +3.3V_RUN
[    2.655344] +1.8V_RUN_VPP_FUSE: Bringing 0uV into 1800000-1800000uV
[    2.665065] tegra-ahci 70027000.sata: AHCI 0001.0301 32 slots 2 ports 3 Gbps 0x1 impl platform mode
[    2.674152] tegra-ahci 70027000.sata: flags: 64bit ncq sntf pm led pio slum part sadm sds apst 
[    2.684582] scsi host0: tegra-ahci
[    2.689059] scsi host1: tegra-ahci
[    2.692766] ata1: SATA max UDMA/133 mmio [mem 0x70027000-0x70028fff] port 0x100 irq 345
[    2.700764] ata2: DUMMY
[    2.706747] tegra-ehci 7d008000.usb: EHCI Host Controller
[    2.712210] tegra-ehci 7d008000.usb: new USB bus registered, assigned bus number 2
[    2.719953] tegra-ehci 7d008000.usb: irq 356, io mem 0x7d008000
[    2.751765] tegra-ehci 7d008000.usb: USB 2.0 started, EHCI 1.10
[    2.758715] hub 2-0:1.0: USB hub found
[    2.762569] hub 2-0:1.0: 1 port detected
[    2.769033] sdhci-tegra 700b0400.sdhci: Got CD GPIO
[    2.773989] sdhci-tegra 700b0400.sdhci: Got WP GPIO
[    2.785872] mmc1: Unknown controller version (3). You may experience problems.
[    2.793217] mmc1: Invalid maximum block size, assuming 512 bytes
[    2.862211] mmc1: SDHCI controller on 700b0400.sdhci [700b0400.sdhci] using ADMA
[    2.870354] tegra-pcie 1003000.pcie: 2x1, 1x1 configuration
[    2.878101] tegra-pcie 1003000.pcie: probing port 0, using 2 lanes
[    2.887832] tegra-pcie 1003000.pcie: Slot present pin change, signature: 00000008
[    2.912029] tegra-pcie 1003000.pcie: probing port 1, using 1 lanes
[    2.920370] tegra-pcie 1003000.pcie: Slot present pin change, signature: 00000000
[    2.935121] tegra-pcie 1003000.pcie: PCI host bridge to bus 0000:00
[    2.941400] pci_bus 0000:00: root bus resource [io  0x0000-0xffff]
[    2.947620] pci_bus 0000:00: root bus resource [mem 0x13000000-0x1fffffff]
[    2.954530] pci_bus 0000:00: root bus resource [mem 0x20000000-0x3fffffff pref]
[    2.961887] pci_bus 0000:00: root bus resource [bus 00-ff]
[    2.967416] pci 0000:00:01.0: [10de:0e12] type 01 class 0x060400
[    2.973470] pci_bus 0000:00: 2-byte config write to 0000:00:01.0 offset 0x4 may corrupt adjacent RW1C bits
[    2.983168] pci_bus 0000:00: 2-byte config write to 0000:00:01.0 offset 0x4 may corrupt adjacent RW1C bits
[    2.992897] pci 0000:00:01.0: enabling Extended Tags
[    2.997877] pci_bus 0000:00: 2-byte config write to 0000:00:01.0 offset 0x88 may corrupt adjacent RW1C bits
[    3.007672] pci_bus 0000:00: 2-byte config write to 0000:00:01.0 offset 0x52 may corrupt adjacent RW1C bits
[    3.017495] pci 0000:00:01.0: PME# supported from D0 D1 D2 D3hot D3cold
[    3.024157] pci_bus 0000:00: 2-byte config write to 0000:00:01.0 offset 0x4c may corrupt adjacent RW1C bits
[    3.034201] pci 0000:00:02.0: [10de:0e13] type 01 class 0x060400
[    3.035381] ata1: SATA link down (SStatus 0 SControl 300)
[    3.045660] pci_bus 0000:00: 2-byte config write to 0000:00:02.0 offset 0x4 may corrupt adjacent RW1C bits
[    3.055360] pci_bus 0000:00: 2-byte config write to 0000:00:02.0 offset 0x4 may corrupt adjacent RW1C bits
[    3.065079] pci 0000:00:02.0: enabling Extended Tags
[    3.070044] pci_bus 0000:00: 2-byte config write to 0000:00:02.0 offset 0x88 may corrupt adjacent RW1C bits
[    3.079811] pci_bus 0000:00: 2-byte config write to 0000:00:02.0 offset 0x52 may corrupt adjacent RW1C bits
[    3.089593] pci 0000:00:02.0: PME# supported from D0 D1 D2 D3hot D3cold
[    3.096219] pci_bus 0000:00: 2-byte config write to 0000:00:02.0 offset 0x4c may corrupt adjacent RW1C bits
[    3.106243] PCI: bus0: Fast back to back transfers disabled
[    3.111859] pci 0000:00:01.0: bridge configuration invalid ([bus 00-00]), reconfiguring
[    3.119866] pci 0000:00:02.0: bridge configuration invalid ([bus 00-00]), reconfiguring
[    3.128102] pci 0000:01:00.0: [8086:4232] type 00 class 0x028000
[    3.134216] pci 0000:01:00.0: reg 0x10: [mem 0x00000000-0x00001fff 64bit]
[    3.141199] pci 0000:01:00.0: PME# supported from D0 D3hot D3cold
[    3.163046] mmc1: new high speed SDHC card at address aaaa
[    3.169233] mmcblk1: mmc1:aaaa SD04G 3.69 GiB 
[    3.174047] PCI: bus1: Fast back to back transfers disabled
[    3.179648] pci_bus 0000:01: busn_res: [bus 01-ff] end is updated to 01
[    3.186507] pci 0000:02:00.0: [10ec:8168] type 00 class 0x020000
[    3.192588] pci 0000:02:00.0: reg 0x10: [io  0x0000-0x00ff]
[    3.198184] pci 0000:02:00.0: reg 0x18: [mem 0x00000000-0x00000fff 64bit]
[    3.205000] pci 0000:02:00.0: reg 0x20: [mem 0x00000000-0x00003fff 64bit pref]
[    3.212368] pci 0000:02:00.0: supports D1 D2
[    3.216633] pci 0000:02:00.0: PME# supported from D0 D1 D2 D3hot D3cold
[    3.236085]  mmcblk1: p1 p2 p3
[    3.251803] PCI: bus2: Fast back to back transfers disabled
[    3.257381] pci_bus 0000:02: busn_res: [bus 02-ff] end is updated to 02
[    3.264059] pci 0000:00:01.0: BAR 8: assigned [mem 0x13000000-0x130fffff]
[    3.270841] pci 0000:00:02.0: BAR 8: assigned [mem 0x13100000-0x131fffff]
[    3.277645] pci 0000:00:02.0: BAR 9: assigned [mem 0x20000000-0x200fffff 64bit pref]
[    3.285435] pci 0000:00:02.0: BAR 7: assigned [io  0x1000-0x1fff]
[    3.291547] pci 0000:01:00.0: BAR 0: assigned [mem 0x13000000-0x13001fff 64bit]
[    3.298921] pci 0000:00:01.0: PCI bridge to [bus 01]
[    3.303933] pci 0000:00:01.0:   bridge window [mem 0x13000000-0x130fffff]
[    3.310732] pci 0000:02:00.0: BAR 4: assigned [mem 0x20000000-0x20003fff 64bit pref]
[    3.318542] pci 0000:02:00.0: BAR 2: assigned [mem 0x13100000-0x13100fff 64bit]
[    3.325883] pci 0000:02:00.0: BAR 0: assigned [io  0x1000-0x10ff]
[    3.331997] pci 0000:00:02.0: PCI bridge to [bus 02]
[    3.336967] pci 0000:00:02.0:   bridge window [io  0x1000-0x1fff]
[    3.343090] pci 0000:00:02.0:   bridge window [mem 0x13100000-0x131fffff]
[    3.349872] pci 0000:00:02.0:   bridge window [mem 0x20000000-0x200fffff 64bit pref]
[    3.357677] pci 0000:00:01.0: nv_msi_ht_cap_quirk didn't locate host bridge
[    3.364795] pcieport 0000:00:01.0: enabling device (0140 -> 0142)
[    3.371127] pcieport 0000:00:01.0: Signaling PME with IRQ 394
[    3.377079] pci 0000:00:02.0: nv_msi_ht_cap_quirk didn't locate host bridge
[    3.384182] pcieport 0000:00:02.0: enabling device (0140 -> 0143)
[    3.390506] pcieport 0000:00:02.0: Signaling PME with IRQ 395
[    3.396677] r8169 Gigabit Ethernet driver 2.3LK-NAPI loaded
[    3.402293] r8169 0000:02:00.0: enabling device (0140 -> 0143)
[    3.433236] r8169 0000:02:00.0 eth0: RTL8168g/8111g at 0xf0b81000, 00:04:4b:3a:d9:81, XID 0c000800 IRQ 396
[    3.442909] r8169 0000:02:00.0 eth0: jumbo features [frames: 9200 bytes, tx checksumming: ko]
[    3.455284] +1.05V_RUN_AVDD_HDMI_PLL: supplied by +1.05V_RUN
[    3.463582] [drm] Supports vblank timestamp caching Rev 2 (21.10.2013).
[    3.470198] [drm] No driver support for vblank timestamp query.
[    3.599701] tegra-hdmi 54280000.hdmi: cannot set audio to 48000 Hz at 297000000 Hz pixel clock
[    3.846320] Console: switching to colour frame buffer device 512x135
[    3.944904] drm drm: fb0:  frame buffer device
[    3.949432] [drm] Initialized tegra 0.0.0 20120330 for drm on minor 0
[    3.957069] iommu: Adding device cpufreq-dt.0 to group 73
[    3.962851] cpufreq: cpufreq_online: CPU0: Running at unlisted freq: 696000 KHz
[    3.970166] cpufreq: cpufreq_online: CPU0: Unlisted initial frequency changed to: 714000 KHz
[    3.979393] input: gpio-keys as /devices/soc0/gpio-keys/input/input0
[    3.986696] as3722-rtc as3722-rtc: setting system clock to 2000-01-01 00:00:15 UTC (946684815)
[    3.995639] +USB0_VBUS_SW: disabling
[    3.999213] +1.8V_RUN_CAM: disabling
[    4.003049] +2.8V_RUN_CAM: disabling
[    4.006818] +1.2V_RUN_CAM_FRONT: disabling
[    4.011067] +1.05V_RUN_CAM_REAR: disabling
[    4.015411] +3.3V_RUN_TOUCH: disabling
[    4.019313] +2.8V_RUN_CAM_AF: disabling
[    4.023365] +1.8V_RUN_VPP_FUSE: disabling
[    4.028435] EXT4-fs (mmcblk0p1): mounting ext3 file system using the ext4 subsystem
[    4.050910] EXT4-fs (mmcblk0p1): recovery complete
[    4.055792] EXT4-fs (mmcblk0p1): mounted filesystem with ordered data mode. Opts: (null)
[    4.063928] VFS: Mounted root (ext3 filesystem) on device 179:1.
[    4.074096] devtmpfs: mounted
[    4.077703] Freeing unused kernel memory: 2048K
bash: cannot set terminal process group (-1): Inappropriate ioctl for device
bash: no job control in this shell
root@(none):/# mount -t sysfs none /sys
root@(none):/# 
root@(none):/# mount -t debugfs none /sys/kernel/debug
root@(none):/# 
root@(none):/# rtcwake -d rtc1 -m mem -s 3
rtcwake: assuming RTC uses UTC ...
rtcwake: wakeup from "mem" using /dev/rtc1 at Thu Jan  1 00:00:21 1970
[    7.361581] PM: suspend entry (deep)
[    7.365209] PM: Syncing filesystems ... done.
[    7.437699] Freezing user space processes ... (elapsed 0.001 seconds) done.
[    7.445755] OOM killer disabled.
[    7.448978] Freezing remaining freezable tasks ... (elapsed 0.001 seconds) done.
[    7.457597] Suspending console(s) (use no_console_suspend to debug)
[    7.622421] Disabling non-boot CPUs ...
[    7.791761] IRQ17 no longer affine to CPU3
[    7.792300] Entering suspend state LP1
[    7.792314] Enabling non-boot CPUs ...
[    7.792639] CPU1 is up
[    7.792921] CPU2 is up
[    7.793247] CPU3 is up
[    7.794002] pcieport 0000:00:02.0: nv_msi_ht_cap_quirk didn't locate host bridge
[    7.794004] pcieport 0000:00:01.0: nv_msi_ht_cap_quirk didn't locate host bridge
[    7.839513] tegra-hdmi 54280000.hdmi: cannot set audio to 48000 Hz at 297000000 Hz pixel clock
[    8.007113] OOM killer enabled.
[    8.010246] Restarting tasks ... done.
[    8.080252] PM: suspend exit
root@(none):/# 
root@(none):/# [    8.165827] ata1: SATA link down (SStatus 0 SControl 300)
rtcwake -d rtc1 -m mem -s 3
rtcwake: assuming RTC uses UTC ...
rtcwake: wakeup from "mem" using /dev/rtc1 at Thu Jan  1 00:00:25 1970
[    8.395750] PM: suspend entry (deep)
[    8.399328] PM: Syncing filesystems ... done.
[    8.454436] Freezing user space processes ... (elapsed 0.001 seconds) done.
[    8.462566] OOM killer disabled.
[    8.465788] Freezing remaining freezable tasks ... (elapsed 0.001 seconds) done.
[    8.474559] Suspending console(s) (use no_console_suspend to debug)
[    8.509742] pci_generic_config_write32: 129 callbacks suppressed
[    8.509749] pci_bus 0000:00: 2-byte config write to 0000:00:02.0 offset 0x9c may corrupt adjacent RW1C bits
[    8.509773] pci_bus 0000:00: 2-byte config write to 0000:00:01.0 offset 0x9c may corrupt adjacent RW1C bits
[    8.614825] pci_bus 0000:02: 2-byte config write to 0000:02:00.0 offset 0x44 may corrupt adjacent RW1C bits
[    8.642360] Disabling non-boot CPUs ...
[    8.691752] IRQ17 no longer affine to CPU1
[    8.812197] Entering suspend state LP1
[    8.812209] Enabling non-boot CPUs ...
[    8.812477] CPU1 is up
[    8.812692] CPU2 is up
[    8.812935] CPU3 is up
[    8.813396] pci_bus 0000:00: 2-byte config write to 0000:00:01.0 offset 0x4c may corrupt adjacent RW1C bits
[    8.813404] pci_bus 0000:00: 2-byte config write to 0000:00:02.0 offset 0x4c may corrupt adjacent RW1C bits
[    8.813411] pci_bus 0000:00: 2-byte config write to 0000:00:01.0 offset 0x88 may corrupt adjacent RW1C bits
[    8.813416] pci_bus 0000:00: 2-byte config write to 0000:00:01.0 offset 0x90 may corrupt adjacent RW1C bits
[    8.813420] pci_bus 0000:00: 2-byte config write to 0000:00:02.0 offset 0x88 may corrupt adjacent RW1C bits
[    8.813424] pci_bus 0000:00: 2-byte config write to 0000:00:01.0 offset 0x98 may corrupt adjacent RW1C bits
[    8.813428] pci_bus 0000:00: 2-byte config write to 0000:00:02.0 offset 0x90 may corrupt adjacent RW1C bits
[    8.813523] pcieport 0000:00:02.0: nv_msi_ht_cap_quirk didn't locate host bridge
[    8.813524] pcieport 0000:00:01.0: nv_msi_ht_cap_quirk didn't locate host bridge
[    8.858380] tegra-hdmi 54280000.hdmi: cannot set audio to 48000 Hz at 297000000 Hz pixel clock
[    9.121123] OOM killer enabled.
[    9.124291] Restarting tasks ... done.
[    9.185162] ata1: SATA link down (SStatus 0 SControl 300)
[    9.193346] PM: suspend exit
root@(none):/# 
root@(none):/# rtcwake -d rtc1 -m mem -s 3
rtcwake: assuming RTC uses UTC ...
rtcwake: wakeup from "mem" using /dev/rtc1 at Thu Jan  1 00:00:30 1970
[   10.415756] PM: suspend entry (deep)
[   10.419334] PM: Syncing filesystems ... done.
[   10.476607] Freezing user space processes ... (elapsed 0.001 seconds) done.
[   10.484751] OOM killer disabled.
[   10.487973] Freezing remaining freezable tasks ... (elapsed 0.001 seconds) done.
[   10.496778] Suspending console(s) (use no_console_suspend to debug)
[   10.672345] Disabling non-boot CPUs ...
[   10.842103] Entering suspend state LP1
[   10.842114] Enabling non-boot CPUs ...
[   10.842386] CPU1 is up
[   10.842603] CPU2 is up
[   10.842845] CPU3 is up
[   10.843399] pcieport 0000:00:01.0: nv_msi_ht_cap_quirk didn't locate host bridge
[   10.843401] pcieport 0000:00:02.0: nv_msi_ht_cap_quirk didn't locate host bridge
[   10.877788] tegra-hdmi 54280000.hdmi: cannot set audio to 48000 Hz at 297000000 Hz pixel clock
[   11.033016] OOM killer enabled.
[   11.036144] Restarting tasks ... done.
[   11.074353] PM: suspend exit
root@(none):/# 
root@(none):/# [   11.205918] ata1: SATA link down (SStatus 0 SControl 300)
rtcwake -d rtc1 -m mem -s 3
rtcwake: assuming RTC uses UTC ...
rtcwake: wakeup from "mem" using /dev/rtc1 at Thu Jan  1 00:00:34 1970
[   11.448263] PM: suspend entry (deep)
[   11.451880] PM: Syncing filesystems ... done.
[   11.498875] Freezing user space processes ... (elapsed 0.001 seconds) done.
[   11.507050] OOM killer disabled.
[   11.510275] Freezing remaining freezable tasks ... (elapsed 0.001 seconds) done.
[   11.519069] Suspending console(s) (use no_console_suspend to debug)
[   11.682338] Disabling non-boot CPUs ...
[   11.852162] Entering suspend state LP1
[   11.852174] Enabling non-boot CPUs ...
[   11.852446] CPU1 is up
[   11.852662] CPU2 is up
[   11.852904] CPU3 is up
[   11.853446] pcieport 0000:00:01.0: nv_msi_ht_cap_quirk didn't locate host bridge
[   11.853447] pcieport 0000:00:02.0: nv_msi_ht_cap_quirk didn't locate host bridge
[   11.888089] tegra-hdmi 54280000.hdmi: cannot set audio to 48000 Hz at 297000000 Hz pixel clock
[   12.043342] OOM killer enabled.
[   12.046470] Restarting tasks ... done.
[   12.084668] PM: suspend exit
root@(none):/# 
root@(none):/# [   12.216581] ata1: SATA link down (SStatus 0 SControl 300)
rtcwake -d rtc1 -m mem -s 3
rtcwake: assuming RTC uses UTC ...
rtcwake: wakeup from "mem" using /dev/rtc1 at Thu Jan  1 00:00:38 1970
[   12.463237] PM: suspend entry (deep)
[   12.466818] PM: Syncing filesystems ... done.
[   12.502951] Freezing user space processes ... (elapsed 0.001 seconds) done.
[   12.511068] OOM killer disabled.
[   12.514300] Freezing remaining freezable tasks ... (elapsed 0.001 seconds) done.
[   12.523054] Suspending console(s) (use no_console_suspend to debug)
[   12.696293] Disabling non-boot CPUs ...
[   12.844074] Entering suspend state LP1
[   12.844088] Enabling non-boot CPUs ...
[   12.844441] CPU1 is up
[   12.844744] CPU2 is up
[   12.845093] CPU3 is up
[   12.845813] pcieport 0000:00:02.0: nv_msi_ht_cap_quirk didn't locate host bridge
[   12.845815] pcieport 0000:00:01.0: nv_msi_ht_cap_quirk didn't locate host bridge
[   12.879067] tegra-hdmi 54280000.hdmi: cannot set audio to 48000 Hz at 297000000 Hz pixel clock
[   13.043331] OOM killer enabled.
[   13.046460] Restarting tasks ... done.
[   13.119234] PM: suspend exit
root@(none):/# 
root@(none):/# [   13.206110] ata1: SATA link down (SStatus 0 SControl 300)
rtcwake -d rtc1 -m mem -s 3
rtcwake: assuming RTC uses UTC ...
rtcwake: wakeup from "mem" using /dev/rtc1 at Thu Jan  1 00:00:42 1970
[   13.454949] PM: suspend entry (deep)
[   13.458527] PM: Syncing filesystems ... done.
[   13.493947] Freezing user space processes ... (elapsed 0.001 seconds) done.
[   13.502081] OOM killer disabled.
[   13.505305] Freezing remaining freezable tasks ... (elapsed 0.001 seconds) done.
[   13.514087] Suspending console(s) (use no_console_suspend to debug)
[   13.549254] pci_generic_config_write32: 166 callbacks suppressed
[   13.549261] pci_bus 0000:00: 2-byte config write to 0000:00:02.0 offset 0x9c may corrupt adjacent RW1C bits
[   13.549289] pci_bus 0000:00: 2-byte config write to 0000:00:01.0 offset 0x9c may corrupt adjacent RW1C bits
[   13.654772] pci_bus 0000:02: 2-byte config write to 0000:02:00.0 offset 0x44 may corrupt adjacent RW1C bits
[   13.682275] Disabling non-boot CPUs ...
[   13.721672] IRQ17 no longer affine to CPU1
[   13.842112] Entering suspend state LP1
[   13.842124] Enabling non-boot CPUs ...
[   13.842396] CPU1 is up
[   13.842613] CPU2 is up
[   13.842856] CPU3 is up
[   13.843286] pci_bus 0000:00: 2-byte config write to 0000:00:02.0 offset 0x4c may corrupt adjacent RW1C bits
[   13.843297] pci_bus 0000:00: 2-byte config write to 0000:00:02.0 offset 0x88 may corrupt adjacent RW1C bits
[   13.843302] pci_bus 0000:00: 2-byte config write to 0000:00:02.0 offset 0x90 may corrupt adjacent RW1C bits
[   13.843308] pci_bus 0000:00: 2-byte config write to 0000:00:01.0 offset 0x4c may corrupt adjacent RW1C bits
[   13.843312] pci_bus 0000:00: 2-byte config write to 0000:00:02.0 offset 0x98 may corrupt adjacent RW1C bits
[   13.843316] pci_bus 0000:00: 2-byte config write to 0000:00:02.0 offset 0x9c may corrupt adjacent RW1C bits
[   13.843321] pci_bus 0000:00: 2-byte config write to 0000:00:02.0 offset 0xa8 may corrupt adjacent RW1C bits
[   13.843415] pcieport 0000:00:02.0: nv_msi_ht_cap_quirk didn't locate host bridge
[   13.843416] pcieport 0000:00:01.0: nv_msi_ht_cap_quirk didn't locate host bridge
[   13.888121] tegra-hdmi 54280000.hdmi: cannot set audio to 48000 Hz at 297000000 Hz pixel clock
[   14.150876] OOM killer enabled.
[   14.154033] Restarting tasks ... done.
[   14.215010] ata1: SATA link down (SStatus 0 SControl 300)
[   14.223187] PM: suspend exit
root@(none):/# 
root@(none):/# rtcwake -d rtc1 -m mem -s 3
rtcwake: assuming RTC uses UTC ...
rtcwake: wakeup from "mem" using /dev/rtc1 at Thu Jan  1 00:00:47 1970
[   15.457946] PM: suspend entry (deep)
[   15.461562] PM: Syncing filesystems ... done.
[   15.512624] Freezing user space processes ... (elapsed 0.001 seconds) done.
[   15.520774] OOM killer disabled.
[   15.524037] Freezing remaining freezable tasks ... (elapsed 0.001 seconds) done.
[   15.532661] Suspending console(s) (use no_console_suspend to debug)
[   15.702280] Disabling non-boot CPUs ...
[   15.872105] Entering suspend state LP1
[   15.872117] Enabling non-boot CPUs ...
[   15.872394] CPU1 is up
[   15.872616] CPU2 is up
[   15.872867] CPU3 is up
[   15.873428] pcieport 0000:00:02.0: nv_msi_ht_cap_quirk didn't locate host bridge
[   15.873429] pcieport 0000:00:01.0: nv_msi_ht_cap_quirk didn't locate host bridge
[   15.908228] tegra-hdmi 54280000.hdmi: cannot set audio to 48000 Hz at 297000000 Hz pixel clock
[   16.063829] OOM killer enabled.
[   16.066958] Restarting tasks ... done.
[   16.104840] PM: suspend exit
root@(none):/# 
root@(none):/# [   16.235836] ata1: SATA link down (SStatus 0 SControl 300)
rtcwake -d rtc1 -m mem -s 3
rtcwake: assuming RTC uses UTC ...
rtcwake: wakeup from "mem" using /dev/rtc1 at Thu Jan  1 00:00:51 1970
[   16.484985] PM: suspend entry (deep)
[   16.488561] PM: Syncing filesystems ... done.
[   16.523115] Freezing user space processes ... (elapsed 0.001 seconds) done.
[   16.531224] OOM killer disabled.
[   16.534455] Freezing remaining freezable tasks ... (elapsed 0.001 seconds) done.
[   16.543207] Suspending console(s) (use no_console_suspend to debug)
[   16.736587] Disabling non-boot CPUs ...
[   16.894006] Entering suspend state LP1
[   16.894020] Enabling non-boot CPUs ...
[   16.894374] CPU1 is up
[   16.894676] CPU2 is up
[   16.895024] CPU3 is up
[   16.895748] pcieport 0000:00:02.0: nv_msi_ht_cap_quirk didn't locate host bridge
[   16.895751] pcieport 0000:00:01.0: nv_msi_ht_cap_quirk didn't locate host bridge
[   16.929172] tegra-hdmi 54280000.hdmi: cannot set audio to 48000 Hz at 297000000 Hz pixel clock
[   17.093499] OOM killer enabled.
[   17.096628] Restarting tasks ... done.
[   17.175299] PM: suspend exit
root@(none):/# 
root@(none):/# [   17.255327] ata1: SATA link down (SStatus 0 SControl 300)
rtcwake -d rtc1 -m mem -s 3
rtcwake: assuming RTC uses UTC ...
rtcwake: wakeup from "mem" using /dev/rtc1 at Thu Jan  1 00:00:55 1970
[   17.507648] PM: suspend entry (deep)
[   17.511224] PM: Syncing filesystems ... done.
[   17.592143] Freezing user space processes ... (elapsed 0.001 seconds) done.
[   17.600291] OOM killer disabled.
[   17.603543] Freezing remaining freezable tasks ... (elapsed 0.001 seconds) done.
[   17.612343] Suspending console(s) (use no_console_suspend to debug)
[   17.796192] Disabling non-boot CPUs ...
[   17.953987] Entering suspend state LP1
[   17.954002] Enabling non-boot CPUs ...
[   17.954358] CPU1 is up
[   17.954662] CPU2 is up
[   17.955007] CPU3 is up
[   17.955725] pcieport 0000:00:01.0: nv_msi_ht_cap_quirk didn't locate host bridge
[   17.955727] pcieport 0000:00:02.0: nv_msi_ht_cap_quirk didn't locate host bridge
[   17.988964] tegra-hdmi 54280000.hdmi: cannot set audio to 48000 Hz at 297000000 Hz pixel clock
[   18.153381] OOM killer enabled.
[   18.156510] Restarting tasks ... done.
[   18.228484] PM: suspend exit
root@(none):/# 
root@(none):/# [   18.331840] ata1: SATA link down (SStatus 0 SControl 300)
rtcwake -d rtc1 -m mem -s 3
rtcwake: assuming RTC uses UTC ...
rtcwake: wakeup from "mem" using /dev/rtc1 at Thu Jan  1 00:00:59 1970
[   18.565580] PM: suspend entry (deep)
[   18.569160] PM: Syncing filesystems ... done.
[   18.603831] Freezing user space processes ... (elapsed 0.001 seconds) done.
[   18.611968] OOM killer disabled.
[   18.615195] Freezing remaining freezable tasks ... (elapsed 0.001 seconds) done.
[   18.623978] Suspending console(s) (use no_console_suspend to debug)
[   18.659177] pci_generic_config_write32: 166 callbacks suppressed
[   18.659183] pci_bus 0000:00: 2-byte config write to 0000:00:02.0 offset 0x9c may corrupt adjacent RW1C bits
[   18.659195] pci_bus 0000:00: 2-byte config write to 0000:00:01.0 offset 0x9c may corrupt adjacent RW1C bits
[   18.764788] pci_bus 0000:02: 2-byte config write to 0000:02:00.0 offset 0x44 may corrupt adjacent RW1C bits
[   18.792173] Disabling non-boot CPUs ...
[   18.951945] Entering suspend state LP1
[   18.951957] Enabling non-boot CPUs ...
[   18.952236] CPU1 is up
[   18.952453] CPU2 is up
[   18.952701] CPU3 is up
[   18.953138] pci_bus 0000:00: 2-byte config write to 0000:00:01.0 offset 0x4c may corrupt adjacent RW1C bits
[   18.953144] pci_bus 0000:00: 2-byte config write to 0000:00:02.0 offset 0x4c may corrupt adjacent RW1C bits
[   18.953154] pci_bus 0000:00: 2-byte config write to 0000:00:01.0 offset 0x88 may corrupt adjacent RW1C bits
[   18.953158] pci_bus 0000:00: 2-byte config write to 0000:00:02.0 offset 0x88 may corrupt adjacent RW1C bits
[   18.953162] pci_bus 0000:00: 2-byte config write to 0000:00:01.0 offset 0x90 may corrupt adjacent RW1C bits
[   18.953166] pci_bus 0000:00: 2-byte config write to 0000:00:02.0 offset 0x90 may corrupt adjacent RW1C bits
[   18.953171] pci_bus 0000:00: 2-byte config write to 0000:00:01.0 offset 0x98 may corrupt adjacent RW1C bits
[   18.953265] pcieport 0000:00:02.0: nv_msi_ht_cap_quirk didn't locate host bridge
[   18.953266] pcieport 0000:00:01.0: nv_msi_ht_cap_quirk didn't locate host bridge
[   18.997925] tegra-hdmi 54280000.hdmi: cannot set audio to 48000 Hz at 297000000 Hz pixel clock
[   19.256596] OOM killer enabled.
[   19.259733] Restarting tasks ... done.
[   19.324749] ata1: SATA link down (SStatus 0 SControl 300)
root@(none):/# 
[   19.332154] PM: suspend exit
root@(none):/# NVTB SYSTEM SUSPEND TEST COMPLETE
