
U-Boot SPL 2014.01-00219-gc4d376f (Feb 18 2014 - 19:57:32)


U-Boot 2014.01-00219-gc4d376f (Feb 18 2014 - 19:57:32)

TEGRA114
Board: NVIDIA Dalmore
I2C:   ready
DRAM:  2 GiB
MMC:   Tegra SD/MMC: 0, Tegra SD/MMC: 1
In:    serial
Out:   serial
Err:   serial
Net:   Net Initialization Skipped
No ethernet found.
Hit any key to stop autoboot:  2  0 
Tegra114 (Dalmore) # 
Tegra114 (Dalmore) # usb reset
(Re)start USB...
USB0:   USB EHCI 1.10
scanning bus 0 for devices... 2 USB Device(s) found
       scanning usb for storage devices... 0 Storage Device(s) found
       scanning usb for ethernet devices... 
Warning: asx0 using MAC address from net device
1 Ethernet Device(s) found
Tegra114 (Dalmore) # setenv bootargs 'ignore_loglevel console=ttyS0,115200n8 rw root=PARTUUID=7369c667-ff51-ec4a-29cd-baabf2fbe346 rootwait gpt debug earlyprintk init=/bin/bash'
Tegra114 (Dalmore) # setenv ipaddr 192.168.100.100; setenv serverip 192.168.100.1; setenv tftpserverip 192.168.100.1
Tegra114 (Dalmore) # tftpboot 0x81000000 zImage.multi_v7_defconfig
Using asx0 device
TFTP from server 192.168.100.1; our IP address is 192.168.100.100
Filename 'zImage.multi_v7_defconfig'.
Load address: 0x81000000
Loading: *#################################################################
	 #################################################################
	 #################################################################
	 #################################################################
	 #################################################################
	 #################################################################
	 #################################################################
	 ########
	 3.2 MiB/s
done
Bytes transferred = 6783272 (678128 hex)
Tegra114 (Dalmore) # tftpboot 0x82000000 tegra114-dalmore.dtb
Using asx0 device
TFTP from server 192.168.100.1; our IP address is 192.168.100.100
Filename 'tegra114-dalmore.dtb'.
Load address: 0x82000000
Loading: *###
	 3 MiB/s
done
Bytes transferred = 34894 (884e hex)
Tegra114 (Dalmore) # bootz 0x81000000 - 0x82000000
Kernel image @ 0x81000000 [ 0x000000 - 0x678128 ]
## Flattened Device Tree blob at 82000000
   Booting using the fdt blob at 0x82000000
   Loading Device Tree to 8fff4000, end 8ffff84d ... OK

Starting kernel ...

[    0.000000] Booting Linux on physical CPU 0x0
[    0.000000] Linux version 4.5.0-rc6-68590-gfc77dbd (pwalmsley@sellafield) (gcc version 4.7.3 20130328 (prerelease) (crosstool-NG linaro-1.13.1-4.7-2013.04-20130415 - Linaro GCC 2013.04) ) #1 SMP Sun Feb 28 09:04:57 PST 2016
[    0.000000] CPU: ARMv7 Processor [412fc0f2] revision 2 (ARMv7), cr=10c5387d
[    0.000000] CPU: div instructions available: patching division code
[    0.000000] CPU: PIPT / VIPT nonaliasing data cache, PIPT instruction cache
[    0.000000] Machine model: NVIDIA Tegra114 Dalmore evaluation board
[    0.000000] debug: ignoring loglevel setting.
[    0.000000] cma: Reserved 64 MiB at 0xfb800000
[    0.000000] Memory policy: Data cache writealloc
[    0.000000] On node 0 totalpages: 524032
[    0.000000] free_area_init_node: node 0, pgdat c1070740, node_mem_map eeff8000
[    0.000000]   DMA zone: 1536 pages used for memmap
[    0.000000]   DMA zone: 0 pages reserved
[    0.000000]   DMA zone: 196608 pages, LIFO batch:31
[    0.000000]   HighMem zone: 327424 pages, LIFO batch:31
[    0.000000] PERCPU: Embedded 12 pages/cpu @eefa3000 s18880 r8192 d22080 u49152
[    0.000000] pcpu-alloc: s18880 r8192 d22080 u49152 alloc=12*4096
[    0.000000] pcpu-alloc: [0] 0 [0] 1 [0] 2 [0] 3 
[    0.000000] Built 1 zonelists in Zone order, mobility grouping on.  Total pages: 522496
[    0.000000] Kernel command line: ignore_loglevel console=ttyS0,115200n8 rw root=PARTUUID=7369c667-ff51-ec4a-29cd-baabf2fbe346 rootwait gpt debug earlyprintk init=/bin/bash
[    0.000000] PID hash table entries: 4096 (order: 2, 16384 bytes)
[    0.000000] Dentry cache hash table entries: 131072 (order: 7, 524288 bytes)
[    0.000000] Inode-cache hash table entries: 65536 (order: 6, 262144 bytes)
[    0.000000] Memory: 1997892K/2096128K available (8499K kernel code, 1113K rwdata, 4044K rodata, 1100K init, 345K bss, 32700K reserved, 65536K cma-reserved, 1244160K highmem)
[    0.000000] Virtual kernel memory layout:
[    0.000000]     vector  : 0xffff0000 - 0xffff1000   (   4 kB)
[    0.000000]     fixmap  : 0xffc00000 - 0xfff00000   (3072 kB)
[    0.000000]     vmalloc : 0xf0800000 - 0xff800000   ( 240 MB)
[    0.000000]     lowmem  : 0xc0000000 - 0xf0000000   ( 768 MB)
[    0.000000]     pkmap   : 0xbfe00000 - 0xc0000000   (   2 MB)
[    0.000000]     modules : 0xbf000000 - 0xbfe00000   (  14 MB)
[    0.000000]       .text : 0xc0208000 - 0xc0e48d6c   (12548 kB)
[    0.000000]       .init : 0xc0e49000 - 0xc0f5c000   (1100 kB)
[    0.000000]       .data : 0xc0f5c000 - 0xc1072740   (1114 kB)
[    0.000000]        .bss : 0xc1075000 - 0xc10cb6e0   ( 346 kB)
[    0.000000] SLUB: HWalign=64, Order=0-3, MinObjects=0, CPUs=4, Nodes=1
[    0.000000] Hierarchical RCU implementation.
[    0.000000] 	Build-time adjustment of leaf fanout to 32.
[    0.000000] 	RCU restricting CPUs from NR_CPUS=16 to nr_cpu_ids=4.
[    0.000000] RCU: Adjusting geometry for rcu_fanout_leaf=32, nr_cpu_ids=4
[    0.000000] NR_IRQS:16 nr_irqs:16 16
[    0.000000] /interrupt-controller@60004000: 160 interrupts forwarded to /interrupt-controller@50041000
[    0.000000] L2C: failed to init: -19
[    0.000000] Tegra clk 127: register failed with -17
[    0.000008] sched_clock: 32 bits at 1000kHz, resolution 1000ns, wraps every 2147483647500ns
[    0.000026] clocksource: timer_us: mask: 0xffffffff max_cycles: 0xffffffff, max_idle_ns: 1911260446275 ns
[    0.000040] Switching to timer-based delay loop, resolution 1000ns
[    0.003101] Architected cp15 timer(s) running at 12.00MHz (virt).
[    0.003120] clocksource: arch_sys_counter: mask: 0xffffffffffffff max_cycles: 0x2c47f4ee7, max_idle_ns: 440795202497 ns
[    0.003139] sched_clock: 56 bits at 12MHz, resolution 83ns, wraps every 4398046511096ns
[    0.003153] Switching to timer-based delay loop, resolution 83ns
[    0.003535] Console: colour dummy device 80x30
[    0.003562] Calibrating delay loop (skipped), value calculated using timer frequency.. 24.00 BogoMIPS (lpj=60000)
[    0.003577] pid_max: default: 32768 minimum: 301
[    0.003685] Mount-cache hash table entries: 2048 (order: 1, 8192 bytes)
[    0.003697] Mountpoint-cache hash table entries: 2048 (order: 1, 8192 bytes)
[    0.004305] CPU: Testing write buffer coherency: ok
[    0.004521] /cpus/cpu@0 missing clock-frequency property
[    0.004550] /cpus/cpu@1 missing clock-frequency property
[    0.004578] /cpus/cpu@2 missing clock-frequency property
[    0.004608] /cpus/cpu@3 missing clock-frequency property
[    0.004621] CPU0: thread -1, cpu 0, socket 0, mpidr 80000000
[    0.004674] Setting up static identity map for 0x80209000 - 0x80209098
[    0.006946] Tegra Revision: A01 SKU: 0 CPU Process: 1 SoC Process: 0
[    0.008252] CPU1: thread -1, cpu 1, socket 0, mpidr 80000001
[    0.008895] CPU2: thread -1, cpu 2, socket 0, mpidr 80000002
[    0.009531] CPU3: thread -1, cpu 3, socket 0, mpidr 80000003
[    0.009598] Brought up 4 CPUs
[    0.009618] SMP: Total of 4 processors activated (96.00 BogoMIPS).
[    0.009626] CPU: All CPU(s) started in SVC mode.
[    0.011033] devtmpfs: initialized
[    0.021716] VFP support v0.3: implementor 41 architecture 4 part 30 variant f rev 0
[    0.022330] clocksource: jiffies: mask: 0xffffffff max_cycles: 0xffffffff, max_idle_ns: 9556302231375000 ns
[    0.023945] pinctrl core: initialized pinctrl subsystem
[    0.025598] NET: Registered protocol family 16
[    0.027789] DMA: preallocated 256 KiB pool for atomic coherent allocations
[    0.043159] cpuidle: using governor menu
[    0.057822] No ATAGs?
[    0.057858] hw-breakpoint: found 5 (+1 reserved) breakpoint and 4 watchpoint registers.
[    0.057868] hw-breakpoint: maximum watchpoint size is 8 bytes.
[    0.062938] Serial: AMBA PL011 UART driver
[    0.064234] tegra-mc 70019000.memory-controller: no memory timings for RAM code 3 registered
[    0.092886] dvdd_ts: Failed to request enable GPIO61: -517
[    0.093010] reg-fixed-voltage regulators:regulator@1: Failed to register regulator: -517
[    0.093233] usb1_vbus: Failed to request enable GPIO108: -517
[    0.093367] reg-fixed-voltage regulators:regulator@3: Failed to register regulator: -517
[    0.093590] usb2_vbus: Failed to request enable GPIO86: -517
[    0.093696] reg-fixed-voltage regulators:regulator@4: Failed to register regulator: -517
[    0.094217] VDD_5V0_HDMI_CON: Failed to request enable GPIO81: -517
[    0.094327] reg-fixed-voltage regulators:regulator@7: Failed to register regulator: -517
[    0.097441] vgaarb: loaded
[    0.098516] SCSI subsystem initialized
[    0.098703] libata version 3.00 loaded.
[    0.099020] usbcore: registered new interface driver usbfs
[    0.099087] usbcore: registered new interface driver hub
[    0.099164] usbcore: registered new device driver usb
[    0.102865] tps65090 2-0048: No cache defaults, reading back from HW
[    0.109055] genirq: Setting trigger mode 8 for irq 341 failed (irq_chip_set_type_parent+0x0/0x28)
[    0.109078] palmas 2-0058: Irq flag is 0x00000000
[    0.112287] palmas 2-0058: Muxing GPIO ff, PWM 0, LED 0
[    0.122016] sdhci-vdd-sd-slot: ramp_delay not set
[    0.146455] pps_core: LinuxPPS API ver. 1 registered
[    0.146465] pps_core: Software ver. 5.3.6 - Copyright 2005-2007 Rodolfo Giometti <giometti@linux.it>
[    0.146496] PTP clock support registered
[    0.146728] EDAC MC: Ver: 3.0.0
[    0.149237] clocksource: Switched to clocksource arch_sys_counter
[    0.160179] NET: Registered protocol family 2
[    0.160704] TCP established hash table entries: 8192 (order: 3, 32768 bytes)
[    0.160805] TCP bind hash table entries: 8192 (order: 4, 65536 bytes)
[    0.160991] TCP: Hash tables configured (established 8192 bind 8192)
[    0.161048] UDP hash table entries: 512 (order: 2, 16384 bytes)
[    0.161090] UDP-Lite hash table entries: 512 (order: 2, 16384 bytes)
[    0.161262] NET: Registered protocol family 1
[    0.161518] RPC: Registered named UNIX socket transport module.
[    0.161528] RPC: Registered udp transport module.
[    0.161535] RPC: Registered tcp transport module.
[    0.161543] RPC: Registered tcp NFSv4.1 backchannel transport module.
[    0.161562] PCI: CLS 0 bytes, default 64
[    0.163795] futex hash table entries: 1024 (order: 4, 65536 bytes)
[    0.176491] squashfs: version 4.0 (2009/01/31) Phillip Lougher
[    0.177421] NFS: Registering the id_resolver key type
[    0.177449] Key type id_resolver registered
[    0.177457] Key type id_legacy registered
[    0.177531] ntfs: driver 2.1.32 [Flags: R/O].
[    0.178967] bounce: pool size: 64 pages
[    0.179187] Block layer SCSI generic (bsg) driver version 0.4 loaded (major 249)
[    0.179205] io scheduler noop registered
[    0.179252] io scheduler deadline registered
[    0.179292] io scheduler cfq registered (default)
[    0.200903] vdd-lcd-bl: supplied by vdd_ac_bat
[    0.207660] tegra-apbdma 6000a000.dma: Tegra20 APB DMA driver register 32 channels
[    0.209286] tegra-pmc 7000e400.pmc: i2c-thermtrip node not found, emergency thermal reset disabled.
[    0.277025] Serial: 8250/16550 driver, 4 ports, IRQ sharing disabled
[    0.280128] console [ttyS0] disabled
[    0.280164] 70006300.serial: ttyS0 at MMIO 0x70006300 (irq = 329, base_baud = 25500000) is a Tegra
[    1.093984] console [ttyS0] enabled
[    1.098288] SuperH (H)SCI(F) driver initialized
[    1.103800] msm_serial: driver initialized
[    1.108113] STMicroelectronics ASC driver initialized
[    1.115540] [drm] Initialized drm 1.1.0 20060810
[    1.122174] tegra-hdmi 54280000.hdmi: failed to get HDMI regulator
[    1.128921] vdd-ao: supplied by vdd_ac_bat
[    1.133249] vddio-1v8: supplied by vdd-ao
[    1.137648] avdd-dsi-csi: supplied by vddio-1v8
[    1.145950] vdd-sys-3v3: supplied by vdd_ac_bat
[    1.150722] avdd-lcd: supplied by vdd-sys-3v3
[    1.166848] brd: module loaded
[    1.176191] loop: module loaded
[    1.186608] m25p80 spi32766.0: w25q32dw (4096 Kbytes)
[    1.195276] libphy: Fixed MDIO Bus: probed
[    1.200144] CAN device driver interface
[    1.205971] igb: Intel(R) Gigabit Ethernet Network Driver - version 5.3.0-k
[    1.212938] igb: Copyright (c) 2007-2014 Intel Corporation.
[    1.221574] pegasus: v0.9.3 (2013/04/25), Pegasus/Pegasus II USB Ethernet driver
[    1.229027] usbcore: registered new interface driver pegasus
[    1.234772] usbcore: registered new interface driver asix
[    1.240228] usbcore: registered new interface driver ax88179_178a
[    1.246375] usbcore: registered new interface driver cdc_ether
[    1.252280] usbcore: registered new interface driver smsc75xx
[    1.258098] usbcore: registered new interface driver smsc95xx
[    1.263897] usbcore: registered new interface driver net1080
[    1.269611] usbcore: registered new interface driver cdc_subset
[    1.275585] usbcore: registered new interface driver zaurus
[    1.281250] usbcore: registered new interface driver cdc_ncm
[    1.288814] ehci_hcd: USB 2.0 'Enhanced' Host Controller (EHCI) Driver
[    1.295357] ehci-pci: EHCI PCI platform driver
[    1.299856] ehci-platform: EHCI generic platform driver
[    1.305291] ehci-omap: OMAP-EHCI Host Controller driver
[    1.310663] ehci-orion: EHCI orion driver
[    1.314821] SPEAr-ehci: EHCI SPEAr driver
[    1.318968] ehci-st: EHCI STMicroelectronics driver
[    1.323996] ehci-exynos: EHCI EXYNOS driver
[    1.328345] ehci-atmel: EHCI Atmel driver
[    1.332505] tegra-ehci: Tegra EHCI driver
[    1.336854] ohci_hcd: USB 1.1 'Open' Host Controller (OHCI) Driver
[    1.343058] ohci-pci: OHCI PCI platform driver
[    1.347561] ohci-platform: OHCI generic platform driver
[    1.352954] ohci-omap3: OHCI OMAP3 driver
[    1.357112] SPEAr-ohci: OHCI SPEAr driver
[    1.361276] ohci-st: OHCI STMicroelectronics driver
[    1.366304] ohci-atmel: OHCI Atmel driver
[    1.370858] usbcore: registered new interface driver usb-storage
[    1.378425] mousedev: PS/2 mouse device common for all mice
[    1.389110] palmas-rtc 7000d000.i2c:tps65913@58:rtc: rtc core: registered 7000d000.i2c:tps659 as rtc0
[    1.400278] tegra_rtc 7000e000.rtc: rtc core: registered 7000e000.rtc as rtc1
[    1.407470] tegra_rtc 7000e000.rtc: Tegra internal Real Time Clock
[    1.414235] i2c /dev entries driver
[    1.421669] sbs-battery 0-000b: sbs_probe: Failed to get device status
[    1.428220] sbs-battery: probe of 0-000b failed with error -121
[    1.437304] vdd-sensor-2v85: supplied by vdd-sys-3v3
[    1.450552] sdhci: Secure Digital Host Controller Interface driver
[    1.456742] sdhci: Copyright(c) Pierre Ossman
[    1.462675] Synopsys Designware Multimedia Card Interface Driver
[    1.469832] sdhci-pltfm: SDHCI platform and OF driver helper
[    1.476269] sdhci-tegra 78000400.sdhci: Got CD GPIO
[    1.481176] sdhci-tegra 78000400.sdhci: Got WP GPIO
[    1.487256] mmc0: Invalid maximum block size, assuming 512 bytes
[    1.529489] mmc0: SDHCI controller on 78000400.sdhci [78000400.sdhci] using ADMA
[    1.537167] mmc1: Invalid maximum block size, assuming 512 bytes
[    1.579257] mmc1: SDHCI controller on 78000600.sdhci [78000600.sdhci] using ADMA
[    1.588253] ledtrig-cpu: registered to indicate activity on CPUs
[    1.594479] usbcore: registered new interface driver usbhid
[    1.600061] usbhid: USB HID core driver
[    1.608913] NET: Registered protocol family 10
[    1.614100] sit: IPv6 over IPv4 tunneling driver
[    1.619456] NET: Registered protocol family 17
[    1.623908] can: controller area network core (rev 20120528 abi 9)
[    1.630167] NET: Registered protocol family 29
[    1.634630] can: raw protocol (rev 20120528)
[    1.638899] can: broadcast manager protocol (rev 20120528 t)
[    1.644576] can: netlink gateway (rev 20130117) max_hops=1
[    1.650468] Key type dns_resolver registered
[    1.655393] ThumbEE CPU extension supported.
[    1.659693] Registering SWP/SWPB emulation handler
[    1.676519] vdd-sys-5v0: supplied by vdd_ac_bat
[    1.683353] VDD_5V0_HDMI_CON: supplied by vdd-sys-5v0
[    1.692020] vdd_hdmi_5v0: supplied by vdd-sys-5v0
[    1.702130] [drm] Supports vblank timestamp caching Rev 2 (21.10.2013).
[    1.708790] [drm] No driver support for vblank timestamp query.
[    1.728077] mmc1: MAN_BKOPS_EN bit is not set
[    1.740545] mmc1: new HS200 MMC card at address 0001
[    1.741378] mmcblk0: mmc1:0001 SEM32G 29.1 GiB 
[    1.741746] mmcblk0boot0: mmc1:0001 SEM32G partition 1 4.00 MiB
[    1.742582] mmcblk0boot1: mmc1:0001 SEM32G partition 2 4.00 MiB
[    1.743326] mmcblk0rpmb: mmc1:0001 SEM32G partition 3 4.00 MiB
[    1.760468]  mmcblk0: p1 p2 p3 p4 p5 p6 p7 p8
[    1.760695] mmc0: error -110 whilst initialising SD card
[    1.774991] Console: switching to colour frame buffer device 240x75
[    1.839828] drm drm: fb0:  frame buffer device
[    1.989361] [drm] Initialized tegra 0.0.0 20120330 on minor 0
[    1.996446] usb2_vbus: supplied by vdd-sys-5v0
[    2.003280] tegra-ehci 7d008000.usb: EHCI Host Controller
[    2.008762] tegra-ehci 7d008000.usb: new USB bus registered, assigned bus number 1
[    2.016733] tegra-ehci 7d008000.usb: irq 339, io mem 0x7d008000
[    2.029361] tegra-ehci 7d008000.usb: USB 2.0 started, EHCI 1.10
[    2.036609] hub 1-0:1.0: USB hub found
[    2.040477] hub 1-0:1.0: 1 port detected
[    2.046169] input: gpio-keys as /devices/soc0/gpio-keys/input/input0
[    2.053790] palmas-rtc 7000d000.i2c:tps65913@58:rtc: setting system clock to 2000-01-11 02:42:07 UTC (947558527)
[    2.077656] dvdd_ts: disabling
[    2.080771] usb1_vbus: disabling
[    2.084000] vdd_cam_1v8_reg: disabling
[    2.089634] EXT4-fs (mmcblk0p1): mounting ext3 file system using the ext4 subsystem
[    2.109586] EXT4-fs (mmcblk0p1): recovery complete
[    2.114409] EXT4-fs (mmcblk0p1): mounted filesystem with ordered data mode. Opts: (null)
[    2.122565] VFS: Mounted root (ext3 filesystem) on device 179:1.
[    2.130755] devtmpfs: mounted
[    2.134665] Freeing unused kernel memory: 1100K (c0e49000 - c0f5c000)
bash: cannot set terminal process group (-1): Inappropriate ioctl for device
bash: no job control in this shell
root@(none):/# [    2.354351] usb 1-1: new high-speed USB device number 2 using tegra-ehci
mount -t sysfs none /sys
[    3.298601] asix 1-1:1.0 eth0: register 'asix' at usb-7d008000.usb-1, ASIX AX88772 USB 2.0 Ethernet, 00:50:b6:0d:b5:16
root@(none):/# 
root@(none):/# mount -t debugfs none /sys/kernel/debug
root@(none):/# 
root@(none):/# rtcwake -d rtc1 -m mem -s 3
rtcwake: assuming RTC uses UTC ...
rtcwake: wakeup from "mem" using /dev/rtc1 at Thu Jan  1 00:00:20 1970
[    5.344614] PM: Syncing filesystems ... done.
[    5.372623] Freezing user space processes ... (elapsed 0.001 seconds) done.
[    5.380981] Freezing remaining freezable tasks ... (elapsed 0.001 seconds) done.
[    5.389872] Suspending console(s) (use no_console_suspend to debug)
[    5.438138] PM: suspend of devices complete after 40.637 msecs
[    5.440620] PM: late suspend of devices complete after 2.468 msecs
[    5.442630] PM: noirq suspend of devices complete after 2.000 msecs
[    5.442634] Disabling non-boot CPUs ...
[    5.443439] CPU1: shutdown
[    5.466820] CPU2: shutdown
[    5.491118] IRQ16 no longer affine to CPU3
[    5.491498] CPU3: shutdown
[    5.505436] Entering suspend state LP1
[    5.505460] Enabling non-boot CPUs ...
[    5.530884] CPU1 is up
[    5.556114] CPU2 is up
[    5.581431] CPU3 is up
[    5.582712] PM: noirq resume of devices complete after 1.271 msecs
[    5.585058] PM: early resume of devices complete after 1.913 msecs
[    5.686289] PM: resume of devices complete after 101.214 msecs
[    5.755099] Restarting tasks ... done.
root@(none):/# 
root@(none):/# rtcwake -d rtc1 -m mem -s 3
rtcwake: assuming RTC uses UTC ...
rtcwake: wakeup from "mem" using /dev/rtc1 at Thu Jan  1 00:00:29 1970
[    6.500940] PM: Syncing filesystems ... done.
[   10.050557] Freezing user space processes ... (elapsed 0.001 seconds) done.
[   10.058931] Freezing remaining freezable tasks ... (elapsed 0.001 seconds) done.
[   10.067695] Suspending console(s) (use no_console_suspend to debug)
[   10.116589] PM: suspend of devices complete after 41.235 msecs
[   10.119401] PM: late suspend of devices complete after 2.796 msecs
[   10.121512] PM: noirq suspend of devices complete after 2.098 msecs
[   10.121516] Disabling non-boot CPUs ...
[   10.121959] IRQ16 no longer affine to CPU1
[   10.122344] CPU1: shutdown
[   10.146784] CPU2: shutdown
[   10.176402] CPU3: shutdown
[   10.190422] Entering suspend state LP1
[   10.190446] Enabling non-boot CPUs ...
[   10.215843] CPU1 is up
[   10.241075] CPU2 is up
[   10.266367] CPU3 is up
[   10.267619] PM: noirq resume of devices complete after 1.241 msecs
[   10.270611] PM: early resume of devices complete after 2.544 msecs
[   10.366326] PM: resume of devices complete after 95.699 msecs
[   10.435055] Restarting tasks ... done.
root@(none):/# 
root@(none):/# rtcwake -d rtc1 -m mem -s 3
rtcwake: assuming RTC uses UTC ...
rtcwake: wakeup from "mem" using /dev/rtc1 at Thu Jan  1 00:00:40 1970
[   11.578461] PM: Syncing filesystems ... done.
[   14.724845] Freezing user space processes ... (elapsed 0.001 seconds) done.
[   14.733204] Freezing remaining freezable tasks ... (elapsed 0.001 seconds) done.
[   14.741957] Suspending console(s) (use no_console_suspend to debug)
[   14.791565] PM: suspend of devices complete after 41.949 msecs
[   14.794439] PM: late suspend of devices complete after 2.858 msecs
[   14.796567] PM: noirq suspend of devices complete after 2.114 msecs
[   14.796572] Disabling non-boot CPUs ...
[   14.797367] CPU1: shutdown
[   14.821753] CPU2: shutdown
[   14.846344] CPU3: shutdown
[   14.860382] Entering suspend state LP1
[   14.860406] Enabling non-boot CPUs ...
[   14.885805] CPU1 is up
[   14.911043] CPU2 is up
[   14.936344] CPU3 is up
[   14.937563] PM: noirq resume of devices complete after 1.208 msecs
[   14.940764] PM: early resume of devices complete after 2.769 msecs
[   15.036293] PM: resume of devices complete after 95.512 msecs
[   15.100932] Restarting tasks ... done.
root@(none):/# 
root@(none):/# rtcwake -d rtc1 -m mem -s 3
rtcwake: assuming RTC uses UTC ...
rtcwake: wakeup from "mem" using /dev/rtc1 at Thu Jan  1 00:00:50 1970
[   15.664718] PM: Syncing filesystems ... done.
[   19.389986] Freezing user space processes ... (elapsed 0.001 seconds) done.
[   19.398356] Freezing remaining freezable tasks ... (elapsed 0.001 seconds) done.
[   19.407056] Suspending console(s) (use no_console_suspend to debug)
