
U-Boot SPL 2015.04-rc3-00209-ga74ef40 (Mar 16 2015 - 14:43:39)


U-Boot 2015.04-rc3-00209-ga74ef40 (Mar 16 2015 - 14:43:39)

TEGRA20
Model: Compulab TrimSlice board
DRAM:  1 GiB
MMC:   Tegra SD/MMC: 0, Tegra SD/MMC: 1
SF: Detected W25Q80BL with page size 256 Bytes, erase size 4 KiB, total 1 MiB
tegra-pcie: PCI regions:
tegra-pcie:   I/O: 0x82000000-0x82010000
tegra-pcie:   non-prefetchable memory: 0xa0000000-0xa8000000
tegra-pcie:   prefetchable memory: 0xa8000000-0xc0000000
tegra-pcie: dual-mode configuration
tegra-pcie: probing port 0, using 2 lanes
In:    serial
Out:   serial
Err:   serial
Net:   RTL8169#0
Hit any key to stop autoboot:  2  0 
Tegra20 (TrimSlice) # 
Tegra20 (TrimSlice) # usb reset
resetting USB...
USB0:   USB EHCI 1.00
scanning bus 0 for devices... 3 USB Device(s) found
USB1:   USB EHCI 1.00
scanning bus 1 for devices... 1 USB Device(s) found
USB2:   lowlevel init failed
       scanning usb for storage devices... 0 Storage Device(s) found
       scanning usb for ethernet devices... 
Warning: asx0 using MAC address from net device
1 Ethernet Device(s) found
Tegra20 (TrimSlice) # setenv bootargs 'ignore_loglevel console=ttyS0,115200n8 rw root=PARTUUID=11eb23c1-01 rootwait gpt debug noinitrd earlyprintk init=/bin/bash'
Tegra20 (TrimSlice) # setenv ipaddr 192.168.100.103; setenv serverip 192.168.100.1; setenv tftpserverip 192.168.100.1
Tegra20 (TrimSlice) # tftpboot 0x00408000 zImage.multi_v7_defconfig
Using RTL8169#0 device
TFTP from server 192.168.100.1; our IP address is 192.168.100.103
Filename 'zImage.multi_v7_defconfig'.
Load address: 0x408000
Loading: *#################################################################
	 #################################################################
	 #################################################################
	 #################################################################
	 #################################################################
	 #################################################################
	 #################################################################
	 #################################################################
	 ##############################
	 4.1 MiB/s
done
Bytes transferred = 8061440 (7b0200 hex)
Tegra20 (TrimSlice) # tftpboot 0x02408000 tegra20-trimslice.dtb
Using RTL8169#0 device
TFTP from server 192.168.100.1; our IP address is 192.168.100.103
Filename 'tegra20-trimslice.dtb'.
Load address: 0x2408000
Loading: *##
	 2.9 MiB/s
done
Bytes transferred = 21160 (52a8 hex)
Tegra20 (TrimSlice) # bootz 0x00408000 - 0x02408000
Kernel image @ 0x408000 [ 0x000000 - 0x7b0200 ]
## Flattened Device Tree blob at 02408000
   Booting using the fdt blob at 0x2408000
   Using Device Tree in place at 02408000, end 024102a7

Starting kernel ...

[    0.000000] Booting Linux on physical CPU 0x0
[    0.000000] Linux version 4.15.0-rc2-333901-gae64f9bd1d36 (jonathanh@tamien) (gcc version 4.7.3 20130328 (prerelease) (crosstool-NG linaro-1.13.1-4.7-2013.04-20130415 - Linaro GCC 2013.04)) #1 SMP Mon Dec 4 14:01:38 PST 2017
[    0.000000] CPU: ARMv7 Processor [411fc090] revision 0 (ARMv7), cr=10c5387d
[    0.000000] CPU: PIPT / VIPT nonaliasing data cache, VIPT aliasing instruction cache
[    0.000000] OF: fdt: Machine model: Compulab TrimSlice board
[    0.000000] debug: ignoring loglevel setting.
[    0.000000] Memory policy: Data cache writealloc
[    0.000000] efi: Getting EFI parameters from FDT:
[    0.000000] efi: UEFI not found.
[    0.000000] cma: Reserved 64 MiB at 0x3c000000
[    0.000000] On node 0 totalpages: 262144
[    0.000000]   DMA zone: 1536 pages used for memmap
[    0.000000]   DMA zone: 0 pages reserved
[    0.000000]   DMA zone: 196608 pages, LIFO batch:31
[    0.000000]   HighMem zone: 65536 pages, LIFO batch:15
[    0.000000] random: fast init done
[    0.000000] percpu: Embedded 17 pages/cpu @(ptrval) s39040 r8192 d22400 u69632
[    0.000000] pcpu-alloc: s39040 r8192 d22400 u69632 alloc=17*4096
[    0.000000] pcpu-alloc: [0] 0 [0] 1 
[    0.000000] Built 1 zonelists, mobility grouping on.  Total pages: 260608
[    0.000000] Kernel command line: ignore_loglevel console=ttyS0,115200n8 rw root=PARTUUID=11eb23c1-01 rootwait gpt debug noinitrd earlyprintk init=/bin/bash
[    0.000000] Dentry cache hash table entries: 131072 (order: 7, 524288 bytes)
[    0.000000] Inode-cache hash table entries: 65536 (order: 6, 262144 bytes)
[    0.000000] Memory: 953376K/1048576K available (11264K kernel code, 1602K rwdata, 4296K rodata, 2048K init, 404K bss, 29664K reserved, 65536K cma-reserved, 196608K highmem)
[    0.000000] Virtual kernel memory layout:
[    0.000000]     vector  : 0xffff0000 - 0xffff1000   (   4 kB)
[    0.000000]     fixmap  : 0xffc00000 - 0xfff00000   (3072 kB)
[    0.000000]     vmalloc : 0xf0800000 - 0xff800000   ( 240 MB)
[    0.000000]     lowmem  : 0xc0000000 - 0xf0000000   ( 768 MB)
[    0.000000]     pkmap   : 0xbfe00000 - 0xc0000000   (   2 MB)
[    0.000000]     modules : 0xbf000000 - 0xbfe00000   (  14 MB)
[    0.000000]       .text : 0x(ptrval) - 0x(ptrval)   (12256 kB)
[    0.000000]       .init : 0x(ptrval) - 0x(ptrval)   (2048 kB)
[    0.000000]       .data : 0x(ptrval) - 0x(ptrval)   (1603 kB)
[    0.000000]        .bss : 0x(ptrval) - 0x(ptrval)   ( 405 kB)
[    0.000000] SLUB: HWalign=64, Order=0-3, MinObjects=0, CPUs=2, Nodes=1
[    0.000000] Hierarchical RCU implementation.
[    0.000000] 	RCU event tracing is enabled.
[    0.000000] 	RCU restricting CPUs from NR_CPUS=16 to nr_cpu_ids=2.
[    0.000000] RCU: Adjusting geometry for rcu_fanout_leaf=16, nr_cpu_ids=2
[    0.000000] NR_IRQS: 16, nr_irqs: 16, preallocated irqs: 16
[    0.000000] /interrupt-controller@60004000: 128 interrupts forwarded to /interrupt-controller@50041000
[    0.000000] L2C: platform modifies aux control register: 0x02080000 -> 0x3e480001
[    0.000000] L2C: DT/platform modifies aux control register: 0x02080000 -> 0x3e480001
[    0.000000] L2C-310 errata 727915 769419 enabled
[    0.000000] L2C-310 enabling early BRESP for Cortex-A9
[    0.000000] L2C-310: enabling full line of zeros but not enabled in Cortex-A9
[    0.000000] L2C-310 ID prefetch enabled, offset 1 lines
[    0.000000] L2C-310 cache controller enabled, 8 ways, 1024 kB
[    0.000000] L2C-310: CACHE_ID 0x410000c4, AUX_CTRL 0x7e480001
[    0.000010] sched_clock: 32 bits at 1000kHz, resolution 1000ns, wraps every 2147483647500ns
[    0.000026] clocksource: timer_us: mask: 0xffffffff max_cycles: 0xffffffff, max_idle_ns: 1911260446275 ns
[    0.000036] Switching to timer-based delay loop, resolution 1000ns
[    0.001636] Console: colour dummy device 80x30
[    0.001664] Calibrating delay loop (skipped), value calculated using timer frequency.. 2.00 BogoMIPS (lpj=10000)
[    0.001675] pid_max: default: 32768 minimum: 301
[    0.001755] Mount-cache hash table entries: 2048 (order: 1, 8192 bytes)
[    0.001766] Mountpoint-cache hash table entries: 2048 (order: 1, 8192 bytes)
[    0.002202] CPU: Testing write buffer coherency: ok
[    0.002411] CPU0: thread -1, cpu 0, socket 0, mpidr 80000000
[    0.002651] Setting up static identity map for 0x300000 - 0x3000a0
[    0.003310] Hierarchical SRCU implementation.
[    0.004166] Tegra Revision: A03 prime SKU: 8 CPU Process: 1 SoC Process: 2
[    0.004622] EFI services will not be available.
[    0.004719] smp: Bringing up secondary CPUs ...
[    0.005246] CPU1: thread -1, cpu 1, socket 0, mpidr 80000001
[    0.005333] smp: Brought up 1 node, 2 CPUs
[    0.005344] SMP: Total of 2 processors activated (4.00 BogoMIPS).
[    0.005349] CPU: All CPU(s) started in SVC mode.
[    0.006020] devtmpfs: initialized
[    0.009563] VFP support v0.3: implementor 41 architecture 3 part 30 variant 9 rev 1
[    0.009771] clocksource: jiffies: mask: 0xffffffff max_cycles: 0xffffffff, max_idle_ns: 19112604462750000 ns
[    0.009786] futex hash table entries: 512 (order: 3, 32768 bytes)
[    0.012817] pinctrl core: initialized pinctrl subsystem
[    0.013740] DMI not present or invalid.
[    0.013984] NET: Registered protocol family 16
[    0.016321] DMA: preallocated 256 KiB pool for atomic coherent allocations
[    0.017636] cpuidle: using governor menu
[    0.033238] No ATAGs?
[    0.033307] hw-breakpoint: found 5 (+1 reserved) breakpoint and 1 watchpoint registers.
[    0.033318] hw-breakpoint: maximum watchpoint size is 4 bytes.
[    0.037817] Serial: AMBA PL011 UART driver
[    0.048126] AT91: Could not find identification node
[    0.048643] usb1_vbus: Failed to request enable GPIO170: -517
[    0.048659] reg-fixed-voltage regulators:regulator@2: Failed to register regulator: -517
[    0.052337] vgaarb: loaded
[    0.052878] SCSI subsystem initialized
[    0.053006] libata version 3.00 loaded.
[    0.053169] usbcore: registered new interface driver usbfs
[    0.053205] usbcore: registered new interface driver hub
[    0.053243] usbcore: registered new device driver usb
[    0.055202] pps_core: LinuxPPS API ver. 1 registered
[    0.055209] pps_core: Software ver. 5.3.6 - Copyright 2005-2007 Rodolfo Giometti <giometti@linux.it>
[    0.055224] PTP clock support registered
[    0.055361] EDAC MC: Ver: 3.0.0
[    0.055604] dmi: Firmware registration failed.
[    0.057027] clocksource: Switched to clocksource timer_us
[    0.091967] NET: Registered protocol family 2
[    0.092382] TCP established hash table entries: 8192 (order: 3, 32768 bytes)
[    0.092457] TCP bind hash table entries: 8192 (order: 4, 65536 bytes)
[    0.092570] TCP: Hash tables configured (established 8192 bind 8192)
[    0.092687] UDP hash table entries: 512 (order: 2, 16384 bytes)
[    0.092740] UDP-Lite hash table entries: 512 (order: 2, 16384 bytes)
[    0.092894] NET: Registered protocol family 1
[    0.093195] RPC: Registered named UNIX socket transport module.
[    0.093203] RPC: Registered udp transport module.
[    0.093208] RPC: Registered tcp transport module.
[    0.093213] RPC: Registered tcp NFSv4.1 backchannel transport module.
[    0.093222] PCI: CLS 0 bytes, default 64
[    0.094020] hw perfevents: no interrupt-affinity property for /pmu, guessing.
[    0.094195] hw perfevents: enabled with armv7_cortex_a9 PMU driver, 7 counters available
[    0.095255] Initialise system trusted keyrings
[    0.095365] workingset: timestamp_bits=30 max_order=18 bucket_order=0
[    0.099665] squashfs: version 4.0 (2009/01/31) Phillip Lougher
[    0.100115] NFS: Registering the id_resolver key type
[    0.100134] Key type id_resolver registered
[    0.100140] Key type id_legacy registered
[    0.100172] ntfs: driver 2.1.32 [Flags: R/O].
[    0.101309] Key type asymmetric registered
[    0.101317] Asymmetric key parser 'x509' registered
[    0.101353] bounce: pool size: 64 pages
[    0.101393] Block layer SCSI generic (bsg) driver version 0.4 loaded (major 247)
[    0.101401] io scheduler noop registered
[    0.101407] io scheduler deadline registered
[    0.101570] io scheduler cfq registered (default)
[    0.101578] io scheduler mq-deadline registered
[    0.101584] io scheduler kyber registered
[    0.113578] tegra-pcie 80003000.pcie: dual-mode configuration
[    0.114294] tegra-pcie 80003000.pcie: probing port 0, using 2 lanes
[    0.196810] tegra-pcie 80003000.pcie: PCI host bridge to bus 0000:00
[    0.196822] pci_bus 0000:00: root bus resource [io  0x0000-0xffff]
[    0.196831] pci_bus 0000:00: root bus resource [mem 0xa0000000-0xa7ffffff]
[    0.196839] pci_bus 0000:00: root bus resource [mem 0xa8000000-0xbfffffff pref]
[    0.196848] pci_bus 0000:00: root bus resource [bus 00-ff]
[    0.196876] pci 0000:00:01.0: [10de:0bf0] type 01 class 0x060000
[    0.196895] pci_bus 0000:00: 2-byte config write to 0000:00:01.0 offset 0x4 may corrupt adjacent RW1C bits
[    0.196906] pci_bus 0000:00: 2-byte config write to 0000:00:01.0 offset 0x4 may corrupt adjacent RW1C bits
[    0.196924] pci 0000:00:01.0: enabling Extended Tags
[    0.196935] pci_bus 0000:00: 2-byte config write to 0000:00:01.0 offset 0x88 may corrupt adjacent RW1C bits
[    0.196961] pci_bus 0000:00: 2-byte config write to 0000:00:01.0 offset 0x52 may corrupt adjacent RW1C bits
[    0.196985] pci 0000:00:01.0: PME# supported from D0 D1 D2 D3hot D3cold
[    0.196996] pci_bus 0000:00: 2-byte config write to 0000:00:01.0 offset 0x4c may corrupt adjacent RW1C bits
[    0.197170] pci_bus 0000:00: 2-byte config write to 0000:00:01.0 offset 0x3e may corrupt adjacent RW1C bits
[    0.197183] pci_bus 0000:00: 2-byte config write to 0000:00:01.0 offset 0x4 may corrupt adjacent RW1C bits
[    0.197193] pci_bus 0000:00: 1-byte config write to 0000:00:01.0 offset 0xc may corrupt adjacent RW1C bits
[    0.197200] PCI: bus0: Fast back to back transfers disabled
[    0.197209] pci 0000:00:01.0: bridge configuration invalid ([bus 00-00]), reconfiguring
[    0.197218] pci_bus 0000:00: 2-byte config write to 0000:00:01.0 offset 0x3e may corrupt adjacent RW1C bits
[    0.197228] pci_bus 0000:00: 2-byte config write to 0000:00:01.0 offset 0x3e may corrupt adjacent RW1C bits
[    0.197328] pci 0000:01:00.0: [10ec:8168] type 00 class 0x020000
[    0.197356] pci 0000:01:00.0: reg 0x10: [io  0x0000-0x00ff]
[    0.197380] pci 0000:01:00.0: reg 0x18: [mem 0x00000000-0x00000fff 64bit pref]
[    0.197398] pci 0000:01:00.0: reg 0x20: [mem 0x00000000-0x00003fff 64bit pref]
[    0.197412] pci 0000:01:00.0: reg 0x30: [mem 0x00000000-0x0001ffff pref]
[    0.197529] PCI: bus1: Fast back to back transfers disabled
[    0.197541] pci_bus 0000:01: busn_res: [bus 01-ff] end is updated to 01
[    0.197567] pci 0000:00:01.0: BAR 8: assigned [mem 0xa0000000-0xa00fffff]
[    0.197578] pci 0000:00:01.0: BAR 9: assigned [mem 0xa8000000-0xa80fffff 64bit pref]
[    0.197586] pci 0000:00:01.0: BAR 7: assigned [io  0x1000-0x1fff]
[    0.197598] pci 0000:01:00.0: BAR 6: assigned [mem 0xa0000000-0xa001ffff pref]
[    0.197608] pci 0000:01:00.0: BAR 4: assigned [mem 0xa8000000-0xa8003fff 64bit pref]
[    0.197624] pci 0000:01:00.0: BAR 2: assigned [mem 0xa8004000-0xa8004fff 64bit pref]
[    0.197640] pci 0000:01:00.0: BAR 0: assigned [io  0x1000-0x10ff]
[    0.197651] pci 0000:00:01.0: PCI bridge to [bus 01]
[    0.197659] pci 0000:00:01.0:   bridge window [io  0x1000-0x1fff]
[    0.197668] pci 0000:00:01.0:   bridge window [mem 0xa0000000-0xa00fffff]
[    0.197676] pci 0000:00:01.0:   bridge window [mem 0xa8000000-0xa80fffff 64bit pref]
[    0.197698] pci 0000:00:01.0: nv_msi_ht_cap_quirk didn't locate host bridge
[    0.197750] Disabling cpuidle LP2 state, since PCIe IRQs are in use
[    0.197785] pcieport 0000:00:01.0: enabling device (0140 -> 0143)
[    0.197966] pcieport 0000:00:01.0: Signaling PME with IRQ 295
[    0.203962] tegra-apbdma 6000a000.dma: Tegra20 APB DMA driver register 16 channels
[    0.247250] Serial: 8250/16550 driver, 4 ports, IRQ sharing disabled
[    0.249428] console [ttyS0] disabled
[    0.249465] 70006000.serial: ttyS0 at MMIO 0x70006000 (irq = 279, base_baud = 13500000) is a Tegra
[    1.321928] console [ttyS0] enabled
[    1.325994] SuperH (H)SCI(F) driver initialized
[    1.331270] msm_serial: driver initialized
[    1.335493] STMicroelectronics ASC driver initialized
[    1.344799] tegra-hdmi 54280000.hdmi: 54280000.hdmi supply hdmi not found, using dummy regulator
[    1.355880] [drm] Supports vblank timestamp caching Rev 2 (21.10.2013).
[    1.362496] [drm] No driver support for vblank timestamp query.
[    1.368440] [drm] Cannot find any crtc or sizes
[    1.373016] [drm] Initialized tegra 0.0.0 20120330 for drm on minor 0
[    1.381035] [drm] Cannot find any crtc or sizes
[    1.391174] brd: module loaded
[    1.399338] loop: module loaded
[    1.408462] m25p80 spi0.0: found s25fl008k, expected w25q80bl
[    1.414264] m25p80 spi0.0: s25fl008k (1024 Kbytes)
[    1.420977] libphy: Fixed MDIO Bus: probed
[    1.425766] CAN device driver interface
[    1.430284] bgmac_bcma: Broadcom 47xx GBit MAC driver loaded
[    1.436853] e1000e: Intel(R) PRO/1000 Network Driver - 3.2.6-k
[    1.442744] e1000e: Copyright(c) 1999 - 2015 Intel Corporation.
[    1.448711] igb: Intel(R) Gigabit Ethernet Network Driver - version 5.4.0-k
[    1.455653] igb: Copyright (c) 2007-2014 Intel Corporation.
[    1.461788] r8169 Gigabit Ethernet driver 2.3LK-NAPI loaded
[    1.467384] r8169 0000:01:00.0: enabling device (0140 -> 0143)
[    1.473240] r8169 0000:01:00.0 (unnamed net_device) (uninitialized): not PCI Express
[    1.481520] r8169 0000:01:00.0 eth0: RTL8168d/8111d at 0x4eb91691, 00:01:c0:13:7d:63, XID 081000c0 IRQ 286
[    1.491175] r8169 0000:01:00.0 eth0: jumbo features [frames: 9200 bytes, tx checksumming: ko]
[    1.501996] pegasus: v0.9.3 (2013/04/25), Pegasus/Pegasus II USB Ethernet driver
[    1.509444] usbcore: registered new interface driver pegasus
[    1.515123] usbcore: registered new interface driver asix
[    1.520550] usbcore: registered new interface driver ax88179_178a
[    1.526649] usbcore: registered new interface driver cdc_ether
[    1.532513] usbcore: registered new interface driver smsc75xx
[    1.538293] usbcore: registered new interface driver smsc95xx
[    1.544045] usbcore: registered new interface driver net1080
[    1.549739] usbcore: registered new interface driver cdc_subset
[    1.555664] usbcore: registered new interface driver zaurus
[    1.561276] usbcore: registered new interface driver cdc_ncm
[    1.567211] tegra-phy c5004000.usb-phy: no vbus regulator
[    1.573706] tegra-phy c5008000.usb-phy: no vbus regulator
[    1.580437] ehci_hcd: USB 2.0 'Enhanced' Host Controller (EHCI) Driver
[    1.586948] ehci-pci: EHCI PCI platform driver
[    1.591428] ehci-platform: EHCI generic platform driver
[    1.596789] ehci-orion: EHCI orion driver
[    1.600926] SPEAr-ehci: EHCI SPEAr driver
[    1.605021] ehci-st: EHCI STMicroelectronics driver
[    1.610000] ehci-exynos: EHCI EXYNOS driver
[    1.614282] ehci-atmel: EHCI Atmel driver
[    1.618391] tegra-ehci: Tegra EHCI driver
[    1.678006] ulpi_phy_power_on: ulpi write failed
[    1.682614] tegra-ehci c5004000.usb: Failed to power on the phy
[    1.688549] tegra-ehci: probe of c5004000.usb failed with error -110
[    1.697531] tegra-ehci c5008000.usb: EHCI Host Controller
[    1.702938] tegra-ehci c5008000.usb: new USB bus registered, assigned bus number 1
[    1.710660] tegra-ehci c5008000.usb: irq 290, io mem 0xc5008000
[    1.737046] tegra-ehci c5008000.usb: USB 2.0 started, EHCI 1.00
[    1.743492] hub 1-0:1.0: USB hub found
[    1.747275] hub 1-0:1.0: 1 port detected
[    1.751491] ohci_hcd: USB 1.1 'Open' Host Controller (OHCI) Driver
[    1.757684] ohci-pci: OHCI PCI platform driver
[    1.762156] ohci-platform: OHCI generic platform driver
[    1.767545] SPEAr-ohci: OHCI SPEAr driver
[    1.771644] ohci-st: OHCI STMicroelectronics driver
[    1.776604] ohci-atmel: OHCI Atmel driver
[    1.781198] usbcore: registered new interface driver usb-storage
[    1.790358] rtc-em3027 2-0056: rtc core: registered rtc-em3027 as rtc0
[    1.798008] tegra_rtc 7000e000.rtc: rtc core: registered 7000e000.rtc as rtc1
[    1.805160] tegra_rtc 7000e000.rtc: Tegra internal Real Time Clock
[    1.811745] i2c /dev entries driver
[    1.824670] sdhci: Secure Digital Host Controller Interface driver
[    1.830867] sdhci: Copyright(c) Pierre Ossman
[    1.836409] Synopsys Designware Multimedia Card Interface Driver
[    1.843478] sdhci-pltfm: SDHCI platform and OF driver helper
[    1.857173] mmc0: Invalid maximum block size, assuming 512 bytes
[    1.917207] mmc0: SDHCI controller on c8000000.sdhci [c8000000.sdhci] using ADMA
[    1.925088] sdhci-tegra c8000600.sdhci: Got CD GPIO
[    1.930153] sdhci-tegra c8000600.sdhci: Got WP GPIO
[    1.943876] mmc1: Invalid maximum block size, assuming 512 bytes
[    2.007608] mmc1: SDHCI controller on c8000600.sdhci [c8000600.sdhci] using ADMA
[    2.018556] ledtrig-cpu: registered to indicate activity on CPUs
[    2.024826] usbcore: registered new interface driver usbhid
[    2.030405] usbhid: USB HID core driver
[    2.037552] NET: Registered protocol family 10
[    2.042837] Segment Routing with IPv6
[    2.046543] sit: IPv6, IPv4 and MPLS over IPv4 tunneling driver
[    2.052875] NET: Registered protocol family 17
[    2.057339] can: controller area network core (rev 20170425 abi 9)
[    2.063554] NET: Registered protocol family 29
[    2.068003] can: raw protocol (rev 20170425)
[    2.072260] can: broadcast manager protocol (rev 20170425 t)
[    2.077918] can: netlink gateway (rev 20170425) max_hops=1
[    2.083669] Key type dns_resolver registered
[    2.088314] ThumbEE CPU extension supported.
[    2.092577] Registering SWP/SWPB emulation handler
[    2.097777] Loading compiled-in X.509 certificates
[    2.111282] utmi_phy_clk_enable: timeout waiting for phy to stabilize
[    2.117761] tegra-ehci c5000000.usb: EHCI Host Controller
[    2.123163] tegra-ehci c5000000.usb: new USB bus registered, assigned bus number 2
[    2.127046] usb 1-1: new high-speed USB device number 2 using tegra-ehci
[    2.137733] tegra-ehci c5000000.usb: irq 288, io mem 0xc5000000
[    2.156104] mmc1: new high speed SD card at address b368
[    2.162472] mmcblk1: mmc1:b368 NCard 1.83 GiB (ro)
[    2.170701]  mmcblk1: p1 p2
[    2.297193] tegra-ehci c5000000.usb: USB 2.0 started, EHCI 1.00
[    2.305445] hub 2-0:1.0: USB hub found
[    2.309478] hub 2-0:1.0: 1 port detected
[    2.316654] input: gpio-keys as /devices/soc0/gpio-keys/input/input0
[    2.324976] rtc-em3027 2-0056: hctosys: unable to read the hardware clock
[   2.332150] hub 1-1:1.0: USB hub found
[    2.335920] hub 1-1:1.0: 4 ports detected
[    2.340990] Waiting for root device PARTUUID=11eb23c1-01...
[    2.657182] usb 1-1.2: new high-speed USB device number 3 using tegra-ehci
[    3.194961] mmc0: host does not support reading read-only switch, assuming write-enable
[    3.204905] mmc0: new high speed SDHC card at address b368
[    3.210740] mmcblk0: mmc0:b368 NCard 3.70 GiB 
[    3.217130]  mmcblk0: p1
[    3.280581] asix 1-1.2:1.0 eth1: register 'asix' at usb-c5008000.usb-1.2, ASIX AX88772 USB 2.0 Ethernet, 00:60:6e:60:6c:68
[    3.297752] EXT4-fs (mmcblk0p1): mounting ext3 file system using the ext4 subsystem
[    3.537825] EXT4-fs (mmcblk0p1): recovery complete
[    3.614628] EXT4-fs (mmcblk0p1): mounted filesystem with ordered data mode. Opts: (null)
[    3.622888] VFS: Mounted root (ext3 filesystem) on device 179:17.
[    3.637719] devtmpfs: mounted
[    3.644342] Freeing unused kernel memory: 2048K
bash: cannot set terminal process group (-1): Inappropriate ioctl for device
bash: no job control in this shell
root@(none):/#  
root@(none):/# mount -t sysfs none /sys
root@(none):/# 
root@(none):/# mount -t debugfs none /sys/kernel/debug
root@(none):/# 
root@(none):/# rtcwake -d rtc1 -m mem -s 3
rtcwake: assuming RTC uses UTC ...
rtcwake: wakeup from "mem" using /dev/rtc1 at Thu Jan  1 00:00:32 1970
[   14.215093] PM: suspend entry (deep)
[   14.218796] PM: Syncing filesystems ... done.
[   14.225437] Freezing user space processes ... (elapsed 0.001 seconds) done.
[   14.233571] OOM killer disabled.
[   14.236787] Freezing remaining freezable tasks ... (elapsed 0.001 seconds) done.
[   14.245261] Suspending console(s) (use no_console_suspend to debug)
[   14.284123] pci_generic_config_write32: 20 callbacks suppressed
[   14.284165] pci_bus 0000:00: 2-byte config write to 0000:00:01.0 offset 0x9c may corrupt adjacent RW1C bits
[   14.306086] Disabling non-boot CPUs ...
[   14.350937] Entering suspend state LP1
[   14.350987] Enabling non-boot CPUs ...
[   14.352752] CPU1 is up
[   14.353570] pci_bus 0000:00: 2-byte config write to 0000:00:01.0 offset 0x4c may corrupt adjacent RW1C bits
[   14.353618] pci_bus 0000:00: 2-byte config write to 0000:00:01.0 offset 0x88 may corrupt adjacent RW1C bits
[   14.353649] pci_bus 0000:00: 2-byte config write to 0000:00:01.0 offset 0x90 may corrupt adjacent RW1C bits
[   14.353678] pci_bus 0000:00: 2-byte config write to 0000:00:01.0 offset 0x98 may corrupt adjacent RW1C bits
[   14.353707] pci_bus 0000:00: 2-byte config write to 0000:00:01.0 offset 0x9c may corrupt adjacent RW1C bits
[   14.353792] pci_bus 0000:00: 2-byte config write to 0000:00:01.0 offset 0x52 may corrupt adjacent RW1C bits
[   14.353826] pci_bus 0000:00: 2-byte config write to 0000:00:01.0 offset 0x52 may corrupt adjacent RW1C bits
[   14.353859] pci_bus 0000:00: 2-byte config write to 0000:00:01.0 offset 0x5c may corrupt adjacent RW1C bits
[   14.353914] pci_bus 0000:00: 2-byte config write to 0000:00:01.0 offset 0x52 may corrupt adjacent RW1C bits
[   14.353998] pcieport 0000:00:01.0: nv_msi_ht_cap_quirk didn't locate host bridge
[   15.033756] OOM killer enabled.
[   15.036885] Restarting tasks ... done.
[   15.041446] PM: suspend exit
root@(none):/# 
root@(none):/# rtcwake -d rtc1 -m mem -s 3
rtcwake: assuming RTC uses UTC ...
rtcwake: wakeup from "mem" using /dev/rtc1 at Thu Jan  1 00:00:37 1970
[   15.928881] PM: suspend entry (deep)
[   15.932469] PM: Syncing filesystems ... done.
[   15.937950] Freezing user space processes ... (elapsed 0.001 seconds) done.
[   15.946097] OOM killer disabled.
[   15.949346] Freezing remaining freezable tasks ... (elapsed 0.001 seconds) done.
[   15.957848] Suspending console(s) (use no_console_suspend to debug)
[   16.016126] Disabling non-boot CPUs ...
[   16.049812] Entering suspend state LP1
[   16.049861] Enabling non-boot CPUs ...
[   16.051682] CPU1 is up
[   16.053240] pcieport 0000:00:01.0: nv_msi_ht_cap_quirk didn't locate host bridge
[   16.621208] OOM killer enabled.
[   16.624344] Restarting tasks ... done.
[   16.628696] PM: suspend exit
root@(none):/# 
root@(none):/# rtcwake -d rtc1 -m mem -s 3
rtcwake: assuming RTC uses UTC ...
rtcwake: wakeup from "mem" using /dev/rtc1 at Thu Jan  1 00:00:42 1970
[   17.627690] PM: suspend entry (deep)
[   17.631260] PM: Syncing filesystems ... done.
[   17.636921] Freezing user space processes ... (elapsed 0.001 seconds) done.
[   17.645069] OOM killer disabled.
[   17.648357] Freezing remaining freezable tasks ... (elapsed 0.001 seconds) done.
[   17.656920] Suspending console(s) (use no_console_suspend to debug)
[   17.716266] Disabling non-boot CPUs ...
[   17.749761] Entering suspend state LP1
[   17.749811] Enabling non-boot CPUs ...
[   17.751600] CPU1 is up
[   17.752970] pcieport 0000:00:01.0: nv_msi_ht_cap_quirk didn't locate host bridge
[   18.329012] OOM killer enabled.
[   18.332146] Restarting tasks ... done.
[   18.337027] PM: suspend exit
root@(none):/# 
root@(none):/# rtcwake -d rtc1 -m mem -s 3
rtcwake: assuming RTC uses UTC ...
rtcwake: wakeup from "mem" using /dev/rtc1 at Thu Jan  1 00:00:47 1970
[   19.329844] PM: suspend entry (deep)
[   19.333433] PM: Syncing filesystems ... done.
[   19.338960] Freezing user space processes ... (elapsed 0.001 seconds) done.
[   19.347112] OOM killer disabled.
[   19.350328] Freezing remaining freezable tasks ... (elapsed 0.001 seconds) done.
[   19.358842] Suspending console(s) (use no_console_suspend to debug)
[   19.402326] pci_generic_config_write32: 26 callbacks suppressed
[   19.402368] pci_bus 0000:00: 2-byte config write to 0000:00:01.0 offset 0x9c may corrupt adjacent RW1C bits
[   19.425635] Disabling non-boot CPUs ...
[   19.459559] Entering suspend state LP1
[   19.459608] Enabling non-boot CPUs ...
[   19.461401] CPU1 is up
[   19.462620] pci_bus 0000:00: 2-byte config write to 0000:00:01.0 offset 0x4c may corrupt adjacent RW1C bits
[   19.462670] pci_bus 0000:00: 2-byte config write to 0000:00:01.0 offset 0x88 may corrupt adjacent RW1C bits
[   19.462700] pci_bus 0000:00: 2-byte config write to 0000:00:01.0 offset 0x90 may corrupt adjacent RW1C bits
[   19.462728] pci_bus 0000:00: 2-byte config write to 0000:00:01.0 offset 0x98 may corrupt adjacent RW1C bits
[   19.462756] pci_bus 0000:00: 2-byte config write to 0000:00:01.0 offset 0x9c may corrupt adjacent RW1C bits
[   19.462840] pci_bus 0000:00: 2-byte config write to 0000:00:01.0 offset 0x52 may corrupt adjacent RW1C bits
[   19.462872] pci_bus 0000:00: 2-byte config write to 0000:00:01.0 offset 0x52 may corrupt adjacent RW1C bits
[   19.462905] pci_bus 0000:00: 2-byte config write to 0000:00:01.0 offset 0x5c may corrupt adjacent RW1C bits
[   19.462937] pci_bus 0000:00: 2-byte config write to 0000:00:01.0 offset 0x52 may corrupt adjacent RW1C bits
[   19.463003] pcieport 0000:00:01.0: nv_msi_ht_cap_quirk didn't locate host bridge
[   20.140759] OOM killer enabled.
[   20.143888] Restarting tasks ... done.
[   20.148082] PM: suspend exit
root@(none):/# 
root@(none):/# rtcwake -d rtc1 -m mem -s 3
rtcwake: assuming RTC uses UTC ...
rtcwake: wakeup from "mem" using /dev/rtc1 at Thu Jan  1 00:00:52 1970
[   21.038942] PM: suspend entry (deep)
[   21.042531] PM: Syncing filesystems ... done.
[   21.048018] Freezing user space processes ... (elapsed 0.001 seconds) done.
[   21.056144] OOM killer disabled.
[   21.059392] Freezing remaining freezable tasks ... (elapsed 0.001 seconds) done.
[   21.067895] Suspending console(s) (use no_console_suspend to debug)
[   21.126225] Disabling non-boot CPUs ...
[   21.159637] Entering suspend state LP1
[   21.159687] Enabling non-boot CPUs ...
[   21.161584] CPU1 is up
[   21.162377] pcieport 0000:00:01.0: nv_msi_ht_cap_quirk didn't locate host bridge
[   21.738895] OOM killer enabled.
[   21.742029] Restarting tasks ... done.
[   21.746535] PM: suspend exit
root@(none):/# 
root@(none):/# rtcwake -d rtc1 -m mem -s 3
rtcwake: assuming RTC uses UTC ...
rtcwake: wakeup from "mem" using /dev/rtc1 at Thu Jan  1 00:00:57 1970
[   22.738141] PM: suspend entry (deep)
[   22.741742] PM: Syncing filesystems ... done.
[   22.747689] Freezing user space processes ... (elapsed 0.001 seconds) done.
[   22.755857] OOM killer disabled.
[   22.759107] Freezing remaining freezable tasks ... (elapsed 0.001 seconds) done.
[   22.767614] Suspending console(s) (use no_console_suspend to debug)
[   22.806335] Disabling non-boot CPUs ...
[   22.839465] Entering suspend state LP1
[   22.839514] Enabling non-boot CPUs ...
[   22.841298] CPU1 is up
[   22.842359] pcieport 0000:00:01.0: nv_msi_ht_cap_quirk didn't locate host bridge
[   23.410928] OOM killer enabled.
[   23.414063] Restarting tasks ... done.
[   23.418673] PM: suspend exit
root@(none):/# 
root@(none):/# rtcwake -d rtc1 -m mem -s 3
rtcwake: assuming RTC uses UTC ...
rtcwake: wakeup from "mem" using /dev/rtc1 at Thu Jan  1 00:01:02 1970
[   24.418156] PM: suspend entry (deep)
[   24.421756] PM: Syncing filesystems ... done.
[   24.427705] Freezing user space processes ... (elapsed 0.001 seconds) done.
[   24.435880] OOM killer disabled.
[   24.439128] Freezing remaining freezable tasks ... (elapsed 0.001 seconds) done.
[   24.447639] Suspending console(s) (use no_console_suspend to debug)
[   24.463379] pci_generic_config_write32: 26 callbacks suppressed
[   24.463420] pci_bus 0000:00: 2-byte config write to 0000:00:01.0 offset 0x9c may corrupt adjacent RW1C bits
[   24.489059] Disabling non-boot CPUs ...
[   24.529486] Entering suspend state LP1
[   24.529536] Enabling non-boot CPUs ...
[   24.531317] CPU1 is up
[   24.532072] pci_bus 0000:00: 2-byte config write to 0000:00:01.0 offset 0x4c may corrupt adjacent RW1C bits
[   24.532121] pci_bus 0000:00: 2-byte config write to 0000:00:01.0 offset 0x88 may corrupt adjacent RW1C bits
[   24.532151] pci_bus 0000:00: 2-byte config write to 0000:00:01.0 offset 0x90 may corrupt adjacent RW1C bits
[   24.532180] pci_bus 0000:00: 2-byte config write to 0000:00:01.0 offset 0x98 may corrupt adjacent RW1C bits
[   24.532207] pci_bus 0000:00: 2-byte config write to 0000:00:01.0 offset 0x9c may corrupt adjacent RW1C bits
[   24.532291] pci_bus 0000:00: 2-byte config write to 0000:00:01.0 offset 0x52 may corrupt adjacent RW1C bits
[   24.532324] pci_bus 0000:00: 2-byte config write to 0000:00:01.0 offset 0x52 may corrupt adjacent RW1C bits
[   24.532357] pci_bus 0000:00: 2-byte config write to 0000:00:01.0 offset 0x5c may corrupt adjacent RW1C bits
[   24.532388] pci_bus 0000:00: 2-byte config write to 0000:00:01.0 offset 0x52 may corrupt adjacent RW1C bits
[   24.532457] pcieport 0000:00:01.0: nv_msi_ht_cap_quirk didn't locate host bridge
[   25.201976] OOM killer enabled.
[   25.205105] Restarting tasks ... done.
[   25.209160] PM: suspend exit
root@(none):/# 
root@(none):/# rtcwake -d rtc1 -m mem -s 3
rtcwake: assuming RTC uses UTC ...
rtcwake: wakeup from "mem" using /dev/rtc1 at Thu Jan  1 00:01:07 1970
[   26.107141] PM: suspend entry (deep)
[   26.110741] PM: Syncing filesystems ... done.
[   26.116705] Freezing user space processes ... (elapsed 0.001 seconds) done.
[   26.124871] OOM killer disabled.
[   26.128124] Freezing remaining freezable tasks ... (elapsed 0.001 seconds) done.
[   26.136626] Suspending console(s) (use no_console_suspend to debug)
[   26.195959] Disabling non-boot CPUs ...
[   26.229319] Entering suspend state LP1
[   26.229367] Enabling non-boot CPUs ...
[   26.231142] CPU1 is up
[   26.232211] pcieport 0000:00:01.0: nv_msi_ht_cap_quirk didn't locate host bridge
[   26.810717] OOM killer enabled.
[   26.813853] Restarting tasks ... done.
[   26.818257] PM: suspend exit
root@(none):/# 
root@(none):/# rtcwake -d rtc1 -m mem -s 3
rtcwake: assuming RTC uses UTC ...
rtcwake: wakeup from "mem" using /dev/rtc1 at Thu Jan  1 00:01:12 1970
[   27.807706] PM: suspend entry (deep)
[   27.811307] PM: Syncing filesystems ... done.
[   27.817267] Freezing user space processes ... (elapsed 0.001 seconds) done.
[   27.825432] OOM killer disabled.
[   27.828682] Freezing remaining freezable tasks ... (elapsed 0.001 seconds) done.
[   27.837189] Suspending console(s) (use no_console_suspend to debug)
[   27.896362] Disabling non-boot CPUs ...
[   27.949342] Entering suspend state LP1
[   27.949391] Enabling non-boot CPUs ...
[   27.951175] CPU1 is up
[   27.952552] pcieport 0000:00:01.0: nv_msi_ht_cap_quirk didn't locate host bridge
[   28.520707] OOM killer enabled.
[   28.523842] Restarting tasks ... done.
[   28.528663] PM: suspend exit
root@(none):/# 
root@(none):/# rtcwake -d rtc1 -m mem -s 3
rtcwake: assuming RTC uses UTC ...
rtcwake: wakeup from "mem" using /dev/rtc1 at Thu Jan  1 00:01:17 1970
[   29.527881] PM: suspend entry (deep)
[   29.531481] PM: Syncing filesystems ... done.
[   29.537431] Freezing user space processes ... (elapsed 0.001 seconds) done.
[   29.545603] OOM killer disabled.
[   29.548851] Freezing remaining freezable tasks ... (elapsed 0.001 seconds) done.
[   29.557365] Suspending console(s) (use no_console_suspend to debug)
[   29.572190] pci_generic_config_write32: 26 callbacks suppressed
[   29.572232] pci_bus 0000:00: 2-byte config write to 0000:00:01.0 offset 0x9c may corrupt adjacent RW1C bits
[   29.595454] Disabling non-boot CPUs ...
[   29.629270] Entering suspend state LP1
[   29.629320] Enabling non-boot CPUs ...
[   29.631111] CPU1 is up
[   29.632476] pci_bus 0000:00: 2-byte config write to 0000:00:01.0 offset 0x4c may corrupt adjacent RW1C bits
[   29.632525] pci_bus 0000:00: 2-byte config write to 0000:00:01.0 offset 0x88 may corrupt adjacent RW1C bits
[   29.632585] pci_bus 0000:00: 2-byte config write to 0000:00:01.0 offset 0x90 may corrupt adjacent RW1C bits
[   29.632615] pci_bus 0000:00: 2-byte config write to 0000:00:01.0 offset 0x98 may corrupt adjacent RW1C bits
[   29.632643] pci_bus 0000:00: 2-byte config write to 0000:00:01.0 offset 0x9c may corrupt adjacent RW1C bits
[   29.632724] pci_bus 0000:00: 2-byte config write to 0000:00:01.0 offset 0x52 may corrupt adjacent RW1C bits
[   29.632759] pci_bus 0000:00: 2-byte config write to 0000:00:01.0 offset 0x52 may corrupt adjacent RW1C bits
[   29.632791] pci_bus 0000:00: 2-byte config write to 0000:00:01.0 offset 0x5c may corrupt adjacent RW1C bits
[   29.632822] pci_bus 0000:00: 2-byte config write to 0000:00:01.0 offset 0x52 may corrupt adjacent RW1C bits
[   29.632890] pcieport 0000:00:01.0: nv_msi_ht_cap_quirk didn't locate host bridge
[   30.311792] OOM killer enabled.
[   30.314921] Restarting tasks ... done.
[   30.319020] PM: suspend exit
root@(none):/# 
root@(none):/# NVTB SYSTEM SUSPEND TEST COMPLETE
