
U-Boot SPL 2014.07-00097-g772e173 (Jul 25 2014 - 20:02:52)


U-Boot 2014.07-00097-g772e173 (Jul 25 2014 - 20:02:52)

TEGRA124
Board: NVIDIA Jetson TK1
I2C:   ready
DRAM:  2 GiB
MMC:   Tegra SD/MMC: 0, Tegra SD/MMC: 1
In:    serial
Out:   serial
Err:   serial
Net:   Net Initialization Skipped
No ethernet found.
Hit any key to stop autoboot:  2  0 
Tegra124 (Jetson TK1) # 
Tegra124 (Jetson TK1) # usb reset
(Re)start USB...
USB0:   USB EHCI 1.10
scanning bus 0 for devices... 1 USB Device(s) found
USB1:   USB EHCI 1.10
scanning bus 1 for devices... 2 USB Device(s) found
       scanning usb for storage devices... 0 Storage Device(s) found
       scanning usb for ethernet devices... 
Warning: asx0 using MAC address from net device
1 Ethernet Device(s) found
Tegra124 (Jetson TK1) # setenv bootargs 'ignore_loglevel console=ttyS0,115200n8 rw root=/dev/mmcblk0p1 rootwait gpt debug noinitrd earlyprintk init=/bin/bash'
Tegra124 (Jetson TK1) # setenv ipaddr 192.168.100.102; setenv serverip 192.168.100.1; setenv tftpserverip 192.168.100.1
Tegra124 (Jetson TK1) # tftpboot 0x82000000 zImage.multi_v7_defconfig
Using asx0 device
TFTP from server 192.168.100.1; our IP address is 192.168.100.102
Filename 'zImage.multi_v7_defconfig'.
Load address: 0x82000000
Loading: *#################################################################
	 #################################################################
	 #################################################################
	 #################################################################
	 #################################################################
	 #################################################################
	 #################################################################
	 ########
	 3.2 MiB/s
done
Bytes transferred = 6783480 (6781f8 hex)
Tegra124 (Jetson TK1) # tftpboot 0x83000000 tegra124-jetson-tk1.dtb
Using asx0 device
TFTP from server 192.168.100.1; our IP address is 192.168.100.102
Filename 'tegra124-jetson-tk1.dtb'.
Load address: 0x83000000
Loading: *#####
	 2.9 MiB/s
done
Bytes transferred = 64138 (fa8a hex)
Tegra124 (Jetson TK1) # bootz 0x82000000 - 0x83000000
Kernel image @ 0x82000000 [ 0x000000 - 0x6781f8 ]
## Flattened Device Tree blob at 83000000
   Booting using the fdt blob at 0x83000000
   Using Device Tree in place at 83000000, end 83012a89

Starting kernel ...

[    0.000000] Booting Linux on physical CPU 0x0
[    0.000000] Linux version 4.5.0-69028-gb562e44 (pwalmsley@sellafield) (gcc version 4.7.3 20130328 (prerelease) (crosstool-NG linaro-1.13.1-4.7-2013.04-20130415 - Linaro GCC 2013.04) ) #1 SMP Mon Mar 14 07:34:43 PDT 2016
[    0.000000] CPU: ARMv7 Processor [413fc0f3] revision 3 (ARMv7), cr=10c5387d
[    0.000000] CPU: div instructions available: patching division code
[    0.000000] CPU: PIPT / VIPT nonaliasing data cache, PIPT instruction cache
[    0.000000] Machine model: NVIDIA Tegra124 Jetson TK1
[    0.000000] debug: ignoring loglevel setting.
[    0.000000] cma: Reserved 64 MiB at 0xfb800000
[    0.000000] Memory policy: Data cache writealloc
[    0.000000] On node 0 totalpages: 524032
[    0.000000] free_area_init_node: node 0, pgdat c1070740, node_mem_map eeff8000
[    0.000000]   DMA zone: 1536 pages used for memmap
[    0.000000]   DMA zone: 0 pages reserved
[    0.000000]   DMA zone: 196608 pages, LIFO batch:31
[    0.000000]   HighMem zone: 327424 pages, LIFO batch:31
[    0.000000] PERCPU: Embedded 12 pages/cpu @eef8f000 s18880 r8192 d22080 u49152
[    0.000000] pcpu-alloc: s18880 r8192 d22080 u49152 alloc=12*4096
[    0.000000] pcpu-alloc: [0] 0 [0] 1 [0] 2 [0] 3 
[    0.000000] Built 1 zonelists in Zone order, mobility grouping on.  Total pages: 522496
[    0.000000] Kernel command line: ignore_loglevel console=ttyS0,115200n8 rw root=/dev/mmcblk0p1 rootwait gpt debug noinitrd earlyprintk init=/bin/bash
[    0.000000] PID hash table entries: 4096 (order: 2, 16384 bytes)
[    0.000000] Dentry cache hash table entries: 131072 (order: 7, 524288 bytes)
[    0.000000] Inode-cache hash table entries: 65536 (order: 6, 262144 bytes)
[    0.000000] Memory: 1997784K/2096128K available (8503K kernel code, 1113K rwdata, 4044K rodata, 1096K init, 345K bss, 32808K reserved, 65536K cma-reserved, 1244160K highmem)
[    0.000000] Virtual kernel memory layout:
[    0.000000]     vector  : 0xffff0000 - 0xffff1000   (   4 kB)
[    0.000000]     fixmap  : 0xffc00000 - 0xfff00000   (3072 kB)
[    0.000000]     vmalloc : 0xf0800000 - 0xff800000   ( 240 MB)
[    0.000000]     lowmem  : 0xc0000000 - 0xf0000000   ( 768 MB)
[    0.000000]     pkmap   : 0xbfe00000 - 0xc0000000   (   2 MB)
[    0.000000]     modules : 0xbf000000 - 0xbfe00000   (  14 MB)
[    0.000000]       .text : 0xc0208000 - 0xc0e49d90   (12552 kB)
[    0.000000]       .init : 0xc0e4a000 - 0xc0f5c000   (1096 kB)
[    0.000000]       .data : 0xc0f5c000 - 0xc1072740   (1114 kB)
[    0.000000]        .bss : 0xc1075000 - 0xc10cb6e0   ( 346 kB)
[    0.000000] SLUB: HWalign=64, Order=0-3, MinObjects=0, CPUs=4, Nodes=1
[    0.000000] Hierarchical RCU implementation.
[    0.000000] 	Build-time adjustment of leaf fanout to 32.
[    0.000000] 	RCU restricting CPUs from NR_CPUS=16 to nr_cpu_ids=4.
[    0.000000] RCU: Adjusting geometry for rcu_fanout_leaf=32, nr_cpu_ids=4
[    0.000000] NR_IRQS:16 nr_irqs:16 16
[    0.000000] /interrupt-controller@60004000: 160 interrupts forwarded to /interrupt-controller@0,50041000
[    0.000000] L2C: failed to init: -19
[    0.000000] Tegra clk 127: register failed with -17
[    0.000008] sched_clock: 32 bits at 1000kHz, resolution 1000ns, wraps every 2147483647500ns
[    0.000033] clocksource: timer_us: mask: 0xffffffff max_cycles: 0xffffffff, max_idle_ns: 1911260446275 ns
[    0.000047] Switching to timer-based delay loop, resolution 1000ns
[    0.005117] Architected cp15 timer(s) running at 12.00MHz (virt).
[    0.005135] clocksource: arch_sys_counter: mask: 0xffffffffffffff max_cycles: 0x2c47f4ee7, max_idle_ns: 440795202497 ns
[    0.005152] sched_clock: 56 bits at 12MHz, resolution 83ns, wraps every 4398046511096ns
[    0.005164] Switching to timer-based delay loop, resolution 83ns
[    0.005600] Console: colour dummy device 80x30
[    0.005624] Calibrating delay loop (skipped), value calculated using timer frequency.. 24.00 BogoMIPS (lpj=60000)
[    0.005638] pid_max: default: 32768 minimum: 301
[    0.005749] Mount-cache hash table entries: 2048 (order: 1, 8192 bytes)
[    0.005761] Mountpoint-cache hash table entries: 2048 (order: 1, 8192 bytes)
[    0.006343] CPU: Testing write buffer coherency: ok
[    0.006563] /cpus/cpu@0 missing clock-frequency property
[    0.006602] /cpus/cpu@1 missing clock-frequency property
[    0.006638] /cpus/cpu@2 missing clock-frequency property
[    0.006676] /cpus/cpu@3 missing clock-frequency property
[    0.006687] CPU0: thread -1, cpu 0, socket 0, mpidr 80000000
[    0.006734] Setting up static identity map for 0x80209000 - 0x80209098
[    0.009807] Tegra Revision: A01 SKU: 129 CPU Process: 1 SoC Process: 1
[    0.011168] CPU1: thread -1, cpu 1, socket 0, mpidr 80000001
[    0.011766] CPU2: thread -1, cpu 2, socket 0, mpidr 80000002
[    0.012358] CPU3: thread -1, cpu 3, socket 0, mpidr 80000003
[    0.012422] Brought up 4 CPUs
[    0.012441] SMP: Total of 4 processors activated (96.00 BogoMIPS).
[    0.012448] CPU: All CPU(s) started in SVC mode.
[    0.013877] devtmpfs: initialized
[    0.031839] VFP support v0.3: implementor 41 architecture 4 part 30 variant f rev 0
[    0.032591] clocksource: jiffies: mask: 0xffffffff max_cycles: 0xffffffff, max_idle_ns: 9556302231375000 ns
[    0.034166] pinctrl core: initialized pinctrl subsystem
[    0.035908] NET: Registered protocol family 16
[    0.038000] DMA: preallocated 256 KiB pool for atomic coherent allocations
[    0.054926] cpuidle: using governor menu
[    0.072004] No ATAGs?
[    0.072041] hw-breakpoint: found 5 (+1 reserved) breakpoint and 4 watchpoint registers.
[    0.072051] hw-breakpoint: maximum watchpoint size is 8 bytes.
[    0.077925] Serial: AMBA PL011 UART driver
[    0.110773] +USB0_VBUS_SW: Failed to request enable GPIO108: -517
[    0.110888] reg-fixed-voltage regulators:regulator@7: Failed to register regulator: -517
[    0.111098] +5V_USB_HS: Failed to request enable GPIO109: -517
[    0.111203] reg-fixed-voltage regulators:regulator@8: Failed to register regulator: -517
[    0.111488] +1.05V_RUN_AVDD_HDMI_PLL: Failed to request enable GPIO63: -517
[    0.111592] reg-fixed-voltage regulators:regulator@11: Failed to register regulator: -517
[    0.111796] +5V_HDMI_CON: Failed to request enable GPIO86: -517
[    0.111900] reg-fixed-voltage regulators:regulator@12: Failed to register regulator: -517
[    0.112105] +5V_SATA: Failed to request enable GPIO242: -517
[    0.112208] reg-fixed-voltage regulators:regulator@13: Failed to register regulator: -517
[    0.112410] +12V_SATA: Failed to request enable GPIO242: -517
[    0.112513] reg-fixed-voltage regulators:regulator@14: Failed to register regulator: -517
[    0.116032] vgaarb: loaded
[    0.117071] SCSI subsystem initialized
[    0.117245] libata version 3.00 loaded.
[    0.117550] usbcore: registered new interface driver usbfs
[    0.117613] usbcore: registered new interface driver hub
[    0.117677] usbcore: registered new device driver usb
[    0.121373] pps_core: LinuxPPS API ver. 1 registered
[    0.121382] pps_core: Software ver. 5.3.6 - Copyright 2005-2007 Rodolfo Giometti <giometti@linux.it>
[    0.121411] PTP clock support registered
[    0.121645] EDAC MC: Ver: 3.0.0
[    0.124815] clocksource: Switched to clocksource arch_sys_counter
[    0.136348] NET: Registered protocol family 2
[    0.136865] TCP established hash table entries: 8192 (order: 3, 32768 bytes)
[    0.136963] TCP bind hash table entries: 8192 (order: 4, 65536 bytes)
[    0.137149] TCP: Hash tables configured (established 8192 bind 8192)
[    0.137201] UDP hash table entries: 512 (order: 2, 16384 bytes)
[    0.137243] UDP-Lite hash table entries: 512 (order: 2, 16384 bytes)
[    0.137413] NET: Registered protocol family 1
[    0.137658] RPC: Registered named UNIX socket transport module.
[    0.137667] RPC: Registered udp transport module.
[    0.137674] RPC: Registered tcp transport module.
[    0.137682] RPC: Registered tcp NFSv4.1 backchannel transport module.
[    0.137701] PCI: CLS 0 bytes, default 64
[    0.138696] hw perfevents: enabled with armv7_cortex_a15 PMU driver, 7 counters available
[    0.140267] futex hash table entries: 1024 (order: 4, 65536 bytes)
[    0.152570] squashfs: version 4.0 (2009/01/31) Phillip Lougher
[    0.153456] NFS: Registering the id_resolver key type
[    0.153485] Key type id_resolver registered
[    0.153493] Key type id_legacy registered
[    0.153567] ntfs: driver 2.1.32 [Flags: R/O].
[    0.154940] bounce: pool size: 64 pages
[    0.155151] Block layer SCSI generic (bsg) driver version 0.4 loaded (major 249)
[    0.155168] io scheduler noop registered
[    0.155184] io scheduler deadline registered
[    0.155221] io scheduler cfq registered (default)
[    0.175111] tegra-pcie 1003000.pcie-controller: 2x1, 1x1 configuration
[    0.175163] tegra-pcie 1003000.pcie-controller: Failed to get supply 'avddio-pex': -517
[    0.182568] tegra-apbdma 60020000.dma: Tegra20 APB DMA driver register 32 channels
[    0.184227] tegra-pmc 7000e400.pmc: emergency thermal reset enabled
[    0.248486] Serial: 8250/16550 driver, 4 ports, IRQ sharing disabled
[    0.251495] console [ttyS0] disabled
[    0.251529] 70006300.serial: ttyS0 at MMIO 0x70006300 (irq = 331, base_baud = 25500000) is a Tegra
[    1.068833] console [ttyS0] enabled
[    1.073220] SuperH (H)SCI(F) driver initialized
[    1.078794] msm_serial: driver initialized
[    1.083112] STMicroelectronics ASC driver initialized
[    1.090727] [drm] Initialized drm 1.1.0 20060810
[    1.097353] tegra-hdmi 54280000.hdmi: failed to get HDMI regulator
[    1.116541] brd: module loaded
[    1.125575] loop: module loaded
[    1.129094] at24 0-0056: 256 byte 24c02 EEPROM, writable, 8 bytes/write
[    1.137438] as3722 4-0040: AS3722 with revision 0x1 found
[    1.160708] +5V_SYS: supplied by +VDD_MUX
[    1.164753] +1.05V_RUN: supplied by +5V_SYS
[    1.169074] tegra-ahci 70027000.sata: Failed to get supply 'hvdd': -517
[    1.175745] tegra-ahci 70027000.sata: Failed to get regulators
[    1.187160] m25p80 spi32765.0: w25q32dw (4096 Kbytes)
[    1.195736] libphy: Fixed MDIO Bus: probed
[    1.200585] CAN device driver interface
[    1.206552] igb: Intel(R) Gigabit Ethernet Network Driver - version 5.3.0-k
[    1.213518] igb: Copyright (c) 2007-2014 Intel Corporation.
[    1.222379] pegasus: v0.9.3 (2013/04/25), Pegasus/Pegasus II USB Ethernet driver
[    1.229845] usbcore: registered new interface driver pegasus
[    1.235574] usbcore: registered new interface driver asix
[    1.241027] usbcore: registered new interface driver ax88179_178a
[    1.247178] usbcore: registered new interface driver cdc_ether
[    1.253082] usbcore: registered new interface driver smsc75xx
[    1.258900] usbcore: registered new interface driver smsc95xx
[    1.264699] usbcore: registered new interface driver net1080
[    1.270414] usbcore: registered new interface driver cdc_subset
[    1.276387] usbcore: registered new interface driver zaurus
[    1.282046] usbcore: registered new interface driver cdc_ncm
[    1.287977] tegra-phy 7d004000.usb-phy: no vbus regulator
[    1.295385] ehci_hcd: USB 2.0 'Enhanced' Host Controller (EHCI) Driver
[    1.301925] ehci-pci: EHCI PCI platform driver
[    1.306424] ehci-platform: EHCI generic platform driver
[    1.311876] ehci-omap: OMAP-EHCI Host Controller driver
[    1.317258] ehci-orion: EHCI orion driver
[    1.321433] SPEAr-ehci: EHCI SPEAr driver
[    1.325607] ehci-st: EHCI STMicroelectronics driver
[    1.330647] ehci-exynos: EHCI EXYNOS driver
[    1.335010] ehci-atmel: EHCI Atmel driver
[    1.339165] tegra-ehci: Tegra EHCI driver
[    1.343511] tegra-ehci 7d004000.usb: EHCI Host Controller
[    1.348940] tegra-ehci 7d004000.usb: new USB bus registered, assigned bus number 1
[    1.356690] tegra-ehci 7d004000.usb: irq 348, io mem 0x7d004000
[    1.369839] tegra-ehci 7d004000.usb: USB 2.0 started, EHCI 1.10
[    1.376614] hub 1-0:1.0: USB hub found
[    1.380412] hub 1-0:1.0: 1 port detected
[    1.384964] ohci_hcd: USB 1.1 'Open' Host Controller (OHCI) Driver
[    1.391166] ohci-pci: OHCI PCI platform driver
[    1.395667] ohci-platform: OHCI generic platform driver
[    1.401078] ohci-omap3: OHCI OMAP3 driver
[    1.405244] SPEAr-ohci: OHCI SPEAr driver
[    1.409406] ohci-st: OHCI STMicroelectronics driver
[    1.414442] ohci-atmel: OHCI Atmel driver
[    1.419063] usbcore: registered new interface driver usb-storage
[    1.426706] mousedev: PS/2 mouse device common for all mice
[    1.435840] as3722-rtc as3722-rtc: rtc core: registered as3722-rtc as rtc0
[    1.442726] as3722-rtc as3722-rtc: RTC interrupt 371
[    1.451117] tegra_rtc 7000e000.rtc: rtc core: registered 7000e000.rtc as rtc1
[    1.458311] tegra_rtc 7000e000.rtc: Tegra internal Real Time Clock
[    1.465128] i2c /dev entries driver
[    1.474748] 0-004c supply vcc not found, using dummy regulator
[    1.488612] sdhci: Secure Digital Host Controller Interface driver
[    1.494822] sdhci: Copyright(c) Pierre Ossman
[    1.500877] Synopsys Designware Multimedia Card Interface Driver
[    1.508107] sdhci-pltfm: SDHCI platform and OF driver helper
[    1.514562] sdhci-tegra 700b0400.sdhci: Got CD GPIO
[    1.519467] sdhci-tegra 700b0400.sdhci: Got WP GPIO
[    1.524400] mmc0: Unknown controller version (3). You may experience problems.
[    1.531926] mmc0: Unknown controller version (3). You may experience problems.
[    1.539311] mmc0: Invalid maximum block size, assuming 512 bytes
[    1.579837] mmc0: SDHCI controller on 700b0600.sdhci [700b0600.sdhci] using ADMA 64-bit
[    1.589541] ledtrig-cpu: registered to indicate activity on CPUs
[    1.595770] usbcore: registered new interface driver usbhid
[    1.601348] usbhid: USB HID core driver
[    1.613751] NET: Registered protocol family 10
[    1.618937] sit: IPv6 over IPv4 tunneling driver
[    1.624318] NET: Registered protocol family 17
[    1.628792] can: controller area network core (rev 20120528 abi 9)
[    1.635047] NET: Registered protocol family 29
[    1.639492] can: raw protocol (rev 20120528)
[    1.643779] can: broadcast manager protocol (rev 20120528 t)
[    1.649459] can: netlink gateway (rev 20130117) max_hops=1
[    1.655350] Key type dns_resolver registered
[    1.660284] ThumbEE CPU extension supported.
[    1.664563] Registering SWP/SWPB emulation handler
[    1.681695] tegra-pcie 1003000.pcie-controller: 2x1, 1x1 configuration
[    1.688650] +3.3V_SYS: supplied by +VDD_MUX
[    1.692949] +3.3V_LP0: supplied by +3.3V_SYS
[    1.697667] +1.35V_LP0(sd2): supplied by +5V_SYS
[    1.702426] +1.05V_RUN_AVDD: supplied by +1.35V_LP0(sd2)
[    1.709780] tegra-pcie 1003000.pcie-controller: probing port 0, using 2 lanes
[    1.720544] tegra-pcie 1003000.pcie-controller: Slot present pin change, signature: 00000008
[    1.759658] mmc0: MAN_BKOPS_EN bit is not set
[    1.777729] mmc0: new HS200 MMC card at address 0001
[    1.783643] mmcblk0: mmc0:0001 SEM16G 14.7 GiB 
[    1.788861] mmcblk0boot0: mmc0:0001 SEM16G partition 1 4.00 MiB
[    1.795740] mmcblk0boot1: mmc0:0001 SEM16G partition 2 4.00 MiB
[    1.802321] mmcblk0rpmb: mmc0:0001 SEM16G partition 3 4.00 MiB
[    1.811896] Primary GPT is invalid, using alternate GPT.
[    1.817256]  mmcblk0: p1 p2 p3 p4 p5 p6 p7 p8 p9
[    2.138072] tegra-pcie 1003000.pcie-controller: link 0 down, retrying
[    2.566976] tegra-pcie 1003000.pcie-controller: link 0 down, retrying
[    2.995871] tegra-pcie 1003000.pcie-controller: link 0 down, retrying
[    3.004454] tegra-pcie 1003000.pcie-controller: link 0 down, ignoring
[    3.010949] tegra-pcie 1003000.pcie-controller: probing port 1, using 1 lanes
[    3.020255] tegra-pcie 1003000.pcie-controller: Slot present pin change, signature: 00000000
[    3.440557] tegra-pcie 1003000.pcie-controller: link 1 down, retrying
[    3.869402] tegra-pcie 1003000.pcie-controller: link 1 down, retrying
[    4.298420] tegra-pcie 1003000.pcie-controller: link 1 down, retrying
[    4.307006] tegra-pcie 1003000.pcie-controller: link 1 down, ignoring
[    4.313715] tegra-pcie 1003000.pcie-controller: PCI host bridge to bus 0000:00
[    4.320953] pci_bus 0000:00: root bus resource [mem 0x13000000-0x1fffffff]
[    4.327835] pci_bus 0000:00: root bus resource [mem 0x20000000-0x3fffffff pref]
[    4.335146] pci_bus 0000:00: root bus resource [bus 00-ff]
[    4.340636] pci_bus 0000:00: root bus resource [io  0x1000-0xffff]
[    4.346845] PCI: bus0: Fast back to back transfers enabled
[    4.353289] +5V_HDMI_CON: supplied by +5V_SYS
[    4.357786] +1.05V_RUN_AVDD_HDMI_PLL: supplied by +1.05V_RUN
[    4.363605] +3.3V_RUN: supplied by +3.3V_SYS
[    4.367919] +3.3V_AVDD_HDMI_AP_GATED: supplied by +3.3V_RUN
[    4.375569] [drm] Supports vblank timestamp caching Rev 2 (21.10.2013).
[    4.382235] [drm] No driver support for vblank timestamp query.
[    4.485719] tegra-hdmi 54280000.hdmi: cannot set audio to 44100 at 297000000 pclk
[    4.637594] Console: switching to colour frame buffer device 512x135
[    4.732565] drm drm: fb0:  frame buffer device
[    4.749938] [drm] Initialized tegra 0.0.0 20120330 on minor 0
[    4.757103] +5V_SATA: supplied by +5V_SYS
[    4.761364] +12V_SATA: supplied by +VDD_MUX
[    4.766321] tegra-ahci 70027000.sata: AHCI 0001.0301 32 slots 2 ports 3 Gbps 0x1 impl platform mode
[    4.775397] tegra-ahci 70027000.sata: flags: 64bit ncq sntf pm led pio slum part sadm sds apst 
[    4.786681] scsi host0: tegra-ahci
[    4.791320] scsi host1: tegra-ahci
[    4.795135] ata1: SATA max UDMA/133 mmio [mem 0x70027000-0x70028fff] port 0x100 irq 341
[    4.803176] ata2: DUMMY
[    4.807168] +5V_USB_HS: supplied by +5V_SYS
[    4.812978] tegra-ehci 7d008000.usb: EHCI Host Controller
[    4.818434] tegra-ehci 7d008000.usb: new USB bus registered, assigned bus number 2
[    4.826239] tegra-ehci 7d008000.usb: irq 349, io mem 0x7d008000
[    4.839936] tegra-ehci 7d008000.usb: USB 2.0 started, EHCI 1.10
[    4.847054] hub 2-0:1.0: USB hub found
[    4.850907] hub 2-0:1.0: 1 port detected
[    4.856443] cpu: dev_pm_opp_of_cpumask_add_table: couldn't find opp table for cpu:0, -19
[    4.864679] cpufreq: cpufreq_online: CPU0: Running at unlisted freq: 696000 KHz
[    4.872047] cpufreq: cpufreq_online: CPU0: Unlisted initial frequency changed to: 714000 KHz
[    4.881315] sdhci-tegra 700b0400.sdhci: Got CD GPIO
[    4.886222] sdhci-tegra 700b0400.sdhci: Got WP GPIO
[    4.891147] mmc1: Unknown controller version (3). You may experience problems.
[    4.898475] +VDDIO_SDMMC3: supplied by +3.3V_RUN
[    4.903166] mmc1: Invalid maximum block size, assuming 512 bytes
[    4.945093] mmc1: SDHCI controller on 700b0400.sdhci [700b0400.sdhci] using ADMA 64-bit
[    4.954664] input: gpio-keys as /devices/soc0/gpio-keys/input/input0
[    4.962005] as3722-rtc as3722-rtc: setting system clock to 2000-01-01 01:56:21 UTC (946691781)
[    4.974438] +1.8V_RUN_CAM: disabling
[    4.978224] +2.8V_RUN_CAM: disabling
[    4.982042] +1.2V_RUN_CAM_FRONT: disabling
[    4.986311] +1.05V_RUN_CAM_REAR: disabling
[    4.990574] +3.3V_RUN_TOUCH: disabling
[    4.994469] +2.8V_RUN_CAM_AF: disabling
[    4.998472] +1.8V_RUN_VPP_FUSE: disabling
[    5.002659] +USB0_VBUS_SW: disabling
[    5.117456] ata1: SATA link down (SStatus 0 SControl 300)
[    5.123847] EXT4-fs (mmcblk0p1): couldn't mount as ext3 due to feature incompatibilities
[    5.132580] EXT4-fs (mmcblk0p1): couldn't mount as ext2 due to feature incompatibilities
[    5.153881] EXT4-fs (mmcblk0p1): warning: mounting fs with errors, running e2fsck is recommended
[    5.165388] EXT4-fs (mmcblk0p1): recovery complete
[    5.170211] EXT4-fs (mmcblk0p1): mounted filesystem with ordered data mode. Opts: (null)
[    5.178321] VFS: Mounted root (ext4 filesystem) on device 179:1.
[    5.184431] usb 2-1: new high-speed USB device number 2 using tegra-ehci
[    5.195022] devtmpfs: mounted
[    5.198440] Freeing unused kernel memory: 1096K (c0e4a000 - c0f5c000)
bash: cannot set terminal process group (-1): Inappropriate ioctl for device
bash: no job control in this shell
root@(none):/#  USB 2.0 Ethernet, 00:50:b6:11:31:3b
mount -t sysfs none /sys
root@(none):/# 
root@(none):/# mount -t debugfs none /sys/kernel/debug
root@(none):/# 
root@(none):/# rtcwake -d rtc1 -m mem -s 3
rtcwake: assuming RTC uses UTC ...
rtcwake: wakeup from "mem" using /dev/rtc1 at Thu Jan  1 00:00:25 1970
[    8.441477] PM: Syncing filesystems ... done.
[    8.710671] Freezing user space processes ... (elapsed 0.001 seconds) done.
[    8.719155] Freezing remaining freezable tasks ... (elapsed 0.001 seconds) done.
[    8.727768] Suspending console(s) (use no_console_suspend to debug)
[    8.825219] PM: suspend of devices complete after 90.619 msecs
[    8.826333] PM: late suspend of devices complete after 1.105 msecs
[    8.827137] PM: noirq suspend of devices complete after 0.799 msecs
[    8.827138] Disabling non-boot CPUs ...
[    8.827486] CPU1: shutdown
[    8.840845] CPU2: shutdown
[    8.855564] IRQ16 no longer affine to CPU3
[    8.855748] CPU3: shutdown
[    8.870255] Entering suspend state LP1
[    8.870268] Enabling non-boot CPUs ...
[    8.895483] CPU1 is up
[    8.920527] CPU2 is up
[    8.945639] CPU3 is up
[    8.946188] PM: noirq resume of devices complete after 0.544 msecs
[    8.947931] PM: early resume of devices complete after 1.436 msecs
[    8.949856] tegra-hdmi 54280000.hdmi: cannot set audio to 44100 at 297000000 pclk
[    9.076535] PM: resume of devices complete after 128.593 msecs
[    9.151632] Restarting tasks ... done.
root@(none):/# 
root@(none):/# [    9.337574] ata1: SATA link down (SStatus 0 SControl 300)
rtcwake -d rtc1 -m mem -s 3
rtcwake: assuming RTC uses UTC ...
rtcwake: wakeup from "mem" using /dev/rtc1 at Thu Jan  1 00:00:30 1970
[   10.452956] PM: Syncing filesystems ... done.
[   10.561645] Freezing user space processes ... (elapsed 0.001 seconds) done.
[   10.570044] Freezing remaining freezable tasks ... (elapsed 0.001 seconds) done.
[   10.578889] Suspending console(s) (use no_console_suspend to debug)
[   10.695343] PM: suspend of devices complete after 108.548 msecs
[   10.698676] PM: late suspend of devices complete after 3.316 msecs
[   10.701138] PM: noirq suspend of devices complete after 2.450 msecs
[   10.701143] Disabling non-boot CPUs ...
[   10.701649] IRQ16 no longer affine to CPU1
[   10.702108] CPU1: shutdown
[   10.727901] CPU2: shutdown
[   10.752495] CPU3: shutdown
[   10.766230] Entering suspend state LP1
[   10.766244] Enabling non-boot CPUs ...
[   10.790531] CPU1 is up
[   10.815597] CPU2 is up
[   10.840724] CPU3 is up
[   10.841333] PM: noirq resume of devices complete after 0.603 msecs
[   10.843062] PM: early resume of devices complete after 1.420 msecs
[   10.845002] tegra-hdmi 54280000.hdmi: cannot set audio to 44100 at 297000000 pclk
[   10.976429] PM: resume of devices complete after 133.357 msecs
[   11.051623] Restarting tasks ... done.
root@(none):/# 
root@(none):/# [   11.232354] ata1: SATA link down (SStatus 0 SControl 300)
rtcwake -d rtc1 -m mem -s 3
rtcwake: assuming RTC uses UTC ...
rtcwake: wakeup from "mem" using /dev/rtc1 at Thu Jan  1 00:00:35 1970
[   12.350938] PM: Syncing filesystems ... done.
[   12.617318] Freezing user space processes ... (elapsed 0.001 seconds) done.
[   12.625819] Freezing remaining freezable tasks ... (elapsed 0.001 seconds) done.
[   12.634432] Suspending console(s) (use no_console_suspend to debug)
[   12.715224] PM: suspend of devices complete after 73.916 msecs
[   12.716786] PM: late suspend of devices complete after 1.554 msecs
[   12.717580] PM: noirq suspend of devices complete after 0.789 msecs
[   12.717581] Disabling non-boot CPUs ...
[   12.717960] CPU1: shutdown
[   12.730886] CPU2: shutdown
[   12.745556] IRQ16 no longer affine to CPU3
[   12.745748] CPU3: shutdown
[   12.760252] Entering suspend state LP1
[   12.760266] Enabling non-boot CPUs ...
[   12.785497] CPU1 is up
[   12.810557] CPU2 is up
[   12.835676] CPU3 is up
[   12.836268] PM: noirq resume of devices complete after 0.586 msecs
[   12.837800] PM: early resume of devices complete after 1.217 msecs
[   12.839958] tegra-hdmi 54280000.hdmi: cannot set audio to 44100 at 297000000 pclk
[   12.971521] PM: resume of devices complete after 133.711 msecs
[   13.046621] Restarting tasks ... done.
root@(none):/# 
root@(none):/# [   13.227473] ata1: SATA link down (SStatus 0 SControl 300)
rtcwake -d rtc1 -m mem -s 3
rtcwake: assuming RTC uses UTC ...
rtcwake: wakeup from "mem" using /dev/rtc1 at Thu Jan  1 00:00:40 1970
[   14.341735] PM: Syncing filesystems ... done.
[   14.476850] Freezing user space processes ... (elapsed 0.001 seconds) done.
[   14.485336] Freezing remaining freezable tasks ... (elapsed 0.001 seconds) done.
[   14.494344] Suspending console(s) (use no_console_suspend to debug)
[   14.585404] PM: suspend of devices complete after 82.778 msecs
[   14.589931] PM: late suspend of devices complete after 4.508 msecs
[   14.592812] PM: noirq suspend of devices complete after 2.866 msecs
[   14.592817] Disabling non-boot CPUs ...
[   14.593437] IRQ16 no longer affine to CPU1
[   14.594001] CPU1: shutdown
[   14.623591] CPU2: shutdown
[   14.648072] CPU3: shutdown
[   14.661551] Entering suspend state LP1
[   14.661565] Enabling non-boot CPUs ...
[   14.685495] CPU1 is up
[   14.710543] CPU2 is up
[   14.735674] CPU3 is up
[   14.736246] PM: noirq resume of devices complete after 0.566 msecs
[   14.737599] PM: early resume of devices complete after 1.032 msecs
[   14.739744] tegra-hdmi 54280000.hdmi: cannot set audio to 44100 at 297000000 pclk
[   14.871445] PM: resume of devices complete after 133.836 msecs
[   14.946576] Restarting tasks ... done.
root@(none):/# 
root@(none):/# [   15.127252] ata1: SATA link down (SStatus 0 SControl 300)
rtcwake -d rtc1 -m mem -s 3
rtcwake: assuming RTC uses UTC ...
rtcwake: wakeup from "mem" using /dev/rtc1 at Thu Jan  1 00:00:45 1970
[   16.251179] PM: Syncing filesystems ... done.
[   16.516932] Freezing user space processes ... (elapsed 0.001 seconds) done.
[   16.525454] Freezing remaining freezable tasks ... (elapsed 0.001 seconds) done.
[   16.534140] Suspending console(s) (use no_console_suspend to debug)
[   16.650191] PM: suspend of devices complete after 109.171 msecs
[   16.651468] PM: late suspend of devices complete after 1.268 msecs
[   16.652339] PM: noirq suspend of devices complete after 0.866 msecs
[   16.652340] Disabling non-boot CPUs ...
[   16.652546] IRQ16 no longer affine to CPU1
[   16.652726] CPU1: shutdown
[   16.665853] CPU2: shutdown
[   16.690707] CPU3: shutdown
[   16.705209] Entering suspend state LP1
[   16.705223] Enabling non-boot CPUs ...
[   16.730447] CPU1 is up
[   16.755513] CPU2 is up
[   16.780630] CPU3 is up
[   16.781217] PM: noirq resume of devices complete after 0.581 msecs
[   16.782698] PM: early resume of devices complete after 1.161 msecs
[   16.784785] tegra-hdmi 54280000.hdmi: cannot set audio to 44100 at 297000000 pclk
[   16.916387] PM: resume of devices complete after 133.680 msecs
[   16.991565] Restarting tasks ... done.
root@(none):/# 
root@(none):/# [   17.172171] ata1: SATA link down (SStatus 0 SControl 300)
rtcwake -d rtc1 -m mem -s 3
rtcwake: assuming RTC uses UTC ...
rtcwake: wakeup from "mem" using /dev/rtc1 at Thu Jan  1 00:00:50 1970
[   18.286213] PM: Syncing filesystems ... done.
[   18.554663] Freezing user space processes ... (elapsed 0.001 seconds) done.
[   18.563151] Freezing remaining freezable tasks ... (elapsed 0.001 seconds) done.
[   18.571810] Suspending console(s) (use no_console_suspend to debug)
[   18.655027] PM: suspend of devices complete after 76.302 msecs
[   18.656412] PM: late suspend of devices complete after 1.375 msecs
[   18.657372] PM: noirq suspend of devices complete after 0.955 msecs
[   18.657373] Disabling non-boot CPUs ...
[   18.657790] CPU1: shutdown
[   18.670941] CPU2: shutdown
[   18.695774] CPU3: shutdown
[   18.710231] Entering suspend state LP1
[   18.710244] Enabling non-boot CPUs ...
[   18.735447] CPU1 is up
[   18.760512] CPU2 is up
[   18.785643] CPU3 is up
[   18.786219] PM: noirq resume of devices complete after 0.570 msecs
[   18.787508] PM: early resume of devices complete after 0.979 msecs
[   18.789491] tegra-hdmi 54280000.hdmi: cannot set audio to 44100 at 297000000 pclk
[   18.921447] PM: resume of devices complete after 133.929 msecs
[   18.992462] Restarting tasks ... done.
root@(none):/# 
root@(none):/# [   19.177151] ata1: SATA link down (SStatus 0 SControl 300)
rtcwake -d rtc1 -m mem -s 3
rtcwake: assuming RTC uses UTC ...
rtcwake: wakeup from "mem" using /dev/rtc1 at Thu Jan  1 00:00:55 1970
[   20.302402] PM: Syncing filesystems ... done.
[   20.568377] Freezing user space processes ... (elapsed 0.001 seconds) done.
[   20.576889] Freezing remaining freezable tasks ... (elapsed 0.001 seconds) done.
[   20.585533] Suspending console(s) (use no_console_suspend to debug)
[   20.700179] PM: suspend of devices complete after 107.710 msecs
[   20.701340] PM: late suspend of devices complete after 1.155 msecs
[   20.702215] PM: noirq suspend of devices complete after 0.871 msecs
[   20.702217] Disabling non-boot CPUs ...
[   20.702453] IRQ16 no longer affine to CPU1
[   20.702647] CPU1: shutdown
[   20.715891] CPU2: shutdown
[   20.740742] CPU3: shutdown
[   20.755215] Entering suspend state LP1
[   20.755229] Enabling non-boot CPUs ...
[   20.780432] CPU1 is up
[   20.805496] CPU2 is up
[   20.830620] CPU3 is up
[   20.831202] PM: noirq resume of devices complete after 0.577 msecs
[   20.832878] PM: early resume of devices complete after 1.363 msecs
[   20.835072] tegra-hdmi 54280000.hdmi: cannot set audio to 44100 at 297000000 pclk
[   20.966415] PM: resume of devices complete after 133.528 msecs
[   21.041607] Restarting tasks ... done.
root@(none):/# 
root@(none):/# [   21.227227] ata1: SATA link down (SStatus 0 SControl 300)
rtcwake -d rtc1 -m mem -s 3
rtcwake: assuming RTC uses UTC ...
rtcwake: wakeup from "mem" using /dev/rtc1 at Thu Jan  1 00:01:00 1970
[   22.344377] PM: Syncing filesystems ... done.
[   22.610372] Freezing user space processes ... (elapsed 0.001 seconds) done.
[   22.618901] Freezing remaining freezable tasks ... (elapsed 0.001 seconds) done.
[   22.627532] Suspending console(s) (use no_console_suspend to debug)
[   22.745142] PM: suspend of devices complete after 110.706 msecs
[   22.746358] PM: late suspend of devices complete after 1.208 msecs
[   22.747257] PM: noirq suspend of devices complete after 0.895 msecs
[   22.747260] Disabling non-boot CPUs ...
[   22.747456] IRQ16 no longer affine to CPU1
[   22.747642] CPU1: shutdown
[   22.760769] CPU2: shutdown
[   22.785632] CPU3: shutdown
[   22.800141] Entering suspend state LP1
[   22.800155] Enabling non-boot CPUs ...
[   22.825395] CPU1 is up
[   22.850450] CPU2 is up
[   22.875571] CPU3 is up
[   22.876134] PM: noirq resume of devices complete after 0.558 msecs
[   22.877569] PM: early resume of devices complete after 1.129 msecs
[   22.879757] tegra-hdmi 54280000.hdmi: cannot set audio to 44100 at 297000000 pclk
[   23.011383] PM: resume of devices complete after 133.803 msecs
[   23.086593] Restarting tasks ... done.
root@(none):/# 
root@(none):/# [   23.267158] ata1: SATA link down (SStatus 0 SControl 300)
rtcwake -d rtc1 -m mem -s 3
rtcwake: assuming RTC uses UTC ...
rtcwake: wakeup from "mem" using /dev/rtc1 at Thu Jan  1 00:01:05 1970
[   24.390454] PM: Syncing filesystems ... done.
[   24.657170] Freezing user space processes ... (elapsed 0.001 seconds) done.
[   24.665680] Freezing remaining freezable tasks ... (elapsed 0.001 seconds) done.
[   24.674296] Suspending console(s) (use no_console_suspend to debug)
[   24.789911] PM: suspend of devices complete after 108.726 msecs
[   24.791189] PM: late suspend of devices complete after 1.269 msecs
[   24.792110] PM: noirq suspend of devices complete after 0.917 msecs
[   24.792112] Disabling non-boot CPUs ...
[   24.792308] IRQ16 no longer affine to CPU1
[   24.792496] CPU1: shutdown
[   24.805751] CPU2: shutdown
[   24.830606] CPU3: shutdown
[   24.845119] Entering suspend state LP1
[   24.845132] Enabling non-boot CPUs ...
[   24.870349] CPU1 is up
[   24.895415] CPU2 is up
[   24.920539] CPU3 is up
[   24.921097] PM: noirq resume of devices complete after 0.552 msecs
[   24.922359] PM: early resume of devices complete after 0.942 msecs
[   24.924352] tegra-hdmi 54280000.hdmi: cannot set audio to 44100 at 297000000 pclk
[   25.056373] PM: resume of devices complete after 134.005 msecs
[   25.131587] Restarting tasks ... done.
root@(none):/# 
root@(none):/# [   25.312172] ata1: SATA link down (SStatus 0 SControl 300)
rtcwake -d rtc1 -m mem -s 3
rtcwake: assuming RTC uses UTC ...
rtcwake: wakeup from "mem" using /dev/rtc1 at Thu Jan  1 00:01:10 1970
[   26.424924] PM: Syncing filesystems ... done.
[   26.603646] Freezing user space processes ... (elapsed 0.001 seconds) done.
[   26.612283] Freezing remaining freezable tasks ... (elapsed 0.001 seconds) done.
[   26.621422] Suspending console(s) (use no_console_suspend to debug)
[   26.711648] PM: suspend of devices complete after 81.301 msecs
[   26.716545] PM: late suspend of devices complete after 4.872 msecs
[   26.720505] PM: noirq suspend of devices complete after 3.942 msecs
[   26.720513] Disabling non-boot CPUs ...
[   26.722024] CPU1: shutdown
[   26.739742] CPU2: shutdown
[   26.764024] CPU3: shutdown
[   26.781910] Entering suspend state LP1
[   26.781924] Enabling non-boot CPUs ...
[   26.805351] CPU1 is up
[   26.830420] CPU2 is up
[   26.855550] CPU3 is up
[   26.856118] PM: noirq resume of devices complete after 0.562 msecs
[   26.857354] PM: early resume of devices complete after 0.917 msecs
[   26.859392] tegra-hdmi 54280000.hdmi: cannot set audio to 44100 at 297000000 pclk
[   26.991293] PM: resume of devices complete after 133.929 msecs
[   27.062313] Restarting tasks ... done.
root@(none):/# 
root@(none):/# [   27.247113] ata1: SATA link down (SStatus 0 SControl 300)
NVTB SYSTEM SUSPEND TEST COMPLETE
