
U-Boot SPL 2014.01-00219-gc4d376f (Feb 18 2014 - 19:57:32)


U-Boot 2014.01-00219-gc4d376f (Feb 18 2014 - 19:57:32)

TEGRA114
Board: NVIDIA Dalmore
I2C:   ready
DRAM:  2 GiB
MMC:   Tegra SD/MMC: 0, Tegra SD/MMC: 1
In:    serial
Out:   serial
Err:   serial
Net:   Net Initialization Skipped
No ethernet found.
Hit any key to stop autoboot:  2  0 
Tegra114 (Dalmore) # 
Tegra114 (Dalmore) # usb reset
(Re)start USB...
USB0:   USB EHCI 1.10
scanning bus 0 for devices... 2 USB Device(s) found
       scanning usb for storage devices... 0 Storage Device(s) found
       scanning usb for ethernet devices... 
Warning: asx0 using MAC address from net device
1 Ethernet Device(s) found
Tegra114 (Dalmore) # setenv bootargs 'ignore_loglevel console=ttyS0,115200n8 rw root=PARTUUID=7369c667-ff51-ec4a-29cd-baabf2fbe346 rootwait gpt debug earlyprintk init=/bin/bash'
Tegra114 (Dalmore) # setenv ipaddr 192.168.100.100; setenv serverip 192.168.100.1; setenv tftpserverip 192.168.100.1
Tegra114 (Dalmore) # tftpboot 0x81000000 zImage.multi_v7_defconfig
Using asx0 device
TFTP from server 192.168.100.1; our IP address is 192.168.100.100
Filename 'zImage.multi_v7_defconfig'.
Load address: 0x81000000
Loading: *#################################################################
	 #################################################################
	 #################################################################
	 #################################################################
	 #################################################################
	 #################################################################
	 #################################################################
	 #################################################################
	 ####################
	 3.1 MiB/s
done
Bytes transferred = 7916200 (78caa8 hex)
Tegra114 (Dalmore) # tftpboot 0x82000000 tegra114-dalmore.dtb
Using asx0 device
TFTP from server 192.168.100.1; our IP address is 192.168.100.100
Filename 'tegra114-dalmore.dtb'.
Load address: 0x82000000
Loading: *###
	 2.6 MiB/s
done
Bytes transferred = 35044 (88e4 hex)
Tegra114 (Dalmore) # bootz 0x81000000 - 0x82000000
Kernel image @ 0x81000000 [ 0x000000 - 0x78caa8 ]
## Flattened Device Tree blob at 82000000
   Booting using the fdt blob at 0x82000000
   Loading Device Tree to 8fff4000, end 8ffff8e3 ... OK

Starting kernel ...

[    0.000000] Booting Linux on physical CPU 0x0
[    0.000000] Linux version 4.12.0-rc6-172588-g41f1830 (jonathanh@sellafield) (gcc version 4.7.3 20130328 (prerelease) (crosstool-NG linaro-1.13.1-4.7-2013.04-20130415 - Linaro GCC 2013.04) ) #1 SMP Mon Jun 19 08:35:03 PDT 2017
[    0.000000] CPU: ARMv7 Processor [412fc0f2] revision 2 (ARMv7), cr=10c5387d
[    0.000000] CPU: div instructions available: patching division code
[    0.000000] CPU: PIPT / VIPT nonaliasing data cache, PIPT instruction cache
[    0.000000] OF: fdt: Machine model: NVIDIA Tegra114 Dalmore evaluation board
[    0.000000] debug: ignoring loglevel setting.
[    0.000000] Memory policy: Data cache writealloc
[    0.000000] efi: Getting EFI parameters from FDT:
[    0.000000] efi: UEFI not found.
[    0.000000] cma: Reserved 64 MiB at 0xfb800000
[    0.000000] On node 0 totalpages: 524032
[    0.000000] free_area_init_node: node 0, pgdat c157fd00, node_mem_map eeff8000
[    0.000000]   DMA zone: 1536 pages used for memmap
[    0.000000]   DMA zone: 0 pages reserved
[    0.000000]   DMA zone: 196608 pages, LIFO batch:31
[    0.000000]   HighMem zone: 327424 pages, LIFO batch:31
[    0.000000] percpu: Embedded 17 pages/cpu @eef98000 s39168 r8192 d22272 u69632
[    0.000000] pcpu-alloc: s39168 r8192 d22272 u69632 alloc=17*4096
[    0.000000] pcpu-alloc: [0] 0 [0] 1 [0] 2 [0] 3 
[    0.000000] Built 1 zonelists in Zone order, mobility grouping on.  Total pages: 522496
[    0.000000] Kernel command line: ignore_loglevel console=ttyS0,115200n8 rw root=PARTUUID=7369c667-ff51-ec4a-29cd-baabf2fbe346 rootwait gpt debug earlyprintk init=/bin/bash
[    0.000000] PID hash table entries: 4096 (order: 2, 16384 bytes)
[    0.000000] Dentry cache hash table entries: 131072 (order: 7, 524288 bytes)
[    0.000000] Inode-cache hash table entries: 65536 (order: 6, 262144 bytes)
[    0.000000] Memory: 1993540K/2096128K available (10240K kernel code, 1566K rwdata, 4384K rodata, 2048K init, 409K bss, 37052K reserved, 65536K cma-reserved, 1244160K highmem)
[    0.000000] Virtual kernel memory layout:
[    0.000000]     vector  : 0xffff0000 - 0xffff1000   (   4 kB)
[    0.000000]     fixmap  : 0xffc00000 - 0xfff00000   (3072 kB)
[    0.000000]     vmalloc : 0xf0800000 - 0xff800000   ( 240 MB)
[    0.000000]     lowmem  : 0xc0000000 - 0xf0000000   ( 768 MB)
[    0.000000]     pkmap   : 0xbfe00000 - 0xc0000000   (   2 MB)
[    0.000000]     modules : 0xbf000000 - 0xbfe00000   (  14 MB)
[    0.000000]       .text : 0xc0208000 - 0xc0d00000   (11232 kB)
[    0.000000]       .init : 0xc1200000 - 0xc1400000   (2048 kB)
[    0.000000]       .data : 0xc1400000 - 0xc1587970   (1567 kB)
[    0.000000]        .bss : 0xc1590ce0 - 0xc15f7498   ( 410 kB)
[    0.000000] SLUB: HWalign=64, Order=0-3, MinObjects=0, CPUs=4, Nodes=1
[    0.000000] Hierarchical RCU implementation.
[    0.000000] 	RCU debugfs-based tracing is enabled.
[    0.000000] 	RCU restricting CPUs from NR_CPUS=16 to nr_cpu_ids=4.
[    0.000000] RCU: Adjusting geometry for rcu_fanout_leaf=16, nr_cpu_ids=4
[    0.000000] NR_IRQS:16 nr_irqs:16 16
[    0.000000] /interrupt-controller@60004000: 160 interrupts forwarded to /interrupt-controller@50041000
[    0.000000] Tegra clk 127: register failed with -17
[    0.000009] sched_clock: 32 bits at 1000kHz, resolution 1000ns, wraps every 2147483647500ns
[    0.000028] clocksource: timer_us: mask: 0xffffffff max_cycles: 0xffffffff, max_idle_ns: 1911260446275 ns
[    0.000044] Switching to timer-based delay loop, resolution 1000ns
[    0.003101] arch_timer: cp15 timer(s) running at 12.00MHz (virt).
[    0.003121] clocksource: arch_sys_counter: mask: 0xffffffffffffff max_cycles: 0x2c47f4ee7, max_idle_ns: 440795202497 ns
[    0.003141] sched_clock: 56 bits at 12MHz, resolution 83ns, wraps every 4398046511096ns
[    0.003155] Switching to timer-based delay loop, resolution 83ns
[    0.003559] Console: colour dummy device 80x30
[    0.003589] Calibrating delay loop (skipped), value calculated using timer frequency.. 24.00 BogoMIPS (lpj=120000)
[    0.003608] pid_max: default: 32768 minimum: 301
[    0.003702] Mount-cache hash table entries: 2048 (order: 1, 8192 bytes)
[    0.003716] Mountpoint-cache hash table entries: 2048 (order: 1, 8192 bytes)
[    0.004220] CPU: Testing write buffer coherency: ok
[    0.004455] /cpus/cpu@0 missing clock-frequency property
[    0.004486] /cpus/cpu@1 missing clock-frequency property
[    0.004517] /cpus/cpu@2 missing clock-frequency property
[    0.004549] /cpus/cpu@3 missing clock-frequency property
[    0.004563] CPU0: thread -1, cpu 0, socket 0, mpidr 80000000
[    0.004860] Setting up static identity map for 0x80300000 - 0x803000a0
[    0.007373] Tegra Revision: A01 SKU: 0 CPU Process: 1 SoC Process: 0
[    0.007993] EFI services will not be available.
[    0.008232] smp: Bringing up secondary CPUs ...
[    0.008866] CPU1: thread -1, cpu 1, socket 0, mpidr 80000001
[    0.009576] CPU2: thread -1, cpu 2, socket 0, mpidr 80000002
[    0.010272] CPU3: thread -1, cpu 3, socket 0, mpidr 80000003
[    0.010360] smp: Brought up 1 node, 4 CPUs
[    0.010383] SMP: Total of 4 processors activated (96.00 BogoMIPS).
[    0.010393] CPU: All CPU(s) started in SVC mode.
[    0.011856] devtmpfs: initialized
[    0.020811] VFP support v0.3: implementor 41 architecture 4 part 30 variant f rev 0
[    0.021149] clocksource: jiffies: mask: 0xffffffff max_cycles: 0xffffffff, max_idle_ns: 19112604462750000 ns
[    0.021169] futex hash table entries: 1024 (order: 4, 65536 bytes)
[    0.022629] pinctrl core: initialized pinctrl subsystem
[    0.024378] NET: Registered protocol family 16
[    0.026578] DMA: preallocated 256 KiB pool for atomic coherent allocations
[    0.028698] cpuidle: using governor menu
[    0.051613] No ATAGs?
[    0.051741] hw-breakpoint: found 5 (+1 reserved) breakpoint and 4 watchpoint registers.
[    0.051758] hw-breakpoint: maximum watchpoint size is 8 bytes.
[    0.057229] Serial: AMBA PL011 UART driver
[    0.057969] tegra-mc 70019000.memory-controller: no memory timings for RAM code 3 registered
[    0.072781] AT91: Could not find identification node
[    0.073293] dvdd_ts: Failed to request enable GPIO61: -517
[    0.073315] reg-fixed-voltage regulators:regulator@1: Failed to register regulator: -517
[    0.073424] usb1_vbus: Failed to request enable GPIO108: -517
[    0.073439] reg-fixed-voltage regulators:regulator@3: Failed to register regulator: -517
[    0.073544] usb2_vbus: Failed to request enable GPIO86: -517
[    0.073559] reg-fixed-voltage regulators:regulator@4: Failed to register regulator: -517
[    0.073999] VDD_5V0_HDMI_CON: Failed to request enable GPIO81: -517
[    0.074015] reg-fixed-voltage regulators:regulator@7: Failed to register regulator: -517
[    0.076430] vgaarb: loaded
[    0.077172] SCSI subsystem initialized
[    0.077335] libata version 3.00 loaded.
[    0.077560] usbcore: registered new interface driver usbfs
[    0.077614] usbcore: registered new interface driver hub
[    0.077675] usbcore: registered new device driver usb
[    0.080867] tps65090 2-0048: No cache defaults, reading back from HW
[    0.082762] TPS65090_RAILSDCDC1: supplied by vdd_ac_bat
[    0.083844] TPS65090_RAILSDCDC2: supplied by vdd_ac_bat
[    0.084913] TPS65090_RAILSDCDC3: supplied by vdd_ac_bat
[    0.085442] TPS65090_RAILSFET1: supplied by vdd_ac_bat
[    0.085811] TPS65090_RAILSFET2: supplied by vdd_ac_bat
[    0.086169] TPS65090_RAILSFET3: supplied by vdd-sys-3v3
[    0.086688] TPS65090_RAILSFET4: supplied by vdd-sys-3v3
[    0.087216] TPS65090_RAILSFET5: supplied by vdd-sys-3v3
[    0.087735] TPS65090_RAILSFET6: supplied by vdd-sys-3v3
[    0.088572] TPS65090_RAILSFET7: supplied by vdd-sys-3v3
[    0.089100] TPS65090_RAILSLDO1: supplied by vdd_ac_bat
[    0.089309] TPS65090_RAILSLDO2: supplied by vdd_ac_bat
[    0.090207] palmas 2-0058: Irq flag is 0x00000004
[    0.092154] palmas 2-0058: Muxing GPIO ff, PWM 0, LED 0
[    0.094653] SMPS12: supplied by vdd-ao
[    0.095673] vdd_hdmi_5v0: supplied by vdd-sys-5v0
[    0.096484] SMPS3: supplied by vdd-ao
[    0.098215] SMPS457: supplied by vdd-sys-3v3
[    0.099859] SMPS6: supplied by regulator-dummy
[    0.101266] SMPS8: supplied by vdd-sys-3v3
[    0.101928] random: fast init done
[    0.102877] SMPS9: supplied by vdd-sys-3v3
[    0.103395] sdhci-vdd-sd-slot: Bringing 2840000uV into 2800000-2800000uV
[    0.104788] SMPS10_OUT2: supplied by regulator-dummy
[    0.105638] SMPS10_OUT1: supplied by regulator-dummy
[    0.106497] LDO1: supplied by vdd-sys-3v3
[    0.107615] LDO2: supplied by vdd-sys-3v3
[    0.108752] LDO3: supplied by vddio-1v8
[    0.109873] LDO4: supplied by vdd-sys-3v3
[    0.111001] LDO5: supplied by vdd_ac_bat
[    0.111697] LDO6: supplied by vdd-sys-3v3
[    0.112208] vdd-sensor-2v85: Bringing 2900000uV into 2850000-2850000uV
[    0.113575] LDO7: supplied by vdd-sys-3v3
[    0.115215] LDO8: supplied by vdd-ao
[    0.115741] vdd-rtc: Bringing 675000uV into 900000-900000uV
[    0.123851] LDO9: supplied by sdhci-vdd-sd-slot
[    0.134175] LDOLN: supplied by vdd-sys-5v0
[    0.135304] LDOUSB: supplied by vdd-sys-5v0
[    0.146487] pps_core: LinuxPPS API ver. 1 registered
[    0.146499] pps_core: Software ver. 5.3.6 - Copyright 2005-2007 Rodolfo Giometti <giometti@linux.it>
[    0.146524] PTP clock support registered
[    0.146707] EDAC MC: Ver: 3.0.0
[    0.148829] clocksource: Switched to clocksource arch_sys_counter
[    0.206978] NET: Registered protocol family 2
[    0.207496] TCP established hash table entries: 8192 (order: 3, 32768 bytes)
[    0.207597] TCP bind hash table entries: 8192 (order: 4, 65536 bytes)
[    0.207785] TCP: Hash tables configured (established 8192 bind 8192)
[    0.207873] UDP hash table entries: 512 (order: 2, 16384 bytes)
[    0.207918] UDP-Lite hash table entries: 512 (order: 2, 16384 bytes)
[    0.208073] NET: Registered protocol family 1
[    0.208401] RPC: Registered named UNIX socket transport module.
[    0.208413] RPC: Registered udp transport module.
[    0.208423] RPC: Registered tcp transport module.
[    0.208432] RPC: Registered tcp NFSv4.1 backchannel transport module.
[    0.208445] PCI: CLS 0 bytes, default 64
[    0.210883] workingset: timestamp_bits=30 max_order=19 bucket_order=0
[    0.219499] squashfs: version 4.0 (2009/01/31) Phillip Lougher
[    0.220204] NFS: Registering the id_resolver key type
[    0.220229] Key type id_resolver registered
[    0.220239] Key type id_legacy registered
[    0.220283] ntfs: driver 2.1.32 [Flags: R/O].
[    0.221962] bounce: pool size: 64 pages
[    0.222005] Block layer SCSI generic (bsg) driver version 0.4 loaded (major 248)
[    0.222018] io scheduler noop registered
[    0.222028] io scheduler deadline registered
[    0.222058] io scheduler cfq registered (default)
[    0.222069] io scheduler mq-deadline registered
[    0.222078] io scheduler kyber registered
[    0.251913] tegra-apbdma 6000a000.dma: Tegra20 APB DMA driver register 32 channels
[    0.254403] tegra-pmc 7000e400.pmc: i2c-thermtrip node not found, emergency thermal reset disabled.
[    0.309416] Serial: 8250/16550 driver, 4 ports, IRQ sharing disabled
[    0.312046] console [ttyS0] disabled
[    0.312088] 70006300.serial: ttyS0 at MMIO 0x70006300 (irq = 329, base_baud = 25500000) is a Tegra
[    1.309937] console [ttyS0] enabled
[    1.314150] SuperH (H)SCI(F) driver initialized
[    1.319582] msm_serial: driver initialized
[    1.323845] STMicroelectronics ASC driver initialized
[    1.334107] tegra-hdmi 54280000.hdmi: failed to get HDMI regulator
[    1.358157] brd: module loaded
[    1.368615] loop: module loaded
[    1.388236] m25p80 spi32766.0: w25q32dw (4096 Kbytes)
[    1.396188] libphy: Fixed MDIO Bus: probed
[    1.401360] CAN device driver interface
[    1.405984] bgmac_bcma: Broadcom 47xx GBit MAC driver loaded
[    1.412917] e1000e: Intel(R) PRO/1000 Network Driver - 3.2.6-k
[    1.418741] e1000e: Copyright(c) 1999 - 2015 Intel Corporation.
[    1.424721] igb: Intel(R) Gigabit Ethernet Network Driver - version 5.4.0-k
[    1.431689] igb: Copyright (c) 2007-2014 Intel Corporation.
[    1.440398] pegasus: v0.9.3 (2013/04/25), Pegasus/Pegasus II USB Ethernet driver
[    1.447829] usbcore: registered new interface driver pegasus
[    1.453545] usbcore: registered new interface driver asix
[    1.458988] usbcore: registered new interface driver ax88179_178a
[    1.465106] usbcore: registered new interface driver cdc_ether
[    1.470997] usbcore: registered new interface driver smsc75xx
[    1.476784] usbcore: registered new interface driver smsc95xx
[    1.482568] usbcore: registered new interface driver net1080
[    1.488251] usbcore: registered new interface driver cdc_subset
[    1.494213] usbcore: registered new interface driver zaurus
[    1.499850] usbcore: registered new interface driver cdc_ncm
[    1.507381] ehci_hcd: USB 2.0 'Enhanced' Host Controller (EHCI) Driver
[    1.513921] ehci-pci: EHCI PCI platform driver
[    1.518397] ehci-platform: EHCI generic platform driver
[    1.523810] ehci-orion: EHCI orion driver
[    1.527955] SPEAr-ehci: EHCI SPEAr driver
[    1.532112] ehci-st: EHCI STMicroelectronics driver
[    1.537106] ehci-exynos: EHCI EXYNOS driver
[    1.541439] ehci-atmel: EHCI Atmel driver
[    1.545566] tegra-ehci: Tegra EHCI driver
[    1.549876] ohci_hcd: USB 1.1 'Open' Host Controller (OHCI) Driver
[    1.556058] ohci-pci: OHCI PCI platform driver
[    1.560554] ohci-platform: OHCI generic platform driver
[    1.565916] ohci-omap3: OHCI OMAP3 driver
[    1.570066] SPEAr-ohci: OHCI SPEAr driver
[    1.574196] ohci-st: OHCI STMicroelectronics driver
[    1.579205] ohci-atmel: OHCI Atmel driver
[    1.583868] usbcore: registered new interface driver usb-storage
[    1.595501] palmas-rtc 7000d000.i2c:tps65913@58:rtc: rtc core: registered 7000d000.i2c:tps659 as rtc0
[    1.606527] tegra_rtc 7000e000.rtc: rtc core: registered 7000e000.rtc as rtc1
[    1.613712] tegra_rtc 7000e000.rtc: Tegra internal Real Time Clock
[    1.620381] i2c /dev entries driver
[    1.630062] sbs-battery 0-000b: sbs_probe: Failed to get device status
[    1.636597] sbs-battery: probe of 0-000b failed with error -121
[    1.652713] sdhci: Secure Digital Host Controller Interface driver
[    1.658911] sdhci: Copyright(c) Pierre Ossman
[    1.664642] Synopsys Designware Multimedia Card Interface Driver
[    1.671792] sdhci-pltfm: SDHCI platform and OF driver helper
[    1.678137] sdhci-tegra 78000400.sdhci: Got CD GPIO
[    1.683054] sdhci-tegra 78000400.sdhci: Got WP GPIO
[    1.696188] mmc0: Invalid maximum block size, assuming 512 bytes
[    1.758970] mmc0: SDHCI controller on 78000400.sdhci [78000400.sdhci] using ADMA
[    1.775630] mmc1: Invalid maximum block size, assuming 512 bytes
[    1.838873] mmc1: SDHCI controller on 78000600.sdhci [78000600.sdhci] using ADMA
[    1.848008] ledtrig-cpu: registered to indicate activity on CPUs
[    1.854411] usbcore: registered new interface driver usbhid
[    1.859996] usbhid: USB HID core driver
[    1.867424] NET: Registered protocol family 10
[    1.872807] Segment Routing with IPv6
[    1.876522] sit: IPv6, IPv4 and MPLS over IPv4 tunneling driver
[    1.883057] NET: Registered protocol family 17
[    1.887504] can: controller area network core (rev 20170425 abi 9)
[    1.893753] NET: Registered protocol family 29
[    1.898194] can: raw protocol (rev 20170425)
[    1.902482] can: broadcast manager protocol (rev 20170425 t)
[    1.908140] can: netlink gateway (rev 20170425) max_hops=1
[    1.913944] Key type dns_resolver registered
[    1.918781] ThumbEE CPU extension supported.
[    1.923073] Registering SWP/SWPB emulation handler
[    1.941615] usb1_vbus: supplied by vdd-sys-5v0
[    1.944384] mmc0: new high speed SDHC card at address aaaa
[    1.945560] mmcblk0: mmc0:aaaa SL16G 14.8 GiB 
[    1.957291] usb2_vbus: supplied by vdd-sys-5v0
[    1.965335] VDD_5V0_HDMI_CON: supplied by vdd-sys-5v0
[    1.971221]  mmcblk0: p1 p2 p3
[    1.981427] tegra-ehci 7d008000.usb: EHCI Host Controller
[    1.986871] tegra-ehci 7d008000.usb: new USB bus registered, assigned bus number 1
[    1.994705] tegra-ehci 7d008000.usb: irq 339, io mem 0x7d008000
[    1.995093] mmc1: new high speed MMC card at address 0001
[    1.996097] mmcblk1: mmc1:0001 SEM32G 29.1 GiB 
[    1.996947] mmcblk1boot0: mmc1:0001 SEM32G partition 1 4.00 MiB
[    1.997905] mmcblk1boot1: mmc1:0001 SEM32G partition 2 4.00 MiB
[    1.998669] mmcblk1rpmb: mmc1:0001 SEM32G partition 3 4.00 MiB
[    2.002810]  mmcblk1: p1 p2 p3 p4 p5 p6 p7 p8
[    2.058967] tegra-ehci 7d008000.usb: USB 2.0 started, EHCI 1.10
[    2.066029] hub 1-0:1.0: USB hub found
[    2.069899] hub 1-0:1.0: 1 port detected
[    2.075536] input: gpio-keys as /devices/soc0/gpio-keys/input/input0
[    2.084513] palmas-rtc 7000d000.i2c:tps65913@58:rtc: setting system clock to 2001-04-13 03:15:56 UTC (987131756)
[    2.095270] vdd_hdmi_5v0: disabling
[    2.105595] dvdd_ts: disabling
[    2.108656] usb1_vbus: disabling
[    2.111940] vdd_cam_1v8_reg: disabling
[    2.115698] VDD_5V0_HDMI_CON: disabling
[    2.121140] EXT4-fs (mmcblk1p1): mounting ext3 file system using the ext4 subsystem
[    2.144110] EXT4-fs (mmcblk1p1): recovery complete
[    2.148950] EXT4-fs (mmcblk1p1): mounted filesystem with ordered data mode. Opts: (null)
[    2.157079] VFS: Mounted root (ext3 filesystem) on device 179:17.
[    2.165792] devtmpfs: mounted
[    2.170675] Freeing unused kernel memory: 2048K
bash: cannot set terminal process group (-1): Inappropriate ioctl for device
bash: no job control in this shell
root@(none):/# [    2.428961] usb 1-1: new high-speed USB device number 2 using tegra-ehci
[    3.103566] asix 1-1:1.0 eth0: register 'asix' at usb-7d008000.usb-1, ASIX AX88772 USB 2.0 Ethernet, 00:50:b6:0d:b5:16
mount -t sysfs none /sys
root@(none):/# 
root@(none):/# mount -t debugfs none /sys/kernel/debug
root@(none):/# 
root@(none):/# rtcwake -d rtc1 -m mem -s 3
rtcwake: assuming RTC uses UTC ...
rtcwake: wakeup from "mem" using /dev/rtc1 at Thu Jan  1 00:00:20 1970
[    5.379415] PM: Syncing filesystems ... done.
[    5.385197] Freezing user space processes ... (elapsed 0.001 seconds) done.
[    5.393522] OOM killer disabled.
[    5.396747] Freezing remaining freezable tasks ... (elapsed 0.001 seconds) done.
[    5.405558] Suspending console(s) (use no_console_suspend to debug)
[    5.460647] PM: suspend of devices complete after 47.605 msecs
[    5.463835] PM: late suspend of devices complete after 3.172 msecs
[    5.466498] PM: noirq suspend of devices complete after 2.650 msecs
[    5.466504] Disabling non-boot CPUs ...
[    5.504619] IRQ17 no longer affine to CPU2
[    5.603503] Entering suspend state LP1
[    5.603503] Suspended for 7.784 seconds
[    5.603523] Enabling non-boot CPUs ...
[    5.632867] CPU1 is up
[    5.673023] CPU2 is up
[    5.713696] CPU3 is up
[    5.714841] PM: noirq resume of devices complete after 1.134 msecs
[    5.717761] PM: early resume of devices complete after 2.482 msecs
[    6.258445] PM: resume of devices complete after 540.667 msecs
[    6.322698] OOM killer enabled.
[    6.325833] Restarting tasks ... done.
root@(none):/# 
root@(none):/# rtcwake -d rtc1 -m mem -s 3
rtcwake: assuming RTC uses UTC ...
rtcwake: wakeup from "mem" using /dev/rtc1 at Thu Jan  1 00:00:30 1970
[    7.570170] PM: Syncing filesystems ... done.
[    7.575677] Freezing user space processes ... (elapsed 0.001 seconds) done.
[    7.584012] OOM killer disabled.
[    7.587236] Freezing remaining freezable tasks ... (elapsed 0.001 seconds) done.
[    7.596055] Suspending console(s) (use no_console_suspend to debug)
[    7.651205] PM: suspend of devices complete after 47.661 msecs
[    7.654359] PM: late suspend of devices complete after 3.137 msecs
[    7.656805] PM: noirq suspend of devices complete after 2.436 msecs
[    7.656810] Disabling non-boot CPUs ...
[    7.803304] Entering suspend state LP1
[    7.803304] Suspended for 8.383 seconds
[    7.803326] Enabling non-boot CPUs ...
[    7.832885] CPU1 is up
[    7.873006] CPU2 is up
[    7.913675] CPU3 is up
[    7.914838] PM: noirq resume of devices complete after 1.151 msecs
[    7.917419] PM: early resume of devices complete after 2.123 msecs
[    8.457987] PM: resume of devices complete after 540.548 msecs
[    8.518209] OOM killer enabled.
[    8.521357] Restarting tasks ... done.
root@(none):/# 
root@(none):/# rtcwake -d rtc1 -m mem -s 3
rtcwake: assuming RTC uses UTC ...
rtcwake: wakeup from "mem" using /dev/rtc1 at Thu Jan  1 00:00:40 1970
[    9.210718] PM: Syncing filesystems ... done.
[    9.216248] Freezing user space processes ... (elapsed 0.001 seconds) done.
[    9.224586] OOM killer disabled.
[    9.227810] Freezing remaining freezable tasks ... (elapsed 0.001 seconds) done.
[    9.236602] Suspending console(s) (use no_console_suspend to debug)
[    9.291145] PM: suspend of devices complete after 47.041 msecs
[    9.294041] PM: late suspend of devices complete after 2.880 msecs
[    9.296668] PM: noirq suspend of devices complete after 2.617 msecs
[    9.296673] Disabling non-boot CPUs ...
[    9.443300] Entering suspend state LP1
[    9.443300] Suspended for 7.776 seconds
[    9.443321] Enabling non-boot CPUs ...
[    9.472827] CPU1 is up
[    9.512954] CPU2 is up
[    9.553626] CPU3 is up
[    9.554776] PM: noirq resume of devices complete after 1.138 msecs
[    9.557185] PM: early resume of devices complete after 1.954 msecs
[   10.099406] PM: resume of devices complete after 542.204 msecs
[   10.159557] OOM killer enabled.
[   10.162691] Restarting tasks ... done.
root@(none):/# 
root@(none):/# rtcwake -d rtc1 -m mem -s 3
rtcwake: assuming RTC uses UTC ...
rtcwake: wakeup from "mem" using /dev/rtc1 at Thu Jan  1 00:00:50 1970
[   11.438519] PM: Syncing filesystems ... done.
[   11.444262] Freezing user space processes ... (elapsed 0.001 seconds) done.
[   11.452618] OOM killer disabled.
[   11.455842] Freezing remaining freezable tasks ... (elapsed 0.001 seconds) done.
[   11.464668] Suspending console(s) (use no_console_suspend to debug)
[   11.521291] PM: suspend of devices complete after 49.134 msecs
[   11.524139] PM: late suspend of devices complete after 2.832 msecs
[   11.526777] PM: noirq suspend of devices complete after 2.628 msecs
[   11.526783] Disabling non-boot CPUs ...
[   11.673235] Entering suspend state LP1
[   11.673235] Suspended for 8.353 seconds
[   11.673256] Enabling non-boot CPUs ...
[   11.702807] CPU1 is up
[   11.742922] CPU2 is up
[   11.783577] CPU3 is up
[   11.784712] PM: noirq resume of devices complete after 1.123 msecs
[   11.787157] PM: early resume of devices complete after 2.000 msecs
[   12.330242] PM: resume of devices complete after 543.066 msecs
[   12.390476] OOM killer enabled.
[   12.393610] Restarting tasks ... done.
root@(none):/# 
root@(none):/# rtcwake -d rtc1 -m mem -s 3
rtcwake: assuming RTC uses UTC ...
rtcwake: wakeup from "mem" using /dev/rtc1 at Thu Jan  1 00:01:00 1970
[   13.102314] PM: Syncing filesystems ... done.
[   13.107901] Freezing user space processes ... (elapsed 0.001 seconds) done.
[   13.116222] OOM killer disabled.
[   13.119511] Freezing remaining freezable tasks ... (elapsed 0.001 seconds) done.
[   13.128368] Suspending console(s) (use no_console_suspend to debug)
[   13.181062] PM: suspend of devices complete after 45.186 msecs
[   13.184250] PM: late suspend of devices complete after 3.173 msecs
[   13.186751] PM: noirq suspend of devices complete after 2.490 msecs
[   13.186756] Disabling non-boot CPUs ...
[   13.187257] IRQ17 no longer affine to CPU1
[   13.333204] Entering suspend state LP1
[   13.333204] Suspended for 7.756 seconds
[   13.333225] Enabling non-boot CPUs ...
[   13.362717] CPU1 is up
[   13.402857] CPU2 is up
[   13.443529] CPU3 is up
[   13.444656] PM: noirq resume of devices complete after 1.116 msecs
[   13.447073] PM: early resume of devices complete after 1.969 msecs
[   13.988380] PM: resume of devices complete after 541.290 msecs
[   14.052629] OOM killer enabled.
[   14.055764] Restarting tasks ... done.
root@(none):/# 
root@(none):/# rtcwake -d rtc1 -m mem -s 3
rtcwake: assuming RTC uses UTC ...
rtcwake: wakeup from "mem" using /dev/rtc1 at Thu Jan  1 00:01:10 1970
[   15.330316] PM: Syncing filesystems ... done.
[   15.336049] Freezing user space processes ... (elapsed 0.001 seconds) done.
[   15.344403] OOM killer disabled.
[   15.347626] Freezing remaining freezable tasks ... (elapsed 0.001 seconds) done.
[   15.356426] Suspending console(s) (use no_console_suspend to debug)
[   15.411064] PM: suspend of devices complete after 47.128 msecs
[   15.414246] PM: late suspend of devices complete after 3.165 msecs
[   15.416757] PM: noirq suspend of devices complete after 2.501 msecs
[   15.416762] Disabling non-boot CPUs ...
[   15.417272] IRQ17 no longer affine to CPU1
[   15.563200] Entering suspend state LP1
[   15.563200] Suspended for 8.353 seconds
[   15.563221] Enabling non-boot CPUs ...
[   15.592669] CPU1 is up
[   15.632817] CPU2 is up
[   15.673488] CPU3 is up
[   15.674636] PM: noirq resume of devices complete after 1.137 msecs
[   15.677069] PM: early resume of devices complete after 2.001 msecs
[   16.218653] PM: resume of devices complete after 541.564 msecs
[   16.282941] OOM killer enabled.
[   16.286076] Restarting tasks ... done.
root@(none):/# 
root@(none):/# rtcwake -d rtc1 -m mem -s 3
rtcwake: assuming RTC uses UTC ...
rtcwake: wakeup from "mem" using /dev/rtc1 at Thu Jan  1 00:01:20 1970
[   16.978044] PM: Syncing filesystems ... done.
[   16.983658] Freezing user space processes ... (elapsed 0.001 seconds) done.
[   16.992025] OOM killer disabled.
[   16.995248] Freezing remaining freezable tasks ... (elapsed 0.001 seconds) done.
[   17.003944] Suspending console(s) (use no_console_suspend to debug)
[   17.060548] PM: suspend of devices complete after 49.115 msecs
[   17.063439] PM: late suspend of devices complete after 2.875 msecs
[   17.066113] PM: noirq suspend of devices complete after 2.661 msecs
[   17.066119] Disabling non-boot CPUs ...
[   17.066639] IRQ17 no longer affine to CPU1
[   17.192357] Entering suspend state LP1
[   17.192357] Suspended for 7.787 seconds
[   17.192379] Enabling non-boot CPUs ...
[   17.223091] CPU1 is up
[   17.262758] CPU2 is up
[   17.303444] CPU3 is up
[   17.304567] PM: noirq resume of devices complete after 1.111 msecs
[   17.307428] PM: early resume of devices complete after 2.399 msecs
[   17.846550] PM: resume of devices complete after 539.105 msecs
[   17.910802] OOM killer enabled.
[   17.913938] Restarting tasks ... done.
root@(none):/# 
root@(none):/# rtcwake -d rtc1 -m mem -s 3
rtcwake: assuming RTC uses UTC ...
rtcwake: wakeup from "mem" using /dev/rtc1 at Thu Jan  1 00:01:30 1970
[   19.190714] PM: Syncing filesystems ... done.
[   19.196240] Freezing user space processes ... (elapsed 0.001 seconds) done.
[   19.204581] OOM killer disabled.
[   19.207805] Freezing remaining freezable tasks ... (elapsed 0.001 seconds) done.
[   19.216603] Suspending console(s) (use no_console_suspend to debug)
[   19.270885] PM: suspend of devices complete after 46.782 msecs
[   19.273798] PM: late suspend of devices complete after 2.897 msecs
[   19.276253] PM: noirq suspend of devices complete after 2.445 msecs
[   19.276259] Disabling non-boot CPUs ...
[   19.423110] Entering suspend state LP1
[   19.423110] Suspended for 8.352 seconds
[   19.423131] Enabling non-boot CPUs ...
[   19.452614] CPU1 is up
[   19.492751] CPU2 is up
[   19.533427] CPU3 is up
[   19.534575] PM: noirq resume of devices complete after 1.137 msecs
[   19.536928] PM: early resume of devices complete after 1.918 msecs
[   20.078136] PM: resume of devices complete after 541.190 msecs
[   20.138387] OOM killer enabled.
[   20.141536] Restarting tasks ... done.
root@(none):/# 
root@(none):/# rtcwake -d rtc1 -m mem -s 3
rtcwake: assuming RTC uses UTC ...
rtcwake: wakeup from "mem" using /dev/rtc1 at Thu Jan  1 00:01:40 1970
[   20.840319] PM: Syncing filesystems ... done.
[   20.846037] Freezing user space processes ... (elapsed 0.001 seconds) done.
[   20.854392] OOM killer disabled.
[   20.857616] Freezing remaining freezable tasks ... (elapsed 0.001 seconds) done.
[   20.866414] Suspending console(s) (use no_console_suspend to debug)
[   20.920204] PM: suspend of devices complete after 46.283 msecs
[   20.923296] PM: late suspend of devices complete after 3.077 msecs
[   20.925736] PM: noirq suspend of devices complete after 2.430 msecs
[   20.925742] Disabling non-boot CPUs ...
[   20.926194] IRQ17 no longer affine to CPU1
[   21.072518] Entering suspend state LP1
[   21.072518] Suspended for 7.767 seconds
[   21.072539] Enabling non-boot CPUs ...
[   21.102587] CPU1 is up
[   21.142701] CPU2 is up
[   21.183401] CPU3 is up
[   21.184535] PM: noirq resume of devices complete after 1.123 msecs
[   21.186932] PM: early resume of devices complete after 1.939 msecs
[   21.728493] PM: resume of devices complete after 541.545 msecs
[   21.792730] OOM killer enabled.
[   21.795865] Restarting tasks ... done.
root@(none):/# 
root@(none):/# rtcwake -d rtc1 -m mem -s 3
rtcwake: assuming RTC uses UTC ...
rtcwake: wakeup from "mem" using /dev/rtc1 at Thu Jan  1 00:01:50 1970
[   23.070427] PM: Syncing filesystems ... done.
[   23.076152] Freezing user space processes ... (elapsed 0.001 seconds) done.
[   23.084505] OOM killer disabled.
[   23.087728] Freezing remaining freezable tasks ... (elapsed 0.001 seconds) done.
[   23.096531] Suspending console(s) (use no_console_suspend to debug)
[   23.150182] PM: suspend of devices complete after 46.149 msecs
[   23.153088] PM: late suspend of devices complete after 2.890 msecs
[   23.155666] PM: noirq suspend of devices complete after 2.567 msecs
[   23.155671] Disabling non-boot CPUs ...
[   23.156172] IRQ17 no longer affine to CPU1
[   23.302499] Entering suspend state LP1
[   23.302499] Suspended for 8.353 seconds
[   23.302520] Enabling non-boot CPUs ...
[   23.332543] CPU1 is up
[   23.372649] CPU2 is up
[   23.413329] CPU3 is up
[   23.414473] PM: noirq resume of devices complete after 1.132 msecs
[   23.416877] PM: early resume of devices complete after 1.960 msecs
[   23.957957] PM: resume of devices complete after 541.061 msecs
[   24.022337] OOM killer enabled.
[   24.025474] Restarting tasks ... done.
root@(none):/# 
root@(none):/# NVTB SYSTEM SUSPEND TEST COMPLETE
