
U-Boot SPL 2015.04-rc3-00209-ga74ef40 (Mar 16 2015 - 14:43:39)


U-Boot 2015.04-rc3-00209-ga74ef40 (Mar 16 2015 - 14:43:39)

TEGRA20
Model: Compulab TrimSlice board
DRAM:  1 GiB
MMC:   Tegra SD/MMC: 0, Tegra SD/MMC: 1
SF: Detected W25Q80BL with page size 256 Bytes, erase size 4 KiB, total 1 MiB
tegra-pcie: PCI regions:
tegra-pcie:   I/O: 0x82000000-0x82010000
tegra-pcie:   non-prefetchable memory: 0xa0000000-0xa8000000
tegra-pcie:   prefetchable memory: 0xa8000000-0xc0000000
tegra-pcie: dual-mode configuration
tegra-pcie: probing port 0, using 2 lanes
In:    serial
Out:   serial
Err:   serial
Net:   RTL8169#0
Hit any key to stop autoboot:  2  0 
Tegra20 (TrimSlice) # 
Tegra20 (TrimSlice) # usb reset
resetting USB...
USB0:   USB EHCI 1.00
scanning bus 0 for devices... 3 USB Device(s) found
USB1:   USB EHCI 1.00
scanning bus 1 for devices... 1 USB Device(s) found
USB2:   lowlevel init failed
       scanning usb for storage devices... 0 Storage Device(s) found
       scanning usb for ethernet devices... 
Warning: asx0 using MAC address from net device
1 Ethernet Device(s) found
Tegra20 (TrimSlice) # setenv bootargs 'ignore_loglevel console=ttyS0,115200n8 rw root=PARTUUID=11eb23c1-01 rootwait gpt debug noinitrd earlyprintk init=/bin/bash'
Tegra20 (TrimSlice) # setenv ipaddr 192.168.100.103; setenv serverip 192.168.100.1; setenv tftpserverip 192.168.100.1
Tegra20 (TrimSlice) # tftpboot 0x00408000 zImage.multi_v7_defconfig
Using RTL8169#0 device
TFTP from server 192.168.100.1; our IP address is 192.168.100.103
Filename 'zImage.multi_v7_defconfig'.
Load address: 0x408000
Loading: *#################################################################
	 #################################################################
	 #################################################################
	 #################################################################
	 #################################################################
	 #################################################################
	 #################################################################
	 #######################################
	 3.4 MiB/s
done
Bytes transferred = 7240192 (6e7a00 hex)
Tegra20 (TrimSlice) # tftpboot 0x02408000 tegra20-trimslice.dtb
Using RTL8169#0 device
TFTP from server 192.168.100.1; our IP address is 192.168.100.103
Filename 'tegra20-trimslice.dtb'.
Load address: 0x2408000
Loading: *##
	 3.4 MiB/s
done
Bytes transferred = 21172 (52b4 hex)
Tegra20 (TrimSlice) # bootz 0x00408000 - 0x02408000
Kernel image @ 0x408000 [ 0x000000 - 0x6e7a00 ]
## Flattened Device Tree blob at 02408000
   Booting using the fdt blob at 0x2408000
   Using Device Tree in place at 02408000, end 024102b3

Starting kernel ...

[    0.000000] Booting Linux on physical CPU 0x0
[    0.000000] Linux version 4.7.0-rc5-96296-g4c2e07c (pwalmsley@sellafield) (gcc version 4.7.3 20130328 (prerelease) (crosstool-NG linaro-1.13.1-4.7-2013.04-20130415 - Linaro GCC 2013.04) ) #1 SMP Sun Jun 26 18:34:16 PDT 2016
[    0.000000] CPU: ARMv7 Processor [411fc090] revision 0 (ARMv7), cr=10c5387d
[    0.000000] CPU: PIPT / VIPT nonaliasing data cache, VIPT aliasing instruction cache
[    0.000000] Machine model: Compulab TrimSlice board
[    0.000000] debug: ignoring loglevel setting.
[    0.000000] cma: Reserved 64 MiB at 0x3c000000
[    0.000000] Memory policy: Data cache writealloc
[    0.000000] On node 0 totalpages: 262144
[    0.000000] free_area_init_node: node 0, pgdat c141bb00, node_mem_map ef7f8000
[    0.000000]   DMA zone: 1536 pages used for memmap
[    0.000000]   DMA zone: 0 pages reserved
[    0.000000]   DMA zone: 196608 pages, LIFO batch:31
[    0.000000]   HighMem zone: 65536 pages, LIFO batch:15
[    0.000000] percpu: Embedded 13 pages/cpu @ef7c9000 s23808 r8192 d21248 u53248
[    0.000000] pcpu-alloc: s23808 r8192 d21248 u53248 alloc=13*4096
[    0.000000] pcpu-alloc: [0] 0 [0] 1 
[    0.000000] Built 1 zonelists in Zone order, mobility grouping on.  Total pages: 260608
[    0.000000] Kernel command line: ignore_loglevel console=ttyS0,115200n8 rw root=PARTUUID=11eb23c1-01 rootwait gpt debug noinitrd earlyprintk init=/bin/bash
[    0.000000] PID hash table entries: 4096 (order: 2, 16384 bytes)
[    0.000000] Dentry cache hash table entries: 131072 (order: 7, 524288 bytes)
[    0.000000] Inode-cache hash table entries: 65536 (order: 6, 262144 bytes)
[    0.000000] Memory: 955932K/1048576K available (9529K kernel code, 1142K rwdata, 4476K rodata, 2048K init, 343K bss, 27108K reserved, 65536K cma-reserved, 196608K highmem)
[    0.000000] Virtual kernel memory layout:
[    0.000000]     vector  : 0xffff0000 - 0xffff1000   (   4 kB)
[    0.000000]     fixmap  : 0xffc00000 - 0xfff00000   (3072 kB)
[    0.000000]     vmalloc : 0xf0800000 - 0xff800000   ( 240 MB)
[    0.000000]     lowmem  : 0xc0000000 - 0xf0000000   ( 768 MB)
[    0.000000]     pkmap   : 0xbfe00000 - 0xc0000000   (   2 MB)
[    0.000000]     modules : 0xbf000000 - 0xbfe00000   (  14 MB)
[    0.000000]       .text : 0xc0208000 - 0xc10ad540   (14998 kB)
[    0.000000]       .init : 0xc1100000 - 0xc1300000   (2048 kB)
[    0.000000]       .data : 0xc1300000 - 0xc141db60   (1143 kB)
[    0.000000]        .bss : 0xc141f000 - 0xc1474ca0   ( 344 kB)
[    0.000000] SLUB: HWalign=64, Order=0-3, MinObjects=0, CPUs=2, Nodes=1
[    0.000000] Hierarchical RCU implementation.
[    0.000000] 	Build-time adjustment of leaf fanout to 32.
[    0.000000] 	RCU restricting CPUs from NR_CPUS=16 to nr_cpu_ids=2.
[    0.000000] RCU: Adjusting geometry for rcu_fanout_leaf=32, nr_cpu_ids=2
[    0.000000] NR_IRQS:16 nr_irqs:16 16
[    0.000000] /interrupt-controller@60004000: 128 interrupts forwarded to /interrupt-controller@50041000
[    0.000000] L2C: platform modifies aux control register: 0x02080000 -> 0x3e480001
[    0.000000] L2C: DT/platform modifies aux control register: 0x02080000 -> 0x3e480001
[    0.000000] L2C-310 errata 727915 769419 enabled
[    0.000000] L2C-310 enabling early BRESP for Cortex-A9
[    0.000000] L2C-310: enabling full line of zeros but not enabled in Cortex-A9
[    0.000000] L2C-310 ID prefetch enabled, offset 1 lines
[    0.000000] L2C-310 cache controller enabled, 8 ways, 1024 kB
[    0.000000] L2C-310: CACHE_ID 0x410000c4, AUX_CTRL 0x7e480001
[    0.000010] sched_clock: 32 bits at 1000kHz, resolution 1000ns, wraps every 2147483647500ns
[    0.000026] clocksource: timer_us: mask: 0xffffffff max_cycles: 0xffffffff, max_idle_ns: 1911260446275 ns
[    0.000037] Switching to timer-based delay loop, resolution 1000ns
[    0.001673] Console: colour dummy device 80x30
[    0.001695] Calibrating delay loop (skipped), value calculated using timer frequency.. 2.00 BogoMIPS (lpj=5000)
[    0.001705] pid_max: default: 32768 minimum: 301
[    0.001779] Mount-cache hash table entries: 2048 (order: 1, 8192 bytes)
[    0.001788] Mountpoint-cache hash table entries: 2048 (order: 1, 8192 bytes)
[    0.002275] CPU: Testing write buffer coherency: ok
[    0.002459] CPU0: thread -1, cpu 0, socket 0, mpidr 80000000
[    0.002482] Setting up static identity map for 0x300000 - 0x300098
[    0.003981] Tegra Revision: A03 prime SKU: 8 CPU Process: 1 SoC Process: 2
[    0.005011] CPU1: thread -1, cpu 1, socket 0, mpidr 80000001
[    0.005076] Brought up 2 CPUs
[    0.005089] SMP: Total of 2 processors activated (4.00 BogoMIPS).
[    0.005095] CPU: All CPU(s) started in SVC mode.
[    0.005734] devtmpfs: initialized
[    0.009651] VFP support v0.3: implementor 41 architecture 3 part 30 variant 9 rev 1
[    0.009997] clocksource: jiffies: mask: 0xffffffff max_cycles: 0xffffffff, max_idle_ns: 9556302231375000 ns
[    0.012892] pinctrl core: initialized pinctrl subsystem
[    0.014057] NET: Registered protocol family 16
[    0.016245] DMA: preallocated 256 KiB pool for atomic coherent allocations
[    0.029915] cpuidle: using governor menu
[    0.041467] No ATAGs?
[    0.041488] hw-breakpoint: found 5 (+1 reserved) breakpoint and 1 watchpoint registers.
[    0.041495] hw-breakpoint: maximum watchpoint size is 4 bytes.
[    0.045019] Serial: AMBA PL011 UART driver
[    0.068253] usb1_vbus: Failed to request enable GPIO170: -517
[    0.068268] reg-fixed-voltage regulators:regulator@2: Failed to register regulator: -517
[    0.071968] vgaarb: loaded
[    0.072536] SCSI subsystem initialized
[    0.072657] libata version 3.00 loaded.
[    0.072858] usbcore: registered new interface driver usbfs
[    0.072905] usbcore: registered new interface driver hub
[    0.072944] usbcore: registered new device driver usb
[    0.075080] pps_core: LinuxPPS API ver. 1 registered
[    0.075088] pps_core: Software ver. 5.3.6 - Copyright 2005-2007 Rodolfo Giometti <giometti@linux.it>
[    0.075105] PTP clock support registered
[    0.075253] EDAC MC: Ver: 3.0.0
[    0.077036] clocksource: Switched to clocksource timer_us
[    0.084770] NET: Registered protocol family 2
[    0.085212] TCP established hash table entries: 8192 (order: 3, 32768 bytes)
[    0.085283] TCP bind hash table entries: 8192 (order: 4, 65536 bytes)
[    0.085389] TCP: Hash tables configured (established 8192 bind 8192)
[    0.085470] UDP hash table entries: 512 (order: 2, 16384 bytes)
[    0.085519] UDP-Lite hash table entries: 512 (order: 2, 16384 bytes)
[    0.085655] NET: Registered protocol family 1
[    0.085877] RPC: Registered named UNIX socket transport module.
[    0.085885] RPC: Registered udp transport module.
[    0.085891] RPC: Registered tcp transport module.
[    0.085896] RPC: Registered tcp NFSv4.1 backchannel transport module.
[    0.085905] PCI: CLS 0 bytes, default 64
[    0.086701] hw perfevents: enabled with armv7_cortex_a9 PMU driver, 7 counters available
[    0.087682] futex hash table entries: 512 (order: 3, 32768 bytes)
[    0.088249] workingset: timestamp_bits=28 max_order=18 bucket_order=0
[    0.095769] squashfs: version 4.0 (2009/01/31) Phillip Lougher
[    0.096358] NFS: Registering the id_resolver key type
[    0.096391] Key type id_resolver registered
[    0.096397] Key type id_legacy registered
[    0.096429] ntfs: driver 2.1.32 [Flags: R/O].
[    0.097391] bounce: pool size: 64 pages
[    0.097546] Block layer SCSI generic (bsg) driver version 0.4 loaded (major 248)
[    0.097555] io scheduler noop registered
[    0.097561] io scheduler deadline registered
[    0.097587] io scheduler cfq registered (default)
[    0.109111] tegra-pcie 80003000.pcie-controller: dual-mode configuration
[    0.109812] tegra-pcie 80003000.pcie-controller: probing port 0, using 2 lanes
[    0.193244] tegra-pcie 80003000.pcie-controller: PCI host bridge to bus 0000:00
[    0.193256] pci_bus 0000:00: root bus resource [io  0x0000-0xffff]
[    0.193265] pci_bus 0000:00: root bus resource [mem 0xa0000000-0xa7ffffff]
[    0.193274] pci_bus 0000:00: root bus resource [mem 0xa8000000-0xbfffffff pref]
[    0.193283] pci_bus 0000:00: root bus resource [bus 00-ff]
[    0.193315] pci 0000:00:01.0: [10de:0bf0] type 01 class 0x060000
[    0.193374] pci 0000:00:01.0: PME# supported from D0 D1 D2 D3hot D3cold
[    0.193567] PCI: bus0: Fast back to back transfers disabled
[    0.193578] pci 0000:00:01.0: bridge configuration invalid ([bus 00-00]), reconfiguring
[    0.193704] pci 0000:01:00.0: [10ec:8168] type 00 class 0x020000
[    0.193726] pci 0000:01:00.0: reg 0x10: [io  0x0000-0x00ff]
[    0.193748] pci 0000:01:00.0: reg 0x18: [mem 0x00000000-0x00000fff 64bit pref]
[    0.193764] pci 0000:01:00.0: reg 0x20: [mem 0x00000000-0x00003fff 64bit pref]
[    0.193777] pci 0000:01:00.0: reg 0x30: [mem 0x00000000-0x0001ffff pref]
[    0.193853] pci 0000:01:00.0: supports D1 D2
[    0.193861] pci 0000:01:00.0: PME# supported from D0 D1 D2 D3hot D3cold
[    0.202071] PCI: bus1: Fast back to back transfers disabled
[    0.202084] pci_bus 0000:01: busn_res: [bus 01-ff] end is updated to 01
[    0.202096] Disabling cpuidle LP2 state, since PCIe IRQs are in use
[    0.202152] pci 0000:00:01.0: BAR 8: assigned [mem 0xa0000000-0xa00fffff]
[    0.202163] pci 0000:00:01.0: BAR 9: assigned [mem 0xa8000000-0xa80fffff 64bit pref]
[    0.202173] pci 0000:00:01.0: BAR 7: assigned [io  0x1000-0x1fff]
[    0.202185] pci 0000:01:00.0: BAR 6: assigned [mem 0xa0000000-0xa001ffff pref]
[    0.202195] pci 0000:01:00.0: BAR 4: assigned [mem 0xa8000000-0xa8003fff 64bit pref]
[    0.202212] pci 0000:01:00.0: BAR 2: assigned [mem 0xa8004000-0xa8004fff 64bit pref]
[    0.202228] pci 0000:01:00.0: BAR 0: assigned [io  0x1000-0x10ff]
[    0.202238] pci 0000:00:01.0: PCI bridge to [bus 01]
[    0.202246] pci 0000:00:01.0:   bridge window [io  0x1000-0x1fff]
[    0.202254] pci 0000:00:01.0:   bridge window [mem 0xa0000000-0xa00fffff]
[    0.202262] pci 0000:00:01.0:   bridge window [mem 0xa8000000-0xa80fffff 64bit pref]
[    0.202283] pci 0000:00:01.0: nv_msi_ht_cap_quirk didn't locate host bridge
[    0.202350] pcieport 0000:00:01.0: enabling device (0140 -> 0143)
[    0.202496] pcieport 0000:00:01.0: Signaling PME through PCIe PME interrupt
[    0.202505] pci 0000:01:00.0: Signaling PME through PCIe PME interrupt
[    0.202515] pcie_pme 0000:00:01.0:pcie001: service driver pcie_pme loaded
[    0.206272] tegra-apbdma 6000a000.dma: Tegra20 APB DMA driver register 16 channels
[    0.252018] Serial: 8250/16550 driver, 4 ports, IRQ sharing disabled
[    0.254366] console [ttyS0] disabled
[    0.254400] 70006000.serial: ttyS0 at MMIO 0x70006000 (irq = 279, base_baud = 13500000) is a Tegra
[    1.198117] console [ttyS0] enabled
[    1.202225] SuperH (H)SCI(F) driver initialized
[    1.207527] msm_serial: driver initialized
[    1.211763] STMicroelectronics ASC driver initialized
[    1.219525] [drm] Initialized drm 1.1.0 20060810
[    1.226428] 54280000.hdmi supply hdmi not found, using dummy regulator
[    1.236129] [drm] Supports vblank timestamp caching Rev 2 (21.10.2013).
[    1.242760] [drm] No driver support for vblank timestamp query.
[    1.248713] drm drm: No connectors reported connected with modes
[    1.254723] [drm] Cannot find any crtc or sizes - going 1024x768
[    1.276779] Console: switching to colour frame buffer device 128x48
[    1.291477] drm drm: fb0:  frame buffer device
[    1.307047] [drm] Initialized tegra 0.0.0 20120330 on minor 0
[    1.321455] brd: module loaded
[    1.328721] loop: module loaded
[    1.337406] m25p80 spi32766.0: found s25fl008k, expected w25q80bl
[    1.343508] m25p80 spi32766.0: s25fl008k (1024 Kbytes)
[    1.350982] libphy: Fixed MDIO Bus: probed
[    1.355613] CAN device driver interface
[    1.360918] igb: Intel(R) Gigabit Ethernet Network Driver - version 5.3.0-k
[    1.367878] igb: Copyright (c) 2007-2014 Intel Corporation.
[    1.373985] r8169 Gigabit Ethernet driver 2.3LK-NAPI loaded
[    1.379581] r8169 0000:01:00.0: enabling device (0140 -> 0143)
[    1.386180] r8169 0000:01:00.0 eth0: RTL8168d/8111d at 0xf0878000, 00:01:c0:13:7d:63, XID 081000c0 IRQ 296
[    1.395836] r8169 0000:01:00.0 eth0: jumbo features [frames: 9200 bytes, tx checksumming: ko]
[    1.406325] pegasus: v0.9.3 (2013/04/25), Pegasus/Pegasus II USB Ethernet driver
[    1.413785] usbcore: registered new interface driver pegasus
[    1.419489] usbcore: registered new interface driver asix
[    1.424919] usbcore: registered new interface driver ax88179_178a
[    1.431045] usbcore: registered new interface driver cdc_ether
[    1.436921] usbcore: registered new interface driver smsc75xx
[    1.442710] usbcore: registered new interface driver smsc95xx
[    1.448485] usbcore: registered new interface driver net1080
[    1.454181] usbcore: registered new interface driver cdc_subset
[    1.460131] usbcore: registered new interface driver zaurus
[    1.465759] usbcore: registered new interface driver cdc_ncm
[    1.471714] tegra-phy c5004000.usb-phy: no vbus regulator
[    1.478210] tegra-phy c5008000.usb-phy: no vbus regulator
[    1.485032] ehci_hcd: USB 2.0 'Enhanced' Host Controller (EHCI) Driver
[    1.491562] ehci-pci: EHCI PCI platform driver
[    1.496044] ehci-platform: EHCI generic platform driver
[    1.501433] ehci-omap: OMAP-EHCI Host Controller driver
[    1.506765] ehci-orion: EHCI orion driver
[    1.510881] SPEAr-ehci: EHCI SPEAr driver
[    1.515010] ehci-st: EHCI STMicroelectronics driver
[    1.519997] ehci-exynos: EHCI EXYNOS driver
[    1.524305] ehci-atmel: EHCI Atmel driver
[    1.528424] tegra-ehci: Tegra EHCI driver
[    1.553243] ulpi_phy_power_on: ulpi write failed
[    1.557863] tegra-ehci c5004000.usb: Failed to power on the phy
[    1.563793] tegra-ehci: probe of c5004000.usb failed with error -110
[    1.572783] tegra-ehci c5008000.usb: EHCI Host Controller
[    1.578198] tegra-ehci c5008000.usb: new USB bus registered, assigned bus number 1
[    1.586004] tegra-ehci c5008000.usb: irq 290, io mem 0xc5008000
[    1.597053] tegra-ehci c5008000.usb: USB 2.0 started, EHCI 1.00
[    1.603584] hub 1-0:1.0: USB hub found
[    1.607377] hub 1-0:1.0: 1 port detected
[    1.611599] ohci_hcd: USB 1.1 'Open' Host Controller (OHCI) Driver
[    1.617796] ohci-pci: OHCI PCI platform driver
[    1.622286] ohci-platform: OHCI generic platform driver
[    1.627673] ohci-omap3: OHCI OMAP3 driver
[    1.631783] SPEAr-ohci: OHCI SPEAr driver
[    1.635911] ohci-st: OHCI STMicroelectronics driver
[    1.640898] ohci-atmel: OHCI Atmel driver
[    1.645505] usbcore: registered new interface driver usb-storage
[    1.652786] mousedev: PS/2 mouse device common for all mice
[    1.660095] rtc-em3027 2-0056: rtc core: registered rtc-em3027 as rtc0
[    1.667819] tegra_rtc 7000e000.rtc: rtc core: registered 7000e000.rtc as rtc1
[    1.674986] tegra_rtc 7000e000.rtc: Tegra internal Real Time Clock
[    1.681584] i2c /dev entries driver
[    1.694268] sdhci: Secure Digital Host Controller Interface driver
[    1.700462] sdhci: Copyright(c) Pierre Ossman
[    1.706022] Synopsys Designware Multimedia Card Interface Driver
[    1.712890] sdhci-pltfm: SDHCI platform and OF driver helper
[    1.719438] mmc0: Invalid maximum block size, assuming 512 bytes
[    1.752054] mmc0: SDHCI controller on c8000000.sdhci [c8000000.sdhci] using ADMA
[    1.759557] sdhci-tegra c8000600.sdhci: Got CD GPIO
[    1.764452] sdhci-tegra c8000600.sdhci: Got WP GPIO
[    1.769491] mmc1: Invalid maximum block size, assuming 512 bytes
[    1.802133] mmc1: SDHCI controller on c8000600.sdhci [c8000600.sdhci] using ADMA
[    1.810744] ledtrig-cpu: registered to indicate activity on CPUs
[    1.817021] usbcore: registered new interface driver usbhid
[    1.822608] usbhid: USB HID core driver
[    1.830908] NET: Registered protocol family 10
[    1.836042] sit: IPv6 over IPv4 tunneling driver
[    1.841145] NET: Registered protocol family 17
[    1.845604] can: controller area network core (rev 20120528 abi 9)
[    1.851832] NET: Registered protocol family 29
[    1.856279] can: raw protocol (rev 20120528)
[    1.860546] can: broadcast manager protocol (rev 20120528 t)
[    1.866207] can: netlink gateway (rev 20130117) max_hops=1
[    1.872019] Key type dns_resolver registered
[    1.876650] ThumbEE CPU extension supported.
[    1.880929] Registering SWP/SWPB emulation handler
[    1.890764] utmi_phy_clk_enable: timeout waiting for phy to stabilize
[    1.897251] tegra-ehci c5000000.usb: EHCI Host Controller
[    1.902704] tegra-ehci c5000000.usb: new USB bus registered, assigned bus number 2
[    1.910571] tegra-ehci c5000000.usb: irq 288, io mem 0xc5000000
[    1.929071] mmc0: host does not support reading read-only switch, assuming write-enable
[    1.938893] mmc0: new high speed SDHC card at address b368
[    1.944736] mmcblk0: mmc0:b368 NCard 3.70 GiB 
[    1.951056]  mmcblk0: p1
[    1.992058] usb 1-1: new high-speed USB device number 2 using tegra-ehci
[    2.002093] tegra-ehci c5000000.usb: USB 2.0 started, EHCI 1.00
[    2.009047] hub 2-0:1.0: USB hub found
[    2.012889] hub 2-0:1.0: 1 port detected
[    2.018247] input: gpio-keys as /devices/soc0/gpio-keys/input/input0
[    2.024926] mmc1: new high speed SD card at address b368
[    2.025362] rtc-em3027 2-0056: hctosys: unable to read the hardware clock
[    2.037668] mmcblk1: mmc1:b368 NCard 1.83 GiB (ro)
[    2.045124]  mmcblk1: p1 p2
[    2.049616] EXT4-fs (mmcblk0p1): mounting ext3 file system using the ext4 subsystem
[    2.136373] EXT4-fs (mmcblk0p1): recovery complete
[    2.141218] EXT4-fs (mmcblk0p1): mounted filesystem with ordered data mode. Opts: (null)
[    2.149366] VFS: Mounted root (ext3 filesystem) on device 179:1.
[    2.156243] hub 1-1:1.0: USB hub found
[    2.160161] hub 1-1:1.0: 4 ports detected
[    2.164499] devtmpfs: mounted
[    2.170044] Freeing unused kernel memory: 2048K (c1100000 - c1300000)
bash: cannot set terminal process group (-1): Inappropriate ioctl for device
bash: no job control in this shell
[    2.462127] usb 1-1.2: new high-speed USB device number 3 using tegra-ehci
root@(none):/# mount -t sysfs none /sys
root@(none):/# 
root@(none):/# mount -t debugfs none /sys/kernel/debug
root@(none):/# 
root@(none):/# rtcwake -d rtc1 -m mem -s 3
rtcwake: assuming RTC uses UTC ...
rtcwake: wakeup from "mem" using /dev/rtc1 at Thu Jan  1 00:00:23 1970
[    7.496411] PM: Syncing filesystems ... done.
[    7.542942] Freezing user space processes ... (elapsed 0.001 seconds) done.
[    7.551410] Double checking all user space processes after OOM killer disable... (elapsed 0.000 seconds) 
[    7.561191] Freezing remaining freezable tasks ... (elapsed 0.001 seconds) done.
[    7.570221] Suspending console(s) (use no_console_suspend to debug)
[    7.605058] PM: suspend of devices complete after 25.880 msecs
[    7.608659] PM: late suspend of devices complete after 3.570 msecs
[    7.622709] PM: noirq suspend of devices complete after 14.019 msecs
[    7.622721] Disabling non-boot CPUs ...
[    7.624612] CPU1: shutdown
[    7.650247] Entering suspend state LP1
[    7.650297] Enabling non-boot CPUs ...
[    7.676390] CPU1 is up
[    7.677276] pcieport 0000:00:01.0: nv_msi_ht_cap_quirk didn't locate host bridge
[    7.692311] PM: noirq resume of devices complete after 15.887 msecs
[    7.695870] PM: early resume of devices complete after 2.853 msecs
[    7.760559] PM: resume of devices complete after 64.656 msecs
[    7.824652] Restarting tasks ... done.
root@(none):/# 
root@(none):/# rtcwake -d rtc1 -m mem -s 3
rtcwake: assuming RTC uses UTC ...
rtcwake: wakeup from "mem" using /dev/rtc1 at Thu Jan  1 00:00:27 1970
[    8.432155] PM: Syncing filesystems ... done.
[    8.477657] Freezing user space processes ... (elapsed 0.001 seconds) done.
[    8.486187] Double checking all user space processes after OOM killer disable... (elapsed 0.000 seconds) 
[    8.496006] Freezing remaining freezable tasks ... (elapsed 0.001 seconds) done.
[    8.505084] Suspending console(s) (use no_console_suspend to debug)
[    8.539007] PM: suspend of devices complete after 24.993 msecs
[    8.542694] PM: late suspend of devices complete after 3.656 msecs
[    8.557615] PM: noirq suspend of devices complete after 14.889 msecs
[    8.557626] Disabling non-boot CPUs ...
[    8.559493] CPU1: shutdown
[    8.585210] Entering suspend state LP1
[    8.585261] Enabling non-boot CPUs ...
[    8.611335] CPU1 is up
[    8.612842] pcieport 0000:00:01.0: nv_msi_ht_cap_quirk didn't locate host bridge
[    8.627291] PM: noirq resume of devices complete after 15.922 msecs
[    8.630923] PM: early resume of devices complete after 2.910 msecs
[    8.700686] PM: resume of devices complete after 69.731 msecs
[    8.764777] Restarting tasks ... done.
root@(none):/# 
root@(none):/# rtcwake -d rtc1 -m mem -s 3
rtcwake: assuming RTC uses UTC ...
rtcwake: wakeup from "mem" using /dev/rtc1 at Thu Jan  1 00:00:31 1970
[    9.362382] PM: Syncing filesystems ... done.
[    9.407759] Freezing user space processes ... (elapsed 0.001 seconds) done.
[    9.416298] Double checking all user space processes after OOM killer disable... (elapsed 0.000 seconds) 
[    9.426114] Freezing remaining freezable tasks ... (elapsed 0.001 seconds) done.
[    9.435182] Suspending console(s) (use no_console_suspend to debug)
[    9.469214] PM: suspend of devices complete after 25.112 msecs
[    9.472753] PM: late suspend of devices complete after 3.508 msecs
[    9.487545] PM: noirq suspend of devices complete after 14.760 msecs
[    9.487556] Disabling non-boot CPUs ...
[    9.489331] CPU1: shutdown
[    9.515139] Entering suspend state LP1
[    9.515188] Enabling non-boot CPUs ...
[    9.541253] CPU1 is up
[    9.542073] pcieport 0000:00:01.0: nv_msi_ht_cap_quirk didn't locate host bridge
[    9.557182] PM: noirq resume of devices complete after 15.896 msecs
[    9.560800] PM: early resume of devices complete after 2.892 msecs
[    9.630517] PM: resume of devices complete after 69.684 msecs
[    9.694610] Restarting tasks ... done.
root@(none):/# 
root@(none):/# rtcwake -d rtc1 -m mem -s 3
rtcwake: assuming RTC uses UTC ...
rtcwake: wakeup from "mem" using /dev/rtc1 at Thu Jan  1 00:00:35 1970
[   10.292328] PM: Syncing filesystems ... done.
[   10.325075] Freezing user space processes ... (elapsed 0.001 seconds) done.
[   10.333501] Double checking all user space processes after OOM killer disable... (elapsed 0.000 seconds) 
[   10.343257] Freezing remaining freezable tasks ... (elapsed 0.001 seconds) done.
[   10.352161] Suspending console(s) (use no_console_suspend to debug)
[   10.384409] PM: suspend of devices complete after 24.138 msecs
[   10.387950] PM: late suspend of devices complete after 3.510 msecs
[   10.402495] PM: noirq suspend of devices complete after 14.514 msecs
[   10.402506] Disabling non-boot CPUs ...
[   10.404381] CPU1: shutdown
[   10.430067] Entering suspend state LP1
[   10.430116] Enabling non-boot CPUs ...
[   10.456205] CPU1 is up
[   10.458723] pcieport 0000:00:01.0: nv_msi_ht_cap_quirk didn't locate host bridge
[   10.472093] PM: noirq resume of devices complete after 15.856 msecs
[   10.475925] PM: early resume of devices complete after 3.115 msecs
[   10.540290] PM: resume of devices complete after 64.332 msecs
[   10.604362] Restarting tasks ... done.
root@(none):/# 
root@(none):/# rtcwake -d rtc1 -m mem -s 3
rtcwake: assuming RTC uses UTC ...
rtcwake: wakeup from "mem" using /dev/rtc1 at Thu Jan  1 00:00:39 1970
[   11.211547] PM: Syncing filesystems ... done.
[   11.257166] Freezing user space processes ... (elapsed 0.001 seconds) done.
[   11.265661] Double checking all user space processes after OOM killer disable... (elapsed 0.000 seconds) 
[   11.275502] Freezing remaining freezable tasks ... (elapsed 0.001 seconds) done.
[   11.284627] Suspending console(s) (use no_console_suspend to debug)
[   11.319211] PM: suspend of devices complete after 25.677 msecs
[   11.322803] PM: late suspend of devices complete after 3.561 msecs
[   11.337427] PM: noirq suspend of devices complete after 14.592 msecs
[   11.337438] Disabling non-boot CPUs ...
[   11.339312] CPU1: shutdown
[   11.365025] Entering suspend state LP1
[   11.365075] Enabling non-boot CPUs ...
[   11.391170] CPU1 is up
[   11.392609] pcieport 0000:00:01.0: nv_msi_ht_cap_quirk didn't locate host bridge
[   11.407080] PM: noirq resume of devices complete after 15.875 msecs
[   11.410679] PM: early resume of devices complete after 2.882 msecs
[   11.480374] PM: resume of devices complete after 69.662 msecs
[   11.544468] Restarting tasks ... done.
root@(none):/# 
root@(none):/# rtcwake -d rtc1 -m mem -s 3
rtcwake: assuming RTC uses UTC ...
rtcwake: wakeup from "mem" using /dev/rtc1 at Thu Jan  1 00:00:43 1970
[   12.142210] PM: Syncing filesystems ... done.
[   12.174966] Freezing user space processes ... (elapsed 0.001 seconds) done.
[   12.183395] Double checking all user space processes after OOM killer disable... (elapsed 0.000 seconds) 
[   12.193153] Freezing remaining freezable tasks ... (elapsed 0.001 seconds) done.
[   12.202054] Suspending console(s) (use no_console_suspend to debug)
[   12.229862] PM: suspend of devices complete after 19.693 msecs
[   12.233388] PM: late suspend of devices complete after 3.495 msecs
[   12.247393] PM: noirq suspend of devices complete after 13.973 msecs
[   12.247403] Disabling non-boot CPUs ...
[   12.249174] CPU1: shutdown
[   12.264968] Entering suspend state LP1
[   12.265018] Enabling non-boot CPUs ...
[   12.291063] CPU1 is up
[   12.292315] pcieport 0000:00:01.0: nv_msi_ht_cap_quirk didn't locate host bridge
[   12.307014] PM: noirq resume of devices complete after 15.916 msecs
[   12.310664] PM: early resume of devices complete after 2.923 msecs
[   12.375254] PM: resume of devices complete after 64.557 msecs
[   12.439342] Restarting tasks ... done.
root@(none):/# 
root@(none):/# rtcwake -d rtc1 -m mem -s 3
rtcwake: assuming RTC uses UTC ...
rtcwake: wakeup from "mem" using /dev/rtc1 at Thu Jan  1 00:00:47 1970
[   13.042242] PM: Syncing filesystems ... done.
[   13.075004] Freezing user space processes ... (elapsed 0.001 seconds) done.
[   13.083251] Double checking all user space processes after OOM killer disable... (elapsed 0.000 seconds) 
[   13.092993] Freezing remaining freezable tasks ... (elapsed 0.001 seconds) done.
[   13.101891] Suspending console(s) (use no_console_suspend to debug)
[   13.130096] PM: suspend of devices complete after 20.094 msecs
[   13.133687] PM: late suspend of devices complete after 3.560 msecs
[   13.152294] PM: noirq suspend of devices complete after 18.575 msecs
[   13.152305] Disabling non-boot CPUs ...
[   13.154177] CPU1: shutdown
[   13.169889] Entering suspend state LP1
[   13.169939] Enabling non-boot CPUs ...
[   13.195985] CPU1 is up
[   13.197055] pcieport 0000:00:01.0: nv_msi_ht_cap_quirk didn't locate host bridge
[   13.211950] PM: noirq resume of devices complete after 15.933 msecs
[   13.215330] PM: early resume of devices complete after 2.853 msecs
[   13.284157] PM: resume of devices complete after 68.794 msecs
[   13.348201] Restarting tasks ... done.
root@(none):/# 
root@(none):/# rtcwake -d rtc1 -m mem -s 3
rtcwake: assuming RTC uses UTC ...
rtcwake: wakeup from "mem" using /dev/rtc1 at Thu Jan  1 00:00:51 1970
[   13.946902] PM: Syncing filesystems ... done.
[   13.979674] Freezing user space processes ... (elapsed 0.001 seconds) done.
[   13.988109] Double checking all user space processes after OOM killer disable... (elapsed 0.000 seconds) 
[   13.997850] Freezing remaining freezable tasks ... (elapsed 0.001 seconds) done.
[   14.006754] Suspending console(s) (use no_console_suspend to debug)
[   14.034255] PM: suspend of devices complete after 19.385 msecs
[   14.037923] PM: late suspend of devices complete after 3.636 msecs
[   14.052272] PM: noirq suspend of devices complete after 14.317 msecs
[   14.052283] Disabling non-boot CPUs ...
[   14.054304] CPU1: shutdown
[   14.069811] Entering suspend state LP1
[   14.069861] Enabling non-boot CPUs ...
[   14.095967] CPU1 is up
[   14.098486] pcieport 0000:00:01.0: nv_msi_ht_cap_quirk didn't locate host bridge
[   14.111859] PM: noirq resume of devices complete after 15.859 msecs
[   14.115297] PM: early resume of devices complete after 2.909 msecs
[   14.184111] PM: resume of devices complete after 68.782 msecs
[   14.248159] Restarting tasks ... done.
root@(none):/# 
root@(none):/# rtcwake -d rtc1 -m mem -s 3
rtcwake: assuming RTC uses UTC ...
rtcwake: wakeup from "mem" using /dev/rtc1 at Thu Jan  1 00:00:55 1970
[   14.850029] PM: Syncing filesystems ... done.
[   14.895478] Freezing user space processes ... (elapsed 0.001 seconds) done.
[   14.904094] Double checking all user space processes after OOM killer disable... (elapsed 0.000 seconds) 
[   14.913922] Freezing remaining freezable tasks ... (elapsed 0.001 seconds) done.
[   14.923045] Suspending console(s) (use no_console_suspend to debug)
[   14.958538] PM: suspend of devices complete after 26.583 msecs
[   14.962154] PM: late suspend of devices complete after 3.584 msecs
[   14.977177] PM: noirq suspend of devices complete after 14.992 msecs
[   14.977188] Disabling non-boot CPUs ...
[   14.978965] CPU1: shutdown
[   14.999761] Entering suspend state LP1
[   14.999811] Enabling non-boot CPUs ...
[   15.025885] CPU1 is up
[   15.027269] pcieport 0000:00:01.0: nv_msi_ht_cap_quirk didn't locate host bridge
[   15.041835] PM: noirq resume of devices complete after 15.917 msecs
[   15.045500] PM: early resume of devices complete after 2.939 msecs
[   15.110015] PM: resume of devices complete after 64.483 msecs
[   15.174094] Restarting tasks ... done.
root@(none):/# 
root@(none):/# rtcwake -d rtc1 -m mem -s 3
rtcwake: assuming RTC uses UTC ...
rtcwake: wakeup from "mem" using /dev/rtc1 at Thu Jan  1 00:00:59 1970
[   15.779250] PM: Syncing filesystems ... done.
[   15.824697] Freezing user space processes ... (elapsed 0.001 seconds) done.
[   15.833307] Double checking all user space processes after OOM killer disable... (elapsed 0.000 seconds) 
[   15.843139] Freezing remaining freezable tasks ... (elapsed 0.001 seconds) done.
[   15.852264] Suspending console(s) (use no_console_suspend to debug)
[   15.888700] PM: suspend of devices complete after 27.575 msecs
[   15.892237] PM: late suspend of devices complete after 3.506 msecs
[   15.907094] PM: noirq suspend of devices complete after 14.826 msecs
[   15.907106] Disabling non-boot CPUs ...
[   15.908873] CPU1: shutdown
[   15.934683] Entering suspend state LP1
[   15.934732] Enabling non-boot CPUs ...
[   15.960812] CPU1 is up
[   15.961635] pcieport 0000:00:01.0: nv_msi_ht_cap_quirk didn't locate host bridge
[   15.976736] PM: noirq resume of devices complete after 15.891 msecs
[   15.980336] PM: early resume of devices complete after 2.880 msecs
[   16.045096] PM: resume of devices complete after 64.727 msecs
[   16.109186] Restarting tasks ... done.
root@(none):/# 
root@(none):/# NVTB SYSTEM SUSPEND TEST COMPLETE
