[    0.000000] Booting Linux on physical CPU 0x0
[    0.000000] Linux version 4.12.0-172899-g6f7da29 (jonathanh@kaivo) (gcc version 4.9.2 20140904 (prerelease) (crosstool-NG linaro-1.13.1-4.9-2014.09 - Linaro GCC 4.9-2014.09) ) #1 SMP PREEMPT Sun Jul 2 16:39:46 PDT 2017
[    0.000000] Boot CPU: AArch64 Processor [411fd070]
[    0.000000] Machine model: linux,dummy-virt
[    0.000000] Memory limited to 1024MB
[    0.000000] efi: Getting EFI parameters from FDT:
[    0.000000] efi: UEFI not found.
[    0.000000] cma: Reserved 16 MiB at 0x000000007f000000
[    0.000000] NUMA: No NUMA configuration found
[    0.000000] NUMA: Faking a node at [mem 0x0000000000000000-0x000000007fffffff]
[    0.000000] NUMA: Adding memblock [0x40000000 - 0x7fffffff] on node 0
[    0.000000] NUMA: Initmem setup node 0 [mem 0x40000000-0x7fffffff]
[    0.000000] NUMA: NODE_DATA [mem 0x7efeae80-0x7efec97f]
[    0.000000] Zone ranges:
[    0.000000]   DMA      [mem 0x0000000040000000-0x000000007fffffff]
[    0.000000]   Normal   empty
[    0.000000] Movable zone start for each node
[    0.000000] Early memory node ranges
[    0.000000]   node   0: [mem 0x0000000040000000-0x000000007fffffff]
[    0.000000] Initmem setup node 0 [mem 0x0000000040000000-0x000000007fffffff]
[    0.000000] psci: probing for conduit method from DT.
[    0.000000] psci: PSCIv0.2 detected in firmware.
[    0.000000] psci: Using standard PSCI v0.2 function IDs
[    0.000000] psci: Trusted OS migration not required
[    0.000000] percpu: Embedded 24 pages/cpu @ffff80003efcf000 s59264 r8192 d30848 u98304
[    0.000000] Detected PIPT I-cache on CPU0
[    0.000000] CPU features: enabling workaround for ARM erratum 832075
[    0.000000] CPU features: enabling workaround for ARM erratum 834220
[    0.000000] Built 1 zonelists in Node order, mobility grouping on.  Total pages: 258048
[    0.000000] Policy zone: DMA
[    0.000000] Kernel command line: root=/dev/vda2 rw rootwait mem=1024M console=ttyAMA0,38400n8 init=/bin/bash
[    0.000000] PID hash table entries: 4096 (order: 3, 32768 bytes)
[    0.000000] Memory: 999720K/1048576K available (8828K kernel code, 1100K rwdata, 4284K rodata, 1088K init, 406K bss, 32472K reserved, 16384K cma-reserved)
[    0.000000] Virtual kernel memory layout:
[    0.000000]     modules : 0xffff000000000000 - 0xffff000008000000   (   128 MB)
[    0.000000]     vmalloc : 0xffff000008000000 - 0xffff7dffbfff0000   (129022 GB)
[    0.000000]       .text : 0xffff000008080000 - 0xffff000008920000   (  8832 KB)
[    0.000000]     .rodata : 0xffff000008920000 - 0xffff000008d60000   (  4352 KB)
[    0.000000]       .init : 0xffff000008d60000 - 0xffff000008e70000   (  1088 KB)
[    0.000000]       .data : 0xffff000008e70000 - 0xffff000008f83200   (  1101 KB)
[    0.000000]        .bss : 0xffff000008f83200 - 0xffff000008fe8b40   (   407 KB)
[    0.000000]     fixed   : 0xffff7dfffe7fd000 - 0xffff7dfffec00000   (  4108 KB)
[    0.000000]     PCI I/O : 0xffff7dfffee00000 - 0xffff7dffffe00000   (    16 MB)
[    0.000000]     vmemmap : 0xffff7e0000000000 - 0xffff800000000000   (  2048 GB maximum)
[    0.000000]               0xffff7e0000000000 - 0xffff7e0001000000   (    16 MB actual)
[    0.000000]     memory  : 0xffff800000000000 - 0xffff800040000000   (  1024 MB)
[    0.000000] SLUB: HWalign=64, Order=0-3, MinObjects=0, CPUs=1, Nodes=1
[    0.000000] Preemptible hierarchical RCU implementation.
[    0.000000] 	RCU restricting CPUs from NR_CPUS=64 to nr_cpu_ids=1.
[    0.000000] RCU: Adjusting geometry for rcu_fanout_leaf=16, nr_cpu_ids=1
[    0.000000] NR_IRQS:64 nr_irqs:64 0
[    0.000000] GICv2m: range[mem 0x08020000-0x08020fff], SPI[80:143]
[    0.000000] arch_timer: WARNING: Invalid trigger for IRQ3, assuming level low
[    0.000000] arch_timer: WARNING: Please fix your firmware
[    0.000000] arch_timer: cp15 timer(s) running at 62.50MHz (virt).
[    0.000000] clocksource: arch_sys_counter: mask: 0xffffffffffffff max_cycles: 0x1cd42e208c, max_idle_ns: 881590405314 ns
[    0.000180] sched_clock: 56 bits at 62MHz, resolution 16ns, wraps every 4398046511096ns
[    0.007147] Console: colour dummy device 80x25
[    0.008470] Calibrating delay loop (skipped), value calculated using timer frequency.. 125.00 BogoMIPS (lpj=250000)
[    0.008652] pid_max: default: 32768 minimum: 301
[    0.010169] Security Framework initialized
[    0.011808] Dentry cache hash table entries: 131072 (order: 8, 1048576 bytes)
[    0.014517] Inode-cache hash table entries: 65536 (order: 7, 524288 bytes)
[    0.015795] Mount-cache hash table entries: 2048 (order: 2, 16384 bytes)
[    0.015870] Mountpoint-cache hash table entries: 2048 (order: 2, 16384 bytes)
[    0.061799] ASID allocator initialised with 65536 entries
[    0.082148] EFI services will not be available.
[    0.099214] smp: Bringing up secondary CPUs ...
[    0.099419] smp: Brought up 1 node, 1 CPU
[    0.099493] SMP: Total of 1 processors activated.
[    0.099701] CPU features: detected feature: 32-bit EL0 Support
[    0.101880] CPU: All CPU(s) started at EL1
[    0.102794] alternatives: patching kernel code
[    0.119644] devtmpfs: initialized
[    0.133999] DMI not present or invalid.
[    0.136030] clocksource: jiffies: mask: 0xffffffff max_cycles: 0xffffffff, max_idle_ns: 7645041785100000 ns
[    0.136244] futex hash table entries: 256 (order: 3, 32768 bytes)
[    0.140387] pinctrl core: initialized pinctrl subsystem
[    0.182559] NET: Registered protocol family 16
[    0.209198] cpuidle: using governor menu
[    0.211166] vdso: 2 pages (1 code @ ffff000008927000, 1 data @ ffff000008e75000)
[    0.211448] hw-breakpoint: found 6 breakpoint and 4 watchpoint registers.
[    0.221220] DMA: preallocated 256 KiB pool for atomic allocations
[    0.230102] Serial: AMBA PL011 UART driver
[    0.302393] 9000000.pl011: ttyAMA0 at MMIO 0x9000000 (irq = 39, base_baud = 0) is a PL011 rev1
[    0.327040] console [ttyAMA0] enabled
[    0.334487] irq: type mismatch, failed to map hwirq-27 for /intc!
[    0.517968] HugeTLB registered 2 MB page size, pre-allocated 0 pages
[    0.538042] ACPI: Interpreter disabled.
[    0.550066] vgaarb: loaded
[    0.553832] SCSI subsystem initialized
[    0.563599] usbcore: registered new interface driver usbfs
[    0.564487] usbcore: registered new interface driver hub
[    0.565673] usbcore: registered new device driver usb
[    0.574878] pps_core: LinuxPPS API ver. 1 registered
[    0.575165] pps_core: Software ver. 5.3.6 - Copyright 2005-2007 Rodolfo Giometti <giometti@linux.it>
[    0.575922] PTP clock support registered
[    0.580363] dmi: Firmware registration failed.
[    0.584105] Advanced Linux Sound Architecture Driver Initialized.
[    0.600139] clocksource: Switched to clocksource arch_sys_counter
[    0.601447] VFS: Disk quotas dquot_6.6.0
[    0.601913] VFS: Dquot-cache hash table entries: 512 (order 0, 4096 bytes)
[    0.607232] pnp: PnP ACPI: disabled
[    0.696026] NET: Registered protocol family 2
[    0.704523] TCP established hash table entries: 8192 (order: 4, 65536 bytes)
[    0.705301] TCP bind hash table entries: 8192 (order: 5, 131072 bytes)
[    0.705977] TCP: Hash tables configured (established 8192 bind 8192)
[    0.707711] UDP hash table entries: 512 (order: 2, 16384 bytes)
[    0.708562] UDP-Lite hash table entries: 512 (order: 2, 16384 bytes)
[    0.710475] NET: Registered protocol family 1
[    0.722648] RPC: Registered named UNIX socket transport module.
[    0.722989] RPC: Registered udp transport module.
[    0.723239] RPC: Registered tcp transport module.
[    0.723474] RPC: Registered tcp NFSv4.1 backchannel transport module.
[    0.729739] kvm [1]: HYP mode not available
[    0.751380] audit: initializing netlink subsys (disabled)
[    0.754964] audit: type=2000 audit(0.721:1): state=initialized audit_enabled=0 res=1
[    0.757655] workingset: timestamp_bits=44 max_order=18 bucket_order=0
[    0.842038] squashfs: version 4.0 (2009/01/31) Phillip Lougher
[    0.853620] NFS: Registering the id_resolver key type
[    0.854652] Key type id_resolver registered
[    0.854876] Key type id_legacy registered
[    0.855194] nfs4filelayout_init: NFSv4 File Layout Driver Registering...
[    0.857585] 9p: Installing v9fs 9p2000 file system support
[    0.875444] Block layer SCSI generic (bsg) driver version 0.4 loaded (major 247)
[    0.875950] io scheduler noop registered
[    0.878368] io scheduler cfq registered (default)
[    0.878619] io scheduler mq-deadline registered
[    0.878860] io scheduler kyber registered
[    0.926377] pl061_gpio 9030000.pl061: PL061 GPIO chip @0x0000000009030000 registered
[    0.939878] OF: PCI: host bridge /pcie@10000000 ranges:
[    0.941174] OF: PCI:    IO 0x3eff0000..0x3effffff -> 0x00000000
[    0.941760] OF: PCI:   MEM 0x10000000..0x3efeffff -> 0x10000000
[    0.942059] OF: PCI:   MEM 0x8000000000..0xffffffffff -> 0x8000000000
[    0.942991] pci-host-generic 3f000000.pcie: ECAM at [mem 0x3f000000-0x3fffffff] for [bus 00-0f]
[    0.945618] pci-host-generic 3f000000.pcie: PCI host bridge to bus 0000:00
[    0.946134] pci_bus 0000:00: root bus resource [bus 00-0f]
[    0.946460] pci_bus 0000:00: root bus resource [io  0x0000-0xffff]
[    0.946766] pci_bus 0000:00: root bus resource [mem 0x10000000-0x3efeffff]
[    0.947098] pci_bus 0000:00: root bus resource [mem 0x8000000000-0xffffffffff]
[    1.022969] xenfs: not registering filesystem on non-xen platform
[    1.069933] Serial: 8250/16550 driver, 4 ports, IRQ sharing enabled
[    1.088931] SuperH (H)SCI(F) driver initialized
[    1.092440] msm_serial: driver initialized
[    1.100391] cacheinfo: Unable to detect cache hierarchy for CPU 0
[    1.171512] loop: module loaded
[    1.217661]  vda: vda1 vda2
[    1.235961] hisi_sas: driver version v1.6
[    1.270761] libphy: Fixed MDIO Bus: probed
[    1.277493] tun: Universal TUN/TAP device driver, 1.6
[    1.299468] e1000e: Intel(R) PRO/1000 Network Driver - 3.2.6-k
[    1.299786] e1000e: Copyright(c) 1999 - 2015 Intel Corporation.
[    1.301822] igb: Intel(R) Gigabit Ethernet Network Driver - version 5.4.0-k
[    1.302164] igb: Copyright (c) 2007-2014 Intel Corporation.
[    1.302929] igbvf: Intel(R) Gigabit Virtual Function Network Driver - version 2.4.0-k
[    1.303306] igbvf: Copyright (c) 2009 - 2012 Intel Corporation.
[    1.307777] sky2: driver version 1.30
[    1.314082] VFIO - User Level meta-driver version: 0.3
[    1.332869] ehci_hcd: USB 2.0 'Enhanced' Host Controller (EHCI) Driver
[    1.333223] ehci-pci: EHCI PCI platform driver
[    1.334509] ehci-platform: EHCI generic platform driver
[    1.336753] ehci-orion: EHCI orion driver
[    1.338046] ehci-exynos: EHCI EXYNOS driver
[    1.339078] ehci-msm: Qualcomm On-Chip EHCI Host Controller
[    1.340766] ohci_hcd: USB 1.1 'Open' Host Controller (OHCI) Driver
[    1.341173] ohci-pci: OHCI PCI platform driver
[    1.342454] ohci-platform: OHCI generic platform driver
[    1.343799] ohci-exynos: OHCI EXYNOS driver
[    1.349919] usbcore: registered new interface driver usb-storage
[    1.373614] rtc-pl031 9010000.pl031: rtc core: registered pl031 as rtc0
[    1.381306] i2c /dev entries driver
[    1.414844] sdhci: Secure Digital Host Controller Interface driver
[    1.415136] sdhci: Copyright(c) Pierre Ossman
[    1.419455] Synopsys Designware Multimedia Card Interface Driver
[    1.427779] sdhci-pltfm: SDHCI platform and OF driver helper
[    1.440728] ledtrig-cpu: registered to indicate activity on CPUs
[    1.454300] usbcore: registered new interface driver usbhid
[    1.454615] usbhid: USB HID core driver
[    1.477051] NET: Registered protocol family 17
[    1.478387] 9pnet: Installing 9P2000 support
[    1.479264] Key type dns_resolver registered
[    1.484811] registered taskstats version 1
[    1.494863] input: gpio-keys as /devices/platform/gpio-keys/input/input0
[    1.499208] rtc-pl031 9010000.pl031: setting system clock to 2017-07-02 23:40:18 UTC (1499038818)
[    1.501572] ALSA device list:
[    1.501784]   No soundcards found.
[    1.505536] uart-pl011 9000000.pl011: no DMA platform data
[    1.531775] EXT4-fs (vda2): couldn't mount as ext3 due to feature incompatibilities
[    1.586305] EXT4-fs (vda2): recovery complete
[    1.587134] EXT4-fs (vda2): mounted filesystem with ordered data mode. Opts: (null)
[    1.587773] VFS: Mounted root (ext4 filesystem) on device 254:2.
[    1.597249] devtmpfs: mounted
[    1.643273] Freeing unused kernel memory: 1088K
bash: cannot set terminal process group (-1): Inappropriate ioctl for device
bash: no job control in this shell
bash-4.3# 