Diff for ./qemu-vexpress64/__internal/defconfig_log.txt
--- /tmp/fooa	2017-01-29 15:14:23.593632797 -0800
+++ /tmp/foob	2017-01-29 15:14:23.597632812 -0800
@@ -1,5 +1,5 @@
 Booting Linux on physical CPU 0x0
-Linux version 4.10.0-rc5-142388-g7a308bb (pwalmsley@sellafield) (gcc version 4.9.2 20140904 (prerelease) (crosstool-NG linaro-1.13.1-4.9-2014.09 - Linaro GCC 4.9-2014.09) ) #1 SMP PREEMPT Mon Jan 23 02:38:30 PST 2017
+Linux version 4.10.0-rc6-167219-g566cf87 (pwalmsley@tamien) (gcc version 4.9.2 20140904 (prerelease) (crosstool-NG linaro-1.13.1-4.9-2014.09 - Linaro GCC 4.9-2014.09) ) #1 SMP PREEMPT Sun Jan 29 15:09:57 PST 2017
 Boot CPU: AArch64 Processor [411fd070]
 Memory limited to 1024MB
 efi: Getting EFI parameters from FDT:
@@ -101,7 +101,7 @@
 kvm [1]: HYP mode not available
 futex hash table entries: 256 (order: 3, 32768 bytes)
 audit: initializing netlink subsys (disabled)
-audit: type=2000 audit(1.104:1): initialized
+audit: type=2000 audit(0.684:1): initialized
 workingset: timestamp_bits=46 max_order=18 bucket_order=0
 squashfs: version 4.0 (2009/01/31) Phillip Lougher
 NFS: Registering the id_resolver key type
@@ -167,7 +167,7 @@
 Key type dns_resolver registered
 registered taskstats version 1
 input: gpio-keys as /devices/platform/gpio-keys/input/input0
-rtc-pl031 9010000.pl031: setting system clock to 2017-01-23 10:39:23 UTC (1485167963)
+rtc-pl031 9010000.pl031: setting system clock to 2017-01-29 23:10:40 UTC (1485731440)
 ALSA device list:
   No soundcards found.
 uart-pl011 9000000.pl011: no DMA platform data
Diff for ./tegra114-dalmore-a04/tegra114-dalmore/multi_v7_defconfig_log.txt
--- /tmp/fooa	2017-01-29 15:14:23.633632950 -0800
+++ /tmp/foob	2017-01-29 15:14:23.637632965 -0800
@@ -41,18 +41,18 @@
 	 ##################################################
 	 3.1 MiB/s
 done
-Bytes transferred = 7412960 (711ce0 hex)
+Bytes transferred = 7412512 (711b20 hex)
 Tegra114 (Dalmore) # tftpboot 0x82000000 tegra114-dalmore.dtb
 Using asx0 device
 TFTP from server 192.168.100.1; our IP address is 192.168.100.100
 Filename 'tegra114-dalmore.dtb'.
 Load address: 0x82000000
 Loading: *###
-	 2.8 MiB/s
+	 3.3 MiB/s
 done
 Bytes transferred = 35044 (88e4 hex)
 Tegra114 (Dalmore) # bootz 0x81000000 - 0x82000000
-Kernel image @ 0x81000000 [ 0x000000 - 0x711ce0 ]
+Kernel image @ 0x81000000 [ 0x000000 - 0x711b20 ]
 ## Flattened Device Tree blob at 82000000
    Booting using the fdt blob at 0x82000000
    Loading Device Tree to 8fff4000, end 8ffff8e3 ... OK
@@ -60,7 +60,7 @@
 Starting kernel ...
 
 Booting Linux on physical CPU 0x0
-Linux version 4.10.0-rc5-142388-g7a308bb (pwalmsley@sellafield) (gcc version 4.7.3 20130328 (prerelease) (crosstool-NG linaro-1.13.1-4.7-2013.04-20130415 - Linaro GCC 2013.04) ) #1 SMP Mon Jan 23 02:35:51 PST 2017
+Linux version 4.10.0-rc6-142786-g566cf87 (pwalmsley@sellafield) (gcc version 4.7.3 20130328 (prerelease) (crosstool-NG linaro-1.13.1-4.7-2013.04-20130415 - Linaro GCC 2013.04) ) #1 SMP Sun Jan 29 15:05:05 PST 2017
 CPU: ARMv7 Processor [412fc0f2] revision 2 (ARMv7), cr=10c5387d
 CPU: div instructions available: patching division code
 CPU: PIPT / VIPT nonaliasing data cache, PIPT instruction cache
@@ -71,7 +71,7 @@
 cma: Reserved 64 MiB at 0xfb800000
 Memory policy: Data cache writealloc
 On node 0 totalpages: 524032
-free_area_init_node: node 0, pgdat c142b4c0, node_mem_map eeff8000
+free_area_init_node: node 0, pgdat c142b5c0, node_mem_map eeff8000
   DMA zone: 1536 pages used for memmap
   DMA zone: 0 pages reserved
   DMA zone: 196608 pages, LIFO batch:31
@@ -84,7 +84,7 @@
 PID hash table entries: 4096 (order: 2, 16384 bytes)
 Dentry cache hash table entries: 131072 (order: 7, 524288 bytes)
 Inode-cache hash table entries: 65536 (order: 6, 262144 bytes)
-Memory: 1994880K/2096128K available (9216K kernel code, 1203K rwdata, 4148K rodata, 2048K init, 536K bss, 35712K reserved, 65536K cma-reserved, 1244160K highmem)
+Memory: 1994876K/2096128K available (9216K kernel code, 1204K rwdata, 4148K rodata, 2048K init, 536K bss, 35716K reserved, 65536K cma-reserved, 1244160K highmem)
 Virtual kernel memory layout:
     vector  : 0xffff0000 - 0xffff1000   (   4 kB)
     fixmap  : 0xffc00000 - 0xfff00000   (3072 kB)
@@ -94,8 +94,8 @@
     modules : 0xbf000000 - 0xbfe00000   (  14 MB)
       .text : 0xc0208000 - 0xc0c00000   (10208 kB)
       .init : 0xc1100000 - 0xc1300000   (2048 kB)
-      .data : 0xc1300000 - 0xc142cfc0   (1204 kB)
-       .bss : 0xc142e000 - 0xc14b41d0   ( 537 kB)
+      .data : 0xc1300000 - 0xc142d0c0   (1205 kB)
+       .bss : 0xc142f000 - 0xc14b51d0   ( 537 kB)
 SLUB: HWalign=64, Order=0-3, MinObjects=0, CPUs=4, Nodes=1
 Hierarchical RCU implementation.
 	Build-time adjustment of leaf fanout to 32.
@@ -328,7 +328,7 @@
 hub 1-0:1.0: USB hub found
 hub 1-0:1.0: 1 port detected
 input: gpio-keys as /devices/soc0/gpio-keys/input/input0
-palmas-rtc 7000d000.i2c:tps65913@58:rtc: setting system clock to 2000-11-16 22:09:36 UTC (974412576)
+palmas-rtc 7000d000.i2c:tps65913@58:rtc: setting system clock to 2000-11-23 10:38:37 UTC (974975917)
 dvdd_ts: disabling
 usb1_vbus: disabling
 vdd_cam_1v8_reg: disabling
@@ -340,4 +340,4 @@
 Freeing unused kernel memory: 2048K
 bash: cannot set terminal process group (-1): Inappropriate ioctl for device
 bash: no job control in this shell
-root@(none):/# [    2.579930] usb 1-1: new high-speed USB device number 2 using tegra-ehci
+root@(none):/# [    2.589914] usb 1-1: new high-speed USB device number 2 using tegra-ehci
Diff for ./tegra114-dalmore-a04/tegra114-dalmore/tegra_defconfig_log.txt
--- /tmp/fooa	2017-01-29 15:14:23.661633056 -0800
+++ /tmp/foob	2017-01-29 15:14:23.661633056 -0800
@@ -37,20 +37,20 @@
 	 #################################################################
 	 #################################################################
 	 ###################################################
-	 2.9 MiB/s
+	 3.3 MiB/s
 done
-Bytes transferred = 5507592 (540a08 hex)
+Bytes transferred = 5507696 (540a70 hex)
 Tegra114 (Dalmore) # tftpboot 0x82000000 tegra114-dalmore.dtb
 Using asx0 device
 TFTP from server 192.168.100.1; our IP address is 192.168.100.100
 Filename 'tegra114-dalmore.dtb'.
 Load address: 0x82000000
 Loading: *###
-	 2.8 MiB/s
+	 3 MiB/s
 done
 Bytes transferred = 35044 (88e4 hex)
 Tegra114 (Dalmore) # bootz 0x81000000 - 0x82000000
-Kernel image @ 0x81000000 [ 0x000000 - 0x540a08 ]
+Kernel image @ 0x81000000 [ 0x000000 - 0x540a70 ]
 ## Flattened Device Tree blob at 82000000
    Booting using the fdt blob at 0x82000000
    Loading Device Tree to 8fff4000, end 8ffff8e3 ... OK
@@ -59,7 +59,7 @@
 
 Uncompressing Linux... done, booting the kernel.
 Booting Linux on physical CPU 0x0
-Linux version 4.10.0-rc5-142388-g7a308bb (pwalmsley@kaivo) (gcc version 4.7.3 20130328 (prerelease) (crosstool-NG linaro-1.13.1-4.7-2013.04-20130415 - Linaro GCC 2013.04) ) #1 SMP PREEMPT Mon Jan 23 02:35:40 PST 2017
+Linux version 4.10.0-rc6-142786-g566cf87 (pwalmsley@kaivo) (gcc version 4.7.3 20130328 (prerelease) (crosstool-NG linaro-1.13.1-4.7-2013.04-20130415 - Linaro GCC 2013.04) ) #1 SMP PREEMPT Sun Jan 29 15:04:43 PST 2017
 CPU: ARMv7 Processor [412fc0f2] revision 2 (ARMv7), cr=10c5387d
 CPU: div instructions available: patching division code
 CPU: PIPT / VIPT nonaliasing data cache, PIPT instruction cache
@@ -322,7 +322,7 @@
 hub 1-0:1.0: USB hub found
 hub 1-0:1.0: 1 port detected
 input: gpio-keys as /devices/soc0/gpio-keys/input/input1
-palmas-rtc 7000d000.i2c:tps65913@58:rtc: setting system clock to 2000-11-16 22:06:45 UTC (974412405)
+palmas-rtc 7000d000.i2c:tps65913@58:rtc: setting system clock to 2000-11-23 10:35:58 UTC (974975758)
 dvdd_ts: disabling
 usb1_vbus: disabling
 vdd_cam_1v8_reg: disabling
@@ -336,4 +336,5 @@
 Freeing unused kernel memory: 1024K
 bash: cannot set terminal process group (-1): Inappropriate ioctl for device
 bash: no job control in this shell
-root@(none):/# 
\ No newline at end of file
+root@(none):/# [    2.825189] usb 1-1: new high-speed USB device number 2 using tegra-ehci
+asix 1-1:1.0 eth0: register 'asix' at usb-7d008000.usb-1, ASIX AX88772 USB 2.0 Ethernet, 00:50:b6:0d:b5:16
Diff for ./tegra124-jetson-tk1/tegra124-jetson-tk1/multi_v7_defconfig_log.txt
--- /tmp/fooa	2017-01-29 15:14:23.677633117 -0800
+++ /tmp/foob	2017-01-29 15:14:23.677633117 -0800
@@ -34,9 +34,9 @@
 	 #################################################################
 	 #################################################################
 	 ##################################################
-	 4 MiB/s
+	 3.8 MiB/s
 done
-Bytes transferred = 7412960 (711ce0 hex)
+Bytes transferred = 7412512 (711b20 hex)
 Tegra124 (Jetson TK1) # tftpboot 0x83000000 tegra124-jetson-tk1.dtb
 Using eth_rtl8169 device
 TFTP from server 192.168.100.1; our IP address is 192.168.100.102
@@ -47,7 +47,7 @@
 done
 Bytes transferred = 67133 (1063d hex)
 Tegra124 (Jetson TK1) # bootz 0x82000000 - 0x83000000
-Kernel image @ 0x82000000 [ 0x000000 - 0x711ce0 ]
+Kernel image @ 0x82000000 [ 0x000000 - 0x711b20 ]
 ## Flattened Device Tree blob at 83000000
    Booting using the fdt blob at 0x83000000
    Using Device Tree in place at 83000000, end 8301363c
@@ -55,7 +55,7 @@
 Starting kernel ...
 
 Booting Linux on physical CPU 0x0
-Linux version 4.10.0-rc5-142388-g7a308bb (pwalmsley@sellafield) (gcc version 4.7.3 20130328 (prerelease) (crosstool-NG linaro-1.13.1-4.7-2013.04-20130415 - Linaro GCC 2013.04) ) #1 SMP Mon Jan 23 02:35:51 PST 2017
+Linux version 4.10.0-rc6-142786-g566cf87 (pwalmsley@sellafield) (gcc version 4.7.3 20130328 (prerelease) (crosstool-NG linaro-1.13.1-4.7-2013.04-20130415 - Linaro GCC 2013.04) ) #1 SMP Sun Jan 29 15:05:05 PST 2017
 CPU: ARMv7 Processor [413fc0f3] revision 3 (ARMv7), cr=10c5387d
 CPU: div instructions available: patching division code
 CPU: PIPT / VIPT nonaliasing data cache, PIPT instruction cache
@@ -66,7 +66,7 @@
 cma: Reserved 64 MiB at 0xfb800000
 Memory policy: Data cache writealloc
 On node 0 totalpages: 524032
-free_area_init_node: node 0, pgdat c142b4c0, node_mem_map eeff8000
+free_area_init_node: node 0, pgdat c142b5c0, node_mem_map eeff8000
   DMA zone: 1536 pages used for memmap
   DMA zone: 0 pages reserved
   DMA zone: 196608 pages, LIFO batch:31
@@ -79,7 +79,7 @@
 PID hash table entries: 4096 (order: 2, 16384 bytes)
 Dentry cache hash table entries: 131072 (order: 7, 524288 bytes)
 Inode-cache hash table entries: 65536 (order: 6, 262144 bytes)
-Memory: 1994760K/2096128K available (9216K kernel code, 1203K rwdata, 4148K rodata, 2048K init, 536K bss, 35832K reserved, 65536K cma-reserved, 1244160K highmem)
+Memory: 1994756K/2096128K available (9216K kernel code, 1204K rwdata, 4148K rodata, 2048K init, 536K bss, 35836K reserved, 65536K cma-reserved, 1244160K highmem)
 Virtual kernel memory layout:
     vector  : 0xffff0000 - 0xffff1000   (   4 kB)
     fixmap  : 0xffc00000 - 0xfff00000   (3072 kB)
@@ -89,8 +89,8 @@
     modules : 0xbf000000 - 0xbfe00000   (  14 MB)
       .text : 0xc0208000 - 0xc0c00000   (10208 kB)
       .init : 0xc1100000 - 0xc1300000   (2048 kB)
-      .data : 0xc1300000 - 0xc142cfc0   (1204 kB)
-       .bss : 0xc142e000 - 0xc14b41d0   ( 537 kB)
+      .data : 0xc1300000 - 0xc142d0c0   (1205 kB)
+       .bss : 0xc142f000 - 0xc14b51d0   ( 537 kB)
 SLUB: HWalign=64, Order=0-3, MinObjects=0, CPUs=4, Nodes=1
 Hierarchical RCU implementation.
 	Build-time adjustment of leaf fanout to 32.
@@ -314,12 +314,6 @@
 +12V_SATA: supplied by +VDD_MUX
 usb2-0 supply vbus not found, using dummy regulator
 usb2-1 supply vbus not found, using dummy regulator
-mmc0: new high speed MMC card at address 0001
-mmcblk0: mmc0:0001 SEM16G 14.7 GiB 
-mmcblk0boot0: mmc0:0001 SEM16G partition 1 4.00 MiB
-mmcblk0boot1: mmc0:0001 SEM16G partition 2 4.00 MiB
-mmcblk0rpmb: mmc0:0001 SEM16G partition 3 4.00 MiB
- mmcblk0: p1
 usb3-0 supply vbus not found, using dummy regulator
 tegra-pcie 1003000.pcie-controller: 2x1, 1x1 configuration
 tegra-pcie 1003000.pcie-controller: Failed to get supply 'avddio-pex': -517
@@ -345,15 +339,21 @@
 +2.8V_RUN_CAM_AF: Bringing 0uV into 2800000-2800000uV
 as3722-ldo11: supplied by +3.3V_RUN
 +1.8V_RUN_VPP_FUSE: Bringing 0uV into 1800000-1800000uV
+mmc0: new high speed MMC card at address 0001
+mmcblk0: mmc0:0001 SEM16G 14.7 GiB 
 tegra-ahci 70027000.sata: AHCI 0001.0301 32 slots 2 ports 3 Gbps 0x1 impl platform mode
 tegra-ahci 70027000.sata: flags: 64bit ncq sntf pm led pio slum part sadm sds apst 
+mmcblk0boot0: mmc0:0001 SEM16G partition 1 4.00 MiB
 scsi host0: tegra-ahci
+mmcblk0boot1: mmc0:0001 SEM16G partition 2 4.00 MiB
 scsi host1: tegra-ahci
 ata1: SATA max UDMA/133 mmio [mem 0x70027000-0x70028fff] port 0x100 irq 345
 ata2: DUMMY
 tegra-ehci 7d008000.usb: EHCI Host Controller
 tegra-ehci 7d008000.usb: new USB bus registered, assigned bus number 2
+mmcblk0rpmb: mmc0:0001 SEM16G partition 3 4.00 MiB
 tegra-ehci 7d008000.usb: irq 355, io mem 0x7d008000
+ mmcblk0: p1
 tegra-ehci 7d008000.usb: USB 2.0 started, EHCI 1.10
 hub 2-0:1.0: USB hub found
 hub 2-0:1.0: 1 port detected
@@ -380,9 +380,9 @@
 pci_bus 0000:00: 2-byte config write to 0000:00:02.0 offset 0x52 may corrupt adjacent RW1C bits
 pci 0000:00:02.0: PME# supported from D0 D1 D2 D3hot D3cold
 pci_bus 0000:00: 2-byte config write to 0000:00:02.0 offset 0x4c may corrupt adjacent RW1C bits
+ata1: SATA link down (SStatus 0 SControl 300)
 pci_bus 0000:00: 2-byte config write to 0000:00:01.0 offset 0x3e may corrupt adjacent RW1C bits
 pci_bus 0000:00: 2-byte config write to 0000:00:02.0 offset 0x3e may corrupt adjacent RW1C bits
-ata1: SATA link down (SStatus 0 SControl 300)
 pci_bus 0000:00: 2-byte config write to 0000:00:01.0 offset 0x4 may corrupt adjacent RW1C bits
 pci_bus 0000:00: 1-byte config write to 0000:00:01.0 offset 0xc may corrupt adjacent RW1C bits
 pci_bus 0000:00: 2-byte config write to 0000:00:02.0 offset 0x4 may corrupt adjacent RW1C bits
@@ -394,7 +394,6 @@
 pci 0000:01:00.0: reg 0x10: [mem 0x00000000-0x00001fff 64bit]
 pci 0000:01:00.0: PME# supported from D0 D3hot D3cold
 mmc1: new high speed SDHC card at address aaaa
-mmcblk1: mmc1:aaaa SD04G 3.69 GiB 
 PCI: bus1: Fast back to back transfers disabled
 pci_bus 0000:01: busn_res: [bus 01-ff] end is updated to 01
 pci 0000:02:00.0: [10ec:8168] type 00 class 0x020000
@@ -403,6 +402,7 @@
 pci 0000:02:00.0: reg 0x20: [mem 0x00000000-0x00003fff 64bit pref]
 pci 0000:02:00.0: supports D1 D2
 pci 0000:02:00.0: PME# supported from D0 D1 D2 D3hot D3cold
+mmcblk1: mmc1:aaaa SD04G 3.69 GiB 
  mmcblk1: p1 p2 p3
 PCI: bus2: Fast back to back transfers disabled
 pci_bus 0000:02: busn_res: [bus 02-ff] end is updated to 02
@@ -428,7 +428,7 @@
 pcieport 0000:00:02.0: Signaling PME with IRQ 394
 r8169 Gigabit Ethernet driver 2.3LK-NAPI loaded
 r8169 0000:02:00.0: enabling device (0140 -> 0143)
-r8169 0000:02:00.0 eth0: RTL8168g/8111g at 0xf0b54000, 00:04:4b:3a:d9:81, XID 0c000800 IRQ 395
+r8169 0000:02:00.0 eth0: RTL8168g/8111g at 0xf0b53000, 00:04:4b:3a:d9:81, XID 0c000800 IRQ 395
 r8169 0000:02:00.0 eth0: jumbo features [frames: 9200 bytes, tx checksumming: ko]
 [drm] Supports vblank timestamp caching Rev 2 (21.10.2013).
 [drm] No driver support for vblank timestamp query.
@@ -440,7 +440,7 @@
 cpufreq: cpufreq_online: CPU0: Running at unlisted freq: 696000 KHz
 cpufreq: cpufreq_online: CPU0: Unlisted initial frequency changed to: 714000 KHz
 input: gpio-keys as /devices/soc0/gpio-keys/input/input0
-as3722-rtc as3722-rtc: setting system clock to 2000-01-01 00:00:14 UTC (946684814)
+as3722-rtc as3722-rtc: setting system clock to 2000-01-01 00:01:58 UTC (946684918)
 +USB0_VBUS_SW: disabling
 +1.8V_RUN_CAM: disabling
 +2.8V_RUN_CAM: disabling
Diff for ./tegra124-jetson-tk1/tegra124-jetson-tk1/tegra_defconfig_log.txt
--- /tmp/fooa	2017-01-29 15:14:23.697633193 -0800
+++ /tmp/foob	2017-01-29 15:14:23.697633193 -0800
@@ -32,20 +32,20 @@
 	 #################################################################
 	 #################################################################
 	 ###################################################
-	 3.4 MiB/s
+	 4 MiB/s
 done
-Bytes transferred = 5507592 (540a08 hex)
+Bytes transferred = 5507696 (540a70 hex)
 Tegra124 (Jetson TK1) # tftpboot 0x83000000 tegra124-jetson-tk1.dtb
 Using eth_rtl8169 device
 TFTP from server 192.168.100.1; our IP address is 192.168.100.102
 Filename 'tegra124-jetson-tk1.dtb'.
 Load address: 0x83000000
 Loading: *#####
-	 3.6 MiB/s
+	 3.8 MiB/s
 done
 Bytes transferred = 67133 (1063d hex)
 Tegra124 (Jetson TK1) # bootz 0x82000000 - 0x83000000
-Kernel image @ 0x82000000 [ 0x000000 - 0x540a08 ]
+Kernel image @ 0x82000000 [ 0x000000 - 0x540a70 ]
 ## Flattened Device Tree blob at 83000000
    Booting using the fdt blob at 0x83000000
    Using Device Tree in place at 83000000, end 8301363c
@@ -54,7 +54,7 @@
 
 Uncompressing Linux... done, booting the kernel.
 Booting Linux on physical CPU 0x0
-Linux version 4.10.0-rc5-142388-g7a308bb (pwalmsley@kaivo) (gcc version 4.7.3 20130328 (prerelease) (crosstool-NG linaro-1.13.1-4.7-2013.04-20130415 - Linaro GCC 2013.04) ) #1 SMP PREEMPT Mon Jan 23 02:35:40 PST 2017
+Linux version 4.10.0-rc6-142786-g566cf87 (pwalmsley@kaivo) (gcc version 4.7.3 20130328 (prerelease) (crosstool-NG linaro-1.13.1-4.7-2013.04-20130415 - Linaro GCC 2013.04) ) #1 SMP PREEMPT Sun Jan 29 15:04:43 PST 2017
 CPU: ARMv7 Processor [413fc0f3] revision 3 (ARMv7), cr=10c5387d
 CPU: div instructions available: patching division code
 CPU: PIPT / VIPT nonaliasing data cache, PIPT instruction cache
Diff for ./tegra124-nyan-big/tegra124-nyan-big/multi_v7_defconfig_log.txt
--- /tmp/fooa	2017-01-29 15:14:23.713633254 -0800
+++ /tmp/foob	2017-01-29 15:14:23.717633270 -0800
@@ -14,7 +14,7 @@
 Err:   serial
 Net:   Net Initialization Skipped
 No ethernet found.
-Hit any key to stop autoboot:  2  1  0 
+Hit any key to stop autoboot:  2  0 
 Tegra124 (Nyan-big) # 
 Tegra124 (Nyan-big) # usb start
 starting USB...
@@ -44,18 +44,18 @@
 	 ##################################################
 	 3.6 MiB/s
 done
-Bytes transferred = 7412960 (711ce0 hex)
+Bytes transferred = 7412512 (711b20 hex)
 Tegra124 (Nyan-big) # tftpboot 0x83000000 tegra124-nyan-big.dtb
 Using asx0 device
 TFTP from server 192.168.100.1; our IP address is 192.168.100.102
 Filename 'tegra124-nyan-big.dtb'.
 Load address: 0x83000000
 Loading: *#####
-	 3.2 MiB/s
+	 3.6 MiB/s
 done
 Bytes transferred = 67943 (10967 hex)
 Tegra124 (Nyan-big) # bootz 0x82000000 - 0x83000000
-Kernel image @ 0x82000000 [ 0x000000 - 0x711ce0 ]
+Kernel image @ 0x82000000 [ 0x000000 - 0x711b20 ]
 ## Flattened Device Tree blob at 83000000
    Booting using the fdt blob at 0x83000000
    Using Device Tree in place at 83000000, end 83013966
@@ -63,7 +63,7 @@
 Starting kernel ...
 
 Booting Linux on physical CPU 0x0
-Linux version 4.10.0-rc5-142388-g7a308bb (pwalmsley@sellafield) (gcc version 4.7.3 20130328 (prerelease) (crosstool-NG linaro-1.13.1-4.7-2013.04-20130415 - Linaro GCC 2013.04) ) #1 SMP Mon Jan 23 02:35:51 PST 2017
+Linux version 4.10.0-rc6-142786-g566cf87 (pwalmsley@sellafield) (gcc version 4.7.3 20130328 (prerelease) (crosstool-NG linaro-1.13.1-4.7-2013.04-20130415 - Linaro GCC 2013.04) ) #1 SMP Sun Jan 29 15:05:05 PST 2017
 CPU: ARMv7 Processor [413fc0f3] revision 3 (ARMv7), cr=10c5387d
 CPU: div instructions available: patching division code
 CPU: PIPT / VIPT nonaliasing data cache, PIPT instruction cache
@@ -75,7 +75,7 @@
 cma: Reserved 64 MiB at 0xfb800000
 Memory policy: Data cache writealloc
 On node 0 totalpages: 524287
-free_area_init_node: node 0, pgdat c142b4c0, node_mem_map eeff8000
+free_area_init_node: node 0, pgdat c142b5c0, node_mem_map eeff8000
   DMA zone: 1536 pages used for memmap
   DMA zone: 0 pages reserved
   DMA zone: 196608 pages, LIFO batch:31
@@ -88,7 +88,7 @@
 PID hash table entries: 4096 (order: 2, 16384 bytes)
 Dentry cache hash table entries: 131072 (order: 7, 524288 bytes)
 Inode-cache hash table entries: 65536 (order: 6, 262144 bytes)
-Memory: 1995776K/2097148K available (9216K kernel code, 1203K rwdata, 4148K rodata, 2048K init, 536K bss, 35836K reserved, 65536K cma-reserved, 1245180K highmem)
+Memory: 1995772K/2097148K available (9216K kernel code, 1204K rwdata, 4148K rodata, 2048K init, 536K bss, 35840K reserved, 65536K cma-reserved, 1245180K highmem)
 Virtual kernel memory layout:
     vector  : 0xffff0000 - 0xffff1000   (   4 kB)
     fixmap  : 0xffc00000 - 0xfff00000   (3072 kB)
@@ -98,8 +98,8 @@
     modules : 0xbf000000 - 0xbfe00000   (  14 MB)
       .text : 0xc0208000 - 0xc0c00000   (10208 kB)
       .init : 0xc1100000 - 0xc1300000   (2048 kB)
-      .data : 0xc1300000 - 0xc142cfc0   (1204 kB)
-       .bss : 0xc142e000 - 0xc14b41d0   ( 537 kB)
+      .data : 0xc1300000 - 0xc142d0c0   (1205 kB)
+       .bss : 0xc142f000 - 0xc14b51d0   ( 537 kB)
 SLUB: HWalign=64, Order=0-3, MinObjects=0, CPUs=4, Nodes=1
 Hierarchical RCU implementation.
 	Build-time adjustment of leaf fanout to 32.
@@ -295,8 +295,6 @@
 mmc0: Unknown controller version (3). You may experience problems.
 mmc0: Invalid maximum block size, assuming 512 bytes
 mmc0: SDHCI controller on 700b0600.sdhci [700b0600.sdhci] using ADMA
-elan_i2c 1-0015: Elan Touchpad: Module ID: 0x002a, Firmware: 0x0005, Sample: 0x0007, IAP: 0x0009
-input: Elan Touchpad as /devices/soc0/7000c400.i2c/i2c-1/1-0015/input/input0
 ledtrig-cpu: registered to indicate activity on CPUs
 usbcore: registered new interface driver usbhid
 usbhid: USB HID core driver
@@ -305,6 +303,7 @@
 sit: IPv6, IPv4 and MPLS over IPv4 tunneling driver
 NET: Registered protocol family 17
 can: controller area network core (rev 20120528 abi 9)
+elan_i2c 1-0015: Elan Touchpad: Module ID: 0x002a, Firmware: 0x0005, Sample: 0x0007, IAP: 0x0009
 NET: Registered protocol family 29
 can: raw protocol (rev 20120528)
 can: broadcast manager protocol (rev 20161123 t)
@@ -323,7 +322,6 @@
 +5V_USB_SS: supplied by +5V_SYS
 +3.3V_PANEL: supplied by +3.3V_RUN
 +3.3V_LP0: supplied by +3.3V_SYS
-elan_i2c 1-0015: failed to read report data: -121
 +1.05V_RUN_AVDD_HDMI_PLL: supplied by +1.05V_RUN
 +5V_HDMI_CON: supplied by +5V_SYS
 usb3-0 supply vbus not found, using dummy regulator
@@ -347,7 +345,7 @@
 mmc2: Invalid maximum block size, assuming 512 bytes
 mmc1: new high speed SDIO card at address 0001
 mmc2: SDHCI controller on 700b0400.sdhci [700b0400.sdhci] using ADMA
-elan_i2c 1-0015: invalid report id data (ff)
+input: Elan Touchpad as /devices/soc0/7000c400.i2c/i2c-1/1-0015/input/input0
 [drm] Supports vblank timestamp caching Rev 2 (21.10.2013).
 [drm] No driver support for vblank timestamp query.
 mmc2: new high speed SDHC card at address 0007
@@ -362,7 +360,7 @@
 drm drm: fb0:  frame buffer device
 [drm] Initialized tegra 0.0.0 20120330 on minor 0
 input: gpio-keys as /devices/soc0/gpio-keys/input/input1
-as3722-rtc as3722-rtc: setting system clock to 2000-01-01 00:00:24 UTC (946684824)
+as3722-rtc as3722-rtc: setting system clock to 2000-01-01 00:00:23 UTC (946684823)
 +1.8V_RUN_CAM: disabling
 +3.3V_RUN_CAM: disabling
 +1.2V_RUN_CAM_FRONT: disabling
Diff for ./tegra124-nyan-big/tegra124-nyan-big/tegra_defconfig_log.txt
--- /tmp/fooa	2017-01-29 15:14:23.721633285 -0800
+++ /tmp/foob	2017-01-29 15:14:23.725633300 -0800
@@ -14,7 +14,7 @@
 Err:   serial
 Net:   Net Initialization Skipped
 No ethernet found.
-Hit any key to stop autoboot:  2  0 
+Hit any key to stop autoboot:  2  1  0 
 Tegra124 (Nyan-big) # 
 Tegra124 (Nyan-big) # usb start
 starting USB...
@@ -39,10 +39,10 @@
 	 #################################################################
 	 #################################################################
 	 #################################################################
-	 ###################################################
-	 3.4 MiB/s
+	 ####################T T ###############################
+	 418.9 KiB/s
 done
-Bytes transferred = 5507592 (540a08 hex)
+Bytes transferred = 5507696 (540a70 hex)
 Tegra124 (Nyan-big) # tftpboot 0x83000000 tegra124-nyan-big.dtb
 Using asx0 device
 TFTP from server 192.168.100.1; our IP address is 192.168.100.102
@@ -53,7 +53,7 @@
 done
 Bytes transferred = 67943 (10967 hex)
 Tegra124 (Nyan-big) # bootz 0x82000000 - 0x83000000
-Kernel image @ 0x82000000 [ 0x000000 - 0x540a08 ]
+Kernel image @ 0x82000000 [ 0x000000 - 0x540a70 ]
 ## Flattened Device Tree blob at 83000000
    Booting using the fdt blob at 0x83000000
    Using Device Tree in place at 83000000, end 83013966
@@ -62,7 +62,7 @@
 
 Uncompressing Linux... done, booting the kernel.
 Booting Linux on physical CPU 0x0
-Linux version 4.10.0-rc5-142388-g7a308bb (pwalmsley@kaivo) (gcc version 4.7.3 20130328 (prerelease) (crosstool-NG linaro-1.13.1-4.7-2013.04-20130415 - Linaro GCC 2013.04) ) #1 SMP PREEMPT Mon Jan 23 02:35:40 PST 2017
+Linux version 4.10.0-rc6-142786-g566cf87 (pwalmsley@kaivo) (gcc version 4.7.3 20130328 (prerelease) (crosstool-NG linaro-1.13.1-4.7-2013.04-20130415 - Linaro GCC 2013.04) ) #1 SMP PREEMPT Sun Jan 29 15:04:43 PST 2017
 CPU: ARMv7 Processor [413fc0f3] revision 3 (ARMv7), cr=10c5387d
 CPU: div instructions available: patching division code
 CPU: PIPT / VIPT nonaliasing data cache, PIPT instruction cache
@@ -235,7 +235,6 @@
 as3722-ldo10: supplied by +5V_SYS
 +2.8V_RUN_CAM_AF: Bringing 0uV into 2800000-2800000uV
 +1.8V_RUN_VPP_FUSE: Bringing 0uV into 1800000-1800000uV
-cros-ec-spi spi32766.0: packet too long (249 bytes, expected 4)
 cros-ec-spi spi32766.0: Chrome EC device registered
 random: fast init done
 m25p80 spi32765.0: w25q32dw (4096 Kbytes)
@@ -287,50 +286,50 @@
 tegra30-i2s 70301100.i2s: DMA channels sourced from device 70300000.ahub
 BUG: scheduling while atomic: kworker/0:1/37/0x00000002
 Modules linked in:
-CPU: 0 PID: 37 Comm: kworker/0:1 Not tainted 4.10.0-rc5-142388-g7a308bb #1
+CPU: 0 PID: 37 Comm: kworker/0:1 Not tainted 4.10.0-rc6-142786-g566cf87 #1
 Hardware name: NVIDIA Tegra SoC (Flattened Device Tree)
 Workqueue: events_freezable mmc_rescan
 [<c010f358>] (unwind_backtrace) from [<c010a900>] (show_stack+0x10/0x14)
-[<c010a900>] (show_stack) from [<c034df7c>] (dump_stack+0x84/0xa4)
-[<c034df7c>] (dump_stack) from [<c01b4d9c>] (__schedule_bug+0x60/0x80)
-[<c01b4d9c>] (__schedule_bug) from [<c0829778>] (__schedule+0x528/0x60c)
-[<c0829778>] (__schedule) from [<c0829a2c>] (schedule+0x50/0xc0)
-[<c0829a2c>] (schedule) from [<c0829c88>] (schedule_preempt_disabled+0x24/0x40)
-[<c0829c88>] (schedule_preempt_disabled) from [<c082dbf0>] (__mutex_lock_slowpath+0x400/0x6f0)
-[<c082dbf0>] (__mutex_lock_slowpath) from [<c03c5d8c>] (clk_prepare_lock+0x3c/0xe4)
-[<c03c5d8c>] (clk_prepare_lock) from [<c03c8294>] (clk_set_rate+0x14/0x30)
-[<c03c8294>] (clk_set_rate) from [<c05de8a8>] (tegra_sdhci_set_clock+0x28/0xdc)
-[<c05de8a8>] (tegra_sdhci_set_clock) from [<c05dda14>] (sdhci_set_ios+0x2d8/0x584)
-[<c05dda14>] (sdhci_set_ios) from [<c05c7e34>] (mmc_set_bus_mode+0x18/0x1c)
-[<c05c7e34>] (mmc_set_bus_mode) from [<c05cad38>] (mmc_init_card+0xb4/0x1824)
-[<c05cad38>] (mmc_init_card) from [<c05cc81c>] (mmc_attach_mmc+0x8c/0x14c)
-[<c05cc81c>] (mmc_attach_mmc) from [<c05c8da0>] (mmc_rescan+0x274/0x34c)
-[<c05c8da0>] (mmc_rescan) from [<c0134cb0>] (process_one_work+0x120/0x31c)
-[<c0134cb0>] (process_one_work) from [<c0134f10>] (worker_thread+0x2c/0x4b4)
-[<c0134f10>] (worker_thread) from [<c013a41c>] (kthread+0xfc/0x134)
-[<c013a41c>] (kthread) from [<c0107938>] (ret_from_fork+0x14/0x3c)
+[<c010a900>] (show_stack) from [<c034e0bc>] (dump_stack+0x84/0xa4)
+[<c034e0bc>] (dump_stack) from [<c01b4db4>] (__schedule_bug+0x60/0x80)
+[<c01b4db4>] (__schedule_bug) from [<c0829998>] (__schedule+0x528/0x60c)
+[<c0829998>] (__schedule) from [<c0829c4c>] (schedule+0x50/0xc0)
+[<c0829c4c>] (schedule) from [<c0829ea8>] (schedule_preempt_disabled+0x24/0x40)
+[<c0829ea8>] (schedule_preempt_disabled) from [<c082de10>] (__mutex_lock_slowpath+0x400/0x6f0)
+[<c082de10>] (__mutex_lock_slowpath) from [<c03c5f00>] (clk_prepare_lock+0x3c/0xe4)
+[<c03c5f00>] (clk_prepare_lock) from [<c03c8408>] (clk_set_rate+0x14/0x30)
+[<c03c8408>] (clk_set_rate) from [<c05dea38>] (tegra_sdhci_set_clock+0x28/0xdc)
+[<c05dea38>] (tegra_sdhci_set_clock) from [<c05ddba4>] (sdhci_set_ios+0x2d8/0x584)
+[<c05ddba4>] (sdhci_set_ios) from [<c05c7fc4>] (mmc_set_bus_mode+0x18/0x1c)
+[<c05c7fc4>] (mmc_set_bus_mode) from [<c05caec8>] (mmc_init_card+0xb4/0x1824)
+[<c05caec8>] (mmc_init_card) from [<c05cc9ac>] (mmc_attach_mmc+0x8c/0x14c)
+[<c05cc9ac>] (mmc_attach_mmc) from [<c05c8f30>] (mmc_rescan+0x274/0x34c)
+[<c05c8f30>] (mmc_rescan) from [<c0134cc0>] (process_one_work+0x120/0x31c)
+[<c0134cc0>] (process_one_work) from [<c0134f20>] (worker_thread+0x2c/0x4b4)
+[<c0134f20>] (worker_thread) from [<c013a42c>] (kthread+0xfc/0x134)
+[<c013a42c>] (kthread) from [<c0107938>] (ret_from_fork+0x14/0x3c)
 BUG: scheduling while atomic: kworker/0:1/37/0x00000000
 Modules linked in:
-CPU: 0 PID: 37 Comm: kworker/0:1 Tainted: G        W       4.10.0-rc5-142388-g7a308bb #1
+CPU: 0 PID: 37 Comm: kworker/0:1 Tainted: G        W       4.10.0-rc6-142786-g566cf87 #1
 Hardware name: NVIDIA Tegra SoC (Flattened Device Tree)
 Workqueue: events_freezable mmc_rescan
 [<c010f358>] (unwind_backtrace) from [<c010a900>] (show_stack+0x10/0x14)
-[<c010a900>] (show_stack) from [<c034df7c>] (dump_stack+0x84/0xa4)
-[<c034df7c>] (dump_stack) from [<c01b4d9c>] (__schedule_bug+0x60/0x80)
-[<c01b4d9c>] (__schedule_bug) from [<c0829778>] (__schedule+0x528/0x60c)
-[<c0829778>] (__schedule) from [<c0829a2c>] (schedule+0x50/0xc0)
-[<c0829a2c>] (schedule) from [<c082f5c4>] (schedule_timeout+0x1c0/0x2e4)
-[<c082f5c4>] (schedule_timeout) from [<c082a378>] (wait_for_common+0xbc/0x148)
-[<c082a378>] (wait_for_common) from [<c05c6964>] (mmc_wait_for_req_done+0x7c/0x104)
-[<c05c6964>] (mmc_wait_for_req_done) from [<c05c6b28>] (mmc_wait_for_cmd+0x58/0x78)
-[<c05c6b28>] (mmc_wait_for_cmd) from [<c05cd1ec>] (mmc_go_idle+0x78/0xec)
-[<c05cd1ec>] (mmc_go_idle) from [<c05cacb8>] (mmc_init_card+0x34/0x1824)
-[<c05cacb8>] (mmc_init_card) from [<c05cc81c>] (mmc_attach_mmc+0x8c/0x14c)
-[<c05cc81c>] (mmc_attach_mmc) from [<c05c8da0>] (mmc_rescan+0x274/0x34c)
-[<c05c8da0>] (mmc_rescan) from [<c0134cb0>] (process_one_work+0x120/0x31c)
-[<c0134cb0>] (process_one_work) from [<c0134f10>] (worker_thread+0x2c/0x4b4)
-[<c0134f10>] (worker_thread) from [<c013a41c>] (kthread+0xfc/0x134)
-[<c013a41c>] (kthread) from [<c0107938>] (ret_from_fork+0x14/0x3c)
+[<c010a900>] (show_stack) from [<c034e0bc>] (dump_stack+0x84/0xa4)
+[<c034e0bc>] (dump_stack) from [<c01b4db4>] (__schedule_bug+0x60/0x80)
+[<c01b4db4>] (__schedule_bug) from [<c0829998>] (__schedule+0x528/0x60c)
+[<c0829998>] (__schedule) from [<c0829c4c>] (schedule+0x50/0xc0)
+[<c0829c4c>] (schedule) from [<c082f7e4>] (schedule_timeout+0x1c0/0x2e4)
+[<c082f7e4>] (schedule_timeout) from [<c082a598>] (wait_for_common+0xbc/0x148)
+[<c082a598>] (wait_for_common) from [<c05c6af4>] (mmc_wait_for_req_done+0x7c/0x104)
+[<c05c6af4>] (mmc_wait_for_req_done) from [<c05c6cb8>] (mmc_wait_for_cmd+0x58/0x78)
+[<c05c6cb8>] (mmc_wait_for_cmd) from [<c05cd37c>] (mmc_go_idle+0x78/0xec)
+[<c05cd37c>] (mmc_go_idle) from [<c05cae48>] (mmc_init_card+0x34/0x1824)
+[<c05cae48>] (mmc_init_card) from [<c05cc9ac>] (mmc_attach_mmc+0x8c/0x14c)
+[<c05cc9ac>] (mmc_attach_mmc) from [<c05c8f30>] (mmc_rescan+0x274/0x34c)
+[<c05c8f30>] (mmc_rescan) from [<c0134cc0>] (process_one_work+0x120/0x31c)
+[<c0134cc0>] (process_one_work) from [<c0134f20>] (worker_thread+0x2c/0x4b4)
+[<c0134f20>] (worker_thread) from [<c013a42c>] (kthread+0xfc/0x134)
+[<c013a42c>] (kthread) from [<c0107938>] (ret_from_fork+0x14/0x3c)
 max98090 0-0010: MAX98090 REVID=0x43
 max98090 0-0010: use default 2.8v micbias
 tegra-snd-max98090 sound: HiFi <-> 70301100.i2s mapping ok
@@ -401,9 +400,9 @@
 mmc2: Invalid maximum block size, assuming 512 bytes
 mmc1: new high speed SDIO card at address 0001
 mmc2: SDHCI controller on 700b0400.sdhci [700b0400.sdhci] using ADMA
+input: tegra-hda HDMI/DP,pcm=3 as /devices/soc0/70030000.hda/sound/card0/input3
 [drm] Supports vblank timestamp caching Rev 2 (21.10.2013).
 [drm] No driver support for vblank timestamp query.
-input: tegra-hda HDMI/DP,pcm=3 as /devices/soc0/70030000.hda/sound/card0/input3
 usb 1-2: new high-speed USB device number 2 using tegra-xusb
 mmc2: new high speed SDHC card at address 0007
 mmcblk2: mmc2:0007 SD08G 7.42 GiB 
@@ -412,12 +411,12 @@
 GPT:Primary header thinks Alt. header is not at the end of the disk.
 GPT:3014591 != 15564799
 GPT: Use GNU Parted to correct GPT errors.
- mmcblk2: p1 p2 p3 p4 p5 p6 p7 p8 p9 p10 p11 p12
 Console: switching to colour frame buffer device 170x48
+ mmcblk2: p1 p2 p3 p4 p5 p6 p7 p8 p9 p10 p11 p12
 drm drm: fb0:  frame buffer device
 [drm] Initialized tegra 0.0.0 20120330 on minor 0
 input: gpio-keys as /devices/soc0/gpio-keys/input/input4
-as3722-rtc as3722-rtc: setting system clock to 2000-01-01 00:00:22 UTC (946684822)
+as3722-rtc as3722-rtc: setting system clock to 2000-01-01 00:00:35 UTC (946684835)
 +1.8V_RUN_CAM: disabling
 +1.2V_RUN_CAM_FRONT: disabling
 +1.05V_RUN_CAM_REAR: disabling
Diff for ./tegra132-norrin/tegra132-norrin/defconfig_log.txt
--- /tmp/fooa	2017-01-29 15:14:23.741633361 -0800
+++ /tmp/foob	2017-01-29 15:14:23.745633376 -0800
@@ -1,3 +1,6 @@
+Rebooting device after flashing.
+TegraBoot Init
+Processing in cold boot mode
 NVRM Initialized shmoo database
 NVRM CLOCKS: PLLX0:      0 Khz
 NVRM CLOCKS: PLLM0:      792000 Khz
@@ -28,7 +31,7 @@
 MSENC clock is set to  79200 KHz
 Vde clock is set to 204000 KHz
 
-Bootloader-Cpu Init at (time stamp): 1800656 us
+Bootloader-Cpu Init at (time stamp): 1800591 us
 
 Pinmux changes applied in kernel way
 
@@ -56,23 +59,23 @@
 The proc BoardInfo: 0x0176:0x0001:0x01:0x43:0x00
 FastbootAddAtag: setting ATAG (0)
 
-Board Id Read Time: 4 us
+Board Id Read Time: 3 us
 Power Rail enable Time: 1 us
 
-Miscellaneous avp time: 1800629  us
-Bootloader (AosInit) time: 733428 us
-Bootloader Main Init time: 180273 us
-BlockDevMgrInit time: 157488 us
+Miscellaneous avp time: 1800565  us
+Bootloader (AosInit) time: 733495 us
+Bootloader Main Init time: 180179 us
+BlockDevMgrInit time: 157533 us
 PartMgrInit time: 8 us
 StorMgrInit time: 30 us
 FsMgrInit time: 2 us
-Partition Table load: 77138 us 
-Display init time: 574499 us
-Kernel read time: 379 msec
+Partition Table load: 77011 us 
+Display init time: 574611 us
+Kernel read time: 378 msec
 Load Kernel Size:   16304128 Bytes
-Bl Kernel ReadSpeed: 43018000 Bytes/sec
-Pre-Kernel Jump time: 1739974 us
-Clearing 32 Bit State and Warm resetting to 64bit mode: 5842909 us
+Bl Kernel ReadSpeed: 43132000 Bytes/sec
+Pre-Kernel Jump time: 1740259 us
+Clearing 32 Bit State and Warm resetting to 64bit mode: 5844350 us
 Booting Linux on physical CPU 0x0
 Linux version 4.8.0-239303-g3477d16 (pwalmsley@tamien) (gcc version 4.9.2 20140904 (prerelease) (crosstool-NG linaro-1.13.1-4.9-2014.09 - Linaro GCC 4.9-2014.09) ) #1 SMP PREEMPT Fri Oct 7 01:12:37 PDT 2016
 Boot CPU: AArch64 Processor [4e0f0000]
@@ -181,7 +184,7 @@
 kvm [1]: HYP mode not available
 futex hash table entries: 256 (order: 3, 32768 bytes)
 audit: initializing netlink subsys (disabled)
-audit: type=2000 audit(1.175:1): initialized
+audit: type=2000 audit(1.135:1): initialized
 workingset: timestamp_bits=46 max_order=19 bucket_order=0
 squashfs: version 4.0 (2009/01/31) Phillip Lougher
 NFS: Registering the id_resolver key type
@@ -248,9 +251,10 @@
 mmc0: new high speed MMC card at address 0001
 mmcblk0: mmc0:0001 SEM16G 14.7 GiB 
 mmcblk0boot0: mmc0:0001 SEM16G partition 1 4.00 MiB
-+VDD_LED: supplied by +VDD_MUX
 mmcblk0boot1: mmc0:0001 SEM16G partition 2 4.00 MiB
++VDD_LED: supplied by +VDD_MUX
 mmcblk0rpmb: mmc0:0001 SEM16G partition 3 4.00 MiB
+ mmcblk0: p1 p2 p3 p4 p5 p6 p7 p8
 +5V_USB_HS: supplied by +5V_SYS
 +5V_USB_SS: supplied by +5V_SYS
 +5V_HDMI_CON: supplied by +5V_SYS
@@ -269,9 +273,6 @@
 Freeing unused kernel memory: 960K (ffff800000c00000 - ffff800000cf0000)
 sdhci-tegra 700b0400.sdhci: Got CD GPIO
 sdhci-tegra 700b0400.sdhci: Got WP GPIO
- mmcblk0: p1 p2 p3 p4 p5 p6 p7 p8
-sdhci-tegra 700b0400.sdhci: Got CD GPIO
-sdhci-tegra 700b0400.sdhci: Got WP GPIO
 
 System initialization...
 
Diff for ./tegra20-trimslice/tegra20-trimslice/multi_v7_defconfig_log.txt
--- /tmp/fooa	2017-01-29 15:14:23.765633453 -0800
+++ /tmp/foob	2017-01-29 15:14:23.765633453 -0800
@@ -49,18 +49,18 @@
 	 ##################################################
 	 4 MiB/s
 done
-Bytes transferred = 7412960 (711ce0 hex)
+Bytes transferred = 7412512 (711b20 hex)
 Tegra20 (TrimSlice) # tftpboot 0x02408000 tegra20-trimslice.dtb
 Using RTL8169#0 device
 TFTP from server 192.168.100.1; our IP address is 192.168.100.103
 Filename 'tegra20-trimslice.dtb'.
 Load address: 0x2408000
 Loading: *##
-	 3.4 MiB/s
+	 4.1 MiB/s
 done
 Bytes transferred = 21404 (539c hex)
 Tegra20 (TrimSlice) # bootz 0x00408000 - 0x02408000
-Kernel image @ 0x408000 [ 0x000000 - 0x711ce0 ]
+Kernel image @ 0x408000 [ 0x000000 - 0x711b20 ]
 ## Flattened Device Tree blob at 02408000
    Booting using the fdt blob at 0x2408000
    Using Device Tree in place at 02408000, end 0241039b
@@ -68,7 +68,7 @@
 Starting kernel ...
 
 Booting Linux on physical CPU 0x0
-Linux version 4.10.0-rc5-142388-g7a308bb (pwalmsley@sellafield) (gcc version 4.7.3 20130328 (prerelease) (crosstool-NG linaro-1.13.1-4.7-2013.04-20130415 - Linaro GCC 2013.04) ) #1 SMP Mon Jan 23 02:35:51 PST 2017
+Linux version 4.10.0-rc6-142786-g566cf87 (pwalmsley@sellafield) (gcc version 4.7.3 20130328 (prerelease) (crosstool-NG linaro-1.13.1-4.7-2013.04-20130415 - Linaro GCC 2013.04) ) #1 SMP Sun Jan 29 15:05:05 PST 2017
 CPU: ARMv7 Processor [411fc090] revision 0 (ARMv7), cr=10c5387d
 CPU: PIPT / VIPT nonaliasing data cache, VIPT aliasing instruction cache
 OF: fdt:Machine model: Compulab TrimSlice board
@@ -78,7 +78,7 @@
 cma: Reserved 64 MiB at 0x3c000000
 Memory policy: Data cache writealloc
 On node 0 totalpages: 262144
-free_area_init_node: node 0, pgdat c142b4c0, node_mem_map ef7f8000
+free_area_init_node: node 0, pgdat c142b5c0, node_mem_map ef7f8000
   DMA zone: 1536 pages used for memmap
   DMA zone: 0 pages reserved
   DMA zone: 196608 pages, LIFO batch:31
@@ -91,7 +91,7 @@
 PID hash table entries: 4096 (order: 2, 16384 bytes)
 Dentry cache hash table entries: 131072 (order: 7, 524288 bytes)
 Inode-cache hash table entries: 65536 (order: 6, 262144 bytes)
-Memory: 955684K/1048576K available (9216K kernel code, 1203K rwdata, 4148K rodata, 2048K init, 536K bss, 27356K reserved, 65536K cma-reserved, 196608K highmem)
+Memory: 955680K/1048576K available (9216K kernel code, 1204K rwdata, 4148K rodata, 2048K init, 536K bss, 27360K reserved, 65536K cma-reserved, 196608K highmem)
 Virtual kernel memory layout:
     vector  : 0xffff0000 - 0xffff1000   (   4 kB)
     fixmap  : 0xffc00000 - 0xfff00000   (3072 kB)
@@ -101,8 +101,8 @@
     modules : 0xbf000000 - 0xbfe00000   (  14 MB)
       .text : 0xc0208000 - 0xc0c00000   (10208 kB)
       .init : 0xc1100000 - 0xc1300000   (2048 kB)
-      .data : 0xc1300000 - 0xc142cfc0   (1204 kB)
-       .bss : 0xc142e000 - 0xc14b41d0   ( 537 kB)
+      .data : 0xc1300000 - 0xc142d0c0   (1205 kB)
+       .bss : 0xc142f000 - 0xc14b51d0   ( 537 kB)
 SLUB: HWalign=64, Order=0-3, MinObjects=0, CPUs=2, Nodes=1
 Hierarchical RCU implementation.
 	Build-time adjustment of leaf fanout to 32.
@@ -343,7 +343,7 @@
 hub 2-0:1.0: USB hub found
 hub 2-0:1.0: 1 port detected
 input: gpio-keys as /devices/soc0/gpio-keys/input/input0
-rtc-em3027 2-0056: setting system clock to 2015-02-06 04:25:40 UTC (1423196740)
+rtc-em3027 2-0056: setting system clock to 2015-02-07 04:59:53 UTC (1423285193)
 EXT4-fs (mmcblk0p1): mounting ext3 file system using the ext4 subsystem
 mmc1: new high speed SD card at address b368
 mmcblk1: mmc1:b368 NCard 1.83 GiB (ro)
@@ -360,4 +360,5 @@
 Freeing unused kernel memory: 2048K
 bash: cannot set terminal process group (-1): Inappropriate ioctl for device
 bash: no job control in this shell
+root@(none):/#  
 root@(none):/# 
\ No newline at end of file
Diff for ./tegra20-trimslice/tegra20-trimslice/tegra_defconfig_log.txt
--- /tmp/fooa	2017-01-29 15:14:23.785633529 -0800
+++ /tmp/foob	2017-01-29 15:14:23.785633529 -0800
@@ -45,20 +45,20 @@
 	 #################################################################
 	 #################################################################
 	 ###################################################
-	 3.6 MiB/s
+	 4 MiB/s
 done
-Bytes transferred = 5507592 (540a08 hex)
+Bytes transferred = 5507696 (540a70 hex)
 Tegra20 (TrimSlice) # tftpboot 0x02408000 tegra20-trimslice.dtb
 Using RTL8169#0 device
 TFTP from server 192.168.100.1; our IP address is 192.168.100.103
 Filename 'tegra20-trimslice.dtb'.
 Load address: 0x2408000
 Loading: *##
-	 2.9 MiB/s
+	 3.4 MiB/s
 done
 Bytes transferred = 21404 (539c hex)
 Tegra20 (TrimSlice) # bootz 0x00408000 - 0x02408000
-Kernel image @ 0x408000 [ 0x000000 - 0x540a08 ]
+Kernel image @ 0x408000 [ 0x000000 - 0x540a70 ]
 ## Flattened Device Tree blob at 02408000
    Booting using the fdt blob at 0x2408000
    Using Device Tree in place at 02408000, end 0241039b
@@ -67,7 +67,7 @@
 
 Uncompressing Linux... done, booting the kernel.
 Booting Linux on physical CPU 0x0
-Linux version 4.10.0-rc5-142388-g7a308bb (pwalmsley@kaivo) (gcc version 4.7.3 20130328 (prerelease) (crosstool-NG linaro-1.13.1-4.7-2013.04-20130415 - Linaro GCC 2013.04) ) #1 SMP PREEMPT Mon Jan 23 02:35:40 PST 2017
+Linux version 4.10.0-rc6-142786-g566cf87 (pwalmsley@kaivo) (gcc version 4.7.3 20130328 (prerelease) (crosstool-NG linaro-1.13.1-4.7-2013.04-20130415 - Linaro GCC 2013.04) ) #1 SMP PREEMPT Sun Jan 29 15:04:43 PST 2017
 CPU: ARMv7 Processor [411fc090] revision 0 (ARMv7), cr=10c5387d
 CPU: PIPT / VIPT nonaliasing data cache, VIPT aliasing instruction cache
 OF: fdt:Machine model: Compulab TrimSlice board
@@ -350,7 +350,7 @@
 hub 2-0:1.0: USB hub found
 hub 2-0:1.0: 1 port detected
 input: gpio-keys as /devices/soc0/gpio-keys/input/input0
-rtc-em3027 2-0056: setting system clock to 2015-02-06 04:24:07 UTC (1423196647)
+rtc-em3027 2-0056: setting system clock to 2015-02-07 04:58:04 UTC (1423285084)
 ALSA device list:
   #0: tegra-trimslice
 EXT4-fs (mmcblk0p1): mounting ext3 file system using the ext4 subsystem
@@ -364,4 +364,5 @@
 Freeing unused kernel memory: 1024K
 bash: cannot set terminal process group (-1): Inappropriate ioctl for device
 bash: no job control in this shell
+root@(none):/#  
 root@(none):/# 
\ No newline at end of file
Diff for ./tegra210-p2371-0000/tegra210-p2371-0000/defconfig_log.txt
--- /tmp/fooa	2017-01-29 15:14:23.793633559 -0800
+++ /tmp/foob	2017-01-29 15:14:23.793633559 -0800
@@ -64,17 +64,17 @@
 Loading and Validation of Secure OS Successful
 NvTbootPackSdramParams: start. 
 NvTbootPackSdramParams: done. 
-Tegraboot started after 801365 us
-Basic modules init took 348645 us
+Tegraboot started after 722669 us
+Basic modules init took 348742 us
 Sec Bootdevice Read Time = 202 ms, Read Size = 8459 KB
-Next stage binary read took 14371 us
-Carveout took 252722 us
-CPU initialization took 92306 us
-Total time taken by TegraBoot 708044 us
+Next stage binary read took 14366 us
+Carveout took 252902 us
+CPU initialization took 92327 us
+Total time taken by TegraBoot 708337 us
 
 Starting CPU & Halting co-processor 
 
-64b[0001.639] LPDDR4 Training: Number of tables = 10
+64b[0001.562] LPDDR4 Training: Number of tables = 10
 EMC Training (SRC-freq: 204000; DST-freq: 408000)
 EMC Training Successful
 EMC Training (SRC-freq: 204000; DST-freq: 665600)
@@ -108,7 +108,7 @@
 Tegra210 (P2371-0000) # 
 Tegra210 (P2371-0000) # ums 0 mmc 0
 UMS: disk start sector: 0x0, count: 0x1d5a000
-|/-\|/-\/-\|/-\/-\|/-\/-\|/-\/-\|/-\/-\|/-\/-\|/-\/-\|/-\/-\|/-\/-\|/-\/-\|/-\/-\|/-\CTRL+C - Operation aborted
+|/-\|/-\/-\|/-\/-\|/-\/-\|/-\/-\|/-\/-\|/-\/-\|/-\/-\|/-\/-\|/-\CTRL+C - Operation aborted
 Tegra210 (P2371-0000) # 
 Tegra210 (P2371-0000) # env set fdt_copy_node_names /cpus:/psci
 Tegra210 (P2371-0000) # setenv rootpart 1
@@ -119,9 +119,9 @@
 Tegra210 (P2371-0000) # load ${devtype} ${devnum}:${rootpart} ${kernel_addr_r} /boot/Image.defconfig
 14993920 bytes read in 796 ms (18 MiB/s)
 Tegra210 (P2371-0000) # load ${devtype} ${devnum}:${rootpart} ${fdt_addr_r} /boot/tegra210-p2371-0000.dtb
-44882 bytes read in 461 ms (94.7 KiB/s)
+44882 bytes read in 454 ms (95.7 KiB/s)
 Tegra210 (P2371-0000) # load ${devtype} ${devnum}:${rootpart} ${ramdisk_addr_r} /boot/tegra-ramdisk.img
-1627787 bytes read in 495 ms (3.1 MiB/s)
+1627787 bytes read in 502 ms (3.1 MiB/s)
 Tegra210 (P2371-0000) # ramdisk_size=${filesize}
 Tegra210 (P2371-0000) # booti ${kernel_addr_r} - ${fdt_addr_r}
 ## Flattened Device Tree blob at 82000000
@@ -131,7 +131,7 @@
 Starting kernel ...
 
 Booting Linux on physical CPU 0x0
-Linux version 4.10.0-rc5-142388-g7a308bb (pwalmsley@sellafield) (gcc version 4.9.2 20140904 (prerelease) (crosstool-NG linaro-1.13.1-4.9-2014.09 - Linaro GCC 4.9-2014.09) ) #1 SMP PREEMPT Mon Jan 23 02:38:30 PST 2017
+Linux version 4.10.0-rc6-167219-g566cf87 (pwalmsley@tamien) (gcc version 4.9.2 20140904 (prerelease) (crosstool-NG linaro-1.13.1-4.9-2014.09 - Linaro GCC 4.9-2014.09) ) #1 SMP PREEMPT Sun Jan 29 15:09:57 PST 2017
 Boot CPU: AArch64 Processor [411fd071]
 debug: ignoring loglevel setting.
 earlycon: uart8250 at MMIO32 0x0000000070006000 (options '')
@@ -254,7 +254,7 @@
 RPC: Registered tcp NFSv4.1 backchannel transport module.
 PCI: CLS 0 bytes, default 128
 kvm [1]: 8-bit VMID
-kvm [1]: IDMAP page: 808b9000
+kvm [1]: IDMAP page: 808ba000
 kvm [1]: HYP VA range: 800000000000:ffffffffffff
 kvm [1]: Hyp mode initialized successfully
 kvm [1]: vgic-v2@50044000
@@ -262,7 +262,7 @@
 kvm [1]: virtual timer IRQ4
 futex hash table entries: 1024 (order: 5, 131072 bytes)
 audit: initializing netlink subsys (disabled)
-audit: type=2000 audit(0.527:1): initialized
+audit: type=2000 audit(0.547:1): initialized
 workingset: timestamp_bits=46 max_order=20 bucket_order=0
 squashfs: version 4.0 (2009/01/31) Phillip Lougher
 NFS: Registering the id_resolver key type
@@ -342,6 +342,6 @@
 devtmpfs: mounted
 Freeing unused kernel memory: 1024K
 bash: cannot set terminal process group (-1): Inappropriate ioctl for device
-bash: no job contr[    1.350193] random: fast init done
+bash: no job contr[    1.369535] random: fast init done
 ol in this shell
 root@(none):/# 
\ No newline at end of file
Diff for ./tegra210-smaug/tegra210-smaug/defconfig_log.txt
--- /tmp/fooa	2017-01-29 15:14:23.801633590 -0800
+++ /tmp/foob	2017-01-29 15:14:23.801633590 -0800
@@ -1,4 +1,6 @@
-Ø	2dL—000000] bootconsole [uart0] enabled
+ MiB at 0x00000000f5400000
+earlycon: uart0 at MMIO 0x0000000070006000 (options '115200n8')
+bootconsole [uart0] enabled
 psci: probing for conduit method from DT.
 psci: PSCIv1.0 detected in firmware.
 psci: Using standard PSCI v0.2 function IDs
@@ -50,7 +52,7 @@
  (comparison mask = 0xf8000000)
 boot misc2 0x0: expected 0xf400f0da
  (comparison mask = 0xffffffff)
-boot misc3 0x3648: expected 0x2004f400
+boot misc3 0x3678: expected 0x2004f400
  (comparison mask = 0xffffffff)
 PLL_P already enabled. Postponing set full defaults
 PLL_X already enabled. Postponing set full defaults
@@ -63,7 +65,7 @@
 console [tty0] enabled
 bootconsole [uart0] disabled
 Booting Linux on physical CPU 0x0
-Linux version 4.10.0-rc5-142388-g7a308bb (pwalmsley@sellafield) (gcc version 4.9.2 20140904 (prerelease) (crosstool-NG linaro-1.13.1-4.9-2014.09 - Linaro GCC 4.9-2014.09) ) #1 SMP PREEMPT Mon Jan 23 02:38:30 PST 2017
+Linux version 4.10.0-rc6-167219-g566cf87 (pwalmsley@tamien) (gcc version 4.9.2 20140904 (prerelease) (crosstool-NG linaro-1.13.1-4.9-2014.09 - Linaro GCC 4.9-2014.09) ) #1 SMP PREEMPT Sun Jan 29 15:09:57 PST 2017
 Boot CPU: AArch64 Processor [411fd071]
 efi: Getting EFI parameters from FDT:
 efi: UEFI not found.
@@ -121,7 +123,7 @@
  (comparison mask = 0xf8000000)
 boot misc2 0x0: expected 0xf400f0da
  (comparison mask = 0xffffffff)
-boot misc3 0x3648: expected 0x2004f400
+boot misc3 0x3678: expected 0x2004f400
  (comparison mask = 0xffffffff)
 PLL_P already enabled. Postponing set full defaults
 PLL_X already enabled. Postponing set full defaults
@@ -201,7 +203,7 @@
 Unpacking initramfs...
 Freeing initrd memory: 2364K
 kvm [1]: 8-bit VMID
-kvm [1]: IDMAP page: 808b9000
+kvm [1]: IDMAP page: 808ba000
 kvm [1]: HYP VA range: 800000000000:ffffffffffff
 kvm [1]: Hyp mode initialized successfully
 kvm [1]: vgic-v2@50044000
@@ -209,7 +211,7 @@
 kvm [1]: virtual timer IRQ4
 futex hash table entries: 1024 (order: 5, 131072 bytes)
 audit: initializing netlink subsys (disabled)
-audit: type=2000 audit(0.363:1): initialized
+audit: type=2000 audit(0.359:1): initialized
 workingset: timestamp_bits=46 max_order=20 bucket_order=0
 squashfs: version 4.0 (2009/01/31) Phillip Lougher
 NFS: Registering the id_resolver key type
@@ -278,8 +280,8 @@
 tegra_rtc 7000e000.rtc: rtc core: registered 7000e000.rtc as rtc1
 tegra_rtc 7000e000.rtc: Tegra internal Real Time Clock
 i2c /dev entries driver
-bq27xxx-battery 2-0055: failed to register battery
-bq27xxx-battery: probe of 2-0055 failed with error -22
+(NULL device *): hwmon_device_register() is deprecated. Please convert the driver to use hwmon_device_register_with_info().
+bq27xxx-battery 2-0055: support ver. 1.2.0 enabled
 sdhci: Secure Digital Host Controller Interface driver
 sdhci: Copyright(c) Pierre Ossman
 Synopsys Designware Multimedia Card Interface Driver
@@ -298,18 +300,18 @@
 tegra-i2c 7000d100.i2c: could not find pctldev for node /host1x@50000000/dpaux@545c0000/pinmux-i2c, deferring probe
 mmc0: new high speed MMC card at address 0001
 mmcblk0: mmc0:0001 BGND3R 29.1 GiB 
-max77686-rtc max77620-rtc: setting system clock to 2000-11-03 16:06:54 UTC (973267614)
 mmcblk0boot0: mmc0:0001 BGND3R partition 1 4.00 MiB
 mmcblk0boot1: mmc0:0001 BGND3R partition 2 4.00 MiB
 mmcblk0rpmb: mmc0:0001 BGND3R partition 3 4.00 MiB
+max77686-rtc max77620-rtc: setting system clock to 2000-11-10 04:37:49 UTC (973831069)
+ mmcblk0: p1 p2 p3 p4 p5 p6 p7 p8 p9 p10 p11
+tegra-i2c 7000d100.i2c: could not find pctldev for node /host1x@50000000/dpaux@545c0000/pinmux-i2c, deferring probe
 PP1200_AVDD: disabling
 PP1200_RCAM: disabling
 PP2800L_RCAM: disabling
 PP2800L_FCAM: disabling
 PP_LDO6: disabling
 PPLCD_VDD: disabling
- mmcblk0: p1 p2 p3 p4 p5 p6 p7 p8 p9 p10 p11
-tegra-i2c 7000d100.i2c: could not find pctldev for node /host1x@50000000/dpaux@545c0000/pinmux-i2c, deferring probe
 PP1800_LCDIO: disabling
 PP1800_CAM: disabling
 ALSA device list:
Diff for ./tegra30-beaver/tegra30-beaver/multi_v7_defconfig_log.txt
--- /tmp/fooa	2017-01-29 15:14:23.809633620 -0800
+++ /tmp/foob	2017-01-29 15:14:23.813633635 -0800
@@ -41,18 +41,18 @@
 	 ##################################################
 	 3.2 MiB/s
 done
-Bytes transferred = 7412960 (711ce0 hex)
+Bytes transferred = 7412512 (711b20 hex)
 Tegra30 (Beaver) # tftpboot 0x82000000 tegra30-beaver.dtb
 Using asx0 device
 TFTP from server 192.168.100.1; our IP address is 192.168.100.101
 Filename 'tegra30-beaver.dtb'.
 Load address: 0x82000000
 Loading: *####
-	 3.3 MiB/s
+	 3.1 MiB/s
 done
 Bytes transferred = 51804 (ca5c hex)
 Tegra30 (Beaver) # bootz 0x81000000 - 0x82000000
-Kernel image @ 0x81000000 [ 0x000000 - 0x711ce0 ]
+Kernel image @ 0x81000000 [ 0x000000 - 0x711b20 ]
 ## Flattened Device Tree blob at 82000000
    Booting using the fdt blob at 0x82000000
    Loading Device Tree to 8fff0000, end 8ffffa5b ... OK
@@ -60,7 +60,7 @@
 Starting kernel ...
 
 Booting Linux on physical CPU 0x0
-Linux version 4.10.0-rc5-142388-g7a308bb (pwalmsley@sellafield) (gcc version 4.7.3 20130328 (prerelease) (crosstool-NG linaro-1.13.1-4.7-2013.04-20130415 - Linaro GCC 2013.04) ) #1 SMP Mon Jan 23 02:35:51 PST 2017
+Linux version 4.10.0-rc6-142786-g566cf87 (pwalmsley@sellafield) (gcc version 4.7.3 20130328 (prerelease) (crosstool-NG linaro-1.13.1-4.7-2013.04-20130415 - Linaro GCC 2013.04) ) #1 SMP Sun Jan 29 15:05:05 PST 2017
 CPU: ARMv7 Processor [412fc099] revision 9 (ARMv7), cr=10c5387d
 CPU: PIPT / VIPT nonaliasing data cache, VIPT aliasing instruction cache
 OF: fdt:Machine model: NVIDIA Tegra30 Beaver evaluation board
@@ -70,7 +70,7 @@
 cma: Reserved 64 MiB at 0xfb800000
 Memory policy: Data cache writealloc
 On node 0 totalpages: 524032
-free_area_init_node: node 0, pgdat c142b4c0, node_mem_map eeff8000
+free_area_init_node: node 0, pgdat c142b5c0, node_mem_map eeff8000
   DMA zone: 1536 pages used for memmap
   DMA zone: 0 pages reserved
   DMA zone: 196608 pages, LIFO batch:31
@@ -83,7 +83,7 @@
 PID hash table entries: 4096 (order: 2, 16384 bytes)
 Dentry cache hash table entries: 131072 (order: 7, 524288 bytes)
 Inode-cache hash table entries: 65536 (order: 6, 262144 bytes)
-Memory: 1994800K/2096128K available (9216K kernel code, 1203K rwdata, 4148K rodata, 2048K init, 536K bss, 35792K reserved, 65536K cma-reserved, 1244160K highmem)
+Memory: 1994796K/2096128K available (9216K kernel code, 1204K rwdata, 4148K rodata, 2048K init, 536K bss, 35796K reserved, 65536K cma-reserved, 1244160K highmem)
 Virtual kernel memory layout:
     vector  : 0xffff0000 - 0xffff1000   (   4 kB)
     fixmap  : 0xffc00000 - 0xfff00000   (3072 kB)
@@ -93,8 +93,8 @@
     modules : 0xbf000000 - 0xbfe00000   (  14 MB)
       .text : 0xc0208000 - 0xc0c00000   (10208 kB)
       .init : 0xc1100000 - 0xc1300000   (2048 kB)
-      .data : 0xc1300000 - 0xc142cfc0   (1204 kB)
-       .bss : 0xc142e000 - 0xc14b41d0   ( 537 kB)
+      .data : 0xc1300000 - 0xc142d0c0   (1205 kB)
+       .bss : 0xc142f000 - 0xc14b51d0   ( 537 kB)
 SLUB: HWalign=64, Order=0-3, MinObjects=0, CPUs=4, Nodes=1
 Hierarchical RCU implementation.
 	Build-time adjustment of leaf fanout to 32.
@@ -295,29 +295,29 @@
 can: raw protocol (rev 20120528)
 can: broadcast manager protocol (rev 20161123 t)
 can: netlink gateway (rev 20130117) max_hops=1
+mmc1: new high speed MMC card at address 0001
+mmcblk1: mmc1:0001 SEM16G 14.8 GiB 
+mmcblk1boot0: mmc1:0001 SEM16G partition 1 1.00 MiB
+mmcblk1boot1: mmc1:0001 SEM16G partition 2 1.00 MiB
+mmcblk1rpmb: mmc1:0001 SEM16G partition 3 128 KiB
+Primary GPT is invalid, using alternate GPT.
+ mmcblk1: p1 p2 p3 p4 p5
 Key type dns_resolver registered
 ThumbEE CPU extension supported.
 Registering SWP/SWPB emulation handler
 vdd_ddr: supplied by vdd_5v_in
 vdd_5v_sata: supplied by vdd_5v_in
+mmc0: new ultra high speed DDR50 SDHC card at address aaaa
+mmcblk0: mmc0:aaaa SS04G 3.69 GiB 
 usb1_vbus: supplied by vdd_5v_in
 usb3_vbus: supplied by vdd_5v_in
+ mmcblk0: p1 p2 p3
 sys_3v3,vdd_3v3_alw: supplied by vdd_5v_in
 +VDD_5V_HDMI: supplied by sys_3v3,vdd_3v3_alw
 sys_3v3_pexs: supplied by sys_3v3,vdd_3v3_alw
 tegra-pcie 3000.pcie-controller: 2x3 configuration
 tegra-pcie 3000.pcie-controller: probing port 0, using 2 lanes
-mmc1: new high speed MMC card at address 0001
-mmcblk1: mmc1:0001 SEM16G 14.8 GiB 
-mmcblk1boot0: mmc1:0001 SEM16G partition 1 1.00 MiB
-mmcblk1boot1: mmc1:0001 SEM16G partition 2 1.00 MiB
-mmc0: new ultra high speed DDR50 SDHC card at address aaaa
-mmcblk1rpmb: mmc1:0001 SEM16G partition 3 128 KiB
-mmcblk0: mmc0:aaaa SS04G 3.69 GiB 
-Primary GPT is invalid, using alternate GPT.
- mmcblk1: p1 p2 p3 p4 p5
 tegra-pcie 3000.pcie-controller: probing port 2, using 2 lanes
- mmcblk0: p1 p2 p3
 tegra-pcie 3000.pcie-controller: link 2 down, retrying
 tegra-pcie 3000.pcie-controller: link 2 down, retrying
 tegra-pcie 3000.pcie-controller: link 2 down, retrying
@@ -395,5 +395,5 @@
 Freeing unused kernel memory: 2048K
 bash: cannot set terminal process group (-1): Inappropriate ioctl for device
 bash: no job control in this shell
-root@(none):/# [    4.173933] usb 2-1: new high-speed USB device number 2 using tegra-ehci
+root@(none):/# [    4.193980] usb 2-1: new high-speed USB device number 2 using tegra-ehci
 asix 2-1:1.0 eth1: register 'asix' at usb-7d008000.usb-1, ASIX AX88772 USB 2.0 Ethernet, 00:50:b6:0f:67:60
Diff for ./tegra30-beaver/tegra30-beaver/tegra_defconfig_log.txt
--- /tmp/fooa	2017-01-29 15:14:23.817633651 -0800
+++ /tmp/foob	2017-01-29 15:14:23.821633666 -0800
@@ -37,20 +37,20 @@
 	 #################################################################
 	 #################################################################
 	 ###################################################
-	 2.8 MiB/s
+	 3.4 MiB/s
 done
-Bytes transferred = 5507592 (540a08 hex)
+Bytes transferred = 5507696 (540a70 hex)
 Tegra30 (Beaver) # tftpboot 0x82000000 tegra30-beaver.dtb
 Using asx0 device
 TFTP from server 192.168.100.1; our IP address is 192.168.100.101
 Filename 'tegra30-beaver.dtb'.
 Load address: 0x82000000
 Loading: *####
-	 2.9 MiB/s
+	 1.3 MiB/s
 done
 Bytes transferred = 51804 (ca5c hex)
 Tegra30 (Beaver) # bootz 0x81000000 - 0x82000000
-Kernel image @ 0x81000000 [ 0x000000 - 0x540a08 ]
+Kernel image @ 0x81000000 [ 0x000000 - 0x540a70 ]
 ## Flattened Device Tree blob at 82000000
    Booting using the fdt blob at 0x82000000
    Loading Device Tree to 8fff0000, end 8ffffa5b ... OK
@@ -59,7 +59,7 @@
 
 Uncompressing Linux... done, booting the kernel.
 Booting Linux on physical CPU 0x0
-Linux version 4.10.0-rc5-142388-g7a308bb (pwalmsley@kaivo) (gcc version 4.7.3 20130328 (prerelease) (crosstool-NG linaro-1.13.1-4.7-2013.04-20130415 - Linaro GCC 2013.04) ) #1 SMP PREEMPT Mon Jan 23 02:35:40 PST 2017
+Linux version 4.10.0-rc6-142786-g566cf87 (pwalmsley@kaivo) (gcc version 4.7.3 20130328 (prerelease) (crosstool-NG linaro-1.13.1-4.7-2013.04-20130415 - Linaro GCC 2013.04) ) #1 SMP PREEMPT Sun Jan 29 15:04:43 PST 2017
 CPU: ARMv7 Processor [412fc099] revision 9 (ARMv7), cr=10c5387d
 CPU: PIPT / VIPT nonaliasing data cache, VIPT aliasing instruction cache
 OF: fdt:Machine model: NVIDIA Tegra30 Beaver evaluation board
@@ -391,4 +391,4 @@
 Freeing unused kernel memory: 1024K
 bash: cannot set terminal process group (-1): Inappropriate ioctl for device
 bash: no job control in this shell
-root@(none):/# [    4.490404] usb 2-1: new high-speed USB device number 2 using tegra-ehci
+root@(none):/# [    4.490396] usb 2-1: new high-speed USB device number 2 using tegra-ehci
