

U-Boot 2015.04-00466-gedec83e90172 (Mar 14 2016 - 10:42:01)

TEGRA124
Model: Acer Chromebook 13 CB5-311
DRAM:  4 GiB
:   Tegra SD/MMC: 0, Tegra SD/MMC: 1, Tegra SD/MMC: 2
MMC init failed
Using default environment

In:    serial
Out:   serial
Err:   serial
Net:   Net Initialization Skipped
No ethernet found.
Hit any key to stop autoboot:  2  0 
Tegra124 (Nyan-big) # 
Tegra124 (Nyan-big) # usb start
starting USB...
USB0:   USB EHCI 1.10
scanning bus 0 for devices... 2 USB Device(s) found
USB1:   USB EHCI 1.10
scanning bus 1 for devices... 2 USB Device(s) found
       scanning usb for storage devices... 1 Storage Device(s) found
       scanning usb for ethernet devices... 
Warning: asx0 using MAC address from net device
1 Ethernet Device(s) found
Tegra124 (Nyan-big) # mw 0x7000e4a0 0x00080000
Tegra124 (Nyan-big) # setenv bootargs 'ignore_loglevel console=ttyS0,115200n8 rw root=PARTUUID=4d36e82a-b3c0-4b4b-bfcd-afe5217ac023 rootwait gpt debug noinitrd earlyprintk init=/bin/bash'
Tegra124 (Nyan-big) # setenv ipaddr 192.168.100.102; setenv serverip 192.168.100.1; setenv tftpserverip 192.168.100.1
Tegra124 (Nyan-big) # tftpboot 0x82000000 zImage.multi_v7_defconfig
Using asx0 device
TFTP from server 192.168.100.1; our IP address is 192.168.100.102
Filename 'zImage.multi_v7_defconfig'.
Load address: 0x82000000
Loading: *#################################################################
	 #################################################################
	 #################################################################
	 #################################################################
	 #################################################################
	 #################################################################
	 #################################################################
	 ###########################################################
	 2.8 MiB/s
done
Bytes transferred = 7536112 (72fdf0 hex)
Tegra124 (Nyan-big) # tftpboot 0x83000000 tegra124-nyan-big.dtb
Using asx0 device
TFTP from server 192.168.100.1; our IP address is 192.168.100.102
Filename 'tegra124-nyan-big.dtb'.
Load address: 0x83000000
Loading: *#####
	 2.6 MiB/s
done
Bytes transferred = 68155 (10a3b hex)
Tegra124 (Nyan-big) # bootz 0x82000000 - 0x83000000
Kernel image @ 0x82000000 [ 0x000000 - 0x72fdf0 ]
## Flattened Device Tree blob at 83000000
   Booting using the fdt blob at 0x83000000
   Using Device Tree in place at 83000000, end 83013a3a

Starting kernel ...

[    0.000000] Booting Linux on physical CPU 0x0
[    0.000000] Linux version 4.11.0-rc5-156411-ga71c9a1 (jonathanh@sellafield) (gcc version 4.7.3 20130328 (prerelease) (crosstool-NG linaro-1.13.1-4.7-2013.04-20130415 - Linaro GCC 2013.04) ) #1 SMP Sun Apr 2 18:05:00 PDT 2017
[    0.000000] CPU: ARMv7 Processor [413fc0f3] revision 3 (ARMv7), cr=10c5387d
[    0.000000] CPU: div instructions available: patching division code
[    0.000000] CPU: PIPT / VIPT nonaliasing data cache, PIPT instruction cache
[    0.000000] OF: fdt: Machine model: Acer Chromebook 13 CB5-311
[    0.000000] OF: fdt: Ignoring memory range 0x100000000 - 0x17ffff000
[    0.000000] debug: ignoring loglevel setting.
[    0.000000] efi: Getting EFI parameters from FDT:
[    0.000000] efi: UEFI not found.
[    0.000000] cma: Reserved 64 MiB at 0xfb800000
[    0.000000] Memory policy: Data cache writealloc
[    0.000000] On node 0 totalpages: 524287
[    0.000000] free_area_init_node: node 0, pgdat c15381c0, node_mem_map eeff8000
[    0.000000]   DMA zone: 1536 pages used for memmap
[    0.000000]   DMA zone: 0 pages reserved
[    0.000000]   DMA zone: 196608 pages, LIFO batch:31
[    0.000000]   HighMem zone: 327679 pages, LIFO batch:31
[    0.000000] percpu: Embedded 16 pages/cpu @eef85000 s34432 r8192 d22912 u65536
[    0.000000] pcpu-alloc: s34432 r8192 d22912 u65536 alloc=16*4096
[    0.000000] pcpu-alloc: [0] 0 [0] 1 [0] 2 [0] 3 
[    0.000000] Built 1 zonelists in Zone order, mobility grouping on.  Total pages: 522751
[    0.000000] Kernel command line: ignore_loglevel console=ttyS0,115200n8 rw root=PARTUUID=4d36e82a-b3c0-4b4b-bfcd-afe5217ac023 rootwait gpt debug noinitrd earlyprintk init=/bin/bash
[    0.000000] PID hash table entries: 4096 (order: 2, 16384 bytes)
[    0.000000] Dentry cache hash table entries: 131072 (order: 7, 524288 bytes)
[    0.000000] Inode-cache hash table entries: 65536 (order: 6, 262144 bytes)
[    0.000000] Memory: 1994668K/2097148K available (10240K kernel code, 1254K rwdata, 4212K rodata, 2048K init, 536K bss, 36944K reserved, 65536K cma-reserved, 1245180K highmem)
[    0.000000] Virtual kernel memory layout:
[    0.000000]     vector  : 0xffff0000 - 0xffff1000   (   4 kB)
[    0.000000]     fixmap  : 0xffc00000 - 0xfff00000   (3072 kB)
[    0.000000]     vmalloc : 0xf0800000 - 0xff800000   ( 240 MB)
[    0.000000]     lowmem  : 0xc0000000 - 0xf0000000   ( 768 MB)
[    0.000000]     pkmap   : 0xbfe00000 - 0xc0000000   (   2 MB)
[    0.000000]     modules : 0xbf000000 - 0xbfe00000   (  14 MB)
[    0.000000]       .text : 0xc0208000 - 0xc0d00000   (11232 kB)
[    0.000000]       .init : 0xc1200000 - 0xc1400000   (2048 kB)
[    0.000000]       .data : 0xc1400000 - 0xc1539ae0   (1255 kB)
[    0.000000]        .bss : 0xc153b000 - 0xc15c12b8   ( 537 kB)
[    0.000000] SLUB: HWalign=64, Order=0-3, MinObjects=0, CPUs=4, Nodes=1
[    0.000000] Hierarchical RCU implementation.
[    0.000000] 	RCU debugfs-based tracing is enabled.
[    0.000000] 	Build-time adjustment of leaf fanout to 32.
[    0.000000] 	RCU restricting CPUs from NR_CPUS=16 to nr_cpu_ids=4.
[    0.000000] RCU: Adjusting geometry for rcu_fanout_leaf=32, nr_cpu_ids=4
[    0.000000] NR_IRQS:16 nr_irqs:16 16
[    0.000000] /interrupt-controller@60004000: 160 interrupts forwarded to /interrupt-controller@50041000
[    0.000000] Tegra clk 127: register failed with -17
[    0.000003] sched_clock: 32 bits at 1000kHz, resolution 1000ns, wraps every 2147483647500ns
[    0.000012] clocksource: timer_us: mask: 0xffffffff max_cycles: 0xffffffff, max_idle_ns: 1911260446275 ns
[    0.000019] Switching to timer-based delay loop, resolution 1000ns
[    0.001861] arm_arch_timer: Architected cp15 timer(s) running at 12.00MHz (virt).
[    0.001868] clocksource: arch_sys_counter: mask: 0xffffffffffffff max_cycles: 0x2c47f4ee7, max_idle_ns: 440795202497 ns
[    0.001875] sched_clock: 56 bits at 12MHz, resolution 83ns, wraps every 4398046511096ns
[    0.001880] Switching to timer-based delay loop, resolution 83ns
[    0.002095] Console: colour dummy device 80x30
[    0.002110] Calibrating delay loop (skipped), value calculated using timer frequency.. 24.00 BogoMIPS (lpj=120000)
[    0.002117] pid_max: default: 32768 minimum: 301
[    0.002162] Mount-cache hash table entries: 2048 (order: 1, 8192 bytes)
[    0.002166] Mountpoint-cache hash table entries: 2048 (order: 1, 8192 bytes)
[    0.002365] CPU: Testing write buffer coherency: ok
[    0.002487] /cpus/cpu@0 missing clock-frequency property
[    0.002501] /cpus/cpu@1 missing clock-frequency property
[    0.002516] /cpus/cpu@2 missing clock-frequency property
[    0.002530] /cpus/cpu@3 missing clock-frequency property
[    0.002536] CPU0: thread -1, cpu 0, socket 0, mpidr 80000000
[    0.002653] Setting up static identity map for 0x80300000 - 0x80300098
[    0.004033] Tegra Revision: A01 SKU: 131 CPU Process: 1 SoC Process: 1
[    0.004265] EFI services will not be available.
[    0.004357] smp: Bringing up secondary CPUs ...
[    0.004597] CPU1: thread -1, cpu 1, socket 0, mpidr 80000001
[    0.011975] CPU2: thread -1, cpu 2, socket 0, mpidr 80000002
[    0.021975] CPU3: thread -1, cpu 3, socket 0, mpidr 80000003
[    0.031756] smp: Brought up 1 node, 4 CPUs
[    0.031764] SMP: Total of 4 processors activated (96.00 BogoMIPS).
[    0.031768] CPU: All CPU(s) started in SVC mode.
[    0.032318] devtmpfs: initialized
[    0.037867] VFP support v0.3: implementor 41 architecture 4 part 30 variant f rev 0
[    0.038058] clocksource: jiffies: mask: 0xffffffff max_cycles: 0xffffffff, max_idle_ns: 19112604462750000 ns
[    0.038066] futex hash table entries: 1024 (order: 4, 65536 bytes)
[    0.038635] pinctrl core: initialized pinctrl subsystem
[    0.039400] NET: Registered protocol family 16
[    0.040141] DMA: preallocated 256 KiB pool for atomic coherent allocations
[    0.041038] cpuidle: using governor menu
[    0.050008] No ATAGs?
[    0.050063] hw-breakpoint: found 5 (+1 reserved) breakpoint and 4 watchpoint registers.
[    0.050069] hw-breakpoint: maximum watchpoint size is 8 bytes.
[    0.052620] Serial: AMBA PL011 UART driver
[    0.052967] tegra-mc 70019000.memory-controller: no memory timings for RAM code 0 registered
[    0.058199] +5V_SYS: supplied by +VDD_MUX
[    0.058294] +3.3V_SYS: supplied by +VDD_MUX
[    0.058500] +VDD_LED: Failed to request enable GPIO122: -517
[    0.058506] reg-fixed-voltage regulators:regulator@5: Failed to register regulator: -517
[    0.058538] +5V_VDD_TS_SW: Failed to request enable GPIO81: -517
[    0.058543] reg-fixed-voltage regulators:regulator@6: Failed to register regulator: -517
[    0.058571] +5V_USB_HS: Failed to request enable GPIO108: -517
[    0.058576] reg-fixed-voltage regulators:regulator@7: Failed to register regulator: -517
[    0.058605] +5V_USB_SS: Failed to request enable GPIO109: -517
[    0.058610] reg-fixed-voltage regulators:regulator@8: Failed to register regulator: -517
[    0.058687] +1.05V_RUN_AVDD_HDMI_PLL: Failed to request enable GPIO63: -517
[    0.058692] reg-fixed-voltage regulators:regulator@11: Failed to register regulator: -517
[    0.058719] +5V_HDMI_CON: Failed to request enable GPIO86: -517
[    0.058724] reg-fixed-voltage regulators:regulator@12: Failed to register regulator: -517
[    0.059771] vgaarb: loaded
[    0.060037] SCSI subsystem initialized
[    0.060105] libata version 3.00 loaded.
[    0.060192] usbcore: registered new interface driver usbfs
[    0.060212] usbcore: registered new interface driver hub
[    0.060236] usbcore: registered new device driver usb
[    0.061499] pps_core: LinuxPPS API ver. 1 registered
[    0.061503] pps_core: Software ver. 5.3.6 - Copyright 2005-2007 Rodolfo Giometti <giometti@linux.it>
[    0.061511] PTP clock support registered
[    0.061575] EDAC MC: Ver: 3.0.0
[    0.061986] tegra-emc 7001b000.emc: no memory timings for RAM code 0 found in DT
[    0.061996] tegra-emc: probe of 7001b000.emc failed with error -2
[    0.062428] clocksource: Switched to clocksource arch_sys_counter
[    0.065596] NET: Registered protocol family 2
[    0.065785] TCP established hash table entries: 8192 (order: 3, 32768 bytes)
[    0.065818] TCP bind hash table entries: 8192 (order: 4, 65536 bytes)
[    0.065881] TCP: Hash tables configured (established 8192 bind 8192)
[    0.065916] UDP hash table entries: 512 (order: 2, 16384 bytes)
[    0.065931] UDP-Lite hash table entries: 512 (order: 2, 16384 bytes)
[    0.065990] NET: Registered protocol family 1
[    0.066105] RPC: Registered named UNIX socket transport module.
[    0.066108] RPC: Registered udp transport module.
[    0.066112] RPC: Registered tcp transport module.
[    0.066115] RPC: Registered tcp NFSv4.1 backchannel transport module.
[    0.066119] PCI: CLS 0 bytes, default 64
[    0.066559] hw perfevents: enabled with armv7_cortex_a15 PMU driver, 7 counters available
[    0.067207] workingset: timestamp_bits=30 max_order=19 bucket_order=0
[    0.069960] squashfs: version 4.0 (2009/01/31) Phillip Lougher
[    0.070205] NFS: Registering the id_resolver key type
[    0.070218] Key type id_resolver registered
[    0.070222] Key type id_legacy registered
[    0.070238] ntfs: driver 2.1.32 [Flags: R/O].
[    0.070784] bounce: pool size: 64 pages
[    0.070801] Block layer SCSI generic (bsg) driver version 0.4 loaded (major 248)
[    0.070805] io scheduler noop registered
[    0.070809] io scheduler deadline registered
[    0.070864] io scheduler cfq registered (default)
[    0.070868] io scheduler mq-deadline registered
[    0.072638] tegra-xusb-padctl 7009f000.padctl: failed to setup XUSB ports: -517
[    0.082031] tegra-apbdma 60020000.dma: Tegra20 APB DMA driver register 32 channels
[    0.082722] tegra-pmc 7000e400.pmc: i2c-thermtrip node not found, emergency thermal reset disabled.
[    0.100683] Serial: 8250/16550 driver, 4 ports, IRQ sharing disabled
[    0.101693] console [ttyS0] disabled
[    0.101711] 70006000.serial: ttyS0 at MMIO 0x70006000 (irq = 333, base_baud = 25500000) is a Tegra
[    0.984971] console [ttyS0] enabled
[    0.988735] SuperH (H)SCI(F) driver initialized
[    0.993584] msm_serial: driver initialized
[    0.997728] STMicroelectronics ASC driver initialized
[    1.005239] tegra-hdmi 54280000.hdmi: failed to get HDMI regulator
[    1.011760] tegra-dpaux 545c0000.dpaux: failed to get VDD supply: -517
[    1.019059] panel-simple panel: panel supply power not found, using dummy regulator
[    1.030206] brd: module loaded
[    1.035891] loop: module loaded
[    1.039915] as3722 4-0040: AS3722 with revision 0x1 found
[    1.049879] as3722-sd2: supplied by +5V_SYS
[    1.054296] as3722-sd3: supplied by +5V_SYS
[    1.058622] +1.35V_LP0(sd3): Bringing 0uV into 1350000-1350000uV
[    1.064839] as3722-sd4: supplied by +5V_SYS
[    1.069168] +1.05V_RUN: Bringing 0uV into 1050000-1050000uV
[    1.074908] as3722-sd5: supplied by +5V_SYS
[    1.080478] as3722-ldo0: supplied by +1.35V_LP0(sd2)
[    1.086204] +1.8V_RUN_CAM: Bringing 0uV into 1800000-1800000uV
[    1.092214] as3722-ldo2: supplied by +1.8V_VDDIO
[    1.097830] as3722-ldo3: supplied by +3.3V_SYS
[    1.102276] +1.00V_LP0_VDD_RTC: Bringing 1100000uV into 1000000-1000000uV
[    1.109848] as3722-ldo4: supplied by +3.3V_SYS
[    1.114457] +3.3V_RUN_CAM: Bringing 0uV into 2800000-2800000uV
[    1.120466] as3722-ldo5: supplied by +1.8V_VDDIO
[    1.125238] +1.2V_RUN_CAM_FRONT: Bringing 0uV into 1200000-1200000uV
[    1.131913] +VDDIO_SDMMC3: Bringing 0uV into 1800000-1800000uV
[    1.137929] as3722-ldo7: supplied by +1.8V_VDDIO
[    1.142700] +1.05V_RUN_CAM_REAR: Bringing 0uV into 1050000-1050000uV
[    1.149237] as3722-ldo9: supplied by +5V_SYS
[    1.153804] +2.8V_RUN_TOUCH: Bringing 0uV into 2800000-2800000uV
[    1.159987] as3722-ldo10: supplied by +5V_SYS
[    1.164496] +2.8V_RUN_CAM_AF: Bringing 0uV into 2800000-2800000uV
[    1.170918] +1.8V_RUN_VPP_FUSE: Bringing 0uV into 1800000-1800000uV
[    1.183198] random: fast init done
[    1.189101] m25p80 spi32765.0: w25q32dw (4096 Kbytes)
[    1.195161] libphy: Fixed MDIO Bus: probed
[    1.199624] CAN device driver interface
[    1.203771] bgmac_bcma: Broadcom 47xx GBit MAC driver loaded
[    1.209865] e1000e: Intel(R) PRO/1000 Network Driver - 3.2.6-k
[    1.215689] e1000e: Copyright(c) 1999 - 2015 Intel Corporation.
[    1.221614] igb: Intel(R) Gigabit Ethernet Network Driver - version 5.4.0-k
[    1.228563] igb: Copyright (c) 2007-2014 Intel Corporation.
[    1.235294] pegasus: v0.9.3 (2013/04/25), Pegasus/Pegasus II USB Ethernet driver
[    1.242699] usbcore: registered new interface driver pegasus
[    1.248357] usbcore: registered new interface driver asix
[    1.253758] usbcore: registered new interface driver ax88179_178a
[    1.259844] usbcore: registered new interface driver cdc_ether
[    1.265683] usbcore: registered new interface driver smsc75xx
[    1.271428] usbcore: registered new interface driver smsc95xx
[    1.277174] usbcore: registered new interface driver net1080
[    1.282834] usbcore: registered new interface driver cdc_subset
[    1.288746] usbcore: registered new interface driver zaurus
[    1.294327] usbcore: registered new interface driver cdc_ncm
[    1.300589] ehci_hcd: USB 2.0 'Enhanced' Host Controller (EHCI) Driver
[    1.307106] ehci-pci: EHCI PCI platform driver
[    1.311548] ehci-platform: EHCI generic platform driver
[    1.316835] ehci-orion: EHCI orion driver
[    1.320876] SPEAr-ehci: EHCI SPEAr driver
[    1.324929] ehci-st: EHCI STMicroelectronics driver
[    1.329838] ehci-exynos: EHCI EXYNOS driver
[    1.334066] ehci-atmel: EHCI Atmel driver
[    1.338107] tegra-ehci: Tegra EHCI driver
[    1.342163] ohci_hcd: USB 1.1 'Open' Host Controller (OHCI) Driver
[    1.348336] ohci-pci: OHCI PCI platform driver
[    1.352784] ohci-platform: OHCI generic platform driver
[    1.358047] ohci-omap3: OHCI OMAP3 driver
[    1.362089] SPEAr-ohci: OHCI SPEAr driver
[    1.366138] ohci-st: OHCI STMicroelectronics driver
[    1.371047] ohci-atmel: OHCI Atmel driver
[    1.375301] usbcore: registered new interface driver usb-storage
[    1.382284] elan_i2c 1-0015: 1-0015 supply vcc not found, using dummy regulator
[    1.390943] as3722-rtc as3722-rtc: rtc core: registered as3722-rtc as rtc0
[    1.397812] as3722-rtc as3722-rtc: RTC interrupt 372
[    1.404690] tegra_rtc 7000e000.rtc: rtc core: registered 7000e000.rtc as rtc1
[    1.411820] tegra_rtc 7000e000.rtc: Tegra internal Real Time Clock
[    1.418170] i2c /dev entries driver
[    1.423945] lm90 0-004c: 0-004c supply vcc not found, using dummy regulator
[    1.435221] sdhci: Secure Digital Host Controller Interface driver
[    1.441384] sdhci: Copyright(c) Pierre Ossman
[    1.446279] Synopsys Designware Multimedia Card Interface Driver
[    1.452659] sdhci-pltfm: SDHCI platform and OF driver helper
[    1.458566] sdhci-tegra 700b0000.sdhci: allocated mmc-pwrseq
[    1.464324] sdhci-tegra 700b0400.sdhci: Got CD GPIO
[    1.469194] sdhci-tegra 700b0400.sdhci: Got WP GPIO
[    1.474180] mmc0: Unknown controller version (3). You may experience problems.
[    1.481414] mmc0: Invalid maximum block size, assuming 512 bytes
[    1.548888] elan_i2c 1-0015: Elan Touchpad: Module ID: 0x002a, Firmware: 0x0005, Sample: 0x0007, IAP: 0x0009
[    1.552440] mmc0: SDHCI controller on 700b0600.sdhci [700b0600.sdhci] using ADMA
[    1.566221] ledtrig-cpu: registered to indicate activity on CPUs
[    1.566340] input: Elan Touchpad as /devices/soc0/7000c400.i2c/i2c-1/1-0015/input/input0
[    1.580402] usbcore: registered new interface driver usbhid
[    1.585964] usbhid: USB HID core driver
[    1.591156] NET: Registered protocol family 10
[    1.595923] Segment Routing with IPv6
[    1.599598] sit: IPv6, IPv4 and MPLS over IPv4 tunneling driver
[    1.605724] NET: Registered protocol family 17
[    1.610156] can: controller area network core (rev 20120528 abi 9)
[    1.616393] NET: Registered protocol family 29
[    1.620824] can: raw protocol (rev 20120528)
[    1.625087] can: broadcast manager protocol (rev 20161123 t)
[    1.630733] can: netlink gateway (rev 20130117) max_hops=1
[    1.636329] Key type dns_resolver registered
[    1.640792] ThumbEE CPU extension supported.
[    1.645058] Registering SWP/SWPB emulation handler
[    1.654807] +3.3V_RUN: supplied by +3.3V_SYS
[    1.659643] +VDD_LED: supplied by +VDD_MUX
[    1.663945] +3.3V_AVDD_HDMI_AP_GATED: supplied by +3.3V_RUN
[    1.669595] +1.8V_RUN_CAM: supplied by +3.3V_RUN
[    1.674257] +VDDIO_SDMMC3: supplied by +3.3V_RUN
[    1.678896] +1.8V_RUN_VPP_FUSE: supplied by +3.3V_RUN
[    1.684220] +5V_VDD_TS_SW: supplied by +5V_SYS
[    1.688842] +5V_USB_HS: supplied by +5V_SYS
[    1.693386] +5V_USB_SS: supplied by +5V_SYS
[    1.698638] +3.3V_PANEL: supplied by +3.3V_RUN
[    1.704073] +3.3V_LP0: supplied by +3.3V_SYS
[    1.709382] +1.05V_RUN_AVDD_HDMI_PLL: supplied by +1.05V_RUN
[    1.715420] mmc0: new high speed MMC card at address 0001
[    1.715576] +5V_HDMI_CON: supplied by +5V_SYS
[    1.716563]  usb3-0: usb3-0 supply vbus not found, using dummy regulator
[    1.716619]  usb3-1: usb3-1 supply vbus not found, using dummy regulator
[    1.716720] elan_i2c 1-0015: failed to read report data: -121
[    1.720170] tegra-sor 54540000.sor: failed to probe output: -517
[    1.720868] panel-simple panel: panel supply power not found, using dummy regulator
[    1.721755] sdhci-tegra 700b0000.sdhci: allocated mmc-pwrseq
[    1.721854] mmc1: Unknown controller version (3). You may experience problems.
[    1.721894] mmc1: Invalid maximum block size, assuming 512 bytes
[    1.722130] mmc1: Switching to 3.3V signalling voltage failed
[    1.772514] mmc1: SDHCI controller on 700b0000.sdhci [700b0000.sdhci] using ADMA
[    1.773459] sdhci-tegra 700b0400.sdhci: Got CD GPIO
[    1.773469] sdhci-tegra 700b0400.sdhci: Got WP GPIO
[    1.773593] mmc2: Unknown controller version (3). You may experience problems.
[    1.773646] mmc2: Invalid maximum block size, assuming 512 bytes
[    1.813688] mmcblk0: mmc0:0001 MMC16G 14.4 GiB 
[    1.818797] mmcblk0boot0: mmc0:0001 MMC16G partition 1 2.00 MiB
[    1.818887] mmc1: new high speed SDIO card at address 0001
[    1.830373] mmcblk0boot1: mmc0:0001 MMC16G partition 2 2.00 MiB
[    1.832610] mmc2: SDHCI controller on 700b0400.sdhci [700b0400.sdhci] using ADMA
[    1.844179] mmcblk0rpmb: mmc0:0001 MMC16G partition 3 128 KiB
[    1.847218] elan_i2c 1-0015: invalid report id data (ff)
[    1.860619]  mmcblk0: p1 p2 p3 p4 p5 p6 p7 p8 p9 p10 p11 p12
[    1.927978] [drm] Supports vblank timestamp caching Rev 2 (21.10.2013).
[    1.934602] [drm] No driver support for vblank timestamp query.
[    1.985343] mmc2: new high speed SDHC card at address 0007
[    1.985891] mmcblk2: mmc2:0007 SD08G 7.42 GiB 
[    1.996341] GPT:Primary header alternate_lba != Alt. header my_lba
[    1.996346] GPT:3014591 != 15564799
[    1.996347] GPT:Primary header thinks Alt. header is not at the end of the disk.
[    1.996348] GPT:3014591 != 15564799
[    1.996349] GPT: Use GNU Parted to correct GPT errors.
[    1.996375]  mmcblk2: p1 p2 p3 p4 p5 p6 p7 p8 p9 p10 p11 p12
[    2.023172] Console: switching to colour frame buffer device 170x48
[    2.087278] drm drm: fb0:  frame buffer device
[    2.091771] [drm] Initialized tegra 0.0.0 20120330 for drm on minor 0
[    2.098936] input: gpio-keys as /devices/soc0/gpio-keys/input/input1
[    2.106439] as3722-rtc as3722-rtc: setting system clock to 2000-01-01 00:00:23 UTC (946684823)
[    2.115585] +1.8V_RUN_CAM: disabling
[    2.119365] +3.3V_RUN_CAM: disabling
[    2.123219] +1.2V_RUN_CAM_FRONT: disabling
[    2.127513] +1.05V_RUN_CAM_REAR: disabling
[    2.131766] +2.8V_RUN_TOUCH: disabling
[    2.135784] +2.8V_RUN_CAM_AF: disabling
[    2.139777] +1.8V_RUN_VPP_FUSE: disabling
[    2.144027] +5V_VDD_TS_SW: disabling
[    2.147599] +5V_USB_HS: disabling
[    2.150904] +5V_USB_SS: disabling
[    2.155137] EXT4-fs (mmcblk0p3): couldn't mount as ext3 due to feature incompatibilities
[    2.163784] EXT4-fs (mmcblk0p3): couldn't mount as ext2 due to feature incompatibilities
[    2.396472] EXT4-fs (mmcblk0p3): recovery complete
[    2.401992] EXT4-fs (mmcblk0p3): mounted filesystem with ordered data mode. Opts: (null)
[    2.410122] VFS: Mounted root (ext4 filesystem) on device 179:3.
[    2.416822] devtmpfs: mounted
[    2.420459] Freeing unused kernel memory: 2048K
bash: cannot set terminal process group (-1): Inappropriate ioctl for device
bash: no job control in this shell
root@(none):/# mount -t sysfs none /sys
root@(none):/# 
root@(none):/# mount -t debugfs none /sys/kernel/debug
root@(none):/# 
root@(none):/# rtcwake -d rtc1 -m mem -s 3
rtcwake: assuming RTC uses UTC ...
rtcwake: wakeup from "mem" using /dev/rtc1 at Thu Jan  1 00:00:28 1970
[    5.823384] PM: Syncing filesystems ... done.
[    5.839447] Freezing user space processes ... (elapsed 0.001 seconds) done.
[    5.847629] Freezing remaining freezable tasks ... (elapsed 0.001 seconds) done.
[    5.856244] Suspending console(s) (use no_console_suspend to debug)
[    5.901879] PM: suspend of devices complete after 38.828 msecs
[    5.903560] PM: late suspend of devices complete after 1.672 msecs
[    5.904471] PM: noirq suspend of devices complete after 0.906 msecs
[    5.904473] Disabling non-boot CPUs ...
[    6.073940] Entering suspend state LP1
[    6.073940] Suspended for 2.966 seconds
[    6.073950] Enabling non-boot CPUs ...
[    6.103943] CPU1 is up
[    6.143813] CPU2 is up
[    6.183991] CPU3 is up
[    6.184458] PM: noirq resume of devices complete after 0.462 msecs
[    6.185789] PM: early resume of devices complete after 1.031 msecs
[    6.341545] mmc1: Switching to 3.3V signalling voltage failed
[    6.592449] tegra-sor 54540000.sor: failed to attach SOR: -110
[    6.629173] PM: resume of devices complete after 443.378 msecs
[    6.700341] Restarting tasks ... done.
root@(none):/# 
root@(none):/# rtcwake -d rtc1 -m mem -s 3
rtcwake: assuming RTC uses UTC ...
rtcwake: wakeup from "mem" using /dev/rtc1 at Thu Jan  1 00:00:33 1970
[    7.942609] PM: Syncing filesystems ... done.
[    7.962689] Freezing user space processes ... (elapsed 0.001 seconds) done.
[    7.970759] Freezing remaining freezable tasks ... (elapsed 0.001 seconds) done.
[    7.979381] Suspending console(s) (use no_console_suspend to debug)
[    8.024906] PM: suspend of devices complete after 38.737 msecs
[    8.026249] PM: late suspend of devices complete after 1.334 msecs
[    8.027138] PM: noirq suspend of devices complete after 0.885 msecs
[    8.027141] Disabling non-boot CPUs ...
[    8.173766] Entering suspend state LP1
[    8.173766] Suspended for 2.899 seconds
[    8.173776] Enabling non-boot CPUs ...
[    8.204090] CPU1 is up
[    8.243748] CPU2 is up
[    8.283957] CPU3 is up
[    8.284388] PM: noirq resume of devices complete after 0.426 msecs
[    8.285749] PM: early resume of devices complete after 1.042 msecs
[    8.441648] mmc1: Switching to 3.3V signalling voltage failed
[    8.692392] tegra-sor 54540000.sor: failed to attach SOR: -110
[    8.728998] PM: resume of devices complete after 443.243 msecs
[    8.800258] Restarting tasks ... done.
root@(none):/# 
root@(none):/# rtcwake -d rtc1 -m mem -s 3
rtcwake: assuming RTC uses UTC ...
rtcwake: wakeup from "mem" using /dev/rtc1 at Thu Jan  1 00:00:38 1970
[   10.032592] PM: Syncing filesystems ... done.
[   10.045860] Freezing user space processes ... (elapsed 0.001 seconds) done.
[   10.054036] Freezing remaining freezable tasks ... (elapsed 0.001 seconds) done.
[   10.062667] Suspending console(s) (use no_console_suspend to debug)
[   10.109124] PM: suspend of devices complete after 39.684 msecs
[   10.110602] PM: late suspend of devices complete after 1.469 msecs
[   10.111478] PM: noirq suspend of devices complete after 0.872 msecs
[   10.111481] Disabling non-boot CPUs ...
[   10.293727] Entering suspend state LP1
[   10.293727] Suspended for 2.879 seconds
[   10.293737] Enabling non-boot CPUs ...
[   10.324078] CPU1 is up
[   10.363751] CPU2 is up
[   10.403932] CPU3 is up
[   10.404364] PM: noirq resume of devices complete after 0.428 msecs
[   10.405692] PM: early resume of devices complete after 1.026 msecs
[   10.561417] mmc1: Switching to 3.3V signalling voltage failed
[   10.812383] tegra-sor 54540000.sor: failed to attach SOR: -110
[   10.848988] PM: resume of devices complete after 443.289 msecs
[   10.920224] Restarting tasks ... done.
root@(none):/# 
root@(none):/# rtcwake -d rtc1 -m mem -s 3
rtcwake: assuming RTC uses UTC ...
rtcwake: wakeup from "mem" using /dev/rtc1 at Thu Jan  1 00:00:43 1970
[   12.152567] PM: Syncing filesystems ... done.
[   12.165840] Freezing user space processes ... (elapsed 0.001 seconds) done.
[   12.173916] Freezing remaining freezable tasks ... (elapsed 0.001 seconds) done.
[   12.182533] Suspending console(s) (use no_console_suspend to debug)
[   12.228070] PM: suspend of devices complete after 38.760 msecs
[   12.229447] PM: late suspend of devices complete after 1.367 msecs
[   12.230358] PM: noirq suspend of devices complete after 0.906 msecs
[   12.230361] Disabling non-boot CPUs ...
[   12.383687] Entering suspend state LP1
[   12.383687] Suspended for 2.909 seconds
[   12.383698] Enabling non-boot CPUs ...
[   12.414060] CPU1 is up
[   12.453695] CPU2 is up
[   12.493912] CPU3 is up
[   12.494350] PM: noirq resume of devices complete after 0.433 msecs
[   12.495719] PM: early resume of devices complete after 1.056 msecs
[   12.651386] mmc1: Switching to 3.3V signalling voltage failed
[   12.902413] tegra-sor 54540000.sor: failed to attach SOR: -110
[   12.939056] PM: resume of devices complete after 443.330 msecs
[   13.010332] Restarting tasks ... done.
root@(none):/# 
root@(none):/# rtcwake -d rtc1 -m mem -s 3
rtcwake: assuming RTC uses UTC ...
rtcwake: wakeup from "mem" using /dev/rtc1 at Thu Jan  1 00:00:48 1970
[   14.252501] PM: Syncing filesystems ... done.
[   14.272433] Freezing user space processes ... (elapsed 0.001 seconds) done.
[   14.280581] Freezing remaining freezable tasks ... (elapsed 0.001 seconds) done.
[   14.289222] Suspending console(s) (use no_console_suspend to debug)
[   14.334751] PM: suspend of devices complete after 38.752 msecs
[   14.336442] PM: late suspend of devices complete after 1.682 msecs
[   14.337353] PM: noirq suspend of devices complete after 0.905 msecs
[   14.337355] Disabling non-boot CPUs ...
[   14.513775] Entering suspend state LP1
[   14.513775] Suspended for 2.869 seconds
[   14.513786] Enabling non-boot CPUs ...
[   14.543837] CPU1 is up
[   14.583674] CPU2 is up
[   14.623892] CPU3 is up
[   14.624321] PM: noirq resume of devices complete after 0.424 msecs
[   14.625703] PM: early resume of devices complete after 1.071 msecs
[   14.781379] mmc1: Switching to 3.3V signalling voltage failed
[   15.042299] tegra-sor 54540000.sor: failed to attach SOR: -110
[   15.068982] PM: resume of devices complete after 443.273 msecs
[   15.140373] Restarting tasks ... done.
root@(none):/# 
root@(none):/# rtcwake -d rtc1 -m mem -s 3
rtcwake: assuming RTC uses UTC ...
rtcwake: wakeup from "mem" using /dev/rtc1 at Thu Jan  1 00:00:53 1970
[   16.382476] PM: Syncing filesystems ... done.
[   16.402357] Freezing user space processes ... (elapsed 0.001 seconds) done.
[   16.410421] Freezing remaining freezable tasks ... (elapsed 0.001 seconds) done.
[   16.419047] Suspending console(s) (use no_console_suspend to debug)
[   16.465560] PM: suspend of devices complete after 39.735 msecs
[   16.467263] PM: late suspend of devices complete after 1.694 msecs
[   16.468164] PM: noirq suspend of devices complete after 0.896 msecs
[   16.468166] Disabling non-boot CPUs ...
[   16.633737] Entering suspend state LP1
[   16.633737] Suspended for 2.879 seconds
[   16.633747] Enabling non-boot CPUs ...
[   16.663787] CPU1 is up
[   16.703645] CPU2 is up
[   16.743854] CPU3 is up
[   16.744282] PM: noirq resume of devices complete after 0.423 msecs
[   16.745490] PM: early resume of devices complete after 0.897 msecs
[   16.902342] mmc1: Switching to 3.3V signalling voltage failed
[   17.162326] tegra-sor 54540000.sor: failed to attach SOR: -110
[   17.189983] PM: resume of devices complete after 444.484 msecs
[   17.261324] Restarting tasks ... done.
root@(none):/# 
root@(none):/# rtcwake -d rtc1 -m mem -s 3
rtcwake: assuming RTC uses UTC ...
rtcwake: wakeup from "mem" using /dev/rtc1 at Thu Jan  1 00:00:58 1970
[   18.492224] PM: Syncing filesystems ... done.
[   18.506665] Freezing user space processes ... (elapsed 0.001 seconds) done.
[   18.514836] Freezing remaining freezable tasks ... (elapsed 0.001 seconds) done.
[   18.523478] Suspending console(s) (use no_console_suspend to debug)
[   18.568810] PM: suspend of devices complete after 38.556 msecs
[   18.570369] PM: late suspend of devices complete after 1.551 msecs
[   18.571284] PM: noirq suspend of devices complete after 0.909 msecs
[   18.571286] Disabling non-boot CPUs ...
[   18.694174] IRQ17 no longer affine to CPU3
[   18.743726] Entering suspend state LP1
[   18.743726] Suspended for 2.889 seconds
[   18.743736] Enabling non-boot CPUs ...
[   18.773780] CPU1 is up
[   18.813628] CPU2 is up
[   18.853841] CPU3 is up
[   18.854277] PM: noirq resume of devices complete after 0.431 msecs
[   18.855584] PM: early resume of devices complete after 1.010 msecs
[   19.012274] mmc1: Switching to 3.3V signalling voltage failed
[   19.272261] tegra-sor 54540000.sor: failed to attach SOR: -110
[   19.300114] PM: resume of devices complete after 444.521 msecs
[   19.375572] Restarting tasks ... done.
root@(none):/# 
root@(none):/# rtcwake -d rtc1 -m mem -s 3
rtcwake: assuming RTC uses UTC ...
rtcwake: wakeup from "mem" using /dev/rtc1 at Thu Jan  1 00:01:03 1970
[   20.602473] PM: Syncing filesystems ... done.
[   20.616845] Freezing user space processes ... (elapsed 0.001 seconds) done.
[   20.624942] Freezing remaining freezable tasks ... (elapsed 0.001 seconds) done.
[   20.633561] Suspending console(s) (use no_console_suspend to debug)
[   20.678966] PM: suspend of devices complete after 38.628 msecs
[   20.680339] PM: late suspend of devices complete after 1.364 msecs
[   20.681248] PM: noirq suspend of devices complete after 0.904 msecs
[   20.681251] Disabling non-boot CPUs ...
[   20.863608] Entering suspend state LP1
[   20.863608] Suspended for 2.880 seconds
[   20.863619] Enabling non-boot CPUs ...
[   20.893934] CPU1 is up
[   20.933596] CPU2 is up
[   20.973794] CPU3 is up
[   20.974234] PM: noirq resume of devices complete after 0.435 msecs
[   20.975420] PM: early resume of devices complete after 0.866 msecs
[   21.131722] mmc1: Switching to 3.3V signalling voltage failed
[   21.382236] tegra-sor 54540000.sor: failed to attach SOR: -110
[   21.419080] PM: resume of devices complete after 443.653 msecs
[   21.490351] Restarting tasks ... done.
root@(none):/# 
root@(none):/# rtcwake -d rtc1 -m mem -s 3
rtcwake: assuming RTC uses UTC ...
rtcwake: wakeup from "mem" using /dev/rtc1 at Thu Jan  1 00:01:08 1970
[   22.722473] PM: Syncing filesystems ... done.
[   22.735933] Freezing user space processes ... (elapsed 0.001 seconds) done.
[   22.744111] Freezing remaining freezable tasks ... (elapsed 0.001 seconds) done.
[   22.752746] Suspending console(s) (use no_console_suspend to debug)
[   22.798250] PM: suspend of devices complete after 38.729 msecs
[   22.799941] PM: late suspend of devices complete after 1.682 msecs
[   22.800840] PM: noirq suspend of devices complete after 0.893 msecs
[   22.800842] Disabling non-boot CPUs ...
[   22.864161] IRQ17 no longer affine to CPU2
[   22.953578] Entering suspend state LP1
[   22.953578] Suspended for 2.909 seconds
[   22.953588] Enabling non-boot CPUs ...
[   22.983908] CPU1 is up
[   23.023564] CPU2 is up
[   23.063774] CPU3 is up
[   23.064207] PM: noirq resume of devices complete after 0.428 msecs
[   23.065420] PM: early resume of devices complete after 0.899 msecs
[   23.221228] mmc1: Switching to 3.3V signalling voltage failed
[   23.472237] tegra-sor 54540000.sor: failed to attach SOR: -110
[   23.508753] PM: resume of devices complete after 443.327 msecs
[   23.584114] Restarting tasks ... done.
root@(none):/# 
root@(none):/# rtcwake -d rtc1 -m mem -s 3
rtcwake: assuming RTC uses UTC ...
rtcwake: wakeup from "mem" using /dev/rtc1 at Thu Jan  1 00:01:13 1970
[   24.812144] PM: Syncing filesystems ... done.
[   24.825547] Freezing user space processes ... (elapsed 0.001 seconds) done.
[   24.833624] Freezing remaining freezable tasks ... (elapsed 0.001 seconds) done.
[   24.842251] Suspending console(s) (use no_console_suspend to debug)
[   24.887767] PM: suspend of devices complete after 38.742 msecs
[   24.889430] PM: late suspend of devices complete after 1.655 msecs
[   24.890339] PM: noirq suspend of devices complete after 0.903 msecs
[   24.890341] Disabling non-boot CPUs ...
[   25.014074] IRQ17 no longer affine to CPU3
[   25.063657] Entering suspend state LP1
[   25.063657] Suspended for 2.889 seconds
[   25.063667] Enabling non-boot CPUs ...
[   25.093718] CPU1 is up
[   25.133549] CPU2 is up
[   25.173766] CPU3 is up
[   25.174230] PM: noirq resume of devices complete after 0.458 msecs
[   25.175426] PM: early resume of devices complete after 0.885 msecs
[   25.331189] mmc1: Switching to 3.3V signalling voltage failed
[   25.582198] tegra-sor 54540000.sor: failed to attach SOR: -110
[   25.618708] PM: resume of devices complete after 443.277 msecs
[   25.694114] Restarting tasks ... done.
root@(none):/# 
root@(none):/# NVTB SYSTEM SUSPEND TEST COMPLETE
