
U-Boot SPL 2015.04-rc3-00209-ga74ef40 (Mar 16 2015 - 14:43:39)


U-Boot 2015.04-rc3-00209-ga74ef40 (Mar 16 2015 - 14:43:39)

TEGRA20
Model: Compulab TrimSlice board
DRAM:  1 GiB
MMC:   Tegra SD/MMC: 0, Tegra SD/MMC: 1
SF: Detected W25Q80BL with page size 256 Bytes, erase size 4 KiB, total 1 MiB
tegra-pcie: PCI regions:
tegra-pcie:   I/O: 0x82000000-0x82010000
tegra-pcie:   non-prefetchable memory: 0xa0000000-0xa8000000
tegra-pcie:   prefetchable memory: 0xa8000000-0xc0000000
tegra-pcie: dual-mode configuration
tegra-pcie: probing port 0, using 2 lanes
In:    serial
Out:   serial
Err:   serial
Net:   RTL8169#0
Hit any key to stop autoboot:  2  1  0 
Tegra20 (TrimSlice) # 
Tegra20 (TrimSlice) # usb reset
resetting USB...
USB0:   USB EHCI 1.00
scanning bus 0 for devices... 3 USB Device(s) found
USB1:   USB EHCI 1.00
scanning bus 1 for devices... 1 USB Device(s) found
USB2:   lowlevel init failed
       scanning usb for storage devices... 0 Storage Device(s) found
       scanning usb for ethernet devices... 
Warning: asx0 using MAC address from net device
1 Ethernet Device(s) found
Tegra20 (TrimSlice) # setenv bootargs 'ignore_loglevel console=ttyS0,115200n8 rw root=PARTUUID=11eb23c1-01 rootwait gpt debug noinitrd earlyprintk init=/bin/bash'
Tegra20 (TrimSlice) # setenv ipaddr 192.168.100.103; setenv serverip 192.168.100.1; setenv tftpserverip 192.168.100.1
Tegra20 (TrimSlice) # tftpboot 0x00408000 zImage.multi_v7_defconfig
Using RTL8169#0 device
TFTP from server 192.168.100.1; our IP address is 192.168.100.103
Filename 'zImage.multi_v7_defconfig'.
Load address: 0x408000
Loading: *#################################################################
	 #################################################################
	 #################################################################
	 #################################################################
	 #################################################################
	 #################################################################
	 #################################################################
	 ##################################################
	 4.1 MiB/s
done
Bytes transferred = 7412960 (711ce0 hex)
Tegra20 (TrimSlice) # tftpboot 0x02408000 tegra20-trimslice.dtb
Using RTL8169#0 device
TFTP from server 192.168.100.1; our IP address is 192.168.100.103
Filename 'tegra20-trimslice.dtb'.
Load address: 0x2408000
Loading: *##
	 3.4 MiB/s
done
Bytes transferred = 21404 (539c hex)
Tegra20 (TrimSlice) # bootz 0x00408000 - 0x02408000
Kernel image @ 0x408000 [ 0x000000 - 0x711ce0 ]
## Flattened Device Tree blob at 02408000
   Booting using the fdt blob at 0x2408000
   Using Device Tree in place at 02408000, end 0241039b

Starting kernel ...

[    0.000000] Booting Linux on physical CPU 0x0
[    0.000000] Linux version 4.10.0-rc5-142388-g7a308bb (pwalmsley@sellafield) (gcc version 4.7.3 20130328 (prerelease) (crosstool-NG linaro-1.13.1-4.7-2013.04-20130415 - Linaro GCC 2013.04) ) #1 SMP Mon Jan 23 02:35:51 PST 2017
[    0.000000] CPU: ARMv7 Processor [411fc090] revision 0 (ARMv7), cr=10c5387d
[    0.000000] CPU: PIPT / VIPT nonaliasing data cache, VIPT aliasing instruction cache
[    0.000000] OF: fdt:Machine model: Compulab TrimSlice board
[    0.000000] debug: ignoring loglevel setting.
[    0.000000] efi: Getting EFI parameters from FDT:
[    0.000000] efi: UEFI not found.
[    0.000000] cma: Reserved 64 MiB at 0x3c000000
[    0.000000] Memory policy: Data cache writealloc
[    0.000000] On node 0 totalpages: 262144
[    0.000000] free_area_init_node: node 0, pgdat c142b4c0, node_mem_map ef7f8000
[    0.000000]   DMA zone: 1536 pages used for memmap
[    0.000000]   DMA zone: 0 pages reserved
[    0.000000]   DMA zone: 196608 pages, LIFO batch:31
[    0.000000]   HighMem zone: 65536 pages, LIFO batch:15
[    0.000000] percpu: Embedded 14 pages/cpu @ef7ca000 s26176 r8192 d22976 u57344
[    0.000000] pcpu-alloc: s26176 r8192 d22976 u57344 alloc=14*4096
[    0.000000] pcpu-alloc: [0] 0 [0] 1 
[    0.000000] Built 1 zonelists in Zone order, mobility grouping on.  Total pages: 260608
[    0.000000] Kernel command line: ignore_loglevel console=ttyS0,115200n8 rw root=PARTUUID=11eb23c1-01 rootwait gpt debug noinitrd earlyprintk init=/bin/bash
[    0.000000] PID hash table entries: 4096 (order: 2, 16384 bytes)
[    0.000000] Dentry cache hash table entries: 131072 (order: 7, 524288 bytes)
[    0.000000] Inode-cache hash table entries: 65536 (order: 6, 262144 bytes)
[    0.000000] Memory: 955684K/1048576K available (9216K kernel code, 1203K rwdata, 4148K rodata, 2048K init, 536K bss, 27356K reserved, 65536K cma-reserved, 196608K highmem)
[    0.000000] Virtual kernel memory layout:
[    0.000000]     vector  : 0xffff0000 - 0xffff1000   (   4 kB)
[    0.000000]     fixmap  : 0xffc00000 - 0xfff00000   (3072 kB)
[    0.000000]     vmalloc : 0xf0800000 - 0xff800000   ( 240 MB)
[    0.000000]     lowmem  : 0xc0000000 - 0xf0000000   ( 768 MB)
[    0.000000]     pkmap   : 0xbfe00000 - 0xc0000000   (   2 MB)
[    0.000000]     modules : 0xbf000000 - 0xbfe00000   (  14 MB)
[    0.000000]       .text : 0xc0208000 - 0xc0c00000   (10208 kB)
[    0.000000]       .init : 0xc1100000 - 0xc1300000   (2048 kB)
[    0.000000]       .data : 0xc1300000 - 0xc142cfc0   (1204 kB)
[    0.000000]        .bss : 0xc142e000 - 0xc14b41d0   ( 537 kB)
[    0.000000] SLUB: HWalign=64, Order=0-3, MinObjects=0, CPUs=2, Nodes=1
[    0.000000] Hierarchical RCU implementation.
[    0.000000] 	Build-time adjustment of leaf fanout to 32.
[    0.000000] 	RCU restricting CPUs from NR_CPUS=16 to nr_cpu_ids=2.
[    0.000000] RCU: Adjusting geometry for rcu_fanout_leaf=32, nr_cpu_ids=2
[    0.000000] NR_IRQS:16 nr_irqs:16 16
[    0.000000] /interrupt-controller@60004000: 128 interrupts forwarded to /interrupt-controller@50041000
[    0.000000] L2C: platform modifies aux control register: 0x02080000 -> 0x3e480001
[    0.000000] L2C: DT/platform modifies aux control register: 0x02080000 -> 0x3e480001
[    0.000000] L2C-310 errata 727915 769419 enabled
[    0.000000] L2C-310 enabling early BRESP for Cortex-A9
[    0.000000] L2C-310: enabling full line of zeros but not enabled in Cortex-A9
[    0.000000] L2C-310 ID prefetch enabled, offset 1 lines
[    0.000000] L2C-310 cache controller enabled, 8 ways, 1024 kB
[    0.000000] L2C-310: CACHE_ID 0x410000c4, AUX_CTRL 0x7e480001
[    0.000010] sched_clock: 32 bits at 1000kHz, resolution 1000ns, wraps every 2147483647500ns
[    0.000027] clocksource: timer_us: mask: 0xffffffff max_cycles: 0xffffffff, max_idle_ns: 1911260446275 ns
[    0.000036] Switching to timer-based delay loop, resolution 1000ns
[    0.001618] Console: colour dummy device 80x30
[    0.001641] Calibrating delay loop (skipped), value calculated using timer frequency.. 2.00 BogoMIPS (lpj=10000)
[    0.001652] pid_max: default: 32768 minimum: 301
[    0.001734] Mount-cache hash table entries: 2048 (order: 1, 8192 bytes)
[    0.001742] Mountpoint-cache hash table entries: 2048 (order: 1, 8192 bytes)
[    0.002220] CPU: Testing write buffer coherency: ok
[    0.002421] CPU0: thread -1, cpu 0, socket 0, mpidr 80000000
[    0.002593] Setting up static identity map for 0x300000 - 0x300098
[    0.003979] Tegra Revision: A03 prime SKU: 8 CPU Process: 1 SoC Process: 2
[    0.004350] EFI services will not be available.
[    0.004503] smp: Bringing up secondary CPUs ...
[    0.005043] CPU1: thread -1, cpu 1, socket 0, mpidr 80000001
[    0.005101] smp: Brought up 1 node, 2 CPUs
[    0.005113] SMP: Total of 2 processors activated (4.00 BogoMIPS).
[    0.005118] CPU: All CPU(s) started in SVC mode.
[    0.005744] devtmpfs: initialized
[    0.010049] VFP support v0.3: implementor 41 architecture 3 part 30 variant 9 rev 1
[    0.010274] clocksource: jiffies: mask: 0xffffffff max_cycles: 0xffffffff, max_idle_ns: 19112604462750000 ns
[    0.013169] pinctrl core: initialized pinctrl subsystem
[    0.014360] NET: Registered protocol family 16
[    0.016509] DMA: preallocated 256 KiB pool for atomic coherent allocations
[    0.039914] cpuidle: using governor menu
[    0.057549] No ATAGs?
[    0.057623] hw-breakpoint: found 5 (+1 reserved) breakpoint and 1 watchpoint registers.
[    0.057633] hw-breakpoint: maximum watchpoint size is 4 bytes.
[    0.062941] Serial: AMBA PL011 UART driver
[    0.103331] usb1_vbus: Failed to request enable GPIO170: -517
[    0.103345] reg-fixed-voltage regulators:regulator@2: Failed to register regulator: -517
[    0.106907] vgaarb: loaded
[    0.107497] SCSI subsystem initialized
[    0.107619] libata version 3.00 loaded.
[    0.107823] usbcore: registered new interface driver usbfs
[    0.107868] usbcore: registered new interface driver hub
[    0.107907] usbcore: registered new device driver usb
[    0.109952] pps_core: LinuxPPS API ver. 1 registered
[    0.109959] pps_core: Software ver. 5.3.6 - Copyright 2005-2007 Rodolfo Giometti <giometti@linux.it>
[    0.109976] PTP clock support registered
[    0.110115] EDAC MC: Ver: 3.0.0
[    0.111991] clocksource: Switched to clocksource timer_us
[    0.119336] NET: Registered protocol family 2
[    0.119756] TCP established hash table entries: 8192 (order: 3, 32768 bytes)
[    0.119830] TCP bind hash table entries: 8192 (order: 4, 65536 bytes)
[    0.119971] TCP: Hash tables configured (established 8192 bind 8192)
[    0.120038] UDP hash table entries: 512 (order: 2, 16384 bytes)
[    0.120083] UDP-Lite hash table entries: 512 (order: 2, 16384 bytes)
[    0.120236] NET: Registered protocol family 1
[    0.120500] RPC: Registered named UNIX socket transport module.
[    0.120507] RPC: Registered udp transport module.
[    0.120512] RPC: Registered tcp transport module.
[    0.120516] RPC: Registered tcp NFSv4.1 backchannel transport module.
[    0.120525] PCI: CLS 0 bytes, default 64
[    0.121309] hw perfevents: enabled with armv7_cortex_a9 PMU driver, 7 counters available
[    0.122267] futex hash table entries: 512 (order: 3, 32768 bytes)
[    0.122803] workingset: timestamp_bits=30 max_order=18 bucket_order=0
[    0.129916] squashfs: version 4.0 (2009/01/31) Phillip Lougher
[    0.130463] NFS: Registering the id_resolver key type
[    0.130482] Key type id_resolver registered
[    0.130488] Key type id_legacy registered
[    0.130518] ntfs: driver 2.1.32 [Flags: R/O].
[    0.131614] bounce: pool size: 64 pages
[    0.131757] Block layer SCSI generic (bsg) driver version 0.4 loaded (major 248)
[    0.131765] io scheduler noop registered
[    0.131771] io scheduler deadline registered
[    0.131896] io scheduler cfq registered (default)
[    0.143004] tegra-pcie 80003000.pcie-controller: dual-mode configuration
[    0.143696] tegra-pcie 80003000.pcie-controller: probing port 0, using 2 lanes
[    0.226156] tegra-pcie 80003000.pcie-controller: PCI host bridge to bus 0000:00
[    0.226168] pci_bus 0000:00: root bus resource [io  0x0000-0xffff]
[    0.226177] pci_bus 0000:00: root bus resource [mem 0xa0000000-0xa7ffffff]
[    0.226185] pci_bus 0000:00: root bus resource [mem 0xa8000000-0xbfffffff pref]
[    0.226193] pci_bus 0000:00: root bus resource [bus 00-ff]
[    0.226221] pci 0000:00:01.0: [10de:0bf0] type 01 class 0x060000
[    0.226269] pci_bus 0000:00: 2-byte config write to 0000:00:01.0 offset 0x52 may corrupt adjacent RW1C bits
[    0.226293] pci 0000:00:01.0: PME# supported from D0 D1 D2 D3hot D3cold
[    0.226303] pci_bus 0000:00: 2-byte config write to 0000:00:01.0 offset 0x4c may corrupt adjacent RW1C bits
[    0.226487] pci_bus 0000:00: 2-byte config write to 0000:00:01.0 offset 0x3e may corrupt adjacent RW1C bits
[    0.226498] pci_bus 0000:00: 2-byte config write to 0000:00:01.0 offset 0x4 may corrupt adjacent RW1C bits
[    0.226507] pci_bus 0000:00: 1-byte config write to 0000:00:01.0 offset 0xc may corrupt adjacent RW1C bits
[    0.226512] PCI: bus0: Fast back to back transfers disabled
[    0.226521] pci 0000:00:01.0: bridge configuration invalid ([bus 00-00]), reconfiguring
[    0.226530] pci_bus 0000:00: 2-byte config write to 0000:00:01.0 offset 0x3e may corrupt adjacent RW1C bits
[    0.226539] pci_bus 0000:00: 2-byte config write to 0000:00:01.0 offset 0x3e may corrupt adjacent RW1C bits
[    0.226549] pci_bus 0000:00: 2-byte config write to 0000:00:01.0 offset 0x3e may corrupt adjacent RW1C bits
[    0.226558] pci_bus 0000:00: 2-byte config write to 0000:00:01.0 offset 0x6 may corrupt adjacent RW1C bits
[    0.226688] pci 0000:01:00.0: [10ec:8168] type 00 class 0x020000
[    0.226711] pci 0000:01:00.0: reg 0x10: [io  0x0000-0x00ff]
[    0.226735] pci 0000:01:00.0: reg 0x18: [mem 0x00000000-0x00000fff 64bit pref]
[    0.226753] pci 0000:01:00.0: reg 0x20: [mem 0x00000000-0x00003fff 64bit pref]
[    0.226766] pci 0000:01:00.0: reg 0x30: [mem 0x00000000-0x0001ffff pref]
[    0.226803] pci_bus 0000:01: 2-byte config write to 0000:01:00.0 offset 0x52 may corrupt adjacent RW1C bits
[    0.226853] pci 0000:01:00.0: supports D1 D2
[    0.226860] pci 0000:01:00.0: PME# supported from D0 D1 D2 D3hot D3cold
[    0.252027] PCI: bus1: Fast back to back transfers disabled
[    0.252040] pci_bus 0000:01: busn_res: [bus 01-ff] end is updated to 01
[    0.252051] Disabling cpuidle LP2 state, since PCIe IRQs are in use
[    0.252118] pci 0000:00:01.0: BAR 8: assigned [mem 0xa0000000-0xa00fffff]
[    0.252130] pci 0000:00:01.0: BAR 9: assigned [mem 0xa8000000-0xa80fffff 64bit pref]
[    0.252138] pci 0000:00:01.0: BAR 7: assigned [io  0x1000-0x1fff]
[    0.252150] pci 0000:01:00.0: BAR 6: assigned [mem 0xa0000000-0xa001ffff pref]
[    0.252160] pci 0000:01:00.0: BAR 4: assigned [mem 0xa8000000-0xa8003fff 64bit pref]
[    0.252179] pci 0000:01:00.0: BAR 2: assigned [mem 0xa8004000-0xa8004fff 64bit pref]
[    0.252197] pci 0000:01:00.0: BAR 0: assigned [io  0x1000-0x10ff]
[    0.252207] pci 0000:00:01.0: PCI bridge to [bus 01]
[    0.252215] pci 0000:00:01.0:   bridge window [io  0x1000-0x1fff]
[    0.252224] pci 0000:00:01.0:   bridge window [mem 0xa0000000-0xa00fffff]
[    0.252231] pci 0000:00:01.0:   bridge window [mem 0xa8000000-0xa80fffff 64bit pref]
[    0.252252] pci 0000:00:01.0: nv_msi_ht_cap_quirk didn't locate host bridge
[    0.252311] pcieport 0000:00:01.0: enabling device (0140 -> 0143)
[    0.252499] pcieport 0000:00:01.0: Signaling PME with IRQ 295
[    0.258303] tegra-apbdma 6000a000.dma: Tegra20 APB DMA driver register 16 channels
[    0.308071] Serial: 8250/16550 driver, 4 ports, IRQ sharing disabled
[    0.310369] console [ttyS0] disabled
[    0.310402] 70006000.serial: ttyS0 at MMIO 0x70006000 (irq = 279, base_baud = 13500000) is a Tegra
[    1.355276] console [ttyS0] enabled
[    1.359351] SuperH (H)SCI(F) driver initialized
[    1.364612] msm_serial: driver initialized
[    1.368829] STMicroelectronics ASC driver initialized
[    1.376540] [drm] Initialized
[    1.381792] 54280000.hdmi supply hdmi not found, using dummy regulator
[    1.390293] [drm] Supports vblank timestamp caching Rev 2 (21.10.2013).
[    1.396915] [drm] No driver support for vblank timestamp query.
[    1.402862] [drm] Cannot find any crtc or sizes - going 1024x768
[    1.424847] Console: switching to colour frame buffer device 128x48
[    1.439521] drm drm: fb0:  frame buffer device
[    1.482017] [drm] Initialized tegra 0.0.0 20120330 on minor 0
[    1.496738] brd: module loaded
[    1.504259] loop: module loaded
[    1.513006] m25p80 spi32766.0: found s25fl008k, expected w25q80bl
[    1.519090] m25p80 spi32766.0: s25fl008k (1024 Kbytes)
[    1.526452] libphy: Fixed MDIO Bus: probed
[    1.531380] CAN device driver interface
[    1.535911] bgmac_bcma: Broadcom 47xx GBit MAC driver loaded
[    1.542582] e1000e: Intel(R) PRO/1000 Network Driver - 3.2.6-k
[    1.548398] e1000e: Copyright(c) 1999 - 2015 Intel Corporation.
[    1.554372] igb: Intel(R) Gigabit Ethernet Network Driver - version 5.4.0-k
[    1.561314] igb: Copyright (c) 2007-2014 Intel Corporation.
[    1.567427] r8169 Gigabit Ethernet driver 2.3LK-NAPI loaded
[    1.573021] r8169 0000:01:00.0: enabling device (0140 -> 0143)
[    1.579635] r8169 0000:01:00.0 eth0: RTL8168d/8111d at 0xf08fc000, 00:01:c0:13:7d:63, XID 081000c0 IRQ 296
[    1.589292] r8169 0000:01:00.0 eth0: jumbo features [frames: 9200 bytes, tx checksumming: ko]
[    1.599911] pegasus: v0.9.3 (2013/04/25), Pegasus/Pegasus II USB Ethernet driver
[    1.607363] usbcore: registered new interface driver pegasus
[    1.613063] usbcore: registered new interface driver asix
[    1.618476] usbcore: registered new interface driver ax88179_178a
[    1.624600] usbcore: registered new interface driver cdc_ether
[    1.630456] usbcore: registered new interface driver smsc75xx
[    1.636255] usbcore: registered new interface driver smsc95xx
[    1.642030] usbcore: registered new interface driver net1080
[    1.647700] usbcore: registered new interface driver cdc_subset
[    1.653643] usbcore: registered new interface driver zaurus
[    1.659244] usbcore: registered new interface driver cdc_ncm
[    1.665163] tegra-phy c5004000.usb-phy: no vbus regulator
[    1.671630] tegra-phy c5008000.usb-phy: no vbus regulator
[    1.678321] ehci_hcd: USB 2.0 'Enhanced' Host Controller (EHCI) Driver
[    1.684851] ehci-pci: EHCI PCI platform driver
[    1.689317] ehci-platform: EHCI generic platform driver
[    1.694702] ehci-orion: EHCI orion driver
[    1.698799] SPEAr-ehci: EHCI SPEAr driver
[    1.702914] ehci-st: EHCI STMicroelectronics driver
[    1.707878] ehci-exynos: EHCI EXYNOS driver
[    1.712177] ehci-atmel: EHCI Atmel driver
[    1.716271] tegra-ehci: Tegra EHCI driver
[    1.773193] ulpi_phy_power_on: ulpi write failed
[    1.777801] tegra-ehci c5004000.usb: Failed to power on the phy
[    1.783734] tegra-ehci: probe of c5004000.usb failed with error -110
[    1.792704] tegra-ehci c5008000.usb: EHCI Host Controller
[    1.798106] tegra-ehci c5008000.usb: new USB bus registered, assigned bus number 1
[    1.805928] tegra-ehci c5008000.usb: irq 290, io mem 0xc5008000
[    1.832027] tegra-ehci c5008000.usb: USB 2.0 started, EHCI 1.00
[    1.838530] hub 1-0:1.0: USB hub found
[    1.842310] hub 1-0:1.0: 1 port detected
[    1.846528] ohci_hcd: USB 1.1 'Open' Host Controller (OHCI) Driver
[    1.852717] ohci-pci: OHCI PCI platform driver
[    1.857200] ohci-platform: OHCI generic platform driver
[    1.862579] ohci-omap3: OHCI OMAP3 driver
[    1.866679] SPEAr-ohci: OHCI SPEAr driver
[    1.870776] ohci-st: OHCI STMicroelectronics driver
[    1.875756] ohci-atmel: OHCI Atmel driver
[    1.880333] usbcore: registered new interface driver usb-storage
[    1.887510] mousedev: PS/2 mouse device common for all mice
[    1.894663] rtc-em3027 2-0056: rtc core: registered rtc-em3027 as rtc0
[    1.902364] tegra_rtc 7000e000.rtc: rtc core: registered 7000e000.rtc as rtc1
[    1.909512] tegra_rtc 7000e000.rtc: Tegra internal Real Time Clock
[    1.916109] i2c /dev entries driver
[    1.928883] sdhci: Secure Digital Host Controller Interface driver
[    1.935081] sdhci: Copyright(c) Pierre Ossman
[    1.940590] Synopsys Designware Multimedia Card Interface Driver
[    1.947427] sdhci-pltfm: SDHCI platform and OF driver helper
[    1.953913] mmc0: Invalid maximum block size, assuming 512 bytes
[    2.012009] mmc0: SDHCI controller on c8000000.sdhci [c8000000.sdhci] using ADMA
[    2.019490] sdhci-tegra c8000600.sdhci: Got CD GPIO
[    2.024385] sdhci-tegra c8000600.sdhci: Got WP GPIO
[    2.029414] mmc1: Invalid maximum block size, assuming 512 bytes
[    2.092082] mmc1: SDHCI controller on c8000600.sdhci [c8000600.sdhci] using ADMA
[    2.100835] ledtrig-cpu: registered to indicate activity on CPUs
[    2.107117] usbcore: registered new interface driver usbhid
[    2.112691] usbhid: USB HID core driver
[    2.119506] NET: Registered protocol family 10
[    2.124835] Segment Routing with IPv6
[    2.128530] sit: IPv6, IPv4 and MPLS over IPv4 tunneling driver
[    2.134939] NET: Registered protocol family 17
[    2.139375] can: controller area network core (rev 20120528 abi 9)
[    2.145609] NET: Registered protocol family 29
[    2.150040] can: raw protocol (rev 20120528)
[    2.154312] can: broadcast manager protocol (rev 20161123 t)
[    2.159960] can: netlink gateway (rev 20130117) max_hops=1
[    2.165752] Key type dns_resolver registered
[    2.170377] ThumbEE CPU extension supported.
[    2.174662] Registering SWP/SWPB emulation handler
[    2.187394] utmi_phy_clk_enable: timeout waiting for phy to stabilize
[    2.190563] mmc0: host does not support reading read-only switch, assuming write-enable
[    2.192391] mmc0: new high speed SDHC card at address b368
[    2.207349] tegra-ehci c5000000.usb: EHCI Host Controller
[    2.207487] mmcblk0: mmc0:b368 NCard 3.70 GiB 
[    2.214480]  mmcblk0: p1
[    2.219717] tegra-ehci c5000000.usb: new USB bus registered, assigned bus number 2
[    2.227602] tegra-ehci c5000000.usb: irq 288, io mem 0xc5000000
[    2.242018] usb 1-1: new high-speed USB device number 2 using tegra-ehci
[    2.272031] tegra-ehci c5000000.usb: USB 2.0 started, EHCI 1.00
[    2.278905] hub 2-0:1.0: USB hub found
[    2.282722] hub 2-0:1.0: 1 port detected
[    2.287930] input: gpio-keys as /devices/soc0/gpio-keys/input/input0
[    2.295008] rtc-em3027 2-0056: setting system clock to 2015-02-06 04:26:00 UTC (1423196760)
[    2.305365] EXT4-fs (mmcblk0p1): mounting ext3 file system using the ext4 subsystem
[    2.310994] mmc1: new high speed SD card at address b368
[    2.311498] mmcblk1: mmc1:b368 NCard 1.83 GiB (ro)
[    2.314231]  mmcblk1: p1 p2
[    2.407399] EXT4-fs (mmcblk0p1): recovery complete
[    2.412222] EXT4-fs (mmcblk0p1): mounted filesystem with ordered data mode. Opts: (null)
[    2.420336] VFS: Mounted root (ext3 filesystem) on device 179:1.
[    2.434737] devtmpfs: mounted
[    2.440178] Freeing unused kernel memory: 2048K
[    2.463411] hub 1-1:1.0: USB hub found
[    2.467345] hub 1-1:1.0: 4 ports detected
[    2.552205] random: fast init done
bash: cannot set terminal process group (-1): Inappropriate ioctl for device
bash: no job control in this shell
root@(none):/# [    2.802050] usb 1-1.2: new high-speed USB device number 3 using tegra-ehci
mount -t sysfs none /sys
root@(none):/# 
root@(none):/# mount -t debugfs none /sys/kernel/debug
root@(none):/# 
root@(none):/# rtcwake -d rtc1 -m mem -s 3
rtcwake: assuming RTC uses UTC ...
rtcwake: wakeup from "mem" using /dev/rtc1 at Thu Jan  1 00:00:23 1970
[    7.468819] PM: Syncing filesystems ... done.
[    7.514927] Freezing user space processes ... (elapsed 0.001 seconds) done.
[    7.523387] Freezing remaining freezable tasks ... (elapsed 0.001 seconds) done.
[    7.532416] Suspending console(s) (use no_console_suspend to debug)
[    7.579039] pci_generic_config_write32: 37 callbacks suppressed
[    7.579083] pci_bus 0000:00: 2-byte config write to 0000:00:01.0 offset 0x9c may corrupt adjacent RW1C bits
[    7.590646] PM: suspend of devices complete after 49.468 msecs
[    7.595778] PM: late suspend of devices complete after 5.101 msecs
[    7.600381] pci_bus 0000:01: 2-byte config write to 0000:01:00.0 offset 0x44 may corrupt adjacent RW1C bits
[    7.600436] pci_bus 0000:01: 2-byte config write to 0000:01:00.0 offset 0x44 may corrupt adjacent RW1C bits
[    7.622696] PM: noirq suspend of devices complete after 26.888 msecs
[    7.622707] Disabling non-boot CPUs ...
[    7.624500] CPU1: shutdown
[    7.656057] Entering suspend state LP1
[    7.656057] Suspended for 1.414 seconds
[    7.656099] Enabling non-boot CPUs ...
[    7.686334] CPU1 is up
[    7.687016] pci_bus 0000:00: 2-byte config write to 0000:00:01.0 offset 0x4c may corrupt adjacent RW1C bits
[    7.687060] pci_bus 0000:00: 2-byte config write to 0000:00:01.0 offset 0x88 may corrupt adjacent RW1C bits
[    7.687091] pci_bus 0000:00: 2-byte config write to 0000:00:01.0 offset 0x90 may corrupt adjacent RW1C bits
[    7.687118] pci_bus 0000:00: 2-byte config write to 0000:00:01.0 offset 0x98 may corrupt adjacent RW1C bits
[    7.687146] pci_bus 0000:00: 2-byte config write to 0000:00:01.0 offset 0x9c may corrupt adjacent RW1C bits
[    7.687224] pci_bus 0000:00: 2-byte config write to 0000:00:01.0 offset 0x52 may corrupt adjacent RW1C bits
[    7.687254] pci_bus 0000:00: 2-byte config write to 0000:00:01.0 offset 0x52 may corrupt adjacent RW1C bits
[    7.687325] pcieport 0000:00:01.0: nv_msi_ht_cap_quirk didn't locate host bridge
[    7.712270] PM: noirq resume of devices complete after 25.903 msecs
[    7.715936] PM: early resume of devices complete after 2.919 msecs
[    8.260128] PM: resume of devices complete after 544.159 msecs
[    8.431223] Restarting tasks ... done.
root@(none):/# 
root@(none):/# rtcwake -d rtc1 -m mem -s 3
rtcwake: assuming RTC uses UTC ...
rtcwake: wakeup from "mem" using /dev/rtc1 at Thu Jan  1 00:00:28 1970
[    9.287023] PM: Syncing filesystems ... done.
[    9.332167] Freezing user space processes ... (elapsed 0.001 seconds) done.
[    9.340600] Freezing remaining freezable tasks ... (elapsed 0.001 seconds) done.
[    9.349609] Suspending console(s) (use no_console_suspend to debug)
[    9.399515] PM: suspend of devices complete after 41.105 msecs
[    9.404439] PM: late suspend of devices complete after 4.893 msecs
[    9.432629] PM: noirq suspend of devices complete after 28.158 msecs
[    9.432640] Disabling non-boot CPUs ...
[    9.434549] CPU1: shutdown
[    9.495253] Entering suspend state LP1
[    9.495253] Suspended for 3.160 seconds
[    9.495295] Enabling non-boot CPUs ...
[    9.526272] CPU1 is up
[    9.527498] pcieport 0000:00:01.0: nv_msi_ht_cap_quirk didn't locate host bridge
[    9.552167] PM: noirq resume of devices complete after 25.863 msecs
[    9.555629] PM: early resume of devices complete after 2.911 msecs
[   10.100969] PM: resume of devices complete after 545.306 msecs
[   10.168973] Restarting tasks ... done.
root@(none):/# 
root@(none):/# rtcwake -d rtc1 -m mem -s 3
rtcwake: assuming RTC uses UTC ...
rtcwake: wakeup from "mem" using /dev/rtc1 at Thu Jan  1 00:00:33 1970
[   11.126901] PM: Syncing filesystems ... done.
[   11.172119] Freezing user space processes ... (elapsed 0.001 seconds) done.
[   11.180472] Freezing remaining freezable tasks ... (elapsed 0.001 seconds) done.
[   11.189346] Suspending console(s) (use no_console_suspend to debug)
[   11.239557] PM: suspend of devices complete after 42.143 msecs
[   11.244527] PM: late suspend of devices complete after 4.940 msecs
[   11.272521] PM: noirq suspend of devices complete after 27.963 msecs
[   11.272531] Disabling non-boot CPUs ...
[   11.274327] CPU1: shutdown
[   11.305227] Entering suspend state LP1
[   11.305227] Suspended for 3.189 seconds
[   11.305269] Enabling non-boot CPUs ...
[   11.336246] CPU1 is up
[   11.337050] pcieport 0000:00:01.0: nv_msi_ht_cap_quirk didn't locate host bridge
[   11.362078] PM: noirq resume of devices complete after 25.801 msecs
[   11.365527] PM: early resume of devices complete after 2.900 msecs
[   11.900974] PM: resume of devices complete after 535.414 msecs
[   11.968899] Restarting tasks ... done.
root@(none):/# 
root@(none):/# rtcwake -d rtc1 -m mem -s 3
rtcwake: assuming RTC uses UTC ...
rtcwake: wakeup from "mem" using /dev/rtc1 at Thu Jan  1 00:00:38 1970
[   12.936538] PM: Syncing filesystems ... done.
[   12.981588] Freezing user space processes ... (elapsed 0.001 seconds) done.
[   12.990107] Freezing remaining freezable tasks ... (elapsed 0.001 seconds) done.
[   12.999170] Suspending console(s) (use no_console_suspend to debug)
[   13.036953] pci_generic_config_write32: 65 callbacks suppressed
[   13.036996] pci_bus 0000:00: 2-byte config write to 0000:00:01.0 offset 0x9c may corrupt adjacent RW1C bits
[   13.049383] PM: suspend of devices complete after 41.451 msecs
[   13.054284] PM: late suspend of devices complete after 4.870 msecs
[   13.058770] pci_bus 0000:01: 2-byte config write to 0000:01:00.0 offset 0x44 may corrupt adjacent RW1C bits
[   13.058824] pci_bus 0000:01: 2-byte config write to 0000:01:00.0 offset 0x44 may corrupt adjacent RW1C bits
[   13.082407] PM: noirq suspend of devices complete after 28.093 msecs
[   13.082419] Disabling non-boot CPUs ...
[   13.084380] CPU1: shutdown
[   13.145222] Entering suspend state LP1
[   13.145222] Suspended for 3.159 seconds
[   13.145264] Enabling non-boot CPUs ...
[   13.176226] CPU1 is up
[   13.177372] pci_bus 0000:00: 2-byte config write to 0000:00:01.0 offset 0x4c may corrupt adjacent RW1C bits
[   13.177417] pci_bus 0000:00: 2-byte config write to 0000:00:01.0 offset 0x88 may corrupt adjacent RW1C bits
[   13.177445] pci_bus 0000:00: 2-byte config write to 0000:00:01.0 offset 0x90 may corrupt adjacent RW1C bits
[   13.177470] pci_bus 0000:00: 2-byte config write to 0000:00:01.0 offset 0x98 may corrupt adjacent RW1C bits
[   13.177495] pci_bus 0000:00: 2-byte config write to 0000:00:01.0 offset 0x9c may corrupt adjacent RW1C bits
[   13.177574] pci_bus 0000:00: 2-byte config write to 0000:00:01.0 offset 0x52 may corrupt adjacent RW1C bits
[   13.177605] pci_bus 0000:00: 2-byte config write to 0000:00:01.0 offset 0x52 may corrupt adjacent RW1C bits
[   13.177676] pcieport 0000:00:01.0: nv_msi_ht_cap_quirk didn't locate host bridge
[   13.202035] PM: noirq resume of devices complete after 25.776 msecs
[   13.205824] PM: early resume of devices complete after 3.038 msecs
[   13.756032] PM: resume of devices complete after 550.174 msecs
[   13.927018] Restarting tasks ... done.
root@(none):/# 
root@(none):/# rtcwake -d rtc1 -m mem -s 3
rtcwake: assuming RTC uses UTC ...
rtcwake: wakeup from "mem" using /dev/rtc1 at Thu Jan  1 00:00:43 1970
[   14.776639] PM: Syncing filesystems ... done.
[   14.821845] Freezing user space processes ... (elapsed 0.001 seconds) done.
[   14.830275] Freezing remaining freezable tasks ... (elapsed 0.001 seconds) done.
[   14.839381] Suspending console(s) (use no_console_suspend to debug)
[   14.888746] PM: suspend of devices complete after 40.569 msecs
[   14.893797] PM: late suspend of devices complete after 5.021 msecs
[   14.922342] PM: noirq suspend of devices complete after 28.514 msecs
[   14.922353] Disabling non-boot CPUs ...
[   14.924151] CPU1: shutdown
[   14.985124] Entering suspend state LP1
[   14.985124] Suspended for 3.160 seconds
[   14.985167] Enabling non-boot CPUs ...
[   15.016071] CPU1 is up
[   15.018600] pcieport 0000:00:01.0: nv_msi_ht_cap_quirk didn't locate host bridge
[   15.042003] PM: noirq resume of devices complete after 25.901 msecs
[   15.045784] PM: early resume of devices complete after 3.058 msecs
[   15.597209] PM: resume of devices complete after 551.393 msecs
[   15.665092] Restarting tasks ... done.
root@(none):/# 
root@(none):/# rtcwake -d rtc1 -m mem -s 3
rtcwake: assuming RTC uses UTC ...
rtcwake: wakeup from "mem" using /dev/rtc1 at Thu Jan  1 00:00:48 1970
[   16.616209] PM: Syncing filesystems ... done.
[   16.661255] Freezing user space processes ... (elapsed 0.001 seconds) done.
[   16.669614] Freezing remaining freezable tasks ... (elapsed 0.001 seconds) done.
[   16.678476] Suspending console(s) (use no_console_suspend to debug)
[   16.729273] PM: suspend of devices complete after 42.744 msecs
[   16.734431] PM: late suspend of devices complete after 5.126 msecs
[   16.762324] PM: noirq suspend of devices complete after 27.863 msecs
[   16.762334] Disabling non-boot CPUs ...
[   16.764157] CPU1: shutdown
[   16.825064] Entering suspend state LP1
[   16.825064] Suspended for 3.159 seconds
[   16.825106] Enabling non-boot CPUs ...
[   16.855968] CPU1 is up
[   16.857366] pcieport 0000:00:01.0: nv_msi_ht_cap_quirk didn't locate host bridge
[   16.881864] PM: noirq resume of devices complete after 25.863 msecs
[   16.885651] PM: early resume of devices complete after 3.046 msecs
[   17.429281] PM: resume of devices complete after 543.596 msecs
[   17.497179] Restarting tasks ... done.
root@(none):/# 
root@(none):/# rtcwake -d rtc1 -m m[   18.458675] random: crng init done
em -s 3
rtcwake: assuming RTC uses UTC ...
rtcwake: wakeup from "mem" using /dev/rtc1 at Thu Jan  1 00:00:53 1970
[   18.516182] PM: Syncing filesystems ... done.
[   18.561276] Freezing user space processes ... (elapsed 0.001 seconds) done.
[   18.569807] Freezing remaining freezable tasks ... (elapsed 0.001 seconds) done.
[   18.578875] Suspending console(s) (use no_console_suspend to debug)
[   18.617908] pci_generic_config_write32: 65 callbacks suppressed
[   18.617953] pci_bus 0000:00: 2-byte config write to 0000:00:01.0 offset 0x9c may corrupt adjacent RW1C bits
[   18.629624] PM: suspend of devices complete after 41.941 msecs
[   18.634905] PM: late suspend of devices complete after 5.251 msecs
[   18.639444] pci_bus 0000:01: 2-byte config write to 0000:01:00.0 offset 0x44 may corrupt adjacent RW1C bits
[   18.639502] pci_bus 0000:01: 2-byte config write to 0000:01:00.0 offset 0x44 may corrupt adjacent RW1C bits
[   18.662225] PM: noirq suspend of devices complete after 27.290 msecs
[   18.662235] Disabling non-boot CPUs ...
[   18.664019] CPU1: shutdown
[   18.724993] Entering suspend state LP1
[   18.724993] Suspended for 3.099 seconds
[   18.725035] Enabling non-boot CPUs ...
[   18.755902] CPU1 is up
[   18.757255] pci_bus 0000:00: 2-byte config write to 0000:00:01.0 offset 0x4c may corrupt adjacent RW1C bits
[   18.757300] pci_bus 0000:00: 2-byte config write to 0000:00:01.0 offset 0x88 may corrupt adjacent RW1C bits
[   18.757330] pci_bus 0000:00: 2-byte config write to 0000:00:01.0 offset 0x90 may corrupt adjacent RW1C bits
[   18.757355] pci_bus 0000:00: 2-byte config write to 0000:00:01.0 offset 0x98 may corrupt adjacent RW1C bits
[   18.757380] pci_bus 0000:00: 2-byte config write to 0000:00:01.0 offset 0x9c may corrupt adjacent RW1C bits
[   18.757458] pci_bus 0000:00: 2-byte config write to 0000:00:01.0 offset 0x52 may corrupt adjacent RW1C bits
[   18.757490] pci_bus 0000:00: 2-byte config write to 0000:00:01.0 offset 0x52 may corrupt adjacent RW1C bits
[   18.757562] pcieport 0000:00:01.0: nv_msi_ht_cap_quirk didn't locate host bridge
[   18.781773] PM: noirq resume of devices complete after 25.840 msecs
[   18.785483] PM: early resume of devices complete after 2.981 msecs
[   19.329471] PM: resume of devices complete after 543.957 msecs
[   19.500524] Restarting tasks ... done.
root@(none):/# 
root@(none):/# rtcwake -d rtc1 -m mem -s 3
rtcwake: assuming RTC uses UTC ...
rtcwake: wakeup from "mem" using /dev/rtc1 at Thu Jan  1 00:00:58 1970
[   20.356306] PM: Syncing filesystems ... done.
[   20.401368] Freezing user space processes ... (elapsed 0.001 seconds) done.
[   20.409895] Freezing remaining freezable tasks ... (elapsed 0.001 seconds) done.
[   20.418954] Suspending console(s) (use no_console_suspend to debug)
[   20.468945] PM: suspend of devices complete after 41.201 msecs
[   20.474172] PM: late suspend of devices complete after 5.196 msecs
[   20.502133] PM: noirq suspend of devices complete after 27.930 msecs
[   20.502145] Disabling non-boot CPUs ...
[   20.503926] CPU1: shutdown
[   20.564912] Entering suspend state LP1
[   20.564912] Suspended for 3.159 seconds
[   20.564954] Enabling non-boot CPUs ...
[   20.595791] CPU1 is up
[   20.596931] pcieport 0000:00:01.0: nv_msi_ht_cap_quirk didn't locate host bridge
[   20.621688] PM: noirq resume of devices complete after 25.863 msecs
[   20.625410] PM: early resume of devices complete after 2.988 msecs
[   21.168966] PM: resume of devices complete after 543.524 msecs
[   21.236933] Restarting tasks ... done.
root@(none):/# 
root@(none):/# rtcwake -d rtc1 -m mem -s 3
rtcwake: assuming RTC uses UTC ...
rtcwake: wakeup from "mem" using /dev/rtc1 at Thu Jan  1 00:01:03 1970
[   22.196089] PM: Syncing filesystems ... done.
[   22.241161] Freezing user space processes ... (elapsed 0.001 seconds) done.
[   22.249697] Freezing remaining freezable tasks ... (elapsed 0.001 seconds) done.
[   22.258765] Suspending console(s) (use no_console_suspend to debug)
[   22.309490] PM: suspend of devices complete after 41.931 msecs
[   22.314755] PM: late suspend of devices complete after 5.236 msecs
[   22.342009] PM: noirq suspend of devices complete after 27.223 msecs
[   22.342020] Disabling non-boot CPUs ...
[   22.343802] CPU1: shutdown
[   22.384762] Entering suspend state LP1
[   22.384762] Suspended for 3.180 seconds
[   22.384805] Enabling non-boot CPUs ...
[   22.415736] CPU1 is up
[   22.416904] pcieport 0000:00:01.0: nv_msi_ht_cap_quirk didn't locate host bridge
[   22.441601] PM: noirq resume of devices complete after 25.832 msecs
[   22.445307] PM: early resume of devices complete after 2.971 msecs
[   22.989609] PM: resume of devices complete after 544.268 msecs
[   23.057569] Restarting tasks ... done.
root@(none):/# 
root@(none):/# rtcwake -d rtc1 -m mem -s 3
rtcwake: assuming RTC uses UTC ...
rtcwake: wakeup from "mem" using /dev/rtc1 at Thu Jan  1 00:01:08 1970
[   24.015900] PM: Syncing filesystems ... done.
[   24.060919] Freezing user space processes ... (elapsed 0.001 seconds) done.
[   24.069276] Freezing remaining freezable tasks ... (elapsed 0.001 seconds) done.
[   24.078140] Suspending console(s) (use no_console_suspend to debug)
[   24.116769] pci_generic_config_write32: 65 callbacks suppressed
[   24.116812] pci_bus 0000:00: 2-byte config write to 0000:00:01.0 offset 0x9c may corrupt adjacent RW1C bits
[   24.129111] PM: suspend of devices complete after 42.902 msecs
[   24.134179] PM: late suspend of devices complete after 5.039 msecs
[   24.138708] pci_bus 0000:01: 2-byte config write to 0000:01:00.0 offset 0x44 may corrupt adjacent RW1C bits
[   24.138763] pci_bus 0000:01: 2-byte config write to 0000:01:00.0 offset 0x44 may corrupt adjacent RW1C bits
[   24.161950] PM: noirq suspend of devices complete after 27.741 msecs
[   24.161960] Disabling non-boot CPUs ...
[   24.163880] CPU1: shutdown
[   24.214678] Entering suspend state LP1
[   24.214678] Suspended for 3.170 seconds
[   24.214721] Enabling non-boot CPUs ...
[   24.245652] CPU1 is up
[   24.248076] pci_bus 0000:00: 2-byte config write to 0000:00:01.0 offset 0x4c may corrupt adjacent RW1C bits
[   24.248121] pci_bus 0000:00: 2-byte config write to 0000:00:01.0 offset 0x88 may corrupt adjacent RW1C bits
[   24.248175] pci_bus 0000:00: 2-byte config write to 0000:00:01.0 offset 0x90 may corrupt adjacent RW1C bits
[   24.248203] pci_bus 0000:00: 2-byte config write to 0000:00:01.0 offset 0x98 may corrupt adjacent RW1C bits
[   24.248228] pci_bus 0000:00: 2-byte config write to 0000:00:01.0 offset 0x9c may corrupt adjacent RW1C bits
[   24.248310] pci_bus 0000:00: 2-byte config write to 0000:00:01.0 offset 0x52 may corrupt adjacent RW1C bits
[   24.248339] pci_bus 0000:00: 2-byte config write to 0000:00:01.0 offset 0x52 may corrupt adjacent RW1C bits
[   24.248412] pcieport 0000:00:01.0: nv_msi_ht_cap_quirk didn't locate host bridge
[   24.271513] PM: noirq resume of devices complete after 25.829 msecs
[   24.274999] PM: early resume of devices complete after 2.941 msecs
[   24.809125] PM: resume of devices complete after 534.096 msecs
[   24.980155] Restarting tasks ... done.
root@(none):/# 
root@(none):/# NVTB SYSTEM SUSPEND TEST COMPLETE
