
U-Boot SPL 2014.01-00219-gc4d376f (Feb 18 2014 - 19:57:32)


U-Boot 2014.01-00219-gc4d376f (Feb 18 2014 - 19:57:32)

TEGRA114
Board: NVIDIA Dalmore
I2C:   ready
DRAM:  2 GiB
MMC:   Tegra SD/MMC: 0, Tegra SD/MMC: 1
In:    serial
Out:   serial
Err:   serial
Net:   Net Initialization Skipped
No ethernet found.
Hit any key to stop autoboot:  2  0 
Tegra114 (Dalmore) # 
Tegra114 (Dalmore) # usb reset
(Re)start USB...
USB0:   USB EHCI 1.10
scanning bus 0 for devices... 2 USB Device(s) found
       scanning usb for storage devices... 0 Storage Device(s) found
       scanning usb for ethernet devices... 
Warning: asx0 using MAC address from net device
1 Ethernet Device(s) found
Tegra114 (Dalmore) # setenv bootargs 'ignore_loglevel console=ttyS0,115200n8 rw root=/dev/mmcblk0p1 rootwait gpt debug init=/bin/bash'
Tegra114 (Dalmore) # setenv ipaddr 192.168.100.100; setenv serverip 192.168.100.1; setenv tftpserverip 192.168.100.1
Tegra114 (Dalmore) # tftpboot 0x81000000 zImage.multi_v7_defconfig
Using asx0 device
TFTP from server 192.168.100.1; our IP address is 192.168.100.100
Filename 'zImage.multi_v7_defconfig'.
Load address: 0x81000000
Loading: *#################################################################
	 #################################################################
	 #################################################################
	 #################################################################
	 #################################################################
	 ###################################
	 2.9 MiB/s
done
Bytes transferred = 5281680 (509790 hex)
Tegra114 (Dalmore) # tftpboot 0x82000000 tegra114-dalmore.dtb
Using asx0 device
TFTP from server 192.168.100.1; our IP address is 192.168.100.100
Filename 'tegra114-dalmore.dtb'.
Load address: 0x82000000
Loading: *###
	 2.8 MiB/s
done
Bytes transferred = 34770 (87d2 hex)
Tegra114 (Dalmore) # bootz 0x81000000 - 0x82000000
Kernel image @ 0x81000000 [ 0x000000 - 0x509790 ]
## Flattened Device Tree blob at 82000000
   Booting using the fdt blob at 0x82000000
   Loading Device Tree to 8fff4000, end 8ffff7d1 ... OK

Starting kernel ...

[    0.000000] Booting Linux on physical CPU 0x0
[    0.000000] Linux version 3.18.0-rc3-104475-g0df1f24 (pwalmsley@tamien) (gcc version 4.7.3 20130328 (prerelease) (crosstool-NG linaro-1.13.1-4.7-2013.04-20130415 - Linaro GCC 2013.04) ) #1 SMP Sun Nov 2 15:34:21 PST 2014
[    0.000000] CPU: ARMv7 Processor [412fc0f2] revision 2 (ARMv7), cr=10c5387d
[    0.000000] CPU: PIPT / VIPT nonaliasing data cache, PIPT instruction cache
[    0.000000] Machine model: NVIDIA Tegra114 Dalmore evaluation board
[    0.000000] debug: ignoring loglevel setting.
[    0.000000] cma: Reserved 64 MiB at fb800000
[    0.000000] Memory policy: Data cache writealloc
[    0.000000] On node 0 totalpages: 524032
[    0.000000] free_area_init_node: node 0, pgdat c0d0b580, node_mem_map ee7f8000
[    0.000000]   DMA zone: 1520 pages used for memmap
[    0.000000]   DMA zone: 0 pages reserved
[    0.000000]   DMA zone: 194560 pages, LIFO batch:31
[    0.000000]   HighMem zone: 2574 pages used for memmap
[    0.000000]   HighMem zone: 329472 pages, LIFO batch:31
[    0.000000] PERCPU: Embedded 10 pages/cpu @ee7ab000 s8512 r8192 d24256 u40960
[    0.000000] pcpu-alloc: s8512 r8192 d24256 u40960 alloc=10*4096
[    0.000000] pcpu-alloc: [0] 0 [0] 1 [0] 2 [0] 3 
[    0.000000] Built 1 zonelists in Zone order, mobility grouping on.  Total pages: 522512
[    0.000000] Kernel command line: ignore_loglevel console=ttyS0,115200n8 rw root=/dev/mmcblk0p1 rootwait gpt debug init=/bin/bash
[    0.000000] PID hash table entries: 4096 (order: 2, 16384 bytes)
[    0.000000] Dentry cache hash table entries: 131072 (order: 7, 524288 bytes)
[    0.000000] Inode-cache hash table entries: 65536 (order: 6, 262144 bytes)
[    0.000000] Memory: 2001444K/2096128K available (6846K kernel code, 933K rwdata, 2780K rodata, 724K init, 308K bss, 94684K reserved, 1252352K highmem)
[    0.000000] Virtual kernel memory layout:
[    0.000000]     vector  : 0xffff0000 - 0xffff1000   (   4 kB)
[    0.000000]     fixmap  : 0xffc00000 - 0xffe00000   (2048 kB)
[    0.000000]     vmalloc : 0xf0000000 - 0xff000000   ( 240 MB)
[    0.000000]     lowmem  : 0xc0000000 - 0xef800000   ( 760 MB)
[    0.000000]     pkmap   : 0xbfe00000 - 0xc0000000   (   2 MB)
[    0.000000]     modules : 0xbf000000 - 0xbfe00000   (  14 MB)
[    0.000000]       .text : 0xc0208000 - 0xc0b6ebe8   (9627 kB)
[    0.000000]       .init : 0xc0b6f000 - 0xc0c24000   ( 724 kB)
[    0.000000]       .data : 0xc0c24000 - 0xc0d0d400   ( 933 kB)
[    0.000000]        .bss : 0xc0d0d400 - 0xc0d5a668   ( 309 kB)
[    0.000000] SLUB: HWalign=64, Order=0-3, MinObjects=0, CPUs=4, Nodes=1
[    0.000000] Hierarchical RCU implementation.
[    0.000000] 	RCU restricting CPUs from NR_CPUS=8 to nr_cpu_ids=4.
[    0.000000] RCU: Adjusting geometry for rcu_fanout_leaf=16, nr_cpu_ids=4
[    0.000000] NR_IRQS:16 nr_irqs:16 16
[    0.000000] L2C: failed to init: -19
[    0.000010] sched_clock: 32 bits at 1000kHz, resolution 1000ns, wraps every 2147483648000ns
[    0.000031] Switching to timer-based delay loop, resolution 1000ns
[    0.002555] Architected cp15 timer(s) running at 12.00MHz (virt).
[    0.002579] sched_clock: 56 bits at 12MHz, resolution 83ns, wraps every 2863311536128ns
[    0.002592] Switching to timer-based delay loop, resolution 83ns
[    0.002921] Console: colour dummy device 80x30
[    0.002945] Calibrating delay loop (skipped), value calculated using timer frequency.. 24.00 BogoMIPS (lpj=60000)
[    0.002961] pid_max: default: 32768 minimum: 301
[    0.003091] Mount-cache hash table entries: 2048 (order: 1, 8192 bytes)
[    0.003104] Mountpoint-cache hash table entries: 2048 (order: 1, 8192 bytes)
[    0.003645] CPU: Testing write buffer coherency: ok
[    0.003846] /cpus/cpu@0 missing clock-frequency property
[    0.003870] /cpus/cpu@1 missing clock-frequency property
[    0.003895] /cpus/cpu@2 missing clock-frequency property
[    0.003920] /cpus/cpu@3 missing clock-frequency property
[    0.003931] CPU0: thread -1, cpu 0, socket 0, mpidr 80000000
[    0.003980] Setting up static identity map for 0x80877a10 - 0x80877aa8
[    0.005835] Tegra Revision: A01 SKU: 0 CPU Process: 1 Core Process: 0
[    0.006904] CPU1: Booted secondary processor
[    0.006931] CPU1: thread -1, cpu 1, socket 0, mpidr 80000001
[    0.007441] CPU2: Booted secondary processor
[    0.007466] CPU2: thread -1, cpu 2, socket 0, mpidr 80000002
[    0.007976] CPU3: Booted secondary processor
[    0.008000] CPU3: thread -1, cpu 3, socket 0, mpidr 80000003
[    0.008065] Brought up 4 CPUs
[    0.008093] SMP: Total of 4 processors activated.
[    0.008101] CPU: All CPU(s) started in SVC mode.
[    0.008650] devtmpfs: initialized
[    0.014424] VFP support v0.3: implementor 41 architecture 4 part 30 variant f rev 0
[    0.016297] pinctrl core: initialized pinctrl subsystem
[    0.016755] regulator-dummy: no parameters
[    0.027484] NET: Registered protocol family 16
[    0.029545] DMA: preallocated 256 KiB pool for atomic coherent allocations
[    0.042458] cpuidle: using governor ladder
[    0.057473] cpuidle: using governor menu
[    0.070203] No ATAGs?
[    0.070239] hw-breakpoint: found 5 (+1 reserved) breakpoint and 4 watchpoint registers.
[    0.070250] hw-breakpoint: maximum watchpoint size is 8 bytes.
[    0.070411] EXYNOS: PMU not supported
[    0.072947] Serial: AMBA PL011 UART driver
[    0.100828] edma-dma-engine edma-dma-engine.0: Can't allocate PaRAM dummy slot
[    0.100852] edma-dma-engine: probe of edma-dma-engine.0 failed with error -22
[    0.101451] vdd_ac_bat: 5000 mV 
[    0.101699] dvdd_ts: Failed to request enable GPIO61: -517
[    0.101809] reg-fixed-voltage regulators:regulator@1: Failed to register regulator: -517
[    0.101833] platform regulators:regulator@1: Driver reg-fixed-voltage requests probe deferral
[    0.102009] usb1_vbus: Failed to request enable GPIO108: -517
[    0.102105] reg-fixed-voltage regulators:regulator@3: Failed to register regulator: -517
[    0.102127] platform regulators:regulator@3: Driver reg-fixed-voltage requests probe deferral
[    0.102300] usb2_vbus: Failed to request enable GPIO86: -517
[    0.102392] reg-fixed-voltage regulators:regulator@4: Failed to register regulator: -517
[    0.102413] platform regulators:regulator@4: Driver reg-fixed-voltage requests probe deferral
[    0.102601] vdd_hdmi_5v0: 5000 mV 
[    0.102644] reg-fixed-voltage regulators:regulator@5: Failed to find supply vin
[    0.102746] reg-fixed-voltage regulators:regulator@5: Failed to register regulator: -517
[    0.102767] platform regulators:regulator@5: Driver reg-fixed-voltage requests probe deferral
[    0.102840] platform regulators:regulator@6: Driver reg-fixed-voltage requests probe deferral
[    0.103011] VDD_5V0_HDMI_CON: Failed to request enable GPIO81: -517
[    0.103101] reg-fixed-voltage regulators:regulator@7: Failed to register regulator: -517
[    0.103122] platform regulators:regulator@7: Driver reg-fixed-voltage requests probe deferral
[    0.105303] vgaarb: loaded
[    0.105993] SCSI subsystem initialized
[    0.106175] libata version 3.00 loaded.
[    0.106508] usbcore: registered new interface driver usbfs
[    0.106578] usbcore: registered new interface driver hub
[    0.106655] usbcore: registered new device driver usb
[    0.109924] vdd-cpu: 500 <--> 1520 mV at 1100 mV 
[    0.110331] tps65090 2-0048: No cache defaults, reading back from HW
[    0.112384] vdd-sys-5v0: at 5000 mV 
[    0.112441] vdd-sys-5v0: supplied by vdd_ac_bat
[    0.113503] vdd-sys-3v3: at 3300 mV 
[    0.113558] vdd-sys-3v3: supplied by vdd_ac_bat
[    0.114577] vdd-ao: no parameters
[    0.114622] vdd-ao: supplied by vdd_ac_bat
[    0.114971] vdd-lcd-bl: no parameters
[    0.115013] vdd-lcd-bl: supplied by vdd_ac_bat
[    0.115351] TPS65090_RAILSFET2: no parameters
[    0.115393] TPS65090_RAILSFET2: supplied by vdd_ac_bat
[    0.115739] vdd-modem-3v3: no parameters
[    0.115778] vdd-modem-3v3: supplied by vdd-sys-3v3
[    0.116283] avdd-lcd: no parameters
[    0.116322] avdd-lcd: supplied by vdd-sys-3v3
[    0.116820] vdd-lvds: no parameters
[    0.116858] vdd-lvds: supplied by vdd-sys-3v3
[    0.117678] vdd-sd-slot: no parameters
[    0.117720] vdd-sd-slot: supplied by vdd-sys-3v3
[    0.118227] vdd-com-3v3: no parameters
[    0.118272] vdd-com-3v3: supplied by vdd-sys-3v3
[    0.118765] vdd-sby-5v0: at 5000 mV 
[    0.118808] vdd-sby-5v0: supplied by vdd_ac_bat
[    0.118989] vdd-sby-3v3: at 3300 mV 
[    0.119031] vdd-sby-3v3: supplied by vdd_ac_bat
[    0.119448] genirq: Setting trigger mode 8 for irq 118 failed (gic_set_type+0x0/0x98)
[    0.119779] palmas 2-0058: Irq flag is 0x00000000
[    0.122310] palmas 2-0058: Muxing GPIO ff, PWM 0, LED 0
[    0.125396] vddio-ddr: 1350 mV 
[    0.125616] vddio-ddr: supplied by vdd-ao
[    0.127017] vddio-1v8: 1800 mV 
[    0.127236] vddio-1v8: supplied by vdd-ao
[    0.128799] vdd-core: 900 <--> 1400 mV at 1100 mV 
[    0.129023] vdd-core: supplied by vdd-sys-3v3
[    0.130126] SMPS6: no parameters
[    0.131533] avdd-pll: 1050 mV 
[    0.131746] avdd-pll: supplied by vdd-sys-3v3
[    0.133719] sdhci-vdd-sd-slot: ramp_delay not set
[    0.133894] sdhci-vdd-sd-slot: 2800 mV 
[    0.134108] sdhci-vdd-sd-slot: supplied by vdd-sys-3v3
[    0.134750] SMPS10_OUT2: at 5000 mV 
[    0.135268] SMPS10_OUT1: at 5000 mV 
[    0.135772] avdd-cam1: 2800 mV 
[    0.135981] avdd-cam1: supplied by vdd-sys-3v3
[    0.136900] avdd-cam2: 2800 mV 
[    0.137111] avdd-cam2: supplied by vdd-sys-3v3
[    0.138027] avdd-dsi-csi: 1200 mV 
[    0.138237] avdd-dsi-csi: supplied by vddio-1v8
[    0.139171] vpp-fuse: 1800 mV 
[    0.139387] vpp-fuse: supplied by vdd-sys-3v3
[    0.140296] LDO5: no parameters
[    0.140511] LDO5: supplied by vdd_ac_bat
[    0.141574] vdd-sensor-2v85: 2850 mV 
[    0.141784] vdd-sensor-2v85: supplied by vdd-sys-3v3
[    0.142732] vdd-af-cam1: 2800 mV 
[    0.142944] vdd-af-cam1: supplied by vdd-sys-3v3
[    0.147664] vdd-rtc: 900 mV 
[    0.147877] vdd-rtc: supplied by vdd-ao
[    0.152834] vddio-sdmmc-2: 1800 <--> 3300 mV at 3300 mV 
[    0.153046] vddio-sdmmc-2: supplied by sdhci-vdd-sd-slot
[    0.153977] hvdd-usb: 3300 mV 
[    0.154189] hvdd-usb: supplied by vdd-sys-5v0
[    0.157691] avdd-usb: 3300 mV 
[    0.157908] avdd-usb: supplied by vdd-sys-5v0
[    0.158838] rail-3v3: no parameters
[    0.159426] rail-5v0: no parameters
[    0.159861] REGEN3: no parameters
[    0.160016] SYSEN1: no parameters
[    0.160168] SYSEN2: no parameters
[    0.161003] Linux video capture interface: v2.00
[    0.161065] pps_core: LinuxPPS API ver. 1 registered
[    0.161073] pps_core: Software ver. 5.3.6 - Copyright 2005-2007 Rodolfo Giometti <giometti@linux.it>
[    0.161104] PTP clock support registered
[    0.161339] EDAC MC: Ver: 3.0.0
[    0.162071] platform 70019010.iommu: Driver tegra-smmu requests probe deferral
[    0.162312] Advanced Linux Sound Architecture Driver Initialized.
[    0.163391] Switched to clocksource arch_sys_counter
[    0.173550] NET: Registered protocol family 2
[    0.174131] TCP established hash table entries: 8192 (order: 3, 32768 bytes)
[    0.174221] TCP bind hash table entries: 8192 (order: 4, 65536 bytes)
[    0.174407] TCP: Hash tables configured (established 8192 bind 8192)
[    0.174453] TCP: reno registered
[    0.174467] UDP hash table entries: 512 (order: 2, 16384 bytes)
[    0.174509] UDP-Lite hash table entries: 512 (order: 2, 16384 bytes)
[    0.174690] NET: Registered protocol family 1
[    0.174954] RPC: Registered named UNIX socket transport module.
[    0.174964] RPC: Registered udp transport module.
[    0.174972] RPC: Registered tcp transport module.
[    0.174980] RPC: Registered tcp NFSv4.1 backchannel transport module.
[    0.175003] PCI: CLS 0 bytes, default 64
[    0.177268] futex hash table entries: 1024 (order: 4, 65536 bytes)
[    0.189892] squashfs: version 4.0 (2009/01/31) Phillip Lougher
[    0.190717] NFS: Registering the id_resolver key type
[    0.190755] Key type id_resolver registered
[    0.190764] Key type id_legacy registered
[    0.190828] msgmni has been set to 1463
[    0.191264] bounce: pool size: 64 pages
[    0.191480] Block layer SCSI generic (bsg) driver version 0.4 loaded (major 249)
[    0.191496] io scheduler noop registered
[    0.191510] io scheduler deadline registered
[    0.191719] io scheduler cfq registered (default)
[    0.211667] tegra-apbdma 6000a000.dma: Tegra20 APB DMA driver register 32 channels
[    0.279693] Serial: 8250/16550 driver, 4 ports, IRQ sharing disabled
[    0.281623] Serial: IMX driver
[    0.282131] msm_serial: driver initialized
[    0.283038] console [ttyS0] disabled
[    0.283079] of_serial 70006300.serial: ttyS0 at MMIO 0x70006300 (irq = 122, base_baud = 25500000) is a Tegra
[    1.410636] console [ttyS0] enabled
[    1.414860] STMicroelectronics ASC driver initialized
[    1.420791] serial: Freescale lpuart driver
[    1.425201] [drm] Initialized drm 1.1.0 20060810
[    1.432243] platform 54300000.dsi: Driver tegra-dsi requests probe deferral
[    1.439609] tegra-hdmi 54280000.hdmi: failed to get HDMI regulator
[    1.445808] platform 54280000.hdmi: Driver tegra-hdmi requests probe deferral
[    1.459381] loop: module loaded
[    1.467541] m25p80 spi32766.0: w25q32dw (4096 Kbytes)
[    1.474479] CAN device driver interface
[    1.479343] igb: Intel(R) Gigabit Ethernet Network Driver - version 5.2.15-k
[    1.486391] igb: Copyright (c) 2007-2014 Intel Corporation.
[    1.493689] pegasus: v0.9.3 (2013/04/25), Pegasus/Pegasus II USB Ethernet driver
[    1.501139] usbcore: registered new interface driver pegasus
[    1.506879] usbcore: registered new interface driver asix
[    1.512345] usbcore: registered new interface driver ax88179_178a
[    1.518499] usbcore: registered new interface driver cdc_ether
[    1.524418] usbcore: registered new interface driver smsc75xx
[    1.530244] usbcore: registered new interface driver smsc95xx
[    1.536052] usbcore: registered new interface driver net1080
[    1.541771] usbcore: registered new interface driver cdc_subset
[    1.547748] usbcore: registered new interface driver zaurus
[    1.553433] usbcore: registered new interface driver cdc_ncm
[    1.559439] ehci_hcd: USB 2.0 'Enhanced' Host Controller (EHCI) Driver
[    1.565977] ehci-pci: EHCI PCI platform driver
[    1.570483] ehci-platform: EHCI generic platform driver
[    1.575894] ehci-omap: OMAP-EHCI Host Controller driver
[    1.581265] ehci-orion: EHCI orion driver
[    1.585420] SPEAr-ehci: EHCI SPEAr driver
[    1.589576] tegra-ehci: Tegra EHCI driver
[    1.593814] platform 7d008000.usb: Driver tegra-ehci requests probe deferral
[    1.600946] ohci_hcd: USB 1.1 'Open' Host Controller (OHCI) Driver
[    1.607148] ohci-pci: OHCI PCI platform driver
[    1.611656] ohci-platform: OHCI generic platform driver
[    1.617027] ohci-omap3: OHCI OMAP3 driver
[    1.621182] SPEAr-ohci: OHCI SPEAr driver
[    1.625744] usbcore: registered new interface driver usb-storage
[    1.631988] platform 7d008000.usb-phy: Driver tegra-phy requests probe deferral
[    1.640765] mousedev: PS/2 mouse device common for all mice
[    1.650954] palmas-rtc 7000d000.i2c:tps65913@58:rtc: rtc core: registered 7000d000.i2c:tps659 as rtc0
[    1.661961] tegra_rtc 7000e000.rtc: rtc core: registered 7000e000.rtc as rtc1
[    1.669119] tegra_rtc 7000e000.rtc: Tegra internal Real Time Clock
[    1.675842] i2c /dev entries driver
[    1.681246] usbcore: registered new interface driver uvcvideo
[    1.686999] USB Video Class driver (1.1.1)
[    1.691107] gspca_main: v2.14.0 registered
[    1.695887] sbs-battery 0-000b: sbs_probe: Failed to get device status
[    1.702433] sbs-battery: probe of 0-000b failed with error -121
[    1.715876] sdhci: Secure Digital Host Controller Interface driver
[    1.722061] sdhci: Copyright(c) Pierre Ossman
[    1.727395] Synopsys Designware Multimedia Card Interface Driver
[    1.734239] sdhci-pltfm: SDHCI platform and OF driver helper
[    1.740563] sdhci-tegra 78000400.sdhci: Got CD GPIO
[    1.745467] sdhci-tegra 78000400.sdhci: Got WP GPIO
[    1.751491] sdhci-tegra 78000400.sdhci: No vmmc regulator found
[    1.757422] sdhci-tegra 78000400.sdhci: No vqmmc regulator found
[    1.763432] mmc0: Invalid maximum block size, assuming 512 bytes
[    1.803540] mmc0: SDHCI controller on 78000400.sdhci [78000400.sdhci] using ADMA
[    1.811151] sdhci-tegra 78000600.sdhci: No vmmc regulator found
[    1.817084] sdhci-tegra 78000600.sdhci: No vqmmc regulator found
[    1.823093] mmc1: Invalid maximum block size, assuming 512 bytes
[    1.863410] mmc1: SDHCI controller on 78000600.sdhci [78000600.sdhci] using ADMA
[    1.875786] ledtrig-cpu: registered to indicate activity on CPUs
[    1.882045] usbcore: registered new interface driver usbhid
[    1.887631] usbhid: USB HID core driver
[    1.947371] mmc1: BKOPS_EN bit is not set
[    1.954350] mmc1: new high speed MMC card at address 0001
[    1.960122] mmcblk0: mmc1:0001 SEM32G 29.1 GiB 
[    1.964775] mmcblk0boot0: mmc1:0001 SEM32G partition 1 4.00 MiB
[    1.970808] mmcblk0boot1: mmc1:0001 SEM32G partition 2 4.00 MiB
[    1.976839] mmcblk0rpmb: mmc1:0001 SEM32G partition 3 4.00 MiB
[    1.985180]  mmcblk0: p1 p2 p3 p4 p5 p6 p7 p8
[    2.320917] tegra30-i2s 70080400.i2s: DMA channels sourced from device 70080000.ahub
[    2.337532] tegra-snd-rt5640 sound: rt5640-aif1 <-> 70080400.i2s mapping ok
[    2.348159] input: NVIDIA Tegra Dalmore Headphones as /devices/soc0/sound/sound/card0/input0
[    2.358003] TCP: cubic registered
[    2.361347] NET: Registered protocol family 17
[    2.365819] can: controller area network core (rev 20120528 abi 9)
[    2.372065] NET: Registered protocol family 29
[    2.376526] can: raw protocol (rev 20120528)
[    2.380809] can: broadcast manager protocol (rev 20120528 t)
[    2.386486] can: netlink gateway (rev 20130117) max_hops=1
[    2.392373] Key type dns_resolver registered
[    2.397232] ThumbEE CPU extension supported.
[    2.401530] Registering SWP/SWPB emulation handler
[    2.407536] dvdd_ts: 1800 mV 
[    2.410892] usb1_vbus: 5000 mV 
[    2.414085] usb1_vbus: supplied by vdd-sys-5v0
[    2.419299] usb2_vbus: 5000 mV 
[    2.422492] usb2_vbus: supplied by vdd-sys-5v0
[    2.427660] vdd_hdmi_5v0: 5000 mV 
[    2.431172] vdd_hdmi_5v0: supplied by vdd-sys-5v0
[    2.437082] vdd_cam_1v8_reg: 1800 mV 
[    2.441227] VDD_5V0_HDMI_CON: 5000 mV 
[    2.445088] VDD_5V0_HDMI_CON: supplied by vdd-sys-5v0
[    2.453864] [drm] Supports vblank timestamp caching Rev 2 (21.10.2013).
[    2.460527] [drm] No driver support for vblank timestamp query.
[    2.518226] Console: switching to colour frame buffer device 240x75
[    2.545711] host1x drm: fb0:  frame buffer device
[    2.550466] host1x drm: registered panic notifier
[    2.568532] [drm] Initialized tegra 0.0.0 20120330 on minor 0
[    2.575066] platform 7d008000.usb: Driver tegra-ehci requests probe deferral
[    2.583725] tegra-ehci 7d008000.usb: EHCI Host Controller
[    2.589156] tegra-ehci 7d008000.usb: new USB bus registered, assigned bus number 1
[    2.597160] tegra-ehci 7d008000.usb: irq 129, io mem 0x7d008000
[    2.608515] tegra-ehci 7d008000.usb: USB 2.0 started, EHCI 1.10
[    2.615501] hub 1-0:1.0: USB hub found
[    2.619347] hub 1-0:1.0: 1 port detected
[    2.624963] input: gpio-keys as /devices/soc0/gpio-keys/input/input1
[    2.632672] palmas-rtc 7000d000.i2c:tps65913@58:rtc: setting system clock to 2000-04-09 18:50:35 UTC (955306235)
[    2.653927] vdd_cam_1v8_reg: disabling
[    2.658048] vdd_hdmi_5v0: disabling
[    2.661578] usb1_vbus: disabling
[    2.664868] dvdd_ts: disabling
[    2.670499] ALSA device list:
[    2.673521]   #0: NVIDIA Tegra Dalmore
[    2.678610] EXT4-fs (mmcblk0p1): mounting ext3 file system using the ext4 subsystem
[    2.709139] EXT4-fs (mmcblk0p1): recovery complete
[    2.713967] EXT4-fs (mmcblk0p1): mounted filesystem with ordered data mode. Opts: (null)
[    2.722088] VFS: Mounted root (ext3 filesystem) on device 179:1.
[    2.732446] devtmpfs: mounted
[    2.736092] Freeing unused kernel memory: 724K (c0b6f000 - c0c24000)
bash: cannot set terminal process group (-1): Inappropriate ioctl for device
bash: no job control in this shell
root@(none):/# [    2.933595] usb 1-1: new high-speed USB device number 2 using tegra-ehci
