Diff for ./tegra30-beaver/tegra30-beaver/tegra_defconfig_log.txt
--- /tmp/fooa	2013-12-07 00:35:58.563698629 -0800
+++ /tmp/foob	2013-12-07 00:35:58.563698629 -0800
@@ -22,8 +22,8 @@
 Sending: 
 
 Transfer complete
-yzModem - CRC mode, 4(SOH)/4041(STX)/0(CAN) packets, 3 retries
-## Total Size      = 0x003f24a8 = 4138152 Bytes
+xyzModem - CRC mode, 6(SOH)/4041(STX)/0(CAN) packets, 3 retries
+## Total Size      = 0x003f25c0 = 4138432 Bytes
 Tegra30 (Beaver) # loady 0x82000000
 ## Ready for binary (ymodem) download to 0x82000000 at 230400 bps...
 CSending: tegra30-beaver.dtb
@@ -40,7 +40,7 @@
 Starting kernel .ø†ø†æ€˜€æ€˜€fæžÎžæžøÎxÎøÎžøž~8˜†žøžf†ø†ø†8xþžøžf†8àÎžþž`Îžøž~8~€žf8æÎxžfžø†æ€˜€[    0.000000] Booting Linux on physical CPU 0x0
 Initializing cgroup subsys cpu
 Initializing cgroup subsys cpuacct
-Linux version 3.13.0-rc2-36036-gdc1ccc4 (pwalmsley@tamien) (gcc version 4.6.3 (Ubuntu/Linaro 4.6.3-1ubuntu5) ) #1 SMP PREEMPT Fri Nov 29 13:35:01 PST 2013
+Linux version 3.13.0-rc3-36363-g374b105 (pwalmsley@tamien) (gcc version 4.6.3 (Ubuntu/Linaro 4.6.3-1ubuntu5) ) #1 SMP PREEMPT Sat Dec 7 00:29:27 PST 2013
 CPU: ARMv7 Processor [412fc099] revision 9 (ARMv7), cr=10c5387d
 CPU: PIPT / VIPT nonaliasing data cache, VIPT aliasing instruction cache
 Machine model: NVIDIA Tegra30 Beaver evaluation board
@@ -75,7 +75,7 @@
     lowmem  : 0xc0000000 - 0xef800000   ( 760 MB)
     pkmap   : 0xbfe00000 - 0xc0000000   (   2 MB)
     modules : 0xbf000000 - 0xbfe00000   (  14 MB)
-      .text : 0xc0008000 - 0xc075dd88   (7512 kB)
+      .text : 0xc0008000 - 0xc075dd8c   (7512 kB)
       .init : 0xc075e000 - 0xc079b380   ( 245 kB)
       .data : 0xc079c000 - 0xc07e89e0   ( 307 kB)
        .bss : 0xc07e89ec - 0xc083f730   ( 348 kB)
@@ -90,7 +90,7 @@
 Initializing cgroup subsys freezer
 CPU: Testing write buffer coherency: ok
 CPU0: thread -1, cpu 0, socket 0, mpidr 80000000
-Setting up static identity map for 0x8055cb58 - 0x8055cbf0
+Setting up static identity map for 0x8055ce30 - 0x8055cec8
 CPU1: Booted secondary processor
 CPU1: thread -1, cpu 1, socket 0, mpidr 80000001
 CPU2: Booted secondary processor
@@ -336,16 +336,16 @@
  
 INIT: version 2.88 booting
 Using makefile-style concurrent boot in runlevel S.
-Starting the hotplug events dispatcher: udevd[    4.147277] udevd[178]: starting version 175
+Starting the hotplug events dispatcher: udevd[    4.155819] udevd[178]: starting version 175
 [ ok .
 Synthesizing the initial hotplug events...[ ok done.
 Waiting for /dev to be fully populated...[ ok done.
 Activating swap...[ ok done.
 Cleaning up temporary files... /tmp[ ok .
-random: nonblocking pool is initialized
 Activating lvm and md swap...[ ok done.
 Checking file systems...fsck from util-linux 2.20.1
 [ ok done.
+random: nonblocking pool is initialized
 Mounting local filesystems...[ ok done.
 Activating swapfile swap...[ ok done.
 Cleaning up temporary files...[ ok .
@@ -360,8 +360,8 @@
 Using makefile-style concurrent boot in runlevel 2.
 Starting network benchmark server[FAIL failed!
 Starting rpcbind daemon...[....] Already running.[ ok .
-Starting NFS common utilities: statd idmapd[FAIL failed!
 Starting system message bus: dbus[ ok .
+Starting NFS common utilities: statd idmapd[FAIL failed!
 startpar: service(s) returned failure: nfs-common ...[FAIL failed!
 
 Debian GNU/Linux wheezy/sid armel ttyS0
Diff for ./tegra30-beaver/tegra30-beaver/multi_v7_defconfig_log.txt
--- /tmp/fooa	2013-12-07 00:35:58.571698707 -0800
+++ /tmp/foob	2013-12-07 00:35:58.575698693 -0800
@@ -22,8 +22,8 @@
 Sending: 
 
 Transfer complete
-yzModem - CRC mode, 3(SOH)/3545(STX)/0(CAN) packets, 3 retries
-## Total Size      = 0x00376460 = 3630176 Bytes
+odem - CRC mode, 3(SOH)/3563(STX)/0(CAN) packets, 3 retries
+## Total Size      = 0x0037ac68 = 3648616 Bytes
 Tegra30 (Beaver) # loady 0x82000000
 ## Ready for binary (ymodem) download to 0x82000000 at 230400 bps...
 CSending: tegra30-beaver.dtb
@@ -40,14 +40,14 @@
 Starting kernel ...
 
 Booting Linux on physical CPU 0x0
-Linux version 3.13.0-rc2-36036-gdc1ccc4 (pwalmsley@kaivo) (gcc version 4.6.3 (Ubuntu/Linaro 4.6.3-1ubuntu5) ) #1 SMP Fri Nov 29 13:32:34 PST 2013
+Linux version 3.13.0-rc3-36363-g374b105 (pwalmsley@kaivo) (gcc version 4.6.3 (Ubuntu/Linaro 4.6.3-1ubuntu5) ) #1 SMP Sat Dec 7 00:28:19 PST 2013
 CPU: ARMv7 Processor [412fc099] revision 9 (ARMv7), cr=10c5387d
 CPU: PIPT / VIPT nonaliasing data cache, VIPT aliasing instruction cache
 Machine model: NVIDIA Tegra30 Beaver evaluation board
 debug: ignoring loglevel setting.
 Memory policy: Data cache writealloc
 On node 0 totalpages: 524032
-free_area_init_node: node 0, pgdat c0748140, node_mem_map c0791000
+free_area_init_node: node 0, pgdat c0752600, node_mem_map c079b000
   DMA zone: 1520 pages used for memmap
   DMA zone: 0 pages reserved
   DMA zone: 194560 pages, LIFO batch:31
@@ -58,7 +58,7 @@
 Tegra Revision: A03 SKU: 128 CPU Process: 4 Core Process: 0
 L310 cache controller enabled
 l2x0: 8 ways, CACHE_ID 0x410000c7, AUX_CTRL 0x7e480001, Cache size: 1024 kB
-PERCPU: Embedded 5 pages/cpu @c17a4000 s6976 r0 d13504 u32768
+PERCPU: Embedded 5 pages/cpu @c17ae000 s6976 r0 d13504 u32768
 pcpu-alloc: s6976 r0 d13504 u32768 alloc=8*4096
 pcpu-alloc: [0] 0 [0] 1 [0] 2 [0] 3 
 Built 1 zonelists in Zone order, mobility grouping on.  Total pages: 522512
@@ -66,28 +66,28 @@
 PID hash table entries: 4096 (order: 2, 16384 bytes)
 Dentry cache hash table entries: 131072 (order: 7, 524288 bytes)
 Inode-cache hash table entries: 65536 (order: 6, 262144 bytes)
-Memory: 2071000K/2096128K available (4951K kernel code, 587K rwdata, 1408K rodata, 474K init, 284K bss, 25128K reserved, 1317888K highmem)
+Memory: 2070960K/2096128K available (4975K kernel code, 589K rwdata, 1420K rodata, 474K init, 284K bss, 25168K reserved, 1317888K highmem)
 Virtual kernel memory layout:
     vector  : 0xffff0000 - 0xffff1000   (   4 kB)
     fixmap  : 0xfff00000 - 0xfffe0000   ( 896 kB)
     vmalloc : 0xf0000000 - 0xff000000   ( 240 MB)
     lowmem  : 0xc0000000 - 0xef800000   ( 760 MB)
     pkmap   : 0xbfe00000 - 0xc0000000   (   2 MB)
-      .text : 0xc0008000 - 0xc063dee4   (6360 kB)
-      .init : 0xc063e000 - 0xc06b4b40   ( 475 kB)
-      .data : 0xc06b6000 - 0xc0748f40   ( 588 kB)
-       .bss : 0xc0748f48 - 0xc079024c   ( 285 kB)
+      .text : 0xc0008000 - 0xc06471f8   (6397 kB)
+      .init : 0xc0648000 - 0xc06beb40   ( 475 kB)
+      .data : 0xc06c0000 - 0xc0753400   ( 589 kB)
+       .bss : 0xc0753408 - 0xc079a70c   ( 285 kB)
 SLUB: HWalign=64, Order=0-3, MinObjects=0, CPUs=4, Nodes=1
 Hierarchical RCU implementation.
 NR_IRQS:16 nr_irqs:16 16
 sched_clock: 32 bits at 1000kHz, resolution 1000ns, wraps every 2147483648000ns
 Console: colour dummy device 80x30
-Calibrating delay loop... 1397.55 BogoMIPS (lpj=6987776)
+Calibrating delay loop... 2793.47 BogoMIPS (lpj=13967360)
 pid_max: default: 32768 minimum: 301
 Mount-cache hash table entries: 512
 CPU: Testing write buffer coherency: ok
 CPU0: thread -1, cpu 0, socket 0, mpidr 80000000
-Setting up static identity map for 0x804affa8 - 0x804b0040
+Setting up static identity map for 0x804b6098 - 0x804b6130
 unable to find compatible sirf rstc node in dtb
 CPU1: Booted secondary processor
 CPU1: thread -1, cpu 1, socket 0, mpidr 80000001
@@ -222,7 +222,7 @@
 platform 7.regulator: Driver reg-fixed-voltage requests probe deferral
 tegra-hdmi 54280000.hdmi: failed to get VDD regulator
 platform 54280000.hdmi: Driver tegra-hdmi requests probe deferral
-tegra_rtc 7000e000.rtc: setting system clock to 1970-01-01 00:03:09 UTC (189)
+tegra_rtc 7000e000.rtc: setting system clock to 1970-01-01 00:03:10 UTC (190)
 Waiting for root device /dev/mmcblk0p1...
 mmc1: new high speed MMC card at address 0001
 isa bounce pool size: 16 pages
@@ -248,11 +248,11 @@
 EXT4-fs (mmcblk0p1): mounted filesystem with ordered data mode. Opts: (null)
 VFS: Mounted root (ext3 filesystem) on device 179:1.
 devtmpfs: mounted
-Freeing unused kernel memory: 472K (c063e000 - c06b4000)
+Freeing unused kernel memory: 472K (c0648000 - c06be000)
  
 INIT: version 2.88 booting
 Using makefile-style concurrent boot in runlevel S.
-Starting the hotplug events dispatcher: udevd[    2.086899] udevd[158]: starting version 175
+Starting the hotplug events dispatcher: udevd[    2.146396] udevd[158]: starting version 175
 [ ok .
 Synthesizing the initial hotplug events...[ ok done.
 Waiting for /dev to be fully populated...[ ok done.
@@ -266,10 +266,11 @@
 Activating swapfile swap...[ ok done.
 Cleaning up temporary files...[ ok .
 Setting kernel variables ...[ ok done.
-random: nonblocking pool is initialized
+random: dd urandom read with 121 bits of entropy available
 Configuring network interfaces...[ ok done.
 Starting rpcbind daemon...[ ok .
-Starting NFS common utilities: statd idmapd[ ok .
+Starting NFS common utilities: statd idmapd[    5.311048] random: nonblocking pool is initialized
+[ ok .
 Cleaning up temporary files...[ ok .
 Starting network benchmark server[ ok .
 INIT: Entering runlevel: 2
Diff for ./tegra114-dalmore-headless/tegra114-dalmore/tegra_defconfig_log.txt
--- /tmp/fooa	2013-12-07 00:35:58.579698672 -0800
+++ /tmp/foob	2013-12-07 00:35:58.583698652 -0800
@@ -11,7 +11,7 @@
 Err:   serial
 Net:   Net Initialization Skipped
 No ethernet found.
-Hit any key to stop autoboot:  2  1  0 
+Hit any key to stop autoboot:  2  0 
 Dalmore #
 Dalmore #usb reset
 (Re)start USB...
@@ -28,9 +28,9 @@
 TFTP from server 192.168.100.1; our IP address is 192.168.100.100
 Filename 'zImage.tegra_defconfig'.
 Load address: 0x81000000
-Loading: *#################################################  2.9 MiB/s
+Loading: *#################################################  2.8 MiB/s
 done
-Bytes transferred = 4138152 (3f24a8 hex)
+Bytes transferred = 4138432 (3f25c0 hex)
 Dalmore #tftpboot 0x82000000 tegra114-dalmore.dtb
 Using asx0 device
 TFTP from server 192.168.100.1; our IP address is 192.168.100.100
@@ -49,16 +49,16 @@
 Timer summary in microseconds:
        Mark    Elapsed  Stage
           0          0  awake
-  3,088,513  3,088,513  usb_start
-  7,091,739  4,003,226  eth_start
-  7,091,737         -2  tftp start
- 11,014,885  3,923,148  tftp done
- 13,103,830  2,088,945  start_kernel
+  2,149,997  2,149,997  usb_start
+  6,153,109  4,003,112  eth_start
+  6,153,107         -2  tftp start
+ 10,009,869  3,856,762  tftp done
+ 12,165,209  2,155,340  start_kernel
 Uncompressing Linux... done, booting the kernel.
 Booting Linux on physical CPU 0x0
 Initializing cgroup subsys cpu
 Initializing cgroup subsys cpuacct
-Linux version 3.13.0-rc2-36036-gdc1ccc4 (pwalmsley@tamien) (gcc version 4.6.3 (Ubuntu/Linaro 4.6.3-1ubuntu5) ) #1 SMP PREEMPT Fri Nov 29 13:35:01 PST 2013
+Linux version 3.13.0-rc3-36363-g374b105 (pwalmsley@tamien) (gcc version 4.6.3 (Ubuntu/Linaro 4.6.3-1ubuntu5) ) #1 SMP PREEMPT Sat Dec 7 00:29:27 PST 2013
 CPU: ARMv7 Processor [412fc0f2] revision 2 (ARMv7), cr=10c5387d
 CPU: PIPT / VIPT nonaliasing data cache, PIPT instruction cache
 Machine model: NVIDIA Tegra114 Dalmore evaluation board
@@ -89,7 +89,7 @@
     lowmem  : 0xc0000000 - 0xef800000   ( 760 MB)
     pkmap   : 0xbfe00000 - 0xc0000000   (   2 MB)
     modules : 0xbf000000 - 0xbfe00000   (  14 MB)
-      .text : 0xc0008000 - 0xc075dd88   (7512 kB)
+      .text : 0xc0008000 - 0xc075dd8c   (7512 kB)
       .init : 0xc075e000 - 0xc079b380   ( 245 kB)
       .data : 0xc079c000 - 0xc07e89e0   ( 307 kB)
        .bss : 0xc07e89ec - 0xc083f730   ( 348 kB)
@@ -111,7 +111,7 @@
 /cpus/cpu@2 missing clock-frequency property
 /cpus/cpu@3 missing clock-frequency property
 CPU0: thread -1, cpu 0, socket 0, mpidr 80000000
-Setting up static identity map for 0x8055cb58 - 0x8055cbf0
+Setting up static identity map for 0x8055ce30 - 0x8055cec8
 CPU1: Booted secondary processor
 CPU1: thread -1, cpu 1, socket 0, mpidr 80000001
 CPU2: Booted secondary processor
@@ -357,7 +357,7 @@
 hub 1-0:1.0: USB hub found
 hub 1-0:1.0: 1 port detected
 input: gpio-keys.2 as /devices/soc0/gpio-keys.2/input/input1
-palmas-rtc rtc.7: setting system clock to 2000-02-24 00:01:01 UTC (951350461)
+palmas-rtc rtc.7: setting system clock to 2000-03-02 10:55:13 UTC (951994513)
 ALSA device list:
   #0: NVIDIA Tegra Dalmore
 kjournald starting.  Commit interval 5 seconds
@@ -369,4 +369,4 @@
 Freeing unused kernel memory: 244K (c075e000 - c079b000)
 bash: cannot set terminal process group (-1): Inappropriate ioctl for device
 bash: no job control in this shell
-I have no name!@(none):/# [    2.860243] usb 1-1: new high-speed USB device number 2 using tegra-ehci
+I have no name!@(none):/# [    2.859894] usb 1-1: new high-speed USB device number 2 using tegra-ehci
Diff for ./tegra114-dalmore-headless/tegra114-dalmore/multi_v7_defconfig_log.txt
--- /tmp/fooa	2013-12-07 00:35:58.591698649 -0800
+++ /tmp/foob	2013-12-07 00:35:58.595698665 -0800
@@ -11,7 +11,7 @@
 Err:   serial
 Net:   Net Initialization Skipped
 No ethernet found.
-Hit any key to stop autoboot:  2  0 
+Hit any key to stop autoboot:  2  1  0 
 Dalmore #
 Dalmore #usb reset
 (Re)start USB...
@@ -28,15 +28,15 @@
 TFTP from server 192.168.100.1; our IP address is 192.168.100.100
 Filename 'zImage.multi_v7_defconfig'.
 Load address: 0x81000000
-Loading: *#################################################  2.9 MiB/s
+Loading: *#################################################  2.7 MiB/s
 done
-Bytes transferred = 3630176 (376460 hex)
+Bytes transferred = 3648616 (37ac68 hex)
 Dalmore #tftpboot 0x82000000 tegra114-dalmore.dtb
 Using asx0 device
 TFTP from server 192.168.100.1; our IP address is 192.168.100.100
 Filename 'tegra114-dalmore.dtb'.
 Load address: 0x82000000
-Loading: *#################################################  2.3 MiB/s
+Loading: *#################################################  2.6 MiB/s
 done
 Bytes transferred = 29436 (72fc hex)
 Dalmore #bootz 0x81000000 - 0x82000000
@@ -49,27 +49,27 @@
 Timer summary in microseconds:
        Mark    Elapsed  Stage
           0          0  awake
-  2,114,059  2,114,059  usb_start
-  6,117,485  4,003,426  eth_start
-  6,117,483         -2  tftp start
-  9,812,167  3,694,684  tftp done
- 11,129,757  1,317,590  start_kernel
+  3,063,397  3,063,397  usb_start
+  7,066,711  4,003,314  eth_start
+  7,066,709         -2  tftp start
+ 10,774,258  3,707,549  tftp done
+ 12,078,482  1,304,224  start_kernel
 Booting Linux on physical CPU 0x0
-Linux version 3.13.0-rc2-36036-gdc1ccc4 (pwalmsley@kaivo) (gcc version 4.6.3 (Ubuntu/Linaro 4.6.3-1ubuntu5) ) #1 SMP Fri Nov 29 13:32:34 PST 2013
+Linux version 3.13.0-rc3-36363-g374b105 (pwalmsley@kaivo) (gcc version 4.6.3 (Ubuntu/Linaro 4.6.3-1ubuntu5) ) #1 SMP Sat Dec 7 00:28:19 PST 2013
 CPU: ARMv7 Processor [412fc0f2] revision 2 (ARMv7), cr=10c5387d
 CPU: PIPT / VIPT nonaliasing data cache, PIPT instruction cache
 Machine model: NVIDIA Tegra114 Dalmore evaluation board
 debug: ignoring loglevel setting.
 Memory policy: Data cache writealloc
 On node 0 totalpages: 524032
-free_area_init_node: node 0, pgdat c0748140, node_mem_map c0791000
+free_area_init_node: node 0, pgdat c0752600, node_mem_map c079b000
   DMA zone: 1520 pages used for memmap
   DMA zone: 0 pages reserved
   DMA zone: 194560 pages, LIFO batch:31
   HighMem zone: 2574 pages used for memmap
   HighMem zone: 329472 pages, LIFO batch:31
 Tegra Revision: A01 SKU: 0 CPU Process: 1 Core Process: 1
-PERCPU: Embedded 5 pages/cpu @c17a9000 s6976 r0 d13504 u32768
+PERCPU: Embedded 5 pages/cpu @c17b3000 s6976 r0 d13504 u32768
 pcpu-alloc: s6976 r0 d13504 u32768 alloc=8*4096
 pcpu-alloc: [0] 0 [0] 1 [0] 2 [0] 3 
 Built 1 zonelists in Zone order, mobility grouping on.  Total pages: 522512
@@ -77,17 +77,17 @@
 PID hash table entries: 4096 (order: 2, 16384 bytes)
 Dentry cache hash table entries: 131072 (order: 7, 524288 bytes)
 Inode-cache hash table entries: 65536 (order: 6, 262144 bytes)
-Memory: 2070972K/2096128K available (4951K kernel code, 587K rwdata, 1408K rodata, 474K init, 284K bss, 25156K reserved, 1317888K highmem)
+Memory: 2070932K/2096128K available (4975K kernel code, 589K rwdata, 1420K rodata, 474K init, 284K bss, 25196K reserved, 1317888K highmem)
 Virtual kernel memory layout:
     vector  : 0xffff0000 - 0xffff1000   (   4 kB)
     fixmap  : 0xfff00000 - 0xfffe0000   ( 896 kB)
     vmalloc : 0xf0000000 - 0xff000000   ( 240 MB)
     lowmem  : 0xc0000000 - 0xef800000   ( 760 MB)
     pkmap   : 0xbfe00000 - 0xc0000000   (   2 MB)
-      .text : 0xc0008000 - 0xc063dee4   (6360 kB)
-      .init : 0xc063e000 - 0xc06b4b40   ( 475 kB)
-      .data : 0xc06b6000 - 0xc0748f40   ( 588 kB)
-       .bss : 0xc0748f48 - 0xc079024c   ( 285 kB)
+      .text : 0xc0008000 - 0xc06471f8   (6397 kB)
+      .init : 0xc0648000 - 0xc06beb40   ( 475 kB)
+      .data : 0xc06c0000 - 0xc0753400   ( 589 kB)
+       .bss : 0xc0753408 - 0xc079a70c   ( 285 kB)
 SLUB: HWalign=64, Order=0-3, MinObjects=0, CPUs=4, Nodes=1
 Hierarchical RCU implementation.
 NR_IRQS:16 nr_irqs:16 16
@@ -105,7 +105,7 @@
 /cpus/cpu@2 missing clock-frequency property
 /cpus/cpu@3 missing clock-frequency property
 CPU0: thread -1, cpu 0, socket 0, mpidr 80000000
-Setting up static identity map for 0x804affa8 - 0x804b0040
+Setting up static identity map for 0x804b6098 - 0x804b6130
 unable to find compatible sirf rstc node in dtb
 CPU1: Booted secondary processor
 CPU1: thread -1, cpu 1, socket 0, mpidr 80000001
@@ -259,13 +259,13 @@
 platform 5.regulator: Driver reg-fixed-voltage requests probe deferral
 platform 6.regulator: Driver reg-fixed-voltage requests probe deferral
 platform 7d008000.usb: Driver tegra-ehci requests probe deferral
-tegra_rtc 7000e000.rtc: setting system clock to 1970-01-01 00:00:13 UTC (13)
+tegra_rtc 7000e000.rtc: setting system clock to 1970-01-01 00:00:14 UTC (14)
 EXT4-fs (mmcblk0p1): mounting ext3 file system using the ext4 subsystem
 EXT4-fs (mmcblk0p1): recovery complete
 EXT4-fs (mmcblk0p1): mounted filesystem with ordered data mode. Opts: (null)
 VFS: Mounted root (ext3 filesystem) on device 179:1.
 devtmpfs: mounted
-Freeing unused kernel memory: 472K (c063e000 - c06b4000)
+Freeing unused kernel memory: 472K (c0648000 - c06be000)
 bash: cannot set terminal process group (-1): Inappropriate ioctl for device
 bash: no job control in this shell
 I have no name!@(none):/# 
\ No newline at end of file
