
U-Boot SPL 2014.01-00219-gc4d376f (Feb 18 2014 - 19:57:32)


U-Boot 2014.01-00219-gc4d376f (Feb 18 2014 - 19:57:32)

TEGRA114
Board: NVIDIA Dalmore
I2C:   ready
DRAM:  2 GiB
MMC:   Tegra SD/MMC: 0, Tegra SD/MMC: 1
In:    serial
Out:   serial
Err:   serial
Net:   Net Initialization Skipped
No ethernet found.
Hit any key to stop autoboot:  2  0 
Tegra114 (Dalmore) # 
Tegra114 (Dalmore) # usb reset
(Re)start USB...
USB0:   USB EHCI 1.10
scanning bus 0 for devices... 2 USB Device(s) found
       scanning usb for storage devices... 0 Storage Device(s) found
       scanning usb for ethernet devices... 
Warning: asx0 using MAC address from net device
1 Ethernet Device(s) found
Tegra114 (Dalmore) # setenv bootargs 'ignore_loglevel console=ttyS0,115200n8 rw root=/dev/mmcblk0p1 rootwait gpt debug init=/bin/bash'
Tegra114 (Dalmore) # setenv ipaddr 192.168.100.100; setenv serverip 192.168.100.1; setenv tftpserverip 192.168.100.1
Tegra114 (Dalmore) # tftpboot 0x81000000 zImage.multi_v7_defconfig
Using asx0 device
TFTP from server 192.168.100.1; our IP address is 192.168.100.100
Filename 'zImage.multi_v7_defconfig'.
Load address: 0x81000000
Loading: *#################################################################
	 #################################################################
	 #################################################################
	 #################################################################
	 #################################################################
	 ###########
	 3.1 MiB/s
done
Bytes transferred = 4917880 (4b0a78 hex)
Tegra114 (Dalmore) # tftpboot 0x82000000 tegra114-dalmore.dtb
Using asx0 device
TFTP from server 192.168.100.1; our IP address is 192.168.100.100
Filename 'tegra114-dalmore.dtb'.
Load address: 0x82000000
Loading: *###
	 3 MiB/s
done
Bytes transferred = 34244 (85c4 hex)
Tegra114 (Dalmore) # bootz 0x81000000 - 0x82000000
Kernel image @ 0x81000000 [ 0x000000 - 0x4b0a78 ]
## Flattened Device Tree blob at 82000000
   Booting using the fdt blob at 0x82000000
   Loading Device Tree to 8fff4000, end 8ffff5c3 ... OK

Starting kernel ...

[    0.000000] Booting Linux on physical CPU 0x0
[    0.000000] Linux version 3.16.0-rc1-78023-g7171511 (pwalmsley@kaivo) (gcc version 4.7.3 20130328 (prerelease) (crosstool-NG linaro-1.13.1-4.7-2013.04-20130415 - Linaro GCC 2013.04) ) #1 SMP Sun Jun 15 21:04:45 PDT 2014
[    0.000000] CPU: ARMv7 Processor [412fc0f2] revision 2 (ARMv7), cr=10c5387d
[    0.000000] CPU: PIPT / VIPT nonaliasing data cache, PIPT instruction cache
[    0.000000] Machine model: NVIDIA Tegra114 Dalmore evaluation board
[    0.000000] debug: ignoring loglevel setting.
[    0.000000] cma: CMA: reserved 64 MiB at ab800000
[    0.000000] Memory policy: Data cache writealloc
[    0.000000] On node 0 totalpages: 524032
[    0.000000] free_area_init_node: node 0, pgdat c0c38ac0, node_mem_map ea7d8000
[    0.000000]   DMA zone: 1520 pages used for memmap
[    0.000000]   DMA zone: 0 pages reserved
[    0.000000]   DMA zone: 194560 pages, LIFO batch:31
[    0.000000]   HighMem zone: 2574 pages used for memmap
[    0.000000]   HighMem zone: 329472 pages, LIFO batch:31
[    0.000000] Tegra Revision: A01 SKU: 0 CPU Process: 1 Core Process: 1
[    0.000000] PERCPU: Embedded 8 pages/cpu @ea793000 s8448 r8192 d16128 u32768
[    0.000000] pcpu-alloc: s8448 r8192 d16128 u32768 alloc=8*4096
[    0.000000] pcpu-alloc: [0] 0 [0] 1 [0] 2 [0] 3 
[    0.000000] Built 1 zonelists in Zone order, mobility grouping on.  Total pages: 522512
[    0.000000] Kernel command line: ignore_loglevel console=ttyS0,115200n8 rw root=/dev/mmcblk0p1 rootwait gpt debug init=/bin/bash
[    0.000000] PID hash table entries: 4096 (order: 2, 16384 bytes)
[    0.000000] Dentry cache hash table entries: 131072 (order: 7, 524288 bytes)
[    0.000000] Inode-cache hash table entries: 65536 (order: 6, 262144 bytes)
[    0.000000] Memory: 2002196K/2096128K available (6333K kernel code, 889K rwdata, 2556K rodata, 652K init, 304K bss, 93932K reserved, 1317888K highmem)
[    0.000000] Virtual kernel memory layout:
[    0.000000]     vector  : 0xffff0000 - 0xffff1000   (   4 kB)
[    0.000000]     fixmap  : 0xffc00000 - 0xffe00000   (2048 kB)
[    0.000000]     vmalloc : 0xf0000000 - 0xff000000   ( 240 MB)
[    0.000000]     lowmem  : 0xc0000000 - 0xef800000   ( 760 MB)
[    0.000000]     pkmap   : 0xbfe00000 - 0xc0000000   (   2 MB)
[    0.000000]     modules : 0xbf000000 - 0xbfe00000   (  14 MB)
[    0.000000]       .text : 0xc0208000 - 0xc0ab6808   (8891 kB)
[    0.000000]       .init : 0xc0ab7000 - 0xc0b5a100   ( 653 kB)
[    0.000000]       .data : 0xc0b5c000 - 0xc0c3a7c0   ( 890 kB)
[    0.000000]        .bss : 0xc0c3a7c8 - 0xc0c86858   ( 305 kB)
[    0.000000] SLUB: HWalign=64, Order=0-3, MinObjects=0, CPUs=4, Nodes=1
[    0.000000] Hierarchical RCU implementation.
[    0.000000] 	RCU restricting CPUs from NR_CPUS=8 to nr_cpu_ids=4.
[    0.000000] RCU: Adjusting geometry for rcu_fanout_leaf=16, nr_cpu_ids=4
[    0.000000] NR_IRQS:16 nr_irqs:16 16
[    0.000000] L2C: failed to init: -19
[    0.000008] sched_clock: 32 bits at 1000kHz, resolution 1000ns, wraps every 2147483648000ns
[    0.002041] Architected cp15 timer(s) running at 12.00MHz (virt).
[    0.002063] sched_clock: 56 bits at 12MHz, resolution 83ns, wraps every 2863311536128ns
[    0.002072] Switching to timer-based delay loop
[    0.002347] Console: colour dummy device 80x30
[    0.002370] Calibrating delay loop (skipped), value calculated using timer frequency.. 24.00 BogoMIPS (lpj=60000)
[    0.002385] pid_max: default: 32768 minimum: 301
[    0.002512] Mount-cache hash table entries: 2048 (order: 1, 8192 bytes)
[    0.002525] Mountpoint-cache hash table entries: 2048 (order: 1, 8192 bytes)
[    0.003062] CPU: Testing write buffer coherency: ok
[    0.003261] /cpus/cpu@0 missing clock-frequency property
[    0.003285] /cpus/cpu@1 missing clock-frequency property
[    0.003309] /cpus/cpu@2 missing clock-frequency property
[    0.003334] /cpus/cpu@3 missing clock-frequency property
[    0.003346] CPU0: thread -1, cpu 0, socket 0, mpidr 80000000
[    0.003392] Setting up static identity map for 0x807fb970 - 0x807fba08
[    0.005600] CPU1: Booted secondary processor
[    0.005626] CPU1: thread -1, cpu 1, socket 0, mpidr 80000001
[    0.006133] CPU2: Booted secondary processor
[    0.006158] CPU2: thread -1, cpu 2, socket 0, mpidr 80000002
[    0.006663] CPU3: Booted secondary processor
[    0.006687] CPU3: thread -1, cpu 3, socket 0, mpidr 80000003
[    0.006768] Brought up 4 CPUs
[    0.006797] SMP: Total of 4 processors activated.
[    0.006804] CPU: All CPU(s) started in SVC mode.
[    0.007373] devtmpfs: initialized
[    0.013093] VFP support v0.3: implementor 41 architecture 4 part 30 variant f rev 0
[    0.013517] pinctrl core: initialized pinctrl subsystem
[    0.013959] regulator-dummy: no parameters
[    0.025529] NET: Registered protocol family 16
[    0.027638] DMA: preallocated 256 KiB pool for atomic coherent allocations
[    0.029175] cpuidle: using governor ladder
[    0.029193] cpuidle: using governor menu
[    0.040968] No ATAGs?
[    0.041002] hw-breakpoint: found 5 (+1 reserved) breakpoint and 4 watchpoint registers.
[    0.041013] hw-breakpoint: maximum watchpoint size is 8 bytes.
[    0.041171] EXYNOS: PMU not supported
[    0.043401] Serial: AMBA PL011 UART driver
[    0.070014] edma-dma-engine edma-dma-engine.0: Can't allocate PaRAM dummy slot
[    0.070038] edma-dma-engine: probe of edma-dma-engine.0 failed with error -5
[    0.070595] vdd_ac_bat: 5000 mV 
[    0.070827] dvdd_ts: Failed to request enable GPIO61: -517
[    0.070928] reg-fixed-voltage regulators:regulator@1: Failed to register regulator: -517
[    0.070950] platform regulators:regulator@1: Driver reg-fixed-voltage requests probe deferral
[    0.071120] usb1_vbus: Failed to request enable GPIO108: -517
[    0.071211] reg-fixed-voltage regulators:regulator@3: Failed to register regulator: -517
[    0.071233] platform regulators:regulator@3: Driver reg-fixed-voltage requests probe deferral
[    0.071401] usb2_vbus: Failed to request enable GPIO86: -517
[    0.071489] reg-fixed-voltage regulators:regulator@4: Failed to register regulator: -517
[    0.071511] platform regulators:regulator@4: Driver reg-fixed-voltage requests probe deferral
[    0.071673] vdd_hdmi_5v0: 5000 mV 
[    0.071715] reg-fixed-voltage regulators:regulator@5: Failed to find supply vin
[    0.071816] reg-fixed-voltage regulators:regulator@5: Failed to register regulator: -517
[    0.071837] platform regulators:regulator@5: Driver reg-fixed-voltage requests probe deferral
[    0.071906] platform regulators:regulator@6: Driver reg-fixed-voltage requests probe deferral
[    0.072091] VDD_5V0_HDMI_CON: Failed to request enable GPIO81: -517
[    0.072183] reg-fixed-voltage regulators:regulator@7: Failed to register regulator: -517
[    0.072204] platform regulators:regulator@7: Driver reg-fixed-voltage requests probe deferral
[    0.074258] vgaarb: loaded
[    0.074909] SCSI subsystem initialized
[    0.075091] libata version 3.00 loaded.
[    0.075428] usbcore: registered new interface driver usbfs
[    0.075496] usbcore: registered new interface driver hub
[    0.075595] usbcore: registered new device driver usb
[    0.078751] vdd-cpu: 500 <--> 1520 mV at 1100 mV 
[    0.079141] tps65090 2-0048: No cache defaults, reading back from HW
[    0.081171] vdd-sys-5v0: no parameters
[    0.081225] vdd-sys-5v0: supplied by vdd_ac_bat
[    0.082287] vdd-sys-3v3: no parameters
[    0.082335] vdd-sys-3v3: supplied by vdd_ac_bat
[    0.083359] vdd-ao: no parameters
[    0.083403] vdd-ao: supplied by vdd_ac_bat
[    0.083753] vdd-lcd-bl: no parameters
[    0.083795] vdd-lcd-bl: supplied by vdd_ac_bat
[    0.084138] TPS65090_RAILSFET2: no parameters
[    0.084180] TPS65090_RAILSFET2: supplied by vdd_ac_bat
[    0.084523] vdd-modem-3v3: no parameters
[    0.084562] vdd-modem-3v3: supplied by vdd-sys-3v3
[    0.085071] avdd-lcd: no parameters
[    0.085110] avdd-lcd: supplied by vdd-sys-3v3
[    0.085615] vdd-lvds: no parameters
[    0.085656] vdd-lvds: supplied by vdd-sys-3v3
[    0.086464] vdd-sd-slot: no parameters
[    0.086505] vdd-sd-slot: supplied by vdd-sys-3v3
[    0.087028] vdd-com-3v3: no parameters
[    0.087067] vdd-com-3v3: supplied by vdd-sys-3v3
[    0.087566] vdd-sby-5v0: no parameters
[    0.087603] vdd-sby-5v0: supplied by vdd_ac_bat
[    0.087777] vdd-sby-3v3: no parameters
[    0.087813] vdd-sby-3v3: supplied by vdd_ac_bat
[    0.088209] genirq: Setting trigger mode 8 for irq 118 failed (gic_set_type+0x0/0x104)
[    0.088531] palmas 2-0058: Irq flag is 0x00000000
[    0.091081] palmas 2-0058: Muxing GPIO ff, PWM 0, LED 0
[    0.094165] vddio-ddr: 1350 mV 
[    0.094387] vddio-ddr: supplied by vdd-ao
[    0.095813] vddio-1v8: 1800 mV 
[    0.096037] vddio-1v8: supplied by vdd-ao
[    0.097649] vdd-core: 900 <--> 1400 mV at 1100 mV 
[    0.097866] vdd-core: supplied by vdd-sys-3v3
[    0.099004] SMPS6: no parameters
[    0.100420] avdd-pll: 1050 mV 
[    0.100636] avdd-pll: supplied by vdd-sys-3v3
[    0.102496] sdhci-vdd-sd-slot: 2800 mV 
[    0.102714] sdhci-vdd-sd-slot: supplied by vdd-sys-3v3
[    0.103372] SMPS10_OUT2: at 5000 mV 
[    0.103891] SMPS10_OUT1: at 5000 mV 
[    0.104415] avdd-cam1: 2800 mV 
[    0.104630] avdd-cam1: supplied by vdd-sys-3v3
[    0.105551] avdd-cam2: 2800 mV 
[    0.105760] avdd-cam2: supplied by vdd-sys-3v3
[    0.106672] avdd-dsi-csi: 1200 mV 
[    0.106880] avdd-dsi-csi: supplied by vddio-1v8
[    0.107814] vpp-fuse: 1800 mV 
[    0.108030] vpp-fuse: supplied by vdd-sys-3v3
[    0.108945] LDO5: no parameters
[    0.109158] LDO5: supplied by vdd_ac_bat
[    0.110082] vdd-sensor-2v85: 2850 mV 
[    0.110293] vdd-sensor-2v85: supplied by vdd-sys-3v3
[    0.111224] vdd-af-cam1: 2800 mV 
[    0.111438] vdd-af-cam1: supplied by vdd-sys-3v3
[    0.117086] vdd-rtc: 900 mV 
[    0.117299] vdd-rtc: supplied by vdd-ao
[    0.122257] vddio-sdmmc-2: 1800 <--> 3300 mV at 3300 mV 
[    0.122474] vddio-sdmmc-2: supplied by sdhci-vdd-sd-slot
[    0.123192] palmas-pmic 7000d000.i2c:tps65913@58:pmic: failed to register 7000d000.i2c:tps65913@58:pmic regulator
[    0.125747] palmas-pmic: probe of 7000d000.i2c:tps65913@58:pmic failed with error -1
[    0.126549] Linux video capture interface: v2.00
[    0.126603] pps_core: LinuxPPS API ver. 1 registered
[    0.126612] pps_core: Software ver. 5.3.6 - Copyright 2005-2007 Rodolfo Giometti <giometti@linux.it>
[    0.126642] PTP clock support registered
[    0.126727] EDAC MC: Ver: 3.0.0
[    0.127449] platform 70019010.iommu: Driver tegra-smmu requests probe deferral
[    0.127668] Advanced Linux Sound Architecture Driver Initialized.
[    0.128736] Switched to clocksource arch_sys_counter
[    0.138576] NET: Registered protocol family 2
[    0.139142] TCP established hash table entries: 8192 (order: 3, 32768 bytes)
[    0.139232] TCP bind hash table entries: 8192 (order: 4, 65536 bytes)
[    0.139418] TCP: Hash tables configured (established 8192 bind 8192)
[    0.139466] TCP: reno registered
[    0.139480] UDP hash table entries: 512 (order: 2, 16384 bytes)
[    0.139522] UDP-Lite hash table entries: 512 (order: 2, 16384 bytes)
[    0.139697] NET: Registered protocol family 1
[    0.139961] RPC: Registered named UNIX socket transport module.
[    0.139971] RPC: Registered udp transport module.
[    0.139979] RPC: Registered tcp transport module.
[    0.139987] RPC: Registered tcp NFSv4.1 backchannel transport module.
[    0.140007] PCI: CLS 0 bytes, default 64
[    0.142184] futex hash table entries: 1024 (order: 4, 65536 bytes)
[    0.154688] squashfs: version 4.0 (2009/01/31) Phillip Lougher
[    0.155450] NFS: Registering the id_resolver key type
[    0.155479] Key type id_resolver registered
[    0.155488] Key type id_legacy registered
[    0.155547] msgmni has been set to 1464
[    0.156015] bounce: pool size: 64 pages
[    0.156244] Block layer SCSI generic (bsg) driver version 0.4 loaded (major 249)
[    0.156264] io scheduler noop registered
[    0.156281] io scheduler deadline registered
[    0.156495] io scheduler cfq registered (default)
[    0.174760] tegra-apbdma 6000a000.dma: Tegra20 APB DMA driver register 32 channels
[    0.239687] Serial: 8250/16550 driver, 4 ports, IRQ sharing disabled
[    0.241562] Serial: IMX driver
[    0.241903] msm_serial: driver initialized
[    0.242793] console [ttyS0] disabled
[    0.242823] 70006300.serial: ttyS0 at MMIO 0x70006300 (irq = 122, base_baud = 25500000) is a Tegra
[    1.344334] console [ttyS0] enabled
[    1.348505] STMicroelectronics ASC driver initialized
[    1.354400] serial: Freescale lpuart driver
[    1.358787] [drm] Initialized drm 1.1.0 20060810
[    1.364082] tegra-dsi 54300000.dsi: cannot get VDD supply
[    1.369504] platform 54300000.dsi: Driver tegra-dsi requests probe deferral
[    1.376833] tegra-hdmi 54280000.hdmi: failed to get HDMI regulator
[    1.383033] platform 54280000.hdmi: Driver tegra-hdmi requests probe deferral
[    1.396314] loop: module loaded
[    1.404686] CAN device driver interface
[    1.410575] pegasus: v0.9.3 (2013/04/25), Pegasus/Pegasus II USB Ethernet driver
[    1.418030] usbcore: registered new interface driver pegasus
[    1.423783] usbcore: registered new interface driver asix
[    1.429238] usbcore: registered new interface driver ax88179_178a
[    1.435385] usbcore: registered new interface driver cdc_ether
[    1.441299] usbcore: registered new interface driver smsc75xx
[    1.447123] usbcore: registered new interface driver smsc95xx
[    1.452923] usbcore: registered new interface driver net1080
[    1.458638] usbcore: registered new interface driver cdc_subset
[    1.464610] usbcore: registered new interface driver zaurus
[    1.470273] usbcore: registered new interface driver cdc_ncm
[    1.475961] ehci_hcd: USB 2.0 'Enhanced' Host Controller (EHCI) Driver
[    1.482493] ehci-pci: EHCI PCI platform driver
[    1.486996] ehci-platform: EHCI generic platform driver
[    1.492398] ehci-omap: OMAP-EHCI Host Controller driver
[    1.497755] ehci-orion: EHCI orion driver
[    1.501905] SPEAr-ehci: EHCI SPEAr driver
[    1.506054] tegra-ehci: Tegra EHCI driver
[    1.510265] platform 7d008000.usb: Driver tegra-ehci requests probe deferral
[    1.517393] ohci_hcd: USB 1.1 'Open' Host Controller (OHCI) Driver
[    1.523591] ohci-pci: OHCI PCI platform driver
[    1.528094] ohci-platform: OHCI generic platform driver
[    1.533455] ohci-omap3: OHCI OMAP3 driver
[    1.537598] SPEAr-ohci: OHCI SPEAr driver
[    1.542378] usbcore: registered new interface driver usb-storage
[    1.548946] platform 7d008000.usb-phy: Driver tegra-phy requests probe deferral
[    1.557658] mousedev: PS/2 mouse device common for all mice
[    1.567461] palmas-rtc 7000d000.i2c:tps65913@58:rtc: rtc core: registered 7000d000.i2c:tps659 as rtc0
[    1.578343] tegra_rtc 7000e000.rtc: rtc core: registered 7000e000.rtc as rtc1
[    1.585501] tegra_rtc 7000e000.rtc: Tegra internal Real Time Clock
[    1.592206] i2c /dev entries driver
[    1.597253] usbcore: registered new interface driver uvcvideo
[    1.603005] USB Video Class driver (1.1.1)
[    1.607115] gspca_main: v2.14.0 registered
[    1.611911] sbs-battery 0-000b: sbs_probe: Failed to get device status
[    1.618458] sbs-battery: probe of 0-000b failed with error -121
[    1.624770] tps65090-charger tps65090-charger: Unable to get charger irq = -22
[    1.643920] tps65090-charger: probe of tps65090-charger failed with error -22
[    1.651713] i2c 0-004c: Driver lm90 requests probe deferral
[    1.659617] sdhci: Secure Digital Host Controller Interface driver
[    1.665801] sdhci: Copyright(c) Pierre Ossman
[    1.670922] Synopsys Designware Multimedia Card Interface Driver
[    1.677766] usbcore: registered new interface driver usbhid
[    1.683342] usbhid: USB HID core driver
[    2.105947] tegra30-i2s 70080400.i2s: DMA channels sourced from device 70080000.ahub
[    2.122566] tegra-snd-rt5640 sound: rt5640-aif1 <-> 70080400.i2s mapping ok
[    2.133103] input: NVIDIA Tegra Dalmore Headphones as /devices/soc0/sound/sound/card0/input0
[    2.142846] TCP: cubic registered
[    2.146188] NET: Registered protocol family 17
[    2.150657] can: controller area network core (rev 20120528 abi 9)
[    2.156904] NET: Registered protocol family 29
[    2.161363] can: raw protocol (rev 20120528)
[    2.165645] can: broadcast manager protocol (rev 20120528 t)
[    2.171321] can: netlink gateway (rev 20130117) max_hops=1
[    2.177199] Key type dns_resolver registered
[    2.182079] ThumbEE CPU extension supported.
[    2.186373] Registering SWP/SWPB emulation handler
[    2.192235] dvdd_ts: 1800 mV 
[    2.195579] usb1_vbus: 5000 mV 
[    2.198772] usb1_vbus: supplied by vdd-sys-5v0
[    2.203788] usb2_vbus: 5000 mV 
[    2.207001] usb2_vbus: supplied by vdd-sys-5v0
[    2.212163] vdd_hdmi_5v0: 5000 mV 
[    2.215684] vdd_hdmi_5v0: supplied by vdd-sys-5v0
[    2.221513] vdd_cam_1v8_reg: 1800 mV 
[    2.225549] VDD_5V0_HDMI_CON: 5000 mV 
[    2.229347] VDD_5V0_HDMI_CON: supplied by vdd-sys-5v0
[    2.235368] tegra-dsi 54300000.dsi: cannot get VDD supply
[    2.240793] platform 54300000.dsi: Driver tegra-dsi requests probe deferral
[    2.248475] tegra-hdmi 54280000.hdmi: failed to get PLL regulator
[    2.254635] platform 54280000.hdmi: Driver tegra-hdmi requests probe deferral
[    2.262711] platform 7d008000.usb: Driver tegra-ehci requests probe deferral
[    2.271043] i2c 0-004c: Driver lm90 requests probe deferral
[    2.277206] tegra-dsi 54300000.dsi: cannot get VDD supply
[    2.282674] platform 54300000.dsi: Driver tegra-dsi requests probe deferral
[    2.290617] tegra-hdmi 54280000.hdmi: failed to get PLL regulator
[    2.296844] platform 54280000.hdmi: Driver tegra-hdmi requests probe deferral
[    2.305086] tegra-ehci 7d008000.usb: EHCI Host Controller
[    2.310555] tegra-ehci 7d008000.usb: new USB bus registered, assigned bus number 1
[    2.318419] tegra-ehci 7d008000.usb: irq 129, io mem 0x7d008000
[    2.333894] tegra-ehci 7d008000.usb: USB 2.0 started, EHCI 1.10
[    2.340762] hub 1-0:1.0: USB hub found
[    2.344580] hub 1-0:1.0: 1 port detected
[    2.349183] i2c 0-004c: Driver lm90 requests probe deferral
[    2.355328] tegra-dsi 54300000.dsi: cannot get VDD supply
[    2.360789] platform 54300000.dsi: Driver tegra-dsi requests probe deferral
[    2.368653] tegra-hdmi 54280000.hdmi: failed to get PLL regulator
[    2.374863] platform 54280000.hdmi: Driver tegra-hdmi requests probe deferral
[    2.383272] input: gpio-keys as /devices/soc0/gpio-keys/input/input1
[    2.390297] i2c 0-004c: Driver lm90 requests probe deferral
[    2.396603] tegra-dsi 54300000.dsi: cannot get VDD supply
[    2.402103] platform 54300000.dsi: Driver tegra-dsi requests probe deferral
[    2.409092] palmas-rtc 7000d000.i2c:tps65913@58:rtc: setting system clock to 2000-01-14 05:28:27 UTC (947827707)
[    2.420811] VDD_5V0_HDMI_CON: disabling
[    2.424703] vdd_cam_1v8_reg: disabling
[    2.428844] vdd_hdmi_5v0: disabling
[    2.432336] usb1_vbus: disabling
[    2.435587] dvdd_ts: disabling
[    2.441299] ALSA device list:
[    2.444296]   #0: NVIDIA Tegra Dalmore
[    2.448804] tegra-hdmi 54280000.hdmi: failed to get PLL regulator
[    2.455062] platform 54280000.hdmi: Driver tegra-hdmi requests probe deferral
[    2.462460] Waiting for root device /dev/mmcblk0p1...
[    2.658930] usb 1-1: new high-speed USB device number 2 using tegra-ehci
[    3.126683] asix 1-1:1.0 eth0: register 'asix' at usb-7d008000.usb-1, ASIX AX88772 USB 2.0 Ethernet, 00:50:b6:0d:b5:16
[    3.137603] i2c 0-004c: Driver lm90 requests probe deferral
[    3.143719] tegra-dsi 54300000.dsi: cannot get VDD supply
[    3.149213] platform 54300000.dsi: Driver tegra-dsi requests probe deferral
[    3.157138] tegra-hdmi 54280000.hdmi: failed to get PLL regulator
[    3.163361] platform 54280000.hdmi: Driver tegra-hdmi requests probe deferral
